[2022-06-16T20:19:18.782+0000][8140][gc] Using Concurrent Mark Sweep
[2022-06-16T20:19:18.782+0000][8140][gc,heap,coops] Heap address: 0x00000000c0000000, size: 1024 MB, Compressed Oops mode: 32-bit
[2022-06-16T20:19:18.873+0000][8140][safepoint    ] Entering safepoint region: EnableBiasedLocking
[2022-06-16T20:19:18.873+0000][8140][safepoint    ] Leaving safepoint region
[2022-06-16T20:19:18.873+0000][8140][safepoint    ] Total time for which application threads were stopped: 0.0001705 seconds, Stopping threads took: 0.0000987 seconds
[2022-06-16T20:19:19.014+0000][8140][safepoint    ] Application time: 0.1390319 seconds
[2022-06-16T20:19:19.014+0000][8140][safepoint    ] Entering safepoint region: RevokeBias
[2022-06-16T20:19:19.014+0000][8140][safepoint    ] Leaving safepoint region
[2022-06-16T20:19:19.014+0000][8140][safepoint    ] Total time for which application threads were stopped: 0.0003189 seconds, Stopping threads took: 0.0000469 seconds
[2022-06-16T20:19:19.060+0000][8140][safepoint    ] Application time: 0.0405376 seconds
[2022-06-16T20:19:19.060+0000][8140][safepoint    ] Entering safepoint region: Deoptimize
[2022-06-16T20:19:19.060+0000][8140][safepoint    ] Leaving safepoint region
[2022-06-16T20:19:19.060+0000][8140][safepoint    ] Total time for which application threads were stopped: 0.0001019 seconds, Stopping threads took: 0.0000175 seconds
[2022-06-16T20:19:19.060+0000][8140][safepoint    ] Application time: 0.0003665 seconds
[2022-06-16T20:19:19.060+0000][8140][safepoint    ] Entering safepoint region: Deoptimize
[2022-06-16T20:19:19.060+0000][8140][safepoint    ] Leaving safepoint region
[2022-06-16T20:19:19.060+0000][8140][safepoint    ] Total time for which application threads were stopped: 0.0000660 seconds, Stopping threads took: 0.0000125 seconds
[2022-06-16T20:19:19.060+0000][8140][safepoint    ] Application time: 0.0050029 seconds
[2022-06-16T20:19:19.060+0000][8140][safepoint    ] Entering safepoint region: Deoptimize
[2022-06-16T20:19:19.060+0000][8140][safepoint    ] Leaving safepoint region
[2022-06-16T20:19:19.060+0000][8140][safepoint    ] Total time for which application threads were stopped: 0.0000756 seconds, Stopping threads took: 0.0000266 seconds
[2022-06-16T20:19:19.498+0000][8140][safepoint    ] Application time: 0.4278205 seconds
[2022-06-16T20:19:19.498+0000][8140][safepoint    ] Entering safepoint region: Deoptimize
[2022-06-16T20:19:19.498+0000][8140][safepoint    ] Leaving safepoint region
[2022-06-16T20:19:19.498+0000][8140][safepoint    ] Total time for which application threads were stopped: 0.0002151 seconds, Stopping threads took: 0.0000246 seconds
[2022-06-16T20:19:19.498+0000][8140][safepoint    ] Application time: 0.0007733 seconds
[2022-06-16T20:19:19.498+0000][8140][safepoint    ] Entering safepoint region: Deoptimize
[2022-06-16T20:19:19.498+0000][8140][safepoint    ] Leaving safepoint region
[2022-06-16T20:19:19.498+0000][8140][safepoint    ] Total time for which application threads were stopped: 0.0001188 seconds, Stopping threads took: 0.0000234 seconds
[2022-06-16T20:19:19.514+0000][8140][safepoint    ] Application time: 0.0216379 seconds
[2022-06-16T20:19:19.514+0000][8140][safepoint    ] Entering safepoint region: Deoptimize
[2022-06-16T20:19:19.514+0000][8140][safepoint    ] Leaving safepoint region
[2022-06-16T20:19:19.514+0000][8140][safepoint    ] Total time for which application threads were stopped: 0.0001454 seconds, Stopping threads took: 0.0000192 seconds
[2022-06-16T20:19:19.529+0000][8140][safepoint    ] Application time: 0.0197621 seconds
[2022-06-16T20:19:19.529+0000][8140][safepoint    ] Entering safepoint region: Deoptimize
[2022-06-16T20:19:19.529+0000][8140][safepoint    ] Leaving safepoint region
[2022-06-16T20:19:19.529+0000][8140][safepoint    ] Total time for which application threads were stopped: 0.0001488 seconds, Stopping threads took: 0.0000245 seconds
[2022-06-16T20:19:19.639+0000][8140][safepoint    ] Application time: 0.1099616 seconds
[2022-06-16T20:19:19.639+0000][8140][safepoint    ] Entering safepoint region: Deoptimize
[2022-06-16T20:19:19.639+0000][8140][safepoint    ] Leaving safepoint region
[2022-06-16T20:19:19.639+0000][8140][safepoint    ] Total time for which application threads were stopped: 0.0002735 seconds, Stopping threads took: 0.0001187 seconds
[2022-06-16T20:19:19.701+0000][8140][safepoint    ] Application time: 0.0523572 seconds
[2022-06-16T20:19:19.701+0000][8140][safepoint    ] Entering safepoint region: Deoptimize
[2022-06-16T20:19:19.701+0000][8140][safepoint    ] Leaving safepoint region
[2022-06-16T20:19:19.701+0000][8140][safepoint    ] Total time for which application threads were stopped: 0.0001844 seconds, Stopping threads took: 0.0000246 seconds
[2022-06-16T20:19:20.076+0000][8140][safepoint    ] Application time: 0.3788377 seconds
[2022-06-16T20:19:20.076+0000][8140][safepoint    ] Entering safepoint region: RevokeBias
[2022-06-16T20:19:20.076+0000][8140][safepoint    ] Leaving safepoint region
[2022-06-16T20:19:20.076+0000][8140][safepoint    ] Total time for which application threads were stopped: 0.0002908 seconds, Stopping threads took: 0.0001396 seconds
[2022-06-16T20:19:20.248+0000][8140][safepoint    ] Application time: 0.1709697 seconds
[2022-06-16T20:19:20.248+0000][8140][safepoint    ] Entering safepoint region: Deoptimize
[2022-06-16T20:19:20.248+0000][8140][safepoint    ] Leaving safepoint region
[2022-06-16T20:19:20.248+0000][8140][safepoint    ] Total time for which application threads were stopped: 0.0002612 seconds, Stopping threads took: 0.0000239 seconds
[2022-06-16T20:19:20.637+0000][8140][safepoint    ] Application time: 0.3833206 seconds
[2022-06-16T20:19:20.637+0000][8140][safepoint    ] Entering safepoint region: Deoptimize
[2022-06-16T20:19:20.637+0000][8140][safepoint    ] Leaving safepoint region
[2022-06-16T20:19:20.637+0000][8140][safepoint    ] Total time for which application threads were stopped: 0.0003399 seconds, Stopping threads took: 0.0000194 seconds
[2022-06-16T20:19:20.715+0000][8140][safepoint    ] Application time: 0.0765678 seconds
[2022-06-16T20:19:20.715+0000][8140][safepoint    ] Entering safepoint region: CollectForMetadataAllocation
[2022-06-16T20:19:20.715+0000][8140][safepoint    ] Leaving safepoint region
[2022-06-16T20:19:20.715+0000][8140][safepoint    ] Total time for which application threads were stopped: 0.0001200 seconds, Stopping threads took: 0.0000211 seconds
[2022-06-16T20:19:20.731+0000][8140][safepoint    ] Application time: 0.0126781 seconds
[2022-06-16T20:19:20.731+0000][8140][safepoint    ] Entering safepoint region: CollectForMetadataAllocation
[2022-06-16T20:19:20.731+0000][8140][safepoint    ] Leaving safepoint region
[2022-06-16T20:19:20.731+0000][8140][safepoint    ] Total time for which application threads were stopped: 0.0001691 seconds, Stopping threads took: 0.0000240 seconds
[2022-06-16T20:19:20.747+0000][8140][safepoint    ] Application time: 0.0234136 seconds
[2022-06-16T20:19:20.747+0000][8140][safepoint    ] Entering safepoint region: CollectForMetadataAllocation
[2022-06-16T20:19:20.747+0000][8140][safepoint    ] Leaving safepoint region
[2022-06-16T20:19:20.747+0000][8140][safepoint    ] Total time for which application threads were stopped: 0.0001621 seconds, Stopping threads took: 0.0000217 seconds
[2022-06-16T20:19:20.778+0000][8140][safepoint    ] Application time: 0.0204460 seconds
[2022-06-16T20:19:20.778+0000][8140][safepoint    ] Entering safepoint region: CollectForMetadataAllocation
[2022-06-16T20:19:20.778+0000][8140][safepoint    ] Leaving safepoint region
[2022-06-16T20:19:20.778+0000][8140][safepoint    ] Total time for which application threads were stopped: 0.0001713 seconds, Stopping threads took: 0.0000243 seconds
[2022-06-16T20:19:20.856+0000][8140][safepoint    ] Application time: 0.0763279 seconds
[2022-06-16T20:19:20.856+0000][8140][safepoint    ] Entering safepoint region: CMS_Initial_Mark
[2022-06-16T20:19:20.856+0000][8140][gc,start     ] GC(0) Pause Initial Mark
[2022-06-16T20:19:20.872+0000][8140][gc           ] GC(0) Pause Initial Mark 72M->72M(1007M) 21.922ms
[2022-06-16T20:19:20.872+0000][8140][gc,cpu       ] GC(0) User=0.02s Sys=0.00s Real=0.02s
[2022-06-16T20:19:20.872+0000][8140][safepoint    ] Leaving safepoint region
[2022-06-16T20:19:20.872+0000][8140][safepoint    ] Total time for which application threads were stopped: 0.0231539 seconds, Stopping threads took: 0.0010358 seconds
[2022-06-16T20:19:20.872+0000][8140][gc           ] GC(0) Concurrent Mark
[2022-06-16T20:19:20.872+0000][8140][gc           ] GC(0) Concurrent Mark 3.724ms
[2022-06-16T20:19:20.872+0000][8140][gc,cpu       ] GC(0) User=0.00s Sys=0.00s Real=0.00s
[2022-06-16T20:19:20.872+0000][8140][gc           ] GC(0) Concurrent Preclean
[2022-06-16T20:19:20.872+0000][8140][gc           ] GC(0) Concurrent Preclean 1.999ms
[2022-06-16T20:19:20.872+0000][8140][gc,cpu       ] GC(0) User=0.00s Sys=0.00s Real=0.00s
[2022-06-16T20:19:20.872+0000][8140][gc           ] GC(0) Concurrent Abortable Preclean
[2022-06-16T20:19:20.903+0000][8140][safepoint    ] Application time: 0.0241844 seconds
[2022-06-16T20:19:20.903+0000][8140][safepoint    ] Entering safepoint region: CollectForMetadataAllocation
[2022-06-16T20:19:20.903+0000][8140][safepoint    ] Leaving safepoint region
[2022-06-16T20:19:20.903+0000][8140][safepoint    ] Total time for which application threads were stopped: 0.0001716 seconds, Stopping threads took: 0.0000249 seconds
[2022-06-16T20:19:20.903+0000][8140][safepoint    ] Application time: 0.0065452 seconds
[2022-06-16T20:19:20.903+0000][8140][safepoint    ] Entering safepoint region: RevokeBias
[2022-06-16T20:19:20.903+0000][8140][safepoint    ] Leaving safepoint region
[2022-06-16T20:19:20.903+0000][8140][safepoint    ] Total time for which application threads were stopped: 0.0000866 seconds, Stopping threads took: 0.0000257 seconds
[2022-06-16T20:19:20.997+0000][8140][safepoint    ] Application time: 0.0956728 seconds
[2022-06-16T20:19:20.997+0000][8140][safepoint    ] Entering safepoint region: CollectForMetadataAllocation
[2022-06-16T20:19:20.997+0000][8140][safepoint    ] Leaving safepoint region
[2022-06-16T20:19:20.997+0000][8140][safepoint    ] Total time for which application threads were stopped: 0.0001733 seconds, Stopping threads took: 0.0000247 seconds
[2022-06-16T20:19:21.262+0000][8140][safepoint    ] Application time: 0.2608143 seconds
[2022-06-16T20:19:21.262+0000][8140][safepoint    ] Entering safepoint region: CollectForMetadataAllocation
[2022-06-16T20:19:21.262+0000][8140][safepoint    ] Leaving safepoint region
[2022-06-16T20:19:21.262+0000][8140][safepoint    ] Total time for which application threads were stopped: 0.0001996 seconds, Stopping threads took: 0.0000241 seconds
[2022-06-16T20:19:22.075+0000][8140][safepoint    ] Application time: 0.8155477 seconds
[2022-06-16T20:19:22.075+0000][8140][safepoint    ] Entering safepoint region: CollectForMetadataAllocation
[2022-06-16T20:19:22.075+0000][8140][safepoint    ] Leaving safepoint region
[2022-06-16T20:19:22.075+0000][8140][safepoint    ] Total time for which application threads were stopped: 0.0002552 seconds, Stopping threads took: 0.0000252 seconds
[2022-06-16T20:19:22.528+0000][8140][safepoint    ] Application time: 0.4582881 seconds
[2022-06-16T20:19:22.528+0000][8140][safepoint    ] Entering safepoint region: GenCollectForAllocation
[2022-06-16T20:19:22.528+0000][8140][gc,start     ] GC(1) Pause Young (Allocation Failure)
[2022-06-16T20:19:22.528+0000][8140][gc,task      ] GC(1) Using 2 workers of 2 for evacuation
[2022-06-16T20:19:22.622+0000][8140][gc           ] GC(0) Concurrent Abortable Preclean 1736.624ms
[2022-06-16T20:19:22.622+0000][8140][gc,cpu       ] GC(0) User=2.38s Sys=0.33s Real=1.75s
[2022-06-16T20:19:22.622+0000][8140][gc,age       ] GC(1) Desired survivor size 8716288 bytes, new threshold 6 (max threshold 6)
[2022-06-16T20:19:22.622+0000][8140][gc,age       ] GC(1) Age table with threshold 6 (max threshold 6)
[2022-06-16T20:19:22.622+0000][8140][gc,age       ] GC(1) - age   1:    8379168 bytes,    8379168 total
[2022-06-16T20:19:22.622+0000][8140][gc,heap      ] GC(1) ParNew: 136320K->8242K(153344K)
[2022-06-16T20:19:22.622+0000][8140][gc,heap      ] GC(1) CMS: 0K->0K(878208K)
[2022-06-16T20:19:22.622+0000][8140][gc,metaspace ] GC(1) Metaspace: 23107K->23107K(1071104K)
[2022-06-16T20:19:22.622+0000][8140][gc           ] GC(1) Pause Young (Allocation Failure) 133M->8M(1007M) 86.019ms
[2022-06-16T20:19:22.622+0000][8140][gc,cpu       ] GC(1) User=0.03s Sys=0.00s Real=0.09s
[2022-06-16T20:19:22.622+0000][8140][safepoint    ] Leaving safepoint region
[2022-06-16T20:19:22.622+0000][8140][safepoint    ] Total time for which application threads were stopped: 0.0862380 seconds, Stopping threads took: 0.0000257 seconds
[2022-06-16T20:19:22.637+0000][8140][safepoint    ] Application time: 0.0197975 seconds
[2022-06-16T20:19:22.637+0000][8140][safepoint    ] Entering safepoint region: CMS_Final_Remark
[2022-06-16T20:19:22.637+0000][8140][gc,start     ] GC(0) Pause Remark
[2022-06-16T20:19:22.653+0000][8140][gc           ] GC(0) Pause Remark 8M->8M(1007M) 9.359ms
[2022-06-16T20:19:22.653+0000][8140][gc,cpu       ] GC(0) User=0.02s Sys=0.00s Real=0.02s
[2022-06-16T20:19:22.653+0000][8140][safepoint    ] Leaving safepoint region
[2022-06-16T20:19:22.653+0000][8140][safepoint    ] Total time for which application threads were stopped: 0.0095224 seconds, Stopping threads took: 0.0000395 seconds
[2022-06-16T20:19:22.653+0000][8140][gc           ] GC(0) Concurrent Sweep
[2022-06-16T20:19:22.653+0000][8140][gc           ] GC(0) Concurrent Sweep 0.036ms
[2022-06-16T20:19:22.653+0000][8140][gc,cpu       ] GC(0) User=0.00s Sys=0.00s Real=0.00s
[2022-06-16T20:19:22.653+0000][8140][gc           ] GC(0) Concurrent Reset
[2022-06-16T20:19:22.653+0000][8140][gc           ] GC(0) Concurrent Reset 1.144ms
[2022-06-16T20:19:22.653+0000][8140][gc,cpu       ] GC(0) User=0.00s Sys=0.00s Real=0.00s
[2022-06-16T20:19:22.653+0000][8140][gc,heap      ] GC(0) Old: 0K->0K(878208K)
[2022-06-16T20:19:22.653+0000][8140][safepoint    ] Application time: 0.0018160 seconds
[2022-06-16T20:19:22.653+0000][8140][safepoint    ] Entering safepoint region: RevokeBias
[2022-06-16T20:19:22.653+0000][8140][safepoint    ] Leaving safepoint region
[2022-06-16T20:19:22.653+0000][8140][safepoint    ] Total time for which application threads were stopped: 0.0000973 seconds, Stopping threads took: 0.0000233 seconds
[2022-06-16T20:19:22.653+0000][8140][safepoint    ] Application time: 0.0000153 seconds
[2022-06-16T20:19:22.653+0000][8140][safepoint    ] Entering safepoint region: RevokeBias
[2022-06-16T20:19:22.653+0000][8140][safepoint    ] Leaving safepoint region
[2022-06-16T20:19:22.653+0000][8140][safepoint    ] Total time for which application threads were stopped: 0.0000981 seconds, Stopping threads took: 0.0000449 seconds
[2022-06-16T20:19:22.653+0000][8140][safepoint    ] Application time: 0.0038607 seconds
[2022-06-16T20:19:22.653+0000][8140][safepoint    ] Entering safepoint region: RevokeBias
[2022-06-16T20:19:22.653+0000][8140][safepoint    ] Leaving safepoint region
[2022-06-16T20:19:22.653+0000][8140][safepoint    ] Total time for which application threads were stopped: 0.0000991 seconds, Stopping threads took: 0.0000330 seconds
[2022-06-16T20:19:22.653+0000][8140][safepoint    ] Application time: 0.0000158 seconds
[2022-06-16T20:19:22.653+0000][8140][safepoint    ] Entering safepoint region: RevokeBias
[2022-06-16T20:19:22.653+0000][8140][safepoint    ] Leaving safepoint region
[2022-06-16T20:19:22.653+0000][8140][safepoint    ] Total time for which application threads were stopped: 0.0000698 seconds, Stopping threads took: 0.0000186 seconds
[2022-06-16T20:19:22.653+0000][8140][safepoint    ] Application time: 0.0000219 seconds
[2022-06-16T20:19:22.653+0000][8140][safepoint    ] Entering safepoint region: RevokeBias
[2022-06-16T20:19:22.653+0000][8140][safepoint    ] Leaving safepoint region
[2022-06-16T20:19:22.653+0000][8140][safepoint    ] Total time for which application threads were stopped: 0.0000670 seconds, Stopping threads took: 0.0000191 seconds
[2022-06-16T20:19:22.653+0000][8140][safepoint    ] Application time: 0.0000243 seconds
[2022-06-16T20:19:22.653+0000][8140][safepoint    ] Entering safepoint region: RevokeBias
[2022-06-16T20:19:22.653+0000][8140][safepoint    ] Leaving safepoint region
[2022-06-16T20:19:22.653+0000][8140][safepoint    ] Total time for which application threads were stopped: 0.0000717 seconds, Stopping threads took: 0.0000172 seconds
[2022-06-16T20:19:22.653+0000][8140][safepoint    ] Application time: 0.0000235 seconds
[2022-06-16T20:19:22.653+0000][8140][safepoint    ] Entering safepoint region: RevokeBias
[2022-06-16T20:19:22.653+0000][8140][safepoint    ] Leaving safepoint region
[2022-06-16T20:19:22.653+0000][8140][safepoint    ] Total time for which application threads were stopped: 0.0001379 seconds, Stopping threads took: 0.0000590 seconds
[2022-06-16T20:19:22.653+0000][8140][safepoint    ] Application time: 0.0000183 seconds
[2022-06-16T20:19:22.653+0000][8140][safepoint    ] Entering safepoint region: RevokeBias
[2022-06-16T20:19:22.653+0000][8140][safepoint    ] Leaving safepoint region
[2022-06-16T20:19:22.653+0000][8140][safepoint    ] Total time for which application threads were stopped: 0.0001874 seconds, Stopping threads took: 0.0001119 seconds
[2022-06-16T20:19:22.653+0000][8140][safepoint    ] Application time: 0.0000235 seconds
[2022-06-16T20:19:22.653+0000][8140][safepoint    ] Entering safepoint region: RevokeBias
[2022-06-16T20:19:22.653+0000][8140][safepoint    ] Leaving safepoint region
[2022-06-16T20:19:22.653+0000][8140][safepoint    ] Total time for which application threads were stopped: 0.0001219 seconds, Stopping threads took: 0.0000468 seconds
[2022-06-16T20:19:22.653+0000][8140][safepoint    ] Application time: 0.0000167 seconds
[2022-06-16T20:19:22.653+0000][8140][safepoint    ] Entering safepoint region: RevokeBias
[2022-06-16T20:19:22.653+0000][8140][safepoint    ] Leaving safepoint region
[2022-06-16T20:19:22.653+0000][8140][safepoint    ] Total time for which application threads were stopped: 0.0001318 seconds, Stopping threads took: 0.0000164 seconds
[2022-06-16T20:19:22.653+0000][8140][safepoint    ] Application time: 0.0000273 seconds
[2022-06-16T20:19:22.653+0000][8140][safepoint    ] Entering safepoint region: RevokeBias
[2022-06-16T20:19:22.653+0000][8140][safepoint    ] Leaving safepoint region
[2022-06-16T20:19:22.653+0000][8140][safepoint    ] Total time for which application threads were stopped: 0.0000874 seconds, Stopping threads took: 0.0000144 seconds
[2022-06-16T20:19:22.653+0000][8140][safepoint    ] Application time: 0.0000154 seconds
[2022-06-16T20:19:22.653+0000][8140][safepoint    ] Entering safepoint region: RevokeBias
[2022-06-16T20:19:22.653+0000][8140][safepoint    ] Leaving safepoint region
[2022-06-16T20:19:22.653+0000][8140][safepoint    ] Total time for which application threads were stopped: 0.0000907 seconds, Stopping threads took: 0.0000166 seconds
[2022-06-16T20:19:22.653+0000][8140][safepoint    ] Application time: 0.0000231 seconds
[2022-06-16T20:19:22.653+0000][8140][safepoint    ] Entering safepoint region: RevokeBias
[2022-06-16T20:19:22.653+0000][8140][safepoint    ] Leaving safepoint region
[2022-06-16T20:19:22.653+0000][8140][safepoint    ] Total time for which application threads were stopped: 0.0000892 seconds, Stopping threads took: 0.0000163 seconds
[2022-06-16T20:19:22.653+0000][8140][safepoint    ] Application time: 0.0000156 seconds
[2022-06-16T20:19:22.653+0000][8140][safepoint    ] Entering safepoint region: RevokeBias
[2022-06-16T20:19:22.653+0000][8140][safepoint    ] Leaving safepoint region
[2022-06-16T20:19:22.653+0000][8140][safepoint    ] Total time for which application threads were stopped: 0.0000898 seconds, Stopping threads took: 0.0000162 seconds
[2022-06-16T20:19:22.653+0000][8140][safepoint    ] Application time: 0.0000234 seconds
[2022-06-16T20:19:22.653+0000][8140][safepoint    ] Entering safepoint region: RevokeBias
[2022-06-16T20:19:22.653+0000][8140][safepoint    ] Leaving safepoint region
[2022-06-16T20:19:22.653+0000][8140][safepoint    ] Total time for which application threads were stopped: 0.0001117 seconds, Stopping threads took: 0.0000328 seconds
[2022-06-16T20:19:22.653+0000][8140][safepoint    ] Application time: 0.0000167 seconds
[2022-06-16T20:19:22.653+0000][8140][safepoint    ] Entering safepoint region: RevokeBias
[2022-06-16T20:19:22.653+0000][8140][safepoint    ] Leaving safepoint region
[2022-06-16T20:19:22.653+0000][8140][safepoint    ] Total time for which application threads were stopped: 0.0001055 seconds, Stopping threads took: 0.0000357 seconds
[2022-06-16T20:19:22.653+0000][8140][safepoint    ] Application time: 0.0000266 seconds
[2022-06-16T20:19:22.653+0000][8140][safepoint    ] Entering safepoint region: RevokeBias
[2022-06-16T20:19:22.653+0000][8140][safepoint    ] Leaving safepoint region
[2022-06-16T20:19:22.653+0000][8140][safepoint    ] Total time for which application threads were stopped: 0.0000543 seconds, Stopping threads took: 0.0000170 seconds
[2022-06-16T20:19:22.653+0000][8140][safepoint    ] Application time: 0.0000144 seconds
[2022-06-16T20:19:22.653+0000][8140][safepoint    ] Entering safepoint region: RevokeBias
[2022-06-16T20:19:22.653+0000][8140][safepoint    ] Leaving safepoint region
[2022-06-16T20:19:22.653+0000][8140][safepoint    ] Total time for which application threads were stopped: 0.0000953 seconds, Stopping threads took: 0.0000350 seconds
[2022-06-16T20:19:22.653+0000][8140][safepoint    ] Application time: 0.0000335 seconds
[2022-06-16T20:19:22.653+0000][8140][safepoint    ] Entering safepoint region: RevokeBias
[2022-06-16T20:19:22.653+0000][8140][safepoint    ] Leaving safepoint region
[2022-06-16T20:19:22.653+0000][8140][safepoint    ] Total time for which application threads were stopped: 0.0000505 seconds, Stopping threads took: 0.0000202 seconds
[2022-06-16T20:19:22.653+0000][8140][safepoint    ] Application time: 0.0000136 seconds
[2022-06-16T20:19:22.653+0000][8140][safepoint    ] Entering safepoint region: RevokeBias
[2022-06-16T20:19:22.653+0000][8140][safepoint    ] Leaving safepoint region
[2022-06-16T20:19:22.653+0000][8140][safepoint    ] Total time for which application threads were stopped: 0.0000649 seconds, Stopping threads took: 0.0000301 seconds
[2022-06-16T20:19:22.653+0000][8140][safepoint    ] Application time: 0.0000248 seconds
[2022-06-16T20:19:22.653+0000][8140][safepoint    ] Entering safepoint region: RevokeBias
[2022-06-16T20:19:22.653+0000][8140][safepoint    ] Leaving safepoint region
[2022-06-16T20:19:22.653+0000][8140][safepoint    ] Total time for which application threads were stopped: 0.0000540 seconds, Stopping threads took: 0.0000163 seconds
[2022-06-16T20:19:22.653+0000][8140][safepoint    ] Application time: 0.0000138 seconds
[2022-06-16T20:19:22.653+0000][8140][safepoint    ] Entering safepoint region: RevokeBias
[2022-06-16T20:19:22.653+0000][8140][safepoint    ] Leaving safepoint region
[2022-06-16T20:19:22.653+0000][8140][safepoint    ] Total time for which application threads were stopped: 0.0000507 seconds, Stopping threads took: 0.0000151 seconds
[2022-06-16T20:19:22.653+0000][8140][safepoint    ] Application time: 0.0000202 seconds
[2022-06-16T20:19:22.653+0000][8140][safepoint    ] Entering safepoint region: RevokeBias
[2022-06-16T20:19:22.653+0000][8140][safepoint    ] Leaving safepoint region
[2022-06-16T20:19:22.653+0000][8140][safepoint    ] Total time for which application threads were stopped: 0.0000533 seconds, Stopping threads took: 0.0000157 seconds
[2022-06-16T20:19:22.653+0000][8140][safepoint    ] Application time: 0.0000160 seconds
[2022-06-16T20:19:22.653+0000][8140][safepoint    ] Entering safepoint region: RevokeBias
[2022-06-16T20:19:22.653+0000][8140][safepoint    ] Leaving safepoint region
[2022-06-16T20:19:22.653+0000][8140][safepoint    ] Total time for which application threads were stopped: 0.0000539 seconds, Stopping threads took: 0.0000163 seconds
[2022-06-16T20:19:22.653+0000][8140][safepoint    ] Application time: 0.0000405 seconds
[2022-06-16T20:19:22.653+0000][8140][safepoint    ] Entering safepoint region: RevokeBias
[2022-06-16T20:19:22.653+0000][8140][safepoint    ] Leaving safepoint region
[2022-06-16T20:19:22.653+0000][8140][safepoint    ] Total time for which application threads were stopped: 0.0000615 seconds, Stopping threads took: 0.0000204 seconds
[2022-06-16T20:19:22.653+0000][8140][safepoint    ] Application time: 0.0000170 seconds
[2022-06-16T20:19:22.653+0000][8140][safepoint    ] Entering safepoint region: RevokeBias
[2022-06-16T20:19:22.653+0000][8140][safepoint    ] Leaving safepoint region
[2022-06-16T20:19:22.653+0000][8140][safepoint    ] Total time for which application threads were stopped: 0.0001056 seconds, Stopping threads took: 0.0000312 seconds
[2022-06-16T20:19:22.653+0000][8140][safepoint    ] Application time: 0.0001822 seconds
[2022-06-16T20:19:22.653+0000][8140][safepoint    ] Entering safepoint region: RevokeBias
[2022-06-16T20:19:22.653+0000][8140][safepoint    ] Leaving safepoint region
[2022-06-16T20:19:22.653+0000][8140][safepoint    ] Total time for which application threads were stopped: 0.0001043 seconds, Stopping threads took: 0.0000308 seconds
[2022-06-16T20:19:22.653+0000][8140][safepoint    ] Application time: 0.0000257 seconds
[2022-06-16T20:19:22.653+0000][8140][safepoint    ] Entering safepoint region: RevokeBias
[2022-06-16T20:19:22.653+0000][8140][safepoint    ] Leaving safepoint region
[2022-06-16T20:19:22.653+0000][8140][safepoint    ] Total time for which application threads were stopped: 0.0001320 seconds, Stopping threads took: 0.0000531 seconds
[2022-06-16T20:19:22.841+0000][8140][safepoint    ] Application time: 0.1790253 seconds
[2022-06-16T20:19:22.841+0000][8140][safepoint    ] Entering safepoint region: RevokeBias
[2022-06-16T20:19:22.841+0000][8140][safepoint    ] Leaving safepoint region
[2022-06-16T20:19:22.841+0000][8140][safepoint    ] Total time for which application threads were stopped: 0.0001068 seconds, Stopping threads took: 0.0000255 seconds
[2022-06-16T20:19:23.844+0000][8140][safepoint    ] Application time: 0.9971297 seconds
[2022-06-16T20:19:23.844+0000][8140][safepoint    ] Entering safepoint region: Cleanup
[2022-06-16T20:19:23.844+0000][8140][safepoint    ] Leaving safepoint region
[2022-06-16T20:19:23.844+0000][8140][safepoint    ] Total time for which application threads were stopped: 0.0001433 seconds, Stopping threads took: 0.0000241 seconds
[2022-06-16T20:19:23.937+0000][8140][safepoint    ] Application time: 0.1087319 seconds
[2022-06-16T20:19:23.937+0000][8140][safepoint    ] Entering safepoint region: GenCollectForAllocation
[2022-06-16T20:19:23.937+0000][8140][gc,start     ] GC(2) Pause Young (Allocation Failure)
[2022-06-16T20:19:23.937+0000][8140][gc,task      ] GC(2) Using 2 workers of 2 for evacuation
[2022-06-16T20:19:23.969+0000][8140][gc,age       ] GC(2) Desired survivor size 8716288 bytes, new threshold 2 (max threshold 6)
[2022-06-16T20:19:23.969+0000][8140][gc,age       ] GC(2) Age table with threshold 2 (max threshold 6)
[2022-06-16T20:19:23.969+0000][8140][gc,age       ] GC(2) - age   1:    1709000 bytes,    1709000 total
[2022-06-16T20:19:23.969+0000][8140][gc,age       ] GC(2) - age   2:    8264408 bytes,    9973408 total
[2022-06-16T20:19:23.969+0000][8140][gc,heap      ] GC(2) ParNew: 144562K->13971K(153344K)
[2022-06-16T20:19:23.969+0000][8140][gc,heap      ] GC(2) CMS: 0K->0K(878208K)
[2022-06-16T20:19:23.969+0000][8140][gc,metaspace ] GC(2) Metaspace: 25069K->25069K(1073152K)
[2022-06-16T20:19:23.969+0000][8140][gc           ] GC(2) Pause Young (Allocation Failure) 141M->13M(1007M) 18.771ms
[2022-06-16T20:19:23.969+0000][8140][gc,cpu       ] GC(2) User=0.06s Sys=0.00s Real=0.03s
[2022-06-16T20:19:23.969+0000][8140][safepoint    ] Leaving safepoint region
[2022-06-16T20:19:23.969+0000][8140][safepoint    ] Total time for which application threads were stopped: 0.0189370 seconds, Stopping threads took: 0.0000248 seconds
[2022-06-16T20:19:23.969+0000][8140][safepoint    ] Application time: 0.0011065 seconds
[2022-06-16T20:19:23.969+0000][8140][safepoint    ] Entering safepoint region: BulkRevokeBias
[2022-06-16T20:19:23.969+0000][8140][safepoint    ] Leaving safepoint region
[2022-06-16T20:19:23.969+0000][8140][safepoint    ] Total time for which application threads were stopped: 0.0001272 seconds, Stopping threads took: 0.0000344 seconds
[2022-06-16T20:19:23.969+0000][8140][safepoint    ] Application time: 0.0000620 seconds
[2022-06-16T20:19:23.969+0000][8140][safepoint    ] Entering safepoint region: RevokeBias
[2022-06-16T20:19:23.969+0000][8140][safepoint    ] Leaving safepoint region
[2022-06-16T20:19:23.969+0000][8140][safepoint    ] Total time for which application threads were stopped: 0.0000715 seconds, Stopping threads took: 0.0000195 seconds
[2022-06-16T20:19:23.969+0000][8140][safepoint    ] Application time: 0.0000112 seconds
[2022-06-16T20:19:23.969+0000][8140][safepoint    ] Entering safepoint region: RevokeBias
[2022-06-16T20:19:23.969+0000][8140][safepoint    ] Leaving safepoint region
[2022-06-16T20:19:23.969+0000][8140][safepoint    ] Total time for which application threads were stopped: 0.0000646 seconds, Stopping threads took: 0.0000183 seconds
[2022-06-16T20:19:23.969+0000][8140][safepoint    ] Application time: 0.0000847 seconds
[2022-06-16T20:19:23.969+0000][8140][safepoint    ] Entering safepoint region: RevokeBias
[2022-06-16T20:19:23.969+0000][8140][safepoint    ] Leaving safepoint region
[2022-06-16T20:19:23.969+0000][8140][safepoint    ] Total time for which application threads were stopped: 0.0000658 seconds, Stopping threads took: 0.0000182 seconds
[2022-06-16T20:19:23.969+0000][8140][safepoint    ] Application time: 0.0000102 seconds
[2022-06-16T20:19:23.969+0000][8140][safepoint    ] Entering safepoint region: RevokeBias
[2022-06-16T20:19:23.969+0000][8140][safepoint    ] Leaving safepoint region
[2022-06-16T20:19:23.969+0000][8140][safepoint    ] Total time for which application threads were stopped: 0.0000638 seconds, Stopping threads took: 0.0000182 seconds
[2022-06-16T20:19:23.969+0000][8140][safepoint    ] Application time: 0.0000143 seconds
[2022-06-16T20:19:23.969+0000][8140][safepoint    ] Entering safepoint region: RevokeBias
[2022-06-16T20:19:23.969+0000][8140][safepoint    ] Leaving safepoint region
[2022-06-16T20:19:23.969+0000][8140][safepoint    ] Total time for which application threads were stopped: 0.0000619 seconds, Stopping threads took: 0.0000184 seconds
[2022-06-16T20:19:23.969+0000][8140][safepoint    ] Application time: 0.0000126 seconds
[2022-06-16T20:19:23.969+0000][8140][safepoint    ] Entering safepoint region: RevokeBias
[2022-06-16T20:19:23.969+0000][8140][safepoint    ] Leaving safepoint region
[2022-06-16T20:19:23.969+0000][8140][safepoint    ] Total time for which application threads were stopped: 0.0000616 seconds, Stopping threads took: 0.0000182 seconds
[2022-06-16T20:19:23.969+0000][8140][safepoint    ] Application time: 0.0000101 seconds
[2022-06-16T20:19:23.969+0000][8140][safepoint    ] Entering safepoint region: RevokeBias
[2022-06-16T20:19:23.969+0000][8140][safepoint    ] Leaving safepoint region
[2022-06-16T20:19:23.969+0000][8140][safepoint    ] Total time for which application threads were stopped: 0.0000614 seconds, Stopping threads took: 0.0000190 seconds
[2022-06-16T20:19:23.969+0000][8140][safepoint    ] Application time: 0.0000156 seconds
[2022-06-16T20:19:23.969+0000][8140][safepoint    ] Entering safepoint region: RevokeBias
[2022-06-16T20:19:23.969+0000][8140][safepoint    ] Leaving safepoint region
[2022-06-16T20:19:23.969+0000][8140][safepoint    ] Total time for which application threads were stopped: 0.0000682 seconds, Stopping threads took: 0.0000182 seconds
[2022-06-16T20:19:23.969+0000][8140][safepoint    ] Application time: 0.0000116 seconds
[2022-06-16T20:19:23.969+0000][8140][safepoint    ] Entering safepoint region: RevokeBias
[2022-06-16T20:19:23.969+0000][8140][safepoint    ] Leaving safepoint region
[2022-06-16T20:19:23.969+0000][8140][safepoint    ] Total time for which application threads were stopped: 0.0000628 seconds, Stopping threads took: 0.0000178 seconds
[2022-06-16T20:19:23.969+0000][8140][safepoint    ] Application time: 0.0000199 seconds
[2022-06-16T20:19:23.969+0000][8140][safepoint    ] Entering safepoint region: BulkRevokeBias
[2022-06-16T20:19:23.969+0000][8140][safepoint    ] Leaving safepoint region
[2022-06-16T20:19:23.969+0000][8140][safepoint    ] Total time for which application threads were stopped: 0.0000907 seconds, Stopping threads took: 0.0000190 seconds
[2022-06-16T20:19:23.969+0000][8140][safepoint    ] Application time: 0.0000114 seconds
[2022-06-16T20:19:23.969+0000][8140][safepoint    ] Entering safepoint region: BulkRevokeBias
[2022-06-16T20:19:23.969+0000][8140][safepoint    ] Leaving safepoint region
[2022-06-16T20:19:23.969+0000][8140][safepoint    ] Total time for which application threads were stopped: 0.0000791 seconds, Stopping threads took: 0.0000176 seconds
[2022-06-16T20:19:24.141+0000][8140][safepoint    ] Application time: 0.1806954 seconds
[2022-06-16T20:19:24.141+0000][8140][safepoint    ] Entering safepoint region: Deoptimize
[2022-06-16T20:19:24.141+0000][8140][safepoint    ] Leaving safepoint region
[2022-06-16T20:19:24.141+0000][8140][safepoint    ] Total time for which application threads were stopped: 0.0003810 seconds, Stopping threads took: 0.0000245 seconds
[2022-06-16T20:19:24.391+0000][8140][safepoint    ] Application time: 0.2416183 seconds
[2022-06-16T20:19:24.391+0000][8140][safepoint    ] Entering safepoint region: GenCollectForAllocation
[2022-06-16T20:19:24.391+0000][8140][gc,start     ] GC(3) Pause Young (Allocation Failure)
[2022-06-16T20:19:24.391+0000][8140][gc,task      ] GC(3) Using 2 workers of 2 for evacuation
[2022-06-16T20:19:24.437+0000][8140][gc,age       ] GC(3) Desired survivor size 8716288 bytes, new threshold 6 (max threshold 6)
[2022-06-16T20:19:24.437+0000][8140][gc,age       ] GC(3) Age table with threshold 6 (max threshold 6)
[2022-06-16T20:19:24.437+0000][8140][gc,age       ] GC(3) - age   1:    3842112 bytes,    3842112 total
[2022-06-16T20:19:24.437+0000][8140][gc,age       ] GC(3) - age   2:    1676872 bytes,    5518984 total
[2022-06-16T20:19:24.437+0000][8140][gc,heap      ] GC(3) ParNew: 150291K->8701K(153344K)
[2022-06-16T20:19:24.437+0000][8140][gc,heap      ] GC(3) CMS: 0K->8906K(878208K)
[2022-06-16T20:19:24.437+0000][8140][gc,metaspace ] GC(3) Metaspace: 25723K->25723K(1073152K)
[2022-06-16T20:19:24.437+0000][8140][gc           ] GC(3) Pause Young (Allocation Failure) 146M->17M(1007M) 42.718ms
[2022-06-16T20:19:24.437+0000][8140][gc,cpu       ] GC(3) User=0.09s Sys=0.00s Real=0.05s
[2022-06-16T20:19:24.437+0000][8140][safepoint    ] Leaving safepoint region
[2022-06-16T20:19:24.437+0000][8140][safepoint    ] Total time for which application threads were stopped: 0.0429093 seconds, Stopping threads took: 0.0000269 seconds
[2022-06-16T20:19:24.437+0000][8140][safepoint    ] Application time: 0.0007787 seconds
[2022-06-16T20:19:24.437+0000][8140][safepoint    ] Entering safepoint region: RevokeBias
[2022-06-16T20:19:24.437+0000][8140][safepoint    ] Leaving safepoint region
[2022-06-16T20:19:24.437+0000][8140][safepoint    ] Total time for which application threads were stopped: 0.0004855 seconds, Stopping threads took: 0.0000355 seconds
[2022-06-16T20:19:24.437+0000][8140][safepoint    ] Application time: 0.0000290 seconds
[2022-06-16T20:19:24.437+0000][8140][safepoint    ] Entering safepoint region: RevokeBias
[2022-06-16T20:19:24.437+0000][8140][safepoint    ] Leaving safepoint region
[2022-06-16T20:19:24.437+0000][8140][safepoint    ] Total time for which application threads were stopped: 0.0001778 seconds, Stopping threads took: 0.0001214 seconds
[2022-06-16T20:19:24.437+0000][8140][safepoint    ] Application time: 0.0000264 seconds
[2022-06-16T20:19:24.437+0000][8140][safepoint    ] Entering safepoint region: RevokeBias
[2022-06-16T20:19:24.437+0000][8140][safepoint    ] Leaving safepoint region
[2022-06-16T20:19:24.437+0000][8140][safepoint    ] Total time for which application threads were stopped: 0.0000612 seconds, Stopping threads took: 0.0000184 seconds
[2022-06-16T20:19:24.437+0000][8140][safepoint    ] Application time: 0.0000115 seconds
[2022-06-16T20:19:24.437+0000][8140][safepoint    ] Entering safepoint region: RevokeBias
[2022-06-16T20:19:24.437+0000][8140][safepoint    ] Leaving safepoint region
[2022-06-16T20:19:24.437+0000][8140][safepoint    ] Total time for which application threads were stopped: 0.0000720 seconds, Stopping threads took: 0.0000279 seconds
[2022-06-16T20:19:24.437+0000][8140][safepoint    ] Application time: 0.0002038 seconds
[2022-06-16T20:19:24.437+0000][8140][safepoint    ] Entering safepoint region: RevokeBias
[2022-06-16T20:19:24.437+0000][8140][safepoint    ] Leaving safepoint region
[2022-06-16T20:19:24.437+0000][8140][safepoint    ] Total time for which application threads were stopped: 0.0001834 seconds, Stopping threads took: 0.0001153 seconds
[2022-06-16T20:19:24.437+0000][8140][safepoint    ] Application time: 0.0000158 seconds
[2022-06-16T20:19:24.437+0000][8140][safepoint    ] Entering safepoint region: RevokeBias
[2022-06-16T20:19:24.437+0000][8140][safepoint    ] Leaving safepoint region
[2022-06-16T20:19:24.437+0000][8140][safepoint    ] Total time for which application threads were stopped: 0.0001857 seconds, Stopping threads took: 0.0001164 seconds
[2022-06-16T20:19:24.437+0000][8140][safepoint    ] Application time: 0.0003007 seconds
[2022-06-16T20:19:24.437+0000][8140][safepoint    ] Entering safepoint region: RevokeBias
[2022-06-16T20:19:24.437+0000][8140][safepoint    ] Leaving safepoint region
[2022-06-16T20:19:24.437+0000][8140][safepoint    ] Total time for which application threads were stopped: 0.0001344 seconds, Stopping threads took: 0.0000564 seconds
[2022-06-16T20:19:24.437+0000][8140][safepoint    ] Application time: 0.0000192 seconds
[2022-06-16T20:19:24.437+0000][8140][safepoint    ] Entering safepoint region: RevokeBias
[2022-06-16T20:19:24.437+0000][8140][safepoint    ] Leaving safepoint region
[2022-06-16T20:19:24.437+0000][8140][safepoint    ] Total time for which application threads were stopped: 0.0000804 seconds, Stopping threads took: 0.0000193 seconds
[2022-06-16T20:19:24.437+0000][8140][safepoint    ] Application time: 0.0000134 seconds
[2022-06-16T20:19:24.437+0000][8140][safepoint    ] Entering safepoint region: RevokeBias
[2022-06-16T20:19:24.437+0000][8140][safepoint    ] Leaving safepoint region
[2022-06-16T20:19:24.437+0000][8140][safepoint    ] Total time for which application threads were stopped: 0.0000776 seconds, Stopping threads took: 0.0000189 seconds
[2022-06-16T20:19:24.437+0000][8140][safepoint    ] Application time: 0.0000121 seconds
[2022-06-16T20:19:24.437+0000][8140][safepoint    ] Entering safepoint region: RevokeBias
[2022-06-16T20:19:24.437+0000][8140][safepoint    ] Leaving safepoint region
[2022-06-16T20:19:24.437+0000][8140][safepoint    ] Total time for which application threads were stopped: 0.0000813 seconds, Stopping threads took: 0.0000189 seconds
[2022-06-16T20:19:24.437+0000][8140][safepoint    ] Application time: 0.0000133 seconds
[2022-06-16T20:19:24.437+0000][8140][safepoint    ] Entering safepoint region: RevokeBias
[2022-06-16T20:19:24.437+0000][8140][safepoint    ] Leaving safepoint region
[2022-06-16T20:19:24.437+0000][8140][safepoint    ] Total time for which application threads were stopped: 0.0000809 seconds, Stopping threads took: 0.0000183 seconds
[2022-06-16T20:19:24.437+0000][8140][safepoint    ] Application time: 0.0000129 seconds
[2022-06-16T20:19:24.437+0000][8140][safepoint    ] Entering safepoint region: RevokeBias
[2022-06-16T20:19:24.437+0000][8140][safepoint    ] Leaving safepoint region
[2022-06-16T20:19:24.437+0000][8140][safepoint    ] Total time for which application threads were stopped: 0.0000815 seconds, Stopping threads took: 0.0000186 seconds
[2022-06-16T20:19:24.437+0000][8140][safepoint    ] Application time: 0.0000132 seconds
[2022-06-16T20:19:24.437+0000][8140][safepoint    ] Entering safepoint region: RevokeBias
[2022-06-16T20:19:24.437+0000][8140][safepoint    ] Leaving safepoint region
[2022-06-16T20:19:24.437+0000][8140][safepoint    ] Total time for which application threads were stopped: 0.0000841 seconds, Stopping threads took: 0.0000231 seconds
[2022-06-16T20:19:24.437+0000][8140][safepoint    ] Application time: 0.0000127 seconds
[2022-06-16T20:19:24.437+0000][8140][safepoint    ] Entering safepoint region: RevokeBias
[2022-06-16T20:19:24.437+0000][8140][safepoint    ] Leaving safepoint region
[2022-06-16T20:19:24.437+0000][8140][safepoint    ] Total time for which application threads were stopped: 0.0000786 seconds, Stopping threads took: 0.0000170 seconds
[2022-06-16T20:19:24.437+0000][8140][safepoint    ] Application time: 0.0000134 seconds
[2022-06-16T20:19:24.437+0000][8140][safepoint    ] Entering safepoint region: RevokeBias
[2022-06-16T20:19:24.437+0000][8140][safepoint    ] Leaving safepoint region
[2022-06-16T20:19:24.437+0000][8140][safepoint    ] Total time for which application threads were stopped: 0.0000808 seconds, Stopping threads took: 0.0000188 seconds
[2022-06-16T20:19:24.437+0000][8140][safepoint    ] Application time: 0.0000124 seconds
[2022-06-16T20:19:24.437+0000][8140][safepoint    ] Entering safepoint region: RevokeBias
[2022-06-16T20:19:24.437+0000][8140][safepoint    ] Leaving safepoint region
[2022-06-16T20:19:24.437+0000][8140][safepoint    ] Total time for which application threads were stopped: 0.0000765 seconds, Stopping threads took: 0.0000177 seconds
[2022-06-16T20:19:24.437+0000][8140][safepoint    ] Application time: 0.0000116 seconds
[2022-06-16T20:19:24.437+0000][8140][safepoint    ] Entering safepoint region: RevokeBias
[2022-06-16T20:19:24.437+0000][8140][safepoint    ] Leaving safepoint region
[2022-06-16T20:19:24.437+0000][8140][safepoint    ] Total time for which application threads were stopped: 0.0000768 seconds, Stopping threads took: 0.0000183 seconds
[2022-06-16T20:19:24.437+0000][8140][safepoint    ] Application time: 0.0000114 seconds
[2022-06-16T20:19:24.437+0000][8140][safepoint    ] Entering safepoint region: RevokeBias
[2022-06-16T20:19:24.437+0000][8140][safepoint    ] Leaving safepoint region
[2022-06-16T20:19:24.437+0000][8140][safepoint    ] Total time for which application threads were stopped: 0.0000751 seconds, Stopping threads took: 0.0000182 seconds
[2022-06-16T20:19:24.437+0000][8140][safepoint    ] Application time: 0.0000109 seconds
[2022-06-16T20:19:24.437+0000][8140][safepoint    ] Entering safepoint region: RevokeBias
[2022-06-16T20:19:24.437+0000][8140][safepoint    ] Leaving safepoint region
[2022-06-16T20:19:24.437+0000][8140][safepoint    ] Total time for which application threads were stopped: 0.0001238 seconds, Stopping threads took: 0.0000182 seconds
[2022-06-16T20:19:24.437+0000][8140][safepoint    ] Application time: 0.0000154 seconds
[2022-06-16T20:19:24.437+0000][8140][safepoint    ] Entering safepoint region: RevokeBias
[2022-06-16T20:19:24.437+0000][8140][safepoint    ] Leaving safepoint region
[2022-06-16T20:19:24.437+0000][8140][safepoint    ] Total time for which application threads were stopped: 0.0000829 seconds, Stopping threads took: 0.0000187 seconds
[2022-06-16T20:19:24.437+0000][8140][safepoint    ] Application time: 0.0000693 seconds
[2022-06-16T20:19:24.437+0000][8140][safepoint    ] Entering safepoint region: RevokeBias
[2022-06-16T20:19:24.437+0000][8140][safepoint    ] Leaving safepoint region
[2022-06-16T20:19:24.437+0000][8140][safepoint    ] Total time for which application threads were stopped: 0.0000788 seconds, Stopping threads took: 0.0000186 seconds
[2022-06-16T20:19:24.437+0000][8140][safepoint    ] Application time: 0.0000115 seconds
[2022-06-16T20:19:24.437+0000][8140][safepoint    ] Entering safepoint region: RevokeBias
[2022-06-16T20:19:24.437+0000][8140][safepoint    ] Leaving safepoint region
[2022-06-16T20:19:24.437+0000][8140][safepoint    ] Total time for which application threads were stopped: 0.0000774 seconds, Stopping threads took: 0.0000186 seconds
[2022-06-16T20:19:24.437+0000][8140][safepoint    ] Application time: 0.0000122 seconds
[2022-06-16T20:19:24.437+0000][8140][safepoint    ] Entering safepoint region: RevokeBias
[2022-06-16T20:19:24.437+0000][8140][safepoint    ] Leaving safepoint region
[2022-06-16T20:19:24.437+0000][8140][safepoint    ] Total time for which application threads were stopped: 0.0000789 seconds, Stopping threads took: 0.0000213 seconds
[2022-06-16T20:19:24.437+0000][8140][safepoint    ] Application time: 0.0000110 seconds
[2022-06-16T20:19:24.437+0000][8140][safepoint    ] Entering safepoint region: BulkRevokeBias
[2022-06-16T20:19:24.437+0000][8140][safepoint    ] Leaving safepoint region
[2022-06-16T20:19:24.437+0000][8140][safepoint    ] Total time for which application threads were stopped: 0.0000919 seconds, Stopping threads took: 0.0000182 seconds
[2022-06-16T20:19:24.734+0000][8140][safepoint    ] Application time: 0.2942601 seconds
[2022-06-16T20:19:24.734+0000][8140][safepoint    ] Entering safepoint region: GenCollectForAllocation
[2022-06-16T20:19:24.734+0000][8140][gc,start     ] GC(4) Pause Young (Allocation Failure)
[2022-06-16T20:19:24.734+0000][8140][gc,task      ] GC(4) Using 2 workers of 2 for evacuation
[2022-06-16T20:19:24.750+0000][8140][gc,age       ] GC(4) Desired survivor size 8716288 bytes, new threshold 6 (max threshold 6)
[2022-06-16T20:19:24.750+0000][8140][gc,age       ] GC(4) Age table with threshold 6 (max threshold 6)
[2022-06-16T20:19:24.750+0000][8140][gc,age       ] GC(4) - age   1:    2630408 bytes,    2630408 total
[2022-06-16T20:19:24.750+0000][8140][gc,age       ] GC(4) - age   2:    1683832 bytes,    4314240 total
[2022-06-16T20:19:24.750+0000][8140][gc,age       ] GC(4) - age   3:    1676792 bytes,    5991032 total
[2022-06-16T20:19:24.750+0000][8140][gc,heap      ] GC(4) ParNew: 145021K->6217K(153344K)
[2022-06-16T20:19:24.750+0000][8140][gc,heap      ] GC(4) CMS: 8906K->8906K(878208K)
[2022-06-16T20:19:24.750+0000][8140][gc,metaspace ] GC(4) Metaspace: 25844K->25844K(1073152K)
[2022-06-16T20:19:24.750+0000][8140][gc           ] GC(4) Pause Young (Allocation Failure) 150M->14M(1007M) 10.454ms
[2022-06-16T20:19:24.750+0000][8140][gc,cpu       ] GC(4) User=0.03s Sys=0.00s Real=0.02s
[2022-06-16T20:19:24.750+0000][8140][safepoint    ] Leaving safepoint region
[2022-06-16T20:19:24.750+0000][8140][safepoint    ] Total time for which application threads were stopped: 0.0106359 seconds, Stopping threads took: 0.0000251 seconds
[2022-06-16T20:19:24.750+0000][8140][safepoint    ] Application time: 0.0000876 seconds
[2022-06-16T20:19:24.750+0000][8140][safepoint    ] Entering safepoint region: RevokeBias
[2022-06-16T20:19:24.750+0000][8140][safepoint    ] Leaving safepoint region
[2022-06-16T20:19:24.750+0000][8140][safepoint    ] Total time for which application threads were stopped: 0.0001216 seconds, Stopping threads took: 0.0000250 seconds
[2022-06-16T20:19:24.750+0000][8140][safepoint    ] Application time: 0.0000261 seconds
[2022-06-16T20:19:24.750+0000][8140][safepoint    ] Entering safepoint region: RevokeBias
[2022-06-16T20:19:24.750+0000][8140][safepoint    ] Leaving safepoint region
[2022-06-16T20:19:24.750+0000][8140][safepoint    ] Total time for which application threads were stopped: 0.0001579 seconds, Stopping threads took: 0.0000992 seconds
[2022-06-16T20:19:24.750+0000][8140][safepoint    ] Application time: 0.0000135 seconds
[2022-06-16T20:19:24.750+0000][8140][safepoint    ] Entering safepoint region: RevokeBias
[2022-06-16T20:19:24.750+0000][8140][safepoint    ] Leaving safepoint region
[2022-06-16T20:19:24.750+0000][8140][safepoint    ] Total time for which application threads were stopped: 0.0000691 seconds, Stopping threads took: 0.0000172 seconds
[2022-06-16T20:19:25.125+0000][8140][safepoint    ] Application time: 0.3817311 seconds
[2022-06-16T20:19:25.125+0000][8140][safepoint    ] Entering safepoint region: GenCollectForAllocation
[2022-06-16T20:19:25.125+0000][8140][gc,start     ] GC(5) Pause Young (Allocation Failure)
[2022-06-16T20:19:25.125+0000][8140][gc,task      ] GC(5) Using 2 workers of 2 for evacuation
[2022-06-16T20:19:25.141+0000][8140][gc,age       ] GC(5) Desired survivor size 8716288 bytes, new threshold 6 (max threshold 6)
[2022-06-16T20:19:25.141+0000][8140][gc,age       ] GC(5) Age table with threshold 6 (max threshold 6)
[2022-06-16T20:19:25.141+0000][8140][gc,age       ] GC(5) - age   1:    1933648 bytes,    1933648 total
[2022-06-16T20:19:25.141+0000][8140][gc,age       ] GC(5) - age   2:     290424 bytes,    2224072 total
[2022-06-16T20:19:25.141+0000][8140][gc,age       ] GC(5) - age   3:    1683784 bytes,    3907856 total
[2022-06-16T20:19:25.141+0000][8140][gc,age       ] GC(5) - age   4:    1674368 bytes,    5582224 total
[2022-06-16T20:19:25.141+0000][8140][gc,heap      ] GC(5) ParNew: 142537K->8913K(153344K)
[2022-06-16T20:19:25.141+0000][8140][gc,heap      ] GC(5) CMS: 8906K->8906K(878208K)
[2022-06-16T20:19:25.141+0000][8140][gc,metaspace ] GC(5) Metaspace: 26497K->26497K(1073152K)
[2022-06-16T20:19:25.141+0000][8140][gc           ] GC(5) Pause Young (Allocation Failure) 147M->17M(1007M) 8.067ms
[2022-06-16T20:19:25.141+0000][8140][gc,cpu       ] GC(5) User=0.02s Sys=0.00s Real=0.02s
[2022-06-16T20:19:25.141+0000][8140][safepoint    ] Leaving safepoint region
[2022-06-16T20:19:25.141+0000][8140][safepoint    ] Total time for which application threads were stopped: 0.0082615 seconds, Stopping threads took: 0.0000263 seconds
[2022-06-16T20:19:25.141+0000][8140][safepoint    ] Application time: 0.0000688 seconds
[2022-06-16T20:19:25.141+0000][8140][safepoint    ] Entering safepoint region: BulkRevokeBias
[2022-06-16T20:19:25.141+0000][8140][safepoint    ] Leaving safepoint region
[2022-06-16T20:19:25.141+0000][8140][safepoint    ] Total time for which application threads were stopped: 0.0001179 seconds, Stopping threads took: 0.0000266 seconds
[2022-06-16T20:19:25.141+0000][8140][safepoint    ] Application time: 0.0000237 seconds
[2022-06-16T20:19:25.141+0000][8140][safepoint    ] Entering safepoint region: RevokeBias
[2022-06-16T20:19:25.141+0000][8140][safepoint    ] Leaving safepoint region
[2022-06-16T20:19:25.141+0000][8140][safepoint    ] Total time for which application threads were stopped: 0.0000814 seconds, Stopping threads took: 0.0000201 seconds
[2022-06-16T20:19:25.141+0000][8140][safepoint    ] Application time: 0.0002102 seconds
[2022-06-16T20:19:25.141+0000][8140][safepoint    ] Entering safepoint region: RevokeBias
[2022-06-16T20:19:25.141+0000][8140][safepoint    ] Leaving safepoint region
[2022-06-16T20:19:25.141+0000][8140][safepoint    ] Total time for which application threads were stopped: 0.0000901 seconds, Stopping threads took: 0.0000216 seconds
[2022-06-16T20:19:25.141+0000][8140][safepoint    ] Application time: 0.0000147 seconds
[2022-06-16T20:19:25.141+0000][8140][safepoint    ] Entering safepoint region: RevokeBias
[2022-06-16T20:19:25.141+0000][8140][safepoint    ] Leaving safepoint region
[2022-06-16T20:19:25.141+0000][8140][safepoint    ] Total time for which application threads were stopped: 0.0000692 seconds, Stopping threads took: 0.0000187 seconds
[2022-06-16T20:19:25.141+0000][8140][safepoint    ] Application time: 0.0000119 seconds
[2022-06-16T20:19:25.141+0000][8140][safepoint    ] Entering safepoint region: RevokeBias
[2022-06-16T20:19:25.141+0000][8140][safepoint    ] Leaving safepoint region
[2022-06-16T20:19:25.141+0000][8140][safepoint    ] Total time for which application threads were stopped: 0.0000700 seconds, Stopping threads took: 0.0000196 seconds
[2022-06-16T20:19:25.141+0000][8140][safepoint    ] Application time: 0.0000119 seconds
[2022-06-16T20:19:25.141+0000][8140][safepoint    ] Entering safepoint region: RevokeBias
[2022-06-16T20:19:25.141+0000][8140][safepoint    ] Leaving safepoint region
[2022-06-16T20:19:25.141+0000][8140][safepoint    ] Total time for which application threads were stopped: 0.0000677 seconds, Stopping threads took: 0.0000186 seconds
[2022-06-16T20:19:25.141+0000][8140][safepoint    ] Application time: 0.0000111 seconds
[2022-06-16T20:19:25.141+0000][8140][safepoint    ] Entering safepoint region: RevokeBias
[2022-06-16T20:19:25.141+0000][8140][safepoint    ] Leaving safepoint region
[2022-06-16T20:19:25.141+0000][8140][safepoint    ] Total time for which application threads were stopped: 0.0000686 seconds, Stopping threads took: 0.0000207 seconds
[2022-06-16T20:19:26.141+0000][8140][safepoint    ] Application time: 0.9987092 seconds
[2022-06-16T20:19:26.141+0000][8140][safepoint    ] Entering safepoint region: Cleanup
[2022-06-16T20:19:26.141+0000][8140][safepoint    ] Leaving safepoint region
[2022-06-16T20:19:26.141+0000][8140][safepoint    ] Total time for which application threads were stopped: 0.0000822 seconds, Stopping threads took: 0.0000249 seconds
[2022-06-16T20:19:26.359+0000][8140][safepoint    ] Application time: 0.2307072 seconds
[2022-06-16T20:19:26.359+0000][8140][safepoint    ] Entering safepoint region: GenCollectForAllocation
[2022-06-16T20:19:26.359+0000][8140][gc,start     ] GC(6) Pause Young (Allocation Failure)
[2022-06-16T20:19:26.359+0000][8140][gc,task      ] GC(6) Using 2 workers of 2 for evacuation
[2022-06-16T20:19:26.375+0000][8140][gc,age       ] GC(6) Desired survivor size 8716288 bytes, new threshold 6 (max threshold 6)
[2022-06-16T20:19:26.375+0000][8140][gc,age       ] GC(6) Age table with threshold 6 (max threshold 6)
[2022-06-16T20:19:26.375+0000][8140][gc,age       ] GC(6) - age   1:    2892624 bytes,    2892624 total
[2022-06-16T20:19:26.375+0000][8140][gc,age       ] GC(6) - age   2:    1760536 bytes,    4653160 total
[2022-06-16T20:19:26.375+0000][8140][gc,age       ] GC(6) - age   3:     290424 bytes,    4943584 total
[2022-06-16T20:19:26.375+0000][8140][gc,age       ] GC(6) - age   4:    1683784 bytes,    6627368 total
[2022-06-16T20:19:26.375+0000][8140][gc,age       ] GC(6) - age   5:    1673576 bytes,    8300944 total
[2022-06-16T20:19:26.375+0000][8140][gc,heap      ] GC(6) ParNew: 145233K->11148K(153344K)
[2022-06-16T20:19:26.375+0000][8140][gc,heap      ] GC(6) CMS: 8906K->8906K(878208K)
[2022-06-16T20:19:26.375+0000][8140][gc,metaspace ] GC(6) Metaspace: 26666K->26666K(1075200K)
[2022-06-16T20:19:26.375+0000][8140][gc           ] GC(6) Pause Young (Allocation Failure) 150M->19M(1007M) 15.013ms
[2022-06-16T20:19:26.375+0000][8140][gc,cpu       ] GC(6) User=0.03s Sys=0.00s Real=0.02s
[2022-06-16T20:19:26.375+0000][8140][safepoint    ] Leaving safepoint region
[2022-06-16T20:19:26.375+0000][8140][safepoint    ] Total time for which application threads were stopped: 0.0151694 seconds, Stopping threads took: 0.0000276 seconds
[2022-06-16T20:19:26.375+0000][8140][safepoint    ] Application time: 0.0000664 seconds
[2022-06-16T20:19:26.375+0000][8140][safepoint    ] Entering safepoint region: RevokeBias
[2022-06-16T20:19:26.375+0000][8140][safepoint    ] Leaving safepoint region
[2022-06-16T20:19:26.375+0000][8140][safepoint    ] Total time for which application threads were stopped: 0.0000955 seconds, Stopping threads took: 0.0000260 seconds
[2022-06-16T20:19:26.375+0000][8140][safepoint    ] Application time: 0.0000297 seconds
[2022-06-16T20:19:26.375+0000][8140][safepoint    ] Entering safepoint region: RevokeBias
[2022-06-16T20:19:26.375+0000][8140][safepoint    ] Leaving safepoint region
[2022-06-16T20:19:26.375+0000][8140][safepoint    ] Total time for which application threads were stopped: 0.0001541 seconds, Stopping threads took: 0.0001001 seconds
[2022-06-16T20:19:26.375+0000][8140][safepoint    ] Application time: 0.0000271 seconds
[2022-06-16T20:19:26.375+0000][8140][safepoint    ] Entering safepoint region: RevokeBias
[2022-06-16T20:19:26.375+0000][8140][safepoint    ] Leaving safepoint region
[2022-06-16T20:19:26.375+0000][8140][safepoint    ] Total time for which application threads were stopped: 0.0002090 seconds, Stopping threads took: 0.0001269 seconds
[2022-06-16T20:19:26.375+0000][8140][safepoint    ] Application time: 0.0000209 seconds
[2022-06-16T20:19:26.375+0000][8140][safepoint    ] Entering safepoint region: RevokeBias
[2022-06-16T20:19:26.375+0000][8140][safepoint    ] Leaving safepoint region
[2022-06-16T20:19:26.375+0000][8140][safepoint    ] Total time for which application threads were stopped: 0.0001003 seconds, Stopping threads took: 0.0000179 seconds
[2022-06-16T20:19:26.375+0000][8140][safepoint    ] Application time: 0.0000152 seconds
[2022-06-16T20:19:26.375+0000][8140][safepoint    ] Entering safepoint region: RevokeBias
[2022-06-16T20:19:26.375+0000][8140][safepoint    ] Leaving safepoint region
[2022-06-16T20:19:26.375+0000][8140][safepoint    ] Total time for which application threads were stopped: 0.0000995 seconds, Stopping threads took: 0.0000183 seconds
[2022-06-16T20:19:26.375+0000][8140][safepoint    ] Application time: 0.0000162 seconds
[2022-06-16T20:19:26.375+0000][8140][safepoint    ] Entering safepoint region: RevokeBias
[2022-06-16T20:19:26.375+0000][8140][safepoint    ] Leaving safepoint region
[2022-06-16T20:19:26.375+0000][8140][safepoint    ] Total time for which application threads were stopped: 0.0001857 seconds, Stopping threads took: 0.0001157 seconds
[2022-06-16T20:19:26.375+0000][8140][safepoint    ] Application time: 0.0000130 seconds
[2022-06-16T20:19:26.375+0000][8140][safepoint    ] Entering safepoint region: BulkRevokeBias
[2022-06-16T20:19:26.375+0000][8140][safepoint    ] Leaving safepoint region
[2022-06-16T20:19:26.375+0000][8140][safepoint    ] Total time for which application threads were stopped: 0.0001010 seconds, Stopping threads took: 0.0000184 seconds
[2022-06-16T20:19:27.031+0000][8140][safepoint    ] Application time: 0.6518622 seconds
[2022-06-16T20:19:27.031+0000][8140][safepoint    ] Entering safepoint region: GenCollectForAllocation
[2022-06-16T20:19:27.031+0000][8140][gc,start     ] GC(7) Pause Young (Allocation Failure)
[2022-06-16T20:19:27.031+0000][8140][gc,task      ] GC(7) Using 2 workers of 2 for evacuation
[2022-06-16T20:19:27.062+0000][8140][gc,age       ] GC(7) Desired survivor size 8716288 bytes, new threshold 6 (max threshold 6)
[2022-06-16T20:19:27.062+0000][8140][gc,age       ] GC(7) Age table with threshold 6 (max threshold 6)
[2022-06-16T20:19:27.062+0000][8140][gc,age       ] GC(7) - age   1:    1544576 bytes,    1544576 total
[2022-06-16T20:19:27.062+0000][8140][gc,age       ] GC(7) - age   2:     546152 bytes,    2090728 total
[2022-06-16T20:19:27.062+0000][8140][gc,age       ] GC(7) - age   3:    1760408 bytes,    3851136 total
[2022-06-16T20:19:27.062+0000][8140][gc,age       ] GC(7) - age   4:     290424 bytes,    4141560 total
[2022-06-16T20:19:27.062+0000][8140][gc,age       ] GC(7) - age   5:    1683640 bytes,    5825200 total
[2022-06-16T20:19:27.062+0000][8140][gc,age       ] GC(7) - age   6:    1673576 bytes,    7498776 total
[2022-06-16T20:19:27.062+0000][8140][gc,heap      ] GC(7) ParNew: 147468K->7473K(153344K)
[2022-06-16T20:19:27.062+0000][8140][gc,heap      ] GC(7) CMS: 8906K->8906K(878208K)
[2022-06-16T20:19:27.062+0000][8140][gc,metaspace ] GC(7) Metaspace: 26752K->26752K(1075200K)
[2022-06-16T20:19:27.062+0000][8140][gc           ] GC(7) Pause Young (Allocation Failure) 152M->15M(1007M) 30.754ms
[2022-06-16T20:19:27.062+0000][8140][gc,cpu       ] GC(7) User=0.03s Sys=0.00s Real=0.03s
[2022-06-16T20:19:27.062+0000][8140][safepoint    ] Leaving safepoint region
[2022-06-16T20:19:27.062+0000][8140][safepoint    ] Total time for which application threads were stopped: 0.0309289 seconds, Stopping threads took: 0.0000252 seconds
[2022-06-16T20:19:27.891+0000][8140][safepoint    ] Application time: 0.8208168 seconds
[2022-06-16T20:19:27.891+0000][8140][safepoint    ] Entering safepoint region: GenCollectForAllocation
[2022-06-16T20:19:27.891+0000][8140][gc,start     ] GC(8) Pause Young (Allocation Failure)
[2022-06-16T20:19:27.891+0000][8140][gc,task      ] GC(8) Using 2 workers of 2 for evacuation
[2022-06-16T20:19:27.891+0000][8140][gc,age       ] GC(8) Desired survivor size 8716288 bytes, new threshold 6 (max threshold 6)
[2022-06-16T20:19:27.891+0000][8140][gc,age       ] GC(8) Age table with threshold 6 (max threshold 6)
[2022-06-16T20:19:27.891+0000][8140][gc,age       ] GC(8) - age   1:    1319672 bytes,    1319672 total
[2022-06-16T20:19:27.891+0000][8140][gc,age       ] GC(8) - age   2:    1526736 bytes,    2846408 total
[2022-06-16T20:19:27.891+0000][8140][gc,age       ] GC(8) - age   3:     546048 bytes,    3392456 total
[2022-06-16T20:19:27.891+0000][8140][gc,age       ] GC(8) - age   4:    1760120 bytes,    5152576 total
[2022-06-16T20:19:27.891+0000][8140][gc,age       ] GC(8) - age   5:     290424 bytes,    5443000 total
[2022-06-16T20:19:27.891+0000][8140][gc,age       ] GC(8) - age   6:    1683640 bytes,    7126640 total
[2022-06-16T20:19:27.891+0000][8140][gc,heap      ] GC(8) ParNew: 143793K->11040K(153344K)
[2022-06-16T20:19:27.891+0000][8140][gc,heap      ] GC(8) CMS: 8906K->10555K(878208K)
[2022-06-16T20:19:27.891+0000][8140][gc,metaspace ] GC(8) Metaspace: 27192K->27192K(1075200K)
[2022-06-16T20:19:27.891+0000][8140][gc           ] GC(8) Pause Young (Allocation Failure) 149M->21M(1007M) 10.144ms
[2022-06-16T20:19:27.891+0000][8140][gc,cpu       ] GC(8) User=0.00s Sys=0.00s Real=0.00s
[2022-06-16T20:19:27.891+0000][8140][safepoint    ] Leaving safepoint region
[2022-06-16T20:19:27.891+0000][8140][safepoint    ] Total time for which application threads were stopped: 0.0103140 seconds, Stopping threads took: 0.0000249 seconds
[2022-06-16T20:19:28.734+0000][8140][safepoint    ] Application time: 0.8376220 seconds
[2022-06-16T20:19:28.734+0000][8140][safepoint    ] Entering safepoint region: GenCollectForAllocation
[2022-06-16T20:19:28.734+0000][8140][gc,start     ] GC(9) Pause Young (Allocation Failure)
[2022-06-16T20:19:28.734+0000][8140][gc,task      ] GC(9) Using 2 workers of 2 for evacuation
[2022-06-16T20:19:28.734+0000][8140][gc,age       ] GC(9) Desired survivor size 8716288 bytes, new threshold 6 (max threshold 6)
[2022-06-16T20:19:28.734+0000][8140][gc,age       ] GC(9) Age table with threshold 6 (max threshold 6)
[2022-06-16T20:19:28.734+0000][8140][gc,age       ] GC(9) - age   1:     788128 bytes,     788128 total
[2022-06-16T20:19:28.734+0000][8140][gc,age       ] GC(9) - age   2:     312120 bytes,    1100248 total
[2022-06-16T20:19:28.734+0000][8140][gc,age       ] GC(9) - age   3:    1526616 bytes,    2626864 total
[2022-06-16T20:19:28.734+0000][8140][gc,age       ] GC(9) - age   4:     546048 bytes,    3172912 total
[2022-06-16T20:19:28.734+0000][8140][gc,age       ] GC(9) - age   5:    1760120 bytes,    4933032 total
[2022-06-16T20:19:28.750+0000][8140][gc,age       ] GC(9) - age   6:     290424 bytes,    5223456 total
[2022-06-16T20:19:28.750+0000][8140][gc,heap      ] GC(9) ParNew: 147360K->7059K(153344K)
[2022-06-16T20:19:28.750+0000][8140][gc,heap      ] GC(9) CMS: 10555K->12214K(878208K)
[2022-06-16T20:19:28.750+0000][8140][gc,metaspace ] GC(9) Metaspace: 27438K->27438K(1075200K)
[2022-06-16T20:19:28.750+0000][8140][gc           ] GC(9) Pause Young (Allocation Failure) 154M->18M(1007M) 9.754ms
[2022-06-16T20:19:28.750+0000][8140][gc,cpu       ] GC(9) User=0.02s Sys=0.00s Real=0.02s
[2022-06-16T20:19:28.750+0000][8140][safepoint    ] Leaving safepoint region
[2022-06-16T20:19:28.750+0000][8140][safepoint    ] Total time for which application threads were stopped: 0.0099279 seconds, Stopping threads took: 0.0000220 seconds
[2022-06-16T20:19:29.234+0000][8140][safepoint    ] Application time: 0.4972819 seconds
[2022-06-16T20:19:29.250+0000][8140][safepoint    ] Entering safepoint region: GenCollectForAllocation
[2022-06-16T20:19:29.250+0000][8140][gc,start     ] GC(10) Pause Young (Allocation Failure)
[2022-06-16T20:19:29.250+0000][8140][gc,task      ] GC(10) Using 2 workers of 2 for evacuation
[2022-06-16T20:19:29.250+0000][8140][gc,age       ] GC(10) Desired survivor size 8716288 bytes, new threshold 6 (max threshold 6)
[2022-06-16T20:19:29.250+0000][8140][gc,age       ] GC(10) Age table with threshold 6 (max threshold 6)
[2022-06-16T20:19:29.250+0000][8140][gc,age       ] GC(10) - age   1:    2124192 bytes,    2124192 total
[2022-06-16T20:19:29.250+0000][8140][gc,age       ] GC(10) - age   2:     192640 bytes,    2316832 total
[2022-06-16T20:19:29.250+0000][8140][gc,age       ] GC(10) - age   3:     312120 bytes,    2628952 total
[2022-06-16T20:19:29.250+0000][8140][gc,age       ] GC(10) - age   4:    1526616 bytes,    4155568 total
[2022-06-16T20:19:29.250+0000][8140][gc,age       ] GC(10) - age   5:     546048 bytes,    4701616 total
[2022-06-16T20:19:29.250+0000][8140][gc,age       ] GC(10) - age   6:    1759232 bytes,    6460848 total
[2022-06-16T20:19:29.250+0000][8140][gc,heap      ] GC(10) ParNew: 143379K->8386K(153344K)
[2022-06-16T20:19:29.250+0000][8140][gc,heap      ] GC(10) CMS: 12214K->12499K(878208K)
[2022-06-16T20:19:29.250+0000][8140][gc,metaspace ] GC(10) Metaspace: 27659K->27659K(1075200K)
[2022-06-16T20:19:29.250+0000][8140][gc           ] GC(10) Pause Young (Allocation Failure) 151M->20M(1007M) 7.525ms
[2022-06-16T20:19:29.250+0000][8140][gc,cpu       ] GC(10) User=0.00s Sys=0.00s Real=0.00s
[2022-06-16T20:19:29.250+0000][8140][safepoint    ] Leaving safepoint region
[2022-06-16T20:19:29.250+0000][8140][safepoint    ] Total time for which application threads were stopped: 0.0104049 seconds, Stopping threads took: 0.0027309 seconds
[2022-06-16T20:19:29.562+0000][8140][safepoint    ] Application time: 0.3178313 seconds
[2022-06-16T20:19:29.562+0000][8140][safepoint    ] Entering safepoint region: GenCollectForAllocation
[2022-06-16T20:19:29.562+0000][8140][gc,start     ] GC(11) Pause Young (Allocation Failure)
[2022-06-16T20:19:29.562+0000][8140][gc,task      ] GC(11) Using 2 workers of 2 for evacuation
[2022-06-16T20:19:29.578+0000][8140][gc,age       ] GC(11) Desired survivor size 8716288 bytes, new threshold 6 (max threshold 6)
[2022-06-16T20:19:29.578+0000][8140][gc,age       ] GC(11) Age table with threshold 6 (max threshold 6)
[2022-06-16T20:19:29.578+0000][8140][gc,age       ] GC(11) - age   1:     738328 bytes,     738328 total
[2022-06-16T20:19:29.578+0000][8140][gc,age       ] GC(11) - age   2:     123632 bytes,     861960 total
[2022-06-16T20:19:29.578+0000][8140][gc,age       ] GC(11) - age   3:     192640 bytes,    1054600 total
[2022-06-16T20:19:29.578+0000][8140][gc,age       ] GC(11) - age   4:     311968 bytes,    1366568 total
[2022-06-16T20:19:29.578+0000][8140][gc,age       ] GC(11) - age   5:    1526616 bytes,    2893184 total
[2022-06-16T20:19:29.578+0000][8140][gc,age       ] GC(11) - age   6:     546048 bytes,    3439232 total
[2022-06-16T20:19:29.578+0000][8140][gc,heap      ] GC(11) ParNew: 144706K->9194K(153344K)
[2022-06-16T20:19:29.578+0000][8140][gc,heap      ] GC(11) CMS: 12499K->14225K(878208K)
[2022-06-16T20:19:29.578+0000][8140][gc,metaspace ] GC(11) Metaspace: 27702K->27702K(1075200K)
[2022-06-16T20:19:29.578+0000][8140][gc           ] GC(11) Pause Young (Allocation Failure) 153M->22M(1007M) 10.047ms
[2022-06-16T20:19:29.578+0000][8140][gc,cpu       ] GC(11) User=0.03s Sys=0.00s Real=0.02s
[2022-06-16T20:19:29.578+0000][8140][safepoint    ] Leaving safepoint region
[2022-06-16T20:19:29.578+0000][8140][safepoint    ] Total time for which application threads were stopped: 0.0102176 seconds, Stopping threads took: 0.0000265 seconds
[2022-06-16T20:19:29.891+0000][8140][safepoint    ] Application time: 0.3079116 seconds
[2022-06-16T20:19:29.891+0000][8140][safepoint    ] Entering safepoint region: GenCollectForAllocation
[2022-06-16T20:19:29.891+0000][8140][gc,start     ] GC(12) Pause Young (Allocation Failure)
[2022-06-16T20:19:29.891+0000][8140][gc,task      ] GC(12) Using 2 workers of 2 for evacuation
[2022-06-16T20:19:29.891+0000][8140][gc,age       ] GC(12) Desired survivor size 8716288 bytes, new threshold 6 (max threshold 6)
[2022-06-16T20:19:29.891+0000][8140][gc,age       ] GC(12) Age table with threshold 6 (max threshold 6)
[2022-06-16T20:19:29.891+0000][8140][gc,age       ] GC(12) - age   1:    1683232 bytes,    1683232 total
[2022-06-16T20:19:29.891+0000][8140][gc,age       ] GC(12) - age   2:      81464 bytes,    1764696 total
[2022-06-16T20:19:29.891+0000][8140][gc,age       ] GC(12) - age   3:     123592 bytes,    1888288 total
[2022-06-16T20:19:29.891+0000][8140][gc,age       ] GC(12) - age   4:     192640 bytes,    2080928 total
[2022-06-16T20:19:29.891+0000][8140][gc,age       ] GC(12) - age   5:     311992 bytes,    2392920 total
[2022-06-16T20:19:29.891+0000][8140][gc,age       ] GC(12) - age   6:    1526616 bytes,    3919536 total
[2022-06-16T20:19:29.891+0000][8140][gc,heap      ] GC(12) ParNew: 145514K->4872K(153344K)
[2022-06-16T20:19:29.891+0000][8140][gc,heap      ] GC(12) CMS: 14225K->14761K(878208K)
[2022-06-16T20:19:29.891+0000][8140][gc,metaspace ] GC(12) Metaspace: 27737K->27737K(1075200K)
[2022-06-16T20:19:29.891+0000][8140][gc           ] GC(12) Pause Young (Allocation Failure) 155M->19M(1007M) 6.650ms
[2022-06-16T20:19:29.891+0000][8140][gc,cpu       ] GC(12) User=0.00s Sys=0.00s Real=0.00s
[2022-06-16T20:19:29.891+0000][8140][safepoint    ] Leaving safepoint region
[2022-06-16T20:19:29.891+0000][8140][safepoint    ] Total time for which application threads were stopped: 0.0068118 seconds, Stopping threads took: 0.0000264 seconds
[2022-06-16T20:19:30.047+0000][8140][safepoint    ] Application time: 0.1561599 seconds
[2022-06-16T20:19:30.047+0000][8140][safepoint    ] Entering safepoint region: Deoptimize
[2022-06-16T20:19:30.047+0000][8140][safepoint    ] Leaving safepoint region
[2022-06-16T20:19:30.047+0000][8140][safepoint    ] Total time for which application threads were stopped: 0.0004713 seconds, Stopping threads took: 0.0000240 seconds
[2022-06-16T20:19:30.125+0000][8140][safepoint    ] Application time: 0.0785320 seconds
[2022-06-16T20:19:30.125+0000][8140][safepoint    ] Entering safepoint region: Deoptimize
[2022-06-16T20:19:30.125+0000][8140][safepoint    ] Leaving safepoint region
[2022-06-16T20:19:30.125+0000][8140][safepoint    ] Total time for which application threads were stopped: 0.0004863 seconds, Stopping threads took: 0.0000270 seconds
[2022-06-16T20:19:30.375+0000][8140][safepoint    ] Application time: 0.2511423 seconds
[2022-06-16T20:19:30.375+0000][8140][safepoint    ] Entering safepoint region: GenCollectForAllocation
[2022-06-16T20:19:30.375+0000][8140][gc,start     ] GC(13) Pause Young (Allocation Failure)
[2022-06-16T20:19:30.375+0000][8140][gc,task      ] GC(13) Using 2 workers of 2 for evacuation
[2022-06-16T20:19:30.391+0000][8140][gc,age       ] GC(13) Desired survivor size 8716288 bytes, new threshold 6 (max threshold 6)
[2022-06-16T20:19:30.391+0000][8140][gc,age       ] GC(13) Age table with threshold 6 (max threshold 6)
[2022-06-16T20:19:30.391+0000][8140][gc,age       ] GC(13) - age   1:    3289656 bytes,    3289656 total
[2022-06-16T20:19:30.391+0000][8140][gc,age       ] GC(13) - age   2:     265728 bytes,    3555384 total
[2022-06-16T20:19:30.391+0000][8140][gc,age       ] GC(13) - age   3:      81360 bytes,    3636744 total
[2022-06-16T20:19:30.391+0000][8140][gc,age       ] GC(13) - age   4:     123568 bytes,    3760312 total
[2022-06-16T20:19:30.391+0000][8140][gc,age       ] GC(13) - age   5:     192576 bytes,    3952888 total
[2022-06-16T20:19:30.391+0000][8140][gc,age       ] GC(13) - age   6:     311968 bytes,    4264856 total
[2022-06-16T20:19:30.391+0000][8140][gc,heap      ] GC(13) ParNew: 141192K->5052K(153344K)
[2022-06-16T20:19:30.391+0000][8140][gc,heap      ] GC(13) CMS: 14761K->16254K(878208K)
[2022-06-16T20:19:30.391+0000][8140][gc,metaspace ] GC(13) Metaspace: 29590K->29590K(1077248K)
[2022-06-16T20:19:30.391+0000][8140][gc           ] GC(13) Pause Young (Allocation Failure) 152M->20M(1007M) 8.386ms
[2022-06-16T20:19:30.391+0000][8140][gc,cpu       ] GC(13) User=0.03s Sys=0.00s Real=0.02s
[2022-06-16T20:19:30.391+0000][8140][safepoint    ] Leaving safepoint region
[2022-06-16T20:19:30.391+0000][8140][safepoint    ] Total time for which application threads were stopped: 0.0085748 seconds, Stopping threads took: 0.0000250 seconds
[2022-06-16T20:19:30.765+0000][8140][safepoint    ] Application time: 0.3735564 seconds
[2022-06-16T20:19:30.765+0000][8140][safepoint    ] Entering safepoint region: GenCollectForAllocation
[2022-06-16T20:19:30.765+0000][8140][gc,start     ] GC(14) Pause Young (Allocation Failure)
[2022-06-16T20:19:30.765+0000][8140][gc,task      ] GC(14) Using 2 workers of 2 for evacuation
[2022-06-16T20:19:30.765+0000][8140][gc,age       ] GC(14) Desired survivor size 8716288 bytes, new threshold 6 (max threshold 6)
[2022-06-16T20:19:30.765+0000][8140][gc,age       ] GC(14) Age table with threshold 6 (max threshold 6)
[2022-06-16T20:19:30.765+0000][8140][gc,age       ] GC(14) - age   1:     644544 bytes,     644544 total
[2022-06-16T20:19:30.765+0000][8140][gc,age       ] GC(14) - age   2:    1480744 bytes,    2125288 total
[2022-06-16T20:19:30.765+0000][8140][gc,age       ] GC(14) - age   3:     265728 bytes,    2391016 total
[2022-06-16T20:19:30.765+0000][8140][gc,age       ] GC(14) - age   4:      81360 bytes,    2472376 total
[2022-06-16T20:19:30.765+0000][8140][gc,age       ] GC(14) - age   5:     123592 bytes,    2595968 total
[2022-06-16T20:19:30.765+0000][8140][gc,age       ] GC(14) - age   6:     192576 bytes,    2788544 total
[2022-06-16T20:19:30.765+0000][8140][gc,heap      ] GC(14) ParNew: 141372K->5947K(153344K)
[2022-06-16T20:19:30.765+0000][8140][gc,heap      ] GC(14) CMS: 16254K->16561K(878208K)
[2022-06-16T20:19:30.765+0000][8140][gc,metaspace ] GC(14) Metaspace: 29791K->29791K(1077248K)
[2022-06-16T20:19:30.765+0000][8140][gc           ] GC(14) Pause Young (Allocation Failure) 153M->21M(1007M) 5.653ms
[2022-06-16T20:19:30.765+0000][8140][gc,cpu       ] GC(14) User=0.00s Sys=0.00s Real=0.00s
[2022-06-16T20:19:30.765+0000][8140][safepoint    ] Leaving safepoint region
[2022-06-16T20:19:30.765+0000][8140][safepoint    ] Total time for which application threads were stopped: 0.0058217 seconds, Stopping threads took: 0.0000284 seconds
[2022-06-16T20:19:31.625+0000][8140][safepoint    ] Application time: 0.8642482 seconds
[2022-06-16T20:19:31.625+0000][8140][safepoint    ] Entering safepoint region: GenCollectForAllocation
[2022-06-16T20:19:31.625+0000][8140][gc,start     ] GC(15) Pause Young (Allocation Failure)
[2022-06-16T20:19:31.625+0000][8140][gc,task      ] GC(15) Using 2 workers of 2 for evacuation
[2022-06-16T20:19:31.640+0000][8140][gc,age       ] GC(15) Desired survivor size 8716288 bytes, new threshold 6 (max threshold 6)
[2022-06-16T20:19:31.640+0000][8140][gc,age       ] GC(15) Age table with threshold 6 (max threshold 6)
[2022-06-16T20:19:31.640+0000][8140][gc,age       ] GC(15) - age   1:     824240 bytes,     824240 total
[2022-06-16T20:19:31.640+0000][8140][gc,age       ] GC(15) - age   2:     472408 bytes,    1296648 total
[2022-06-16T20:19:31.640+0000][8140][gc,age       ] GC(15) - age   3:    1480936 bytes,    2777584 total
[2022-06-16T20:19:31.640+0000][8140][gc,age       ] GC(15) - age   4:     265728 bytes,    3043312 total
[2022-06-16T20:19:31.640+0000][8140][gc,age       ] GC(15) - age   5:      81144 bytes,    3124456 total
[2022-06-16T20:19:31.640+0000][8140][gc,age       ] GC(15) - age   6:     123592 bytes,    3248048 total
[2022-06-16T20:19:31.640+0000][8140][gc,heap      ] GC(15) ParNew: 142267K->4140K(153344K)
[2022-06-16T20:19:31.640+0000][8140][gc,heap      ] GC(15) CMS: 16561K->16759K(878208K)
[2022-06-16T20:19:31.640+0000][8140][gc,metaspace ] GC(15) Metaspace: 29866K->29866K(1077248K)
[2022-06-16T20:19:31.640+0000][8140][gc           ] GC(15) Pause Young (Allocation Failure) 155M->20M(1007M) 6.023ms
[2022-06-16T20:19:31.640+0000][8140][gc,cpu       ] GC(15) User=0.03s Sys=0.00s Real=0.02s
[2022-06-16T20:19:31.640+0000][8140][safepoint    ] Leaving safepoint region
[2022-06-16T20:19:31.640+0000][8140][safepoint    ] Total time for which application threads were stopped: 0.0061920 seconds, Stopping threads took: 0.0000265 seconds
[2022-06-16T20:19:32.453+0000][8140][safepoint    ] Application time: 0.8160174 seconds
[2022-06-16T20:19:32.453+0000][8140][safepoint    ] Entering safepoint region: GenCollectForAllocation
[2022-06-16T20:19:32.453+0000][8140][gc,start     ] GC(16) Pause Young (Allocation Failure)
[2022-06-16T20:19:32.453+0000][8140][gc,task      ] GC(16) Using 2 workers of 2 for evacuation
[2022-06-16T20:19:32.453+0000][8140][gc,age       ] GC(16) Desired survivor size 8716288 bytes, new threshold 6 (max threshold 6)
[2022-06-16T20:19:32.453+0000][8140][gc,age       ] GC(16) Age table with threshold 6 (max threshold 6)
[2022-06-16T20:19:32.453+0000][8140][gc,age       ] GC(16) - age   1:      67136 bytes,      67136 total
[2022-06-16T20:19:32.453+0000][8140][gc,age       ] GC(16) - age   2:     230352 bytes,     297488 total
[2022-06-16T20:19:32.453+0000][8140][gc,age       ] GC(16) - age   3:     472408 bytes,     769896 total
[2022-06-16T20:19:32.453+0000][8140][gc,age       ] GC(16) - age   4:    1480720 bytes,    2250616 total
[2022-06-16T20:19:32.453+0000][8140][gc,age       ] GC(16) - age   5:     265728 bytes,    2516344 total
[2022-06-16T20:19:32.453+0000][8140][gc,age       ] GC(16) - age   6:      81144 bytes,    2597488 total
[2022-06-16T20:19:32.453+0000][8140][gc,heap      ] GC(16) ParNew: 140395K->4365K(153344K)
[2022-06-16T20:19:32.453+0000][8140][gc,heap      ] GC(16) CMS: 16759K->16883K(878208K)
[2022-06-16T20:19:32.453+0000][8140][gc,metaspace ] GC(16) Metaspace: 29876K->29876K(1077248K)
[2022-06-16T20:19:32.453+0000][8140][gc           ] GC(16) Pause Young (Allocation Failure) 153M->20M(1007M) 5.273ms
[2022-06-16T20:19:32.453+0000][8140][gc,cpu       ] GC(16) User=0.00s Sys=0.00s Real=0.00s
[2022-06-16T20:19:32.453+0000][8140][safepoint    ] Leaving safepoint region
[2022-06-16T20:19:32.453+0000][8140][safepoint    ] Total time for which application threads were stopped: 0.0055393 seconds, Stopping threads took: 0.0000269 seconds
[2022-06-16T20:19:33.297+0000][8140][safepoint    ] Application time: 0.8337275 seconds
[2022-06-16T20:19:33.297+0000][8140][safepoint    ] Entering safepoint region: GenCollectForAllocation
[2022-06-16T20:19:33.297+0000][8140][gc,start     ] GC(17) Pause Young (Allocation Failure)
[2022-06-16T20:19:33.297+0000][8140][gc,task      ] GC(17) Using 2 workers of 2 for evacuation
[2022-06-16T20:19:33.312+0000][8140][gc,age       ] GC(17) Desired survivor size 8716288 bytes, new threshold 6 (max threshold 6)
[2022-06-16T20:19:33.312+0000][8140][gc,age       ] GC(17) Age table with threshold 6 (max threshold 6)
[2022-06-16T20:19:33.312+0000][8140][gc,age       ] GC(17) - age   1:    2082704 bytes,    2082704 total
[2022-06-16T20:19:33.312+0000][8140][gc,age       ] GC(17) - age   2:      44648 bytes,    2127352 total
[2022-06-16T20:19:33.312+0000][8140][gc,age       ] GC(17) - age   3:     230352 bytes,    2357704 total
[2022-06-16T20:19:33.312+0000][8140][gc,age       ] GC(17) - age   4:     472408 bytes,    2830112 total
[2022-06-16T20:19:33.312+0000][8140][gc,age       ] GC(17) - age   5:    1480632 bytes,    4310744 total
[2022-06-16T20:19:33.312+0000][8140][gc,age       ] GC(17) - age   6:     265728 bytes,    4576472 total
[2022-06-16T20:19:33.312+0000][8140][gc,heap      ] GC(17) ParNew: 140685K->5548K(153344K)
[2022-06-16T20:19:33.312+0000][8140][gc,heap      ] GC(17) CMS: 16883K->16963K(878208K)
[2022-06-16T20:19:33.312+0000][8140][gc,metaspace ] GC(17) Metaspace: 29928K->29928K(1077248K)
[2022-06-16T20:19:33.312+0000][8140][gc           ] GC(17) Pause Young (Allocation Failure) 153M->21M(1007M) 13.257ms
[2022-06-16T20:19:33.312+0000][8140][gc,cpu       ] GC(17) User=0.02s Sys=0.00s Real=0.02s
[2022-06-16T20:19:33.312+0000][8140][safepoint    ] Leaving safepoint region
[2022-06-16T20:19:33.312+0000][8140][safepoint    ] Total time for which application threads were stopped: 0.0134321 seconds, Stopping threads took: 0.0000261 seconds
[2022-06-16T20:19:33.515+0000][8140][safepoint    ] Application time: 0.2017589 seconds
[2022-06-16T20:19:33.515+0000][8140][safepoint    ] Entering safepoint region: RevokeBias
[2022-06-16T20:19:33.515+0000][8140][safepoint    ] Leaving safepoint region
[2022-06-16T20:19:33.515+0000][8140][safepoint    ] Total time for which application threads were stopped: 0.0000855 seconds, Stopping threads took: 0.0000247 seconds
[2022-06-16T20:19:33.515+0000][8140][safepoint    ] Application time: 0.0070451 seconds
[2022-06-16T20:19:33.515+0000][8140][safepoint    ] Entering safepoint region: RevokeBias
[2022-06-16T20:19:33.515+0000][8140][safepoint    ] Leaving safepoint region
[2022-06-16T20:19:33.515+0000][8140][safepoint    ] Total time for which application threads were stopped: 0.0000866 seconds, Stopping threads took: 0.0000243 seconds
[2022-06-16T20:19:33.562+0000][8140][safepoint    ] Application time: 0.0436156 seconds
[2022-06-16T20:19:33.562+0000][8140][safepoint    ] Entering safepoint region: Deoptimize
[2022-06-16T20:19:33.562+0000][8140][safepoint    ] Leaving safepoint region
[2022-06-16T20:19:33.562+0000][8140][safepoint    ] Total time for which application threads were stopped: 0.0004826 seconds, Stopping threads took: 0.0000206 seconds
[2022-06-16T20:19:34.578+0000][8140][safepoint    ] Application time: 1.0096261 seconds
[2022-06-16T20:19:34.578+0000][8140][safepoint    ] Entering safepoint region: Cleanup
[2022-06-16T20:19:34.578+0000][8140][safepoint    ] Leaving safepoint region
[2022-06-16T20:19:34.578+0000][8140][safepoint    ] Total time for which application threads were stopped: 0.0039350 seconds, Stopping threads took: 0.0038158 seconds
[2022-06-16T20:19:34.578+0000][8140][safepoint    ] Application time: 0.0002860 seconds
[2022-06-16T20:19:34.578+0000][8140][safepoint    ] Entering safepoint region: RevokeBias
[2022-06-16T20:19:34.578+0000][8140][safepoint    ] Leaving safepoint region
[2022-06-16T20:19:34.578+0000][8140][safepoint    ] Total time for which application threads were stopped: 0.0001320 seconds, Stopping threads took: 0.0000536 seconds
[2022-06-16T20:19:34.578+0000][8140][safepoint    ] Application time: 0.0002197 seconds
[2022-06-16T20:19:34.578+0000][8140][safepoint    ] Entering safepoint region: RevokeBias
[2022-06-16T20:19:34.578+0000][8140][safepoint    ] Leaving safepoint region
[2022-06-16T20:19:34.578+0000][8140][safepoint    ] Total time for which application threads were stopped: 0.0004355 seconds, Stopping threads took: 0.0003456 seconds
[2022-06-16T20:19:34.640+0000][8140][safepoint    ] Application time: 0.0584179 seconds
[2022-06-16T20:19:34.640+0000][8140][safepoint    ] Entering safepoint region: RevokeBias
[2022-06-16T20:19:34.640+0000][8140][safepoint    ] Leaving safepoint region
[2022-06-16T20:19:34.640+0000][8140][safepoint    ] Total time for which application threads were stopped: 0.0001188 seconds, Stopping threads took: 0.0000275 seconds
[2022-06-16T20:19:35.219+0000][8140][safepoint    ] Application time: 0.5862562 seconds
[2022-06-16T20:19:35.219+0000][8140][safepoint    ] Entering safepoint region: GenCollectForAllocation
[2022-06-16T20:19:35.219+0000][8140][gc,start     ] GC(18) Pause Young (Allocation Failure)
[2022-06-16T20:19:35.219+0000][8140][gc,task      ] GC(18) Using 2 workers of 2 for evacuation
[2022-06-16T20:19:35.234+0000][8140][gc,age       ] GC(18) Desired survivor size 8716288 bytes, new threshold 6 (max threshold 6)
[2022-06-16T20:19:35.234+0000][8140][gc,age       ] GC(18) Age table with threshold 6 (max threshold 6)
[2022-06-16T20:19:35.234+0000][8140][gc,age       ] GC(18) - age   1:    2084792 bytes,    2084792 total
[2022-06-16T20:19:35.234+0000][8140][gc,age       ] GC(18) - age   2:     286408 bytes,    2371200 total
[2022-06-16T20:19:35.234+0000][8140][gc,age       ] GC(18) - age   3:      44288 bytes,    2415488 total
[2022-06-16T20:19:35.234+0000][8140][gc,age       ] GC(18) - age   4:     230240 bytes,    2645728 total
[2022-06-16T20:19:35.234+0000][8140][gc,age       ] GC(18) - age   5:     471784 bytes,    3117512 total
[2022-06-16T20:19:35.234+0000][8140][gc,age       ] GC(18) - age   6:    1477960 bytes,    4595472 total
[2022-06-16T20:19:35.234+0000][8140][gc,heap      ] GC(18) ParNew: 141868K->5622K(153344K)
[2022-06-16T20:19:35.234+0000][8140][gc,heap      ] GC(18) CMS: 16963K->17224K(878208K)
[2022-06-16T20:19:35.234+0000][8140][gc,metaspace ] GC(18) Metaspace: 35417K->35417K(1083392K)
[2022-06-16T20:19:35.234+0000][8140][gc           ] GC(18) Pause Young (Allocation Failure) 155M->22M(1007M) 9.312ms
[2022-06-16T20:19:35.234+0000][8140][gc,cpu       ] GC(18) User=0.03s Sys=0.00s Real=0.01s
[2022-06-16T20:19:35.234+0000][8140][safepoint    ] Leaving safepoint region
[2022-06-16T20:19:35.234+0000][8140][safepoint    ] Total time for which application threads were stopped: 0.0096400 seconds, Stopping threads took: 0.0000222 seconds
[2022-06-16T20:19:35.484+0000][8140][safepoint    ] Application time: 0.2579776 seconds
[2022-06-16T20:19:35.484+0000][8140][safepoint    ] Entering safepoint region: CollectForMetadataAllocation
[2022-06-16T20:19:35.484+0000][8140][safepoint    ] Leaving safepoint region
[2022-06-16T20:19:35.484+0000][8140][safepoint    ] Total time for which application threads were stopped: 0.0001988 seconds, Stopping threads took: 0.0000270 seconds
[2022-06-16T20:19:35.500+0000][8140][safepoint    ] Application time: 0.0149085 seconds
[2022-06-16T20:19:35.500+0000][8140][safepoint    ] Entering safepoint region: CollectForMetadataAllocation
[2022-06-16T20:19:35.500+0000][8140][safepoint    ] Leaving safepoint region
[2022-06-16T20:19:35.500+0000][8140][safepoint    ] Total time for which application threads were stopped: 0.0001707 seconds, Stopping threads took: 0.0000257 seconds
[2022-06-16T20:19:35.515+0000][8140][safepoint    ] Application time: 0.0151227 seconds
[2022-06-16T20:19:35.515+0000][8140][safepoint    ] Entering safepoint region: CollectForMetadataAllocation
[2022-06-16T20:19:35.515+0000][8140][safepoint    ] Leaving safepoint region
[2022-06-16T20:19:35.515+0000][8140][safepoint    ] Total time for which application threads were stopped: 0.0001656 seconds, Stopping threads took: 0.0000256 seconds
[2022-06-16T20:19:35.547+0000][8140][safepoint    ] Application time: 0.0245200 seconds
[2022-06-16T20:19:35.547+0000][8140][safepoint    ] Entering safepoint region: CollectForMetadataAllocation
[2022-06-16T20:19:35.547+0000][8140][safepoint    ] Leaving safepoint region
[2022-06-16T20:19:35.547+0000][8140][safepoint    ] Total time for which application threads were stopped: 0.0001784 seconds, Stopping threads took: 0.0000250 seconds
[2022-06-16T20:19:35.562+0000][8140][safepoint    ] Application time: 0.0193549 seconds
[2022-06-16T20:19:35.562+0000][8140][safepoint    ] Entering safepoint region: CollectForMetadataAllocation
[2022-06-16T20:19:35.562+0000][8140][safepoint    ] Leaving safepoint region
[2022-06-16T20:19:35.562+0000][8140][safepoint    ] Total time for which application threads were stopped: 0.0001723 seconds, Stopping threads took: 0.0000253 seconds
[2022-06-16T20:19:35.562+0000][8140][safepoint    ] Application time: 0.0052543 seconds
[2022-06-16T20:19:35.562+0000][8140][safepoint    ] Entering safepoint region: Deoptimize
[2022-06-16T20:19:35.562+0000][8140][safepoint    ] Leaving safepoint region
[2022-06-16T20:19:35.562+0000][8140][safepoint    ] Total time for which application threads were stopped: 0.0004775 seconds, Stopping threads took: 0.0000233 seconds
[2022-06-16T20:19:35.609+0000][8140][safepoint    ] Application time: 0.0368240 seconds
[2022-06-16T20:19:35.609+0000][8140][safepoint    ] Entering safepoint region: CollectForMetadataAllocation
[2022-06-16T20:19:35.609+0000][8140][safepoint    ] Leaving safepoint region
[2022-06-16T20:19:35.609+0000][8140][safepoint    ] Total time for which application threads were stopped: 0.0001864 seconds, Stopping threads took: 0.0000251 seconds
[2022-06-16T20:19:35.609+0000][8140][safepoint    ] Application time: 0.0031462 seconds
[2022-06-16T20:19:35.609+0000][8140][safepoint    ] Entering safepoint region: Deoptimize
[2022-06-16T20:19:35.609+0000][8140][safepoint    ] Leaving safepoint region
[2022-06-16T20:19:35.609+0000][8140][safepoint    ] Total time for which application threads were stopped: 0.0004816 seconds, Stopping threads took: 0.0000221 seconds
[2022-06-16T20:19:35.609+0000][8140][safepoint    ] Application time: 0.0064527 seconds
[2022-06-16T20:19:35.609+0000][8140][safepoint    ] Entering safepoint region: Deoptimize
[2022-06-16T20:19:35.609+0000][8140][safepoint    ] Leaving safepoint region
[2022-06-16T20:19:35.609+0000][8140][safepoint    ] Total time for which application threads were stopped: 0.0005747 seconds, Stopping threads took: 0.0001255 seconds
[2022-06-16T20:19:35.625+0000][8140][safepoint    ] Application time: 0.0060206 seconds
[2022-06-16T20:19:35.625+0000][8140][safepoint    ] Entering safepoint region: CollectForMetadataAllocation
[2022-06-16T20:19:35.625+0000][8140][safepoint    ] Leaving safepoint region
[2022-06-16T20:19:35.625+0000][8140][safepoint    ] Total time for which application threads were stopped: 0.0001748 seconds, Stopping threads took: 0.0000236 seconds
[2022-06-16T20:19:35.719+0000][8140][safepoint    ] Application time: 0.0900462 seconds
[2022-06-16T20:19:35.719+0000][8140][safepoint    ] Entering safepoint region: RevokeBias
[2022-06-16T20:19:35.719+0000][8140][safepoint    ] Leaving safepoint region
[2022-06-16T20:19:35.719+0000][8140][safepoint    ] Total time for which application threads were stopped: 0.0001018 seconds, Stopping threads took: 0.0000265 seconds
[2022-06-16T20:19:35.875+0000][8140][safepoint    ] Application time: 0.1606978 seconds
[2022-06-16T20:19:35.875+0000][8140][safepoint    ] Entering safepoint region: CollectForMetadataAllocation
[2022-06-16T20:19:35.875+0000][8140][safepoint    ] Leaving safepoint region
[2022-06-16T20:19:35.875+0000][8140][safepoint    ] Total time for which application threads were stopped: 0.0002034 seconds, Stopping threads took: 0.0000278 seconds
[2022-06-16T20:19:35.984+0000][8140][safepoint    ] Application time: 0.1090735 seconds
[2022-06-16T20:19:35.984+0000][8140][safepoint    ] Entering safepoint region: CollectForMetadataAllocation
[2022-06-16T20:19:35.984+0000][8140][safepoint    ] Leaving safepoint region
[2022-06-16T20:19:35.984+0000][8140][safepoint    ] Total time for which application threads were stopped: 0.0001749 seconds, Stopping threads took: 0.0000236 seconds
[2022-06-16T20:19:36.000+0000][8140][safepoint    ] Application time: 0.0216010 seconds
[2022-06-16T20:19:36.000+0000][8140][safepoint    ] Entering safepoint region: RevokeBias
[2022-06-16T20:19:36.000+0000][8140][safepoint    ] Leaving safepoint region
[2022-06-16T20:19:36.000+0000][8140][safepoint    ] Total time for which application threads were stopped: 0.0000879 seconds, Stopping threads took: 0.0000245 seconds
[2022-06-16T20:19:36.484+0000][8140][safepoint    ] Application time: 0.4782038 seconds
[2022-06-16T20:19:36.484+0000][8140][safepoint    ] Entering safepoint region: CollectForMetadataAllocation
[2022-06-16T20:19:36.484+0000][8140][safepoint    ] Leaving safepoint region
[2022-06-16T20:19:36.484+0000][8140][safepoint    ] Total time for which application threads were stopped: 0.0002171 seconds, Stopping threads took: 0.0000256 seconds
[2022-06-16T20:19:37.250+0000][8140][safepoint    ] Application time: 0.7583284 seconds
[2022-06-16T20:19:37.250+0000][8140][safepoint    ] Entering safepoint region: CMS_Initial_Mark
[2022-06-16T20:19:37.250+0000][8140][gc,start     ] GC(19) Pause Initial Mark
[2022-06-16T20:19:37.281+0000][8140][gc           ] GC(19) Pause Initial Mark 106M->106M(1007M) 42.605ms
[2022-06-16T20:19:37.281+0000][8140][gc,cpu       ] GC(19) User=0.06s Sys=0.00s Real=0.03s
[2022-06-16T20:19:37.281+0000][8140][safepoint    ] Leaving safepoint region
[2022-06-16T20:19:37.281+0000][8140][safepoint    ] Total time for which application threads were stopped: 0.0427938 seconds, Stopping threads took: 0.0000277 seconds
[2022-06-16T20:19:37.281+0000][8140][gc           ] GC(19) Concurrent Mark
[2022-06-16T20:19:37.312+0000][8140][gc           ] GC(19) Concurrent Mark 21.558ms
[2022-06-16T20:19:37.312+0000][8140][gc,cpu       ] GC(19) User=0.06s Sys=0.00s Real=0.03s
[2022-06-16T20:19:37.312+0000][8140][gc           ] GC(19) Concurrent Preclean
[2022-06-16T20:19:37.312+0000][8140][gc           ] GC(19) Concurrent Preclean 3.242ms
[2022-06-16T20:19:37.312+0000][8140][gc,cpu       ] GC(19) User=0.00s Sys=0.00s Real=0.00s
[2022-06-16T20:19:37.312+0000][8140][gc           ] GC(19) Concurrent Abortable Preclean
[2022-06-16T20:19:39.312+0000][8140][safepoint    ] Application time: 2.0211077 seconds
[2022-06-16T20:19:39.312+0000][8140][safepoint    ] Entering safepoint region: Cleanup
[2022-06-16T20:19:39.312+0000][8140][safepoint    ] Leaving safepoint region
[2022-06-16T20:19:39.312+0000][8140][safepoint    ] Total time for which application threads were stopped: 0.0001885 seconds, Stopping threads took: 0.0001096 seconds
[2022-06-16T20:19:39.390+0000][8140][safepoint    ] Application time: 0.0802472 seconds
[2022-06-16T20:19:39.390+0000][8140][safepoint    ] Entering safepoint region: GenCollectForAllocation
[2022-06-16T20:19:39.390+0000][8140][gc,start     ] GC(20) Pause Young (Allocation Failure)
[2022-06-16T20:19:39.390+0000][8140][gc,task      ] GC(20) Using 2 workers of 2 for evacuation
[2022-06-16T20:19:39.437+0000][8140][gc           ] GC(19) Concurrent Abortable Preclean 2125.502ms
[2022-06-16T20:19:39.437+0000][8140][gc,cpu       ] GC(19) User=2.44s Sys=0.06s Real=2.13s
[2022-06-16T20:19:39.437+0000][8140][gc,age       ] GC(20) Desired survivor size 8716288 bytes, new threshold 1 (max threshold 6)
[2022-06-16T20:19:39.437+0000][8140][gc,age       ] GC(20) Age table with threshold 1 (max threshold 6)
[2022-06-16T20:19:39.437+0000][8140][gc,age       ] GC(20) - age   1:   13804536 bytes,   13804536 total
[2022-06-16T20:19:39.437+0000][8140][gc,age       ] GC(20) - age   2:    1828480 bytes,   15633016 total
[2022-06-16T20:19:39.437+0000][8140][gc,age       ] GC(20) - age   3:     285952 bytes,   15918968 total
[2022-06-16T20:19:39.437+0000][8140][gc,age       ] GC(20) - age   4:      44288 bytes,   15963256 total
[2022-06-16T20:19:39.437+0000][8140][gc,age       ] GC(20) - age   5:     228936 bytes,   16192192 total
[2022-06-16T20:19:39.437+0000][8140][gc,age       ] GC(20) - age   6:     470144 bytes,   16662336 total
[2022-06-16T20:19:39.437+0000][8140][gc,heap      ] GC(20) ParNew: 141942K->17024K(153344K)
[2022-06-16T20:19:39.437+0000][8140][gc,heap      ] GC(20) CMS: 17224K->18920K(878208K)
[2022-06-16T20:19:39.437+0000][8140][gc,metaspace ] GC(20) Metaspace: 39912K->39912K(1087488K)
[2022-06-16T20:19:39.437+0000][8140][gc           ] GC(20) Pause Young (Allocation Failure) 155M->35M(1007M) 49.364ms
[2022-06-16T20:19:39.437+0000][8140][gc,cpu       ] GC(20) User=0.09s Sys=0.00s Real=0.05s
[2022-06-16T20:19:39.437+0000][8140][safepoint    ] Leaving safepoint region
[2022-06-16T20:19:39.437+0000][8140][safepoint    ] Total time for which application threads were stopped: 0.0495257 seconds, Stopping threads took: 0.0000276 seconds
[2022-06-16T20:19:39.437+0000][8140][safepoint    ] Application time: 0.0001071 seconds
[2022-06-16T20:19:39.437+0000][8140][safepoint    ] Entering safepoint region: CMS_Final_Remark
[2022-06-16T20:19:39.437+0000][8140][gc,start     ] GC(19) Pause Remark
[2022-06-16T20:19:39.453+0000][8140][gc           ] GC(19) Pause Remark 35M->35M(1007M) 21.225ms
[2022-06-16T20:19:39.453+0000][8140][gc,cpu       ] GC(19) User=0.03s Sys=0.00s Real=0.02s
[2022-06-16T20:19:39.453+0000][8140][safepoint    ] Leaving safepoint region
[2022-06-16T20:19:39.453+0000][8140][safepoint    ] Total time for which application threads were stopped: 0.0213897 seconds, Stopping threads took: 0.0000223 seconds
[2022-06-16T20:19:39.453+0000][8140][gc           ] GC(19) Concurrent Sweep
[2022-06-16T20:19:39.469+0000][8140][gc           ] GC(19) Concurrent Sweep 5.636ms
[2022-06-16T20:19:39.469+0000][8140][gc,cpu       ] GC(19) User=0.03s Sys=0.00s Real=0.02s
[2022-06-16T20:19:39.469+0000][8140][gc           ] GC(19) Concurrent Reset
[2022-06-16T20:19:39.469+0000][8140][gc           ] GC(19) Concurrent Reset 1.145ms
[2022-06-16T20:19:39.469+0000][8140][gc,cpu       ] GC(19) User=0.00s Sys=0.00s Real=0.00s
[2022-06-16T20:19:39.469+0000][8140][gc,heap      ] GC(19) Old: 17224K->18769K(878208K)
[2022-06-16T20:19:39.687+0000][8140][safepoint    ] Application time: 0.2335988 seconds
[2022-06-16T20:19:39.687+0000][8140][safepoint    ] Entering safepoint region: RevokeBias
[2022-06-16T20:19:39.687+0000][8140][safepoint    ] Leaving safepoint region
[2022-06-16T20:19:39.687+0000][8140][safepoint    ] Total time for which application threads were stopped: 0.0002274 seconds, Stopping threads took: 0.0001448 seconds
[2022-06-16T20:19:39.687+0000][8140][safepoint    ] Application time: 0.0001909 seconds
[2022-06-16T20:19:39.687+0000][8140][safepoint    ] Entering safepoint region: RevokeBias
[2022-06-16T20:19:39.687+0000][8140][safepoint    ] Leaving safepoint region
[2022-06-16T20:19:39.687+0000][8140][safepoint    ] Total time for which application threads were stopped: 0.0001162 seconds, Stopping threads took: 0.0000445 seconds
[2022-06-16T20:19:39.687+0000][8140][safepoint    ] Application time: 0.0000662 seconds
[2022-06-16T20:19:39.687+0000][8140][safepoint    ] Entering safepoint region: RevokeBias
[2022-06-16T20:19:39.687+0000][8140][safepoint    ] Leaving safepoint region
[2022-06-16T20:19:39.687+0000][8140][safepoint    ] Total time for which application threads were stopped: 0.0000954 seconds, Stopping threads took: 0.0000347 seconds
[2022-06-16T20:19:39.687+0000][8140][safepoint    ] Application time: 0.0001452 seconds
[2022-06-16T20:19:39.687+0000][8140][safepoint    ] Entering safepoint region: RevokeBias
[2022-06-16T20:19:39.687+0000][8140][safepoint    ] Leaving safepoint region
[2022-06-16T20:19:39.687+0000][8140][safepoint    ] Total time for which application threads were stopped: 0.0000920 seconds, Stopping threads took: 0.0000345 seconds
[2022-06-16T20:19:39.687+0000][8140][safepoint    ] Application time: 0.0022388 seconds
[2022-06-16T20:19:39.687+0000][8140][safepoint    ] Entering safepoint region: RevokeBias
[2022-06-16T20:19:39.687+0000][8140][safepoint    ] Leaving safepoint region
[2022-06-16T20:19:39.687+0000][8140][safepoint    ] Total time for which application threads were stopped: 0.0001201 seconds, Stopping threads took: 0.0000528 seconds
[2022-06-16T20:19:39.703+0000][8140][safepoint    ] Application time: 0.0004664 seconds
[2022-06-16T20:19:39.703+0000][8140][safepoint    ] Entering safepoint region: RevokeBias
[2022-06-16T20:19:39.703+0000][8140][safepoint    ] Leaving safepoint region
[2022-06-16T20:19:39.703+0000][8140][safepoint    ] Total time for which application threads were stopped: 0.0001238 seconds, Stopping threads took: 0.0000566 seconds
[2022-06-16T20:19:39.906+0000][8140][safepoint    ] Application time: 0.2043811 seconds
[2022-06-16T20:19:39.922+0000][8140][safepoint    ] Entering safepoint region: RevokeBias
[2022-06-16T20:19:39.922+0000][8140][safepoint    ] Leaving safepoint region
[2022-06-16T20:19:39.922+0000][8140][safepoint    ] Total time for which application threads were stopped: 0.0210141 seconds, Stopping threads took: 0.0209015 seconds
[2022-06-16T20:19:40.109+0000][8140][safepoint    ] Application time: 0.1805905 seconds
[2022-06-16T20:19:40.109+0000][8140][safepoint    ] Entering safepoint region: RevokeBias
[2022-06-16T20:19:40.109+0000][8140][safepoint    ] Leaving safepoint region
[2022-06-16T20:19:40.109+0000][8140][safepoint    ] Total time for which application threads were stopped: 0.0001057 seconds, Stopping threads took: 0.0000256 seconds
[2022-06-16T20:19:40.109+0000][8140][safepoint    ] Application time: 0.0000621 seconds
[2022-06-16T20:19:40.109+0000][8140][safepoint    ] Entering safepoint region: RevokeBias
[2022-06-16T20:19:40.109+0000][8140][safepoint    ] Leaving safepoint region
[2022-06-16T20:19:40.109+0000][8140][safepoint    ] Total time for which application threads were stopped: 0.0000749 seconds, Stopping threads took: 0.0000198 seconds
[2022-06-16T20:19:40.109+0000][8140][safepoint    ] Application time: 0.0000248 seconds
[2022-06-16T20:19:40.109+0000][8140][safepoint    ] Entering safepoint region: RevokeBias
[2022-06-16T20:19:40.109+0000][8140][safepoint    ] Leaving safepoint region
[2022-06-16T20:19:40.109+0000][8140][safepoint    ] Total time for which application threads were stopped: 0.0000636 seconds, Stopping threads took: 0.0000189 seconds
[2022-06-16T20:19:41.109+0000][8140][safepoint    ] Application time: 0.9995243 seconds
[2022-06-16T20:19:41.109+0000][8140][safepoint    ] Entering safepoint region: Cleanup
[2022-06-16T20:19:41.109+0000][8140][safepoint    ] Leaving safepoint region
[2022-06-16T20:19:41.109+0000][8140][safepoint    ] Total time for which application threads were stopped: 0.0001003 seconds, Stopping threads took: 0.0000247 seconds
[2022-06-16T20:19:41.297+0000][8140][safepoint    ] Application time: 0.1888583 seconds
[2022-06-16T20:19:41.297+0000][8140][safepoint    ] Entering safepoint region: RevokeBias
[2022-06-16T20:19:41.297+0000][8140][safepoint    ] Leaving safepoint region
[2022-06-16T20:19:41.297+0000][8140][safepoint    ] Total time for which application threads were stopped: 0.0001201 seconds, Stopping threads took: 0.0000290 seconds
[2022-06-16T20:19:42.312+0000][8140][safepoint    ] Application time: 1.0137288 seconds
[2022-06-16T20:19:42.312+0000][8140][safepoint    ] Entering safepoint region: Cleanup
[2022-06-16T20:19:42.312+0000][8140][safepoint    ] Leaving safepoint region
[2022-06-16T20:19:42.312+0000][8140][safepoint    ] Total time for which application threads were stopped: 0.0001551 seconds, Stopping threads took: 0.0000727 seconds
[2022-06-16T20:19:42.515+0000][8140][safepoint    ] Application time: 0.2063102 seconds
[2022-06-16T20:19:42.515+0000][8140][safepoint    ] Entering safepoint region: Deoptimize
[2022-06-16T20:19:42.515+0000][8140][safepoint    ] Leaving safepoint region
[2022-06-16T20:19:42.515+0000][8140][safepoint    ] Total time for which application threads were stopped: 0.0005825 seconds, Stopping threads took: 0.0000247 seconds
[2022-06-16T20:19:42.531+0000][8140][safepoint    ] Application time: 0.0255771 seconds
[2022-06-16T20:19:42.531+0000][8140][safepoint    ] Entering safepoint region: GenCollectForAllocation
[2022-06-16T20:19:42.531+0000][8140][gc,start     ] GC(21) Pause Young (Allocation Failure)
[2022-06-16T20:19:42.531+0000][8140][gc,task      ] GC(21) Using 2 workers of 2 for evacuation
[2022-06-16T20:19:42.609+0000][8140][gc,age       ] GC(21) Desired survivor size 8716288 bytes, new threshold 1 (max threshold 6)
[2022-06-16T20:19:42.609+0000][8140][gc,age       ] GC(21) Age table with threshold 1 (max threshold 6)
[2022-06-16T20:19:42.609+0000][8140][gc,age       ] GC(21) - age   1:   11729264 bytes,   11729264 total
[2022-06-16T20:19:42.609+0000][8140][gc,heap      ] GC(21) ParNew: 153344K->13279K(153344K)
[2022-06-16T20:19:42.609+0000][8140][gc,heap      ] GC(21) CMS: 18769K->36671K(878208K)
[2022-06-16T20:19:42.609+0000][8140][gc,metaspace ] GC(21) Metaspace: 43615K->43615K(1091584K)
[2022-06-16T20:19:42.609+0000][8140][gc           ] GC(21) Pause Young (Allocation Failure) 168M->48M(1007M) 74.797ms
[2022-06-16T20:19:42.609+0000][8140][gc,cpu       ] GC(21) User=0.14s Sys=0.00s Real=0.08s
[2022-06-16T20:19:42.609+0000][8140][safepoint    ] Leaving safepoint region
[2022-06-16T20:19:42.609+0000][8140][safepoint    ] Total time for which application threads were stopped: 0.0749586 seconds, Stopping threads took: 0.0000250 seconds
[2022-06-16T20:19:42.609+0000][8140][safepoint    ] Application time: 0.0012920 seconds
[2022-06-16T20:19:42.609+0000][8140][safepoint    ] Entering safepoint region: RevokeBias
[2022-06-16T20:19:42.609+0000][8140][safepoint    ] Leaving safepoint region
[2022-06-16T20:19:42.609+0000][8140][safepoint    ] Total time for which application threads were stopped: 0.0000780 seconds, Stopping threads took: 0.0000250 seconds
[2022-06-16T20:19:42.609+0000][8140][safepoint    ] Application time: 0.0000178 seconds
[2022-06-16T20:19:42.609+0000][8140][safepoint    ] Entering safepoint region: RevokeBias
[2022-06-16T20:19:42.609+0000][8140][safepoint    ] Leaving safepoint region
[2022-06-16T20:19:42.609+0000][8140][safepoint    ] Total time for which application threads were stopped: 0.0000504 seconds, Stopping threads took: 0.0000191 seconds
[2022-06-16T20:19:43.609+0000][8140][safepoint    ] Application time: 0.9875502 seconds
[2022-06-16T20:19:43.609+0000][8140][safepoint    ] Entering safepoint region: Cleanup
[2022-06-16T20:19:43.609+0000][8140][safepoint    ] Leaving safepoint region
[2022-06-16T20:19:43.609+0000][8140][safepoint    ] Total time for which application threads were stopped: 0.0002160 seconds, Stopping threads took: 0.0001003 seconds
[2022-06-16T20:19:43.734+0000][8140][safepoint    ] Application time: 0.1327698 seconds
[2022-06-16T20:19:43.734+0000][8140][safepoint    ] Entering safepoint region: RevokeBias
[2022-06-16T20:19:43.734+0000][8140][safepoint    ] Leaving safepoint region
[2022-06-16T20:19:43.734+0000][8140][safepoint    ] Total time for which application threads were stopped: 0.0001274 seconds, Stopping threads took: 0.0000273 seconds
[2022-06-16T20:19:44.203+0000][8140][safepoint    ] Application time: 0.4669834 seconds
[2022-06-16T20:19:44.203+0000][8140][safepoint    ] Entering safepoint region: RevokeBias
[2022-06-16T20:19:44.203+0000][8140][safepoint    ] Leaving safepoint region
[2022-06-16T20:19:44.203+0000][8140][safepoint    ] Total time for which application threads were stopped: 0.0000993 seconds, Stopping threads took: 0.0000278 seconds
[2022-06-16T20:19:45.062+0000][8140][safepoint    ] Application time: 0.8622246 seconds
[2022-06-16T20:19:45.062+0000][8140][safepoint    ] Entering safepoint region: GenCollectForAllocation
[2022-06-16T20:19:45.062+0000][8140][gc,start     ] GC(22) Pause Young (Allocation Failure)
[2022-06-16T20:19:45.062+0000][8140][gc,task      ] GC(22) Using 2 workers of 2 for evacuation
[2022-06-16T20:19:45.109+0000][8140][gc,age       ] GC(22) Desired survivor size 8716288 bytes, new threshold 6 (max threshold 6)
[2022-06-16T20:19:45.109+0000][8140][gc,age       ] GC(22) Age table with threshold 6 (max threshold 6)
[2022-06-16T20:19:45.109+0000][8140][gc,age       ] GC(22) - age   1:    4590272 bytes,    4590272 total
[2022-06-16T20:19:45.109+0000][8140][gc,heap      ] GC(22) ParNew: 149599K->11910K(153344K)
[2022-06-16T20:19:45.109+0000][8140][gc,heap      ] GC(22) CMS: 36671K->48150K(878208K)
[2022-06-16T20:19:45.109+0000][8140][gc,metaspace ] GC(22) Metaspace: 55667K->55667K(1101824K)
[2022-06-16T20:19:45.109+0000][8140][gc           ] GC(22) Pause Young (Allocation Failure) 181M->58M(1007M) 40.424ms
[2022-06-16T20:19:45.109+0000][8140][gc,cpu       ] GC(22) User=0.09s Sys=0.00s Real=0.05s
[2022-06-16T20:19:45.109+0000][8140][safepoint    ] Leaving safepoint region
[2022-06-16T20:19:45.109+0000][8140][safepoint    ] Total time for which application threads were stopped: 0.0406073 seconds, Stopping threads took: 0.0000251 seconds
[2022-06-16T20:19:45.578+0000][8140][safepoint    ] Application time: 0.4802301 seconds
[2022-06-16T20:19:45.578+0000][8140][safepoint    ] Entering safepoint region: Deoptimize
[2022-06-16T20:19:45.578+0000][8140][safepoint    ] Leaving safepoint region
[2022-06-16T20:19:45.578+0000][8140][safepoint    ] Total time for which application threads were stopped: 0.0005931 seconds, Stopping threads took: 0.0000251 seconds
[2022-06-16T20:19:45.594+0000][8140][safepoint    ] Application time: 0.0113746 seconds
[2022-06-16T20:19:45.594+0000][8140][safepoint    ] Entering safepoint region: Deoptimize
[2022-06-16T20:19:45.594+0000][8140][safepoint    ] Leaving safepoint region
[2022-06-16T20:19:45.594+0000][8140][safepoint    ] Total time for which application threads were stopped: 0.0005483 seconds, Stopping threads took: 0.0000237 seconds
[2022-06-16T20:19:45.656+0000][8140][safepoint    ] Application time: 0.0612301 seconds
[2022-06-16T20:19:45.656+0000][8140][safepoint    ] Entering safepoint region: RevokeBias
[2022-06-16T20:19:45.656+0000][8140][safepoint    ] Leaving safepoint region
[2022-06-16T20:19:45.656+0000][8140][safepoint    ] Total time for which application threads were stopped: 0.0001405 seconds, Stopping threads took: 0.0000256 seconds
[2022-06-16T20:19:45.672+0000][8140][safepoint    ] Application time: 0.0144620 seconds
[2022-06-16T20:19:45.672+0000][8140][safepoint    ] Entering safepoint region: RevokeBias
[2022-06-16T20:19:45.672+0000][8140][safepoint    ] Leaving safepoint region
[2022-06-16T20:19:45.672+0000][8140][safepoint    ] Total time for which application threads were stopped: 0.0001238 seconds, Stopping threads took: 0.0000245 seconds
[2022-06-16T20:19:46.797+0000][8140][safepoint    ] Application time: 1.1151713 seconds
[2022-06-16T20:19:47.125+0000][8140][safepoint    ] Entering safepoint region: Cleanup
[2022-06-16T20:19:47.125+0000][8140][safepoint    ] Leaving safepoint region
[2022-06-16T20:19:47.125+0000][8140][safepoint    ] Total time for which application threads were stopped: 0.3337482 seconds, Stopping threads took: 0.3336236 seconds
[2022-06-16T20:19:48.125+0000][8140][safepoint    ] Application time: 0.9942701 seconds
[2022-06-16T20:19:48.125+0000][8140][safepoint    ] Entering safepoint region: Cleanup
[2022-06-16T20:19:48.125+0000][8140][safepoint    ] Leaving safepoint region
[2022-06-16T20:19:48.125+0000][8140][safepoint    ] Total time for which application threads were stopped: 0.0003780 seconds, Stopping threads took: 0.0001873 seconds
[2022-06-16T20:19:48.140+0000][8140][safepoint    ] Application time: 0.0176131 seconds
[2022-06-16T20:19:48.140+0000][8140][safepoint    ] Entering safepoint region: GenCollectForAllocation
[2022-06-16T20:19:48.140+0000][8140][gc,start     ] GC(23) Pause Young (Allocation Failure)
[2022-06-16T20:19:48.140+0000][8140][gc,task      ] GC(23) Using 2 workers of 2 for evacuation
[2022-06-16T20:19:48.156+0000][8140][gc,age       ] GC(23) Desired survivor size 8716288 bytes, new threshold 6 (max threshold 6)
[2022-06-16T20:19:48.156+0000][8140][gc,age       ] GC(23) Age table with threshold 6 (max threshold 6)
[2022-06-16T20:19:48.156+0000][8140][gc,age       ] GC(23) - age   1:    1853536 bytes,    1853536 total
[2022-06-16T20:19:48.156+0000][8140][gc,age       ] GC(23) - age   2:    4495072 bytes,    6348608 total
[2022-06-16T20:19:48.156+0000][8140][gc,heap      ] GC(23) ParNew: 148230K->8196K(153344K)
[2022-06-16T20:19:48.156+0000][8140][gc,heap      ] GC(23) CMS: 48150K->48150K(878208K)
[2022-06-16T20:19:48.156+0000][8140][gc,metaspace ] GC(23) Metaspace: 62214K->62214K(1107968K)
[2022-06-16T20:19:48.156+0000][8140][gc           ] GC(23) Pause Young (Allocation Failure) 191M->55M(1007M) 26.002ms
[2022-06-16T20:19:48.156+0000][8140][gc,cpu       ] GC(23) User=0.03s Sys=0.00s Real=0.02s
[2022-06-16T20:19:48.156+0000][8140][safepoint    ] Leaving safepoint region
[2022-06-16T20:19:48.156+0000][8140][safepoint    ] Total time for which application threads were stopped: 0.0261757 seconds, Stopping threads took: 0.0000287 seconds
[2022-06-16T20:19:49.172+0000][8140][safepoint    ] Application time: 1.0025332 seconds
[2022-06-16T20:19:49.172+0000][8140][safepoint    ] Entering safepoint region: Cleanup
[2022-06-16T20:19:49.172+0000][8140][safepoint    ] Leaving safepoint region
[2022-06-16T20:19:49.172+0000][8140][safepoint    ] Total time for which application threads were stopped: 0.0003946 seconds, Stopping threads took: 0.0001936 seconds
[2022-06-16T20:19:49.734+0000][8140][safepoint    ] Application time: 0.5653748 seconds
[2022-06-16T20:19:49.734+0000][8140][safepoint    ] Entering safepoint region: RevokeBias
[2022-06-16T20:19:49.734+0000][8140][safepoint    ] Leaving safepoint region
[2022-06-16T20:19:49.734+0000][8140][safepoint    ] Total time for which application threads were stopped: 0.0001673 seconds, Stopping threads took: 0.0000260 seconds
[2022-06-16T20:19:49.734+0000][8140][safepoint    ] Application time: 0.0041493 seconds
[2022-06-16T20:19:49.734+0000][8140][safepoint    ] Entering safepoint region: RevokeBias
[2022-06-16T20:19:49.734+0000][8140][safepoint    ] Leaving safepoint region
[2022-06-16T20:19:49.734+0000][8140][safepoint    ] Total time for which application threads were stopped: 0.0000966 seconds, Stopping threads took: 0.0000234 seconds
[2022-06-16T20:19:49.797+0000][8140][safepoint    ] Application time: 0.0581123 seconds
[2022-06-16T20:19:49.797+0000][8140][safepoint    ] Entering safepoint region: RevokeBias
[2022-06-16T20:19:49.797+0000][8140][safepoint    ] Leaving safepoint region
[2022-06-16T20:19:49.797+0000][8140][safepoint    ] Total time for which application threads were stopped: 0.0000937 seconds, Stopping threads took: 0.0000281 seconds
[2022-06-16T20:19:49.859+0000][8140][safepoint    ] Application time: 0.0738108 seconds
[2022-06-16T20:19:49.859+0000][8140][safepoint    ] Entering safepoint region: CollectForMetadataAllocation
[2022-06-16T20:19:49.859+0000][8140][safepoint    ] Leaving safepoint region
[2022-06-16T20:19:49.859+0000][8140][safepoint    ] Total time for which application threads were stopped: 0.0002298 seconds, Stopping threads took: 0.0000269 seconds
[2022-06-16T20:19:49.875+0000][8140][safepoint    ] Application time: 0.0048154 seconds
[2022-06-16T20:19:49.875+0000][8140][safepoint    ] Entering safepoint region: GenCollectForAllocation
[2022-06-16T20:19:49.875+0000][8140][gc,start     ] GC(24) Pause Young (Allocation Failure)
[2022-06-16T20:19:49.875+0000][8140][gc,task      ] GC(24) Using 2 workers of 2 for evacuation
[2022-06-16T20:19:49.890+0000][8140][gc,age       ] GC(24) Desired survivor size 8716288 bytes, new threshold 3 (max threshold 6)
[2022-06-16T20:19:49.890+0000][8140][gc,age       ] GC(24) Age table with threshold 3 (max threshold 6)
[2022-06-16T20:19:49.890+0000][8140][gc,age       ] GC(24) - age   1:    2764952 bytes,    2764952 total
[2022-06-16T20:19:49.890+0000][8140][gc,age       ] GC(24) - age   2:    1789720 bytes,    4554672 total
[2022-06-16T20:19:49.890+0000][8140][gc,age       ] GC(24) - age   3:    4491936 bytes,    9046608 total
[2022-06-16T20:19:49.890+0000][8140][gc,heap      ] GC(24) ParNew: 144516K->11355K(153344K)
[2022-06-16T20:19:49.890+0000][8140][gc,heap      ] GC(24) CMS: 48150K->48150K(878208K)
[2022-06-16T20:19:49.890+0000][8140][gc,metaspace ] GC(24) Metaspace: 65955K->65955K(1112064K)
[2022-06-16T20:19:49.890+0000][8140][gc           ] GC(24) Pause Young (Allocation Failure) 188M->58M(1007M) 19.584ms
[2022-06-16T20:19:49.890+0000][8140][gc,cpu       ] GC(24) User=0.03s Sys=0.00s Real=0.02s
[2022-06-16T20:19:49.890+0000][8140][safepoint    ] Leaving safepoint region
[2022-06-16T20:19:49.890+0000][8140][safepoint    ] Total time for which application threads were stopped: 0.0197394 seconds, Stopping threads took: 0.0000257 seconds
[2022-06-16T20:19:49.890+0000][8140][safepoint    ] Application time: 0.0001525 seconds
[2022-06-16T20:19:49.890+0000][8140][safepoint    ] Entering safepoint region: CMS_Initial_Mark
[2022-06-16T20:19:49.890+0000][8140][gc,start     ] GC(25) Pause Initial Mark
[2022-06-16T20:19:49.890+0000][8140][gc           ] GC(25) Pause Initial Mark 58M->58M(1007M) 5.683ms
[2022-06-16T20:19:49.890+0000][8140][gc,cpu       ] GC(25) User=0.00s Sys=0.00s Real=0.00s
[2022-06-16T20:19:49.890+0000][8140][safepoint    ] Leaving safepoint region
[2022-06-16T20:19:49.890+0000][8140][safepoint    ] Total time for which application threads were stopped: 0.0058132 seconds, Stopping threads took: 0.0000289 seconds
[2022-06-16T20:19:49.890+0000][8140][gc           ] GC(25) Concurrent Mark
[2022-06-16T20:19:49.969+0000][8140][gc           ] GC(25) Concurrent Mark 68.290ms
[2022-06-16T20:19:49.969+0000][8140][gc,cpu       ] GC(25) User=0.16s Sys=0.00s Real=0.08s
[2022-06-16T20:19:49.969+0000][8140][gc           ] GC(25) Concurrent Preclean
[2022-06-16T20:19:49.969+0000][8140][gc           ] GC(25) Concurrent Preclean 2.265ms
[2022-06-16T20:19:49.969+0000][8140][gc,cpu       ] GC(25) User=0.00s Sys=0.00s Real=0.00s
[2022-06-16T20:19:49.969+0000][8140][safepoint    ] Application time: 0.0707526 seconds
[2022-06-16T20:19:49.969+0000][8140][safepoint    ] Entering safepoint region: CMS_Final_Remark
[2022-06-16T20:19:49.969+0000][8140][gc,start     ] GC(25) Pause Remark
[2022-06-16T20:19:50.000+0000][8140][gc           ] GC(25) Pause Remark 60M->60M(1007M) 27.351ms
[2022-06-16T20:19:50.000+0000][8140][gc,cpu       ] GC(25) User=0.05s Sys=0.02s Real=0.03s
[2022-06-16T20:19:50.000+0000][8140][safepoint    ] Leaving safepoint region
[2022-06-16T20:19:50.000+0000][8140][safepoint    ] Total time for which application threads were stopped: 0.0277128 seconds, Stopping threads took: 0.0001953 seconds
[2022-06-16T20:19:50.000+0000][8140][gc           ] GC(25) Concurrent Sweep
[2022-06-16T20:19:50.015+0000][8140][gc           ] GC(25) Concurrent Sweep 19.421ms
[2022-06-16T20:19:50.015+0000][8140][gc,cpu       ] GC(25) User=0.03s Sys=0.00s Real=0.02s
[2022-06-16T20:19:50.015+0000][8140][gc           ] GC(25) Concurrent Reset
[2022-06-16T20:19:50.015+0000][8140][gc           ] GC(25) Concurrent Reset 1.156ms
[2022-06-16T20:19:50.015+0000][8140][gc,cpu       ] GC(25) User=0.00s Sys=0.00s Real=0.00s
[2022-06-16T20:19:50.015+0000][8140][gc,heap      ] GC(25) Old: 48150K->47838K(878208K)
[2022-06-16T20:19:50.078+0000][8140][safepoint    ] Application time: 0.0882501 seconds
[2022-06-16T20:19:50.078+0000][8140][safepoint    ] Entering safepoint region: Deoptimize
[2022-06-16T20:19:50.078+0000][8140][safepoint    ] Leaving safepoint region
[2022-06-16T20:19:50.078+0000][8140][safepoint    ] Total time for which application threads were stopped: 0.0006545 seconds, Stopping threads took: 0.0000243 seconds
[2022-06-16T20:19:51.094+0000][8140][safepoint    ] Application time: 1.0147906 seconds
[2022-06-16T20:19:51.094+0000][8140][safepoint    ] Entering safepoint region: Cleanup
[2022-06-16T20:19:51.094+0000][8140][safepoint    ] Leaving safepoint region
[2022-06-16T20:19:51.094+0000][8140][safepoint    ] Total time for which application threads were stopped: 0.0007272 seconds, Stopping threads took: 0.0000702 seconds
[2022-06-16T20:19:51.734+0000][8140][safepoint    ] Application time: 0.6385908 seconds
[2022-06-16T20:19:51.734+0000][8140][safepoint    ] Entering safepoint region: Deoptimize
[2022-06-16T20:19:51.734+0000][8140][safepoint    ] Leaving safepoint region
[2022-06-16T20:19:51.734+0000][8140][safepoint    ] Total time for which application threads were stopped: 0.0010267 seconds, Stopping threads took: 0.0000255 seconds
[2022-06-16T20:19:52.734+0000][8140][safepoint    ] Application time: 0.9864680 seconds
[2022-06-16T20:19:52.734+0000][8140][safepoint    ] Entering safepoint region: Cleanup
[2022-06-16T20:19:52.734+0000][8140][safepoint    ] Leaving safepoint region
[2022-06-16T20:19:52.734+0000][8140][safepoint    ] Total time for which application threads were stopped: 0.0001578 seconds, Stopping threads took: 0.0000285 seconds
[2022-06-16T20:19:52.734+0000][8140][safepoint    ] Application time: 0.0133204 seconds
[2022-06-16T20:19:52.734+0000][8140][safepoint    ] Entering safepoint region: RevokeBias
[2022-06-16T20:19:52.734+0000][8140][safepoint    ] Leaving safepoint region
[2022-06-16T20:19:52.734+0000][8140][safepoint    ] Total time for which application threads were stopped: 0.0001015 seconds, Stopping threads took: 0.0000274 seconds
[2022-06-16T20:19:52.734+0000][8140][safepoint    ] Application time: 0.0000616 seconds
[2022-06-16T20:19:52.734+0000][8140][safepoint    ] Entering safepoint region: RevokeBias
[2022-06-16T20:19:52.734+0000][8140][safepoint    ] Leaving safepoint region
[2022-06-16T20:19:52.734+0000][8140][safepoint    ] Total time for which application threads were stopped: 0.0000670 seconds, Stopping threads took: 0.0000194 seconds
[2022-06-16T20:19:52.734+0000][8140][safepoint    ] Application time: 0.0000804 seconds
[2022-06-16T20:19:52.734+0000][8140][safepoint    ] Entering safepoint region: RevokeBias
[2022-06-16T20:19:52.734+0000][8140][safepoint    ] Leaving safepoint region
[2022-06-16T20:19:52.734+0000][8140][safepoint    ] Total time for which application threads were stopped: 0.0000667 seconds, Stopping threads took: 0.0000200 seconds
[2022-06-16T20:19:52.750+0000][8140][safepoint    ] Application time: 0.0028557 seconds
[2022-06-16T20:19:52.750+0000][8140][safepoint    ] Entering safepoint region: RevokeBias
[2022-06-16T20:19:52.750+0000][8140][safepoint    ] Leaving safepoint region
[2022-06-16T20:19:52.750+0000][8140][safepoint    ] Total time for which application threads were stopped: 0.0000961 seconds, Stopping threads took: 0.0000240 seconds
[2022-06-16T20:19:53.015+0000][8140][safepoint    ] Application time: 0.2746886 seconds
[2022-06-16T20:19:53.015+0000][8140][safepoint    ] Entering safepoint region: GenCollectForAllocation
[2022-06-16T20:19:53.015+0000][8140][gc,start     ] GC(26) Pause Young (Allocation Failure)
[2022-06-16T20:19:53.015+0000][8140][gc,task      ] GC(26) Using 2 workers of 2 for evacuation
[2022-06-16T20:19:53.047+0000][8140][gc,age       ] GC(26) Desired survivor size 8716288 bytes, new threshold 3 (max threshold 6)
[2022-06-16T20:19:53.047+0000][8140][gc,age       ] GC(26) Age table with threshold 3 (max threshold 6)
[2022-06-16T20:19:53.047+0000][8140][gc,age       ] GC(26) - age   1:    4343472 bytes,    4343472 total
[2022-06-16T20:19:53.047+0000][8140][gc,age       ] GC(26) - age   2:    2719032 bytes,    7062504 total
[2022-06-16T20:19:53.047+0000][8140][gc,age       ] GC(26) - age   3:    1783256 bytes,    8845760 total
[2022-06-16T20:19:53.047+0000][8140][gc,heap      ] GC(26) ParNew: 147675K->12059K(153344K)
[2022-06-16T20:19:53.047+0000][8140][gc,heap      ] GC(26) CMS: 47838K->52345K(878208K)
[2022-06-16T20:19:53.047+0000][8140][gc,metaspace ] GC(26) Metaspace: 79783K->79783K(1124352K)
[2022-06-16T20:19:53.047+0000][8140][gc           ] GC(26) Pause Young (Allocation Failure) 190M->62M(1007M) 32.822ms
[2022-06-16T20:19:53.047+0000][8140][gc,cpu       ] GC(26) User=0.06s Sys=0.00s Real=0.03s
[2022-06-16T20:19:53.047+0000][8140][safepoint    ] Leaving safepoint region
[2022-06-16T20:19:53.047+0000][8140][safepoint    ] Total time for which application threads were stopped: 0.0333623 seconds, Stopping threads took: 0.0000380 seconds
[2022-06-16T20:19:53.156+0000][8140][safepoint    ] Application time: 0.1041232 seconds
[2022-06-16T20:19:53.156+0000][8140][safepoint    ] Entering safepoint region: Deoptimize
[2022-06-16T20:19:53.156+0000][8140][safepoint    ] Leaving safepoint region
[2022-06-16T20:19:53.156+0000][8140][safepoint    ] Total time for which application threads were stopped: 0.0007288 seconds, Stopping threads took: 0.0000258 seconds
[2022-06-16T20:19:54.156+0000][8140][safepoint    ] Application time: 0.9915473 seconds
[2022-06-16T20:19:54.156+0000][8140][safepoint    ] Entering safepoint region: Cleanup
[2022-06-16T20:19:54.156+0000][8140][safepoint    ] Leaving safepoint region
[2022-06-16T20:19:54.156+0000][8140][safepoint    ] Total time for which application threads were stopped: 0.0007334 seconds, Stopping threads took: 0.0006247 seconds
[2022-06-16T20:19:54.812+0000][8140][safepoint    ] Application time: 0.6634979 seconds
[2022-06-16T20:19:54.812+0000][8140][safepoint    ] Entering safepoint region: RevokeBias
[2022-06-16T20:19:54.812+0000][8140][safepoint    ] Leaving safepoint region
[2022-06-16T20:19:54.812+0000][8140][safepoint    ] Total time for which application threads were stopped: 0.0001546 seconds, Stopping threads took: 0.0000262 seconds
[2022-06-16T20:19:54.812+0000][8140][safepoint    ] Application time: 0.0000333 seconds
[2022-06-16T20:19:54.812+0000][8140][safepoint    ] Entering safepoint region: RevokeBias
[2022-06-16T20:19:54.812+0000][8140][safepoint    ] Leaving safepoint region
[2022-06-16T20:19:54.812+0000][8140][safepoint    ] Total time for which application threads were stopped: 0.0000757 seconds, Stopping threads took: 0.0000204 seconds
[2022-06-16T20:19:54.812+0000][8140][safepoint    ] Application time: 0.0000616 seconds
[2022-06-16T20:19:54.812+0000][8140][safepoint    ] Entering safepoint region: RevokeBias
[2022-06-16T20:19:54.812+0000][8140][safepoint    ] Leaving safepoint region
[2022-06-16T20:19:54.812+0000][8140][safepoint    ] Total time for which application threads were stopped: 0.0000725 seconds, Stopping threads took: 0.0000197 seconds
[2022-06-16T20:19:54.812+0000][8140][safepoint    ] Application time: 0.0000965 seconds
[2022-06-16T20:19:54.812+0000][8140][safepoint    ] Entering safepoint region: RevokeBias
[2022-06-16T20:19:54.812+0000][8140][safepoint    ] Leaving safepoint region
[2022-06-16T20:19:54.812+0000][8140][safepoint    ] Total time for which application threads were stopped: 0.0000745 seconds, Stopping threads took: 0.0000218 seconds
[2022-06-16T20:19:54.812+0000][8140][safepoint    ] Application time: 0.0006314 seconds
[2022-06-16T20:19:54.812+0000][8140][safepoint    ] Entering safepoint region: BulkRevokeBias
[2022-06-16T20:19:54.812+0000][8140][safepoint    ] Leaving safepoint region
[2022-06-16T20:19:54.812+0000][8140][safepoint    ] Total time for which application threads were stopped: 0.0001425 seconds, Stopping threads took: 0.0000232 seconds
[2022-06-16T20:19:54.812+0000][8140][safepoint    ] Application time: 0.0006915 seconds
[2022-06-16T20:19:54.812+0000][8140][safepoint    ] Entering safepoint region: RevokeBias
[2022-06-16T20:19:54.812+0000][8140][safepoint    ] Leaving safepoint region
[2022-06-16T20:19:54.812+0000][8140][safepoint    ] Total time for which application threads were stopped: 0.0000936 seconds, Stopping threads took: 0.0000225 seconds
[2022-06-16T20:19:55.297+0000][8140][safepoint    ] Application time: 0.4744651 seconds
[2022-06-16T20:19:55.297+0000][8140][safepoint    ] Entering safepoint region: RevokeBias
[2022-06-16T20:19:55.297+0000][8140][safepoint    ] Leaving safepoint region
[2022-06-16T20:19:55.297+0000][8140][safepoint    ] Total time for which application threads were stopped: 0.0001074 seconds, Stopping threads took: 0.0000255 seconds
[2022-06-16T20:19:55.328+0000][8140][safepoint    ] Application time: 0.0317085 seconds
[2022-06-16T20:19:55.328+0000][8140][safepoint    ] Entering safepoint region: Deoptimize
[2022-06-16T20:19:55.328+0000][8140][safepoint    ] Leaving safepoint region
[2022-06-16T20:19:55.328+0000][8140][safepoint    ] Total time for which application threads were stopped: 0.0007610 seconds, Stopping threads took: 0.0000321 seconds
[2022-06-16T20:19:55.344+0000][8140][safepoint    ] Application time: 0.0166148 seconds
[2022-06-16T20:19:55.344+0000][8140][safepoint    ] Entering safepoint region: RevokeBias
[2022-06-16T20:19:55.344+0000][8140][safepoint    ] Leaving safepoint region
[2022-06-16T20:19:55.344+0000][8140][safepoint    ] Total time for which application threads were stopped: 0.0000884 seconds, Stopping threads took: 0.0000252 seconds
[2022-06-16T20:19:55.344+0000][8140][safepoint    ] Application time: 0.0000611 seconds
[2022-06-16T20:19:55.344+0000][8140][safepoint    ] Entering safepoint region: RevokeBias
[2022-06-16T20:19:55.344+0000][8140][safepoint    ] Leaving safepoint region
[2022-06-16T20:19:55.344+0000][8140][safepoint    ] Total time for which application threads were stopped: 0.0000533 seconds, Stopping threads took: 0.0000189 seconds
[2022-06-16T20:19:55.594+0000][8140][safepoint    ] Application time: 0.2545533 seconds
[2022-06-16T20:19:55.594+0000][8140][safepoint    ] Entering safepoint region: Deoptimize
[2022-06-16T20:19:55.594+0000][8140][safepoint    ] Leaving safepoint region
[2022-06-16T20:19:55.594+0000][8140][safepoint    ] Total time for which application threads were stopped: 0.0007407 seconds, Stopping threads took: 0.0000256 seconds
[2022-06-16T20:19:56.375+0000][8140][safepoint    ] Application time: 0.7764746 seconds
[2022-06-16T20:19:56.375+0000][8140][safepoint    ] Entering safepoint region: RevokeBias
[2022-06-16T20:19:56.375+0000][8140][safepoint    ] Leaving safepoint region
[2022-06-16T20:19:56.375+0000][8140][safepoint    ] Total time for which application threads were stopped: 0.0001301 seconds, Stopping threads took: 0.0000289 seconds
[2022-06-16T20:19:56.375+0000][8140][safepoint    ] Application time: 0.0000344 seconds
[2022-06-16T20:19:56.375+0000][8140][safepoint    ] Entering safepoint region: RevokeBias
[2022-06-16T20:19:56.375+0000][8140][safepoint    ] Leaving safepoint region
[2022-06-16T20:19:56.375+0000][8140][safepoint    ] Total time for which application threads were stopped: 0.0000775 seconds, Stopping threads took: 0.0000206 seconds
[2022-06-16T20:19:56.375+0000][8140][safepoint    ] Application time: 0.0000337 seconds
[2022-06-16T20:19:56.375+0000][8140][safepoint    ] Entering safepoint region: RevokeBias
[2022-06-16T20:19:56.375+0000][8140][safepoint    ] Leaving safepoint region
[2022-06-16T20:19:56.375+0000][8140][safepoint    ] Total time for which application threads were stopped: 0.0000896 seconds, Stopping threads took: 0.0000216 seconds
[2022-06-16T20:19:56.375+0000][8140][safepoint    ] Application time: 0.0000294 seconds
[2022-06-16T20:19:56.375+0000][8140][safepoint    ] Entering safepoint region: RevokeBias
[2022-06-16T20:19:56.375+0000][8140][safepoint    ] Leaving safepoint region
[2022-06-16T20:19:56.375+0000][8140][safepoint    ] Total time for which application threads were stopped: 0.0000808 seconds, Stopping threads took: 0.0000191 seconds
[2022-06-16T20:19:56.375+0000][8140][safepoint    ] Application time: 0.0000271 seconds
[2022-06-16T20:19:56.375+0000][8140][safepoint    ] Entering safepoint region: RevokeBias
[2022-06-16T20:19:56.375+0000][8140][safepoint    ] Leaving safepoint region
[2022-06-16T20:19:56.375+0000][8140][safepoint    ] Total time for which application threads were stopped: 0.0000777 seconds, Stopping threads took: 0.0000201 seconds
[2022-06-16T20:19:56.375+0000][8140][safepoint    ] Application time: 0.0000310 seconds
[2022-06-16T20:19:56.375+0000][8140][safepoint    ] Entering safepoint region: RevokeBias
[2022-06-16T20:19:56.375+0000][8140][safepoint    ] Leaving safepoint region
[2022-06-16T20:19:56.375+0000][8140][safepoint    ] Total time for which application threads were stopped: 0.0000789 seconds, Stopping threads took: 0.0000205 seconds
[2022-06-16T20:19:56.375+0000][8140][safepoint    ] Application time: 0.0000239 seconds
[2022-06-16T20:19:56.375+0000][8140][safepoint    ] Entering safepoint region: RevokeBias
[2022-06-16T20:19:56.375+0000][8140][safepoint    ] Leaving safepoint region
[2022-06-16T20:19:56.375+0000][8140][safepoint    ] Total time for which application threads were stopped: 0.0000777 seconds, Stopping threads took: 0.0000246 seconds
[2022-06-16T20:19:56.375+0000][8140][safepoint    ] Application time: 0.0000279 seconds
[2022-06-16T20:19:56.375+0000][8140][safepoint    ] Entering safepoint region: RevokeBias
[2022-06-16T20:19:56.375+0000][8140][safepoint    ] Leaving safepoint region
[2022-06-16T20:19:56.375+0000][8140][safepoint    ] Total time for which application threads were stopped: 0.0000767 seconds, Stopping threads took: 0.0000206 seconds
[2022-06-16T20:19:56.656+0000][8140][safepoint    ] Application time: 0.2847362 seconds
[2022-06-16T20:19:56.656+0000][8140][safepoint    ] Entering safepoint region: Deoptimize
[2022-06-16T20:19:56.656+0000][8140][safepoint    ] Leaving safepoint region
[2022-06-16T20:19:56.656+0000][8140][safepoint    ] Total time for which application threads were stopped: 0.0007478 seconds, Stopping threads took: 0.0000263 seconds
[2022-06-16T20:19:57.435+0000][8140][safepoint    ] Application time: 0.7701886 seconds
[2022-06-16T20:19:57.435+0000][8140][safepoint    ] Entering safepoint region: RevokeBias
[2022-06-16T20:19:57.435+0000][8140][safepoint    ] Leaving safepoint region
[2022-06-16T20:19:57.435+0000][8140][safepoint    ] Total time for which application threads were stopped: 0.0005351 seconds, Stopping threads took: 0.0000253 seconds
[2022-06-16T20:19:57.437+0000][8140][safepoint    ] Application time: 0.0010592 seconds
[2022-06-16T20:19:57.437+0000][8140][safepoint    ] Entering safepoint region: RevokeBias
[2022-06-16T20:19:57.437+0000][8140][safepoint    ] Leaving safepoint region
[2022-06-16T20:19:57.437+0000][8140][safepoint    ] Total time for which application threads were stopped: 0.0000874 seconds, Stopping threads took: 0.0000241 seconds
[2022-06-16T20:19:57.437+0000][8140][safepoint    ] Application time: 0.0004509 seconds
[2022-06-16T20:19:57.437+0000][8140][safepoint    ] Entering safepoint region: RevokeBias
[2022-06-16T20:19:57.437+0000][8140][safepoint    ] Leaving safepoint region
[2022-06-16T20:19:57.437+0000][8140][safepoint    ] Total time for which application threads were stopped: 0.0000946 seconds, Stopping threads took: 0.0000289 seconds
[2022-06-16T20:19:57.437+0000][8140][safepoint    ] Application time: 0.0000139 seconds
[2022-06-16T20:19:57.437+0000][8140][safepoint    ] Entering safepoint region: RevokeBias
[2022-06-16T20:19:57.437+0000][8140][safepoint    ] Leaving safepoint region
[2022-06-16T20:19:57.437+0000][8140][safepoint    ] Total time for which application threads were stopped: 0.0000575 seconds, Stopping threads took: 0.0000176 seconds
[2022-06-16T20:19:57.437+0000][8140][safepoint    ] Application time: 0.0000129 seconds
[2022-06-16T20:19:57.437+0000][8140][safepoint    ] Entering safepoint region: RevokeBias
[2022-06-16T20:19:57.437+0000][8140][safepoint    ] Leaving safepoint region
[2022-06-16T20:19:57.437+0000][8140][safepoint    ] Total time for which application threads were stopped: 0.0000570 seconds, Stopping threads took: 0.0000174 seconds
[2022-06-16T20:19:57.438+0000][8140][safepoint    ] Application time: 0.0000121 seconds
[2022-06-16T20:19:57.438+0000][8140][safepoint    ] Entering safepoint region: RevokeBias
[2022-06-16T20:19:57.438+0000][8140][safepoint    ] Leaving safepoint region
[2022-06-16T20:19:57.438+0000][8140][safepoint    ] Total time for which application threads were stopped: 0.0000593 seconds, Stopping threads took: 0.0000189 seconds
[2022-06-16T20:19:57.438+0000][8140][safepoint    ] Application time: 0.0000106 seconds
[2022-06-16T20:19:57.438+0000][8140][safepoint    ] Entering safepoint region: RevokeBias
[2022-06-16T20:19:57.438+0000][8140][safepoint    ] Leaving safepoint region
[2022-06-16T20:19:57.438+0000][8140][safepoint    ] Total time for which application threads were stopped: 0.0000565 seconds, Stopping threads took: 0.0000179 seconds
[2022-06-16T20:19:57.438+0000][8140][safepoint    ] Application time: 0.0000134 seconds
[2022-06-16T20:19:57.438+0000][8140][safepoint    ] Entering safepoint region: RevokeBias
[2022-06-16T20:19:57.438+0000][8140][safepoint    ] Leaving safepoint region
[2022-06-16T20:19:57.438+0000][8140][safepoint    ] Total time for which application threads were stopped: 0.0000580 seconds, Stopping threads took: 0.0000177 seconds
[2022-06-16T20:19:57.438+0000][8140][safepoint    ] Application time: 0.0000118 seconds
[2022-06-16T20:19:57.438+0000][8140][safepoint    ] Entering safepoint region: RevokeBias
[2022-06-16T20:19:57.438+0000][8140][safepoint    ] Leaving safepoint region
[2022-06-16T20:19:57.438+0000][8140][safepoint    ] Total time for which application threads were stopped: 0.0000560 seconds, Stopping threads took: 0.0000178 seconds
[2022-06-16T20:19:57.438+0000][8140][safepoint    ] Application time: 0.0000105 seconds
[2022-06-16T20:19:57.438+0000][8140][safepoint    ] Entering safepoint region: RevokeBias
[2022-06-16T20:19:57.438+0000][8140][safepoint    ] Leaving safepoint region
[2022-06-16T20:19:57.438+0000][8140][safepoint    ] Total time for which application threads were stopped: 0.0000571 seconds, Stopping threads took: 0.0000182 seconds
[2022-06-16T20:19:57.438+0000][8140][safepoint    ] Application time: 0.0000104 seconds
[2022-06-16T20:19:57.438+0000][8140][safepoint    ] Entering safepoint region: RevokeBias
[2022-06-16T20:19:57.438+0000][8140][safepoint    ] Leaving safepoint region
[2022-06-16T20:19:57.438+0000][8140][safepoint    ] Total time for which application threads were stopped: 0.0000568 seconds, Stopping threads took: 0.0000183 seconds
[2022-06-16T20:19:57.438+0000][8140][safepoint    ] Application time: 0.0000109 seconds
[2022-06-16T20:19:57.438+0000][8140][safepoint    ] Entering safepoint region: RevokeBias
[2022-06-16T20:19:57.438+0000][8140][safepoint    ] Leaving safepoint region
[2022-06-16T20:19:57.438+0000][8140][safepoint    ] Total time for which application threads were stopped: 0.0000583 seconds, Stopping threads took: 0.0000185 seconds
[2022-06-16T20:19:57.438+0000][8140][safepoint    ] Application time: 0.0000108 seconds
[2022-06-16T20:19:57.438+0000][8140][safepoint    ] Entering safepoint region: RevokeBias
[2022-06-16T20:19:57.438+0000][8140][safepoint    ] Leaving safepoint region
[2022-06-16T20:19:57.438+0000][8140][safepoint    ] Total time for which application threads were stopped: 0.0000588 seconds, Stopping threads took: 0.0000182 seconds
[2022-06-16T20:19:57.438+0000][8140][safepoint    ] Application time: 0.0000115 seconds
[2022-06-16T20:19:57.438+0000][8140][safepoint    ] Entering safepoint region: RevokeBias
[2022-06-16T20:19:57.438+0000][8140][safepoint    ] Leaving safepoint region
[2022-06-16T20:19:57.438+0000][8140][safepoint    ] Total time for which application threads were stopped: 0.0000580 seconds, Stopping threads took: 0.0000181 seconds
[2022-06-16T20:19:57.438+0000][8140][safepoint    ] Application time: 0.0000126 seconds
[2022-06-16T20:19:57.438+0000][8140][safepoint    ] Entering safepoint region: RevokeBias
[2022-06-16T20:19:57.438+0000][8140][safepoint    ] Leaving safepoint region
[2022-06-16T20:19:57.439+0000][8140][safepoint    ] Total time for which application threads were stopped: 0.0000569 seconds, Stopping threads took: 0.0000182 seconds
[2022-06-16T20:19:57.439+0000][8140][safepoint    ] Application time: 0.0000150 seconds
[2022-06-16T20:19:57.439+0000][8140][safepoint    ] Entering safepoint region: RevokeBias
[2022-06-16T20:19:57.439+0000][8140][safepoint    ] Leaving safepoint region
[2022-06-16T20:19:57.439+0000][8140][safepoint    ] Total time for which application threads were stopped: 0.0000629 seconds, Stopping threads took: 0.0000188 seconds
[2022-06-16T20:19:57.439+0000][8140][safepoint    ] Application time: 0.0000103 seconds
[2022-06-16T20:19:57.439+0000][8140][safepoint    ] Entering safepoint region: RevokeBias
[2022-06-16T20:19:57.439+0000][8140][safepoint    ] Leaving safepoint region
[2022-06-16T20:19:57.439+0000][8140][safepoint    ] Total time for which application threads were stopped: 0.0000567 seconds, Stopping threads took: 0.0000187 seconds
[2022-06-16T20:19:57.439+0000][8140][safepoint    ] Application time: 0.0000111 seconds
[2022-06-16T20:19:57.439+0000][8140][safepoint    ] Entering safepoint region: RevokeBias
[2022-06-16T20:19:57.439+0000][8140][safepoint    ] Leaving safepoint region
[2022-06-16T20:19:57.439+0000][8140][safepoint    ] Total time for which application threads were stopped: 0.0000558 seconds, Stopping threads took: 0.0000180 seconds
[2022-06-16T20:19:57.439+0000][8140][safepoint    ] Application time: 0.0000104 seconds
[2022-06-16T20:19:57.439+0000][8140][safepoint    ] Entering safepoint region: RevokeBias
[2022-06-16T20:19:57.439+0000][8140][safepoint    ] Leaving safepoint region
[2022-06-16T20:19:57.439+0000][8140][safepoint    ] Total time for which application threads were stopped: 0.0000554 seconds, Stopping threads took: 0.0000172 seconds
[2022-06-16T20:19:57.439+0000][8140][safepoint    ] Application time: 0.0000111 seconds
[2022-06-16T20:19:57.439+0000][8140][safepoint    ] Entering safepoint region: RevokeBias
[2022-06-16T20:19:57.439+0000][8140][safepoint    ] Leaving safepoint region
[2022-06-16T20:19:57.439+0000][8140][safepoint    ] Total time for which application threads were stopped: 0.0000559 seconds, Stopping threads took: 0.0000177 seconds
[2022-06-16T20:19:57.439+0000][8140][safepoint    ] Application time: 0.0000110 seconds
[2022-06-16T20:19:57.439+0000][8140][safepoint    ] Entering safepoint region: BulkRevokeBias
[2022-06-16T20:19:57.439+0000][8140][safepoint    ] Leaving safepoint region
[2022-06-16T20:19:57.439+0000][8140][safepoint    ] Total time for which application threads were stopped: 0.0001416 seconds, Stopping threads took: 0.0000179 seconds
[2022-06-16T20:19:57.439+0000][8140][safepoint    ] Application time: 0.0000754 seconds
[2022-06-16T20:19:57.439+0000][8140][safepoint    ] Entering safepoint region: RevokeBias
[2022-06-16T20:19:57.439+0000][8140][safepoint    ] Leaving safepoint region
[2022-06-16T20:19:57.439+0000][8140][safepoint    ] Total time for which application threads were stopped: 0.0000681 seconds, Stopping threads took: 0.0000179 seconds
[2022-06-16T20:19:57.439+0000][8140][safepoint    ] Application time: 0.0000370 seconds
[2022-06-16T20:19:57.439+0000][8140][safepoint    ] Entering safepoint region: RevokeBias
[2022-06-16T20:19:57.439+0000][8140][safepoint    ] Leaving safepoint region
[2022-06-16T20:19:57.440+0000][8140][safepoint    ] Total time for which application threads were stopped: 0.0000622 seconds, Stopping threads took: 0.0000175 seconds
[2022-06-16T20:19:57.440+0000][8140][safepoint    ] Application time: 0.0000176 seconds
[2022-06-16T20:19:57.440+0000][8140][safepoint    ] Entering safepoint region: RevokeBias
[2022-06-16T20:19:57.440+0000][8140][safepoint    ] Leaving safepoint region
[2022-06-16T20:19:57.440+0000][8140][safepoint    ] Total time for which application threads were stopped: 0.0000612 seconds, Stopping threads took: 0.0000179 seconds
[2022-06-16T20:19:57.440+0000][8140][safepoint    ] Application time: 0.0000729 seconds
[2022-06-16T20:19:57.440+0000][8140][safepoint    ] Entering safepoint region: RevokeBias
[2022-06-16T20:19:57.440+0000][8140][safepoint    ] Leaving safepoint region
[2022-06-16T20:19:57.440+0000][8140][safepoint    ] Total time for which application threads were stopped: 0.0000627 seconds, Stopping threads took: 0.0000183 seconds
[2022-06-16T20:19:57.440+0000][8140][safepoint    ] Application time: 0.0000144 seconds
[2022-06-16T20:19:57.440+0000][8140][safepoint    ] Entering safepoint region: RevokeBias
[2022-06-16T20:19:57.440+0000][8140][safepoint    ] Leaving safepoint region
[2022-06-16T20:19:57.440+0000][8140][safepoint    ] Total time for which application threads were stopped: 0.0000586 seconds, Stopping threads took: 0.0000176 seconds
[2022-06-16T20:19:57.440+0000][8140][safepoint    ] Application time: 0.0001305 seconds
[2022-06-16T20:19:57.440+0000][8140][safepoint    ] Entering safepoint region: RevokeBias
[2022-06-16T20:19:57.440+0000][8140][safepoint    ] Leaving safepoint region
[2022-06-16T20:19:57.440+0000][8140][safepoint    ] Total time for which application threads were stopped: 0.0000675 seconds, Stopping threads took: 0.0000188 seconds
[2022-06-16T20:19:57.440+0000][8140][safepoint    ] Application time: 0.0000247 seconds
[2022-06-16T20:19:57.440+0000][8140][safepoint    ] Entering safepoint region: RevokeBias
[2022-06-16T20:19:57.440+0000][8140][safepoint    ] Leaving safepoint region
[2022-06-16T20:19:57.440+0000][8140][safepoint    ] Total time for which application threads were stopped: 0.0000585 seconds, Stopping threads took: 0.0000181 seconds
[2022-06-16T20:19:57.440+0000][8140][safepoint    ] Application time: 0.0000096 seconds
[2022-06-16T20:19:57.440+0000][8140][safepoint    ] Entering safepoint region: RevokeBias
[2022-06-16T20:19:57.440+0000][8140][safepoint    ] Leaving safepoint region
[2022-06-16T20:19:57.440+0000][8140][safepoint    ] Total time for which application threads were stopped: 0.0000574 seconds, Stopping threads took: 0.0000178 seconds
[2022-06-16T20:19:57.440+0000][8140][safepoint    ] Application time: 0.0000094 seconds
[2022-06-16T20:19:57.440+0000][8140][safepoint    ] Entering safepoint region: RevokeBias
[2022-06-16T20:19:57.440+0000][8140][safepoint    ] Leaving safepoint region
[2022-06-16T20:19:57.440+0000][8140][safepoint    ] Total time for which application threads were stopped: 0.0000569 seconds, Stopping threads took: 0.0000179 seconds
[2022-06-16T20:19:57.441+0000][8140][safepoint    ] Application time: 0.0001886 seconds
[2022-06-16T20:19:57.441+0000][8140][safepoint    ] Entering safepoint region: RevokeBias
[2022-06-16T20:19:57.441+0000][8140][safepoint    ] Leaving safepoint region
[2022-06-16T20:19:57.441+0000][8140][safepoint    ] Total time for which application threads were stopped: 0.0000694 seconds, Stopping threads took: 0.0000195 seconds
[2022-06-16T20:19:57.441+0000][8140][safepoint    ] Application time: 0.0001563 seconds
[2022-06-16T20:19:57.441+0000][8140][safepoint    ] Entering safepoint region: RevokeBias
[2022-06-16T20:19:57.441+0000][8140][safepoint    ] Leaving safepoint region
[2022-06-16T20:19:57.441+0000][8140][safepoint    ] Total time for which application threads were stopped: 0.0000731 seconds, Stopping threads took: 0.0000214 seconds
[2022-06-16T20:19:57.441+0000][8140][safepoint    ] Application time: 0.0000152 seconds
[2022-06-16T20:19:57.441+0000][8140][safepoint    ] Entering safepoint region: RevokeBias
[2022-06-16T20:19:57.441+0000][8140][safepoint    ] Leaving safepoint region
[2022-06-16T20:19:57.441+0000][8140][safepoint    ] Total time for which application threads were stopped: 0.0000598 seconds, Stopping threads took: 0.0000180 seconds
[2022-06-16T20:19:57.441+0000][8140][safepoint    ] Application time: 0.0002557 seconds
[2022-06-16T20:19:57.441+0000][8140][safepoint    ] Entering safepoint region: RevokeBias
[2022-06-16T20:19:57.441+0000][8140][safepoint    ] Leaving safepoint region
[2022-06-16T20:19:57.441+0000][8140][safepoint    ] Total time for which application threads were stopped: 0.0000700 seconds, Stopping threads took: 0.0000193 seconds
[2022-06-16T20:19:57.442+0000][8140][safepoint    ] Application time: 0.0003890 seconds
[2022-06-16T20:19:57.442+0000][8140][safepoint    ] Entering safepoint region: RevokeBias
[2022-06-16T20:19:57.442+0000][8140][safepoint    ] Leaving safepoint region
[2022-06-16T20:19:57.442+0000][8140][safepoint    ] Total time for which application threads were stopped: 0.0000690 seconds, Stopping threads took: 0.0000204 seconds
[2022-06-16T20:19:57.444+0000][8140][safepoint    ] Application time: 0.0022578 seconds
[2022-06-16T20:19:57.444+0000][8140][safepoint    ] Entering safepoint region: RevokeBias
[2022-06-16T20:19:57.444+0000][8140][safepoint    ] Leaving safepoint region
[2022-06-16T20:19:57.444+0000][8140][safepoint    ] Total time for which application threads were stopped: 0.0000792 seconds, Stopping threads took: 0.0000223 seconds
[2022-06-16T20:19:57.445+0000][8140][safepoint    ] Application time: 0.0005139 seconds
[2022-06-16T20:19:57.445+0000][8140][safepoint    ] Entering safepoint region: RevokeBias
[2022-06-16T20:19:57.445+0000][8140][safepoint    ] Leaving safepoint region
[2022-06-16T20:19:57.445+0000][8140][safepoint    ] Total time for which application threads were stopped: 0.0000709 seconds, Stopping threads took: 0.0000232 seconds
[2022-06-16T20:19:57.445+0000][8140][safepoint    ] Application time: 0.0000135 seconds
[2022-06-16T20:19:57.445+0000][8140][safepoint    ] Entering safepoint region: RevokeBias
[2022-06-16T20:19:57.445+0000][8140][safepoint    ] Leaving safepoint region
[2022-06-16T20:19:57.445+0000][8140][safepoint    ] Total time for which application threads were stopped: 0.0000537 seconds, Stopping threads took: 0.0000185 seconds
[2022-06-16T20:19:57.445+0000][8140][safepoint    ] Application time: 0.0000115 seconds
[2022-06-16T20:19:57.445+0000][8140][safepoint    ] Entering safepoint region: RevokeBias
[2022-06-16T20:19:57.445+0000][8140][safepoint    ] Leaving safepoint region
[2022-06-16T20:19:57.445+0000][8140][safepoint    ] Total time for which application threads were stopped: 0.0000523 seconds, Stopping threads took: 0.0000175 seconds
[2022-06-16T20:19:57.445+0000][8140][safepoint    ] Application time: 0.0000102 seconds
[2022-06-16T20:19:57.445+0000][8140][safepoint    ] Entering safepoint region: RevokeBias
[2022-06-16T20:19:57.445+0000][8140][safepoint    ] Leaving safepoint region
[2022-06-16T20:19:57.445+0000][8140][safepoint    ] Total time for which application threads were stopped: 0.0000518 seconds, Stopping threads took: 0.0000179 seconds
[2022-06-16T20:19:57.445+0000][8140][safepoint    ] Application time: 0.0000101 seconds
[2022-06-16T20:19:57.445+0000][8140][safepoint    ] Entering safepoint region: RevokeBias
[2022-06-16T20:19:57.445+0000][8140][safepoint    ] Leaving safepoint region
[2022-06-16T20:19:57.445+0000][8140][safepoint    ] Total time for which application threads were stopped: 0.0000519 seconds, Stopping threads took: 0.0000178 seconds
[2022-06-16T20:19:57.445+0000][8140][safepoint    ] Application time: 0.0000123 seconds
[2022-06-16T20:19:57.445+0000][8140][safepoint    ] Entering safepoint region: RevokeBias
[2022-06-16T20:19:57.445+0000][8140][safepoint    ] Leaving safepoint region
[2022-06-16T20:19:57.446+0000][8140][safepoint    ] Total time for which application threads were stopped: 0.0000509 seconds, Stopping threads took: 0.0000177 seconds
[2022-06-16T20:19:57.446+0000][8140][safepoint    ] Application time: 0.0000102 seconds
[2022-06-16T20:19:57.446+0000][8140][safepoint    ] Entering safepoint region: RevokeBias
[2022-06-16T20:19:57.446+0000][8140][safepoint    ] Leaving safepoint region
[2022-06-16T20:19:57.446+0000][8140][safepoint    ] Total time for which application threads were stopped: 0.0000520 seconds, Stopping threads took: 0.0000181 seconds
[2022-06-16T20:19:57.446+0000][8140][safepoint    ] Application time: 0.0000102 seconds
[2022-06-16T20:19:57.446+0000][8140][safepoint    ] Entering safepoint region: RevokeBias
[2022-06-16T20:19:57.446+0000][8140][safepoint    ] Leaving safepoint region
[2022-06-16T20:19:57.446+0000][8140][safepoint    ] Total time for which application threads were stopped: 0.0000509 seconds, Stopping threads took: 0.0000177 seconds
[2022-06-16T20:19:57.446+0000][8140][safepoint    ] Application time: 0.0000102 seconds
[2022-06-16T20:19:57.446+0000][8140][safepoint    ] Entering safepoint region: RevokeBias
[2022-06-16T20:19:57.446+0000][8140][safepoint    ] Leaving safepoint region
[2022-06-16T20:19:57.446+0000][8140][safepoint    ] Total time for which application threads were stopped: 0.0000473 seconds, Stopping threads took: 0.0000160 seconds
[2022-06-16T20:19:57.446+0000][8140][safepoint    ] Application time: 0.0000109 seconds
[2022-06-16T20:19:57.446+0000][8140][safepoint    ] Entering safepoint region: RevokeBias
[2022-06-16T20:19:57.446+0000][8140][safepoint    ] Leaving safepoint region
[2022-06-16T20:19:57.446+0000][8140][safepoint    ] Total time for which application threads were stopped: 0.0000501 seconds, Stopping threads took: 0.0000164 seconds
[2022-06-16T20:19:57.447+0000][8140][safepoint    ] Application time: 0.0000290 seconds
[2022-06-16T20:19:57.447+0000][8140][safepoint    ] Entering safepoint region: RevokeBias
[2022-06-16T20:19:57.447+0000][8140][safepoint    ] Leaving safepoint region
[2022-06-16T20:19:57.447+0000][8140][safepoint    ] Total time for which application threads were stopped: 0.0000867 seconds, Stopping threads took: 0.0000234 seconds
[2022-06-16T20:19:57.447+0000][8140][safepoint    ] Application time: 0.0000170 seconds
[2022-06-16T20:19:57.447+0000][8140][safepoint    ] Entering safepoint region: RevokeBias
[2022-06-16T20:19:57.447+0000][8140][safepoint    ] Leaving safepoint region
[2022-06-16T20:19:57.447+0000][8140][safepoint    ] Total time for which application threads were stopped: 0.0000706 seconds, Stopping threads took: 0.0000208 seconds
[2022-06-16T20:19:57.447+0000][8140][safepoint    ] Application time: 0.0000187 seconds
[2022-06-16T20:19:57.447+0000][8140][safepoint    ] Entering safepoint region: RevokeBias
[2022-06-16T20:19:57.447+0000][8140][safepoint    ] Leaving safepoint region
[2022-06-16T20:19:57.447+0000][8140][safepoint    ] Total time for which application threads were stopped: 0.0000681 seconds, Stopping threads took: 0.0000206 seconds
[2022-06-16T20:19:57.447+0000][8140][safepoint    ] Application time: 0.0000179 seconds
[2022-06-16T20:19:57.447+0000][8140][safepoint    ] Entering safepoint region: RevokeBias
[2022-06-16T20:19:57.447+0000][8140][safepoint    ] Leaving safepoint region
[2022-06-16T20:19:57.447+0000][8140][safepoint    ] Total time for which application threads were stopped: 0.0000698 seconds, Stopping threads took: 0.0000209 seconds
[2022-06-16T20:19:57.447+0000][8140][safepoint    ] Application time: 0.0000153 seconds
[2022-06-16T20:19:57.447+0000][8140][safepoint    ] Entering safepoint region: RevokeBias
[2022-06-16T20:19:57.447+0000][8140][safepoint    ] Leaving safepoint region
[2022-06-16T20:19:57.447+0000][8140][safepoint    ] Total time for which application threads were stopped: 0.0000767 seconds, Stopping threads took: 0.0000255 seconds
[2022-06-16T20:19:57.447+0000][8140][safepoint    ] Application time: 0.0000159 seconds
[2022-06-16T20:19:57.447+0000][8140][safepoint    ] Entering safepoint region: RevokeBias
[2022-06-16T20:19:57.447+0000][8140][safepoint    ] Leaving safepoint region
[2022-06-16T20:19:57.447+0000][8140][safepoint    ] Total time for which application threads were stopped: 0.0000667 seconds, Stopping threads took: 0.0000198 seconds
[2022-06-16T20:19:57.449+0000][8140][safepoint    ] Application time: 0.0015345 seconds
[2022-06-16T20:19:57.449+0000][8140][safepoint    ] Entering safepoint region: RevokeBias
[2022-06-16T20:19:57.449+0000][8140][safepoint    ] Leaving safepoint region
[2022-06-16T20:19:57.449+0000][8140][safepoint    ] Total time for which application threads were stopped: 0.0000666 seconds, Stopping threads took: 0.0000185 seconds
[2022-06-16T20:19:57.449+0000][8140][safepoint    ] Application time: 0.0000119 seconds
[2022-06-16T20:19:57.449+0000][8140][safepoint    ] Entering safepoint region: RevokeBias
[2022-06-16T20:19:57.449+0000][8140][safepoint    ] Leaving safepoint region
[2022-06-16T20:19:57.449+0000][8140][safepoint    ] Total time for which application threads were stopped: 0.0000505 seconds, Stopping threads took: 0.0000166 seconds
[2022-06-16T20:19:57.449+0000][8140][safepoint    ] Application time: 0.0000427 seconds
[2022-06-16T20:19:57.449+0000][8140][safepoint    ] Entering safepoint region: RevokeBias
[2022-06-16T20:19:57.449+0000][8140][safepoint    ] Leaving safepoint region
[2022-06-16T20:19:57.449+0000][8140][safepoint    ] Total time for which application threads were stopped: 0.0000530 seconds, Stopping threads took: 0.0000168 seconds
[2022-06-16T20:19:57.449+0000][8140][safepoint    ] Application time: 0.0000121 seconds
[2022-06-16T20:19:57.449+0000][8140][safepoint    ] Entering safepoint region: BulkRevokeBias
[2022-06-16T20:19:57.449+0000][8140][safepoint    ] Leaving safepoint region
[2022-06-16T20:19:57.449+0000][8140][safepoint    ] Total time for which application threads were stopped: 0.0001266 seconds, Stopping threads took: 0.0000178 seconds
[2022-06-16T20:19:57.597+0000][8140][safepoint    ] Application time: 0.1480759 seconds
[2022-06-16T20:19:57.598+0000][8140][safepoint    ] Entering safepoint region: RevokeBias
[2022-06-16T20:19:57.598+0000][8140][safepoint    ] Leaving safepoint region
[2022-06-16T20:19:57.598+0000][8140][safepoint    ] Total time for which application threads were stopped: 0.0001055 seconds, Stopping threads took: 0.0000265 seconds
[2022-06-16T20:19:57.598+0000][8140][safepoint    ] Application time: 0.0000535 seconds
[2022-06-16T20:19:57.598+0000][8140][safepoint    ] Entering safepoint region: RevokeBias
[2022-06-16T20:19:57.598+0000][8140][safepoint    ] Leaving safepoint region
[2022-06-16T20:19:57.598+0000][8140][safepoint    ] Total time for which application threads were stopped: 0.0000705 seconds, Stopping threads took: 0.0000209 seconds
[2022-06-16T20:19:57.598+0000][8140][safepoint    ] Application time: 0.0001867 seconds
[2022-06-16T20:19:57.598+0000][8140][safepoint    ] Entering safepoint region: RevokeBias
[2022-06-16T20:19:57.598+0000][8140][safepoint    ] Leaving safepoint region
[2022-06-16T20:19:57.598+0000][8140][safepoint    ] Total time for which application threads were stopped: 0.0000712 seconds, Stopping threads took: 0.0000203 seconds
[2022-06-16T20:19:57.599+0000][8140][safepoint    ] Application time: 0.0008924 seconds
[2022-06-16T20:19:57.599+0000][8140][safepoint    ] Entering safepoint region: RevokeBias
[2022-06-16T20:19:57.599+0000][8140][safepoint    ] Leaving safepoint region
[2022-06-16T20:19:57.599+0000][8140][safepoint    ] Total time for which application threads were stopped: 0.0000857 seconds, Stopping threads took: 0.0000255 seconds
[2022-06-16T20:19:58.174+0000][8140][safepoint    ] Application time: 0.5744901 seconds
[2022-06-16T20:19:58.174+0000][8140][safepoint    ] Entering safepoint region: Deoptimize
[2022-06-16T20:19:58.174+0000][8140][safepoint    ] Leaving safepoint region
[2022-06-16T20:19:58.174+0000][8140][safepoint    ] Total time for which application threads were stopped: 0.0007838 seconds, Stopping threads took: 0.0000286 seconds
[2022-06-16T20:19:58.941+0000][8140][safepoint    ] Application time: 0.7704679 seconds
[2022-06-16T20:19:58.941+0000][8140][safepoint    ] Entering safepoint region: Deoptimize
[2022-06-16T20:19:58.941+0000][8140][safepoint    ] Leaving safepoint region
[2022-06-16T20:19:58.941+0000][8140][safepoint    ] Total time for which application threads were stopped: 0.0008461 seconds, Stopping threads took: 0.0000281 seconds
[2022-06-16T20:19:58.972+0000][8140][safepoint    ] Application time: 0.0370932 seconds
[2022-06-16T20:19:58.972+0000][8140][safepoint    ] Entering safepoint region: RevokeBias
[2022-06-16T20:19:58.972+0000][8140][safepoint    ] Leaving safepoint region
[2022-06-16T20:19:58.972+0000][8140][safepoint    ] Total time for which application threads were stopped: 0.0000987 seconds, Stopping threads took: 0.0000276 seconds
[2022-06-16T20:19:59.653+0000][8140][safepoint    ] Application time: 0.6714598 seconds
[2022-06-16T20:19:59.668+0000][8140][safepoint    ] Entering safepoint region: RevokeBias
[2022-06-16T20:19:59.668+0000][8140][safepoint    ] Leaving safepoint region
[2022-06-16T20:19:59.668+0000][8140][safepoint    ] Total time for which application threads were stopped: 0.0197291 seconds, Stopping threads took: 0.0196291 seconds
[2022-06-16T20:19:59.668+0000][8140][safepoint    ] Application time: 0.0038772 seconds
[2022-06-16T20:19:59.842+0000][8140][safepoint    ] Entering safepoint region: RevokeBias
[2022-06-16T20:19:59.842+0000][8140][safepoint    ] Leaving safepoint region
[2022-06-16T20:19:59.842+0000][8140][safepoint    ] Total time for which application threads were stopped: 0.1639963 seconds, Stopping threads took: 0.1639088 seconds
[2022-06-16T20:19:59.856+0000][8140][safepoint    ] Application time: 0.0137144 seconds
[2022-06-16T20:19:59.856+0000][8140][safepoint    ] Entering safepoint region: RevokeBias
[2022-06-16T20:19:59.856+0000][8140][safepoint    ] Leaving safepoint region
[2022-06-16T20:19:59.856+0000][8140][safepoint    ] Total time for which application threads were stopped: 0.0013933 seconds, Stopping threads took: 0.0013004 seconds
[2022-06-16T20:19:59.856+0000][8140][safepoint    ] Application time: 0.0005340 seconds
[2022-06-16T20:19:59.872+0000][8140][safepoint    ] Entering safepoint region: RevokeBias
[2022-06-16T20:19:59.872+0000][8140][safepoint    ] Leaving safepoint region
[2022-06-16T20:19:59.872+0000][8140][safepoint    ] Total time for which application threads were stopped: 0.0246886 seconds, Stopping threads took: 0.0245864 seconds
[2022-06-16T20:19:59.872+0000][8140][safepoint    ] Application time: 0.0003895 seconds
[2022-06-16T20:19:59.872+0000][8140][safepoint    ] Entering safepoint region: RevokeBias
[2022-06-16T20:19:59.872+0000][8140][safepoint    ] Leaving safepoint region
[2022-06-16T20:19:59.872+0000][8140][safepoint    ] Total time for which application threads were stopped: 0.0003095 seconds, Stopping threads took: 0.0002279 seconds
[2022-06-16T20:19:59.888+0000][8140][safepoint    ] Application time: 0.0099722 seconds
[2022-06-16T20:19:59.918+0000][8140][safepoint    ] Entering safepoint region: RevokeBias
[2022-06-16T20:19:59.918+0000][8140][safepoint    ] Leaving safepoint region
[2022-06-16T20:19:59.918+0000][8140][safepoint    ] Total time for which application threads were stopped: 0.0241289 seconds, Stopping threads took: 0.0240139 seconds
[2022-06-16T20:19:59.923+0000][8140][safepoint    ] Application time: 0.0046157 seconds
[2022-06-16T20:19:59.923+0000][8140][safepoint    ] Entering safepoint region: RevokeBias
[2022-06-16T20:19:59.924+0000][8140][safepoint    ] Leaving safepoint region
[2022-06-16T20:19:59.924+0000][8140][safepoint    ] Total time for which application threads were stopped: 0.0004109 seconds, Stopping threads took: 0.0002790 seconds
[2022-06-16T20:19:59.924+0000][8140][safepoint    ] Application time: 0.0006141 seconds
[2022-06-16T20:19:59.924+0000][8140][safepoint    ] Entering safepoint region: RevokeBias
[2022-06-16T20:19:59.924+0000][8140][safepoint    ] Leaving safepoint region
[2022-06-16T20:19:59.924+0000][8140][safepoint    ] Total time for which application threads were stopped: 0.0001387 seconds, Stopping threads took: 0.0000369 seconds
[2022-06-16T20:19:59.925+0000][8140][safepoint    ] Application time: 0.0002614 seconds
[2022-06-16T20:19:59.925+0000][8140][safepoint    ] Entering safepoint region: RevokeBias
[2022-06-16T20:19:59.926+0000][8140][safepoint    ] Leaving safepoint region
[2022-06-16T20:19:59.926+0000][8140][safepoint    ] Total time for which application threads were stopped: 0.0009853 seconds, Stopping threads took: 0.0000317 seconds
[2022-06-16T20:19:59.926+0000][8140][safepoint    ] Application time: 0.0000656 seconds
[2022-06-16T20:19:59.926+0000][8140][safepoint    ] Entering safepoint region: RevokeBias
[2022-06-16T20:19:59.926+0000][8140][safepoint    ] Leaving safepoint region
[2022-06-16T20:19:59.926+0000][8140][safepoint    ] Total time for which application threads were stopped: 0.0001159 seconds, Stopping threads took: 0.0000308 seconds
[2022-06-16T20:19:59.926+0000][8140][safepoint    ] Application time: 0.0003811 seconds
[2022-06-16T20:19:59.926+0000][8140][safepoint    ] Entering safepoint region: RevokeBias
[2022-06-16T20:19:59.926+0000][8140][safepoint    ] Leaving safepoint region
[2022-06-16T20:19:59.927+0000][8140][safepoint    ] Total time for which application threads were stopped: 0.0002275 seconds, Stopping threads took: 0.0000956 seconds
[2022-06-16T20:19:59.927+0000][8140][safepoint    ] Application time: 0.0000802 seconds
[2022-06-16T20:19:59.927+0000][8140][safepoint    ] Entering safepoint region: RevokeBias
[2022-06-16T20:19:59.927+0000][8140][safepoint    ] Leaving safepoint region
[2022-06-16T20:19:59.927+0000][8140][safepoint    ] Total time for which application threads were stopped: 0.0000853 seconds, Stopping threads took: 0.0000187 seconds
[2022-06-16T20:19:59.928+0000][8140][safepoint    ] Application time: 0.0009434 seconds
[2022-06-16T20:19:59.928+0000][8140][safepoint    ] Entering safepoint region: RevokeBias
[2022-06-16T20:19:59.928+0000][8140][safepoint    ] Leaving safepoint region
[2022-06-16T20:19:59.928+0000][8140][safepoint    ] Total time for which application threads were stopped: 0.0001175 seconds, Stopping threads took: 0.0000423 seconds
[2022-06-16T20:19:59.928+0000][8140][safepoint    ] Application time: 0.0000259 seconds
[2022-06-16T20:19:59.928+0000][8140][safepoint    ] Entering safepoint region: RevokeBias
[2022-06-16T20:19:59.928+0000][8140][safepoint    ] Leaving safepoint region
[2022-06-16T20:19:59.928+0000][8140][safepoint    ] Total time for which application threads were stopped: 0.0000943 seconds, Stopping threads took: 0.0000301 seconds
[2022-06-16T20:19:59.928+0000][8140][safepoint    ] Application time: 0.0000903 seconds
[2022-06-16T20:19:59.928+0000][8140][safepoint    ] Entering safepoint region: RevokeBias
[2022-06-16T20:19:59.928+0000][8140][safepoint    ] Leaving safepoint region
[2022-06-16T20:19:59.928+0000][8140][safepoint    ] Total time for which application threads were stopped: 0.0001352 seconds, Stopping threads took: 0.0000661 seconds
[2022-06-16T20:19:59.929+0000][8140][safepoint    ] Application time: 0.0009391 seconds
[2022-06-16T20:19:59.929+0000][8140][safepoint    ] Entering safepoint region: RevokeBias
[2022-06-16T20:19:59.929+0000][8140][safepoint    ] Leaving safepoint region
[2022-06-16T20:19:59.929+0000][8140][safepoint    ] Total time for which application threads were stopped: 0.0000962 seconds, Stopping threads took: 0.0000244 seconds
[2022-06-16T20:19:59.930+0000][8140][safepoint    ] Application time: 0.0002756 seconds
[2022-06-16T20:19:59.930+0000][8140][safepoint    ] Entering safepoint region: RevokeBias
[2022-06-16T20:19:59.930+0000][8140][safepoint    ] Leaving safepoint region
[2022-06-16T20:19:59.930+0000][8140][safepoint    ] Total time for which application threads were stopped: 0.0001516 seconds, Stopping threads took: 0.0000252 seconds
[2022-06-16T20:19:59.930+0000][8140][safepoint    ] Application time: 0.0002558 seconds
[2022-06-16T20:19:59.930+0000][8140][safepoint    ] Entering safepoint region: RevokeBias
[2022-06-16T20:19:59.930+0000][8140][safepoint    ] Leaving safepoint region
[2022-06-16T20:19:59.930+0000][8140][safepoint    ] Total time for which application threads were stopped: 0.0001199 seconds, Stopping threads took: 0.0000236 seconds
[2022-06-16T20:19:59.930+0000][8140][safepoint    ] Application time: 0.0014017 seconds
[2022-06-16T20:19:59.930+0000][8140][safepoint    ] Entering safepoint region: RevokeBias
[2022-06-16T20:19:59.930+0000][8140][safepoint    ] Leaving safepoint region
[2022-06-16T20:19:59.930+0000][8140][safepoint    ] Total time for which application threads were stopped: 0.0004548 seconds, Stopping threads took: 0.0003315 seconds
[2022-06-16T20:19:59.930+0000][8140][safepoint    ] Application time: 0.0002057 seconds
[2022-06-16T20:19:59.930+0000][8140][safepoint    ] Entering safepoint region: RevokeBias
[2022-06-16T20:19:59.930+0000][8140][safepoint    ] Leaving safepoint region
[2022-06-16T20:19:59.930+0000][8140][safepoint    ] Total time for which application threads were stopped: 0.0002518 seconds, Stopping threads took: 0.0001698 seconds
[2022-06-16T20:19:59.930+0000][8140][safepoint    ] Application time: 0.0011573 seconds
[2022-06-16T20:19:59.930+0000][8140][safepoint    ] Entering safepoint region: RevokeBias
[2022-06-16T20:19:59.930+0000][8140][safepoint    ] Leaving safepoint region
[2022-06-16T20:19:59.930+0000][8140][safepoint    ] Total time for which application threads were stopped: 0.0012738 seconds, Stopping threads took: 0.0000210 seconds
[2022-06-16T20:19:59.930+0000][8140][safepoint    ] Application time: 0.0004963 seconds
[2022-06-16T20:19:59.930+0000][8140][safepoint    ] Entering safepoint region: RevokeBias
[2022-06-16T20:19:59.930+0000][8140][safepoint    ] Leaving safepoint region
[2022-06-16T20:19:59.930+0000][8140][safepoint    ] Total time for which application threads were stopped: 0.0001122 seconds, Stopping threads took: 0.0000357 seconds
[2022-06-16T20:19:59.930+0000][8140][safepoint    ] Application time: 0.0000500 seconds
[2022-06-16T20:19:59.930+0000][8140][safepoint    ] Entering safepoint region: RevokeBias
[2022-06-16T20:19:59.930+0000][8140][safepoint    ] Leaving safepoint region
[2022-06-16T20:19:59.930+0000][8140][safepoint    ] Total time for which application threads were stopped: 0.0001051 seconds, Stopping threads took: 0.0000333 seconds
[2022-06-16T20:19:59.930+0000][8140][safepoint    ] Application time: 0.0000401 seconds
[2022-06-16T20:19:59.930+0000][8140][safepoint    ] Entering safepoint region: RevokeBias
[2022-06-16T20:19:59.930+0000][8140][safepoint    ] Leaving safepoint region
[2022-06-16T20:19:59.930+0000][8140][safepoint    ] Total time for which application threads were stopped: 0.0000931 seconds, Stopping threads took: 0.0000230 seconds
[2022-06-16T20:19:59.930+0000][8140][safepoint    ] Application time: 0.0001617 seconds
[2022-06-16T20:19:59.930+0000][8140][safepoint    ] Entering safepoint region: RevokeBias
[2022-06-16T20:19:59.930+0000][8140][safepoint    ] Leaving safepoint region
[2022-06-16T20:19:59.930+0000][8140][safepoint    ] Total time for which application threads were stopped: 0.0005506 seconds, Stopping threads took: 0.0000273 seconds
[2022-06-16T20:19:59.930+0000][8140][safepoint    ] Application time: 0.0003355 seconds
[2022-06-16T20:19:59.930+0000][8140][safepoint    ] Entering safepoint region: RevokeBias
[2022-06-16T20:19:59.930+0000][8140][safepoint    ] Leaving safepoint region
[2022-06-16T20:19:59.930+0000][8140][safepoint    ] Total time for which application threads were stopped: 0.0001106 seconds, Stopping threads took: 0.0000377 seconds
[2022-06-16T20:19:59.930+0000][8140][safepoint    ] Application time: 0.0002145 seconds
[2022-06-16T20:19:59.930+0000][8140][safepoint    ] Entering safepoint region: RevokeBias
[2022-06-16T20:19:59.930+0000][8140][safepoint    ] Leaving safepoint region
[2022-06-16T20:19:59.930+0000][8140][safepoint    ] Total time for which application threads were stopped: 0.0001215 seconds, Stopping threads took: 0.0000361 seconds
[2022-06-16T20:19:59.930+0000][8140][safepoint    ] Application time: 0.0003751 seconds
[2022-06-16T20:19:59.930+0000][8140][safepoint    ] Entering safepoint region: RevokeBias
[2022-06-16T20:19:59.930+0000][8140][safepoint    ] Leaving safepoint region
[2022-06-16T20:19:59.930+0000][8140][safepoint    ] Total time for which application threads were stopped: 0.0002023 seconds, Stopping threads took: 0.0000617 seconds
[2022-06-16T20:19:59.930+0000][8140][safepoint    ] Application time: 0.0009827 seconds
[2022-06-16T20:19:59.930+0000][8140][safepoint    ] Entering safepoint region: RevokeBias
[2022-06-16T20:19:59.930+0000][8140][safepoint    ] Leaving safepoint region
[2022-06-16T20:19:59.930+0000][8140][safepoint    ] Total time for which application threads were stopped: 0.0001280 seconds, Stopping threads took: 0.0000188 seconds
[2022-06-16T20:19:59.930+0000][8140][safepoint    ] Application time: 0.0000262 seconds
[2022-06-16T20:19:59.930+0000][8140][safepoint    ] Entering safepoint region: RevokeBias
[2022-06-16T20:19:59.930+0000][8140][safepoint    ] Leaving safepoint region
[2022-06-16T20:19:59.930+0000][8140][safepoint    ] Total time for which application threads were stopped: 0.0001006 seconds, Stopping threads took: 0.0000291 seconds
[2022-06-16T20:19:59.930+0000][8140][safepoint    ] Application time: 0.0006350 seconds
[2022-06-16T20:19:59.930+0000][8140][safepoint    ] Entering safepoint region: RevokeBias
[2022-06-16T20:19:59.930+0000][8140][safepoint    ] Leaving safepoint region
[2022-06-16T20:19:59.930+0000][8140][safepoint    ] Total time for which application threads were stopped: 0.0002503 seconds, Stopping threads took: 0.0001731 seconds
[2022-06-16T20:19:59.930+0000][8140][safepoint    ] Application time: 0.0021115 seconds
[2022-06-16T20:19:59.930+0000][8140][safepoint    ] Entering safepoint region: RevokeBias
[2022-06-16T20:19:59.930+0000][8140][safepoint    ] Leaving safepoint region
[2022-06-16T20:19:59.930+0000][8140][safepoint    ] Total time for which application threads were stopped: 0.0001034 seconds, Stopping threads took: 0.0000285 seconds
[2022-06-16T20:19:59.930+0000][8140][safepoint    ] Application time: 0.0000249 seconds
[2022-06-16T20:19:59.930+0000][8140][safepoint    ] Entering safepoint region: RevokeBias
[2022-06-16T20:19:59.930+0000][8140][safepoint    ] Leaving safepoint region
[2022-06-16T20:19:59.930+0000][8140][safepoint    ] Total time for which application threads were stopped: 0.0000888 seconds, Stopping threads took: 0.0000242 seconds
[2022-06-16T20:19:59.945+0000][8140][safepoint    ] Application time: 0.0039892 seconds
[2022-06-16T20:19:59.945+0000][8140][safepoint    ] Entering safepoint region: RevokeBias
[2022-06-16T20:19:59.945+0000][8140][safepoint    ] Leaving safepoint region
[2022-06-16T20:19:59.945+0000][8140][safepoint    ] Total time for which application threads were stopped: 0.0001538 seconds, Stopping threads took: 0.0000742 seconds
[2022-06-16T20:19:59.945+0000][8140][safepoint    ] Application time: 0.0005980 seconds
[2022-06-16T20:19:59.945+0000][8140][safepoint    ] Entering safepoint region: RevokeBias
[2022-06-16T20:19:59.945+0000][8140][safepoint    ] Leaving safepoint region
[2022-06-16T20:19:59.945+0000][8140][safepoint    ] Total time for which application threads were stopped: 0.0003461 seconds, Stopping threads took: 0.0002743 seconds
[2022-06-16T20:19:59.977+0000][8140][safepoint    ] Application time: 0.0327448 seconds
[2022-06-16T20:19:59.977+0000][8140][safepoint    ] Entering safepoint region: RevokeBias
[2022-06-16T20:19:59.977+0000][8140][safepoint    ] Leaving safepoint region
[2022-06-16T20:19:59.977+0000][8140][safepoint    ] Total time for which application threads were stopped: 0.0001478 seconds, Stopping threads took: 0.0000369 seconds
[2022-06-16T20:19:59.977+0000][8140][safepoint    ] Application time: 0.0004428 seconds
[2022-06-16T20:19:59.977+0000][8140][safepoint    ] Entering safepoint region: RevokeBias
[2022-06-16T20:19:59.977+0000][8140][safepoint    ] Leaving safepoint region
[2022-06-16T20:19:59.977+0000][8140][safepoint    ] Total time for which application threads were stopped: 0.0004700 seconds, Stopping threads took: 0.0003754 seconds
[2022-06-16T20:19:59.977+0000][8140][safepoint    ] Application time: 0.0003584 seconds
[2022-06-16T20:19:59.977+0000][8140][safepoint    ] Entering safepoint region: RevokeBias
[2022-06-16T20:19:59.977+0000][8140][safepoint    ] Leaving safepoint region
[2022-06-16T20:19:59.977+0000][8140][safepoint    ] Total time for which application threads were stopped: 0.0000984 seconds, Stopping threads took: 0.0000289 seconds
[2022-06-16T20:19:59.977+0000][8140][safepoint    ] Application time: 0.0000225 seconds
[2022-06-16T20:19:59.977+0000][8140][safepoint    ] Entering safepoint region: RevokeBias
[2022-06-16T20:19:59.977+0000][8140][safepoint    ] Leaving safepoint region
[2022-06-16T20:19:59.977+0000][8140][safepoint    ] Total time for which application threads were stopped: 0.0000968 seconds, Stopping threads took: 0.0000168 seconds
[2022-06-16T20:19:59.977+0000][8140][safepoint    ] Application time: 0.0000151 seconds
[2022-06-16T20:19:59.977+0000][8140][safepoint    ] Entering safepoint region: RevokeBias
[2022-06-16T20:19:59.977+0000][8140][safepoint    ] Leaving safepoint region
[2022-06-16T20:19:59.977+0000][8140][safepoint    ] Total time for which application threads were stopped: 0.0000743 seconds, Stopping threads took: 0.0000196 seconds
[2022-06-16T20:19:59.977+0000][8140][safepoint    ] Application time: 0.0026337 seconds
[2022-06-16T20:19:59.977+0000][8140][safepoint    ] Entering safepoint region: RevokeBias
[2022-06-16T20:19:59.977+0000][8140][safepoint    ] Leaving safepoint region
[2022-06-16T20:19:59.977+0000][8140][safepoint    ] Total time for which application threads were stopped: 0.0000921 seconds, Stopping threads took: 0.0000278 seconds
[2022-06-16T20:19:59.977+0000][8140][safepoint    ] Application time: 0.0007737 seconds
[2022-06-16T20:19:59.977+0000][8140][safepoint    ] Entering safepoint region: RevokeBias
[2022-06-16T20:19:59.977+0000][8140][safepoint    ] Leaving safepoint region
[2022-06-16T20:19:59.977+0000][8140][safepoint    ] Total time for which application threads were stopped: 0.0000834 seconds, Stopping threads took: 0.0000243 seconds
[2022-06-16T20:19:59.977+0000][8140][safepoint    ] Application time: 0.0000280 seconds
[2022-06-16T20:19:59.977+0000][8140][safepoint    ] Entering safepoint region: RevokeBias
[2022-06-16T20:19:59.977+0000][8140][safepoint    ] Leaving safepoint region
[2022-06-16T20:19:59.977+0000][8140][safepoint    ] Total time for which application threads were stopped: 0.0000672 seconds, Stopping threads took: 0.0000192 seconds
[2022-06-16T20:19:59.977+0000][8140][safepoint    ] Application time: 0.0051151 seconds
[2022-06-16T20:19:59.977+0000][8140][safepoint    ] Entering safepoint region: RevokeBias
[2022-06-16T20:19:59.977+0000][8140][safepoint    ] Leaving safepoint region
[2022-06-16T20:19:59.977+0000][8140][safepoint    ] Total time for which application threads were stopped: 0.0001166 seconds, Stopping threads took: 0.0000276 seconds
[2022-06-16T20:19:59.992+0000][8140][safepoint    ] Application time: 0.0003920 seconds
[2022-06-16T20:19:59.992+0000][8140][safepoint    ] Entering safepoint region: RevokeBias
[2022-06-16T20:19:59.992+0000][8140][safepoint    ] Leaving safepoint region
[2022-06-16T20:19:59.992+0000][8140][safepoint    ] Total time for which application threads were stopped: 0.0003441 seconds, Stopping threads took: 0.0002703 seconds
[2022-06-16T20:19:59.992+0000][8140][safepoint    ] Application time: 0.0000862 seconds
[2022-06-16T20:19:59.992+0000][8140][safepoint    ] Entering safepoint region: RevokeBias
[2022-06-16T20:19:59.992+0000][8140][safepoint    ] Leaving safepoint region
[2022-06-16T20:19:59.992+0000][8140][safepoint    ] Total time for which application threads were stopped: 0.0003417 seconds, Stopping threads took: 0.0002790 seconds
[2022-06-16T20:19:59.992+0000][8140][safepoint    ] Application time: 0.0000992 seconds
[2022-06-16T20:19:59.992+0000][8140][safepoint    ] Entering safepoint region: RevokeBias
[2022-06-16T20:19:59.992+0000][8140][safepoint    ] Leaving safepoint region
[2022-06-16T20:19:59.992+0000][8140][safepoint    ] Total time for which application threads were stopped: 0.0003355 seconds, Stopping threads took: 0.0002756 seconds
[2022-06-16T20:19:59.992+0000][8140][safepoint    ] Application time: 0.0000232 seconds
[2022-06-16T20:19:59.992+0000][8140][safepoint    ] Entering safepoint region: RevokeBias
[2022-06-16T20:19:59.992+0000][8140][safepoint    ] Leaving safepoint region
[2022-06-16T20:19:59.992+0000][8140][safepoint    ] Total time for which application threads were stopped: 0.0000662 seconds, Stopping threads took: 0.0000193 seconds
[2022-06-16T20:19:59.992+0000][8140][safepoint    ] Application time: 0.0002271 seconds
[2022-06-16T20:19:59.992+0000][8140][safepoint    ] Entering safepoint region: RevokeBias
[2022-06-16T20:19:59.992+0000][8140][safepoint    ] Leaving safepoint region
[2022-06-16T20:19:59.992+0000][8140][safepoint    ] Total time for which application threads were stopped: 0.0000804 seconds, Stopping threads took: 0.0000217 seconds
[2022-06-16T20:19:59.992+0000][8140][safepoint    ] Application time: 0.0002169 seconds
[2022-06-16T20:19:59.992+0000][8140][safepoint    ] Entering safepoint region: RevokeBias
[2022-06-16T20:19:59.992+0000][8140][safepoint    ] Leaving safepoint region
[2022-06-16T20:19:59.992+0000][8140][safepoint    ] Total time for which application threads were stopped: 0.0000808 seconds, Stopping threads took: 0.0000221 seconds
[2022-06-16T20:19:59.992+0000][8140][safepoint    ] Application time: 0.0000242 seconds
[2022-06-16T20:19:59.992+0000][8140][safepoint    ] Entering safepoint region: RevokeBias
[2022-06-16T20:19:59.992+0000][8140][safepoint    ] Leaving safepoint region
[2022-06-16T20:19:59.992+0000][8140][safepoint    ] Total time for which application threads were stopped: 0.0000681 seconds, Stopping threads took: 0.0000188 seconds
[2022-06-16T20:19:59.992+0000][8140][safepoint    ] Application time: 0.0011941 seconds
[2022-06-16T20:19:59.992+0000][8140][safepoint    ] Entering safepoint region: RevokeBias
[2022-06-16T20:19:59.992+0000][8140][safepoint    ] Leaving safepoint region
[2022-06-16T20:19:59.992+0000][8140][safepoint    ] Total time for which application threads were stopped: 0.0000901 seconds, Stopping threads took: 0.0000295 seconds
[2022-06-16T20:19:59.992+0000][8140][safepoint    ] Application time: 0.0000797 seconds
[2022-06-16T20:19:59.992+0000][8140][safepoint    ] Entering safepoint region: RevokeBias
[2022-06-16T20:19:59.992+0000][8140][safepoint    ] Leaving safepoint region
[2022-06-16T20:19:59.992+0000][8140][safepoint    ] Total time for which application threads were stopped: 0.0000618 seconds, Stopping threads took: 0.0000171 seconds
[2022-06-16T20:19:59.992+0000][8140][safepoint    ] Application time: 0.0000741 seconds
[2022-06-16T20:19:59.992+0000][8140][safepoint    ] Entering safepoint region: RevokeBias
[2022-06-16T20:19:59.992+0000][8140][safepoint    ] Leaving safepoint region
[2022-06-16T20:19:59.992+0000][8140][safepoint    ] Total time for which application threads were stopped: 0.0000726 seconds, Stopping threads took: 0.0000203 seconds
[2022-06-16T20:19:59.992+0000][8140][safepoint    ] Application time: 0.0000566 seconds
[2022-06-16T20:19:59.992+0000][8140][safepoint    ] Entering safepoint region: RevokeBias
[2022-06-16T20:19:59.992+0000][8140][safepoint    ] Leaving safepoint region
[2022-06-16T20:19:59.992+0000][8140][safepoint    ] Total time for which application threads were stopped: 0.0000679 seconds, Stopping threads took: 0.0000198 seconds
[2022-06-16T20:19:59.992+0000][8140][safepoint    ] Application time: 0.0000236 seconds
[2022-06-16T20:19:59.992+0000][8140][safepoint    ] Entering safepoint region: RevokeBias
[2022-06-16T20:19:59.992+0000][8140][safepoint    ] Leaving safepoint region
[2022-06-16T20:19:59.992+0000][8140][safepoint    ] Total time for which application threads were stopped: 0.0000672 seconds, Stopping threads took: 0.0000192 seconds
[2022-06-16T20:19:59.992+0000][8140][safepoint    ] Application time: 0.0000180 seconds
[2022-06-16T20:19:59.992+0000][8140][safepoint    ] Entering safepoint region: RevokeBias
[2022-06-16T20:19:59.992+0000][8140][safepoint    ] Leaving safepoint region
[2022-06-16T20:19:59.992+0000][8140][safepoint    ] Total time for which application threads were stopped: 0.0000606 seconds, Stopping threads took: 0.0000180 seconds
[2022-06-16T20:19:59.992+0000][8140][safepoint    ] Application time: 0.0002211 seconds
[2022-06-16T20:19:59.992+0000][8140][safepoint    ] Entering safepoint region: RevokeBias
[2022-06-16T20:19:59.992+0000][8140][safepoint    ] Leaving safepoint region
[2022-06-16T20:19:59.992+0000][8140][safepoint    ] Total time for which application threads were stopped: 0.0000776 seconds, Stopping threads took: 0.0000217 seconds
[2022-06-16T20:19:59.992+0000][8140][safepoint    ] Application time: 0.0001591 seconds
[2022-06-16T20:19:59.992+0000][8140][safepoint    ] Entering safepoint region: RevokeBias
[2022-06-16T20:19:59.992+0000][8140][safepoint    ] Leaving safepoint region
[2022-06-16T20:19:59.992+0000][8140][safepoint    ] Total time for which application threads were stopped: 0.0000713 seconds, Stopping threads took: 0.0000205 seconds
[2022-06-16T20:19:59.992+0000][8140][safepoint    ] Application time: 0.0000695 seconds
[2022-06-16T20:19:59.992+0000][8140][safepoint    ] Entering safepoint region: RevokeBias
[2022-06-16T20:19:59.992+0000][8140][safepoint    ] Leaving safepoint region
[2022-06-16T20:19:59.992+0000][8140][safepoint    ] Total time for which application threads were stopped: 0.0000672 seconds, Stopping threads took: 0.0000186 seconds
[2022-06-16T20:19:59.992+0000][8140][safepoint    ] Application time: 0.0000538 seconds
[2022-06-16T20:19:59.992+0000][8140][safepoint    ] Entering safepoint region: RevokeBias
[2022-06-16T20:19:59.992+0000][8140][safepoint    ] Leaving safepoint region
[2022-06-16T20:19:59.992+0000][8140][safepoint    ] Total time for which application threads were stopped: 0.0000660 seconds, Stopping threads took: 0.0000197 seconds
[2022-06-16T20:19:59.992+0000][8140][safepoint    ] Application time: 0.0000206 seconds
[2022-06-16T20:19:59.992+0000][8140][safepoint    ] Entering safepoint region: RevokeBias
[2022-06-16T20:19:59.992+0000][8140][safepoint    ] Leaving safepoint region
[2022-06-16T20:19:59.992+0000][8140][safepoint    ] Total time for which application threads were stopped: 0.0000631 seconds, Stopping threads took: 0.0000189 seconds
[2022-06-16T20:19:59.992+0000][8140][safepoint    ] Application time: 0.0000165 seconds
[2022-06-16T20:19:59.992+0000][8140][safepoint    ] Entering safepoint region: RevokeBias
[2022-06-16T20:19:59.992+0000][8140][safepoint    ] Leaving safepoint region
[2022-06-16T20:19:59.992+0000][8140][safepoint    ] Total time for which application threads were stopped: 0.0000631 seconds, Stopping threads took: 0.0000192 seconds
[2022-06-16T20:19:59.992+0000][8140][safepoint    ] Application time: 0.0009585 seconds
[2022-06-16T20:19:59.992+0000][8140][safepoint    ] Entering safepoint region: RevokeBias
[2022-06-16T20:19:59.992+0000][8140][safepoint    ] Leaving safepoint region
[2022-06-16T20:19:59.992+0000][8140][safepoint    ] Total time for which application threads were stopped: 0.0000919 seconds, Stopping threads took: 0.0000298 seconds
[2022-06-16T20:19:59.992+0000][8140][safepoint    ] Application time: 0.0000662 seconds
[2022-06-16T20:19:59.992+0000][8140][safepoint    ] Entering safepoint region: RevokeBias
[2022-06-16T20:19:59.992+0000][8140][safepoint    ] Leaving safepoint region
[2022-06-16T20:19:59.992+0000][8140][safepoint    ] Total time for which application threads were stopped: 0.0000739 seconds, Stopping threads took: 0.0000216 seconds
[2022-06-16T20:19:59.992+0000][8140][safepoint    ] Application time: 0.0020306 seconds
[2022-06-16T20:19:59.992+0000][8140][safepoint    ] Entering safepoint region: RevokeBias
[2022-06-16T20:19:59.992+0000][8140][safepoint    ] Leaving safepoint region
[2022-06-16T20:19:59.992+0000][8140][safepoint    ] Total time for which application threads were stopped: 0.0000784 seconds, Stopping threads took: 0.0000236 seconds
[2022-06-16T20:19:59.992+0000][8140][safepoint    ] Application time: 0.0003639 seconds
[2022-06-16T20:19:59.992+0000][8140][safepoint    ] Entering safepoint region: RevokeBias
[2022-06-16T20:19:59.992+0000][8140][safepoint    ] Leaving safepoint region
[2022-06-16T20:19:59.992+0000][8140][safepoint    ] Total time for which application threads were stopped: 0.0000800 seconds, Stopping threads took: 0.0000231 seconds
[2022-06-16T20:19:59.992+0000][8140][safepoint    ] Application time: 0.0003109 seconds
[2022-06-16T20:19:59.992+0000][8140][safepoint    ] Entering safepoint region: RevokeBias
[2022-06-16T20:19:59.992+0000][8140][safepoint    ] Leaving safepoint region
[2022-06-16T20:19:59.992+0000][8140][safepoint    ] Total time for which application threads were stopped: 0.0000791 seconds, Stopping threads took: 0.0000230 seconds
[2022-06-16T20:19:59.992+0000][8140][safepoint    ] Application time: 0.0002483 seconds
[2022-06-16T20:19:59.992+0000][8140][safepoint    ] Entering safepoint region: RevokeBias
[2022-06-16T20:19:59.992+0000][8140][safepoint    ] Leaving safepoint region
[2022-06-16T20:19:59.992+0000][8140][safepoint    ] Total time for which application threads were stopped: 0.0000779 seconds, Stopping threads took: 0.0000222 seconds
[2022-06-16T20:19:59.992+0000][8140][safepoint    ] Application time: 0.0008657 seconds
[2022-06-16T20:19:59.992+0000][8140][safepoint    ] Entering safepoint region: RevokeBias
[2022-06-16T20:19:59.992+0000][8140][safepoint    ] Leaving safepoint region
[2022-06-16T20:19:59.992+0000][8140][safepoint    ] Total time for which application threads were stopped: 0.0000842 seconds, Stopping threads took: 0.0000235 seconds
[2022-06-16T20:19:59.992+0000][8140][safepoint    ] Application time: 0.0015801 seconds
[2022-06-16T20:19:59.992+0000][8140][safepoint    ] Entering safepoint region: RevokeBias
[2022-06-16T20:19:59.992+0000][8140][safepoint    ] Leaving safepoint region
[2022-06-16T20:19:59.992+0000][8140][safepoint    ] Total time for which application threads were stopped: 0.0000790 seconds, Stopping threads took: 0.0000237 seconds
[2022-06-16T20:20:00.008+0000][8140][safepoint    ] Application time: 0.0070613 seconds
[2022-06-16T20:20:00.008+0000][8140][safepoint    ] Entering safepoint region: RevokeBias
[2022-06-16T20:20:00.008+0000][8140][safepoint    ] Leaving safepoint region
[2022-06-16T20:20:00.008+0000][8140][safepoint    ] Total time for which application threads were stopped: 0.0000982 seconds, Stopping threads took: 0.0000264 seconds
[2022-06-16T20:20:00.008+0000][8140][safepoint    ] Application time: 0.0006871 seconds
[2022-06-16T20:20:00.008+0000][8140][safepoint    ] Entering safepoint region: RevokeBias
[2022-06-16T20:20:00.008+0000][8140][safepoint    ] Leaving safepoint region
[2022-06-16T20:20:00.008+0000][8140][safepoint    ] Total time for which application threads were stopped: 0.0000935 seconds, Stopping threads took: 0.0000252 seconds
[2022-06-16T20:20:00.008+0000][8140][safepoint    ] Application time: 0.0002494 seconds
[2022-06-16T20:20:00.008+0000][8140][safepoint    ] Entering safepoint region: RevokeBias
[2022-06-16T20:20:00.008+0000][8140][safepoint    ] Leaving safepoint region
[2022-06-16T20:20:00.008+0000][8140][safepoint    ] Total time for which application threads were stopped: 0.0000792 seconds, Stopping threads took: 0.0000228 seconds
[2022-06-16T20:20:00.008+0000][8140][safepoint    ] Application time: 0.0002930 seconds
[2022-06-16T20:20:00.008+0000][8140][safepoint    ] Entering safepoint region: RevokeBias
[2022-06-16T20:20:00.008+0000][8140][safepoint    ] Leaving safepoint region
[2022-06-16T20:20:00.008+0000][8140][safepoint    ] Total time for which application threads were stopped: 0.0001376 seconds, Stopping threads took: 0.0000234 seconds
[2022-06-16T20:20:00.039+0000][8140][safepoint    ] Application time: 0.0397751 seconds
[2022-06-16T20:20:00.039+0000][8140][safepoint    ] Entering safepoint region: RevokeBias
[2022-06-16T20:20:00.039+0000][8140][safepoint    ] Leaving safepoint region
[2022-06-16T20:20:00.039+0000][8140][safepoint    ] Total time for which application threads were stopped: 0.0001446 seconds, Stopping threads took: 0.0000515 seconds
[2022-06-16T20:20:00.055+0000][8140][safepoint    ] Application time: 0.0141627 seconds
[2022-06-16T20:20:00.055+0000][8140][safepoint    ] Entering safepoint region: RevokeBias
[2022-06-16T20:20:00.055+0000][8140][safepoint    ] Leaving safepoint region
[2022-06-16T20:20:00.055+0000][8140][safepoint    ] Total time for which application threads were stopped: 0.0001157 seconds, Stopping threads took: 0.0000261 seconds
[2022-06-16T20:20:00.070+0000][8140][safepoint    ] Application time: 0.0063578 seconds
[2022-06-16T20:20:00.070+0000][8140][safepoint    ] Entering safepoint region: RevokeBias
[2022-06-16T20:20:00.070+0000][8140][safepoint    ] Leaving safepoint region
[2022-06-16T20:20:00.070+0000][8140][safepoint    ] Total time for which application threads were stopped: 0.0001122 seconds, Stopping threads took: 0.0000244 seconds
[2022-06-16T20:20:00.086+0000][8140][safepoint    ] Application time: 0.0138824 seconds
[2022-06-16T20:20:00.086+0000][8140][safepoint    ] Entering safepoint region: RevokeBias
[2022-06-16T20:20:00.086+0000][8140][safepoint    ] Leaving safepoint region
[2022-06-16T20:20:00.086+0000][8140][safepoint    ] Total time for which application threads were stopped: 0.0001127 seconds, Stopping threads took: 0.0000289 seconds
[2022-06-16T20:20:00.086+0000][8140][safepoint    ] Application time: 0.0000516 seconds
[2022-06-16T20:20:00.086+0000][8140][safepoint    ] Entering safepoint region: RevokeBias
[2022-06-16T20:20:00.086+0000][8140][safepoint    ] Leaving safepoint region
[2022-06-16T20:20:00.086+0000][8140][safepoint    ] Total time for which application threads were stopped: 0.0000746 seconds, Stopping threads took: 0.0000208 seconds
[2022-06-16T20:20:00.086+0000][8140][safepoint    ] Application time: 0.0000149 seconds
[2022-06-16T20:20:00.086+0000][8140][safepoint    ] Entering safepoint region: RevokeBias
[2022-06-16T20:20:00.086+0000][8140][safepoint    ] Leaving safepoint region
[2022-06-16T20:20:00.086+0000][8140][safepoint    ] Total time for which application threads were stopped: 0.0000778 seconds, Stopping threads took: 0.0000197 seconds
[2022-06-16T20:20:00.086+0000][8140][safepoint    ] Application time: 0.0001007 seconds
[2022-06-16T20:20:00.086+0000][8140][safepoint    ] Entering safepoint region: RevokeBias
[2022-06-16T20:20:00.086+0000][8140][safepoint    ] Leaving safepoint region
[2022-06-16T20:20:00.086+0000][8140][safepoint    ] Total time for which application threads were stopped: 0.0000761 seconds, Stopping threads took: 0.0000202 seconds
[2022-06-16T20:20:00.086+0000][8140][safepoint    ] Application time: 0.0009425 seconds
[2022-06-16T20:20:00.086+0000][8140][safepoint    ] Entering safepoint region: RevokeBias
[2022-06-16T20:20:00.086+0000][8140][safepoint    ] Leaving safepoint region
[2022-06-16T20:20:00.086+0000][8140][safepoint    ] Total time for which application threads were stopped: 0.0000952 seconds, Stopping threads took: 0.0000218 seconds
[2022-06-16T20:20:00.086+0000][8140][safepoint    ] Application time: 0.0004414 seconds
[2022-06-16T20:20:00.086+0000][8140][safepoint    ] Entering safepoint region: RevokeBias
[2022-06-16T20:20:00.086+0000][8140][safepoint    ] Leaving safepoint region
[2022-06-16T20:20:00.086+0000][8140][safepoint    ] Total time for which application threads were stopped: 0.0001669 seconds, Stopping threads took: 0.0000201 seconds
[2022-06-16T20:20:00.086+0000][8140][safepoint    ] Application time: 0.0021156 seconds
[2022-06-16T20:20:00.086+0000][8140][safepoint    ] Entering safepoint region: RevokeBias
[2022-06-16T20:20:00.086+0000][8140][safepoint    ] Leaving safepoint region
[2022-06-16T20:20:00.086+0000][8140][safepoint    ] Total time for which application threads were stopped: 0.0000866 seconds, Stopping threads took: 0.0000242 seconds
[2022-06-16T20:20:00.102+0000][8140][safepoint    ] Application time: 0.0118012 seconds
[2022-06-16T20:20:00.102+0000][8140][safepoint    ] Entering safepoint region: RevokeBias
[2022-06-16T20:20:00.102+0000][8140][safepoint    ] Leaving safepoint region
[2022-06-16T20:20:00.102+0000][8140][safepoint    ] Total time for which application threads were stopped: 0.0001005 seconds, Stopping threads took: 0.0000289 seconds
[2022-06-16T20:20:00.102+0000][8140][safepoint    ] Application time: 0.0007447 seconds
[2022-06-16T20:20:00.102+0000][8140][safepoint    ] Entering safepoint region: RevokeBias
[2022-06-16T20:20:00.102+0000][8140][safepoint    ] Leaving safepoint region
[2022-06-16T20:20:00.102+0000][8140][safepoint    ] Total time for which application threads were stopped: 0.0000974 seconds, Stopping threads took: 0.0000257 seconds
[2022-06-16T20:20:00.133+0000][8140][safepoint    ] Application time: 0.0360579 seconds
[2022-06-16T20:20:00.133+0000][8140][safepoint    ] Entering safepoint region: RevokeBias
[2022-06-16T20:20:00.133+0000][8140][safepoint    ] Leaving safepoint region
[2022-06-16T20:20:00.133+0000][8140][safepoint    ] Total time for which application threads were stopped: 0.0001298 seconds, Stopping threads took: 0.0000252 seconds
[2022-06-16T20:20:00.149+0000][8140][safepoint    ] Application time: 0.0083333 seconds
[2022-06-16T20:20:00.149+0000][8140][safepoint    ] Entering safepoint region: RevokeBias
[2022-06-16T20:20:00.149+0000][8140][safepoint    ] Leaving safepoint region
[2022-06-16T20:20:00.149+0000][8140][safepoint    ] Total time for which application threads were stopped: 0.0001343 seconds, Stopping threads took: 0.0000290 seconds
[2022-06-16T20:20:00.211+0000][8140][safepoint    ] Application time: 0.0651522 seconds
[2022-06-16T20:20:00.211+0000][8140][safepoint    ] Entering safepoint region: RevokeBias
[2022-06-16T20:20:00.211+0000][8140][safepoint    ] Leaving safepoint region
[2022-06-16T20:20:00.211+0000][8140][safepoint    ] Total time for which application threads were stopped: 0.0001398 seconds, Stopping threads took: 0.0000302 seconds
[2022-06-16T20:20:00.274+0000][8140][safepoint    ] Application time: 0.0638874 seconds
[2022-06-16T20:20:00.274+0000][8140][safepoint    ] Entering safepoint region: RevokeBias
[2022-06-16T20:20:00.274+0000][8140][safepoint    ] Leaving safepoint region
[2022-06-16T20:20:00.274+0000][8140][safepoint    ] Total time for which application threads were stopped: 0.0001289 seconds, Stopping threads took: 0.0000251 seconds
[2022-06-16T20:20:00.274+0000][8140][safepoint    ] Application time: 0.0000685 seconds
[2022-06-16T20:20:00.274+0000][8140][safepoint    ] Entering safepoint region: RevokeBias
[2022-06-16T20:20:00.274+0000][8140][safepoint    ] Leaving safepoint region
[2022-06-16T20:20:00.274+0000][8140][safepoint    ] Total time for which application threads were stopped: 0.0000907 seconds, Stopping threads took: 0.0000189 seconds
[2022-06-16T20:20:00.289+0000][8140][safepoint    ] Application time: 0.0127946 seconds
[2022-06-16T20:20:00.289+0000][8140][safepoint    ] Entering safepoint region: RevokeBias
[2022-06-16T20:20:00.289+0000][8140][safepoint    ] Leaving safepoint region
[2022-06-16T20:20:00.289+0000][8140][safepoint    ] Total time for which application threads were stopped: 0.0001192 seconds, Stopping threads took: 0.0000331 seconds
[2022-06-16T20:20:00.289+0000][8140][safepoint    ] Application time: 0.0057590 seconds
[2022-06-16T20:20:00.320+0000][8140][safepoint    ] Entering safepoint region: Deoptimize
[2022-06-16T20:20:00.321+0000][8140][safepoint    ] Leaving safepoint region
[2022-06-16T20:20:00.321+0000][8140][safepoint    ] Total time for which application threads were stopped: 0.0218152 seconds, Stopping threads took: 0.0209457 seconds
[2022-06-16T20:20:00.327+0000][8140][safepoint    ] Application time: 0.0057022 seconds
[2022-06-16T20:20:00.327+0000][8140][safepoint    ] Entering safepoint region: RevokeBias
[2022-06-16T20:20:00.327+0000][8140][safepoint    ] Leaving safepoint region
[2022-06-16T20:20:00.327+0000][8140][safepoint    ] Total time for which application threads were stopped: 0.0001271 seconds, Stopping threads took: 0.0000275 seconds
[2022-06-16T20:20:00.333+0000][8140][safepoint    ] Application time: 0.0063790 seconds
[2022-06-16T20:20:00.333+0000][8140][safepoint    ] Entering safepoint region: RevokeBias
[2022-06-16T20:20:00.334+0000][8140][safepoint    ] Leaving safepoint region
[2022-06-16T20:20:00.334+0000][8140][safepoint    ] Total time for which application threads were stopped: 0.0001335 seconds, Stopping threads took: 0.0000256 seconds
[2022-06-16T20:20:00.334+0000][8140][safepoint    ] Application time: 0.0007492 seconds
[2022-06-16T20:20:00.334+0000][8140][safepoint    ] Entering safepoint region: RevokeBias
[2022-06-16T20:20:00.335+0000][8140][safepoint    ] Leaving safepoint region
[2022-06-16T20:20:00.335+0000][8140][safepoint    ] Total time for which application threads were stopped: 0.0001517 seconds, Stopping threads took: 0.0000196 seconds
[2022-06-16T20:20:00.342+0000][8140][safepoint    ] Application time: 0.0077239 seconds
[2022-06-16T20:20:00.375+0000][8140][safepoint    ] Entering safepoint region: RevokeBias
[2022-06-16T20:20:00.375+0000][8140][safepoint    ] Leaving safepoint region
[2022-06-16T20:20:00.375+0000][8140][safepoint    ] Total time for which application threads were stopped: 0.0410776 seconds, Stopping threads took: 0.0409526 seconds
[2022-06-16T20:20:00.406+0000][8140][safepoint    ] Application time: 0.0222324 seconds
[2022-06-16T20:20:00.406+0000][8140][safepoint    ] Entering safepoint region: RevokeBias
[2022-06-16T20:20:00.406+0000][8140][safepoint    ] Leaving safepoint region
[2022-06-16T20:20:00.406+0000][8140][safepoint    ] Total time for which application threads were stopped: 0.0005991 seconds, Stopping threads took: 0.0004802 seconds
[2022-06-16T20:20:00.406+0000][8140][safepoint    ] Application time: 0.0024504 seconds
[2022-06-16T20:20:00.437+0000][8140][safepoint    ] Entering safepoint region: RevokeBias
[2022-06-16T20:20:00.437+0000][8140][safepoint    ] Leaving safepoint region
[2022-06-16T20:20:00.437+0000][8140][safepoint    ] Total time for which application threads were stopped: 0.0377156 seconds, Stopping threads took: 0.0375778 seconds
[2022-06-16T20:20:00.437+0000][8140][safepoint    ] Application time: 0.0000571 seconds
[2022-06-16T20:20:00.437+0000][8140][safepoint    ] Entering safepoint region: RevokeBias
[2022-06-16T20:20:00.437+0000][8140][safepoint    ] Leaving safepoint region
[2022-06-16T20:20:00.437+0000][8140][safepoint    ] Total time for which application threads were stopped: 0.0001039 seconds, Stopping threads took: 0.0000239 seconds
[2022-06-16T20:20:00.437+0000][8140][safepoint    ] Application time: 0.0000392 seconds
[2022-06-16T20:20:00.437+0000][8140][safepoint    ] Entering safepoint region: RevokeBias
[2022-06-16T20:20:00.437+0000][8140][safepoint    ] Leaving safepoint region
[2022-06-16T20:20:00.437+0000][8140][safepoint    ] Total time for which application threads were stopped: 0.0003758 seconds, Stopping threads took: 0.0002875 seconds
[2022-06-16T20:20:00.437+0000][8140][safepoint    ] Application time: 0.0005554 seconds
[2022-06-16T20:20:00.437+0000][8140][safepoint    ] Entering safepoint region: RevokeBias
[2022-06-16T20:20:00.437+0000][8140][safepoint    ] Leaving safepoint region
[2022-06-16T20:20:00.437+0000][8140][safepoint    ] Total time for which application threads were stopped: 0.0000949 seconds, Stopping threads took: 0.0000197 seconds
[2022-06-16T20:20:00.719+0000][8140][safepoint    ] Application time: 0.2783278 seconds
[2022-06-16T20:20:00.719+0000][8140][safepoint    ] Entering safepoint region: RevokeBias
[2022-06-16T20:20:00.719+0000][8140][safepoint    ] Leaving safepoint region
[2022-06-16T20:20:00.719+0000][8140][safepoint    ] Total time for which application threads were stopped: 0.0001729 seconds, Stopping threads took: 0.0000310 seconds
[2022-06-16T20:20:00.719+0000][8140][safepoint    ] Application time: 0.0000429 seconds
[2022-06-16T20:20:00.719+0000][8140][safepoint    ] Entering safepoint region: RevokeBias
[2022-06-16T20:20:00.719+0000][8140][safepoint    ] Leaving safepoint region
[2022-06-16T20:20:00.719+0000][8140][safepoint    ] Total time for which application threads were stopped: 0.0001045 seconds, Stopping threads took: 0.0000227 seconds
[2022-06-16T20:20:00.719+0000][8140][safepoint    ] Application time: 0.0002845 seconds
[2022-06-16T20:20:00.719+0000][8140][safepoint    ] Entering safepoint region: Deoptimize
[2022-06-16T20:20:00.719+0000][8140][safepoint    ] Leaving safepoint region
[2022-06-16T20:20:00.719+0000][8140][safepoint    ] Total time for which application threads were stopped: 0.0008199 seconds, Stopping threads took: 0.0000264 seconds
[2022-06-16T20:20:00.875+0000][8140][safepoint    ] Application time: 0.1540032 seconds
[2022-06-16T20:20:01.527+0000][8140][safepoint    ] Entering safepoint region: RevokeBias
[2022-06-16T20:20:01.527+0000][8140][safepoint    ] Leaving safepoint region
[2022-06-16T20:20:01.527+0000][8140][safepoint    ] Total time for which application threads were stopped: 0.6446650 seconds, Stopping threads took: 0.6445312 seconds
[2022-06-16T20:20:01.538+0000][8140][safepoint    ] Application time: 0.0112891 seconds
[2022-06-16T20:20:01.538+0000][8140][safepoint    ] Entering safepoint region: RevokeBias
[2022-06-16T20:20:01.538+0000][8140][safepoint    ] Leaving safepoint region
[2022-06-16T20:20:01.538+0000][8140][safepoint    ] Total time for which application threads were stopped: 0.0002454 seconds, Stopping threads took: 0.0001113 seconds
[2022-06-16T20:20:01.542+0000][8140][safepoint    ] Application time: 0.0034714 seconds
[2022-06-16T20:20:01.542+0000][8140][safepoint    ] Entering safepoint region: RevokeBias
[2022-06-16T20:20:01.542+0000][8140][safepoint    ] Leaving safepoint region
[2022-06-16T20:20:01.542+0000][8140][safepoint    ] Total time for which application threads were stopped: 0.0003343 seconds, Stopping threads took: 0.0001946 seconds
[2022-06-16T20:20:01.558+0000][8140][safepoint    ] Application time: 0.0175558 seconds
[2022-06-16T20:20:01.792+0000][8140][safepoint    ] Entering safepoint region: RevokeBias
[2022-06-16T20:20:01.792+0000][8140][safepoint    ] Leaving safepoint region
[2022-06-16T20:20:01.792+0000][8140][safepoint    ] Total time for which application threads were stopped: 0.2365572 seconds, Stopping threads took: 0.2363715 seconds
[2022-06-16T20:20:01.855+0000][8140][safepoint    ] Application time: 0.0674128 seconds
[2022-06-16T20:20:01.980+0000][8140][safepoint    ] Entering safepoint region: RevokeBias
[2022-06-16T20:20:01.980+0000][8140][safepoint    ] Leaving safepoint region
[2022-06-16T20:20:01.980+0000][8140][safepoint    ] Total time for which application threads were stopped: 0.1263326 seconds, Stopping threads took: 0.1261603 seconds
[2022-06-16T20:20:01.980+0000][8140][safepoint    ] Application time: 0.0013052 seconds
[2022-06-16T20:20:01.996+0000][8140][safepoint    ] Entering safepoint region: RevokeBias
[2022-06-16T20:20:01.996+0000][8140][safepoint    ] Leaving safepoint region
[2022-06-16T20:20:01.996+0000][8140][safepoint    ] Total time for which application threads were stopped: 0.0048529 seconds, Stopping threads took: 0.0047117 seconds
[2022-06-16T20:20:01.996+0000][8140][safepoint    ] Application time: 0.0052482 seconds
[2022-06-16T20:20:01.996+0000][8140][safepoint    ] Entering safepoint region: RevokeBias
[2022-06-16T20:20:01.996+0000][8140][safepoint    ] Leaving safepoint region
[2022-06-16T20:20:01.996+0000][8140][safepoint    ] Total time for which application threads were stopped: 0.0001467 seconds, Stopping threads took: 0.0000424 seconds
[2022-06-16T20:20:02.042+0000][8140][safepoint    ] Application time: 0.0413999 seconds
[2022-06-16T20:20:02.042+0000][8140][safepoint    ] Entering safepoint region: RevokeBias
[2022-06-16T20:20:02.042+0000][8140][safepoint    ] Leaving safepoint region
[2022-06-16T20:20:02.042+0000][8140][safepoint    ] Total time for which application threads were stopped: 0.0001610 seconds, Stopping threads took: 0.0000316 seconds
[2022-06-16T20:20:02.042+0000][8140][safepoint    ] Application time: 0.0006901 seconds
[2022-06-16T20:20:02.042+0000][8140][safepoint    ] Entering safepoint region: RevokeBias
[2022-06-16T20:20:02.042+0000][8140][safepoint    ] Leaving safepoint region
[2022-06-16T20:20:02.042+0000][8140][safepoint    ] Total time for which application threads were stopped: 0.0001238 seconds, Stopping threads took: 0.0000284 seconds
[2022-06-16T20:20:02.042+0000][8140][safepoint    ] Application time: 0.0002167 seconds
[2022-06-16T20:20:02.042+0000][8140][safepoint    ] Entering safepoint region: RevokeBias
[2022-06-16T20:20:02.042+0000][8140][safepoint    ] Leaving safepoint region
[2022-06-16T20:20:02.042+0000][8140][safepoint    ] Total time for which application threads were stopped: 0.0001133 seconds, Stopping threads took: 0.0000242 seconds
[2022-06-16T20:20:02.042+0000][8140][safepoint    ] Application time: 0.0000258 seconds
[2022-06-16T20:20:02.042+0000][8140][safepoint    ] Entering safepoint region: RevokeBias
[2022-06-16T20:20:02.042+0000][8140][safepoint    ] Leaving safepoint region
[2022-06-16T20:20:02.042+0000][8140][safepoint    ] Total time for which application threads were stopped: 0.0000793 seconds, Stopping threads took: 0.0000199 seconds
[2022-06-16T20:20:02.042+0000][8140][safepoint    ] Application time: 0.0000259 seconds
[2022-06-16T20:20:02.042+0000][8140][safepoint    ] Entering safepoint region: RevokeBias
[2022-06-16T20:20:02.042+0000][8140][safepoint    ] Leaving safepoint region
[2022-06-16T20:20:02.042+0000][8140][safepoint    ] Total time for which application threads were stopped: 0.0000800 seconds, Stopping threads took: 0.0000193 seconds
[2022-06-16T20:20:02.042+0000][8140][safepoint    ] Application time: 0.0000147 seconds
[2022-06-16T20:20:02.042+0000][8140][safepoint    ] Entering safepoint region: RevokeBias
[2022-06-16T20:20:02.042+0000][8140][safepoint    ] Leaving safepoint region
[2022-06-16T20:20:02.042+0000][8140][safepoint    ] Total time for which application threads were stopped: 0.0000782 seconds, Stopping threads took: 0.0000189 seconds
[2022-06-16T20:20:02.042+0000][8140][safepoint    ] Application time: 0.0001738 seconds
[2022-06-16T20:20:02.042+0000][8140][safepoint    ] Entering safepoint region: RevokeBias
[2022-06-16T20:20:02.042+0000][8140][safepoint    ] Leaving safepoint region
[2022-06-16T20:20:02.042+0000][8140][safepoint    ] Total time for which application threads were stopped: 0.0000920 seconds, Stopping threads took: 0.0000224 seconds
[2022-06-16T20:20:02.042+0000][8140][safepoint    ] Application time: 0.0010452 seconds
[2022-06-16T20:20:02.042+0000][8140][safepoint    ] Entering safepoint region: RevokeBias
[2022-06-16T20:20:02.042+0000][8140][safepoint    ] Leaving safepoint region
[2022-06-16T20:20:02.042+0000][8140][safepoint    ] Total time for which application threads were stopped: 0.0001182 seconds, Stopping threads took: 0.0000266 seconds
[2022-06-16T20:20:02.042+0000][8140][safepoint    ] Application time: 0.0006899 seconds
[2022-06-16T20:20:02.042+0000][8140][safepoint    ] Entering safepoint region: RevokeBias
[2022-06-16T20:20:02.042+0000][8140][safepoint    ] Leaving safepoint region
[2022-06-16T20:20:02.042+0000][8140][safepoint    ] Total time for which application threads were stopped: 0.0001088 seconds, Stopping threads took: 0.0000253 seconds
[2022-06-16T20:20:02.042+0000][8140][safepoint    ] Application time: 0.0064262 seconds
[2022-06-16T20:20:02.042+0000][8140][safepoint    ] Entering safepoint region: RevokeBias
[2022-06-16T20:20:02.042+0000][8140][safepoint    ] Leaving safepoint region
[2022-06-16T20:20:02.042+0000][8140][safepoint    ] Total time for which application threads were stopped: 0.0001104 seconds, Stopping threads took: 0.0000278 seconds
[2022-06-16T20:20:02.042+0000][8140][safepoint    ] Application time: 0.0000193 seconds
[2022-06-16T20:20:02.042+0000][8140][safepoint    ] Entering safepoint region: RevokeBias
[2022-06-16T20:20:02.042+0000][8140][safepoint    ] Leaving safepoint region
[2022-06-16T20:20:02.042+0000][8140][safepoint    ] Total time for which application threads were stopped: 0.0000845 seconds, Stopping threads took: 0.0000188 seconds
[2022-06-16T20:20:02.058+0000][8140][safepoint    ] Application time: 0.0097440 seconds
[2022-06-16T20:20:02.058+0000][8140][safepoint    ] Entering safepoint region: RevokeBias
[2022-06-16T20:20:02.058+0000][8140][safepoint    ] Leaving safepoint region
[2022-06-16T20:20:02.058+0000][8140][safepoint    ] Total time for which application threads were stopped: 0.0001437 seconds, Stopping threads took: 0.0000554 seconds
[2022-06-16T20:20:02.183+0000][8140][safepoint    ] Application time: 0.1183327 seconds
[2022-06-16T20:20:02.183+0000][8140][safepoint    ] Entering safepoint region: GenCollectForAllocation
[2022-06-16T20:20:02.183+0000][8140][gc,start     ] GC(27) Pause Young (Allocation Failure)
[2022-06-16T20:20:02.183+0000][8140][gc,task      ] GC(27) Using 2 workers of 2 for evacuation
[2022-06-16T20:20:02.214+0000][8140][gc,age       ] GC(27) Desired survivor size 8716288 bytes, new threshold 2 (max threshold 6)
[2022-06-16T20:20:02.214+0000][8140][gc,age       ] GC(27) Age table with threshold 2 (max threshold 6)
[2022-06-16T20:20:02.214+0000][8140][gc,age       ] GC(27) - age   1:    5062464 bytes,    5062464 total
[2022-06-16T20:20:02.214+0000][8140][gc,age       ] GC(27) - age   2:    3944232 bytes,    9006696 total
[2022-06-16T20:20:02.214+0000][8140][gc,age       ] GC(27) - age   3:    2711688 bytes,   11718384 total
[2022-06-16T20:20:02.214+0000][8140][gc,heap      ] GC(27) ParNew: 148379K->16977K(153344K)
[2022-06-16T20:20:02.214+0000][8140][gc,heap      ] GC(27) CMS: 52345K->54115K(878208K)
[2022-06-16T20:20:02.214+0000][8140][gc,metaspace ] GC(27) Metaspace: 94102K->94102K(1136640K)
[2022-06-16T20:20:02.214+0000][8140][gc           ] GC(27) Pause Young (Allocation Failure) 196M->69M(1007M) 32.639ms
[2022-06-16T20:20:02.214+0000][8140][gc,cpu       ] GC(27) User=0.05s Sys=0.00s Real=0.03s
[2022-06-16T20:20:02.214+0000][8140][safepoint    ] Leaving safepoint region
[2022-06-16T20:20:02.214+0000][8140][safepoint    ] Total time for which application threads were stopped: 0.0328622 seconds, Stopping threads took: 0.0000307 seconds
[2022-06-16T20:20:02.292+0000][8140][safepoint    ] Application time: 0.0878217 seconds
[2022-06-16T20:20:02.292+0000][8140][safepoint    ] Entering safepoint region: Deoptimize
[2022-06-16T20:20:02.292+0000][8140][safepoint    ] Leaving safepoint region
[2022-06-16T20:20:02.292+0000][8140][safepoint    ] Total time for which application threads were stopped: 0.0008827 seconds, Stopping threads took: 0.0000293 seconds
[2022-06-16T20:20:03.292+0000][8140][safepoint    ] Application time: 0.9882596 seconds
[2022-06-16T20:20:03.667+0000][8140][safepoint    ] Entering safepoint region: Cleanup
[2022-06-16T20:20:03.667+0000][8140][safepoint    ] Leaving safepoint region
[2022-06-16T20:20:03.667+0000][8140][safepoint    ] Total time for which application threads were stopped: 0.3833575 seconds, Stopping threads took: 0.3832059 seconds
[2022-06-16T20:20:03.683+0000][8140][safepoint    ] Application time: 0.0083548 seconds
[2022-06-16T20:20:03.683+0000][8140][safepoint    ] Entering safepoint region: RevokeBias
[2022-06-16T20:20:03.683+0000][8140][safepoint    ] Leaving safepoint region
[2022-06-16T20:20:03.683+0000][8140][safepoint    ] Total time for which application threads were stopped: 0.0001623 seconds, Stopping threads took: 0.0000254 seconds
[2022-06-16T20:20:03.683+0000][8140][safepoint    ] Application time: 0.0000272 seconds
[2022-06-16T20:20:03.683+0000][8140][safepoint    ] Entering safepoint region: RevokeBias
[2022-06-16T20:20:03.683+0000][8140][safepoint    ] Leaving safepoint region
[2022-06-16T20:20:03.683+0000][8140][safepoint    ] Total time for which application threads were stopped: 0.0001004 seconds, Stopping threads took: 0.0000179 seconds
[2022-06-16T20:20:03.683+0000][8140][safepoint    ] Application time: 0.0032314 seconds
[2022-06-16T20:20:03.683+0000][8140][safepoint    ] Entering safepoint region: RevokeBias
[2022-06-16T20:20:03.683+0000][8140][safepoint    ] Leaving safepoint region
[2022-06-16T20:20:03.683+0000][8140][safepoint    ] Total time for which application threads were stopped: 0.0001378 seconds, Stopping threads took: 0.0000243 seconds
[2022-06-16T20:20:03.683+0000][8140][safepoint    ] Application time: 0.0000227 seconds
[2022-06-16T20:20:03.683+0000][8140][safepoint    ] Entering safepoint region: RevokeBias
[2022-06-16T20:20:03.683+0000][8140][safepoint    ] Leaving safepoint region
[2022-06-16T20:20:03.683+0000][8140][safepoint    ] Total time for which application threads were stopped: 0.0000928 seconds, Stopping threads took: 0.0000168 seconds
[2022-06-16T20:20:03.683+0000][8140][safepoint    ] Application time: 0.0039577 seconds
[2022-06-16T20:20:03.683+0000][8140][safepoint    ] Entering safepoint region: RevokeBias
[2022-06-16T20:20:03.683+0000][8140][safepoint    ] Leaving safepoint region
[2022-06-16T20:20:03.683+0000][8140][safepoint    ] Total time for which application threads were stopped: 0.0001254 seconds, Stopping threads took: 0.0000250 seconds
[2022-06-16T20:20:03.683+0000][8140][safepoint    ] Application time: 0.0000359 seconds
[2022-06-16T20:20:03.683+0000][8140][safepoint    ] Entering safepoint region: RevokeBias
[2022-06-16T20:20:03.683+0000][8140][safepoint    ] Leaving safepoint region
[2022-06-16T20:20:03.683+0000][8140][safepoint    ] Total time for which application threads were stopped: 0.0000992 seconds, Stopping threads took: 0.0000190 seconds
[2022-06-16T20:20:03.683+0000][8140][safepoint    ] Application time: 0.0000202 seconds
[2022-06-16T20:20:03.683+0000][8140][safepoint    ] Entering safepoint region: RevokeBias
[2022-06-16T20:20:03.683+0000][8140][safepoint    ] Leaving safepoint region
[2022-06-16T20:20:03.683+0000][8140][safepoint    ] Total time for which application threads were stopped: 0.0000943 seconds, Stopping threads took: 0.0000186 seconds
[2022-06-16T20:20:03.683+0000][8140][safepoint    ] Application time: 0.0003330 seconds
[2022-06-16T20:20:03.683+0000][8140][safepoint    ] Entering safepoint region: RevokeBias
[2022-06-16T20:20:03.683+0000][8140][safepoint    ] Leaving safepoint region
[2022-06-16T20:20:03.683+0000][8140][safepoint    ] Total time for which application threads were stopped: 0.0001059 seconds, Stopping threads took: 0.0000205 seconds
[2022-06-16T20:20:03.699+0000][8140][safepoint    ] Application time: 0.0073527 seconds
[2022-06-16T20:20:03.699+0000][8140][safepoint    ] Entering safepoint region: RevokeBias
[2022-06-16T20:20:03.699+0000][8140][safepoint    ] Leaving safepoint region
[2022-06-16T20:20:03.699+0000][8140][safepoint    ] Total time for which application threads were stopped: 0.0001279 seconds, Stopping threads took: 0.0000226 seconds
[2022-06-16T20:20:03.699+0000][8140][safepoint    ] Application time: 0.0000202 seconds
[2022-06-16T20:20:03.699+0000][8140][safepoint    ] Entering safepoint region: RevokeBias
[2022-06-16T20:20:03.699+0000][8140][safepoint    ] Leaving safepoint region
[2022-06-16T20:20:03.699+0000][8140][safepoint    ] Total time for which application threads were stopped: 0.0000977 seconds, Stopping threads took: 0.0000187 seconds
[2022-06-16T20:20:03.699+0000][8140][safepoint    ] Application time: 0.0000178 seconds
[2022-06-16T20:20:03.699+0000][8140][safepoint    ] Entering safepoint region: RevokeBias
[2022-06-16T20:20:03.699+0000][8140][safepoint    ] Leaving safepoint region
[2022-06-16T20:20:03.699+0000][8140][safepoint    ] Total time for which application threads were stopped: 0.0001022 seconds, Stopping threads took: 0.0000239 seconds
[2022-06-16T20:20:03.699+0000][8140][safepoint    ] Application time: 0.0057922 seconds
[2022-06-16T20:20:03.699+0000][8140][safepoint    ] Entering safepoint region: BulkRevokeBias
[2022-06-16T20:20:03.699+0000][8140][safepoint    ] Leaving safepoint region
[2022-06-16T20:20:03.699+0000][8140][safepoint    ] Total time for which application threads were stopped: 0.0004332 seconds, Stopping threads took: 0.0000273 seconds
[2022-06-16T20:20:03.699+0000][8140][safepoint    ] Application time: 0.0000239 seconds
[2022-06-16T20:20:03.699+0000][8140][safepoint    ] Entering safepoint region: RevokeBias
[2022-06-16T20:20:03.699+0000][8140][safepoint    ] Leaving safepoint region
[2022-06-16T20:20:03.699+0000][8140][safepoint    ] Total time for which application threads were stopped: 0.0001027 seconds, Stopping threads took: 0.0000212 seconds
[2022-06-16T20:20:03.933+0000][8140][safepoint    ] Application time: 0.2373627 seconds
[2022-06-16T20:20:04.496+0000][8140][safepoint    ] Entering safepoint region: RevokeBias
[2022-06-16T20:20:04.496+0000][8140][safepoint    ] Leaving safepoint region
[2022-06-16T20:20:04.496+0000][8140][safepoint    ] Total time for which application threads were stopped: 0.5591847 seconds, Stopping threads took: 0.5589643 seconds
[2022-06-16T20:20:04.496+0000][8140][safepoint    ] Application time: 0.0002490 seconds
[2022-06-16T20:20:04.496+0000][8140][safepoint    ] Entering safepoint region: RevokeBias
[2022-06-16T20:20:04.496+0000][8140][safepoint    ] Leaving safepoint region
[2022-06-16T20:20:04.496+0000][8140][safepoint    ] Total time for which application threads were stopped: 0.0001516 seconds, Stopping threads took: 0.0000245 seconds
[2022-06-16T20:20:04.527+0000][8140][safepoint    ] Application time: 0.0223043 seconds
[2022-06-16T20:20:04.527+0000][8140][safepoint    ] Entering safepoint region: RevokeBias
[2022-06-16T20:20:04.527+0000][8140][safepoint    ] Leaving safepoint region
[2022-06-16T20:20:04.527+0000][8140][safepoint    ] Total time for which application threads were stopped: 0.0002031 seconds, Stopping threads took: 0.0000371 seconds
[2022-06-16T20:20:04.527+0000][8140][safepoint    ] Application time: 0.0000260 seconds
[2022-06-16T20:20:04.527+0000][8140][safepoint    ] Entering safepoint region: RevokeBias
[2022-06-16T20:20:04.527+0000][8140][safepoint    ] Leaving safepoint region
[2022-06-16T20:20:04.527+0000][8140][safepoint    ] Total time for which application threads were stopped: 0.0001162 seconds, Stopping threads took: 0.0000208 seconds
[2022-06-16T20:20:04.527+0000][8140][safepoint    ] Application time: 0.0024830 seconds
[2022-06-16T20:20:04.527+0000][8140][safepoint    ] Entering safepoint region: RevokeBias
[2022-06-16T20:20:04.527+0000][8140][safepoint    ] Leaving safepoint region
[2022-06-16T20:20:04.527+0000][8140][safepoint    ] Total time for which application threads were stopped: 0.0001262 seconds, Stopping threads took: 0.0000266 seconds
[2022-06-16T20:20:04.527+0000][8140][safepoint    ] Application time: 0.0000188 seconds
[2022-06-16T20:20:04.527+0000][8140][safepoint    ] Entering safepoint region: RevokeBias
[2022-06-16T20:20:04.527+0000][8140][safepoint    ] Leaving safepoint region
[2022-06-16T20:20:04.527+0000][8140][safepoint    ] Total time for which application threads were stopped: 0.0000905 seconds, Stopping threads took: 0.0000201 seconds
[2022-06-16T20:20:04.527+0000][8140][safepoint    ] Application time: 0.0000119 seconds
[2022-06-16T20:20:04.527+0000][8140][safepoint    ] Entering safepoint region: RevokeBias
[2022-06-16T20:20:04.527+0000][8140][safepoint    ] Leaving safepoint region
[2022-06-16T20:20:04.527+0000][8140][safepoint    ] Total time for which application threads were stopped: 0.0000879 seconds, Stopping threads took: 0.0000200 seconds
[2022-06-16T20:20:04.527+0000][8140][safepoint    ] Application time: 0.0000105 seconds
[2022-06-16T20:20:04.527+0000][8140][safepoint    ] Entering safepoint region: RevokeBias
[2022-06-16T20:20:04.527+0000][8140][safepoint    ] Leaving safepoint region
[2022-06-16T20:20:04.527+0000][8140][safepoint    ] Total time for which application threads were stopped: 0.0000842 seconds, Stopping threads took: 0.0000190 seconds
[2022-06-16T20:20:04.558+0000][8140][safepoint    ] Application time: 0.0403025 seconds
[2022-06-16T20:20:04.558+0000][8140][safepoint    ] Entering safepoint region: RevokeBias
[2022-06-16T20:20:04.558+0000][8140][safepoint    ] Leaving safepoint region
[2022-06-16T20:20:04.558+0000][8140][safepoint    ] Total time for which application threads were stopped: 0.0001925 seconds, Stopping threads took: 0.0000554 seconds
[2022-06-16T20:20:04.574+0000][8140][safepoint    ] Application time: 0.0140654 seconds
[2022-06-16T20:20:04.574+0000][8140][safepoint    ] Entering safepoint region: RevokeBias
[2022-06-16T20:20:04.574+0000][8140][safepoint    ] Leaving safepoint region
[2022-06-16T20:20:04.574+0000][8140][safepoint    ] Total time for which application threads were stopped: 0.0025710 seconds, Stopping threads took: 0.0024771 seconds
[2022-06-16T20:20:04.574+0000][8140][safepoint    ] Application time: 0.0000373 seconds
[2022-06-16T20:20:04.574+0000][8140][safepoint    ] Entering safepoint region: RevokeBias
[2022-06-16T20:20:04.574+0000][8140][safepoint    ] Leaving safepoint region
[2022-06-16T20:20:04.574+0000][8140][safepoint    ] Total time for which application threads were stopped: 0.0000677 seconds, Stopping threads took: 0.0000215 seconds
[2022-06-16T20:20:04.589+0000][8140][safepoint    ] Application time: 0.0009798 seconds
[2022-06-16T20:20:04.589+0000][8140][safepoint    ] Entering safepoint region: RevokeBias
[2022-06-16T20:20:04.589+0000][8140][safepoint    ] Leaving safepoint region
[2022-06-16T20:20:04.589+0000][8140][safepoint    ] Total time for which application threads were stopped: 0.0000912 seconds, Stopping threads took: 0.0000253 seconds
[2022-06-16T20:20:04.730+0000][8140][safepoint    ] Application time: 0.1453266 seconds
[2022-06-16T20:20:04.730+0000][8140][safepoint    ] Entering safepoint region: RevokeBias
[2022-06-16T20:20:04.730+0000][8140][safepoint    ] Leaving safepoint region
[2022-06-16T20:20:04.730+0000][8140][safepoint    ] Total time for which application threads were stopped: 0.0001451 seconds, Stopping threads took: 0.0000402 seconds
[2022-06-16T20:20:04.730+0000][8140][safepoint    ] Application time: 0.0000268 seconds
[2022-06-16T20:20:04.730+0000][8140][safepoint    ] Entering safepoint region: RevokeBias
[2022-06-16T20:20:04.730+0000][8140][safepoint    ] Leaving safepoint region
[2022-06-16T20:20:04.730+0000][8140][safepoint    ] Total time for which application threads were stopped: 0.0000758 seconds, Stopping threads took: 0.0000216 seconds
[2022-06-16T20:20:04.761+0000][8140][safepoint    ] Application time: 0.0381512 seconds
[2022-06-16T20:20:04.761+0000][8140][safepoint    ] Entering safepoint region: BulkRevokeBias
[2022-06-16T20:20:04.761+0000][8140][safepoint    ] Leaving safepoint region
[2022-06-16T20:20:04.761+0000][8140][safepoint    ] Total time for which application threads were stopped: 0.0004929 seconds, Stopping threads took: 0.0000316 seconds
[2022-06-16T20:20:04.839+0000][8140][safepoint    ] Application time: 0.0694044 seconds
[2022-06-16T20:20:04.839+0000][8140][safepoint    ] Entering safepoint region: RevokeBias
[2022-06-16T20:20:04.839+0000][8140][safepoint    ] Leaving safepoint region
[2022-06-16T20:20:04.839+0000][8140][safepoint    ] Total time for which application threads were stopped: 0.0001220 seconds, Stopping threads took: 0.0000293 seconds
[2022-06-16T20:20:04.871+0000][8140][safepoint    ] Application time: 0.0320906 seconds
[2022-06-16T20:20:04.871+0000][8140][safepoint    ] Entering safepoint region: RevokeBias
[2022-06-16T20:20:04.871+0000][8140][safepoint    ] Leaving safepoint region
[2022-06-16T20:20:04.871+0000][8140][safepoint    ] Total time for which application threads were stopped: 0.0001324 seconds, Stopping threads took: 0.0000315 seconds
[2022-06-16T20:20:04.871+0000][8140][safepoint    ] Application time: 0.0002763 seconds
[2022-06-16T20:20:04.871+0000][8140][safepoint    ] Entering safepoint region: RevokeBias
[2022-06-16T20:20:04.871+0000][8140][safepoint    ] Leaving safepoint region
[2022-06-16T20:20:04.871+0000][8140][safepoint    ] Total time for which application threads were stopped: 0.0001107 seconds, Stopping threads took: 0.0000195 seconds
[2022-06-16T20:20:04.886+0000][8140][safepoint    ] Application time: 0.0171742 seconds
[2022-06-16T20:20:04.886+0000][8140][safepoint    ] Entering safepoint region: RevokeBias
[2022-06-16T20:20:04.886+0000][8140][safepoint    ] Leaving safepoint region
[2022-06-16T20:20:04.886+0000][8140][safepoint    ] Total time for which application threads were stopped: 0.0001056 seconds, Stopping threads took: 0.0000239 seconds
[2022-06-16T20:20:04.980+0000][8140][safepoint    ] Application time: 0.0970490 seconds
[2022-06-16T20:20:04.980+0000][8140][safepoint    ] Entering safepoint region: RevokeBias
[2022-06-16T20:20:04.980+0000][8140][safepoint    ] Leaving safepoint region
[2022-06-16T20:20:04.980+0000][8140][safepoint    ] Total time for which application threads were stopped: 0.0002146 seconds, Stopping threads took: 0.0000402 seconds
[2022-06-16T20:20:04.996+0000][8140][safepoint    ] Application time: 0.0163812 seconds
[2022-06-16T20:20:04.996+0000][8140][safepoint    ] Entering safepoint region: RevokeBias
[2022-06-16T20:20:04.996+0000][8140][safepoint    ] Leaving safepoint region
[2022-06-16T20:20:04.996+0000][8140][safepoint    ] Total time for which application threads were stopped: 0.0001475 seconds, Stopping threads took: 0.0000318 seconds
[2022-06-16T20:20:05.011+0000][8140][safepoint    ] Application time: 0.0118331 seconds
[2022-06-16T20:20:05.011+0000][8140][safepoint    ] Entering safepoint region: RevokeBias
[2022-06-16T20:20:05.011+0000][8140][safepoint    ] Leaving safepoint region
[2022-06-16T20:20:05.011+0000][8140][safepoint    ] Total time for which application threads were stopped: 0.0001266 seconds, Stopping threads took: 0.0000299 seconds
[2022-06-16T20:20:05.011+0000][8140][safepoint    ] Application time: 0.0062668 seconds
[2022-06-16T20:20:05.011+0000][8140][safepoint    ] Entering safepoint region: RevokeBias
[2022-06-16T20:20:05.011+0000][8140][safepoint    ] Leaving safepoint region
[2022-06-16T20:20:05.011+0000][8140][safepoint    ] Total time for which application threads were stopped: 0.0001972 seconds, Stopping threads took: 0.0001112 seconds
[2022-06-16T20:20:05.042+0000][8140][safepoint    ] Application time: 0.0166096 seconds
[2022-06-16T20:20:05.042+0000][8140][safepoint    ] Entering safepoint region: RevokeBias
[2022-06-16T20:20:05.042+0000][8140][safepoint    ] Leaving safepoint region
[2022-06-16T20:20:05.042+0000][8140][safepoint    ] Total time for which application threads were stopped: 0.0001362 seconds, Stopping threads took: 0.0000303 seconds
[2022-06-16T20:20:05.042+0000][8140][safepoint    ] Application time: 0.0027055 seconds
[2022-06-16T20:20:05.042+0000][8140][safepoint    ] Entering safepoint region: RevokeBias
[2022-06-16T20:20:05.042+0000][8140][safepoint    ] Leaving safepoint region
[2022-06-16T20:20:05.042+0000][8140][safepoint    ] Total time for which application threads were stopped: 0.0001210 seconds, Stopping threads took: 0.0000244 seconds
[2022-06-16T20:20:05.058+0000][8140][safepoint    ] Application time: 0.0184601 seconds
[2022-06-16T20:20:05.058+0000][8140][safepoint    ] Entering safepoint region: RevokeBias
[2022-06-16T20:20:05.058+0000][8140][safepoint    ] Leaving safepoint region
[2022-06-16T20:20:05.058+0000][8140][safepoint    ] Total time for which application threads were stopped: 0.0001892 seconds, Stopping threads took: 0.0000797 seconds
[2022-06-16T20:20:05.074+0000][8140][safepoint    ] Application time: 0.0182010 seconds
[2022-06-16T20:20:05.074+0000][8140][safepoint    ] Entering safepoint region: RevokeBias
[2022-06-16T20:20:05.074+0000][8140][safepoint    ] Leaving safepoint region
[2022-06-16T20:20:05.074+0000][8140][safepoint    ] Total time for which application threads were stopped: 0.0006504 seconds, Stopping threads took: 0.0005324 seconds
[2022-06-16T20:20:05.230+0000][8140][safepoint    ] Application time: 0.1578814 seconds
[2022-06-16T20:20:05.230+0000][8140][safepoint    ] Entering safepoint region: RevokeBias
[2022-06-16T20:20:05.230+0000][8140][safepoint    ] Leaving safepoint region
[2022-06-16T20:20:05.230+0000][8140][safepoint    ] Total time for which application threads were stopped: 0.0034989 seconds, Stopping threads took: 0.0033244 seconds
[2022-06-16T20:20:05.246+0000][8140][safepoint    ] Application time: 0.0148686 seconds
[2022-06-16T20:20:05.277+0000][8140][safepoint    ] Entering safepoint region: RevokeBias
[2022-06-16T20:20:05.277+0000][8140][safepoint    ] Leaving safepoint region
[2022-06-16T20:20:05.277+0000][8140][safepoint    ] Total time for which application threads were stopped: 0.0301224 seconds, Stopping threads took: 0.0299956 seconds
[2022-06-16T20:20:05.292+0000][8140][safepoint    ] Application time: 0.0091060 seconds
[2022-06-16T20:20:05.292+0000][8140][safepoint    ] Entering safepoint region: RevokeBias
[2022-06-16T20:20:05.292+0000][8140][safepoint    ] Leaving safepoint region
[2022-06-16T20:20:05.292+0000][8140][safepoint    ] Total time for which application threads were stopped: 0.0001369 seconds, Stopping threads took: 0.0000455 seconds
[2022-06-16T20:20:05.308+0000][8140][safepoint    ] Application time: 0.0237556 seconds
[2022-06-16T20:20:05.324+0000][8140][safepoint    ] Entering safepoint region: RevokeBias
[2022-06-16T20:20:05.324+0000][8140][safepoint    ] Leaving safepoint region
[2022-06-16T20:20:05.324+0000][8140][safepoint    ] Total time for which application threads were stopped: 0.0021758 seconds, Stopping threads took: 0.0020623 seconds
[2022-06-16T20:20:05.324+0000][8140][safepoint    ] Application time: 0.0011777 seconds
[2022-06-16T20:20:05.324+0000][8140][safepoint    ] Entering safepoint region: RevokeBias
[2022-06-16T20:20:05.324+0000][8140][safepoint    ] Leaving safepoint region
[2022-06-16T20:20:05.324+0000][8140][safepoint    ] Total time for which application threads were stopped: 0.0001042 seconds, Stopping threads took: 0.0000241 seconds
[2022-06-16T20:20:05.324+0000][8140][safepoint    ] Application time: 0.0008299 seconds
[2022-06-16T20:20:05.324+0000][8140][safepoint    ] Entering safepoint region: RevokeBias
[2022-06-16T20:20:05.324+0000][8140][safepoint    ] Leaving safepoint region
[2022-06-16T20:20:05.324+0000][8140][safepoint    ] Total time for which application threads were stopped: 0.0000928 seconds, Stopping threads took: 0.0000256 seconds
[2022-06-16T20:20:05.386+0000][8140][safepoint    ] Application time: 0.0717060 seconds
[2022-06-16T20:20:05.386+0000][8140][safepoint    ] Entering safepoint region: RevokeBias
[2022-06-16T20:20:05.386+0000][8140][safepoint    ] Leaving safepoint region
[2022-06-16T20:20:05.386+0000][8140][safepoint    ] Total time for which application threads were stopped: 0.0002113 seconds, Stopping threads took: 0.0000859 seconds
[2022-06-16T20:20:05.402+0000][8140][safepoint    ] Application time: 0.0100967 seconds
[2022-06-16T20:20:05.402+0000][8140][safepoint    ] Entering safepoint region: RevokeBias
[2022-06-16T20:20:05.402+0000][8140][safepoint    ] Leaving safepoint region
[2022-06-16T20:20:05.402+0000][8140][safepoint    ] Total time for which application threads were stopped: 0.0001833 seconds, Stopping threads took: 0.0000703 seconds
[2022-06-16T20:20:05.417+0000][8140][safepoint    ] Application time: 0.0196236 seconds
[2022-06-16T20:20:05.417+0000][8140][safepoint    ] Entering safepoint region: RevokeBias
[2022-06-16T20:20:05.417+0000][8140][safepoint    ] Leaving safepoint region
[2022-06-16T20:20:05.417+0000][8140][safepoint    ] Total time for which application threads were stopped: 0.0001516 seconds, Stopping threads took: 0.0000258 seconds
[2022-06-16T20:20:05.480+0000][8140][safepoint    ] Application time: 0.0502896 seconds
[2022-06-16T20:20:05.480+0000][8140][safepoint    ] Entering safepoint region: RevokeBias
[2022-06-16T20:20:05.480+0000][8140][safepoint    ] Leaving safepoint region
[2022-06-16T20:20:05.480+0000][8140][safepoint    ] Total time for which application threads were stopped: 0.0001788 seconds, Stopping threads took: 0.0000552 seconds
[2022-06-16T20:20:05.527+0000][8140][safepoint    ] Application time: 0.0594291 seconds
[2022-06-16T20:20:05.527+0000][8140][safepoint    ] Entering safepoint region: RevokeBias
[2022-06-16T20:20:05.527+0000][8140][safepoint    ] Leaving safepoint region
[2022-06-16T20:20:05.527+0000][8140][safepoint    ] Total time for which application threads were stopped: 0.0001268 seconds, Stopping threads took: 0.0000263 seconds
[2022-06-16T20:20:05.527+0000][8140][safepoint    ] Application time: 0.0006134 seconds
[2022-06-16T20:20:05.527+0000][8140][safepoint    ] Entering safepoint region: RevokeBias
[2022-06-16T20:20:05.527+0000][8140][safepoint    ] Leaving safepoint region
[2022-06-16T20:20:05.527+0000][8140][safepoint    ] Total time for which application threads were stopped: 0.0003172 seconds, Stopping threads took: 0.0000359 seconds
[2022-06-16T20:20:05.683+0000][8140][safepoint    ] Application time: 0.1522020 seconds
[2022-06-16T20:20:05.683+0000][8140][safepoint    ] Entering safepoint region: RevokeBias
[2022-06-16T20:20:05.683+0000][8140][safepoint    ] Leaving safepoint region
[2022-06-16T20:20:05.683+0000][8140][safepoint    ] Total time for which application threads were stopped: 0.0002175 seconds, Stopping threads took: 0.0000962 seconds
[2022-06-16T20:20:05.940+0000][8140][safepoint    ] Application time: 0.2491601 seconds
[2022-06-16T20:20:05.940+0000][8140][safepoint    ] Entering safepoint region: RevokeBias
[2022-06-16T20:20:05.940+0000][8140][safepoint    ] Leaving safepoint region
[2022-06-16T20:20:05.940+0000][8140][safepoint    ] Total time for which application threads were stopped: 0.0001451 seconds, Stopping threads took: 0.0000280 seconds
[2022-06-16T20:20:05.940+0000][8140][safepoint    ] Application time: 0.0012631 seconds
[2022-06-16T20:20:05.940+0000][8140][safepoint    ] Entering safepoint region: RevokeBias
[2022-06-16T20:20:05.940+0000][8140][safepoint    ] Leaving safepoint region
[2022-06-16T20:20:05.940+0000][8140][safepoint    ] Total time for which application threads were stopped: 0.0001121 seconds, Stopping threads took: 0.0000249 seconds
[2022-06-16T20:20:05.940+0000][8140][safepoint    ] Application time: 0.0000436 seconds
[2022-06-16T20:20:05.940+0000][8140][safepoint    ] Entering safepoint region: RevokeBias
[2022-06-16T20:20:05.940+0000][8140][safepoint    ] Leaving safepoint region
[2022-06-16T20:20:05.940+0000][8140][safepoint    ] Total time for which application threads were stopped: 0.0000725 seconds, Stopping threads took: 0.0000190 seconds
[2022-06-16T20:20:05.940+0000][8140][safepoint    ] Application time: 0.0000212 seconds
[2022-06-16T20:20:05.940+0000][8140][safepoint    ] Entering safepoint region: RevokeBias
[2022-06-16T20:20:05.940+0000][8140][safepoint    ] Leaving safepoint region
[2022-06-16T20:20:05.940+0000][8140][safepoint    ] Total time for which application threads were stopped: 0.0000670 seconds, Stopping threads took: 0.0000175 seconds
[2022-06-16T20:20:05.940+0000][8140][safepoint    ] Application time: 0.0000180 seconds
[2022-06-16T20:20:05.940+0000][8140][safepoint    ] Entering safepoint region: RevokeBias
[2022-06-16T20:20:05.940+0000][8140][safepoint    ] Leaving safepoint region
[2022-06-16T20:20:05.940+0000][8140][safepoint    ] Total time for which application threads were stopped: 0.0000715 seconds, Stopping threads took: 0.0000182 seconds
[2022-06-16T20:20:05.955+0000][8140][safepoint    ] Application time: 0.0109889 seconds
[2022-06-16T20:20:05.955+0000][8140][safepoint    ] Entering safepoint region: RevokeBias
[2022-06-16T20:20:05.955+0000][8140][safepoint    ] Leaving safepoint region
[2022-06-16T20:20:05.955+0000][8140][safepoint    ] Total time for which application threads were stopped: 0.0001553 seconds, Stopping threads took: 0.0000724 seconds
[2022-06-16T20:20:05.955+0000][8140][safepoint    ] Application time: 0.0000612 seconds
[2022-06-16T20:20:05.955+0000][8140][safepoint    ] Entering safepoint region: RevokeBias
[2022-06-16T20:20:05.955+0000][8140][safepoint    ] Leaving safepoint region
[2022-06-16T20:20:05.955+0000][8140][safepoint    ] Total time for which application threads were stopped: 0.0004309 seconds, Stopping threads took: 0.0003680 seconds
[2022-06-16T20:20:05.955+0000][8140][safepoint    ] Application time: 0.0000513 seconds
[2022-06-16T20:20:05.955+0000][8140][safepoint    ] Entering safepoint region: RevokeBias
[2022-06-16T20:20:05.955+0000][8140][safepoint    ] Leaving safepoint region
[2022-06-16T20:20:05.955+0000][8140][safepoint    ] Total time for which application threads were stopped: 0.0000738 seconds, Stopping threads took: 0.0000192 seconds
[2022-06-16T20:20:05.955+0000][8140][safepoint    ] Application time: 0.0000185 seconds
[2022-06-16T20:20:05.955+0000][8140][safepoint    ] Entering safepoint region: RevokeBias
[2022-06-16T20:20:05.955+0000][8140][safepoint    ] Leaving safepoint region
[2022-06-16T20:20:05.955+0000][8140][safepoint    ] Total time for which application threads were stopped: 0.0000727 seconds, Stopping threads took: 0.0000188 seconds
[2022-06-16T20:20:05.955+0000][8140][safepoint    ] Application time: 0.0000177 seconds
[2022-06-16T20:20:05.955+0000][8140][safepoint    ] Entering safepoint region: RevokeBias
[2022-06-16T20:20:05.955+0000][8140][safepoint    ] Leaving safepoint region
[2022-06-16T20:20:05.955+0000][8140][safepoint    ] Total time for which application threads were stopped: 0.0000658 seconds, Stopping threads took: 0.0000175 seconds
[2022-06-16T20:20:05.955+0000][8140][safepoint    ] Application time: 0.0000187 seconds
[2022-06-16T20:20:05.955+0000][8140][safepoint    ] Entering safepoint region: RevokeBias
[2022-06-16T20:20:05.955+0000][8140][safepoint    ] Leaving safepoint region
[2022-06-16T20:20:05.955+0000][8140][safepoint    ] Total time for which application threads were stopped: 0.0000714 seconds, Stopping threads took: 0.0000187 seconds
[2022-06-16T20:20:05.955+0000][8140][safepoint    ] Application time: 0.0000155 seconds
[2022-06-16T20:20:05.955+0000][8140][safepoint    ] Entering safepoint region: RevokeBias
[2022-06-16T20:20:05.955+0000][8140][safepoint    ] Leaving safepoint region
[2022-06-16T20:20:05.955+0000][8140][safepoint    ] Total time for which application threads were stopped: 0.0000739 seconds, Stopping threads took: 0.0000209 seconds
[2022-06-16T20:20:05.955+0000][8140][safepoint    ] Application time: 0.0000291 seconds
[2022-06-16T20:20:05.955+0000][8140][safepoint    ] Entering safepoint region: RevokeBias
[2022-06-16T20:20:05.955+0000][8140][safepoint    ] Leaving safepoint region
[2022-06-16T20:20:05.955+0000][8140][safepoint    ] Total time for which application threads were stopped: 0.0000676 seconds, Stopping threads took: 0.0000169 seconds
[2022-06-16T20:20:05.955+0000][8140][safepoint    ] Application time: 0.0000178 seconds
[2022-06-16T20:20:05.955+0000][8140][safepoint    ] Entering safepoint region: RevokeBias
[2022-06-16T20:20:05.955+0000][8140][safepoint    ] Leaving safepoint region
[2022-06-16T20:20:05.955+0000][8140][safepoint    ] Total time for which application threads were stopped: 0.0000694 seconds, Stopping threads took: 0.0000182 seconds
[2022-06-16T20:20:05.955+0000][8140][safepoint    ] Application time: 0.0000177 seconds
[2022-06-16T20:20:05.955+0000][8140][safepoint    ] Entering safepoint region: RevokeBias
[2022-06-16T20:20:05.955+0000][8140][safepoint    ] Leaving safepoint region
[2022-06-16T20:20:05.955+0000][8140][safepoint    ] Total time for which application threads were stopped: 0.0000692 seconds, Stopping threads took: 0.0000180 seconds
[2022-06-16T20:20:05.955+0000][8140][safepoint    ] Application time: 0.0001263 seconds
[2022-06-16T20:20:05.955+0000][8140][safepoint    ] Entering safepoint region: RevokeBias
[2022-06-16T20:20:05.955+0000][8140][safepoint    ] Leaving safepoint region
[2022-06-16T20:20:05.955+0000][8140][safepoint    ] Total time for which application threads were stopped: 0.0000790 seconds, Stopping threads took: 0.0000216 seconds
[2022-06-16T20:20:05.955+0000][8140][safepoint    ] Application time: 0.0000566 seconds
[2022-06-16T20:20:05.955+0000][8140][safepoint    ] Entering safepoint region: RevokeBias
[2022-06-16T20:20:05.955+0000][8140][safepoint    ] Leaving safepoint region
[2022-06-16T20:20:05.955+0000][8140][safepoint    ] Total time for which application threads were stopped: 0.0000714 seconds, Stopping threads took: 0.0000177 seconds
[2022-06-16T20:20:05.955+0000][8140][safepoint    ] Application time: 0.0000266 seconds
[2022-06-16T20:20:05.955+0000][8140][safepoint    ] Entering safepoint region: RevokeBias
[2022-06-16T20:20:05.955+0000][8140][safepoint    ] Leaving safepoint region
[2022-06-16T20:20:05.955+0000][8140][safepoint    ] Total time for which application threads were stopped: 0.0000717 seconds, Stopping threads took: 0.0000182 seconds
[2022-06-16T20:20:05.955+0000][8140][safepoint    ] Application time: 0.0000172 seconds
[2022-06-16T20:20:05.955+0000][8140][safepoint    ] Entering safepoint region: RevokeBias
[2022-06-16T20:20:05.955+0000][8140][safepoint    ] Leaving safepoint region
[2022-06-16T20:20:05.955+0000][8140][safepoint    ] Total time for which application threads were stopped: 0.0000652 seconds, Stopping threads took: 0.0000170 seconds
[2022-06-16T20:20:06.960+0000][8140][safepoint    ] Application time: 1.0019679 seconds
[2022-06-16T20:20:06.960+0000][8140][safepoint    ] Entering safepoint region: Cleanup
[2022-06-16T20:20:06.960+0000][8140][safepoint    ] Leaving safepoint region
[2022-06-16T20:20:06.960+0000][8140][safepoint    ] Total time for which application threads were stopped: 0.0001519 seconds, Stopping threads took: 0.0000648 seconds
[2022-06-16T20:20:07.970+0000][8140][safepoint    ] Application time: 1.0101419 seconds
[2022-06-16T20:20:07.970+0000][8140][safepoint    ] Entering safepoint region: Cleanup
[2022-06-16T20:20:07.970+0000][8140][safepoint    ] Leaving safepoint region
[2022-06-16T20:20:07.970+0000][8140][safepoint    ] Total time for which application threads were stopped: 0.0001204 seconds, Stopping threads took: 0.0000299 seconds
[2022-06-16T20:20:08.986+0000][8140][safepoint    ] Application time: 1.0153382 seconds
[2022-06-16T20:20:08.986+0000][8140][safepoint    ] Entering safepoint region: Cleanup
[2022-06-16T20:20:08.986+0000][8140][safepoint    ] Leaving safepoint region
[2022-06-16T20:20:08.986+0000][8140][safepoint    ] Total time for which application threads were stopped: 0.0001414 seconds, Stopping threads took: 0.0000495 seconds
[2022-06-16T20:20:09.876+0000][8140][safepoint    ] Application time: 0.8907152 seconds
[2022-06-16T20:20:09.876+0000][8140][safepoint    ] Entering safepoint region: RevokeBias
[2022-06-16T20:20:09.876+0000][8140][safepoint    ] Leaving safepoint region
[2022-06-16T20:20:09.876+0000][8140][safepoint    ] Total time for which application threads were stopped: 0.0001326 seconds, Stopping threads took: 0.0000527 seconds
[2022-06-16T20:20:09.876+0000][8140][safepoint    ] Application time: 0.0000635 seconds
[2022-06-16T20:20:09.876+0000][8140][safepoint    ] Entering safepoint region: RevokeBias
[2022-06-16T20:20:09.876+0000][8140][safepoint    ] Leaving safepoint region
[2022-06-16T20:20:09.876+0000][8140][safepoint    ] Total time for which application threads were stopped: 0.0000514 seconds, Stopping threads took: 0.0000126 seconds
[2022-06-16T20:20:09.876+0000][8140][safepoint    ] Application time: 0.0000268 seconds
[2022-06-16T20:20:09.876+0000][8140][safepoint    ] Entering safepoint region: RevokeBias
[2022-06-16T20:20:09.876+0000][8140][safepoint    ] Leaving safepoint region
[2022-06-16T20:20:09.876+0000][8140][safepoint    ] Total time for which application threads were stopped: 0.0000484 seconds, Stopping threads took: 0.0000123 seconds
[2022-06-16T20:20:10.892+0000][8140][safepoint    ] Application time: 1.0148561 seconds
[2022-06-16T20:20:10.892+0000][8140][safepoint    ] Entering safepoint region: Cleanup
[2022-06-16T20:20:10.892+0000][8140][safepoint    ] Leaving safepoint region
[2022-06-16T20:20:10.892+0000][8140][safepoint    ] Total time for which application threads were stopped: 0.0001155 seconds, Stopping threads took: 0.0000298 seconds
[2022-06-16T20:20:11.892+0000][8140][safepoint    ] Application time: 0.9997828 seconds
[2022-06-16T20:20:11.892+0000][8140][safepoint    ] Entering safepoint region: Cleanup
[2022-06-16T20:20:11.892+0000][8140][safepoint    ] Leaving safepoint region
[2022-06-16T20:20:11.892+0000][8140][safepoint    ] Total time for which application threads were stopped: 0.0001162 seconds, Stopping threads took: 0.0000268 seconds
[2022-06-16T20:20:12.908+0000][8140][safepoint    ] Application time: 1.0154353 seconds
[2022-06-16T20:20:12.908+0000][8140][safepoint    ] Entering safepoint region: Cleanup
[2022-06-16T20:20:12.908+0000][8140][safepoint    ] Leaving safepoint region
[2022-06-16T20:20:12.908+0000][8140][safepoint    ] Total time for which application threads were stopped: 0.0001262 seconds, Stopping threads took: 0.0000300 seconds
[2022-06-16T20:20:13.923+0000][8140][safepoint    ] Application time: 1.0154245 seconds
[2022-06-16T20:20:13.923+0000][8140][safepoint    ] Entering safepoint region: Cleanup
[2022-06-16T20:20:13.923+0000][8140][safepoint    ] Leaving safepoint region
[2022-06-16T20:20:13.923+0000][8140][safepoint    ] Total time for which application threads were stopped: 0.0001292 seconds, Stopping threads took: 0.0000338 seconds
[2022-06-16T20:20:14.923+0000][8140][safepoint    ] Application time: 0.9999825 seconds
[2022-06-16T20:20:14.923+0000][8140][safepoint    ] Entering safepoint region: Cleanup
[2022-06-16T20:20:14.923+0000][8140][safepoint    ] Leaving safepoint region
[2022-06-16T20:20:14.923+0000][8140][safepoint    ] Total time for which application threads were stopped: 0.0001229 seconds, Stopping threads took: 0.0000320 seconds
[2022-06-16T20:20:15.939+0000][8140][safepoint    ] Application time: 1.0152169 seconds
[2022-06-16T20:20:15.939+0000][8140][safepoint    ] Entering safepoint region: Cleanup
[2022-06-16T20:20:15.939+0000][8140][safepoint    ] Leaving safepoint region
[2022-06-16T20:20:15.939+0000][8140][safepoint    ] Total time for which application threads were stopped: 0.0001179 seconds, Stopping threads took: 0.0000292 seconds
[2022-06-16T20:20:16.939+0000][8140][safepoint    ] Application time: 0.9998115 seconds
[2022-06-16T20:20:17.001+0000][8140][safepoint    ] Entering safepoint region: Cleanup
[2022-06-16T20:20:17.001+0000][8140][safepoint    ] Leaving safepoint region
[2022-06-16T20:20:17.001+0000][8140][safepoint    ] Total time for which application threads were stopped: 0.0780012 seconds, Stopping threads took: 0.0779032 seconds
[2022-06-16T20:20:18.017+0000][8140][safepoint    ] Application time: 1.0000022 seconds
[2022-06-16T20:20:18.033+0000][8140][safepoint    ] Entering safepoint region: Cleanup
[2022-06-16T20:20:18.033+0000][8140][safepoint    ] Leaving safepoint region
[2022-06-16T20:20:18.033+0000][8140][safepoint    ] Total time for which application threads were stopped: 0.0261639 seconds, Stopping threads took: 0.0260612 seconds
[2022-06-16T20:20:19.048+0000][8140][safepoint    ] Application time: 1.0049350 seconds
[2022-06-16T20:20:19.048+0000][8140][safepoint    ] Entering safepoint region: Cleanup
[2022-06-16T20:20:19.048+0000][8140][safepoint    ] Leaving safepoint region
[2022-06-16T20:20:19.048+0000][8140][safepoint    ] Total time for which application threads were stopped: 0.0008642 seconds, Stopping threads took: 0.0007738 seconds
[2022-06-16T20:20:20.048+0000][8140][safepoint    ] Application time: 0.9990384 seconds
[2022-06-16T20:20:20.064+0000][8140][safepoint    ] Entering safepoint region: Cleanup
[2022-06-16T20:20:20.064+0000][8140][safepoint    ] Leaving safepoint region
[2022-06-16T20:20:20.064+0000][8140][safepoint    ] Total time for which application threads were stopped: 0.0159372 seconds, Stopping threads took: 0.0158391 seconds
[2022-06-16T20:20:21.064+0000][8140][safepoint    ] Application time: 0.9996702 seconds
[2022-06-16T20:20:21.064+0000][8140][safepoint    ] Entering safepoint region: Cleanup
[2022-06-16T20:20:21.064+0000][8140][safepoint    ] Leaving safepoint region
[2022-06-16T20:20:21.064+0000][8140][safepoint    ] Total time for which application threads were stopped: 0.0001351 seconds, Stopping threads took: 0.0000301 seconds
[2022-06-16T20:20:22.068+0000][8140][safepoint    ] Application time: 1.0043392 seconds
[2022-06-16T20:20:22.068+0000][8140][safepoint    ] Entering safepoint region: Cleanup
[2022-06-16T20:20:22.068+0000][8140][safepoint    ] Leaving safepoint region
[2022-06-16T20:20:22.068+0000][8140][safepoint    ] Total time for which application threads were stopped: 0.0001276 seconds, Stopping threads took: 0.0000312 seconds
[2022-06-16T20:20:23.084+0000][8140][safepoint    ] Application time: 1.0154256 seconds
[2022-06-16T20:20:23.084+0000][8140][safepoint    ] Entering safepoint region: Cleanup
[2022-06-16T20:20:23.084+0000][8140][safepoint    ] Leaving safepoint region
[2022-06-16T20:20:23.084+0000][8140][safepoint    ] Total time for which application threads were stopped: 0.0001225 seconds, Stopping threads took: 0.0000299 seconds
[2022-06-16T20:20:24.100+0000][8140][safepoint    ] Application time: 1.0158986 seconds
[2022-06-16T20:20:24.100+0000][8140][safepoint    ] Entering safepoint region: Cleanup
[2022-06-16T20:20:24.100+0000][8140][safepoint    ] Leaving safepoint region
[2022-06-16T20:20:24.100+0000][8140][safepoint    ] Total time for which application threads were stopped: 0.0012429 seconds, Stopping threads took: 0.0011395 seconds
[2022-06-16T20:20:24.209+0000][8140][safepoint    ] Application time: 0.1132648 seconds
[2022-06-16T20:20:24.209+0000][8140][safepoint    ] Entering safepoint region: RevokeBias
[2022-06-16T20:20:24.209+0000][8140][safepoint    ] Leaving safepoint region
[2022-06-16T20:20:24.209+0000][8140][safepoint    ] Total time for which application threads were stopped: 0.0001524 seconds, Stopping threads took: 0.0000460 seconds
[2022-06-16T20:20:24.240+0000][8140][safepoint    ] Application time: 0.0398790 seconds
[2022-06-16T20:20:24.240+0000][8140][safepoint    ] Entering safepoint region: Deoptimize
[2022-06-16T20:20:24.240+0000][8140][safepoint    ] Leaving safepoint region
[2022-06-16T20:20:24.240+0000][8140][safepoint    ] Total time for which application threads were stopped: 0.0009170 seconds, Stopping threads took: 0.0000303 seconds
[2022-06-16T20:20:24.334+0000][8140][safepoint    ] Application time: 0.0864833 seconds
[2022-06-16T20:20:24.334+0000][8140][safepoint    ] Entering safepoint region: RevokeBias
[2022-06-16T20:20:24.334+0000][8140][safepoint    ] Leaving safepoint region
[2022-06-16T20:20:24.334+0000][8140][safepoint    ] Total time for which application threads were stopped: 0.0001315 seconds, Stopping threads took: 0.0000351 seconds
[2022-06-16T20:20:25.350+0000][8140][safepoint    ] Application time: 1.0213806 seconds
[2022-06-16T20:20:25.350+0000][8140][safepoint    ] Entering safepoint region: Cleanup
[2022-06-16T20:20:25.350+0000][8140][safepoint    ] Leaving safepoint region
[2022-06-16T20:20:25.350+0000][8140][safepoint    ] Total time for which application threads were stopped: 0.0001305 seconds, Stopping threads took: 0.0000297 seconds
[2022-06-16T20:20:26.381+0000][8140][safepoint    ] Application time: 1.0289966 seconds
[2022-06-16T20:20:26.381+0000][8140][safepoint    ] Entering safepoint region: Cleanup
[2022-06-16T20:20:26.381+0000][8140][safepoint    ] Leaving safepoint region
[2022-06-16T20:20:26.381+0000][8140][safepoint    ] Total time for which application threads were stopped: 0.0001291 seconds, Stopping threads took: 0.0000302 seconds
[2022-06-16T20:20:27.381+0000][8140][safepoint    ] Application time: 0.9875613 seconds
[2022-06-16T20:20:27.381+0000][8140][safepoint    ] Entering safepoint region: Cleanup
[2022-06-16T20:20:27.381+0000][8140][safepoint    ] Leaving safepoint region
[2022-06-16T20:20:27.381+0000][8140][safepoint    ] Total time for which application threads were stopped: 0.0001031 seconds, Stopping threads took: 0.0000249 seconds
[2022-06-16T20:20:28.387+0000][8140][safepoint    ] Application time: 1.0059468 seconds
[2022-06-16T20:20:28.387+0000][8140][safepoint    ] Entering safepoint region: Cleanup
[2022-06-16T20:20:28.387+0000][8140][safepoint    ] Leaving safepoint region
[2022-06-16T20:20:28.387+0000][8140][safepoint    ] Total time for which application threads were stopped: 0.0001204 seconds, Stopping threads took: 0.0000293 seconds
[2022-06-16T20:20:29.394+0000][8140][safepoint    ] Application time: 1.0065248 seconds
[2022-06-16T20:20:29.394+0000][8140][safepoint    ] Entering safepoint region: Cleanup
[2022-06-16T20:20:29.394+0000][8140][safepoint    ] Leaving safepoint region
[2022-06-16T20:20:29.394+0000][8140][safepoint    ] Total time for which application threads were stopped: 0.0001308 seconds, Stopping threads took: 0.0000323 seconds
[2022-06-16T20:20:30.397+0000][8140][safepoint    ] Application time: 1.0030016 seconds
[2022-06-16T20:20:30.397+0000][8140][safepoint    ] Entering safepoint region: Cleanup
[2022-06-16T20:20:30.397+0000][8140][safepoint    ] Leaving safepoint region
[2022-06-16T20:20:30.397+0000][8140][safepoint    ] Total time for which application threads were stopped: 0.0001105 seconds, Stopping threads took: 0.0000350 seconds
[2022-06-16T20:20:30.413+0000][8140][safepoint    ] Application time: 0.0167344 seconds
[2022-06-16T20:20:30.413+0000][8140][safepoint    ] Entering safepoint region: RevokeBias
[2022-06-16T20:20:30.413+0000][8140][safepoint    ] Leaving safepoint region
[2022-06-16T20:20:30.413+0000][8140][safepoint    ] Total time for which application threads were stopped: 0.0001481 seconds, Stopping threads took: 0.0000630 seconds
[2022-06-16T20:20:30.413+0000][8140][safepoint    ] Application time: 0.0060705 seconds
[2022-06-16T20:20:30.413+0000][8140][safepoint    ] Entering safepoint region: RevokeBias
[2022-06-16T20:20:30.413+0000][8140][safepoint    ] Leaving safepoint region
[2022-06-16T20:20:30.413+0000][8140][safepoint    ] Total time for which application threads were stopped: 0.0000788 seconds, Stopping threads took: 0.0000154 seconds
[2022-06-16T20:20:30.413+0000][8140][safepoint    ] Application time: 0.0023725 seconds
[2022-06-16T20:20:30.413+0000][8140][safepoint    ] Entering safepoint region: RevokeBias
[2022-06-16T20:20:30.413+0000][8140][safepoint    ] Leaving safepoint region
[2022-06-16T20:20:30.413+0000][8140][safepoint    ] Total time for which application threads were stopped: 0.0000677 seconds, Stopping threads took: 0.0000148 seconds
[2022-06-16T20:20:30.413+0000][8140][safepoint    ] Application time: 0.0012536 seconds
[2022-06-16T20:20:30.413+0000][8140][safepoint    ] Entering safepoint region: RevokeBias
[2022-06-16T20:20:30.413+0000][8140][safepoint    ] Leaving safepoint region
[2022-06-16T20:20:30.413+0000][8140][safepoint    ] Total time for which application threads were stopped: 0.0000613 seconds, Stopping threads took: 0.0000138 seconds
[2022-06-16T20:20:30.413+0000][8140][safepoint    ] Application time: 0.0007318 seconds
[2022-06-16T20:20:30.413+0000][8140][safepoint    ] Entering safepoint region: RevokeBias
[2022-06-16T20:20:30.413+0000][8140][safepoint    ] Leaving safepoint region
[2022-06-16T20:20:30.413+0000][8140][safepoint    ] Total time for which application threads were stopped: 0.0000597 seconds, Stopping threads took: 0.0000138 seconds
[2022-06-16T20:20:31.413+0000][8140][safepoint    ] Application time: 0.9884293 seconds
[2022-06-16T20:20:31.413+0000][8140][safepoint    ] Entering safepoint region: Cleanup
[2022-06-16T20:20:31.413+0000][8140][safepoint    ] Leaving safepoint region
[2022-06-16T20:20:31.413+0000][8140][safepoint    ] Total time for which application threads were stopped: 0.0001259 seconds, Stopping threads took: 0.0000334 seconds
[2022-06-16T20:20:32.423+0000][8140][safepoint    ] Application time: 1.0088902 seconds
[2022-06-16T20:20:32.423+0000][8140][safepoint    ] Entering safepoint region: Cleanup
[2022-06-16T20:20:32.423+0000][8140][safepoint    ] Leaving safepoint region
[2022-06-16T20:20:32.423+0000][8140][safepoint    ] Total time for which application threads were stopped: 0.0000999 seconds, Stopping threads took: 0.0000271 seconds
[2022-06-16T20:20:33.429+0000][8140][safepoint    ] Application time: 1.0065039 seconds
[2022-06-16T20:20:33.429+0000][8140][safepoint    ] Entering safepoint region: Cleanup
[2022-06-16T20:20:33.429+0000][8140][safepoint    ] Leaving safepoint region
[2022-06-16T20:20:33.429+0000][8140][safepoint    ] Total time for which application threads were stopped: 0.0001082 seconds, Stopping threads took: 0.0000314 seconds
[2022-06-16T20:20:34.437+0000][8140][safepoint    ] Application time: 1.0070668 seconds
[2022-06-16T20:20:34.437+0000][8140][safepoint    ] Entering safepoint region: Cleanup
[2022-06-16T20:20:34.437+0000][8140][safepoint    ] Leaving safepoint region
[2022-06-16T20:20:34.437+0000][8140][safepoint    ] Total time for which application threads were stopped: 0.0001227 seconds, Stopping threads took: 0.0000337 seconds
[2022-06-16T20:20:34.934+0000][8140][safepoint    ] Application time: 0.4974923 seconds
[2022-06-16T20:20:34.934+0000][8140][safepoint    ] Entering safepoint region: RevokeBias
[2022-06-16T20:20:34.934+0000][8140][safepoint    ] Leaving safepoint region
[2022-06-16T20:20:34.934+0000][8140][safepoint    ] Total time for which application threads were stopped: 0.0001786 seconds, Stopping threads took: 0.0000587 seconds
[2022-06-16T20:20:34.934+0000][8140][safepoint    ] Application time: 0.0015758 seconds
[2022-06-16T20:20:34.934+0000][8140][safepoint    ] Entering safepoint region: RevokeBias
[2022-06-16T20:20:34.934+0000][8140][safepoint    ] Leaving safepoint region
[2022-06-16T20:20:34.934+0000][8140][safepoint    ] Total time for which application threads were stopped: 0.0001432 seconds, Stopping threads took: 0.0000472 seconds
[2022-06-16T20:20:34.934+0000][8140][safepoint    ] Application time: 0.0002689 seconds
[2022-06-16T20:20:34.934+0000][8140][safepoint    ] Entering safepoint region: RevokeBias
[2022-06-16T20:20:34.934+0000][8140][safepoint    ] Leaving safepoint region
[2022-06-16T20:20:34.934+0000][8140][safepoint    ] Total time for which application threads were stopped: 0.0001331 seconds, Stopping threads took: 0.0000396 seconds
[2022-06-16T20:20:34.950+0000][8140][safepoint    ] Application time: 0.0151520 seconds
[2022-06-16T20:20:34.950+0000][8140][safepoint    ] Entering safepoint region: RevokeBias
[2022-06-16T20:20:34.950+0000][8140][safepoint    ] Leaving safepoint region
[2022-06-16T20:20:34.950+0000][8140][safepoint    ] Total time for which application threads were stopped: 0.0001424 seconds, Stopping threads took: 0.0000328 seconds
[2022-06-16T20:20:34.950+0000][8140][safepoint    ] Application time: 0.0000623 seconds
[2022-06-16T20:20:34.950+0000][8140][safepoint    ] Entering safepoint region: RevokeBias
[2022-06-16T20:20:34.950+0000][8140][safepoint    ] Leaving safepoint region
[2022-06-16T20:20:34.950+0000][8140][safepoint    ] Total time for which application threads were stopped: 0.0001073 seconds, Stopping threads took: 0.0000278 seconds
[2022-06-16T20:20:34.950+0000][8140][safepoint    ] Application time: 0.0000398 seconds
[2022-06-16T20:20:34.950+0000][8140][safepoint    ] Entering safepoint region: RevokeBias
[2022-06-16T20:20:34.950+0000][8140][safepoint    ] Leaving safepoint region
[2022-06-16T20:20:34.950+0000][8140][safepoint    ] Total time for which application threads were stopped: 0.0000897 seconds, Stopping threads took: 0.0000266 seconds
[2022-06-16T20:20:34.950+0000][8140][safepoint    ] Application time: 0.0002923 seconds
[2022-06-16T20:20:34.950+0000][8140][safepoint    ] Entering safepoint region: RevokeBias
[2022-06-16T20:20:34.950+0000][8140][safepoint    ] Leaving safepoint region
[2022-06-16T20:20:34.950+0000][8140][safepoint    ] Total time for which application threads were stopped: 0.0001650 seconds, Stopping threads took: 0.0000869 seconds
[2022-06-16T20:20:34.965+0000][8140][safepoint    ] Application time: 0.0124385 seconds
[2022-06-16T20:20:34.965+0000][8140][safepoint    ] Entering safepoint region: RevokeBias
[2022-06-16T20:20:34.965+0000][8140][safepoint    ] Leaving safepoint region
[2022-06-16T20:20:34.965+0000][8140][safepoint    ] Total time for which application threads were stopped: 0.0000864 seconds, Stopping threads took: 0.0000170 seconds
[2022-06-16T20:20:34.965+0000][8140][safepoint    ] Application time: 0.0000544 seconds
[2022-06-16T20:20:34.965+0000][8140][safepoint    ] Entering safepoint region: RevokeBias
[2022-06-16T20:20:34.965+0000][8140][safepoint    ] Leaving safepoint region
[2022-06-16T20:20:34.965+0000][8140][safepoint    ] Total time for which application threads were stopped: 0.0000734 seconds, Stopping threads took: 0.0000132 seconds
[2022-06-16T20:20:34.965+0000][8140][safepoint    ] Application time: 0.0040630 seconds
[2022-06-16T20:20:34.965+0000][8140][safepoint    ] Entering safepoint region: RevokeBias
[2022-06-16T20:20:34.965+0000][8140][safepoint    ] Leaving safepoint region
[2022-06-16T20:20:34.965+0000][8140][safepoint    ] Total time for which application threads were stopped: 0.0001303 seconds, Stopping threads took: 0.0000424 seconds
[2022-06-16T20:20:34.965+0000][8140][safepoint    ] Application time: 0.0015503 seconds
[2022-06-16T20:20:34.965+0000][8140][safepoint    ] Entering safepoint region: RevokeBias
[2022-06-16T20:20:34.965+0000][8140][safepoint    ] Leaving safepoint region
[2022-06-16T20:20:34.965+0000][8140][safepoint    ] Total time for which application threads were stopped: 0.0001109 seconds, Stopping threads took: 0.0000231 seconds
[2022-06-16T20:20:35.981+0000][8140][safepoint    ] Application time: 1.0089378 seconds
[2022-06-16T20:20:35.981+0000][8140][safepoint    ] Entering safepoint region: Cleanup
[2022-06-16T20:20:35.981+0000][8140][safepoint    ] Leaving safepoint region
[2022-06-16T20:20:35.981+0000][8140][safepoint    ] Total time for which application threads were stopped: 0.0001105 seconds, Stopping threads took: 0.0000318 seconds
[2022-06-16T20:20:36.996+0000][8140][safepoint    ] Application time: 1.0154449 seconds
[2022-06-16T20:20:36.996+0000][8140][safepoint    ] Entering safepoint region: Cleanup
[2022-06-16T20:20:36.996+0000][8140][safepoint    ] Leaving safepoint region
[2022-06-16T20:20:36.996+0000][8140][safepoint    ] Total time for which application threads were stopped: 0.0001329 seconds, Stopping threads took: 0.0000317 seconds
[2022-06-16T20:20:38.011+0000][8140][safepoint    ] Application time: 1.0143854 seconds
[2022-06-16T20:20:38.011+0000][8140][safepoint    ] Entering safepoint region: Cleanup
[2022-06-16T20:20:38.011+0000][8140][safepoint    ] Leaving safepoint region
[2022-06-16T20:20:38.011+0000][8140][safepoint    ] Total time for which application threads were stopped: 0.0000967 seconds, Stopping threads took: 0.0000225 seconds
[2022-06-16T20:20:39.023+0000][8140][safepoint    ] Application time: 1.0120768 seconds
[2022-06-16T20:20:39.023+0000][8140][safepoint    ] Entering safepoint region: Cleanup
[2022-06-16T20:20:39.023+0000][8140][safepoint    ] Leaving safepoint region
[2022-06-16T20:20:39.023+0000][8140][safepoint    ] Total time for which application threads were stopped: 0.0001018 seconds, Stopping threads took: 0.0000233 seconds
[2022-06-16T20:20:39.367+0000][8140][safepoint    ] Application time: 0.3512956 seconds
[2022-06-16T20:20:39.367+0000][8140][safepoint    ] Entering safepoint region: RevokeBias
[2022-06-16T20:20:39.367+0000][8140][safepoint    ] Leaving safepoint region
[2022-06-16T20:20:39.367+0000][8140][safepoint    ] Total time for which application threads were stopped: 0.0001405 seconds, Stopping threads took: 0.0000304 seconds
[2022-06-16T20:20:39.367+0000][8140][safepoint    ] Application time: 0.0002566 seconds
[2022-06-16T20:20:39.367+0000][8140][safepoint    ] Entering safepoint region: RevokeBias
[2022-06-16T20:20:39.367+0000][8140][safepoint    ] Leaving safepoint region
[2022-06-16T20:20:39.367+0000][8140][safepoint    ] Total time for which application threads were stopped: 0.0000956 seconds, Stopping threads took: 0.0000240 seconds
[2022-06-16T20:20:39.570+0000][8140][safepoint    ] Application time: 0.1979590 seconds
[2022-06-16T20:20:39.570+0000][8140][safepoint    ] Entering safepoint region: Deoptimize
[2022-06-16T20:20:39.570+0000][8140][safepoint    ] Leaving safepoint region
[2022-06-16T20:20:39.570+0000][8140][safepoint    ] Total time for which application threads were stopped: 0.0009207 seconds, Stopping threads took: 0.0000192 seconds
[2022-06-16T20:20:39.586+0000][8140][safepoint    ] Application time: 0.0199043 seconds
[2022-06-16T20:20:39.586+0000][8140][safepoint    ] Entering safepoint region: RevokeBias
[2022-06-16T20:20:39.586+0000][8140][safepoint    ] Leaving safepoint region
[2022-06-16T20:20:39.586+0000][8140][safepoint    ] Total time for which application threads were stopped: 0.0003081 seconds, Stopping threads took: 0.0000320 seconds
[2022-06-16T20:20:39.586+0000][8140][safepoint    ] Application time: 0.0000206 seconds
[2022-06-16T20:20:39.586+0000][8140][safepoint    ] Entering safepoint region: RevokeBias
[2022-06-16T20:20:39.586+0000][8140][safepoint    ] Leaving safepoint region
[2022-06-16T20:20:39.586+0000][8140][safepoint    ] Total time for which application threads were stopped: 0.0000861 seconds, Stopping threads took: 0.0000223 seconds
[2022-06-16T20:20:39.617+0000][8140][safepoint    ] Application time: 0.0253021 seconds
[2022-06-16T20:20:39.617+0000][8140][safepoint    ] Entering safepoint region: RevokeBias
[2022-06-16T20:20:39.617+0000][8140][safepoint    ] Leaving safepoint region
[2022-06-16T20:20:39.617+0000][8140][safepoint    ] Total time for which application threads were stopped: 0.0001402 seconds, Stopping threads took: 0.0000317 seconds
[2022-06-16T20:20:39.617+0000][8140][safepoint    ] Application time: 0.0009865 seconds
[2022-06-16T20:20:39.617+0000][8140][safepoint    ] Entering safepoint region: RevokeBias
[2022-06-16T20:20:39.617+0000][8140][safepoint    ] Leaving safepoint region
[2022-06-16T20:20:39.617+0000][8140][safepoint    ] Total time for which application threads were stopped: 0.0001243 seconds, Stopping threads took: 0.0000283 seconds
[2022-06-16T20:20:39.617+0000][8140][safepoint    ] Application time: 0.0017921 seconds
[2022-06-16T20:20:39.617+0000][8140][safepoint    ] Entering safepoint region: RevokeBias
[2022-06-16T20:20:39.617+0000][8140][safepoint    ] Leaving safepoint region
[2022-06-16T20:20:39.617+0000][8140][safepoint    ] Total time for which application threads were stopped: 0.0001008 seconds, Stopping threads took: 0.0000259 seconds
[2022-06-16T20:20:39.617+0000][8140][safepoint    ] Application time: 0.0060268 seconds
[2022-06-16T20:20:39.617+0000][8140][safepoint    ] Entering safepoint region: RevokeBias
[2022-06-16T20:20:39.617+0000][8140][safepoint    ] Leaving safepoint region
[2022-06-16T20:20:39.617+0000][8140][safepoint    ] Total time for which application threads were stopped: 0.0000960 seconds, Stopping threads took: 0.0000271 seconds
[2022-06-16T20:20:39.617+0000][8140][safepoint    ] Application time: 0.0000254 seconds
[2022-06-16T20:20:39.617+0000][8140][safepoint    ] Entering safepoint region: RevokeBias
[2022-06-16T20:20:39.617+0000][8140][safepoint    ] Leaving safepoint region
[2022-06-16T20:20:39.617+0000][8140][safepoint    ] Total time for which application threads were stopped: 0.0000855 seconds, Stopping threads took: 0.0000221 seconds
[2022-06-16T20:20:39.617+0000][8140][safepoint    ] Application time: 0.0019687 seconds
[2022-06-16T20:20:39.617+0000][8140][safepoint    ] Entering safepoint region: RevokeBias
[2022-06-16T20:20:39.617+0000][8140][safepoint    ] Leaving safepoint region
[2022-06-16T20:20:39.617+0000][8140][safepoint    ] Total time for which application threads were stopped: 0.0001111 seconds, Stopping threads took: 0.0000345 seconds
[2022-06-16T20:20:39.633+0000][8140][safepoint    ] Application time: 0.0019171 seconds
[2022-06-16T20:20:39.633+0000][8140][safepoint    ] Entering safepoint region: RevokeBias
[2022-06-16T20:20:39.633+0000][8140][safepoint    ] Leaving safepoint region
[2022-06-16T20:20:39.633+0000][8140][safepoint    ] Total time for which application threads were stopped: 0.0001042 seconds, Stopping threads took: 0.0000275 seconds
[2022-06-16T20:20:39.727+0000][8140][safepoint    ] Application time: 0.0980464 seconds
[2022-06-16T20:20:39.727+0000][8140][safepoint    ] Entering safepoint region: RevokeBias
[2022-06-16T20:20:39.727+0000][8140][safepoint    ] Leaving safepoint region
[2022-06-16T20:20:39.727+0000][8140][safepoint    ] Total time for which application threads were stopped: 0.0001892 seconds, Stopping threads took: 0.0000245 seconds
[2022-06-16T20:20:39.742+0000][8140][safepoint    ] Application time: 0.0117300 seconds
[2022-06-16T20:20:39.742+0000][8140][safepoint    ] Entering safepoint region: RevokeBias
[2022-06-16T20:20:39.742+0000][8140][safepoint    ] Leaving safepoint region
[2022-06-16T20:20:39.742+0000][8140][safepoint    ] Total time for which application threads were stopped: 0.0001058 seconds, Stopping threads took: 0.0000182 seconds
[2022-06-16T20:20:39.742+0000][8140][safepoint    ] Application time: 0.0039781 seconds
[2022-06-16T20:20:39.742+0000][8140][safepoint    ] Entering safepoint region: RevokeBias
[2022-06-16T20:20:39.742+0000][8140][safepoint    ] Leaving safepoint region
[2022-06-16T20:20:39.742+0000][8140][safepoint    ] Total time for which application threads were stopped: 0.0001090 seconds, Stopping threads took: 0.0000353 seconds
[2022-06-16T20:20:39.742+0000][8140][safepoint    ] Application time: 0.0001954 seconds
[2022-06-16T20:20:39.742+0000][8140][safepoint    ] Entering safepoint region: RevokeBias
[2022-06-16T20:20:39.742+0000][8140][safepoint    ] Leaving safepoint region
[2022-06-16T20:20:39.742+0000][8140][safepoint    ] Total time for which application threads were stopped: 0.0000673 seconds, Stopping threads took: 0.0000145 seconds
[2022-06-16T20:20:39.742+0000][8140][safepoint    ] Application time: 0.0032773 seconds
[2022-06-16T20:20:39.742+0000][8140][safepoint    ] Entering safepoint region: RevokeBias
[2022-06-16T20:20:39.742+0000][8140][safepoint    ] Leaving safepoint region
[2022-06-16T20:20:39.742+0000][8140][safepoint    ] Total time for which application threads were stopped: 0.0005042 seconds, Stopping threads took: 0.0004140 seconds
[2022-06-16T20:20:40.758+0000][8140][safepoint    ] Application time: 1.0056650 seconds
[2022-06-16T20:20:40.758+0000][8140][safepoint    ] Entering safepoint region: Cleanup
[2022-06-16T20:20:40.758+0000][8140][safepoint    ] Leaving safepoint region
[2022-06-16T20:20:40.758+0000][8140][safepoint    ] Total time for which application threads were stopped: 0.0001015 seconds, Stopping threads took: 0.0000214 seconds
[2022-06-16T20:20:41.767+0000][8140][safepoint    ] Application time: 1.0092498 seconds
[2022-06-16T20:20:41.767+0000][8140][safepoint    ] Entering safepoint region: Cleanup
[2022-06-16T20:20:41.767+0000][8140][safepoint    ] Leaving safepoint region
[2022-06-16T20:20:41.767+0000][8140][safepoint    ] Total time for which application threads were stopped: 0.0001113 seconds, Stopping threads took: 0.0000303 seconds
[2022-06-16T20:20:42.772+0000][8140][safepoint    ] Application time: 1.0047147 seconds
[2022-06-16T20:20:42.772+0000][8140][safepoint    ] Entering safepoint region: Cleanup
[2022-06-16T20:20:42.772+0000][8140][safepoint    ] Leaving safepoint region
[2022-06-16T20:20:42.772+0000][8140][safepoint    ] Total time for which application threads were stopped: 0.0001314 seconds, Stopping threads took: 0.0000285 seconds
[2022-06-16T20:20:43.784+0000][8140][safepoint    ] Application time: 1.0114492 seconds
[2022-06-16T20:20:43.784+0000][8140][safepoint    ] Entering safepoint region: Cleanup
[2022-06-16T20:20:43.784+0000][8140][safepoint    ] Leaving safepoint region
[2022-06-16T20:20:43.784+0000][8140][safepoint    ] Total time for which application threads were stopped: 0.0001282 seconds, Stopping threads took: 0.0000293 seconds
[2022-06-16T20:20:44.784+0000][8140][safepoint    ] Application time: 0.9998412 seconds
[2022-06-16T20:20:44.784+0000][8140][safepoint    ] Entering safepoint region: Cleanup
[2022-06-16T20:20:44.784+0000][8140][safepoint    ] Leaving safepoint region
[2022-06-16T20:20:44.784+0000][8140][safepoint    ] Total time for which application threads were stopped: 0.0001366 seconds, Stopping threads took: 0.0000304 seconds
[2022-06-16T20:20:45.784+0000][8140][safepoint    ] Application time: 1.0002662 seconds
[2022-06-16T20:20:45.784+0000][8140][safepoint    ] Entering safepoint region: Cleanup
[2022-06-16T20:20:45.784+0000][8140][safepoint    ] Leaving safepoint region
[2022-06-16T20:20:45.784+0000][8140][safepoint    ] Total time for which application threads were stopped: 0.0001064 seconds, Stopping threads took: 0.0000221 seconds
[2022-06-16T20:20:46.795+0000][8140][safepoint    ] Application time: 1.0099353 seconds
[2022-06-16T20:20:46.795+0000][8140][safepoint    ] Entering safepoint region: Cleanup
[2022-06-16T20:20:46.795+0000][8140][safepoint    ] Leaving safepoint region
[2022-06-16T20:20:46.795+0000][8140][safepoint    ] Total time for which application threads were stopped: 0.0001449 seconds, Stopping threads took: 0.0000304 seconds
[2022-06-16T20:20:47.798+0000][8140][safepoint    ] Application time: 1.0028141 seconds
[2022-06-16T20:20:47.798+0000][8140][safepoint    ] Entering safepoint region: Cleanup
[2022-06-16T20:20:47.798+0000][8140][safepoint    ] Leaving safepoint region
[2022-06-16T20:20:47.798+0000][8140][safepoint    ] Total time for which application threads were stopped: 0.0001673 seconds, Stopping threads took: 0.0000610 seconds
[2022-06-16T20:20:48.805+0000][8140][safepoint    ] Application time: 1.0070090 seconds
[2022-06-16T20:20:48.805+0000][8140][safepoint    ] Entering safepoint region: Cleanup
[2022-06-16T20:20:48.805+0000][8140][safepoint    ] Leaving safepoint region
[2022-06-16T20:20:48.805+0000][8140][safepoint    ] Total time for which application threads were stopped: 0.0001522 seconds, Stopping threads took: 0.0000331 seconds
[2022-06-16T20:20:49.812+0000][8140][safepoint    ] Application time: 1.0070453 seconds
[2022-06-16T20:20:49.812+0000][8140][safepoint    ] Entering safepoint region: Cleanup
[2022-06-16T20:20:49.812+0000][8140][safepoint    ] Leaving safepoint region
[2022-06-16T20:20:49.812+0000][8140][safepoint    ] Total time for which application threads were stopped: 0.0001488 seconds, Stopping threads took: 0.0000655 seconds
[2022-06-16T20:20:50.183+0000][8140][safepoint    ] Application time: 0.3707293 seconds
[2022-06-16T20:20:50.183+0000][8140][safepoint    ] Entering safepoint region: RevokeBias
[2022-06-16T20:20:50.183+0000][8140][safepoint    ] Leaving safepoint region
[2022-06-16T20:20:50.183+0000][8140][safepoint    ] Total time for which application threads were stopped: 0.0000986 seconds, Stopping threads took: 0.0000185 seconds
[2022-06-16T20:20:51.193+0000][8140][safepoint    ] Application time: 1.0100344 seconds
[2022-06-16T20:20:51.193+0000][8140][safepoint    ] Entering safepoint region: Cleanup
[2022-06-16T20:20:51.193+0000][8140][safepoint    ] Leaving safepoint region
[2022-06-16T20:20:51.193+0000][8140][safepoint    ] Total time for which application threads were stopped: 0.0001112 seconds, Stopping threads took: 0.0000239 seconds
[2022-06-16T20:20:52.197+0000][8140][safepoint    ] Application time: 1.0038959 seconds
[2022-06-16T20:20:52.197+0000][8140][safepoint    ] Entering safepoint region: Cleanup
[2022-06-16T20:20:52.197+0000][8140][safepoint    ] Leaving safepoint region
[2022-06-16T20:20:52.197+0000][8140][safepoint    ] Total time for which application threads were stopped: 0.0001344 seconds, Stopping threads took: 0.0000299 seconds
[2022-06-16T20:20:53.197+0000][8140][safepoint    ] Application time: 0.9994154 seconds
[2022-06-16T20:20:53.197+0000][8140][safepoint    ] Entering safepoint region: Cleanup
[2022-06-16T20:20:53.197+0000][8140][safepoint    ] Leaving safepoint region
[2022-06-16T20:20:53.197+0000][8140][safepoint    ] Total time for which application threads were stopped: 0.0001489 seconds, Stopping threads took: 0.0000328 seconds
[2022-06-16T20:20:54.197+0000][8140][safepoint    ] Application time: 0.9999669 seconds
[2022-06-16T20:20:54.197+0000][8140][safepoint    ] Entering safepoint region: Cleanup
[2022-06-16T20:20:54.197+0000][8140][safepoint    ] Leaving safepoint region
[2022-06-16T20:20:54.197+0000][8140][safepoint    ] Total time for which application threads were stopped: 0.0000985 seconds, Stopping threads took: 0.0000221 seconds
[2022-06-16T20:20:55.198+0000][8140][safepoint    ] Application time: 1.0008165 seconds
[2022-06-16T20:20:55.198+0000][8140][safepoint    ] Entering safepoint region: Cleanup
[2022-06-16T20:20:55.198+0000][8140][safepoint    ] Leaving safepoint region
[2022-06-16T20:20:55.198+0000][8140][safepoint    ] Total time for which application threads were stopped: 0.0001008 seconds, Stopping threads took: 0.0000221 seconds
[2022-06-16T20:20:55.251+0000][8140][safepoint    ] Application time: 0.0525215 seconds
[2022-06-16T20:20:55.251+0000][8140][safepoint    ] Entering safepoint region: RevokeBias
[2022-06-16T20:20:55.251+0000][8140][safepoint    ] Leaving safepoint region
[2022-06-16T20:20:55.251+0000][8140][safepoint    ] Total time for which application threads were stopped: 0.0000959 seconds, Stopping threads took: 0.0000186 seconds
[2022-06-16T20:20:56.252+0000][8140][safepoint    ] Application time: 1.0007247 seconds
[2022-06-16T20:20:56.252+0000][8140][safepoint    ] Entering safepoint region: Cleanup
[2022-06-16T20:20:56.252+0000][8140][safepoint    ] Leaving safepoint region
[2022-06-16T20:20:56.252+0000][8140][safepoint    ] Total time for which application threads were stopped: 0.0001316 seconds, Stopping threads took: 0.0000324 seconds
[2022-06-16T20:20:57.252+0000][8140][safepoint    ] Application time: 0.9997983 seconds
[2022-06-16T20:20:57.252+0000][8140][safepoint    ] Entering safepoint region: Cleanup
[2022-06-16T20:20:57.252+0000][8140][safepoint    ] Leaving safepoint region
[2022-06-16T20:20:57.252+0000][8140][safepoint    ] Total time for which application threads were stopped: 0.0001361 seconds, Stopping threads took: 0.0000324 seconds
[2022-06-16T20:20:58.252+0000][8140][safepoint    ] Application time: 0.9997830 seconds
[2022-06-16T20:20:58.252+0000][8140][safepoint    ] Entering safepoint region: Cleanup
[2022-06-16T20:20:58.252+0000][8140][safepoint    ] Leaving safepoint region
[2022-06-16T20:20:58.252+0000][8140][safepoint    ] Total time for which application threads were stopped: 0.0001507 seconds, Stopping threads took: 0.0000340 seconds
[2022-06-16T20:20:59.252+0000][8140][safepoint    ] Application time: 1.0000595 seconds
[2022-06-16T20:20:59.252+0000][8140][safepoint    ] Entering safepoint region: Cleanup
[2022-06-16T20:20:59.252+0000][8140][safepoint    ] Leaving safepoint region
[2022-06-16T20:20:59.252+0000][8140][safepoint    ] Total time for which application threads were stopped: 0.0001018 seconds, Stopping threads took: 0.0000229 seconds
[2022-06-16T20:20:59.856+0000][8140][safepoint    ] Application time: 0.6039418 seconds
[2022-06-16T20:20:59.856+0000][8140][safepoint    ] Entering safepoint region: RevokeBias
[2022-06-16T20:20:59.856+0000][8140][safepoint    ] Leaving safepoint region
[2022-06-16T20:20:59.856+0000][8140][safepoint    ] Total time for which application threads were stopped: 0.0001594 seconds, Stopping threads took: 0.0000542 seconds
[2022-06-16T20:20:59.856+0000][8140][safepoint    ] Application time: 0.0002285 seconds
[2022-06-16T20:20:59.856+0000][8140][safepoint    ] Entering safepoint region: RevokeBias
[2022-06-16T20:20:59.856+0000][8140][safepoint    ] Leaving safepoint region
[2022-06-16T20:20:59.856+0000][8140][safepoint    ] Total time for which application threads were stopped: 0.0000879 seconds, Stopping threads took: 0.0000149 seconds
[2022-06-16T20:20:59.857+0000][8140][safepoint    ] Application time: 0.0002056 seconds
[2022-06-16T20:20:59.857+0000][8140][safepoint    ] Entering safepoint region: RevokeBias
[2022-06-16T20:20:59.857+0000][8140][safepoint    ] Leaving safepoint region
[2022-06-16T20:20:59.857+0000][8140][safepoint    ] Total time for which application threads were stopped: 0.0001192 seconds, Stopping threads took: 0.0000297 seconds
[2022-06-16T20:21:00.007+0000][8140][safepoint    ] Application time: 0.1501622 seconds
[2022-06-16T20:21:00.007+0000][8140][safepoint    ] Entering safepoint region: RevokeBias
[2022-06-16T20:21:00.007+0000][8140][safepoint    ] Leaving safepoint region
[2022-06-16T20:21:00.007+0000][8140][safepoint    ] Total time for which application threads were stopped: 0.0001356 seconds, Stopping threads took: 0.0000308 seconds
[2022-06-16T20:21:00.007+0000][8140][safepoint    ] Application time: 0.0002330 seconds
[2022-06-16T20:21:00.007+0000][8140][safepoint    ] Entering safepoint region: RevokeBias
[2022-06-16T20:21:00.008+0000][8140][safepoint    ] Leaving safepoint region
[2022-06-16T20:21:00.008+0000][8140][safepoint    ] Total time for which application threads were stopped: 0.0001050 seconds, Stopping threads took: 0.0000290 seconds
[2022-06-16T20:21:00.039+0000][8140][safepoint    ] Application time: 0.0310058 seconds
[2022-06-16T20:21:00.039+0000][8140][safepoint    ] Entering safepoint region: BulkRevokeBias
[2022-06-16T20:21:00.039+0000][8140][safepoint    ] Leaving safepoint region
[2022-06-16T20:21:00.039+0000][8140][safepoint    ] Total time for which application threads were stopped: 0.0003268 seconds, Stopping threads took: 0.0000203 seconds
[2022-06-16T20:21:00.427+0000][8140][safepoint    ] Application time: 0.3882967 seconds
[2022-06-16T20:21:00.427+0000][8140][safepoint    ] Entering safepoint region: RevokeBias
[2022-06-16T20:21:00.428+0000][8140][safepoint    ] Leaving safepoint region
[2022-06-16T20:21:00.428+0000][8140][safepoint    ] Total time for which application threads were stopped: 0.0001601 seconds, Stopping threads took: 0.0000430 seconds
[2022-06-16T20:21:00.428+0000][8140][safepoint    ] Application time: 0.0004327 seconds
[2022-06-16T20:21:00.428+0000][8140][safepoint    ] Entering safepoint region: RevokeBias
[2022-06-16T20:21:00.428+0000][8140][safepoint    ] Leaving safepoint region
[2022-06-16T20:21:00.428+0000][8140][safepoint    ] Total time for which application threads were stopped: 0.0000874 seconds, Stopping threads took: 0.0000297 seconds
[2022-06-16T20:21:00.430+0000][8140][safepoint    ] Application time: 0.0017862 seconds
[2022-06-16T20:21:00.430+0000][8140][safepoint    ] Entering safepoint region: RevokeBias
[2022-06-16T20:21:00.430+0000][8140][safepoint    ] Leaving safepoint region
[2022-06-16T20:21:00.430+0000][8140][safepoint    ] Total time for which application threads were stopped: 0.0000624 seconds, Stopping threads took: 0.0000146 seconds
[2022-06-16T20:21:00.430+0000][8140][safepoint    ] Application time: 0.0001317 seconds
[2022-06-16T20:21:00.430+0000][8140][safepoint    ] Entering safepoint region: RevokeBias
[2022-06-16T20:21:00.430+0000][8140][safepoint    ] Leaving safepoint region
[2022-06-16T20:21:00.430+0000][8140][safepoint    ] Total time for which application threads were stopped: 0.0000787 seconds, Stopping threads took: 0.0000365 seconds
[2022-06-16T20:21:01.432+0000][8140][safepoint    ] Application time: 1.0019210 seconds
[2022-06-16T20:21:01.432+0000][8140][safepoint    ] Entering safepoint region: Cleanup
[2022-06-16T20:21:01.432+0000][8140][safepoint    ] Leaving safepoint region
[2022-06-16T20:21:01.432+0000][8140][safepoint    ] Total time for which application threads were stopped: 0.0001169 seconds, Stopping threads took: 0.0000274 seconds
[2022-06-16T20:21:05.460+0000][8140][safepoint    ] Application time: 4.0274802 seconds
[2022-06-16T20:21:05.460+0000][8140][safepoint    ] Entering safepoint region: Cleanup
[2022-06-16T20:21:05.460+0000][8140][safepoint    ] Leaving safepoint region
[2022-06-16T20:21:05.460+0000][8140][safepoint    ] Total time for which application threads were stopped: 0.0001225 seconds, Stopping threads took: 0.0000272 seconds
[2022-06-16T20:21:10.495+0000][8140][safepoint    ] Application time: 5.0350292 seconds
[2022-06-16T20:21:10.495+0000][8140][safepoint    ] Entering safepoint region: Cleanup
[2022-06-16T20:21:10.495+0000][8140][safepoint    ] Leaving safepoint region
[2022-06-16T20:21:10.495+0000][8140][safepoint    ] Total time for which application threads were stopped: 0.0001262 seconds, Stopping threads took: 0.0000292 seconds
[2022-06-16T20:21:11.496+0000][8140][safepoint    ] Application time: 1.0004869 seconds
[2022-06-16T20:21:11.496+0000][8140][safepoint    ] Entering safepoint region: Cleanup
[2022-06-16T20:21:11.496+0000][8140][safepoint    ] Leaving safepoint region
[2022-06-16T20:21:11.496+0000][8140][safepoint    ] Total time for which application threads were stopped: 0.0000884 seconds, Stopping threads took: 0.0000207 seconds
[2022-06-16T20:21:12.497+0000][8140][safepoint    ] Application time: 1.0004198 seconds
[2022-06-16T20:21:12.497+0000][8140][safepoint    ] Entering safepoint region: Cleanup
[2022-06-16T20:21:12.497+0000][8140][safepoint    ] Leaving safepoint region
[2022-06-16T20:21:12.497+0000][8140][safepoint    ] Total time for which application threads were stopped: 0.0000942 seconds, Stopping threads took: 0.0000221 seconds
[2022-06-16T20:21:18.510+0000][8140][safepoint    ] Application time: 6.0132443 seconds
[2022-06-16T20:21:18.510+0000][8140][safepoint    ] Entering safepoint region: Cleanup
[2022-06-16T20:21:18.510+0000][8140][safepoint    ] Leaving safepoint region
[2022-06-16T20:21:18.510+0000][8140][safepoint    ] Total time for which application threads were stopped: 0.0000944 seconds, Stopping threads took: 0.0000212 seconds
[2022-06-16T20:21:23.523+0000][8140][safepoint    ] Application time: 5.0123571 seconds
[2022-06-16T20:21:23.523+0000][8140][safepoint    ] Entering safepoint region: Cleanup
[2022-06-16T20:21:23.523+0000][8140][safepoint    ] Leaving safepoint region
[2022-06-16T20:21:23.523+0000][8140][safepoint    ] Total time for which application threads were stopped: 0.0001232 seconds, Stopping threads took: 0.0000306 seconds
[2022-06-16T20:21:24.535+0000][8140][safepoint    ] Application time: 1.0118398 seconds
[2022-06-16T20:21:24.535+0000][8140][safepoint    ] Entering safepoint region: Cleanup
[2022-06-16T20:21:24.535+0000][8140][safepoint    ] Leaving safepoint region
[2022-06-16T20:21:24.535+0000][8140][safepoint    ] Total time for which application threads were stopped: 0.0001270 seconds, Stopping threads took: 0.0000319 seconds
[2022-06-16T20:21:26.536+0000][8140][safepoint    ] Application time: 2.0008740 seconds
[2022-06-16T20:21:26.536+0000][8140][safepoint    ] Entering safepoint region: Cleanup
[2022-06-16T20:21:26.536+0000][8140][safepoint    ] Leaving safepoint region
[2022-06-16T20:21:26.536+0000][8140][safepoint    ] Total time for which application threads were stopped: 0.0001199 seconds, Stopping threads took: 0.0000280 seconds
[2022-06-16T20:21:27.541+0000][8140][safepoint    ] Application time: 1.0048215 seconds
[2022-06-16T20:21:27.541+0000][8140][safepoint    ] Entering safepoint region: Cleanup
[2022-06-16T20:21:27.541+0000][8140][safepoint    ] Leaving safepoint region
[2022-06-16T20:21:27.541+0000][8140][safepoint    ] Total time for which application threads were stopped: 0.0001052 seconds, Stopping threads took: 0.0000263 seconds
[2022-06-16T20:21:29.560+0000][8140][safepoint    ] Application time: 2.0188050 seconds
[2022-06-16T20:21:29.560+0000][8140][safepoint    ] Entering safepoint region: Cleanup
[2022-06-16T20:21:29.560+0000][8140][safepoint    ] Leaving safepoint region
[2022-06-16T20:21:29.560+0000][8140][safepoint    ] Total time for which application threads were stopped: 0.0000954 seconds, Stopping threads took: 0.0000231 seconds
[2022-06-16T20:21:30.446+0000][8140][safepoint    ] Application time: 0.8869201 seconds
[2022-06-16T20:21:30.446+0000][8140][safepoint    ] Entering safepoint region: RevokeBias
[2022-06-16T20:21:30.446+0000][8140][safepoint    ] Leaving safepoint region
[2022-06-16T20:21:30.446+0000][8140][safepoint    ] Total time for which application threads were stopped: 0.0001608 seconds, Stopping threads took: 0.0000525 seconds
[2022-06-16T20:21:30.446+0000][8140][safepoint    ] Application time: 0.0018817 seconds
[2022-06-16T20:21:30.446+0000][8140][safepoint    ] Entering safepoint region: RevokeBias
[2022-06-16T20:21:30.446+0000][8140][safepoint    ] Leaving safepoint region
[2022-06-16T20:21:30.446+0000][8140][safepoint    ] Total time for which application threads were stopped: 0.0000711 seconds, Stopping threads took: 0.0000157 seconds
[2022-06-16T20:21:31.450+0000][8140][safepoint    ] Application time: 1.0022762 seconds
[2022-06-16T20:21:31.450+0000][8140][safepoint    ] Entering safepoint region: Cleanup
[2022-06-16T20:21:31.450+0000][8140][safepoint    ] Leaving safepoint region
[2022-06-16T20:21:31.451+0000][8140][safepoint    ] Total time for which application threads were stopped: 0.0001228 seconds, Stopping threads took: 0.0000300 seconds
[2022-06-16T20:21:33.453+0000][8140][safepoint    ] Application time: 2.0014549 seconds
[2022-06-16T20:21:33.453+0000][8140][safepoint    ] Entering safepoint region: Cleanup
[2022-06-16T20:21:33.453+0000][8140][safepoint    ] Leaving safepoint region
[2022-06-16T20:21:33.453+0000][8140][safepoint    ] Total time for which application threads were stopped: 0.0000923 seconds, Stopping threads took: 0.0000207 seconds
[2022-06-16T20:21:35.454+0000][8140][safepoint    ] Application time: 2.0006296 seconds
[2022-06-16T20:21:35.454+0000][8140][safepoint    ] Entering safepoint region: Cleanup
[2022-06-16T20:21:35.454+0000][8140][safepoint    ] Leaving safepoint region
[2022-06-16T20:21:35.454+0000][8140][safepoint    ] Total time for which application threads were stopped: 0.0000977 seconds, Stopping threads took: 0.0000216 seconds
[2022-06-16T20:21:36.455+0000][8140][safepoint    ] Application time: 1.0007824 seconds
[2022-06-16T20:21:36.455+0000][8140][safepoint    ] Entering safepoint region: Cleanup
[2022-06-16T20:21:36.455+0000][8140][safepoint    ] Leaving safepoint region
[2022-06-16T20:21:36.455+0000][8140][safepoint    ] Total time for which application threads were stopped: 0.0000949 seconds, Stopping threads took: 0.0000231 seconds
[2022-06-16T20:21:50.183+0000][8140][safepoint    ] Application time: 13.7287732 seconds
[2022-06-16T20:21:50.183+0000][8140][safepoint    ] Entering safepoint region: RevokeBias
[2022-06-16T20:21:50.183+0000][8140][safepoint    ] Leaving safepoint region
[2022-06-16T20:21:50.183+0000][8140][safepoint    ] Total time for which application threads were stopped: 0.0001000 seconds, Stopping threads took: 0.0000193 seconds
[2022-06-16T20:21:51.184+0000][8140][safepoint    ] Application time: 1.0005724 seconds
[2022-06-16T20:21:51.184+0000][8140][safepoint    ] Entering safepoint region: Cleanup
[2022-06-16T20:21:51.184+0000][8140][safepoint    ] Leaving safepoint region
[2022-06-16T20:21:51.184+0000][8140][safepoint    ] Total time for which application threads were stopped: 0.0000905 seconds, Stopping threads took: 0.0000210 seconds
[2022-06-16T20:21:54.193+0000][8140][safepoint    ] Application time: 3.0084281 seconds
[2022-06-16T20:21:54.193+0000][8140][safepoint    ] Entering safepoint region: Cleanup
[2022-06-16T20:21:54.193+0000][8140][safepoint    ] Leaving safepoint region
[2022-06-16T20:21:54.193+0000][8140][safepoint    ] Total time for which application threads were stopped: 0.0001042 seconds, Stopping threads took: 0.0000320 seconds
[2022-06-16T20:21:55.193+0000][8140][safepoint    ] Application time: 1.0000212 seconds
[2022-06-16T20:21:55.193+0000][8140][safepoint    ] Entering safepoint region: Cleanup
[2022-06-16T20:21:55.193+0000][8140][safepoint    ] Leaving safepoint region
[2022-06-16T20:21:55.193+0000][8140][safepoint    ] Total time for which application threads were stopped: 0.0001116 seconds, Stopping threads took: 0.0000304 seconds
[2022-06-16T20:21:56.194+0000][8140][safepoint    ] Application time: 1.0003242 seconds
[2022-06-16T20:21:56.194+0000][8140][safepoint    ] Entering safepoint region: Cleanup
[2022-06-16T20:21:56.194+0000][8140][safepoint    ] Leaving safepoint region
[2022-06-16T20:21:56.194+0000][8140][safepoint    ] Total time for which application threads were stopped: 0.0001012 seconds, Stopping threads took: 0.0000272 seconds
[2022-06-16T20:22:00.450+0000][8140][safepoint    ] Application time: 4.2567005 seconds
[2022-06-16T20:22:00.451+0000][8140][safepoint    ] Entering safepoint region: RevokeBias
[2022-06-16T20:22:00.451+0000][8140][safepoint    ] Leaving safepoint region
[2022-06-16T20:22:00.451+0000][8140][safepoint    ] Total time for which application threads were stopped: 0.0001565 seconds, Stopping threads took: 0.0000556 seconds
[2022-06-16T20:22:00.453+0000][8140][safepoint    ] Application time: 0.0020109 seconds
[2022-06-16T20:22:00.453+0000][8140][safepoint    ] Entering safepoint region: RevokeBias
[2022-06-16T20:22:00.453+0000][8140][safepoint    ] Leaving safepoint region
[2022-06-16T20:22:00.453+0000][8140][safepoint    ] Total time for which application threads were stopped: 0.0000677 seconds, Stopping threads took: 0.0000149 seconds
[2022-06-16T20:22:07.456+0000][8140][safepoint    ] Application time: 7.0034294 seconds
[2022-06-16T20:22:07.456+0000][8140][safepoint    ] Entering safepoint region: Cleanup
[2022-06-16T20:22:07.456+0000][8140][safepoint    ] Leaving safepoint region
[2022-06-16T20:22:07.456+0000][8140][safepoint    ] Total time for which application threads were stopped: 0.0000988 seconds, Stopping threads took: 0.0000220 seconds
[2022-06-16T20:22:16.461+0000][8140][safepoint    ] Application time: 9.0045192 seconds
[2022-06-16T20:22:16.461+0000][8140][safepoint    ] Entering safepoint region: Cleanup
[2022-06-16T20:22:16.461+0000][8140][safepoint    ] Leaving safepoint region
[2022-06-16T20:22:16.461+0000][8140][safepoint    ] Total time for which application threads were stopped: 0.0001156 seconds, Stopping threads took: 0.0000420 seconds
[2022-06-16T20:22:21.463+0000][8140][safepoint    ] Application time: 5.0017362 seconds
[2022-06-16T20:22:21.463+0000][8140][safepoint    ] Entering safepoint region: Cleanup
[2022-06-16T20:22:21.463+0000][8140][safepoint    ] Leaving safepoint region
[2022-06-16T20:22:21.463+0000][8140][safepoint    ] Total time for which application threads were stopped: 0.0000948 seconds, Stopping threads took: 0.0000232 seconds
[2022-06-16T20:22:29.468+0000][8140][safepoint    ] Application time: 8.0050857 seconds
[2022-06-16T20:22:29.468+0000][8140][safepoint    ] Entering safepoint region: Cleanup
[2022-06-16T20:22:29.468+0000][8140][safepoint    ] Leaving safepoint region
[2022-06-16T20:22:29.468+0000][8140][safepoint    ] Total time for which application threads were stopped: 0.0000887 seconds, Stopping threads took: 0.0000195 seconds
[2022-06-16T20:22:30.453+0000][8140][safepoint    ] Application time: 0.9857596 seconds
[2022-06-16T20:22:30.453+0000][8140][safepoint    ] Entering safepoint region: RevokeBias
[2022-06-16T20:22:30.454+0000][8140][safepoint    ] Leaving safepoint region
[2022-06-16T20:22:30.454+0000][8140][safepoint    ] Total time for which application threads were stopped: 0.0001456 seconds, Stopping threads took: 0.0000358 seconds
[2022-06-16T20:22:30.456+0000][8140][safepoint    ] Application time: 0.0026641 seconds
[2022-06-16T20:22:30.456+0000][8140][safepoint    ] Entering safepoint region: RevokeBias
[2022-06-16T20:22:30.456+0000][8140][safepoint    ] Leaving safepoint region
[2022-06-16T20:22:30.456+0000][8140][safepoint    ] Total time for which application threads were stopped: 0.0000829 seconds, Stopping threads took: 0.0000264 seconds
[2022-06-16T20:22:35.458+0000][8140][safepoint    ] Application time: 5.0012934 seconds
[2022-06-16T20:22:35.458+0000][8140][safepoint    ] Entering safepoint region: Cleanup
[2022-06-16T20:22:35.458+0000][8140][safepoint    ] Leaving safepoint region
[2022-06-16T20:22:35.458+0000][8140][safepoint    ] Total time for which application threads were stopped: 0.0001006 seconds, Stopping threads took: 0.0000229 seconds
[2022-06-16T20:22:36.459+0000][8140][safepoint    ] Application time: 1.0003718 seconds
[2022-06-16T20:22:36.459+0000][8140][safepoint    ] Entering safepoint region: Cleanup
[2022-06-16T20:22:36.459+0000][8140][safepoint    ] Leaving safepoint region
[2022-06-16T20:22:36.459+0000][8140][safepoint    ] Total time for which application threads were stopped: 0.0000904 seconds, Stopping threads took: 0.0000205 seconds
[2022-06-16T20:22:37.459+0000][8140][safepoint    ] Application time: 1.0005985 seconds
[2022-06-16T20:22:37.459+0000][8140][safepoint    ] Entering safepoint region: Cleanup
[2022-06-16T20:22:37.459+0000][8140][safepoint    ] Leaving safepoint region
[2022-06-16T20:22:37.459+0000][8140][safepoint    ] Total time for which application threads were stopped: 0.0000922 seconds, Stopping threads took: 0.0000219 seconds
[2022-06-16T20:22:50.512+0000][8140][safepoint    ] Application time: 13.0527068 seconds
[2022-06-16T20:22:50.512+0000][8140][safepoint    ] Entering safepoint region: Cleanup
[2022-06-16T20:22:50.512+0000][8140][safepoint    ] Leaving safepoint region
[2022-06-16T20:22:50.512+0000][8140][safepoint    ] Total time for which application threads were stopped: 0.0001004 seconds, Stopping threads took: 0.0000222 seconds
[2022-06-16T20:22:55.546+0000][8140][safepoint    ] Application time: 5.0339591 seconds
[2022-06-16T20:22:55.546+0000][8140][safepoint    ] Entering safepoint region: Cleanup
[2022-06-16T20:22:55.546+0000][8140][safepoint    ] Leaving safepoint region
[2022-06-16T20:22:55.546+0000][8140][safepoint    ] Total time for which application threads were stopped: 0.0001359 seconds, Stopping threads took: 0.0000642 seconds
[2022-06-16T20:22:59.571+0000][8140][safepoint    ] Application time: 4.0241533 seconds
[2022-06-16T20:22:59.571+0000][8140][safepoint    ] Entering safepoint region: Cleanup
[2022-06-16T20:22:59.571+0000][8140][safepoint    ] Leaving safepoint region
[2022-06-16T20:22:59.571+0000][8140][safepoint    ] Total time for which application threads were stopped: 0.0000947 seconds, Stopping threads took: 0.0000225 seconds
[2022-06-16T20:23:00.460+0000][8140][safepoint    ] Application time: 0.8895532 seconds
[2022-06-16T20:23:00.460+0000][8140][safepoint    ] Entering safepoint region: RevokeBias
[2022-06-16T20:23:00.460+0000][8140][safepoint    ] Leaving safepoint region
[2022-06-16T20:23:00.460+0000][8140][safepoint    ] Total time for which application threads were stopped: 0.0001433 seconds, Stopping threads took: 0.0000355 seconds
[2022-06-16T20:23:00.460+0000][8140][safepoint    ] Application time: 0.0015054 seconds
[2022-06-16T20:23:00.460+0000][8140][safepoint    ] Entering safepoint region: RevokeBias
[2022-06-16T20:23:00.460+0000][8140][safepoint    ] Leaving safepoint region
[2022-06-16T20:23:00.460+0000][8140][safepoint    ] Total time for which application threads were stopped: 0.0000684 seconds, Stopping threads took: 0.0000144 seconds
[2022-06-16T20:23:04.492+0000][8140][safepoint    ] Application time: 4.0298106 seconds
[2022-06-16T20:23:04.492+0000][8140][safepoint    ] Entering safepoint region: Cleanup
[2022-06-16T20:23:04.492+0000][8140][safepoint    ] Leaving safepoint region
[2022-06-16T20:23:04.492+0000][8140][safepoint    ] Total time for which application threads were stopped: 0.0000928 seconds, Stopping threads took: 0.0000232 seconds
[2022-06-16T20:23:30.468+0000][8140][safepoint    ] Application time: 25.9767476 seconds
[2022-06-16T20:23:30.468+0000][8140][safepoint    ] Entering safepoint region: RevokeBias
[2022-06-16T20:23:30.468+0000][8140][safepoint    ] Leaving safepoint region
[2022-06-16T20:23:30.468+0000][8140][safepoint    ] Total time for which application threads were stopped: 0.0001662 seconds, Stopping threads took: 0.0000585 seconds
[2022-06-16T20:23:30.468+0000][8140][safepoint    ] Application time: 0.0015852 seconds
[2022-06-16T20:23:30.468+0000][8140][safepoint    ] Entering safepoint region: RevokeBias
[2022-06-16T20:23:30.468+0000][8140][safepoint    ] Leaving safepoint region
[2022-06-16T20:23:30.468+0000][8140][safepoint    ] Total time for which application threads were stopped: 0.0000834 seconds, Stopping threads took: 0.0000307 seconds
[2022-06-16T20:23:40.504+0000][8140][safepoint    ] Application time: 10.0336595 seconds
[2022-06-16T20:23:40.504+0000][8140][safepoint    ] Entering safepoint region: Cleanup
[2022-06-16T20:23:40.504+0000][8140][safepoint    ] Leaving safepoint region
[2022-06-16T20:23:40.504+0000][8140][safepoint    ] Total time for which application threads were stopped: 0.0001368 seconds, Stopping threads took: 0.0000445 seconds
[2022-06-16T20:23:42.518+0000][8140][safepoint    ] Application time: 2.0135856 seconds
[2022-06-16T20:23:42.518+0000][8140][safepoint    ] Entering safepoint region: Cleanup
[2022-06-16T20:23:42.518+0000][8140][safepoint    ] Leaving safepoint region
[2022-06-16T20:23:42.518+0000][8140][safepoint    ] Total time for which application threads were stopped: 0.0001231 seconds, Stopping threads took: 0.0000461 seconds
[2022-06-16T20:24:00.473+0000][8140][safepoint    ] Application time: 17.9552006 seconds
[2022-06-16T20:24:00.473+0000][8140][safepoint    ] Entering safepoint region: RevokeBias
[2022-06-16T20:24:00.473+0000][8140][safepoint    ] Leaving safepoint region
[2022-06-16T20:24:00.473+0000][8140][safepoint    ] Total time for which application threads were stopped: 0.0001591 seconds, Stopping threads took: 0.0000458 seconds
[2022-06-16T20:24:00.473+0000][8140][safepoint    ] Application time: 0.0016738 seconds
[2022-06-16T20:24:00.473+0000][8140][safepoint    ] Entering safepoint region: RevokeBias
[2022-06-16T20:24:00.473+0000][8140][safepoint    ] Leaving safepoint region
[2022-06-16T20:24:00.473+0000][8140][safepoint    ] Total time for which application threads were stopped: 0.0000714 seconds, Stopping threads took: 0.0000149 seconds
[2022-06-16T20:24:05.529+0000][8140][safepoint    ] Application time: 5.0530517 seconds
[2022-06-16T20:24:05.529+0000][8140][safepoint    ] Entering safepoint region: Cleanup
[2022-06-16T20:24:05.529+0000][8140][safepoint    ] Leaving safepoint region
[2022-06-16T20:24:05.529+0000][8140][safepoint    ] Total time for which application threads were stopped: 0.0000990 seconds, Stopping threads took: 0.0000233 seconds
[2022-06-16T20:24:07.553+0000][8140][safepoint    ] Application time: 2.0242318 seconds
[2022-06-16T20:24:07.553+0000][8140][safepoint    ] Entering safepoint region: Cleanup
[2022-06-16T20:24:07.553+0000][8140][safepoint    ] Leaving safepoint region
[2022-06-16T20:24:07.553+0000][8140][safepoint    ] Total time for which application threads were stopped: 0.0000919 seconds, Stopping threads took: 0.0000222 seconds
[2022-06-16T20:24:11.584+0000][8140][safepoint    ] Application time: 4.0312708 seconds
[2022-06-16T20:24:11.584+0000][8140][safepoint    ] Entering safepoint region: Cleanup
[2022-06-16T20:24:11.584+0000][8140][safepoint    ] Leaving safepoint region
[2022-06-16T20:24:11.584+0000][8140][safepoint    ] Total time for which application threads were stopped: 0.0000919 seconds, Stopping threads took: 0.0000213 seconds
[2022-06-16T20:24:15.626+0000][8140][safepoint    ] Application time: 4.0413887 seconds
[2022-06-16T20:24:15.626+0000][8140][safepoint    ] Entering safepoint region: Cleanup
[2022-06-16T20:24:15.626+0000][8140][safepoint    ] Leaving safepoint region
[2022-06-16T20:24:15.626+0000][8140][safepoint    ] Total time for which application threads were stopped: 0.0001064 seconds, Stopping threads took: 0.0000263 seconds
[2022-06-16T20:24:25.703+0000][8140][safepoint    ] Application time: 10.0772082 seconds
[2022-06-16T20:24:25.703+0000][8140][safepoint    ] Entering safepoint region: Cleanup
[2022-06-16T20:24:25.703+0000][8140][safepoint    ] Leaving safepoint region
[2022-06-16T20:24:25.703+0000][8140][safepoint    ] Total time for which application threads were stopped: 0.0001206 seconds, Stopping threads took: 0.0000291 seconds
[2022-06-16T20:24:30.485+0000][8140][safepoint    ] Application time: 4.7823355 seconds
[2022-06-16T20:24:30.485+0000][8140][safepoint    ] Entering safepoint region: RevokeBias
[2022-06-16T20:24:30.485+0000][8140][safepoint    ] Leaving safepoint region
[2022-06-16T20:24:30.485+0000][8140][safepoint    ] Total time for which application threads were stopped: 0.0001859 seconds, Stopping threads took: 0.0000704 seconds
[2022-06-16T20:24:30.485+0000][8140][safepoint    ] Application time: 0.0014824 seconds
[2022-06-16T20:24:30.485+0000][8140][safepoint    ] Entering safepoint region: RevokeBias
[2022-06-16T20:24:30.485+0000][8140][safepoint    ] Leaving safepoint region
[2022-06-16T20:24:30.485+0000][8140][safepoint    ] Total time for which application threads were stopped: 0.0000754 seconds, Stopping threads took: 0.0000143 seconds
[2022-06-16T20:24:31.493+0000][8140][safepoint    ] Application time: 1.0048462 seconds
[2022-06-16T20:24:31.493+0000][8140][safepoint    ] Entering safepoint region: Cleanup
[2022-06-16T20:24:31.493+0000][8140][safepoint    ] Leaving safepoint region
[2022-06-16T20:24:31.493+0000][8140][safepoint    ] Total time for which application threads were stopped: 0.0001116 seconds, Stopping threads took: 0.0000291 seconds
[2022-06-16T20:24:35.513+0000][8140][safepoint    ] Application time: 4.0197660 seconds
[2022-06-16T20:24:35.513+0000][8140][safepoint    ] Entering safepoint region: Cleanup
[2022-06-16T20:24:35.513+0000][8140][safepoint    ] Leaving safepoint region
[2022-06-16T20:24:35.513+0000][8140][safepoint    ] Total time for which application threads were stopped: 0.0001234 seconds, Stopping threads took: 0.0000279 seconds
[2022-06-16T20:24:45.573+0000][8140][safepoint    ] Application time: 10.0600557 seconds
[2022-06-16T20:24:45.573+0000][8140][safepoint    ] Entering safepoint region: Cleanup
[2022-06-16T20:24:45.573+0000][8140][safepoint    ] Leaving safepoint region
[2022-06-16T20:24:45.573+0000][8140][safepoint    ] Total time for which application threads were stopped: 0.0000978 seconds, Stopping threads took: 0.0000264 seconds
[2022-06-16T20:25:00.501+0000][8140][safepoint    ] Application time: 14.9289800 seconds
[2022-06-16T20:25:00.501+0000][8140][safepoint    ] Entering safepoint region: BulkRevokeBias
[2022-06-16T20:25:00.501+0000][8140][safepoint    ] Leaving safepoint region
[2022-06-16T20:25:00.501+0000][8140][safepoint    ] Total time for which application threads were stopped: 0.0004128 seconds, Stopping threads took: 0.0000682 seconds
[2022-06-16T20:25:00.501+0000][8140][safepoint    ] Application time: 0.0001160 seconds
[2022-06-16T20:25:00.501+0000][8140][safepoint    ] Entering safepoint region: RevokeBias
[2022-06-16T20:25:00.501+0000][8140][safepoint    ] Leaving safepoint region
[2022-06-16T20:25:00.501+0000][8140][safepoint    ] Total time for which application threads were stopped: 0.0000908 seconds, Stopping threads took: 0.0000386 seconds
[2022-06-16T20:25:05.550+0000][8140][safepoint    ] Application time: 5.0470431 seconds
[2022-06-16T20:25:05.550+0000][8140][safepoint    ] Entering safepoint region: Cleanup
[2022-06-16T20:25:05.550+0000][8140][safepoint    ] Leaving safepoint region
[2022-06-16T20:25:05.550+0000][8140][safepoint    ] Total time for which application threads were stopped: 0.0000965 seconds, Stopping threads took: 0.0000224 seconds
[2022-06-16T20:25:20.670+0000][8140][safepoint    ] Application time: 15.1205048 seconds
[2022-06-16T20:25:20.670+0000][8140][safepoint    ] Entering safepoint region: Cleanup
[2022-06-16T20:25:20.670+0000][8140][safepoint    ] Leaving safepoint region
[2022-06-16T20:25:20.670+0000][8140][safepoint    ] Total time for which application threads were stopped: 0.0000964 seconds, Stopping threads took: 0.0000240 seconds
[2022-06-16T20:25:30.510+0000][8140][safepoint    ] Application time: 9.8407271 seconds
[2022-06-16T20:25:30.510+0000][8140][safepoint    ] Entering safepoint region: RevokeBias
[2022-06-16T20:25:30.510+0000][8140][safepoint    ] Leaving safepoint region
[2022-06-16T20:25:30.510+0000][8140][safepoint    ] Total time for which application threads were stopped: 0.0001547 seconds, Stopping threads took: 0.0000468 seconds
[2022-06-16T20:25:30.510+0000][8140][safepoint    ] Application time: 0.0011945 seconds
[2022-06-16T20:25:30.510+0000][8140][safepoint    ] Entering safepoint region: RevokeBias
[2022-06-16T20:25:30.510+0000][8140][safepoint    ] Leaving safepoint region
[2022-06-16T20:25:30.510+0000][8140][safepoint    ] Total time for which application threads were stopped: 0.0000720 seconds, Stopping threads took: 0.0000151 seconds
[2022-06-16T20:25:40.393+0000][8140][safepoint    ] Application time: 9.8811673 seconds
[2022-06-16T20:25:40.393+0000][8140][safepoint    ] Entering safepoint region: RevokeBias
[2022-06-16T20:25:40.393+0000][8140][safepoint    ] Leaving safepoint region
[2022-06-16T20:25:40.393+0000][8140][safepoint    ] Total time for which application threads were stopped: 0.0001150 seconds, Stopping threads took: 0.0000254 seconds
[2022-06-16T20:25:40.409+0000][8140][safepoint    ] Application time: 0.0273346 seconds
[2022-06-16T20:25:40.409+0000][8140][safepoint    ] Entering safepoint region: RevokeBias
[2022-06-16T20:25:40.409+0000][8140][safepoint    ] Leaving safepoint region
[2022-06-16T20:25:40.409+0000][8140][safepoint    ] Total time for which application threads were stopped: 0.0001442 seconds, Stopping threads took: 0.0000567 seconds
[2022-06-16T20:25:40.409+0000][8140][safepoint    ] Application time: 0.0005253 seconds
[2022-06-16T20:25:40.409+0000][8140][safepoint    ] Entering safepoint region: RevokeBias
[2022-06-16T20:25:40.409+0000][8140][safepoint    ] Leaving safepoint region
[2022-06-16T20:25:40.409+0000][8140][safepoint    ] Total time for which application threads were stopped: 0.0001067 seconds, Stopping threads took: 0.0000256 seconds
[2022-06-16T20:25:40.409+0000][8140][safepoint    ] Application time: 0.0000230 seconds
[2022-06-16T20:25:40.409+0000][8140][safepoint    ] Entering safepoint region: RevokeBias
[2022-06-16T20:25:40.409+0000][8140][safepoint    ] Leaving safepoint region
[2022-06-16T20:25:40.409+0000][8140][safepoint    ] Total time for which application threads were stopped: 0.0000741 seconds, Stopping threads took: 0.0000205 seconds
[2022-06-16T20:25:40.409+0000][8140][safepoint    ] Application time: 0.0001226 seconds
[2022-06-16T20:25:40.409+0000][8140][safepoint    ] Entering safepoint region: RevokeBias
[2022-06-16T20:25:40.409+0000][8140][safepoint    ] Leaving safepoint region
[2022-06-16T20:25:40.409+0000][8140][safepoint    ] Total time for which application threads were stopped: 0.0000505 seconds, Stopping threads took: 0.0000128 seconds
[2022-06-16T20:25:40.409+0000][8140][safepoint    ] Application time: 0.0013043 seconds
[2022-06-16T20:25:40.409+0000][8140][safepoint    ] Entering safepoint region: RevokeBias
[2022-06-16T20:25:40.409+0000][8140][safepoint    ] Leaving safepoint region
[2022-06-16T20:25:40.409+0000][8140][safepoint    ] Total time for which application threads were stopped: 0.0000630 seconds, Stopping threads took: 0.0000145 seconds
[2022-06-16T20:25:40.456+0000][8140][safepoint    ] Application time: 0.0413763 seconds
[2022-06-16T20:25:40.456+0000][8140][safepoint    ] Entering safepoint region: RevokeBias
[2022-06-16T20:25:40.456+0000][8140][safepoint    ] Leaving safepoint region
[2022-06-16T20:25:40.456+0000][8140][safepoint    ] Total time for which application threads were stopped: 0.0001301 seconds, Stopping threads took: 0.0000288 seconds
[2022-06-16T20:25:40.456+0000][8140][safepoint    ] Application time: 0.0000201 seconds
[2022-06-16T20:25:40.456+0000][8140][safepoint    ] Entering safepoint region: RevokeBias
[2022-06-16T20:25:40.456+0000][8140][safepoint    ] Leaving safepoint region
[2022-06-16T20:25:40.456+0000][8140][safepoint    ] Total time for which application threads were stopped: 0.0000715 seconds, Stopping threads took: 0.0000197 seconds
[2022-06-16T20:25:40.456+0000][8140][safepoint    ] Application time: 0.0000205 seconds
[2022-06-16T20:25:40.456+0000][8140][safepoint    ] Entering safepoint region: RevokeBias
[2022-06-16T20:25:40.456+0000][8140][safepoint    ] Leaving safepoint region
[2022-06-16T20:25:40.456+0000][8140][safepoint    ] Total time for which application threads were stopped: 0.0000661 seconds, Stopping threads took: 0.0000193 seconds
[2022-06-16T20:25:40.456+0000][8140][safepoint    ] Application time: 0.0014278 seconds
[2022-06-16T20:25:40.456+0000][8140][safepoint    ] Entering safepoint region: RevokeBias
[2022-06-16T20:25:40.456+0000][8140][safepoint    ] Leaving safepoint region
[2022-06-16T20:25:40.456+0000][8140][safepoint    ] Total time for which application threads were stopped: 0.0001011 seconds, Stopping threads took: 0.0000257 seconds
[2022-06-16T20:25:40.456+0000][8140][safepoint    ] Application time: 0.0002866 seconds
[2022-06-16T20:25:40.456+0000][8140][safepoint    ] Entering safepoint region: RevokeBias
[2022-06-16T20:25:40.456+0000][8140][safepoint    ] Leaving safepoint region
[2022-06-16T20:25:40.456+0000][8140][safepoint    ] Total time for which application threads were stopped: 0.0000881 seconds, Stopping threads took: 0.0000234 seconds
[2022-06-16T20:25:40.456+0000][8140][safepoint    ] Application time: 0.0007208 seconds
[2022-06-16T20:25:40.456+0000][8140][safepoint    ] Entering safepoint region: RevokeBias
[2022-06-16T20:25:40.456+0000][8140][safepoint    ] Leaving safepoint region
[2022-06-16T20:25:40.456+0000][8140][safepoint    ] Total time for which application threads were stopped: 0.0000906 seconds, Stopping threads took: 0.0000256 seconds
[2022-06-16T20:25:40.471+0000][8140][safepoint    ] Application time: 0.0035466 seconds
[2022-06-16T20:25:40.471+0000][8140][safepoint    ] Entering safepoint region: RevokeBias
[2022-06-16T20:25:40.471+0000][8140][safepoint    ] Leaving safepoint region
[2022-06-16T20:25:40.471+0000][8140][safepoint    ] Total time for which application threads were stopped: 0.0000971 seconds, Stopping threads took: 0.0000262 seconds
[2022-06-16T20:25:40.471+0000][8140][safepoint    ] Application time: 0.0002357 seconds
[2022-06-16T20:25:40.471+0000][8140][safepoint    ] Entering safepoint region: RevokeBias
[2022-06-16T20:25:40.471+0000][8140][safepoint    ] Leaving safepoint region
[2022-06-16T20:25:40.471+0000][8140][safepoint    ] Total time for which application threads were stopped: 0.0000804 seconds, Stopping threads took: 0.0000214 seconds
[2022-06-16T20:25:40.550+0000][8140][safepoint    ] Application time: 0.0872951 seconds
[2022-06-16T20:25:40.550+0000][8140][safepoint    ] Entering safepoint region: RevokeBias
[2022-06-16T20:25:40.550+0000][8140][safepoint    ] Leaving safepoint region
[2022-06-16T20:25:40.550+0000][8140][safepoint    ] Total time for which application threads were stopped: 0.0001343 seconds, Stopping threads took: 0.0000262 seconds
[2022-06-16T20:25:40.565+0000][8140][safepoint    ] Application time: 0.0067093 seconds
[2022-06-16T20:25:40.565+0000][8140][safepoint    ] Entering safepoint region: RevokeBias
[2022-06-16T20:25:40.565+0000][8140][safepoint    ] Leaving safepoint region
[2022-06-16T20:25:40.565+0000][8140][safepoint    ] Total time for which application threads were stopped: 0.0001012 seconds, Stopping threads took: 0.0000219 seconds
[2022-06-16T20:25:40.596+0000][8140][safepoint    ] Application time: 0.0352089 seconds
[2022-06-16T20:25:40.596+0000][8140][safepoint    ] Entering safepoint region: RevokeBias
[2022-06-16T20:25:40.596+0000][8140][safepoint    ] Leaving safepoint region
[2022-06-16T20:25:40.596+0000][8140][safepoint    ] Total time for which application threads were stopped: 0.0001118 seconds, Stopping threads took: 0.0000372 seconds
[2022-06-16T20:25:40.612+0000][8140][safepoint    ] Application time: 0.0218038 seconds
[2022-06-16T20:25:40.612+0000][8140][safepoint    ] Entering safepoint region: RevokeBias
[2022-06-16T20:25:40.612+0000][8140][safepoint    ] Leaving safepoint region
[2022-06-16T20:25:40.612+0000][8140][safepoint    ] Total time for which application threads were stopped: 0.0001385 seconds, Stopping threads took: 0.0000347 seconds
[2022-06-16T20:25:40.612+0000][8140][safepoint    ] Application time: 0.0000215 seconds
[2022-06-16T20:25:40.612+0000][8140][safepoint    ] Entering safepoint region: RevokeBias
[2022-06-16T20:25:40.612+0000][8140][safepoint    ] Leaving safepoint region
[2022-06-16T20:25:40.612+0000][8140][safepoint    ] Total time for which application threads were stopped: 0.0000740 seconds, Stopping threads took: 0.0000188 seconds
[2022-06-16T20:25:40.612+0000][8140][safepoint    ] Application time: 0.0000137 seconds
[2022-06-16T20:25:40.612+0000][8140][safepoint    ] Entering safepoint region: RevokeBias
[2022-06-16T20:25:40.612+0000][8140][safepoint    ] Leaving safepoint region
[2022-06-16T20:25:40.612+0000][8140][safepoint    ] Total time for which application threads were stopped: 0.0000644 seconds, Stopping threads took: 0.0000196 seconds
[2022-06-16T20:25:40.612+0000][8140][safepoint    ] Application time: 0.0000118 seconds
[2022-06-16T20:25:40.612+0000][8140][safepoint    ] Entering safepoint region: RevokeBias
[2022-06-16T20:25:40.612+0000][8140][safepoint    ] Leaving safepoint region
[2022-06-16T20:25:40.612+0000][8140][safepoint    ] Total time for which application threads were stopped: 0.0000681 seconds, Stopping threads took: 0.0000192 seconds
[2022-06-16T20:25:40.612+0000][8140][safepoint    ] Application time: 0.0000126 seconds
[2022-06-16T20:25:40.612+0000][8140][safepoint    ] Entering safepoint region: RevokeBias
[2022-06-16T20:25:40.612+0000][8140][safepoint    ] Leaving safepoint region
[2022-06-16T20:25:40.612+0000][8140][safepoint    ] Total time for which application threads were stopped: 0.0000672 seconds, Stopping threads took: 0.0000185 seconds
[2022-06-16T20:25:40.612+0000][8140][safepoint    ] Application time: 0.0000126 seconds
[2022-06-16T20:25:40.612+0000][8140][safepoint    ] Entering safepoint region: RevokeBias
[2022-06-16T20:25:40.612+0000][8140][safepoint    ] Leaving safepoint region
[2022-06-16T20:25:40.612+0000][8140][safepoint    ] Total time for which application threads were stopped: 0.0000634 seconds, Stopping threads took: 0.0000182 seconds
[2022-06-16T20:25:40.612+0000][8140][safepoint    ] Application time: 0.0000119 seconds
[2022-06-16T20:25:40.612+0000][8140][safepoint    ] Entering safepoint region: RevokeBias
[2022-06-16T20:25:40.612+0000][8140][safepoint    ] Leaving safepoint region
[2022-06-16T20:25:40.612+0000][8140][safepoint    ] Total time for which application threads were stopped: 0.0000647 seconds, Stopping threads took: 0.0000191 seconds
[2022-06-16T20:25:40.612+0000][8140][safepoint    ] Application time: 0.0002201 seconds
[2022-06-16T20:25:40.612+0000][8140][safepoint    ] Entering safepoint region: RevokeBias
[2022-06-16T20:25:40.612+0000][8140][safepoint    ] Leaving safepoint region
[2022-06-16T20:25:40.612+0000][8140][safepoint    ] Total time for which application threads were stopped: 0.0000844 seconds, Stopping threads took: 0.0000227 seconds
[2022-06-16T20:25:40.612+0000][8140][safepoint    ] Application time: 0.0000846 seconds
[2022-06-16T20:25:40.612+0000][8140][safepoint    ] Entering safepoint region: RevokeBias
[2022-06-16T20:25:40.612+0000][8140][safepoint    ] Leaving safepoint region
[2022-06-16T20:25:40.612+0000][8140][safepoint    ] Total time for which application threads were stopped: 0.0000677 seconds, Stopping threads took: 0.0000195 seconds
[2022-06-16T20:25:40.612+0000][8140][safepoint    ] Application time: 0.0000693 seconds
[2022-06-16T20:25:40.612+0000][8140][safepoint    ] Entering safepoint region: RevokeBias
[2022-06-16T20:25:40.612+0000][8140][safepoint    ] Leaving safepoint region
[2022-06-16T20:25:40.612+0000][8140][safepoint    ] Total time for which application threads were stopped: 0.0000719 seconds, Stopping threads took: 0.0000196 seconds
[2022-06-16T20:25:40.871+0000][8140][safepoint    ] Application time: 0.2453171 seconds
[2022-06-16T20:25:40.871+0000][8140][safepoint    ] Entering safepoint region: RevokeBias
[2022-06-16T20:25:40.871+0000][8140][safepoint    ] Leaving safepoint region
[2022-06-16T20:25:40.871+0000][8140][safepoint    ] Total time for which application threads were stopped: 0.0001034 seconds, Stopping threads took: 0.0000186 seconds
[2022-06-16T20:25:40.871+0000][8140][safepoint    ] Application time: 0.0004355 seconds
[2022-06-16T20:25:40.871+0000][8140][safepoint    ] Entering safepoint region: RevokeBias
[2022-06-16T20:25:40.871+0000][8140][safepoint    ] Leaving safepoint region
[2022-06-16T20:25:40.871+0000][8140][safepoint    ] Total time for which application threads were stopped: 0.0001036 seconds, Stopping threads took: 0.0000252 seconds
[2022-06-16T20:26:00.525+0000][8140][safepoint    ] Application time: 19.6545288 seconds
[2022-06-16T20:26:00.525+0000][8140][safepoint    ] Entering safepoint region: RevokeBias
[2022-06-16T20:26:00.525+0000][8140][safepoint    ] Leaving safepoint region
[2022-06-16T20:26:00.525+0000][8140][safepoint    ] Total time for which application threads were stopped: 0.0001901 seconds, Stopping threads took: 0.0000746 seconds
[2022-06-16T20:26:00.525+0000][8140][safepoint    ] Application time: 0.0015775 seconds
[2022-06-16T20:26:00.525+0000][8140][safepoint    ] Entering safepoint region: RevokeBias
[2022-06-16T20:26:00.525+0000][8140][safepoint    ] Leaving safepoint region
[2022-06-16T20:26:00.525+0000][8140][safepoint    ] Total time for which application threads were stopped: 0.0000767 seconds, Stopping threads took: 0.0000146 seconds
[2022-06-16T20:26:30.542+0000][8140][safepoint    ] Application time: 30.0144233 seconds
[2022-06-16T20:26:30.542+0000][8140][safepoint    ] Entering safepoint region: RevokeBias
[2022-06-16T20:26:30.542+0000][8140][safepoint    ] Leaving safepoint region
[2022-06-16T20:26:30.542+0000][8140][safepoint    ] Total time for which application threads were stopped: 0.0001881 seconds, Stopping threads took: 0.0000704 seconds
[2022-06-16T20:26:30.542+0000][8140][safepoint    ] Application time: 0.0002420 seconds
[2022-06-16T20:26:30.542+0000][8140][safepoint    ] Entering safepoint region: RevokeBias
[2022-06-16T20:26:30.542+0000][8140][safepoint    ] Leaving safepoint region
[2022-06-16T20:26:30.542+0000][8140][safepoint    ] Total time for which application threads were stopped: 0.0000638 seconds, Stopping threads took: 0.0000145 seconds
[2022-06-16T20:26:40.262+0000][8140][safepoint    ] Application time: 9.7202124 seconds
[2022-06-16T20:26:40.262+0000][8140][safepoint    ] Entering safepoint region: RevokeBias
[2022-06-16T20:26:40.263+0000][8140][safepoint    ] Leaving safepoint region
[2022-06-16T20:26:40.263+0000][8140][safepoint    ] Total time for which application threads were stopped: 0.0001312 seconds, Stopping threads took: 0.0000446 seconds
[2022-06-16T20:26:40.263+0000][8140][safepoint    ] Application time: 0.0005667 seconds
[2022-06-16T20:26:40.263+0000][8140][safepoint    ] Entering safepoint region: Deoptimize
[2022-06-16T20:26:40.264+0000][8140][safepoint    ] Leaving safepoint region
[2022-06-16T20:26:40.264+0000][8140][safepoint    ] Total time for which application threads were stopped: 0.0010533 seconds, Stopping threads took: 0.0000229 seconds
[2022-06-16T20:26:40.268+0000][8140][safepoint    ] Application time: 0.0033221 seconds
[2022-06-16T20:26:40.268+0000][8140][safepoint    ] Entering safepoint region: RevokeBias
[2022-06-16T20:26:40.268+0000][8140][safepoint    ] Leaving safepoint region
[2022-06-16T20:26:40.268+0000][8140][safepoint    ] Total time for which application threads were stopped: 0.0000993 seconds, Stopping threads took: 0.0000268 seconds
[2022-06-16T20:26:40.268+0000][8140][safepoint    ] Application time: 0.0000408 seconds
[2022-06-16T20:26:40.268+0000][8140][safepoint    ] Entering safepoint region: RevokeBias
[2022-06-16T20:26:40.268+0000][8140][safepoint    ] Leaving safepoint region
[2022-06-16T20:26:40.268+0000][8140][safepoint    ] Total time for which application threads were stopped: 0.0000656 seconds, Stopping threads took: 0.0000194 seconds
[2022-06-16T20:26:40.268+0000][8140][safepoint    ] Application time: 0.0001417 seconds
[2022-06-16T20:26:40.268+0000][8140][safepoint    ] Entering safepoint region: RevokeBias
[2022-06-16T20:26:40.268+0000][8140][safepoint    ] Leaving safepoint region
[2022-06-16T20:26:40.268+0000][8140][safepoint    ] Total time for which application threads were stopped: 0.0000725 seconds, Stopping threads took: 0.0000212 seconds
[2022-06-16T20:26:40.268+0000][8140][safepoint    ] Application time: 0.0000715 seconds
[2022-06-16T20:26:40.268+0000][8140][safepoint    ] Entering safepoint region: RevokeBias
[2022-06-16T20:26:40.268+0000][8140][safepoint    ] Leaving safepoint region
[2022-06-16T20:26:40.268+0000][8140][safepoint    ] Total time for which application threads were stopped: 0.0000627 seconds, Stopping threads took: 0.0000192 seconds
[2022-06-16T20:26:40.271+0000][8140][safepoint    ] Application time: 0.0024374 seconds
[2022-06-16T20:26:40.271+0000][8140][safepoint    ] Entering safepoint region: RevokeBias
[2022-06-16T20:26:40.271+0000][8140][safepoint    ] Leaving safepoint region
[2022-06-16T20:26:40.271+0000][8140][safepoint    ] Total time for which application threads were stopped: 0.0000984 seconds, Stopping threads took: 0.0000321 seconds
[2022-06-16T20:26:40.278+0000][8140][safepoint    ] Application time: 0.0066835 seconds
[2022-06-16T20:26:40.278+0000][8140][safepoint    ] Entering safepoint region: RevokeBias
[2022-06-16T20:26:40.278+0000][8140][safepoint    ] Leaving safepoint region
[2022-06-16T20:26:40.278+0000][8140][safepoint    ] Total time for which application threads were stopped: 0.0000748 seconds, Stopping threads took: 0.0000252 seconds
[2022-06-16T20:26:40.278+0000][8140][safepoint    ] Application time: 0.0007092 seconds
[2022-06-16T20:26:40.279+0000][8140][safepoint    ] Entering safepoint region: RevokeBias
[2022-06-16T20:26:40.279+0000][8140][safepoint    ] Leaving safepoint region
[2022-06-16T20:26:40.279+0000][8140][safepoint    ] Total time for which application threads were stopped: 0.0001140 seconds, Stopping threads took: 0.0000537 seconds
[2022-06-16T20:26:40.279+0000][8140][safepoint    ] Application time: 0.0003569 seconds
[2022-06-16T20:26:40.279+0000][8140][safepoint    ] Entering safepoint region: RevokeBias
[2022-06-16T20:26:40.279+0000][8140][safepoint    ] Leaving safepoint region
[2022-06-16T20:26:40.279+0000][8140][safepoint    ] Total time for which application threads were stopped: 0.0000780 seconds, Stopping threads took: 0.0000249 seconds
[2022-06-16T20:26:40.279+0000][8140][safepoint    ] Application time: 0.0003299 seconds
[2022-06-16T20:26:40.279+0000][8140][safepoint    ] Entering safepoint region: RevokeBias
[2022-06-16T20:26:40.280+0000][8140][safepoint    ] Leaving safepoint region
[2022-06-16T20:26:40.280+0000][8140][safepoint    ] Total time for which application threads were stopped: 0.0000899 seconds, Stopping threads took: 0.0000240 seconds
[2022-06-16T20:26:40.280+0000][8140][safepoint    ] Application time: 0.0000288 seconds
[2022-06-16T20:26:40.280+0000][8140][safepoint    ] Entering safepoint region: RevokeBias
[2022-06-16T20:26:40.280+0000][8140][safepoint    ] Leaving safepoint region
[2022-06-16T20:26:40.280+0000][8140][safepoint    ] Total time for which application threads were stopped: 0.0000581 seconds, Stopping threads took: 0.0000191 seconds
[2022-06-16T20:26:40.280+0000][8140][safepoint    ] Application time: 0.0000222 seconds
[2022-06-16T20:26:40.280+0000][8140][safepoint    ] Entering safepoint region: RevokeBias
[2022-06-16T20:26:40.280+0000][8140][safepoint    ] Leaving safepoint region
[2022-06-16T20:26:40.280+0000][8140][safepoint    ] Total time for which application threads were stopped: 0.0000603 seconds, Stopping threads took: 0.0000200 seconds
[2022-06-16T20:26:40.280+0000][8140][safepoint    ] Application time: 0.0000208 seconds
[2022-06-16T20:26:40.280+0000][8140][safepoint    ] Entering safepoint region: RevokeBias
[2022-06-16T20:26:40.280+0000][8140][safepoint    ] Leaving safepoint region
[2022-06-16T20:26:40.280+0000][8140][safepoint    ] Total time for which application threads were stopped: 0.0000637 seconds, Stopping threads took: 0.0000228 seconds
[2022-06-16T20:26:40.281+0000][8140][safepoint    ] Application time: 0.0008404 seconds
[2022-06-16T20:26:40.281+0000][8140][safepoint    ] Entering safepoint region: RevokeBias
[2022-06-16T20:26:40.281+0000][8140][safepoint    ] Leaving safepoint region
[2022-06-16T20:26:40.281+0000][8140][safepoint    ] Total time for which application threads were stopped: 0.0000791 seconds, Stopping threads took: 0.0000259 seconds
[2022-06-16T20:26:40.281+0000][8140][safepoint    ] Application time: 0.0000217 seconds
[2022-06-16T20:26:40.281+0000][8140][safepoint    ] Entering safepoint region: RevokeBias
[2022-06-16T20:26:40.281+0000][8140][safepoint    ] Leaving safepoint region
[2022-06-16T20:26:40.281+0000][8140][safepoint    ] Total time for which application threads were stopped: 0.0000612 seconds, Stopping threads took: 0.0000209 seconds
[2022-06-16T20:26:40.281+0000][8140][safepoint    ] Application time: 0.0000636 seconds
[2022-06-16T20:26:40.281+0000][8140][safepoint    ] Entering safepoint region: RevokeBias
[2022-06-16T20:26:40.281+0000][8140][safepoint    ] Leaving safepoint region
[2022-06-16T20:26:40.281+0000][8140][safepoint    ] Total time for which application threads were stopped: 0.0000772 seconds, Stopping threads took: 0.0000206 seconds
[2022-06-16T20:26:40.281+0000][8140][safepoint    ] Application time: 0.0001489 seconds
[2022-06-16T20:26:40.281+0000][8140][safepoint    ] Entering safepoint region: RevokeBias
[2022-06-16T20:26:40.281+0000][8140][safepoint    ] Leaving safepoint region
[2022-06-16T20:26:40.281+0000][8140][safepoint    ] Total time for which application threads were stopped: 0.0000672 seconds, Stopping threads took: 0.0000222 seconds
[2022-06-16T20:26:40.282+0000][8140][safepoint    ] Application time: 0.0000740 seconds
[2022-06-16T20:26:40.282+0000][8140][safepoint    ] Entering safepoint region: RevokeBias
[2022-06-16T20:26:40.282+0000][8140][safepoint    ] Leaving safepoint region
[2022-06-16T20:26:40.282+0000][8140][safepoint    ] Total time for which application threads were stopped: 0.0000644 seconds, Stopping threads took: 0.0000211 seconds
[2022-06-16T20:26:40.282+0000][8140][safepoint    ] Application time: 0.0000157 seconds
[2022-06-16T20:26:40.282+0000][8140][safepoint    ] Entering safepoint region: RevokeBias
[2022-06-16T20:26:40.282+0000][8140][safepoint    ] Leaving safepoint region
[2022-06-16T20:26:40.282+0000][8140][safepoint    ] Total time for which application threads were stopped: 0.0000595 seconds, Stopping threads took: 0.0000203 seconds
[2022-06-16T20:26:40.282+0000][8140][safepoint    ] Application time: 0.0000134 seconds
[2022-06-16T20:26:40.282+0000][8140][safepoint    ] Entering safepoint region: RevokeBias
[2022-06-16T20:26:40.282+0000][8140][safepoint    ] Leaving safepoint region
[2022-06-16T20:26:40.282+0000][8140][safepoint    ] Total time for which application threads were stopped: 0.0000577 seconds, Stopping threads took: 0.0000190 seconds
[2022-06-16T20:26:40.282+0000][8140][safepoint    ] Application time: 0.0004433 seconds
[2022-06-16T20:26:40.282+0000][8140][safepoint    ] Entering safepoint region: RevokeBias
[2022-06-16T20:26:40.282+0000][8140][safepoint    ] Leaving safepoint region
[2022-06-16T20:26:40.282+0000][8140][safepoint    ] Total time for which application threads were stopped: 0.0000684 seconds, Stopping threads took: 0.0000217 seconds
[2022-06-16T20:26:40.282+0000][8140][safepoint    ] Application time: 0.0000162 seconds
[2022-06-16T20:26:40.282+0000][8140][safepoint    ] Entering safepoint region: RevokeBias
[2022-06-16T20:26:40.283+0000][8140][safepoint    ] Leaving safepoint region
[2022-06-16T20:26:40.283+0000][8140][safepoint    ] Total time for which application threads were stopped: 0.0000696 seconds, Stopping threads took: 0.0000188 seconds
[2022-06-16T20:26:40.283+0000][8140][safepoint    ] Application time: 0.0003514 seconds
[2022-06-16T20:26:40.283+0000][8140][safepoint    ] Entering safepoint region: RevokeBias
[2022-06-16T20:26:40.283+0000][8140][safepoint    ] Leaving safepoint region
[2022-06-16T20:26:40.283+0000][8140][safepoint    ] Total time for which application threads were stopped: 0.0000692 seconds, Stopping threads took: 0.0000226 seconds
[2022-06-16T20:26:40.283+0000][8140][safepoint    ] Application time: 0.0000241 seconds
[2022-06-16T20:26:40.283+0000][8140][safepoint    ] Entering safepoint region: RevokeBias
[2022-06-16T20:26:40.283+0000][8140][safepoint    ] Leaving safepoint region
[2022-06-16T20:26:40.283+0000][8140][safepoint    ] Total time for which application threads were stopped: 0.0000580 seconds, Stopping threads took: 0.0000197 seconds
[2022-06-16T20:26:40.283+0000][8140][safepoint    ] Application time: 0.0000230 seconds
[2022-06-16T20:26:40.283+0000][8140][safepoint    ] Entering safepoint region: RevokeBias
[2022-06-16T20:26:40.283+0000][8140][safepoint    ] Leaving safepoint region
[2022-06-16T20:26:40.283+0000][8140][safepoint    ] Total time for which application threads were stopped: 0.0000561 seconds, Stopping threads took: 0.0000192 seconds
[2022-06-16T20:26:40.283+0000][8140][safepoint    ] Application time: 0.0000142 seconds
[2022-06-16T20:26:40.283+0000][8140][safepoint    ] Entering safepoint region: RevokeBias
[2022-06-16T20:26:40.283+0000][8140][safepoint    ] Leaving safepoint region
[2022-06-16T20:26:40.283+0000][8140][safepoint    ] Total time for which application threads were stopped: 0.0000552 seconds, Stopping threads took: 0.0000183 seconds
[2022-06-16T20:26:40.283+0000][8140][safepoint    ] Application time: 0.0000247 seconds
[2022-06-16T20:26:40.283+0000][8140][safepoint    ] Entering safepoint region: RevokeBias
[2022-06-16T20:26:40.283+0000][8140][safepoint    ] Leaving safepoint region
[2022-06-16T20:26:40.283+0000][8140][safepoint    ] Total time for which application threads were stopped: 0.0000566 seconds, Stopping threads took: 0.0000192 seconds
[2022-06-16T20:26:40.284+0000][8140][safepoint    ] Application time: 0.0000462 seconds
[2022-06-16T20:26:40.284+0000][8140][safepoint    ] Entering safepoint region: RevokeBias
[2022-06-16T20:26:40.284+0000][8140][safepoint    ] Leaving safepoint region
[2022-06-16T20:26:40.284+0000][8140][safepoint    ] Total time for which application threads were stopped: 0.0000582 seconds, Stopping threads took: 0.0000198 seconds
[2022-06-16T20:26:40.284+0000][8140][safepoint    ] Application time: 0.0000217 seconds
[2022-06-16T20:26:40.284+0000][8140][safepoint    ] Entering safepoint region: RevokeBias
[2022-06-16T20:26:40.284+0000][8140][safepoint    ] Leaving safepoint region
[2022-06-16T20:26:40.284+0000][8140][safepoint    ] Total time for which application threads were stopped: 0.0000560 seconds, Stopping threads took: 0.0000192 seconds
[2022-06-16T20:26:40.284+0000][8140][safepoint    ] Application time: 0.0004006 seconds
[2022-06-16T20:26:40.284+0000][8140][safepoint    ] Entering safepoint region: RevokeBias
[2022-06-16T20:26:40.284+0000][8140][safepoint    ] Leaving safepoint region
[2022-06-16T20:26:40.284+0000][8140][safepoint    ] Total time for which application threads were stopped: 0.0000720 seconds, Stopping threads took: 0.0000238 seconds
[2022-06-16T20:26:40.284+0000][8140][safepoint    ] Application time: 0.0000296 seconds
[2022-06-16T20:26:40.284+0000][8140][safepoint    ] Entering safepoint region: BulkRevokeBias
[2022-06-16T20:26:40.285+0000][8140][safepoint    ] Leaving safepoint region
[2022-06-16T20:26:40.285+0000][8140][safepoint    ] Total time for which application threads were stopped: 0.0002630 seconds, Stopping threads took: 0.0000198 seconds
[2022-06-16T20:26:40.286+0000][8140][safepoint    ] Application time: 0.0013595 seconds
[2022-06-16T20:26:40.286+0000][8140][safepoint    ] Entering safepoint region: RevokeBias
[2022-06-16T20:26:40.286+0000][8140][safepoint    ] Leaving safepoint region
[2022-06-16T20:26:40.286+0000][8140][safepoint    ] Total time for which application threads were stopped: 0.0000866 seconds, Stopping threads took: 0.0000327 seconds
[2022-06-16T20:26:40.286+0000][8140][safepoint    ] Application time: 0.0003879 seconds
[2022-06-16T20:26:40.286+0000][8140][safepoint    ] Entering safepoint region: RevokeBias
[2022-06-16T20:26:40.287+0000][8140][safepoint    ] Leaving safepoint region
[2022-06-16T20:26:40.287+0000][8140][safepoint    ] Total time for which application threads were stopped: 0.0000835 seconds, Stopping threads took: 0.0000305 seconds
[2022-06-16T20:26:40.293+0000][8140][safepoint    ] Application time: 0.0060559 seconds
[2022-06-16T20:26:40.293+0000][8140][safepoint    ] Entering safepoint region: RevokeBias
[2022-06-16T20:26:40.293+0000][8140][safepoint    ] Leaving safepoint region
[2022-06-16T20:26:40.293+0000][8140][safepoint    ] Total time for which application threads were stopped: 0.0000822 seconds, Stopping threads took: 0.0000275 seconds
[2022-06-16T20:26:40.293+0000][8140][safepoint    ] Application time: 0.0000192 seconds
[2022-06-16T20:26:40.293+0000][8140][safepoint    ] Entering safepoint region: RevokeBias
[2022-06-16T20:26:40.293+0000][8140][safepoint    ] Leaving safepoint region
[2022-06-16T20:26:40.293+0000][8140][safepoint    ] Total time for which application threads were stopped: 0.0000575 seconds, Stopping threads took: 0.0000198 seconds
[2022-06-16T20:26:40.293+0000][8140][safepoint    ] Application time: 0.0002644 seconds
[2022-06-16T20:26:40.293+0000][8140][safepoint    ] Entering safepoint region: RevokeBias
[2022-06-16T20:26:40.293+0000][8140][safepoint    ] Leaving safepoint region
[2022-06-16T20:26:40.293+0000][8140][safepoint    ] Total time for which application threads were stopped: 0.0003024 seconds, Stopping threads took: 0.0002529 seconds
[2022-06-16T20:26:40.294+0000][8140][safepoint    ] Application time: 0.0000312 seconds
[2022-06-16T20:26:40.294+0000][8140][safepoint    ] Entering safepoint region: RevokeBias
[2022-06-16T20:26:40.294+0000][8140][safepoint    ] Leaving safepoint region
[2022-06-16T20:26:40.294+0000][8140][safepoint    ] Total time for which application threads were stopped: 0.0000586 seconds, Stopping threads took: 0.0000198 seconds
[2022-06-16T20:26:40.294+0000][8140][safepoint    ] Application time: 0.0001176 seconds
[2022-06-16T20:26:40.294+0000][8140][safepoint    ] Entering safepoint region: RevokeBias
[2022-06-16T20:26:40.294+0000][8140][safepoint    ] Leaving safepoint region
[2022-06-16T20:26:40.294+0000][8140][safepoint    ] Total time for which application threads were stopped: 0.0000678 seconds, Stopping threads took: 0.0000206 seconds
[2022-06-16T20:26:40.294+0000][8140][safepoint    ] Application time: 0.0002923 seconds
[2022-06-16T20:26:40.294+0000][8140][safepoint    ] Entering safepoint region: RevokeBias
[2022-06-16T20:26:40.294+0000][8140][safepoint    ] Leaving safepoint region
[2022-06-16T20:26:40.294+0000][8140][safepoint    ] Total time for which application threads were stopped: 0.0000697 seconds, Stopping threads took: 0.0000228 seconds
[2022-06-16T20:26:40.294+0000][8140][safepoint    ] Application time: 0.0000306 seconds
[2022-06-16T20:26:40.294+0000][8140][safepoint    ] Entering safepoint region: RevokeBias
[2022-06-16T20:26:40.294+0000][8140][safepoint    ] Leaving safepoint region
[2022-06-16T20:26:40.294+0000][8140][safepoint    ] Total time for which application threads were stopped: 0.0000605 seconds, Stopping threads took: 0.0000197 seconds
[2022-06-16T20:26:40.294+0000][8140][safepoint    ] Application time: 0.0000270 seconds
[2022-06-16T20:26:40.294+0000][8140][safepoint    ] Entering safepoint region: RevokeBias
[2022-06-16T20:26:40.294+0000][8140][safepoint    ] Leaving safepoint region
[2022-06-16T20:26:40.295+0000][8140][safepoint    ] Total time for which application threads were stopped: 0.0000554 seconds, Stopping threads took: 0.0000189 seconds
[2022-06-16T20:26:40.295+0000][8140][safepoint    ] Application time: 0.0000233 seconds
[2022-06-16T20:26:40.295+0000][8140][safepoint    ] Entering safepoint region: RevokeBias
[2022-06-16T20:26:40.295+0000][8140][safepoint    ] Leaving safepoint region
[2022-06-16T20:26:40.295+0000][8140][safepoint    ] Total time for which application threads were stopped: 0.0000609 seconds, Stopping threads took: 0.0000199 seconds
[2022-06-16T20:26:40.295+0000][8140][safepoint    ] Application time: 0.0000751 seconds
[2022-06-16T20:26:40.295+0000][8140][safepoint    ] Entering safepoint region: RevokeBias
[2022-06-16T20:26:40.295+0000][8140][safepoint    ] Leaving safepoint region
[2022-06-16T20:26:40.295+0000][8140][safepoint    ] Total time for which application threads were stopped: 0.0000597 seconds, Stopping threads took: 0.0000201 seconds
[2022-06-16T20:26:40.295+0000][8140][safepoint    ] Application time: 0.0000156 seconds
[2022-06-16T20:26:40.295+0000][8140][safepoint    ] Entering safepoint region: RevokeBias
[2022-06-16T20:26:40.295+0000][8140][safepoint    ] Leaving safepoint region
[2022-06-16T20:26:40.295+0000][8140][safepoint    ] Total time for which application threads were stopped: 0.0000542 seconds, Stopping threads took: 0.0000196 seconds
[2022-06-16T20:26:40.295+0000][8140][safepoint    ] Application time: 0.0001729 seconds
[2022-06-16T20:26:40.295+0000][8140][safepoint    ] Entering safepoint region: RevokeBias
[2022-06-16T20:26:40.295+0000][8140][safepoint    ] Leaving safepoint region
[2022-06-16T20:26:40.295+0000][8140][safepoint    ] Total time for which application threads were stopped: 0.0000585 seconds, Stopping threads took: 0.0000179 seconds
[2022-06-16T20:26:40.301+0000][8140][safepoint    ] Application time: 0.0058947 seconds
[2022-06-16T20:26:40.302+0000][8140][safepoint    ] Entering safepoint region: RevokeBias
[2022-06-16T20:26:40.302+0000][8140][safepoint    ] Leaving safepoint region
[2022-06-16T20:26:40.302+0000][8140][safepoint    ] Total time for which application threads were stopped: 0.0004934 seconds, Stopping threads took: 0.0004422 seconds
[2022-06-16T20:26:40.302+0000][8140][safepoint    ] Application time: 0.0003463 seconds
[2022-06-16T20:26:40.302+0000][8140][safepoint    ] Entering safepoint region: RevokeBias
[2022-06-16T20:26:40.302+0000][8140][safepoint    ] Leaving safepoint region
[2022-06-16T20:26:40.302+0000][8140][safepoint    ] Total time for which application threads were stopped: 0.0000902 seconds, Stopping threads took: 0.0000225 seconds
[2022-06-16T20:26:40.302+0000][8140][safepoint    ] Application time: 0.0001774 seconds
[2022-06-16T20:26:40.302+0000][8140][safepoint    ] Entering safepoint region: RevokeBias
[2022-06-16T20:26:40.302+0000][8140][safepoint    ] Leaving safepoint region
[2022-06-16T20:26:40.302+0000][8140][safepoint    ] Total time for which application threads were stopped: 0.0000963 seconds, Stopping threads took: 0.0000207 seconds
[2022-06-16T20:26:40.304+0000][8140][safepoint    ] Application time: 0.0013968 seconds
[2022-06-16T20:26:40.304+0000][8140][safepoint    ] Entering safepoint region: RevokeBias
[2022-06-16T20:26:40.304+0000][8140][safepoint    ] Leaving safepoint region
[2022-06-16T20:26:40.304+0000][8140][safepoint    ] Total time for which application threads were stopped: 0.0000844 seconds, Stopping threads took: 0.0000237 seconds
[2022-06-16T20:26:40.304+0000][8140][safepoint    ] Application time: 0.0000425 seconds
[2022-06-16T20:26:40.304+0000][8140][safepoint    ] Entering safepoint region: RevokeBias
[2022-06-16T20:26:40.304+0000][8140][safepoint    ] Leaving safepoint region
[2022-06-16T20:26:40.304+0000][8140][safepoint    ] Total time for which application threads were stopped: 0.0000679 seconds, Stopping threads took: 0.0000199 seconds
[2022-06-16T20:26:40.304+0000][8140][safepoint    ] Application time: 0.0000326 seconds
[2022-06-16T20:26:40.304+0000][8140][safepoint    ] Entering safepoint region: RevokeBias
[2022-06-16T20:26:40.304+0000][8140][safepoint    ] Leaving safepoint region
[2022-06-16T20:26:40.304+0000][8140][safepoint    ] Total time for which application threads were stopped: 0.0000872 seconds, Stopping threads took: 0.0000184 seconds
[2022-06-16T20:26:40.304+0000][8140][safepoint    ] Application time: 0.0000735 seconds
[2022-06-16T20:26:40.304+0000][8140][safepoint    ] Entering safepoint region: RevokeBias
[2022-06-16T20:26:40.304+0000][8140][safepoint    ] Leaving safepoint region
[2022-06-16T20:26:40.304+0000][8140][safepoint    ] Total time for which application threads were stopped: 0.0000957 seconds, Stopping threads took: 0.0000156 seconds
[2022-06-16T20:26:40.304+0000][8140][safepoint    ] Application time: 0.0000118 seconds
[2022-06-16T20:26:40.305+0000][8140][safepoint    ] Entering safepoint region: RevokeBias
[2022-06-16T20:26:40.305+0000][8140][safepoint    ] Leaving safepoint region
[2022-06-16T20:26:40.305+0000][8140][safepoint    ] Total time for which application threads were stopped: 0.0000688 seconds, Stopping threads took: 0.0000193 seconds
[2022-06-16T20:26:40.305+0000][8140][safepoint    ] Application time: 0.0000154 seconds
[2022-06-16T20:26:40.305+0000][8140][safepoint    ] Entering safepoint region: RevokeBias
[2022-06-16T20:26:40.305+0000][8140][safepoint    ] Leaving safepoint region
[2022-06-16T20:26:40.305+0000][8140][safepoint    ] Total time for which application threads were stopped: 0.0000668 seconds, Stopping threads took: 0.0000191 seconds
[2022-06-16T20:26:40.305+0000][8140][safepoint    ] Application time: 0.0000143 seconds
[2022-06-16T20:26:40.305+0000][8140][safepoint    ] Entering safepoint region: RevokeBias
[2022-06-16T20:26:40.305+0000][8140][safepoint    ] Leaving safepoint region
[2022-06-16T20:26:40.305+0000][8140][safepoint    ] Total time for which application threads were stopped: 0.0000821 seconds, Stopping threads took: 0.0000184 seconds
[2022-06-16T20:26:40.305+0000][8140][safepoint    ] Application time: 0.0002428 seconds
[2022-06-16T20:26:40.305+0000][8140][safepoint    ] Entering safepoint region: RevokeBias
[2022-06-16T20:26:40.305+0000][8140][safepoint    ] Leaving safepoint region
[2022-06-16T20:26:40.305+0000][8140][safepoint    ] Total time for which application threads were stopped: 0.0000820 seconds, Stopping threads took: 0.0000221 seconds
[2022-06-16T20:26:40.305+0000][8140][safepoint    ] Application time: 0.0000333 seconds
[2022-06-16T20:26:40.305+0000][8140][safepoint    ] Entering safepoint region: RevokeBias
[2022-06-16T20:26:40.305+0000][8140][safepoint    ] Leaving safepoint region
[2022-06-16T20:26:40.305+0000][8140][safepoint    ] Total time for which application threads were stopped: 0.0000847 seconds, Stopping threads took: 0.0000199 seconds
[2022-06-16T20:26:40.305+0000][8140][safepoint    ] Application time: 0.0001235 seconds
[2022-06-16T20:26:40.306+0000][8140][safepoint    ] Entering safepoint region: RevokeBias
[2022-06-16T20:26:40.306+0000][8140][safepoint    ] Leaving safepoint region
[2022-06-16T20:26:40.306+0000][8140][safepoint    ] Total time for which application threads were stopped: 0.0000774 seconds, Stopping threads took: 0.0000214 seconds
[2022-06-16T20:26:40.306+0000][8140][safepoint    ] Application time: 0.0000101 seconds
[2022-06-16T20:26:40.306+0000][8140][safepoint    ] Entering safepoint region: RevokeBias
[2022-06-16T20:26:40.306+0000][8140][safepoint    ] Leaving safepoint region
[2022-06-16T20:26:40.306+0000][8140][safepoint    ] Total time for which application threads were stopped: 0.0000670 seconds, Stopping threads took: 0.0000191 seconds
[2022-06-16T20:26:40.306+0000][8140][safepoint    ] Application time: 0.0002018 seconds
[2022-06-16T20:26:40.306+0000][8140][safepoint    ] Entering safepoint region: RevokeBias
[2022-06-16T20:26:40.306+0000][8140][safepoint    ] Leaving safepoint region
[2022-06-16T20:26:40.306+0000][8140][safepoint    ] Total time for which application threads were stopped: 0.0000785 seconds, Stopping threads took: 0.0000212 seconds
[2022-06-16T20:26:40.306+0000][8140][safepoint    ] Application time: 0.0000118 seconds
[2022-06-16T20:26:40.306+0000][8140][safepoint    ] Entering safepoint region: RevokeBias
[2022-06-16T20:26:40.306+0000][8140][safepoint    ] Leaving safepoint region
[2022-06-16T20:26:40.306+0000][8140][safepoint    ] Total time for which application threads were stopped: 0.0000706 seconds, Stopping threads took: 0.0000208 seconds
[2022-06-16T20:26:40.306+0000][8140][safepoint    ] Application time: 0.0002443 seconds
[2022-06-16T20:26:40.306+0000][8140][safepoint    ] Entering safepoint region: RevokeBias
[2022-06-16T20:26:40.307+0000][8140][safepoint    ] Leaving safepoint region
[2022-06-16T20:26:40.307+0000][8140][safepoint    ] Total time for which application threads were stopped: 0.0000852 seconds, Stopping threads took: 0.0000204 seconds
[2022-06-16T20:26:40.307+0000][8140][safepoint    ] Application time: 0.0000143 seconds
[2022-06-16T20:26:40.307+0000][8140][safepoint    ] Entering safepoint region: RevokeBias
[2022-06-16T20:26:40.307+0000][8140][safepoint    ] Leaving safepoint region
[2022-06-16T20:26:40.307+0000][8140][safepoint    ] Total time for which application threads were stopped: 0.0000627 seconds, Stopping threads took: 0.0000183 seconds
[2022-06-16T20:26:40.307+0000][8140][safepoint    ] Application time: 0.0001227 seconds
[2022-06-16T20:26:40.307+0000][8140][safepoint    ] Entering safepoint region: RevokeBias
[2022-06-16T20:26:40.307+0000][8140][safepoint    ] Leaving safepoint region
[2022-06-16T20:26:40.307+0000][8140][safepoint    ] Total time for which application threads were stopped: 0.0000712 seconds, Stopping threads took: 0.0000198 seconds
[2022-06-16T20:26:40.307+0000][8140][safepoint    ] Application time: 0.0000301 seconds
[2022-06-16T20:26:40.307+0000][8140][safepoint    ] Entering safepoint region: RevokeBias
[2022-06-16T20:26:40.307+0000][8140][safepoint    ] Leaving safepoint region
[2022-06-16T20:26:40.307+0000][8140][safepoint    ] Total time for which application threads were stopped: 0.0000663 seconds, Stopping threads took: 0.0000190 seconds
[2022-06-16T20:26:40.307+0000][8140][safepoint    ] Application time: 0.0000171 seconds
[2022-06-16T20:26:40.307+0000][8140][safepoint    ] Entering safepoint region: RevokeBias
[2022-06-16T20:26:40.307+0000][8140][safepoint    ] Leaving safepoint region
[2022-06-16T20:26:40.307+0000][8140][safepoint    ] Total time for which application threads were stopped: 0.0000669 seconds, Stopping threads took: 0.0000189 seconds
[2022-06-16T20:26:40.307+0000][8140][safepoint    ] Application time: 0.0000096 seconds
[2022-06-16T20:26:40.307+0000][8140][safepoint    ] Entering safepoint region: RevokeBias
[2022-06-16T20:26:40.307+0000][8140][safepoint    ] Leaving safepoint region
[2022-06-16T20:26:40.307+0000][8140][safepoint    ] Total time for which application threads were stopped: 0.0000674 seconds, Stopping threads took: 0.0000190 seconds
[2022-06-16T20:26:40.307+0000][8140][safepoint    ] Application time: 0.0000187 seconds
[2022-06-16T20:26:40.307+0000][8140][safepoint    ] Entering safepoint region: RevokeBias
[2022-06-16T20:26:40.307+0000][8140][safepoint    ] Leaving safepoint region
[2022-06-16T20:26:40.307+0000][8140][safepoint    ] Total time for which application threads were stopped: 0.0000668 seconds, Stopping threads took: 0.0000188 seconds
[2022-06-16T20:26:40.307+0000][8140][safepoint    ] Application time: 0.0000086 seconds
[2022-06-16T20:26:40.307+0000][8140][safepoint    ] Entering safepoint region: RevokeBias
[2022-06-16T20:26:40.307+0000][8140][safepoint    ] Leaving safepoint region
[2022-06-16T20:26:40.307+0000][8140][safepoint    ] Total time for which application threads were stopped: 0.0000673 seconds, Stopping threads took: 0.0000187 seconds
[2022-06-16T20:26:40.307+0000][8140][safepoint    ] Application time: 0.0000124 seconds
[2022-06-16T20:26:40.308+0000][8140][safepoint    ] Entering safepoint region: RevokeBias
[2022-06-16T20:26:40.308+0000][8140][safepoint    ] Leaving safepoint region
[2022-06-16T20:26:40.308+0000][8140][safepoint    ] Total time for which application threads were stopped: 0.0000640 seconds, Stopping threads took: 0.0000187 seconds
[2022-06-16T20:26:40.308+0000][8140][safepoint    ] Application time: 0.0005876 seconds
[2022-06-16T20:26:40.308+0000][8140][safepoint    ] Entering safepoint region: RevokeBias
[2022-06-16T20:26:40.308+0000][8140][safepoint    ] Leaving safepoint region
[2022-06-16T20:26:40.308+0000][8140][safepoint    ] Total time for which application threads were stopped: 0.0001423 seconds, Stopping threads took: 0.0000724 seconds
[2022-06-16T20:26:40.309+0000][8140][safepoint    ] Application time: 0.0002877 seconds
[2022-06-16T20:26:40.309+0000][8140][safepoint    ] Entering safepoint region: RevokeBias
[2022-06-16T20:26:40.309+0000][8140][safepoint    ] Leaving safepoint region
[2022-06-16T20:26:40.309+0000][8140][safepoint    ] Total time for which application threads were stopped: 0.0001600 seconds, Stopping threads took: 0.0000873 seconds
[2022-06-16T20:26:40.309+0000][8140][safepoint    ] Application time: 0.0000847 seconds
[2022-06-16T20:26:40.309+0000][8140][safepoint    ] Entering safepoint region: RevokeBias
[2022-06-16T20:26:40.309+0000][8140][safepoint    ] Leaving safepoint region
[2022-06-16T20:26:40.309+0000][8140][safepoint    ] Total time for which application threads were stopped: 0.0000854 seconds, Stopping threads took: 0.0000172 seconds
[2022-06-16T20:26:40.309+0000][8140][safepoint    ] Application time: 0.0000103 seconds
[2022-06-16T20:26:40.309+0000][8140][safepoint    ] Entering safepoint region: RevokeBias
[2022-06-16T20:26:40.309+0000][8140][safepoint    ] Leaving safepoint region
[2022-06-16T20:26:40.309+0000][8140][safepoint    ] Total time for which application threads were stopped: 0.0000705 seconds, Stopping threads took: 0.0000194 seconds
[2022-06-16T20:26:40.309+0000][8140][safepoint    ] Application time: 0.0002026 seconds
[2022-06-16T20:26:40.309+0000][8140][safepoint    ] Entering safepoint region: RevokeBias
[2022-06-16T20:26:40.309+0000][8140][safepoint    ] Leaving safepoint region
[2022-06-16T20:26:40.310+0000][8140][safepoint    ] Total time for which application threads were stopped: 0.0000972 seconds, Stopping threads took: 0.0000204 seconds
[2022-06-16T20:26:40.310+0000][8140][safepoint    ] Application time: 0.0008824 seconds
[2022-06-16T20:26:40.314+0000][8140][safepoint    ] Entering safepoint region: RevokeBias
[2022-06-16T20:26:40.314+0000][8140][safepoint    ] Leaving safepoint region
[2022-06-16T20:26:40.314+0000][8140][safepoint    ] Total time for which application threads were stopped: 0.0032178 seconds, Stopping threads took: 0.0031480 seconds
[2022-06-16T20:26:40.314+0000][8140][safepoint    ] Application time: 0.0000448 seconds
[2022-06-16T20:26:40.314+0000][8140][safepoint    ] Entering safepoint region: RevokeBias
[2022-06-16T20:26:40.314+0000][8140][safepoint    ] Leaving safepoint region
[2022-06-16T20:26:40.314+0000][8140][safepoint    ] Total time for which application threads were stopped: 0.0000834 seconds, Stopping threads took: 0.0000297 seconds
[2022-06-16T20:26:40.314+0000][8140][safepoint    ] Application time: 0.0001485 seconds
[2022-06-16T20:26:40.314+0000][8140][safepoint    ] Entering safepoint region: RevokeBias
[2022-06-16T20:26:40.314+0000][8140][safepoint    ] Leaving safepoint region
[2022-06-16T20:26:40.314+0000][8140][safepoint    ] Total time for which application threads were stopped: 0.0000826 seconds, Stopping threads took: 0.0000175 seconds
[2022-06-16T20:26:40.314+0000][8140][safepoint    ] Application time: 0.0000165 seconds
[2022-06-16T20:26:40.314+0000][8140][safepoint    ] Entering safepoint region: RevokeBias
[2022-06-16T20:26:40.314+0000][8140][safepoint    ] Leaving safepoint region
[2022-06-16T20:26:40.314+0000][8140][safepoint    ] Total time for which application threads were stopped: 0.0000680 seconds, Stopping threads took: 0.0000191 seconds
[2022-06-16T20:26:40.315+0000][8140][safepoint    ] Application time: 0.0003531 seconds
[2022-06-16T20:26:40.315+0000][8140][safepoint    ] Entering safepoint region: RevokeBias
[2022-06-16T20:26:40.315+0000][8140][safepoint    ] Leaving safepoint region
[2022-06-16T20:26:40.315+0000][8140][safepoint    ] Total time for which application threads were stopped: 0.0000874 seconds, Stopping threads took: 0.0000223 seconds
[2022-06-16T20:26:40.315+0000][8140][safepoint    ] Application time: 0.0000663 seconds
[2022-06-16T20:26:40.315+0000][8140][safepoint    ] Entering safepoint region: RevokeBias
[2022-06-16T20:26:40.315+0000][8140][safepoint    ] Leaving safepoint region
[2022-06-16T20:26:40.315+0000][8140][safepoint    ] Total time for which application threads were stopped: 0.0000706 seconds, Stopping threads took: 0.0000194 seconds
[2022-06-16T20:26:40.315+0000][8140][safepoint    ] Application time: 0.0002927 seconds
[2022-06-16T20:26:40.315+0000][8140][safepoint    ] Entering safepoint region: RevokeBias
[2022-06-16T20:26:40.315+0000][8140][safepoint    ] Leaving safepoint region
[2022-06-16T20:26:40.315+0000][8140][safepoint    ] Total time for which application threads were stopped: 0.0000866 seconds, Stopping threads took: 0.0000265 seconds
[2022-06-16T20:26:40.315+0000][8140][safepoint    ] Application time: 0.0000477 seconds
[2022-06-16T20:26:40.315+0000][8140][safepoint    ] Entering safepoint region: RevokeBias
[2022-06-16T20:26:40.315+0000][8140][safepoint    ] Leaving safepoint region
[2022-06-16T20:26:40.315+0000][8140][safepoint    ] Total time for which application threads were stopped: 0.0000723 seconds, Stopping threads took: 0.0000233 seconds
[2022-06-16T20:26:40.316+0000][8140][safepoint    ] Application time: 0.0002817 seconds
[2022-06-16T20:26:40.316+0000][8140][safepoint    ] Entering safepoint region: RevokeBias
[2022-06-16T20:26:40.316+0000][8140][safepoint    ] Leaving safepoint region
[2022-06-16T20:26:40.316+0000][8140][safepoint    ] Total time for which application threads were stopped: 0.0000862 seconds, Stopping threads took: 0.0000260 seconds
[2022-06-16T20:26:40.316+0000][8140][safepoint    ] Application time: 0.0000587 seconds
[2022-06-16T20:26:40.316+0000][8140][safepoint    ] Entering safepoint region: RevokeBias
[2022-06-16T20:26:40.316+0000][8140][safepoint    ] Leaving safepoint region
[2022-06-16T20:26:40.316+0000][8140][safepoint    ] Total time for which application threads were stopped: 0.0000722 seconds, Stopping threads took: 0.0000197 seconds
[2022-06-16T20:26:40.316+0000][8140][safepoint    ] Application time: 0.0000609 seconds
[2022-06-16T20:26:40.316+0000][8140][safepoint    ] Entering safepoint region: RevokeBias
[2022-06-16T20:26:40.316+0000][8140][safepoint    ] Leaving safepoint region
[2022-06-16T20:26:40.316+0000][8140][safepoint    ] Total time for which application threads were stopped: 0.0000684 seconds, Stopping threads took: 0.0000197 seconds
[2022-06-16T20:26:40.316+0000][8140][safepoint    ] Application time: 0.0000167 seconds
[2022-06-16T20:26:40.316+0000][8140][safepoint    ] Entering safepoint region: RevokeBias
[2022-06-16T20:26:40.316+0000][8140][safepoint    ] Leaving safepoint region
[2022-06-16T20:26:40.316+0000][8140][safepoint    ] Total time for which application threads were stopped: 0.0000666 seconds, Stopping threads took: 0.0000194 seconds
[2022-06-16T20:26:40.316+0000][8140][safepoint    ] Application time: 0.0000331 seconds
[2022-06-16T20:26:40.316+0000][8140][safepoint    ] Entering safepoint region: RevokeBias
[2022-06-16T20:26:40.316+0000][8140][safepoint    ] Leaving safepoint region
[2022-06-16T20:26:40.316+0000][8140][safepoint    ] Total time for which application threads were stopped: 0.0000675 seconds, Stopping threads took: 0.0000197 seconds
[2022-06-16T20:26:40.317+0000][8140][safepoint    ] Application time: 0.0000317 seconds
[2022-06-16T20:26:40.317+0000][8140][safepoint    ] Entering safepoint region: RevokeBias
[2022-06-16T20:26:40.317+0000][8140][safepoint    ] Leaving safepoint region
[2022-06-16T20:26:40.317+0000][8140][safepoint    ] Total time for which application threads were stopped: 0.0000676 seconds, Stopping threads took: 0.0000195 seconds
[2022-06-16T20:26:40.317+0000][8140][safepoint    ] Application time: 0.0000371 seconds
[2022-06-16T20:26:40.317+0000][8140][safepoint    ] Entering safepoint region: RevokeBias
[2022-06-16T20:26:40.317+0000][8140][safepoint    ] Leaving safepoint region
[2022-06-16T20:26:40.317+0000][8140][safepoint    ] Total time for which application threads were stopped: 0.0000747 seconds, Stopping threads took: 0.0000214 seconds
[2022-06-16T20:26:40.317+0000][8140][safepoint    ] Application time: 0.0000241 seconds
[2022-06-16T20:26:40.317+0000][8140][safepoint    ] Entering safepoint region: BulkRevokeBias
[2022-06-16T20:26:40.317+0000][8140][safepoint    ] Leaving safepoint region
[2022-06-16T20:26:40.317+0000][8140][safepoint    ] Total time for which application threads were stopped: 0.0005580 seconds, Stopping threads took: 0.0000181 seconds
[2022-06-16T20:26:40.317+0000][8140][safepoint    ] Application time: 0.0000391 seconds
[2022-06-16T20:26:40.317+0000][8140][safepoint    ] Entering safepoint region: RevokeBias
[2022-06-16T20:26:40.318+0000][8140][safepoint    ] Leaving safepoint region
[2022-06-16T20:26:40.318+0000][8140][safepoint    ] Total time for which application threads were stopped: 0.0001051 seconds, Stopping threads took: 0.0000198 seconds
[2022-06-16T20:26:40.318+0000][8140][safepoint    ] Application time: 0.0000536 seconds
[2022-06-16T20:26:40.318+0000][8140][safepoint    ] Entering safepoint region: RevokeBias
[2022-06-16T20:26:40.318+0000][8140][safepoint    ] Leaving safepoint region
[2022-06-16T20:26:40.318+0000][8140][safepoint    ] Total time for which application threads were stopped: 0.0000763 seconds, Stopping threads took: 0.0000226 seconds
[2022-06-16T20:26:40.318+0000][8140][safepoint    ] Application time: 0.0000465 seconds
[2022-06-16T20:26:40.318+0000][8140][safepoint    ] Entering safepoint region: RevokeBias
[2022-06-16T20:26:40.318+0000][8140][safepoint    ] Leaving safepoint region
[2022-06-16T20:26:40.318+0000][8140][safepoint    ] Total time for which application threads were stopped: 0.0000682 seconds, Stopping threads took: 0.0000165 seconds
[2022-06-16T20:26:40.318+0000][8140][safepoint    ] Application time: 0.0000202 seconds
[2022-06-16T20:26:40.318+0000][8140][safepoint    ] Entering safepoint region: RevokeBias
[2022-06-16T20:26:40.318+0000][8140][safepoint    ] Leaving safepoint region
[2022-06-16T20:26:40.318+0000][8140][safepoint    ] Total time for which application threads were stopped: 0.0000714 seconds, Stopping threads took: 0.0000194 seconds
[2022-06-16T20:26:40.318+0000][8140][safepoint    ] Application time: 0.0000899 seconds
[2022-06-16T20:26:40.318+0000][8140][safepoint    ] Entering safepoint region: RevokeBias
[2022-06-16T20:26:40.318+0000][8140][safepoint    ] Leaving safepoint region
[2022-06-16T20:26:40.318+0000][8140][safepoint    ] Total time for which application threads were stopped: 0.0000721 seconds, Stopping threads took: 0.0000201 seconds
[2022-06-16T20:26:40.318+0000][8140][safepoint    ] Application time: 0.0001068 seconds
[2022-06-16T20:26:40.318+0000][8140][safepoint    ] Entering safepoint region: RevokeBias
[2022-06-16T20:26:40.318+0000][8140][safepoint    ] Leaving safepoint region
[2022-06-16T20:26:40.318+0000][8140][safepoint    ] Total time for which application threads were stopped: 0.0000720 seconds, Stopping threads took: 0.0000203 seconds
[2022-06-16T20:26:40.318+0000][8140][safepoint    ] Application time: 0.0000631 seconds
[2022-06-16T20:26:40.319+0000][8140][safepoint    ] Entering safepoint region: RevokeBias
[2022-06-16T20:26:40.319+0000][8140][safepoint    ] Leaving safepoint region
[2022-06-16T20:26:40.319+0000][8140][safepoint    ] Total time for which application threads were stopped: 0.0000841 seconds, Stopping threads took: 0.0000330 seconds
[2022-06-16T20:26:40.319+0000][8140][safepoint    ] Application time: 0.0001359 seconds
[2022-06-16T20:26:40.319+0000][8140][safepoint    ] Entering safepoint region: RevokeBias
[2022-06-16T20:26:40.319+0000][8140][safepoint    ] Leaving safepoint region
[2022-06-16T20:26:40.319+0000][8140][safepoint    ] Total time for which application threads were stopped: 0.0000632 seconds, Stopping threads took: 0.0000201 seconds
[2022-06-16T20:26:40.319+0000][8140][safepoint    ] Application time: 0.0000220 seconds
[2022-06-16T20:26:40.319+0000][8140][safepoint    ] Entering safepoint region: RevokeBias
[2022-06-16T20:26:40.319+0000][8140][safepoint    ] Leaving safepoint region
[2022-06-16T20:26:40.319+0000][8140][safepoint    ] Total time for which application threads were stopped: 0.0000681 seconds, Stopping threads took: 0.0000189 seconds
[2022-06-16T20:26:40.319+0000][8140][safepoint    ] Application time: 0.0003265 seconds
[2022-06-16T20:26:40.319+0000][8140][safepoint    ] Entering safepoint region: RevokeBias
[2022-06-16T20:26:40.319+0000][8140][safepoint    ] Leaving safepoint region
[2022-06-16T20:26:40.319+0000][8140][safepoint    ] Total time for which application threads were stopped: 0.0000801 seconds, Stopping threads took: 0.0000216 seconds
[2022-06-16T20:26:40.319+0000][8140][safepoint    ] Application time: 0.0000249 seconds
[2022-06-16T20:26:40.319+0000][8140][safepoint    ] Entering safepoint region: BulkRevokeBias
[2022-06-16T20:26:40.320+0000][8140][safepoint    ] Leaving safepoint region
[2022-06-16T20:26:40.320+0000][8140][safepoint    ] Total time for which application threads were stopped: 0.0004193 seconds, Stopping threads took: 0.0000190 seconds
[2022-06-16T20:26:40.324+0000][8140][safepoint    ] Application time: 0.0043799 seconds
[2022-06-16T20:26:40.324+0000][8140][safepoint    ] Entering safepoint region: RevokeBias
[2022-06-16T20:26:40.324+0000][8140][safepoint    ] Leaving safepoint region
[2022-06-16T20:26:40.324+0000][8140][safepoint    ] Total time for which application threads were stopped: 0.0000806 seconds, Stopping threads took: 0.0000234 seconds
[2022-06-16T20:26:40.324+0000][8140][safepoint    ] Application time: 0.0000793 seconds
[2022-06-16T20:26:40.325+0000][8140][safepoint    ] Entering safepoint region: RevokeBias
[2022-06-16T20:26:40.325+0000][8140][safepoint    ] Leaving safepoint region
[2022-06-16T20:26:40.325+0000][8140][safepoint    ] Total time for which application threads were stopped: 0.0000736 seconds, Stopping threads took: 0.0000206 seconds
[2022-06-16T20:26:40.325+0000][8140][safepoint    ] Application time: 0.0001103 seconds
[2022-06-16T20:26:40.325+0000][8140][safepoint    ] Entering safepoint region: RevokeBias
[2022-06-16T20:26:40.325+0000][8140][safepoint    ] Leaving safepoint region
[2022-06-16T20:26:40.325+0000][8140][safepoint    ] Total time for which application threads were stopped: 0.0000619 seconds, Stopping threads took: 0.0000196 seconds
[2022-06-16T20:26:40.325+0000][8140][safepoint    ] Application time: 0.0000453 seconds
[2022-06-16T20:26:40.325+0000][8140][safepoint    ] Entering safepoint region: RevokeBias
[2022-06-16T20:26:40.325+0000][8140][safepoint    ] Leaving safepoint region
[2022-06-16T20:26:40.325+0000][8140][safepoint    ] Total time for which application threads were stopped: 0.0000684 seconds, Stopping threads took: 0.0000189 seconds
[2022-06-16T20:26:40.325+0000][8140][safepoint    ] Application time: 0.0001203 seconds
[2022-06-16T20:26:40.325+0000][8140][safepoint    ] Entering safepoint region: RevokeBias
[2022-06-16T20:26:40.325+0000][8140][safepoint    ] Leaving safepoint region
[2022-06-16T20:26:40.325+0000][8140][safepoint    ] Total time for which application threads were stopped: 0.0000664 seconds, Stopping threads took: 0.0000194 seconds
[2022-06-16T20:26:40.325+0000][8140][safepoint    ] Application time: 0.0000207 seconds
[2022-06-16T20:26:40.325+0000][8140][safepoint    ] Entering safepoint region: RevokeBias
[2022-06-16T20:26:40.325+0000][8140][safepoint    ] Leaving safepoint region
[2022-06-16T20:26:40.325+0000][8140][safepoint    ] Total time for which application threads were stopped: 0.0000635 seconds, Stopping threads took: 0.0000190 seconds
[2022-06-16T20:26:40.325+0000][8140][safepoint    ] Application time: 0.0001529 seconds
[2022-06-16T20:26:40.325+0000][8140][safepoint    ] Entering safepoint region: RevokeBias
[2022-06-16T20:26:40.326+0000][8140][safepoint    ] Leaving safepoint region
[2022-06-16T20:26:40.326+0000][8140][safepoint    ] Total time for which application threads were stopped: 0.0000811 seconds, Stopping threads took: 0.0000366 seconds
[2022-06-16T20:26:40.326+0000][8140][safepoint    ] Application time: 0.0005617 seconds
[2022-06-16T20:26:40.326+0000][8140][safepoint    ] Entering safepoint region: RevokeBias
[2022-06-16T20:26:40.326+0000][8140][safepoint    ] Leaving safepoint region
[2022-06-16T20:26:40.326+0000][8140][safepoint    ] Total time for which application threads were stopped: 0.0000792 seconds, Stopping threads took: 0.0000221 seconds
[2022-06-16T20:26:40.352+0000][8140][safepoint    ] Application time: 0.0253716 seconds
[2022-06-16T20:26:40.352+0000][8140][safepoint    ] Entering safepoint region: RevokeBias
[2022-06-16T20:26:40.352+0000][8140][safepoint    ] Leaving safepoint region
[2022-06-16T20:26:40.352+0000][8140][safepoint    ] Total time for which application threads were stopped: 0.0001161 seconds, Stopping threads took: 0.0000275 seconds
[2022-06-16T20:26:40.352+0000][8140][safepoint    ] Application time: 0.0004168 seconds
[2022-06-16T20:26:40.352+0000][8140][safepoint    ] Entering safepoint region: RevokeBias
[2022-06-16T20:26:40.352+0000][8140][safepoint    ] Leaving safepoint region
[2022-06-16T20:26:40.352+0000][8140][safepoint    ] Total time for which application threads were stopped: 0.0000950 seconds, Stopping threads took: 0.0000245 seconds
[2022-06-16T20:26:40.353+0000][8140][safepoint    ] Application time: 0.0007215 seconds
[2022-06-16T20:26:40.353+0000][8140][safepoint    ] Entering safepoint region: RevokeBias
[2022-06-16T20:26:40.353+0000][8140][safepoint    ] Leaving safepoint region
[2022-06-16T20:26:40.353+0000][8140][safepoint    ] Total time for which application threads were stopped: 0.0000882 seconds, Stopping threads took: 0.0000232 seconds
[2022-06-16T20:26:40.353+0000][8140][safepoint    ] Application time: 0.0001830 seconds
[2022-06-16T20:26:40.353+0000][8140][safepoint    ] Entering safepoint region: RevokeBias
[2022-06-16T20:26:40.354+0000][8140][safepoint    ] Leaving safepoint region
[2022-06-16T20:26:40.354+0000][8140][safepoint    ] Total time for which application threads were stopped: 0.0000801 seconds, Stopping threads took: 0.0000215 seconds
[2022-06-16T20:26:40.354+0000][8140][safepoint    ] Application time: 0.0001443 seconds
[2022-06-16T20:26:40.354+0000][8140][safepoint    ] Entering safepoint region: RevokeBias
[2022-06-16T20:26:40.354+0000][8140][safepoint    ] Leaving safepoint region
[2022-06-16T20:26:40.354+0000][8140][safepoint    ] Total time for which application threads were stopped: 0.0000762 seconds, Stopping threads took: 0.0000211 seconds
[2022-06-16T20:26:40.354+0000][8140][safepoint    ] Application time: 0.0001327 seconds
[2022-06-16T20:26:40.354+0000][8140][safepoint    ] Entering safepoint region: RevokeBias
[2022-06-16T20:26:40.354+0000][8140][safepoint    ] Leaving safepoint region
[2022-06-16T20:26:40.354+0000][8140][safepoint    ] Total time for which application threads were stopped: 0.0000741 seconds, Stopping threads took: 0.0000211 seconds
[2022-06-16T20:26:40.354+0000][8140][safepoint    ] Application time: 0.0000634 seconds
[2022-06-16T20:26:40.354+0000][8140][safepoint    ] Entering safepoint region: RevokeBias
[2022-06-16T20:26:40.354+0000][8140][safepoint    ] Leaving safepoint region
[2022-06-16T20:26:40.354+0000][8140][safepoint    ] Total time for which application threads were stopped: 0.0000687 seconds, Stopping threads took: 0.0000196 seconds
[2022-06-16T20:26:40.354+0000][8140][safepoint    ] Application time: 0.0001413 seconds
[2022-06-16T20:26:40.354+0000][8140][safepoint    ] Entering safepoint region: RevokeBias
[2022-06-16T20:26:40.354+0000][8140][safepoint    ] Leaving safepoint region
[2022-06-16T20:26:40.354+0000][8140][safepoint    ] Total time for which application threads were stopped: 0.0000603 seconds, Stopping threads took: 0.0000199 seconds
[2022-06-16T20:26:40.355+0000][8140][safepoint    ] Application time: 0.0001018 seconds
[2022-06-16T20:26:40.355+0000][8140][safepoint    ] Entering safepoint region: RevokeBias
[2022-06-16T20:26:40.355+0000][8140][safepoint    ] Leaving safepoint region
[2022-06-16T20:26:40.355+0000][8140][safepoint    ] Total time for which application threads were stopped: 0.0000722 seconds, Stopping threads took: 0.0000202 seconds
[2022-06-16T20:26:40.355+0000][8140][safepoint    ] Application time: 0.0002729 seconds
[2022-06-16T20:26:40.355+0000][8140][safepoint    ] Entering safepoint region: RevokeBias
[2022-06-16T20:26:40.355+0000][8140][safepoint    ] Leaving safepoint region
[2022-06-16T20:26:40.355+0000][8140][safepoint    ] Total time for which application threads were stopped: 0.0000637 seconds, Stopping threads took: 0.0000206 seconds
[2022-06-16T20:26:40.356+0000][8140][safepoint    ] Application time: 0.0010939 seconds
[2022-06-16T20:26:40.356+0000][8140][safepoint    ] Entering safepoint region: RevokeBias
[2022-06-16T20:26:40.356+0000][8140][safepoint    ] Leaving safepoint region
[2022-06-16T20:26:40.356+0000][8140][safepoint    ] Total time for which application threads were stopped: 0.0001213 seconds, Stopping threads took: 0.0000295 seconds
[2022-06-16T20:26:40.356+0000][8140][safepoint    ] Application time: 0.0000651 seconds
[2022-06-16T20:26:40.356+0000][8140][safepoint    ] Entering safepoint region: RevokeBias
[2022-06-16T20:26:40.356+0000][8140][safepoint    ] Leaving safepoint region
[2022-06-16T20:26:40.357+0000][8140][safepoint    ] Total time for which application threads were stopped: 0.0001137 seconds, Stopping threads took: 0.0000167 seconds
[2022-06-16T20:26:40.357+0000][8140][safepoint    ] Application time: 0.0003134 seconds
[2022-06-16T20:26:40.357+0000][8140][safepoint    ] Entering safepoint region: RevokeBias
[2022-06-16T20:26:40.357+0000][8140][safepoint    ] Leaving safepoint region
[2022-06-16T20:26:40.357+0000][8140][safepoint    ] Total time for which application threads were stopped: 0.0001012 seconds, Stopping threads took: 0.0000221 seconds
[2022-06-16T20:26:40.366+0000][8140][safepoint    ] Application time: 0.0089327 seconds
[2022-06-16T20:26:40.366+0000][8140][safepoint    ] Entering safepoint region: RevokeBias
[2022-06-16T20:26:40.366+0000][8140][safepoint    ] Leaving safepoint region
[2022-06-16T20:26:40.366+0000][8140][safepoint    ] Total time for which application threads were stopped: 0.0001003 seconds, Stopping threads took: 0.0000241 seconds
[2022-06-16T20:26:40.366+0000][8140][safepoint    ] Application time: 0.0002243 seconds
[2022-06-16T20:26:40.366+0000][8140][safepoint    ] Entering safepoint region: RevokeBias
[2022-06-16T20:26:40.366+0000][8140][safepoint    ] Leaving safepoint region
[2022-06-16T20:26:40.366+0000][8140][safepoint    ] Total time for which application threads were stopped: 0.0000723 seconds, Stopping threads took: 0.0000226 seconds
[2022-06-16T20:26:40.367+0000][8140][safepoint    ] Application time: 0.0000762 seconds
[2022-06-16T20:26:40.367+0000][8140][safepoint    ] Entering safepoint region: RevokeBias
[2022-06-16T20:26:40.367+0000][8140][safepoint    ] Leaving safepoint region
[2022-06-16T20:26:40.367+0000][8140][safepoint    ] Total time for which application threads were stopped: 0.0000602 seconds, Stopping threads took: 0.0000196 seconds
[2022-06-16T20:26:40.367+0000][8140][safepoint    ] Application time: 0.0004705 seconds
[2022-06-16T20:26:40.367+0000][8140][safepoint    ] Entering safepoint region: RevokeBias
[2022-06-16T20:26:40.367+0000][8140][safepoint    ] Leaving safepoint region
[2022-06-16T20:26:40.367+0000][8140][safepoint    ] Total time for which application threads were stopped: 0.0000755 seconds, Stopping threads took: 0.0000234 seconds
[2022-06-16T20:26:40.368+0000][8140][safepoint    ] Application time: 0.0005511 seconds
[2022-06-16T20:26:40.368+0000][8140][safepoint    ] Entering safepoint region: RevokeBias
[2022-06-16T20:26:40.368+0000][8140][safepoint    ] Leaving safepoint region
[2022-06-16T20:26:40.368+0000][8140][safepoint    ] Total time for which application threads were stopped: 0.0000793 seconds, Stopping threads took: 0.0000240 seconds
[2022-06-16T20:26:40.368+0000][8140][safepoint    ] Application time: 0.0003227 seconds
[2022-06-16T20:26:40.368+0000][8140][safepoint    ] Entering safepoint region: RevokeBias
[2022-06-16T20:26:40.368+0000][8140][safepoint    ] Leaving safepoint region
[2022-06-16T20:26:40.368+0000][8140][safepoint    ] Total time for which application threads were stopped: 0.0000712 seconds, Stopping threads took: 0.0000221 seconds
[2022-06-16T20:26:40.373+0000][8140][safepoint    ] Application time: 0.0047567 seconds
[2022-06-16T20:26:40.373+0000][8140][safepoint    ] Entering safepoint region: RevokeBias
[2022-06-16T20:26:40.373+0000][8140][safepoint    ] Leaving safepoint region
[2022-06-16T20:26:40.373+0000][8140][safepoint    ] Total time for which application threads were stopped: 0.0000691 seconds, Stopping threads took: 0.0000230 seconds
[2022-06-16T20:26:40.373+0000][8140][safepoint    ] Application time: 0.0002022 seconds
[2022-06-16T20:26:40.373+0000][8140][safepoint    ] Entering safepoint region: RevokeBias
[2022-06-16T20:26:40.373+0000][8140][safepoint    ] Leaving safepoint region
[2022-06-16T20:26:40.374+0000][8140][safepoint    ] Total time for which application threads were stopped: 0.0000679 seconds, Stopping threads took: 0.0000227 seconds
