[2022-06-16T19:53:21.344+0000][1968][gc] Using Concurrent Mark Sweep
[2022-06-16T19:53:21.344+0000][1968][gc,heap,coops] Heap address: 0x00000000c0000000, size: 1024 MB, Compressed Oops mode: 32-bit
[2022-06-16T19:53:21.429+0000][1968][safepoint    ] Entering safepoint region: EnableBiasedLocking
[2022-06-16T19:53:21.429+0000][1968][safepoint    ] Leaving safepoint region
[2022-06-16T19:53:21.429+0000][1968][safepoint    ] Total time for which application threads were stopped: 0.0001729 seconds, Stopping threads took: 0.0001006 seconds
[2022-06-16T19:53:21.569+0000][1968][safepoint    ] Application time: 0.1284914 seconds
[2022-06-16T19:53:21.569+0000][1968][safepoint    ] Entering safepoint region: RevokeBias
[2022-06-16T19:53:21.569+0000][1968][safepoint    ] Leaving safepoint region
[2022-06-16T19:53:21.569+0000][1968][safepoint    ] Total time for which application threads were stopped: 0.0003127 seconds, Stopping threads took: 0.0000400 seconds
[2022-06-16T19:53:21.600+0000][1968][safepoint    ] Application time: 0.0407683 seconds
[2022-06-16T19:53:21.600+0000][1968][safepoint    ] Entering safepoint region: Deoptimize
[2022-06-16T19:53:21.600+0000][1968][safepoint    ] Leaving safepoint region
[2022-06-16T19:53:21.600+0000][1968][safepoint    ] Total time for which application threads were stopped: 0.0000877 seconds, Stopping threads took: 0.0000150 seconds
[2022-06-16T19:53:21.600+0000][1968][safepoint    ] Application time: 0.0003537 seconds
[2022-06-16T19:53:21.600+0000][1968][safepoint    ] Entering safepoint region: Deoptimize
[2022-06-16T19:53:21.600+0000][1968][safepoint    ] Leaving safepoint region
[2022-06-16T19:53:21.600+0000][1968][safepoint    ] Total time for which application threads were stopped: 0.0000608 seconds, Stopping threads took: 0.0000120 seconds
[2022-06-16T19:53:21.616+0000][1968][safepoint    ] Application time: 0.0047822 seconds
[2022-06-16T19:53:21.616+0000][1968][safepoint    ] Entering safepoint region: Deoptimize
[2022-06-16T19:53:21.616+0000][1968][safepoint    ] Leaving safepoint region
[2022-06-16T19:53:21.616+0000][1968][safepoint    ] Total time for which application threads were stopped: 0.0000805 seconds, Stopping threads took: 0.0000237 seconds
[2022-06-16T19:53:21.991+0000][1968][safepoint    ] Application time: 0.3849689 seconds
[2022-06-16T19:53:21.991+0000][1968][safepoint    ] Entering safepoint region: Deoptimize
[2022-06-16T19:53:21.991+0000][1968][safepoint    ] Leaving safepoint region
[2022-06-16T19:53:21.991+0000][1968][safepoint    ] Total time for which application threads were stopped: 0.0001889 seconds, Stopping threads took: 0.0000258 seconds
[2022-06-16T19:53:21.991+0000][1968][safepoint    ] Application time: 0.0007579 seconds
[2022-06-16T19:53:21.991+0000][1968][safepoint    ] Entering safepoint region: Deoptimize
[2022-06-16T19:53:21.991+0000][1968][safepoint    ] Leaving safepoint region
[2022-06-16T19:53:21.991+0000][1968][safepoint    ] Total time for which application threads were stopped: 0.0001110 seconds, Stopping threads took: 0.0000235 seconds
[2022-06-16T19:53:22.022+0000][1968][safepoint    ] Application time: 0.0276444 seconds
[2022-06-16T19:53:22.022+0000][1968][safepoint    ] Entering safepoint region: Deoptimize
[2022-06-16T19:53:22.022+0000][1968][safepoint    ] Leaving safepoint region
[2022-06-16T19:53:22.022+0000][1968][safepoint    ] Total time for which application threads were stopped: 0.0001078 seconds, Stopping threads took: 0.0000166 seconds
[2022-06-16T19:53:22.054+0000][1968][safepoint    ] Application time: 0.0242685 seconds
[2022-06-16T19:53:22.054+0000][1968][safepoint    ] Entering safepoint region: Deoptimize
[2022-06-16T19:53:22.054+0000][1968][safepoint    ] Leaving safepoint region
[2022-06-16T19:53:22.054+0000][1968][safepoint    ] Total time for which application threads were stopped: 0.0001371 seconds, Stopping threads took: 0.0000241 seconds
[2022-06-16T19:53:22.163+0000][1968][safepoint    ] Application time: 0.1092585 seconds
[2022-06-16T19:53:22.163+0000][1968][safepoint    ] Entering safepoint region: Deoptimize
[2022-06-16T19:53:22.163+0000][1968][safepoint    ] Leaving safepoint region
[2022-06-16T19:53:22.163+0000][1968][safepoint    ] Total time for which application threads were stopped: 0.0002730 seconds, Stopping threads took: 0.0001151 seconds
[2022-06-16T19:53:22.210+0000][1968][safepoint    ] Application time: 0.0506313 seconds
[2022-06-16T19:53:22.210+0000][1968][safepoint    ] Entering safepoint region: Deoptimize
[2022-06-16T19:53:22.210+0000][1968][safepoint    ] Leaving safepoint region
[2022-06-16T19:53:22.210+0000][1968][safepoint    ] Total time for which application threads were stopped: 0.0001797 seconds, Stopping threads took: 0.0000248 seconds
[2022-06-16T19:53:22.569+0000][1968][safepoint    ] Application time: 0.3566064 seconds
[2022-06-16T19:53:22.569+0000][1968][safepoint    ] Entering safepoint region: RevokeBias
[2022-06-16T19:53:22.569+0000][1968][safepoint    ] Leaving safepoint region
[2022-06-16T19:53:22.569+0000][1968][safepoint    ] Total time for which application threads were stopped: 0.0001551 seconds, Stopping threads took: 0.0000255 seconds
[2022-06-16T19:53:22.585+0000][1968][safepoint    ] Application time: 0.0203913 seconds
[2022-06-16T19:53:22.585+0000][1968][safepoint    ] Entering safepoint region: RevokeBias
[2022-06-16T19:53:22.585+0000][1968][safepoint    ] Leaving safepoint region
[2022-06-16T19:53:22.585+0000][1968][safepoint    ] Total time for which application threads were stopped: 0.0000802 seconds, Stopping threads took: 0.0000284 seconds
[2022-06-16T19:53:22.804+0000][1968][safepoint    ] Application time: 0.2156306 seconds
[2022-06-16T19:53:22.804+0000][1968][safepoint    ] Entering safepoint region: Deoptimize
[2022-06-16T19:53:22.804+0000][1968][safepoint    ] Leaving safepoint region
[2022-06-16T19:53:22.804+0000][1968][safepoint    ] Total time for which application threads were stopped: 0.0002627 seconds, Stopping threads took: 0.0000255 seconds
[2022-06-16T19:53:23.116+0000][1968][safepoint    ] Application time: 0.3207127 seconds
[2022-06-16T19:53:23.116+0000][1968][safepoint    ] Entering safepoint region: Deoptimize
[2022-06-16T19:53:23.116+0000][1968][safepoint    ] Leaving safepoint region
[2022-06-16T19:53:23.116+0000][1968][safepoint    ] Total time for which application threads were stopped: 0.0003196 seconds, Stopping threads took: 0.0000197 seconds
[2022-06-16T19:53:23.179+0000][1968][safepoint    ] Application time: 0.0590846 seconds
[2022-06-16T19:53:23.179+0000][1968][safepoint    ] Entering safepoint region: CollectForMetadataAllocation
[2022-06-16T19:53:23.179+0000][1968][safepoint    ] Leaving safepoint region
[2022-06-16T19:53:23.179+0000][1968][safepoint    ] Total time for which application threads were stopped: 0.0001933 seconds, Stopping threads took: 0.0000251 seconds
[2022-06-16T19:53:23.210+0000][1968][safepoint    ] Application time: 0.0327220 seconds
[2022-06-16T19:53:23.210+0000][1968][safepoint    ] Entering safepoint region: CollectForMetadataAllocation
[2022-06-16T19:53:23.210+0000][1968][safepoint    ] Leaving safepoint region
[2022-06-16T19:53:23.210+0000][1968][safepoint    ] Total time for which application threads were stopped: 0.0001881 seconds, Stopping threads took: 0.0000270 seconds
[2022-06-16T19:53:23.225+0000][1968][safepoint    ] Application time: 0.0131324 seconds
[2022-06-16T19:53:23.225+0000][1968][safepoint    ] Entering safepoint region: CollectForMetadataAllocation
[2022-06-16T19:53:23.225+0000][1968][safepoint    ] Leaving safepoint region
[2022-06-16T19:53:23.225+0000][1968][safepoint    ] Total time for which application threads were stopped: 0.0001604 seconds, Stopping threads took: 0.0000262 seconds
[2022-06-16T19:53:23.241+0000][1968][safepoint    ] Application time: 0.0081061 seconds
[2022-06-16T19:53:23.241+0000][1968][safepoint    ] Entering safepoint region: CollectForMetadataAllocation
[2022-06-16T19:53:23.241+0000][1968][safepoint    ] Leaving safepoint region
[2022-06-16T19:53:23.241+0000][1968][safepoint    ] Total time for which application threads were stopped: 0.0001458 seconds, Stopping threads took: 0.0000199 seconds
[2022-06-16T19:53:23.350+0000][1968][safepoint    ] Application time: 0.1116635 seconds
[2022-06-16T19:53:23.350+0000][1968][safepoint    ] Entering safepoint region: CollectForMetadataAllocation
[2022-06-16T19:53:23.350+0000][1968][safepoint    ] Leaving safepoint region
[2022-06-16T19:53:23.350+0000][1968][safepoint    ] Total time for which application threads were stopped: 0.0001800 seconds, Stopping threads took: 0.0000263 seconds
[2022-06-16T19:53:23.350+0000][1968][safepoint    ] Application time: 0.0039399 seconds
[2022-06-16T19:53:23.350+0000][1968][safepoint    ] Entering safepoint region: RevokeBias
[2022-06-16T19:53:23.350+0000][1968][safepoint    ] Leaving safepoint region
[2022-06-16T19:53:23.350+0000][1968][safepoint    ] Total time for which application threads were stopped: 0.0000776 seconds, Stopping threads took: 0.0000225 seconds
[2022-06-16T19:53:23.397+0000][1968][safepoint    ] Application time: 0.0366424 seconds
[2022-06-16T19:53:23.397+0000][1968][safepoint    ] Entering safepoint region: CMS_Initial_Mark
[2022-06-16T19:53:23.397+0000][1968][gc,start     ] GC(0) Pause Initial Mark
[2022-06-16T19:53:23.413+0000][1968][gc           ] GC(0) Pause Initial Mark 74M->74M(1007M) 22.561ms
[2022-06-16T19:53:23.413+0000][1968][gc,cpu       ] GC(0) User=0.02s Sys=0.00s Real=0.02s
[2022-06-16T19:53:23.413+0000][1968][safepoint    ] Leaving safepoint region
[2022-06-16T19:53:23.413+0000][1968][safepoint    ] Total time for which application threads were stopped: 0.0226954 seconds, Stopping threads took: 0.0000195 seconds
[2022-06-16T19:53:23.413+0000][1968][gc           ] GC(0) Concurrent Mark
[2022-06-16T19:53:23.413+0000][1968][gc           ] GC(0) Concurrent Mark 3.850ms
[2022-06-16T19:53:23.413+0000][1968][gc,cpu       ] GC(0) User=0.00s Sys=0.00s Real=0.00s
[2022-06-16T19:53:23.413+0000][1968][gc           ] GC(0) Concurrent Preclean
[2022-06-16T19:53:23.413+0000][1968][gc           ] GC(0) Concurrent Preclean 2.058ms
[2022-06-16T19:53:23.413+0000][1968][gc,cpu       ] GC(0) User=0.00s Sys=0.00s Real=0.00s
[2022-06-16T19:53:23.413+0000][1968][gc           ] GC(0) Concurrent Abortable Preclean
[2022-06-16T19:53:23.475+0000][1968][safepoint    ] Application time: 0.0561894 seconds
[2022-06-16T19:53:23.475+0000][1968][safepoint    ] Entering safepoint region: CollectForMetadataAllocation
[2022-06-16T19:53:23.475+0000][1968][safepoint    ] Leaving safepoint region
[2022-06-16T19:53:23.475+0000][1968][safepoint    ] Total time for which application threads were stopped: 0.0001497 seconds, Stopping threads took: 0.0000261 seconds
[2022-06-16T19:53:24.116+0000][1968][safepoint    ] Application time: 0.6413268 seconds
[2022-06-16T19:53:24.116+0000][1968][safepoint    ] Entering safepoint region: CollectForMetadataAllocation
[2022-06-16T19:53:24.116+0000][1968][safepoint    ] Leaving safepoint region
[2022-06-16T19:53:24.116+0000][1968][safepoint    ] Total time for which application threads were stopped: 0.0002174 seconds, Stopping threads took: 0.0000253 seconds
[2022-06-16T19:53:24.616+0000][1968][safepoint    ] Application time: 0.5050596 seconds
[2022-06-16T19:53:24.616+0000][1968][safepoint    ] Entering safepoint region: CollectForMetadataAllocation
[2022-06-16T19:53:24.616+0000][1968][safepoint    ] Leaving safepoint region
[2022-06-16T19:53:24.616+0000][1968][safepoint    ] Total time for which application threads were stopped: 0.0002397 seconds, Stopping threads took: 0.0000259 seconds
[2022-06-16T19:53:24.922+0000][1968][safepoint    ] Application time: 0.2991416 seconds
[2022-06-16T19:53:24.922+0000][1968][safepoint    ] Entering safepoint region: GenCollectForAllocation
[2022-06-16T19:53:24.922+0000][1968][gc,start     ] GC(1) Pause Young (Allocation Failure)
[2022-06-16T19:53:24.922+0000][1968][gc,task      ] GC(1) Using 2 workers of 2 for evacuation
[2022-06-16T19:53:24.941+0000][1968][gc           ] GC(0) Concurrent Abortable Preclean 1519.452ms
[2022-06-16T19:53:24.941+0000][1968][gc,cpu       ] GC(0) User=2.13s Sys=0.52s Real=1.53s
[2022-06-16T19:53:24.941+0000][1968][gc,age       ] GC(1) Desired survivor size 8716288 bytes, new threshold 6 (max threshold 6)
[2022-06-16T19:53:24.941+0000][1968][gc,age       ] GC(1) Age table with threshold 6 (max threshold 6)
[2022-06-16T19:53:24.941+0000][1968][gc,age       ] GC(1) - age   1:    8399776 bytes,    8399776 total
[2022-06-16T19:53:24.941+0000][1968][gc,heap      ] GC(1) ParNew: 136320K->8263K(153344K)
[2022-06-16T19:53:24.941+0000][1968][gc,heap      ] GC(1) CMS: 0K->0K(878208K)
[2022-06-16T19:53:24.941+0000][1968][gc,metaspace ] GC(1) Metaspace: 23170K->23170K(1071104K)
[2022-06-16T19:53:24.941+0000][1968][gc           ] GC(1) Pause Young (Allocation Failure) 133M->8M(1007M) 23.309ms
[2022-06-16T19:53:24.941+0000][1968][gc,cpu       ] GC(1) User=0.03s Sys=0.00s Real=0.02s
[2022-06-16T19:53:24.941+0000][1968][safepoint    ] Leaving safepoint region
[2022-06-16T19:53:24.941+0000][1968][safepoint    ] Total time for which application threads were stopped: 0.0235266 seconds, Stopping threads took: 0.0000263 seconds
[2022-06-16T19:53:24.941+0000][1968][safepoint    ] Application time: 0.0002827 seconds
[2022-06-16T19:53:24.941+0000][1968][safepoint    ] Entering safepoint region: CMS_Final_Remark
[2022-06-16T19:53:24.941+0000][1968][gc,start     ] GC(0) Pause Remark
[2022-06-16T19:53:24.941+0000][1968][gc           ] GC(0) Pause Remark 8M->8M(1007M) 9.300ms
[2022-06-16T19:53:24.941+0000][1968][gc,cpu       ] GC(0) User=0.00s Sys=0.00s Real=0.00s
[2022-06-16T19:53:24.941+0000][1968][safepoint    ] Leaving safepoint region
[2022-06-16T19:53:24.941+0000][1968][safepoint    ] Total time for which application threads were stopped: 0.0094591 seconds, Stopping threads took: 0.0000437 seconds
[2022-06-16T19:53:24.941+0000][1968][gc           ] GC(0) Concurrent Sweep
[2022-06-16T19:53:24.941+0000][1968][gc           ] GC(0) Concurrent Sweep 0.038ms
[2022-06-16T19:53:24.941+0000][1968][gc,cpu       ] GC(0) User=0.00s Sys=0.00s Real=0.00s
[2022-06-16T19:53:24.941+0000][1968][gc           ] GC(0) Concurrent Reset
[2022-06-16T19:53:24.957+0000][1968][gc           ] GC(0) Concurrent Reset 1.197ms
[2022-06-16T19:53:24.957+0000][1968][gc,cpu       ] GC(0) User=0.03s Sys=0.00s Real=0.02s
[2022-06-16T19:53:24.957+0000][1968][gc,heap      ] GC(0) Old: 0K->0K(878208K)
[2022-06-16T19:53:24.957+0000][1968][safepoint    ] Application time: 0.0016268 seconds
[2022-06-16T19:53:24.957+0000][1968][safepoint    ] Entering safepoint region: RevokeBias
[2022-06-16T19:53:24.957+0000][1968][safepoint    ] Leaving safepoint region
[2022-06-16T19:53:24.957+0000][1968][safepoint    ] Total time for which application threads were stopped: 0.0001762 seconds, Stopping threads took: 0.0000865 seconds
[2022-06-16T19:53:24.957+0000][1968][safepoint    ] Application time: 0.0002163 seconds
[2022-06-16T19:53:24.957+0000][1968][safepoint    ] Entering safepoint region: RevokeBias
[2022-06-16T19:53:24.957+0000][1968][safepoint    ] Leaving safepoint region
[2022-06-16T19:53:24.957+0000][1968][safepoint    ] Total time for which application threads were stopped: 0.0001071 seconds, Stopping threads took: 0.0000206 seconds
[2022-06-16T19:53:24.957+0000][1968][safepoint    ] Application time: 0.0002813 seconds
[2022-06-16T19:53:24.957+0000][1968][safepoint    ] Entering safepoint region: RevokeBias
[2022-06-16T19:53:24.957+0000][1968][safepoint    ] Leaving safepoint region
[2022-06-16T19:53:24.957+0000][1968][safepoint    ] Total time for which application threads were stopped: 0.0001421 seconds, Stopping threads took: 0.0000664 seconds
[2022-06-16T19:53:24.957+0000][1968][safepoint    ] Application time: 0.0000280 seconds
[2022-06-16T19:53:24.957+0000][1968][safepoint    ] Entering safepoint region: RevokeBias
[2022-06-16T19:53:24.957+0000][1968][safepoint    ] Leaving safepoint region
[2022-06-16T19:53:24.957+0000][1968][safepoint    ] Total time for which application threads were stopped: 0.0001379 seconds, Stopping threads took: 0.0000672 seconds
[2022-06-16T19:53:24.957+0000][1968][safepoint    ] Application time: 0.0000186 seconds
[2022-06-16T19:53:24.957+0000][1968][safepoint    ] Entering safepoint region: RevokeBias
[2022-06-16T19:53:24.957+0000][1968][safepoint    ] Leaving safepoint region
[2022-06-16T19:53:24.957+0000][1968][safepoint    ] Total time for which application threads were stopped: 0.0001439 seconds, Stopping threads took: 0.0000679 seconds
[2022-06-16T19:53:24.957+0000][1968][safepoint    ] Application time: 0.0000283 seconds
[2022-06-16T19:53:24.957+0000][1968][safepoint    ] Entering safepoint region: RevokeBias
[2022-06-16T19:53:24.957+0000][1968][safepoint    ] Leaving safepoint region
[2022-06-16T19:53:24.957+0000][1968][safepoint    ] Total time for which application threads were stopped: 0.0000944 seconds, Stopping threads took: 0.0000433 seconds
[2022-06-16T19:53:24.957+0000][1968][safepoint    ] Application time: 0.0000187 seconds
[2022-06-16T19:53:24.957+0000][1968][safepoint    ] Entering safepoint region: RevokeBias
[2022-06-16T19:53:24.957+0000][1968][safepoint    ] Leaving safepoint region
[2022-06-16T19:53:24.957+0000][1968][safepoint    ] Total time for which application threads were stopped: 0.0001364 seconds, Stopping threads took: 0.0000617 seconds
[2022-06-16T19:53:24.957+0000][1968][safepoint    ] Application time: 0.0000328 seconds
[2022-06-16T19:53:24.957+0000][1968][safepoint    ] Entering safepoint region: RevokeBias
[2022-06-16T19:53:24.957+0000][1968][safepoint    ] Leaving safepoint region
[2022-06-16T19:53:24.957+0000][1968][safepoint    ] Total time for which application threads were stopped: 0.0001293 seconds, Stopping threads took: 0.0000575 seconds
[2022-06-16T19:53:24.957+0000][1968][safepoint    ] Application time: 0.0000229 seconds
[2022-06-16T19:53:24.957+0000][1968][safepoint    ] Entering safepoint region: RevokeBias
[2022-06-16T19:53:24.957+0000][1968][safepoint    ] Leaving safepoint region
[2022-06-16T19:53:24.957+0000][1968][safepoint    ] Total time for which application threads were stopped: 0.0001218 seconds, Stopping threads took: 0.0000498 seconds
[2022-06-16T19:53:24.957+0000][1968][safepoint    ] Application time: 0.0000242 seconds
[2022-06-16T19:53:24.957+0000][1968][safepoint    ] Entering safepoint region: RevokeBias
[2022-06-16T19:53:24.957+0000][1968][safepoint    ] Leaving safepoint region
[2022-06-16T19:53:24.957+0000][1968][safepoint    ] Total time for which application threads were stopped: 0.0001256 seconds, Stopping threads took: 0.0000513 seconds
[2022-06-16T19:53:24.957+0000][1968][safepoint    ] Application time: 0.0000185 seconds
[2022-06-16T19:53:24.957+0000][1968][safepoint    ] Entering safepoint region: RevokeBias
[2022-06-16T19:53:24.957+0000][1968][safepoint    ] Leaving safepoint region
[2022-06-16T19:53:24.957+0000][1968][safepoint    ] Total time for which application threads were stopped: 0.0001423 seconds, Stopping threads took: 0.0000653 seconds
[2022-06-16T19:53:24.957+0000][1968][safepoint    ] Application time: 0.0000238 seconds
[2022-06-16T19:53:24.957+0000][1968][safepoint    ] Entering safepoint region: RevokeBias
[2022-06-16T19:53:24.957+0000][1968][safepoint    ] Leaving safepoint region
[2022-06-16T19:53:24.957+0000][1968][safepoint    ] Total time for which application threads were stopped: 0.0001351 seconds, Stopping threads took: 0.0000632 seconds
[2022-06-16T19:53:24.957+0000][1968][safepoint    ] Application time: 0.0000157 seconds
[2022-06-16T19:53:24.957+0000][1968][safepoint    ] Entering safepoint region: RevokeBias
[2022-06-16T19:53:24.957+0000][1968][safepoint    ] Leaving safepoint region
[2022-06-16T19:53:24.957+0000][1968][safepoint    ] Total time for which application threads were stopped: 0.0001280 seconds, Stopping threads took: 0.0000518 seconds
[2022-06-16T19:53:24.957+0000][1968][safepoint    ] Application time: 0.0000236 seconds
[2022-06-16T19:53:24.957+0000][1968][safepoint    ] Entering safepoint region: RevokeBias
[2022-06-16T19:53:24.957+0000][1968][safepoint    ] Leaving safepoint region
[2022-06-16T19:53:24.957+0000][1968][safepoint    ] Total time for which application threads were stopped: 0.0001338 seconds, Stopping threads took: 0.0000531 seconds
[2022-06-16T19:53:24.957+0000][1968][safepoint    ] Application time: 0.0000215 seconds
[2022-06-16T19:53:24.957+0000][1968][safepoint    ] Entering safepoint region: RevokeBias
[2022-06-16T19:53:24.957+0000][1968][safepoint    ] Leaving safepoint region
[2022-06-16T19:53:24.957+0000][1968][safepoint    ] Total time for which application threads were stopped: 0.0001321 seconds, Stopping threads took: 0.0000569 seconds
[2022-06-16T19:53:24.957+0000][1968][safepoint    ] Application time: 0.0000316 seconds
[2022-06-16T19:53:24.957+0000][1968][safepoint    ] Entering safepoint region: RevokeBias
[2022-06-16T19:53:24.957+0000][1968][safepoint    ] Leaving safepoint region
[2022-06-16T19:53:24.957+0000][1968][safepoint    ] Total time for which application threads were stopped: 0.0001300 seconds, Stopping threads took: 0.0000552 seconds
[2022-06-16T19:53:24.957+0000][1968][safepoint    ] Application time: 0.0000216 seconds
[2022-06-16T19:53:24.957+0000][1968][safepoint    ] Entering safepoint region: RevokeBias
[2022-06-16T19:53:24.957+0000][1968][safepoint    ] Leaving safepoint region
[2022-06-16T19:53:24.957+0000][1968][safepoint    ] Total time for which application threads were stopped: 0.0001215 seconds, Stopping threads took: 0.0000473 seconds
[2022-06-16T19:53:24.957+0000][1968][safepoint    ] Application time: 0.0000339 seconds
[2022-06-16T19:53:24.957+0000][1968][safepoint    ] Entering safepoint region: RevokeBias
[2022-06-16T19:53:24.957+0000][1968][safepoint    ] Leaving safepoint region
[2022-06-16T19:53:24.957+0000][1968][safepoint    ] Total time for which application threads were stopped: 0.0001299 seconds, Stopping threads took: 0.0000554 seconds
[2022-06-16T19:53:24.957+0000][1968][safepoint    ] Application time: 0.0000223 seconds
[2022-06-16T19:53:24.957+0000][1968][safepoint    ] Entering safepoint region: RevokeBias
[2022-06-16T19:53:24.957+0000][1968][safepoint    ] Leaving safepoint region
[2022-06-16T19:53:24.957+0000][1968][safepoint    ] Total time for which application threads were stopped: 0.0001282 seconds, Stopping threads took: 0.0000542 seconds
[2022-06-16T19:53:24.957+0000][1968][safepoint    ] Application time: 0.0000357 seconds
[2022-06-16T19:53:24.957+0000][1968][safepoint    ] Entering safepoint region: RevokeBias
[2022-06-16T19:53:24.957+0000][1968][safepoint    ] Leaving safepoint region
[2022-06-16T19:53:24.957+0000][1968][safepoint    ] Total time for which application threads were stopped: 0.0000892 seconds, Stopping threads took: 0.0000187 seconds
[2022-06-16T19:53:24.957+0000][1968][safepoint    ] Application time: 0.0000204 seconds
[2022-06-16T19:53:24.957+0000][1968][safepoint    ] Entering safepoint region: RevokeBias
[2022-06-16T19:53:24.957+0000][1968][safepoint    ] Leaving safepoint region
[2022-06-16T19:53:24.957+0000][1968][safepoint    ] Total time for which application threads were stopped: 0.0001331 seconds, Stopping threads took: 0.0000560 seconds
[2022-06-16T19:53:24.957+0000][1968][safepoint    ] Application time: 0.0000345 seconds
[2022-06-16T19:53:24.957+0000][1968][safepoint    ] Entering safepoint region: RevokeBias
[2022-06-16T19:53:24.957+0000][1968][safepoint    ] Leaving safepoint region
[2022-06-16T19:53:24.957+0000][1968][safepoint    ] Total time for which application threads were stopped: 0.0001259 seconds, Stopping threads took: 0.0000540 seconds
[2022-06-16T19:53:24.957+0000][1968][safepoint    ] Application time: 0.0000160 seconds
[2022-06-16T19:53:24.957+0000][1968][safepoint    ] Entering safepoint region: RevokeBias
[2022-06-16T19:53:24.957+0000][1968][safepoint    ] Leaving safepoint region
[2022-06-16T19:53:24.957+0000][1968][safepoint    ] Total time for which application threads were stopped: 0.0000863 seconds, Stopping threads took: 0.0000178 seconds
[2022-06-16T19:53:24.957+0000][1968][safepoint    ] Application time: 0.0000255 seconds
[2022-06-16T19:53:24.957+0000][1968][safepoint    ] Entering safepoint region: RevokeBias
[2022-06-16T19:53:24.957+0000][1968][safepoint    ] Leaving safepoint region
[2022-06-16T19:53:24.957+0000][1968][safepoint    ] Total time for which application threads were stopped: 0.0001401 seconds, Stopping threads took: 0.0000646 seconds
[2022-06-16T19:53:24.957+0000][1968][safepoint    ] Application time: 0.0000229 seconds
[2022-06-16T19:53:24.957+0000][1968][safepoint    ] Entering safepoint region: RevokeBias
[2022-06-16T19:53:24.957+0000][1968][safepoint    ] Leaving safepoint region
[2022-06-16T19:53:24.957+0000][1968][safepoint    ] Total time for which application threads were stopped: 0.0001283 seconds, Stopping threads took: 0.0000516 seconds
[2022-06-16T19:53:24.957+0000][1968][safepoint    ] Application time: 0.0000419 seconds
[2022-06-16T19:53:24.957+0000][1968][safepoint    ] Entering safepoint region: RevokeBias
[2022-06-16T19:53:24.957+0000][1968][safepoint    ] Leaving safepoint region
[2022-06-16T19:53:24.957+0000][1968][safepoint    ] Total time for which application threads were stopped: 0.0001052 seconds, Stopping threads took: 0.0000305 seconds
[2022-06-16T19:53:24.957+0000][1968][safepoint    ] Application time: 0.0017298 seconds
[2022-06-16T19:53:24.957+0000][1968][safepoint    ] Entering safepoint region: RevokeBias
[2022-06-16T19:53:24.957+0000][1968][safepoint    ] Leaving safepoint region
[2022-06-16T19:53:24.957+0000][1968][safepoint    ] Total time for which application threads were stopped: 0.0000756 seconds, Stopping threads took: 0.0000246 seconds
[2022-06-16T19:53:24.957+0000][1968][safepoint    ] Application time: 0.0014656 seconds
[2022-06-16T19:53:24.957+0000][1968][safepoint    ] Entering safepoint region: RevokeBias
[2022-06-16T19:53:24.957+0000][1968][safepoint    ] Leaving safepoint region
[2022-06-16T19:53:24.957+0000][1968][safepoint    ] Total time for which application threads were stopped: 0.0000696 seconds, Stopping threads took: 0.0000231 seconds
[2022-06-16T19:53:24.957+0000][1968][safepoint    ] Application time: 0.0000133 seconds
[2022-06-16T19:53:24.957+0000][1968][safepoint    ] Entering safepoint region: RevokeBias
[2022-06-16T19:53:24.957+0000][1968][safepoint    ] Leaving safepoint region
[2022-06-16T19:53:24.957+0000][1968][safepoint    ] Total time for which application threads were stopped: 0.0000548 seconds, Stopping threads took: 0.0000190 seconds
[2022-06-16T19:53:25.051+0000][1968][safepoint    ] Application time: 0.0918243 seconds
[2022-06-16T19:53:25.051+0000][1968][safepoint    ] Entering safepoint region: RevokeBias
[2022-06-16T19:53:25.051+0000][1968][safepoint    ] Leaving safepoint region
[2022-06-16T19:53:25.051+0000][1968][safepoint    ] Total time for which application threads were stopped: 0.0000957 seconds, Stopping threads took: 0.0000268 seconds
[2022-06-16T19:53:25.721+0000][1968][safepoint    ] Application time: 0.6627753 seconds
[2022-06-16T19:53:25.721+0000][1968][safepoint    ] Entering safepoint region: RevokeBias
[2022-06-16T19:53:25.722+0000][1968][safepoint    ] Leaving safepoint region
[2022-06-16T19:53:25.722+0000][1968][safepoint    ] Total time for which application threads were stopped: 0.0001771 seconds, Stopping threads took: 0.0000192 seconds
[2022-06-16T19:53:25.726+0000][1968][safepoint    ] Application time: 0.0046742 seconds
[2022-06-16T19:53:25.726+0000][1968][safepoint    ] Entering safepoint region: GenCollectForAllocation
[2022-06-16T19:53:25.726+0000][1968][gc,start     ] GC(2) Pause Young (Allocation Failure)
[2022-06-16T19:53:25.726+0000][1968][gc,task      ] GC(2) Using 2 workers of 2 for evacuation
[2022-06-16T19:53:25.741+0000][1968][gc,age       ] GC(2) Desired survivor size 8716288 bytes, new threshold 2 (max threshold 6)
[2022-06-16T19:53:25.741+0000][1968][gc,age       ] GC(2) Age table with threshold 2 (max threshold 6)
[2022-06-16T19:53:25.741+0000][1968][gc,age       ] GC(2) - age   1:    1708920 bytes,    1708920 total
[2022-06-16T19:53:25.741+0000][1968][gc,age       ] GC(2) - age   2:    8285112 bytes,    9994032 total
[2022-06-16T19:53:25.741+0000][1968][gc,heap      ] GC(2) ParNew: 144583K->12072K(153344K)
[2022-06-16T19:53:25.741+0000][1968][gc,heap      ] GC(2) CMS: 0K->0K(878208K)
[2022-06-16T19:53:25.741+0000][1968][gc,metaspace ] GC(2) Metaspace: 25120K->25120K(1073152K)
[2022-06-16T19:53:25.741+0000][1968][gc           ] GC(2) Pause Young (Allocation Failure) 141M->11M(1007M) 14.557ms
[2022-06-16T19:53:25.741+0000][1968][gc,cpu       ] GC(2) User=0.03s Sys=0.00s Real=0.01s
[2022-06-16T19:53:25.741+0000][1968][safepoint    ] Leaving safepoint region
[2022-06-16T19:53:25.741+0000][1968][safepoint    ] Total time for which application threads were stopped: 0.0147151 seconds, Stopping threads took: 0.0000246 seconds
[2022-06-16T19:53:25.742+0000][1968][safepoint    ] Application time: 0.0006972 seconds
[2022-06-16T19:53:25.742+0000][1968][safepoint    ] Entering safepoint region: RevokeBias
[2022-06-16T19:53:25.742+0000][1968][safepoint    ] Leaving safepoint region
[2022-06-16T19:53:25.742+0000][1968][safepoint    ] Total time for which application threads were stopped: 0.0001095 seconds, Stopping threads took: 0.0000339 seconds
[2022-06-16T19:53:25.742+0000][1968][safepoint    ] Application time: 0.0000195 seconds
[2022-06-16T19:53:25.742+0000][1968][safepoint    ] Entering safepoint region: RevokeBias
[2022-06-16T19:53:25.742+0000][1968][safepoint    ] Leaving safepoint region
[2022-06-16T19:53:25.742+0000][1968][safepoint    ] Total time for which application threads were stopped: 0.0001099 seconds, Stopping threads took: 0.0000156 seconds
[2022-06-16T19:53:25.742+0000][1968][safepoint    ] Application time: 0.0000283 seconds
[2022-06-16T19:53:25.742+0000][1968][safepoint    ] Entering safepoint region: RevokeBias
[2022-06-16T19:53:25.742+0000][1968][safepoint    ] Leaving safepoint region
[2022-06-16T19:53:25.742+0000][1968][safepoint    ] Total time for which application threads were stopped: 0.0000738 seconds, Stopping threads took: 0.0000219 seconds
[2022-06-16T19:53:25.742+0000][1968][safepoint    ] Application time: 0.0000276 seconds
[2022-06-16T19:53:25.742+0000][1968][safepoint    ] Entering safepoint region: RevokeBias
[2022-06-16T19:53:25.742+0000][1968][safepoint    ] Leaving safepoint region
[2022-06-16T19:53:25.742+0000][1968][safepoint    ] Total time for which application threads were stopped: 0.0000663 seconds, Stopping threads took: 0.0000165 seconds
[2022-06-16T19:53:25.742+0000][1968][safepoint    ] Application time: 0.0000634 seconds
[2022-06-16T19:53:25.742+0000][1968][safepoint    ] Entering safepoint region: RevokeBias
[2022-06-16T19:53:25.742+0000][1968][safepoint    ] Leaving safepoint region
[2022-06-16T19:53:25.742+0000][1968][safepoint    ] Total time for which application threads were stopped: 0.0000685 seconds, Stopping threads took: 0.0000163 seconds
[2022-06-16T19:53:25.742+0000][1968][safepoint    ] Application time: 0.0000179 seconds
[2022-06-16T19:53:25.743+0000][1968][safepoint    ] Entering safepoint region: RevokeBias
[2022-06-16T19:53:25.743+0000][1968][safepoint    ] Leaving safepoint region
[2022-06-16T19:53:25.743+0000][1968][safepoint    ] Total time for which application threads were stopped: 0.0001207 seconds, Stopping threads took: 0.0000457 seconds
[2022-06-16T19:53:25.743+0000][1968][safepoint    ] Application time: 0.0000159 seconds
[2022-06-16T19:53:25.743+0000][1968][safepoint    ] Entering safepoint region: RevokeBias
[2022-06-16T19:53:25.743+0000][1968][safepoint    ] Leaving safepoint region
[2022-06-16T19:53:25.743+0000][1968][safepoint    ] Total time for which application threads were stopped: 0.0000879 seconds, Stopping threads took: 0.0000182 seconds
[2022-06-16T19:53:25.743+0000][1968][safepoint    ] Application time: 0.0000139 seconds
[2022-06-16T19:53:25.743+0000][1968][safepoint    ] Entering safepoint region: RevokeBias
[2022-06-16T19:53:25.743+0000][1968][safepoint    ] Leaving safepoint region
[2022-06-16T19:53:25.743+0000][1968][safepoint    ] Total time for which application threads were stopped: 0.0000841 seconds, Stopping threads took: 0.0000172 seconds
[2022-06-16T19:53:25.743+0000][1968][safepoint    ] Application time: 0.0000372 seconds
[2022-06-16T19:53:25.743+0000][1968][safepoint    ] Entering safepoint region: RevokeBias
[2022-06-16T19:53:25.743+0000][1968][safepoint    ] Leaving safepoint region
[2022-06-16T19:53:25.743+0000][1968][safepoint    ] Total time for which application threads were stopped: 0.0002066 seconds, Stopping threads took: 0.0001298 seconds
[2022-06-16T19:53:25.743+0000][1968][safepoint    ] Application time: 0.0000253 seconds
[2022-06-16T19:53:25.743+0000][1968][safepoint    ] Entering safepoint region: BulkRevokeBias
[2022-06-16T19:53:25.744+0000][1968][safepoint    ] Leaving safepoint region
[2022-06-16T19:53:25.744+0000][1968][safepoint    ] Total time for which application threads were stopped: 0.0002145 seconds, Stopping threads took: 0.0001079 seconds
[2022-06-16T19:53:25.744+0000][1968][safepoint    ] Application time: 0.0000191 seconds
[2022-06-16T19:53:25.744+0000][1968][safepoint    ] Entering safepoint region: BulkRevokeBias
[2022-06-16T19:53:25.744+0000][1968][safepoint    ] Leaving safepoint region
[2022-06-16T19:53:25.744+0000][1968][safepoint    ] Total time for which application threads were stopped: 0.0000998 seconds, Stopping threads took: 0.0000149 seconds
[2022-06-16T19:53:26.220+0000][1968][safepoint    ] Application time: 0.4873378 seconds
[2022-06-16T19:53:26.220+0000][1968][safepoint    ] Entering safepoint region: RevokeBias
[2022-06-16T19:53:26.220+0000][1968][safepoint    ] Leaving safepoint region
[2022-06-16T19:53:26.220+0000][1968][safepoint    ] Total time for which application threads were stopped: 0.0001619 seconds, Stopping threads took: 0.0000263 seconds
[2022-06-16T19:53:26.235+0000][1968][safepoint    ] Application time: 0.0134892 seconds
[2022-06-16T19:53:26.235+0000][1968][safepoint    ] Entering safepoint region: Deoptimize
[2022-06-16T19:53:26.235+0000][1968][safepoint    ] Leaving safepoint region
[2022-06-16T19:53:26.235+0000][1968][safepoint    ] Total time for which application threads were stopped: 0.0003734 seconds, Stopping threads took: 0.0000237 seconds
[2022-06-16T19:53:26.720+0000][1968][safepoint    ] Application time: 0.4791342 seconds
[2022-06-16T19:53:26.720+0000][1968][safepoint    ] Entering safepoint region: GenCollectForAllocation
[2022-06-16T19:53:26.720+0000][1968][gc,start     ] GC(3) Pause Young (Allocation Failure)
[2022-06-16T19:53:26.720+0000][1968][gc,task      ] GC(3) Using 2 workers of 2 for evacuation
[2022-06-16T19:53:26.751+0000][1968][gc,age       ] GC(3) Desired survivor size 8716288 bytes, new threshold 6 (max threshold 6)
[2022-06-16T19:53:26.751+0000][1968][gc,age       ] GC(3) Age table with threshold 6 (max threshold 6)
[2022-06-16T19:53:26.751+0000][1968][gc,age       ] GC(3) - age   1:    1696704 bytes,    1696704 total
[2022-06-16T19:53:26.751+0000][1968][gc,age       ] GC(3) - age   2:    1676736 bytes,    3373440 total
[2022-06-16T19:53:26.751+0000][1968][gc,heap      ] GC(3) ParNew: 148392K->8105K(153344K)
[2022-06-16T19:53:26.751+0000][1968][gc,heap      ] GC(3) CMS: 0K->8930K(878208K)
[2022-06-16T19:53:26.751+0000][1968][gc,metaspace ] GC(3) Metaspace: 25786K->25786K(1073152K)
[2022-06-16T19:53:26.751+0000][1968][gc           ] GC(3) Pause Young (Allocation Failure) 144M->16M(1007M) 40.358ms
[2022-06-16T19:53:26.751+0000][1968][gc,cpu       ] GC(3) User=0.06s Sys=0.00s Real=0.03s
[2022-06-16T19:53:26.751+0000][1968][safepoint    ] Leaving safepoint region
[2022-06-16T19:53:26.751+0000][1968][safepoint    ] Total time for which application threads were stopped: 0.0405576 seconds, Stopping threads took: 0.0000329 seconds
[2022-06-16T19:53:26.751+0000][1968][safepoint    ] Application time: 0.0002910 seconds
[2022-06-16T19:53:26.751+0000][1968][safepoint    ] Entering safepoint region: RevokeBias
[2022-06-16T19:53:26.751+0000][1968][safepoint    ] Leaving safepoint region
[2022-06-16T19:53:26.751+0000][1968][safepoint    ] Total time for which application threads were stopped: 0.0001150 seconds, Stopping threads took: 0.0000311 seconds
[2022-06-16T19:53:26.751+0000][1968][safepoint    ] Application time: 0.0000215 seconds
[2022-06-16T19:53:26.751+0000][1968][safepoint    ] Entering safepoint region: RevokeBias
[2022-06-16T19:53:26.751+0000][1968][safepoint    ] Leaving safepoint region
[2022-06-16T19:53:26.751+0000][1968][safepoint    ] Total time for which application threads were stopped: 0.0000859 seconds, Stopping threads took: 0.0000203 seconds
[2022-06-16T19:53:26.751+0000][1968][safepoint    ] Application time: 0.0000747 seconds
[2022-06-16T19:53:26.767+0000][1968][safepoint    ] Entering safepoint region: RevokeBias
[2022-06-16T19:53:26.767+0000][1968][safepoint    ] Leaving safepoint region
[2022-06-16T19:53:26.767+0000][1968][safepoint    ] Total time for which application threads were stopped: 0.0018760 seconds, Stopping threads took: 0.0017323 seconds
[2022-06-16T19:53:26.767+0000][1968][safepoint    ] Application time: 0.0000228 seconds
[2022-06-16T19:53:26.767+0000][1968][safepoint    ] Entering safepoint region: RevokeBias
[2022-06-16T19:53:26.767+0000][1968][safepoint    ] Leaving safepoint region
[2022-06-16T19:53:26.767+0000][1968][safepoint    ] Total time for which application threads were stopped: 0.0001205 seconds, Stopping threads took: 0.0000226 seconds
[2022-06-16T19:53:26.767+0000][1968][safepoint    ] Application time: 0.0000662 seconds
[2022-06-16T19:53:26.767+0000][1968][safepoint    ] Entering safepoint region: RevokeBias
[2022-06-16T19:53:26.767+0000][1968][safepoint    ] Leaving safepoint region
[2022-06-16T19:53:26.767+0000][1968][safepoint    ] Total time for which application threads were stopped: 0.0002856 seconds, Stopping threads took: 0.0001742 seconds
[2022-06-16T19:53:26.767+0000][1968][safepoint    ] Application time: 0.0000189 seconds
[2022-06-16T19:53:26.767+0000][1968][safepoint    ] Entering safepoint region: RevokeBias
[2022-06-16T19:53:26.767+0000][1968][safepoint    ] Leaving safepoint region
[2022-06-16T19:53:26.767+0000][1968][safepoint    ] Total time for which application threads were stopped: 0.0006439 seconds, Stopping threads took: 0.0005314 seconds
[2022-06-16T19:53:26.767+0000][1968][safepoint    ] Application time: 0.0000236 seconds
[2022-06-16T19:53:26.767+0000][1968][safepoint    ] Entering safepoint region: RevokeBias
[2022-06-16T19:53:26.767+0000][1968][safepoint    ] Leaving safepoint region
[2022-06-16T19:53:26.767+0000][1968][safepoint    ] Total time for which application threads were stopped: 0.0001165 seconds, Stopping threads took: 0.0000207 seconds
[2022-06-16T19:53:26.767+0000][1968][safepoint    ] Application time: 0.0000475 seconds
[2022-06-16T19:53:26.767+0000][1968][safepoint    ] Entering safepoint region: RevokeBias
[2022-06-16T19:53:26.767+0000][1968][safepoint    ] Leaving safepoint region
[2022-06-16T19:53:26.767+0000][1968][safepoint    ] Total time for which application threads were stopped: 0.0006285 seconds, Stopping threads took: 0.0005388 seconds
[2022-06-16T19:53:26.767+0000][1968][safepoint    ] Application time: 0.0000500 seconds
[2022-06-16T19:53:26.767+0000][1968][safepoint    ] Entering safepoint region: RevokeBias
[2022-06-16T19:53:26.767+0000][1968][safepoint    ] Leaving safepoint region
[2022-06-16T19:53:26.767+0000][1968][safepoint    ] Total time for which application threads were stopped: 0.0026076 seconds, Stopping threads took: 0.0024327 seconds
[2022-06-16T19:53:26.767+0000][1968][safepoint    ] Application time: 0.0000189 seconds
[2022-06-16T19:53:26.767+0000][1968][safepoint    ] Entering safepoint region: RevokeBias
[2022-06-16T19:53:26.767+0000][1968][safepoint    ] Leaving safepoint region
[2022-06-16T19:53:26.767+0000][1968][safepoint    ] Total time for which application threads were stopped: 0.0001066 seconds, Stopping threads took: 0.0000184 seconds
[2022-06-16T19:53:26.767+0000][1968][safepoint    ] Application time: 0.0000125 seconds
[2022-06-16T19:53:26.767+0000][1968][safepoint    ] Entering safepoint region: RevokeBias
[2022-06-16T19:53:26.767+0000][1968][safepoint    ] Leaving safepoint region
[2022-06-16T19:53:26.767+0000][1968][safepoint    ] Total time for which application threads were stopped: 0.0001079 seconds, Stopping threads took: 0.0000224 seconds
[2022-06-16T19:53:26.767+0000][1968][safepoint    ] Application time: 0.0000122 seconds
[2022-06-16T19:53:26.767+0000][1968][safepoint    ] Entering safepoint region: RevokeBias
[2022-06-16T19:53:26.767+0000][1968][safepoint    ] Leaving safepoint region
[2022-06-16T19:53:26.767+0000][1968][safepoint    ] Total time for which application threads were stopped: 0.0000917 seconds, Stopping threads took: 0.0000185 seconds
[2022-06-16T19:53:26.767+0000][1968][safepoint    ] Application time: 0.0000111 seconds
[2022-06-16T19:53:26.767+0000][1968][safepoint    ] Entering safepoint region: RevokeBias
[2022-06-16T19:53:26.767+0000][1968][safepoint    ] Leaving safepoint region
[2022-06-16T19:53:26.767+0000][1968][safepoint    ] Total time for which application threads were stopped: 0.0000890 seconds, Stopping threads took: 0.0000180 seconds
[2022-06-16T19:53:26.767+0000][1968][safepoint    ] Application time: 0.0000116 seconds
[2022-06-16T19:53:26.767+0000][1968][safepoint    ] Entering safepoint region: RevokeBias
[2022-06-16T19:53:26.767+0000][1968][safepoint    ] Leaving safepoint region
[2022-06-16T19:53:26.767+0000][1968][safepoint    ] Total time for which application threads were stopped: 0.0000895 seconds, Stopping threads took: 0.0000173 seconds
[2022-06-16T19:53:26.767+0000][1968][safepoint    ] Application time: 0.0000109 seconds
[2022-06-16T19:53:26.767+0000][1968][safepoint    ] Entering safepoint region: RevokeBias
[2022-06-16T19:53:26.767+0000][1968][safepoint    ] Leaving safepoint region
[2022-06-16T19:53:26.767+0000][1968][safepoint    ] Total time for which application threads were stopped: 0.0000890 seconds, Stopping threads took: 0.0000174 seconds
[2022-06-16T19:53:26.767+0000][1968][safepoint    ] Application time: 0.0000110 seconds
[2022-06-16T19:53:26.767+0000][1968][safepoint    ] Entering safepoint region: RevokeBias
[2022-06-16T19:53:26.767+0000][1968][safepoint    ] Leaving safepoint region
[2022-06-16T19:53:26.767+0000][1968][safepoint    ] Total time for which application threads were stopped: 0.0000951 seconds, Stopping threads took: 0.0000182 seconds
[2022-06-16T19:53:26.767+0000][1968][safepoint    ] Application time: 0.0000121 seconds
[2022-06-16T19:53:26.767+0000][1968][safepoint    ] Entering safepoint region: RevokeBias
[2022-06-16T19:53:26.767+0000][1968][safepoint    ] Leaving safepoint region
[2022-06-16T19:53:26.767+0000][1968][safepoint    ] Total time for which application threads were stopped: 0.0000902 seconds, Stopping threads took: 0.0000178 seconds
[2022-06-16T19:53:26.767+0000][1968][safepoint    ] Application time: 0.0000112 seconds
[2022-06-16T19:53:26.767+0000][1968][safepoint    ] Entering safepoint region: RevokeBias
[2022-06-16T19:53:26.767+0000][1968][safepoint    ] Leaving safepoint region
[2022-06-16T19:53:26.767+0000][1968][safepoint    ] Total time for which application threads were stopped: 0.0000893 seconds, Stopping threads took: 0.0000181 seconds
[2022-06-16T19:53:26.767+0000][1968][safepoint    ] Application time: 0.0000108 seconds
[2022-06-16T19:53:26.767+0000][1968][safepoint    ] Entering safepoint region: RevokeBias
[2022-06-16T19:53:26.767+0000][1968][safepoint    ] Leaving safepoint region
[2022-06-16T19:53:26.767+0000][1968][safepoint    ] Total time for which application threads were stopped: 0.0000885 seconds, Stopping threads took: 0.0000171 seconds
[2022-06-16T19:53:26.767+0000][1968][safepoint    ] Application time: 0.0000110 seconds
[2022-06-16T19:53:26.767+0000][1968][safepoint    ] Entering safepoint region: RevokeBias
[2022-06-16T19:53:26.767+0000][1968][safepoint    ] Leaving safepoint region
[2022-06-16T19:53:26.767+0000][1968][safepoint    ] Total time for which application threads were stopped: 0.0000887 seconds, Stopping threads took: 0.0000175 seconds
[2022-06-16T19:53:26.767+0000][1968][safepoint    ] Application time: 0.0000105 seconds
[2022-06-16T19:53:26.767+0000][1968][safepoint    ] Entering safepoint region: RevokeBias
[2022-06-16T19:53:26.767+0000][1968][safepoint    ] Leaving safepoint region
[2022-06-16T19:53:26.767+0000][1968][safepoint    ] Total time for which application threads were stopped: 0.0000898 seconds, Stopping threads took: 0.0000195 seconds
[2022-06-16T19:53:26.767+0000][1968][safepoint    ] Application time: 0.0000106 seconds
[2022-06-16T19:53:26.767+0000][1968][safepoint    ] Entering safepoint region: RevokeBias
[2022-06-16T19:53:26.767+0000][1968][safepoint    ] Leaving safepoint region
[2022-06-16T19:53:26.767+0000][1968][safepoint    ] Total time for which application threads were stopped: 0.0000885 seconds, Stopping threads took: 0.0000180 seconds
[2022-06-16T19:53:26.767+0000][1968][safepoint    ] Application time: 0.0000624 seconds
[2022-06-16T19:53:26.767+0000][1968][safepoint    ] Entering safepoint region: RevokeBias
[2022-06-16T19:53:26.767+0000][1968][safepoint    ] Leaving safepoint region
[2022-06-16T19:53:26.767+0000][1968][safepoint    ] Total time for which application threads were stopped: 0.0000915 seconds, Stopping threads took: 0.0000177 seconds
[2022-06-16T19:53:26.767+0000][1968][safepoint    ] Application time: 0.0000112 seconds
[2022-06-16T19:53:26.767+0000][1968][safepoint    ] Entering safepoint region: BulkRevokeBias
[2022-06-16T19:53:26.767+0000][1968][safepoint    ] Leaving safepoint region
[2022-06-16T19:53:26.767+0000][1968][safepoint    ] Total time for which application threads were stopped: 0.0001120 seconds, Stopping threads took: 0.0000182 seconds
[2022-06-16T19:53:27.298+0000][1968][safepoint    ] Application time: 0.5264611 seconds
[2022-06-16T19:53:27.298+0000][1968][safepoint    ] Entering safepoint region: GenCollectForAllocation
[2022-06-16T19:53:27.298+0000][1968][gc,start     ] GC(4) Pause Young (Allocation Failure)
[2022-06-16T19:53:27.298+0000][1968][gc,task      ] GC(4) Using 2 workers of 2 for evacuation
[2022-06-16T19:53:27.298+0000][1968][gc,age       ] GC(4) Desired survivor size 8716288 bytes, new threshold 6 (max threshold 6)
[2022-06-16T19:53:27.298+0000][1968][gc,age       ] GC(4) Age table with threshold 6 (max threshold 6)
[2022-06-16T19:53:27.298+0000][1968][gc,age       ] GC(4) - age   1:    2626784 bytes,    2626784 total
[2022-06-16T19:53:27.298+0000][1968][gc,age       ] GC(4) - age   2:    1685904 bytes,    4312688 total
[2022-06-16T19:53:27.298+0000][1968][gc,age       ] GC(4) - age   3:    1676712 bytes,    5989400 total
[2022-06-16T19:53:27.298+0000][1968][gc,heap      ] GC(4) ParNew: 144425K->6523K(153344K)
[2022-06-16T19:53:27.298+0000][1968][gc,heap      ] GC(4) CMS: 8930K->8930K(878208K)
[2022-06-16T19:53:27.298+0000][1968][gc,metaspace ] GC(4) Metaspace: 25907K->25907K(1073152K)
[2022-06-16T19:53:27.298+0000][1968][gc           ] GC(4) Pause Young (Allocation Failure) 149M->15M(1007M) 11.049ms
[2022-06-16T19:53:27.298+0000][1968][gc,cpu       ] GC(4) User=0.00s Sys=0.00s Real=0.00s
[2022-06-16T19:53:27.298+0000][1968][safepoint    ] Leaving safepoint region
[2022-06-16T19:53:27.298+0000][1968][safepoint    ] Total time for which application threads were stopped: 0.0112292 seconds, Stopping threads took: 0.0000252 seconds
[2022-06-16T19:53:27.313+0000][1968][safepoint    ] Application time: 0.0050294 seconds
[2022-06-16T19:53:27.313+0000][1968][safepoint    ] Entering safepoint region: RevokeBias
[2022-06-16T19:53:27.313+0000][1968][safepoint    ] Leaving safepoint region
[2022-06-16T19:53:27.313+0000][1968][safepoint    ] Total time for which application threads were stopped: 0.0001102 seconds, Stopping threads took: 0.0000278 seconds
[2022-06-16T19:53:27.313+0000][1968][safepoint    ] Application time: 0.0000202 seconds
[2022-06-16T19:53:27.313+0000][1968][safepoint    ] Entering safepoint region: RevokeBias
[2022-06-16T19:53:27.313+0000][1968][safepoint    ] Leaving safepoint region
[2022-06-16T19:53:27.313+0000][1968][safepoint    ] Total time for which application threads were stopped: 0.0000877 seconds, Stopping threads took: 0.0000208 seconds
[2022-06-16T19:53:27.313+0000][1968][safepoint    ] Application time: 0.0000241 seconds
[2022-06-16T19:53:27.313+0000][1968][safepoint    ] Entering safepoint region: RevokeBias
[2022-06-16T19:53:27.313+0000][1968][safepoint    ] Leaving safepoint region
[2022-06-16T19:53:27.313+0000][1968][safepoint    ] Total time for which application threads were stopped: 0.0049237 seconds, Stopping threads took: 0.0048125 seconds
[2022-06-16T19:53:28.321+0000][1968][safepoint    ] Application time: 0.9987299 seconds
[2022-06-16T19:53:28.321+0000][1968][safepoint    ] Entering safepoint region: Cleanup
[2022-06-16T19:53:28.321+0000][1968][safepoint    ] Leaving safepoint region
[2022-06-16T19:53:28.321+0000][1968][safepoint    ] Total time for which application threads were stopped: 0.0072102 seconds, Stopping threads took: 0.0071441 seconds
[2022-06-16T19:53:28.336+0000][1968][safepoint    ] Application time: 0.0081034 seconds
[2022-06-16T19:53:28.336+0000][1968][safepoint    ] Entering safepoint region: GenCollectForAllocation
[2022-06-16T19:53:28.336+0000][1968][gc,start     ] GC(5) Pause Young (Allocation Failure)
[2022-06-16T19:53:28.336+0000][1968][gc,task      ] GC(5) Using 2 workers of 2 for evacuation
[2022-06-16T19:53:28.336+0000][1968][gc,age       ] GC(5) Desired survivor size 8716288 bytes, new threshold 6 (max threshold 6)
[2022-06-16T19:53:28.336+0000][1968][gc,age       ] GC(5) Age table with threshold 6 (max threshold 6)
[2022-06-16T19:53:28.336+0000][1968][gc,age       ] GC(5) - age   1:    1940992 bytes,    1940992 total
[2022-06-16T19:53:28.336+0000][1968][gc,age       ] GC(5) - age   2:     288744 bytes,    2229736 total
[2022-06-16T19:53:28.336+0000][1968][gc,age       ] GC(5) - age   3:    1685856 bytes,    3915592 total
[2022-06-16T19:53:28.336+0000][1968][gc,age       ] GC(5) - age   4:    1674288 bytes,    5589880 total
[2022-06-16T19:53:28.336+0000][1968][gc,heap      ] GC(5) ParNew: 142843K->7803K(153344K)
[2022-06-16T19:53:28.336+0000][1968][gc,heap      ] GC(5) CMS: 8930K->8930K(878208K)
[2022-06-16T19:53:28.336+0000][1968][gc,metaspace ] GC(5) Metaspace: 26558K->26558K(1073152K)
[2022-06-16T19:53:28.336+0000][1968][gc           ] GC(5) Pause Young (Allocation Failure) 148M->16M(1007M) 7.613ms
[2022-06-16T19:53:28.336+0000][1968][gc,cpu       ] GC(5) User=0.00s Sys=0.00s Real=0.00s
[2022-06-16T19:53:28.336+0000][1968][safepoint    ] Leaving safepoint region
[2022-06-16T19:53:28.336+0000][1968][safepoint    ] Total time for which application threads were stopped: 0.0077596 seconds, Stopping threads took: 0.0000227 seconds
[2022-06-16T19:53:28.336+0000][1968][safepoint    ] Application time: 0.0000601 seconds
[2022-06-16T19:53:28.336+0000][1968][safepoint    ] Entering safepoint region: RevokeBias
[2022-06-16T19:53:28.336+0000][1968][safepoint    ] Leaving safepoint region
[2022-06-16T19:53:28.336+0000][1968][safepoint    ] Total time for which application threads were stopped: 0.0001402 seconds, Stopping threads took: 0.0000216 seconds
[2022-06-16T19:53:28.336+0000][1968][safepoint    ] Application time: 0.0000371 seconds
[2022-06-16T19:53:28.336+0000][1968][safepoint    ] Entering safepoint region: RevokeBias
[2022-06-16T19:53:28.336+0000][1968][safepoint    ] Leaving safepoint region
[2022-06-16T19:53:28.336+0000][1968][safepoint    ] Total time for which application threads were stopped: 0.0000736 seconds, Stopping threads took: 0.0000167 seconds
[2022-06-16T19:53:28.336+0000][1968][safepoint    ] Application time: 0.0000151 seconds
[2022-06-16T19:53:28.336+0000][1968][safepoint    ] Entering safepoint region: RevokeBias
[2022-06-16T19:53:28.336+0000][1968][safepoint    ] Leaving safepoint region
[2022-06-16T19:53:28.336+0000][1968][safepoint    ] Total time for which application threads were stopped: 0.0000676 seconds, Stopping threads took: 0.0000194 seconds
[2022-06-16T19:53:28.336+0000][1968][safepoint    ] Application time: 0.0000138 seconds
[2022-06-16T19:53:28.336+0000][1968][safepoint    ] Entering safepoint region: RevokeBias
[2022-06-16T19:53:28.336+0000][1968][safepoint    ] Leaving safepoint region
[2022-06-16T19:53:28.336+0000][1968][safepoint    ] Total time for which application threads were stopped: 0.0000767 seconds, Stopping threads took: 0.0000265 seconds
[2022-06-16T19:53:28.336+0000][1968][safepoint    ] Application time: 0.0000227 seconds
[2022-06-16T19:53:28.336+0000][1968][safepoint    ] Entering safepoint region: RevokeBias
[2022-06-16T19:53:28.336+0000][1968][safepoint    ] Leaving safepoint region
[2022-06-16T19:53:28.336+0000][1968][safepoint    ] Total time for which application threads were stopped: 0.0001165 seconds, Stopping threads took: 0.0000401 seconds
[2022-06-16T19:53:28.336+0000][1968][safepoint    ] Application time: 0.0000217 seconds
[2022-06-16T19:53:28.336+0000][1968][safepoint    ] Entering safepoint region: RevokeBias
[2022-06-16T19:53:28.336+0000][1968][safepoint    ] Leaving safepoint region
[2022-06-16T19:53:28.336+0000][1968][safepoint    ] Total time for which application threads were stopped: 0.0001130 seconds, Stopping threads took: 0.0000382 seconds
[2022-06-16T19:53:29.336+0000][1968][safepoint    ] Application time: 0.9907247 seconds
[2022-06-16T19:53:29.336+0000][1968][safepoint    ] Entering safepoint region: Cleanup
[2022-06-16T19:53:29.336+0000][1968][safepoint    ] Leaving safepoint region
[2022-06-16T19:53:29.336+0000][1968][safepoint    ] Total time for which application threads were stopped: 0.0002112 seconds, Stopping threads took: 0.0001449 seconds
[2022-06-16T19:53:29.336+0000][1968][safepoint    ] Application time: 0.0080492 seconds
[2022-06-16T19:53:29.336+0000][1968][safepoint    ] Entering safepoint region: GenCollectForAllocation
[2022-06-16T19:53:29.336+0000][1968][gc,start     ] GC(6) Pause Young (Allocation Failure)
[2022-06-16T19:53:29.336+0000][1968][gc,task      ] GC(6) Using 2 workers of 2 for evacuation
[2022-06-16T19:53:29.352+0000][1968][gc,age       ] GC(6) Desired survivor size 8716288 bytes, new threshold 6 (max threshold 6)
[2022-06-16T19:53:29.352+0000][1968][gc,age       ] GC(6) Age table with threshold 6 (max threshold 6)
[2022-06-16T19:53:29.352+0000][1968][gc,age       ] GC(6) - age   1:    2895168 bytes,    2895168 total
[2022-06-16T19:53:29.352+0000][1968][gc,age       ] GC(6) - age   2:    1761320 bytes,    4656488 total
[2022-06-16T19:53:29.352+0000][1968][gc,age       ] GC(6) - age   3:     288744 bytes,    4945232 total
[2022-06-16T19:53:29.352+0000][1968][gc,age       ] GC(6) - age   4:    1685856 bytes,    6631088 total
[2022-06-16T19:53:29.352+0000][1968][gc,age       ] GC(6) - age   5:    1673496 bytes,    8304584 total
[2022-06-16T19:53:29.352+0000][1968][gc,heap      ] GC(6) ParNew: 144123K->10789K(153344K)
[2022-06-16T19:53:29.352+0000][1968][gc,heap      ] GC(6) CMS: 8930K->8930K(878208K)
[2022-06-16T19:53:29.352+0000][1968][gc,metaspace ] GC(6) Metaspace: 26726K->26726K(1075200K)
[2022-06-16T19:53:29.352+0000][1968][gc           ] GC(6) Pause Young (Allocation Failure) 149M->19M(1007M) 22.516ms
[2022-06-16T19:53:29.352+0000][1968][gc,cpu       ] GC(6) User=0.02s Sys=0.00s Real=0.02s
[2022-06-16T19:53:29.352+0000][1968][safepoint    ] Leaving safepoint region
[2022-06-16T19:53:29.352+0000][1968][safepoint    ] Total time for which application threads were stopped: 0.0226745 seconds, Stopping threads took: 0.0000248 seconds
[2022-06-16T19:53:29.352+0000][1968][safepoint    ] Application time: 0.0000660 seconds
[2022-06-16T19:53:29.352+0000][1968][safepoint    ] Entering safepoint region: RevokeBias
[2022-06-16T19:53:29.368+0000][1968][safepoint    ] Leaving safepoint region
[2022-06-16T19:53:29.368+0000][1968][safepoint    ] Total time for which application threads were stopped: 0.0001604 seconds, Stopping threads took: 0.0000701 seconds
[2022-06-16T19:53:29.368+0000][1968][safepoint    ] Application time: 0.0000199 seconds
[2022-06-16T19:53:29.368+0000][1968][safepoint    ] Entering safepoint region: RevokeBias
[2022-06-16T19:53:29.368+0000][1968][safepoint    ] Leaving safepoint region
[2022-06-16T19:53:29.368+0000][1968][safepoint    ] Total time for which application threads were stopped: 0.0000808 seconds, Stopping threads took: 0.0000195 seconds
[2022-06-16T19:53:29.368+0000][1968][safepoint    ] Application time: 0.0000125 seconds
[2022-06-16T19:53:29.368+0000][1968][safepoint    ] Entering safepoint region: RevokeBias
[2022-06-16T19:53:29.368+0000][1968][safepoint    ] Leaving safepoint region
[2022-06-16T19:53:29.368+0000][1968][safepoint    ] Total time for which application threads were stopped: 0.0000695 seconds, Stopping threads took: 0.0000189 seconds
[2022-06-16T19:53:29.368+0000][1968][safepoint    ] Application time: 0.0000116 seconds
[2022-06-16T19:53:29.368+0000][1968][safepoint    ] Entering safepoint region: RevokeBias
[2022-06-16T19:53:29.368+0000][1968][safepoint    ] Leaving safepoint region
[2022-06-16T19:53:29.368+0000][1968][safepoint    ] Total time for which application threads were stopped: 0.0000683 seconds, Stopping threads took: 0.0000181 seconds
[2022-06-16T19:53:29.368+0000][1968][safepoint    ] Application time: 0.0000119 seconds
[2022-06-16T19:53:29.368+0000][1968][safepoint    ] Entering safepoint region: RevokeBias
[2022-06-16T19:53:29.368+0000][1968][safepoint    ] Leaving safepoint region
[2022-06-16T19:53:29.368+0000][1968][safepoint    ] Total time for which application threads were stopped: 0.0000673 seconds, Stopping threads took: 0.0000189 seconds
[2022-06-16T19:53:29.368+0000][1968][safepoint    ] Application time: 0.0000116 seconds
[2022-06-16T19:53:29.368+0000][1968][safepoint    ] Entering safepoint region: RevokeBias
[2022-06-16T19:53:29.368+0000][1968][safepoint    ] Leaving safepoint region
[2022-06-16T19:53:29.368+0000][1968][safepoint    ] Total time for which application threads were stopped: 0.0000661 seconds, Stopping threads took: 0.0000177 seconds
[2022-06-16T19:53:29.368+0000][1968][safepoint    ] Application time: 0.0000124 seconds
[2022-06-16T19:53:29.368+0000][1968][safepoint    ] Entering safepoint region: BulkRevokeBias
[2022-06-16T19:53:29.368+0000][1968][safepoint    ] Leaving safepoint region
[2022-06-16T19:53:29.368+0000][1968][safepoint    ] Total time for which application threads were stopped: 0.0000828 seconds, Stopping threads took: 0.0000191 seconds
[2022-06-16T19:53:30.133+0000][1968][safepoint    ] Application time: 0.7761718 seconds
[2022-06-16T19:53:30.133+0000][1968][safepoint    ] Entering safepoint region: GenCollectForAllocation
[2022-06-16T19:53:30.133+0000][1968][gc,start     ] GC(7) Pause Young (Allocation Failure)
[2022-06-16T19:53:30.133+0000][1968][gc,task      ] GC(7) Using 2 workers of 2 for evacuation
[2022-06-16T19:53:30.149+0000][1968][gc,age       ] GC(7) Desired survivor size 8716288 bytes, new threshold 6 (max threshold 6)
[2022-06-16T19:53:30.149+0000][1968][gc,age       ] GC(7) Age table with threshold 6 (max threshold 6)
[2022-06-16T19:53:30.149+0000][1968][gc,age       ] GC(7) - age   1:    1546904 bytes,    1546904 total
[2022-06-16T19:53:30.149+0000][1968][gc,age       ] GC(7) - age   2:     545456 bytes,    2092360 total
[2022-06-16T19:53:30.149+0000][1968][gc,age       ] GC(7) - age   3:    1761192 bytes,    3853552 total
[2022-06-16T19:53:30.149+0000][1968][gc,age       ] GC(7) - age   4:     288744 bytes,    4142296 total
[2022-06-16T19:53:30.149+0000][1968][gc,age       ] GC(7) - age   5:    1685712 bytes,    5828008 total
[2022-06-16T19:53:30.149+0000][1968][gc,age       ] GC(7) - age   6:    1673496 bytes,    7501504 total
[2022-06-16T19:53:30.149+0000][1968][gc,heap      ] GC(7) ParNew: 147109K->11146K(153344K)
[2022-06-16T19:53:30.149+0000][1968][gc,heap      ] GC(7) CMS: 8930K->8930K(878208K)
[2022-06-16T19:53:30.149+0000][1968][gc,metaspace ] GC(7) Metaspace: 26812K->26812K(1075200K)
[2022-06-16T19:53:30.149+0000][1968][gc           ] GC(7) Pause Young (Allocation Failure) 152M->19M(1007M) 10.791ms
[2022-06-16T19:53:30.149+0000][1968][gc,cpu       ] GC(7) User=0.02s Sys=0.00s Real=0.02s
[2022-06-16T19:53:30.149+0000][1968][safepoint    ] Leaving safepoint region
[2022-06-16T19:53:30.149+0000][1968][safepoint    ] Total time for which application threads were stopped: 0.0109842 seconds, Stopping threads took: 0.0000334 seconds
[2022-06-16T19:53:30.571+0000][1968][safepoint    ] Application time: 0.4289512 seconds
[2022-06-16T19:53:30.571+0000][1968][safepoint    ] Entering safepoint region: GenCollectForAllocation
[2022-06-16T19:53:30.571+0000][1968][gc,start     ] GC(8) Pause Young (Allocation Failure)
[2022-06-16T19:53:30.571+0000][1968][gc,task      ] GC(8) Using 2 workers of 2 for evacuation
[2022-06-16T19:53:30.602+0000][1968][gc,age       ] GC(8) Desired survivor size 8716288 bytes, new threshold 6 (max threshold 6)
[2022-06-16T19:53:30.602+0000][1968][gc,age       ] GC(8) Age table with threshold 6 (max threshold 6)
[2022-06-16T19:53:30.602+0000][1968][gc,age       ] GC(8) - age   1:     336200 bytes,     336200 total
[2022-06-16T19:53:30.602+0000][1968][gc,age       ] GC(8) - age   2:    1527256 bytes,    1863456 total
[2022-06-16T19:53:30.602+0000][1968][gc,age       ] GC(8) - age   3:     545352 bytes,    2408808 total
[2022-06-16T19:53:30.602+0000][1968][gc,age       ] GC(8) - age   4:    1760904 bytes,    4169712 total
[2022-06-16T19:53:30.602+0000][1968][gc,age       ] GC(8) - age   5:     288744 bytes,    4458456 total
[2022-06-16T19:53:30.602+0000][1968][gc,age       ] GC(8) - age   6:    1685712 bytes,    6144168 total
[2022-06-16T19:53:30.602+0000][1968][gc,heap      ] GC(8) ParNew: 147466K->7352K(153344K)
[2022-06-16T19:53:30.602+0000][1968][gc,heap      ] GC(8) CMS: 8930K->10580K(878208K)
[2022-06-16T19:53:30.602+0000][1968][gc,metaspace ] GC(8) Metaspace: 27253K->27253K(1075200K)
[2022-06-16T19:53:30.602+0000][1968][gc           ] GC(8) Pause Young (Allocation Failure) 152M->17M(1007M) 17.775ms
[2022-06-16T19:53:30.602+0000][1968][gc,cpu       ] GC(8) User=0.05s Sys=0.02s Real=0.03s
[2022-06-16T19:53:30.602+0000][1968][safepoint    ] Leaving safepoint region
[2022-06-16T19:53:30.602+0000][1968][safepoint    ] Total time for which application threads were stopped: 0.0179431 seconds, Stopping threads took: 0.0000250 seconds
[2022-06-16T19:53:31.133+0000][1968][safepoint    ] Application time: 0.5308766 seconds
[2022-06-16T19:53:31.133+0000][1968][safepoint    ] Entering safepoint region: GenCollectForAllocation
[2022-06-16T19:53:31.133+0000][1968][gc,start     ] GC(9) Pause Young (Allocation Failure)
[2022-06-16T19:53:31.133+0000][1968][gc,task      ] GC(9) Using 2 workers of 2 for evacuation
[2022-06-16T19:53:31.133+0000][1968][gc,age       ] GC(9) Desired survivor size 8716288 bytes, new threshold 6 (max threshold 6)
[2022-06-16T19:53:31.133+0000][1968][gc,age       ] GC(9) Age table with threshold 6 (max threshold 6)
[2022-06-16T19:53:31.133+0000][1968][gc,age       ] GC(9) - age   1:     846560 bytes,     846560 total
[2022-06-16T19:53:31.133+0000][1968][gc,age       ] GC(9) - age   2:     312136 bytes,    1158696 total
[2022-06-16T19:53:31.133+0000][1968][gc,age       ] GC(9) - age   3:    1527136 bytes,    2685832 total
[2022-06-16T19:53:31.133+0000][1968][gc,age       ] GC(9) - age   4:     545352 bytes,    3231184 total
[2022-06-16T19:53:31.133+0000][1968][gc,age       ] GC(9) - age   5:    1760904 bytes,    4992088 total
[2022-06-16T19:53:31.133+0000][1968][gc,age       ] GC(9) - age   6:     288744 bytes,    5280832 total
[2022-06-16T19:53:31.133+0000][1968][gc,heap      ] GC(9) ParNew: 143672K->6338K(153344K)
[2022-06-16T19:53:31.133+0000][1968][gc,heap      ] GC(9) CMS: 10580K->12240K(878208K)
[2022-06-16T19:53:31.133+0000][1968][gc,metaspace ] GC(9) Metaspace: 27497K->27497K(1075200K)
[2022-06-16T19:53:31.133+0000][1968][gc           ] GC(9) Pause Young (Allocation Failure) 150M->18M(1007M) 9.954ms
[2022-06-16T19:53:31.133+0000][1968][gc,cpu       ] GC(9) User=0.00s Sys=0.00s Real=0.00s
[2022-06-16T19:53:31.133+0000][1968][safepoint    ] Leaving safepoint region
[2022-06-16T19:53:31.133+0000][1968][safepoint    ] Total time for which application threads were stopped: 0.0101069 seconds, Stopping threads took: 0.0000201 seconds
[2022-06-16T19:53:31.415+0000][1968][safepoint    ] Application time: 0.2715265 seconds
[2022-06-16T19:53:31.415+0000][1968][safepoint    ] Entering safepoint region: GenCollectForAllocation
[2022-06-16T19:53:31.415+0000][1968][gc,start     ] GC(10) Pause Young (Allocation Failure)
[2022-06-16T19:53:31.415+0000][1968][gc,task      ] GC(10) Using 2 workers of 2 for evacuation
[2022-06-16T19:53:31.415+0000][1968][gc,age       ] GC(10) Desired survivor size 8716288 bytes, new threshold 6 (max threshold 6)
[2022-06-16T19:53:31.415+0000][1968][gc,age       ] GC(10) Age table with threshold 6 (max threshold 6)
[2022-06-16T19:53:31.415+0000][1968][gc,age       ] GC(10) - age   1:    2191224 bytes,    2191224 total
[2022-06-16T19:53:31.415+0000][1968][gc,age       ] GC(10) - age   2:     192240 bytes,    2383464 total
[2022-06-16T19:53:31.415+0000][1968][gc,age       ] GC(10) - age   3:     312136 bytes,    2695600 total
[2022-06-16T19:53:31.415+0000][1968][gc,age       ] GC(10) - age   4:    1527136 bytes,    4222736 total
[2022-06-16T19:53:31.415+0000][1968][gc,age       ] GC(10) - age   5:     545352 bytes,    4768088 total
[2022-06-16T19:53:31.415+0000][1968][gc,age       ] GC(10) - age   6:    1759920 bytes,    6528008 total
[2022-06-16T19:53:31.415+0000][1968][gc,heap      ] GC(10) ParNew: 142658K->8178K(153344K)
[2022-06-16T19:53:31.415+0000][1968][gc,heap      ] GC(10) CMS: 12240K->12524K(878208K)
[2022-06-16T19:53:31.415+0000][1968][gc,metaspace ] GC(10) Metaspace: 27718K->27718K(1075200K)
[2022-06-16T19:53:31.415+0000][1968][gc           ] GC(10) Pause Young (Allocation Failure) 151M->20M(1007M) 6.821ms
[2022-06-16T19:53:31.415+0000][1968][gc,cpu       ] GC(10) User=0.00s Sys=0.00s Real=0.00s
[2022-06-16T19:53:31.415+0000][1968][safepoint    ] Leaving safepoint region
[2022-06-16T19:53:31.415+0000][1968][safepoint    ] Total time for which application threads were stopped: 0.0069862 seconds, Stopping threads took: 0.0000215 seconds
[2022-06-16T19:53:32.071+0000][1968][safepoint    ] Application time: 0.6617616 seconds
[2022-06-16T19:53:32.071+0000][1968][safepoint    ] Entering safepoint region: GenCollectForAllocation
[2022-06-16T19:53:32.071+0000][1968][gc,start     ] GC(11) Pause Young (Allocation Failure)
[2022-06-16T19:53:32.071+0000][1968][gc,task      ] GC(11) Using 2 workers of 2 for evacuation
[2022-06-16T19:53:32.086+0000][1968][gc,age       ] GC(11) Desired survivor size 8716288 bytes, new threshold 6 (max threshold 6)
[2022-06-16T19:53:32.086+0000][1968][gc,age       ] GC(11) Age table with threshold 6 (max threshold 6)
[2022-06-16T19:53:32.086+0000][1968][gc,age       ] GC(11) - age   1:     743176 bytes,     743176 total
[2022-06-16T19:53:32.086+0000][1968][gc,age       ] GC(11) - age   2:     124032 bytes,     867208 total
[2022-06-16T19:53:32.086+0000][1968][gc,age       ] GC(11) - age   3:     192240 bytes,    1059448 total
[2022-06-16T19:53:32.086+0000][1968][gc,age       ] GC(11) - age   4:     311984 bytes,    1371432 total
[2022-06-16T19:53:32.086+0000][1968][gc,age       ] GC(11) - age   5:    1527136 bytes,    2898568 total
[2022-06-16T19:53:32.086+0000][1968][gc,age       ] GC(11) - age   6:     545352 bytes,    3443920 total
[2022-06-16T19:53:32.086+0000][1968][gc,heap      ] GC(11) ParNew: 144498K->6144K(153344K)
[2022-06-16T19:53:32.086+0000][1968][gc,heap      ] GC(11) CMS: 12524K->14251K(878208K)
[2022-06-16T19:53:32.086+0000][1968][gc,metaspace ] GC(11) Metaspace: 27761K->27761K(1075200K)
[2022-06-16T19:53:32.086+0000][1968][gc           ] GC(11) Pause Young (Allocation Failure) 153M->19M(1007M) 12.092ms
[2022-06-16T19:53:32.086+0000][1968][gc,cpu       ] GC(11) User=0.02s Sys=0.00s Real=0.01s
[2022-06-16T19:53:32.086+0000][1968][safepoint    ] Leaving safepoint region
[2022-06-16T19:53:32.086+0000][1968][safepoint    ] Total time for which application threads were stopped: 0.0122687 seconds, Stopping threads took: 0.0000255 seconds
[2022-06-16T19:53:32.727+0000][1968][safepoint    ] Application time: 0.6398077 seconds
[2022-06-16T19:53:32.727+0000][1968][safepoint    ] Entering safepoint region: GenCollectForAllocation
[2022-06-16T19:53:32.727+0000][1968][gc,start     ] GC(12) Pause Young (Allocation Failure)
[2022-06-16T19:53:32.727+0000][1968][gc,task      ] GC(12) Using 2 workers of 2 for evacuation
[2022-06-16T19:53:32.743+0000][1968][gc,age       ] GC(12) Desired survivor size 8716288 bytes, new threshold 6 (max threshold 6)
[2022-06-16T19:53:32.743+0000][1968][gc,age       ] GC(12) Age table with threshold 6 (max threshold 6)
[2022-06-16T19:53:32.743+0000][1968][gc,age       ] GC(12) - age   1:    1755240 bytes,    1755240 total
[2022-06-16T19:53:32.743+0000][1968][gc,age       ] GC(12) - age   2:      81464 bytes,    1836704 total
[2022-06-16T19:53:32.743+0000][1968][gc,age       ] GC(12) - age   3:     123968 bytes,    1960672 total
[2022-06-16T19:53:32.743+0000][1968][gc,age       ] GC(12) - age   4:     192240 bytes,    2152912 total
[2022-06-16T19:53:32.743+0000][1968][gc,age       ] GC(12) - age   5:     311984 bytes,    2464896 total
[2022-06-16T19:53:32.743+0000][1968][gc,age       ] GC(12) - age   6:    1527136 bytes,    3992032 total
[2022-06-16T19:53:32.743+0000][1968][gc,heap      ] GC(12) ParNew: 142464K->4195K(153344K)
[2022-06-16T19:53:32.743+0000][1968][gc,heap      ] GC(12) CMS: 14251K->14786K(878208K)
[2022-06-16T19:53:32.743+0000][1968][gc,metaspace ] GC(12) Metaspace: 27796K->27796K(1075200K)
[2022-06-16T19:53:32.743+0000][1968][gc           ] GC(12) Pause Young (Allocation Failure) 153M->18M(1007M) 6.808ms
[2022-06-16T19:53:32.743+0000][1968][gc,cpu       ] GC(12) User=0.03s Sys=0.00s Real=0.02s
[2022-06-16T19:53:32.743+0000][1968][safepoint    ] Leaving safepoint region
[2022-06-16T19:53:32.743+0000][1968][safepoint    ] Total time for which application threads were stopped: 0.0069891 seconds, Stopping threads took: 0.0000305 seconds
[2022-06-16T19:53:33.040+0000][1968][safepoint    ] Application time: 0.3104785 seconds
[2022-06-16T19:53:33.040+0000][1968][safepoint    ] Entering safepoint region: Deoptimize
[2022-06-16T19:53:33.040+0000][1968][safepoint    ] Leaving safepoint region
[2022-06-16T19:53:33.040+0000][1968][safepoint    ] Total time for which application threads were stopped: 0.0004724 seconds, Stopping threads took: 0.0000266 seconds
[2022-06-16T19:53:33.211+0000][1968][safepoint    ] Application time: 0.1589253 seconds
[2022-06-16T19:53:33.211+0000][1968][safepoint    ] Entering safepoint region: Deoptimize
[2022-06-16T19:53:33.211+0000][1968][safepoint    ] Leaving safepoint region
[2022-06-16T19:53:33.211+0000][1968][safepoint    ] Total time for which application threads were stopped: 0.0004876 seconds, Stopping threads took: 0.0000251 seconds
[2022-06-16T19:53:33.477+0000][1968][safepoint    ] Application time: 0.2684008 seconds
[2022-06-16T19:53:33.477+0000][1968][safepoint    ] Entering safepoint region: GenCollectForAllocation
[2022-06-16T19:53:33.477+0000][1968][gc,start     ] GC(13) Pause Young (Allocation Failure)
[2022-06-16T19:53:33.477+0000][1968][gc,task      ] GC(13) Using 2 workers of 2 for evacuation
[2022-06-16T19:53:33.493+0000][1968][gc,age       ] GC(13) Desired survivor size 8716288 bytes, new threshold 6 (max threshold 6)
[2022-06-16T19:53:33.493+0000][1968][gc,age       ] GC(13) Age table with threshold 6 (max threshold 6)
[2022-06-16T19:53:33.493+0000][1968][gc,age       ] GC(13) - age   1:    3290304 bytes,    3290304 total
[2022-06-16T19:53:33.493+0000][1968][gc,age       ] GC(13) - age   2:     265728 bytes,    3556032 total
[2022-06-16T19:53:33.493+0000][1968][gc,age       ] GC(13) - age   3:      81360 bytes,    3637392 total
[2022-06-16T19:53:33.493+0000][1968][gc,age       ] GC(13) - age   4:     123968 bytes,    3761360 total
[2022-06-16T19:53:33.493+0000][1968][gc,age       ] GC(13) - age   5:     192176 bytes,    3953536 total
[2022-06-16T19:53:33.493+0000][1968][gc,age       ] GC(13) - age   6:     311984 bytes,    4265520 total
[2022-06-16T19:53:33.493+0000][1968][gc,heap      ] GC(13) ParNew: 140515K->5435K(153344K)
[2022-06-16T19:53:33.493+0000][1968][gc,heap      ] GC(13) CMS: 14786K->16279K(878208K)
[2022-06-16T19:53:33.493+0000][1968][gc,metaspace ] GC(13) Metaspace: 29648K->29648K(1077248K)
[2022-06-16T19:53:33.493+0000][1968][gc           ] GC(13) Pause Young (Allocation Failure) 151M->21M(1007M) 16.886ms
[2022-06-16T19:53:33.493+0000][1968][gc,cpu       ] GC(13) User=0.02s Sys=0.00s Real=0.02s
[2022-06-16T19:53:33.493+0000][1968][safepoint    ] Leaving safepoint region
[2022-06-16T19:53:33.493+0000][1968][safepoint    ] Total time for which application threads were stopped: 0.0170890 seconds, Stopping threads took: 0.0000289 seconds
[2022-06-16T19:53:33.774+0000][1968][safepoint    ] Application time: 0.2796838 seconds
[2022-06-16T19:53:33.774+0000][1968][safepoint    ] Entering safepoint region: GenCollectForAllocation
[2022-06-16T19:53:33.774+0000][1968][gc,start     ] GC(14) Pause Young (Allocation Failure)
[2022-06-16T19:53:33.774+0000][1968][gc,task      ] GC(14) Using 2 workers of 2 for evacuation
[2022-06-16T19:53:33.774+0000][1968][gc,age       ] GC(14) Desired survivor size 8716288 bytes, new threshold 6 (max threshold 6)
[2022-06-16T19:53:33.774+0000][1968][gc,age       ] GC(14) Age table with threshold 6 (max threshold 6)
[2022-06-16T19:53:33.774+0000][1968][gc,age       ] GC(14) - age   1:     670536 bytes,     670536 total
[2022-06-16T19:53:33.774+0000][1968][gc,age       ] GC(14) - age   2:    1480976 bytes,    2151512 total
[2022-06-16T19:53:33.774+0000][1968][gc,age       ] GC(14) - age   3:     265728 bytes,    2417240 total
[2022-06-16T19:53:33.774+0000][1968][gc,age       ] GC(14) - age   4:      81360 bytes,    2498600 total
[2022-06-16T19:53:33.774+0000][1968][gc,age       ] GC(14) - age   5:     123904 bytes,    2622504 total
[2022-06-16T19:53:33.774+0000][1968][gc,age       ] GC(14) - age   6:     192176 bytes,    2814680 total
[2022-06-16T19:53:33.774+0000][1968][gc,heap      ] GC(14) ParNew: 141755K->6044K(153344K)
[2022-06-16T19:53:33.774+0000][1968][gc,heap      ] GC(14) CMS: 16279K->16587K(878208K)
[2022-06-16T19:53:33.774+0000][1968][gc,metaspace ] GC(14) Metaspace: 29849K->29849K(1077248K)
[2022-06-16T19:53:33.774+0000][1968][gc           ] GC(14) Pause Young (Allocation Failure) 154M->22M(1007M) 5.758ms
[2022-06-16T19:53:33.774+0000][1968][gc,cpu       ] GC(14) User=0.00s Sys=0.00s Real=0.00s
[2022-06-16T19:53:33.774+0000][1968][safepoint    ] Leaving safepoint region
[2022-06-16T19:53:33.774+0000][1968][safepoint    ] Total time for which application threads were stopped: 0.0059137 seconds, Stopping threads took: 0.0000220 seconds
[2022-06-16T19:53:34.133+0000][1968][safepoint    ] Application time: 0.3601037 seconds
[2022-06-16T19:53:34.133+0000][1968][safepoint    ] Entering safepoint region: GenCollectForAllocation
[2022-06-16T19:53:34.133+0000][1968][gc,start     ] GC(15) Pause Young (Allocation Failure)
[2022-06-16T19:53:34.133+0000][1968][gc,task      ] GC(15) Using 2 workers of 2 for evacuation
[2022-06-16T19:53:34.149+0000][1968][gc,age       ] GC(15) Desired survivor size 8716288 bytes, new threshold 6 (max threshold 6)
[2022-06-16T19:53:34.149+0000][1968][gc,age       ] GC(15) Age table with threshold 6 (max threshold 6)
[2022-06-16T19:53:34.149+0000][1968][gc,age       ] GC(15) - age   1:     882528 bytes,     882528 total
[2022-06-16T19:53:34.149+0000][1968][gc,age       ] GC(15) - age   2:     472488 bytes,    1355016 total
[2022-06-16T19:53:34.149+0000][1968][gc,age       ] GC(15) - age   3:    1480976 bytes,    2835992 total
[2022-06-16T19:53:34.149+0000][1968][gc,age       ] GC(15) - age   4:     265728 bytes,    3101720 total
[2022-06-16T19:53:34.149+0000][1968][gc,age       ] GC(15) - age   5:      81144 bytes,    3182864 total
[2022-06-16T19:53:34.149+0000][1968][gc,age       ] GC(15) - age   6:     123904 bytes,    3306768 total
[2022-06-16T19:53:34.149+0000][1968][gc,heap      ] GC(15) ParNew: 142364K->4192K(153344K)
[2022-06-16T19:53:34.149+0000][1968][gc,heap      ] GC(15) CMS: 16587K->16784K(878208K)
[2022-06-16T19:53:34.149+0000][1968][gc,metaspace ] GC(15) Metaspace: 29923K->29923K(1077248K)
[2022-06-16T19:53:34.149+0000][1968][gc           ] GC(15) Pause Young (Allocation Failure) 155M->20M(1007M) 6.108ms
[2022-06-16T19:53:34.149+0000][1968][gc,cpu       ] GC(15) User=0.03s Sys=0.00s Real=0.02s
[2022-06-16T19:53:34.149+0000][1968][safepoint    ] Leaving safepoint region
[2022-06-16T19:53:34.149+0000][1968][safepoint    ] Total time for which application threads were stopped: 0.0062649 seconds, Stopping threads took: 0.0000214 seconds
[2022-06-16T19:53:34.586+0000][1968][safepoint    ] Application time: 0.4492835 seconds
[2022-06-16T19:53:34.586+0000][1968][safepoint    ] Entering safepoint region: GenCollectForAllocation
[2022-06-16T19:53:34.586+0000][1968][gc,start     ] GC(16) Pause Young (Allocation Failure)
[2022-06-16T19:53:34.586+0000][1968][gc,task      ] GC(16) Using 2 workers of 2 for evacuation
[2022-06-16T19:53:34.602+0000][1968][gc,age       ] GC(16) Desired survivor size 8716288 bytes, new threshold 6 (max threshold 6)
[2022-06-16T19:53:34.602+0000][1968][gc,age       ] GC(16) Age table with threshold 6 (max threshold 6)
[2022-06-16T19:53:34.602+0000][1968][gc,age       ] GC(16) - age   1:     213384 bytes,     213384 total
[2022-06-16T19:53:34.602+0000][1968][gc,age       ] GC(16) - age   2:     230416 bytes,     443800 total
[2022-06-16T19:53:34.602+0000][1968][gc,age       ] GC(16) - age   3:     472488 bytes,     916288 total
[2022-06-16T19:53:34.602+0000][1968][gc,age       ] GC(16) - age   4:    1480976 bytes,    2397264 total
[2022-06-16T19:53:34.602+0000][1968][gc,age       ] GC(16) - age   5:     265728 bytes,    2662992 total
[2022-06-16T19:53:34.602+0000][1968][gc,age       ] GC(16) - age   6:      81144 bytes,    2744136 total
[2022-06-16T19:53:34.602+0000][1968][gc,heap      ] GC(16) ParNew: 140512K->4439K(153344K)
[2022-06-16T19:53:34.602+0000][1968][gc,heap      ] GC(16) CMS: 16784K->16908K(878208K)
[2022-06-16T19:53:34.602+0000][1968][gc,metaspace ] GC(16) Metaspace: 29932K->29932K(1077248K)
[2022-06-16T19:53:34.602+0000][1968][gc           ] GC(16) Pause Young (Allocation Failure) 153M->20M(1007M) 5.407ms
[2022-06-16T19:53:34.602+0000][1968][gc,cpu       ] GC(16) User=0.03s Sys=0.00s Real=0.02s
[2022-06-16T19:53:34.602+0000][1968][safepoint    ] Leaving safepoint region
[2022-06-16T19:53:34.602+0000][1968][safepoint    ] Total time for which application threads were stopped: 0.0055762 seconds, Stopping threads took: 0.0000277 seconds
[2022-06-16T19:53:35.618+0000][1968][safepoint    ] Application time: 1.0112828 seconds
[2022-06-16T19:53:35.618+0000][1968][safepoint    ] Entering safepoint region: Cleanup
[2022-06-16T19:53:35.618+0000][1968][safepoint    ] Leaving safepoint region
[2022-06-16T19:53:35.618+0000][1968][safepoint    ] Total time for which application threads were stopped: 0.0017523 seconds, Stopping threads took: 0.0017037 seconds
[2022-06-16T19:53:35.618+0000][1968][safepoint    ] Application time: 0.0128515 seconds
[2022-06-16T19:53:35.618+0000][1968][safepoint    ] Entering safepoint region: GenCollectForAllocation
[2022-06-16T19:53:35.618+0000][1968][gc,start     ] GC(17) Pause Young (Allocation Failure)
[2022-06-16T19:53:35.618+0000][1968][gc,task      ] GC(17) Using 2 workers of 2 for evacuation
[2022-06-16T19:53:35.633+0000][1968][gc,age       ] GC(17) Desired survivor size 8716288 bytes, new threshold 6 (max threshold 6)
[2022-06-16T19:53:35.633+0000][1968][gc,age       ] GC(17) Age table with threshold 6 (max threshold 6)
[2022-06-16T19:53:35.633+0000][1968][gc,age       ] GC(17) - age   1:    2151808 bytes,    2151808 total
[2022-06-16T19:53:35.633+0000][1968][gc,age       ] GC(17) - age   2:      44648 bytes,    2196456 total
[2022-06-16T19:53:35.633+0000][1968][gc,age       ] GC(17) - age   3:     230416 bytes,    2426872 total
[2022-06-16T19:53:35.633+0000][1968][gc,age       ] GC(17) - age   4:     472488 bytes,    2899360 total
[2022-06-16T19:53:35.633+0000][1968][gc,age       ] GC(17) - age   5:    1480888 bytes,    4380248 total
[2022-06-16T19:53:35.633+0000][1968][gc,age       ] GC(17) - age   6:     265728 bytes,    4645976 total
[2022-06-16T19:53:35.633+0000][1968][gc,heap      ] GC(17) ParNew: 140759K->5126K(153344K)
[2022-06-16T19:53:35.633+0000][1968][gc,heap      ] GC(17) CMS: 16908K->16989K(878208K)
[2022-06-16T19:53:35.633+0000][1968][gc,metaspace ] GC(17) Metaspace: 29985K->29985K(1077248K)
[2022-06-16T19:53:35.633+0000][1968][gc           ] GC(17) Pause Young (Allocation Failure) 153M->21M(1007M) 7.503ms
[2022-06-16T19:53:35.633+0000][1968][gc,cpu       ] GC(17) User=0.03s Sys=0.00s Real=0.01s
[2022-06-16T19:53:35.633+0000][1968][safepoint    ] Leaving safepoint region
[2022-06-16T19:53:35.633+0000][1968][safepoint    ] Total time for which application threads were stopped: 0.0076482 seconds, Stopping threads took: 0.0000188 seconds
[2022-06-16T19:53:35.961+0000][1968][safepoint    ] Application time: 0.3350689 seconds
[2022-06-16T19:53:35.961+0000][1968][safepoint    ] Entering safepoint region: RevokeBias
[2022-06-16T19:53:35.961+0000][1968][safepoint    ] Leaving safepoint region
[2022-06-16T19:53:35.961+0000][1968][safepoint    ] Total time for which application threads were stopped: 0.0002084 seconds, Stopping threads took: 0.0000257 seconds
[2022-06-16T19:53:35.977+0000][1968][safepoint    ] Application time: 0.0066821 seconds
[2022-06-16T19:53:35.977+0000][1968][safepoint    ] Entering safepoint region: RevokeBias
[2022-06-16T19:53:35.977+0000][1968][safepoint    ] Leaving safepoint region
[2022-06-16T19:53:35.977+0000][1968][safepoint    ] Total time for which application threads were stopped: 0.0001139 seconds, Stopping threads took: 0.0000258 seconds
[2022-06-16T19:53:36.086+0000][1968][safepoint    ] Application time: 0.1100991 seconds
[2022-06-16T19:53:36.086+0000][1968][safepoint    ] Entering safepoint region: Deoptimize
[2022-06-16T19:53:36.086+0000][1968][safepoint    ] Leaving safepoint region
[2022-06-16T19:53:36.086+0000][1968][safepoint    ] Total time for which application threads were stopped: 0.0004706 seconds, Stopping threads took: 0.0000211 seconds
[2022-06-16T19:53:37.102+0000][1968][safepoint    ] Application time: 1.0092671 seconds
[2022-06-16T19:53:37.102+0000][1968][safepoint    ] Entering safepoint region: Cleanup
[2022-06-16T19:53:37.102+0000][1968][safepoint    ] Leaving safepoint region
[2022-06-16T19:53:37.102+0000][1968][safepoint    ] Total time for which application threads were stopped: 0.0000667 seconds, Stopping threads took: 0.0000194 seconds
[2022-06-16T19:53:38.102+0000][1968][safepoint    ] Application time: 0.9998080 seconds
[2022-06-16T19:53:38.102+0000][1968][safepoint    ] Entering safepoint region: Cleanup
[2022-06-16T19:53:38.102+0000][1968][safepoint    ] Leaving safepoint region
[2022-06-16T19:53:38.102+0000][1968][safepoint    ] Total time for which application threads were stopped: 0.0001215 seconds, Stopping threads took: 0.0000257 seconds
[2022-06-16T19:53:39.118+0000][1968][safepoint    ] Application time: 1.0153963 seconds
[2022-06-16T19:53:39.227+0000][1968][safepoint    ] Entering safepoint region: Cleanup
[2022-06-16T19:53:39.227+0000][1968][safepoint    ] Leaving safepoint region
[2022-06-16T19:53:39.227+0000][1968][safepoint    ] Total time for which application threads were stopped: 0.1239576 seconds, Stopping threads took: 0.1237393 seconds
[2022-06-16T19:53:39.227+0000][1968][safepoint    ] Application time: 0.0003849 seconds
[2022-06-16T19:53:39.227+0000][1968][safepoint    ] Entering safepoint region: RevokeBias
[2022-06-16T19:53:39.227+0000][1968][safepoint    ] Leaving safepoint region
[2022-06-16T19:53:39.227+0000][1968][safepoint    ] Total time for which application threads were stopped: 0.0001192 seconds, Stopping threads took: 0.0000230 seconds
[2022-06-16T19:53:39.227+0000][1968][safepoint    ] Application time: 0.0001214 seconds
[2022-06-16T19:53:39.227+0000][1968][safepoint    ] Entering safepoint region: RevokeBias
[2022-06-16T19:53:39.227+0000][1968][safepoint    ] Leaving safepoint region
[2022-06-16T19:53:39.227+0000][1968][safepoint    ] Total time for which application threads were stopped: 0.0000945 seconds, Stopping threads took: 0.0000194 seconds
[2022-06-16T19:53:39.227+0000][1968][safepoint    ] Application time: 0.0000317 seconds
[2022-06-16T19:53:39.227+0000][1968][safepoint    ] Entering safepoint region: RevokeBias
[2022-06-16T19:53:39.243+0000][1968][safepoint    ] Leaving safepoint region
[2022-06-16T19:53:39.243+0000][1968][safepoint    ] Total time for which application threads were stopped: 0.0001246 seconds, Stopping threads took: 0.0000189 seconds
[2022-06-16T19:53:39.243+0000][1968][safepoint    ] Application time: 0.0003012 seconds
[2022-06-16T19:53:39.243+0000][1968][safepoint    ] Entering safepoint region: GenCollectForAllocation
[2022-06-16T19:53:39.243+0000][1968][gc,start     ] GC(18) Pause Young (Allocation Failure)
[2022-06-16T19:53:39.243+0000][1968][gc,task      ] GC(18) Using 2 workers of 2 for evacuation
[2022-06-16T19:53:39.258+0000][1968][gc,age       ] GC(18) Desired survivor size 8716288 bytes, new threshold 6 (max threshold 6)
[2022-06-16T19:53:39.258+0000][1968][gc,age       ] GC(18) Age table with threshold 6 (max threshold 6)
[2022-06-16T19:53:39.258+0000][1968][gc,age       ] GC(18) - age   1:    2149976 bytes,    2149976 total
[2022-06-16T19:53:39.258+0000][1968][gc,age       ] GC(18) - age   2:     286408 bytes,    2436384 total
[2022-06-16T19:53:39.258+0000][1968][gc,age       ] GC(18) - age   3:      44288 bytes,    2480672 total
[2022-06-16T19:53:39.258+0000][1968][gc,age       ] GC(18) - age   4:     230304 bytes,    2710976 total
[2022-06-16T19:53:39.258+0000][1968][gc,age       ] GC(18) - age   5:     471864 bytes,    3182840 total
[2022-06-16T19:53:39.258+0000][1968][gc,age       ] GC(18) - age   6:    1477992 bytes,    4660832 total
[2022-06-16T19:53:39.258+0000][1968][gc,heap      ] GC(18) ParNew: 141446K->7372K(153344K)
[2022-06-16T19:53:39.258+0000][1968][gc,heap      ] GC(18) CMS: 16989K->17249K(878208K)
[2022-06-16T19:53:39.258+0000][1968][gc,metaspace ] GC(18) Metaspace: 35709K->35709K(1083392K)
[2022-06-16T19:53:39.258+0000][1968][gc           ] GC(18) Pause Young (Allocation Failure) 154M->24M(1007M) 17.866ms
[2022-06-16T19:53:39.258+0000][1968][gc,cpu       ] GC(18) User=0.02s Sys=0.00s Real=0.01s
[2022-06-16T19:53:39.258+0000][1968][safepoint    ] Leaving safepoint region
[2022-06-16T19:53:39.258+0000][1968][safepoint    ] Total time for which application threads were stopped: 0.0180224 seconds, Stopping threads took: 0.0000224 seconds
[2022-06-16T19:53:39.368+0000][1968][safepoint    ] Application time: 0.1186327 seconds
[2022-06-16T19:53:39.368+0000][1968][safepoint    ] Entering safepoint region: CollectForMetadataAllocation
[2022-06-16T19:53:39.368+0000][1968][safepoint    ] Leaving safepoint region
[2022-06-16T19:53:39.368+0000][1968][safepoint    ] Total time for which application threads were stopped: 0.0001388 seconds, Stopping threads took: 0.0000259 seconds
[2022-06-16T19:53:39.383+0000][1968][safepoint    ] Application time: 0.0118524 seconds
[2022-06-16T19:53:39.383+0000][1968][safepoint    ] Entering safepoint region: CollectForMetadataAllocation
[2022-06-16T19:53:39.383+0000][1968][safepoint    ] Leaving safepoint region
[2022-06-16T19:53:39.383+0000][1968][safepoint    ] Total time for which application threads were stopped: 0.0001740 seconds, Stopping threads took: 0.0000250 seconds
[2022-06-16T19:53:39.399+0000][1968][safepoint    ] Application time: 0.0216970 seconds
[2022-06-16T19:53:39.399+0000][1968][safepoint    ] Entering safepoint region: CollectForMetadataAllocation
[2022-06-16T19:53:39.399+0000][1968][safepoint    ] Leaving safepoint region
[2022-06-16T19:53:39.399+0000][1968][safepoint    ] Total time for which application threads were stopped: 0.0001788 seconds, Stopping threads took: 0.0000259 seconds
[2022-06-16T19:53:39.430+0000][1968][safepoint    ] Application time: 0.0263474 seconds
[2022-06-16T19:53:39.430+0000][1968][safepoint    ] Entering safepoint region: CollectForMetadataAllocation
[2022-06-16T19:53:39.430+0000][1968][safepoint    ] Leaving safepoint region
[2022-06-16T19:53:39.430+0000][1968][safepoint    ] Total time for which application threads were stopped: 0.0002114 seconds, Stopping threads took: 0.0000339 seconds
[2022-06-16T19:53:39.446+0000][1968][safepoint    ] Application time: 0.0132967 seconds
[2022-06-16T19:53:39.446+0000][1968][safepoint    ] Entering safepoint region: CollectForMetadataAllocation
[2022-06-16T19:53:39.446+0000][1968][safepoint    ] Leaving safepoint region
[2022-06-16T19:53:39.446+0000][1968][safepoint    ] Total time for which application threads were stopped: 0.0001719 seconds, Stopping threads took: 0.0000286 seconds
[2022-06-16T19:53:39.461+0000][1968][safepoint    ] Application time: 0.0177136 seconds
[2022-06-16T19:53:39.618+0000][1968][safepoint    ] Entering safepoint region: CollectForMetadataAllocation
[2022-06-16T19:53:39.618+0000][1968][safepoint    ] Leaving safepoint region
[2022-06-16T19:53:39.618+0000][1968][safepoint    ] Total time for which application threads were stopped: 0.1538783 seconds, Stopping threads took: 0.1536836 seconds
[2022-06-16T19:53:39.618+0000][1968][safepoint    ] Application time: 0.0020500 seconds
[2022-06-16T19:53:39.618+0000][1968][safepoint    ] Entering safepoint region: Deoptimize
[2022-06-16T19:53:39.618+0000][1968][safepoint    ] Leaving safepoint region
[2022-06-16T19:53:39.618+0000][1968][safepoint    ] Total time for which application threads were stopped: 0.0004821 seconds, Stopping threads took: 0.0000248 seconds
[2022-06-16T19:53:39.680+0000][1968][safepoint    ] Application time: 0.0572070 seconds
[2022-06-16T19:53:39.680+0000][1968][safepoint    ] Entering safepoint region: CollectForMetadataAllocation
[2022-06-16T19:53:39.680+0000][1968][safepoint    ] Leaving safepoint region
[2022-06-16T19:53:39.680+0000][1968][safepoint    ] Total time for which application threads were stopped: 0.0001597 seconds, Stopping threads took: 0.0000248 seconds
[2022-06-16T19:53:39.680+0000][1968][safepoint    ] Application time: 0.0019129 seconds
[2022-06-16T19:53:39.680+0000][1968][safepoint    ] Entering safepoint region: Deoptimize
[2022-06-16T19:53:39.680+0000][1968][safepoint    ] Leaving safepoint region
[2022-06-16T19:53:39.680+0000][1968][safepoint    ] Total time for which application threads were stopped: 0.0004564 seconds, Stopping threads took: 0.0000237 seconds
[2022-06-16T19:53:39.680+0000][1968][safepoint    ] Application time: 0.0064104 seconds
[2022-06-16T19:53:39.680+0000][1968][safepoint    ] Entering safepoint region: Deoptimize
[2022-06-16T19:53:39.680+0000][1968][safepoint    ] Leaving safepoint region
[2022-06-16T19:53:39.680+0000][1968][safepoint    ] Total time for which application threads were stopped: 0.0004749 seconds, Stopping threads took: 0.0000361 seconds
[2022-06-16T19:53:39.696+0000][1968][safepoint    ] Application time: 0.0154959 seconds
[2022-06-16T19:53:39.696+0000][1968][safepoint    ] Entering safepoint region: CollectForMetadataAllocation
[2022-06-16T19:53:39.696+0000][1968][safepoint    ] Leaving safepoint region
[2022-06-16T19:53:39.696+0000][1968][safepoint    ] Total time for which application threads were stopped: 0.0001838 seconds, Stopping threads took: 0.0000254 seconds
[2022-06-16T19:53:39.774+0000][1968][safepoint    ] Application time: 0.0735810 seconds
[2022-06-16T19:53:39.774+0000][1968][safepoint    ] Entering safepoint region: CollectForMetadataAllocation
[2022-06-16T19:53:39.774+0000][1968][safepoint    ] Leaving safepoint region
[2022-06-16T19:53:39.774+0000][1968][safepoint    ] Total time for which application threads were stopped: 0.0002171 seconds, Stopping threads took: 0.0000275 seconds
[2022-06-16T19:53:39.789+0000][1968][safepoint    ] Application time: 0.0172861 seconds
[2022-06-16T19:53:39.789+0000][1968][safepoint    ] Entering safepoint region: RevokeBias
[2022-06-16T19:53:39.789+0000][1968][safepoint    ] Leaving safepoint region
[2022-06-16T19:53:39.789+0000][1968][safepoint    ] Total time for which application threads were stopped: 0.0000877 seconds, Stopping threads took: 0.0000275 seconds
[2022-06-16T19:53:39.914+0000][1968][safepoint    ] Application time: 0.1184513 seconds
[2022-06-16T19:53:39.914+0000][1968][safepoint    ] Entering safepoint region: CollectForMetadataAllocation
[2022-06-16T19:53:39.914+0000][1968][safepoint    ] Leaving safepoint region
[2022-06-16T19:53:39.914+0000][1968][safepoint    ] Total time for which application threads were stopped: 0.0002147 seconds, Stopping threads took: 0.0000273 seconds
[2022-06-16T19:53:39.930+0000][1968][safepoint    ] Application time: 0.0246914 seconds
[2022-06-16T19:53:39.946+0000][1968][safepoint    ] Entering safepoint region: CollectForMetadataAllocation
[2022-06-16T19:53:39.946+0000][1968][safepoint    ] Leaving safepoint region
[2022-06-16T19:53:39.946+0000][1968][safepoint    ] Total time for which application threads were stopped: 0.0001834 seconds, Stopping threads took: 0.0000263 seconds
[2022-06-16T19:53:40.961+0000][1968][safepoint    ] Application time: 1.0154823 seconds
[2022-06-16T19:53:41.133+0000][1968][safepoint    ] Entering safepoint region: Cleanup
[2022-06-16T19:53:41.133+0000][1968][safepoint    ] Leaving safepoint region
[2022-06-16T19:53:41.133+0000][1968][safepoint    ] Total time for which application threads were stopped: 0.1778148 seconds, Stopping threads took: 0.1777153 seconds
[2022-06-16T19:53:41.274+0000][1968][safepoint    ] Application time: 0.1346549 seconds
[2022-06-16T19:53:41.274+0000][1968][safepoint    ] Entering safepoint region: CMS_Initial_Mark
[2022-06-16T19:53:41.274+0000][1968][gc,start     ] GC(19) Pause Initial Mark
[2022-06-16T19:53:41.321+0000][1968][gc           ] GC(19) Pause Initial Mark 124M->124M(1007M) 50.497ms
[2022-06-16T19:53:41.321+0000][1968][gc,cpu       ] GC(19) User=0.09s Sys=0.00s Real=0.05s
[2022-06-16T19:53:41.321+0000][1968][safepoint    ] Leaving safepoint region
[2022-06-16T19:53:41.321+0000][1968][safepoint    ] Total time for which application threads were stopped: 0.0508562 seconds, Stopping threads took: 0.0002145 seconds
[2022-06-16T19:53:41.321+0000][1968][gc           ] GC(19) Concurrent Mark
[2022-06-16T19:53:41.336+0000][1968][gc           ] GC(19) Concurrent Mark 20.977ms
[2022-06-16T19:53:41.336+0000][1968][gc,cpu       ] GC(19) User=0.03s Sys=0.00s Real=0.01s
[2022-06-16T19:53:41.336+0000][1968][gc           ] GC(19) Concurrent Preclean
[2022-06-16T19:53:41.336+0000][1968][gc           ] GC(19) Concurrent Preclean 3.030ms
[2022-06-16T19:53:41.336+0000][1968][gc,cpu       ] GC(19) User=0.00s Sys=0.00s Real=0.00s
[2022-06-16T19:53:41.336+0000][1968][gc           ] GC(19) Concurrent Abortable Preclean
[2022-06-16T19:53:41.430+0000][1968][safepoint    ] Application time: 0.1084272 seconds
[2022-06-16T19:53:41.633+0000][1968][safepoint    ] Entering safepoint region: CollectForMetadataAllocation
[2022-06-16T19:53:41.633+0000][1968][safepoint    ] Leaving safepoint region
[2022-06-16T19:53:41.633+0000][1968][safepoint    ] Total time for which application threads were stopped: 0.2088543 seconds, Stopping threads took: 0.2086697 seconds
[2022-06-16T19:53:42.086+0000][1968][safepoint    ] Application time: 0.4566003 seconds
[2022-06-16T19:53:42.086+0000][1968][safepoint    ] Entering safepoint region: GenCollectForAllocation
[2022-06-16T19:53:42.086+0000][1968][gc,start     ] GC(20) Pause Young (Allocation Failure)
[2022-06-16T19:53:42.086+0000][1968][gc,task      ] GC(20) Using 2 workers of 2 for evacuation
[2022-06-16T19:53:42.133+0000][1968][gc,age       ] GC(20) Desired survivor size 8716288 bytes, new threshold 1 (max threshold 6)
[2022-06-16T19:53:42.133+0000][1968][gc,age       ] GC(20) Age table with threshold 1 (max threshold 6)
[2022-06-16T19:53:42.133+0000][1968][gc,age       ] GC(20) - age   1:   14047152 bytes,   14047152 total
[2022-06-16T19:53:42.133+0000][1968][gc,age       ] GC(20) - age   2:    2077576 bytes,   16124728 total
[2022-06-16T19:53:42.133+0000][1968][gc,age       ] GC(20) - age   3:     285920 bytes,   16410648 total
[2022-06-16T19:53:42.133+0000][1968][gc,age       ] GC(20) - age   4:      44288 bytes,   16454936 total
[2022-06-16T19:53:42.133+0000][1968][gc,age       ] GC(20) - age   5:     229000 bytes,   16683936 total
[2022-06-16T19:53:42.133+0000][1968][gc,age       ] GC(20) - age   6:     470224 bytes,   17154160 total
[2022-06-16T19:53:42.133+0000][1968][gc,heap      ] GC(20) ParNew: 143692K->17024K(153344K)
[2022-06-16T19:53:42.133+0000][1968][gc,heap      ] GC(20) CMS: 17249K->18702K(878208K)
[2022-06-16T19:53:42.133+0000][1968][gc,metaspace ] GC(20) Metaspace: 40129K->40129K(1087488K)
[2022-06-16T19:53:42.133+0000][1968][gc           ] GC(20) Pause Young (Allocation Failure) 157M->34M(1007M) 35.342ms
[2022-06-16T19:53:42.133+0000][1968][gc,cpu       ] GC(20) User=0.09s Sys=0.00s Real=0.05s
[2022-06-16T19:53:42.133+0000][1968][safepoint    ] Leaving safepoint region
[2022-06-16T19:53:42.133+0000][1968][safepoint    ] Total time for which application threads were stopped: 0.0355338 seconds, Stopping threads took: 0.0000281 seconds
[2022-06-16T19:53:43.289+0000][1968][safepoint    ] Application time: 1.1550379 seconds
[2022-06-16T19:53:43.289+0000][1968][safepoint    ] Entering safepoint region: Cleanup
[2022-06-16T19:53:43.289+0000][1968][safepoint    ] Leaving safepoint region
[2022-06-16T19:53:43.289+0000][1968][safepoint    ] Total time for which application threads were stopped: 0.0001540 seconds, Stopping threads took: 0.0000807 seconds
[2022-06-16T19:53:44.289+0000][1968][safepoint    ] Application time: 1.0050258 seconds
[2022-06-16T19:53:44.289+0000][1968][safepoint    ] Entering safepoint region: Cleanup
[2022-06-16T19:53:44.289+0000][1968][safepoint    ] Leaving safepoint region
[2022-06-16T19:53:44.289+0000][1968][safepoint    ] Total time for which application threads were stopped: 0.0054257 seconds, Stopping threads took: 0.0053727 seconds
[2022-06-16T19:53:44.321+0000][1968][safepoint    ] Application time: 0.0211899 seconds
[2022-06-16T19:53:44.321+0000][1968][safepoint    ] Entering safepoint region: RevokeBias
[2022-06-16T19:53:44.321+0000][1968][safepoint    ] Leaving safepoint region
[2022-06-16T19:53:44.321+0000][1968][safepoint    ] Total time for which application threads were stopped: 0.0000773 seconds, Stopping threads took: 0.0000208 seconds
[2022-06-16T19:53:44.321+0000][1968][safepoint    ] Application time: 0.0008810 seconds
[2022-06-16T19:53:44.321+0000][1968][safepoint    ] Entering safepoint region: RevokeBias
[2022-06-16T19:53:44.321+0000][1968][safepoint    ] Leaving safepoint region
[2022-06-16T19:53:44.321+0000][1968][safepoint    ] Total time for which application threads were stopped: 0.0000719 seconds, Stopping threads took: 0.0000196 seconds
[2022-06-16T19:53:44.321+0000][1968][safepoint    ] Application time: 0.0000848 seconds
[2022-06-16T19:53:44.321+0000][1968][safepoint    ] Entering safepoint region: RevokeBias
[2022-06-16T19:53:44.321+0000][1968][safepoint    ] Leaving safepoint region
[2022-06-16T19:53:44.321+0000][1968][safepoint    ] Total time for which application threads were stopped: 0.0000529 seconds, Stopping threads took: 0.0000160 seconds
[2022-06-16T19:53:44.321+0000][1968][safepoint    ] Application time: 0.0003208 seconds
[2022-06-16T19:53:44.321+0000][1968][safepoint    ] Entering safepoint region: RevokeBias
[2022-06-16T19:53:44.321+0000][1968][safepoint    ] Leaving safepoint region
[2022-06-16T19:53:44.321+0000][1968][safepoint    ] Total time for which application threads were stopped: 0.0000567 seconds, Stopping threads took: 0.0000160 seconds
[2022-06-16T19:53:44.321+0000][1968][safepoint    ] Application time: 0.0020805 seconds
[2022-06-16T19:53:44.321+0000][1968][safepoint    ] Entering safepoint region: RevokeBias
[2022-06-16T19:53:44.321+0000][1968][safepoint    ] Leaving safepoint region
[2022-06-16T19:53:44.321+0000][1968][safepoint    ] Total time for which application threads were stopped: 0.0000622 seconds, Stopping threads took: 0.0000168 seconds
[2022-06-16T19:53:44.321+0000][1968][safepoint    ] Application time: 0.0003323 seconds
[2022-06-16T19:53:44.321+0000][1968][safepoint    ] Entering safepoint region: RevokeBias
[2022-06-16T19:53:44.321+0000][1968][safepoint    ] Leaving safepoint region
[2022-06-16T19:53:44.321+0000][1968][safepoint    ] Total time for which application threads were stopped: 0.0000631 seconds, Stopping threads took: 0.0000204 seconds
[2022-06-16T19:53:44.321+0000][1968][safepoint    ] Application time: 0.0002100 seconds
[2022-06-16T19:53:44.321+0000][1968][safepoint    ] Entering safepoint region: RevokeBias
[2022-06-16T19:53:44.321+0000][1968][safepoint    ] Leaving safepoint region
[2022-06-16T19:53:44.321+0000][1968][safepoint    ] Total time for which application threads were stopped: 0.0000613 seconds, Stopping threads took: 0.0000165 seconds
[2022-06-16T19:53:44.321+0000][1968][safepoint    ] Application time: 0.0005073 seconds
[2022-06-16T19:53:44.321+0000][1968][safepoint    ] Entering safepoint region: RevokeBias
[2022-06-16T19:53:44.321+0000][1968][safepoint    ] Leaving safepoint region
[2022-06-16T19:53:44.321+0000][1968][safepoint    ] Total time for which application threads were stopped: 0.0000602 seconds, Stopping threads took: 0.0000162 seconds
[2022-06-16T19:53:44.321+0000][1968][safepoint    ] Application time: 0.0001695 seconds
[2022-06-16T19:53:44.321+0000][1968][safepoint    ] Entering safepoint region: RevokeBias
[2022-06-16T19:53:44.321+0000][1968][safepoint    ] Leaving safepoint region
[2022-06-16T19:53:44.321+0000][1968][safepoint    ] Total time for which application threads were stopped: 0.0000587 seconds, Stopping threads took: 0.0000161 seconds
[2022-06-16T19:53:44.993+0000][1968][gc           ] GC(19) Concurrent Abortable Preclean 3643.558ms
[2022-06-16T19:53:44.993+0000][1968][gc,cpu       ] GC(19) User=5.14s Sys=0.14s Real=3.66s
[2022-06-16T19:53:44.993+0000][1968][safepoint    ] Application time: 0.6656837 seconds
[2022-06-16T19:53:44.993+0000][1968][safepoint    ] Entering safepoint region: CMS_Final_Remark
[2022-06-16T19:53:44.993+0000][1968][gc,start     ] GC(19) Pause Remark
[2022-06-16T19:53:45.055+0000][1968][gc           ] GC(19) Pause Remark 112M->112M(1007M) 65.013ms
[2022-06-16T19:53:45.055+0000][1968][gc,cpu       ] GC(19) User=0.11s Sys=0.00s Real=0.06s
[2022-06-16T19:53:45.055+0000][1968][safepoint    ] Leaving safepoint region
[2022-06-16T19:53:45.055+0000][1968][safepoint    ] Total time for which application threads were stopped: 0.0705038 seconds, Stopping threads took: 0.0053265 seconds
[2022-06-16T19:53:45.055+0000][1968][gc           ] GC(19) Concurrent Sweep
[2022-06-16T19:53:45.055+0000][1968][gc           ] GC(19) Concurrent Sweep 5.795ms
[2022-06-16T19:53:45.055+0000][1968][gc,cpu       ] GC(19) User=0.00s Sys=0.00s Real=0.00s
[2022-06-16T19:53:45.055+0000][1968][gc           ] GC(19) Concurrent Reset
[2022-06-16T19:53:45.055+0000][1968][gc           ] GC(19) Concurrent Reset 1.118ms
[2022-06-16T19:53:45.055+0000][1968][gc,cpu       ] GC(19) User=0.00s Sys=0.00s Real=0.00s
[2022-06-16T19:53:45.055+0000][1968][gc,heap      ] GC(19) Old: 17249K->18550K(878208K)
[2022-06-16T19:53:46.055+0000][1968][safepoint    ] Application time: 0.9918432 seconds
[2022-06-16T19:53:46.055+0000][1968][safepoint    ] Entering safepoint region: Cleanup
[2022-06-16T19:53:46.055+0000][1968][safepoint    ] Leaving safepoint region
[2022-06-16T19:53:46.055+0000][1968][safepoint    ] Total time for which application threads were stopped: 0.0000942 seconds, Stopping threads took: 0.0000246 seconds
[2022-06-16T19:53:46.196+0000][1968][safepoint    ] Application time: 0.1426473 seconds
[2022-06-16T19:53:46.196+0000][1968][safepoint    ] Entering safepoint region: RevokeBias
[2022-06-16T19:53:46.196+0000][1968][safepoint    ] Leaving safepoint region
[2022-06-16T19:53:46.196+0000][1968][safepoint    ] Total time for which application threads were stopped: 0.0001078 seconds, Stopping threads took: 0.0000262 seconds
[2022-06-16T19:53:47.164+0000][1968][safepoint    ] Application time: 0.9695994 seconds
[2022-06-16T19:53:47.164+0000][1968][safepoint    ] Entering safepoint region: Deoptimize
[2022-06-16T19:53:47.164+0000][1968][safepoint    ] Leaving safepoint region
[2022-06-16T19:53:47.164+0000][1968][safepoint    ] Total time for which application threads were stopped: 0.0006366 seconds, Stopping threads took: 0.0000325 seconds
[2022-06-16T19:53:47.211+0000][1968][safepoint    ] Application time: 0.0438485 seconds
[2022-06-16T19:53:47.211+0000][1968][safepoint    ] Entering safepoint region: GenCollectForAllocation
[2022-06-16T19:53:47.211+0000][1968][gc,start     ] GC(21) Pause Young (Allocation Failure)
[2022-06-16T19:53:47.211+0000][1968][gc,task      ] GC(21) Using 2 workers of 2 for evacuation
[2022-06-16T19:53:47.289+0000][1968][gc,age       ] GC(21) Desired survivor size 8716288 bytes, new threshold 1 (max threshold 6)
[2022-06-16T19:53:47.289+0000][1968][gc,age       ] GC(21) Age table with threshold 1 (max threshold 6)
[2022-06-16T19:53:47.289+0000][1968][gc,age       ] GC(21) - age   1:   11706416 bytes,   11706416 total
[2022-06-16T19:53:47.289+0000][1968][gc,heap      ] GC(21) ParNew: 153344K->17024K(153344K)
[2022-06-16T19:53:47.289+0000][1968][gc,heap      ] GC(21) CMS: 18550K->36723K(878208K)
[2022-06-16T19:53:47.289+0000][1968][gc,metaspace ] GC(21) Metaspace: 43656K->43656K(1089536K)
[2022-06-16T19:53:47.289+0000][1968][gc           ] GC(21) Pause Young (Allocation Failure) 167M->52M(1007M) 79.587ms
[2022-06-16T19:53:47.289+0000][1968][gc,cpu       ] GC(21) User=0.13s Sys=0.00s Real=0.08s
[2022-06-16T19:53:47.289+0000][1968][safepoint    ] Leaving safepoint region
[2022-06-16T19:53:47.289+0000][1968][safepoint    ] Total time for which application threads were stopped: 0.0797467 seconds, Stopping threads took: 0.0000251 seconds
[2022-06-16T19:53:47.305+0000][1968][safepoint    ] Application time: 0.0141197 seconds
[2022-06-16T19:53:47.305+0000][1968][safepoint    ] Entering safepoint region: RevokeBias
[2022-06-16T19:53:47.305+0000][1968][safepoint    ] Leaving safepoint region
[2022-06-16T19:53:47.305+0000][1968][safepoint    ] Total time for which application threads were stopped: 0.0000822 seconds, Stopping threads took: 0.0000269 seconds
[2022-06-16T19:53:48.305+0000][1968][safepoint    ] Application time: 0.9987729 seconds
[2022-06-16T19:53:48.321+0000][1968][safepoint    ] Entering safepoint region: Cleanup
[2022-06-16T19:53:48.321+0000][1968][safepoint    ] Leaving safepoint region
[2022-06-16T19:53:48.321+0000][1968][safepoint    ] Total time for which application threads were stopped: 0.0270724 seconds, Stopping threads took: 0.0269839 seconds
[2022-06-16T19:53:49.321+0000][1968][safepoint    ] Application time: 0.9884221 seconds
[2022-06-16T19:53:49.321+0000][1968][safepoint    ] Entering safepoint region: Cleanup
[2022-06-16T19:53:49.321+0000][1968][safepoint    ] Leaving safepoint region
[2022-06-16T19:53:49.321+0000][1968][safepoint    ] Total time for which application threads were stopped: 0.0004920 seconds, Stopping threads took: 0.0003594 seconds
[2022-06-16T19:53:49.493+0000][1968][safepoint    ] Application time: 0.1761490 seconds
[2022-06-16T19:53:49.493+0000][1968][safepoint    ] Entering safepoint region: RevokeBias
[2022-06-16T19:53:49.493+0000][1968][safepoint    ] Leaving safepoint region
[2022-06-16T19:53:49.493+0000][1968][safepoint    ] Total time for which application threads were stopped: 0.0000783 seconds, Stopping threads took: 0.0000210 seconds
[2022-06-16T19:53:49.946+0000][1968][safepoint    ] Application time: 0.4484577 seconds
[2022-06-16T19:53:49.946+0000][1968][safepoint    ] Entering safepoint region: GenCollectForAllocation
[2022-06-16T19:53:49.946+0000][1968][gc,start     ] GC(22) Pause Young (Allocation Failure)
[2022-06-16T19:53:49.946+0000][1968][gc,task      ] GC(22) Using 2 workers of 2 for evacuation
[2022-06-16T19:53:49.977+0000][1968][gc,age       ] GC(22) Desired survivor size 8716288 bytes, new threshold 6 (max threshold 6)
[2022-06-16T19:53:49.977+0000][1968][gc,age       ] GC(22) Age table with threshold 6 (max threshold 6)
[2022-06-16T19:53:49.977+0000][1968][gc,age       ] GC(22) - age   1:    4499464 bytes,    4499464 total
[2022-06-16T19:53:49.977+0000][1968][gc,heap      ] GC(22) ParNew: 153344K->11986K(153344K)
[2022-06-16T19:53:49.977+0000][1968][gc,heap      ] GC(22) CMS: 36723K->48265K(878208K)
[2022-06-16T19:53:49.977+0000][1968][gc,metaspace ] GC(22) Metaspace: 55467K->55467K(1101824K)
[2022-06-16T19:53:49.977+0000][1968][gc           ] GC(22) Pause Young (Allocation Failure) 185M->58M(1007M) 40.777ms
[2022-06-16T19:53:49.977+0000][1968][gc,cpu       ] GC(22) User=0.06s Sys=0.00s Real=0.03s
[2022-06-16T19:53:49.977+0000][1968][safepoint    ] Leaving safepoint region
[2022-06-16T19:53:49.977+0000][1968][safepoint    ] Total time for which application threads were stopped: 0.0409508 seconds, Stopping threads took: 0.0000264 seconds
[2022-06-16T19:53:50.289+0000][1968][safepoint    ] Application time: 0.3112165 seconds
[2022-06-16T19:53:50.289+0000][1968][safepoint    ] Entering safepoint region: RevokeBias
[2022-06-16T19:53:50.289+0000][1968][safepoint    ] Leaving safepoint region
[2022-06-16T19:53:50.289+0000][1968][safepoint    ] Total time for which application threads were stopped: 0.0000876 seconds, Stopping threads took: 0.0000259 seconds
[2022-06-16T19:53:50.289+0000][1968][safepoint    ] Application time: 0.0046953 seconds
[2022-06-16T19:53:50.289+0000][1968][safepoint    ] Entering safepoint region: Deoptimize
[2022-06-16T19:53:50.289+0000][1968][safepoint    ] Leaving safepoint region
[2022-06-16T19:53:50.289+0000][1968][safepoint    ] Total time for which application threads were stopped: 0.0005891 seconds, Stopping threads took: 0.0000196 seconds
[2022-06-16T19:53:50.305+0000][1968][safepoint    ] Application time: 0.0039292 seconds
[2022-06-16T19:53:50.305+0000][1968][safepoint    ] Entering safepoint region: Deoptimize
[2022-06-16T19:53:50.305+0000][1968][safepoint    ] Leaving safepoint region
[2022-06-16T19:53:50.305+0000][1968][safepoint    ] Total time for which application threads were stopped: 0.0005233 seconds, Stopping threads took: 0.0000242 seconds
[2022-06-16T19:53:50.352+0000][1968][safepoint    ] Application time: 0.0471633 seconds
[2022-06-16T19:53:50.352+0000][1968][safepoint    ] Entering safepoint region: RevokeBias
[2022-06-16T19:53:50.352+0000][1968][safepoint    ] Leaving safepoint region
[2022-06-16T19:53:50.352+0000][1968][safepoint    ] Total time for which application threads were stopped: 0.0002111 seconds, Stopping threads took: 0.0000254 seconds
[2022-06-16T19:53:50.352+0000][1968][safepoint    ] Application time: 0.0107831 seconds
[2022-06-16T19:53:50.352+0000][1968][safepoint    ] Entering safepoint region: RevokeBias
[2022-06-16T19:53:50.352+0000][1968][safepoint    ] Leaving safepoint region
[2022-06-16T19:53:50.352+0000][1968][safepoint    ] Total time for which application threads were stopped: 0.0001194 seconds, Stopping threads took: 0.0000234 seconds
[2022-06-16T19:53:50.368+0000][1968][safepoint    ] Application time: 0.0088157 seconds
[2022-06-16T19:53:50.368+0000][1968][safepoint    ] Entering safepoint region: RevokeBias
[2022-06-16T19:53:50.368+0000][1968][safepoint    ] Leaving safepoint region
[2022-06-16T19:53:50.368+0000][1968][safepoint    ] Total time for which application threads were stopped: 0.0001040 seconds, Stopping threads took: 0.0000250 seconds
[2022-06-16T19:53:51.414+0000][1968][safepoint    ] Application time: 1.0391807 seconds
[2022-06-16T19:53:51.461+0000][1968][safepoint    ] Entering safepoint region: Cleanup
[2022-06-16T19:53:51.461+0000][1968][safepoint    ] Leaving safepoint region
[2022-06-16T19:53:51.461+0000][1968][safepoint    ] Total time for which application threads were stopped: 0.0496446 seconds, Stopping threads took: 0.0495185 seconds
[2022-06-16T19:53:52.789+0000][1968][safepoint    ] Application time: 1.3379868 seconds
[2022-06-16T19:53:52.789+0000][1968][safepoint    ] Entering safepoint region: GenCollectForAllocation
[2022-06-16T19:53:52.789+0000][1968][gc,start     ] GC(23) Pause Young (Allocation Failure)
[2022-06-16T19:53:52.789+0000][1968][gc,task      ] GC(23) Using 2 workers of 2 for evacuation
[2022-06-16T19:53:52.836+0000][1968][gc,age       ] GC(23) Desired survivor size 8716288 bytes, new threshold 6 (max threshold 6)
[2022-06-16T19:53:52.836+0000][1968][gc,age       ] GC(23) Age table with threshold 6 (max threshold 6)
[2022-06-16T19:53:52.836+0000][1968][gc,age       ] GC(23) - age   1:    1968592 bytes,    1968592 total
[2022-06-16T19:53:52.836+0000][1968][gc,age       ] GC(23) - age   2:    4399000 bytes,    6367592 total
[2022-06-16T19:53:52.836+0000][1968][gc,heap      ] GC(23) ParNew: 148306K->8189K(153344K)
[2022-06-16T19:53:52.836+0000][1968][gc,heap      ] GC(23) CMS: 48265K->48265K(878208K)
[2022-06-16T19:53:52.836+0000][1968][gc,metaspace ] GC(23) Metaspace: 62251K->62251K(1107968K)
[2022-06-16T19:53:52.836+0000][1968][gc           ] GC(23) Pause Young (Allocation Failure) 191M->55M(1007M) 37.305ms
[2022-06-16T19:53:52.836+0000][1968][gc,cpu       ] GC(23) User=0.05s Sys=0.02s Real=0.05s
[2022-06-16T19:53:52.836+0000][1968][safepoint    ] Leaving safepoint region
[2022-06-16T19:53:52.836+0000][1968][safepoint    ] Total time for which application threads were stopped: 0.0375032 seconds, Stopping threads took: 0.0000251 seconds
[2022-06-16T19:53:53.836+0000][1968][safepoint    ] Application time: 1.0102902 seconds
[2022-06-16T19:53:53.836+0000][1968][safepoint    ] Entering safepoint region: Cleanup
[2022-06-16T19:53:53.836+0000][1968][safepoint    ] Leaving safepoint region
[2022-06-16T19:53:53.836+0000][1968][safepoint    ] Total time for which application threads were stopped: 0.0000992 seconds, Stopping threads took: 0.0000280 seconds
[2022-06-16T19:53:54.071+0000][1968][safepoint    ] Application time: 0.2324639 seconds
[2022-06-16T19:53:54.071+0000][1968][safepoint    ] Entering safepoint region: RevokeBias
[2022-06-16T19:53:54.071+0000][1968][safepoint    ] Leaving safepoint region
[2022-06-16T19:53:54.071+0000][1968][safepoint    ] Total time for which application threads were stopped: 0.0001666 seconds, Stopping threads took: 0.0000263 seconds
[2022-06-16T19:53:54.086+0000][1968][safepoint    ] Application time: 0.0052928 seconds
[2022-06-16T19:53:54.086+0000][1968][safepoint    ] Entering safepoint region: RevokeBias
[2022-06-16T19:53:54.086+0000][1968][safepoint    ] Leaving safepoint region
[2022-06-16T19:53:54.086+0000][1968][safepoint    ] Total time for which application threads were stopped: 0.0000890 seconds, Stopping threads took: 0.0000245 seconds
[2022-06-16T19:53:54.149+0000][1968][safepoint    ] Application time: 0.0736600 seconds
[2022-06-16T19:53:54.149+0000][1968][safepoint    ] Entering safepoint region: RevokeBias
[2022-06-16T19:53:54.149+0000][1968][safepoint    ] Leaving safepoint region
[2022-06-16T19:53:54.149+0000][1968][safepoint    ] Total time for which application threads were stopped: 0.0000992 seconds, Stopping threads took: 0.0000278 seconds
[2022-06-16T19:53:54.149+0000][1968][safepoint    ] Application time: 0.0003659 seconds
[2022-06-16T19:53:54.149+0000][1968][safepoint    ] Entering safepoint region: RevokeBias
[2022-06-16T19:53:54.149+0000][1968][safepoint    ] Leaving safepoint region
[2022-06-16T19:53:54.149+0000][1968][safepoint    ] Total time for which application threads were stopped: 0.0000615 seconds, Stopping threads took: 0.0000207 seconds
[2022-06-16T19:53:54.149+0000][1968][safepoint    ] Application time: 0.0002790 seconds
[2022-06-16T19:53:54.149+0000][1968][safepoint    ] Entering safepoint region: RevokeBias
[2022-06-16T19:53:54.149+0000][1968][safepoint    ] Leaving safepoint region
[2022-06-16T19:53:54.149+0000][1968][safepoint    ] Total time for which application threads were stopped: 0.0000686 seconds, Stopping threads took: 0.0000278 seconds
[2022-06-16T19:53:54.288+0000][1968][safepoint    ] Application time: 0.1254192 seconds
[2022-06-16T19:53:54.288+0000][1968][safepoint    ] Entering safepoint region: GenCollectForAllocation
[2022-06-16T19:53:54.288+0000][1968][gc,start     ] GC(24) Pause Young (Allocation Failure)
[2022-06-16T19:53:54.288+0000][1968][gc,task      ] GC(24) Using 2 workers of 2 for evacuation
[2022-06-16T19:53:54.308+0000][1968][gc,age       ] GC(24) Desired survivor size 8716288 bytes, new threshold 3 (max threshold 6)
[2022-06-16T19:53:54.308+0000][1968][gc,age       ] GC(24) Age table with threshold 3 (max threshold 6)
[2022-06-16T19:53:54.308+0000][1968][gc,age       ] GC(24) - age   1:    2834992 bytes,    2834992 total
[2022-06-16T19:53:54.308+0000][1968][gc,age       ] GC(24) - age   2:    1908224 bytes,    4743216 total
[2022-06-16T19:53:54.308+0000][1968][gc,age       ] GC(24) - age   3:    4395664 bytes,    9138880 total
[2022-06-16T19:53:54.308+0000][1968][gc,heap      ] GC(24) ParNew: 144509K->11381K(153344K)
[2022-06-16T19:53:54.308+0000][1968][gc,heap      ] GC(24) CMS: 48265K->48265K(878208K)
[2022-06-16T19:53:54.308+0000][1968][gc,metaspace ] GC(24) Metaspace: 66146K->66146K(1112064K)
[2022-06-16T19:53:54.308+0000][1968][gc           ] GC(24) Pause Young (Allocation Failure) 188M->58M(1007M) 20.168ms
[2022-06-16T19:53:54.309+0000][1968][gc,cpu       ] GC(24) User=0.05s Sys=0.00s Real=0.02s
[2022-06-16T19:53:54.309+0000][1968][safepoint    ] Leaving safepoint region
[2022-06-16T19:53:54.309+0000][1968][safepoint    ] Total time for which application threads were stopped: 0.0203459 seconds, Stopping threads took: 0.0000264 seconds
[2022-06-16T19:53:54.355+0000][1968][safepoint    ] Application time: 0.0465175 seconds
[2022-06-16T19:53:54.355+0000][1968][safepoint    ] Entering safepoint region: CollectForMetadataAllocation
[2022-06-16T19:53:54.355+0000][1968][safepoint    ] Leaving safepoint region
[2022-06-16T19:53:54.355+0000][1968][safepoint    ] Total time for which application threads were stopped: 0.0001959 seconds, Stopping threads took: 0.0000287 seconds
[2022-06-16T19:53:54.367+0000][1968][safepoint    ] Application time: 0.0118510 seconds
[2022-06-16T19:53:54.367+0000][1968][safepoint    ] Entering safepoint region: Deoptimize
[2022-06-16T19:53:54.368+0000][1968][safepoint    ] Leaving safepoint region
[2022-06-16T19:53:54.368+0000][1968][safepoint    ] Total time for which application threads were stopped: 0.0006362 seconds, Stopping threads took: 0.0000264 seconds
[2022-06-16T19:53:54.438+0000][1968][safepoint    ] Application time: 0.0697279 seconds
[2022-06-16T19:53:54.438+0000][1968][safepoint    ] Entering safepoint region: CollectForMetadataAllocation
[2022-06-16T19:53:54.438+0000][1968][safepoint    ] Leaving safepoint region
[2022-06-16T19:53:54.438+0000][1968][safepoint    ] Total time for which application threads were stopped: 0.0007450 seconds, Stopping threads took: 0.0000255 seconds
[2022-06-16T19:53:54.508+0000][1968][safepoint    ] Application time: 0.0694611 seconds
[2022-06-16T19:53:54.508+0000][1968][safepoint    ] Entering safepoint region: CollectForMetadataAllocation
[2022-06-16T19:53:54.508+0000][1968][safepoint    ] Leaving safepoint region
[2022-06-16T19:53:54.508+0000][1968][safepoint    ] Total time for which application threads were stopped: 0.0002047 seconds, Stopping threads took: 0.0000220 seconds
[2022-06-16T19:53:54.534+0000][1968][safepoint    ] Application time: 0.0257446 seconds
[2022-06-16T19:53:54.584+0000][1968][safepoint    ] Entering safepoint region: CollectForMetadataAllocation
[2022-06-16T19:53:54.584+0000][1968][safepoint    ] Leaving safepoint region
[2022-06-16T19:53:54.584+0000][1968][safepoint    ] Total time for which application threads were stopped: 0.0504440 seconds, Stopping threads took: 0.0502634 seconds
[2022-06-16T19:53:54.665+0000][1968][safepoint    ] Application time: 0.0809220 seconds
[2022-06-16T19:53:54.687+0000][1968][safepoint    ] Entering safepoint region: CollectForMetadataAllocation
[2022-06-16T19:53:54.687+0000][1968][safepoint    ] Leaving safepoint region
[2022-06-16T19:53:54.687+0000][1968][safepoint    ] Total time for which application threads were stopped: 0.0215875 seconds, Stopping threads took: 0.0213886 seconds
[2022-06-16T19:53:54.715+0000][1968][safepoint    ] Application time: 0.0280514 seconds
[2022-06-16T19:53:54.715+0000][1968][safepoint    ] Entering safepoint region: CollectForMetadataAllocation
[2022-06-16T19:53:54.715+0000][1968][safepoint    ] Leaving safepoint region
[2022-06-16T19:53:54.715+0000][1968][safepoint    ] Total time for which application threads were stopped: 0.0001666 seconds, Stopping threads took: 0.0000267 seconds
[2022-06-16T19:53:54.776+0000][1968][safepoint    ] Application time: 0.0605421 seconds
[2022-06-16T19:53:54.776+0000][1968][safepoint    ] Entering safepoint region: CollectForMetadataAllocation
[2022-06-16T19:53:54.776+0000][1968][safepoint    ] Leaving safepoint region
[2022-06-16T19:53:54.776+0000][1968][safepoint    ] Total time for which application threads were stopped: 0.0002212 seconds, Stopping threads took: 0.0000208 seconds
[2022-06-16T19:53:54.876+0000][1968][safepoint    ] Application time: 0.1000699 seconds
[2022-06-16T19:53:54.876+0000][1968][safepoint    ] Entering safepoint region: CollectForMetadataAllocation
[2022-06-16T19:53:54.877+0000][1968][safepoint    ] Leaving safepoint region
[2022-06-16T19:53:54.877+0000][1968][safepoint    ] Total time for which application threads were stopped: 0.0003900 seconds, Stopping threads took: 0.0000218 seconds
[2022-06-16T19:53:54.988+0000][1968][safepoint    ] Application time: 0.1114467 seconds
[2022-06-16T19:53:54.988+0000][1968][safepoint    ] Entering safepoint region: CollectForMetadataAllocation
[2022-06-16T19:53:54.988+0000][1968][safepoint    ] Leaving safepoint region
[2022-06-16T19:53:54.988+0000][1968][safepoint    ] Total time for which application threads were stopped: 0.0001795 seconds, Stopping threads took: 0.0000253 seconds
[2022-06-16T19:53:55.012+0000][1968][safepoint    ] Application time: 0.0236115 seconds
[2022-06-16T19:53:55.012+0000][1968][safepoint    ] Entering safepoint region: CollectForMetadataAllocation
[2022-06-16T19:53:55.012+0000][1968][safepoint    ] Leaving safepoint region
[2022-06-16T19:53:55.012+0000][1968][safepoint    ] Total time for which application threads were stopped: 0.0001777 seconds, Stopping threads took: 0.0000262 seconds
[2022-06-16T19:53:55.078+0000][1968][safepoint    ] Application time: 0.0658864 seconds
[2022-06-16T19:53:55.078+0000][1968][safepoint    ] Entering safepoint region: CollectForMetadataAllocation
[2022-06-16T19:53:55.078+0000][1968][safepoint    ] Leaving safepoint region
[2022-06-16T19:53:55.078+0000][1968][safepoint    ] Total time for which application threads were stopped: 0.0001701 seconds, Stopping threads took: 0.0000204 seconds
[2022-06-16T19:53:55.126+0000][1968][safepoint    ] Application time: 0.0479062 seconds
[2022-06-16T19:53:55.126+0000][1968][safepoint    ] Entering safepoint region: CollectForMetadataAllocation
[2022-06-16T19:53:55.126+0000][1968][safepoint    ] Leaving safepoint region
[2022-06-16T19:53:55.126+0000][1968][safepoint    ] Total time for which application threads were stopped: 0.0001727 seconds, Stopping threads took: 0.0000249 seconds
[2022-06-16T19:53:55.181+0000][1968][safepoint    ] Application time: 0.0544666 seconds
[2022-06-16T19:53:55.181+0000][1968][safepoint    ] Entering safepoint region: CollectForMetadataAllocation
[2022-06-16T19:53:55.181+0000][1968][safepoint    ] Leaving safepoint region
[2022-06-16T19:53:55.181+0000][1968][safepoint    ] Total time for which application threads were stopped: 0.0001811 seconds, Stopping threads took: 0.0000263 seconds
[2022-06-16T19:53:55.209+0000][1968][safepoint    ] Application time: 0.0278066 seconds
[2022-06-16T19:53:55.209+0000][1968][safepoint    ] Entering safepoint region: CollectForMetadataAllocation
[2022-06-16T19:53:55.209+0000][1968][safepoint    ] Leaving safepoint region
[2022-06-16T19:53:55.209+0000][1968][safepoint    ] Total time for which application threads were stopped: 0.0001636 seconds, Stopping threads took: 0.0000253 seconds
[2022-06-16T19:53:55.254+0000][1968][safepoint    ] Application time: 0.0445917 seconds
[2022-06-16T19:53:55.254+0000][1968][safepoint    ] Entering safepoint region: CollectForMetadataAllocation
[2022-06-16T19:53:55.254+0000][1968][safepoint    ] Leaving safepoint region
[2022-06-16T19:53:55.254+0000][1968][safepoint    ] Total time for which application threads were stopped: 0.0001804 seconds, Stopping threads took: 0.0000263 seconds
[2022-06-16T19:53:55.277+0000][1968][safepoint    ] Application time: 0.0228827 seconds
[2022-06-16T19:53:55.277+0000][1968][safepoint    ] Entering safepoint region: CollectForMetadataAllocation
[2022-06-16T19:53:55.277+0000][1968][safepoint    ] Leaving safepoint region
[2022-06-16T19:53:55.277+0000][1968][safepoint    ] Total time for which application threads were stopped: 0.0001589 seconds, Stopping threads took: 0.0000210 seconds
[2022-06-16T19:53:55.302+0000][1968][safepoint    ] Application time: 0.0247395 seconds
[2022-06-16T19:53:55.302+0000][1968][safepoint    ] Entering safepoint region: CollectForMetadataAllocation
[2022-06-16T19:53:55.302+0000][1968][safepoint    ] Leaving safepoint region
[2022-06-16T19:53:55.302+0000][1968][safepoint    ] Total time for which application threads were stopped: 0.0001697 seconds, Stopping threads took: 0.0000219 seconds
[2022-06-16T19:53:55.322+0000][1968][safepoint    ] Application time: 0.0194928 seconds
[2022-06-16T19:53:55.322+0000][1968][safepoint    ] Entering safepoint region: CollectForMetadataAllocation
[2022-06-16T19:53:55.322+0000][1968][safepoint    ] Leaving safepoint region
[2022-06-16T19:53:55.322+0000][1968][safepoint    ] Total time for which application threads were stopped: 0.0001199 seconds, Stopping threads took: 0.0000195 seconds
[2022-06-16T19:53:55.368+0000][1968][safepoint    ] Application time: 0.0459479 seconds
[2022-06-16T19:53:55.368+0000][1968][safepoint    ] Entering safepoint region: CollectForMetadataAllocation
[2022-06-16T19:53:55.368+0000][1968][safepoint    ] Leaving safepoint region
[2022-06-16T19:53:55.368+0000][1968][safepoint    ] Total time for which application threads were stopped: 0.0002040 seconds, Stopping threads took: 0.0000213 seconds
[2022-06-16T19:53:55.377+0000][1968][safepoint    ] Application time: 0.0128596 seconds
[2022-06-16T19:53:55.377+0000][1968][safepoint    ] Entering safepoint region: CollectForMetadataAllocation
[2022-06-16T19:53:55.377+0000][1968][safepoint    ] Leaving safepoint region
[2022-06-16T19:53:55.377+0000][1968][safepoint    ] Total time for which application threads were stopped: 0.0004924 seconds, Stopping threads took: 0.0000214 seconds
[2022-06-16T19:53:55.408+0000][1968][safepoint    ] Application time: 0.0344201 seconds
[2022-06-16T19:53:55.408+0000][1968][safepoint    ] Entering safepoint region: CollectForMetadataAllocation
[2022-06-16T19:53:55.408+0000][1968][safepoint    ] Leaving safepoint region
[2022-06-16T19:53:55.408+0000][1968][safepoint    ] Total time for which application threads were stopped: 0.0001884 seconds, Stopping threads took: 0.0000260 seconds
[2022-06-16T19:53:55.440+0000][1968][safepoint    ] Application time: 0.0284331 seconds
[2022-06-16T19:53:55.440+0000][1968][safepoint    ] Entering safepoint region: CollectForMetadataAllocation
[2022-06-16T19:53:55.440+0000][1968][safepoint    ] Leaving safepoint region
[2022-06-16T19:53:55.440+0000][1968][safepoint    ] Total time for which application threads were stopped: 0.0001822 seconds, Stopping threads took: 0.0000251 seconds
[2022-06-16T19:53:55.455+0000][1968][safepoint    ] Application time: 0.0250478 seconds
[2022-06-16T19:53:55.455+0000][1968][safepoint    ] Entering safepoint region: CollectForMetadataAllocation
[2022-06-16T19:53:55.455+0000][1968][safepoint    ] Leaving safepoint region
[2022-06-16T19:53:55.455+0000][1968][safepoint    ] Total time for which application threads were stopped: 0.0001924 seconds, Stopping threads took: 0.0000258 seconds
[2022-06-16T19:53:55.487+0000][1968][safepoint    ] Application time: 0.0291613 seconds
[2022-06-16T19:53:55.487+0000][1968][safepoint    ] Entering safepoint region: CollectForMetadataAllocation
[2022-06-16T19:53:55.487+0000][1968][safepoint    ] Leaving safepoint region
[2022-06-16T19:53:55.487+0000][1968][safepoint    ] Total time for which application threads were stopped: 0.0002711 seconds, Stopping threads took: 0.0000260 seconds
[2022-06-16T19:53:55.518+0000][1968][safepoint    ] Application time: 0.0306348 seconds
[2022-06-16T19:53:55.518+0000][1968][safepoint    ] Entering safepoint region: CollectForMetadataAllocation
[2022-06-16T19:53:55.518+0000][1968][safepoint    ] Leaving safepoint region
[2022-06-16T19:53:55.518+0000][1968][safepoint    ] Total time for which application threads were stopped: 0.0001925 seconds, Stopping threads took: 0.0000250 seconds
[2022-06-16T19:53:55.565+0000][1968][safepoint    ] Application time: 0.0347122 seconds
[2022-06-16T19:53:55.565+0000][1968][safepoint    ] Entering safepoint region: CollectForMetadataAllocation
[2022-06-16T19:53:55.565+0000][1968][safepoint    ] Leaving safepoint region
[2022-06-16T19:53:55.565+0000][1968][safepoint    ] Total time for which application threads were stopped: 0.0002083 seconds, Stopping threads took: 0.0000271 seconds
[2022-06-16T19:53:55.580+0000][1968][safepoint    ] Application time: 0.0265646 seconds
[2022-06-16T19:53:55.580+0000][1968][safepoint    ] Entering safepoint region: CollectForMetadataAllocation
[2022-06-16T19:53:55.580+0000][1968][safepoint    ] Leaving safepoint region
[2022-06-16T19:53:55.580+0000][1968][safepoint    ] Total time for which application threads were stopped: 0.0001981 seconds, Stopping threads took: 0.0000269 seconds
[2022-06-16T19:53:55.596+0000][1968][safepoint    ] Application time: 0.0079034 seconds
[2022-06-16T19:53:55.596+0000][1968][safepoint    ] Entering safepoint region: CollectForMetadataAllocation
[2022-06-16T19:53:55.596+0000][1968][safepoint    ] Leaving safepoint region
[2022-06-16T19:53:55.596+0000][1968][safepoint    ] Total time for which application threads were stopped: 0.0001503 seconds, Stopping threads took: 0.0000248 seconds
[2022-06-16T19:53:55.612+0000][1968][safepoint    ] Application time: 0.0125392 seconds
[2022-06-16T19:53:55.612+0000][1968][safepoint    ] Entering safepoint region: CollectForMetadataAllocation
[2022-06-16T19:53:55.612+0000][1968][safepoint    ] Leaving safepoint region
[2022-06-16T19:53:55.612+0000][1968][safepoint    ] Total time for which application threads were stopped: 0.0002076 seconds, Stopping threads took: 0.0000237 seconds
[2022-06-16T19:53:55.612+0000][1968][safepoint    ] Application time: 0.0014627 seconds
[2022-06-16T19:53:55.612+0000][1968][safepoint    ] Entering safepoint region: Deoptimize
[2022-06-16T19:53:55.612+0000][1968][safepoint    ] Leaving safepoint region
[2022-06-16T19:53:55.612+0000][1968][safepoint    ] Total time for which application threads were stopped: 0.0006144 seconds, Stopping threads took: 0.0000216 seconds
[2022-06-16T19:53:55.768+0000][1968][safepoint    ] Application time: 0.1618815 seconds
[2022-06-16T19:53:55.768+0000][1968][safepoint    ] Entering safepoint region: CollectForMetadataAllocation
[2022-06-16T19:53:55.768+0000][1968][safepoint    ] Leaving safepoint region
[2022-06-16T19:53:55.768+0000][1968][safepoint    ] Total time for which application threads were stopped: 0.0002828 seconds, Stopping threads took: 0.0000252 seconds
[2022-06-16T19:53:55.799+0000][1968][safepoint    ] Application time: 0.0277603 seconds
[2022-06-16T19:53:55.799+0000][1968][safepoint    ] Entering safepoint region: CollectForMetadataAllocation
[2022-06-16T19:53:55.799+0000][1968][safepoint    ] Leaving safepoint region
[2022-06-16T19:53:55.799+0000][1968][safepoint    ] Total time for which application threads were stopped: 0.0002476 seconds, Stopping threads took: 0.0000424 seconds
[2022-06-16T19:53:55.830+0000][1968][safepoint    ] Application time: 0.0323584 seconds
[2022-06-16T19:53:55.830+0000][1968][safepoint    ] Entering safepoint region: CollectForMetadataAllocation
[2022-06-16T19:53:55.830+0000][1968][safepoint    ] Leaving safepoint region
[2022-06-16T19:53:55.830+0000][1968][safepoint    ] Total time for which application threads were stopped: 0.0002235 seconds, Stopping threads took: 0.0000263 seconds
[2022-06-16T19:53:55.862+0000][1968][safepoint    ] Application time: 0.0364001 seconds
[2022-06-16T19:53:55.862+0000][1968][safepoint    ] Entering safepoint region: CollectForMetadataAllocation
[2022-06-16T19:53:55.862+0000][1968][safepoint    ] Leaving safepoint region
[2022-06-16T19:53:55.862+0000][1968][safepoint    ] Total time for which application threads were stopped: 0.0002203 seconds, Stopping threads took: 0.0000273 seconds
[2022-06-16T19:53:55.908+0000][1968][safepoint    ] Application time: 0.0425134 seconds
[2022-06-16T19:53:55.908+0000][1968][safepoint    ] Entering safepoint region: CollectForMetadataAllocation
[2022-06-16T19:53:55.908+0000][1968][safepoint    ] Leaving safepoint region
[2022-06-16T19:53:55.908+0000][1968][safepoint    ] Total time for which application threads were stopped: 0.0002643 seconds, Stopping threads took: 0.0000275 seconds
[2022-06-16T19:53:55.940+0000][1968][safepoint    ] Application time: 0.0335604 seconds
[2022-06-16T19:53:55.940+0000][1968][safepoint    ] Entering safepoint region: CollectForMetadataAllocation
[2022-06-16T19:53:55.940+0000][1968][safepoint    ] Leaving safepoint region
[2022-06-16T19:53:55.940+0000][1968][safepoint    ] Total time for which application threads were stopped: 0.0001526 seconds, Stopping threads took: 0.0000268 seconds
[2022-06-16T19:53:55.971+0000][1968][safepoint    ] Application time: 0.0268909 seconds
[2022-06-16T19:53:55.987+0000][1968][safepoint    ] Entering safepoint region: CollectForMetadataAllocation
[2022-06-16T19:53:55.987+0000][1968][safepoint    ] Leaving safepoint region
[2022-06-16T19:53:55.987+0000][1968][safepoint    ] Total time for which application threads were stopped: 0.0111853 seconds, Stopping threads took: 0.0109860 seconds
[2022-06-16T19:53:56.033+0000][1968][safepoint    ] Application time: 0.0550933 seconds
[2022-06-16T19:53:56.033+0000][1968][safepoint    ] Entering safepoint region: CollectForMetadataAllocation
[2022-06-16T19:53:56.033+0000][1968][safepoint    ] Leaving safepoint region
[2022-06-16T19:53:56.033+0000][1968][safepoint    ] Total time for which application threads were stopped: 0.0002231 seconds, Stopping threads took: 0.0000207 seconds
[2022-06-16T19:53:56.065+0000][1968][safepoint    ] Application time: 0.0332663 seconds
[2022-06-16T19:53:56.065+0000][1968][safepoint    ] Entering safepoint region: CollectForMetadataAllocation
[2022-06-16T19:53:56.065+0000][1968][safepoint    ] Leaving safepoint region
[2022-06-16T19:53:56.065+0000][1968][safepoint    ] Total time for which application threads were stopped: 0.0002198 seconds, Stopping threads took: 0.0000273 seconds
[2022-06-16T19:53:56.096+0000][1968][safepoint    ] Application time: 0.0263381 seconds
[2022-06-16T19:53:56.096+0000][1968][safepoint    ] Entering safepoint region: CollectForMetadataAllocation
[2022-06-16T19:53:56.096+0000][1968][safepoint    ] Leaving safepoint region
[2022-06-16T19:53:56.096+0000][1968][safepoint    ] Total time for which application threads were stopped: 0.0002036 seconds, Stopping threads took: 0.0000263 seconds
[2022-06-16T19:53:56.127+0000][1968][safepoint    ] Application time: 0.0343594 seconds
[2022-06-16T19:53:56.127+0000][1968][safepoint    ] Entering safepoint region: CollectForMetadataAllocation
[2022-06-16T19:53:56.127+0000][1968][safepoint    ] Leaving safepoint region
[2022-06-16T19:53:56.127+0000][1968][safepoint    ] Total time for which application threads were stopped: 0.0002229 seconds, Stopping threads took: 0.0000277 seconds
[2022-06-16T19:53:56.174+0000][1968][safepoint    ] Application time: 0.0351510 seconds
[2022-06-16T19:53:56.174+0000][1968][safepoint    ] Entering safepoint region: RevokeBias
[2022-06-16T19:53:56.174+0000][1968][safepoint    ] Leaving safepoint region
[2022-06-16T19:53:56.174+0000][1968][safepoint    ] Total time for which application threads were stopped: 0.0001157 seconds, Stopping threads took: 0.0000218 seconds
[2022-06-16T19:53:56.174+0000][1968][safepoint    ] Application time: 0.0000695 seconds
[2022-06-16T19:53:56.174+0000][1968][safepoint    ] Entering safepoint region: RevokeBias
[2022-06-16T19:53:56.174+0000][1968][safepoint    ] Leaving safepoint region
[2022-06-16T19:53:56.174+0000][1968][safepoint    ] Total time for which application threads were stopped: 0.0000751 seconds, Stopping threads took: 0.0000211 seconds
[2022-06-16T19:53:56.174+0000][1968][safepoint    ] Application time: 0.0000838 seconds
[2022-06-16T19:53:56.174+0000][1968][safepoint    ] Entering safepoint region: RevokeBias
[2022-06-16T19:53:56.174+0000][1968][safepoint    ] Leaving safepoint region
[2022-06-16T19:53:56.174+0000][1968][safepoint    ] Total time for which application threads were stopped: 0.0000658 seconds, Stopping threads took: 0.0000201 seconds
[2022-06-16T19:53:56.174+0000][1968][safepoint    ] Application time: 0.0028838 seconds
[2022-06-16T19:53:56.174+0000][1968][safepoint    ] Entering safepoint region: RevokeBias
[2022-06-16T19:53:56.174+0000][1968][safepoint    ] Leaving safepoint region
[2022-06-16T19:53:56.174+0000][1968][safepoint    ] Total time for which application threads were stopped: 0.0000753 seconds, Stopping threads took: 0.0000175 seconds
[2022-06-16T19:53:56.190+0000][1968][safepoint    ] Application time: 0.0130614 seconds
[2022-06-16T19:53:56.190+0000][1968][safepoint    ] Entering safepoint region: CollectForMetadataAllocation
[2022-06-16T19:53:56.190+0000][1968][safepoint    ] Leaving safepoint region
[2022-06-16T19:53:56.190+0000][1968][safepoint    ] Total time for which application threads were stopped: 0.0002069 seconds, Stopping threads took: 0.0000236 seconds
[2022-06-16T19:53:56.237+0000][1968][safepoint    ] Application time: 0.0541603 seconds
[2022-06-16T19:53:56.237+0000][1968][safepoint    ] Entering safepoint region: CollectForMetadataAllocation
[2022-06-16T19:53:56.237+0000][1968][safepoint    ] Leaving safepoint region
[2022-06-16T19:53:56.237+0000][1968][safepoint    ] Total time for which application threads were stopped: 0.0002129 seconds, Stopping threads took: 0.0000255 seconds
[2022-06-16T19:53:56.268+0000][1968][safepoint    ] Application time: 0.0262551 seconds
[2022-06-16T19:53:56.268+0000][1968][safepoint    ] Entering safepoint region: CollectForMetadataAllocation
[2022-06-16T19:53:56.268+0000][1968][safepoint    ] Leaving safepoint region
[2022-06-16T19:53:56.268+0000][1968][safepoint    ] Total time for which application threads were stopped: 0.0002196 seconds, Stopping threads took: 0.0000254 seconds
[2022-06-16T19:53:56.315+0000][1968][safepoint    ] Application time: 0.0411546 seconds
[2022-06-16T19:53:56.315+0000][1968][safepoint    ] Entering safepoint region: CMS_Initial_Mark
[2022-06-16T19:53:56.315+0000][1968][gc,start     ] GC(25) Pause Initial Mark
[2022-06-16T19:53:56.330+0000][1968][gc           ] GC(25) Pause Initial Mark 187M->187M(1007M) 25.139ms
[2022-06-16T19:53:56.330+0000][1968][gc,cpu       ] GC(25) User=0.03s Sys=0.00s Real=0.01s
[2022-06-16T19:53:56.330+0000][1968][safepoint    ] Leaving safepoint region
[2022-06-16T19:53:56.330+0000][1968][safepoint    ] Total time for which application threads were stopped: 0.0257131 seconds, Stopping threads took: 0.0001187 seconds
[2022-06-16T19:53:56.330+0000][1968][gc           ] GC(25) Concurrent Mark
[2022-06-16T19:53:56.408+0000][1968][gc           ] GC(25) Concurrent Mark 70.318ms
[2022-06-16T19:53:56.408+0000][1968][gc,cpu       ] GC(25) User=0.16s Sys=0.00s Real=0.08s
[2022-06-16T19:53:56.408+0000][1968][gc           ] GC(25) Concurrent Preclean
[2022-06-16T19:53:56.408+0000][1968][gc           ] GC(25) Concurrent Preclean 4.603ms
[2022-06-16T19:53:56.408+0000][1968][gc,cpu       ] GC(25) User=0.00s Sys=0.00s Real=0.00s
[2022-06-16T19:53:56.408+0000][1968][gc           ] GC(25) Concurrent Abortable Preclean
[2022-06-16T19:53:56.533+0000][1968][safepoint    ] Application time: 0.2005742 seconds
[2022-06-16T19:53:56.533+0000][1968][safepoint    ] Entering safepoint region: CollectForMetadataAllocation
[2022-06-16T19:53:56.533+0000][1968][safepoint    ] Leaving safepoint region
[2022-06-16T19:53:56.533+0000][1968][safepoint    ] Total time for which application threads were stopped: 0.0001587 seconds, Stopping threads took: 0.0000279 seconds
[2022-06-16T19:53:56.690+0000][1968][safepoint    ] Application time: 0.1543850 seconds
[2022-06-16T19:53:56.690+0000][1968][safepoint    ] Entering safepoint region: GenCollectForAllocation
[2022-06-16T19:53:56.690+0000][1968][gc,start     ] GC(26) Pause Young (Allocation Failure)
[2022-06-16T19:53:56.690+0000][1968][gc,task      ] GC(26) Using 2 workers of 2 for evacuation
[2022-06-16T19:53:56.721+0000][1968][gc,age       ] GC(26) Desired survivor size 8716288 bytes, new threshold 3 (max threshold 6)
[2022-06-16T19:53:56.721+0000][1968][gc,age       ] GC(26) Age table with threshold 3 (max threshold 6)
[2022-06-16T19:53:56.721+0000][1968][gc,age       ] GC(26) - age   1:    4378856 bytes,    4378856 total
[2022-06-16T19:53:56.721+0000][1968][gc,age       ] GC(26) - age   2:    2769256 bytes,    7148112 total
[2022-06-16T19:53:56.721+0000][1968][gc,age       ] GC(26) - age   3:    1906560 bytes,    9054672 total
[2022-06-16T19:53:56.721+0000][1968][gc,heap      ] GC(26) ParNew: 147701K->16220K(153344K)
[2022-06-16T19:53:56.721+0000][1968][gc,heap      ] GC(26) CMS: 48265K->52687K(878208K)
[2022-06-16T19:53:56.721+0000][1968][gc,metaspace ] GC(26) Metaspace: 80095K->80095K(1124352K)
[2022-06-16T19:53:56.721+0000][1968][gc           ] GC(26) Pause Young (Allocation Failure) 191M->67M(1007M) 33.052ms
[2022-06-16T19:53:56.721+0000][1968][gc,cpu       ] GC(26) User=0.06s Sys=0.00s Real=0.03s
[2022-06-16T19:53:56.721+0000][1968][safepoint    ] Leaving safepoint region
[2022-06-16T19:53:56.721+0000][1968][safepoint    ] Total time for which application threads were stopped: 0.0332109 seconds, Stopping threads took: 0.0000195 seconds
[2022-06-16T19:53:56.737+0000][1968][safepoint    ] Application time: 0.0163977 seconds
[2022-06-16T19:53:56.737+0000][1968][safepoint    ] Entering safepoint region: CollectForMetadataAllocation
[2022-06-16T19:53:56.737+0000][1968][safepoint    ] Leaving safepoint region
[2022-06-16T19:53:56.737+0000][1968][safepoint    ] Total time for which application threads were stopped: 0.0003091 seconds, Stopping threads took: 0.0000782 seconds
[2022-06-16T19:53:56.799+0000][1968][safepoint    ] Application time: 0.0634464 seconds
[2022-06-16T19:53:56.799+0000][1968][safepoint    ] Entering safepoint region: CollectForMetadataAllocation
[2022-06-16T19:53:56.799+0000][1968][safepoint    ] Leaving safepoint region
[2022-06-16T19:53:56.799+0000][1968][safepoint    ] Total time for which application threads were stopped: 0.0002235 seconds, Stopping threads took: 0.0000193 seconds
[2022-06-16T19:53:56.908+0000][1968][safepoint    ] Application time: 0.1085372 seconds
[2022-06-16T19:53:56.908+0000][1968][safepoint    ] Entering safepoint region: Deoptimize
[2022-06-16T19:53:56.908+0000][1968][safepoint    ] Leaving safepoint region
[2022-06-16T19:53:56.908+0000][1968][safepoint    ] Total time for which application threads were stopped: 0.0007236 seconds, Stopping threads took: 0.0000272 seconds
[2022-06-16T19:53:57.033+0000][1968][safepoint    ] Application time: 0.1195082 seconds
[2022-06-16T19:53:57.033+0000][1968][safepoint    ] Entering safepoint region: CollectForMetadataAllocation
[2022-06-16T19:53:57.033+0000][1968][safepoint    ] Leaving safepoint region
[2022-06-16T19:53:57.033+0000][1968][safepoint    ] Total time for which application threads were stopped: 0.0002126 seconds, Stopping threads took: 0.0000263 seconds
[2022-06-16T19:53:57.220+0000][1968][safepoint    ] Application time: 0.1820238 seconds
[2022-06-16T19:53:57.220+0000][1968][safepoint    ] Entering safepoint region: CollectForMetadataAllocation
[2022-06-16T19:53:57.220+0000][1968][safepoint    ] Leaving safepoint region
[2022-06-16T19:53:57.220+0000][1968][safepoint    ] Total time for which application threads were stopped: 0.0002164 seconds, Stopping threads took: 0.0000269 seconds
[2022-06-16T19:53:57.336+0000][1968][safepoint    ] Application time: 0.1185139 seconds
[2022-06-16T19:53:57.336+0000][1968][safepoint    ] Entering safepoint region: CollectForMetadataAllocation
[2022-06-16T19:53:57.336+0000][1968][safepoint    ] Leaving safepoint region
[2022-06-16T19:53:57.336+0000][1968][safepoint    ] Total time for which application threads were stopped: 0.0002317 seconds, Stopping threads took: 0.0000279 seconds
[2022-06-16T19:53:57.430+0000][1968][safepoint    ] Application time: 0.0960623 seconds
[2022-06-16T19:53:57.430+0000][1968][safepoint    ] Entering safepoint region: CollectForMetadataAllocation
[2022-06-16T19:53:57.430+0000][1968][safepoint    ] Leaving safepoint region
[2022-06-16T19:53:57.430+0000][1968][safepoint    ] Total time for which application threads were stopped: 0.0001587 seconds, Stopping threads took: 0.0000211 seconds
[2022-06-16T19:53:57.461+0000][1968][safepoint    ] Application time: 0.0296622 seconds
[2022-06-16T19:53:57.461+0000][1968][safepoint    ] Entering safepoint region: CollectForMetadataAllocation
[2022-06-16T19:53:57.461+0000][1968][safepoint    ] Leaving safepoint region
[2022-06-16T19:53:57.461+0000][1968][safepoint    ] Total time for which application threads were stopped: 0.0002014 seconds, Stopping threads took: 0.0000206 seconds
[2022-06-16T19:53:57.477+0000][1968][safepoint    ] Application time: 0.0173187 seconds
[2022-06-16T19:53:57.477+0000][1968][safepoint    ] Entering safepoint region: CollectForMetadataAllocation
[2022-06-16T19:53:57.477+0000][1968][safepoint    ] Leaving safepoint region
[2022-06-16T19:53:57.477+0000][1968][safepoint    ] Total time for which application threads were stopped: 0.0001892 seconds, Stopping threads took: 0.0000180 seconds
[2022-06-16T19:53:57.555+0000][1968][safepoint    ] Application time: 0.0772563 seconds
[2022-06-16T19:53:57.555+0000][1968][safepoint    ] Entering safepoint region: CollectForMetadataAllocation
[2022-06-16T19:53:57.555+0000][1968][safepoint    ] Leaving safepoint region
[2022-06-16T19:53:57.555+0000][1968][safepoint    ] Total time for which application threads were stopped: 0.0002155 seconds, Stopping threads took: 0.0000218 seconds
[2022-06-16T19:53:57.664+0000][1968][safepoint    ] Application time: 0.1085177 seconds
[2022-06-16T19:53:57.664+0000][1968][safepoint    ] Entering safepoint region: CollectForMetadataAllocation
[2022-06-16T19:53:57.664+0000][1968][safepoint    ] Leaving safepoint region
[2022-06-16T19:53:57.664+0000][1968][safepoint    ] Total time for which application threads were stopped: 0.0001751 seconds, Stopping threads took: 0.0000267 seconds
[2022-06-16T19:53:57.789+0000][1968][safepoint    ] Application time: 0.1253631 seconds
[2022-06-16T19:53:57.789+0000][1968][safepoint    ] Entering safepoint region: CollectForMetadataAllocation
[2022-06-16T19:53:57.789+0000][1968][safepoint    ] Leaving safepoint region
[2022-06-16T19:53:57.789+0000][1968][safepoint    ] Total time for which application threads were stopped: 0.0002581 seconds, Stopping threads took: 0.0000418 seconds
[2022-06-16T19:53:57.945+0000][1968][safepoint    ] Application time: 0.1572054 seconds
[2022-06-16T19:53:57.945+0000][1968][safepoint    ] Entering safepoint region: CollectForMetadataAllocation
[2022-06-16T19:53:57.945+0000][1968][safepoint    ] Leaving safepoint region
[2022-06-16T19:53:57.945+0000][1968][safepoint    ] Total time for which application threads were stopped: 0.0001981 seconds, Stopping threads took: 0.0000258 seconds
[2022-06-16T19:53:58.070+0000][1968][safepoint    ] Application time: 0.1313113 seconds
[2022-06-16T19:53:58.070+0000][1968][safepoint    ] Entering safepoint region: CollectForMetadataAllocation
[2022-06-16T19:53:58.070+0000][1968][safepoint    ] Leaving safepoint region
[2022-06-16T19:53:58.070+0000][1968][safepoint    ] Total time for which application threads were stopped: 0.0002028 seconds, Stopping threads took: 0.0000280 seconds
[2022-06-16T19:53:58.149+0000][1968][safepoint    ] Application time: 0.0653706 seconds
[2022-06-16T19:53:58.149+0000][1968][safepoint    ] Entering safepoint region: CollectForMetadataAllocation
[2022-06-16T19:53:58.149+0000][1968][safepoint    ] Leaving safepoint region
[2022-06-16T19:53:58.149+0000][1968][safepoint    ] Total time for which application threads were stopped: 0.0002523 seconds, Stopping threads took: 0.0000238 seconds
[2022-06-16T19:53:58.180+0000][1968][safepoint    ] Application time: 0.0413459 seconds
[2022-06-16T19:53:58.180+0000][1968][safepoint    ] Entering safepoint region: CollectForMetadataAllocation
[2022-06-16T19:53:58.180+0000][1968][safepoint    ] Leaving safepoint region
[2022-06-16T19:53:58.180+0000][1968][safepoint    ] Total time for which application threads were stopped: 0.0002020 seconds, Stopping threads took: 0.0000194 seconds
[2022-06-16T19:53:58.211+0000][1968][safepoint    ] Application time: 0.0314906 seconds
[2022-06-16T19:53:58.211+0000][1968][safepoint    ] Entering safepoint region: CollectForMetadataAllocation
[2022-06-16T19:53:58.211+0000][1968][safepoint    ] Leaving safepoint region
[2022-06-16T19:53:58.211+0000][1968][safepoint    ] Total time for which application threads were stopped: 0.0001928 seconds, Stopping threads took: 0.0000206 seconds
[2022-06-16T19:53:58.258+0000][1968][safepoint    ] Application time: 0.0478526 seconds
[2022-06-16T19:53:58.258+0000][1968][safepoint    ] Entering safepoint region: CollectForMetadataAllocation
[2022-06-16T19:53:58.258+0000][1968][safepoint    ] Leaving safepoint region
[2022-06-16T19:53:58.258+0000][1968][safepoint    ] Total time for which application threads were stopped: 0.0001353 seconds, Stopping threads took: 0.0000212 seconds
[2022-06-16T19:53:58.445+0000][1968][safepoint    ] Application time: 0.1779221 seconds
[2022-06-16T19:53:58.445+0000][1968][safepoint    ] Entering safepoint region: CollectForMetadataAllocation
[2022-06-16T19:53:58.445+0000][1968][safepoint    ] Leaving safepoint region
[2022-06-16T19:53:58.445+0000][1968][safepoint    ] Total time for which application threads were stopped: 0.0001599 seconds, Stopping threads took: 0.0000212 seconds
[2022-06-16T19:53:58.445+0000][1968][safepoint    ] Application time: 0.0107284 seconds
[2022-06-16T19:53:58.445+0000][1968][safepoint    ] Entering safepoint region: RevokeBias
[2022-06-16T19:53:58.445+0000][1968][safepoint    ] Leaving safepoint region
[2022-06-16T19:53:58.445+0000][1968][safepoint    ] Total time for which application threads were stopped: 0.0000717 seconds, Stopping threads took: 0.0000191 seconds
[2022-06-16T19:53:58.508+0000][1968][safepoint    ] Application time: 0.0539805 seconds
[2022-06-16T19:53:58.508+0000][1968][safepoint    ] Entering safepoint region: CollectForMetadataAllocation
[2022-06-16T19:53:58.515+0000][1968][safepoint    ] Leaving safepoint region
[2022-06-16T19:53:58.515+0000][1968][safepoint    ] Total time for which application threads were stopped: 0.0002629 seconds, Stopping threads took: 0.0000202 seconds
[2022-06-16T19:53:58.525+0000][1968][safepoint    ] Application time: 0.0106962 seconds
[2022-06-16T19:53:58.525+0000][1968][safepoint    ] Entering safepoint region: Deoptimize
[2022-06-16T19:53:58.526+0000][1968][safepoint    ] Leaving safepoint region
[2022-06-16T19:53:58.526+0000][1968][safepoint    ] Total time for which application threads were stopped: 0.0007610 seconds, Stopping threads took: 0.0000258 seconds
[2022-06-16T19:53:58.531+0000][1968][safepoint    ] Application time: 0.0053041 seconds
[2022-06-16T19:53:58.532+0000][1968][safepoint    ] Entering safepoint region: CollectForMetadataAllocation
[2022-06-16T19:53:58.532+0000][1968][safepoint    ] Leaving safepoint region
[2022-06-16T19:53:58.532+0000][1968][safepoint    ] Total time for which application threads were stopped: 0.0001766 seconds, Stopping threads took: 0.0000268 seconds
[2022-06-16T19:53:58.576+0000][1968][safepoint    ] Application time: 0.0447044 seconds
[2022-06-16T19:53:58.576+0000][1968][safepoint    ] Entering safepoint region: CollectForMetadataAllocation
[2022-06-16T19:53:58.577+0000][1968][safepoint    ] Leaving safepoint region
[2022-06-16T19:53:58.577+0000][1968][safepoint    ] Total time for which application threads were stopped: 0.0001655 seconds, Stopping threads took: 0.0000264 seconds
[2022-06-16T19:53:58.659+0000][1968][safepoint    ] Application time: 0.0874191 seconds
[2022-06-16T19:53:58.659+0000][1968][safepoint    ] Entering safepoint region: Deoptimize
[2022-06-16T19:53:58.659+0000][1968][safepoint    ] Leaving safepoint region
[2022-06-16T19:53:58.659+0000][1968][safepoint    ] Total time for which application threads were stopped: 0.0010161 seconds, Stopping threads took: 0.0002880 seconds
[2022-06-16T19:53:58.800+0000][1968][safepoint    ] Application time: 0.1371078 seconds
[2022-06-16T19:53:58.800+0000][1968][safepoint    ] Entering safepoint region: CollectForMetadataAllocation
[2022-06-16T19:53:58.800+0000][1968][safepoint    ] Leaving safepoint region
[2022-06-16T19:53:58.800+0000][1968][safepoint    ] Total time for which application threads were stopped: 0.0011229 seconds, Stopping threads took: 0.0009268 seconds
[2022-06-16T19:53:58.800+0000][1968][safepoint    ] Application time: 0.0081433 seconds
[2022-06-16T19:53:58.800+0000][1968][safepoint    ] Entering safepoint region: Deoptimize
[2022-06-16T19:53:58.800+0000][1968][safepoint    ] Leaving safepoint region
[2022-06-16T19:53:58.800+0000][1968][safepoint    ] Total time for which application threads were stopped: 0.0007358 seconds, Stopping threads took: 0.0000200 seconds
[2022-06-16T19:53:58.862+0000][1968][safepoint    ] Application time: 0.0648040 seconds
[2022-06-16T19:53:58.862+0000][1968][safepoint    ] Entering safepoint region: CollectForMetadataAllocation
[2022-06-16T19:53:58.878+0000][1968][safepoint    ] Leaving safepoint region
[2022-06-16T19:53:58.878+0000][1968][safepoint    ] Total time for which application threads were stopped: 0.0002526 seconds, Stopping threads took: 0.0000210 seconds
[2022-06-16T19:53:58.909+0000][1968][safepoint    ] Application time: 0.0461535 seconds
[2022-06-16T19:53:58.909+0000][1968][safepoint    ] Entering safepoint region: RevokeBias
[2022-06-16T19:53:58.909+0000][1968][safepoint    ] Leaving safepoint region
[2022-06-16T19:53:58.909+0000][1968][safepoint    ] Total time for which application threads were stopped: 0.0004856 seconds, Stopping threads took: 0.0000233 seconds
[2022-06-16T19:53:59.065+0000][1968][gc           ] GC(25) Concurrent Abortable Preclean 2652.799ms
[2022-06-16T19:53:59.065+0000][1968][gc,cpu       ] GC(25) User=4.22s Sys=0.16s Real=2.66s
[2022-06-16T19:53:59.065+0000][1968][safepoint    ] Application time: 0.0120960 seconds
[2022-06-16T19:53:59.065+0000][1968][safepoint    ] Entering safepoint region: CMS_Final_Remark
[2022-06-16T19:53:59.065+0000][1968][gc,start     ] GC(25) Pause Remark
[2022-06-16T19:53:59.143+0000][1968][gc           ] GC(25) Pause Remark 136M->136M(1007M) 80.815ms
[2022-06-16T19:53:59.143+0000][1968][gc,cpu       ] GC(25) User=0.08s Sys=0.00s Real=0.08s
[2022-06-16T19:53:59.143+0000][1968][safepoint    ] Leaving safepoint region
[2022-06-16T19:53:59.143+0000][1968][safepoint    ] Total time for which application threads were stopped: 0.0809990 seconds, Stopping threads took: 0.0000212 seconds
[2022-06-16T19:53:59.143+0000][1968][gc           ] GC(25) Concurrent Sweep
[2022-06-16T19:53:59.143+0000][1968][safepoint    ] Application time: 0.0002228 seconds
[2022-06-16T19:53:59.143+0000][1968][safepoint    ] Entering safepoint region: RevokeBias
[2022-06-16T19:53:59.143+0000][1968][safepoint    ] Leaving safepoint region
[2022-06-16T19:53:59.143+0000][1968][safepoint    ] Total time for which application threads were stopped: 0.0001317 seconds, Stopping threads took: 0.0000534 seconds
[2022-06-16T19:53:59.143+0000][1968][safepoint    ] Application time: 0.0001919 seconds
[2022-06-16T19:53:59.143+0000][1968][safepoint    ] Entering safepoint region: RevokeBias
[2022-06-16T19:53:59.143+0000][1968][safepoint    ] Leaving safepoint region
[2022-06-16T19:53:59.143+0000][1968][safepoint    ] Total time for which application threads were stopped: 0.0001653 seconds, Stopping threads took: 0.0000166 seconds
[2022-06-16T19:53:59.143+0000][1968][safepoint    ] Application time: 0.0006264 seconds
[2022-06-16T19:53:59.143+0000][1968][safepoint    ] Entering safepoint region: RevokeBias
[2022-06-16T19:53:59.143+0000][1968][safepoint    ] Leaving safepoint region
[2022-06-16T19:53:59.143+0000][1968][safepoint    ] Total time for which application threads were stopped: 0.0001082 seconds, Stopping threads took: 0.0000447 seconds
[2022-06-16T19:53:59.143+0000][1968][safepoint    ] Application time: 0.0015170 seconds
[2022-06-16T19:53:59.143+0000][1968][safepoint    ] Entering safepoint region: RevokeBias
[2022-06-16T19:53:59.143+0000][1968][safepoint    ] Leaving safepoint region
[2022-06-16T19:53:59.143+0000][1968][safepoint    ] Total time for which application threads were stopped: 0.0000819 seconds, Stopping threads took: 0.0000180 seconds
[2022-06-16T19:53:59.143+0000][1968][safepoint    ] Application time: 0.0000168 seconds
[2022-06-16T19:53:59.143+0000][1968][safepoint    ] Entering safepoint region: RevokeBias
[2022-06-16T19:53:59.143+0000][1968][safepoint    ] Leaving safepoint region
[2022-06-16T19:53:59.143+0000][1968][safepoint    ] Total time for which application threads were stopped: 0.0000609 seconds, Stopping threads took: 0.0000168 seconds
[2022-06-16T19:53:59.143+0000][1968][safepoint    ] Application time: 0.0000134 seconds
[2022-06-16T19:53:59.143+0000][1968][safepoint    ] Entering safepoint region: RevokeBias
[2022-06-16T19:53:59.143+0000][1968][safepoint    ] Leaving safepoint region
[2022-06-16T19:53:59.143+0000][1968][safepoint    ] Total time for which application threads were stopped: 0.0000584 seconds, Stopping threads took: 0.0000165 seconds
[2022-06-16T19:53:59.143+0000][1968][safepoint    ] Application time: 0.0000125 seconds
[2022-06-16T19:53:59.143+0000][1968][safepoint    ] Entering safepoint region: RevokeBias
[2022-06-16T19:53:59.143+0000][1968][safepoint    ] Leaving safepoint region
[2022-06-16T19:53:59.143+0000][1968][safepoint    ] Total time for which application threads were stopped: 0.0000594 seconds, Stopping threads took: 0.0000167 seconds
[2022-06-16T19:53:59.143+0000][1968][safepoint    ] Application time: 0.0000117 seconds
[2022-06-16T19:53:59.143+0000][1968][safepoint    ] Entering safepoint region: RevokeBias
[2022-06-16T19:53:59.143+0000][1968][safepoint    ] Leaving safepoint region
[2022-06-16T19:53:59.143+0000][1968][safepoint    ] Total time for which application threads were stopped: 0.0000585 seconds, Stopping threads took: 0.0000161 seconds
[2022-06-16T19:53:59.143+0000][1968][safepoint    ] Application time: 0.0000136 seconds
[2022-06-16T19:53:59.143+0000][1968][safepoint    ] Entering safepoint region: RevokeBias
[2022-06-16T19:53:59.143+0000][1968][safepoint    ] Leaving safepoint region
[2022-06-16T19:53:59.143+0000][1968][safepoint    ] Total time for which application threads were stopped: 0.0000586 seconds, Stopping threads took: 0.0000168 seconds
[2022-06-16T19:53:59.143+0000][1968][safepoint    ] Application time: 0.0000130 seconds
[2022-06-16T19:53:59.143+0000][1968][safepoint    ] Entering safepoint region: RevokeBias
[2022-06-16T19:53:59.143+0000][1968][safepoint    ] Leaving safepoint region
[2022-06-16T19:53:59.143+0000][1968][safepoint    ] Total time for which application threads were stopped: 0.0000580 seconds, Stopping threads took: 0.0000164 seconds
[2022-06-16T19:53:59.143+0000][1968][safepoint    ] Application time: 0.0000116 seconds
[2022-06-16T19:53:59.143+0000][1968][safepoint    ] Entering safepoint region: RevokeBias
[2022-06-16T19:53:59.143+0000][1968][safepoint    ] Leaving safepoint region
[2022-06-16T19:53:59.143+0000][1968][safepoint    ] Total time for which application threads were stopped: 0.0000575 seconds, Stopping threads took: 0.0000163 seconds
[2022-06-16T19:53:59.143+0000][1968][safepoint    ] Application time: 0.0000114 seconds
[2022-06-16T19:53:59.143+0000][1968][safepoint    ] Entering safepoint region: RevokeBias
[2022-06-16T19:53:59.143+0000][1968][safepoint    ] Leaving safepoint region
[2022-06-16T19:53:59.143+0000][1968][safepoint    ] Total time for which application threads were stopped: 0.0000663 seconds, Stopping threads took: 0.0000215 seconds
[2022-06-16T19:53:59.143+0000][1968][safepoint    ] Application time: 0.0000118 seconds
[2022-06-16T19:53:59.143+0000][1968][safepoint    ] Entering safepoint region: RevokeBias
[2022-06-16T19:53:59.143+0000][1968][safepoint    ] Leaving safepoint region
[2022-06-16T19:53:59.143+0000][1968][safepoint    ] Total time for which application threads were stopped: 0.0000584 seconds, Stopping threads took: 0.0000164 seconds
[2022-06-16T19:53:59.143+0000][1968][safepoint    ] Application time: 0.0000120 seconds
[2022-06-16T19:53:59.143+0000][1968][safepoint    ] Entering safepoint region: RevokeBias
[2022-06-16T19:53:59.143+0000][1968][safepoint    ] Leaving safepoint region
[2022-06-16T19:53:59.143+0000][1968][safepoint    ] Total time for which application threads were stopped: 0.0000581 seconds, Stopping threads took: 0.0000163 seconds
[2022-06-16T19:53:59.143+0000][1968][safepoint    ] Application time: 0.0000118 seconds
[2022-06-16T19:53:59.143+0000][1968][safepoint    ] Entering safepoint region: RevokeBias
[2022-06-16T19:53:59.143+0000][1968][safepoint    ] Leaving safepoint region
[2022-06-16T19:53:59.143+0000][1968][safepoint    ] Total time for which application threads were stopped: 0.0000574 seconds, Stopping threads took: 0.0000160 seconds
[2022-06-16T19:53:59.143+0000][1968][safepoint    ] Application time: 0.0000118 seconds
[2022-06-16T19:53:59.143+0000][1968][safepoint    ] Entering safepoint region: RevokeBias
[2022-06-16T19:53:59.143+0000][1968][safepoint    ] Leaving safepoint region
[2022-06-16T19:53:59.143+0000][1968][safepoint    ] Total time for which application threads were stopped: 0.0000580 seconds, Stopping threads took: 0.0000165 seconds
[2022-06-16T19:53:59.143+0000][1968][safepoint    ] Application time: 0.0000118 seconds
[2022-06-16T19:53:59.143+0000][1968][safepoint    ] Entering safepoint region: RevokeBias
[2022-06-16T19:53:59.143+0000][1968][safepoint    ] Leaving safepoint region
[2022-06-16T19:53:59.143+0000][1968][safepoint    ] Total time for which application threads were stopped: 0.0000581 seconds, Stopping threads took: 0.0000164 seconds
[2022-06-16T19:53:59.143+0000][1968][safepoint    ] Application time: 0.0000111 seconds
[2022-06-16T19:53:59.143+0000][1968][safepoint    ] Entering safepoint region: RevokeBias
[2022-06-16T19:53:59.143+0000][1968][safepoint    ] Leaving safepoint region
[2022-06-16T19:53:59.143+0000][1968][safepoint    ] Total time for which application threads were stopped: 0.0000575 seconds, Stopping threads took: 0.0000161 seconds
[2022-06-16T19:53:59.143+0000][1968][safepoint    ] Application time: 0.0000115 seconds
[2022-06-16T19:53:59.143+0000][1968][safepoint    ] Entering safepoint region: RevokeBias
[2022-06-16T19:53:59.143+0000][1968][safepoint    ] Leaving safepoint region
[2022-06-16T19:53:59.143+0000][1968][safepoint    ] Total time for which application threads were stopped: 0.0000582 seconds, Stopping threads took: 0.0000165 seconds
[2022-06-16T19:53:59.143+0000][1968][safepoint    ] Application time: 0.0000112 seconds
[2022-06-16T19:53:59.143+0000][1968][safepoint    ] Entering safepoint region: RevokeBias
[2022-06-16T19:53:59.143+0000][1968][safepoint    ] Leaving safepoint region
[2022-06-16T19:53:59.143+0000][1968][safepoint    ] Total time for which application threads were stopped: 0.0000579 seconds, Stopping threads took: 0.0000163 seconds
[2022-06-16T19:53:59.143+0000][1968][safepoint    ] Application time: 0.0000114 seconds
[2022-06-16T19:53:59.143+0000][1968][safepoint    ] Entering safepoint region: BulkRevokeBias
[2022-06-16T19:53:59.143+0000][1968][safepoint    ] Leaving safepoint region
[2022-06-16T19:53:59.143+0000][1968][safepoint    ] Total time for which application threads were stopped: 0.0001308 seconds, Stopping threads took: 0.0000166 seconds
[2022-06-16T19:53:59.143+0000][1968][safepoint    ] Application time: 0.0000653 seconds
[2022-06-16T19:53:59.143+0000][1968][safepoint    ] Entering safepoint region: RevokeBias
[2022-06-16T19:53:59.143+0000][1968][safepoint    ] Leaving safepoint region
[2022-06-16T19:53:59.143+0000][1968][safepoint    ] Total time for which application threads were stopped: 0.0000652 seconds, Stopping threads took: 0.0000166 seconds
[2022-06-16T19:53:59.143+0000][1968][safepoint    ] Application time: 0.0000322 seconds
[2022-06-16T19:53:59.143+0000][1968][safepoint    ] Entering safepoint region: RevokeBias
[2022-06-16T19:53:59.143+0000][1968][safepoint    ] Leaving safepoint region
[2022-06-16T19:53:59.143+0000][1968][safepoint    ] Total time for which application threads were stopped: 0.0000612 seconds, Stopping threads took: 0.0000163 seconds
[2022-06-16T19:53:59.143+0000][1968][safepoint    ] Application time: 0.0000154 seconds
[2022-06-16T19:53:59.143+0000][1968][safepoint    ] Entering safepoint region: RevokeBias
[2022-06-16T19:53:59.143+0000][1968][safepoint    ] Leaving safepoint region
[2022-06-16T19:53:59.143+0000][1968][safepoint    ] Total time for which application threads were stopped: 0.0000601 seconds, Stopping threads took: 0.0000165 seconds
[2022-06-16T19:53:59.143+0000][1968][safepoint    ] Application time: 0.0000567 seconds
[2022-06-16T19:53:59.143+0000][1968][safepoint    ] Entering safepoint region: RevokeBias
[2022-06-16T19:53:59.143+0000][1968][safepoint    ] Leaving safepoint region
[2022-06-16T19:53:59.143+0000][1968][safepoint    ] Total time for which application threads were stopped: 0.0000617 seconds, Stopping threads took: 0.0000167 seconds
[2022-06-16T19:53:59.143+0000][1968][safepoint    ] Application time: 0.0001050 seconds
[2022-06-16T19:53:59.143+0000][1968][safepoint    ] Entering safepoint region: RevokeBias
[2022-06-16T19:53:59.143+0000][1968][safepoint    ] Leaving safepoint region
[2022-06-16T19:53:59.143+0000][1968][safepoint    ] Total time for which application threads were stopped: 0.0000643 seconds, Stopping threads took: 0.0000165 seconds
[2022-06-16T19:53:59.143+0000][1968][safepoint    ] Application time: 0.0000244 seconds
[2022-06-16T19:53:59.143+0000][1968][safepoint    ] Entering safepoint region: RevokeBias
[2022-06-16T19:53:59.143+0000][1968][safepoint    ] Leaving safepoint region
[2022-06-16T19:53:59.143+0000][1968][safepoint    ] Total time for which application threads were stopped: 0.0000592 seconds, Stopping threads took: 0.0000163 seconds
[2022-06-16T19:53:59.143+0000][1968][safepoint    ] Application time: 0.0000113 seconds
[2022-06-16T19:53:59.143+0000][1968][safepoint    ] Entering safepoint region: RevokeBias
[2022-06-16T19:53:59.143+0000][1968][safepoint    ] Leaving safepoint region
[2022-06-16T19:53:59.143+0000][1968][safepoint    ] Total time for which application threads were stopped: 0.0000578 seconds, Stopping threads took: 0.0000161 seconds
[2022-06-16T19:53:59.143+0000][1968][safepoint    ] Application time: 0.0000110 seconds
[2022-06-16T19:53:59.143+0000][1968][safepoint    ] Entering safepoint region: RevokeBias
[2022-06-16T19:53:59.143+0000][1968][safepoint    ] Leaving safepoint region
[2022-06-16T19:53:59.143+0000][1968][safepoint    ] Total time for which application threads were stopped: 0.0000579 seconds, Stopping threads took: 0.0000166 seconds
[2022-06-16T19:53:59.143+0000][1968][safepoint    ] Application time: 0.0001674 seconds
[2022-06-16T19:53:59.143+0000][1968][safepoint    ] Entering safepoint region: RevokeBias
[2022-06-16T19:53:59.143+0000][1968][safepoint    ] Leaving safepoint region
[2022-06-16T19:53:59.143+0000][1968][safepoint    ] Total time for which application threads were stopped: 0.0000646 seconds, Stopping threads took: 0.0000169 seconds
[2022-06-16T19:53:59.143+0000][1968][safepoint    ] Application time: 0.0001448 seconds
[2022-06-16T19:53:59.143+0000][1968][safepoint    ] Entering safepoint region: RevokeBias
[2022-06-16T19:53:59.143+0000][1968][safepoint    ] Leaving safepoint region
[2022-06-16T19:53:59.143+0000][1968][safepoint    ] Total time for which application threads were stopped: 0.0000699 seconds, Stopping threads took: 0.0000165 seconds
[2022-06-16T19:53:59.143+0000][1968][safepoint    ] Application time: 0.0000162 seconds
[2022-06-16T19:53:59.143+0000][1968][safepoint    ] Entering safepoint region: RevokeBias
[2022-06-16T19:53:59.143+0000][1968][safepoint    ] Leaving safepoint region
[2022-06-16T19:53:59.143+0000][1968][safepoint    ] Total time for which application threads were stopped: 0.0000608 seconds, Stopping threads took: 0.0000166 seconds
[2022-06-16T19:53:59.143+0000][1968][safepoint    ] Application time: 0.0005482 seconds
[2022-06-16T19:53:59.143+0000][1968][safepoint    ] Entering safepoint region: RevokeBias
[2022-06-16T19:53:59.143+0000][1968][safepoint    ] Leaving safepoint region
[2022-06-16T19:53:59.143+0000][1968][safepoint    ] Total time for which application threads were stopped: 0.0000671 seconds, Stopping threads took: 0.0000176 seconds
[2022-06-16T19:53:59.143+0000][1968][safepoint    ] Application time: 0.0010033 seconds
[2022-06-16T19:53:59.143+0000][1968][safepoint    ] Entering safepoint region: RevokeBias
[2022-06-16T19:53:59.143+0000][1968][safepoint    ] Leaving safepoint region
[2022-06-16T19:53:59.143+0000][1968][safepoint    ] Total time for which application threads were stopped: 0.0000734 seconds, Stopping threads took: 0.0000183 seconds
[2022-06-16T19:53:59.143+0000][1968][safepoint    ] Application time: 0.0000289 seconds
[2022-06-16T19:53:59.143+0000][1968][safepoint    ] Entering safepoint region: RevokeBias
[2022-06-16T19:53:59.143+0000][1968][safepoint    ] Leaving safepoint region
[2022-06-16T19:53:59.143+0000][1968][safepoint    ] Total time for which application threads were stopped: 0.0000611 seconds, Stopping threads took: 0.0000164 seconds
[2022-06-16T19:53:59.159+0000][1968][safepoint    ] Application time: 0.0014671 seconds
[2022-06-16T19:53:59.159+0000][1968][safepoint    ] Entering safepoint region: RevokeBias
[2022-06-16T19:53:59.159+0000][1968][safepoint    ] Leaving safepoint region
[2022-06-16T19:53:59.159+0000][1968][safepoint    ] Total time for which application threads were stopped: 0.0000590 seconds, Stopping threads took: 0.0000165 seconds
[2022-06-16T19:53:59.159+0000][1968][safepoint    ] Application time: 0.0014780 seconds
[2022-06-16T19:53:59.159+0000][1968][safepoint    ] Entering safepoint region: RevokeBias
[2022-06-16T19:53:59.159+0000][1968][safepoint    ] Leaving safepoint region
[2022-06-16T19:53:59.159+0000][1968][safepoint    ] Total time for which application threads were stopped: 0.0000608 seconds, Stopping threads took: 0.0000192 seconds
[2022-06-16T19:53:59.159+0000][1968][safepoint    ] Application time: 0.0009046 seconds
[2022-06-16T19:53:59.159+0000][1968][safepoint    ] Entering safepoint region: RevokeBias
[2022-06-16T19:53:59.159+0000][1968][safepoint    ] Leaving safepoint region
[2022-06-16T19:53:59.159+0000][1968][safepoint    ] Total time for which application threads were stopped: 0.0000606 seconds, Stopping threads took: 0.0000190 seconds
[2022-06-16T19:53:59.159+0000][1968][safepoint    ] Application time: 0.0004687 seconds
[2022-06-16T19:53:59.159+0000][1968][safepoint    ] Entering safepoint region: RevokeBias
[2022-06-16T19:53:59.159+0000][1968][safepoint    ] Leaving safepoint region
[2022-06-16T19:53:59.159+0000][1968][safepoint    ] Total time for which application threads were stopped: 0.0000612 seconds, Stopping threads took: 0.0000186 seconds
[2022-06-16T19:53:59.159+0000][1968][safepoint    ] Application time: 0.0000159 seconds
[2022-06-16T19:53:59.159+0000][1968][safepoint    ] Entering safepoint region: RevokeBias
[2022-06-16T19:53:59.159+0000][1968][safepoint    ] Leaving safepoint region
[2022-06-16T19:53:59.159+0000][1968][safepoint    ] Total time for which application threads were stopped: 0.0000482 seconds, Stopping threads took: 0.0000164 seconds
[2022-06-16T19:53:59.159+0000][1968][safepoint    ] Application time: 0.0000118 seconds
[2022-06-16T19:53:59.159+0000][1968][safepoint    ] Entering safepoint region: RevokeBias
[2022-06-16T19:53:59.159+0000][1968][safepoint    ] Leaving safepoint region
[2022-06-16T19:53:59.159+0000][1968][safepoint    ] Total time for which application threads were stopped: 0.0000508 seconds, Stopping threads took: 0.0000190 seconds
[2022-06-16T19:53:59.159+0000][1968][safepoint    ] Application time: 0.0000146 seconds
[2022-06-16T19:53:59.159+0000][1968][safepoint    ] Entering safepoint region: RevokeBias
[2022-06-16T19:53:59.159+0000][1968][safepoint    ] Leaving safepoint region
[2022-06-16T19:53:59.159+0000][1968][safepoint    ] Total time for which application threads were stopped: 0.0000473 seconds, Stopping threads took: 0.0000160 seconds
[2022-06-16T19:53:59.159+0000][1968][safepoint    ] Application time: 0.0000118 seconds
[2022-06-16T19:53:59.159+0000][1968][safepoint    ] Entering safepoint region: RevokeBias
[2022-06-16T19:53:59.159+0000][1968][safepoint    ] Leaving safepoint region
[2022-06-16T19:53:59.159+0000][1968][safepoint    ] Total time for which application threads were stopped: 0.0000471 seconds, Stopping threads took: 0.0000163 seconds
[2022-06-16T19:53:59.159+0000][1968][safepoint    ] Application time: 0.0000114 seconds
[2022-06-16T19:53:59.159+0000][1968][safepoint    ] Entering safepoint region: RevokeBias
[2022-06-16T19:53:59.159+0000][1968][safepoint    ] Leaving safepoint region
[2022-06-16T19:53:59.159+0000][1968][safepoint    ] Total time for which application threads were stopped: 0.0000467 seconds, Stopping threads took: 0.0000162 seconds
[2022-06-16T19:53:59.159+0000][1968][safepoint    ] Application time: 0.0000114 seconds
[2022-06-16T19:53:59.159+0000][1968][safepoint    ] Entering safepoint region: RevokeBias
[2022-06-16T19:53:59.159+0000][1968][safepoint    ] Leaving safepoint region
[2022-06-16T19:53:59.159+0000][1968][safepoint    ] Total time for which application threads were stopped: 0.0000454 seconds, Stopping threads took: 0.0000155 seconds
[2022-06-16T19:53:59.159+0000][1968][safepoint    ] Application time: 0.0000124 seconds
[2022-06-16T19:53:59.159+0000][1968][safepoint    ] Entering safepoint region: RevokeBias
[2022-06-16T19:53:59.159+0000][1968][safepoint    ] Leaving safepoint region
[2022-06-16T19:53:59.159+0000][1968][safepoint    ] Total time for which application threads were stopped: 0.0000476 seconds, Stopping threads took: 0.0000165 seconds
[2022-06-16T19:53:59.159+0000][1968][safepoint    ] Application time: 0.0000128 seconds
[2022-06-16T19:53:59.159+0000][1968][safepoint    ] Entering safepoint region: RevokeBias
[2022-06-16T19:53:59.159+0000][1968][safepoint    ] Leaving safepoint region
[2022-06-16T19:53:59.159+0000][1968][safepoint    ] Total time for which application threads were stopped: 0.0000456 seconds, Stopping threads took: 0.0000154 seconds
[2022-06-16T19:53:59.159+0000][1968][safepoint    ] Application time: 0.0000110 seconds
[2022-06-16T19:53:59.159+0000][1968][safepoint    ] Entering safepoint region: RevokeBias
[2022-06-16T19:53:59.159+0000][1968][safepoint    ] Leaving safepoint region
[2022-06-16T19:53:59.159+0000][1968][safepoint    ] Total time for which application threads were stopped: 0.0000460 seconds, Stopping threads took: 0.0000160 seconds
[2022-06-16T19:53:59.159+0000][1968][safepoint    ] Application time: 0.0000109 seconds
[2022-06-16T19:53:59.159+0000][1968][safepoint    ] Entering safepoint region: RevokeBias
[2022-06-16T19:53:59.159+0000][1968][safepoint    ] Leaving safepoint region
[2022-06-16T19:53:59.159+0000][1968][safepoint    ] Total time for which application threads were stopped: 0.0000458 seconds, Stopping threads took: 0.0000160 seconds
[2022-06-16T19:53:59.159+0000][1968][safepoint    ] Application time: 0.0000116 seconds
[2022-06-16T19:53:59.159+0000][1968][safepoint    ] Entering safepoint region: RevokeBias
[2022-06-16T19:53:59.159+0000][1968][safepoint    ] Leaving safepoint region
[2022-06-16T19:53:59.159+0000][1968][safepoint    ] Total time for which application threads were stopped: 0.0000457 seconds, Stopping threads took: 0.0000160 seconds
[2022-06-16T19:53:59.159+0000][1968][safepoint    ] Application time: 0.0000106 seconds
[2022-06-16T19:53:59.159+0000][1968][safepoint    ] Entering safepoint region: RevokeBias
[2022-06-16T19:53:59.159+0000][1968][safepoint    ] Leaving safepoint region
[2022-06-16T19:53:59.159+0000][1968][safepoint    ] Total time for which application threads were stopped: 0.0000461 seconds, Stopping threads took: 0.0000161 seconds
[2022-06-16T19:53:59.159+0000][1968][safepoint    ] Application time: 0.0000107 seconds
[2022-06-16T19:53:59.159+0000][1968][safepoint    ] Entering safepoint region: RevokeBias
[2022-06-16T19:53:59.159+0000][1968][safepoint    ] Leaving safepoint region
[2022-06-16T19:53:59.159+0000][1968][safepoint    ] Total time for which application threads were stopped: 0.0000462 seconds, Stopping threads took: 0.0000162 seconds
[2022-06-16T19:53:59.159+0000][1968][safepoint    ] Application time: 0.0000105 seconds
[2022-06-16T19:53:59.159+0000][1968][safepoint    ] Entering safepoint region: RevokeBias
[2022-06-16T19:53:59.159+0000][1968][safepoint    ] Leaving safepoint region
[2022-06-16T19:53:59.159+0000][1968][safepoint    ] Total time for which application threads were stopped: 0.0000450 seconds, Stopping threads took: 0.0000160 seconds
[2022-06-16T19:53:59.159+0000][1968][safepoint    ] Application time: 0.0000112 seconds
[2022-06-16T19:53:59.159+0000][1968][safepoint    ] Entering safepoint region: RevokeBias
[2022-06-16T19:53:59.159+0000][1968][safepoint    ] Leaving safepoint region
[2022-06-16T19:53:59.159+0000][1968][safepoint    ] Total time for which application threads were stopped: 0.0000473 seconds, Stopping threads took: 0.0000162 seconds
[2022-06-16T19:53:59.159+0000][1968][safepoint    ] Application time: 0.0000413 seconds
[2022-06-16T19:53:59.159+0000][1968][safepoint    ] Entering safepoint region: BulkRevokeBias
[2022-06-16T19:53:59.159+0000][1968][safepoint    ] Leaving safepoint region
[2022-06-16T19:53:59.159+0000][1968][safepoint    ] Total time for which application threads were stopped: 0.0001142 seconds, Stopping threads took: 0.0000164 seconds
[2022-06-16T19:53:59.175+0000][1968][gc           ] GC(25) Concurrent Sweep 26.799ms
[2022-06-16T19:53:59.175+0000][1968][gc,cpu       ] GC(25) User=0.05s Sys=0.00s Real=0.03s
[2022-06-16T19:53:59.175+0000][1968][gc           ] GC(25) Concurrent Reset
[2022-06-16T19:53:59.175+0000][1968][gc           ] GC(25) Concurrent Reset 1.179ms
[2022-06-16T19:53:59.175+0000][1968][gc,cpu       ] GC(25) User=0.00s Sys=0.00s Real=0.00s
[2022-06-16T19:53:59.175+0000][1968][gc,heap      ] GC(25) Old: 48265K->52318K(878208K)
[2022-06-16T19:53:59.175+0000][1968][safepoint    ] Application time: 0.0252189 seconds
[2022-06-16T19:53:59.175+0000][1968][safepoint    ] Entering safepoint region: RevokeBias
[2022-06-16T19:53:59.175+0000][1968][safepoint    ] Leaving safepoint region
[2022-06-16T19:53:59.175+0000][1968][safepoint    ] Total time for which application threads were stopped: 0.0001072 seconds, Stopping threads took: 0.0000276 seconds
[2022-06-16T19:53:59.190+0000][1968][safepoint    ] Application time: 0.0003448 seconds
[2022-06-16T19:53:59.190+0000][1968][safepoint    ] Entering safepoint region: RevokeBias
[2022-06-16T19:53:59.190+0000][1968][safepoint    ] Leaving safepoint region
[2022-06-16T19:53:59.190+0000][1968][safepoint    ] Total time for which application threads were stopped: 0.0000888 seconds, Stopping threads took: 0.0000234 seconds
[2022-06-16T19:53:59.190+0000][1968][safepoint    ] Application time: 0.0002034 seconds
[2022-06-16T19:53:59.190+0000][1968][safepoint    ] Entering safepoint region: RevokeBias
[2022-06-16T19:53:59.190+0000][1968][safepoint    ] Leaving safepoint region
[2022-06-16T19:53:59.190+0000][1968][safepoint    ] Total time for which application threads were stopped: 0.0000735 seconds, Stopping threads took: 0.0000216 seconds
[2022-06-16T19:53:59.190+0000][1968][safepoint    ] Application time: 0.0000541 seconds
[2022-06-16T19:53:59.190+0000][1968][safepoint    ] Entering safepoint region: RevokeBias
[2022-06-16T19:53:59.190+0000][1968][safepoint    ] Leaving safepoint region
[2022-06-16T19:53:59.190+0000][1968][safepoint    ] Total time for which application threads were stopped: 0.0000726 seconds, Stopping threads took: 0.0000241 seconds
[2022-06-16T19:53:59.354+0000][1968][safepoint    ] Application time: 0.1697052 seconds
[2022-06-16T19:53:59.354+0000][1968][safepoint    ] Entering safepoint region: Deoptimize
[2022-06-16T19:53:59.354+0000][1968][safepoint    ] Leaving safepoint region
[2022-06-16T19:53:59.354+0000][1968][safepoint    ] Total time for which application threads were stopped: 0.0007876 seconds, Stopping threads took: 0.0000290 seconds
[2022-06-16T19:53:59.589+0000][1968][safepoint    ] Application time: 0.2408518 seconds
[2022-06-16T19:53:59.667+0000][1968][safepoint    ] Entering safepoint region: RevokeBias
[2022-06-16T19:53:59.667+0000][1968][safepoint    ] Leaving safepoint region
[2022-06-16T19:53:59.667+0000][1968][safepoint    ] Total time for which application threads were stopped: 0.0683902 seconds, Stopping threads took: 0.0682352 seconds
[2022-06-16T19:53:59.667+0000][1968][safepoint    ] Application time: 0.0000523 seconds
[2022-06-16T19:53:59.667+0000][1968][safepoint    ] Entering safepoint region: RevokeBias
[2022-06-16T19:53:59.667+0000][1968][safepoint    ] Leaving safepoint region
[2022-06-16T19:53:59.667+0000][1968][safepoint    ] Total time for which application threads were stopped: 0.0000931 seconds, Stopping threads took: 0.0000206 seconds
[2022-06-16T19:53:59.667+0000][1968][safepoint    ] Application time: 0.0000162 seconds
[2022-06-16T19:53:59.667+0000][1968][safepoint    ] Entering safepoint region: RevokeBias
[2022-06-16T19:53:59.667+0000][1968][safepoint    ] Leaving safepoint region
[2022-06-16T19:53:59.667+0000][1968][safepoint    ] Total time for which application threads were stopped: 0.0000888 seconds, Stopping threads took: 0.0000195 seconds
[2022-06-16T19:53:59.667+0000][1968][safepoint    ] Application time: 0.0000153 seconds
[2022-06-16T19:53:59.667+0000][1968][safepoint    ] Entering safepoint region: RevokeBias
[2022-06-16T19:53:59.667+0000][1968][safepoint    ] Leaving safepoint region
[2022-06-16T19:53:59.667+0000][1968][safepoint    ] Total time for which application threads were stopped: 0.0000866 seconds, Stopping threads took: 0.0000187 seconds
[2022-06-16T19:53:59.667+0000][1968][safepoint    ] Application time: 0.0000163 seconds
[2022-06-16T19:53:59.667+0000][1968][safepoint    ] Entering safepoint region: RevokeBias
[2022-06-16T19:53:59.667+0000][1968][safepoint    ] Leaving safepoint region
[2022-06-16T19:53:59.667+0000][1968][safepoint    ] Total time for which application threads were stopped: 0.0000876 seconds, Stopping threads took: 0.0000188 seconds
[2022-06-16T19:53:59.667+0000][1968][safepoint    ] Application time: 0.0000196 seconds
[2022-06-16T19:53:59.667+0000][1968][safepoint    ] Entering safepoint region: RevokeBias
[2022-06-16T19:53:59.667+0000][1968][safepoint    ] Leaving safepoint region
[2022-06-16T19:53:59.667+0000][1968][safepoint    ] Total time for which application threads were stopped: 0.0000878 seconds, Stopping threads took: 0.0000191 seconds
[2022-06-16T19:53:59.667+0000][1968][safepoint    ] Application time: 0.0000149 seconds
[2022-06-16T19:53:59.667+0000][1968][safepoint    ] Entering safepoint region: RevokeBias
[2022-06-16T19:53:59.667+0000][1968][safepoint    ] Leaving safepoint region
[2022-06-16T19:53:59.667+0000][1968][safepoint    ] Total time for which application threads were stopped: 0.0000872 seconds, Stopping threads took: 0.0000189 seconds
[2022-06-16T19:53:59.667+0000][1968][safepoint    ] Application time: 0.0000147 seconds
[2022-06-16T19:53:59.667+0000][1968][safepoint    ] Entering safepoint region: RevokeBias
[2022-06-16T19:53:59.667+0000][1968][safepoint    ] Leaving safepoint region
[2022-06-16T19:53:59.667+0000][1968][safepoint    ] Total time for which application threads were stopped: 0.0000877 seconds, Stopping threads took: 0.0000188 seconds
[2022-06-16T19:53:59.876+0000][1968][safepoint    ] Application time: 0.2039069 seconds
[2022-06-16T19:53:59.876+0000][1968][safepoint    ] Entering safepoint region: Deoptimize
[2022-06-16T19:53:59.877+0000][1968][safepoint    ] Leaving safepoint region
[2022-06-16T19:53:59.877+0000][1968][safepoint    ] Total time for which application threads were stopped: 0.0008112 seconds, Stopping threads took: 0.0000264 seconds
[2022-06-16T19:53:59.892+0000][1968][safepoint    ] Application time: 0.0275234 seconds
[2022-06-16T19:53:59.892+0000][1968][safepoint    ] Entering safepoint region: RevokeBias
[2022-06-16T19:53:59.892+0000][1968][safepoint    ] Leaving safepoint region
[2022-06-16T19:53:59.892+0000][1968][safepoint    ] Total time for which application threads were stopped: 0.0000919 seconds, Stopping threads took: 0.0000264 seconds
[2022-06-16T19:54:00.079+0000][1968][safepoint    ] Application time: 0.1879124 seconds
[2022-06-16T19:54:00.079+0000][1968][safepoint    ] Entering safepoint region: RevokeBias
[2022-06-16T19:54:00.079+0000][1968][safepoint    ] Leaving safepoint region
[2022-06-16T19:54:00.079+0000][1968][safepoint    ] Total time for which application threads were stopped: 0.0003341 seconds, Stopping threads took: 0.0002491 seconds
[2022-06-16T19:54:00.079+0000][1968][safepoint    ] Application time: 0.0003135 seconds
[2022-06-16T19:54:00.079+0000][1968][safepoint    ] Entering safepoint region: RevokeBias
[2022-06-16T19:54:00.079+0000][1968][safepoint    ] Leaving safepoint region
[2022-06-16T19:54:00.079+0000][1968][safepoint    ] Total time for which application threads were stopped: 0.0003124 seconds, Stopping threads took: 0.0002499 seconds
[2022-06-16T19:54:00.095+0000][1968][safepoint    ] Application time: 0.0094219 seconds
[2022-06-16T19:54:00.095+0000][1968][safepoint    ] Entering safepoint region: RevokeBias
[2022-06-16T19:54:00.095+0000][1968][safepoint    ] Leaving safepoint region
[2022-06-16T19:54:00.095+0000][1968][safepoint    ] Total time for which application threads were stopped: 0.0000912 seconds, Stopping threads took: 0.0000281 seconds
[2022-06-16T19:54:00.095+0000][1968][safepoint    ] Application time: 0.0004885 seconds
[2022-06-16T19:54:00.095+0000][1968][safepoint    ] Entering safepoint region: RevokeBias
[2022-06-16T19:54:00.095+0000][1968][safepoint    ] Leaving safepoint region
[2022-06-16T19:54:00.095+0000][1968][safepoint    ] Total time for which application threads were stopped: 0.0000821 seconds, Stopping threads took: 0.0000229 seconds
[2022-06-16T19:54:00.095+0000][1968][safepoint    ] Application time: 0.0044367 seconds
[2022-06-16T19:54:00.095+0000][1968][safepoint    ] Entering safepoint region: RevokeBias
[2022-06-16T19:54:00.095+0000][1968][safepoint    ] Leaving safepoint region
[2022-06-16T19:54:00.095+0000][1968][safepoint    ] Total time for which application threads were stopped: 0.0005300 seconds, Stopping threads took: 0.0004422 seconds
[2022-06-16T19:54:00.110+0000][1968][safepoint    ] Application time: 0.0088953 seconds
[2022-06-16T19:54:00.110+0000][1968][safepoint    ] Entering safepoint region: RevokeBias
[2022-06-16T19:54:00.110+0000][1968][safepoint    ] Leaving safepoint region
[2022-06-16T19:54:00.110+0000][1968][safepoint    ] Total time for which application threads were stopped: 0.0002440 seconds, Stopping threads took: 0.0001445 seconds
[2022-06-16T19:54:00.110+0000][1968][safepoint    ] Application time: 0.0008742 seconds
[2022-06-16T19:54:00.110+0000][1968][safepoint    ] Entering safepoint region: RevokeBias
[2022-06-16T19:54:00.110+0000][1968][safepoint    ] Leaving safepoint region
[2022-06-16T19:54:00.110+0000][1968][safepoint    ] Total time for which application threads were stopped: 0.0001465 seconds, Stopping threads took: 0.0000312 seconds
[2022-06-16T19:54:00.110+0000][1968][safepoint    ] Application time: 0.0000629 seconds
[2022-06-16T19:54:00.110+0000][1968][safepoint    ] Entering safepoint region: RevokeBias
[2022-06-16T19:54:00.110+0000][1968][safepoint    ] Leaving safepoint region
[2022-06-16T19:54:00.110+0000][1968][safepoint    ] Total time for which application threads were stopped: 0.0001129 seconds, Stopping threads took: 0.0000352 seconds
[2022-06-16T19:54:00.110+0000][1968][safepoint    ] Application time: 0.0001322 seconds
[2022-06-16T19:54:00.110+0000][1968][safepoint    ] Entering safepoint region: RevokeBias
[2022-06-16T19:54:00.110+0000][1968][safepoint    ] Leaving safepoint region
[2022-06-16T19:54:00.110+0000][1968][safepoint    ] Total time for which application threads were stopped: 0.0004954 seconds, Stopping threads took: 0.0000737 seconds
[2022-06-16T19:54:00.110+0000][1968][safepoint    ] Application time: 0.0001201 seconds
[2022-06-16T19:54:00.110+0000][1968][safepoint    ] Entering safepoint region: RevokeBias
[2022-06-16T19:54:00.110+0000][1968][safepoint    ] Leaving safepoint region
[2022-06-16T19:54:00.110+0000][1968][safepoint    ] Total time for which application threads were stopped: 0.0000930 seconds, Stopping threads took: 0.0000184 seconds
[2022-06-16T19:54:00.110+0000][1968][safepoint    ] Application time: 0.0000556 seconds
[2022-06-16T19:54:00.110+0000][1968][safepoint    ] Entering safepoint region: RevokeBias
[2022-06-16T19:54:00.110+0000][1968][safepoint    ] Leaving safepoint region
[2022-06-16T19:54:00.110+0000][1968][safepoint    ] Total time for which application threads were stopped: 0.0001063 seconds, Stopping threads took: 0.0000354 seconds
[2022-06-16T19:54:00.110+0000][1968][safepoint    ] Application time: 0.0001243 seconds
[2022-06-16T19:54:00.110+0000][1968][safepoint    ] Entering safepoint region: RevokeBias
[2022-06-16T19:54:00.110+0000][1968][safepoint    ] Leaving safepoint region
[2022-06-16T19:54:00.110+0000][1968][safepoint    ] Total time for which application threads were stopped: 0.0000810 seconds, Stopping threads took: 0.0000178 seconds
[2022-06-16T19:54:00.110+0000][1968][safepoint    ] Application time: 0.0000207 seconds
[2022-06-16T19:54:00.110+0000][1968][safepoint    ] Entering safepoint region: RevokeBias
[2022-06-16T19:54:00.110+0000][1968][safepoint    ] Leaving safepoint region
[2022-06-16T19:54:00.110+0000][1968][safepoint    ] Total time for which application threads were stopped: 0.0000796 seconds, Stopping threads took: 0.0000185 seconds
[2022-06-16T19:54:00.110+0000][1968][safepoint    ] Application time: 0.0008984 seconds
[2022-06-16T19:54:00.110+0000][1968][safepoint    ] Entering safepoint region: RevokeBias
[2022-06-16T19:54:00.110+0000][1968][safepoint    ] Leaving safepoint region
[2022-06-16T19:54:00.110+0000][1968][safepoint    ] Total time for which application threads were stopped: 0.0000962 seconds, Stopping threads took: 0.0000201 seconds
[2022-06-16T19:54:00.110+0000][1968][safepoint    ] Application time: 0.0000239 seconds
[2022-06-16T19:54:00.110+0000][1968][safepoint    ] Entering safepoint region: RevokeBias
[2022-06-16T19:54:00.110+0000][1968][safepoint    ] Leaving safepoint region
[2022-06-16T19:54:00.110+0000][1968][safepoint    ] Total time for which application threads were stopped: 0.0000796 seconds, Stopping threads took: 0.0000188 seconds
[2022-06-16T19:54:00.110+0000][1968][safepoint    ] Application time: 0.0008879 seconds
[2022-06-16T19:54:00.110+0000][1968][safepoint    ] Entering safepoint region: RevokeBias
[2022-06-16T19:54:00.110+0000][1968][safepoint    ] Leaving safepoint region
[2022-06-16T19:54:00.110+0000][1968][safepoint    ] Total time for which application threads were stopped: 0.0001803 seconds, Stopping threads took: 0.0000562 seconds
[2022-06-16T19:54:00.110+0000][1968][safepoint    ] Application time: 0.0001579 seconds
[2022-06-16T19:54:00.110+0000][1968][safepoint    ] Entering safepoint region: RevokeBias
[2022-06-16T19:54:00.110+0000][1968][safepoint    ] Leaving safepoint region
[2022-06-16T19:54:00.110+0000][1968][safepoint    ] Total time for which application threads were stopped: 0.0001331 seconds, Stopping threads took: 0.0000376 seconds
[2022-06-16T19:54:00.110+0000][1968][safepoint    ] Application time: 0.0015646 seconds
[2022-06-16T19:54:00.110+0000][1968][safepoint    ] Entering safepoint region: RevokeBias
[2022-06-16T19:54:00.110+0000][1968][safepoint    ] Leaving safepoint region
[2022-06-16T19:54:00.110+0000][1968][safepoint    ] Total time for which application threads were stopped: 0.0002041 seconds, Stopping threads took: 0.0000509 seconds
[2022-06-16T19:54:00.126+0000][1968][safepoint    ] Application time: 0.0014706 seconds
[2022-06-16T19:54:00.126+0000][1968][safepoint    ] Entering safepoint region: RevokeBias
[2022-06-16T19:54:00.126+0000][1968][safepoint    ] Leaving safepoint region
[2022-06-16T19:54:00.126+0000][1968][safepoint    ] Total time for which application threads were stopped: 0.0001500 seconds, Stopping threads took: 0.0000459 seconds
[2022-06-16T19:54:00.126+0000][1968][safepoint    ] Application time: 0.0033240 seconds
[2022-06-16T19:54:00.126+0000][1968][safepoint    ] Entering safepoint region: RevokeBias
[2022-06-16T19:54:00.126+0000][1968][safepoint    ] Leaving safepoint region
[2022-06-16T19:54:00.126+0000][1968][safepoint    ] Total time for which application threads were stopped: 0.0005394 seconds, Stopping threads took: 0.0000220 seconds
[2022-06-16T19:54:00.126+0000][1968][safepoint    ] Application time: 0.0001761 seconds
[2022-06-16T19:54:00.126+0000][1968][safepoint    ] Entering safepoint region: RevokeBias
[2022-06-16T19:54:00.126+0000][1968][safepoint    ] Leaving safepoint region
[2022-06-16T19:54:00.126+0000][1968][safepoint    ] Total time for which application threads were stopped: 0.0001161 seconds, Stopping threads took: 0.0000220 seconds
[2022-06-16T19:54:00.126+0000][1968][safepoint    ] Application time: 0.0001327 seconds
[2022-06-16T19:54:00.126+0000][1968][safepoint    ] Entering safepoint region: RevokeBias
[2022-06-16T19:54:00.126+0000][1968][safepoint    ] Leaving safepoint region
[2022-06-16T19:54:00.126+0000][1968][safepoint    ] Total time for which application threads were stopped: 0.0004094 seconds, Stopping threads took: 0.0000227 seconds
[2022-06-16T19:54:00.126+0000][1968][safepoint    ] Application time: 0.0000712 seconds
[2022-06-16T19:54:00.126+0000][1968][safepoint    ] Entering safepoint region: RevokeBias
[2022-06-16T19:54:00.126+0000][1968][safepoint    ] Leaving safepoint region
[2022-06-16T19:54:00.126+0000][1968][safepoint    ] Total time for which application threads were stopped: 0.0000953 seconds, Stopping threads took: 0.0000200 seconds
[2022-06-16T19:54:00.126+0000][1968][safepoint    ] Application time: 0.0033876 seconds
[2022-06-16T19:54:00.126+0000][1968][safepoint    ] Entering safepoint region: RevokeBias
[2022-06-16T19:54:00.126+0000][1968][safepoint    ] Leaving safepoint region
[2022-06-16T19:54:00.126+0000][1968][safepoint    ] Total time for which application threads were stopped: 0.0000964 seconds, Stopping threads took: 0.0000258 seconds
[2022-06-16T19:54:00.126+0000][1968][safepoint    ] Application time: 0.0008871 seconds
[2022-06-16T19:54:00.126+0000][1968][safepoint    ] Entering safepoint region: RevokeBias
[2022-06-16T19:54:00.126+0000][1968][safepoint    ] Leaving safepoint region
[2022-06-16T19:54:00.126+0000][1968][safepoint    ] Total time for which application threads were stopped: 0.0001199 seconds, Stopping threads took: 0.0000550 seconds
[2022-06-16T19:54:00.126+0000][1968][safepoint    ] Application time: 0.0000536 seconds
[2022-06-16T19:54:00.126+0000][1968][safepoint    ] Entering safepoint region: RevokeBias
[2022-06-16T19:54:00.126+0000][1968][safepoint    ] Leaving safepoint region
[2022-06-16T19:54:00.126+0000][1968][safepoint    ] Total time for which application threads were stopped: 0.0001499 seconds, Stopping threads took: 0.0000568 seconds
[2022-06-16T19:54:00.126+0000][1968][safepoint    ] Application time: 0.0000187 seconds
[2022-06-16T19:54:00.126+0000][1968][safepoint    ] Entering safepoint region: RevokeBias
[2022-06-16T19:54:00.126+0000][1968][safepoint    ] Leaving safepoint region
[2022-06-16T19:54:00.126+0000][1968][safepoint    ] Total time for which application threads were stopped: 0.0000940 seconds, Stopping threads took: 0.0000285 seconds
[2022-06-16T19:54:00.126+0000][1968][safepoint    ] Application time: 0.0012952 seconds
[2022-06-16T19:54:00.126+0000][1968][safepoint    ] Entering safepoint region: RevokeBias
[2022-06-16T19:54:00.126+0000][1968][safepoint    ] Leaving safepoint region
[2022-06-16T19:54:00.126+0000][1968][safepoint    ] Total time for which application threads were stopped: 0.0000826 seconds, Stopping threads took: 0.0000199 seconds
[2022-06-16T19:54:00.126+0000][1968][safepoint    ] Application time: 0.0000261 seconds
[2022-06-16T19:54:00.126+0000][1968][safepoint    ] Entering safepoint region: RevokeBias
[2022-06-16T19:54:00.126+0000][1968][safepoint    ] Leaving safepoint region
[2022-06-16T19:54:00.126+0000][1968][safepoint    ] Total time for which application threads were stopped: 0.0000747 seconds, Stopping threads took: 0.0000175 seconds
[2022-06-16T19:54:00.126+0000][1968][safepoint    ] Application time: 0.0025970 seconds
[2022-06-16T19:54:00.126+0000][1968][safepoint    ] Entering safepoint region: RevokeBias
[2022-06-16T19:54:00.126+0000][1968][safepoint    ] Leaving safepoint region
[2022-06-16T19:54:00.126+0000][1968][safepoint    ] Total time for which application threads were stopped: 0.0000944 seconds, Stopping threads took: 0.0000236 seconds
[2022-06-16T19:54:00.126+0000][1968][safepoint    ] Application time: 0.0000698 seconds
[2022-06-16T19:54:00.126+0000][1968][safepoint    ] Entering safepoint region: RevokeBias
[2022-06-16T19:54:00.126+0000][1968][safepoint    ] Leaving safepoint region
[2022-06-16T19:54:00.126+0000][1968][safepoint    ] Total time for which application threads were stopped: 0.0000778 seconds, Stopping threads took: 0.0000182 seconds
[2022-06-16T19:54:00.142+0000][1968][safepoint    ] Application time: 0.0028244 seconds
[2022-06-16T19:54:00.142+0000][1968][safepoint    ] Entering safepoint region: RevokeBias
[2022-06-16T19:54:00.142+0000][1968][safepoint    ] Leaving safepoint region
[2022-06-16T19:54:00.142+0000][1968][safepoint    ] Total time for which application threads were stopped: 0.0001110 seconds, Stopping threads took: 0.0000293 seconds
[2022-06-16T19:54:00.142+0000][1968][safepoint    ] Application time: 0.0000357 seconds
[2022-06-16T19:54:00.142+0000][1968][safepoint    ] Entering safepoint region: RevokeBias
[2022-06-16T19:54:00.142+0000][1968][safepoint    ] Leaving safepoint region
[2022-06-16T19:54:00.142+0000][1968][safepoint    ] Total time for which application threads were stopped: 0.0003644 seconds, Stopping threads took: 0.0002893 seconds
[2022-06-16T19:54:00.142+0000][1968][safepoint    ] Application time: 0.0062314 seconds
[2022-06-16T19:54:00.142+0000][1968][safepoint    ] Entering safepoint region: RevokeBias
[2022-06-16T19:54:00.142+0000][1968][safepoint    ] Leaving safepoint region
[2022-06-16T19:54:00.142+0000][1968][safepoint    ] Total time for which application threads were stopped: 0.0000962 seconds, Stopping threads took: 0.0000350 seconds
[2022-06-16T19:54:00.142+0000][1968][safepoint    ] Application time: 0.0001963 seconds
[2022-06-16T19:54:00.142+0000][1968][safepoint    ] Entering safepoint region: RevokeBias
[2022-06-16T19:54:00.142+0000][1968][safepoint    ] Leaving safepoint region
[2022-06-16T19:54:00.142+0000][1968][safepoint    ] Total time for which application threads were stopped: 0.0001092 seconds, Stopping threads took: 0.0000447 seconds
[2022-06-16T19:54:00.142+0000][1968][safepoint    ] Application time: 0.0000237 seconds
[2022-06-16T19:54:00.142+0000][1968][safepoint    ] Entering safepoint region: RevokeBias
[2022-06-16T19:54:00.142+0000][1968][safepoint    ] Leaving safepoint region
[2022-06-16T19:54:00.142+0000][1968][safepoint    ] Total time for which application threads were stopped: 0.0001062 seconds, Stopping threads took: 0.0000443 seconds
[2022-06-16T19:54:00.142+0000][1968][safepoint    ] Application time: 0.0047640 seconds
[2022-06-16T19:54:00.142+0000][1968][safepoint    ] Entering safepoint region: RevokeBias
[2022-06-16T19:54:00.142+0000][1968][safepoint    ] Leaving safepoint region
[2022-06-16T19:54:00.142+0000][1968][safepoint    ] Total time for which application threads were stopped: 0.0000928 seconds, Stopping threads took: 0.0000309 seconds
[2022-06-16T19:54:00.157+0000][1968][safepoint    ] Application time: 0.0138656 seconds
[2022-06-16T19:54:00.157+0000][1968][safepoint    ] Entering safepoint region: RevokeBias
[2022-06-16T19:54:00.157+0000][1968][safepoint    ] Leaving safepoint region
[2022-06-16T19:54:00.157+0000][1968][safepoint    ] Total time for which application threads were stopped: 0.0001120 seconds, Stopping threads took: 0.0000398 seconds
[2022-06-16T19:54:00.157+0000][1968][safepoint    ] Application time: 0.0001941 seconds
[2022-06-16T19:54:00.157+0000][1968][safepoint    ] Entering safepoint region: RevokeBias
[2022-06-16T19:54:00.157+0000][1968][safepoint    ] Leaving safepoint region
[2022-06-16T19:54:00.157+0000][1968][safepoint    ] Total time for which application threads were stopped: 0.0000794 seconds, Stopping threads took: 0.0000181 seconds
[2022-06-16T19:54:00.157+0000][1968][safepoint    ] Application time: 0.0000227 seconds
[2022-06-16T19:54:00.157+0000][1968][safepoint    ] Entering safepoint region: RevokeBias
[2022-06-16T19:54:00.157+0000][1968][safepoint    ] Leaving safepoint region
[2022-06-16T19:54:00.157+0000][1968][safepoint    ] Total time for which application threads were stopped: 0.0000704 seconds, Stopping threads took: 0.0000198 seconds
[2022-06-16T19:54:00.157+0000][1968][safepoint    ] Application time: 0.0000875 seconds
[2022-06-16T19:54:00.157+0000][1968][safepoint    ] Entering safepoint region: RevokeBias
[2022-06-16T19:54:00.157+0000][1968][safepoint    ] Leaving safepoint region
[2022-06-16T19:54:00.157+0000][1968][safepoint    ] Total time for which application threads were stopped: 0.0003418 seconds, Stopping threads took: 0.0002844 seconds
[2022-06-16T19:54:00.157+0000][1968][safepoint    ] Application time: 0.0003081 seconds
[2022-06-16T19:54:00.157+0000][1968][safepoint    ] Entering safepoint region: RevokeBias
[2022-06-16T19:54:00.157+0000][1968][safepoint    ] Leaving safepoint region
[2022-06-16T19:54:00.157+0000][1968][safepoint    ] Total time for which application threads were stopped: 0.0003451 seconds, Stopping threads took: 0.0002820 seconds
[2022-06-16T19:54:00.157+0000][1968][safepoint    ] Application time: 0.0000446 seconds
[2022-06-16T19:54:00.157+0000][1968][safepoint    ] Entering safepoint region: RevokeBias
[2022-06-16T19:54:00.157+0000][1968][safepoint    ] Leaving safepoint region
[2022-06-16T19:54:00.157+0000][1968][safepoint    ] Total time for which application threads were stopped: 0.0000735 seconds, Stopping threads took: 0.0000196 seconds
[2022-06-16T19:54:00.157+0000][1968][safepoint    ] Application time: 0.0000874 seconds
[2022-06-16T19:54:00.157+0000][1968][safepoint    ] Entering safepoint region: RevokeBias
[2022-06-16T19:54:00.157+0000][1968][safepoint    ] Leaving safepoint region
[2022-06-16T19:54:00.157+0000][1968][safepoint    ] Total time for which application threads were stopped: 0.0000689 seconds, Stopping threads took: 0.0000200 seconds
[2022-06-16T19:54:00.173+0000][1968][safepoint    ] Application time: 0.0000827 seconds
[2022-06-16T19:54:00.173+0000][1968][safepoint    ] Entering safepoint region: RevokeBias
[2022-06-16T19:54:00.173+0000][1968][safepoint    ] Leaving safepoint region
[2022-06-16T19:54:00.173+0000][1968][safepoint    ] Total time for which application threads were stopped: 0.0000688 seconds, Stopping threads took: 0.0000183 seconds
[2022-06-16T19:54:00.173+0000][1968][safepoint    ] Application time: 0.0000934 seconds
[2022-06-16T19:54:00.173+0000][1968][safepoint    ] Entering safepoint region: RevokeBias
[2022-06-16T19:54:00.173+0000][1968][safepoint    ] Leaving safepoint region
[2022-06-16T19:54:00.173+0000][1968][safepoint    ] Total time for which application threads were stopped: 0.0000775 seconds, Stopping threads took: 0.0000289 seconds
[2022-06-16T19:54:00.173+0000][1968][safepoint    ] Application time: 0.0000366 seconds
[2022-06-16T19:54:00.173+0000][1968][safepoint    ] Entering safepoint region: RevokeBias
[2022-06-16T19:54:00.173+0000][1968][safepoint    ] Leaving safepoint region
[2022-06-16T19:54:00.173+0000][1968][safepoint    ] Total time for which application threads were stopped: 0.0000631 seconds, Stopping threads took: 0.0000171 seconds
[2022-06-16T19:54:00.173+0000][1968][safepoint    ] Application time: 0.0048001 seconds
[2022-06-16T19:54:00.173+0000][1968][safepoint    ] Entering safepoint region: RevokeBias
[2022-06-16T19:54:00.173+0000][1968][safepoint    ] Leaving safepoint region
[2022-06-16T19:54:00.173+0000][1968][safepoint    ] Total time for which application threads were stopped: 0.0000801 seconds, Stopping threads took: 0.0000250 seconds
[2022-06-16T19:54:00.173+0000][1968][safepoint    ] Application time: 0.0002190 seconds
[2022-06-16T19:54:00.173+0000][1968][safepoint    ] Entering safepoint region: RevokeBias
[2022-06-16T19:54:00.173+0000][1968][safepoint    ] Leaving safepoint region
[2022-06-16T19:54:00.173+0000][1968][safepoint    ] Total time for which application threads were stopped: 0.0000759 seconds, Stopping threads took: 0.0000229 seconds
[2022-06-16T19:54:00.173+0000][1968][safepoint    ] Application time: 0.0000854 seconds
[2022-06-16T19:54:00.173+0000][1968][safepoint    ] Entering safepoint region: RevokeBias
[2022-06-16T19:54:00.173+0000][1968][safepoint    ] Leaving safepoint region
[2022-06-16T19:54:00.173+0000][1968][safepoint    ] Total time for which application threads were stopped: 0.0000660 seconds, Stopping threads took: 0.0000201 seconds
[2022-06-16T19:54:00.173+0000][1968][safepoint    ] Application time: 0.0001825 seconds
[2022-06-16T19:54:00.173+0000][1968][safepoint    ] Entering safepoint region: RevokeBias
[2022-06-16T19:54:00.173+0000][1968][safepoint    ] Leaving safepoint region
[2022-06-16T19:54:00.173+0000][1968][safepoint    ] Total time for which application threads were stopped: 0.0000700 seconds, Stopping threads took: 0.0000209 seconds
[2022-06-16T19:54:00.173+0000][1968][safepoint    ] Application time: 0.0000236 seconds
[2022-06-16T19:54:00.173+0000][1968][safepoint    ] Entering safepoint region: RevokeBias
[2022-06-16T19:54:00.173+0000][1968][safepoint    ] Leaving safepoint region
[2022-06-16T19:54:00.173+0000][1968][safepoint    ] Total time for which application threads were stopped: 0.0000615 seconds, Stopping threads took: 0.0000189 seconds
[2022-06-16T19:54:00.173+0000][1968][safepoint    ] Application time: 0.0000211 seconds
[2022-06-16T19:54:00.173+0000][1968][safepoint    ] Entering safepoint region: RevokeBias
[2022-06-16T19:54:00.173+0000][1968][safepoint    ] Leaving safepoint region
[2022-06-16T19:54:00.173+0000][1968][safepoint    ] Total time for which application threads were stopped: 0.0000622 seconds, Stopping threads took: 0.0000188 seconds
[2022-06-16T19:54:00.173+0000][1968][safepoint    ] Application time: 0.0009086 seconds
[2022-06-16T19:54:00.173+0000][1968][safepoint    ] Entering safepoint region: RevokeBias
[2022-06-16T19:54:00.173+0000][1968][safepoint    ] Leaving safepoint region
[2022-06-16T19:54:00.173+0000][1968][safepoint    ] Total time for which application threads were stopped: 0.0000816 seconds, Stopping threads took: 0.0000243 seconds
[2022-06-16T19:54:00.173+0000][1968][safepoint    ] Application time: 0.0001890 seconds
[2022-06-16T19:54:00.173+0000][1968][safepoint    ] Entering safepoint region: RevokeBias
[2022-06-16T19:54:00.173+0000][1968][safepoint    ] Leaving safepoint region
[2022-06-16T19:54:00.173+0000][1968][safepoint    ] Total time for which application threads were stopped: 0.0000735 seconds, Stopping threads took: 0.0000219 seconds
[2022-06-16T19:54:00.173+0000][1968][safepoint    ] Application time: 0.0000723 seconds
[2022-06-16T19:54:00.173+0000][1968][safepoint    ] Entering safepoint region: RevokeBias
[2022-06-16T19:54:00.173+0000][1968][safepoint    ] Leaving safepoint region
[2022-06-16T19:54:00.173+0000][1968][safepoint    ] Total time for which application threads were stopped: 0.0000718 seconds, Stopping threads took: 0.0000200 seconds
[2022-06-16T19:54:00.173+0000][1968][safepoint    ] Application time: 0.0000621 seconds
[2022-06-16T19:54:00.173+0000][1968][safepoint    ] Entering safepoint region: RevokeBias
[2022-06-16T19:54:00.173+0000][1968][safepoint    ] Leaving safepoint region
[2022-06-16T19:54:00.173+0000][1968][safepoint    ] Total time for which application threads were stopped: 0.0000667 seconds, Stopping threads took: 0.0000197 seconds
[2022-06-16T19:54:00.173+0000][1968][safepoint    ] Application time: 0.0000223 seconds
[2022-06-16T19:54:00.173+0000][1968][safepoint    ] Entering safepoint region: RevokeBias
[2022-06-16T19:54:00.173+0000][1968][safepoint    ] Leaving safepoint region
[2022-06-16T19:54:00.173+0000][1968][safepoint    ] Total time for which application threads were stopped: 0.0000631 seconds, Stopping threads took: 0.0000191 seconds
[2022-06-16T19:54:00.173+0000][1968][safepoint    ] Application time: 0.0000163 seconds
[2022-06-16T19:54:00.173+0000][1968][safepoint    ] Entering safepoint region: RevokeBias
[2022-06-16T19:54:00.173+0000][1968][safepoint    ] Leaving safepoint region
[2022-06-16T19:54:00.173+0000][1968][safepoint    ] Total time for which application threads were stopped: 0.0000618 seconds, Stopping threads took: 0.0000187 seconds
[2022-06-16T19:54:00.173+0000][1968][safepoint    ] Application time: 0.0002172 seconds
[2022-06-16T19:54:00.173+0000][1968][safepoint    ] Entering safepoint region: RevokeBias
[2022-06-16T19:54:00.173+0000][1968][safepoint    ] Leaving safepoint region
[2022-06-16T19:54:00.173+0000][1968][safepoint    ] Total time for which application threads were stopped: 0.0000715 seconds, Stopping threads took: 0.0000219 seconds
[2022-06-16T19:54:00.173+0000][1968][safepoint    ] Application time: 0.0001458 seconds
[2022-06-16T19:54:00.173+0000][1968][safepoint    ] Entering safepoint region: RevokeBias
[2022-06-16T19:54:00.173+0000][1968][safepoint    ] Leaving safepoint region
[2022-06-16T19:54:00.173+0000][1968][safepoint    ] Total time for which application threads were stopped: 0.0000691 seconds, Stopping threads took: 0.0000213 seconds
[2022-06-16T19:54:00.173+0000][1968][safepoint    ] Application time: 0.0000699 seconds
[2022-06-16T19:54:00.173+0000][1968][safepoint    ] Entering safepoint region: RevokeBias
[2022-06-16T19:54:00.173+0000][1968][safepoint    ] Leaving safepoint region
[2022-06-16T19:54:00.173+0000][1968][safepoint    ] Total time for which application threads were stopped: 0.0000648 seconds, Stopping threads took: 0.0000200 seconds
[2022-06-16T19:54:00.173+0000][1968][safepoint    ] Application time: 0.0018877 seconds
[2022-06-16T19:54:00.173+0000][1968][safepoint    ] Entering safepoint region: RevokeBias
[2022-06-16T19:54:00.173+0000][1968][safepoint    ] Leaving safepoint region
[2022-06-16T19:54:00.173+0000][1968][safepoint    ] Total time for which application threads were stopped: 0.0000794 seconds, Stopping threads took: 0.0000237 seconds
[2022-06-16T19:54:00.173+0000][1968][safepoint    ] Application time: 0.0000299 seconds
[2022-06-16T19:54:00.173+0000][1968][safepoint    ] Entering safepoint region: RevokeBias
[2022-06-16T19:54:00.173+0000][1968][safepoint    ] Leaving safepoint region
[2022-06-16T19:54:00.173+0000][1968][safepoint    ] Total time for which application threads were stopped: 0.0000657 seconds, Stopping threads took: 0.0000197 seconds
[2022-06-16T19:54:00.173+0000][1968][safepoint    ] Application time: 0.0003410 seconds
[2022-06-16T19:54:00.173+0000][1968][safepoint    ] Entering safepoint region: RevokeBias
[2022-06-16T19:54:00.173+0000][1968][safepoint    ] Leaving safepoint region
[2022-06-16T19:54:00.173+0000][1968][safepoint    ] Total time for which application threads were stopped: 0.0000765 seconds, Stopping threads took: 0.0000225 seconds
[2022-06-16T19:54:00.173+0000][1968][safepoint    ] Application time: 0.0008537 seconds
[2022-06-16T19:54:00.173+0000][1968][safepoint    ] Entering safepoint region: RevokeBias
[2022-06-16T19:54:00.173+0000][1968][safepoint    ] Leaving safepoint region
[2022-06-16T19:54:00.173+0000][1968][safepoint    ] Total time for which application threads were stopped: 0.0000780 seconds, Stopping threads took: 0.0000261 seconds
[2022-06-16T19:54:00.173+0000][1968][safepoint    ] Application time: 0.0002807 seconds
[2022-06-16T19:54:00.173+0000][1968][safepoint    ] Entering safepoint region: RevokeBias
[2022-06-16T19:54:00.173+0000][1968][safepoint    ] Leaving safepoint region
[2022-06-16T19:54:00.173+0000][1968][safepoint    ] Total time for which application threads were stopped: 0.0000790 seconds, Stopping threads took: 0.0000237 seconds
[2022-06-16T19:54:00.173+0000][1968][safepoint    ] Application time: 0.0002784 seconds
[2022-06-16T19:54:00.173+0000][1968][safepoint    ] Entering safepoint region: RevokeBias
[2022-06-16T19:54:00.173+0000][1968][safepoint    ] Leaving safepoint region
[2022-06-16T19:54:00.173+0000][1968][safepoint    ] Total time for which application threads were stopped: 0.0000768 seconds, Stopping threads took: 0.0000222 seconds
[2022-06-16T19:54:00.173+0000][1968][safepoint    ] Application time: 0.0005005 seconds
[2022-06-16T19:54:00.173+0000][1968][safepoint    ] Entering safepoint region: RevokeBias
[2022-06-16T19:54:00.173+0000][1968][safepoint    ] Leaving safepoint region
[2022-06-16T19:54:00.173+0000][1968][safepoint    ] Total time for which application threads were stopped: 0.0000858 seconds, Stopping threads took: 0.0000315 seconds
[2022-06-16T19:54:00.173+0000][1968][safepoint    ] Application time: 0.0004876 seconds
[2022-06-16T19:54:00.173+0000][1968][safepoint    ] Entering safepoint region: RevokeBias
[2022-06-16T19:54:00.173+0000][1968][safepoint    ] Leaving safepoint region
[2022-06-16T19:54:00.173+0000][1968][safepoint    ] Total time for which application threads were stopped: 0.0000774 seconds, Stopping threads took: 0.0000231 seconds
[2022-06-16T19:54:00.204+0000][1968][safepoint    ] Application time: 0.0174627 seconds
[2022-06-16T19:54:00.204+0000][1968][safepoint    ] Entering safepoint region: RevokeBias
[2022-06-16T19:54:00.204+0000][1968][safepoint    ] Leaving safepoint region
[2022-06-16T19:54:00.204+0000][1968][safepoint    ] Total time for which application threads were stopped: 0.0004009 seconds, Stopping threads took: 0.0003182 seconds
[2022-06-16T19:54:00.204+0000][1968][safepoint    ] Application time: 0.0003362 seconds
[2022-06-16T19:54:00.204+0000][1968][safepoint    ] Entering safepoint region: RevokeBias
[2022-06-16T19:54:00.204+0000][1968][safepoint    ] Leaving safepoint region
[2022-06-16T19:54:00.204+0000][1968][safepoint    ] Total time for which application threads were stopped: 0.0002032 seconds, Stopping threads took: 0.0001397 seconds
[2022-06-16T19:54:00.204+0000][1968][safepoint    ] Application time: 0.0002711 seconds
[2022-06-16T19:54:00.204+0000][1968][safepoint    ] Entering safepoint region: RevokeBias
[2022-06-16T19:54:00.204+0000][1968][safepoint    ] Leaving safepoint region
[2022-06-16T19:54:00.204+0000][1968][safepoint    ] Total time for which application threads were stopped: 0.0000814 seconds, Stopping threads took: 0.0000182 seconds
[2022-06-16T19:54:00.267+0000][1968][safepoint    ] Application time: 0.0627944 seconds
[2022-06-16T19:54:00.267+0000][1968][safepoint    ] Entering safepoint region: RevokeBias
[2022-06-16T19:54:00.267+0000][1968][safepoint    ] Leaving safepoint region
[2022-06-16T19:54:00.267+0000][1968][safepoint    ] Total time for which application threads were stopped: 0.0001097 seconds, Stopping threads took: 0.0000244 seconds
[2022-06-16T19:54:00.267+0000][1968][safepoint    ] Application time: 0.0000929 seconds
[2022-06-16T19:54:00.267+0000][1968][safepoint    ] Entering safepoint region: RevokeBias
[2022-06-16T19:54:00.267+0000][1968][safepoint    ] Leaving safepoint region
[2022-06-16T19:54:00.267+0000][1968][safepoint    ] Total time for which application threads were stopped: 0.0000812 seconds, Stopping threads took: 0.0000192 seconds
[2022-06-16T19:54:00.267+0000][1968][safepoint    ] Application time: 0.0000684 seconds
[2022-06-16T19:54:00.267+0000][1968][safepoint    ] Entering safepoint region: RevokeBias
[2022-06-16T19:54:00.267+0000][1968][safepoint    ] Leaving safepoint region
[2022-06-16T19:54:00.267+0000][1968][safepoint    ] Total time for which application threads were stopped: 0.0000721 seconds, Stopping threads took: 0.0000167 seconds
[2022-06-16T19:54:00.267+0000][1968][safepoint    ] Application time: 0.0000365 seconds
[2022-06-16T19:54:00.267+0000][1968][safepoint    ] Entering safepoint region: RevokeBias
[2022-06-16T19:54:00.267+0000][1968][safepoint    ] Leaving safepoint region
[2022-06-16T19:54:00.267+0000][1968][safepoint    ] Total time for which application threads were stopped: 0.0000822 seconds, Stopping threads took: 0.0000283 seconds
[2022-06-16T19:54:00.267+0000][1968][safepoint    ] Application time: 0.0000282 seconds
[2022-06-16T19:54:00.267+0000][1968][safepoint    ] Entering safepoint region: RevokeBias
[2022-06-16T19:54:00.267+0000][1968][safepoint    ] Leaving safepoint region
[2022-06-16T19:54:00.267+0000][1968][safepoint    ] Total time for which application threads were stopped: 0.0000804 seconds, Stopping threads took: 0.0000313 seconds
[2022-06-16T19:54:00.267+0000][1968][safepoint    ] Application time: 0.0001031 seconds
[2022-06-16T19:54:00.267+0000][1968][safepoint    ] Entering safepoint region: RevokeBias
[2022-06-16T19:54:00.267+0000][1968][safepoint    ] Leaving safepoint region
[2022-06-16T19:54:00.267+0000][1968][safepoint    ] Total time for which application threads were stopped: 0.0000881 seconds, Stopping threads took: 0.0000295 seconds
[2022-06-16T19:54:00.267+0000][1968][safepoint    ] Application time: 0.0000270 seconds
[2022-06-16T19:54:00.267+0000][1968][safepoint    ] Entering safepoint region: RevokeBias
[2022-06-16T19:54:00.267+0000][1968][safepoint    ] Leaving safepoint region
[2022-06-16T19:54:00.267+0000][1968][safepoint    ] Total time for which application threads were stopped: 0.0000760 seconds, Stopping threads took: 0.0000217 seconds
[2022-06-16T19:54:00.282+0000][1968][safepoint    ] Application time: 0.0223165 seconds
[2022-06-16T19:54:00.282+0000][1968][safepoint    ] Entering safepoint region: RevokeBias
[2022-06-16T19:54:00.282+0000][1968][safepoint    ] Leaving safepoint region
[2022-06-16T19:54:00.282+0000][1968][safepoint    ] Total time for which application threads were stopped: 0.0001270 seconds, Stopping threads took: 0.0000314 seconds
[2022-06-16T19:54:00.298+0000][1968][safepoint    ] Application time: 0.0085123 seconds
[2022-06-16T19:54:00.298+0000][1968][safepoint    ] Entering safepoint region: RevokeBias
[2022-06-16T19:54:00.298+0000][1968][safepoint    ] Leaving safepoint region
[2022-06-16T19:54:00.298+0000][1968][safepoint    ] Total time for which application threads were stopped: 0.0001101 seconds, Stopping threads took: 0.0000268 seconds
[2022-06-16T19:54:00.298+0000][1968][safepoint    ] Application time: 0.0063791 seconds
[2022-06-16T19:54:00.298+0000][1968][safepoint    ] Entering safepoint region: RevokeBias
[2022-06-16T19:54:00.298+0000][1968][safepoint    ] Leaving safepoint region
[2022-06-16T19:54:00.298+0000][1968][safepoint    ] Total time for which application threads were stopped: 0.0001084 seconds, Stopping threads took: 0.0000230 seconds
[2022-06-16T19:54:00.313+0000][1968][safepoint    ] Application time: 0.0137546 seconds
[2022-06-16T19:54:00.313+0000][1968][safepoint    ] Entering safepoint region: RevokeBias
[2022-06-16T19:54:00.313+0000][1968][safepoint    ] Leaving safepoint region
[2022-06-16T19:54:00.313+0000][1968][safepoint    ] Total time for which application threads were stopped: 0.0001096 seconds, Stopping threads took: 0.0000286 seconds
[2022-06-16T19:54:00.324+0000][1968][safepoint    ] Application time: 0.0013797 seconds
[2022-06-16T19:54:00.324+0000][1968][safepoint    ] Entering safepoint region: RevokeBias
[2022-06-16T19:54:00.324+0000][1968][safepoint    ] Leaving safepoint region
[2022-06-16T19:54:00.324+0000][1968][safepoint    ] Total time for which application threads were stopped: 0.0000967 seconds, Stopping threads took: 0.0000269 seconds
[2022-06-16T19:54:00.324+0000][1968][safepoint    ] Application time: 0.0000570 seconds
[2022-06-16T19:54:00.324+0000][1968][safepoint    ] Entering safepoint region: RevokeBias
[2022-06-16T19:54:00.324+0000][1968][safepoint    ] Leaving safepoint region
[2022-06-16T19:54:00.324+0000][1968][safepoint    ] Total time for which application threads were stopped: 0.0000720 seconds, Stopping threads took: 0.0000168 seconds
[2022-06-16T19:54:00.324+0000][1968][safepoint    ] Application time: 0.0000240 seconds
[2022-06-16T19:54:00.324+0000][1968][safepoint    ] Entering safepoint region: RevokeBias
[2022-06-16T19:54:00.324+0000][1968][safepoint    ] Leaving safepoint region
[2022-06-16T19:54:00.324+0000][1968][safepoint    ] Total time for which application threads were stopped: 0.0000731 seconds, Stopping threads took: 0.0000174 seconds
[2022-06-16T19:54:00.324+0000][1968][safepoint    ] Application time: 0.0001062 seconds
[2022-06-16T19:54:00.324+0000][1968][safepoint    ] Entering safepoint region: RevokeBias
[2022-06-16T19:54:00.324+0000][1968][safepoint    ] Leaving safepoint region
[2022-06-16T19:54:00.324+0000][1968][safepoint    ] Total time for which application threads were stopped: 0.0000762 seconds, Stopping threads took: 0.0000185 seconds
[2022-06-16T19:54:00.325+0000][1968][safepoint    ] Application time: 0.0006282 seconds
[2022-06-16T19:54:00.325+0000][1968][safepoint    ] Entering safepoint region: RevokeBias
[2022-06-16T19:54:00.325+0000][1968][safepoint    ] Leaving safepoint region
[2022-06-16T19:54:00.325+0000][1968][safepoint    ] Total time for which application threads were stopped: 0.0000820 seconds, Stopping threads took: 0.0000191 seconds
[2022-06-16T19:54:00.327+0000][1968][safepoint    ] Application time: 0.0021443 seconds
[2022-06-16T19:54:00.327+0000][1968][safepoint    ] Entering safepoint region: RevokeBias
[2022-06-16T19:54:00.327+0000][1968][safepoint    ] Leaving safepoint region
[2022-06-16T19:54:00.327+0000][1968][safepoint    ] Total time for which application threads were stopped: 0.0000882 seconds, Stopping threads took: 0.0000241 seconds
[2022-06-16T19:54:00.328+0000][1968][safepoint    ] Application time: 0.0005491 seconds
[2022-06-16T19:54:00.328+0000][1968][safepoint    ] Entering safepoint region: RevokeBias
[2022-06-16T19:54:00.328+0000][1968][safepoint    ] Leaving safepoint region
[2022-06-16T19:54:00.328+0000][1968][safepoint    ] Total time for which application threads were stopped: 0.0000771 seconds, Stopping threads took: 0.0000196 seconds
[2022-06-16T19:54:00.328+0000][1968][safepoint    ] Application time: 0.0004300 seconds
[2022-06-16T19:54:00.329+0000][1968][safepoint    ] Entering safepoint region: RevokeBias
[2022-06-16T19:54:00.329+0000][1968][safepoint    ] Leaving safepoint region
[2022-06-16T19:54:00.329+0000][1968][safepoint    ] Total time for which application threads were stopped: 0.0000816 seconds, Stopping threads took: 0.0000202 seconds
[2022-06-16T19:54:00.378+0000][1968][safepoint    ] Application time: 0.0607624 seconds
[2022-06-16T19:54:00.378+0000][1968][safepoint    ] Entering safepoint region: RevokeBias
[2022-06-16T19:54:00.378+0000][1968][safepoint    ] Leaving safepoint region
[2022-06-16T19:54:00.378+0000][1968][safepoint    ] Total time for which application threads were stopped: 0.0001390 seconds, Stopping threads took: 0.0000306 seconds
[2022-06-16T19:54:00.394+0000][1968][safepoint    ] Application time: 0.0074854 seconds
[2022-06-16T19:54:00.394+0000][1968][safepoint    ] Entering safepoint region: RevokeBias
[2022-06-16T19:54:00.394+0000][1968][safepoint    ] Leaving safepoint region
[2022-06-16T19:54:00.394+0000][1968][safepoint    ] Total time for which application threads were stopped: 0.0001108 seconds, Stopping threads took: 0.0000269 seconds
[2022-06-16T19:54:00.487+0000][1968][safepoint    ] Application time: 0.1044785 seconds
[2022-06-16T19:54:00.487+0000][1968][safepoint    ] Entering safepoint region: RevokeBias
[2022-06-16T19:54:00.487+0000][1968][safepoint    ] Leaving safepoint region
[2022-06-16T19:54:00.487+0000][1968][safepoint    ] Total time for which application threads were stopped: 0.0001302 seconds, Stopping threads took: 0.0000269 seconds
[2022-06-16T19:54:00.550+0000][1968][safepoint    ] Application time: 0.0554532 seconds
[2022-06-16T19:54:00.550+0000][1968][safepoint    ] Entering safepoint region: RevokeBias
[2022-06-16T19:54:00.550+0000][1968][safepoint    ] Leaving safepoint region
[2022-06-16T19:54:00.550+0000][1968][safepoint    ] Total time for which application threads were stopped: 0.0001320 seconds, Stopping threads took: 0.0000246 seconds
[2022-06-16T19:54:00.550+0000][1968][safepoint    ] Application time: 0.0000273 seconds
[2022-06-16T19:54:00.550+0000][1968][safepoint    ] Entering safepoint region: RevokeBias
[2022-06-16T19:54:00.550+0000][1968][safepoint    ] Leaving safepoint region
[2022-06-16T19:54:00.550+0000][1968][safepoint    ] Total time for which application threads were stopped: 0.0000779 seconds, Stopping threads took: 0.0000166 seconds
[2022-06-16T19:54:00.565+0000][1968][safepoint    ] Application time: 0.0192359 seconds
[2022-06-16T19:54:00.565+0000][1968][safepoint    ] Entering safepoint region: RevokeBias
[2022-06-16T19:54:00.565+0000][1968][safepoint    ] Leaving safepoint region
[2022-06-16T19:54:00.565+0000][1968][safepoint    ] Total time for which application threads were stopped: 0.0001236 seconds, Stopping threads took: 0.0000282 seconds
[2022-06-16T19:54:00.581+0000][1968][safepoint    ] Application time: 0.0059642 seconds
[2022-06-16T19:54:00.628+0000][1968][safepoint    ] Entering safepoint region: Deoptimize
[2022-06-16T19:54:00.644+0000][1968][safepoint    ] Leaving safepoint region
[2022-06-16T19:54:00.644+0000][1968][safepoint    ] Total time for which application threads were stopped: 0.0604554 seconds, Stopping threads took: 0.0596051 seconds
[2022-06-16T19:54:00.644+0000][1968][safepoint    ] Application time: 0.0020339 seconds
[2022-06-16T19:54:00.644+0000][1968][safepoint    ] Entering safepoint region: RevokeBias
[2022-06-16T19:54:00.644+0000][1968][safepoint    ] Leaving safepoint region
[2022-06-16T19:54:00.644+0000][1968][safepoint    ] Total time for which application threads were stopped: 0.0002256 seconds, Stopping threads took: 0.0001137 seconds
[2022-06-16T19:54:00.644+0000][1968][safepoint    ] Application time: 0.0026812 seconds
[2022-06-16T19:54:00.644+0000][1968][safepoint    ] Entering safepoint region: RevokeBias
[2022-06-16T19:54:00.644+0000][1968][safepoint    ] Leaving safepoint region
[2022-06-16T19:54:00.644+0000][1968][safepoint    ] Total time for which application threads were stopped: 0.0001634 seconds, Stopping threads took: 0.0000498 seconds
[2022-06-16T19:54:00.644+0000][1968][safepoint    ] Application time: 0.0039157 seconds
[2022-06-16T19:54:00.644+0000][1968][safepoint    ] Entering safepoint region: RevokeBias
[2022-06-16T19:54:00.644+0000][1968][safepoint    ] Leaving safepoint region
[2022-06-16T19:54:00.644+0000][1968][safepoint    ] Total time for which application threads were stopped: 0.0001300 seconds, Stopping threads took: 0.0000492 seconds
[2022-06-16T19:54:00.644+0000][1968][safepoint    ] Application time: 0.0060431 seconds
[2022-06-16T19:54:00.659+0000][1968][safepoint    ] Entering safepoint region: RevokeBias
[2022-06-16T19:54:00.659+0000][1968][safepoint    ] Leaving safepoint region
[2022-06-16T19:54:00.659+0000][1968][safepoint    ] Total time for which application threads were stopped: 0.0005057 seconds, Stopping threads took: 0.0004295 seconds
[2022-06-16T19:54:00.659+0000][1968][safepoint    ] Application time: 0.0142422 seconds
[2022-06-16T19:54:00.659+0000][1968][safepoint    ] Entering safepoint region: RevokeBias
[2022-06-16T19:54:00.659+0000][1968][safepoint    ] Leaving safepoint region
[2022-06-16T19:54:00.659+0000][1968][safepoint    ] Total time for which application threads were stopped: 0.0001153 seconds, Stopping threads took: 0.0000272 seconds
[2022-06-16T19:54:00.675+0000][1968][safepoint    ] Application time: 0.0023709 seconds
[2022-06-16T19:54:00.675+0000][1968][safepoint    ] Entering safepoint region: RevokeBias
[2022-06-16T19:54:00.675+0000][1968][safepoint    ] Leaving safepoint region
[2022-06-16T19:54:00.675+0000][1968][safepoint    ] Total time for which application threads were stopped: 0.0000990 seconds, Stopping threads took: 0.0000237 seconds
[2022-06-16T19:54:00.675+0000][1968][safepoint    ] Application time: 0.0000285 seconds
[2022-06-16T19:54:00.675+0000][1968][safepoint    ] Entering safepoint region: RevokeBias
[2022-06-16T19:54:00.675+0000][1968][safepoint    ] Leaving safepoint region
[2022-06-16T19:54:00.675+0000][1968][safepoint    ] Total time for which application threads were stopped: 0.0000728 seconds, Stopping threads took: 0.0000194 seconds
[2022-06-16T19:54:00.675+0000][1968][safepoint    ] Application time: 0.0000332 seconds
[2022-06-16T19:54:00.675+0000][1968][safepoint    ] Entering safepoint region: RevokeBias
[2022-06-16T19:54:00.675+0000][1968][safepoint    ] Leaving safepoint region
[2022-06-16T19:54:00.675+0000][1968][safepoint    ] Total time for which application threads were stopped: 0.0000734 seconds, Stopping threads took: 0.0000173 seconds
[2022-06-16T19:54:00.675+0000][1968][safepoint    ] Application time: 0.0003872 seconds
[2022-06-16T19:54:00.675+0000][1968][safepoint    ] Entering safepoint region: RevokeBias
[2022-06-16T19:54:00.675+0000][1968][safepoint    ] Leaving safepoint region
[2022-06-16T19:54:00.675+0000][1968][safepoint    ] Total time for which application threads were stopped: 0.0000872 seconds, Stopping threads took: 0.0000216 seconds
[2022-06-16T19:54:00.675+0000][1968][safepoint    ] Application time: 0.0123220 seconds
[2022-06-16T19:54:00.675+0000][1968][safepoint    ] Entering safepoint region: RevokeBias
[2022-06-16T19:54:00.675+0000][1968][safepoint    ] Leaving safepoint region
[2022-06-16T19:54:00.675+0000][1968][safepoint    ] Total time for which application threads were stopped: 0.0001083 seconds, Stopping threads took: 0.0000259 seconds
[2022-06-16T19:54:00.675+0000][1968][safepoint    ] Application time: 0.0000253 seconds
[2022-06-16T19:54:00.675+0000][1968][safepoint    ] Entering safepoint region: RevokeBias
[2022-06-16T19:54:00.675+0000][1968][safepoint    ] Leaving safepoint region
[2022-06-16T19:54:00.675+0000][1968][safepoint    ] Total time for which application threads were stopped: 0.0000686 seconds, Stopping threads took: 0.0000180 seconds
[2022-06-16T19:54:00.706+0000][1968][safepoint    ] Application time: 0.0300674 seconds
[2022-06-16T19:54:00.737+0000][1968][safepoint    ] Entering safepoint region: RevokeBias
[2022-06-16T19:54:00.737+0000][1968][safepoint    ] Leaving safepoint region
[2022-06-16T19:54:00.737+0000][1968][safepoint    ] Total time for which application threads were stopped: 0.0239216 seconds, Stopping threads took: 0.0237936 seconds
[2022-06-16T19:54:00.737+0000][1968][safepoint    ] Application time: 0.0040427 seconds
[2022-06-16T19:54:00.737+0000][1968][safepoint    ] Entering safepoint region: RevokeBias
[2022-06-16T19:54:00.737+0000][1968][safepoint    ] Leaving safepoint region
[2022-06-16T19:54:00.737+0000][1968][safepoint    ] Total time for which application threads were stopped: 0.0001221 seconds, Stopping threads took: 0.0000255 seconds
[2022-06-16T19:54:00.737+0000][1968][safepoint    ] Application time: 0.0044574 seconds
[2022-06-16T19:54:00.737+0000][1968][safepoint    ] Entering safepoint region: RevokeBias
[2022-06-16T19:54:00.753+0000][1968][safepoint    ] Leaving safepoint region
[2022-06-16T19:54:00.753+0000][1968][safepoint    ] Total time for which application threads were stopped: 0.0004846 seconds, Stopping threads took: 0.0002213 seconds
[2022-06-16T19:54:00.753+0000][1968][safepoint    ] Application time: 0.0003233 seconds
[2022-06-16T19:54:00.753+0000][1968][safepoint    ] Entering safepoint region: RevokeBias
[2022-06-16T19:54:00.753+0000][1968][safepoint    ] Leaving safepoint region
[2022-06-16T19:54:00.753+0000][1968][safepoint    ] Total time for which application threads were stopped: 0.0001229 seconds, Stopping threads took: 0.0000300 seconds
[2022-06-16T19:54:00.753+0000][1968][safepoint    ] Application time: 0.0002502 seconds
[2022-06-16T19:54:00.753+0000][1968][safepoint    ] Entering safepoint region: RevokeBias
[2022-06-16T19:54:00.753+0000][1968][safepoint    ] Leaving safepoint region
[2022-06-16T19:54:00.753+0000][1968][safepoint    ] Total time for which application threads were stopped: 0.0001062 seconds, Stopping threads took: 0.0000254 seconds
[2022-06-16T19:54:00.769+0000][1968][safepoint    ] Application time: 0.0241509 seconds
[2022-06-16T19:54:00.769+0000][1968][safepoint    ] Entering safepoint region: RevokeBias
[2022-06-16T19:54:00.769+0000][1968][safepoint    ] Leaving safepoint region
[2022-06-16T19:54:00.769+0000][1968][safepoint    ] Total time for which application threads were stopped: 0.0002920 seconds, Stopping threads took: 0.0001795 seconds
[2022-06-16T19:54:00.831+0000][1968][safepoint    ] Application time: 0.0547889 seconds
[2022-06-16T19:54:00.831+0000][1968][safepoint    ] Entering safepoint region: RevokeBias
[2022-06-16T19:54:00.831+0000][1968][safepoint    ] Leaving safepoint region
[2022-06-16T19:54:00.831+0000][1968][safepoint    ] Total time for which application threads were stopped: 0.0006801 seconds, Stopping threads took: 0.0005552 seconds
[2022-06-16T19:54:00.831+0000][1968][safepoint    ] Application time: 0.0007202 seconds
[2022-06-16T19:54:00.831+0000][1968][safepoint    ] Entering safepoint region: RevokeBias
[2022-06-16T19:54:00.831+0000][1968][safepoint    ] Leaving safepoint region
[2022-06-16T19:54:00.831+0000][1968][safepoint    ] Total time for which application threads were stopped: 0.0001223 seconds, Stopping threads took: 0.0000253 seconds
[2022-06-16T19:54:00.831+0000][1968][safepoint    ] Application time: 0.0002251 seconds
[2022-06-16T19:54:00.831+0000][1968][safepoint    ] Entering safepoint region: RevokeBias
[2022-06-16T19:54:00.831+0000][1968][safepoint    ] Leaving safepoint region
[2022-06-16T19:54:00.831+0000][1968][safepoint    ] Total time for which application threads were stopped: 0.0001055 seconds, Stopping threads took: 0.0000219 seconds
[2022-06-16T19:54:00.831+0000][1968][safepoint    ] Application time: 0.0000233 seconds
[2022-06-16T19:54:00.831+0000][1968][safepoint    ] Entering safepoint region: RevokeBias
[2022-06-16T19:54:00.831+0000][1968][safepoint    ] Leaving safepoint region
[2022-06-16T19:54:00.831+0000][1968][safepoint    ] Total time for which application threads were stopped: 0.0000797 seconds, Stopping threads took: 0.0000198 seconds
[2022-06-16T19:54:00.831+0000][1968][safepoint    ] Application time: 0.0000258 seconds
[2022-06-16T19:54:00.831+0000][1968][safepoint    ] Entering safepoint region: RevokeBias
[2022-06-16T19:54:00.831+0000][1968][safepoint    ] Leaving safepoint region
[2022-06-16T19:54:00.831+0000][1968][safepoint    ] Total time for which application threads were stopped: 0.0000793 seconds, Stopping threads took: 0.0000196 seconds
[2022-06-16T19:54:00.831+0000][1968][safepoint    ] Application time: 0.0000144 seconds
[2022-06-16T19:54:00.831+0000][1968][safepoint    ] Entering safepoint region: RevokeBias
[2022-06-16T19:54:00.831+0000][1968][safepoint    ] Leaving safepoint region
[2022-06-16T19:54:00.831+0000][1968][safepoint    ] Total time for which application threads were stopped: 0.0000794 seconds, Stopping threads took: 0.0000193 seconds
[2022-06-16T19:54:00.831+0000][1968][safepoint    ] Application time: 0.0001703 seconds
[2022-06-16T19:54:00.831+0000][1968][safepoint    ] Entering safepoint region: RevokeBias
[2022-06-16T19:54:00.831+0000][1968][safepoint    ] Leaving safepoint region
[2022-06-16T19:54:00.831+0000][1968][safepoint    ] Total time for which application threads were stopped: 0.0000883 seconds, Stopping threads took: 0.0000212 seconds
[2022-06-16T19:54:00.831+0000][1968][safepoint    ] Application time: 0.0078326 seconds
[2022-06-16T19:54:00.831+0000][1968][safepoint    ] Entering safepoint region: RevokeBias
[2022-06-16T19:54:00.831+0000][1968][safepoint    ] Leaving safepoint region
[2022-06-16T19:54:00.831+0000][1968][safepoint    ] Total time for which application threads were stopped: 0.0001203 seconds, Stopping threads took: 0.0000271 seconds
[2022-06-16T19:54:00.831+0000][1968][safepoint    ] Application time: 0.0006621 seconds
[2022-06-16T19:54:00.831+0000][1968][safepoint    ] Entering safepoint region: RevokeBias
[2022-06-16T19:54:00.831+0000][1968][safepoint    ] Leaving safepoint region
[2022-06-16T19:54:00.831+0000][1968][safepoint    ] Total time for which application threads were stopped: 0.0001081 seconds, Stopping threads took: 0.0000246 seconds
[2022-06-16T19:54:00.862+0000][1968][safepoint    ] Application time: 0.0203749 seconds
[2022-06-16T19:54:00.862+0000][1968][safepoint    ] Entering safepoint region: RevokeBias
[2022-06-16T19:54:00.862+0000][1968][safepoint    ] Leaving safepoint region
[2022-06-16T19:54:00.862+0000][1968][safepoint    ] Total time for which application threads were stopped: 0.0002721 seconds, Stopping threads took: 0.0001623 seconds
[2022-06-16T19:54:00.862+0000][1968][safepoint    ] Application time: 0.0108616 seconds
[2022-06-16T19:54:00.862+0000][1968][safepoint    ] Entering safepoint region: RevokeBias
[2022-06-16T19:54:00.862+0000][1968][safepoint    ] Leaving safepoint region
[2022-06-16T19:54:00.862+0000][1968][safepoint    ] Total time for which application threads were stopped: 0.0003089 seconds, Stopping threads took: 0.0001801 seconds
[2022-06-16T19:54:00.878+0000][1968][safepoint    ] Application time: 0.0029098 seconds
[2022-06-16T19:54:00.878+0000][1968][safepoint    ] Entering safepoint region: RevokeBias
[2022-06-16T19:54:00.878+0000][1968][safepoint    ] Leaving safepoint region
[2022-06-16T19:54:00.878+0000][1968][safepoint    ] Total time for which application threads were stopped: 0.0001358 seconds, Stopping threads took: 0.0000239 seconds
[2022-06-16T19:54:00.878+0000][1968][safepoint    ] Application time: 0.0002895 seconds
[2022-06-16T19:54:00.878+0000][1968][safepoint    ] Entering safepoint region: RevokeBias
[2022-06-16T19:54:00.878+0000][1968][safepoint    ] Leaving safepoint region
[2022-06-16T19:54:00.878+0000][1968][safepoint    ] Total time for which application threads were stopped: 0.0001610 seconds, Stopping threads took: 0.0000371 seconds
[2022-06-16T19:54:00.878+0000][1968][safepoint    ] Application time: 0.0004855 seconds
[2022-06-16T19:54:00.878+0000][1968][safepoint    ] Entering safepoint region: RevokeBias
[2022-06-16T19:54:00.878+0000][1968][safepoint    ] Leaving safepoint region
[2022-06-16T19:54:00.878+0000][1968][safepoint    ] Total time for which application threads were stopped: 0.0001036 seconds, Stopping threads took: 0.0000229 seconds
[2022-06-16T19:54:00.878+0000][1968][safepoint    ] Application time: 0.0066832 seconds
[2022-06-16T19:54:00.878+0000][1968][safepoint    ] Entering safepoint region: RevokeBias
[2022-06-16T19:54:00.878+0000][1968][safepoint    ] Leaving safepoint region
[2022-06-16T19:54:00.878+0000][1968][safepoint    ] Total time for which application threads were stopped: 0.0001143 seconds, Stopping threads took: 0.0000461 seconds
[2022-06-16T19:54:00.878+0000][1968][safepoint    ] Application time: 0.0008866 seconds
[2022-06-16T19:54:00.878+0000][1968][safepoint    ] Entering safepoint region: RevokeBias
[2022-06-16T19:54:00.878+0000][1968][safepoint    ] Leaving safepoint region
[2022-06-16T19:54:00.878+0000][1968][safepoint    ] Total time for which application threads were stopped: 0.0001035 seconds, Stopping threads took: 0.0000303 seconds
[2022-06-16T19:54:00.878+0000][1968][safepoint    ] Application time: 0.0001345 seconds
[2022-06-16T19:54:00.878+0000][1968][safepoint    ] Entering safepoint region: RevokeBias
[2022-06-16T19:54:00.878+0000][1968][safepoint    ] Leaving safepoint region
[2022-06-16T19:54:00.878+0000][1968][safepoint    ] Total time for which application threads were stopped: 0.0000903 seconds, Stopping threads took: 0.0000222 seconds
[2022-06-16T19:54:00.925+0000][1968][safepoint    ] Application time: 0.0359805 seconds
[2022-06-16T19:54:00.925+0000][1968][safepoint    ] Entering safepoint region: GenCollectForAllocation
[2022-06-16T19:54:00.925+0000][1968][gc,start     ] GC(27) Pause Young (Allocation Failure)
[2022-06-16T19:54:00.925+0000][1968][gc,task      ] GC(27) Using 2 workers of 2 for evacuation
[2022-06-16T19:54:00.956+0000][1968][gc,age       ] GC(27) Desired survivor size 8716288 bytes, new threshold 2 (max threshold 6)
[2022-06-16T19:54:00.956+0000][1968][gc,age       ] GC(27) Age table with threshold 2 (max threshold 6)
[2022-06-16T19:54:00.956+0000][1968][gc,age       ] GC(27) - age   1:    5012992 bytes,    5012992 total
[2022-06-16T19:54:00.956+0000][1968][gc,age       ] GC(27) - age   2:    3967392 bytes,    8980384 total
[2022-06-16T19:54:00.956+0000][1968][gc,age       ] GC(27) - age   3:    2753712 bytes,   11734096 total
[2022-06-16T19:54:00.956+0000][1968][gc,heap      ] GC(27) ParNew: 152540K->16030K(153344K)
[2022-06-16T19:54:00.956+0000][1968][gc,heap      ] GC(27) CMS: 52318K->54204K(878208K)
[2022-06-16T19:54:00.956+0000][1968][gc,metaspace ] GC(27) Metaspace: 94224K->94224K(1136640K)
[2022-06-16T19:54:00.956+0000][1968][gc           ] GC(27) Pause Young (Allocation Failure) 200M->68M(1007M) 32.485ms
[2022-06-16T19:54:00.956+0000][1968][gc,cpu       ] GC(27) User=0.06s Sys=0.00s Real=0.03s
[2022-06-16T19:54:00.956+0000][1968][safepoint    ] Leaving safepoint region
[2022-06-16T19:54:00.956+0000][1968][safepoint    ] Total time for which application threads were stopped: 0.0327226 seconds, Stopping threads took: 0.0000266 seconds
[2022-06-16T19:54:00.987+0000][1968][safepoint    ] Application time: 0.0301828 seconds
[2022-06-16T19:54:00.987+0000][1968][safepoint    ] Entering safepoint region: Deoptimize
[2022-06-16T19:54:00.987+0000][1968][safepoint    ] Leaving safepoint region
[2022-06-16T19:54:00.987+0000][1968][safepoint    ] Total time for which application threads were stopped: 0.0008451 seconds, Stopping threads took: 0.0000275 seconds
[2022-06-16T19:54:00.987+0000][1968][safepoint    ] Application time: 0.0071528 seconds
[2022-06-16T19:54:00.987+0000][1968][safepoint    ] Entering safepoint region: RevokeBias
[2022-06-16T19:54:00.987+0000][1968][safepoint    ] Leaving safepoint region
[2022-06-16T19:54:00.987+0000][1968][safepoint    ] Total time for which application threads were stopped: 0.0001435 seconds, Stopping threads took: 0.0000465 seconds
[2022-06-16T19:54:01.190+0000][1968][safepoint    ] Application time: 0.2064348 seconds
[2022-06-16T19:54:01.190+0000][1968][safepoint    ] Entering safepoint region: RevokeBias
[2022-06-16T19:54:01.190+0000][1968][safepoint    ] Leaving safepoint region
[2022-06-16T19:54:01.190+0000][1968][safepoint    ] Total time for which application threads were stopped: 0.0001954 seconds, Stopping threads took: 0.0000301 seconds
[2022-06-16T19:54:01.190+0000][1968][safepoint    ] Application time: 0.0000249 seconds
[2022-06-16T19:54:01.190+0000][1968][safepoint    ] Entering safepoint region: RevokeBias
[2022-06-16T19:54:01.190+0000][1968][safepoint    ] Leaving safepoint region
[2022-06-16T19:54:01.190+0000][1968][safepoint    ] Total time for which application threads were stopped: 0.0000853 seconds, Stopping threads took: 0.0000192 seconds
[2022-06-16T19:54:01.206+0000][1968][safepoint    ] Application time: 0.0037400 seconds
[2022-06-16T19:54:01.206+0000][1968][safepoint    ] Entering safepoint region: RevokeBias
[2022-06-16T19:54:01.206+0000][1968][safepoint    ] Leaving safepoint region
[2022-06-16T19:54:01.206+0000][1968][safepoint    ] Total time for which application threads were stopped: 0.0001312 seconds, Stopping threads took: 0.0000288 seconds
[2022-06-16T19:54:01.206+0000][1968][safepoint    ] Application time: 0.0000216 seconds
[2022-06-16T19:54:01.206+0000][1968][safepoint    ] Entering safepoint region: RevokeBias
[2022-06-16T19:54:01.206+0000][1968][safepoint    ] Leaving safepoint region
[2022-06-16T19:54:01.206+0000][1968][safepoint    ] Total time for which application threads were stopped: 0.0000813 seconds, Stopping threads took: 0.0000224 seconds
[2022-06-16T19:54:01.206+0000][1968][safepoint    ] Application time: 0.0065116 seconds
[2022-06-16T19:54:01.206+0000][1968][safepoint    ] Entering safepoint region: RevokeBias
[2022-06-16T19:54:01.206+0000][1968][safepoint    ] Leaving safepoint region
[2022-06-16T19:54:01.206+0000][1968][safepoint    ] Total time for which application threads were stopped: 0.0001293 seconds, Stopping threads took: 0.0000288 seconds
[2022-06-16T19:54:01.206+0000][1968][safepoint    ] Application time: 0.0000317 seconds
[2022-06-16T19:54:01.206+0000][1968][safepoint    ] Entering safepoint region: RevokeBias
[2022-06-16T19:54:01.206+0000][1968][safepoint    ] Leaving safepoint region
[2022-06-16T19:54:01.206+0000][1968][safepoint    ] Total time for which application threads were stopped: 0.0000799 seconds, Stopping threads took: 0.0000197 seconds
[2022-06-16T19:54:01.206+0000][1968][safepoint    ] Application time: 0.0000148 seconds
[2022-06-16T19:54:01.206+0000][1968][safepoint    ] Entering safepoint region: RevokeBias
[2022-06-16T19:54:01.206+0000][1968][safepoint    ] Leaving safepoint region
[2022-06-16T19:54:01.206+0000][1968][safepoint    ] Total time for which application threads were stopped: 0.0000773 seconds, Stopping threads took: 0.0000192 seconds
[2022-06-16T19:54:01.206+0000][1968][safepoint    ] Application time: 0.0003372 seconds
[2022-06-16T19:54:01.206+0000][1968][safepoint    ] Entering safepoint region: RevokeBias
[2022-06-16T19:54:01.206+0000][1968][safepoint    ] Leaving safepoint region
[2022-06-16T19:54:01.206+0000][1968][safepoint    ] Total time for which application threads were stopped: 0.0001029 seconds, Stopping threads took: 0.0000253 seconds
[2022-06-16T19:54:01.206+0000][1968][safepoint    ] Application time: 0.0059379 seconds
[2022-06-16T19:54:01.206+0000][1968][safepoint    ] Entering safepoint region: RevokeBias
[2022-06-16T19:54:01.206+0000][1968][safepoint    ] Leaving safepoint region
[2022-06-16T19:54:01.206+0000][1968][safepoint    ] Total time for which application threads were stopped: 0.0001243 seconds, Stopping threads took: 0.0000300 seconds
[2022-06-16T19:54:01.206+0000][1968][safepoint    ] Application time: 0.0000170 seconds
[2022-06-16T19:54:01.206+0000][1968][safepoint    ] Entering safepoint region: RevokeBias
[2022-06-16T19:54:01.206+0000][1968][safepoint    ] Leaving safepoint region
[2022-06-16T19:54:01.206+0000][1968][safepoint    ] Total time for which application threads were stopped: 0.0000780 seconds, Stopping threads took: 0.0000200 seconds
[2022-06-16T19:54:01.206+0000][1968][safepoint    ] Application time: 0.0000116 seconds
[2022-06-16T19:54:01.206+0000][1968][safepoint    ] Entering safepoint region: RevokeBias
[2022-06-16T19:54:01.206+0000][1968][safepoint    ] Leaving safepoint region
[2022-06-16T19:54:01.206+0000][1968][safepoint    ] Total time for which application threads were stopped: 0.0000761 seconds, Stopping threads took: 0.0000188 seconds
[2022-06-16T19:54:01.222+0000][1968][safepoint    ] Application time: 0.0134781 seconds
[2022-06-16T19:54:01.222+0000][1968][safepoint    ] Entering safepoint region: RevokeBias
[2022-06-16T19:54:01.222+0000][1968][safepoint    ] Leaving safepoint region
[2022-06-16T19:54:01.222+0000][1968][safepoint    ] Total time for which application threads were stopped: 0.0001349 seconds, Stopping threads took: 0.0000290 seconds
[2022-06-16T19:54:01.222+0000][1968][safepoint    ] Application time: 0.0000229 seconds
[2022-06-16T19:54:01.222+0000][1968][safepoint    ] Entering safepoint region: RevokeBias
[2022-06-16T19:54:01.222+0000][1968][safepoint    ] Leaving safepoint region
[2022-06-16T19:54:01.222+0000][1968][safepoint    ] Total time for which application threads were stopped: 0.0000799 seconds, Stopping threads took: 0.0000198 seconds
[2022-06-16T19:54:01.284+0000][1968][safepoint    ] Application time: 0.0619280 seconds
[2022-06-16T19:54:01.425+0000][1968][safepoint    ] Entering safepoint region: RevokeBias
[2022-06-16T19:54:01.425+0000][1968][safepoint    ] Leaving safepoint region
[2022-06-16T19:54:01.425+0000][1968][safepoint    ] Total time for which application threads were stopped: 0.1412882 seconds, Stopping threads took: 0.1411445 seconds
[2022-06-16T19:54:01.425+0000][1968][safepoint    ] Application time: 0.0002647 seconds
[2022-06-16T19:54:01.425+0000][1968][safepoint    ] Entering safepoint region: RevokeBias
[2022-06-16T19:54:01.425+0000][1968][safepoint    ] Leaving safepoint region
[2022-06-16T19:54:01.425+0000][1968][safepoint    ] Total time for which application threads were stopped: 0.0001177 seconds, Stopping threads took: 0.0000242 seconds
[2022-06-16T19:54:01.425+0000][1968][safepoint    ] Application time: 0.0000160 seconds
[2022-06-16T19:54:01.425+0000][1968][safepoint    ] Entering safepoint region: RevokeBias
[2022-06-16T19:54:01.425+0000][1968][safepoint    ] Leaving safepoint region
[2022-06-16T19:54:01.425+0000][1968][safepoint    ] Total time for which application threads were stopped: 0.0000778 seconds, Stopping threads took: 0.0000193 seconds
[2022-06-16T19:54:01.425+0000][1968][safepoint    ] Application time: 0.0000117 seconds
[2022-06-16T19:54:01.425+0000][1968][safepoint    ] Entering safepoint region: RevokeBias
[2022-06-16T19:54:01.425+0000][1968][safepoint    ] Leaving safepoint region
[2022-06-16T19:54:01.425+0000][1968][safepoint    ] Total time for which application threads were stopped: 0.0000750 seconds, Stopping threads took: 0.0000189 seconds
[2022-06-16T19:54:01.425+0000][1968][safepoint    ] Application time: 0.0000101 seconds
[2022-06-16T19:54:01.425+0000][1968][safepoint    ] Entering safepoint region: RevokeBias
[2022-06-16T19:54:01.425+0000][1968][safepoint    ] Leaving safepoint region
[2022-06-16T19:54:01.425+0000][1968][safepoint    ] Total time for which application threads were stopped: 0.0000734 seconds, Stopping threads took: 0.0000186 seconds
[2022-06-16T19:54:01.425+0000][1968][safepoint    ] Application time: 0.0000112 seconds
[2022-06-16T19:54:01.425+0000][1968][safepoint    ] Entering safepoint region: RevokeBias
[2022-06-16T19:54:01.425+0000][1968][safepoint    ] Leaving safepoint region
[2022-06-16T19:54:01.425+0000][1968][safepoint    ] Total time for which application threads were stopped: 0.0000737 seconds, Stopping threads took: 0.0000185 seconds
[2022-06-16T19:54:01.425+0000][1968][safepoint    ] Application time: 0.0000114 seconds
[2022-06-16T19:54:01.425+0000][1968][safepoint    ] Entering safepoint region: RevokeBias
[2022-06-16T19:54:01.425+0000][1968][safepoint    ] Leaving safepoint region
[2022-06-16T19:54:01.425+0000][1968][safepoint    ] Total time for which application threads were stopped: 0.0000733 seconds, Stopping threads took: 0.0000188 seconds
[2022-06-16T19:54:01.425+0000][1968][safepoint    ] Application time: 0.0000100 seconds
[2022-06-16T19:54:01.425+0000][1968][safepoint    ] Entering safepoint region: RevokeBias
[2022-06-16T19:54:01.425+0000][1968][safepoint    ] Leaving safepoint region
[2022-06-16T19:54:01.425+0000][1968][safepoint    ] Total time for which application threads were stopped: 0.0000727 seconds, Stopping threads took: 0.0000187 seconds
[2022-06-16T19:54:01.487+0000][1968][safepoint    ] Application time: 0.0623452 seconds
[2022-06-16T19:54:01.487+0000][1968][safepoint    ] Entering safepoint region: RevokeBias
[2022-06-16T19:54:01.487+0000][1968][safepoint    ] Leaving safepoint region
[2022-06-16T19:54:01.487+0000][1968][safepoint    ] Total time for which application threads were stopped: 0.0002100 seconds, Stopping threads took: 0.0000291 seconds
[2022-06-16T19:54:01.519+0000][1968][safepoint    ] Application time: 0.0228742 seconds
[2022-06-16T19:54:01.519+0000][1968][safepoint    ] Entering safepoint region: RevokeBias
[2022-06-16T19:54:01.519+0000][1968][safepoint    ] Leaving safepoint region
[2022-06-16T19:54:01.519+0000][1968][safepoint    ] Total time for which application threads were stopped: 0.0007285 seconds, Stopping threads took: 0.0004871 seconds
[2022-06-16T19:54:01.519+0000][1968][safepoint    ] Application time: 0.0000424 seconds
[2022-06-16T19:54:01.519+0000][1968][safepoint    ] Entering safepoint region: BulkRevokeBias
[2022-06-16T19:54:01.519+0000][1968][safepoint    ] Leaving safepoint region
[2022-06-16T19:54:01.519+0000][1968][safepoint    ] Total time for which application threads were stopped: 0.0012440 seconds, Stopping threads took: 0.0000233 seconds
[2022-06-16T19:54:01.519+0000][1968][safepoint    ] Application time: 0.0000292 seconds
[2022-06-16T19:54:01.519+0000][1968][safepoint    ] Entering safepoint region: RevokeBias
[2022-06-16T19:54:01.519+0000][1968][safepoint    ] Leaving safepoint region
[2022-06-16T19:54:01.519+0000][1968][safepoint    ] Total time for which application threads were stopped: 0.0001216 seconds, Stopping threads took: 0.0000223 seconds
[2022-06-16T19:54:01.519+0000][1968][safepoint    ] Application time: 0.0008988 seconds
[2022-06-16T19:54:01.519+0000][1968][safepoint    ] Entering safepoint region: RevokeBias
[2022-06-16T19:54:01.519+0000][1968][safepoint    ] Leaving safepoint region
[2022-06-16T19:54:01.519+0000][1968][safepoint    ] Total time for which application threads were stopped: 0.0001191 seconds, Stopping threads took: 0.0000242 seconds
[2022-06-16T19:54:01.784+0000][1968][safepoint    ] Application time: 0.2583202 seconds
[2022-06-16T19:54:01.784+0000][1968][safepoint    ] Entering safepoint region: RevokeBias
[2022-06-16T19:54:01.784+0000][1968][safepoint    ] Leaving safepoint region
[2022-06-16T19:54:01.784+0000][1968][safepoint    ] Total time for which application threads were stopped: 0.0001399 seconds, Stopping threads took: 0.0000307 seconds
[2022-06-16T19:54:01.784+0000][1968][safepoint    ] Application time: 0.0000217 seconds
[2022-06-16T19:54:01.784+0000][1968][safepoint    ] Entering safepoint region: RevokeBias
[2022-06-16T19:54:01.784+0000][1968][safepoint    ] Leaving safepoint region
[2022-06-16T19:54:01.784+0000][1968][safepoint    ] Total time for which application threads were stopped: 0.0000836 seconds, Stopping threads took: 0.0000212 seconds
[2022-06-16T19:54:01.831+0000][1968][safepoint    ] Application time: 0.0515372 seconds
[2022-06-16T19:54:01.831+0000][1968][safepoint    ] Entering safepoint region: BulkRevokeBias
[2022-06-16T19:54:01.831+0000][1968][safepoint    ] Leaving safepoint region
[2022-06-16T19:54:01.831+0000][1968][safepoint    ] Total time for which application threads were stopped: 0.0004822 seconds, Stopping threads took: 0.0000300 seconds
[2022-06-16T19:54:01.894+0000][1968][safepoint    ] Application time: 0.0676761 seconds
[2022-06-16T19:54:01.894+0000][1968][safepoint    ] Entering safepoint region: RevokeBias
[2022-06-16T19:54:01.894+0000][1968][safepoint    ] Leaving safepoint region
[2022-06-16T19:54:01.894+0000][1968][safepoint    ] Total time for which application threads were stopped: 0.0001237 seconds, Stopping threads took: 0.0000311 seconds
[2022-06-16T19:54:01.956+0000][1968][safepoint    ] Application time: 0.0563439 seconds
[2022-06-16T19:54:01.956+0000][1968][safepoint    ] Entering safepoint region: RevokeBias
[2022-06-16T19:54:01.956+0000][1968][safepoint    ] Leaving safepoint region
[2022-06-16T19:54:01.956+0000][1968][safepoint    ] Total time for which application threads were stopped: 0.0001332 seconds, Stopping threads took: 0.0000290 seconds
[2022-06-16T19:54:01.956+0000][1968][safepoint    ] Application time: 0.0003760 seconds
[2022-06-16T19:54:01.956+0000][1968][safepoint    ] Entering safepoint region: RevokeBias
[2022-06-16T19:54:01.956+0000][1968][safepoint    ] Leaving safepoint region
[2022-06-16T19:54:01.956+0000][1968][safepoint    ] Total time for which application threads were stopped: 0.0001038 seconds, Stopping threads took: 0.0000256 seconds
[2022-06-16T19:54:02.003+0000][1968][safepoint    ] Application time: 0.0529658 seconds
[2022-06-16T19:54:02.003+0000][1968][safepoint    ] Entering safepoint region: RevokeBias
[2022-06-16T19:54:02.003+0000][1968][safepoint    ] Leaving safepoint region
[2022-06-16T19:54:02.003+0000][1968][safepoint    ] Total time for which application threads were stopped: 0.0001226 seconds, Stopping threads took: 0.0000304 seconds
[2022-06-16T19:54:02.269+0000][1968][safepoint    ] Application time: 0.2658167 seconds
[2022-06-16T19:54:02.300+0000][1968][safepoint    ] Entering safepoint region: RevokeBias
[2022-06-16T19:54:02.300+0000][1968][safepoint    ] Leaving safepoint region
[2022-06-16T19:54:02.300+0000][1968][safepoint    ] Total time for which application threads were stopped: 0.0259073 seconds, Stopping threads took: 0.0257599 seconds
[2022-06-16T19:54:02.331+0000][1968][safepoint    ] Application time: 0.0235841 seconds
[2022-06-16T19:54:02.331+0000][1968][safepoint    ] Entering safepoint region: RevokeBias
[2022-06-16T19:54:02.331+0000][1968][safepoint    ] Leaving safepoint region
[2022-06-16T19:54:02.331+0000][1968][safepoint    ] Total time for which application threads were stopped: 0.0001482 seconds, Stopping threads took: 0.0000299 seconds
[2022-06-16T19:54:02.362+0000][1968][safepoint    ] Application time: 0.0339280 seconds
[2022-06-16T19:54:02.362+0000][1968][safepoint    ] Entering safepoint region: RevokeBias
[2022-06-16T19:54:02.362+0000][1968][safepoint    ] Leaving safepoint region
[2022-06-16T19:54:02.362+0000][1968][safepoint    ] Total time for which application threads were stopped: 0.0015246 seconds, Stopping threads took: 0.0014019 seconds
[2022-06-16T19:54:02.394+0000][1968][safepoint    ] Application time: 0.0293683 seconds
[2022-06-16T19:54:02.394+0000][1968][safepoint    ] Entering safepoint region: RevokeBias
[2022-06-16T19:54:02.394+0000][1968][safepoint    ] Leaving safepoint region
[2022-06-16T19:54:02.394+0000][1968][safepoint    ] Total time for which application threads were stopped: 0.0001389 seconds, Stopping threads took: 0.0000478 seconds
[2022-06-16T19:54:02.409+0000][1968][safepoint    ] Application time: 0.0129333 seconds
[2022-06-16T19:54:02.409+0000][1968][safepoint    ] Entering safepoint region: RevokeBias
[2022-06-16T19:54:02.409+0000][1968][safepoint    ] Leaving safepoint region
[2022-06-16T19:54:02.409+0000][1968][safepoint    ] Total time for which application threads were stopped: 0.0001515 seconds, Stopping threads took: 0.0000295 seconds
[2022-06-16T19:54:02.456+0000][1968][safepoint    ] Application time: 0.0506603 seconds
[2022-06-16T19:54:02.456+0000][1968][safepoint    ] Entering safepoint region: RevokeBias
[2022-06-16T19:54:02.456+0000][1968][safepoint    ] Leaving safepoint region
[2022-06-16T19:54:02.456+0000][1968][safepoint    ] Total time for which application threads were stopped: 0.0001458 seconds, Stopping threads took: 0.0000317 seconds
[2022-06-16T19:54:02.472+0000][1968][safepoint    ] Application time: 0.0138657 seconds
[2022-06-16T19:54:02.472+0000][1968][safepoint    ] Entering safepoint region: RevokeBias
[2022-06-16T19:54:02.472+0000][1968][safepoint    ] Leaving safepoint region
[2022-06-16T19:54:02.472+0000][1968][safepoint    ] Total time for which application threads were stopped: 0.0017662 seconds, Stopping threads took: 0.0016553 seconds
[2022-06-16T19:54:02.472+0000][1968][safepoint    ] Application time: 0.0073523 seconds
[2022-06-16T19:54:02.472+0000][1968][safepoint    ] Entering safepoint region: RevokeBias
[2022-06-16T19:54:02.472+0000][1968][safepoint    ] Leaving safepoint region
[2022-06-16T19:54:02.472+0000][1968][safepoint    ] Total time for which application threads were stopped: 0.0001264 seconds, Stopping threads took: 0.0000387 seconds
[2022-06-16T19:54:02.628+0000][1968][safepoint    ] Application time: 0.1545202 seconds
[2022-06-16T19:54:02.628+0000][1968][safepoint    ] Entering safepoint region: RevokeBias
[2022-06-16T19:54:02.628+0000][1968][safepoint    ] Leaving safepoint region
[2022-06-16T19:54:02.628+0000][1968][safepoint    ] Total time for which application threads were stopped: 0.0002324 seconds, Stopping threads took: 0.0001087 seconds
[2022-06-16T19:54:02.644+0000][1968][safepoint    ] Application time: 0.0050631 seconds
[2022-06-16T19:54:02.644+0000][1968][safepoint    ] Entering safepoint region: RevokeBias
[2022-06-16T19:54:02.644+0000][1968][safepoint    ] Leaving safepoint region
[2022-06-16T19:54:02.644+0000][1968][safepoint    ] Total time for which application threads were stopped: 0.0012249 seconds, Stopping threads took: 0.0011178 seconds
[2022-06-16T19:54:02.644+0000][1968][safepoint    ] Application time: 0.0064279 seconds
[2022-06-16T19:54:02.644+0000][1968][safepoint    ] Entering safepoint region: RevokeBias
[2022-06-16T19:54:02.644+0000][1968][safepoint    ] Leaving safepoint region
[2022-06-16T19:54:02.644+0000][1968][safepoint    ] Total time for which application threads were stopped: 0.0001144 seconds, Stopping threads took: 0.0000238 seconds
[2022-06-16T19:54:02.644+0000][1968][safepoint    ] Application time: 0.0005212 seconds
[2022-06-16T19:54:02.644+0000][1968][safepoint    ] Entering safepoint region: RevokeBias
[2022-06-16T19:54:02.644+0000][1968][safepoint    ] Leaving safepoint region
[2022-06-16T19:54:02.644+0000][1968][safepoint    ] Total time for which application threads were stopped: 0.0002277 seconds, Stopping threads took: 0.0001378 seconds
[2022-06-16T19:54:02.675+0000][1968][safepoint    ] Application time: 0.0277216 seconds
[2022-06-16T19:54:02.675+0000][1968][safepoint    ] Entering safepoint region: RevokeBias
[2022-06-16T19:54:02.675+0000][1968][safepoint    ] Leaving safepoint region
[2022-06-16T19:54:02.675+0000][1968][safepoint    ] Total time for which application threads were stopped: 0.0017658 seconds, Stopping threads took: 0.0016466 seconds
[2022-06-16T19:54:02.690+0000][1968][safepoint    ] Application time: 0.0117282 seconds
[2022-06-16T19:54:02.690+0000][1968][safepoint    ] Entering safepoint region: RevokeBias
[2022-06-16T19:54:02.690+0000][1968][safepoint    ] Leaving safepoint region
[2022-06-16T19:54:02.690+0000][1968][safepoint    ] Total time for which application threads were stopped: 0.0001632 seconds, Stopping threads took: 0.0000642 seconds
[2022-06-16T19:54:02.690+0000][1968][safepoint    ] Application time: 0.0002127 seconds
[2022-06-16T19:54:02.690+0000][1968][safepoint    ] Entering safepoint region: RevokeBias
[2022-06-16T19:54:02.690+0000][1968][safepoint    ] Leaving safepoint region
[2022-06-16T19:54:02.690+0000][1968][safepoint    ] Total time for which application threads were stopped: 0.0000924 seconds, Stopping threads took: 0.0000199 seconds
[2022-06-16T19:54:02.690+0000][1968][safepoint    ] Application time: 0.0008313 seconds
[2022-06-16T19:54:02.690+0000][1968][safepoint    ] Entering safepoint region: RevokeBias
[2022-06-16T19:54:02.690+0000][1968][safepoint    ] Leaving safepoint region
[2022-06-16T19:54:02.690+0000][1968][safepoint    ] Total time for which application threads were stopped: 0.0000841 seconds, Stopping threads took: 0.0000245 seconds
[2022-06-16T19:54:02.722+0000][1968][safepoint    ] Application time: 0.0374708 seconds
[2022-06-16T19:54:02.722+0000][1968][safepoint    ] Entering safepoint region: RevokeBias
[2022-06-16T19:54:02.722+0000][1968][safepoint    ] Leaving safepoint region
[2022-06-16T19:54:02.722+0000][1968][safepoint    ] Total time for which application threads were stopped: 0.0001681 seconds, Stopping threads took: 0.0000491 seconds
[2022-06-16T19:54:02.769+0000][1968][safepoint    ] Application time: 0.0398912 seconds
[2022-06-16T19:54:02.769+0000][1968][safepoint    ] Entering safepoint region: RevokeBias
[2022-06-16T19:54:02.769+0000][1968][safepoint    ] Leaving safepoint region
[2022-06-16T19:54:02.769+0000][1968][safepoint    ] Total time for which application threads were stopped: 0.0001344 seconds, Stopping threads took: 0.0000271 seconds
[2022-06-16T19:54:02.784+0000][1968][safepoint    ] Application time: 0.0124388 seconds
[2022-06-16T19:54:02.784+0000][1968][safepoint    ] Entering safepoint region: RevokeBias
[2022-06-16T19:54:02.784+0000][1968][safepoint    ] Leaving safepoint region
[2022-06-16T19:54:02.784+0000][1968][safepoint    ] Total time for which application threads were stopped: 0.0001359 seconds, Stopping threads took: 0.0000315 seconds
[2022-06-16T19:54:02.800+0000][1968][safepoint    ] Application time: 0.0202192 seconds
[2022-06-16T19:54:02.800+0000][1968][safepoint    ] Entering safepoint region: RevokeBias
[2022-06-16T19:54:02.800+0000][1968][safepoint    ] Leaving safepoint region
[2022-06-16T19:54:02.800+0000][1968][safepoint    ] Total time for which application threads were stopped: 0.0001177 seconds, Stopping threads took: 0.0000261 seconds
[2022-06-16T19:54:02.909+0000][1968][safepoint    ] Application time: 0.1166805 seconds
[2022-06-16T19:54:02.909+0000][1968][safepoint    ] Entering safepoint region: RevokeBias
[2022-06-16T19:54:02.909+0000][1968][safepoint    ] Leaving safepoint region
[2022-06-16T19:54:02.909+0000][1968][safepoint    ] Total time for which application threads were stopped: 0.0001386 seconds, Stopping threads took: 0.0000317 seconds
[2022-06-16T19:54:02.925+0000][1968][safepoint    ] Application time: 0.0011869 seconds
[2022-06-16T19:54:02.925+0000][1968][safepoint    ] Entering safepoint region: RevokeBias
[2022-06-16T19:54:02.925+0000][1968][safepoint    ] Leaving safepoint region
[2022-06-16T19:54:02.925+0000][1968][safepoint    ] Total time for which application threads were stopped: 0.0001227 seconds, Stopping threads took: 0.0000268 seconds
[2022-06-16T19:54:03.112+0000][1968][safepoint    ] Application time: 0.1981883 seconds
[2022-06-16T19:54:03.112+0000][1968][safepoint    ] Entering safepoint region: RevokeBias
[2022-06-16T19:54:03.112+0000][1968][safepoint    ] Leaving safepoint region
[2022-06-16T19:54:03.112+0000][1968][safepoint    ] Total time for which application threads were stopped: 0.0001415 seconds, Stopping threads took: 0.0000258 seconds
[2022-06-16T19:54:03.144+0000][1968][safepoint    ] Application time: 0.0343501 seconds
[2022-06-16T19:54:03.144+0000][1968][safepoint    ] Entering safepoint region: RevokeBias
[2022-06-16T19:54:03.144+0000][1968][safepoint    ] Leaving safepoint region
[2022-06-16T19:54:03.144+0000][1968][safepoint    ] Total time for which application threads were stopped: 0.0001329 seconds, Stopping threads took: 0.0000292 seconds
[2022-06-16T19:54:03.159+0000][1968][safepoint    ] Application time: 0.0038501 seconds
[2022-06-16T19:54:03.159+0000][1968][safepoint    ] Entering safepoint region: RevokeBias
[2022-06-16T19:54:03.159+0000][1968][safepoint    ] Leaving safepoint region
[2022-06-16T19:54:03.159+0000][1968][safepoint    ] Total time for which application threads were stopped: 0.0001639 seconds, Stopping threads took: 0.0000282 seconds
[2022-06-16T19:54:03.159+0000][1968][safepoint    ] Application time: 0.0000474 seconds
[2022-06-16T19:54:03.159+0000][1968][safepoint    ] Entering safepoint region: RevokeBias
[2022-06-16T19:54:03.159+0000][1968][safepoint    ] Leaving safepoint region
[2022-06-16T19:54:03.159+0000][1968][safepoint    ] Total time for which application threads were stopped: 0.0001430 seconds, Stopping threads took: 0.0000261 seconds
[2022-06-16T19:54:03.159+0000][1968][safepoint    ] Application time: 0.0000216 seconds
[2022-06-16T19:54:03.159+0000][1968][safepoint    ] Entering safepoint region: RevokeBias
[2022-06-16T19:54:03.159+0000][1968][safepoint    ] Leaving safepoint region
[2022-06-16T19:54:03.159+0000][1968][safepoint    ] Total time for which application threads were stopped: 0.0001194 seconds, Stopping threads took: 0.0000279 seconds
[2022-06-16T19:54:03.159+0000][1968][safepoint    ] Application time: 0.0000213 seconds
[2022-06-16T19:54:03.159+0000][1968][safepoint    ] Entering safepoint region: RevokeBias
[2022-06-16T19:54:03.159+0000][1968][safepoint    ] Leaving safepoint region
[2022-06-16T19:54:03.159+0000][1968][safepoint    ] Total time for which application threads were stopped: 0.0001176 seconds, Stopping threads took: 0.0000271 seconds
[2022-06-16T19:54:03.159+0000][1968][safepoint    ] Application time: 0.0002276 seconds
[2022-06-16T19:54:03.159+0000][1968][safepoint    ] Entering safepoint region: RevokeBias
[2022-06-16T19:54:03.159+0000][1968][safepoint    ] Leaving safepoint region
[2022-06-16T19:54:03.159+0000][1968][safepoint    ] Total time for which application threads were stopped: 0.0001064 seconds, Stopping threads took: 0.0000302 seconds
[2022-06-16T19:54:03.159+0000][1968][safepoint    ] Application time: 0.0000691 seconds
[2022-06-16T19:54:03.159+0000][1968][safepoint    ] Entering safepoint region: RevokeBias
[2022-06-16T19:54:03.159+0000][1968][safepoint    ] Leaving safepoint region
[2022-06-16T19:54:03.159+0000][1968][safepoint    ] Total time for which application threads were stopped: 0.0001013 seconds, Stopping threads took: 0.0000306 seconds
[2022-06-16T19:54:03.159+0000][1968][safepoint    ] Application time: 0.0000275 seconds
[2022-06-16T19:54:03.159+0000][1968][safepoint    ] Entering safepoint region: RevokeBias
[2022-06-16T19:54:03.159+0000][1968][safepoint    ] Leaving safepoint region
[2022-06-16T19:54:03.159+0000][1968][safepoint    ] Total time for which application threads were stopped: 0.0000839 seconds, Stopping threads took: 0.0000257 seconds
[2022-06-16T19:54:03.159+0000][1968][safepoint    ] Application time: 0.0000154 seconds
[2022-06-16T19:54:03.159+0000][1968][safepoint    ] Entering safepoint region: RevokeBias
[2022-06-16T19:54:03.159+0000][1968][safepoint    ] Leaving safepoint region
[2022-06-16T19:54:03.159+0000][1968][safepoint    ] Total time for which application threads were stopped: 0.0000707 seconds, Stopping threads took: 0.0000186 seconds
[2022-06-16T19:54:03.159+0000][1968][safepoint    ] Application time: 0.0000125 seconds
[2022-06-16T19:54:03.159+0000][1968][safepoint    ] Entering safepoint region: RevokeBias
[2022-06-16T19:54:03.159+0000][1968][safepoint    ] Leaving safepoint region
[2022-06-16T19:54:03.159+0000][1968][safepoint    ] Total time for which application threads were stopped: 0.0000682 seconds, Stopping threads took: 0.0000174 seconds
[2022-06-16T19:54:03.159+0000][1968][safepoint    ] Application time: 0.0005775 seconds
[2022-06-16T19:54:03.159+0000][1968][safepoint    ] Entering safepoint region: RevokeBias
[2022-06-16T19:54:03.159+0000][1968][safepoint    ] Leaving safepoint region
[2022-06-16T19:54:03.159+0000][1968][safepoint    ] Total time for which application threads were stopped: 0.0000850 seconds, Stopping threads took: 0.0000240 seconds
[2022-06-16T19:54:03.159+0000][1968][safepoint    ] Application time: 0.0000462 seconds
[2022-06-16T19:54:03.159+0000][1968][safepoint    ] Entering safepoint region: RevokeBias
[2022-06-16T19:54:03.159+0000][1968][safepoint    ] Leaving safepoint region
[2022-06-16T19:54:03.159+0000][1968][safepoint    ] Total time for which application threads were stopped: 0.0000745 seconds, Stopping threads took: 0.0000191 seconds
[2022-06-16T19:54:03.159+0000][1968][safepoint    ] Application time: 0.0000261 seconds
[2022-06-16T19:54:03.159+0000][1968][safepoint    ] Entering safepoint region: RevokeBias
[2022-06-16T19:54:03.159+0000][1968][safepoint    ] Leaving safepoint region
[2022-06-16T19:54:03.159+0000][1968][safepoint    ] Total time for which application threads were stopped: 0.0000679 seconds, Stopping threads took: 0.0000174 seconds
[2022-06-16T19:54:03.159+0000][1968][safepoint    ] Application time: 0.0000121 seconds
[2022-06-16T19:54:03.159+0000][1968][safepoint    ] Entering safepoint region: RevokeBias
[2022-06-16T19:54:03.159+0000][1968][safepoint    ] Leaving safepoint region
[2022-06-16T19:54:03.159+0000][1968][safepoint    ] Total time for which application threads were stopped: 0.0000690 seconds, Stopping threads took: 0.0000188 seconds
[2022-06-16T19:54:04.159+0000][1968][safepoint    ] Application time: 0.9959377 seconds
[2022-06-16T19:54:04.159+0000][1968][safepoint    ] Entering safepoint region: RevokeBias
[2022-06-16T19:54:04.159+0000][1968][safepoint    ] Leaving safepoint region
[2022-06-16T19:54:04.159+0000][1968][safepoint    ] Total time for which application threads were stopped: 0.0001609 seconds, Stopping threads took: 0.0000378 seconds
[2022-06-16T19:54:04.159+0000][1968][safepoint    ] Application time: 0.0000472 seconds
[2022-06-16T19:54:04.159+0000][1968][safepoint    ] Entering safepoint region: RevokeBias
[2022-06-16T19:54:04.159+0000][1968][safepoint    ] Leaving safepoint region
[2022-06-16T19:54:04.159+0000][1968][safepoint    ] Total time for which application threads were stopped: 0.0000978 seconds, Stopping threads took: 0.0000218 seconds
[2022-06-16T19:54:04.159+0000][1968][safepoint    ] Application time: 0.0000204 seconds
[2022-06-16T19:54:04.159+0000][1968][safepoint    ] Entering safepoint region: RevokeBias
[2022-06-16T19:54:04.159+0000][1968][safepoint    ] Leaving safepoint region
[2022-06-16T19:54:04.159+0000][1968][safepoint    ] Total time for which application threads were stopped: 0.0000731 seconds, Stopping threads took: 0.0000197 seconds
[2022-06-16T19:54:05.159+0000][1968][safepoint    ] Application time: 0.9969927 seconds
[2022-06-16T19:54:05.159+0000][1968][safepoint    ] Entering safepoint region: Cleanup
[2022-06-16T19:54:05.159+0000][1968][safepoint    ] Leaving safepoint region
[2022-06-16T19:54:05.159+0000][1968][safepoint    ] Total time for which application threads were stopped: 0.0001173 seconds, Stopping threads took: 0.0000311 seconds
[2022-06-16T19:54:06.175+0000][1968][safepoint    ] Application time: 1.0154025 seconds
[2022-06-16T19:54:06.175+0000][1968][safepoint    ] Entering safepoint region: Cleanup
[2022-06-16T19:54:06.175+0000][1968][safepoint    ] Leaving safepoint region
[2022-06-16T19:54:06.175+0000][1968][safepoint    ] Total time for which application threads were stopped: 0.0000959 seconds, Stopping threads took: 0.0000238 seconds
[2022-06-16T19:54:07.190+0000][1968][safepoint    ] Application time: 1.0156049 seconds
[2022-06-16T19:54:07.190+0000][1968][safepoint    ] Entering safepoint region: Cleanup
[2022-06-16T19:54:07.190+0000][1968][safepoint    ] Leaving safepoint region
[2022-06-16T19:54:07.190+0000][1968][safepoint    ] Total time for which application threads were stopped: 0.0001544 seconds, Stopping threads took: 0.0000354 seconds
[2022-06-16T19:54:08.191+0000][1968][safepoint    ] Application time: 0.9999079 seconds
[2022-06-16T19:54:08.191+0000][1968][safepoint    ] Entering safepoint region: Cleanup
[2022-06-16T19:54:08.191+0000][1968][safepoint    ] Leaving safepoint region
[2022-06-16T19:54:08.191+0000][1968][safepoint    ] Total time for which application threads were stopped: 0.0000965 seconds, Stopping threads took: 0.0000248 seconds
[2022-06-16T19:54:09.193+0000][1968][safepoint    ] Application time: 1.0018647 seconds
[2022-06-16T19:54:09.193+0000][1968][safepoint    ] Entering safepoint region: Cleanup
[2022-06-16T19:54:09.193+0000][1968][safepoint    ] Leaving safepoint region
[2022-06-16T19:54:09.193+0000][1968][safepoint    ] Total time for which application threads were stopped: 0.0001276 seconds, Stopping threads took: 0.0000290 seconds
[2022-06-16T19:54:10.204+0000][1968][safepoint    ] Application time: 1.0108063 seconds
[2022-06-16T19:54:10.204+0000][1968][safepoint    ] Entering safepoint region: Cleanup
[2022-06-16T19:54:10.204+0000][1968][safepoint    ] Leaving safepoint region
[2022-06-16T19:54:10.204+0000][1968][safepoint    ] Total time for which application threads were stopped: 0.0001147 seconds, Stopping threads took: 0.0000297 seconds
[2022-06-16T19:54:11.205+0000][1968][safepoint    ] Application time: 1.0010768 seconds
[2022-06-16T19:54:11.205+0000][1968][safepoint    ] Entering safepoint region: Cleanup
[2022-06-16T19:54:11.205+0000][1968][safepoint    ] Leaving safepoint region
[2022-06-16T19:54:11.205+0000][1968][safepoint    ] Total time for which application threads were stopped: 0.0001092 seconds, Stopping threads took: 0.0000296 seconds
[2022-06-16T19:54:12.210+0000][1968][safepoint    ] Application time: 1.0045144 seconds
[2022-06-16T19:54:12.210+0000][1968][safepoint    ] Entering safepoint region: Cleanup
[2022-06-16T19:54:12.210+0000][1968][safepoint    ] Leaving safepoint region
[2022-06-16T19:54:12.210+0000][1968][safepoint    ] Total time for which application threads were stopped: 0.0001237 seconds, Stopping threads took: 0.0000328 seconds
[2022-06-16T19:54:13.212+0000][1968][safepoint    ] Application time: 1.0013591 seconds
[2022-06-16T19:54:13.212+0000][1968][safepoint    ] Entering safepoint region: Cleanup
[2022-06-16T19:54:13.212+0000][1968][safepoint    ] Leaving safepoint region
[2022-06-16T19:54:13.212+0000][1968][safepoint    ] Total time for which application threads were stopped: 0.0001190 seconds, Stopping threads took: 0.0000288 seconds
[2022-06-16T19:54:14.213+0000][1968][safepoint    ] Application time: 1.0010081 seconds
[2022-06-16T19:54:14.213+0000][1968][safepoint    ] Entering safepoint region: Cleanup
[2022-06-16T19:54:14.213+0000][1968][safepoint    ] Leaving safepoint region
[2022-06-16T19:54:14.213+0000][1968][safepoint    ] Total time for which application threads were stopped: 0.0001622 seconds, Stopping threads took: 0.0000350 seconds
[2022-06-16T19:54:15.215+0000][1968][safepoint    ] Application time: 1.0016066 seconds
[2022-06-16T19:54:15.215+0000][1968][safepoint    ] Entering safepoint region: Cleanup
[2022-06-16T19:54:15.215+0000][1968][safepoint    ] Leaving safepoint region
[2022-06-16T19:54:15.215+0000][1968][safepoint    ] Total time for which application threads were stopped: 0.0001125 seconds, Stopping threads took: 0.0000310 seconds
[2022-06-16T19:54:16.217+0000][1968][safepoint    ] Application time: 1.0016975 seconds
[2022-06-16T19:54:16.217+0000][1968][safepoint    ] Entering safepoint region: Cleanup
[2022-06-16T19:54:16.217+0000][1968][safepoint    ] Leaving safepoint region
[2022-06-16T19:54:16.217+0000][1968][safepoint    ] Total time for which application threads were stopped: 0.0000953 seconds, Stopping threads took: 0.0000224 seconds
[2022-06-16T19:54:17.224+0000][1968][safepoint    ] Application time: 1.0072775 seconds
[2022-06-16T19:54:17.224+0000][1968][safepoint    ] Entering safepoint region: Cleanup
[2022-06-16T19:54:17.224+0000][1968][safepoint    ] Leaving safepoint region
[2022-06-16T19:54:17.224+0000][1968][safepoint    ] Total time for which application threads were stopped: 0.0000969 seconds, Stopping threads took: 0.0000249 seconds
[2022-06-16T19:54:18.226+0000][1968][safepoint    ] Application time: 1.0019685 seconds
[2022-06-16T19:54:18.226+0000][1968][safepoint    ] Entering safepoint region: Cleanup
[2022-06-16T19:54:18.226+0000][1968][safepoint    ] Leaving safepoint region
[2022-06-16T19:54:18.226+0000][1968][safepoint    ] Total time for which application threads were stopped: 0.0000992 seconds, Stopping threads took: 0.0000274 seconds
[2022-06-16T19:54:19.239+0000][1968][safepoint    ] Application time: 1.0130059 seconds
[2022-06-16T19:54:19.239+0000][1968][safepoint    ] Entering safepoint region: Cleanup
[2022-06-16T19:54:19.239+0000][1968][safepoint    ] Leaving safepoint region
[2022-06-16T19:54:19.239+0000][1968][safepoint    ] Total time for which application threads were stopped: 0.0001076 seconds, Stopping threads took: 0.0000266 seconds
[2022-06-16T19:54:20.254+0000][1968][safepoint    ] Application time: 1.0142329 seconds
[2022-06-16T19:54:20.254+0000][1968][safepoint    ] Entering safepoint region: Cleanup
[2022-06-16T19:54:20.254+0000][1968][safepoint    ] Leaving safepoint region
[2022-06-16T19:54:20.254+0000][1968][safepoint    ] Total time for which application threads were stopped: 0.0001209 seconds, Stopping threads took: 0.0000210 seconds
[2022-06-16T19:54:21.259+0000][1968][safepoint    ] Application time: 1.0052961 seconds
[2022-06-16T19:54:21.259+0000][1968][safepoint    ] Entering safepoint region: Cleanup
[2022-06-16T19:54:21.259+0000][1968][safepoint    ] Leaving safepoint region
[2022-06-16T19:54:21.259+0000][1968][safepoint    ] Total time for which application threads were stopped: 0.0001012 seconds, Stopping threads took: 0.0000249 seconds
[2022-06-16T19:54:22.263+0000][1968][safepoint    ] Application time: 1.0036917 seconds
[2022-06-16T19:54:22.263+0000][1968][safepoint    ] Entering safepoint region: Cleanup
[2022-06-16T19:54:22.263+0000][1968][safepoint    ] Leaving safepoint region
[2022-06-16T19:54:22.263+0000][1968][safepoint    ] Total time for which application threads were stopped: 0.0001042 seconds, Stopping threads took: 0.0000302 seconds
[2022-06-16T19:54:23.264+0000][1968][safepoint    ] Application time: 1.0005173 seconds
[2022-06-16T19:54:23.264+0000][1968][safepoint    ] Entering safepoint region: Cleanup
[2022-06-16T19:54:23.264+0000][1968][safepoint    ] Leaving safepoint region
[2022-06-16T19:54:23.264+0000][1968][safepoint    ] Total time for which application threads were stopped: 0.0000970 seconds, Stopping threads took: 0.0000236 seconds
[2022-06-16T19:54:24.275+0000][1968][safepoint    ] Application time: 1.0110591 seconds
[2022-06-16T19:54:24.275+0000][1968][safepoint    ] Entering safepoint region: Cleanup
[2022-06-16T19:54:24.275+0000][1968][safepoint    ] Leaving safepoint region
[2022-06-16T19:54:24.275+0000][1968][safepoint    ] Total time for which application threads were stopped: 0.0000971 seconds, Stopping threads took: 0.0000222 seconds
[2022-06-16T19:54:25.275+0000][1968][safepoint    ] Application time: 0.9998653 seconds
[2022-06-16T19:54:25.275+0000][1968][safepoint    ] Entering safepoint region: Cleanup
[2022-06-16T19:54:25.275+0000][1968][safepoint    ] Leaving safepoint region
[2022-06-16T19:54:25.275+0000][1968][safepoint    ] Total time for which application threads were stopped: 0.0000972 seconds, Stopping threads took: 0.0000248 seconds
[2022-06-16T19:54:26.291+0000][1968][safepoint    ] Application time: 1.0153693 seconds
[2022-06-16T19:54:26.291+0000][1968][safepoint    ] Entering safepoint region: Cleanup
[2022-06-16T19:54:26.291+0000][1968][safepoint    ] Leaving safepoint region
[2022-06-16T19:54:26.291+0000][1968][safepoint    ] Total time for which application threads were stopped: 0.0000923 seconds, Stopping threads took: 0.0000223 seconds
[2022-06-16T19:54:27.293+0000][1968][safepoint    ] Application time: 1.0018032 seconds
[2022-06-16T19:54:27.293+0000][1968][safepoint    ] Entering safepoint region: Cleanup
[2022-06-16T19:54:27.293+0000][1968][safepoint    ] Leaving safepoint region
[2022-06-16T19:54:27.293+0000][1968][safepoint    ] Total time for which application threads were stopped: 0.0001278 seconds, Stopping threads took: 0.0000299 seconds
[2022-06-16T19:54:28.300+0000][1968][safepoint    ] Application time: 1.0065117 seconds
[2022-06-16T19:54:28.300+0000][1968][safepoint    ] Entering safepoint region: Cleanup
[2022-06-16T19:54:28.300+0000][1968][safepoint    ] Leaving safepoint region
[2022-06-16T19:54:28.300+0000][1968][safepoint    ] Total time for which application threads were stopped: 0.0001177 seconds, Stopping threads took: 0.0000277 seconds
[2022-06-16T19:54:29.303+0000][1968][safepoint    ] Application time: 1.0036071 seconds
[2022-06-16T19:54:29.303+0000][1968][safepoint    ] Entering safepoint region: Cleanup
[2022-06-16T19:54:29.303+0000][1968][safepoint    ] Leaving safepoint region
[2022-06-16T19:54:29.303+0000][1968][safepoint    ] Total time for which application threads were stopped: 0.0001262 seconds, Stopping threads took: 0.0000311 seconds
[2022-06-16T19:54:30.311+0000][1968][safepoint    ] Application time: 1.0075349 seconds
[2022-06-16T19:54:30.311+0000][1968][safepoint    ] Entering safepoint region: Cleanup
[2022-06-16T19:54:30.311+0000][1968][safepoint    ] Leaving safepoint region
[2022-06-16T19:54:30.311+0000][1968][safepoint    ] Total time for which application threads were stopped: 0.0001075 seconds, Stopping threads took: 0.0000228 seconds
[2022-06-16T19:54:30.656+0000][1968][safepoint    ] Application time: 0.3457077 seconds
[2022-06-16T19:54:30.656+0000][1968][safepoint    ] Entering safepoint region: RevokeBias
[2022-06-16T19:54:30.656+0000][1968][safepoint    ] Leaving safepoint region
[2022-06-16T19:54:30.656+0000][1968][safepoint    ] Total time for which application threads were stopped: 0.0001686 seconds, Stopping threads took: 0.0000592 seconds
[2022-06-16T19:54:30.656+0000][1968][safepoint    ] Application time: 0.0083863 seconds
[2022-06-16T19:54:30.656+0000][1968][safepoint    ] Entering safepoint region: RevokeBias
[2022-06-16T19:54:30.656+0000][1968][safepoint    ] Leaving safepoint region
[2022-06-16T19:54:30.656+0000][1968][safepoint    ] Total time for which application threads were stopped: 0.0001298 seconds, Stopping threads took: 0.0000300 seconds
[2022-06-16T19:54:30.656+0000][1968][safepoint    ] Application time: 0.0036050 seconds
[2022-06-16T19:54:30.656+0000][1968][safepoint    ] Entering safepoint region: RevokeBias
[2022-06-16T19:54:30.656+0000][1968][safepoint    ] Leaving safepoint region
[2022-06-16T19:54:30.656+0000][1968][safepoint    ] Total time for which application threads were stopped: 0.0001521 seconds, Stopping threads took: 0.0000620 seconds
[2022-06-16T19:54:30.656+0000][1968][safepoint    ] Application time: 0.0006994 seconds
[2022-06-16T19:54:30.656+0000][1968][safepoint    ] Entering safepoint region: RevokeBias
[2022-06-16T19:54:30.656+0000][1968][safepoint    ] Leaving safepoint region
[2022-06-16T19:54:30.656+0000][1968][safepoint    ] Total time for which application threads were stopped: 0.0001152 seconds, Stopping threads took: 0.0000255 seconds
[2022-06-16T19:54:30.671+0000][1968][safepoint    ] Application time: 0.0012144 seconds
[2022-06-16T19:54:30.671+0000][1968][safepoint    ] Entering safepoint region: RevokeBias
[2022-06-16T19:54:30.671+0000][1968][safepoint    ] Leaving safepoint region
[2022-06-16T19:54:30.671+0000][1968][safepoint    ] Total time for which application threads were stopped: 0.0001128 seconds, Stopping threads took: 0.0000248 seconds
[2022-06-16T19:54:31.681+0000][1968][safepoint    ] Application time: 1.0091889 seconds
[2022-06-16T19:54:31.681+0000][1968][safepoint    ] Entering safepoint region: Cleanup
[2022-06-16T19:54:31.681+0000][1968][safepoint    ] Leaving safepoint region
[2022-06-16T19:54:31.681+0000][1968][safepoint    ] Total time for which application threads were stopped: 0.0001093 seconds, Stopping threads took: 0.0000234 seconds
[2022-06-16T19:54:32.087+0000][1968][safepoint    ] Application time: 0.4061895 seconds
[2022-06-16T19:54:32.087+0000][1968][safepoint    ] Entering safepoint region: RevokeBias
[2022-06-16T19:54:32.087+0000][1968][safepoint    ] Leaving safepoint region
[2022-06-16T19:54:32.087+0000][1968][safepoint    ] Total time for which application threads were stopped: 0.0001194 seconds, Stopping threads took: 0.0000215 seconds
[2022-06-16T19:54:32.087+0000][1968][safepoint    ] Application time: 0.0016489 seconds
[2022-06-16T19:54:32.087+0000][1968][safepoint    ] Entering safepoint region: RevokeBias
[2022-06-16T19:54:32.087+0000][1968][safepoint    ] Leaving safepoint region
[2022-06-16T19:54:32.087+0000][1968][safepoint    ] Total time for which application threads were stopped: 0.0001271 seconds, Stopping threads took: 0.0000576 seconds
[2022-06-16T19:54:32.087+0000][1968][safepoint    ] Application time: 0.0002343 seconds
[2022-06-16T19:54:32.087+0000][1968][safepoint    ] Entering safepoint region: RevokeBias
[2022-06-16T19:54:32.087+0000][1968][safepoint    ] Leaving safepoint region
[2022-06-16T19:54:32.087+0000][1968][safepoint    ] Total time for which application threads were stopped: 0.0001073 seconds, Stopping threads took: 0.0000458 seconds
[2022-06-16T19:54:32.103+0000][1968][safepoint    ] Application time: 0.0131641 seconds
[2022-06-16T19:54:32.103+0000][1968][safepoint    ] Entering safepoint region: RevokeBias
[2022-06-16T19:54:32.103+0000][1968][safepoint    ] Leaving safepoint region
[2022-06-16T19:54:32.103+0000][1968][safepoint    ] Total time for which application threads were stopped: 0.0001135 seconds, Stopping threads took: 0.0000230 seconds
[2022-06-16T19:54:32.103+0000][1968][safepoint    ] Application time: 0.0000388 seconds
[2022-06-16T19:54:32.103+0000][1968][safepoint    ] Entering safepoint region: RevokeBias
[2022-06-16T19:54:32.103+0000][1968][safepoint    ] Leaving safepoint region
[2022-06-16T19:54:32.103+0000][1968][safepoint    ] Total time for which application threads were stopped: 0.0001010 seconds, Stopping threads took: 0.0000198 seconds
[2022-06-16T19:54:32.134+0000][1968][safepoint    ] Application time: 0.0309879 seconds
[2022-06-16T19:54:32.134+0000][1968][safepoint    ] Entering safepoint region: RevokeBias
[2022-06-16T19:54:32.134+0000][1968][safepoint    ] Leaving safepoint region
[2022-06-16T19:54:32.134+0000][1968][safepoint    ] Total time for which application threads were stopped: 0.0001055 seconds, Stopping threads took: 0.0000175 seconds
[2022-06-16T19:54:32.134+0000][1968][safepoint    ] Application time: 0.0000405 seconds
[2022-06-16T19:54:32.134+0000][1968][safepoint    ] Entering safepoint region: RevokeBias
[2022-06-16T19:54:32.134+0000][1968][safepoint    ] Leaving safepoint region
[2022-06-16T19:54:32.134+0000][1968][safepoint    ] Total time for which application threads were stopped: 0.0001438 seconds, Stopping threads took: 0.0000518 seconds
[2022-06-16T19:54:32.134+0000][1968][safepoint    ] Application time: 0.0000314 seconds
[2022-06-16T19:54:32.134+0000][1968][safepoint    ] Entering safepoint region: RevokeBias
[2022-06-16T19:54:32.134+0000][1968][safepoint    ] Leaving safepoint region
[2022-06-16T19:54:32.134+0000][1968][safepoint    ] Total time for which application threads were stopped: 0.0003583 seconds, Stopping threads took: 0.0002821 seconds
[2022-06-16T19:54:33.137+0000][1968][safepoint    ] Application time: 1.0020445 seconds
[2022-06-16T19:54:33.137+0000][1968][safepoint    ] Entering safepoint region: Cleanup
[2022-06-16T19:54:33.137+0000][1968][safepoint    ] Leaving safepoint region
[2022-06-16T19:54:33.137+0000][1968][safepoint    ] Total time for which application threads were stopped: 0.0001272 seconds, Stopping threads took: 0.0000313 seconds
[2022-06-16T19:54:34.137+0000][1968][safepoint    ] Application time: 0.9997605 seconds
[2022-06-16T19:54:34.137+0000][1968][safepoint    ] Entering safepoint region: Cleanup
[2022-06-16T19:54:34.137+0000][1968][safepoint    ] Leaving safepoint region
[2022-06-16T19:54:34.137+0000][1968][safepoint    ] Total time for which application threads were stopped: 0.0001332 seconds, Stopping threads took: 0.0000302 seconds
[2022-06-16T19:54:35.153+0000][1968][safepoint    ] Application time: 1.0154200 seconds
[2022-06-16T19:54:35.153+0000][1968][safepoint    ] Entering safepoint region: Cleanup
[2022-06-16T19:54:35.153+0000][1968][safepoint    ] Leaving safepoint region
[2022-06-16T19:54:35.153+0000][1968][safepoint    ] Total time for which application threads were stopped: 0.0001268 seconds, Stopping threads took: 0.0000308 seconds
[2022-06-16T19:54:36.168+0000][1968][safepoint    ] Application time: 1.0153997 seconds
[2022-06-16T19:54:36.168+0000][1968][safepoint    ] Entering safepoint region: Cleanup
[2022-06-16T19:54:36.168+0000][1968][safepoint    ] Leaving safepoint region
[2022-06-16T19:54:36.168+0000][1968][safepoint    ] Total time for which application threads were stopped: 0.0001223 seconds, Stopping threads took: 0.0000297 seconds
[2022-06-16T19:54:37.168+0000][1968][safepoint    ] Application time: 0.9997992 seconds
[2022-06-16T19:54:37.168+0000][1968][safepoint    ] Entering safepoint region: Cleanup
[2022-06-16T19:54:37.168+0000][1968][safepoint    ] Leaving safepoint region
[2022-06-16T19:54:37.168+0000][1968][safepoint    ] Total time for which application threads were stopped: 0.0001297 seconds, Stopping threads took: 0.0000346 seconds
[2022-06-16T19:54:38.168+0000][1968][safepoint    ] Application time: 0.9998010 seconds
[2022-06-16T19:54:38.168+0000][1968][safepoint    ] Entering safepoint region: Cleanup
[2022-06-16T19:54:38.168+0000][1968][safepoint    ] Leaving safepoint region
[2022-06-16T19:54:38.168+0000][1968][safepoint    ] Total time for which application threads were stopped: 0.0001238 seconds, Stopping threads took: 0.0000278 seconds
[2022-06-16T19:54:39.184+0000][1968][safepoint    ] Application time: 1.0155589 seconds
[2022-06-16T19:54:39.184+0000][1968][safepoint    ] Entering safepoint region: Cleanup
[2022-06-16T19:54:39.184+0000][1968][safepoint    ] Leaving safepoint region
[2022-06-16T19:54:39.184+0000][1968][safepoint    ] Total time for which application threads were stopped: 0.0001232 seconds, Stopping threads took: 0.0000297 seconds
[2022-06-16T19:54:40.184+0000][1968][safepoint    ] Application time: 0.9997111 seconds
[2022-06-16T19:54:40.184+0000][1968][safepoint    ] Entering safepoint region: Cleanup
[2022-06-16T19:54:40.184+0000][1968][safepoint    ] Leaving safepoint region
[2022-06-16T19:54:40.184+0000][1968][safepoint    ] Total time for which application threads were stopped: 0.0001254 seconds, Stopping threads took: 0.0000302 seconds
[2022-06-16T19:54:41.185+0000][1968][safepoint    ] Application time: 1.0005201 seconds
[2022-06-16T19:54:41.185+0000][1968][safepoint    ] Entering safepoint region: Cleanup
[2022-06-16T19:54:41.185+0000][1968][safepoint    ] Leaving safepoint region
[2022-06-16T19:54:41.185+0000][1968][safepoint    ] Total time for which application threads were stopped: 0.0001279 seconds, Stopping threads took: 0.0000294 seconds
[2022-06-16T19:54:42.185+0000][1968][safepoint    ] Application time: 1.0004877 seconds
[2022-06-16T19:54:42.185+0000][1968][safepoint    ] Entering safepoint region: Cleanup
[2022-06-16T19:54:42.185+0000][1968][safepoint    ] Leaving safepoint region
[2022-06-16T19:54:42.185+0000][1968][safepoint    ] Total time for which application threads were stopped: 0.0001337 seconds, Stopping threads took: 0.0000310 seconds
[2022-06-16T19:54:43.188+0000][1968][safepoint    ] Application time: 1.0019022 seconds
[2022-06-16T19:54:43.188+0000][1968][safepoint    ] Entering safepoint region: Cleanup
[2022-06-16T19:54:43.188+0000][1968][safepoint    ] Leaving safepoint region
[2022-06-16T19:54:43.188+0000][1968][safepoint    ] Total time for which application threads were stopped: 0.0001369 seconds, Stopping threads took: 0.0000321 seconds
[2022-06-16T19:54:44.192+0000][1968][safepoint    ] Application time: 1.0043141 seconds
[2022-06-16T19:54:44.192+0000][1968][safepoint    ] Entering safepoint region: Cleanup
[2022-06-16T19:54:44.192+0000][1968][safepoint    ] Leaving safepoint region
[2022-06-16T19:54:44.192+0000][1968][safepoint    ] Total time for which application threads were stopped: 0.0001341 seconds, Stopping threads took: 0.0000296 seconds
[2022-06-16T19:54:45.204+0000][1968][safepoint    ] Application time: 1.0116553 seconds
[2022-06-16T19:54:45.204+0000][1968][safepoint    ] Entering safepoint region: Cleanup
[2022-06-16T19:54:45.204+0000][1968][safepoint    ] Leaving safepoint region
[2022-06-16T19:54:45.204+0000][1968][safepoint    ] Total time for which application threads were stopped: 0.0001239 seconds, Stopping threads took: 0.0000296 seconds
[2022-06-16T19:54:46.218+0000][1968][safepoint    ] Application time: 1.0135382 seconds
[2022-06-16T19:54:46.218+0000][1968][safepoint    ] Entering safepoint region: Cleanup
[2022-06-16T19:54:46.218+0000][1968][safepoint    ] Leaving safepoint region
[2022-06-16T19:54:46.218+0000][1968][safepoint    ] Total time for which application threads were stopped: 0.0001363 seconds, Stopping threads took: 0.0000298 seconds
[2022-06-16T19:54:47.218+0000][1968][safepoint    ] Application time: 0.9999564 seconds
[2022-06-16T19:54:47.218+0000][1968][safepoint    ] Entering safepoint region: Cleanup
[2022-06-16T19:54:47.218+0000][1968][safepoint    ] Leaving safepoint region
[2022-06-16T19:54:47.218+0000][1968][safepoint    ] Total time for which application threads were stopped: 0.0001304 seconds, Stopping threads took: 0.0000312 seconds
[2022-06-16T19:54:48.226+0000][1968][safepoint    ] Application time: 1.0083415 seconds
[2022-06-16T19:54:48.226+0000][1968][safepoint    ] Entering safepoint region: Cleanup
[2022-06-16T19:54:48.226+0000][1968][safepoint    ] Leaving safepoint region
[2022-06-16T19:54:48.226+0000][1968][safepoint    ] Total time for which application threads were stopped: 0.0001396 seconds, Stopping threads took: 0.0000368 seconds
[2022-06-16T19:54:49.235+0000][1968][safepoint    ] Application time: 1.0081101 seconds
[2022-06-16T19:54:49.235+0000][1968][safepoint    ] Entering safepoint region: Cleanup
[2022-06-16T19:54:49.235+0000][1968][safepoint    ] Leaving safepoint region
[2022-06-16T19:54:49.235+0000][1968][safepoint    ] Total time for which application threads were stopped: 0.0001452 seconds, Stopping threads took: 0.0000321 seconds
[2022-06-16T19:54:50.239+0000][1968][safepoint    ] Application time: 1.0038426 seconds
[2022-06-16T19:54:50.239+0000][1968][safepoint    ] Entering safepoint region: Cleanup
[2022-06-16T19:54:50.239+0000][1968][safepoint    ] Leaving safepoint region
[2022-06-16T19:54:50.239+0000][1968][safepoint    ] Total time for which application threads were stopped: 0.0001364 seconds, Stopping threads took: 0.0000315 seconds
[2022-06-16T19:54:51.239+0000][1968][safepoint    ] Application time: 1.0001835 seconds
[2022-06-16T19:54:51.239+0000][1968][safepoint    ] Entering safepoint region: Cleanup
[2022-06-16T19:54:51.239+0000][1968][safepoint    ] Leaving safepoint region
[2022-06-16T19:54:51.239+0000][1968][safepoint    ] Total time for which application threads were stopped: 0.0001267 seconds, Stopping threads took: 0.0000307 seconds
[2022-06-16T19:54:52.243+0000][1968][safepoint    ] Application time: 1.0032328 seconds
[2022-06-16T19:54:52.243+0000][1968][safepoint    ] Entering safepoint region: Cleanup
[2022-06-16T19:54:52.243+0000][1968][safepoint    ] Leaving safepoint region
[2022-06-16T19:54:52.243+0000][1968][safepoint    ] Total time for which application threads were stopped: 0.0001455 seconds, Stopping threads took: 0.0000321 seconds
[2022-06-16T19:54:53.255+0000][1968][safepoint    ] Application time: 1.0122480 seconds
[2022-06-16T19:54:53.255+0000][1968][safepoint    ] Entering safepoint region: Cleanup
[2022-06-16T19:54:53.255+0000][1968][safepoint    ] Leaving safepoint region
[2022-06-16T19:54:53.255+0000][1968][safepoint    ] Total time for which application threads were stopped: 0.0001242 seconds, Stopping threads took: 0.0000288 seconds
[2022-06-16T19:54:54.262+0000][1968][safepoint    ] Application time: 1.0067057 seconds
[2022-06-16T19:54:54.262+0000][1968][safepoint    ] Entering safepoint region: Cleanup
[2022-06-16T19:54:54.262+0000][1968][safepoint    ] Leaving safepoint region
[2022-06-16T19:54:54.262+0000][1968][safepoint    ] Total time for which application threads were stopped: 0.0001251 seconds, Stopping threads took: 0.0000304 seconds
[2022-06-16T19:54:54.496+0000][1968][safepoint    ] Application time: 0.2344155 seconds
[2022-06-16T19:54:54.496+0000][1968][safepoint    ] Entering safepoint region: RevokeBias
[2022-06-16T19:54:54.496+0000][1968][safepoint    ] Leaving safepoint region
[2022-06-16T19:54:54.496+0000][1968][safepoint    ] Total time for which application threads were stopped: 0.0001448 seconds, Stopping threads took: 0.0000462 seconds
[2022-06-16T19:54:55.510+0000][1968][safepoint    ] Application time: 1.0183754 seconds
[2022-06-16T19:54:55.510+0000][1968][safepoint    ] Entering safepoint region: Cleanup
[2022-06-16T19:54:55.510+0000][1968][safepoint    ] Leaving safepoint region
[2022-06-16T19:54:55.510+0000][1968][safepoint    ] Total time for which application threads were stopped: 0.0001341 seconds, Stopping threads took: 0.0000305 seconds
[2022-06-16T19:54:56.523+0000][1968][safepoint    ] Application time: 1.0139986 seconds
[2022-06-16T19:54:56.523+0000][1968][safepoint    ] Entering safepoint region: Cleanup
[2022-06-16T19:54:56.523+0000][1968][safepoint    ] Leaving safepoint region
[2022-06-16T19:54:56.523+0000][1968][safepoint    ] Total time for which application threads were stopped: 0.0002134 seconds, Stopping threads took: 0.0000489 seconds
[2022-06-16T19:54:57.523+0000][1968][safepoint    ] Application time: 0.9973720 seconds
[2022-06-16T19:54:57.538+0000][1968][safepoint    ] Entering safepoint region: Cleanup
[2022-06-16T19:54:57.538+0000][1968][safepoint    ] Leaving safepoint region
[2022-06-16T19:54:57.538+0000][1968][safepoint    ] Total time for which application threads were stopped: 0.0182657 seconds, Stopping threads took: 0.0181679 seconds
[2022-06-16T19:54:58.431+0000][1968][safepoint    ] Application time: 0.8857579 seconds
[2022-06-16T19:54:58.434+0000][1968][safepoint    ] Entering safepoint region: RevokeBias
[2022-06-16T19:54:58.434+0000][1968][safepoint    ] Leaving safepoint region
[2022-06-16T19:54:58.434+0000][1968][safepoint    ] Total time for which application threads were stopped: 0.0028008 seconds, Stopping threads took: 0.0026899 seconds
[2022-06-16T19:54:59.434+0000][1968][safepoint    ] Application time: 1.0003303 seconds
[2022-06-16T19:54:59.639+0000][1968][safepoint    ] Entering safepoint region: Cleanup
[2022-06-16T19:54:59.639+0000][1968][safepoint    ] Leaving safepoint region
[2022-06-16T19:54:59.639+0000][1968][safepoint    ] Total time for which application threads were stopped: 0.2052921 seconds, Stopping threads took: 0.2051888 seconds
[2022-06-16T19:55:00.159+0000][1968][safepoint    ] Application time: 0.5195047 seconds
[2022-06-16T19:55:00.159+0000][1968][safepoint    ] Entering safepoint region: RevokeBias
[2022-06-16T19:55:00.159+0000][1968][safepoint    ] Leaving safepoint region
[2022-06-16T19:55:00.159+0000][1968][safepoint    ] Total time for which application threads were stopped: 0.0001403 seconds, Stopping threads took: 0.0000296 seconds
[2022-06-16T19:55:00.159+0000][1968][safepoint    ] Application time: 0.0002344 seconds
[2022-06-16T19:55:00.159+0000][1968][safepoint    ] Entering safepoint region: RevokeBias
[2022-06-16T19:55:00.159+0000][1968][safepoint    ] Leaving safepoint region
[2022-06-16T19:55:00.159+0000][1968][safepoint    ] Total time for which application threads were stopped: 0.0001200 seconds, Stopping threads took: 0.0000255 seconds
[2022-06-16T19:55:00.159+0000][1968][safepoint    ] Application time: 0.0001906 seconds
[2022-06-16T19:55:00.160+0000][1968][safepoint    ] Entering safepoint region: RevokeBias
[2022-06-16T19:55:00.160+0000][1968][safepoint    ] Leaving safepoint region
[2022-06-16T19:55:00.160+0000][1968][safepoint    ] Total time for which application threads were stopped: 0.0001393 seconds, Stopping threads took: 0.0000664 seconds
[2022-06-16T19:55:00.160+0000][1968][safepoint    ] Application time: 0.0001503 seconds
[2022-06-16T19:55:00.160+0000][1968][safepoint    ] Entering safepoint region: RevokeBias
[2022-06-16T19:55:00.160+0000][1968][safepoint    ] Leaving safepoint region
[2022-06-16T19:55:00.160+0000][1968][safepoint    ] Total time for which application threads were stopped: 0.0001654 seconds, Stopping threads took: 0.0000220 seconds
[2022-06-16T19:55:00.160+0000][1968][safepoint    ] Application time: 0.0001462 seconds
[2022-06-16T19:55:00.160+0000][1968][safepoint    ] Entering safepoint region: RevokeBias
[2022-06-16T19:55:00.160+0000][1968][safepoint    ] Leaving safepoint region
[2022-06-16T19:55:00.160+0000][1968][safepoint    ] Total time for which application threads were stopped: 0.0000850 seconds, Stopping threads took: 0.0000224 seconds
[2022-06-16T19:55:00.160+0000][1968][safepoint    ] Application time: 0.0001632 seconds
[2022-06-16T19:55:00.160+0000][1968][safepoint    ] Entering safepoint region: RevokeBias
[2022-06-16T19:55:00.161+0000][1968][safepoint    ] Leaving safepoint region
[2022-06-16T19:55:00.161+0000][1968][safepoint    ] Total time for which application threads were stopped: 0.0000956 seconds, Stopping threads took: 0.0000335 seconds
[2022-06-16T19:55:00.161+0000][1968][safepoint    ] Application time: 0.0001322 seconds
[2022-06-16T19:55:00.161+0000][1968][safepoint    ] Entering safepoint region: RevokeBias
[2022-06-16T19:55:00.161+0000][1968][safepoint    ] Leaving safepoint region
[2022-06-16T19:55:00.161+0000][1968][safepoint    ] Total time for which application threads were stopped: 0.0000814 seconds, Stopping threads took: 0.0000219 seconds
[2022-06-16T19:55:00.161+0000][1968][safepoint    ] Application time: 0.0001334 seconds
[2022-06-16T19:55:00.161+0000][1968][safepoint    ] Entering safepoint region: RevokeBias
[2022-06-16T19:55:00.161+0000][1968][safepoint    ] Leaving safepoint region
[2022-06-16T19:55:00.161+0000][1968][safepoint    ] Total time for which application threads were stopped: 0.0000789 seconds, Stopping threads took: 0.0000213 seconds
[2022-06-16T19:55:00.161+0000][1968][safepoint    ] Application time: 0.0001350 seconds
[2022-06-16T19:55:00.161+0000][1968][safepoint    ] Entering safepoint region: RevokeBias
[2022-06-16T19:55:00.161+0000][1968][safepoint    ] Leaving safepoint region
[2022-06-16T19:55:00.161+0000][1968][safepoint    ] Total time for which application threads were stopped: 0.0000810 seconds, Stopping threads took: 0.0000226 seconds
[2022-06-16T19:55:00.162+0000][1968][safepoint    ] Application time: 0.0001448 seconds
[2022-06-16T19:55:00.162+0000][1968][safepoint    ] Entering safepoint region: RevokeBias
[2022-06-16T19:55:00.162+0000][1968][safepoint    ] Leaving safepoint region
[2022-06-16T19:55:00.162+0000][1968][safepoint    ] Total time for which application threads were stopped: 0.0000805 seconds, Stopping threads took: 0.0000226 seconds
[2022-06-16T19:55:00.404+0000][1968][safepoint    ] Application time: 0.2450232 seconds
[2022-06-16T19:55:00.404+0000][1968][safepoint    ] Entering safepoint region: RevokeBias
[2022-06-16T19:55:00.404+0000][1968][safepoint    ] Leaving safepoint region
[2022-06-16T19:55:00.404+0000][1968][safepoint    ] Total time for which application threads were stopped: 0.0001269 seconds, Stopping threads took: 0.0000296 seconds
[2022-06-16T19:55:00.841+0000][1968][safepoint    ] Application time: 0.4365804 seconds
[2022-06-16T19:55:01.045+0000][1968][safepoint    ] Entering safepoint region: RevokeBias
[2022-06-16T19:55:01.045+0000][1968][safepoint    ] Leaving safepoint region
[2022-06-16T19:55:01.045+0000][1968][safepoint    ] Total time for which application threads were stopped: 0.2063948 seconds, Stopping threads took: 0.2062208 seconds
[2022-06-16T19:55:01.045+0000][1968][safepoint    ] Application time: 0.0023085 seconds
[2022-06-16T19:55:01.091+0000][1968][safepoint    ] Entering safepoint region: RevokeBias
[2022-06-16T19:55:01.091+0000][1968][safepoint    ] Leaving safepoint region
[2022-06-16T19:55:01.091+0000][1968][safepoint    ] Total time for which application threads were stopped: 0.0431978 seconds, Stopping threads took: 0.0430866 seconds
[2022-06-16T19:55:01.091+0000][1968][safepoint    ] Application time: 0.0007123 seconds
[2022-06-16T19:55:01.107+0000][1968][safepoint    ] Entering safepoint region: RevokeBias
[2022-06-16T19:55:01.107+0000][1968][safepoint    ] Leaving safepoint region
[2022-06-16T19:55:01.107+0000][1968][safepoint    ] Total time for which application threads were stopped: 0.0197053 seconds, Stopping threads took: 0.0195963 seconds
[2022-06-16T19:55:01.107+0000][1968][safepoint    ] Application time: 0.0002378 seconds
[2022-06-16T19:55:01.107+0000][1968][safepoint    ] Entering safepoint region: RevokeBias
[2022-06-16T19:55:01.107+0000][1968][safepoint    ] Leaving safepoint region
[2022-06-16T19:55:01.107+0000][1968][safepoint    ] Total time for which application threads were stopped: 0.0001060 seconds, Stopping threads took: 0.0000231 seconds
[2022-06-16T19:55:01.107+0000][1968][safepoint    ] Application time: 0.0001962 seconds
[2022-06-16T19:55:01.107+0000][1968][safepoint    ] Entering safepoint region: RevokeBias
[2022-06-16T19:55:01.107+0000][1968][safepoint    ] Leaving safepoint region
[2022-06-16T19:55:01.107+0000][1968][safepoint    ] Total time for which application threads were stopped: 0.0000892 seconds, Stopping threads took: 0.0000206 seconds
[2022-06-16T19:55:03.110+0000][1968][safepoint    ] Application time: 1.9933439 seconds
[2022-06-16T19:55:03.110+0000][1968][safepoint    ] Entering safepoint region: Cleanup
[2022-06-16T19:55:03.111+0000][1968][safepoint    ] Leaving safepoint region
[2022-06-16T19:55:03.111+0000][1968][safepoint    ] Total time for which application threads were stopped: 0.0001411 seconds, Stopping threads took: 0.0000503 seconds
[2022-06-16T19:55:05.115+0000][1968][safepoint    ] Application time: 2.0039483 seconds
[2022-06-16T19:55:05.312+0000][1968][safepoint    ] Entering safepoint region: Cleanup
[2022-06-16T19:55:05.312+0000][1968][safepoint    ] Leaving safepoint region
[2022-06-16T19:55:05.312+0000][1968][safepoint    ] Total time for which application threads were stopped: 0.1974356 seconds, Stopping threads took: 0.1973360 seconds
[2022-06-16T19:55:10.315+0000][1968][safepoint    ] Application time: 5.0036406 seconds
[2022-06-16T19:55:10.317+0000][1968][safepoint    ] Entering safepoint region: Cleanup
[2022-06-16T19:55:10.317+0000][1968][safepoint    ] Leaving safepoint region
[2022-06-16T19:55:10.317+0000][1968][safepoint    ] Total time for which application threads were stopped: 0.0021086 seconds, Stopping threads took: 0.0020112 seconds
[2022-06-16T19:55:11.189+0000][1968][safepoint    ] Application time: 0.8723313 seconds
[2022-06-16T19:55:11.189+0000][1968][safepoint    ] Entering safepoint region: RevokeBias
[2022-06-16T19:55:11.189+0000][1968][safepoint    ] Leaving safepoint region
[2022-06-16T19:55:11.189+0000][1968][safepoint    ] Total time for which application threads were stopped: 0.0001187 seconds, Stopping threads took: 0.0000288 seconds
[2022-06-16T19:55:11.191+0000][1968][safepoint    ] Application time: 0.0013720 seconds
[2022-06-16T19:55:11.191+0000][1968][safepoint    ] Entering safepoint region: RevokeBias
[2022-06-16T19:55:11.191+0000][1968][safepoint    ] Leaving safepoint region
[2022-06-16T19:55:11.191+0000][1968][safepoint    ] Total time for which application threads were stopped: 0.0001074 seconds, Stopping threads took: 0.0000260 seconds
[2022-06-16T19:55:11.233+0000][1968][safepoint    ] Application time: 0.0416160 seconds
[2022-06-16T19:55:11.233+0000][1968][safepoint    ] Entering safepoint region: Deoptimize
[2022-06-16T19:55:11.234+0000][1968][safepoint    ] Leaving safepoint region
[2022-06-16T19:55:11.234+0000][1968][safepoint    ] Total time for which application threads were stopped: 0.0009018 seconds, Stopping threads took: 0.0000257 seconds
[2022-06-16T19:55:11.476+0000][1968][safepoint    ] Application time: 0.2419749 seconds
[2022-06-16T19:55:11.531+0000][1968][safepoint    ] Entering safepoint region: RevokeBias
[2022-06-16T19:55:11.531+0000][1968][safepoint    ] Leaving safepoint region
[2022-06-16T19:55:11.531+0000][1968][safepoint    ] Total time for which application threads were stopped: 0.0553453 seconds, Stopping threads took: 0.0551874 seconds
[2022-06-16T19:55:12.531+0000][1968][safepoint    ] Application time: 0.9995553 seconds
[2022-06-16T19:55:12.803+0000][1968][safepoint    ] Entering safepoint region: Cleanup
[2022-06-16T19:55:12.803+0000][1968][safepoint    ] Leaving safepoint region
[2022-06-16T19:55:12.803+0000][1968][safepoint    ] Total time for which application threads were stopped: 0.2724103 seconds, Stopping threads took: 0.2722972 seconds
[2022-06-16T19:55:16.615+0000][1968][safepoint    ] Application time: 3.8131963 seconds
[2022-06-16T19:55:16.615+0000][1968][safepoint    ] Entering safepoint region: RevokeBias
[2022-06-16T19:55:16.615+0000][1968][safepoint    ] Leaving safepoint region
[2022-06-16T19:55:16.615+0000][1968][safepoint    ] Total time for which application threads were stopped: 0.0001433 seconds, Stopping threads took: 0.0000414 seconds
[2022-06-16T19:55:16.615+0000][1968][safepoint    ] Application time: 0.0003133 seconds
[2022-06-16T19:55:16.615+0000][1968][safepoint    ] Entering safepoint region: RevokeBias
[2022-06-16T19:55:16.615+0000][1968][safepoint    ] Leaving safepoint region
[2022-06-16T19:55:16.615+0000][1968][safepoint    ] Total time for which application threads were stopped: 0.0001165 seconds, Stopping threads took: 0.0000254 seconds
[2022-06-16T19:55:16.833+0000][1968][safepoint    ] Application time: 0.2199111 seconds
[2022-06-16T19:55:16.833+0000][1968][safepoint    ] Entering safepoint region: Deoptimize
[2022-06-16T19:55:16.833+0000][1968][safepoint    ] Leaving safepoint region
[2022-06-16T19:55:16.833+0000][1968][safepoint    ] Total time for which application threads were stopped: 0.0010088 seconds, Stopping threads took: 0.0000303 seconds
[2022-06-16T19:55:16.849+0000][1968][safepoint    ] Application time: 0.0167484 seconds
[2022-06-16T19:55:16.849+0000][1968][safepoint    ] Entering safepoint region: RevokeBias
[2022-06-16T19:55:16.849+0000][1968][safepoint    ] Leaving safepoint region
[2022-06-16T19:55:16.849+0000][1968][safepoint    ] Total time for which application threads were stopped: 0.0000840 seconds, Stopping threads took: 0.0000160 seconds
[2022-06-16T19:55:16.849+0000][1968][safepoint    ] Application time: 0.0000166 seconds
[2022-06-16T19:55:16.849+0000][1968][safepoint    ] Entering safepoint region: RevokeBias
[2022-06-16T19:55:16.849+0000][1968][safepoint    ] Leaving safepoint region
[2022-06-16T19:55:16.849+0000][1968][safepoint    ] Total time for which application threads were stopped: 0.0000353 seconds, Stopping threads took: 0.0000108 seconds
[2022-06-16T19:55:16.865+0000][1968][safepoint    ] Application time: 0.0217553 seconds
[2022-06-16T19:55:16.865+0000][1968][safepoint    ] Entering safepoint region: RevokeBias
[2022-06-16T19:55:16.865+0000][1968][safepoint    ] Leaving safepoint region
[2022-06-16T19:55:16.865+0000][1968][safepoint    ] Total time for which application threads were stopped: 0.0000967 seconds, Stopping threads took: 0.0000275 seconds
[2022-06-16T19:55:16.865+0000][1968][safepoint    ] Application time: 0.0030464 seconds
[2022-06-16T19:55:16.865+0000][1968][safepoint    ] Entering safepoint region: RevokeBias
[2022-06-16T19:55:16.865+0000][1968][safepoint    ] Leaving safepoint region
[2022-06-16T19:55:16.865+0000][1968][safepoint    ] Total time for which application threads were stopped: 0.0000877 seconds, Stopping threads took: 0.0000264 seconds
[2022-06-16T19:55:16.880+0000][1968][safepoint    ] Application time: 0.0082291 seconds
[2022-06-16T19:55:16.880+0000][1968][safepoint    ] Entering safepoint region: RevokeBias
[2022-06-16T19:55:16.880+0000][1968][safepoint    ] Leaving safepoint region
[2022-06-16T19:55:16.880+0000][1968][safepoint    ] Total time for which application threads were stopped: 0.0000902 seconds, Stopping threads took: 0.0000255 seconds
[2022-06-16T19:55:16.880+0000][1968][safepoint    ] Application time: 0.0000304 seconds
[2022-06-16T19:55:16.880+0000][1968][safepoint    ] Entering safepoint region: RevokeBias
[2022-06-16T19:55:16.880+0000][1968][safepoint    ] Leaving safepoint region
[2022-06-16T19:55:16.880+0000][1968][safepoint    ] Total time for which application threads were stopped: 0.0000803 seconds, Stopping threads took: 0.0000250 seconds
[2022-06-16T19:55:16.880+0000][1968][safepoint    ] Application time: 0.0029419 seconds
[2022-06-16T19:55:16.880+0000][1968][safepoint    ] Entering safepoint region: RevokeBias
[2022-06-16T19:55:16.880+0000][1968][safepoint    ] Leaving safepoint region
[2022-06-16T19:55:16.880+0000][1968][safepoint    ] Total time for which application threads were stopped: 0.0000783 seconds, Stopping threads took: 0.0000248 seconds
[2022-06-16T19:55:16.880+0000][1968][safepoint    ] Application time: 0.0016961 seconds
[2022-06-16T19:55:16.880+0000][1968][safepoint    ] Entering safepoint region: RevokeBias
[2022-06-16T19:55:16.880+0000][1968][safepoint    ] Leaving safepoint region
[2022-06-16T19:55:16.880+0000][1968][safepoint    ] Total time for which application threads were stopped: 0.0000807 seconds, Stopping threads took: 0.0000246 seconds
[2022-06-16T19:55:16.990+0000][1968][safepoint    ] Application time: 0.1050636 seconds
[2022-06-16T19:55:16.990+0000][1968][safepoint    ] Entering safepoint region: RevokeBias
[2022-06-16T19:55:16.990+0000][1968][safepoint    ] Leaving safepoint region
[2022-06-16T19:55:16.990+0000][1968][safepoint    ] Total time for which application threads were stopped: 0.0003021 seconds, Stopping threads took: 0.0001244 seconds
[2022-06-16T19:55:16.990+0000][1968][safepoint    ] Application time: 0.0030811 seconds
[2022-06-16T19:55:16.990+0000][1968][safepoint    ] Entering safepoint region: RevokeBias
[2022-06-16T19:55:16.990+0000][1968][safepoint    ] Leaving safepoint region
[2022-06-16T19:55:16.990+0000][1968][safepoint    ] Total time for which application threads were stopped: 0.0000730 seconds, Stopping threads took: 0.0000167 seconds
[2022-06-16T19:55:17.005+0000][1968][safepoint    ] Application time: 0.0034744 seconds
[2022-06-16T19:55:17.005+0000][1968][safepoint    ] Entering safepoint region: RevokeBias
[2022-06-16T19:55:17.005+0000][1968][safepoint    ] Leaving safepoint region
[2022-06-16T19:55:17.005+0000][1968][safepoint    ] Total time for which application threads were stopped: 0.0000760 seconds, Stopping threads took: 0.0000355 seconds
[2022-06-16T19:55:17.005+0000][1968][safepoint    ] Application time: 0.0001789 seconds
[2022-06-16T19:55:17.005+0000][1968][safepoint    ] Entering safepoint region: RevokeBias
[2022-06-16T19:55:17.005+0000][1968][safepoint    ] Leaving safepoint region
[2022-06-16T19:55:17.005+0000][1968][safepoint    ] Total time for which application threads were stopped: 0.0000463 seconds, Stopping threads took: 0.0000129 seconds
[2022-06-16T19:55:17.005+0000][1968][safepoint    ] Application time: 0.0031891 seconds
[2022-06-16T19:55:17.005+0000][1968][safepoint    ] Entering safepoint region: RevokeBias
[2022-06-16T19:55:17.005+0000][1968][safepoint    ] Leaving safepoint region
[2022-06-16T19:55:17.005+0000][1968][safepoint    ] Total time for which application threads were stopped: 0.0000945 seconds, Stopping threads took: 0.0000268 seconds
[2022-06-16T19:55:21.032+0000][1968][safepoint    ] Application time: 4.0231919 seconds
[2022-06-16T19:55:21.032+0000][1968][safepoint    ] Entering safepoint region: Cleanup
[2022-06-16T19:55:21.032+0000][1968][safepoint    ] Leaving safepoint region
[2022-06-16T19:55:21.032+0000][1968][safepoint    ] Total time for which application threads were stopped: 0.0001190 seconds, Stopping threads took: 0.0000263 seconds
[2022-06-16T19:55:23.048+0000][1968][safepoint    ] Application time: 2.0151741 seconds
[2022-06-16T19:55:23.048+0000][1968][safepoint    ] Entering safepoint region: Cleanup
[2022-06-16T19:55:23.048+0000][1968][safepoint    ] Leaving safepoint region
[2022-06-16T19:55:23.048+0000][1968][safepoint    ] Total time for which application threads were stopped: 0.0001597 seconds, Stopping threads took: 0.0000314 seconds
[2022-06-16T19:55:24.048+0000][1968][safepoint    ] Application time: 0.9999754 seconds
[2022-06-16T19:55:24.048+0000][1968][safepoint    ] Entering safepoint region: Cleanup
[2022-06-16T19:55:24.048+0000][1968][safepoint    ] Leaving safepoint region
[2022-06-16T19:55:24.048+0000][1968][safepoint    ] Total time for which application threads were stopped: 0.0000886 seconds, Stopping threads took: 0.0000198 seconds
[2022-06-16T19:55:26.062+0000][1968][safepoint    ] Application time: 2.0137670 seconds
[2022-06-16T19:55:26.062+0000][1968][safepoint    ] Entering safepoint region: Cleanup
[2022-06-16T19:55:26.062+0000][1968][safepoint    ] Leaving safepoint region
[2022-06-16T19:55:26.062+0000][1968][safepoint    ] Total time for which application threads were stopped: 0.0001054 seconds, Stopping threads took: 0.0000319 seconds
[2022-06-16T19:55:27.071+0000][1968][safepoint    ] Application time: 1.0090446 seconds
[2022-06-16T19:55:27.071+0000][1968][safepoint    ] Entering safepoint region: Cleanup
[2022-06-16T19:55:27.071+0000][1968][safepoint    ] Leaving safepoint region
[2022-06-16T19:55:27.071+0000][1968][safepoint    ] Total time for which application threads were stopped: 0.0001035 seconds, Stopping threads took: 0.0000286 seconds
[2022-06-16T19:55:28.078+0000][1968][safepoint    ] Application time: 1.0066202 seconds
[2022-06-16T19:55:28.078+0000][1968][safepoint    ] Entering safepoint region: Cleanup
[2022-06-16T19:55:28.078+0000][1968][safepoint    ] Leaving safepoint region
[2022-06-16T19:55:28.078+0000][1968][safepoint    ] Total time for which application threads were stopped: 0.0000969 seconds, Stopping threads took: 0.0000261 seconds
[2022-06-16T19:55:28.440+0000][1968][safepoint    ] Application time: 0.3612040 seconds
[2022-06-16T19:55:28.440+0000][1968][safepoint    ] Entering safepoint region: BulkRevokeBias
[2022-06-16T19:55:28.440+0000][1968][safepoint    ] Leaving safepoint region
[2022-06-16T19:55:28.440+0000][1968][safepoint    ] Total time for which application threads were stopped: 0.0005601 seconds, Stopping threads took: 0.0000207 seconds
[2022-06-16T19:55:29.452+0000][1968][safepoint    ] Application time: 1.0112083 seconds
[2022-06-16T19:55:29.452+0000][1968][safepoint    ] Entering safepoint region: Cleanup
[2022-06-16T19:55:29.452+0000][1968][safepoint    ] Leaving safepoint region
[2022-06-16T19:55:29.452+0000][1968][safepoint    ] Total time for which application threads were stopped: 0.0001206 seconds, Stopping threads took: 0.0000290 seconds
[2022-06-16T19:55:31.126+0000][1968][safepoint    ] Application time: 1.6749009 seconds
[2022-06-16T19:55:31.126+0000][1968][safepoint    ] Entering safepoint region: RevokeBias
[2022-06-16T19:55:31.126+0000][1968][safepoint    ] Leaving safepoint region
[2022-06-16T19:55:31.126+0000][1968][safepoint    ] Total time for which application threads were stopped: 0.0001479 seconds, Stopping threads took: 0.0000537 seconds
[2022-06-16T19:55:31.126+0000][1968][safepoint    ] Application time: 0.0029454 seconds
[2022-06-16T19:55:31.126+0000][1968][safepoint    ] Entering safepoint region: RevokeBias
[2022-06-16T19:55:31.126+0000][1968][safepoint    ] Leaving safepoint region
[2022-06-16T19:55:31.126+0000][1968][safepoint    ] Total time for which application threads were stopped: 0.0002839 seconds, Stopping threads took: 0.0002255 seconds
[2022-06-16T19:55:32.134+0000][1968][safepoint    ] Application time: 1.0033157 seconds
[2022-06-16T19:55:32.134+0000][1968][safepoint    ] Entering safepoint region: Cleanup
[2022-06-16T19:55:32.134+0000][1968][safepoint    ] Leaving safepoint region
[2022-06-16T19:55:32.134+0000][1968][safepoint    ] Total time for which application threads were stopped: 0.0001184 seconds, Stopping threads took: 0.0000280 seconds
[2022-06-16T19:55:33.134+0000][1968][safepoint    ] Application time: 0.9999554 seconds
[2022-06-16T19:55:33.134+0000][1968][safepoint    ] Entering safepoint region: Cleanup
[2022-06-16T19:55:33.134+0000][1968][safepoint    ] Leaving safepoint region
[2022-06-16T19:55:33.134+0000][1968][safepoint    ] Total time for which application threads were stopped: 0.0001006 seconds, Stopping threads took: 0.0000228 seconds
[2022-06-16T19:55:34.147+0000][1968][safepoint    ] Application time: 1.0131450 seconds
[2022-06-16T19:55:34.147+0000][1968][safepoint    ] Entering safepoint region: Cleanup
[2022-06-16T19:55:34.147+0000][1968][safepoint    ] Leaving safepoint region
[2022-06-16T19:55:34.147+0000][1968][safepoint    ] Total time for which application threads were stopped: 0.0000919 seconds, Stopping threads took: 0.0000216 seconds
[2022-06-16T19:55:36.171+0000][1968][safepoint    ] Application time: 2.0233625 seconds
[2022-06-16T19:55:36.171+0000][1968][safepoint    ] Entering safepoint region: Cleanup
[2022-06-16T19:55:36.171+0000][1968][safepoint    ] Leaving safepoint region
[2022-06-16T19:55:36.171+0000][1968][safepoint    ] Total time for which application threads were stopped: 0.0000990 seconds, Stopping threads took: 0.0000248 seconds
[2022-06-16T19:55:39.193+0000][1968][safepoint    ] Application time: 3.0222102 seconds
[2022-06-16T19:55:39.193+0000][1968][safepoint    ] Entering safepoint region: Cleanup
[2022-06-16T19:55:39.193+0000][1968][safepoint    ] Leaving safepoint region
[2022-06-16T19:55:39.193+0000][1968][safepoint    ] Total time for which application threads were stopped: 0.0001197 seconds, Stopping threads took: 0.0000289 seconds
[2022-06-16T19:55:40.200+0000][1968][safepoint    ] Application time: 1.0060542 seconds
[2022-06-16T19:55:40.200+0000][1968][safepoint    ] Entering safepoint region: Cleanup
[2022-06-16T19:55:40.200+0000][1968][safepoint    ] Leaving safepoint region
[2022-06-16T19:55:40.200+0000][1968][safepoint    ] Total time for which application threads were stopped: 0.0001003 seconds, Stopping threads took: 0.0000303 seconds
[2022-06-16T19:55:41.212+0000][1968][safepoint    ] Application time: 1.0122277 seconds
[2022-06-16T19:55:41.212+0000][1968][safepoint    ] Entering safepoint region: Cleanup
[2022-06-16T19:55:41.212+0000][1968][safepoint    ] Leaving safepoint region
[2022-06-16T19:55:41.212+0000][1968][safepoint    ] Total time for which application threads were stopped: 0.0001012 seconds, Stopping threads took: 0.0000251 seconds
[2022-06-16T19:55:45.245+0000][1968][safepoint    ] Application time: 4.0329188 seconds
[2022-06-16T19:55:45.245+0000][1968][safepoint    ] Entering safepoint region: Cleanup
[2022-06-16T19:55:45.245+0000][1968][safepoint    ] Leaving safepoint region
[2022-06-16T19:55:45.245+0000][1968][safepoint    ] Total time for which application threads were stopped: 0.0001071 seconds, Stopping threads took: 0.0000272 seconds
[2022-06-16T19:55:54.511+0000][1968][safepoint    ] Application time: 9.2657297 seconds
[2022-06-16T19:55:54.511+0000][1968][safepoint    ] Entering safepoint region: RevokeBias
[2022-06-16T19:55:54.511+0000][1968][safepoint    ] Leaving safepoint region
[2022-06-16T19:55:54.511+0000][1968][safepoint    ] Total time for which application threads were stopped: 0.0001543 seconds, Stopping threads took: 0.0000709 seconds
[2022-06-16T19:55:55.512+0000][1968][safepoint    ] Application time: 1.0001134 seconds
[2022-06-16T19:55:55.512+0000][1968][safepoint    ] Entering safepoint region: Cleanup
[2022-06-16T19:55:55.512+0000][1968][safepoint    ] Leaving safepoint region
[2022-06-16T19:55:55.512+0000][1968][safepoint    ] Total time for which application threads were stopped: 0.0001239 seconds, Stopping threads took: 0.0000294 seconds
[2022-06-16T19:55:57.525+0000][1968][safepoint    ] Application time: 2.0135136 seconds
[2022-06-16T19:55:57.525+0000][1968][safepoint    ] Entering safepoint region: Cleanup
[2022-06-16T19:55:57.525+0000][1968][safepoint    ] Leaving safepoint region
[2022-06-16T19:55:57.525+0000][1968][safepoint    ] Total time for which application threads were stopped: 0.0001528 seconds, Stopping threads took: 0.0000764 seconds
[2022-06-16T19:55:59.535+0000][1968][safepoint    ] Application time: 2.0089129 seconds
[2022-06-16T19:55:59.535+0000][1968][safepoint    ] Entering safepoint region: Cleanup
[2022-06-16T19:55:59.535+0000][1968][safepoint    ] Leaving safepoint region
[2022-06-16T19:55:59.535+0000][1968][safepoint    ] Total time for which application threads were stopped: 0.0000925 seconds, Stopping threads took: 0.0000209 seconds
[2022-06-16T19:56:01.134+0000][1968][safepoint    ] Application time: 1.5992557 seconds
[2022-06-16T19:56:01.134+0000][1968][safepoint    ] Entering safepoint region: RevokeBias
[2022-06-16T19:56:01.134+0000][1968][safepoint    ] Leaving safepoint region
[2022-06-16T19:56:01.134+0000][1968][safepoint    ] Total time for which application threads were stopped: 0.0001394 seconds, Stopping threads took: 0.0000363 seconds
[2022-06-16T19:56:01.136+0000][1968][safepoint    ] Application time: 0.0018612 seconds
[2022-06-16T19:56:01.136+0000][1968][safepoint    ] Entering safepoint region: RevokeBias
[2022-06-16T19:56:01.136+0000][1968][safepoint    ] Leaving safepoint region
[2022-06-16T19:56:01.136+0000][1968][safepoint    ] Total time for which application threads were stopped: 0.0000773 seconds, Stopping threads took: 0.0000157 seconds
[2022-06-16T19:56:03.160+0000][1968][safepoint    ] Application time: 2.0237756 seconds
[2022-06-16T19:56:03.160+0000][1968][safepoint    ] Entering safepoint region: Cleanup
[2022-06-16T19:56:03.160+0000][1968][safepoint    ] Leaving safepoint region
[2022-06-16T19:56:03.160+0000][1968][safepoint    ] Total time for which application threads were stopped: 0.0001238 seconds, Stopping threads took: 0.0000321 seconds
[2022-06-16T19:56:09.199+0000][1968][safepoint    ] Application time: 6.0385851 seconds
[2022-06-16T19:56:09.199+0000][1968][safepoint    ] Entering safepoint region: Cleanup
[2022-06-16T19:56:09.199+0000][1968][safepoint    ] Leaving safepoint region
[2022-06-16T19:56:09.199+0000][1968][safepoint    ] Total time for which application threads were stopped: 0.0000934 seconds, Stopping threads took: 0.0000217 seconds
[2022-06-16T19:56:10.199+0000][1968][safepoint    ] Application time: 0.9999875 seconds
[2022-06-16T19:56:10.199+0000][1968][safepoint    ] Entering safepoint region: Cleanup
[2022-06-16T19:56:10.199+0000][1968][safepoint    ] Leaving safepoint region
[2022-06-16T19:56:10.199+0000][1968][safepoint    ] Total time for which application threads were stopped: 0.0000938 seconds, Stopping threads took: 0.0000198 seconds
[2022-06-16T19:56:15.218+0000][1968][safepoint    ] Application time: 5.0190074 seconds
[2022-06-16T19:56:15.218+0000][1968][safepoint    ] Entering safepoint region: Cleanup
[2022-06-16T19:56:15.218+0000][1968][safepoint    ] Leaving safepoint region
[2022-06-16T19:56:15.218+0000][1968][safepoint    ] Total time for which application threads were stopped: 0.0001123 seconds, Stopping threads took: 0.0000298 seconds
[2022-06-16T19:56:17.226+0000][1968][safepoint    ] Application time: 2.0076142 seconds
[2022-06-16T19:56:17.226+0000][1968][safepoint    ] Entering safepoint region: Cleanup
[2022-06-16T19:56:17.226+0000][1968][safepoint    ] Leaving safepoint region
[2022-06-16T19:56:17.226+0000][1968][safepoint    ] Total time for which application threads were stopped: 0.0000929 seconds, Stopping threads took: 0.0000213 seconds
[2022-06-16T19:56:18.234+0000][1968][safepoint    ] Application time: 1.0080386 seconds
[2022-06-16T19:56:18.234+0000][1968][safepoint    ] Entering safepoint region: Cleanup
[2022-06-16T19:56:18.234+0000][1968][safepoint    ] Leaving safepoint region
[2022-06-16T19:56:18.234+0000][1968][safepoint    ] Total time for which application threads were stopped: 0.0000935 seconds, Stopping threads took: 0.0000231 seconds
[2022-06-16T19:56:21.239+0000][1968][safepoint    ] Application time: 3.0050159 seconds
[2022-06-16T19:56:21.239+0000][1968][safepoint    ] Entering safepoint region: Cleanup
[2022-06-16T19:56:21.239+0000][1968][safepoint    ] Leaving safepoint region
[2022-06-16T19:56:21.239+0000][1968][safepoint    ] Total time for which application threads were stopped: 0.0000914 seconds, Stopping threads took: 0.0000220 seconds
[2022-06-16T19:56:30.283+0000][1968][safepoint    ] Application time: 9.0432836 seconds
[2022-06-16T19:56:30.283+0000][1968][safepoint    ] Entering safepoint region: Cleanup
[2022-06-16T19:56:30.283+0000][1968][safepoint    ] Leaving safepoint region
[2022-06-16T19:56:30.283+0000][1968][safepoint    ] Total time for which application threads were stopped: 0.0001107 seconds, Stopping threads took: 0.0000279 seconds
[2022-06-16T19:56:31.144+0000][1968][safepoint    ] Application time: 0.8622903 seconds
[2022-06-16T19:56:31.144+0000][1968][safepoint    ] Entering safepoint region: RevokeBias
[2022-06-16T19:56:31.144+0000][1968][safepoint    ] Leaving safepoint region
[2022-06-16T19:56:31.144+0000][1968][safepoint    ] Total time for which application threads were stopped: 0.0001385 seconds, Stopping threads took: 0.0000417 seconds
[2022-06-16T19:56:31.144+0000][1968][safepoint    ] Application time: 0.0012502 seconds
[2022-06-16T19:56:31.144+0000][1968][safepoint    ] Entering safepoint region: RevokeBias
[2022-06-16T19:56:31.144+0000][1968][safepoint    ] Leaving safepoint region
[2022-06-16T19:56:31.144+0000][1968][safepoint    ] Total time for which application threads were stopped: 0.0000744 seconds, Stopping threads took: 0.0000165 seconds
[2022-06-16T19:56:33.161+0000][1968][safepoint    ] Application time: 2.0144721 seconds
[2022-06-16T19:56:33.161+0000][1968][safepoint    ] Entering safepoint region: Cleanup
[2022-06-16T19:56:33.161+0000][1968][safepoint    ] Leaving safepoint region
[2022-06-16T19:56:33.161+0000][1968][safepoint    ] Total time for which application threads were stopped: 0.0001012 seconds, Stopping threads took: 0.0000253 seconds
[2022-06-16T19:56:39.212+0000][1968][safepoint    ] Application time: 6.0502571 seconds
[2022-06-16T19:56:39.212+0000][1968][safepoint    ] Entering safepoint region: Cleanup
[2022-06-16T19:56:39.212+0000][1968][safepoint    ] Leaving safepoint region
[2022-06-16T19:56:39.212+0000][1968][safepoint    ] Total time for which application threads were stopped: 0.0000915 seconds, Stopping threads took: 0.0000214 seconds
[2022-06-16T19:56:53.328+0000][1968][safepoint    ] Application time: 14.1157774 seconds
[2022-06-16T19:56:53.328+0000][1968][safepoint    ] Entering safepoint region: Cleanup
[2022-06-16T19:56:53.328+0000][1968][safepoint    ] Leaving safepoint region
[2022-06-16T19:56:53.328+0000][1968][safepoint    ] Total time for which application threads were stopped: 0.0001028 seconds, Stopping threads took: 0.0000229 seconds
[2022-06-16T19:56:59.346+0000][1968][safepoint    ] Application time: 6.0178556 seconds
[2022-06-16T19:56:59.346+0000][1968][safepoint    ] Entering safepoint region: Cleanup
[2022-06-16T19:56:59.346+0000][1968][safepoint    ] Leaving safepoint region
[2022-06-16T19:56:59.346+0000][1968][safepoint    ] Total time for which application threads were stopped: 0.0000979 seconds, Stopping threads took: 0.0000228 seconds
[2022-06-16T19:57:01.160+0000][1968][safepoint    ] Application time: 1.8152662 seconds
[2022-06-16T19:57:01.160+0000][1968][safepoint    ] Entering safepoint region: RevokeBias
[2022-06-16T19:57:01.160+0000][1968][safepoint    ] Leaving safepoint region
[2022-06-16T19:57:01.160+0000][1968][safepoint    ] Total time for which application threads were stopped: 0.0001486 seconds, Stopping threads took: 0.0000448 seconds
[2022-06-16T19:57:01.160+0000][1968][safepoint    ] Application time: 0.0013060 seconds
[2022-06-16T19:57:01.160+0000][1968][safepoint    ] Entering safepoint region: RevokeBias
[2022-06-16T19:57:01.160+0000][1968][safepoint    ] Leaving safepoint region
[2022-06-16T19:57:01.160+0000][1968][safepoint    ] Total time for which application threads were stopped: 0.0001673 seconds, Stopping threads took: 0.0001068 seconds
[2022-06-16T19:57:03.161+0000][1968][safepoint    ] Application time: 1.9978824 seconds
[2022-06-16T19:57:03.161+0000][1968][safepoint    ] Entering safepoint region: Cleanup
[2022-06-16T19:57:03.161+0000][1968][safepoint    ] Leaving safepoint region
[2022-06-16T19:57:03.161+0000][1968][safepoint    ] Total time for which application threads were stopped: 0.0000857 seconds, Stopping threads took: 0.0000187 seconds
[2022-06-16T19:57:14.166+0000][1968][safepoint    ] Application time: 11.0056864 seconds
[2022-06-16T19:57:14.166+0000][1968][safepoint    ] Entering safepoint region: Cleanup
[2022-06-16T19:57:14.166+0000][1968][safepoint    ] Leaving safepoint region
[2022-06-16T19:57:14.166+0000][1968][safepoint    ] Total time for which application threads were stopped: 0.0000853 seconds, Stopping threads took: 0.0000191 seconds
[2022-06-16T19:57:26.171+0000][1968][safepoint    ] Application time: 12.0044630 seconds
[2022-06-16T19:57:26.171+0000][1968][safepoint    ] Entering safepoint region: Cleanup
[2022-06-16T19:57:26.171+0000][1968][safepoint    ] Leaving safepoint region
[2022-06-16T19:57:26.171+0000][1968][safepoint    ] Total time for which application threads were stopped: 0.0000851 seconds, Stopping threads took: 0.0000188 seconds
[2022-06-16T19:57:31.164+0000][1968][safepoint    ] Application time: 4.9934731 seconds
[2022-06-16T19:57:31.165+0000][1968][safepoint    ] Entering safepoint region: RevokeBias
[2022-06-16T19:57:31.165+0000][1968][safepoint    ] Leaving safepoint region
[2022-06-16T19:57:31.165+0000][1968][safepoint    ] Total time for which application threads were stopped: 0.0001688 seconds, Stopping threads took: 0.0000642 seconds
[2022-06-16T19:57:31.166+0000][1968][safepoint    ] Application time: 0.0016644 seconds
[2022-06-16T19:57:31.166+0000][1968][safepoint    ] Entering safepoint region: RevokeBias
[2022-06-16T19:57:31.166+0000][1968][safepoint    ] Leaving safepoint region
[2022-06-16T19:57:31.166+0000][1968][safepoint    ] Total time for which application threads were stopped: 0.0000813 seconds, Stopping threads took: 0.0000267 seconds
[2022-06-16T19:57:42.193+0000][1968][safepoint    ] Application time: 11.0269156 seconds
[2022-06-16T19:57:42.193+0000][1968][safepoint    ] Entering safepoint region: Cleanup
[2022-06-16T19:57:42.193+0000][1968][safepoint    ] Leaving safepoint region
[2022-06-16T19:57:42.193+0000][1968][safepoint    ] Total time for which application threads were stopped: 0.0000883 seconds, Stopping threads took: 0.0000211 seconds
[2022-06-16T19:57:46.213+0000][1968][safepoint    ] Application time: 4.0192314 seconds
[2022-06-16T19:57:46.213+0000][1968][safepoint    ] Entering safepoint region: Cleanup
[2022-06-16T19:57:46.213+0000][1968][safepoint    ] Leaving safepoint region
[2022-06-16T19:57:46.213+0000][1968][safepoint    ] Total time for which application threads were stopped: 0.0000886 seconds, Stopping threads took: 0.0000224 seconds
[2022-06-16T19:58:01.172+0000][1968][safepoint    ] Application time: 14.9607874 seconds
[2022-06-16T19:58:01.172+0000][1968][safepoint    ] Entering safepoint region: RevokeBias
[2022-06-16T19:58:01.172+0000][1968][safepoint    ] Leaving safepoint region
[2022-06-16T19:58:01.172+0000][1968][safepoint    ] Total time for which application threads were stopped: 0.0001783 seconds, Stopping threads took: 0.0000481 seconds
[2022-06-16T19:58:01.172+0000][1968][safepoint    ] Application time: 0.0021752 seconds
[2022-06-16T19:58:01.172+0000][1968][safepoint    ] Entering safepoint region: RevokeBias
[2022-06-16T19:58:01.172+0000][1968][safepoint    ] Leaving safepoint region
[2022-06-16T19:58:01.172+0000][1968][safepoint    ] Total time for which application threads were stopped: 0.0000943 seconds, Stopping threads took: 0.0000235 seconds
[2022-06-16T19:58:03.181+0000][1968][safepoint    ] Application time: 2.0047803 seconds
[2022-06-16T19:58:03.181+0000][1968][safepoint    ] Entering safepoint region: Cleanup
[2022-06-16T19:58:03.181+0000][1968][safepoint    ] Leaving safepoint region
[2022-06-16T19:58:03.181+0000][1968][safepoint    ] Total time for which application threads were stopped: 0.0000961 seconds, Stopping threads took: 0.0000227 seconds
[2022-06-16T19:58:10.192+0000][1968][safepoint    ] Application time: 7.0104765 seconds
[2022-06-16T19:58:10.192+0000][1968][safepoint    ] Entering safepoint region: Cleanup
[2022-06-16T19:58:10.192+0000][1968][safepoint    ] Leaving safepoint region
[2022-06-16T19:58:10.192+0000][1968][safepoint    ] Total time for which application threads were stopped: 0.0000881 seconds, Stopping threads took: 0.0000203 seconds
[2022-06-16T19:58:14.194+0000][1968][safepoint    ] Application time: 4.0019803 seconds
[2022-06-16T19:58:14.194+0000][1968][safepoint    ] Entering safepoint region: Cleanup
[2022-06-16T19:58:14.194+0000][1968][safepoint    ] Leaving safepoint region
[2022-06-16T19:58:14.194+0000][1968][safepoint    ] Total time for which application threads were stopped: 0.0000839 seconds, Stopping threads took: 0.0000186 seconds
[2022-06-16T19:58:31.178+0000][1968][safepoint    ] Application time: 16.9850298 seconds
[2022-06-16T19:58:31.178+0000][1968][safepoint    ] Entering safepoint region: RevokeBias
[2022-06-16T19:58:31.179+0000][1968][safepoint    ] Leaving safepoint region
[2022-06-16T19:58:31.179+0000][1968][safepoint    ] Total time for which application threads were stopped: 0.0001813 seconds, Stopping threads took: 0.0000548 seconds
[2022-06-16T19:58:31.180+0000][1968][safepoint    ] Application time: 0.0010937 seconds
[2022-06-16T19:58:31.180+0000][1968][safepoint    ] Entering safepoint region: RevokeBias
[2022-06-16T19:58:31.180+0000][1968][safepoint    ] Leaving safepoint region
[2022-06-16T19:58:31.180+0000][1968][safepoint    ] Total time for which application threads were stopped: 0.0001218 seconds, Stopping threads took: 0.0000495 seconds
[2022-06-16T19:58:41.201+0000][1968][safepoint    ] Application time: 10.0208478 seconds
[2022-06-16T19:58:41.201+0000][1968][safepoint    ] Entering safepoint region: Cleanup
[2022-06-16T19:58:41.201+0000][1968][safepoint    ] Leaving safepoint region
[2022-06-16T19:58:41.201+0000][1968][safepoint    ] Total time for which application threads were stopped: 0.0000951 seconds, Stopping threads took: 0.0000221 seconds
[2022-06-16T19:59:01.182+0000][1968][safepoint    ] Application time: 19.9814572 seconds
[2022-06-16T19:59:01.182+0000][1968][safepoint    ] Entering safepoint region: BulkRevokeBias
[2022-06-16T19:59:01.183+0000][1968][safepoint    ] Leaving safepoint region
[2022-06-16T19:59:01.183+0000][1968][safepoint    ] Total time for which application threads were stopped: 0.0004259 seconds, Stopping threads took: 0.0000698 seconds
[2022-06-16T19:59:01.183+0000][1968][safepoint    ] Application time: 0.0001259 seconds
[2022-06-16T19:59:01.183+0000][1968][safepoint    ] Entering safepoint region: RevokeBias
[2022-06-16T19:59:01.183+0000][1968][safepoint    ] Leaving safepoint region
[2022-06-16T19:59:01.183+0000][1968][safepoint    ] Total time for which application threads were stopped: 0.0000931 seconds, Stopping threads took: 0.0000381 seconds
[2022-06-16T19:59:23.224+0000][1968][safepoint    ] Application time: 22.0406934 seconds
[2022-06-16T19:59:23.224+0000][1968][safepoint    ] Entering safepoint region: Cleanup
[2022-06-16T19:59:23.224+0000][1968][safepoint    ] Leaving safepoint region
[2022-06-16T19:59:23.224+0000][1968][safepoint    ] Total time for which application threads were stopped: 0.0001229 seconds, Stopping threads took: 0.0000302 seconds
[2022-06-16T19:59:31.185+0000][1968][safepoint    ] Application time: 7.9612645 seconds
[2022-06-16T19:59:31.185+0000][1968][safepoint    ] Entering safepoint region: RevokeBias
[2022-06-16T19:59:31.186+0000][1968][safepoint    ] Leaving safepoint region
[2022-06-16T19:59:31.186+0000][1968][safepoint    ] Total time for which application threads were stopped: 0.0002055 seconds, Stopping threads took: 0.0000662 seconds
[2022-06-16T19:59:31.187+0000][1968][safepoint    ] Application time: 0.0010869 seconds
[2022-06-16T19:59:31.187+0000][1968][safepoint    ] Entering safepoint region: RevokeBias
[2022-06-16T19:59:31.187+0000][1968][safepoint    ] Leaving safepoint region
[2022-06-16T19:59:31.187+0000][1968][safepoint    ] Total time for which application threads were stopped: 0.0000750 seconds, Stopping threads took: 0.0000157 seconds
[2022-06-16T19:59:32.187+0000][1968][safepoint    ] Application time: 1.0004452 seconds
[2022-06-16T19:59:32.187+0000][1968][safepoint    ] Entering safepoint region: Cleanup
[2022-06-16T19:59:32.187+0000][1968][safepoint    ] Leaving safepoint region
[2022-06-16T19:59:32.187+0000][1968][safepoint    ] Total time for which application threads were stopped: 0.0000867 seconds, Stopping threads took: 0.0000196 seconds
[2022-06-16T19:59:35.188+0000][1968][safepoint    ] Application time: 3.0005019 seconds
[2022-06-16T19:59:35.188+0000][1968][safepoint    ] Entering safepoint region: Cleanup
[2022-06-16T19:59:35.188+0000][1968][safepoint    ] Leaving safepoint region
[2022-06-16T19:59:35.188+0000][1968][safepoint    ] Total time for which application threads were stopped: 0.0000900 seconds, Stopping threads took: 0.0000220 seconds
[2022-06-16T19:59:59.324+0000][1968][safepoint    ] Application time: 24.1358934 seconds
[2022-06-16T19:59:59.324+0000][1968][safepoint    ] Entering safepoint region: Cleanup
[2022-06-16T19:59:59.324+0000][1968][safepoint    ] Leaving safepoint region
[2022-06-16T19:59:59.324+0000][1968][safepoint    ] Total time for which application threads were stopped: 0.0000923 seconds, Stopping threads took: 0.0000235 seconds
[2022-06-16T20:00:01.227+0000][1968][safepoint    ] Application time: 1.9030747 seconds
[2022-06-16T20:00:01.227+0000][1968][safepoint    ] Entering safepoint region: RevokeBias
[2022-06-16T20:00:01.227+0000][1968][safepoint    ] Leaving safepoint region
[2022-06-16T20:00:01.227+0000][1968][safepoint    ] Total time for which application threads were stopped: 0.0001775 seconds, Stopping threads took: 0.0000375 seconds
[2022-06-16T20:00:01.229+0000][1968][safepoint    ] Application time: 0.0020759 seconds
[2022-06-16T20:00:01.229+0000][1968][safepoint    ] Entering safepoint region: RevokeBias
[2022-06-16T20:00:01.230+0000][1968][safepoint    ] Leaving safepoint region
[2022-06-16T20:00:01.230+0000][1968][safepoint    ] Total time for which application threads were stopped: 0.0002750 seconds, Stopping threads took: 0.0001295 seconds
[2022-06-16T20:00:20.636+0000][1968][safepoint    ] Application time: 19.4063008 seconds
[2022-06-16T20:00:20.636+0000][1968][safepoint    ] Entering safepoint region: RevokeBias
[2022-06-16T20:00:20.636+0000][1968][safepoint    ] Leaving safepoint region
[2022-06-16T20:00:20.636+0000][1968][safepoint    ] Total time for which application threads were stopped: 0.0000834 seconds, Stopping threads took: 0.0000183 seconds
[2022-06-16T20:00:20.653+0000][1968][safepoint    ] Application time: 0.0170443 seconds
[2022-06-16T20:00:20.653+0000][1968][safepoint    ] Entering safepoint region: RevokeBias
[2022-06-16T20:00:20.653+0000][1968][safepoint    ] Leaving safepoint region
[2022-06-16T20:00:20.653+0000][1968][safepoint    ] Total time for which application threads were stopped: 0.0000887 seconds, Stopping threads took: 0.0000178 seconds
[2022-06-16T20:00:20.654+0000][1968][safepoint    ] Application time: 0.0004605 seconds
[2022-06-16T20:00:20.654+0000][1968][safepoint    ] Entering safepoint region: RevokeBias
[2022-06-16T20:00:20.654+0000][1968][safepoint    ] Leaving safepoint region
[2022-06-16T20:00:20.654+0000][1968][safepoint    ] Total time for which application threads were stopped: 0.0000514 seconds, Stopping threads took: 0.0000145 seconds
[2022-06-16T20:00:20.654+0000][1968][safepoint    ] Application time: 0.0000283 seconds
[2022-06-16T20:00:20.654+0000][1968][safepoint    ] Entering safepoint region: RevokeBias
[2022-06-16T20:00:20.654+0000][1968][safepoint    ] Leaving safepoint region
[2022-06-16T20:00:20.654+0000][1968][safepoint    ] Total time for which application threads were stopped: 0.0000494 seconds, Stopping threads took: 0.0000126 seconds
[2022-06-16T20:00:20.654+0000][1968][safepoint    ] Application time: 0.0000875 seconds
[2022-06-16T20:00:20.654+0000][1968][safepoint    ] Entering safepoint region: RevokeBias
[2022-06-16T20:00:20.654+0000][1968][safepoint    ] Leaving safepoint region
[2022-06-16T20:00:20.654+0000][1968][safepoint    ] Total time for which application threads were stopped: 0.0000371 seconds, Stopping threads took: 0.0000120 seconds
[2022-06-16T20:00:20.655+0000][1968][safepoint    ] Application time: 0.0013024 seconds
[2022-06-16T20:00:20.655+0000][1968][safepoint    ] Entering safepoint region: RevokeBias
[2022-06-16T20:00:20.655+0000][1968][safepoint    ] Leaving safepoint region
[2022-06-16T20:00:20.655+0000][1968][safepoint    ] Total time for which application threads were stopped: 0.0000595 seconds, Stopping threads took: 0.0000136 seconds
[2022-06-16T20:00:20.697+0000][1968][safepoint    ] Application time: 0.0416114 seconds
[2022-06-16T20:00:20.697+0000][1968][safepoint    ] Entering safepoint region: RevokeBias
[2022-06-16T20:00:20.697+0000][1968][safepoint    ] Leaving safepoint region
[2022-06-16T20:00:20.697+0000][1968][safepoint    ] Total time for which application threads were stopped: 0.0001228 seconds, Stopping threads took: 0.0000277 seconds
[2022-06-16T20:00:20.697+0000][1968][safepoint    ] Application time: 0.0000172 seconds
[2022-06-16T20:00:20.697+0000][1968][safepoint    ] Entering safepoint region: RevokeBias
[2022-06-16T20:00:20.697+0000][1968][safepoint    ] Leaving safepoint region
[2022-06-16T20:00:20.697+0000][1968][safepoint    ] Total time for which application threads were stopped: 0.0000653 seconds, Stopping threads took: 0.0000199 seconds
[2022-06-16T20:00:20.697+0000][1968][safepoint    ] Application time: 0.0000166 seconds
[2022-06-16T20:00:20.697+0000][1968][safepoint    ] Entering safepoint region: RevokeBias
[2022-06-16T20:00:20.697+0000][1968][safepoint    ] Leaving safepoint region
[2022-06-16T20:00:20.697+0000][1968][safepoint    ] Total time for which application threads were stopped: 0.0000641 seconds, Stopping threads took: 0.0000196 seconds
[2022-06-16T20:00:20.699+0000][1968][safepoint    ] Application time: 0.0013650 seconds
[2022-06-16T20:00:20.699+0000][1968][safepoint    ] Entering safepoint region: RevokeBias
[2022-06-16T20:00:20.699+0000][1968][safepoint    ] Leaving safepoint region
[2022-06-16T20:00:20.699+0000][1968][safepoint    ] Total time for which application threads were stopped: 0.0001058 seconds, Stopping threads took: 0.0000264 seconds
[2022-06-16T20:00:20.699+0000][1968][safepoint    ] Application time: 0.0002223 seconds
[2022-06-16T20:00:20.699+0000][1968][safepoint    ] Entering safepoint region: RevokeBias
[2022-06-16T20:00:20.699+0000][1968][safepoint    ] Leaving safepoint region
[2022-06-16T20:00:20.699+0000][1968][safepoint    ] Total time for which application threads were stopped: 0.0000873 seconds, Stopping threads took: 0.0000227 seconds
[2022-06-16T20:00:20.700+0000][1968][safepoint    ] Application time: 0.0007207 seconds
[2022-06-16T20:00:20.700+0000][1968][safepoint    ] Entering safepoint region: RevokeBias
[2022-06-16T20:00:20.700+0000][1968][safepoint    ] Leaving safepoint region
[2022-06-16T20:00:20.700+0000][1968][safepoint    ] Total time for which application threads were stopped: 0.0000959 seconds, Stopping threads took: 0.0000251 seconds
[2022-06-16T20:00:20.713+0000][1968][safepoint    ] Application time: 0.0128283 seconds
[2022-06-16T20:00:20.713+0000][1968][safepoint    ] Entering safepoint region: RevokeBias
[2022-06-16T20:00:20.713+0000][1968][safepoint    ] Leaving safepoint region
[2022-06-16T20:00:20.713+0000][1968][safepoint    ] Total time for which application threads were stopped: 0.0000920 seconds, Stopping threads took: 0.0000218 seconds
[2022-06-16T20:00:20.713+0000][1968][safepoint    ] Application time: 0.0002018 seconds
[2022-06-16T20:00:20.713+0000][1968][safepoint    ] Entering safepoint region: RevokeBias
[2022-06-16T20:00:20.713+0000][1968][safepoint    ] Leaving safepoint region
[2022-06-16T20:00:20.713+0000][1968][safepoint    ] Total time for which application threads were stopped: 0.0000790 seconds, Stopping threads took: 0.0000196 seconds
[2022-06-16T20:00:20.805+0000][1968][safepoint    ] Application time: 0.0914645 seconds
[2022-06-16T20:00:20.805+0000][1968][safepoint    ] Entering safepoint region: RevokeBias
[2022-06-16T20:00:20.805+0000][1968][safepoint    ] Leaving safepoint region
[2022-06-16T20:00:20.805+0000][1968][safepoint    ] Total time for which application threads were stopped: 0.0001158 seconds, Stopping threads took: 0.0000239 seconds
[2022-06-16T20:00:20.812+0000][1968][safepoint    ] Application time: 0.0068065 seconds
[2022-06-16T20:00:20.812+0000][1968][safepoint    ] Entering safepoint region: RevokeBias
[2022-06-16T20:00:20.812+0000][1968][safepoint    ] Leaving safepoint region
[2022-06-16T20:00:20.812+0000][1968][safepoint    ] Total time for which application threads were stopped: 0.0000971 seconds, Stopping threads took: 0.0000241 seconds
[2022-06-16T20:00:20.827+0000][1968][safepoint    ] Application time: 0.0150124 seconds
[2022-06-16T20:00:20.827+0000][1968][safepoint    ] Entering safepoint region: RevokeBias
[2022-06-16T20:00:20.827+0000][1968][safepoint    ] Leaving safepoint region
[2022-06-16T20:00:20.827+0000][1968][safepoint    ] Total time for which application threads were stopped: 0.0000921 seconds, Stopping threads took: 0.0000281 seconds
[2022-06-16T20:00:20.858+0000][1968][safepoint    ] Application time: 0.0310917 seconds
[2022-06-16T20:00:20.858+0000][1968][safepoint    ] Entering safepoint region: RevokeBias
[2022-06-16T20:00:20.858+0000][1968][safepoint    ] Leaving safepoint region
[2022-06-16T20:00:20.859+0000][1968][safepoint    ] Total time for which application threads were stopped: 0.0001361 seconds, Stopping threads took: 0.0000359 seconds
[2022-06-16T20:00:20.859+0000][1968][safepoint    ] Application time: 0.0001239 seconds
[2022-06-16T20:00:20.859+0000][1968][safepoint    ] Entering safepoint region: RevokeBias
[2022-06-16T20:00:20.859+0000][1968][safepoint    ] Leaving safepoint region
[2022-06-16T20:00:20.859+0000][1968][safepoint    ] Total time for which application threads were stopped: 0.0000870 seconds, Stopping threads took: 0.0000330 seconds
[2022-06-16T20:00:20.859+0000][1968][safepoint    ] Application time: 0.0002332 seconds
[2022-06-16T20:00:20.859+0000][1968][safepoint    ] Entering safepoint region: RevokeBias
[2022-06-16T20:00:20.859+0000][1968][safepoint    ] Leaving safepoint region
[2022-06-16T20:00:20.859+0000][1968][safepoint    ] Total time for which application threads were stopped: 0.0001038 seconds, Stopping threads took: 0.0000372 seconds
[2022-06-16T20:00:20.859+0000][1968][safepoint    ] Application time: 0.0001045 seconds
[2022-06-16T20:00:20.859+0000][1968][safepoint    ] Entering safepoint region: RevokeBias
[2022-06-16T20:00:20.859+0000][1968][safepoint    ] Leaving safepoint region
[2022-06-16T20:00:20.859+0000][1968][safepoint    ] Total time for which application threads were stopped: 0.0000693 seconds, Stopping threads took: 0.0000227 seconds
[2022-06-16T20:00:20.859+0000][1968][safepoint    ] Application time: 0.0000681 seconds
[2022-06-16T20:00:20.859+0000][1968][safepoint    ] Entering safepoint region: RevokeBias
[2022-06-16T20:00:20.860+0000][1968][safepoint    ] Leaving safepoint region
[2022-06-16T20:00:20.860+0000][1968][safepoint    ] Total time for which application threads were stopped: 0.0000645 seconds, Stopping threads took: 0.0000205 seconds
[2022-06-16T20:00:21.576+0000][1968][safepoint    ] Application time: 0.7173432 seconds
[2022-06-16T20:00:21.578+0000][1968][safepoint    ] Entering safepoint region: RevokeBias
[2022-06-16T20:00:21.578+0000][1968][safepoint    ] Leaving safepoint region
[2022-06-16T20:00:21.578+0000][1968][safepoint    ] Total time for which application threads were stopped: 0.0013886 seconds, Stopping threads took: 0.0012641 seconds
[2022-06-16T20:00:21.578+0000][1968][safepoint    ] Application time: 0.0004279 seconds
[2022-06-16T20:00:21.578+0000][1968][safepoint    ] Entering safepoint region: RevokeBias
[2022-06-16T20:00:21.578+0000][1968][safepoint    ] Leaving safepoint region
[2022-06-16T20:00:21.578+0000][1968][safepoint    ] Total time for which application threads were stopped: 0.0003528 seconds, Stopping threads took: 0.0002703 seconds
[2022-06-16T20:00:31.232+0000][1968][safepoint    ] Application time: 9.6530774 seconds
[2022-06-16T20:00:31.232+0000][1968][safepoint    ] Entering safepoint region: RevokeBias
[2022-06-16T20:00:31.232+0000][1968][safepoint    ] Leaving safepoint region
[2022-06-16T20:00:31.232+0000][1968][safepoint    ] Total time for which application threads were stopped: 0.0001661 seconds, Stopping threads took: 0.0000650 seconds
[2022-06-16T20:00:31.233+0000][1968][safepoint    ] Application time: 0.0009354 seconds
[2022-06-16T20:00:31.233+0000][1968][safepoint    ] Entering safepoint region: RevokeBias
[2022-06-16T20:00:31.233+0000][1968][safepoint    ] Leaving safepoint region
[2022-06-16T20:00:31.233+0000][1968][safepoint    ] Total time for which application threads were stopped: 0.0000703 seconds, Stopping threads took: 0.0000147 seconds
[2022-06-16T20:01:01.235+0000][1968][safepoint    ] Application time: 30.0026635 seconds
[2022-06-16T20:01:01.235+0000][1968][safepoint    ] Entering safepoint region: RevokeBias
[2022-06-16T20:01:01.236+0000][1968][safepoint    ] Leaving safepoint region
[2022-06-16T20:01:01.236+0000][1968][safepoint    ] Total time for which application threads were stopped: 0.0002243 seconds, Stopping threads took: 0.0000607 seconds
[2022-06-16T20:01:01.236+0000][1968][safepoint    ] Application time: 0.0002900 seconds
[2022-06-16T20:01:01.238+0000][1968][safepoint    ] Entering safepoint region: RevokeBias
[2022-06-16T20:01:01.238+0000][1968][safepoint    ] Leaving safepoint region
[2022-06-16T20:01:01.238+0000][1968][safepoint    ] Total time for which application threads were stopped: 0.0018550 seconds, Stopping threads took: 0.0017718 seconds
[2022-06-16T20:01:02.239+0000][1968][safepoint    ] Application time: 1.0000545 seconds
[2022-06-16T20:01:02.239+0000][1968][safepoint    ] Entering safepoint region: Cleanup
[2022-06-16T20:01:02.239+0000][1968][safepoint    ] Leaving safepoint region
[2022-06-16T20:01:02.239+0000][1968][safepoint    ] Total time for which application threads were stopped: 0.0000863 seconds, Stopping threads took: 0.0000208 seconds
[2022-06-16T20:01:06.239+0000][1968][safepoint    ] Application time: 4.0006323 seconds
[2022-06-16T20:01:06.239+0000][1968][safepoint    ] Entering safepoint region: Cleanup
[2022-06-16T20:01:06.239+0000][1968][safepoint    ] Leaving safepoint region
[2022-06-16T20:01:06.239+0000][1968][safepoint    ] Total time for which application threads were stopped: 0.0000879 seconds, Stopping threads took: 0.0000227 seconds
[2022-06-16T20:01:21.247+0000][1968][safepoint    ] Application time: 15.0074826 seconds
[2022-06-16T20:01:21.247+0000][1968][safepoint    ] Entering safepoint region: Cleanup
[2022-06-16T20:01:21.247+0000][1968][safepoint    ] Leaving safepoint region
[2022-06-16T20:01:21.247+0000][1968][safepoint    ] Total time for which application threads were stopped: 0.0000882 seconds, Stopping threads took: 0.0000221 seconds
[2022-06-16T20:01:26.248+0000][1968][safepoint    ] Application time: 5.0013753 seconds
[2022-06-16T20:01:26.248+0000][1968][safepoint    ] Entering safepoint region: Cleanup
[2022-06-16T20:01:26.248+0000][1968][safepoint    ] Leaving safepoint region
[2022-06-16T20:01:26.248+0000][1968][safepoint    ] Total time for which application threads were stopped: 0.0001207 seconds, Stopping threads took: 0.0000323 seconds
[2022-06-16T20:01:31.240+0000][1968][safepoint    ] Application time: 4.9925467 seconds
[2022-06-16T20:01:31.240+0000][1968][safepoint    ] Entering safepoint region: RevokeBias
[2022-06-16T20:01:31.241+0000][1968][safepoint    ] Leaving safepoint region
[2022-06-16T20:01:31.241+0000][1968][safepoint    ] Total time for which application threads were stopped: 0.0001397 seconds, Stopping threads took: 0.0000345 seconds
[2022-06-16T20:01:31.241+0000][1968][safepoint    ] Application time: 0.0004949 seconds
[2022-06-16T20:01:31.241+0000][1968][safepoint    ] Entering safepoint region: RevokeBias
[2022-06-16T20:01:31.241+0000][1968][safepoint    ] Leaving safepoint region
[2022-06-16T20:01:31.241+0000][1968][safepoint    ] Total time for which application threads were stopped: 0.0000696 seconds, Stopping threads took: 0.0000147 seconds
[2022-06-16T20:01:32.242+0000][1968][safepoint    ] Application time: 1.0003068 seconds
[2022-06-16T20:01:32.242+0000][1968][safepoint    ] Entering safepoint region: Cleanup
[2022-06-16T20:01:32.242+0000][1968][safepoint    ] Leaving safepoint region
[2022-06-16T20:01:32.242+0000][1968][safepoint    ] Total time for which application threads were stopped: 0.0000835 seconds, Stopping threads took: 0.0000200 seconds
[2022-06-16T20:01:46.248+0000][1968][safepoint    ] Application time: 14.0057417 seconds
[2022-06-16T20:01:46.248+0000][1968][safepoint    ] Entering safepoint region: Cleanup
[2022-06-16T20:01:46.248+0000][1968][safepoint    ] Leaving safepoint region
[2022-06-16T20:01:46.248+0000][1968][safepoint    ] Total time for which application threads were stopped: 0.0000914 seconds, Stopping threads took: 0.0000212 seconds
[2022-06-16T20:02:01.242+0000][1968][safepoint    ] Application time: 14.9950987 seconds
[2022-06-16T20:02:01.242+0000][1968][safepoint    ] Entering safepoint region: RevokeBias
[2022-06-16T20:02:01.243+0000][1968][safepoint    ] Leaving safepoint region
[2022-06-16T20:02:01.243+0000][1968][safepoint    ] Total time for which application threads were stopped: 0.0001750 seconds, Stopping threads took: 0.0000355 seconds
[2022-06-16T20:02:01.243+0000][1968][safepoint    ] Application time: 0.0007840 seconds
[2022-06-16T20:02:01.243+0000][1968][safepoint    ] Entering safepoint region: RevokeBias
[2022-06-16T20:02:01.244+0000][1968][safepoint    ] Leaving safepoint region
[2022-06-16T20:02:01.244+0000][1968][safepoint    ] Total time for which application threads were stopped: 0.0001076 seconds, Stopping threads took: 0.0000278 seconds
[2022-06-16T20:02:02.245+0000][1968][safepoint    ] Application time: 1.0005576 seconds
[2022-06-16T20:02:02.245+0000][1968][safepoint    ] Entering safepoint region: Cleanup
[2022-06-16T20:02:02.245+0000][1968][safepoint    ] Leaving safepoint region
[2022-06-16T20:02:02.245+0000][1968][safepoint    ] Total time for which application threads were stopped: 0.0000844 seconds, Stopping threads took: 0.0000199 seconds
[2022-06-16T20:02:31.247+0000][1968][safepoint    ] Application time: 29.0025371 seconds
[2022-06-16T20:02:31.247+0000][1968][safepoint    ] Entering safepoint region: RevokeBias
[2022-06-16T20:02:31.247+0000][1968][safepoint    ] Leaving safepoint region
[2022-06-16T20:02:31.248+0000][1968][safepoint    ] Total time for which application threads were stopped: 0.0001445 seconds, Stopping threads took: 0.0000256 seconds
[2022-06-16T20:02:31.248+0000][1968][safepoint    ] Application time: 0.0004152 seconds
[2022-06-16T20:02:31.248+0000][1968][safepoint    ] Entering safepoint region: RevokeBias
[2022-06-16T20:02:31.248+0000][1968][safepoint    ] Leaving safepoint region
[2022-06-16T20:02:31.248+0000][1968][safepoint    ] Total time for which application threads were stopped: 0.0000696 seconds, Stopping threads took: 0.0000152 seconds
[2022-06-16T20:03:01.257+0000][1968][safepoint    ] Application time: 30.0099472 seconds
[2022-06-16T20:03:01.257+0000][1968][safepoint    ] Entering safepoint region: RevokeBias
[2022-06-16T20:03:01.257+0000][1968][safepoint    ] Leaving safepoint region
[2022-06-16T20:03:01.257+0000][1968][safepoint    ] Total time for which application threads were stopped: 0.0001721 seconds, Stopping threads took: 0.0000804 seconds
[2022-06-16T20:03:01.257+0000][1968][safepoint    ] Application time: 0.0007886 seconds
[2022-06-16T20:03:01.257+0000][1968][safepoint    ] Entering safepoint region: RevokeBias
[2022-06-16T20:03:01.257+0000][1968][safepoint    ] Leaving safepoint region
[2022-06-16T20:03:01.257+0000][1968][safepoint    ] Total time for which application threads were stopped: 0.0000717 seconds, Stopping threads took: 0.0000153 seconds
[2022-06-16T20:03:15.185+0000][1968][safepoint    ] Application time: 13.9265070 seconds
[2022-06-16T20:03:15.185+0000][1968][safepoint    ] Entering safepoint region: RevokeBias
[2022-06-16T20:03:15.185+0000][1968][safepoint    ] Leaving safepoint region
[2022-06-16T20:03:15.185+0000][1968][safepoint    ] Total time for which application threads were stopped: 0.0001110 seconds, Stopping threads took: 0.0000229 seconds
[2022-06-16T20:03:15.186+0000][1968][safepoint    ] Application time: 0.0007055 seconds
[2022-06-16T20:03:15.186+0000][1968][safepoint    ] Entering safepoint region: RevokeBias
[2022-06-16T20:03:15.186+0000][1968][safepoint    ] Leaving safepoint region
[2022-06-16T20:03:15.186+0000][1968][safepoint    ] Total time for which application threads were stopped: 0.0000776 seconds, Stopping threads took: 0.0000201 seconds
[2022-06-16T20:03:15.187+0000][1968][safepoint    ] Application time: 0.0007616 seconds
[2022-06-16T20:03:15.187+0000][1968][safepoint    ] Entering safepoint region: RevokeBias
[2022-06-16T20:03:15.187+0000][1968][safepoint    ] Leaving safepoint region
[2022-06-16T20:03:15.187+0000][1968][safepoint    ] Total time for which application threads were stopped: 0.0000978 seconds, Stopping threads took: 0.0000367 seconds
[2022-06-16T20:03:15.188+0000][1968][safepoint    ] Application time: 0.0003286 seconds
[2022-06-16T20:03:15.188+0000][1968][safepoint    ] Entering safepoint region: RevokeBias
[2022-06-16T20:03:15.188+0000][1968][safepoint    ] Leaving safepoint region
[2022-06-16T20:03:15.188+0000][1968][safepoint    ] Total time for which application threads were stopped: 0.0000736 seconds, Stopping threads took: 0.0000236 seconds
[2022-06-16T20:03:15.188+0000][1968][safepoint    ] Application time: 0.0000343 seconds
[2022-06-16T20:03:15.188+0000][1968][safepoint    ] Entering safepoint region: RevokeBias
[2022-06-16T20:03:15.188+0000][1968][safepoint    ] Leaving safepoint region
[2022-06-16T20:03:15.188+0000][1968][safepoint    ] Total time for which application threads were stopped: 0.0000622 seconds, Stopping threads took: 0.0000188 seconds
[2022-06-16T20:03:15.188+0000][1968][safepoint    ] Application time: 0.0000329 seconds
[2022-06-16T20:03:15.188+0000][1968][safepoint    ] Entering safepoint region: RevokeBias
[2022-06-16T20:03:15.188+0000][1968][safepoint    ] Leaving safepoint region
[2022-06-16T20:03:15.188+0000][1968][safepoint    ] Total time for which application threads were stopped: 0.0000614 seconds, Stopping threads took: 0.0000189 seconds
[2022-06-16T20:03:15.188+0000][1968][safepoint    ] Application time: 0.0000302 seconds
[2022-06-16T20:03:15.188+0000][1968][safepoint    ] Entering safepoint region: RevokeBias
[2022-06-16T20:03:15.188+0000][1968][safepoint    ] Leaving safepoint region
[2022-06-16T20:03:15.188+0000][1968][safepoint    ] Total time for which application threads were stopped: 0.0000573 seconds, Stopping threads took: 0.0000180 seconds
[2022-06-16T20:03:15.189+0000][1968][safepoint    ] Application time: 0.0006600 seconds
[2022-06-16T20:03:15.189+0000][1968][safepoint    ] Entering safepoint region: RevokeBias
[2022-06-16T20:03:15.189+0000][1968][safepoint    ] Leaving safepoint region
[2022-06-16T20:03:15.189+0000][1968][safepoint    ] Total time for which application threads were stopped: 0.0000687 seconds, Stopping threads took: 0.0000225 seconds
[2022-06-16T20:03:15.189+0000][1968][safepoint    ] Application time: 0.0000315 seconds
[2022-06-16T20:03:15.189+0000][1968][safepoint    ] Entering safepoint region: RevokeBias
[2022-06-16T20:03:15.189+0000][1968][safepoint    ] Leaving safepoint region
[2022-06-16T20:03:15.189+0000][1968][safepoint    ] Total time for which application threads were stopped: 0.0000603 seconds, Stopping threads took: 0.0000215 seconds
[2022-06-16T20:03:15.189+0000][1968][safepoint    ] Application time: 0.0000316 seconds
[2022-06-16T20:03:15.189+0000][1968][safepoint    ] Entering safepoint region: RevokeBias
[2022-06-16T20:03:15.189+0000][1968][safepoint    ] Leaving safepoint region
[2022-06-16T20:03:15.189+0000][1968][safepoint    ] Total time for which application threads were stopped: 0.0000929 seconds, Stopping threads took: 0.0000384 seconds
[2022-06-16T20:03:15.189+0000][1968][safepoint    ] Application time: 0.0001376 seconds
[2022-06-16T20:03:15.189+0000][1968][safepoint    ] Entering safepoint region: RevokeBias
[2022-06-16T20:03:15.189+0000][1968][safepoint    ] Leaving safepoint region
[2022-06-16T20:03:15.189+0000][1968][safepoint    ] Total time for which application threads were stopped: 0.0000649 seconds, Stopping threads took: 0.0000224 seconds
[2022-06-16T20:03:15.189+0000][1968][safepoint    ] Application time: 0.0000592 seconds
[2022-06-16T20:03:15.189+0000][1968][safepoint    ] Entering safepoint region: RevokeBias
[2022-06-16T20:03:15.190+0000][1968][safepoint    ] Leaving safepoint region
[2022-06-16T20:03:15.190+0000][1968][safepoint    ] Total time for which application threads were stopped: 0.0000614 seconds, Stopping threads took: 0.0000218 seconds
[2022-06-16T20:03:15.190+0000][1968][safepoint    ] Application time: 0.0000281 seconds
[2022-06-16T20:03:15.190+0000][1968][safepoint    ] Entering safepoint region: RevokeBias
[2022-06-16T20:03:15.190+0000][1968][safepoint    ] Leaving safepoint region
[2022-06-16T20:03:15.190+0000][1968][safepoint    ] Total time for which application threads were stopped: 0.0000636 seconds, Stopping threads took: 0.0000244 seconds
[2022-06-16T20:03:15.190+0000][1968][safepoint    ] Application time: 0.0000221 seconds
[2022-06-16T20:03:15.190+0000][1968][safepoint    ] Entering safepoint region: RevokeBias
[2022-06-16T20:03:15.190+0000][1968][safepoint    ] Leaving safepoint region
[2022-06-16T20:03:15.190+0000][1968][safepoint    ] Total time for which application threads were stopped: 0.0000556 seconds, Stopping threads took: 0.0000203 seconds
[2022-06-16T20:03:15.190+0000][1968][safepoint    ] Application time: 0.0004269 seconds
[2022-06-16T20:03:15.190+0000][1968][safepoint    ] Entering safepoint region: RevokeBias
[2022-06-16T20:03:15.190+0000][1968][safepoint    ] Leaving safepoint region
[2022-06-16T20:03:15.190+0000][1968][safepoint    ] Total time for which application threads were stopped: 0.0000667 seconds, Stopping threads took: 0.0000229 seconds
[2022-06-16T20:03:15.190+0000][1968][safepoint    ] Application time: 0.0000242 seconds
[2022-06-16T20:03:15.190+0000][1968][safepoint    ] Entering safepoint region: RevokeBias
[2022-06-16T20:03:15.190+0000][1968][safepoint    ] Leaving safepoint region
[2022-06-16T20:03:15.190+0000][1968][safepoint    ] Total time for which application threads were stopped: 0.0000681 seconds, Stopping threads took: 0.0000292 seconds
[2022-06-16T20:03:15.191+0000][1968][safepoint    ] Application time: 0.0001757 seconds
[2022-06-16T20:03:15.191+0000][1968][safepoint    ] Entering safepoint region: RevokeBias
[2022-06-16T20:03:15.191+0000][1968][safepoint    ] Leaving safepoint region
[2022-06-16T20:03:15.191+0000][1968][safepoint    ] Total time for which application threads were stopped: 0.0000586 seconds, Stopping threads took: 0.0000178 seconds
[2022-06-16T20:03:15.191+0000][1968][safepoint    ] Application time: 0.0000331 seconds
[2022-06-16T20:03:15.191+0000][1968][safepoint    ] Entering safepoint region: RevokeBias
[2022-06-16T20:03:15.191+0000][1968][safepoint    ] Leaving safepoint region
[2022-06-16T20:03:15.191+0000][1968][safepoint    ] Total time for which application threads were stopped: 0.0000498 seconds, Stopping threads took: 0.0000154 seconds
[2022-06-16T20:03:15.191+0000][1968][safepoint    ] Application time: 0.0000398 seconds
[2022-06-16T20:03:15.191+0000][1968][safepoint    ] Entering safepoint region: RevokeBias
[2022-06-16T20:03:15.191+0000][1968][safepoint    ] Leaving safepoint region
[2022-06-16T20:03:15.191+0000][1968][safepoint    ] Total time for which application threads were stopped: 0.0000549 seconds, Stopping threads took: 0.0000174 seconds
[2022-06-16T20:03:15.191+0000][1968][safepoint    ] Application time: 0.0000215 seconds
[2022-06-16T20:03:15.191+0000][1968][safepoint    ] Entering safepoint region: RevokeBias
[2022-06-16T20:03:15.191+0000][1968][safepoint    ] Leaving safepoint region
[2022-06-16T20:03:15.191+0000][1968][safepoint    ] Total time for which application threads were stopped: 0.0000363 seconds, Stopping threads took: 0.0000121 seconds
[2022-06-16T20:03:15.191+0000][1968][safepoint    ] Application time: 0.0000322 seconds
[2022-06-16T20:03:15.191+0000][1968][safepoint    ] Entering safepoint region: RevokeBias
[2022-06-16T20:03:15.191+0000][1968][safepoint    ] Leaving safepoint region
[2022-06-16T20:03:15.191+0000][1968][safepoint    ] Total time for which application threads were stopped: 0.0000359 seconds, Stopping threads took: 0.0000118 seconds
[2022-06-16T20:03:15.191+0000][1968][safepoint    ] Application time: 0.0000379 seconds
[2022-06-16T20:03:15.191+0000][1968][safepoint    ] Entering safepoint region: RevokeBias
[2022-06-16T20:03:15.191+0000][1968][safepoint    ] Leaving safepoint region
[2022-06-16T20:03:15.191+0000][1968][safepoint    ] Total time for which application threads were stopped: 0.0000357 seconds, Stopping threads took: 0.0000119 seconds
[2022-06-16T20:03:15.191+0000][1968][safepoint    ] Application time: 0.0000275 seconds
[2022-06-16T20:03:15.191+0000][1968][safepoint    ] Entering safepoint region: RevokeBias
[2022-06-16T20:03:15.191+0000][1968][safepoint    ] Leaving safepoint region
[2022-06-16T20:03:15.191+0000][1968][safepoint    ] Total time for which application threads were stopped: 0.0000381 seconds, Stopping threads took: 0.0000119 seconds
[2022-06-16T20:03:15.192+0000][1968][safepoint    ] Application time: 0.0003494 seconds
[2022-06-16T20:03:15.192+0000][1968][safepoint    ] Entering safepoint region: RevokeBias
[2022-06-16T20:03:15.192+0000][1968][safepoint    ] Leaving safepoint region
[2022-06-16T20:03:15.192+0000][1968][safepoint    ] Total time for which application threads were stopped: 0.0000446 seconds, Stopping threads took: 0.0000134 seconds
[2022-06-16T20:03:15.192+0000][1968][safepoint    ] Application time: 0.0000398 seconds
[2022-06-16T20:03:15.192+0000][1968][safepoint    ] Entering safepoint region: BulkRevokeBias
[2022-06-16T20:03:15.192+0000][1968][safepoint    ] Leaving safepoint region
[2022-06-16T20:03:15.192+0000][1968][safepoint    ] Total time for which application threads were stopped: 0.0003030 seconds, Stopping threads took: 0.0000125 seconds
[2022-06-16T20:03:15.193+0000][1968][safepoint    ] Application time: 0.0006588 seconds
[2022-06-16T20:03:15.193+0000][1968][safepoint    ] Entering safepoint region: RevokeBias
[2022-06-16T20:03:15.193+0000][1968][safepoint    ] Leaving safepoint region
[2022-06-16T20:03:15.193+0000][1968][safepoint    ] Total time for which application threads were stopped: 0.0000623 seconds, Stopping threads took: 0.0000265 seconds
[2022-06-16T20:03:15.196+0000][1968][safepoint    ] Application time: 0.0028036 seconds
[2022-06-16T20:03:15.196+0000][1968][safepoint    ] Entering safepoint region: RevokeBias
[2022-06-16T20:03:15.196+0000][1968][safepoint    ] Leaving safepoint region
[2022-06-16T20:03:15.196+0000][1968][safepoint    ] Total time for which application threads were stopped: 0.0001662 seconds, Stopping threads took: 0.0001256 seconds
[2022-06-16T20:03:15.198+0000][1968][safepoint    ] Application time: 0.0015579 seconds
[2022-06-16T20:03:15.198+0000][1968][safepoint    ] Entering safepoint region: RevokeBias
[2022-06-16T20:03:15.198+0000][1968][safepoint    ] Leaving safepoint region
[2022-06-16T20:03:15.198+0000][1968][safepoint    ] Total time for which application threads were stopped: 0.0000479 seconds, Stopping threads took: 0.0000144 seconds
[2022-06-16T20:03:15.198+0000][1968][safepoint    ] Application time: 0.0000356 seconds
[2022-06-16T20:03:15.198+0000][1968][safepoint    ] Entering safepoint region: RevokeBias
[2022-06-16T20:03:15.198+0000][1968][safepoint    ] Leaving safepoint region
[2022-06-16T20:03:15.198+0000][1968][safepoint    ] Total time for which application threads were stopped: 0.0000364 seconds, Stopping threads took: 0.0000114 seconds
[2022-06-16T20:03:15.198+0000][1968][safepoint    ] Application time: 0.0001972 seconds
[2022-06-16T20:03:15.198+0000][1968][safepoint    ] Entering safepoint region: RevokeBias
[2022-06-16T20:03:15.198+0000][1968][safepoint    ] Leaving safepoint region
[2022-06-16T20:03:15.198+0000][1968][safepoint    ] Total time for which application threads were stopped: 0.0000421 seconds, Stopping threads took: 0.0000123 seconds
[2022-06-16T20:03:15.198+0000][1968][safepoint    ] Application time: 0.0000376 seconds
[2022-06-16T20:03:15.198+0000][1968][safepoint    ] Entering safepoint region: RevokeBias
[2022-06-16T20:03:15.198+0000][1968][safepoint    ] Leaving safepoint region
[2022-06-16T20:03:15.198+0000][1968][safepoint    ] Total time for which application threads were stopped: 0.0000359 seconds, Stopping threads took: 0.0000114 seconds
[2022-06-16T20:03:15.198+0000][1968][safepoint    ] Application time: 0.0001125 seconds
[2022-06-16T20:03:15.198+0000][1968][safepoint    ] Entering safepoint region: RevokeBias
[2022-06-16T20:03:15.198+0000][1968][safepoint    ] Leaving safepoint region
[2022-06-16T20:03:15.198+0000][1968][safepoint    ] Total time for which application threads were stopped: 0.0000403 seconds, Stopping threads took: 0.0000115 seconds
[2022-06-16T20:03:15.199+0000][1968][safepoint    ] Application time: 0.0002500 seconds
[2022-06-16T20:03:15.199+0000][1968][safepoint    ] Entering safepoint region: RevokeBias
[2022-06-16T20:03:15.199+0000][1968][safepoint    ] Leaving safepoint region
[2022-06-16T20:03:15.199+0000][1968][safepoint    ] Total time for which application threads were stopped: 0.0000454 seconds, Stopping threads took: 0.0000143 seconds
[2022-06-16T20:03:15.199+0000][1968][safepoint    ] Application time: 0.0000415 seconds
[2022-06-16T20:03:15.199+0000][1968][safepoint    ] Entering safepoint region: RevokeBias
[2022-06-16T20:03:15.199+0000][1968][safepoint    ] Leaving safepoint region
[2022-06-16T20:03:15.199+0000][1968][safepoint    ] Total time for which application threads were stopped: 0.0000385 seconds, Stopping threads took: 0.0000117 seconds
[2022-06-16T20:03:15.199+0000][1968][safepoint    ] Application time: 0.0000384 seconds
[2022-06-16T20:03:15.199+0000][1968][safepoint    ] Entering safepoint region: RevokeBias
[2022-06-16T20:03:15.199+0000][1968][safepoint    ] Leaving safepoint region
[2022-06-16T20:03:15.199+0000][1968][safepoint    ] Total time for which application threads were stopped: 0.0000348 seconds, Stopping threads took: 0.0000113 seconds
[2022-06-16T20:03:15.199+0000][1968][safepoint    ] Application time: 0.0000321 seconds
[2022-06-16T20:03:15.199+0000][1968][safepoint    ] Entering safepoint region: RevokeBias
[2022-06-16T20:03:15.199+0000][1968][safepoint    ] Leaving safepoint region
[2022-06-16T20:03:15.199+0000][1968][safepoint    ] Total time for which application threads were stopped: 0.0000373 seconds, Stopping threads took: 0.0000113 seconds
[2022-06-16T20:03:15.199+0000][1968][safepoint    ] Application time: 0.0000642 seconds
[2022-06-16T20:03:15.199+0000][1968][safepoint    ] Entering safepoint region: RevokeBias
[2022-06-16T20:03:15.199+0000][1968][safepoint    ] Leaving safepoint region
[2022-06-16T20:03:15.199+0000][1968][safepoint    ] Total time for which application threads were stopped: 0.0000356 seconds, Stopping threads took: 0.0000115 seconds
[2022-06-16T20:03:15.199+0000][1968][safepoint    ] Application time: 0.0000254 seconds
[2022-06-16T20:03:15.199+0000][1968][safepoint    ] Entering safepoint region: RevokeBias
[2022-06-16T20:03:15.199+0000][1968][safepoint    ] Leaving safepoint region
[2022-06-16T20:03:15.199+0000][1968][safepoint    ] Total time for which application threads were stopped: 0.0000348 seconds, Stopping threads took: 0.0000115 seconds
[2022-06-16T20:03:15.203+0000][1968][safepoint    ] Application time: 0.0041332 seconds
[2022-06-16T20:03:15.204+0000][1968][safepoint    ] Entering safepoint region: RevokeBias
[2022-06-16T20:03:15.204+0000][1968][safepoint    ] Leaving safepoint region
[2022-06-16T20:03:15.204+0000][1968][safepoint    ] Total time for which application threads were stopped: 0.0004448 seconds, Stopping threads took: 0.0003959 seconds
[2022-06-16T20:03:15.204+0000][1968][safepoint    ] Application time: 0.0003351 seconds
[2022-06-16T20:03:15.204+0000][1968][safepoint    ] Entering safepoint region: RevokeBias
[2022-06-16T20:03:15.204+0000][1968][safepoint    ] Leaving safepoint region
[2022-06-16T20:03:15.204+0000][1968][safepoint    ] Total time for which application threads were stopped: 0.0000701 seconds, Stopping threads took: 0.0000234 seconds
[2022-06-16T20:03:15.204+0000][1968][safepoint    ] Application time: 0.0000334 seconds
[2022-06-16T20:03:15.204+0000][1968][safepoint    ] Entering safepoint region: RevokeBias
[2022-06-16T20:03:15.204+0000][1968][safepoint    ] Leaving safepoint region
[2022-06-16T20:03:15.204+0000][1968][safepoint    ] Total time for which application threads were stopped: 0.0000565 seconds, Stopping threads took: 0.0000207 seconds
[2022-06-16T20:03:15.205+0000][1968][safepoint    ] Application time: 0.0005839 seconds
[2022-06-16T20:03:15.205+0000][1968][safepoint    ] Entering safepoint region: RevokeBias
[2022-06-16T20:03:15.205+0000][1968][safepoint    ] Leaving safepoint region
[2022-06-16T20:03:15.205+0000][1968][safepoint    ] Total time for which application threads were stopped: 0.0000669 seconds, Stopping threads took: 0.0000229 seconds
[2022-06-16T20:03:15.205+0000][1968][safepoint    ] Application time: 0.0000371 seconds
[2022-06-16T20:03:15.205+0000][1968][safepoint    ] Entering safepoint region: RevokeBias
[2022-06-16T20:03:15.205+0000][1968][safepoint    ] Leaving safepoint region
[2022-06-16T20:03:15.205+0000][1968][safepoint    ] Total time for which application threads were stopped: 0.0000556 seconds, Stopping threads took: 0.0000193 seconds
[2022-06-16T20:03:15.205+0000][1968][safepoint    ] Application time: 0.0000306 seconds
[2022-06-16T20:03:15.205+0000][1968][safepoint    ] Entering safepoint region: RevokeBias
[2022-06-16T20:03:15.205+0000][1968][safepoint    ] Leaving safepoint region
[2022-06-16T20:03:15.205+0000][1968][safepoint    ] Total time for which application threads were stopped: 0.0000575 seconds, Stopping threads took: 0.0000192 seconds
[2022-06-16T20:03:15.205+0000][1968][safepoint    ] Application time: 0.0000119 seconds
[2022-06-16T20:03:15.205+0000][1968][safepoint    ] Entering safepoint region: RevokeBias
[2022-06-16T20:03:15.205+0000][1968][safepoint    ] Leaving safepoint region
[2022-06-16T20:03:15.205+0000][1968][safepoint    ] Total time for which application threads were stopped: 0.0000560 seconds, Stopping threads took: 0.0000192 seconds
[2022-06-16T20:03:15.206+0000][1968][safepoint    ] Application time: 0.0002865 seconds
[2022-06-16T20:03:15.206+0000][1968][safepoint    ] Entering safepoint region: RevokeBias
[2022-06-16T20:03:15.206+0000][1968][safepoint    ] Leaving safepoint region
[2022-06-16T20:03:15.206+0000][1968][safepoint    ] Total time for which application threads were stopped: 0.0000661 seconds, Stopping threads took: 0.0000217 seconds
[2022-06-16T20:03:15.206+0000][1968][safepoint    ] Application time: 0.0000124 seconds
[2022-06-16T20:03:15.206+0000][1968][safepoint    ] Entering safepoint region: RevokeBias
[2022-06-16T20:03:15.206+0000][1968][safepoint    ] Leaving safepoint region
[2022-06-16T20:03:15.206+0000][1968][safepoint    ] Total time for which application threads were stopped: 0.0000567 seconds, Stopping threads took: 0.0000198 seconds
[2022-06-16T20:03:15.206+0000][1968][safepoint    ] Application time: 0.0002312 seconds
[2022-06-16T20:03:15.206+0000][1968][safepoint    ] Entering safepoint region: RevokeBias
[2022-06-16T20:03:15.206+0000][1968][safepoint    ] Leaving safepoint region
[2022-06-16T20:03:15.206+0000][1968][safepoint    ] Total time for which application threads were stopped: 0.0000651 seconds, Stopping threads took: 0.0000224 seconds
[2022-06-16T20:03:15.206+0000][1968][safepoint    ] Application time: 0.0000311 seconds
[2022-06-16T20:03:15.206+0000][1968][safepoint    ] Entering safepoint region: RevokeBias
[2022-06-16T20:03:15.206+0000][1968][safepoint    ] Leaving safepoint region
[2022-06-16T20:03:15.206+0000][1968][safepoint    ] Total time for which application threads were stopped: 0.0000565 seconds, Stopping threads took: 0.0000200 seconds
[2022-06-16T20:03:15.207+0000][1968][safepoint    ] Application time: 0.0000273 seconds
[2022-06-16T20:03:15.207+0000][1968][safepoint    ] Entering safepoint region: RevokeBias
[2022-06-16T20:03:15.207+0000][1968][safepoint    ] Leaving safepoint region
[2022-06-16T20:03:15.207+0000][1968][safepoint    ] Total time for which application threads were stopped: 0.0000540 seconds, Stopping threads took: 0.0000187 seconds
[2022-06-16T20:03:15.207+0000][1968][safepoint    ] Application time: 0.0005065 seconds
[2022-06-16T20:03:15.207+0000][1968][safepoint    ] Entering safepoint region: RevokeBias
[2022-06-16T20:03:15.207+0000][1968][safepoint    ] Leaving safepoint region
[2022-06-16T20:03:15.207+0000][1968][safepoint    ] Total time for which application threads were stopped: 0.0002476 seconds, Stopping threads took: 0.0001873 seconds
[2022-06-16T20:03:15.208+0000][1968][safepoint    ] Application time: 0.0001680 seconds
[2022-06-16T20:03:15.208+0000][1968][safepoint    ] Entering safepoint region: RevokeBias
[2022-06-16T20:03:15.208+0000][1968][safepoint    ] Leaving safepoint region
[2022-06-16T20:03:15.208+0000][1968][safepoint    ] Total time for which application threads were stopped: 0.0001402 seconds, Stopping threads took: 0.0000845 seconds
[2022-06-16T20:03:15.208+0000][1968][safepoint    ] Application time: 0.0000276 seconds
[2022-06-16T20:03:15.208+0000][1968][safepoint    ] Entering safepoint region: RevokeBias
[2022-06-16T20:03:15.208+0000][1968][safepoint    ] Leaving safepoint region
[2022-06-16T20:03:15.208+0000][1968][safepoint    ] Total time for which application threads were stopped: 0.0000758 seconds, Stopping threads took: 0.0000202 seconds
[2022-06-16T20:03:15.208+0000][1968][safepoint    ] Application time: 0.0000322 seconds
[2022-06-16T20:03:15.208+0000][1968][safepoint    ] Entering safepoint region: RevokeBias
[2022-06-16T20:03:15.208+0000][1968][safepoint    ] Leaving safepoint region
[2022-06-16T20:03:15.208+0000][1968][safepoint    ] Total time for which application threads were stopped: 0.0000933 seconds, Stopping threads took: 0.0000179 seconds
[2022-06-16T20:03:15.208+0000][1968][safepoint    ] Application time: 0.0000498 seconds
[2022-06-16T20:03:15.208+0000][1968][safepoint    ] Entering safepoint region: RevokeBias
[2022-06-16T20:03:15.208+0000][1968][safepoint    ] Leaving safepoint region
[2022-06-16T20:03:15.208+0000][1968][safepoint    ] Total time for which application threads were stopped: 0.0000765 seconds, Stopping threads took: 0.0000172 seconds
[2022-06-16T20:03:15.208+0000][1968][safepoint    ] Application time: 0.0000174 seconds
[2022-06-16T20:03:15.208+0000][1968][safepoint    ] Entering safepoint region: RevokeBias
[2022-06-16T20:03:15.208+0000][1968][safepoint    ] Leaving safepoint region
[2022-06-16T20:03:15.208+0000][1968][safepoint    ] Total time for which application threads were stopped: 0.0001418 seconds, Stopping threads took: 0.0000471 seconds
[2022-06-16T20:03:15.208+0000][1968][safepoint    ] Application time: 0.0000854 seconds
[2022-06-16T20:03:15.209+0000][1968][safepoint    ] Entering safepoint region: RevokeBias
[2022-06-16T20:03:15.209+0000][1968][safepoint    ] Leaving safepoint region
[2022-06-16T20:03:15.209+0000][1968][safepoint    ] Total time for which application threads were stopped: 0.0000645 seconds, Stopping threads took: 0.0000329 seconds
[2022-06-16T20:03:15.209+0000][1968][safepoint    ] Application time: 0.0001001 seconds
[2022-06-16T20:03:15.209+0000][1968][safepoint    ] Entering safepoint region: RevokeBias
[2022-06-16T20:03:15.209+0000][1968][safepoint    ] Leaving safepoint region
[2022-06-16T20:03:15.209+0000][1968][safepoint    ] Total time for which application threads were stopped: 0.0001084 seconds, Stopping threads took: 0.0000671 seconds
[2022-06-16T20:03:15.209+0000][1968][safepoint    ] Application time: 0.0000678 seconds
[2022-06-16T20:03:15.209+0000][1968][safepoint    ] Entering safepoint region: RevokeBias
[2022-06-16T20:03:15.209+0000][1968][safepoint    ] Leaving safepoint region
[2022-06-16T20:03:15.209+0000][1968][safepoint    ] Total time for which application threads were stopped: 0.0000963 seconds, Stopping threads took: 0.0000591 seconds
[2022-06-16T20:03:15.209+0000][1968][safepoint    ] Application time: 0.0000272 seconds
[2022-06-16T20:03:15.209+0000][1968][safepoint    ] Entering safepoint region: RevokeBias
[2022-06-16T20:03:15.209+0000][1968][safepoint    ] Leaving safepoint region
[2022-06-16T20:03:15.209+0000][1968][safepoint    ] Total time for which application threads were stopped: 0.0000776 seconds, Stopping threads took: 0.0000376 seconds
[2022-06-16T20:03:15.209+0000][1968][safepoint    ] Application time: 0.0001149 seconds
[2022-06-16T20:03:15.209+0000][1968][safepoint    ] Entering safepoint region: RevokeBias
[2022-06-16T20:03:15.209+0000][1968][safepoint    ] Leaving safepoint region
[2022-06-16T20:03:15.209+0000][1968][safepoint    ] Total time for which application threads were stopped: 0.0001060 seconds, Stopping threads took: 0.0000616 seconds
[2022-06-16T20:03:15.209+0000][1968][safepoint    ] Application time: 0.0000305 seconds
[2022-06-16T20:03:15.209+0000][1968][safepoint    ] Entering safepoint region: RevokeBias
[2022-06-16T20:03:15.210+0000][1968][safepoint    ] Leaving safepoint region
[2022-06-16T20:03:15.210+0000][1968][safepoint    ] Total time for which application threads were stopped: 0.0000604 seconds, Stopping threads took: 0.0000196 seconds
[2022-06-16T20:03:15.210+0000][1968][safepoint    ] Application time: 0.0000250 seconds
[2022-06-16T20:03:15.210+0000][1968][safepoint    ] Entering safepoint region: RevokeBias
[2022-06-16T20:03:15.210+0000][1968][safepoint    ] Leaving safepoint region
[2022-06-16T20:03:15.210+0000][1968][safepoint    ] Total time for which application threads were stopped: 0.0000517 seconds, Stopping threads took: 0.0000211 seconds
[2022-06-16T20:03:15.210+0000][1968][safepoint    ] Application time: 0.0000227 seconds
[2022-06-16T20:03:15.210+0000][1968][safepoint    ] Entering safepoint region: RevokeBias
[2022-06-16T20:03:15.210+0000][1968][safepoint    ] Leaving safepoint region
[2022-06-16T20:03:15.210+0000][1968][safepoint    ] Total time for which application threads were stopped: 0.0000566 seconds, Stopping threads took: 0.0000272 seconds
[2022-06-16T20:03:15.210+0000][1968][safepoint    ] Application time: 0.0000218 seconds
[2022-06-16T20:03:15.210+0000][1968][safepoint    ] Entering safepoint region: RevokeBias
[2022-06-16T20:03:15.210+0000][1968][safepoint    ] Leaving safepoint region
[2022-06-16T20:03:15.210+0000][1968][safepoint    ] Total time for which application threads were stopped: 0.0000652 seconds, Stopping threads took: 0.0000206 seconds
[2022-06-16T20:03:15.210+0000][1968][safepoint    ] Application time: 0.0000495 seconds
[2022-06-16T20:03:15.210+0000][1968][safepoint    ] Entering safepoint region: RevokeBias
[2022-06-16T20:03:15.210+0000][1968][safepoint    ] Leaving safepoint region
[2022-06-16T20:03:15.210+0000][1968][safepoint    ] Total time for which application threads were stopped: 0.0000557 seconds, Stopping threads took: 0.0000163 seconds
[2022-06-16T20:03:15.210+0000][1968][safepoint    ] Application time: 0.0000221 seconds
[2022-06-16T20:03:15.210+0000][1968][safepoint    ] Entering safepoint region: RevokeBias
[2022-06-16T20:03:15.210+0000][1968][safepoint    ] Leaving safepoint region
[2022-06-16T20:03:15.210+0000][1968][safepoint    ] Total time for which application threads were stopped: 0.0000507 seconds, Stopping threads took: 0.0000157 seconds
[2022-06-16T20:03:15.210+0000][1968][safepoint    ] Application time: 0.0000144 seconds
[2022-06-16T20:03:15.210+0000][1968][safepoint    ] Entering safepoint region: RevokeBias
[2022-06-16T20:03:15.210+0000][1968][safepoint    ] Leaving safepoint region
[2022-06-16T20:03:15.210+0000][1968][safepoint    ] Total time for which application threads were stopped: 0.0000729 seconds, Stopping threads took: 0.0000247 seconds
[2022-06-16T20:03:15.210+0000][1968][safepoint    ] Application time: 0.0000404 seconds
[2022-06-16T20:03:15.210+0000][1968][safepoint    ] Entering safepoint region: RevokeBias
[2022-06-16T20:03:15.210+0000][1968][safepoint    ] Leaving safepoint region
[2022-06-16T20:03:15.210+0000][1968][safepoint    ] Total time for which application threads were stopped: 0.0000844 seconds, Stopping threads took: 0.0000235 seconds
[2022-06-16T20:03:15.210+0000][1968][safepoint    ] Application time: 0.0000195 seconds
[2022-06-16T20:03:15.210+0000][1968][safepoint    ] Entering safepoint region: RevokeBias
[2022-06-16T20:03:15.210+0000][1968][safepoint    ] Leaving safepoint region
[2022-06-16T20:03:15.210+0000][1968][safepoint    ] Total time for which application threads were stopped: 0.0000613 seconds, Stopping threads took: 0.0000165 seconds
[2022-06-16T20:03:15.211+0000][1968][safepoint    ] Application time: 0.0001444 seconds
[2022-06-16T20:03:15.211+0000][1968][safepoint    ] Entering safepoint region: RevokeBias
[2022-06-16T20:03:15.211+0000][1968][safepoint    ] Leaving safepoint region
[2022-06-16T20:03:15.211+0000][1968][safepoint    ] Total time for which application threads were stopped: 0.0000804 seconds, Stopping threads took: 0.0000341 seconds
[2022-06-16T20:03:15.211+0000][1968][safepoint    ] Application time: 0.0000394 seconds
[2022-06-16T20:03:15.211+0000][1968][safepoint    ] Entering safepoint region: RevokeBias
[2022-06-16T20:03:15.211+0000][1968][safepoint    ] Leaving safepoint region
[2022-06-16T20:03:15.211+0000][1968][safepoint    ] Total time for which application threads were stopped: 0.0000756 seconds, Stopping threads took: 0.0000427 seconds
[2022-06-16T20:03:15.211+0000][1968][safepoint    ] Application time: 0.0000145 seconds
[2022-06-16T20:03:15.211+0000][1968][safepoint    ] Entering safepoint region: RevokeBias
[2022-06-16T20:03:15.211+0000][1968][safepoint    ] Leaving safepoint region
[2022-06-16T20:03:15.211+0000][1968][safepoint    ] Total time for which application threads were stopped: 0.0000424 seconds, Stopping threads took: 0.0000109 seconds
[2022-06-16T20:03:15.211+0000][1968][safepoint    ] Application time: 0.0002154 seconds
[2022-06-16T20:03:15.211+0000][1968][safepoint    ] Entering safepoint region: RevokeBias
[2022-06-16T20:03:15.211+0000][1968][safepoint    ] Leaving safepoint region
[2022-06-16T20:03:15.211+0000][1968][safepoint    ] Total time for which application threads were stopped: 0.0000673 seconds, Stopping threads took: 0.0000344 seconds
[2022-06-16T20:03:15.211+0000][1968][safepoint    ] Application time: 0.0000538 seconds
[2022-06-16T20:03:15.211+0000][1968][safepoint    ] Entering safepoint region: RevokeBias
[2022-06-16T20:03:15.211+0000][1968][safepoint    ] Leaving safepoint region
[2022-06-16T20:03:15.211+0000][1968][safepoint    ] Total time for which application threads were stopped: 0.0000480 seconds, Stopping threads took: 0.0000177 seconds
[2022-06-16T20:03:15.212+0000][1968][safepoint    ] Application time: 0.0000626 seconds
[2022-06-16T20:03:15.212+0000][1968][safepoint    ] Entering safepoint region: RevokeBias
[2022-06-16T20:03:15.212+0000][1968][safepoint    ] Leaving safepoint region
[2022-06-16T20:03:15.212+0000][1968][safepoint    ] Total time for which application threads were stopped: 0.0001061 seconds, Stopping threads took: 0.0000735 seconds
[2022-06-16T20:03:15.212+0000][1968][safepoint    ] Application time: 0.0000274 seconds
[2022-06-16T20:03:15.212+0000][1968][safepoint    ] Entering safepoint region: RevokeBias
[2022-06-16T20:03:15.212+0000][1968][safepoint    ] Leaving safepoint region
[2022-06-16T20:03:15.212+0000][1968][safepoint    ] Total time for which application threads were stopped: 0.0000598 seconds, Stopping threads took: 0.0000309 seconds
[2022-06-16T20:03:15.212+0000][1968][safepoint    ] Application time: 0.0000134 seconds
[2022-06-16T20:03:15.212+0000][1968][safepoint    ] Entering safepoint region: RevokeBias
[2022-06-16T20:03:15.212+0000][1968][safepoint    ] Leaving safepoint region
[2022-06-16T20:03:15.212+0000][1968][safepoint    ] Total time for which application threads were stopped: 0.0000698 seconds, Stopping threads took: 0.0000324 seconds
[2022-06-16T20:03:15.212+0000][1968][safepoint    ] Application time: 0.0000540 seconds
[2022-06-16T20:03:15.212+0000][1968][safepoint    ] Entering safepoint region: RevokeBias
[2022-06-16T20:03:15.212+0000][1968][safepoint    ] Leaving safepoint region
[2022-06-16T20:03:15.212+0000][1968][safepoint    ] Total time for which application threads were stopped: 0.0000610 seconds, Stopping threads took: 0.0000269 seconds
[2022-06-16T20:03:15.212+0000][1968][safepoint    ] Application time: 0.0000243 seconds
[2022-06-16T20:03:15.212+0000][1968][safepoint    ] Entering safepoint region: RevokeBias
[2022-06-16T20:03:15.212+0000][1968][safepoint    ] Leaving safepoint region
[2022-06-16T20:03:15.212+0000][1968][safepoint    ] Total time for which application threads were stopped: 0.0000681 seconds, Stopping threads took: 0.0000374 seconds
[2022-06-16T20:03:15.212+0000][1968][safepoint    ] Application time: 0.0000166 seconds
[2022-06-16T20:03:15.212+0000][1968][safepoint    ] Entering safepoint region: RevokeBias
[2022-06-16T20:03:15.212+0000][1968][safepoint    ] Leaving safepoint region
[2022-06-16T20:03:15.212+0000][1968][safepoint    ] Total time for which application threads were stopped: 0.0000579 seconds, Stopping threads took: 0.0000246 seconds
[2022-06-16T20:03:15.212+0000][1968][safepoint    ] Application time: 0.0000253 seconds
[2022-06-16T20:03:15.212+0000][1968][safepoint    ] Entering safepoint region: RevokeBias
[2022-06-16T20:03:15.212+0000][1968][safepoint    ] Leaving safepoint region
[2022-06-16T20:03:15.212+0000][1968][safepoint    ] Total time for which application threads were stopped: 0.0000672 seconds, Stopping threads took: 0.0000394 seconds
[2022-06-16T20:03:15.212+0000][1968][safepoint    ] Application time: 0.0000299 seconds
[2022-06-16T20:03:15.212+0000][1968][safepoint    ] Entering safepoint region: RevokeBias
[2022-06-16T20:03:15.212+0000][1968][safepoint    ] Leaving safepoint region
[2022-06-16T20:03:15.213+0000][1968][safepoint    ] Total time for which application threads were stopped: 0.0000847 seconds, Stopping threads took: 0.0000440 seconds
[2022-06-16T20:03:15.213+0000][1968][safepoint    ] Application time: 0.0000457 seconds
[2022-06-16T20:03:15.213+0000][1968][safepoint    ] Entering safepoint region: RevokeBias
[2022-06-16T20:03:15.213+0000][1968][safepoint    ] Leaving safepoint region
[2022-06-16T20:03:15.213+0000][1968][safepoint    ] Total time for which application threads were stopped: 0.0000492 seconds, Stopping threads took: 0.0000233 seconds
[2022-06-16T20:03:15.213+0000][1968][safepoint    ] Application time: 0.0000171 seconds
[2022-06-16T20:03:15.213+0000][1968][safepoint    ] Entering safepoint region: RevokeBias
[2022-06-16T20:03:15.213+0000][1968][safepoint    ] Leaving safepoint region
[2022-06-16T20:03:15.213+0000][1968][safepoint    ] Total time for which application threads were stopped: 0.0000660 seconds, Stopping threads took: 0.0000305 seconds
[2022-06-16T20:03:15.213+0000][1968][safepoint    ] Application time: 0.0000429 seconds
[2022-06-16T20:03:15.213+0000][1968][safepoint    ] Entering safepoint region: RevokeBias
[2022-06-16T20:03:15.213+0000][1968][safepoint    ] Leaving safepoint region
[2022-06-16T20:03:15.213+0000][1968][safepoint    ] Total time for which application threads were stopped: 0.0000629 seconds, Stopping threads took: 0.0000300 seconds
[2022-06-16T20:03:15.213+0000][1968][safepoint    ] Application time: 0.0000361 seconds
[2022-06-16T20:03:15.213+0000][1968][safepoint    ] Entering safepoint region: RevokeBias
[2022-06-16T20:03:15.213+0000][1968][safepoint    ] Leaving safepoint region
[2022-06-16T20:03:15.213+0000][1968][safepoint    ] Total time for which application threads were stopped: 0.0000630 seconds, Stopping threads took: 0.0000267 seconds
[2022-06-16T20:03:15.213+0000][1968][safepoint    ] Application time: 0.0000298 seconds
[2022-06-16T20:03:15.213+0000][1968][safepoint    ] Entering safepoint region: RevokeBias
[2022-06-16T20:03:15.213+0000][1968][safepoint    ] Leaving safepoint region
[2022-06-16T20:03:15.213+0000][1968][safepoint    ] Total time for which application threads were stopped: 0.0000490 seconds, Stopping threads took: 0.0000203 seconds
[2022-06-16T20:03:15.213+0000][1968][safepoint    ] Application time: 0.0000321 seconds
[2022-06-16T20:03:15.213+0000][1968][safepoint    ] Entering safepoint region: RevokeBias
[2022-06-16T20:03:15.213+0000][1968][safepoint    ] Leaving safepoint region
[2022-06-16T20:03:15.213+0000][1968][safepoint    ] Total time for which application threads were stopped: 0.0000420 seconds, Stopping threads took: 0.0000121 seconds
[2022-06-16T20:03:15.213+0000][1968][safepoint    ] Application time: 0.0000305 seconds
[2022-06-16T20:03:15.213+0000][1968][safepoint    ] Entering safepoint region: BulkRevokeBias
[2022-06-16T20:03:15.214+0000][1968][safepoint    ] Leaving safepoint region
[2022-06-16T20:03:15.214+0000][1968][safepoint    ] Total time for which application threads were stopped: 0.0002477 seconds, Stopping threads took: 0.0000194 seconds
[2022-06-16T20:03:15.214+0000][1968][safepoint    ] Application time: 0.0003171 seconds
[2022-06-16T20:03:15.214+0000][1968][safepoint    ] Entering safepoint region: RevokeBias
[2022-06-16T20:03:15.214+0000][1968][safepoint    ] Leaving safepoint region
[2022-06-16T20:03:15.214+0000][1968][safepoint    ] Total time for which application threads were stopped: 0.0000659 seconds, Stopping threads took: 0.0000191 seconds
[2022-06-16T20:03:15.214+0000][1968][safepoint    ] Application time: 0.0000525 seconds
[2022-06-16T20:03:15.214+0000][1968][safepoint    ] Entering safepoint region: RevokeBias
[2022-06-16T20:03:15.214+0000][1968][safepoint    ] Leaving safepoint region
[2022-06-16T20:03:15.214+0000][1968][safepoint    ] Total time for which application threads were stopped: 0.0000660 seconds, Stopping threads took: 0.0000264 seconds
[2022-06-16T20:03:15.214+0000][1968][safepoint    ] Application time: 0.0000797 seconds
[2022-06-16T20:03:15.214+0000][1968][safepoint    ] Entering safepoint region: RevokeBias
[2022-06-16T20:03:15.214+0000][1968][safepoint    ] Leaving safepoint region
[2022-06-16T20:03:15.214+0000][1968][safepoint    ] Total time for which application threads were stopped: 0.0000691 seconds, Stopping threads took: 0.0000384 seconds
[2022-06-16T20:03:15.214+0000][1968][safepoint    ] Application time: 0.0000541 seconds
[2022-06-16T20:03:15.214+0000][1968][safepoint    ] Entering safepoint region: RevokeBias
[2022-06-16T20:03:15.214+0000][1968][safepoint    ] Leaving safepoint region
[2022-06-16T20:03:15.214+0000][1968][safepoint    ] Total time for which application threads were stopped: 0.0000579 seconds, Stopping threads took: 0.0000219 seconds
[2022-06-16T20:03:15.216+0000][1968][safepoint    ] Application time: 0.0017316 seconds
[2022-06-16T20:03:15.216+0000][1968][safepoint    ] Entering safepoint region: BulkRevokeBias
[2022-06-16T20:03:15.216+0000][1968][safepoint    ] Leaving safepoint region
[2022-06-16T20:03:15.216+0000][1968][safepoint    ] Total time for which application threads were stopped: 0.0002180 seconds, Stopping threads took: 0.0000308 seconds
[2022-06-16T20:03:15.217+0000][1968][safepoint    ] Application time: 0.0002716 seconds
[2022-06-16T20:03:15.217+0000][1968][safepoint    ] Entering safepoint region: RevokeBias
[2022-06-16T20:03:15.217+0000][1968][safepoint    ] Leaving safepoint region
[2022-06-16T20:03:15.217+0000][1968][safepoint    ] Total time for which application threads were stopped: 0.0000666 seconds, Stopping threads took: 0.0000233 seconds
[2022-06-16T20:03:15.217+0000][1968][safepoint    ] Application time: 0.0000266 seconds
[2022-06-16T20:03:15.217+0000][1968][safepoint    ] Entering safepoint region: RevokeBias
[2022-06-16T20:03:15.217+0000][1968][safepoint    ] Leaving safepoint region
[2022-06-16T20:03:15.217+0000][1968][safepoint    ] Total time for which application threads were stopped: 0.0001133 seconds, Stopping threads took: 0.0000769 seconds
[2022-06-16T20:03:15.217+0000][1968][safepoint    ] Application time: 0.0000749 seconds
[2022-06-16T20:03:15.217+0000][1968][safepoint    ] Entering safepoint region: RevokeBias
[2022-06-16T20:03:15.217+0000][1968][safepoint    ] Leaving safepoint region
[2022-06-16T20:03:15.217+0000][1968][safepoint    ] Total time for which application threads were stopped: 0.0002301 seconds, Stopping threads took: 0.0001946 seconds
[2022-06-16T20:03:15.217+0000][1968][safepoint    ] Application time: 0.0001247 seconds
[2022-06-16T20:03:15.217+0000][1968][safepoint    ] Entering safepoint region: RevokeBias
[2022-06-16T20:03:15.218+0000][1968][safepoint    ] Leaving safepoint region
[2022-06-16T20:03:15.218+0000][1968][safepoint    ] Total time for which application threads were stopped: 0.0001121 seconds, Stopping threads took: 0.0000623 seconds
[2022-06-16T20:03:15.218+0000][1968][safepoint    ] Application time: 0.0000575 seconds
[2022-06-16T20:03:15.218+0000][1968][safepoint    ] Entering safepoint region: RevokeBias
[2022-06-16T20:03:15.218+0000][1968][safepoint    ] Leaving safepoint region
[2022-06-16T20:03:15.218+0000][1968][safepoint    ] Total time for which application threads were stopped: 0.0000773 seconds, Stopping threads took: 0.0000318 seconds
[2022-06-16T20:03:15.218+0000][1968][safepoint    ] Application time: 0.0001002 seconds
[2022-06-16T20:03:15.218+0000][1968][safepoint    ] Entering safepoint region: RevokeBias
[2022-06-16T20:03:15.218+0000][1968][safepoint    ] Leaving safepoint region
[2022-06-16T20:03:15.218+0000][1968][safepoint    ] Total time for which application threads were stopped: 0.0000591 seconds, Stopping threads took: 0.0000179 seconds
[2022-06-16T20:03:15.218+0000][1968][safepoint    ] Application time: 0.0001326 seconds
[2022-06-16T20:03:15.218+0000][1968][safepoint    ] Entering safepoint region: RevokeBias
[2022-06-16T20:03:15.218+0000][1968][safepoint    ] Leaving safepoint region
[2022-06-16T20:03:15.218+0000][1968][safepoint    ] Total time for which application threads were stopped: 0.0000585 seconds, Stopping threads took: 0.0000205 seconds
[2022-06-16T20:03:15.218+0000][1968][safepoint    ] Application time: 0.0000533 seconds
[2022-06-16T20:03:15.218+0000][1968][safepoint    ] Entering safepoint region: RevokeBias
[2022-06-16T20:03:15.218+0000][1968][safepoint    ] Leaving safepoint region
[2022-06-16T20:03:15.218+0000][1968][safepoint    ] Total time for which application threads were stopped: 0.0000596 seconds, Stopping threads took: 0.0000207 seconds
[2022-06-16T20:03:15.219+0000][1968][safepoint    ] Application time: 0.0010121 seconds
[2022-06-16T20:03:15.219+0000][1968][safepoint    ] Entering safepoint region: RevokeBias
[2022-06-16T20:03:15.219+0000][1968][safepoint    ] Leaving safepoint region
[2022-06-16T20:03:15.220+0000][1968][safepoint    ] Total time for which application threads were stopped: 0.0000851 seconds, Stopping threads took: 0.0000246 seconds
[2022-06-16T20:03:15.220+0000][1968][safepoint    ] Application time: 0.0002932 seconds
[2022-06-16T20:03:15.220+0000][1968][safepoint    ] Entering safepoint region: RevokeBias
[2022-06-16T20:03:15.220+0000][1968][safepoint    ] Leaving safepoint region
[2022-06-16T20:03:15.220+0000][1968][safepoint    ] Total time for which application threads were stopped: 0.0001004 seconds, Stopping threads took: 0.0000228 seconds
[2022-06-16T20:03:15.220+0000][1968][safepoint    ] Application time: 0.0000699 seconds
[2022-06-16T20:03:15.220+0000][1968][safepoint    ] Entering safepoint region: RevokeBias
[2022-06-16T20:03:15.220+0000][1968][safepoint    ] Leaving safepoint region
[2022-06-16T20:03:15.220+0000][1968][safepoint    ] Total time for which application threads were stopped: 0.0001018 seconds, Stopping threads took: 0.0000179 seconds
[2022-06-16T20:03:15.228+0000][1968][safepoint    ] Application time: 0.0076235 seconds
[2022-06-16T20:03:15.228+0000][1968][safepoint    ] Entering safepoint region: RevokeBias
[2022-06-16T20:03:15.228+0000][1968][safepoint    ] Leaving safepoint region
[2022-06-16T20:03:15.228+0000][1968][safepoint    ] Total time for which application threads were stopped: 0.0000795 seconds, Stopping threads took: 0.0000262 seconds
[2022-06-16T20:03:15.228+0000][1968][safepoint    ] Application time: 0.0001186 seconds
[2022-06-16T20:03:15.228+0000][1968][safepoint    ] Entering safepoint region: RevokeBias
[2022-06-16T20:03:15.228+0000][1968][safepoint    ] Leaving safepoint region
[2022-06-16T20:03:15.228+0000][1968][safepoint    ] Total time for which application threads were stopped: 0.0000649 seconds, Stopping threads took: 0.0000220 seconds
[2022-06-16T20:03:15.228+0000][1968][safepoint    ] Application time: 0.0000683 seconds
[2022-06-16T20:03:15.228+0000][1968][safepoint    ] Entering safepoint region: RevokeBias
[2022-06-16T20:03:15.228+0000][1968][safepoint    ] Leaving safepoint region
[2022-06-16T20:03:15.228+0000][1968][safepoint    ] Total time for which application threads were stopped: 0.0000567 seconds, Stopping threads took: 0.0000201 seconds
[2022-06-16T20:03:15.229+0000][1968][safepoint    ] Application time: 0.0004474 seconds
[2022-06-16T20:03:15.229+0000][1968][safepoint    ] Entering safepoint region: RevokeBias
[2022-06-16T20:03:15.229+0000][1968][safepoint    ] Leaving safepoint region
[2022-06-16T20:03:15.229+0000][1968][safepoint    ] Total time for which application threads were stopped: 0.0000699 seconds, Stopping threads took: 0.0000237 seconds
[2022-06-16T20:03:15.229+0000][1968][safepoint    ] Application time: 0.0005520 seconds
[2022-06-16T20:03:15.229+0000][1968][safepoint    ] Entering safepoint region: RevokeBias
[2022-06-16T20:03:15.230+0000][1968][safepoint    ] Leaving safepoint region
[2022-06-16T20:03:15.230+0000][1968][safepoint    ] Total time for which application threads were stopped: 0.0000716 seconds, Stopping threads took: 0.0000238 seconds
[2022-06-16T20:03:15.230+0000][1968][safepoint    ] Application time: 0.0003047 seconds
[2022-06-16T20:03:15.230+0000][1968][safepoint    ] Entering safepoint region: RevokeBias
[2022-06-16T20:03:15.230+0000][1968][safepoint    ] Leaving safepoint region
[2022-06-16T20:03:15.230+0000][1968][safepoint    ] Total time for which application threads were stopped: 0.0000714 seconds, Stopping threads took: 0.0000225 seconds
[2022-06-16T20:03:15.235+0000][1968][safepoint    ] Application time: 0.0053158 seconds
[2022-06-16T20:03:15.235+0000][1968][safepoint    ] Entering safepoint region: RevokeBias
[2022-06-16T20:03:15.235+0000][1968][safepoint    ] Leaving safepoint region
[2022-06-16T20:03:15.235+0000][1968][safepoint    ] Total time for which application threads were stopped: 0.0000704 seconds, Stopping threads took: 0.0000242 seconds
[2022-06-16T20:03:15.236+0000][1968][safepoint    ] Application time: 0.0002164 seconds
[2022-06-16T20:03:15.236+0000][1968][safepoint    ] Entering safepoint region: RevokeBias
[2022-06-16T20:03:15.236+0000][1968][safepoint    ] Leaving safepoint region
[2022-06-16T20:03:15.236+0000][1968][safepoint    ] Total time for which application threads were stopped: 0.0000636 seconds, Stopping threads took: 0.0000224 seconds
