[2022-06-16T20:34:03.068+0000][3704][gc] Using Concurrent Mark Sweep
[2022-06-16T20:34:03.068+0000][3704][gc,heap,coops] Heap address: 0x00000000c0000000, size: 1024 MB, Compressed Oops mode: 32-bit
[2022-06-16T20:34:03.194+0000][3704][safepoint    ] Entering safepoint region: EnableBiasedLocking
[2022-06-16T20:34:03.194+0000][3704][safepoint    ] Leaving safepoint region
[2022-06-16T20:34:03.194+0000][3704][safepoint    ] Total time for which application threads were stopped: 0.0002175 seconds, Stopping threads took: 0.0001140 seconds
[2022-06-16T20:34:03.350+0000][3704][safepoint    ] Application time: 0.1497381 seconds
[2022-06-16T20:34:03.350+0000][3704][safepoint    ] Entering safepoint region: RevokeBias
[2022-06-16T20:34:03.350+0000][3704][safepoint    ] Leaving safepoint region
[2022-06-16T20:34:03.350+0000][3704][safepoint    ] Total time for which application threads were stopped: 0.0004705 seconds, Stopping threads took: 0.0000439 seconds
[2022-06-16T20:34:03.397+0000][3704][safepoint    ] Application time: 0.0459217 seconds
[2022-06-16T20:34:03.397+0000][3704][safepoint    ] Entering safepoint region: Deoptimize
[2022-06-16T20:34:03.397+0000][3704][safepoint    ] Leaving safepoint region
[2022-06-16T20:34:03.397+0000][3704][safepoint    ] Total time for which application threads were stopped: 0.0001198 seconds, Stopping threads took: 0.0000206 seconds
[2022-06-16T20:34:03.397+0000][3704][safepoint    ] Application time: 0.0003817 seconds
[2022-06-16T20:34:03.397+0000][3704][safepoint    ] Entering safepoint region: Deoptimize
[2022-06-16T20:34:03.397+0000][3704][safepoint    ] Leaving safepoint region
[2022-06-16T20:34:03.397+0000][3704][safepoint    ] Total time for which application threads were stopped: 0.0000770 seconds, Stopping threads took: 0.0000180 seconds
[2022-06-16T20:34:03.397+0000][3704][safepoint    ] Application time: 0.0047335 seconds
[2022-06-16T20:34:03.397+0000][3704][safepoint    ] Entering safepoint region: Deoptimize
[2022-06-16T20:34:03.397+0000][3704][safepoint    ] Leaving safepoint region
[2022-06-16T20:34:03.397+0000][3704][safepoint    ] Total time for which application threads were stopped: 0.0000780 seconds, Stopping threads took: 0.0000191 seconds
[2022-06-16T20:34:03.897+0000][3704][safepoint    ] Application time: 0.4884435 seconds
[2022-06-16T20:34:03.897+0000][3704][safepoint    ] Entering safepoint region: Deoptimize
[2022-06-16T20:34:03.897+0000][3704][safepoint    ] Leaving safepoint region
[2022-06-16T20:34:03.897+0000][3704][safepoint    ] Total time for which application threads were stopped: 0.0002188 seconds, Stopping threads took: 0.0000202 seconds
[2022-06-16T20:34:03.897+0000][3704][safepoint    ] Application time: 0.0007832 seconds
[2022-06-16T20:34:03.897+0000][3704][safepoint    ] Entering safepoint region: Deoptimize
[2022-06-16T20:34:03.897+0000][3704][safepoint    ] Leaving safepoint region
[2022-06-16T20:34:03.897+0000][3704][safepoint    ] Total time for which application threads were stopped: 0.0001319 seconds, Stopping threads took: 0.0000188 seconds
[2022-06-16T20:34:03.912+0000][3704][safepoint    ] Application time: 0.0215774 seconds
[2022-06-16T20:34:03.912+0000][3704][safepoint    ] Entering safepoint region: Deoptimize
[2022-06-16T20:34:03.912+0000][3704][safepoint    ] Leaving safepoint region
[2022-06-16T20:34:03.912+0000][3704][safepoint    ] Total time for which application threads were stopped: 0.0001336 seconds, Stopping threads took: 0.0000177 seconds
[2022-06-16T20:34:03.928+0000][3704][safepoint    ] Application time: 0.0179272 seconds
[2022-06-16T20:34:03.928+0000][3704][safepoint    ] Entering safepoint region: Deoptimize
[2022-06-16T20:34:03.928+0000][3704][safepoint    ] Leaving safepoint region
[2022-06-16T20:34:03.928+0000][3704][safepoint    ] Total time for which application threads were stopped: 0.0001502 seconds, Stopping threads took: 0.0000238 seconds
[2022-06-16T20:34:04.053+0000][3704][safepoint    ] Application time: 0.1221820 seconds
[2022-06-16T20:34:04.053+0000][3704][safepoint    ] Entering safepoint region: Deoptimize
[2022-06-16T20:34:04.053+0000][3704][safepoint    ] Leaving safepoint region
[2022-06-16T20:34:04.053+0000][3704][safepoint    ] Total time for which application threads were stopped: 0.0002721 seconds, Stopping threads took: 0.0001143 seconds
[2022-06-16T20:34:04.100+0000][3704][safepoint    ] Application time: 0.0538820 seconds
[2022-06-16T20:34:04.100+0000][3704][safepoint    ] Entering safepoint region: Deoptimize
[2022-06-16T20:34:04.100+0000][3704][safepoint    ] Leaving safepoint region
[2022-06-16T20:34:04.100+0000][3704][safepoint    ] Total time for which application threads were stopped: 0.0001908 seconds, Stopping threads took: 0.0000241 seconds
[2022-06-16T20:34:04.483+0000][3704][safepoint    ] Application time: 0.3686710 seconds
[2022-06-16T20:34:04.483+0000][3704][safepoint    ] Entering safepoint region: RevokeBias
[2022-06-16T20:34:04.483+0000][3704][safepoint    ] Leaving safepoint region
[2022-06-16T20:34:04.483+0000][3704][safepoint    ] Total time for which application threads were stopped: 0.0001433 seconds, Stopping threads took: 0.0000198 seconds
[2022-06-16T20:34:04.516+0000][3704][safepoint    ] Application time: 0.0395278 seconds
[2022-06-16T20:34:04.516+0000][3704][safepoint    ] Entering safepoint region: RevokeBias
[2022-06-16T20:34:04.516+0000][3704][safepoint    ] Leaving safepoint region
[2022-06-16T20:34:04.516+0000][3704][safepoint    ] Total time for which application threads were stopped: 0.0001067 seconds, Stopping threads took: 0.0000394 seconds
[2022-06-16T20:34:04.844+0000][3704][safepoint    ] Application time: 0.3252122 seconds
[2022-06-16T20:34:04.844+0000][3704][safepoint    ] Entering safepoint region: Deoptimize
[2022-06-16T20:34:04.844+0000][3704][safepoint    ] Leaving safepoint region
[2022-06-16T20:34:04.844+0000][3704][safepoint    ] Total time for which application threads were stopped: 0.0003328 seconds, Stopping threads took: 0.0000207 seconds
[2022-06-16T20:34:05.829+0000][3704][safepoint    ] Application time: 0.9947916 seconds
[2022-06-16T20:34:05.829+0000][3704][safepoint    ] Entering safepoint region: Deoptimize
[2022-06-16T20:34:05.829+0000][3704][safepoint    ] Leaving safepoint region
[2022-06-16T20:34:05.829+0000][3704][safepoint    ] Total time for which application threads were stopped: 0.0003161 seconds, Stopping threads took: 0.0000238 seconds
[2022-06-16T20:34:05.907+0000][3704][safepoint    ] Application time: 0.0738189 seconds
[2022-06-16T20:34:05.907+0000][3704][safepoint    ] Entering safepoint region: CollectForMetadataAllocation
[2022-06-16T20:34:05.907+0000][3704][safepoint    ] Leaving safepoint region
[2022-06-16T20:34:05.907+0000][3704][safepoint    ] Total time for which application threads were stopped: 0.0001914 seconds, Stopping threads took: 0.0000265 seconds
[2022-06-16T20:34:05.954+0000][3704][safepoint    ] Application time: 0.0414325 seconds
[2022-06-16T20:34:05.954+0000][3704][safepoint    ] Entering safepoint region: CollectForMetadataAllocation
[2022-06-16T20:34:05.954+0000][3704][safepoint    ] Leaving safepoint region
[2022-06-16T20:34:05.954+0000][3704][safepoint    ] Total time for which application threads were stopped: 0.0001638 seconds, Stopping threads took: 0.0000207 seconds
[2022-06-16T20:34:05.986+0000][3704][safepoint    ] Application time: 0.0262532 seconds
[2022-06-16T20:34:05.986+0000][3704][safepoint    ] Entering safepoint region: CollectForMetadataAllocation
[2022-06-16T20:34:05.986+0000][3704][safepoint    ] Leaving safepoint region
[2022-06-16T20:34:05.986+0000][3704][safepoint    ] Total time for which application threads were stopped: 0.0001657 seconds, Stopping threads took: 0.0000210 seconds
[2022-06-16T20:34:05.986+0000][3704][safepoint    ] Application time: 0.0065720 seconds
[2022-06-16T20:34:05.986+0000][3704][safepoint    ] Entering safepoint region: CollectForMetadataAllocation
[2022-06-16T20:34:05.986+0000][3704][safepoint    ] Leaving safepoint region
[2022-06-16T20:34:05.986+0000][3704][safepoint    ] Total time for which application threads were stopped: 0.0001566 seconds, Stopping threads took: 0.0000249 seconds
[2022-06-16T20:34:06.095+0000][3704][safepoint    ] Application time: 0.1134651 seconds
[2022-06-16T20:34:06.095+0000][3704][safepoint    ] Entering safepoint region: CollectForMetadataAllocation
[2022-06-16T20:34:06.095+0000][3704][safepoint    ] Leaving safepoint region
[2022-06-16T20:34:06.095+0000][3704][safepoint    ] Total time for which application threads were stopped: 0.0001821 seconds, Stopping threads took: 0.0000257 seconds
[2022-06-16T20:34:06.111+0000][3704][safepoint    ] Application time: 0.0074553 seconds
[2022-06-16T20:34:06.111+0000][3704][safepoint    ] Entering safepoint region: RevokeBias
[2022-06-16T20:34:06.111+0000][3704][safepoint    ] Leaving safepoint region
[2022-06-16T20:34:06.111+0000][3704][safepoint    ] Total time for which application threads were stopped: 0.0002098 seconds, Stopping threads took: 0.0001468 seconds
[2022-06-16T20:34:06.486+0000][3704][safepoint    ] Application time: 0.3805758 seconds
[2022-06-16T20:34:06.486+0000][3704][safepoint    ] Entering safepoint region: CollectForMetadataAllocation
[2022-06-16T20:34:06.486+0000][3704][safepoint    ] Leaving safepoint region
[2022-06-16T20:34:06.486+0000][3704][safepoint    ] Total time for which application threads were stopped: 0.0001528 seconds, Stopping threads took: 0.0000249 seconds
[2022-06-16T20:34:07.157+0000][3704][safepoint    ] Application time: 0.6739174 seconds
[2022-06-16T20:34:07.157+0000][3704][safepoint    ] Entering safepoint region: CMS_Initial_Mark
[2022-06-16T20:34:07.157+0000][3704][gc,start     ] GC(0) Pause Initial Mark
[2022-06-16T20:34:07.189+0000][3704][gc           ] GC(0) Pause Initial Mark 82M->82M(1007M) 30.606ms
[2022-06-16T20:34:07.189+0000][3704][gc,cpu       ] GC(0) User=0.03s Sys=0.00s Real=0.03s
[2022-06-16T20:34:07.189+0000][3704][safepoint    ] Leaving safepoint region
[2022-06-16T20:34:07.189+0000][3704][safepoint    ] Total time for which application threads were stopped: 0.0308393 seconds, Stopping threads took: 0.0000444 seconds
[2022-06-16T20:34:07.189+0000][3704][gc           ] GC(0) Concurrent Mark
[2022-06-16T20:34:07.189+0000][3704][gc           ] GC(0) Concurrent Mark 3.407ms
[2022-06-16T20:34:07.189+0000][3704][gc,cpu       ] GC(0) User=0.00s Sys=0.00s Real=0.00s
[2022-06-16T20:34:07.189+0000][3704][gc           ] GC(0) Concurrent Preclean
[2022-06-16T20:34:07.204+0000][3704][gc           ] GC(0) Concurrent Preclean 1.974ms
[2022-06-16T20:34:07.204+0000][3704][gc,cpu       ] GC(0) User=0.03s Sys=0.00s Real=0.02s
[2022-06-16T20:34:07.204+0000][3704][gc           ] GC(0) Concurrent Abortable Preclean
[2022-06-16T20:34:07.329+0000][3704][safepoint    ] Application time: 0.1314776 seconds
[2022-06-16T20:34:07.329+0000][3704][safepoint    ] Entering safepoint region: CollectForMetadataAllocation
[2022-06-16T20:34:07.329+0000][3704][safepoint    ] Leaving safepoint region
[2022-06-16T20:34:07.329+0000][3704][safepoint    ] Total time for which application threads were stopped: 0.0001836 seconds, Stopping threads took: 0.0000257 seconds
[2022-06-16T20:34:08.017+0000][3704][safepoint    ] Application time: 0.6861158 seconds
[2022-06-16T20:34:08.017+0000][3704][safepoint    ] Entering safepoint region: CollectForMetadataAllocation
[2022-06-16T20:34:08.017+0000][3704][safepoint    ] Leaving safepoint region
[2022-06-16T20:34:08.017+0000][3704][safepoint    ] Total time for which application threads were stopped: 0.0002287 seconds, Stopping threads took: 0.0000244 seconds
[2022-06-16T20:34:08.689+0000][3704][safepoint    ] Application time: 0.6756620 seconds
[2022-06-16T20:34:08.689+0000][3704][safepoint    ] Entering safepoint region: GenCollectForAllocation
[2022-06-16T20:34:08.689+0000][3704][gc,start     ] GC(1) Pause Young (Allocation Failure)
[2022-06-16T20:34:08.689+0000][3704][gc,task      ] GC(1) Using 2 workers of 2 for evacuation
[2022-06-16T20:34:08.704+0000][3704][gc,age       ] GC(1) Desired survivor size 8716288 bytes, new threshold 6 (max threshold 6)
[2022-06-16T20:34:08.704+0000][3704][gc,age       ] GC(1) Age table with threshold 6 (max threshold 6)
[2022-06-16T20:34:08.704+0000][3704][gc,age       ] GC(1) - age   1:    8396080 bytes,    8396080 total
[2022-06-16T20:34:08.704+0000][3704][gc,heap      ] GC(1) ParNew: 136320K->8259K(153344K)
[2022-06-16T20:34:08.704+0000][3704][gc,heap      ] GC(1) CMS: 0K->0K(878208K)
[2022-06-16T20:34:08.704+0000][3704][gc,metaspace ] GC(1) Metaspace: 23167K->23167K(1071104K)
[2022-06-16T20:34:08.704+0000][3704][gc           ] GC(1) Pause Young (Allocation Failure) 133M->8M(1007M) 19.186ms
[2022-06-16T20:34:08.704+0000][3704][gc,cpu       ] GC(1) User=0.03s Sys=0.00s Real=0.02s
[2022-06-16T20:34:08.704+0000][3704][safepoint    ] Leaving safepoint region
[2022-06-16T20:34:08.704+0000][3704][safepoint    ] Total time for which application threads were stopped: 0.0194258 seconds, Stopping threads took: 0.0000286 seconds
[2022-06-16T20:34:08.704+0000][3704][safepoint    ] Application time: 0.0018073 seconds
[2022-06-16T20:34:08.704+0000][3704][safepoint    ] Entering safepoint region: RevokeBias
[2022-06-16T20:34:08.704+0000][3704][safepoint    ] Leaving safepoint region
[2022-06-16T20:34:08.704+0000][3704][safepoint    ] Total time for which application threads were stopped: 0.0001064 seconds, Stopping threads took: 0.0000332 seconds
[2022-06-16T20:34:08.704+0000][3704][safepoint    ] Application time: 0.0000786 seconds
[2022-06-16T20:34:08.704+0000][3704][safepoint    ] Entering safepoint region: RevokeBias
[2022-06-16T20:34:08.704+0000][3704][safepoint    ] Leaving safepoint region
[2022-06-16T20:34:08.704+0000][3704][safepoint    ] Total time for which application threads were stopped: 0.0000926 seconds, Stopping threads took: 0.0000158 seconds
[2022-06-16T20:34:08.704+0000][3704][safepoint    ] Application time: 0.0000806 seconds
[2022-06-16T20:34:08.704+0000][3704][safepoint    ] Entering safepoint region: RevokeBias
[2022-06-16T20:34:08.704+0000][3704][safepoint    ] Leaving safepoint region
[2022-06-16T20:34:08.704+0000][3704][safepoint    ] Total time for which application threads were stopped: 0.0001266 seconds, Stopping threads took: 0.0000482 seconds
[2022-06-16T20:34:08.704+0000][3704][safepoint    ] Application time: 0.0000177 seconds
[2022-06-16T20:34:08.704+0000][3704][safepoint    ] Entering safepoint region: RevokeBias
[2022-06-16T20:34:08.704+0000][3704][safepoint    ] Leaving safepoint region
[2022-06-16T20:34:08.704+0000][3704][safepoint    ] Total time for which application threads were stopped: 0.0001166 seconds, Stopping threads took: 0.0000403 seconds
[2022-06-16T20:34:08.704+0000][3704][safepoint    ] Application time: 0.0000260 seconds
[2022-06-16T20:34:08.704+0000][3704][safepoint    ] Entering safepoint region: RevokeBias
[2022-06-16T20:34:08.704+0000][3704][safepoint    ] Leaving safepoint region
[2022-06-16T20:34:08.704+0000][3704][safepoint    ] Total time for which application threads were stopped: 0.0000833 seconds, Stopping threads took: 0.0000156 seconds
[2022-06-16T20:34:08.704+0000][3704][safepoint    ] Application time: 0.0000139 seconds
[2022-06-16T20:34:08.704+0000][3704][safepoint    ] Entering safepoint region: RevokeBias
[2022-06-16T20:34:08.704+0000][3704][safepoint    ] Leaving safepoint region
[2022-06-16T20:34:08.704+0000][3704][safepoint    ] Total time for which application threads were stopped: 0.0000839 seconds, Stopping threads took: 0.0000156 seconds
[2022-06-16T20:34:08.704+0000][3704][safepoint    ] Application time: 0.0000169 seconds
[2022-06-16T20:34:08.704+0000][3704][safepoint    ] Entering safepoint region: RevokeBias
[2022-06-16T20:34:08.704+0000][3704][safepoint    ] Leaving safepoint region
[2022-06-16T20:34:08.704+0000][3704][safepoint    ] Total time for which application threads were stopped: 0.0000820 seconds, Stopping threads took: 0.0000149 seconds
[2022-06-16T20:34:08.704+0000][3704][safepoint    ] Application time: 0.0000116 seconds
[2022-06-16T20:34:08.704+0000][3704][safepoint    ] Entering safepoint region: RevokeBias
[2022-06-16T20:34:08.704+0000][3704][safepoint    ] Leaving safepoint region
[2022-06-16T20:34:08.704+0000][3704][safepoint    ] Total time for which application threads were stopped: 0.0001767 seconds, Stopping threads took: 0.0000960 seconds
[2022-06-16T20:34:08.704+0000][3704][safepoint    ] Application time: 0.0000275 seconds
[2022-06-16T20:34:08.704+0000][3704][safepoint    ] Entering safepoint region: RevokeBias
[2022-06-16T20:34:08.704+0000][3704][safepoint    ] Leaving safepoint region
[2022-06-16T20:34:08.704+0000][3704][safepoint    ] Total time for which application threads were stopped: 0.0000873 seconds, Stopping threads took: 0.0000157 seconds
[2022-06-16T20:34:08.704+0000][3704][safepoint    ] Application time: 0.0000131 seconds
[2022-06-16T20:34:08.704+0000][3704][safepoint    ] Entering safepoint region: RevokeBias
[2022-06-16T20:34:08.704+0000][3704][safepoint    ] Leaving safepoint region
[2022-06-16T20:34:08.704+0000][3704][safepoint    ] Total time for which application threads were stopped: 0.0000828 seconds, Stopping threads took: 0.0000159 seconds
[2022-06-16T20:34:08.704+0000][3704][safepoint    ] Application time: 0.0000226 seconds
[2022-06-16T20:34:08.704+0000][3704][safepoint    ] Entering safepoint region: RevokeBias
[2022-06-16T20:34:08.704+0000][3704][safepoint    ] Leaving safepoint region
[2022-06-16T20:34:08.704+0000][3704][safepoint    ] Total time for which application threads were stopped: 0.0001126 seconds, Stopping threads took: 0.0000379 seconds
[2022-06-16T20:34:08.704+0000][3704][safepoint    ] Application time: 0.0000144 seconds
[2022-06-16T20:34:08.704+0000][3704][safepoint    ] Entering safepoint region: RevokeBias
[2022-06-16T20:34:08.704+0000][3704][safepoint    ] Leaving safepoint region
[2022-06-16T20:34:08.704+0000][3704][safepoint    ] Total time for which application threads were stopped: 0.0000832 seconds, Stopping threads took: 0.0000145 seconds
[2022-06-16T20:34:08.704+0000][3704][safepoint    ] Application time: 0.0000237 seconds
[2022-06-16T20:34:08.704+0000][3704][safepoint    ] Entering safepoint region: RevokeBias
[2022-06-16T20:34:08.704+0000][3704][safepoint    ] Leaving safepoint region
[2022-06-16T20:34:08.704+0000][3704][safepoint    ] Total time for which application threads were stopped: 0.0001145 seconds, Stopping threads took: 0.0000416 seconds
[2022-06-16T20:34:08.704+0000][3704][safepoint    ] Application time: 0.0000163 seconds
[2022-06-16T20:34:08.704+0000][3704][safepoint    ] Entering safepoint region: RevokeBias
[2022-06-16T20:34:08.704+0000][3704][safepoint    ] Leaving safepoint region
[2022-06-16T20:34:08.704+0000][3704][safepoint    ] Total time for which application threads were stopped: 0.0000866 seconds, Stopping threads took: 0.0000156 seconds
[2022-06-16T20:34:08.704+0000][3704][safepoint    ] Application time: 0.0000228 seconds
[2022-06-16T20:34:08.704+0000][3704][safepoint    ] Entering safepoint region: RevokeBias
[2022-06-16T20:34:08.704+0000][3704][safepoint    ] Leaving safepoint region
[2022-06-16T20:34:08.704+0000][3704][safepoint    ] Total time for which application threads were stopped: 0.0000815 seconds, Stopping threads took: 0.0000149 seconds
[2022-06-16T20:34:08.704+0000][3704][safepoint    ] Application time: 0.0000131 seconds
[2022-06-16T20:34:08.704+0000][3704][safepoint    ] Entering safepoint region: RevokeBias
[2022-06-16T20:34:08.704+0000][3704][safepoint    ] Leaving safepoint region
[2022-06-16T20:34:08.704+0000][3704][safepoint    ] Total time for which application threads were stopped: 0.0000773 seconds, Stopping threads took: 0.0000155 seconds
[2022-06-16T20:34:08.704+0000][3704][safepoint    ] Application time: 0.0000223 seconds
[2022-06-16T20:34:08.704+0000][3704][safepoint    ] Entering safepoint region: RevokeBias
[2022-06-16T20:34:08.704+0000][3704][safepoint    ] Leaving safepoint region
[2022-06-16T20:34:08.704+0000][3704][safepoint    ] Total time for which application threads were stopped: 0.0000782 seconds, Stopping threads took: 0.0000149 seconds
[2022-06-16T20:34:08.704+0000][3704][safepoint    ] Application time: 0.0000116 seconds
[2022-06-16T20:34:08.704+0000][3704][safepoint    ] Entering safepoint region: RevokeBias
[2022-06-16T20:34:08.704+0000][3704][safepoint    ] Leaving safepoint region
[2022-06-16T20:34:08.704+0000][3704][safepoint    ] Total time for which application threads were stopped: 0.0000804 seconds, Stopping threads took: 0.0000172 seconds
[2022-06-16T20:34:08.704+0000][3704][safepoint    ] Application time: 0.0000276 seconds
[2022-06-16T20:34:08.704+0000][3704][safepoint    ] Entering safepoint region: RevokeBias
[2022-06-16T20:34:08.704+0000][3704][safepoint    ] Leaving safepoint region
[2022-06-16T20:34:08.704+0000][3704][safepoint    ] Total time for which application threads were stopped: 0.0000759 seconds, Stopping threads took: 0.0000151 seconds
[2022-06-16T20:34:08.704+0000][3704][safepoint    ] Application time: 0.0000121 seconds
[2022-06-16T20:34:08.704+0000][3704][safepoint    ] Entering safepoint region: RevokeBias
[2022-06-16T20:34:08.704+0000][3704][safepoint    ] Leaving safepoint region
[2022-06-16T20:34:08.704+0000][3704][safepoint    ] Total time for which application threads were stopped: 0.0000764 seconds, Stopping threads took: 0.0000147 seconds
[2022-06-16T20:34:08.704+0000][3704][safepoint    ] Application time: 0.0000263 seconds
[2022-06-16T20:34:08.704+0000][3704][safepoint    ] Entering safepoint region: RevokeBias
[2022-06-16T20:34:08.704+0000][3704][safepoint    ] Leaving safepoint region
[2022-06-16T20:34:08.704+0000][3704][safepoint    ] Total time for which application threads were stopped: 0.0000779 seconds, Stopping threads took: 0.0000152 seconds
[2022-06-16T20:34:08.704+0000][3704][safepoint    ] Application time: 0.0000154 seconds
[2022-06-16T20:34:08.704+0000][3704][safepoint    ] Entering safepoint region: RevokeBias
[2022-06-16T20:34:08.704+0000][3704][safepoint    ] Leaving safepoint region
[2022-06-16T20:34:08.704+0000][3704][safepoint    ] Total time for which application threads were stopped: 0.0001186 seconds, Stopping threads took: 0.0000481 seconds
[2022-06-16T20:34:08.704+0000][3704][safepoint    ] Application time: 0.0000212 seconds
[2022-06-16T20:34:08.704+0000][3704][safepoint    ] Entering safepoint region: RevokeBias
[2022-06-16T20:34:08.704+0000][3704][safepoint    ] Leaving safepoint region
[2022-06-16T20:34:08.704+0000][3704][safepoint    ] Total time for which application threads were stopped: 0.0000797 seconds, Stopping threads took: 0.0000153 seconds
[2022-06-16T20:34:08.704+0000][3704][safepoint    ] Application time: 0.0000136 seconds
[2022-06-16T20:34:08.704+0000][3704][safepoint    ] Entering safepoint region: RevokeBias
[2022-06-16T20:34:08.704+0000][3704][safepoint    ] Leaving safepoint region
[2022-06-16T20:34:08.704+0000][3704][safepoint    ] Total time for which application threads were stopped: 0.0000860 seconds, Stopping threads took: 0.0000206 seconds
[2022-06-16T20:34:08.704+0000][3704][safepoint    ] Application time: 0.0000449 seconds
[2022-06-16T20:34:08.704+0000][3704][safepoint    ] Entering safepoint region: RevokeBias
[2022-06-16T20:34:08.704+0000][3704][safepoint    ] Leaving safepoint region
[2022-06-16T20:34:08.704+0000][3704][safepoint    ] Total time for which application threads were stopped: 0.0001123 seconds, Stopping threads took: 0.0000416 seconds
[2022-06-16T20:34:08.704+0000][3704][safepoint    ] Application time: 0.0000151 seconds
[2022-06-16T20:34:08.704+0000][3704][safepoint    ] Entering safepoint region: RevokeBias
[2022-06-16T20:34:08.704+0000][3704][safepoint    ] Leaving safepoint region
[2022-06-16T20:34:08.704+0000][3704][safepoint    ] Total time for which application threads were stopped: 0.0000803 seconds, Stopping threads took: 0.0000152 seconds
[2022-06-16T20:34:08.720+0000][3704][safepoint    ] Application time: 0.0018530 seconds
[2022-06-16T20:34:08.720+0000][3704][safepoint    ] Entering safepoint region: RevokeBias
[2022-06-16T20:34:08.720+0000][3704][safepoint    ] Leaving safepoint region
[2022-06-16T20:34:08.720+0000][3704][safepoint    ] Total time for which application threads were stopped: 0.0000991 seconds, Stopping threads took: 0.0000199 seconds
[2022-06-16T20:34:08.720+0000][3704][safepoint    ] Application time: 0.0000167 seconds
[2022-06-16T20:34:08.720+0000][3704][safepoint    ] Entering safepoint region: RevokeBias
[2022-06-16T20:34:08.720+0000][3704][safepoint    ] Leaving safepoint region
[2022-06-16T20:34:08.720+0000][3704][safepoint    ] Total time for which application threads were stopped: 0.0000807 seconds, Stopping threads took: 0.0000160 seconds
[2022-06-16T20:34:09.001+0000][3704][safepoint    ] Application time: 0.2806462 seconds
[2022-06-16T20:34:09.001+0000][3704][safepoint    ] Entering safepoint region: CollectForMetadataAllocation
[2022-06-16T20:34:09.001+0000][3704][safepoint    ] Leaving safepoint region
[2022-06-16T20:34:09.001+0000][3704][safepoint    ] Total time for which application threads were stopped: 0.0001971 seconds, Stopping threads took: 0.0000409 seconds
[2022-06-16T20:34:09.064+0000][3704][safepoint    ] Application time: 0.0653161 seconds
[2022-06-16T20:34:09.064+0000][3704][safepoint    ] Entering safepoint region: RevokeBias
[2022-06-16T20:34:09.064+0000][3704][safepoint    ] Leaving safepoint region
[2022-06-16T20:34:09.064+0000][3704][safepoint    ] Total time for which application threads were stopped: 0.0000949 seconds, Stopping threads took: 0.0000247 seconds
[2022-06-16T20:34:09.095+0000][3704][safepoint    ] Application time: 0.0363551 seconds
[2022-06-16T20:34:09.095+0000][3704][safepoint    ] Entering safepoint region: CollectForMetadataAllocation
[2022-06-16T20:34:09.095+0000][3704][safepoint    ] Leaving safepoint region
[2022-06-16T20:34:09.095+0000][3704][safepoint    ] Total time for which application threads were stopped: 0.0001760 seconds, Stopping threads took: 0.0000191 seconds
[2022-06-16T20:34:09.532+0000][3704][gc           ] GC(0) Concurrent Abortable Preclean 2327.344ms
[2022-06-16T20:34:09.532+0000][3704][gc,cpu       ] GC(0) User=2.31s Sys=0.39s Real=2.33s
[2022-06-16T20:34:09.532+0000][3704][safepoint    ] Application time: 0.4293541 seconds
[2022-06-16T20:34:09.532+0000][3704][safepoint    ] Entering safepoint region: CMS_Final_Remark
[2022-06-16T20:34:09.532+0000][3704][gc,start     ] GC(0) Pause Remark
[2022-06-16T20:34:09.579+0000][3704][gc           ] GC(0) Pause Remark 94M->94M(1007M) 50.351ms
[2022-06-16T20:34:09.579+0000][3704][gc,cpu       ] GC(0) User=0.08s Sys=0.00s Real=0.05s
[2022-06-16T20:34:09.579+0000][3704][safepoint    ] Leaving safepoint region
[2022-06-16T20:34:09.579+0000][3704][safepoint    ] Total time for which application threads were stopped: 0.0507262 seconds, Stopping threads took: 0.0002017 seconds
[2022-06-16T20:34:09.579+0000][3704][gc           ] GC(0) Concurrent Sweep
[2022-06-16T20:34:09.579+0000][3704][gc           ] GC(0) Concurrent Sweep 0.036ms
[2022-06-16T20:34:09.579+0000][3704][gc,cpu       ] GC(0) User=0.00s Sys=0.00s Real=0.00s
[2022-06-16T20:34:09.579+0000][3704][gc           ] GC(0) Concurrent Reset
[2022-06-16T20:34:09.579+0000][3704][gc           ] GC(0) Concurrent Reset 1.139ms
[2022-06-16T20:34:09.579+0000][3704][gc,cpu       ] GC(0) User=0.00s Sys=0.00s Real=0.00s
[2022-06-16T20:34:09.579+0000][3704][gc,heap      ] GC(0) Old: 0K->0K(878208K)
[2022-06-16T20:34:10.157+0000][3704][safepoint    ] Application time: 0.5753099 seconds
[2022-06-16T20:34:10.157+0000][3704][safepoint    ] Entering safepoint region: GenCollectForAllocation
[2022-06-16T20:34:10.157+0000][3704][gc,start     ] GC(2) Pause Young (Allocation Failure)
[2022-06-16T20:34:10.157+0000][3704][gc,task      ] GC(2) Using 2 workers of 2 for evacuation
[2022-06-16T20:34:10.173+0000][3704][gc,age       ] GC(2) Desired survivor size 8716288 bytes, new threshold 2 (max threshold 6)
[2022-06-16T20:34:10.173+0000][3704][gc,age       ] GC(2) Age table with threshold 2 (max threshold 6)
[2022-06-16T20:34:10.173+0000][3704][gc,age       ] GC(2) - age   1:    1705760 bytes,    1705760 total
[2022-06-16T20:34:10.173+0000][3704][gc,age       ] GC(2) - age   2:    8284000 bytes,    9989760 total
[2022-06-16T20:34:10.173+0000][3704][gc,heap      ] GC(2) ParNew: 144579K->11246K(153344K)
[2022-06-16T20:34:10.173+0000][3704][gc,heap      ] GC(2) CMS: 0K->0K(878208K)
[2022-06-16T20:34:10.173+0000][3704][gc,metaspace ] GC(2) Metaspace: 25105K->25105K(1073152K)
[2022-06-16T20:34:10.173+0000][3704][gc           ] GC(2) Pause Young (Allocation Failure) 141M->10M(1007M) 16.697ms
[2022-06-16T20:34:10.173+0000][3704][gc,cpu       ] GC(2) User=0.03s Sys=0.00s Real=0.02s
[2022-06-16T20:34:10.173+0000][3704][safepoint    ] Leaving safepoint region
[2022-06-16T20:34:10.173+0000][3704][safepoint    ] Total time for which application threads were stopped: 0.0169008 seconds, Stopping threads took: 0.0000240 seconds
[2022-06-16T20:34:10.173+0000][3704][safepoint    ] Application time: 0.0002559 seconds
[2022-06-16T20:34:10.173+0000][3704][safepoint    ] Entering safepoint region: BulkRevokeBias
[2022-06-16T20:34:10.173+0000][3704][safepoint    ] Leaving safepoint region
[2022-06-16T20:34:10.173+0000][3704][safepoint    ] Total time for which application threads were stopped: 0.0001124 seconds, Stopping threads took: 0.0000270 seconds
[2022-06-16T20:34:10.173+0000][3704][safepoint    ] Application time: 0.0000688 seconds
[2022-06-16T20:34:10.173+0000][3704][safepoint    ] Entering safepoint region: RevokeBias
[2022-06-16T20:34:10.173+0000][3704][safepoint    ] Leaving safepoint region
[2022-06-16T20:34:10.173+0000][3704][safepoint    ] Total time for which application threads were stopped: 0.0000761 seconds, Stopping threads took: 0.0000186 seconds
[2022-06-16T20:34:10.173+0000][3704][safepoint    ] Application time: 0.0000130 seconds
[2022-06-16T20:34:10.173+0000][3704][safepoint    ] Entering safepoint region: RevokeBias
[2022-06-16T20:34:10.173+0000][3704][safepoint    ] Leaving safepoint region
[2022-06-16T20:34:10.173+0000][3704][safepoint    ] Total time for which application threads were stopped: 0.0000666 seconds, Stopping threads took: 0.0000183 seconds
[2022-06-16T20:34:10.173+0000][3704][safepoint    ] Application time: 0.0000563 seconds
[2022-06-16T20:34:10.173+0000][3704][safepoint    ] Entering safepoint region: RevokeBias
[2022-06-16T20:34:10.173+0000][3704][safepoint    ] Leaving safepoint region
[2022-06-16T20:34:10.173+0000][3704][safepoint    ] Total time for which application threads were stopped: 0.0000741 seconds, Stopping threads took: 0.0000178 seconds
[2022-06-16T20:34:10.173+0000][3704][safepoint    ] Application time: 0.0000112 seconds
[2022-06-16T20:34:10.173+0000][3704][safepoint    ] Entering safepoint region: RevokeBias
[2022-06-16T20:34:10.173+0000][3704][safepoint    ] Leaving safepoint region
[2022-06-16T20:34:10.173+0000][3704][safepoint    ] Total time for which application threads were stopped: 0.0000646 seconds, Stopping threads took: 0.0000168 seconds
[2022-06-16T20:34:10.173+0000][3704][safepoint    ] Application time: 0.0000147 seconds
[2022-06-16T20:34:10.173+0000][3704][safepoint    ] Entering safepoint region: RevokeBias
[2022-06-16T20:34:10.173+0000][3704][safepoint    ] Leaving safepoint region
[2022-06-16T20:34:10.173+0000][3704][safepoint    ] Total time for which application threads were stopped: 0.0000591 seconds, Stopping threads took: 0.0000174 seconds
[2022-06-16T20:34:10.173+0000][3704][safepoint    ] Application time: 0.0000265 seconds
[2022-06-16T20:34:10.173+0000][3704][safepoint    ] Entering safepoint region: RevokeBias
[2022-06-16T20:34:10.173+0000][3704][safepoint    ] Leaving safepoint region
[2022-06-16T20:34:10.173+0000][3704][safepoint    ] Total time for which application threads were stopped: 0.0002060 seconds, Stopping threads took: 0.0001273 seconds
[2022-06-16T20:34:10.173+0000][3704][safepoint    ] Application time: 0.0000120 seconds
[2022-06-16T20:34:10.173+0000][3704][safepoint    ] Entering safepoint region: RevokeBias
[2022-06-16T20:34:10.173+0000][3704][safepoint    ] Leaving safepoint region
[2022-06-16T20:34:10.173+0000][3704][safepoint    ] Total time for which application threads were stopped: 0.0000875 seconds, Stopping threads took: 0.0000185 seconds
[2022-06-16T20:34:10.173+0000][3704][safepoint    ] Application time: 0.0000195 seconds
[2022-06-16T20:34:10.173+0000][3704][safepoint    ] Entering safepoint region: RevokeBias
[2022-06-16T20:34:10.173+0000][3704][safepoint    ] Leaving safepoint region
[2022-06-16T20:34:10.173+0000][3704][safepoint    ] Total time for which application threads were stopped: 0.0000911 seconds, Stopping threads took: 0.0000188 seconds
[2022-06-16T20:34:10.173+0000][3704][safepoint    ] Application time: 0.0000109 seconds
[2022-06-16T20:34:10.173+0000][3704][safepoint    ] Entering safepoint region: RevokeBias
[2022-06-16T20:34:10.173+0000][3704][safepoint    ] Leaving safepoint region
[2022-06-16T20:34:10.173+0000][3704][safepoint    ] Total time for which application threads were stopped: 0.0000881 seconds, Stopping threads took: 0.0000181 seconds
[2022-06-16T20:34:10.173+0000][3704][safepoint    ] Application time: 0.0000133 seconds
[2022-06-16T20:34:10.173+0000][3704][safepoint    ] Entering safepoint region: BulkRevokeBias
[2022-06-16T20:34:10.173+0000][3704][safepoint    ] Leaving safepoint region
[2022-06-16T20:34:10.173+0000][3704][safepoint    ] Total time for which application threads were stopped: 0.0001036 seconds, Stopping threads took: 0.0000179 seconds
[2022-06-16T20:34:10.173+0000][3704][safepoint    ] Application time: 0.0000107 seconds
[2022-06-16T20:34:10.173+0000][3704][safepoint    ] Entering safepoint region: BulkRevokeBias
[2022-06-16T20:34:10.173+0000][3704][safepoint    ] Leaving safepoint region
[2022-06-16T20:34:10.173+0000][3704][safepoint    ] Total time for which application threads were stopped: 0.0000989 seconds, Stopping threads took: 0.0000183 seconds
[2022-06-16T20:34:10.329+0000][3704][safepoint    ] Application time: 0.1587251 seconds
[2022-06-16T20:34:10.579+0000][3704][safepoint    ] Entering safepoint region: Deoptimize
[2022-06-16T20:34:10.579+0000][3704][safepoint    ] Leaving safepoint region
[2022-06-16T20:34:10.579+0000][3704][safepoint    ] Total time for which application threads were stopped: 0.2490975 seconds, Stopping threads took: 0.2486822 seconds
[2022-06-16T20:34:10.876+0000][3704][safepoint    ] Application time: 0.2899454 seconds
[2022-06-16T20:34:10.876+0000][3704][safepoint    ] Entering safepoint region: RevokeBias
[2022-06-16T20:34:10.876+0000][3704][safepoint    ] Leaving safepoint region
[2022-06-16T20:34:10.876+0000][3704][safepoint    ] Total time for which application threads were stopped: 0.0000907 seconds, Stopping threads took: 0.0000235 seconds
[2022-06-16T20:34:11.079+0000][3704][safepoint    ] Application time: 0.2123516 seconds
[2022-06-16T20:34:11.079+0000][3704][safepoint    ] Entering safepoint region: GenCollectForAllocation
[2022-06-16T20:34:11.079+0000][3704][gc,start     ] GC(3) Pause Young (Allocation Failure)
[2022-06-16T20:34:11.079+0000][3704][gc,task      ] GC(3) Using 2 workers of 2 for evacuation
[2022-06-16T20:34:11.126+0000][3704][gc,age       ] GC(3) Desired survivor size 8716288 bytes, new threshold 6 (max threshold 6)
[2022-06-16T20:34:11.126+0000][3704][gc,age       ] GC(3) Age table with threshold 6 (max threshold 6)
[2022-06-16T20:34:11.126+0000][3704][gc,age       ] GC(3) - age   1:    3788560 bytes,    3788560 total
[2022-06-16T20:34:11.126+0000][3704][gc,age       ] GC(3) - age   2:    1677016 bytes,    5465576 total
[2022-06-16T20:34:11.126+0000][3704][gc,heap      ] GC(3) ParNew: 147566K->8722K(153344K)
[2022-06-16T20:34:11.126+0000][3704][gc,heap      ] GC(3) CMS: 0K->8929K(878208K)
[2022-06-16T20:34:11.126+0000][3704][gc,metaspace ] GC(3) Metaspace: 25762K->25762K(1073152K)
[2022-06-16T20:34:11.126+0000][3704][gc           ] GC(3) Pause Young (Allocation Failure) 144M->17M(1007M) 42.662ms
[2022-06-16T20:34:11.126+0000][3704][gc,cpu       ] GC(3) User=0.08s Sys=0.00s Real=0.05s
[2022-06-16T20:34:11.126+0000][3704][safepoint    ] Leaving safepoint region
[2022-06-16T20:34:11.126+0000][3704][safepoint    ] Total time for which application threads were stopped: 0.0428710 seconds, Stopping threads took: 0.0000272 seconds
[2022-06-16T20:34:11.126+0000][3704][safepoint    ] Application time: 0.0001093 seconds
[2022-06-16T20:34:11.126+0000][3704][safepoint    ] Entering safepoint region: RevokeBias
[2022-06-16T20:34:11.126+0000][3704][safepoint    ] Leaving safepoint region
[2022-06-16T20:34:11.126+0000][3704][safepoint    ] Total time for which application threads were stopped: 0.0001129 seconds, Stopping threads took: 0.0000313 seconds
[2022-06-16T20:34:11.126+0000][3704][safepoint    ] Application time: 0.0000207 seconds
[2022-06-16T20:34:11.126+0000][3704][safepoint    ] Entering safepoint region: RevokeBias
[2022-06-16T20:34:11.126+0000][3704][safepoint    ] Leaving safepoint region
[2022-06-16T20:34:11.126+0000][3704][safepoint    ] Total time for which application threads were stopped: 0.0000716 seconds, Stopping threads took: 0.0000218 seconds
[2022-06-16T20:34:11.126+0000][3704][safepoint    ] Application time: 0.0000179 seconds
[2022-06-16T20:34:11.126+0000][3704][safepoint    ] Entering safepoint region: RevokeBias
[2022-06-16T20:34:11.126+0000][3704][safepoint    ] Leaving safepoint region
[2022-06-16T20:34:11.126+0000][3704][safepoint    ] Total time for which application threads were stopped: 0.0000640 seconds, Stopping threads took: 0.0000166 seconds
[2022-06-16T20:34:11.126+0000][3704][safepoint    ] Application time: 0.0000098 seconds
[2022-06-16T20:34:11.126+0000][3704][safepoint    ] Entering safepoint region: RevokeBias
[2022-06-16T20:34:11.126+0000][3704][safepoint    ] Leaving safepoint region
[2022-06-16T20:34:11.126+0000][3704][safepoint    ] Total time for which application threads were stopped: 0.0000543 seconds, Stopping threads took: 0.0000152 seconds
[2022-06-16T20:34:11.126+0000][3704][safepoint    ] Application time: 0.0000122 seconds
[2022-06-16T20:34:11.126+0000][3704][safepoint    ] Entering safepoint region: RevokeBias
[2022-06-16T20:34:11.126+0000][3704][safepoint    ] Leaving safepoint region
[2022-06-16T20:34:11.126+0000][3704][safepoint    ] Total time for which application threads were stopped: 0.0000579 seconds, Stopping threads took: 0.0000169 seconds
[2022-06-16T20:34:11.126+0000][3704][safepoint    ] Application time: 0.0000196 seconds
[2022-06-16T20:34:11.126+0000][3704][safepoint    ] Entering safepoint region: RevokeBias
[2022-06-16T20:34:11.126+0000][3704][safepoint    ] Leaving safepoint region
[2022-06-16T20:34:11.126+0000][3704][safepoint    ] Total time for which application threads were stopped: 0.0001848 seconds, Stopping threads took: 0.0001091 seconds
[2022-06-16T20:34:11.126+0000][3704][safepoint    ] Application time: 0.0000478 seconds
[2022-06-16T20:34:11.126+0000][3704][safepoint    ] Entering safepoint region: RevokeBias
[2022-06-16T20:34:11.126+0000][3704][safepoint    ] Leaving safepoint region
[2022-06-16T20:34:11.126+0000][3704][safepoint    ] Total time for which application threads were stopped: 0.0001771 seconds, Stopping threads took: 0.0001052 seconds
[2022-06-16T20:34:11.126+0000][3704][safepoint    ] Application time: 0.0000259 seconds
[2022-06-16T20:34:11.126+0000][3704][safepoint    ] Entering safepoint region: RevokeBias
[2022-06-16T20:34:11.126+0000][3704][safepoint    ] Leaving safepoint region
[2022-06-16T20:34:11.126+0000][3704][safepoint    ] Total time for which application threads were stopped: 0.0001848 seconds, Stopping threads took: 0.0001175 seconds
[2022-06-16T20:34:11.126+0000][3704][safepoint    ] Application time: 0.0000285 seconds
[2022-06-16T20:34:11.126+0000][3704][safepoint    ] Entering safepoint region: RevokeBias
[2022-06-16T20:34:11.126+0000][3704][safepoint    ] Leaving safepoint region
[2022-06-16T20:34:11.126+0000][3704][safepoint    ] Total time for which application threads were stopped: 0.0001748 seconds, Stopping threads took: 0.0001035 seconds
[2022-06-16T20:34:11.126+0000][3704][safepoint    ] Application time: 0.0000156 seconds
[2022-06-16T20:34:11.126+0000][3704][safepoint    ] Entering safepoint region: RevokeBias
[2022-06-16T20:34:11.126+0000][3704][safepoint    ] Leaving safepoint region
[2022-06-16T20:34:11.126+0000][3704][safepoint    ] Total time for which application threads were stopped: 0.0000933 seconds, Stopping threads took: 0.0000232 seconds
[2022-06-16T20:34:11.126+0000][3704][safepoint    ] Application time: 0.0000138 seconds
[2022-06-16T20:34:11.126+0000][3704][safepoint    ] Entering safepoint region: RevokeBias
[2022-06-16T20:34:11.126+0000][3704][safepoint    ] Leaving safepoint region
[2022-06-16T20:34:11.126+0000][3704][safepoint    ] Total time for which application threads were stopped: 0.0000841 seconds, Stopping threads took: 0.0000185 seconds
[2022-06-16T20:34:11.126+0000][3704][safepoint    ] Application time: 0.0000128 seconds
[2022-06-16T20:34:11.126+0000][3704][safepoint    ] Entering safepoint region: RevokeBias
[2022-06-16T20:34:11.126+0000][3704][safepoint    ] Leaving safepoint region
[2022-06-16T20:34:11.126+0000][3704][safepoint    ] Total time for which application threads were stopped: 0.0000814 seconds, Stopping threads took: 0.0000180 seconds
[2022-06-16T20:34:11.126+0000][3704][safepoint    ] Application time: 0.0000118 seconds
[2022-06-16T20:34:11.126+0000][3704][safepoint    ] Entering safepoint region: RevokeBias
[2022-06-16T20:34:11.126+0000][3704][safepoint    ] Leaving safepoint region
[2022-06-16T20:34:11.126+0000][3704][safepoint    ] Total time for which application threads were stopped: 0.0000811 seconds, Stopping threads took: 0.0000182 seconds
[2022-06-16T20:34:11.126+0000][3704][safepoint    ] Application time: 0.0000127 seconds
[2022-06-16T20:34:11.126+0000][3704][safepoint    ] Entering safepoint region: RevokeBias
[2022-06-16T20:34:11.126+0000][3704][safepoint    ] Leaving safepoint region
[2022-06-16T20:34:11.126+0000][3704][safepoint    ] Total time for which application threads were stopped: 0.0000757 seconds, Stopping threads took: 0.0000171 seconds
[2022-06-16T20:34:11.126+0000][3704][safepoint    ] Application time: 0.0000259 seconds
[2022-06-16T20:34:11.126+0000][3704][safepoint    ] Entering safepoint region: RevokeBias
[2022-06-16T20:34:11.126+0000][3704][safepoint    ] Leaving safepoint region
[2022-06-16T20:34:11.126+0000][3704][safepoint    ] Total time for which application threads were stopped: 0.0001907 seconds, Stopping threads took: 0.0001171 seconds
[2022-06-16T20:34:11.126+0000][3704][safepoint    ] Application time: 0.0000299 seconds
[2022-06-16T20:34:11.126+0000][3704][safepoint    ] Entering safepoint region: RevokeBias
[2022-06-16T20:34:11.126+0000][3704][safepoint    ] Leaving safepoint region
[2022-06-16T20:34:11.126+0000][3704][safepoint    ] Total time for which application threads were stopped: 0.0001843 seconds, Stopping threads took: 0.0001110 seconds
[2022-06-16T20:34:11.126+0000][3704][safepoint    ] Application time: 0.0000254 seconds
[2022-06-16T20:34:11.126+0000][3704][safepoint    ] Entering safepoint region: RevokeBias
[2022-06-16T20:34:11.126+0000][3704][safepoint    ] Leaving safepoint region
[2022-06-16T20:34:11.126+0000][3704][safepoint    ] Total time for which application threads were stopped: 0.0001781 seconds, Stopping threads took: 0.0001093 seconds
[2022-06-16T20:34:11.126+0000][3704][safepoint    ] Application time: 0.0000245 seconds
[2022-06-16T20:34:11.126+0000][3704][safepoint    ] Entering safepoint region: RevokeBias
[2022-06-16T20:34:11.126+0000][3704][safepoint    ] Leaving safepoint region
[2022-06-16T20:34:11.126+0000][3704][safepoint    ] Total time for which application threads were stopped: 0.0001721 seconds, Stopping threads took: 0.0001038 seconds
[2022-06-16T20:34:11.126+0000][3704][safepoint    ] Application time: 0.0000279 seconds
[2022-06-16T20:34:11.126+0000][3704][safepoint    ] Entering safepoint region: RevokeBias
[2022-06-16T20:34:11.126+0000][3704][safepoint    ] Leaving safepoint region
[2022-06-16T20:34:11.126+0000][3704][safepoint    ] Total time for which application threads were stopped: 0.0001918 seconds, Stopping threads took: 0.0001210 seconds
[2022-06-16T20:34:11.126+0000][3704][safepoint    ] Application time: 0.0000238 seconds
[2022-06-16T20:34:11.126+0000][3704][safepoint    ] Entering safepoint region: RevokeBias
[2022-06-16T20:34:11.126+0000][3704][safepoint    ] Leaving safepoint region
[2022-06-16T20:34:11.126+0000][3704][safepoint    ] Total time for which application threads were stopped: 0.0001179 seconds, Stopping threads took: 0.0000490 seconds
[2022-06-16T20:34:11.126+0000][3704][safepoint    ] Application time: 0.0000784 seconds
[2022-06-16T20:34:11.126+0000][3704][safepoint    ] Entering safepoint region: RevokeBias
[2022-06-16T20:34:11.126+0000][3704][safepoint    ] Leaving safepoint region
[2022-06-16T20:34:11.126+0000][3704][safepoint    ] Total time for which application threads were stopped: 0.0001918 seconds, Stopping threads took: 0.0001172 seconds
[2022-06-16T20:34:11.126+0000][3704][safepoint    ] Application time: 0.0000212 seconds
[2022-06-16T20:34:11.126+0000][3704][safepoint    ] Entering safepoint region: RevokeBias
[2022-06-16T20:34:11.126+0000][3704][safepoint    ] Leaving safepoint region
[2022-06-16T20:34:11.126+0000][3704][safepoint    ] Total time for which application threads were stopped: 0.0001576 seconds, Stopping threads took: 0.0000853 seconds
[2022-06-16T20:34:11.126+0000][3704][safepoint    ] Application time: 0.0000195 seconds
[2022-06-16T20:34:11.126+0000][3704][safepoint    ] Entering safepoint region: RevokeBias
[2022-06-16T20:34:11.126+0000][3704][safepoint    ] Leaving safepoint region
[2022-06-16T20:34:11.126+0000][3704][safepoint    ] Total time for which application threads were stopped: 0.0000859 seconds, Stopping threads took: 0.0000146 seconds
[2022-06-16T20:34:11.126+0000][3704][safepoint    ] Application time: 0.0000194 seconds
[2022-06-16T20:34:11.126+0000][3704][safepoint    ] Entering safepoint region: BulkRevokeBias
[2022-06-16T20:34:11.126+0000][3704][safepoint    ] Leaving safepoint region
[2022-06-16T20:34:11.126+0000][3704][safepoint    ] Total time for which application threads were stopped: 0.0001979 seconds, Stopping threads took: 0.0001050 seconds
[2022-06-16T20:34:11.564+0000][3704][safepoint    ] Application time: 0.4299312 seconds
[2022-06-16T20:34:11.564+0000][3704][safepoint    ] Entering safepoint region: GenCollectForAllocation
[2022-06-16T20:34:11.564+0000][3704][gc,start     ] GC(4) Pause Young (Allocation Failure)
[2022-06-16T20:34:11.564+0000][3704][gc,task      ] GC(4) Using 2 workers of 2 for evacuation
[2022-06-16T20:34:11.564+0000][3704][gc,age       ] GC(4) Desired survivor size 8716288 bytes, new threshold 6 (max threshold 6)
[2022-06-16T20:34:11.564+0000][3704][gc,age       ] GC(4) Age table with threshold 6 (max threshold 6)
[2022-06-16T20:34:11.564+0000][3704][gc,age       ] GC(4) - age   1:    2607376 bytes,    2607376 total
[2022-06-16T20:34:11.564+0000][3704][gc,age       ] GC(4) - age   2:    1683928 bytes,    4291304 total
[2022-06-16T20:34:11.564+0000][3704][gc,age       ] GC(4) - age   3:    1676992 bytes,    5968296 total
[2022-06-16T20:34:11.564+0000][3704][gc,heap      ] GC(4) ParNew: 145042K->9275K(153344K)
[2022-06-16T20:34:11.564+0000][3704][gc,heap      ] GC(4) CMS: 8929K->8929K(878208K)
[2022-06-16T20:34:11.564+0000][3704][gc,metaspace ] GC(4) Metaspace: 25881K->25881K(1073152K)
[2022-06-16T20:34:11.564+0000][3704][gc           ] GC(4) Pause Young (Allocation Failure) 150M->17M(1007M) 10.541ms
[2022-06-16T20:34:11.564+0000][3704][gc,cpu       ] GC(4) User=0.00s Sys=0.00s Real=0.00s
[2022-06-16T20:34:11.564+0000][3704][safepoint    ] Leaving safepoint region
[2022-06-16T20:34:11.564+0000][3704][safepoint    ] Total time for which application threads were stopped: 0.0107207 seconds, Stopping threads took: 0.0000269 seconds
[2022-06-16T20:34:11.564+0000][3704][safepoint    ] Application time: 0.0000840 seconds
[2022-06-16T20:34:11.564+0000][3704][safepoint    ] Entering safepoint region: RevokeBias
[2022-06-16T20:34:11.564+0000][3704][safepoint    ] Leaving safepoint region
[2022-06-16T20:34:11.564+0000][3704][safepoint    ] Total time for which application threads were stopped: 0.0000973 seconds, Stopping threads took: 0.0000319 seconds
[2022-06-16T20:34:11.564+0000][3704][safepoint    ] Application time: 0.0000208 seconds
[2022-06-16T20:34:11.564+0000][3704][safepoint    ] Entering safepoint region: RevokeBias
[2022-06-16T20:34:11.564+0000][3704][safepoint    ] Leaving safepoint region
[2022-06-16T20:34:11.564+0000][3704][safepoint    ] Total time for which application threads were stopped: 0.0001473 seconds, Stopping threads took: 0.0000985 seconds
[2022-06-16T20:34:11.564+0000][3704][safepoint    ] Application time: 0.0000140 seconds
[2022-06-16T20:34:11.564+0000][3704][safepoint    ] Entering safepoint region: RevokeBias
[2022-06-16T20:34:11.564+0000][3704][safepoint    ] Leaving safepoint region
[2022-06-16T20:34:11.564+0000][3704][safepoint    ] Total time for which application threads were stopped: 0.0000585 seconds, Stopping threads took: 0.0000187 seconds
[2022-06-16T20:34:11.939+0000][3704][safepoint    ] Application time: 0.3756604 seconds
[2022-06-16T20:34:11.939+0000][3704][safepoint    ] Entering safepoint region: GenCollectForAllocation
[2022-06-16T20:34:11.939+0000][3704][gc,start     ] GC(5) Pause Young (Allocation Failure)
[2022-06-16T20:34:11.939+0000][3704][gc,task      ] GC(5) Using 2 workers of 2 for evacuation
[2022-06-16T20:34:11.954+0000][3704][gc,age       ] GC(5) Desired survivor size 8716288 bytes, new threshold 6 (max threshold 6)
[2022-06-16T20:34:11.954+0000][3704][gc,age       ] GC(5) Age table with threshold 6 (max threshold 6)
[2022-06-16T20:34:11.954+0000][3704][gc,age       ] GC(5) - age   1:    1781792 bytes,    1781792 total
[2022-06-16T20:34:11.954+0000][3704][gc,age       ] GC(5) - age   2:     291032 bytes,    2072824 total
[2022-06-16T20:34:11.954+0000][3704][gc,age       ] GC(5) - age   3:    1683880 bytes,    3756704 total
[2022-06-16T20:34:11.954+0000][3704][gc,age       ] GC(5) - age   4:    1674568 bytes,    5431272 total
[2022-06-16T20:34:11.954+0000][3704][gc,heap      ] GC(5) ParNew: 145595K->5917K(153344K)
[2022-06-16T20:34:11.954+0000][3704][gc,heap      ] GC(5) CMS: 8929K->8929K(878208K)
[2022-06-16T20:34:11.954+0000][3704][gc,metaspace ] GC(5) Metaspace: 26534K->26534K(1073152K)
[2022-06-16T20:34:11.954+0000][3704][gc           ] GC(5) Pause Young (Allocation Failure) 150M->14M(1007M) 14.556ms
[2022-06-16T20:34:11.954+0000][3704][gc,cpu       ] GC(5) User=0.02s Sys=0.00s Real=0.02s
[2022-06-16T20:34:11.954+0000][3704][safepoint    ] Leaving safepoint region
[2022-06-16T20:34:11.954+0000][3704][safepoint    ] Total time for which application threads were stopped: 0.0147276 seconds, Stopping threads took: 0.0000256 seconds
[2022-06-16T20:34:11.954+0000][3704][safepoint    ] Application time: 0.0000731 seconds
[2022-06-16T20:34:11.954+0000][3704][safepoint    ] Entering safepoint region: BulkRevokeBias
[2022-06-16T20:34:11.954+0000][3704][safepoint    ] Leaving safepoint region
[2022-06-16T20:34:11.954+0000][3704][safepoint    ] Total time for which application threads were stopped: 0.0001103 seconds, Stopping threads took: 0.0000258 seconds
[2022-06-16T20:34:11.954+0000][3704][safepoint    ] Application time: 0.0000218 seconds
[2022-06-16T20:34:11.954+0000][3704][safepoint    ] Entering safepoint region: RevokeBias
[2022-06-16T20:34:11.954+0000][3704][safepoint    ] Leaving safepoint region
[2022-06-16T20:34:11.954+0000][3704][safepoint    ] Total time for which application threads were stopped: 0.0000695 seconds, Stopping threads took: 0.0000190 seconds
[2022-06-16T20:34:11.954+0000][3704][safepoint    ] Application time: 0.0000201 seconds
[2022-06-16T20:34:11.954+0000][3704][safepoint    ] Entering safepoint region: RevokeBias
[2022-06-16T20:34:11.954+0000][3704][safepoint    ] Leaving safepoint region
[2022-06-16T20:34:11.954+0000][3704][safepoint    ] Total time for which application threads were stopped: 0.0000647 seconds, Stopping threads took: 0.0000183 seconds
[2022-06-16T20:34:11.954+0000][3704][safepoint    ] Application time: 0.0000120 seconds
[2022-06-16T20:34:11.954+0000][3704][safepoint    ] Entering safepoint region: RevokeBias
[2022-06-16T20:34:11.954+0000][3704][safepoint    ] Leaving safepoint region
[2022-06-16T20:34:11.954+0000][3704][safepoint    ] Total time for which application threads were stopped: 0.0000676 seconds, Stopping threads took: 0.0000224 seconds
[2022-06-16T20:34:11.954+0000][3704][safepoint    ] Application time: 0.0000121 seconds
[2022-06-16T20:34:11.954+0000][3704][safepoint    ] Entering safepoint region: RevokeBias
[2022-06-16T20:34:11.954+0000][3704][safepoint    ] Leaving safepoint region
[2022-06-16T20:34:11.954+0000][3704][safepoint    ] Total time for which application threads were stopped: 0.0000607 seconds, Stopping threads took: 0.0000181 seconds
[2022-06-16T20:34:11.954+0000][3704][safepoint    ] Application time: 0.0000110 seconds
[2022-06-16T20:34:11.954+0000][3704][safepoint    ] Entering safepoint region: RevokeBias
[2022-06-16T20:34:11.954+0000][3704][safepoint    ] Leaving safepoint region
[2022-06-16T20:34:11.954+0000][3704][safepoint    ] Total time for which application threads were stopped: 0.0000602 seconds, Stopping threads took: 0.0000179 seconds
[2022-06-16T20:34:11.954+0000][3704][safepoint    ] Application time: 0.0000116 seconds
[2022-06-16T20:34:11.954+0000][3704][safepoint    ] Entering safepoint region: RevokeBias
[2022-06-16T20:34:11.954+0000][3704][safepoint    ] Leaving safepoint region
[2022-06-16T20:34:11.954+0000][3704][safepoint    ] Total time for which application threads were stopped: 0.0000605 seconds, Stopping threads took: 0.0000182 seconds
[2022-06-16T20:34:12.439+0000][3704][safepoint    ] Application time: 0.4717006 seconds
[2022-06-16T20:34:12.439+0000][3704][safepoint    ] Entering safepoint region: GenCollectForAllocation
[2022-06-16T20:34:12.439+0000][3704][gc,start     ] GC(6) Pause Young (Allocation Failure)
[2022-06-16T20:34:12.439+0000][3704][gc,task      ] GC(6) Using 2 workers of 2 for evacuation
[2022-06-16T20:34:12.439+0000][3704][gc,age       ] GC(6) Desired survivor size 8716288 bytes, new threshold 6 (max threshold 6)
[2022-06-16T20:34:12.439+0000][3704][gc,age       ] GC(6) Age table with threshold 6 (max threshold 6)
[2022-06-16T20:34:12.439+0000][3704][gc,age       ] GC(6) - age   1:    2794136 bytes,    2794136 total
[2022-06-16T20:34:12.439+0000][3704][gc,age       ] GC(6) - age   2:    1759736 bytes,    4553872 total
[2022-06-16T20:34:12.439+0000][3704][gc,age       ] GC(6) - age   3:     291032 bytes,    4844904 total
[2022-06-16T20:34:12.439+0000][3704][gc,age       ] GC(6) - age   4:    1683880 bytes,    6528784 total
[2022-06-16T20:34:12.439+0000][3704][gc,age       ] GC(6) - age   5:    1673776 bytes,    8202560 total
[2022-06-16T20:34:12.439+0000][3704][gc,heap      ] GC(6) ParNew: 142237K->10914K(153344K)
[2022-06-16T20:34:12.439+0000][3704][gc,heap      ] GC(6) CMS: 8929K->8929K(878208K)
[2022-06-16T20:34:12.439+0000][3704][gc,metaspace ] GC(6) Metaspace: 26703K->26703K(1075200K)
[2022-06-16T20:34:12.439+0000][3704][gc           ] GC(6) Pause Young (Allocation Failure) 147M->19M(1007M) 11.264ms
[2022-06-16T20:34:12.439+0000][3704][gc,cpu       ] GC(6) User=0.00s Sys=0.00s Real=0.00s
[2022-06-16T20:34:12.439+0000][3704][safepoint    ] Leaving safepoint region
[2022-06-16T20:34:12.439+0000][3704][safepoint    ] Total time for which application threads were stopped: 0.0114378 seconds, Stopping threads took: 0.0000279 seconds
[2022-06-16T20:34:12.439+0000][3704][safepoint    ] Application time: 0.0000699 seconds
[2022-06-16T20:34:12.439+0000][3704][safepoint    ] Entering safepoint region: RevokeBias
[2022-06-16T20:34:12.439+0000][3704][safepoint    ] Leaving safepoint region
[2022-06-16T20:34:12.439+0000][3704][safepoint    ] Total time for which application threads were stopped: 0.0001121 seconds, Stopping threads took: 0.0000247 seconds
[2022-06-16T20:34:12.439+0000][3704][safepoint    ] Application time: 0.0000161 seconds
[2022-06-16T20:34:12.439+0000][3704][safepoint    ] Entering safepoint region: RevokeBias
[2022-06-16T20:34:12.439+0000][3704][safepoint    ] Leaving safepoint region
[2022-06-16T20:34:12.439+0000][3704][safepoint    ] Total time for which application threads were stopped: 0.0000848 seconds, Stopping threads took: 0.0000249 seconds
[2022-06-16T20:34:12.439+0000][3704][safepoint    ] Application time: 0.0000127 seconds
[2022-06-16T20:34:12.439+0000][3704][safepoint    ] Entering safepoint region: RevokeBias
[2022-06-16T20:34:12.439+0000][3704][safepoint    ] Leaving safepoint region
[2022-06-16T20:34:12.439+0000][3704][safepoint    ] Total time for which application threads were stopped: 0.0000707 seconds, Stopping threads took: 0.0000180 seconds
[2022-06-16T20:34:12.439+0000][3704][safepoint    ] Application time: 0.0000113 seconds
[2022-06-16T20:34:12.439+0000][3704][safepoint    ] Entering safepoint region: RevokeBias
[2022-06-16T20:34:12.439+0000][3704][safepoint    ] Leaving safepoint region
[2022-06-16T20:34:12.439+0000][3704][safepoint    ] Total time for which application threads were stopped: 0.0000754 seconds, Stopping threads took: 0.0000180 seconds
[2022-06-16T20:34:12.439+0000][3704][safepoint    ] Application time: 0.0000117 seconds
[2022-06-16T20:34:12.439+0000][3704][safepoint    ] Entering safepoint region: RevokeBias
[2022-06-16T20:34:12.439+0000][3704][safepoint    ] Leaving safepoint region
[2022-06-16T20:34:12.439+0000][3704][safepoint    ] Total time for which application threads were stopped: 0.0000688 seconds, Stopping threads took: 0.0000184 seconds
[2022-06-16T20:34:12.439+0000][3704][safepoint    ] Application time: 0.0000113 seconds
[2022-06-16T20:34:12.439+0000][3704][safepoint    ] Entering safepoint region: RevokeBias
[2022-06-16T20:34:12.439+0000][3704][safepoint    ] Leaving safepoint region
[2022-06-16T20:34:12.439+0000][3704][safepoint    ] Total time for which application threads were stopped: 0.0000642 seconds, Stopping threads took: 0.0000176 seconds
[2022-06-16T20:34:12.439+0000][3704][safepoint    ] Application time: 0.0000122 seconds
[2022-06-16T20:34:12.439+0000][3704][safepoint    ] Entering safepoint region: BulkRevokeBias
[2022-06-16T20:34:12.439+0000][3704][safepoint    ] Leaving safepoint region
[2022-06-16T20:34:12.439+0000][3704][safepoint    ] Total time for which application threads were stopped: 0.0000975 seconds, Stopping threads took: 0.0000164 seconds
[2022-06-16T20:34:13.017+0000][3704][safepoint    ] Application time: 0.5667613 seconds
[2022-06-16T20:34:13.017+0000][3704][safepoint    ] Entering safepoint region: GenCollectForAllocation
[2022-06-16T20:34:13.017+0000][3704][gc,start     ] GC(7) Pause Young (Allocation Failure)
[2022-06-16T20:34:13.017+0000][3704][gc,task      ] GC(7) Using 2 workers of 2 for evacuation
[2022-06-16T20:34:13.017+0000][3704][gc,age       ] GC(7) Desired survivor size 8716288 bytes, new threshold 6 (max threshold 6)
[2022-06-16T20:34:13.017+0000][3704][gc,age       ] GC(7) Age table with threshold 6 (max threshold 6)
[2022-06-16T20:34:13.017+0000][3704][gc,age       ] GC(7) - age   1:    1541656 bytes,    1541656 total
[2022-06-16T20:34:13.017+0000][3704][gc,age       ] GC(7) - age   2:     545952 bytes,    2087608 total
[2022-06-16T20:34:13.017+0000][3704][gc,age       ] GC(7) - age   3:    1759608 bytes,    3847216 total
[2022-06-16T20:34:13.017+0000][3704][gc,age       ] GC(7) - age   4:     291032 bytes,    4138248 total
[2022-06-16T20:34:13.017+0000][3704][gc,age       ] GC(7) - age   5:    1683736 bytes,    5821984 total
[2022-06-16T20:34:13.017+0000][3704][gc,age       ] GC(7) - age   6:    1673776 bytes,    7495760 total
[2022-06-16T20:34:13.017+0000][3704][gc,heap      ] GC(7) ParNew: 147234K->11058K(153344K)
[2022-06-16T20:34:13.017+0000][3704][gc,heap      ] GC(7) CMS: 8929K->8929K(878208K)
[2022-06-16T20:34:13.017+0000][3704][gc,metaspace ] GC(7) Metaspace: 26788K->26788K(1075200K)
[2022-06-16T20:34:13.017+0000][3704][gc           ] GC(7) Pause Young (Allocation Failure) 152M->19M(1007M) 8.345ms
[2022-06-16T20:34:13.017+0000][3704][gc,cpu       ] GC(7) User=0.00s Sys=0.00s Real=0.00s
[2022-06-16T20:34:13.017+0000][3704][safepoint    ] Leaving safepoint region
[2022-06-16T20:34:13.017+0000][3704][safepoint    ] Total time for which application threads were stopped: 0.0085249 seconds, Stopping threads took: 0.0000222 seconds
[2022-06-16T20:34:13.751+0000][3704][safepoint    ] Application time: 0.7240490 seconds
[2022-06-16T20:34:13.751+0000][3704][safepoint    ] Entering safepoint region: GenCollectForAllocation
[2022-06-16T20:34:13.751+0000][3704][gc,start     ] GC(8) Pause Young (Allocation Failure)
[2022-06-16T20:34:13.751+0000][3704][gc,task      ] GC(8) Using 2 workers of 2 for evacuation
[2022-06-16T20:34:13.751+0000][3704][gc,age       ] GC(8) Desired survivor size 8716288 bytes, new threshold 6 (max threshold 6)
[2022-06-16T20:34:13.751+0000][3704][gc,age       ] GC(8) Age table with threshold 6 (max threshold 6)
[2022-06-16T20:34:13.751+0000][3704][gc,age       ] GC(8) - age   1:    1115760 bytes,    1115760 total
[2022-06-16T20:34:13.751+0000][3704][gc,age       ] GC(8) - age   2:    1527512 bytes,    2643272 total
[2022-06-16T20:34:13.751+0000][3704][gc,age       ] GC(8) - age   3:     545848 bytes,    3189120 total
[2022-06-16T20:34:13.751+0000][3704][gc,age       ] GC(8) - age   4:    1759320 bytes,    4948440 total
[2022-06-16T20:34:13.751+0000][3704][gc,age       ] GC(8) - age   5:     291032 bytes,    5239472 total
[2022-06-16T20:34:13.751+0000][3704][gc,age       ] GC(8) - age   6:    1683736 bytes,    6923208 total
[2022-06-16T20:34:13.751+0000][3704][gc,heap      ] GC(8) ParNew: 147378K->10999K(153344K)
[2022-06-16T20:34:13.751+0000][3704][gc,heap      ] GC(8) CMS: 8929K->10579K(878208K)
[2022-06-16T20:34:13.751+0000][3704][gc,metaspace ] GC(8) Metaspace: 27227K->27227K(1075200K)
[2022-06-16T20:34:13.751+0000][3704][gc           ] GC(8) Pause Young (Allocation Failure) 152M->21M(1007M) 9.989ms
[2022-06-16T20:34:13.751+0000][3704][gc,cpu       ] GC(8) User=0.00s Sys=0.00s Real=0.00s
[2022-06-16T20:34:13.751+0000][3704][safepoint    ] Leaving safepoint region
[2022-06-16T20:34:13.751+0000][3704][safepoint    ] Total time for which application threads were stopped: 0.0101650 seconds, Stopping threads took: 0.0000230 seconds
[2022-06-16T20:34:14.142+0000][3704][safepoint    ] Application time: 0.3788779 seconds
[2022-06-16T20:34:14.142+0000][3704][safepoint    ] Entering safepoint region: GenCollectForAllocation
[2022-06-16T20:34:14.142+0000][3704][gc,start     ] GC(9) Pause Young (Allocation Failure)
[2022-06-16T20:34:14.142+0000][3704][gc,task      ] GC(9) Using 2 workers of 2 for evacuation
[2022-06-16T20:34:14.142+0000][3704][gc,age       ] GC(9) Desired survivor size 8716288 bytes, new threshold 6 (max threshold 6)
[2022-06-16T20:34:14.142+0000][3704][gc,age       ] GC(9) Age table with threshold 6 (max threshold 6)
[2022-06-16T20:34:14.142+0000][3704][gc,age       ] GC(9) - age   1:     481512 bytes,     481512 total
[2022-06-16T20:34:14.142+0000][3704][gc,age       ] GC(9) - age   2:     312616 bytes,     794128 total
[2022-06-16T20:34:14.142+0000][3704][gc,age       ] GC(9) - age   3:    1527392 bytes,    2321520 total
[2022-06-16T20:34:14.142+0000][3704][gc,age       ] GC(9) - age   4:     545848 bytes,    2867368 total
[2022-06-16T20:34:14.142+0000][3704][gc,age       ] GC(9) - age   5:    1759320 bytes,    4626688 total
[2022-06-16T20:34:14.142+0000][3704][gc,age       ] GC(9) - age   6:     291032 bytes,    4917720 total
[2022-06-16T20:34:14.142+0000][3704][gc,heap      ] GC(9) ParNew: 147319K->10355K(153344K)
[2022-06-16T20:34:14.142+0000][3704][gc,heap      ] GC(9) CMS: 10579K->12237K(878208K)
[2022-06-16T20:34:14.142+0000][3704][gc,metaspace ] GC(9) Metaspace: 27458K->27458K(1075200K)
[2022-06-16T20:34:14.142+0000][3704][gc           ] GC(9) Pause Young (Allocation Failure) 154M->22M(1007M) 10.447ms
[2022-06-16T20:34:14.142+0000][3704][gc,cpu       ] GC(9) User=0.00s Sys=0.00s Real=0.00s
[2022-06-16T20:34:14.142+0000][3704][safepoint    ] Leaving safepoint region
[2022-06-16T20:34:14.142+0000][3704][safepoint    ] Total time for which application threads were stopped: 0.0106105 seconds, Stopping threads took: 0.0000254 seconds
[2022-06-16T20:34:14.595+0000][3704][safepoint    ] Application time: 0.4427599 seconds
[2022-06-16T20:34:14.595+0000][3704][safepoint    ] Entering safepoint region: GenCollectForAllocation
[2022-06-16T20:34:14.595+0000][3704][gc,start     ] GC(10) Pause Young (Allocation Failure)
[2022-06-16T20:34:14.595+0000][3704][gc,task      ] GC(10) Using 2 workers of 2 for evacuation
[2022-06-16T20:34:14.595+0000][3704][gc,age       ] GC(10) Desired survivor size 8716288 bytes, new threshold 6 (max threshold 6)
[2022-06-16T20:34:14.595+0000][3704][gc,age       ] GC(10) Age table with threshold 6 (max threshold 6)
[2022-06-16T20:34:14.595+0000][3704][gc,age       ] GC(10) - age   1:     939776 bytes,     939776 total
[2022-06-16T20:34:14.595+0000][3704][gc,age       ] GC(10) - age   2:     192096 bytes,    1131872 total
[2022-06-16T20:34:14.595+0000][3704][gc,age       ] GC(10) - age   3:     312616 bytes,    1444488 total
[2022-06-16T20:34:14.595+0000][3704][gc,age       ] GC(10) - age   4:    1527392 bytes,    2971880 total
[2022-06-16T20:34:14.595+0000][3704][gc,age       ] GC(10) - age   5:     545848 bytes,    3517728 total
[2022-06-16T20:34:14.595+0000][3704][gc,age       ] GC(10) - age   6:    1758432 bytes,    5276160 total
[2022-06-16T20:34:14.595+0000][3704][gc,heap      ] GC(10) ParNew: 146675K->5290K(153344K)
[2022-06-16T20:34:14.595+0000][3704][gc,heap      ] GC(10) CMS: 12237K->12523K(878208K)
[2022-06-16T20:34:14.595+0000][3704][gc,metaspace ] GC(10) Metaspace: 27680K->27680K(1075200K)
[2022-06-16T20:34:14.595+0000][3704][gc           ] GC(10) Pause Young (Allocation Failure) 155M->17M(1007M) 6.335ms
[2022-06-16T20:34:14.595+0000][3704][gc,cpu       ] GC(10) User=0.00s Sys=0.00s Real=0.00s
[2022-06-16T20:34:14.595+0000][3704][safepoint    ] Leaving safepoint region
[2022-06-16T20:34:14.595+0000][3704][safepoint    ] Total time for which application threads were stopped: 0.0065105 seconds, Stopping threads took: 0.0000274 seconds
[2022-06-16T20:34:15.251+0000][3704][safepoint    ] Application time: 0.6608073 seconds
[2022-06-16T20:34:15.251+0000][3704][safepoint    ] Entering safepoint region: GenCollectForAllocation
[2022-06-16T20:34:15.251+0000][3704][gc,start     ] GC(11) Pause Young (Allocation Failure)
[2022-06-16T20:34:15.251+0000][3704][gc,task      ] GC(11) Using 2 workers of 2 for evacuation
[2022-06-16T20:34:15.267+0000][3704][gc,age       ] GC(11) Desired survivor size 8716288 bytes, new threshold 6 (max threshold 6)
[2022-06-16T20:34:15.267+0000][3704][gc,age       ] GC(11) Age table with threshold 6 (max threshold 6)
[2022-06-16T20:34:15.267+0000][3704][gc,age       ] GC(11) - age   1:     330296 bytes,     330296 total
[2022-06-16T20:34:15.267+0000][3704][gc,age       ] GC(11) - age   2:     123632 bytes,     453928 total
[2022-06-16T20:34:15.267+0000][3704][gc,age       ] GC(11) - age   3:     192096 bytes,     646024 total
[2022-06-16T20:34:15.267+0000][3704][gc,age       ] GC(11) - age   4:     312464 bytes,     958488 total
[2022-06-16T20:34:15.267+0000][3704][gc,age       ] GC(11) - age   5:    1527392 bytes,    2485880 total
[2022-06-16T20:34:15.267+0000][3704][gc,age       ] GC(11) - age   6:     545848 bytes,    3031728 total
[2022-06-16T20:34:15.267+0000][3704][gc,heap      ] GC(11) ParNew: 141610K->7119K(153344K)
[2022-06-16T20:34:15.267+0000][3704][gc,heap      ] GC(11) CMS: 12523K->14249K(878208K)
[2022-06-16T20:34:15.267+0000][3704][gc,metaspace ] GC(11) Metaspace: 27723K->27723K(1075200K)
[2022-06-16T20:34:15.267+0000][3704][gc           ] GC(11) Pause Young (Allocation Failure) 150M->20M(1007M) 5.636ms
[2022-06-16T20:34:15.267+0000][3704][gc,cpu       ] GC(11) User=0.03s Sys=0.00s Real=0.02s
[2022-06-16T20:34:15.267+0000][3704][safepoint    ] Leaving safepoint region
[2022-06-16T20:34:15.267+0000][3704][safepoint    ] Total time for which application threads were stopped: 0.0058015 seconds, Stopping threads took: 0.0000260 seconds
[2022-06-16T20:34:15.939+0000][3704][safepoint    ] Application time: 0.6709688 seconds
[2022-06-16T20:34:15.939+0000][3704][safepoint    ] Entering safepoint region: GenCollectForAllocation
[2022-06-16T20:34:15.939+0000][3704][gc,start     ] GC(12) Pause Young (Allocation Failure)
[2022-06-16T20:34:15.939+0000][3704][gc,task      ] GC(12) Using 2 workers of 2 for evacuation
[2022-06-16T20:34:15.939+0000][3704][gc,age       ] GC(12) Desired survivor size 8716288 bytes, new threshold 6 (max threshold 6)
[2022-06-16T20:34:15.939+0000][3704][gc,age       ] GC(12) Age table with threshold 6 (max threshold 6)
[2022-06-16T20:34:15.939+0000][3704][gc,age       ] GC(12) - age   1:    1357744 bytes,    1357744 total
[2022-06-16T20:34:15.939+0000][3704][gc,age       ] GC(12) - age   2:      81464 bytes,    1439208 total
[2022-06-16T20:34:15.939+0000][3704][gc,age       ] GC(12) - age   3:     123568 bytes,    1562776 total
[2022-06-16T20:34:15.939+0000][3704][gc,age       ] GC(12) - age   4:     192096 bytes,    1754872 total
[2022-06-16T20:34:15.939+0000][3704][gc,age       ] GC(12) - age   5:     312464 bytes,    2067336 total
[2022-06-16T20:34:15.939+0000][3704][gc,age       ] GC(12) - age   6:    1527392 bytes,    3594728 total
[2022-06-16T20:34:15.939+0000][3704][gc,heap      ] GC(12) ParNew: 143439K->3573K(153344K)
[2022-06-16T20:34:15.939+0000][3704][gc,heap      ] GC(12) CMS: 14249K->14784K(878208K)
[2022-06-16T20:34:15.939+0000][3704][gc,metaspace ] GC(12) Metaspace: 27758K->27758K(1075200K)
[2022-06-16T20:34:15.939+0000][3704][gc           ] GC(12) Pause Young (Allocation Failure) 153M->17M(1007M) 12.335ms
[2022-06-16T20:34:15.939+0000][3704][gc,cpu       ] GC(12) User=0.00s Sys=0.00s Real=0.00s
[2022-06-16T20:34:15.939+0000][3704][safepoint    ] Leaving safepoint region
[2022-06-16T20:34:15.939+0000][3704][safepoint    ] Total time for which application threads were stopped: 0.0124966 seconds, Stopping threads took: 0.0000260 seconds
[2022-06-16T20:34:16.157+0000][3704][safepoint    ] Application time: 0.2058412 seconds
[2022-06-16T20:34:16.157+0000][3704][safepoint    ] Entering safepoint region: Deoptimize
[2022-06-16T20:34:16.157+0000][3704][safepoint    ] Leaving safepoint region
[2022-06-16T20:34:16.157+0000][3704][safepoint    ] Total time for which application threads were stopped: 0.0004628 seconds, Stopping threads took: 0.0000256 seconds
[2022-06-16T20:34:16.407+0000][3704][safepoint    ] Application time: 0.2636792 seconds
[2022-06-16T20:34:16.423+0000][3704][safepoint    ] Entering safepoint region: Deoptimize
[2022-06-16T20:34:16.439+0000][3704][safepoint    ] Leaving safepoint region
[2022-06-16T20:34:16.439+0000][3704][safepoint    ] Total time for which application threads were stopped: 0.0163225 seconds, Stopping threads took: 0.0157680 seconds
[2022-06-16T20:34:16.814+0000][3704][safepoint    ] Application time: 0.3882746 seconds
[2022-06-16T20:34:16.814+0000][3704][safepoint    ] Entering safepoint region: GenCollectForAllocation
[2022-06-16T20:34:16.814+0000][3704][gc,start     ] GC(13) Pause Young (Allocation Failure)
[2022-06-16T20:34:16.814+0000][3704][gc,task      ] GC(13) Using 2 workers of 2 for evacuation
[2022-06-16T20:34:16.829+0000][3704][gc,age       ] GC(13) Desired survivor size 8716288 bytes, new threshold 6 (max threshold 6)
[2022-06-16T20:34:16.829+0000][3704][gc,age       ] GC(13) Age table with threshold 6 (max threshold 6)
[2022-06-16T20:34:16.829+0000][3704][gc,age       ] GC(13) - age   1:    3701512 bytes,    3701512 total
[2022-06-16T20:34:16.829+0000][3704][gc,age       ] GC(13) - age   2:     265728 bytes,    3967240 total
[2022-06-16T20:34:16.829+0000][3704][gc,age       ] GC(13) - age   3:      81360 bytes,    4048600 total
[2022-06-16T20:34:16.829+0000][3704][gc,age       ] GC(13) - age   4:     123568 bytes,    4172168 total
[2022-06-16T20:34:16.829+0000][3704][gc,age       ] GC(13) - age   5:     192032 bytes,    4364200 total
[2022-06-16T20:34:16.829+0000][3704][gc,age       ] GC(13) - age   6:     312464 bytes,    4676664 total
[2022-06-16T20:34:16.829+0000][3704][gc,heap      ] GC(13) ParNew: 139893K->5493K(153344K)
[2022-06-16T20:34:16.829+0000][3704][gc,heap      ] GC(13) CMS: 14784K->16278K(878208K)
[2022-06-16T20:34:16.829+0000][3704][gc,metaspace ] GC(13) Metaspace: 29639K->29639K(1077248K)
[2022-06-16T20:34:16.829+0000][3704][gc           ] GC(13) Pause Young (Allocation Failure) 151M->21M(1007M) 15.011ms
[2022-06-16T20:34:16.829+0000][3704][gc,cpu       ] GC(13) User=0.03s Sys=0.00s Real=0.02s
[2022-06-16T20:34:16.829+0000][3704][safepoint    ] Leaving safepoint region
[2022-06-16T20:34:16.829+0000][3704][safepoint    ] Total time for which application threads were stopped: 0.0153227 seconds, Stopping threads took: 0.0000270 seconds
[2022-06-16T20:34:17.454+0000][3704][safepoint    ] Application time: 0.6229273 seconds
[2022-06-16T20:34:17.454+0000][3704][safepoint    ] Entering safepoint region: GenCollectForAllocation
[2022-06-16T20:34:17.454+0000][3704][gc,start     ] GC(14) Pause Young (Allocation Failure)
[2022-06-16T20:34:17.454+0000][3704][gc,task      ] GC(14) Using 2 workers of 2 for evacuation
[2022-06-16T20:34:17.470+0000][3704][gc,age       ] GC(14) Desired survivor size 8716288 bytes, new threshold 6 (max threshold 6)
[2022-06-16T20:34:17.470+0000][3704][gc,age       ] GC(14) Age table with threshold 6 (max threshold 6)
[2022-06-16T20:34:17.470+0000][3704][gc,age       ] GC(14) - age   1:    1271712 bytes,    1271712 total
[2022-06-16T20:34:17.470+0000][3704][gc,age       ] GC(14) - age   2:    1480608 bytes,    2752320 total
[2022-06-16T20:34:17.470+0000][3704][gc,age       ] GC(14) - age   3:     265728 bytes,    3018048 total
[2022-06-16T20:34:17.470+0000][3704][gc,age       ] GC(14) - age   4:      81360 bytes,    3099408 total
[2022-06-16T20:34:17.470+0000][3704][gc,age       ] GC(14) - age   5:     123568 bytes,    3222976 total
[2022-06-16T20:34:17.470+0000][3704][gc,age       ] GC(14) - age   6:     192032 bytes,    3415008 total
[2022-06-16T20:34:17.470+0000][3704][gc,heap      ] GC(14) ParNew: 141813K->5374K(153344K)
[2022-06-16T20:34:17.470+0000][3704][gc,heap      ] GC(14) CMS: 16278K->16586K(878208K)
[2022-06-16T20:34:17.470+0000][3704][gc,metaspace ] GC(14) Metaspace: 29840K->29840K(1077248K)
[2022-06-16T20:34:17.470+0000][3704][gc           ] GC(14) Pause Young (Allocation Failure) 154M->21M(1007M) 6.554ms
[2022-06-16T20:34:17.470+0000][3704][gc,cpu       ] GC(14) User=0.03s Sys=0.00s Real=0.02s
[2022-06-16T20:34:17.470+0000][3704][safepoint    ] Leaving safepoint region
[2022-06-16T20:34:17.470+0000][3704][safepoint    ] Total time for which application threads were stopped: 0.0067179 seconds, Stopping threads took: 0.0000266 seconds
[2022-06-16T20:34:17.860+0000][3704][safepoint    ] Application time: 0.3962835 seconds
[2022-06-16T20:34:17.860+0000][3704][safepoint    ] Entering safepoint region: GenCollectForAllocation
[2022-06-16T20:34:17.860+0000][3704][gc,start     ] GC(15) Pause Young (Allocation Failure)
[2022-06-16T20:34:17.860+0000][3704][gc,task      ] GC(15) Using 2 workers of 2 for evacuation
[2022-06-16T20:34:17.860+0000][3704][gc,age       ] GC(15) Desired survivor size 8716288 bytes, new threshold 6 (max threshold 6)
[2022-06-16T20:34:17.860+0000][3704][gc,age       ] GC(15) Age table with threshold 6 (max threshold 6)
[2022-06-16T20:34:17.860+0000][3704][gc,age       ] GC(15) - age   1:     411352 bytes,     411352 total
[2022-06-16T20:34:17.860+0000][3704][gc,age       ] GC(15) - age   2:     472408 bytes,     883760 total
[2022-06-16T20:34:17.860+0000][3704][gc,age       ] GC(15) - age   3:    1480608 bytes,    2364368 total
[2022-06-16T20:34:17.860+0000][3704][gc,age       ] GC(15) - age   4:     265728 bytes,    2630096 total
[2022-06-16T20:34:17.860+0000][3704][gc,age       ] GC(15) - age   5:      81144 bytes,    2711240 total
[2022-06-16T20:34:17.860+0000][3704][gc,age       ] GC(15) - age   6:     123568 bytes,    2834808 total
[2022-06-16T20:34:17.860+0000][3704][gc,heap      ] GC(15) ParNew: 141694K->5095K(153344K)
[2022-06-16T20:34:17.860+0000][3704][gc,heap      ] GC(15) CMS: 16586K->16783K(878208K)
[2022-06-16T20:34:17.860+0000][3704][gc,metaspace ] GC(15) Metaspace: 29914K->29914K(1077248K)
[2022-06-16T20:34:17.860+0000][3704][gc           ] GC(15) Pause Young (Allocation Failure) 154M->21M(1007M) 5.375ms
[2022-06-16T20:34:17.860+0000][3704][gc,cpu       ] GC(15) User=0.00s Sys=0.00s Real=0.00s
[2022-06-16T20:34:17.860+0000][3704][safepoint    ] Leaving safepoint region
[2022-06-16T20:34:17.860+0000][3704][safepoint    ] Total time for which application threads were stopped: 0.0055372 seconds, Stopping threads took: 0.0000266 seconds
[2022-06-16T20:34:18.579+0000][3704][safepoint    ] Application time: 0.7093330 seconds
[2022-06-16T20:34:18.579+0000][3704][safepoint    ] Entering safepoint region: GenCollectForAllocation
[2022-06-16T20:34:18.579+0000][3704][gc,start     ] GC(16) Pause Young (Allocation Failure)
[2022-06-16T20:34:18.579+0000][3704][gc,task      ] GC(16) Using 2 workers of 2 for evacuation
[2022-06-16T20:34:18.579+0000][3704][gc,age       ] GC(16) Desired survivor size 8716288 bytes, new threshold 6 (max threshold 6)
[2022-06-16T20:34:18.579+0000][3704][gc,age       ] GC(16) Age table with threshold 6 (max threshold 6)
[2022-06-16T20:34:18.579+0000][3704][gc,age       ] GC(16) - age   1:    1019128 bytes,    1019128 total
[2022-06-16T20:34:18.579+0000][3704][gc,age       ] GC(16) - age   2:     230480 bytes,    1249608 total
[2022-06-16T20:34:18.579+0000][3704][gc,age       ] GC(16) - age   3:     472408 bytes,    1722016 total
[2022-06-16T20:34:18.579+0000][3704][gc,age       ] GC(16) - age   4:    1480608 bytes,    3202624 total
[2022-06-16T20:34:18.579+0000][3704][gc,age       ] GC(16) - age   5:     265728 bytes,    3468352 total
[2022-06-16T20:34:18.579+0000][3704][gc,age       ] GC(16) - age   6:      81144 bytes,    3549496 total
[2022-06-16T20:34:18.579+0000][3704][gc,heap      ] GC(16) ParNew: 141415K->4834K(153344K)
[2022-06-16T20:34:18.579+0000][3704][gc,heap      ] GC(16) CMS: 16783K->16907K(878208K)
[2022-06-16T20:34:18.579+0000][3704][gc,metaspace ] GC(16) Metaspace: 29928K->29928K(1077248K)
[2022-06-16T20:34:18.579+0000][3704][gc           ] GC(16) Pause Young (Allocation Failure) 154M->21M(1007M) 6.197ms
[2022-06-16T20:34:18.579+0000][3704][gc,cpu       ] GC(16) User=0.00s Sys=0.00s Real=0.00s
[2022-06-16T20:34:18.579+0000][3704][safepoint    ] Leaving safepoint region
[2022-06-16T20:34:18.579+0000][3704][safepoint    ] Total time for which application threads were stopped: 0.0063590 seconds, Stopping threads took: 0.0000263 seconds
[2022-06-16T20:34:18.939+0000][3704][safepoint    ] Application time: 0.3565057 seconds
[2022-06-16T20:34:18.939+0000][3704][safepoint    ] Entering safepoint region: GenCollectForAllocation
[2022-06-16T20:34:18.939+0000][3704][gc,start     ] GC(17) Pause Young (Allocation Failure)
[2022-06-16T20:34:18.939+0000][3704][gc,task      ] GC(17) Using 2 workers of 2 for evacuation
[2022-06-16T20:34:18.954+0000][3704][gc,age       ] GC(17) Desired survivor size 8716288 bytes, new threshold 6 (max threshold 6)
[2022-06-16T20:34:18.954+0000][3704][gc,age       ] GC(17) Age table with threshold 6 (max threshold 6)
[2022-06-16T20:34:18.954+0000][3704][gc,age       ] GC(17) - age   1:    2439544 bytes,    2439544 total
[2022-06-16T20:34:18.954+0000][3704][gc,age       ] GC(17) - age   2:      44504 bytes,    2484048 total
[2022-06-16T20:34:18.954+0000][3704][gc,age       ] GC(17) - age   3:     230480 bytes,    2714528 total
[2022-06-16T20:34:18.954+0000][3704][gc,age       ] GC(17) - age   4:     472408 bytes,    3186936 total
[2022-06-16T20:34:18.954+0000][3704][gc,age       ] GC(17) - age   5:    1480520 bytes,    4667456 total
[2022-06-16T20:34:18.954+0000][3704][gc,age       ] GC(17) - age   6:     265728 bytes,    4933184 total
[2022-06-16T20:34:18.954+0000][3704][gc,heap      ] GC(17) ParNew: 141154K->6165K(153344K)
[2022-06-16T20:34:18.954+0000][3704][gc,heap      ] GC(17) CMS: 16907K->16988K(878208K)
[2022-06-16T20:34:18.954+0000][3704][gc,metaspace ] GC(17) Metaspace: 29981K->29981K(1077248K)
[2022-06-16T20:34:18.954+0000][3704][gc           ] GC(17) Pause Young (Allocation Failure) 154M->22M(1007M) 13.655ms
[2022-06-16T20:34:18.954+0000][3704][gc,cpu       ] GC(17) User=0.02s Sys=0.00s Real=0.02s
[2022-06-16T20:34:18.954+0000][3704][safepoint    ] Leaving safepoint region
[2022-06-16T20:34:18.954+0000][3704][safepoint    ] Total time for which application threads were stopped: 0.0138223 seconds, Stopping threads took: 0.0000230 seconds
[2022-06-16T20:34:19.298+0000][3704][safepoint    ] Application time: 0.3505306 seconds
[2022-06-16T20:34:19.298+0000][3704][safepoint    ] Entering safepoint region: RevokeBias
[2022-06-16T20:34:19.298+0000][3704][safepoint    ] Leaving safepoint region
[2022-06-16T20:34:19.298+0000][3704][safepoint    ] Total time for which application threads were stopped: 0.0000877 seconds, Stopping threads took: 0.0000250 seconds
[2022-06-16T20:34:19.314+0000][3704][safepoint    ] Application time: 0.0050048 seconds
[2022-06-16T20:34:19.314+0000][3704][safepoint    ] Entering safepoint region: RevokeBias
[2022-06-16T20:34:19.314+0000][3704][safepoint    ] Leaving safepoint region
[2022-06-16T20:34:19.314+0000][3704][safepoint    ] Total time for which application threads were stopped: 0.0000798 seconds, Stopping threads took: 0.0000237 seconds
[2022-06-16T20:34:19.673+0000][3704][safepoint    ] Application time: 0.3689079 seconds
[2022-06-16T20:34:19.673+0000][3704][safepoint    ] Entering safepoint region: Deoptimize
[2022-06-16T20:34:19.673+0000][3704][safepoint    ] Leaving safepoint region
[2022-06-16T20:34:19.673+0000][3704][safepoint    ] Total time for which application threads were stopped: 0.0004835 seconds, Stopping threads took: 0.0000256 seconds
[2022-06-16T20:34:20.673+0000][3704][safepoint    ] Application time: 0.9872606 seconds
[2022-06-16T20:34:20.673+0000][3704][safepoint    ] Entering safepoint region: Cleanup
[2022-06-16T20:34:20.673+0000][3704][safepoint    ] Leaving safepoint region
[2022-06-16T20:34:20.673+0000][3704][safepoint    ] Total time for which application threads were stopped: 0.0000693 seconds, Stopping threads took: 0.0000239 seconds
[2022-06-16T20:34:21.673+0000][3704][safepoint    ] Application time: 0.9998456 seconds
[2022-06-16T20:34:21.673+0000][3704][safepoint    ] Entering safepoint region: Cleanup
[2022-06-16T20:34:21.673+0000][3704][safepoint    ] Leaving safepoint region
[2022-06-16T20:34:21.673+0000][3704][safepoint    ] Total time for which application threads were stopped: 0.0001174 seconds, Stopping threads took: 0.0000246 seconds
[2022-06-16T20:34:22.532+0000][3704][safepoint    ] Application time: 0.8688647 seconds
[2022-06-16T20:34:22.548+0000][3704][safepoint    ] Entering safepoint region: GenCollectForAllocation
[2022-06-16T20:34:22.548+0000][3704][gc,start     ] GC(18) Pause Young (Allocation Failure)
[2022-06-16T20:34:22.548+0000][3704][gc,task      ] GC(18) Using 2 workers of 2 for evacuation
[2022-06-16T20:34:22.564+0000][3704][gc,age       ] GC(18) Desired survivor size 8716288 bytes, new threshold 6 (max threshold 6)
[2022-06-16T20:34:22.564+0000][3704][gc,age       ] GC(18) Age table with threshold 6 (max threshold 6)
[2022-06-16T20:34:22.564+0000][3704][gc,age       ] GC(18) - age   1:    2124728 bytes,    2124728 total
[2022-06-16T20:34:22.564+0000][3704][gc,age       ] GC(18) - age   2:     286440 bytes,    2411168 total
[2022-06-16T20:34:22.564+0000][3704][gc,age       ] GC(18) - age   3:      44144 bytes,    2455312 total
[2022-06-16T20:34:22.564+0000][3704][gc,age       ] GC(18) - age   4:     230368 bytes,    2685680 total
[2022-06-16T20:34:22.564+0000][3704][gc,age       ] GC(18) - age   5:     471784 bytes,    3157464 total
[2022-06-16T20:34:22.564+0000][3704][gc,age       ] GC(18) - age   6:    1477848 bytes,    4635312 total
[2022-06-16T20:34:22.564+0000][3704][gc,heap      ] GC(18) ParNew: 142485K->6318K(153344K)
[2022-06-16T20:34:22.564+0000][3704][gc,heap      ] GC(18) CMS: 16988K->17248K(878208K)
[2022-06-16T20:34:22.564+0000][3704][gc,metaspace ] GC(18) Metaspace: 35353K->35353K(1083392K)
[2022-06-16T20:34:22.564+0000][3704][gc           ] GC(18) Pause Young (Allocation Failure) 155M->23M(1007M) 9.590ms
[2022-06-16T20:34:22.564+0000][3704][gc,cpu       ] GC(18) User=0.02s Sys=0.00s Real=0.02s
[2022-06-16T20:34:22.564+0000][3704][safepoint    ] Leaving safepoint region
[2022-06-16T20:34:22.564+0000][3704][safepoint    ] Total time for which application threads were stopped: 0.0219006 seconds, Stopping threads took: 0.0120295 seconds
[2022-06-16T20:34:22.564+0000][3704][safepoint    ] Application time: 0.0004820 seconds
[2022-06-16T20:34:22.564+0000][3704][safepoint    ] Entering safepoint region: RevokeBias
[2022-06-16T20:34:22.564+0000][3704][safepoint    ] Leaving safepoint region
[2022-06-16T20:34:22.564+0000][3704][safepoint    ] Total time for which application threads were stopped: 0.0001025 seconds, Stopping threads took: 0.0000213 seconds
[2022-06-16T20:34:22.564+0000][3704][safepoint    ] Application time: 0.0000787 seconds
[2022-06-16T20:34:22.564+0000][3704][safepoint    ] Entering safepoint region: RevokeBias
[2022-06-16T20:34:22.564+0000][3704][safepoint    ] Leaving safepoint region
[2022-06-16T20:34:22.564+0000][3704][safepoint    ] Total time for which application threads were stopped: 0.0000744 seconds, Stopping threads took: 0.0000189 seconds
[2022-06-16T20:34:22.564+0000][3704][safepoint    ] Application time: 0.0000173 seconds
[2022-06-16T20:34:22.564+0000][3704][safepoint    ] Entering safepoint region: RevokeBias
[2022-06-16T20:34:22.564+0000][3704][safepoint    ] Leaving safepoint region
[2022-06-16T20:34:22.564+0000][3704][safepoint    ] Total time for which application threads were stopped: 0.0000671 seconds, Stopping threads took: 0.0000180 seconds
[2022-06-16T20:34:22.564+0000][3704][safepoint    ] Application time: 0.0000267 seconds
[2022-06-16T20:34:22.564+0000][3704][safepoint    ] Entering safepoint region: RevokeBias
[2022-06-16T20:34:22.564+0000][3704][safepoint    ] Leaving safepoint region
[2022-06-16T20:34:22.564+0000][3704][safepoint    ] Total time for which application threads were stopped: 0.0000650 seconds, Stopping threads took: 0.0000147 seconds
[2022-06-16T20:34:22.564+0000][3704][safepoint    ] Application time: 0.0000230 seconds
[2022-06-16T20:34:22.564+0000][3704][safepoint    ] Entering safepoint region: RevokeBias
[2022-06-16T20:34:22.564+0000][3704][safepoint    ] Leaving safepoint region
[2022-06-16T20:34:22.564+0000][3704][safepoint    ] Total time for which application threads were stopped: 0.0000673 seconds, Stopping threads took: 0.0000156 seconds
[2022-06-16T20:34:22.564+0000][3704][safepoint    ] Application time: 0.0000212 seconds
[2022-06-16T20:34:22.564+0000][3704][safepoint    ] Entering safepoint region: RevokeBias
[2022-06-16T20:34:22.564+0000][3704][safepoint    ] Leaving safepoint region
[2022-06-16T20:34:22.564+0000][3704][safepoint    ] Total time for which application threads were stopped: 0.0000683 seconds, Stopping threads took: 0.0000159 seconds
[2022-06-16T20:34:22.564+0000][3704][safepoint    ] Application time: 0.0000235 seconds
[2022-06-16T20:34:22.564+0000][3704][safepoint    ] Entering safepoint region: RevokeBias
[2022-06-16T20:34:22.564+0000][3704][safepoint    ] Leaving safepoint region
[2022-06-16T20:34:22.564+0000][3704][safepoint    ] Total time for which application threads were stopped: 0.0029385 seconds, Stopping threads took: 0.0028655 seconds
[2022-06-16T20:34:22.564+0000][3704][safepoint    ] Application time: 0.0000449 seconds
[2022-06-16T20:34:22.564+0000][3704][safepoint    ] Entering safepoint region: RevokeBias
[2022-06-16T20:34:22.564+0000][3704][safepoint    ] Leaving safepoint region
[2022-06-16T20:34:22.564+0000][3704][safepoint    ] Total time for which application threads were stopped: 0.0000759 seconds, Stopping threads took: 0.0000322 seconds
[2022-06-16T20:34:22.564+0000][3704][safepoint    ] Application time: 0.0000231 seconds
[2022-06-16T20:34:22.564+0000][3704][safepoint    ] Entering safepoint region: RevokeBias
[2022-06-16T20:34:22.564+0000][3704][safepoint    ] Leaving safepoint region
[2022-06-16T20:34:22.564+0000][3704][safepoint    ] Total time for which application threads were stopped: 0.0000844 seconds, Stopping threads took: 0.0000398 seconds
[2022-06-16T20:34:22.564+0000][3704][safepoint    ] Application time: 0.0000207 seconds
[2022-06-16T20:34:22.564+0000][3704][safepoint    ] Entering safepoint region: RevokeBias
[2022-06-16T20:34:22.564+0000][3704][safepoint    ] Leaving safepoint region
[2022-06-16T20:34:22.564+0000][3704][safepoint    ] Total time for which application threads were stopped: 0.0002204 seconds, Stopping threads took: 0.0001772 seconds
[2022-06-16T20:34:22.564+0000][3704][safepoint    ] Application time: 0.0000399 seconds
[2022-06-16T20:34:22.564+0000][3704][safepoint    ] Entering safepoint region: RevokeBias
[2022-06-16T20:34:22.564+0000][3704][safepoint    ] Leaving safepoint region
[2022-06-16T20:34:22.564+0000][3704][safepoint    ] Total time for which application threads were stopped: 0.0001605 seconds, Stopping threads took: 0.0001085 seconds
[2022-06-16T20:34:22.564+0000][3704][safepoint    ] Application time: 0.0000222 seconds
[2022-06-16T20:34:22.564+0000][3704][safepoint    ] Entering safepoint region: RevokeBias
[2022-06-16T20:34:22.564+0000][3704][safepoint    ] Leaving safepoint region
[2022-06-16T20:34:22.564+0000][3704][safepoint    ] Total time for which application threads were stopped: 0.0001172 seconds, Stopping threads took: 0.0000738 seconds
[2022-06-16T20:34:22.564+0000][3704][safepoint    ] Application time: 0.0000230 seconds
[2022-06-16T20:34:22.564+0000][3704][safepoint    ] Entering safepoint region: RevokeBias
[2022-06-16T20:34:22.564+0000][3704][safepoint    ] Leaving safepoint region
[2022-06-16T20:34:22.564+0000][3704][safepoint    ] Total time for which application threads were stopped: 0.0001640 seconds, Stopping threads took: 0.0001202 seconds
[2022-06-16T20:34:22.564+0000][3704][safepoint    ] Application time: 0.0000247 seconds
[2022-06-16T20:34:22.564+0000][3704][safepoint    ] Entering safepoint region: RevokeBias
[2022-06-16T20:34:22.564+0000][3704][safepoint    ] Leaving safepoint region
[2022-06-16T20:34:22.564+0000][3704][safepoint    ] Total time for which application threads were stopped: 0.0000773 seconds, Stopping threads took: 0.0000274 seconds
[2022-06-16T20:34:22.564+0000][3704][safepoint    ] Application time: 0.0000201 seconds
[2022-06-16T20:34:22.564+0000][3704][safepoint    ] Entering safepoint region: RevokeBias
[2022-06-16T20:34:22.564+0000][3704][safepoint    ] Leaving safepoint region
[2022-06-16T20:34:22.564+0000][3704][safepoint    ] Total time for which application threads were stopped: 0.0000652 seconds, Stopping threads took: 0.0000213 seconds
[2022-06-16T20:34:22.564+0000][3704][safepoint    ] Application time: 0.0000194 seconds
[2022-06-16T20:34:22.564+0000][3704][safepoint    ] Entering safepoint region: RevokeBias
[2022-06-16T20:34:22.564+0000][3704][safepoint    ] Leaving safepoint region
[2022-06-16T20:34:22.564+0000][3704][safepoint    ] Total time for which application threads were stopped: 0.0000730 seconds, Stopping threads took: 0.0000302 seconds
[2022-06-16T20:34:22.564+0000][3704][safepoint    ] Application time: 0.0000188 seconds
[2022-06-16T20:34:22.564+0000][3704][safepoint    ] Entering safepoint region: RevokeBias
[2022-06-16T20:34:22.564+0000][3704][safepoint    ] Leaving safepoint region
[2022-06-16T20:34:22.564+0000][3704][safepoint    ] Total time for which application threads were stopped: 0.0000716 seconds, Stopping threads took: 0.0000244 seconds
[2022-06-16T20:34:22.564+0000][3704][safepoint    ] Application time: 0.0000145 seconds
[2022-06-16T20:34:22.564+0000][3704][safepoint    ] Entering safepoint region: RevokeBias
[2022-06-16T20:34:22.564+0000][3704][safepoint    ] Leaving safepoint region
[2022-06-16T20:34:22.564+0000][3704][safepoint    ] Total time for which application threads were stopped: 0.0000581 seconds, Stopping threads took: 0.0000171 seconds
[2022-06-16T20:34:22.579+0000][3704][safepoint    ] Application time: 0.0106061 seconds
[2022-06-16T20:34:22.579+0000][3704][safepoint    ] Entering safepoint region: BulkRevokeBias
[2022-06-16T20:34:22.579+0000][3704][safepoint    ] Leaving safepoint region
[2022-06-16T20:34:22.579+0000][3704][safepoint    ] Total time for which application threads were stopped: 0.0001490 seconds, Stopping threads took: 0.0000223 seconds
[2022-06-16T20:34:22.907+0000][3704][safepoint    ] Application time: 0.3349532 seconds
[2022-06-16T20:34:22.907+0000][3704][safepoint    ] Entering safepoint region: CollectForMetadataAllocation
[2022-06-16T20:34:22.907+0000][3704][safepoint    ] Leaving safepoint region
[2022-06-16T20:34:22.907+0000][3704][safepoint    ] Total time for which application threads were stopped: 0.0001956 seconds, Stopping threads took: 0.0000271 seconds
[2022-06-16T20:34:22.923+0000][3704][safepoint    ] Application time: 0.0147724 seconds
[2022-06-16T20:34:22.923+0000][3704][safepoint    ] Entering safepoint region: Deoptimize
[2022-06-16T20:34:22.923+0000][3704][safepoint    ] Leaving safepoint region
[2022-06-16T20:34:22.923+0000][3704][safepoint    ] Total time for which application threads were stopped: 0.0004982 seconds, Stopping threads took: 0.0000237 seconds
[2022-06-16T20:34:22.923+0000][3704][safepoint    ] Application time: 0.0023396 seconds
[2022-06-16T20:34:22.923+0000][3704][safepoint    ] Entering safepoint region: CollectForMetadataAllocation
[2022-06-16T20:34:22.923+0000][3704][safepoint    ] Leaving safepoint region
[2022-06-16T20:34:22.923+0000][3704][safepoint    ] Total time for which application threads were stopped: 0.0001648 seconds, Stopping threads took: 0.0000253 seconds
[2022-06-16T20:34:22.970+0000][3704][safepoint    ] Application time: 0.0451029 seconds
[2022-06-16T20:34:22.970+0000][3704][safepoint    ] Entering safepoint region: RevokeBias
[2022-06-16T20:34:22.970+0000][3704][safepoint    ] Leaving safepoint region
[2022-06-16T20:34:22.970+0000][3704][safepoint    ] Total time for which application threads were stopped: 0.0001138 seconds, Stopping threads took: 0.0000332 seconds
[2022-06-16T20:34:22.970+0000][3704][safepoint    ] Application time: 0.0002230 seconds
[2022-06-16T20:34:22.970+0000][3704][safepoint    ] Entering safepoint region: Deoptimize
[2022-06-16T20:34:22.970+0000][3704][safepoint    ] Leaving safepoint region
[2022-06-16T20:34:22.970+0000][3704][safepoint    ] Total time for which application threads were stopped: 0.0004843 seconds, Stopping threads took: 0.0000189 seconds
[2022-06-16T20:34:22.985+0000][3704][safepoint    ] Application time: 0.0064017 seconds
[2022-06-16T20:34:22.985+0000][3704][safepoint    ] Entering safepoint region: CollectForMetadataAllocation
[2022-06-16T20:34:22.985+0000][3704][safepoint    ] Leaving safepoint region
[2022-06-16T20:34:22.985+0000][3704][safepoint    ] Total time for which application threads were stopped: 0.0001768 seconds, Stopping threads took: 0.0000228 seconds
[2022-06-16T20:34:22.985+0000][3704][safepoint    ] Application time: 0.0008504 seconds
[2022-06-16T20:34:22.985+0000][3704][safepoint    ] Entering safepoint region: Deoptimize
[2022-06-16T20:34:22.985+0000][3704][safepoint    ] Leaving safepoint region
[2022-06-16T20:34:22.985+0000][3704][safepoint    ] Total time for which application threads were stopped: 0.0004265 seconds, Stopping threads took: 0.0000213 seconds
[2022-06-16T20:34:23.110+0000][3704][safepoint    ] Application time: 0.1315068 seconds
[2022-06-16T20:34:23.110+0000][3704][safepoint    ] Entering safepoint region: CollectForMetadataAllocation
[2022-06-16T20:34:23.110+0000][3704][safepoint    ] Leaving safepoint region
[2022-06-16T20:34:23.110+0000][3704][safepoint    ] Total time for which application threads were stopped: 0.0002052 seconds, Stopping threads took: 0.0000247 seconds
[2022-06-16T20:34:23.220+0000][3704][safepoint    ] Application time: 0.1036631 seconds
[2022-06-16T20:34:23.220+0000][3704][safepoint    ] Entering safepoint region: RevokeBias
[2022-06-16T20:34:23.220+0000][3704][safepoint    ] Leaving safepoint region
[2022-06-16T20:34:23.220+0000][3704][safepoint    ] Total time for which application threads were stopped: 0.0000857 seconds, Stopping threads took: 0.0000260 seconds
[2022-06-16T20:34:23.220+0000][3704][safepoint    ] Application time: 0.0058600 seconds
[2022-06-16T20:34:23.220+0000][3704][safepoint    ] Entering safepoint region: RevokeBias
[2022-06-16T20:34:23.220+0000][3704][safepoint    ] Leaving safepoint region
[2022-06-16T20:34:23.220+0000][3704][safepoint    ] Total time for which application threads were stopped: 0.0000820 seconds, Stopping threads took: 0.0000252 seconds
[2022-06-16T20:34:23.564+0000][3704][safepoint    ] Application time: 0.3488352 seconds
[2022-06-16T20:34:23.564+0000][3704][safepoint    ] Entering safepoint region: CollectForMetadataAllocation
[2022-06-16T20:34:23.564+0000][3704][safepoint    ] Leaving safepoint region
[2022-06-16T20:34:23.564+0000][3704][safepoint    ] Total time for which application threads were stopped: 0.0001919 seconds, Stopping threads took: 0.0000212 seconds
[2022-06-16T20:34:23.595+0000][3704][safepoint    ] Application time: 0.0231352 seconds
[2022-06-16T20:34:23.595+0000][3704][safepoint    ] Entering safepoint region: CollectForMetadataAllocation
[2022-06-16T20:34:23.595+0000][3704][safepoint    ] Leaving safepoint region
[2022-06-16T20:34:23.595+0000][3704][safepoint    ] Total time for which application threads were stopped: 0.0001682 seconds, Stopping threads took: 0.0000257 seconds
[2022-06-16T20:34:23.595+0000][3704][safepoint    ] Application time: 0.0013819 seconds
[2022-06-16T20:34:23.595+0000][3704][safepoint    ] Entering safepoint region: RevokeBias
[2022-06-16T20:34:23.595+0000][3704][safepoint    ] Leaving safepoint region
[2022-06-16T20:34:23.595+0000][3704][safepoint    ] Total time for which application threads were stopped: 0.0000802 seconds, Stopping threads took: 0.0000236 seconds
[2022-06-16T20:34:24.564+0000][3704][safepoint    ] Application time: 0.9599403 seconds
[2022-06-16T20:34:25.142+0000][3704][safepoint    ] Entering safepoint region: CMS_Initial_Mark
[2022-06-16T20:34:25.142+0000][3704][gc,start     ] GC(19) Pause Initial Mark
[2022-06-16T20:34:25.173+0000][3704][gc           ] GC(19) Pause Initial Mark 94M->94M(1007M) 33.340ms
[2022-06-16T20:34:25.173+0000][3704][gc,cpu       ] GC(19) User=0.06s Sys=0.00s Real=0.03s
[2022-06-16T20:34:25.173+0000][3704][safepoint    ] Leaving safepoint region
[2022-06-16T20:34:25.173+0000][3704][safepoint    ] Total time for which application threads were stopped: 0.6204522 seconds, Stopping threads took: 0.5869121 seconds
[2022-06-16T20:34:25.173+0000][3704][gc           ] GC(19) Concurrent Mark
[2022-06-16T20:34:25.204+0000][3704][gc           ] GC(19) Concurrent Mark 20.711ms
[2022-06-16T20:34:25.204+0000][3704][gc,cpu       ] GC(19) User=0.06s Sys=0.00s Real=0.03s
[2022-06-16T20:34:25.204+0000][3704][gc           ] GC(19) Concurrent Preclean
[2022-06-16T20:34:25.204+0000][3704][gc           ] GC(19) Concurrent Preclean 2.914ms
[2022-06-16T20:34:25.204+0000][3704][gc,cpu       ] GC(19) User=0.00s Sys=0.00s Real=0.00s
[2022-06-16T20:34:25.204+0000][3704][gc           ] GC(19) Concurrent Abortable Preclean
[2022-06-16T20:34:25.220+0000][3704][safepoint    ] Application time: 0.0377229 seconds
[2022-06-16T20:34:25.220+0000][3704][safepoint    ] Entering safepoint region: CollectForMetadataAllocation
[2022-06-16T20:34:25.220+0000][3704][safepoint    ] Leaving safepoint region
[2022-06-16T20:34:25.220+0000][3704][safepoint    ] Total time for which application threads were stopped: 0.0001937 seconds, Stopping threads took: 0.0000181 seconds
[2022-06-16T20:34:26.251+0000][3704][safepoint    ] Application time: 1.0395454 seconds
[2022-06-16T20:34:26.517+0000][3704][safepoint    ] Entering safepoint region: Cleanup
[2022-06-16T20:34:26.517+0000][3704][safepoint    ] Leaving safepoint region
[2022-06-16T20:34:26.517+0000][3704][safepoint    ] Total time for which application threads were stopped: 0.2552856 seconds, Stopping threads took: 0.2552230 seconds
[2022-06-16T20:34:26.720+0000][3704][safepoint    ] Application time: 0.2070252 seconds
[2022-06-16T20:34:26.720+0000][3704][safepoint    ] Entering safepoint region: CollectForMetadataAllocation
[2022-06-16T20:34:26.720+0000][3704][safepoint    ] Leaving safepoint region
[2022-06-16T20:34:26.720+0000][3704][safepoint    ] Total time for which application threads were stopped: 0.0002164 seconds, Stopping threads took: 0.0000253 seconds
[2022-06-16T20:34:27.017+0000][3704][safepoint    ] Application time: 0.3029592 seconds
[2022-06-16T20:34:27.017+0000][3704][safepoint    ] Entering safepoint region: GenCollectForAllocation
[2022-06-16T20:34:27.017+0000][3704][gc,start     ] GC(20) Pause Young (Allocation Failure)
[2022-06-16T20:34:27.017+0000][3704][gc,task      ] GC(20) Using 2 workers of 2 for evacuation
[2022-06-16T20:34:27.048+0000][3704][gc,age       ] GC(20) Desired survivor size 8716288 bytes, new threshold 1 (max threshold 6)
[2022-06-16T20:34:27.048+0000][3704][gc,age       ] GC(20) Age table with threshold 1 (max threshold 6)
[2022-06-16T20:34:27.048+0000][3704][gc,age       ] GC(20) - age   1:   13457400 bytes,   13457400 total
[2022-06-16T20:34:27.048+0000][3704][gc,age       ] GC(20) - age   2:    2012888 bytes,   15470288 total
[2022-06-16T20:34:27.048+0000][3704][gc,age       ] GC(20) - age   3:     284704 bytes,   15754992 total
[2022-06-16T20:34:27.048+0000][3704][gc,age       ] GC(20) - age   4:      43888 bytes,   15798880 total
[2022-06-16T20:34:27.048+0000][3704][gc,age       ] GC(20) - age   5:     227688 bytes,   16026568 total
[2022-06-16T20:34:27.048+0000][3704][gc,age       ] GC(20) - age   6:     466784 bytes,   16493352 total
[2022-06-16T20:34:27.048+0000][3704][gc,heap      ] GC(20) ParNew: 142638K->17024K(153344K)
[2022-06-16T20:34:27.048+0000][3704][gc,heap      ] GC(20) CMS: 17248K->18691K(878208K)
[2022-06-16T20:34:27.048+0000][3704][gc,metaspace ] GC(20) Metaspace: 40182K->40182K(1087488K)
[2022-06-16T20:34:27.048+0000][3704][gc           ] GC(20) Pause Young (Allocation Failure) 156M->34M(1007M) 33.750ms
[2022-06-16T20:34:27.048+0000][3704][gc,cpu       ] GC(20) User=0.06s Sys=0.00s Real=0.03s
[2022-06-16T20:34:27.048+0000][3704][safepoint    ] Leaving safepoint region
[2022-06-16T20:34:27.048+0000][3704][safepoint    ] Total time for which application threads were stopped: 0.0339199 seconds, Stopping threads took: 0.0000266 seconds
[2022-06-16T20:34:27.767+0000][3704][safepoint    ] Application time: 0.7101022 seconds
[2022-06-16T20:34:27.829+0000][3704][safepoint    ] Entering safepoint region: RevokeBias
[2022-06-16T20:34:27.829+0000][3704][safepoint    ] Leaving safepoint region
[2022-06-16T20:34:27.829+0000][3704][safepoint    ] Total time for which application threads were stopped: 0.0619020 seconds, Stopping threads took: 0.0618039 seconds
[2022-06-16T20:34:28.345+0000][3704][safepoint    ] Application time: 0.5236214 seconds
[2022-06-16T20:34:28.345+0000][3704][safepoint    ] Entering safepoint region: RevokeBias
[2022-06-16T20:34:28.345+0000][3704][safepoint    ] Leaving safepoint region
[2022-06-16T20:34:28.345+0000][3704][safepoint    ] Total time for which application threads were stopped: 0.0001787 seconds, Stopping threads took: 0.0000254 seconds
[2022-06-16T20:34:28.501+0000][3704][safepoint    ] Application time: 0.1590582 seconds
[2022-06-16T20:34:28.501+0000][3704][safepoint    ] Entering safepoint region: RevokeBias
[2022-06-16T20:34:28.501+0000][3704][safepoint    ] Leaving safepoint region
[2022-06-16T20:34:28.501+0000][3704][safepoint    ] Total time for which application threads were stopped: 0.0000960 seconds, Stopping threads took: 0.0000250 seconds
[2022-06-16T20:34:28.564+0000][3704][safepoint    ] Application time: 0.0601729 seconds
[2022-06-16T20:34:28.564+0000][3704][safepoint    ] Entering safepoint region: RevokeBias
[2022-06-16T20:34:28.564+0000][3704][safepoint    ] Leaving safepoint region
[2022-06-16T20:34:28.564+0000][3704][safepoint    ] Total time for which application threads were stopped: 0.0001022 seconds, Stopping threads took: 0.0000200 seconds
[2022-06-16T20:34:28.704+0000][3704][safepoint    ] Application time: 0.1288306 seconds
[2022-06-16T20:34:28.704+0000][3704][safepoint    ] Entering safepoint region: RevokeBias
[2022-06-16T20:34:28.704+0000][3704][safepoint    ] Leaving safepoint region
[2022-06-16T20:34:28.704+0000][3704][safepoint    ] Total time for which application threads were stopped: 0.0001102 seconds, Stopping threads took: 0.0000284 seconds
[2022-06-16T20:34:28.704+0000][3704][safepoint    ] Application time: 0.0080276 seconds
[2022-06-16T20:34:28.704+0000][3704][safepoint    ] Entering safepoint region: RevokeBias
[2022-06-16T20:34:28.704+0000][3704][safepoint    ] Leaving safepoint region
[2022-06-16T20:34:28.704+0000][3704][safepoint    ] Total time for which application threads were stopped: 0.0000942 seconds, Stopping threads took: 0.0000222 seconds
[2022-06-16T20:34:28.735+0000][3704][safepoint    ] Application time: 0.0289852 seconds
[2022-06-16T20:34:28.735+0000][3704][safepoint    ] Entering safepoint region: RevokeBias
[2022-06-16T20:34:28.735+0000][3704][safepoint    ] Leaving safepoint region
[2022-06-16T20:34:28.735+0000][3704][safepoint    ] Total time for which application threads were stopped: 0.0000963 seconds, Stopping threads took: 0.0000197 seconds
[2022-06-16T20:34:28.907+0000][3704][safepoint    ] Application time: 0.1657292 seconds
[2022-06-16T20:34:28.907+0000][3704][safepoint    ] Entering safepoint region: RevokeBias
[2022-06-16T20:34:28.907+0000][3704][safepoint    ] Leaving safepoint region
[2022-06-16T20:34:28.907+0000][3704][safepoint    ] Total time for which application threads were stopped: 0.0001616 seconds, Stopping threads took: 0.0000260 seconds
[2022-06-16T20:34:29.969+0000][3704][gc           ] GC(19) Concurrent Abortable Preclean 4761.040ms
[2022-06-16T20:34:29.969+0000][3704][gc,cpu       ] GC(19) User=6.88s Sys=0.17s Real=4.77s
[2022-06-16T20:34:29.969+0000][3704][safepoint    ] Application time: 1.0598988 seconds
[2022-06-16T20:34:29.969+0000][3704][safepoint    ] Entering safepoint region: CMS_Final_Remark
[2022-06-16T20:34:29.969+0000][3704][gc,start     ] GC(19) Pause Remark
[2022-06-16T20:34:30.047+0000][3704][gc           ] GC(19) Pause Remark 136M->136M(1007M) 79.804ms
[2022-06-16T20:34:30.047+0000][3704][gc,cpu       ] GC(19) User=0.14s Sys=0.00s Real=0.08s
[2022-06-16T20:34:30.047+0000][3704][safepoint    ] Leaving safepoint region
[2022-06-16T20:34:30.047+0000][3704][safepoint    ] Total time for which application threads were stopped: 0.0801823 seconds, Stopping threads took: 0.0002322 seconds
[2022-06-16T20:34:30.047+0000][3704][gc           ] GC(19) Concurrent Sweep
[2022-06-16T20:34:30.047+0000][3704][gc           ] GC(19) Concurrent Sweep 5.701ms
[2022-06-16T20:34:30.047+0000][3704][gc,cpu       ] GC(19) User=0.00s Sys=0.00s Real=0.00s
[2022-06-16T20:34:30.047+0000][3704][gc           ] GC(19) Concurrent Reset
[2022-06-16T20:34:30.047+0000][3704][gc           ] GC(19) Concurrent Reset 1.168ms
[2022-06-16T20:34:30.047+0000][3704][gc,cpu       ] GC(19) User=0.00s Sys=0.00s Real=0.00s
[2022-06-16T20:34:30.047+0000][3704][gc,heap      ] GC(19) Old: 17248K->18540K(878208K)
[2022-06-16T20:34:30.438+0000][3704][safepoint    ] Application time: 0.3927474 seconds
[2022-06-16T20:34:30.438+0000][3704][safepoint    ] Entering safepoint region: RevokeBias
[2022-06-16T20:34:30.438+0000][3704][safepoint    ] Leaving safepoint region
[2022-06-16T20:34:30.438+0000][3704][safepoint    ] Total time for which application threads were stopped: 0.0001360 seconds, Stopping threads took: 0.0000271 seconds
[2022-06-16T20:34:31.281+0000][3704][safepoint    ] Application time: 0.8524851 seconds
[2022-06-16T20:34:31.281+0000][3704][safepoint    ] Entering safepoint region: GenCollectForAllocation
[2022-06-16T20:34:31.281+0000][3704][gc,start     ] GC(21) Pause Young (Allocation Failure)
[2022-06-16T20:34:31.281+0000][3704][gc,task      ] GC(21) Using 2 workers of 2 for evacuation
[2022-06-16T20:34:31.360+0000][3704][gc,age       ] GC(21) Desired survivor size 8716288 bytes, new threshold 1 (max threshold 6)
[2022-06-16T20:34:31.360+0000][3704][gc,age       ] GC(21) Age table with threshold 1 (max threshold 6)
[2022-06-16T20:34:31.360+0000][3704][gc,age       ] GC(21) - age   1:   12085968 bytes,   12085968 total
[2022-06-16T20:34:31.360+0000][3704][gc,heap      ] GC(21) ParNew: 153344K->17024K(153344K)
[2022-06-16T20:34:31.360+0000][3704][gc,heap      ] GC(21) CMS: 18540K->36170K(878208K)
[2022-06-16T20:34:31.360+0000][3704][gc,metaspace ] GC(21) Metaspace: 43427K->43427K(1089536K)
[2022-06-16T20:34:31.360+0000][3704][gc           ] GC(21) Pause Young (Allocation Failure) 167M->51M(1007M) 69.370ms
[2022-06-16T20:34:31.360+0000][3704][gc,cpu       ] GC(21) User=0.16s Sys=0.00s Real=0.08s
[2022-06-16T20:34:31.360+0000][3704][safepoint    ] Leaving safepoint region
[2022-06-16T20:34:31.360+0000][3704][safepoint    ] Total time for which application threads were stopped: 0.0696045 seconds, Stopping threads took: 0.0000287 seconds
[2022-06-16T20:34:31.375+0000][3704][safepoint    ] Application time: 0.0257068 seconds
[2022-06-16T20:34:31.375+0000][3704][safepoint    ] Entering safepoint region: Deoptimize
[2022-06-16T20:34:31.375+0000][3704][safepoint    ] Leaving safepoint region
[2022-06-16T20:34:31.375+0000][3704][safepoint    ] Total time for which application threads were stopped: 0.0006044 seconds, Stopping threads took: 0.0000273 seconds
[2022-06-16T20:34:31.406+0000][3704][safepoint    ] Application time: 0.0249986 seconds
[2022-06-16T20:34:31.406+0000][3704][safepoint    ] Entering safepoint region: RevokeBias
[2022-06-16T20:34:31.406+0000][3704][safepoint    ] Leaving safepoint region
[2022-06-16T20:34:31.406+0000][3704][safepoint    ] Total time for which application threads were stopped: 0.0000770 seconds, Stopping threads took: 0.0000242 seconds
[2022-06-16T20:34:32.266+0000][3704][safepoint    ] Application time: 0.8627993 seconds
[2022-06-16T20:34:32.266+0000][3704][safepoint    ] Entering safepoint region: RevokeBias
[2022-06-16T20:34:32.266+0000][3704][safepoint    ] Leaving safepoint region
[2022-06-16T20:34:32.266+0000][3704][safepoint    ] Total time for which application threads were stopped: 0.0001806 seconds, Stopping threads took: 0.0000257 seconds
[2022-06-16T20:34:33.266+0000][3704][safepoint    ] Application time: 0.9868489 seconds
[2022-06-16T20:34:33.266+0000][3704][safepoint    ] Entering safepoint region: Cleanup
[2022-06-16T20:34:33.266+0000][3704][safepoint    ] Leaving safepoint region
[2022-06-16T20:34:33.266+0000][3704][safepoint    ] Total time for which application threads were stopped: 0.0001185 seconds, Stopping threads took: 0.0000683 seconds
[2022-06-16T20:34:33.485+0000][3704][safepoint    ] Application time: 0.2218865 seconds
[2022-06-16T20:34:33.485+0000][3704][safepoint    ] Entering safepoint region: GenCollectForAllocation
[2022-06-16T20:34:33.485+0000][3704][gc,start     ] GC(22) Pause Young (Allocation Failure)
[2022-06-16T20:34:33.485+0000][3704][gc,task      ] GC(22) Using 2 workers of 2 for evacuation
[2022-06-16T20:34:33.516+0000][3704][gc,age       ] GC(22) Desired survivor size 8716288 bytes, new threshold 6 (max threshold 6)
[2022-06-16T20:34:33.516+0000][3704][gc,age       ] GC(22) Age table with threshold 6 (max threshold 6)
[2022-06-16T20:34:33.516+0000][3704][gc,age       ] GC(22) - age   1:    4548808 bytes,    4548808 total
[2022-06-16T20:34:33.516+0000][3704][gc,heap      ] GC(22) ParNew: 153340K->12150K(153344K)
[2022-06-16T20:34:33.516+0000][3704][gc,heap      ] GC(22) CMS: 36170K->48014K(878208K)
[2022-06-16T20:34:33.516+0000][3704][gc,metaspace ] GC(22) Metaspace: 54892K->54892K(1099776K)
[2022-06-16T20:34:33.516+0000][3704][gc           ] GC(22) Pause Young (Allocation Failure) 185M->58M(1007M) 41.449ms
[2022-06-16T20:34:33.516+0000][3704][gc,cpu       ] GC(22) User=0.06s Sys=0.00s Real=0.03s
[2022-06-16T20:34:33.516+0000][3704][safepoint    ] Leaving safepoint region
[2022-06-16T20:34:33.516+0000][3704][safepoint    ] Total time for which application threads were stopped: 0.0416104 seconds, Stopping threads took: 0.0000246 seconds
[2022-06-16T20:34:34.219+0000][3704][safepoint    ] Application time: 0.6906319 seconds
[2022-06-16T20:34:34.219+0000][3704][safepoint    ] Entering safepoint region: Deoptimize
[2022-06-16T20:34:34.219+0000][3704][safepoint    ] Leaving safepoint region
[2022-06-16T20:34:34.219+0000][3704][safepoint    ] Total time for which application threads were stopped: 0.0006061 seconds, Stopping threads took: 0.0000262 seconds
[2022-06-16T20:34:34.219+0000][3704][safepoint    ] Application time: 0.0083014 seconds
[2022-06-16T20:34:34.219+0000][3704][safepoint    ] Entering safepoint region: Deoptimize
[2022-06-16T20:34:34.219+0000][3704][safepoint    ] Leaving safepoint region
[2022-06-16T20:34:34.219+0000][3704][safepoint    ] Total time for which application threads were stopped: 0.0005389 seconds, Stopping threads took: 0.0000236 seconds
[2022-06-16T20:34:34.344+0000][3704][safepoint    ] Application time: 0.1267091 seconds
[2022-06-16T20:34:34.344+0000][3704][safepoint    ] Entering safepoint region: RevokeBias
[2022-06-16T20:34:34.344+0000][3704][safepoint    ] Leaving safepoint region
[2022-06-16T20:34:34.344+0000][3704][safepoint    ] Total time for which application threads were stopped: 0.0001275 seconds, Stopping threads took: 0.0000243 seconds
[2022-06-16T20:34:35.360+0000][3704][safepoint    ] Application time: 1.0042887 seconds
[2022-06-16T20:34:35.360+0000][3704][safepoint    ] Entering safepoint region: Cleanup
[2022-06-16T20:34:35.360+0000][3704][safepoint    ] Leaving safepoint region
[2022-06-16T20:34:35.360+0000][3704][safepoint    ] Total time for which application threads were stopped: 0.0001533 seconds, Stopping threads took: 0.0000381 seconds
[2022-06-16T20:34:36.360+0000][3704][safepoint    ] Application time: 1.0043517 seconds
[2022-06-16T20:34:36.360+0000][3704][safepoint    ] Entering safepoint region: GenCollectForAllocation
[2022-06-16T20:34:36.360+0000][3704][gc,start     ] GC(23) Pause Young (Allocation Failure)
[2022-06-16T20:34:36.360+0000][3704][gc,task      ] GC(23) Using 2 workers of 2 for evacuation
[2022-06-16T20:34:36.391+0000][3704][gc,age       ] GC(23) Desired survivor size 8716288 bytes, new threshold 6 (max threshold 6)
[2022-06-16T20:34:36.391+0000][3704][gc,age       ] GC(23) Age table with threshold 6 (max threshold 6)
[2022-06-16T20:34:36.391+0000][3704][gc,age       ] GC(23) - age   1:    2080440 bytes,    2080440 total
[2022-06-16T20:34:36.391+0000][3704][gc,age       ] GC(23) - age   2:    4453744 bytes,    6534184 total
[2022-06-16T20:34:36.391+0000][3704][gc,heap      ] GC(23) ParNew: 148470K->8296K(153344K)
[2022-06-16T20:34:36.391+0000][3704][gc,heap      ] GC(23) CMS: 48014K->48014K(878208K)
[2022-06-16T20:34:36.391+0000][3704][gc,metaspace ] GC(23) Metaspace: 62265K->62265K(1107968K)
[2022-06-16T20:34:36.391+0000][3704][gc           ] GC(23) Pause Young (Allocation Failure) 191M->54M(1007M) 28.363ms
[2022-06-16T20:34:36.391+0000][3704][gc,cpu       ] GC(23) User=0.06s Sys=0.00s Real=0.03s
[2022-06-16T20:34:36.391+0000][3704][safepoint    ] Leaving safepoint region
[2022-06-16T20:34:36.391+0000][3704][safepoint    ] Total time for which application threads were stopped: 0.0287045 seconds, Stopping threads took: 0.0000322 seconds
[2022-06-16T20:34:37.141+0000][3704][safepoint    ] Application time: 0.7471673 seconds
[2022-06-16T20:34:37.141+0000][3704][safepoint    ] Entering safepoint region: ICBufferFull
[2022-06-16T20:34:37.141+0000][3704][safepoint    ] Leaving safepoint region
[2022-06-16T20:34:37.141+0000][3704][safepoint    ] Total time for which application threads were stopped: 0.0002528 seconds, Stopping threads took: 0.0000477 seconds
[2022-06-16T20:34:37.938+0000][3704][safepoint    ] Application time: 0.7986939 seconds
[2022-06-16T20:34:37.938+0000][3704][safepoint    ] Entering safepoint region: RevokeBias
[2022-06-16T20:34:37.938+0000][3704][safepoint    ] Leaving safepoint region
[2022-06-16T20:34:37.938+0000][3704][safepoint    ] Total time for which application threads were stopped: 0.0001727 seconds, Stopping threads took: 0.0000276 seconds
[2022-06-16T20:34:37.938+0000][3704][safepoint    ] Application time: 0.0041043 seconds
[2022-06-16T20:34:37.938+0000][3704][safepoint    ] Entering safepoint region: RevokeBias
[2022-06-16T20:34:37.938+0000][3704][safepoint    ] Leaving safepoint region
[2022-06-16T20:34:37.938+0000][3704][safepoint    ] Total time for which application threads were stopped: 0.0000922 seconds, Stopping threads took: 0.0000256 seconds
[2022-06-16T20:34:37.985+0000][3704][safepoint    ] Application time: 0.0518986 seconds
[2022-06-16T20:34:37.985+0000][3704][safepoint    ] Entering safepoint region: RevokeBias
[2022-06-16T20:34:37.985+0000][3704][safepoint    ] Leaving safepoint region
[2022-06-16T20:34:37.985+0000][3704][safepoint    ] Total time for which application threads were stopped: 0.0001064 seconds, Stopping threads took: 0.0000332 seconds
[2022-06-16T20:34:38.000+0000][3704][safepoint    ] Application time: 0.0100167 seconds
[2022-06-16T20:34:38.000+0000][3704][safepoint    ] Entering safepoint region: GenCollectForAllocation
[2022-06-16T20:34:38.000+0000][3704][gc,start     ] GC(24) Pause Young (Allocation Failure)
[2022-06-16T20:34:38.000+0000][3704][gc,task      ] GC(24) Using 2 workers of 2 for evacuation
[2022-06-16T20:34:38.016+0000][3704][gc,age       ] GC(24) Desired survivor size 8716288 bytes, new threshold 3 (max threshold 6)
[2022-06-16T20:34:38.016+0000][3704][gc,age       ] GC(24) Age table with threshold 3 (max threshold 6)
[2022-06-16T20:34:38.016+0000][3704][gc,age       ] GC(24) - age   1:    2589088 bytes,    2589088 total
[2022-06-16T20:34:38.016+0000][3704][gc,age       ] GC(24) - age   2:    1986576 bytes,    4575664 total
[2022-06-16T20:34:38.016+0000][3704][gc,age       ] GC(24) - age   3:    4451016 bytes,    9026680 total
[2022-06-16T20:34:38.016+0000][3704][gc,heap      ] GC(24) ParNew: 144616K->11645K(153344K)
[2022-06-16T20:34:38.016+0000][3704][gc,heap      ] GC(24) CMS: 48014K->48014K(878208K)
[2022-06-16T20:34:38.016+0000][3704][gc,metaspace ] GC(24) Metaspace: 64695K->64695K(1110016K)
[2022-06-16T20:34:38.016+0000][3704][gc           ] GC(24) Pause Young (Allocation Failure) 188M->58M(1007M) 18.936ms
[2022-06-16T20:34:38.016+0000][3704][gc,cpu       ] GC(24) User=0.03s Sys=0.00s Real=0.02s
[2022-06-16T20:34:38.016+0000][3704][safepoint    ] Leaving safepoint region
[2022-06-16T20:34:38.016+0000][3704][safepoint    ] Total time for which application threads were stopped: 0.0191015 seconds, Stopping threads took: 0.0000269 seconds
[2022-06-16T20:34:38.172+0000][3704][safepoint    ] Application time: 0.1502196 seconds
[2022-06-16T20:34:38.172+0000][3704][safepoint    ] Entering safepoint region: CollectForMetadataAllocation
[2022-06-16T20:34:38.172+0000][3704][safepoint    ] Leaving safepoint region
[2022-06-16T20:34:38.172+0000][3704][safepoint    ] Total time for which application threads were stopped: 0.0002172 seconds, Stopping threads took: 0.0000246 seconds
[2022-06-16T20:34:38.188+0000][3704][safepoint    ] Application time: 0.0116157 seconds
[2022-06-16T20:34:38.188+0000][3704][safepoint    ] Entering safepoint region: Deoptimize
[2022-06-16T20:34:38.188+0000][3704][safepoint    ] Leaving safepoint region
[2022-06-16T20:34:38.188+0000][3704][safepoint    ] Total time for which application threads were stopped: 0.0006541 seconds, Stopping threads took: 0.0000241 seconds
[2022-06-16T20:34:38.328+0000][3704][safepoint    ] Application time: 0.1447167 seconds
[2022-06-16T20:34:38.328+0000][3704][safepoint    ] Entering safepoint region: CollectForMetadataAllocation
[2022-06-16T20:34:38.328+0000][3704][safepoint    ] Leaving safepoint region
[2022-06-16T20:34:38.328+0000][3704][safepoint    ] Total time for which application threads were stopped: 0.0007860 seconds, Stopping threads took: 0.0000220 seconds
[2022-06-16T20:34:38.563+0000][3704][safepoint    ] Application time: 0.2380112 seconds
[2022-06-16T20:34:38.563+0000][3704][safepoint    ] Entering safepoint region: CollectForMetadataAllocation
[2022-06-16T20:34:38.563+0000][3704][safepoint    ] Leaving safepoint region
[2022-06-16T20:34:38.563+0000][3704][safepoint    ] Total time for which application threads were stopped: 0.0001753 seconds, Stopping threads took: 0.0000286 seconds
[2022-06-16T20:34:38.641+0000][3704][safepoint    ] Application time: 0.0735793 seconds
[2022-06-16T20:34:38.906+0000][3704][safepoint    ] Entering safepoint region: CollectForMetadataAllocation
[2022-06-16T20:34:38.906+0000][3704][safepoint    ] Leaving safepoint region
[2022-06-16T20:34:38.906+0000][3704][safepoint    ] Total time for which application threads were stopped: 0.2680898 seconds, Stopping threads took: 0.2678796 seconds
[2022-06-16T20:34:39.344+0000][3704][safepoint    ] Application time: 0.4385722 seconds
[2022-06-16T20:34:39.344+0000][3704][safepoint    ] Entering safepoint region: CollectForMetadataAllocation
[2022-06-16T20:34:39.344+0000][3704][safepoint    ] Leaving safepoint region
[2022-06-16T20:34:39.344+0000][3704][safepoint    ] Total time for which application threads were stopped: 0.0002270 seconds, Stopping threads took: 0.0000255 seconds
[2022-06-16T20:34:39.391+0000][3704][safepoint    ] Application time: 0.0451767 seconds
[2022-06-16T20:34:39.391+0000][3704][safepoint    ] Entering safepoint region: CollectForMetadataAllocation
[2022-06-16T20:34:39.391+0000][3704][safepoint    ] Leaving safepoint region
[2022-06-16T20:34:39.391+0000][3704][safepoint    ] Total time for which application threads were stopped: 0.0001482 seconds, Stopping threads took: 0.0000261 seconds
[2022-06-16T20:34:39.438+0000][3704][safepoint    ] Application time: 0.0423997 seconds
[2022-06-16T20:34:39.438+0000][3704][safepoint    ] Entering safepoint region: CollectForMetadataAllocation
[2022-06-16T20:34:39.438+0000][3704][safepoint    ] Leaving safepoint region
[2022-06-16T20:34:39.438+0000][3704][safepoint    ] Total time for which application threads were stopped: 0.0001876 seconds, Stopping threads took: 0.0000249 seconds
[2022-06-16T20:34:39.531+0000][3704][safepoint    ] Application time: 0.0938142 seconds
[2022-06-16T20:34:39.531+0000][3704][safepoint    ] Entering safepoint region: CollectForMetadataAllocation
[2022-06-16T20:34:39.531+0000][3704][safepoint    ] Leaving safepoint region
[2022-06-16T20:34:39.531+0000][3704][safepoint    ] Total time for which application threads were stopped: 0.0002658 seconds, Stopping threads took: 0.0000259 seconds
[2022-06-16T20:34:39.563+0000][3704][safepoint    ] Application time: 0.0277558 seconds
[2022-06-16T20:34:39.563+0000][3704][safepoint    ] Entering safepoint region: CollectForMetadataAllocation
[2022-06-16T20:34:39.563+0000][3704][safepoint    ] Leaving safepoint region
[2022-06-16T20:34:39.563+0000][3704][safepoint    ] Total time for which application threads were stopped: 0.0002001 seconds, Stopping threads took: 0.0000225 seconds
[2022-06-16T20:34:39.578+0000][3704][safepoint    ] Application time: 0.0251706 seconds
[2022-06-16T20:34:39.578+0000][3704][safepoint    ] Entering safepoint region: CollectForMetadataAllocation
[2022-06-16T20:34:39.578+0000][3704][safepoint    ] Leaving safepoint region
[2022-06-16T20:34:39.578+0000][3704][safepoint    ] Total time for which application threads were stopped: 0.0002056 seconds, Stopping threads took: 0.0000251 seconds
[2022-06-16T20:34:39.656+0000][3704][safepoint    ] Application time: 0.0789291 seconds
[2022-06-16T20:34:39.656+0000][3704][safepoint    ] Entering safepoint region: CollectForMetadataAllocation
[2022-06-16T20:34:39.656+0000][3704][safepoint    ] Leaving safepoint region
[2022-06-16T20:34:39.656+0000][3704][safepoint    ] Total time for which application threads were stopped: 0.0002117 seconds, Stopping threads took: 0.0000210 seconds
[2022-06-16T20:34:39.703+0000][3704][safepoint    ] Application time: 0.0473535 seconds
[2022-06-16T20:34:39.703+0000][3704][safepoint    ] Entering safepoint region: CollectForMetadataAllocation
[2022-06-16T20:34:39.703+0000][3704][safepoint    ] Leaving safepoint region
[2022-06-16T20:34:39.703+0000][3704][safepoint    ] Total time for which application threads were stopped: 0.0002637 seconds, Stopping threads took: 0.0000302 seconds
[2022-06-16T20:34:39.828+0000][3704][safepoint    ] Application time: 0.1200013 seconds
[2022-06-16T20:34:39.828+0000][3704][safepoint    ] Entering safepoint region: CollectForMetadataAllocation
[2022-06-16T20:34:39.828+0000][3704][safepoint    ] Leaving safepoint region
[2022-06-16T20:34:39.828+0000][3704][safepoint    ] Total time for which application threads were stopped: 0.0002104 seconds, Stopping threads took: 0.0000266 seconds
[2022-06-16T20:34:39.860+0000][3704][safepoint    ] Application time: 0.0303243 seconds
[2022-06-16T20:34:39.860+0000][3704][safepoint    ] Entering safepoint region: CollectForMetadataAllocation
[2022-06-16T20:34:39.860+0000][3704][safepoint    ] Leaving safepoint region
[2022-06-16T20:34:39.860+0000][3704][safepoint    ] Total time for which application threads were stopped: 0.0002527 seconds, Stopping threads took: 0.0000258 seconds
[2022-06-16T20:34:39.891+0000][3704][safepoint    ] Application time: 0.0314649 seconds
[2022-06-16T20:34:39.891+0000][3704][safepoint    ] Entering safepoint region: CollectForMetadataAllocation
[2022-06-16T20:34:39.891+0000][3704][safepoint    ] Leaving safepoint region
[2022-06-16T20:34:39.891+0000][3704][safepoint    ] Total time for which application threads were stopped: 0.0003155 seconds, Stopping threads took: 0.0000209 seconds
[2022-06-16T20:34:39.906+0000][3704][safepoint    ] Application time: 0.0216639 seconds
[2022-06-16T20:34:39.906+0000][3704][safepoint    ] Entering safepoint region: CollectForMetadataAllocation
[2022-06-16T20:34:39.906+0000][3704][safepoint    ] Leaving safepoint region
[2022-06-16T20:34:39.906+0000][3704][safepoint    ] Total time for which application threads were stopped: 0.0002639 seconds, Stopping threads took: 0.0000202 seconds
[2022-06-16T20:34:40.078+0000][3704][safepoint    ] Application time: 0.1669244 seconds
[2022-06-16T20:34:40.141+0000][3704][safepoint    ] Entering safepoint region: CMS_Initial_Mark
[2022-06-16T20:34:40.141+0000][3704][gc,start     ] GC(25) Pause Initial Mark
[2022-06-16T20:34:40.156+0000][3704][gc           ] GC(25) Pause Initial Mark 139M->139M(1007M) 19.149ms
[2022-06-16T20:34:40.156+0000][3704][gc,cpu       ] GC(25) User=0.03s Sys=0.00s Real=0.01s
[2022-06-16T20:34:40.156+0000][3704][safepoint    ] Leaving safepoint region
[2022-06-16T20:34:40.156+0000][3704][safepoint    ] Total time for which application threads were stopped: 0.0831744 seconds, Stopping threads took: 0.0638825 seconds
[2022-06-16T20:34:40.156+0000][3704][gc           ] GC(25) Concurrent Mark
[2022-06-16T20:34:40.188+0000][3704][safepoint    ] Application time: 0.0253778 seconds
[2022-06-16T20:34:40.188+0000][3704][safepoint    ] Entering safepoint region: CollectForMetadataAllocation
[2022-06-16T20:34:40.188+0000][3704][safepoint    ] Leaving safepoint region
[2022-06-16T20:34:40.188+0000][3704][safepoint    ] Total time for which application threads were stopped: 0.0001951 seconds, Stopping threads took: 0.0000195 seconds
[2022-06-16T20:34:40.219+0000][3704][safepoint    ] Application time: 0.0223070 seconds
[2022-06-16T20:34:40.219+0000][3704][safepoint    ] Entering safepoint region: CollectForMetadataAllocation
[2022-06-16T20:34:40.219+0000][3704][safepoint    ] Leaving safepoint region
[2022-06-16T20:34:40.219+0000][3704][safepoint    ] Total time for which application threads were stopped: 0.0001844 seconds, Stopping threads took: 0.0000193 seconds
[2022-06-16T20:34:40.235+0000][3704][gc           ] GC(25) Concurrent Mark 63.890ms
[2022-06-16T20:34:40.235+0000][3704][gc,cpu       ] GC(25) User=0.14s Sys=0.00s Real=0.08s
[2022-06-16T20:34:40.235+0000][3704][gc           ] GC(25) Concurrent Preclean
[2022-06-16T20:34:40.235+0000][3704][gc           ] GC(25) Concurrent Preclean 3.416ms
[2022-06-16T20:34:40.235+0000][3704][gc,cpu       ] GC(25) User=0.00s Sys=0.00s Real=0.00s
[2022-06-16T20:34:40.235+0000][3704][gc           ] GC(25) Concurrent Abortable Preclean
[2022-06-16T20:34:40.235+0000][3704][safepoint    ] Application time: 0.0254649 seconds
[2022-06-16T20:34:40.235+0000][3704][safepoint    ] Entering safepoint region: CollectForMetadataAllocation
[2022-06-16T20:34:40.235+0000][3704][safepoint    ] Leaving safepoint region
[2022-06-16T20:34:40.235+0000][3704][safepoint    ] Total time for which application threads were stopped: 0.0001939 seconds, Stopping threads took: 0.0000186 seconds
[2022-06-16T20:34:40.313+0000][3704][safepoint    ] Application time: 0.0695083 seconds
[2022-06-16T20:34:40.313+0000][3704][safepoint    ] Entering safepoint region: CollectForMetadataAllocation
[2022-06-16T20:34:40.313+0000][3704][safepoint    ] Leaving safepoint region
[2022-06-16T20:34:40.313+0000][3704][safepoint    ] Total time for which application threads were stopped: 0.0005198 seconds, Stopping threads took: 0.0000197 seconds
[2022-06-16T20:34:40.313+0000][3704][safepoint    ] Application time: 0.0091859 seconds
[2022-06-16T20:34:40.313+0000][3704][safepoint    ] Entering safepoint region: CollectForMetadataAllocation
[2022-06-16T20:34:40.313+0000][3704][safepoint    ] Leaving safepoint region
[2022-06-16T20:34:40.313+0000][3704][safepoint    ] Total time for which application threads were stopped: 0.0001980 seconds, Stopping threads took: 0.0000191 seconds
[2022-06-16T20:34:40.344+0000][3704][safepoint    ] Application time: 0.0306387 seconds
[2022-06-16T20:34:40.344+0000][3704][safepoint    ] Entering safepoint region: CollectForMetadataAllocation
[2022-06-16T20:34:40.344+0000][3704][safepoint    ] Leaving safepoint region
[2022-06-16T20:34:40.344+0000][3704][safepoint    ] Total time for which application threads were stopped: 0.0001905 seconds, Stopping threads took: 0.0000186 seconds
[2022-06-16T20:34:40.360+0000][3704][safepoint    ] Application time: 0.0138955 seconds
[2022-06-16T20:34:40.360+0000][3704][safepoint    ] Entering safepoint region: CollectForMetadataAllocation
[2022-06-16T20:34:40.360+0000][3704][safepoint    ] Leaving safepoint region
[2022-06-16T20:34:40.360+0000][3704][safepoint    ] Total time for which application threads were stopped: 0.0001962 seconds, Stopping threads took: 0.0000194 seconds
[2022-06-16T20:34:40.500+0000][3704][safepoint    ] Application time: 0.1439420 seconds
[2022-06-16T20:34:40.500+0000][3704][safepoint    ] Entering safepoint region: CollectForMetadataAllocation
[2022-06-16T20:34:40.500+0000][3704][safepoint    ] Leaving safepoint region
[2022-06-16T20:34:40.500+0000][3704][safepoint    ] Total time for which application threads were stopped: 0.0001682 seconds, Stopping threads took: 0.0000286 seconds
[2022-06-16T20:34:41.094+0000][3704][safepoint    ] Application time: 0.5903378 seconds
[2022-06-16T20:34:41.094+0000][3704][safepoint    ] Entering safepoint region: CollectForMetadataAllocation
[2022-06-16T20:34:41.094+0000][3704][safepoint    ] Leaving safepoint region
[2022-06-16T20:34:41.094+0000][3704][safepoint    ] Total time for which application threads were stopped: 0.0002006 seconds, Stopping threads took: 0.0000212 seconds
[2022-06-16T20:34:41.125+0000][3704][safepoint    ] Application time: 0.0302800 seconds
[2022-06-16T20:34:41.125+0000][3704][safepoint    ] Entering safepoint region: CollectForMetadataAllocation
[2022-06-16T20:34:41.125+0000][3704][safepoint    ] Leaving safepoint region
[2022-06-16T20:34:41.125+0000][3704][safepoint    ] Total time for which application threads were stopped: 0.0002021 seconds, Stopping threads took: 0.0000192 seconds
[2022-06-16T20:34:41.141+0000][3704][safepoint    ] Application time: 0.0205482 seconds
[2022-06-16T20:34:41.141+0000][3704][safepoint    ] Entering safepoint region: CollectForMetadataAllocation
[2022-06-16T20:34:41.141+0000][3704][safepoint    ] Leaving safepoint region
[2022-06-16T20:34:41.141+0000][3704][safepoint    ] Total time for which application threads were stopped: 0.0001934 seconds, Stopping threads took: 0.0000189 seconds
[2022-06-16T20:34:41.156+0000][3704][safepoint    ] Application time: 0.0076977 seconds
[2022-06-16T20:34:41.156+0000][3704][safepoint    ] Entering safepoint region: CollectForMetadataAllocation
[2022-06-16T20:34:41.156+0000][3704][safepoint    ] Leaving safepoint region
[2022-06-16T20:34:41.156+0000][3704][safepoint    ] Total time for which application threads were stopped: 0.0001995 seconds, Stopping threads took: 0.0000187 seconds
[2022-06-16T20:34:41.156+0000][3704][safepoint    ] Application time: 0.0066624 seconds
[2022-06-16T20:34:41.156+0000][3704][safepoint    ] Entering safepoint region: CollectForMetadataAllocation
[2022-06-16T20:34:41.156+0000][3704][safepoint    ] Leaving safepoint region
[2022-06-16T20:34:41.156+0000][3704][safepoint    ] Total time for which application threads were stopped: 0.0001860 seconds, Stopping threads took: 0.0000187 seconds
[2022-06-16T20:34:41.172+0000][3704][safepoint    ] Application time: 0.0066941 seconds
[2022-06-16T20:34:41.172+0000][3704][safepoint    ] Entering safepoint region: Deoptimize
[2022-06-16T20:34:41.172+0000][3704][safepoint    ] Leaving safepoint region
[2022-06-16T20:34:41.172+0000][3704][safepoint    ] Total time for which application threads were stopped: 0.0006675 seconds, Stopping threads took: 0.0000184 seconds
[2022-06-16T20:34:41.297+0000][3704][safepoint    ] Application time: 0.1304263 seconds
[2022-06-16T20:34:41.297+0000][3704][safepoint    ] Entering safepoint region: CollectForMetadataAllocation
[2022-06-16T20:34:41.297+0000][3704][safepoint    ] Leaving safepoint region
[2022-06-16T20:34:41.297+0000][3704][safepoint    ] Total time for which application threads were stopped: 0.0002059 seconds, Stopping threads took: 0.0000265 seconds
[2022-06-16T20:34:41.453+0000][3704][safepoint    ] Application time: 0.1546493 seconds
[2022-06-16T20:34:41.453+0000][3704][safepoint    ] Entering safepoint region: CollectForMetadataAllocation
[2022-06-16T20:34:41.453+0000][3704][safepoint    ] Leaving safepoint region
[2022-06-16T20:34:41.453+0000][3704][safepoint    ] Total time for which application threads were stopped: 0.0002231 seconds, Stopping threads took: 0.0000274 seconds
[2022-06-16T20:34:42.141+0000][3704][safepoint    ] Application time: 0.6841403 seconds
[2022-06-16T20:34:42.141+0000][3704][safepoint    ] Entering safepoint region: CollectForMetadataAllocation
[2022-06-16T20:34:42.141+0000][3704][safepoint    ] Leaving safepoint region
[2022-06-16T20:34:42.141+0000][3704][safepoint    ] Total time for which application threads were stopped: 0.0002302 seconds, Stopping threads took: 0.0000270 seconds
[2022-06-16T20:34:42.203+0000][3704][safepoint    ] Application time: 0.0665379 seconds
[2022-06-16T20:34:42.203+0000][3704][safepoint    ] Entering safepoint region: CollectForMetadataAllocation
[2022-06-16T20:34:42.203+0000][3704][safepoint    ] Leaving safepoint region
[2022-06-16T20:34:42.203+0000][3704][safepoint    ] Total time for which application threads were stopped: 0.0004831 seconds, Stopping threads took: 0.0000201 seconds
[2022-06-16T20:34:42.235+0000][3704][safepoint    ] Application time: 0.0256599 seconds
[2022-06-16T20:34:42.235+0000][3704][safepoint    ] Entering safepoint region: CollectForMetadataAllocation
[2022-06-16T20:34:42.235+0000][3704][safepoint    ] Leaving safepoint region
[2022-06-16T20:34:42.235+0000][3704][safepoint    ] Total time for which application threads were stopped: 0.0002238 seconds, Stopping threads took: 0.0000221 seconds
[2022-06-16T20:34:42.281+0000][3704][safepoint    ] Application time: 0.0459966 seconds
[2022-06-16T20:34:42.281+0000][3704][safepoint    ] Entering safepoint region: CollectForMetadataAllocation
[2022-06-16T20:34:42.281+0000][3704][safepoint    ] Leaving safepoint region
[2022-06-16T20:34:42.281+0000][3704][safepoint    ] Total time for which application threads were stopped: 0.0002348 seconds, Stopping threads took: 0.0000223 seconds
[2022-06-16T20:34:42.328+0000][3704][safepoint    ] Application time: 0.0502014 seconds
[2022-06-16T20:34:42.328+0000][3704][safepoint    ] Entering safepoint region: CollectForMetadataAllocation
[2022-06-16T20:34:42.328+0000][3704][safepoint    ] Leaving safepoint region
[2022-06-16T20:34:42.328+0000][3704][safepoint    ] Total time for which application threads were stopped: 0.0002202 seconds, Stopping threads took: 0.0000210 seconds
[2022-06-16T20:34:42.406+0000][3704][safepoint    ] Application time: 0.0758799 seconds
[2022-06-16T20:34:42.406+0000][3704][safepoint    ] Entering safepoint region: CollectForMetadataAllocation
[2022-06-16T20:34:42.406+0000][3704][safepoint    ] Leaving safepoint region
[2022-06-16T20:34:42.406+0000][3704][safepoint    ] Total time for which application threads were stopped: 0.0002400 seconds, Stopping threads took: 0.0000280 seconds
[2022-06-16T20:34:42.438+0000][3704][safepoint    ] Application time: 0.0331155 seconds
[2022-06-16T20:34:42.438+0000][3704][safepoint    ] Entering safepoint region: CollectForMetadataAllocation
[2022-06-16T20:34:42.438+0000][3704][safepoint    ] Leaving safepoint region
[2022-06-16T20:34:42.438+0000][3704][safepoint    ] Total time for which application threads were stopped: 0.0002189 seconds, Stopping threads took: 0.0000209 seconds
[2022-06-16T20:34:42.469+0000][3704][safepoint    ] Application time: 0.0338431 seconds
[2022-06-16T20:34:42.469+0000][3704][safepoint    ] Entering safepoint region: CollectForMetadataAllocation
[2022-06-16T20:34:42.469+0000][3704][safepoint    ] Leaving safepoint region
[2022-06-16T20:34:42.469+0000][3704][safepoint    ] Total time for which application threads were stopped: 0.0002466 seconds, Stopping threads took: 0.0000204 seconds
[2022-06-16T20:34:42.750+0000][3704][safepoint    ] Application time: 0.2833246 seconds
[2022-06-16T20:34:42.750+0000][3704][safepoint    ] Entering safepoint region: CollectForMetadataAllocation
[2022-06-16T20:34:42.750+0000][3704][safepoint    ] Leaving safepoint region
[2022-06-16T20:34:42.750+0000][3704][safepoint    ] Total time for which application threads were stopped: 0.0002358 seconds, Stopping threads took: 0.0000268 seconds
[2022-06-16T20:34:42.828+0000][3704][safepoint    ] Application time: 0.0655383 seconds
[2022-06-16T20:34:42.828+0000][3704][safepoint    ] Entering safepoint region: RevokeBias
[2022-06-16T20:34:42.828+0000][3704][safepoint    ] Leaving safepoint region
[2022-06-16T20:34:42.828+0000][3704][safepoint    ] Total time for which application threads were stopped: 0.0001106 seconds, Stopping threads took: 0.0000196 seconds
[2022-06-16T20:34:42.828+0000][3704][safepoint    ] Application time: 0.0000790 seconds
[2022-06-16T20:34:42.828+0000][3704][safepoint    ] Entering safepoint region: RevokeBias
[2022-06-16T20:34:42.828+0000][3704][safepoint    ] Leaving safepoint region
[2022-06-16T20:34:42.828+0000][3704][safepoint    ] Total time for which application threads were stopped: 0.0000571 seconds, Stopping threads took: 0.0000147 seconds
[2022-06-16T20:34:42.828+0000][3704][safepoint    ] Application time: 0.0000777 seconds
[2022-06-16T20:34:42.828+0000][3704][safepoint    ] Entering safepoint region: RevokeBias
[2022-06-16T20:34:42.828+0000][3704][safepoint    ] Leaving safepoint region
[2022-06-16T20:34:42.828+0000][3704][safepoint    ] Total time for which application threads were stopped: 0.0000532 seconds, Stopping threads took: 0.0000139 seconds
[2022-06-16T20:34:42.828+0000][3704][safepoint    ] Application time: 0.0026069 seconds
[2022-06-16T20:34:42.828+0000][3704][safepoint    ] Entering safepoint region: RevokeBias
[2022-06-16T20:34:42.828+0000][3704][safepoint    ] Leaving safepoint region
[2022-06-16T20:34:42.828+0000][3704][safepoint    ] Total time for which application threads were stopped: 0.0000730 seconds, Stopping threads took: 0.0000171 seconds
[2022-06-16T20:34:42.844+0000][3704][safepoint    ] Application time: 0.0239590 seconds
[2022-06-16T20:34:42.844+0000][3704][safepoint    ] Entering safepoint region: CollectForMetadataAllocation
[2022-06-16T20:34:42.844+0000][3704][safepoint    ] Leaving safepoint region
[2022-06-16T20:34:42.844+0000][3704][safepoint    ] Total time for which application threads were stopped: 0.0002179 seconds, Stopping threads took: 0.0000203 seconds
[2022-06-16T20:34:42.938+0000][3704][safepoint    ] Application time: 0.0863868 seconds
[2022-06-16T20:34:42.938+0000][3704][safepoint    ] Entering safepoint region: GenCollectForAllocation
[2022-06-16T20:34:42.938+0000][3704][gc,start     ] GC(26) Pause Young (Allocation Failure)
[2022-06-16T20:34:42.938+0000][3704][gc,task      ] GC(26) Using 2 workers of 2 for evacuation
[2022-06-16T20:34:42.969+0000][3704][gc,age       ] GC(26) Desired survivor size 8716288 bytes, new threshold 6 (max threshold 6)
[2022-06-16T20:34:42.969+0000][3704][gc,age       ] GC(26) Age table with threshold 6 (max threshold 6)
[2022-06-16T20:34:42.969+0000][3704][gc,age       ] GC(26) - age   1:    3871080 bytes,    3871080 total
[2022-06-16T20:34:42.969+0000][3704][gc,age       ] GC(26) - age   2:    2556808 bytes,    6427888 total
[2022-06-16T20:34:42.969+0000][3704][gc,age       ] GC(26) - age   3:    1983896 bytes,    8411784 total
[2022-06-16T20:34:42.969+0000][3704][gc,heap      ] GC(26) ParNew: 147965K->12107K(153344K)
[2022-06-16T20:34:42.969+0000][3704][gc,heap      ] GC(26) CMS: 48014K->52489K(878208K)
[2022-06-16T20:34:42.969+0000][3704][gc,metaspace ] GC(26) Metaspace: 79195K->79195K(1122304K)
[2022-06-16T20:34:42.969+0000][3704][gc           ] GC(26) Pause Young (Allocation Failure) 191M->63M(1007M) 32.729ms
[2022-06-16T20:34:42.969+0000][3704][gc,cpu       ] GC(26) User=0.06s Sys=0.00s Real=0.03s
[2022-06-16T20:34:42.969+0000][3704][safepoint    ] Leaving safepoint region
[2022-06-16T20:34:42.969+0000][3704][safepoint    ] Total time for which application threads were stopped: 0.0331867 seconds, Stopping threads took: 0.0003194 seconds
[2022-06-16T20:34:42.985+0000][3704][safepoint    ] Application time: 0.0072630 seconds
[2022-06-16T20:34:42.985+0000][3704][safepoint    ] Entering safepoint region: CollectForMetadataAllocation
[2022-06-16T20:34:42.985+0000][3704][safepoint    ] Leaving safepoint region
[2022-06-16T20:34:42.985+0000][3704][safepoint    ] Total time for which application threads were stopped: 0.0002210 seconds, Stopping threads took: 0.0000194 seconds
[2022-06-16T20:34:43.016+0000][3704][safepoint    ] Application time: 0.0321042 seconds
[2022-06-16T20:34:43.016+0000][3704][safepoint    ] Entering safepoint region: CollectForMetadataAllocation
[2022-06-16T20:34:43.016+0000][3704][safepoint    ] Leaving safepoint region
[2022-06-16T20:34:43.016+0000][3704][safepoint    ] Total time for which application threads were stopped: 0.0002054 seconds, Stopping threads took: 0.0000191 seconds
[2022-06-16T20:34:43.141+0000][3704][safepoint    ] Application time: 0.1384656 seconds
[2022-06-16T20:34:43.156+0000][3704][safepoint    ] Entering safepoint region: CollectForMetadataAllocation
[2022-06-16T20:34:43.156+0000][3704][safepoint    ] Leaving safepoint region
[2022-06-16T20:34:43.156+0000][3704][safepoint    ] Total time for which application threads were stopped: 0.0005307 seconds, Stopping threads took: 0.0001037 seconds
[2022-06-16T20:34:43.266+0000][3704][safepoint    ] Application time: 0.1218693 seconds
[2022-06-16T20:34:43.266+0000][3704][safepoint    ] Entering safepoint region: CollectForMetadataAllocation
[2022-06-16T20:34:43.266+0000][3704][safepoint    ] Leaving safepoint region
[2022-06-16T20:34:43.266+0000][3704][safepoint    ] Total time for which application threads were stopped: 0.0002300 seconds, Stopping threads took: 0.0000269 seconds
[2022-06-16T20:34:43.391+0000][3704][safepoint    ] Application time: 0.1254608 seconds
[2022-06-16T20:34:43.391+0000][3704][safepoint    ] Entering safepoint region: CollectForMetadataAllocation
[2022-06-16T20:34:43.391+0000][3704][safepoint    ] Leaving safepoint region
[2022-06-16T20:34:43.391+0000][3704][safepoint    ] Total time for which application threads were stopped: 0.0002183 seconds, Stopping threads took: 0.0000263 seconds
[2022-06-16T20:34:43.516+0000][3704][safepoint    ] Application time: 0.1224415 seconds
[2022-06-16T20:34:43.516+0000][3704][safepoint    ] Entering safepoint region: Deoptimize
[2022-06-16T20:34:43.516+0000][3704][safepoint    ] Leaving safepoint region
[2022-06-16T20:34:43.516+0000][3704][safepoint    ] Total time for which application threads were stopped: 0.0007031 seconds, Stopping threads took: 0.0000283 seconds
[2022-06-16T20:34:43.906+0000][3704][safepoint    ] Application time: 0.3927769 seconds
[2022-06-16T20:34:44.047+0000][3704][safepoint    ] Entering safepoint region: RevokeBias
[2022-06-16T20:34:44.047+0000][3704][safepoint    ] Leaving safepoint region
[2022-06-16T20:34:44.047+0000][3704][safepoint    ] Total time for which application threads were stopped: 0.1287733 seconds, Stopping threads took: 0.1286369 seconds
[2022-06-16T20:34:44.047+0000][3704][safepoint    ] Application time: 0.0087213 seconds
[2022-06-16T20:34:44.047+0000][3704][safepoint    ] Entering safepoint region: RevokeBias
[2022-06-16T20:34:44.047+0000][3704][safepoint    ] Leaving safepoint region
[2022-06-16T20:34:44.047+0000][3704][safepoint    ] Total time for which application threads were stopped: 0.0002239 seconds, Stopping threads took: 0.0000459 seconds
[2022-06-16T20:34:44.063+0000][3704][safepoint    ] Application time: 0.0116719 seconds
[2022-06-16T20:34:44.063+0000][3704][safepoint    ] Entering safepoint region: CollectForMetadataAllocation
[2022-06-16T20:34:44.063+0000][3704][safepoint    ] Leaving safepoint region
[2022-06-16T20:34:44.063+0000][3704][safepoint    ] Total time for which application threads were stopped: 0.0002434 seconds, Stopping threads took: 0.0000192 seconds
[2022-06-16T20:34:44.078+0000][3704][safepoint    ] Application time: 0.0092277 seconds
[2022-06-16T20:34:44.078+0000][3704][safepoint    ] Entering safepoint region: RevokeBias
[2022-06-16T20:34:44.078+0000][3704][safepoint    ] Leaving safepoint region
[2022-06-16T20:34:44.078+0000][3704][safepoint    ] Total time for which application threads were stopped: 0.0001095 seconds, Stopping threads took: 0.0000188 seconds
[2022-06-16T20:34:44.078+0000][3704][safepoint    ] Application time: 0.0006896 seconds
[2022-06-16T20:34:44.078+0000][3704][safepoint    ] Entering safepoint region: RevokeBias
[2022-06-16T20:34:44.078+0000][3704][safepoint    ] Leaving safepoint region
[2022-06-16T20:34:44.078+0000][3704][safepoint    ] Total time for which application threads were stopped: 0.0000906 seconds, Stopping threads took: 0.0000165 seconds
[2022-06-16T20:34:44.078+0000][3704][safepoint    ] Application time: 0.0005464 seconds
[2022-06-16T20:34:44.078+0000][3704][safepoint    ] Entering safepoint region: RevokeBias
[2022-06-16T20:34:44.078+0000][3704][safepoint    ] Leaving safepoint region
[2022-06-16T20:34:44.078+0000][3704][safepoint    ] Total time for which application threads were stopped: 0.0000958 seconds, Stopping threads took: 0.0000162 seconds
[2022-06-16T20:34:44.078+0000][3704][safepoint    ] Application time: 0.0001121 seconds
[2022-06-16T20:34:44.078+0000][3704][safepoint    ] Entering safepoint region: RevokeBias
[2022-06-16T20:34:44.078+0000][3704][safepoint    ] Leaving safepoint region
[2022-06-16T20:34:44.078+0000][3704][safepoint    ] Total time for which application threads were stopped: 0.0000781 seconds, Stopping threads took: 0.0000137 seconds
[2022-06-16T20:34:44.078+0000][3704][safepoint    ] Application time: 0.0000401 seconds
[2022-06-16T20:34:44.078+0000][3704][safepoint    ] Entering safepoint region: RevokeBias
[2022-06-16T20:34:44.078+0000][3704][safepoint    ] Leaving safepoint region
[2022-06-16T20:34:44.078+0000][3704][safepoint    ] Total time for which application threads were stopped: 0.0000779 seconds, Stopping threads took: 0.0000158 seconds
[2022-06-16T20:34:44.313+0000][3704][safepoint    ] Application time: 0.2375550 seconds
[2022-06-16T20:34:44.313+0000][3704][safepoint    ] Entering safepoint region: CollectForMetadataAllocation
[2022-06-16T20:34:44.313+0000][3704][safepoint    ] Leaving safepoint region
[2022-06-16T20:34:44.313+0000][3704][safepoint    ] Total time for which application threads were stopped: 0.0002251 seconds, Stopping threads took: 0.0000268 seconds
[2022-06-16T20:34:44.735+0000][3704][safepoint    ] Application time: 0.4222329 seconds
[2022-06-16T20:34:44.735+0000][3704][safepoint    ] Entering safepoint region: CollectForMetadataAllocation
[2022-06-16T20:34:44.735+0000][3704][safepoint    ] Leaving safepoint region
[2022-06-16T20:34:44.735+0000][3704][safepoint    ] Total time for which application threads were stopped: 0.0002163 seconds, Stopping threads took: 0.0000206 seconds
[2022-06-16T20:34:44.813+0000][3704][safepoint    ] Application time: 0.0738660 seconds
[2022-06-16T20:34:44.813+0000][3704][safepoint    ] Entering safepoint region: CollectForMetadataAllocation
[2022-06-16T20:34:44.813+0000][3704][safepoint    ] Leaving safepoint region
[2022-06-16T20:34:44.813+0000][3704][safepoint    ] Total time for which application threads were stopped: 0.0001616 seconds, Stopping threads took: 0.0000268 seconds
[2022-06-16T20:34:44.860+0000][3704][safepoint    ] Application time: 0.0496989 seconds
[2022-06-16T20:34:44.860+0000][3704][safepoint    ] Entering safepoint region: CollectForMetadataAllocation
[2022-06-16T20:34:44.860+0000][3704][safepoint    ] Leaving safepoint region
[2022-06-16T20:34:44.860+0000][3704][safepoint    ] Total time for which application threads were stopped: 0.0002015 seconds, Stopping threads took: 0.0000196 seconds
[2022-06-16T20:34:44.875+0000][3704][safepoint    ] Application time: 0.0211822 seconds
[2022-06-16T20:34:44.875+0000][3704][safepoint    ] Entering safepoint region: CollectForMetadataAllocation
[2022-06-16T20:34:44.875+0000][3704][safepoint    ] Leaving safepoint region
[2022-06-16T20:34:44.875+0000][3704][safepoint    ] Total time for which application threads were stopped: 0.0001926 seconds, Stopping threads took: 0.0000187 seconds
[2022-06-16T20:34:45.344+0000][3704][gc           ] GC(25) Concurrent Abortable Preclean 5116.074ms
[2022-06-16T20:34:45.344+0000][3704][gc,cpu       ] GC(25) User=5.30s Sys=0.14s Real=5.11s
[2022-06-16T20:34:45.344+0000][3704][safepoint    ] Application time: 0.4668700 seconds
[2022-06-16T20:34:45.344+0000][3704][safepoint    ] Entering safepoint region: CMS_Final_Remark
[2022-06-16T20:34:45.344+0000][3704][gc,start     ] GC(25) Pause Remark
[2022-06-16T20:34:45.391+0000][3704][gc           ] GC(25) Pause Remark 98M->98M(1007M) 35.839ms
[2022-06-16T20:34:45.391+0000][3704][gc,cpu       ] GC(25) User=0.06s Sys=0.00s Real=0.05s
[2022-06-16T20:34:45.391+0000][3704][safepoint    ] Leaving safepoint region
[2022-06-16T20:34:45.391+0000][3704][safepoint    ] Total time for which application threads were stopped: 0.0362053 seconds, Stopping threads took: 0.0001863 seconds
[2022-06-16T20:34:45.391+0000][3704][gc           ] GC(25) Concurrent Sweep
[2022-06-16T20:34:45.406+0000][3704][gc           ] GC(25) Concurrent Sweep 20.733ms
[2022-06-16T20:34:45.406+0000][3704][gc,cpu       ] GC(25) User=0.03s Sys=0.00s Real=0.01s
[2022-06-16T20:34:45.406+0000][3704][gc           ] GC(25) Concurrent Reset
[2022-06-16T20:34:45.406+0000][3704][gc           ] GC(25) Concurrent Reset 1.171ms
[2022-06-16T20:34:45.406+0000][3704][gc,cpu       ] GC(25) User=0.00s Sys=0.00s Real=0.00s
[2022-06-16T20:34:45.406+0000][3704][gc,heap      ] GC(25) Old: 48014K->52159K(878208K)
[2022-06-16T20:34:46.391+0000][3704][safepoint    ] Application time: 0.9998124 seconds
[2022-06-16T20:34:46.391+0000][3704][safepoint    ] Entering safepoint region: Cleanup
[2022-06-16T20:34:46.391+0000][3704][safepoint    ] Leaving safepoint region
[2022-06-16T20:34:46.391+0000][3704][safepoint    ] Total time for which application threads were stopped: 0.0001800 seconds, Stopping threads took: 0.0000665 seconds
[2022-06-16T20:34:47.392+0000][3704][safepoint    ] Application time: 1.0020490 seconds
[2022-06-16T20:34:47.392+0000][3704][safepoint    ] Entering safepoint region: Cleanup
[2022-06-16T20:34:47.392+0000][3704][safepoint    ] Leaving safepoint region
[2022-06-16T20:34:47.392+0000][3704][safepoint    ] Total time for which application threads were stopped: 0.0000804 seconds, Stopping threads took: 0.0000234 seconds
[2022-06-16T20:34:48.393+0000][3704][safepoint    ] Application time: 1.0000695 seconds
[2022-06-16T20:34:48.393+0000][3704][safepoint    ] Entering safepoint region: Cleanup
[2022-06-16T20:34:48.393+0000][3704][safepoint    ] Leaving safepoint region
[2022-06-16T20:34:48.393+0000][3704][safepoint    ] Total time for which application threads were stopped: 0.0000885 seconds, Stopping threads took: 0.0000269 seconds
[2022-06-16T20:34:48.739+0000][3704][safepoint    ] Application time: 0.3465498 seconds
[2022-06-16T20:34:48.739+0000][3704][safepoint    ] Entering safepoint region: RevokeBias
[2022-06-16T20:34:48.739+0000][3704][safepoint    ] Leaving safepoint region
[2022-06-16T20:34:48.739+0000][3704][safepoint    ] Total time for which application threads were stopped: 0.0000870 seconds, Stopping threads took: 0.0000245 seconds
[2022-06-16T20:34:48.825+0000][3704][safepoint    ] Application time: 0.0858133 seconds
[2022-06-16T20:34:48.825+0000][3704][safepoint    ] Entering safepoint region: Deoptimize
[2022-06-16T20:34:48.826+0000][3704][safepoint    ] Leaving safepoint region
[2022-06-16T20:34:48.826+0000][3704][safepoint    ] Total time for which application threads were stopped: 0.0007515 seconds, Stopping threads took: 0.0000262 seconds
[2022-06-16T20:34:48.994+0000][3704][safepoint    ] Application time: 0.1676575 seconds
[2022-06-16T20:34:48.994+0000][3704][safepoint    ] Entering safepoint region: Deoptimize
[2022-06-16T20:34:48.995+0000][3704][safepoint    ] Leaving safepoint region
[2022-06-16T20:34:48.995+0000][3704][safepoint    ] Total time for which application threads were stopped: 0.0007335 seconds, Stopping threads took: 0.0000213 seconds
[2022-06-16T20:34:49.158+0000][3704][safepoint    ] Application time: 0.1632567 seconds
[2022-06-16T20:34:49.158+0000][3704][safepoint    ] Entering safepoint region: Deoptimize
[2022-06-16T20:34:49.159+0000][3704][safepoint    ] Leaving safepoint region
[2022-06-16T20:34:49.159+0000][3704][safepoint    ] Total time for which application threads were stopped: 0.0007271 seconds, Stopping threads took: 0.0000228 seconds
[2022-06-16T20:34:49.226+0000][3704][safepoint    ] Application time: 0.0671986 seconds
[2022-06-16T20:34:49.226+0000][3704][safepoint    ] Entering safepoint region: RevokeBias
[2022-06-16T20:34:49.226+0000][3704][safepoint    ] Leaving safepoint region
[2022-06-16T20:34:49.226+0000][3704][safepoint    ] Total time for which application threads were stopped: 0.0004749 seconds, Stopping threads took: 0.0000260 seconds
[2022-06-16T20:34:49.227+0000][3704][safepoint    ] Application time: 0.0001887 seconds
[2022-06-16T20:34:49.227+0000][3704][safepoint    ] Entering safepoint region: RevokeBias
[2022-06-16T20:34:49.227+0000][3704][safepoint    ] Leaving safepoint region
[2022-06-16T20:34:49.227+0000][3704][safepoint    ] Total time for which application threads were stopped: 0.0000754 seconds, Stopping threads took: 0.0000222 seconds
[2022-06-16T20:34:49.227+0000][3704][safepoint    ] Application time: 0.0006130 seconds
[2022-06-16T20:34:49.227+0000][3704][safepoint    ] Entering safepoint region: RevokeBias
[2022-06-16T20:34:49.227+0000][3704][safepoint    ] Leaving safepoint region
[2022-06-16T20:34:49.227+0000][3704][safepoint    ] Total time for which application threads were stopped: 0.0000711 seconds, Stopping threads took: 0.0000226 seconds
[2022-06-16T20:34:49.228+0000][3704][safepoint    ] Application time: 0.0008504 seconds
[2022-06-16T20:34:49.228+0000][3704][safepoint    ] Entering safepoint region: RevokeBias
[2022-06-16T20:34:49.228+0000][3704][safepoint    ] Leaving safepoint region
[2022-06-16T20:34:49.228+0000][3704][safepoint    ] Total time for which application threads were stopped: 0.0000885 seconds, Stopping threads took: 0.0000224 seconds
[2022-06-16T20:34:49.228+0000][3704][safepoint    ] Application time: 0.0000149 seconds
[2022-06-16T20:34:49.228+0000][3704][safepoint    ] Entering safepoint region: RevokeBias
[2022-06-16T20:34:49.229+0000][3704][safepoint    ] Leaving safepoint region
[2022-06-16T20:34:49.229+0000][3704][safepoint    ] Total time for which application threads were stopped: 0.0000765 seconds, Stopping threads took: 0.0000216 seconds
[2022-06-16T20:34:49.229+0000][3704][safepoint    ] Application time: 0.0000133 seconds
[2022-06-16T20:34:49.229+0000][3704][safepoint    ] Entering safepoint region: RevokeBias
[2022-06-16T20:34:49.229+0000][3704][safepoint    ] Leaving safepoint region
[2022-06-16T20:34:49.229+0000][3704][safepoint    ] Total time for which application threads were stopped: 0.0000602 seconds, Stopping threads took: 0.0000192 seconds
[2022-06-16T20:34:49.229+0000][3704][safepoint    ] Application time: 0.0000103 seconds
[2022-06-16T20:34:49.229+0000][3704][safepoint    ] Entering safepoint region: RevokeBias
[2022-06-16T20:34:49.229+0000][3704][safepoint    ] Leaving safepoint region
[2022-06-16T20:34:49.229+0000][3704][safepoint    ] Total time for which application threads were stopped: 0.0000585 seconds, Stopping threads took: 0.0000184 seconds
[2022-06-16T20:34:49.229+0000][3704][safepoint    ] Application time: 0.0000103 seconds
[2022-06-16T20:34:49.229+0000][3704][safepoint    ] Entering safepoint region: RevokeBias
[2022-06-16T20:34:49.229+0000][3704][safepoint    ] Leaving safepoint region
[2022-06-16T20:34:49.229+0000][3704][safepoint    ] Total time for which application threads were stopped: 0.0000600 seconds, Stopping threads took: 0.0000187 seconds
[2022-06-16T20:34:49.229+0000][3704][safepoint    ] Application time: 0.0000120 seconds
[2022-06-16T20:34:49.229+0000][3704][safepoint    ] Entering safepoint region: RevokeBias
[2022-06-16T20:34:49.229+0000][3704][safepoint    ] Leaving safepoint region
[2022-06-16T20:34:49.229+0000][3704][safepoint    ] Total time for which application threads were stopped: 0.0000584 seconds, Stopping threads took: 0.0000184 seconds
[2022-06-16T20:34:49.229+0000][3704][safepoint    ] Application time: 0.0000120 seconds
[2022-06-16T20:34:49.229+0000][3704][safepoint    ] Entering safepoint region: RevokeBias
[2022-06-16T20:34:49.229+0000][3704][safepoint    ] Leaving safepoint region
[2022-06-16T20:34:49.229+0000][3704][safepoint    ] Total time for which application threads were stopped: 0.0000585 seconds, Stopping threads took: 0.0000187 seconds
[2022-06-16T20:34:49.229+0000][3704][safepoint    ] Application time: 0.0000104 seconds
[2022-06-16T20:34:49.229+0000][3704][safepoint    ] Entering safepoint region: RevokeBias
[2022-06-16T20:34:49.229+0000][3704][safepoint    ] Leaving safepoint region
[2022-06-16T20:34:49.229+0000][3704][safepoint    ] Total time for which application threads were stopped: 0.0000581 seconds, Stopping threads took: 0.0000184 seconds
[2022-06-16T20:34:49.229+0000][3704][safepoint    ] Application time: 0.0000103 seconds
[2022-06-16T20:34:49.229+0000][3704][safepoint    ] Entering safepoint region: RevokeBias
[2022-06-16T20:34:49.229+0000][3704][safepoint    ] Leaving safepoint region
[2022-06-16T20:34:49.229+0000][3704][safepoint    ] Total time for which application threads were stopped: 0.0000576 seconds, Stopping threads took: 0.0000185 seconds
[2022-06-16T20:34:49.229+0000][3704][safepoint    ] Application time: 0.0000102 seconds
[2022-06-16T20:34:49.229+0000][3704][safepoint    ] Entering safepoint region: RevokeBias
[2022-06-16T20:34:49.229+0000][3704][safepoint    ] Leaving safepoint region
[2022-06-16T20:34:49.229+0000][3704][safepoint    ] Total time for which application threads were stopped: 0.0000563 seconds, Stopping threads took: 0.0000179 seconds
[2022-06-16T20:34:49.229+0000][3704][safepoint    ] Application time: 0.0000101 seconds
[2022-06-16T20:34:49.229+0000][3704][safepoint    ] Entering safepoint region: RevokeBias
[2022-06-16T20:34:49.229+0000][3704][safepoint    ] Leaving safepoint region
[2022-06-16T20:34:49.229+0000][3704][safepoint    ] Total time for which application threads were stopped: 0.0000577 seconds, Stopping threads took: 0.0000182 seconds
[2022-06-16T20:34:49.230+0000][3704][safepoint    ] Application time: 0.0000111 seconds
[2022-06-16T20:34:49.230+0000][3704][safepoint    ] Entering safepoint region: RevokeBias
[2022-06-16T20:34:49.230+0000][3704][safepoint    ] Leaving safepoint region
[2022-06-16T20:34:49.230+0000][3704][safepoint    ] Total time for which application threads were stopped: 0.0000578 seconds, Stopping threads took: 0.0000182 seconds
[2022-06-16T20:34:49.230+0000][3704][safepoint    ] Application time: 0.0000108 seconds
[2022-06-16T20:34:49.230+0000][3704][safepoint    ] Entering safepoint region: RevokeBias
[2022-06-16T20:34:49.230+0000][3704][safepoint    ] Leaving safepoint region
[2022-06-16T20:34:49.230+0000][3704][safepoint    ] Total time for which application threads were stopped: 0.0000579 seconds, Stopping threads took: 0.0000181 seconds
[2022-06-16T20:34:49.230+0000][3704][safepoint    ] Application time: 0.0000105 seconds
[2022-06-16T20:34:49.230+0000][3704][safepoint    ] Entering safepoint region: RevokeBias
[2022-06-16T20:34:49.230+0000][3704][safepoint    ] Leaving safepoint region
[2022-06-16T20:34:49.230+0000][3704][safepoint    ] Total time for which application threads were stopped: 0.0000610 seconds, Stopping threads took: 0.0000177 seconds
[2022-06-16T20:34:49.230+0000][3704][safepoint    ] Application time: 0.0000104 seconds
[2022-06-16T20:34:49.230+0000][3704][safepoint    ] Entering safepoint region: RevokeBias
[2022-06-16T20:34:49.230+0000][3704][safepoint    ] Leaving safepoint region
[2022-06-16T20:34:49.230+0000][3704][safepoint    ] Total time for which application threads were stopped: 0.0000598 seconds, Stopping threads took: 0.0000179 seconds
[2022-06-16T20:34:49.230+0000][3704][safepoint    ] Application time: 0.0000101 seconds
[2022-06-16T20:34:49.230+0000][3704][safepoint    ] Entering safepoint region: RevokeBias
[2022-06-16T20:34:49.230+0000][3704][safepoint    ] Leaving safepoint region
[2022-06-16T20:34:49.230+0000][3704][safepoint    ] Total time for which application threads were stopped: 0.0000614 seconds, Stopping threads took: 0.0000179 seconds
[2022-06-16T20:34:49.230+0000][3704][safepoint    ] Application time: 0.0000101 seconds
[2022-06-16T20:34:49.230+0000][3704][safepoint    ] Entering safepoint region: RevokeBias
[2022-06-16T20:34:49.230+0000][3704][safepoint    ] Leaving safepoint region
[2022-06-16T20:34:49.230+0000][3704][safepoint    ] Total time for which application threads were stopped: 0.0000609 seconds, Stopping threads took: 0.0000179 seconds
[2022-06-16T20:34:49.230+0000][3704][safepoint    ] Application time: 0.0000104 seconds
[2022-06-16T20:34:49.230+0000][3704][safepoint    ] Entering safepoint region: BulkRevokeBias
[2022-06-16T20:34:49.230+0000][3704][safepoint    ] Leaving safepoint region
[2022-06-16T20:34:49.230+0000][3704][safepoint    ] Total time for which application threads were stopped: 0.0001390 seconds, Stopping threads took: 0.0000181 seconds
[2022-06-16T20:34:49.230+0000][3704][safepoint    ] Application time: 0.0000457 seconds
[2022-06-16T20:34:49.230+0000][3704][safepoint    ] Entering safepoint region: RevokeBias
[2022-06-16T20:34:49.230+0000][3704][safepoint    ] Leaving safepoint region
[2022-06-16T20:34:49.230+0000][3704][safepoint    ] Total time for which application threads were stopped: 0.0000634 seconds, Stopping threads took: 0.0000184 seconds
[2022-06-16T20:34:49.230+0000][3704][safepoint    ] Application time: 0.0000219 seconds
[2022-06-16T20:34:49.230+0000][3704][safepoint    ] Entering safepoint region: RevokeBias
[2022-06-16T20:34:49.231+0000][3704][safepoint    ] Leaving safepoint region
[2022-06-16T20:34:49.231+0000][3704][safepoint    ] Total time for which application threads were stopped: 0.0000722 seconds, Stopping threads took: 0.0000294 seconds
[2022-06-16T20:34:49.231+0000][3704][safepoint    ] Application time: 0.0000133 seconds
[2022-06-16T20:34:49.231+0000][3704][safepoint    ] Entering safepoint region: RevokeBias
[2022-06-16T20:34:49.231+0000][3704][safepoint    ] Leaving safepoint region
[2022-06-16T20:34:49.231+0000][3704][safepoint    ] Total time for which application threads were stopped: 0.0000670 seconds, Stopping threads took: 0.0000218 seconds
[2022-06-16T20:34:49.231+0000][3704][safepoint    ] Application time: 0.0000531 seconds
[2022-06-16T20:34:49.231+0000][3704][safepoint    ] Entering safepoint region: RevokeBias
[2022-06-16T20:34:49.231+0000][3704][safepoint    ] Leaving safepoint region
[2022-06-16T20:34:49.231+0000][3704][safepoint    ] Total time for which application threads were stopped: 0.0000602 seconds, Stopping threads took: 0.0000181 seconds
[2022-06-16T20:34:49.231+0000][3704][safepoint    ] Application time: 0.0000118 seconds
[2022-06-16T20:34:49.231+0000][3704][safepoint    ] Entering safepoint region: RevokeBias
[2022-06-16T20:34:49.231+0000][3704][safepoint    ] Leaving safepoint region
[2022-06-16T20:34:49.231+0000][3704][safepoint    ] Total time for which application threads were stopped: 0.0000600 seconds, Stopping threads took: 0.0000182 seconds
[2022-06-16T20:34:49.231+0000][3704][safepoint    ] Application time: 0.0001007 seconds
[2022-06-16T20:34:49.231+0000][3704][safepoint    ] Entering safepoint region: RevokeBias
[2022-06-16T20:34:49.231+0000][3704][safepoint    ] Leaving safepoint region
[2022-06-16T20:34:49.231+0000][3704][safepoint    ] Total time for which application threads were stopped: 0.0000613 seconds, Stopping threads took: 0.0000185 seconds
[2022-06-16T20:34:49.231+0000][3704][safepoint    ] Application time: 0.0000200 seconds
[2022-06-16T20:34:49.231+0000][3704][safepoint    ] Entering safepoint region: RevokeBias
[2022-06-16T20:34:49.231+0000][3704][safepoint    ] Leaving safepoint region
[2022-06-16T20:34:49.231+0000][3704][safepoint    ] Total time for which application threads were stopped: 0.0000570 seconds, Stopping threads took: 0.0000180 seconds
[2022-06-16T20:34:49.231+0000][3704][safepoint    ] Application time: 0.0000091 seconds
[2022-06-16T20:34:49.231+0000][3704][safepoint    ] Entering safepoint region: RevokeBias
[2022-06-16T20:34:49.231+0000][3704][safepoint    ] Leaving safepoint region
[2022-06-16T20:34:49.231+0000][3704][safepoint    ] Total time for which application threads were stopped: 0.0000599 seconds, Stopping threads took: 0.0000177 seconds
[2022-06-16T20:34:49.231+0000][3704][safepoint    ] Application time: 0.0000096 seconds
[2022-06-16T20:34:49.231+0000][3704][safepoint    ] Entering safepoint region: RevokeBias
[2022-06-16T20:34:49.231+0000][3704][safepoint    ] Leaving safepoint region
[2022-06-16T20:34:49.231+0000][3704][safepoint    ] Total time for which application threads were stopped: 0.0000567 seconds, Stopping threads took: 0.0000175 seconds
[2022-06-16T20:34:49.232+0000][3704][safepoint    ] Application time: 0.0001841 seconds
[2022-06-16T20:34:49.232+0000][3704][safepoint    ] Entering safepoint region: RevokeBias
[2022-06-16T20:34:49.232+0000][3704][safepoint    ] Leaving safepoint region
[2022-06-16T20:34:49.232+0000][3704][safepoint    ] Total time for which application threads were stopped: 0.0000694 seconds, Stopping threads took: 0.0000205 seconds
[2022-06-16T20:34:49.232+0000][3704][safepoint    ] Application time: 0.0000511 seconds
[2022-06-16T20:34:49.232+0000][3704][safepoint    ] Entering safepoint region: RevokeBias
[2022-06-16T20:34:49.232+0000][3704][safepoint    ] Leaving safepoint region
[2022-06-16T20:34:49.232+0000][3704][safepoint    ] Total time for which application threads were stopped: 0.0000645 seconds, Stopping threads took: 0.0000191 seconds
[2022-06-16T20:34:49.232+0000][3704][safepoint    ] Application time: 0.0000826 seconds
[2022-06-16T20:34:49.232+0000][3704][safepoint    ] Entering safepoint region: RevokeBias
[2022-06-16T20:34:49.232+0000][3704][safepoint    ] Leaving safepoint region
[2022-06-16T20:34:49.232+0000][3704][safepoint    ] Total time for which application threads were stopped: 0.0000705 seconds, Stopping threads took: 0.0000190 seconds
[2022-06-16T20:34:49.232+0000][3704][safepoint    ] Application time: 0.0000155 seconds
[2022-06-16T20:34:49.232+0000][3704][safepoint    ] Entering safepoint region: RevokeBias
[2022-06-16T20:34:49.232+0000][3704][safepoint    ] Leaving safepoint region
[2022-06-16T20:34:49.232+0000][3704][safepoint    ] Total time for which application threads were stopped: 0.0000627 seconds, Stopping threads took: 0.0000193 seconds
[2022-06-16T20:34:49.232+0000][3704][safepoint    ] Application time: 0.0002281 seconds
[2022-06-16T20:34:49.232+0000][3704][safepoint    ] Entering safepoint region: RevokeBias
[2022-06-16T20:34:49.233+0000][3704][safepoint    ] Leaving safepoint region
[2022-06-16T20:34:49.233+0000][3704][safepoint    ] Total time for which application threads were stopped: 0.0000843 seconds, Stopping threads took: 0.0000212 seconds
[2022-06-16T20:34:49.233+0000][3704][safepoint    ] Application time: 0.0003601 seconds
[2022-06-16T20:34:49.233+0000][3704][safepoint    ] Entering safepoint region: RevokeBias
[2022-06-16T20:34:49.233+0000][3704][safepoint    ] Leaving safepoint region
[2022-06-16T20:34:49.233+0000][3704][safepoint    ] Total time for which application threads were stopped: 0.0000852 seconds, Stopping threads took: 0.0000350 seconds
[2022-06-16T20:34:49.233+0000][3704][safepoint    ] Application time: 0.0000636 seconds
[2022-06-16T20:34:49.233+0000][3704][safepoint    ] Entering safepoint region: RevokeBias
[2022-06-16T20:34:49.233+0000][3704][safepoint    ] Leaving safepoint region
[2022-06-16T20:34:49.233+0000][3704][safepoint    ] Total time for which application threads were stopped: 0.0000690 seconds, Stopping threads took: 0.0000204 seconds
[2022-06-16T20:34:49.233+0000][3704][safepoint    ] Application time: 0.0000270 seconds
[2022-06-16T20:34:49.233+0000][3704][safepoint    ] Entering safepoint region: RevokeBias
[2022-06-16T20:34:49.233+0000][3704][safepoint    ] Leaving safepoint region
[2022-06-16T20:34:49.233+0000][3704][safepoint    ] Total time for which application threads were stopped: 0.0000715 seconds, Stopping threads took: 0.0000245 seconds
[2022-06-16T20:34:49.234+0000][3704][safepoint    ] Application time: 0.0009892 seconds
[2022-06-16T20:34:49.234+0000][3704][safepoint    ] Entering safepoint region: RevokeBias
[2022-06-16T20:34:49.234+0000][3704][safepoint    ] Leaving safepoint region
[2022-06-16T20:34:49.234+0000][3704][safepoint    ] Total time for which application threads were stopped: 0.0000806 seconds, Stopping threads took: 0.0000258 seconds
[2022-06-16T20:34:49.236+0000][3704][safepoint    ] Application time: 0.0014514 seconds
[2022-06-16T20:34:49.236+0000][3704][safepoint    ] Entering safepoint region: RevokeBias
[2022-06-16T20:34:49.236+0000][3704][safepoint    ] Leaving safepoint region
[2022-06-16T20:34:49.236+0000][3704][safepoint    ] Total time for which application threads were stopped: 0.0000682 seconds, Stopping threads took: 0.0000236 seconds
[2022-06-16T20:34:49.236+0000][3704][safepoint    ] Application time: 0.0000144 seconds
[2022-06-16T20:34:49.236+0000][3704][safepoint    ] Entering safepoint region: RevokeBias
[2022-06-16T20:34:49.236+0000][3704][safepoint    ] Leaving safepoint region
[2022-06-16T20:34:49.236+0000][3704][safepoint    ] Total time for which application threads were stopped: 0.0000494 seconds, Stopping threads took: 0.0000184 seconds
[2022-06-16T20:34:49.236+0000][3704][safepoint    ] Application time: 0.0000107 seconds
[2022-06-16T20:34:49.236+0000][3704][safepoint    ] Entering safepoint region: RevokeBias
[2022-06-16T20:34:49.236+0000][3704][safepoint    ] Leaving safepoint region
[2022-06-16T20:34:49.236+0000][3704][safepoint    ] Total time for which application threads were stopped: 0.0000484 seconds, Stopping threads took: 0.0000179 seconds
[2022-06-16T20:34:49.236+0000][3704][safepoint    ] Application time: 0.0000126 seconds
[2022-06-16T20:34:49.236+0000][3704][safepoint    ] Entering safepoint region: RevokeBias
[2022-06-16T20:34:49.236+0000][3704][safepoint    ] Leaving safepoint region
[2022-06-16T20:34:49.236+0000][3704][safepoint    ] Total time for which application threads were stopped: 0.0000553 seconds, Stopping threads took: 0.0000193 seconds
[2022-06-16T20:34:49.236+0000][3704][safepoint    ] Application time: 0.0000116 seconds
[2022-06-16T20:34:49.236+0000][3704][safepoint    ] Entering safepoint region: RevokeBias
[2022-06-16T20:34:49.236+0000][3704][safepoint    ] Leaving safepoint region
[2022-06-16T20:34:49.236+0000][3704][safepoint    ] Total time for which application threads were stopped: 0.0000446 seconds, Stopping threads took: 0.0000186 seconds
[2022-06-16T20:34:49.236+0000][3704][safepoint    ] Application time: 0.0000237 seconds
[2022-06-16T20:34:49.236+0000][3704][safepoint    ] Entering safepoint region: RevokeBias
[2022-06-16T20:34:49.237+0000][3704][safepoint    ] Leaving safepoint region
[2022-06-16T20:34:49.237+0000][3704][safepoint    ] Total time for which application threads were stopped: 0.0000774 seconds, Stopping threads took: 0.0000435 seconds
[2022-06-16T20:34:49.237+0000][3704][safepoint    ] Application time: 0.0000202 seconds
[2022-06-16T20:34:49.237+0000][3704][safepoint    ] Entering safepoint region: RevokeBias
[2022-06-16T20:34:49.237+0000][3704][safepoint    ] Leaving safepoint region
[2022-06-16T20:34:49.237+0000][3704][safepoint    ] Total time for which application threads were stopped: 0.0000506 seconds, Stopping threads took: 0.0000190 seconds
[2022-06-16T20:34:49.237+0000][3704][safepoint    ] Application time: 0.0000114 seconds
[2022-06-16T20:34:49.237+0000][3704][safepoint    ] Entering safepoint region: RevokeBias
[2022-06-16T20:34:49.237+0000][3704][safepoint    ] Leaving safepoint region
[2022-06-16T20:34:49.237+0000][3704][safepoint    ] Total time for which application threads were stopped: 0.0000495 seconds, Stopping threads took: 0.0000189 seconds
[2022-06-16T20:34:49.237+0000][3704][safepoint    ] Application time: 0.0000109 seconds
[2022-06-16T20:34:49.237+0000][3704][safepoint    ] Entering safepoint region: RevokeBias
[2022-06-16T20:34:49.237+0000][3704][safepoint    ] Leaving safepoint region
[2022-06-16T20:34:49.237+0000][3704][safepoint    ] Total time for which application threads were stopped: 0.0000499 seconds, Stopping threads took: 0.0000187 seconds
[2022-06-16T20:34:49.237+0000][3704][safepoint    ] Application time: 0.0000113 seconds
[2022-06-16T20:34:49.237+0000][3704][safepoint    ] Entering safepoint region: RevokeBias
[2022-06-16T20:34:49.237+0000][3704][safepoint    ] Leaving safepoint region
[2022-06-16T20:34:49.237+0000][3704][safepoint    ] Total time for which application threads were stopped: 0.0000511 seconds, Stopping threads took: 0.0000197 seconds
[2022-06-16T20:34:49.237+0000][3704][safepoint    ] Application time: 0.0000124 seconds
[2022-06-16T20:34:49.237+0000][3704][safepoint    ] Entering safepoint region: RevokeBias
[2022-06-16T20:34:49.237+0000][3704][safepoint    ] Leaving safepoint region
[2022-06-16T20:34:49.237+0000][3704][safepoint    ] Total time for which application threads were stopped: 0.0000468 seconds, Stopping threads took: 0.0000191 seconds
[2022-06-16T20:34:49.237+0000][3704][safepoint    ] Application time: 0.0000205 seconds
[2022-06-16T20:34:49.237+0000][3704][safepoint    ] Entering safepoint region: RevokeBias
[2022-06-16T20:34:49.237+0000][3704][safepoint    ] Leaving safepoint region
[2022-06-16T20:34:49.237+0000][3704][safepoint    ] Total time for which application threads were stopped: 0.0000553 seconds, Stopping threads took: 0.0000204 seconds
[2022-06-16T20:34:49.237+0000][3704][safepoint    ] Application time: 0.0000114 seconds
[2022-06-16T20:34:49.237+0000][3704][safepoint    ] Entering safepoint region: RevokeBias
[2022-06-16T20:34:49.237+0000][3704][safepoint    ] Leaving safepoint region
[2022-06-16T20:34:49.237+0000][3704][safepoint    ] Total time for which application threads were stopped: 0.0000505 seconds, Stopping threads took: 0.0000196 seconds
[2022-06-16T20:34:49.237+0000][3704][safepoint    ] Application time: 0.0000114 seconds
[2022-06-16T20:34:49.237+0000][3704][safepoint    ] Entering safepoint region: RevokeBias
[2022-06-16T20:34:49.237+0000][3704][safepoint    ] Leaving safepoint region
[2022-06-16T20:34:49.237+0000][3704][safepoint    ] Total time for which application threads were stopped: 0.0000531 seconds, Stopping threads took: 0.0000233 seconds
[2022-06-16T20:34:49.237+0000][3704][safepoint    ] Application time: 0.0000213 seconds
[2022-06-16T20:34:49.237+0000][3704][safepoint    ] Entering safepoint region: RevokeBias
[2022-06-16T20:34:49.237+0000][3704][safepoint    ] Leaving safepoint region
[2022-06-16T20:34:49.237+0000][3704][safepoint    ] Total time for which application threads were stopped: 0.0000541 seconds, Stopping threads took: 0.0000200 seconds
[2022-06-16T20:34:49.238+0000][3704][safepoint    ] Application time: 0.0000228 seconds
[2022-06-16T20:34:49.238+0000][3704][safepoint    ] Entering safepoint region: RevokeBias
[2022-06-16T20:34:49.238+0000][3704][safepoint    ] Leaving safepoint region
[2022-06-16T20:34:49.238+0000][3704][safepoint    ] Total time for which application threads were stopped: 0.0000519 seconds, Stopping threads took: 0.0000195 seconds
[2022-06-16T20:34:49.238+0000][3704][safepoint    ] Application time: 0.0000110 seconds
[2022-06-16T20:34:49.238+0000][3704][safepoint    ] Entering safepoint region: RevokeBias
[2022-06-16T20:34:49.238+0000][3704][safepoint    ] Leaving safepoint region
[2022-06-16T20:34:49.238+0000][3704][safepoint    ] Total time for which application threads were stopped: 0.0000482 seconds, Stopping threads took: 0.0000186 seconds
[2022-06-16T20:34:49.238+0000][3704][safepoint    ] Application time: 0.0000187 seconds
[2022-06-16T20:34:49.238+0000][3704][safepoint    ] Entering safepoint region: RevokeBias
[2022-06-16T20:34:49.238+0000][3704][safepoint    ] Leaving safepoint region
[2022-06-16T20:34:49.238+0000][3704][safepoint    ] Total time for which application threads were stopped: 0.0000574 seconds, Stopping threads took: 0.0000220 seconds
[2022-06-16T20:34:49.238+0000][3704][safepoint    ] Application time: 0.0000145 seconds
[2022-06-16T20:34:49.238+0000][3704][safepoint    ] Entering safepoint region: RevokeBias
[2022-06-16T20:34:49.238+0000][3704][safepoint    ] Leaving safepoint region
[2022-06-16T20:34:49.238+0000][3704][safepoint    ] Total time for which application threads were stopped: 0.0000488 seconds, Stopping threads took: 0.0000179 seconds
[2022-06-16T20:34:49.238+0000][3704][safepoint    ] Application time: 0.0000336 seconds
[2022-06-16T20:34:49.238+0000][3704][safepoint    ] Entering safepoint region: BulkRevokeBias
[2022-06-16T20:34:49.238+0000][3704][safepoint    ] Leaving safepoint region
[2022-06-16T20:34:49.238+0000][3704][safepoint    ] Total time for which application threads were stopped: 0.0001212 seconds, Stopping threads took: 0.0000183 seconds
[2022-06-16T20:34:49.249+0000][3704][safepoint    ] Application time: 0.0107950 seconds
[2022-06-16T20:34:49.249+0000][3704][safepoint    ] Entering safepoint region: RevokeBias
[2022-06-16T20:34:49.249+0000][3704][safepoint    ] Leaving safepoint region
[2022-06-16T20:34:49.249+0000][3704][safepoint    ] Total time for which application threads were stopped: 0.0000768 seconds, Stopping threads took: 0.0000236 seconds
[2022-06-16T20:34:49.249+0000][3704][safepoint    ] Application time: 0.0000335 seconds
[2022-06-16T20:34:49.249+0000][3704][safepoint    ] Entering safepoint region: RevokeBias
[2022-06-16T20:34:49.249+0000][3704][safepoint    ] Leaving safepoint region
[2022-06-16T20:34:49.249+0000][3704][safepoint    ] Total time for which application threads were stopped: 0.0000615 seconds, Stopping threads took: 0.0000188 seconds
[2022-06-16T20:34:49.249+0000][3704][safepoint    ] Application time: 0.0001288 seconds
[2022-06-16T20:34:49.249+0000][3704][safepoint    ] Entering safepoint region: RevokeBias
[2022-06-16T20:34:49.249+0000][3704][safepoint    ] Leaving safepoint region
[2022-06-16T20:34:49.249+0000][3704][safepoint    ] Total time for which application threads were stopped: 0.0000639 seconds, Stopping threads took: 0.0000200 seconds
[2022-06-16T20:34:49.249+0000][3704][safepoint    ] Application time: 0.0000339 seconds
[2022-06-16T20:34:49.249+0000][3704][safepoint    ] Entering safepoint region: RevokeBias
[2022-06-16T20:34:49.249+0000][3704][safepoint    ] Leaving safepoint region
[2022-06-16T20:34:49.250+0000][3704][safepoint    ] Total time for which application threads were stopped: 0.0000607 seconds, Stopping threads took: 0.0000188 seconds
[2022-06-16T20:34:49.400+0000][3704][safepoint    ] Application time: 0.1600500 seconds
[2022-06-16T20:34:49.400+0000][3704][safepoint    ] Entering safepoint region: Deoptimize
[2022-06-16T20:34:49.400+0000][3704][safepoint    ] Leaving safepoint region
[2022-06-16T20:34:49.400+0000][3704][safepoint    ] Total time for which application threads were stopped: 0.0007869 seconds, Stopping threads took: 0.0000290 seconds
[2022-06-16T20:34:49.634+0000][3704][safepoint    ] Application time: 0.2322089 seconds
[2022-06-16T20:34:49.634+0000][3704][safepoint    ] Entering safepoint region: Deoptimize
[2022-06-16T20:34:49.634+0000][3704][safepoint    ] Leaving safepoint region
[2022-06-16T20:34:49.634+0000][3704][safepoint    ] Total time for which application threads were stopped: 0.0008424 seconds, Stopping threads took: 0.0000278 seconds
[2022-06-16T20:34:49.728+0000][3704][safepoint    ] Application time: 0.0948102 seconds
[2022-06-16T20:34:49.728+0000][3704][safepoint    ] Entering safepoint region: RevokeBias
[2022-06-16T20:34:49.728+0000][3704][safepoint    ] Leaving safepoint region
[2022-06-16T20:34:49.728+0000][3704][safepoint    ] Total time for which application threads were stopped: 0.0001005 seconds, Stopping threads took: 0.0000260 seconds
[2022-06-16T20:34:49.728+0000][3704][safepoint    ] Application time: 0.0000255 seconds
[2022-06-16T20:34:49.728+0000][3704][safepoint    ] Entering safepoint region: RevokeBias
[2022-06-16T20:34:49.728+0000][3704][safepoint    ] Leaving safepoint region
[2022-06-16T20:34:49.728+0000][3704][safepoint    ] Total time for which application threads were stopped: 0.0000602 seconds, Stopping threads took: 0.0000195 seconds
[2022-06-16T20:34:49.728+0000][3704][safepoint    ] Application time: 0.0000671 seconds
[2022-06-16T20:34:49.728+0000][3704][safepoint    ] Entering safepoint region: RevokeBias
[2022-06-16T20:34:49.728+0000][3704][safepoint    ] Leaving safepoint region
[2022-06-16T20:34:49.728+0000][3704][safepoint    ] Total time for which application threads were stopped: 0.0000643 seconds, Stopping threads took: 0.0000199 seconds
[2022-06-16T20:34:49.728+0000][3704][safepoint    ] Application time: 0.0000165 seconds
[2022-06-16T20:34:49.728+0000][3704][safepoint    ] Entering safepoint region: RevokeBias
[2022-06-16T20:34:49.728+0000][3704][safepoint    ] Leaving safepoint region
[2022-06-16T20:34:49.728+0000][3704][safepoint    ] Total time for which application threads were stopped: 0.0000587 seconds, Stopping threads took: 0.0000191 seconds
[2022-06-16T20:34:49.728+0000][3704][safepoint    ] Application time: 0.0000151 seconds
[2022-06-16T20:34:49.728+0000][3704][safepoint    ] Entering safepoint region: RevokeBias
[2022-06-16T20:34:49.728+0000][3704][safepoint    ] Leaving safepoint region
[2022-06-16T20:34:49.728+0000][3704][safepoint    ] Total time for which application threads were stopped: 0.0000581 seconds, Stopping threads took: 0.0000187 seconds
[2022-06-16T20:34:49.728+0000][3704][safepoint    ] Application time: 0.0000185 seconds
[2022-06-16T20:34:49.728+0000][3704][safepoint    ] Entering safepoint region: RevokeBias
[2022-06-16T20:34:49.728+0000][3704][safepoint    ] Leaving safepoint region
[2022-06-16T20:34:49.728+0000][3704][safepoint    ] Total time for which application threads were stopped: 0.0000583 seconds, Stopping threads took: 0.0000189 seconds
[2022-06-16T20:34:49.728+0000][3704][safepoint    ] Application time: 0.0000152 seconds
[2022-06-16T20:34:49.728+0000][3704][safepoint    ] Entering safepoint region: RevokeBias
[2022-06-16T20:34:49.728+0000][3704][safepoint    ] Leaving safepoint region
[2022-06-16T20:34:49.728+0000][3704][safepoint    ] Total time for which application threads were stopped: 0.0000625 seconds, Stopping threads took: 0.0000189 seconds
[2022-06-16T20:34:49.728+0000][3704][safepoint    ] Application time: 0.0000152 seconds
[2022-06-16T20:34:49.728+0000][3704][safepoint    ] Entering safepoint region: RevokeBias
[2022-06-16T20:34:49.728+0000][3704][safepoint    ] Leaving safepoint region
[2022-06-16T20:34:49.728+0000][3704][safepoint    ] Total time for which application threads were stopped: 0.0000572 seconds, Stopping threads took: 0.0000189 seconds
[2022-06-16T20:34:49.775+0000][3704][safepoint    ] Application time: 0.0445627 seconds
[2022-06-16T20:34:49.775+0000][3704][safepoint    ] Entering safepoint region: RevokeBias
[2022-06-16T20:34:49.775+0000][3704][safepoint    ] Leaving safepoint region
[2022-06-16T20:34:49.775+0000][3704][safepoint    ] Total time for which application threads were stopped: 0.0001032 seconds, Stopping threads took: 0.0000240 seconds
[2022-06-16T20:34:49.806+0000][3704][safepoint    ] Application time: 0.0234558 seconds
[2022-06-16T20:34:49.806+0000][3704][safepoint    ] Entering safepoint region: RevokeBias
[2022-06-16T20:34:49.806+0000][3704][safepoint    ] Leaving safepoint region
[2022-06-16T20:34:49.806+0000][3704][safepoint    ] Total time for which application threads were stopped: 0.0003049 seconds, Stopping threads took: 0.0002312 seconds
[2022-06-16T20:34:49.806+0000][3704][safepoint    ] Application time: 0.0001356 seconds
[2022-06-16T20:34:49.806+0000][3704][safepoint    ] Entering safepoint region: RevokeBias
[2022-06-16T20:34:49.806+0000][3704][safepoint    ] Leaving safepoint region
[2022-06-16T20:34:49.806+0000][3704][safepoint    ] Total time for which application threads were stopped: 0.0000632 seconds, Stopping threads took: 0.0000198 seconds
[2022-06-16T20:34:49.806+0000][3704][safepoint    ] Application time: 0.0005553 seconds
[2022-06-16T20:34:49.806+0000][3704][safepoint    ] Entering safepoint region: RevokeBias
[2022-06-16T20:34:49.806+0000][3704][safepoint    ] Leaving safepoint region
[2022-06-16T20:34:49.806+0000][3704][safepoint    ] Total time for which application threads were stopped: 0.0000722 seconds, Stopping threads took: 0.0000203 seconds
[2022-06-16T20:34:49.806+0000][3704][safepoint    ] Application time: 0.0000273 seconds
[2022-06-16T20:34:49.806+0000][3704][safepoint    ] Entering safepoint region: RevokeBias
[2022-06-16T20:34:49.806+0000][3704][safepoint    ] Leaving safepoint region
[2022-06-16T20:34:49.806+0000][3704][safepoint    ] Total time for which application threads were stopped: 0.0000551 seconds, Stopping threads took: 0.0000163 seconds
[2022-06-16T20:34:49.806+0000][3704][safepoint    ] Application time: 0.0003034 seconds
[2022-06-16T20:34:49.806+0000][3704][safepoint    ] Entering safepoint region: RevokeBias
[2022-06-16T20:34:49.806+0000][3704][safepoint    ] Leaving safepoint region
[2022-06-16T20:34:49.806+0000][3704][safepoint    ] Total time for which application threads were stopped: 0.0000658 seconds, Stopping threads took: 0.0000193 seconds
[2022-06-16T20:34:49.806+0000][3704][safepoint    ] Application time: 0.0001247 seconds
[2022-06-16T20:34:49.806+0000][3704][safepoint    ] Entering safepoint region: RevokeBias
[2022-06-16T20:34:49.806+0000][3704][safepoint    ] Leaving safepoint region
[2022-06-16T20:34:49.806+0000][3704][safepoint    ] Total time for which application threads were stopped: 0.0000611 seconds, Stopping threads took: 0.0000178 seconds
[2022-06-16T20:34:49.806+0000][3704][safepoint    ] Application time: 0.0021828 seconds
[2022-06-16T20:34:49.806+0000][3704][safepoint    ] Entering safepoint region: RevokeBias
[2022-06-16T20:34:49.806+0000][3704][safepoint    ] Leaving safepoint region
[2022-06-16T20:34:49.806+0000][3704][safepoint    ] Total time for which application threads were stopped: 0.0007311 seconds, Stopping threads took: 0.0006818 seconds
[2022-06-16T20:34:49.806+0000][3704][safepoint    ] Application time: 0.0001638 seconds
[2022-06-16T20:34:49.806+0000][3704][safepoint    ] Entering safepoint region: RevokeBias
[2022-06-16T20:34:49.806+0000][3704][safepoint    ] Leaving safepoint region
[2022-06-16T20:34:49.806+0000][3704][safepoint    ] Total time for which application threads were stopped: 0.0000804 seconds, Stopping threads took: 0.0000361 seconds
[2022-06-16T20:34:49.806+0000][3704][safepoint    ] Application time: 0.0002444 seconds
[2022-06-16T20:34:49.806+0000][3704][safepoint    ] Entering safepoint region: RevokeBias
[2022-06-16T20:34:49.806+0000][3704][safepoint    ] Leaving safepoint region
[2022-06-16T20:34:49.806+0000][3704][safepoint    ] Total time for which application threads were stopped: 0.0000773 seconds, Stopping threads took: 0.0000317 seconds
[2022-06-16T20:34:49.806+0000][3704][safepoint    ] Application time: 0.0006047 seconds
[2022-06-16T20:34:49.806+0000][3704][safepoint    ] Entering safepoint region: RevokeBias
[2022-06-16T20:34:49.806+0000][3704][safepoint    ] Leaving safepoint region
[2022-06-16T20:34:49.806+0000][3704][safepoint    ] Total time for which application threads were stopped: 0.0003458 seconds, Stopping threads took: 0.0000371 seconds
[2022-06-16T20:34:49.806+0000][3704][safepoint    ] Application time: 0.0027045 seconds
[2022-06-16T20:34:49.806+0000][3704][safepoint    ] Entering safepoint region: RevokeBias
[2022-06-16T20:34:49.806+0000][3704][safepoint    ] Leaving safepoint region
[2022-06-16T20:34:49.806+0000][3704][safepoint    ] Total time for which application threads were stopped: 0.0000728 seconds, Stopping threads took: 0.0000199 seconds
[2022-06-16T20:34:49.821+0000][3704][safepoint    ] Application time: 0.0041662 seconds
[2022-06-16T20:34:49.821+0000][3704][safepoint    ] Entering safepoint region: RevokeBias
[2022-06-16T20:34:49.821+0000][3704][safepoint    ] Leaving safepoint region
[2022-06-16T20:34:49.821+0000][3704][safepoint    ] Total time for which application threads were stopped: 0.0005817 seconds, Stopping threads took: 0.0005194 seconds
[2022-06-16T20:34:49.821+0000][3704][safepoint    ] Application time: 0.0000988 seconds
[2022-06-16T20:34:49.821+0000][3704][safepoint    ] Entering safepoint region: RevokeBias
[2022-06-16T20:34:49.821+0000][3704][safepoint    ] Leaving safepoint region
[2022-06-16T20:34:49.821+0000][3704][safepoint    ] Total time for which application threads were stopped: 0.0000836 seconds, Stopping threads took: 0.0000313 seconds
[2022-06-16T20:34:49.821+0000][3704][safepoint    ] Application time: 0.0017718 seconds
[2022-06-16T20:34:49.821+0000][3704][safepoint    ] Entering safepoint region: RevokeBias
[2022-06-16T20:34:49.821+0000][3704][safepoint    ] Leaving safepoint region
[2022-06-16T20:34:49.821+0000][3704][safepoint    ] Total time for which application threads were stopped: 0.0001159 seconds, Stopping threads took: 0.0000267 seconds
[2022-06-16T20:34:49.821+0000][3704][safepoint    ] Application time: 0.0001135 seconds
[2022-06-16T20:34:49.821+0000][3704][safepoint    ] Entering safepoint region: RevokeBias
[2022-06-16T20:34:49.821+0000][3704][safepoint    ] Leaving safepoint region
[2022-06-16T20:34:49.821+0000][3704][safepoint    ] Total time for which application threads were stopped: 0.0000863 seconds, Stopping threads took: 0.0000210 seconds
[2022-06-16T20:34:49.821+0000][3704][safepoint    ] Application time: 0.0001867 seconds
[2022-06-16T20:34:49.821+0000][3704][safepoint    ] Entering safepoint region: RevokeBias
[2022-06-16T20:34:49.821+0000][3704][safepoint    ] Leaving safepoint region
[2022-06-16T20:34:49.821+0000][3704][safepoint    ] Total time for which application threads were stopped: 0.0000772 seconds, Stopping threads took: 0.0000205 seconds
[2022-06-16T20:34:49.821+0000][3704][safepoint    ] Application time: 0.0001101 seconds
[2022-06-16T20:34:49.821+0000][3704][safepoint    ] Entering safepoint region: RevokeBias
[2022-06-16T20:34:49.821+0000][3704][safepoint    ] Leaving safepoint region
[2022-06-16T20:34:49.821+0000][3704][safepoint    ] Total time for which application threads were stopped: 0.0004146 seconds, Stopping threads took: 0.0000185 seconds
[2022-06-16T20:34:49.821+0000][3704][safepoint    ] Application time: 0.0018450 seconds
[2022-06-16T20:34:49.821+0000][3704][safepoint    ] Entering safepoint region: RevokeBias
[2022-06-16T20:34:49.821+0000][3704][safepoint    ] Leaving safepoint region
[2022-06-16T20:34:49.821+0000][3704][safepoint    ] Total time for which application threads were stopped: 0.0001524 seconds, Stopping threads took: 0.0000473 seconds
[2022-06-16T20:34:49.821+0000][3704][safepoint    ] Application time: 0.0013384 seconds
[2022-06-16T20:34:49.821+0000][3704][safepoint    ] Entering safepoint region: RevokeBias
[2022-06-16T20:34:49.821+0000][3704][safepoint    ] Leaving safepoint region
[2022-06-16T20:34:49.821+0000][3704][safepoint    ] Total time for which application threads were stopped: 0.0002028 seconds, Stopping threads took: 0.0000679 seconds
[2022-06-16T20:34:49.821+0000][3704][safepoint    ] Application time: 0.0000963 seconds
[2022-06-16T20:34:49.821+0000][3704][safepoint    ] Entering safepoint region: RevokeBias
[2022-06-16T20:34:49.821+0000][3704][safepoint    ] Leaving safepoint region
[2022-06-16T20:34:49.821+0000][3704][safepoint    ] Total time for which application threads were stopped: 0.0005914 seconds, Stopping threads took: 0.0000524 seconds
[2022-06-16T20:34:49.821+0000][3704][safepoint    ] Application time: 0.0010686 seconds
[2022-06-16T20:34:49.821+0000][3704][safepoint    ] Entering safepoint region: RevokeBias
[2022-06-16T20:34:49.821+0000][3704][safepoint    ] Leaving safepoint region
[2022-06-16T20:34:49.821+0000][3704][safepoint    ] Total time for which application threads were stopped: 0.0001342 seconds, Stopping threads took: 0.0000385 seconds
[2022-06-16T20:34:49.821+0000][3704][safepoint    ] Application time: 0.0001975 seconds
[2022-06-16T20:34:49.821+0000][3704][safepoint    ] Entering safepoint region: RevokeBias
[2022-06-16T20:34:49.821+0000][3704][safepoint    ] Leaving safepoint region
[2022-06-16T20:34:49.821+0000][3704][safepoint    ] Total time for which application threads were stopped: 0.0001228 seconds, Stopping threads took: 0.0000188 seconds
[2022-06-16T20:34:49.821+0000][3704][safepoint    ] Application time: 0.0007991 seconds
[2022-06-16T20:34:49.821+0000][3704][safepoint    ] Entering safepoint region: RevokeBias
[2022-06-16T20:34:49.821+0000][3704][safepoint    ] Leaving safepoint region
[2022-06-16T20:34:49.821+0000][3704][safepoint    ] Total time for which application threads were stopped: 0.0001319 seconds, Stopping threads took: 0.0000253 seconds
[2022-06-16T20:34:49.821+0000][3704][safepoint    ] Application time: 0.0002459 seconds
[2022-06-16T20:34:49.821+0000][3704][safepoint    ] Entering safepoint region: RevokeBias
[2022-06-16T20:34:49.821+0000][3704][safepoint    ] Leaving safepoint region
[2022-06-16T20:34:49.821+0000][3704][safepoint    ] Total time for which application threads were stopped: 0.0001143 seconds, Stopping threads took: 0.0000299 seconds
[2022-06-16T20:34:49.821+0000][3704][safepoint    ] Application time: 0.0001609 seconds
[2022-06-16T20:34:49.821+0000][3704][safepoint    ] Entering safepoint region: RevokeBias
[2022-06-16T20:34:49.821+0000][3704][safepoint    ] Leaving safepoint region
[2022-06-16T20:34:49.821+0000][3704][safepoint    ] Total time for which application threads were stopped: 0.0002392 seconds, Stopping threads took: 0.0001355 seconds
[2022-06-16T20:34:49.821+0000][3704][safepoint    ] Application time: 0.0013484 seconds
[2022-06-16T20:34:49.821+0000][3704][safepoint    ] Entering safepoint region: RevokeBias
[2022-06-16T20:34:49.821+0000][3704][safepoint    ] Leaving safepoint region
[2022-06-16T20:34:49.821+0000][3704][safepoint    ] Total time for which application threads were stopped: 0.0001096 seconds, Stopping threads took: 0.0000307 seconds
[2022-06-16T20:34:49.821+0000][3704][safepoint    ] Application time: 0.0001004 seconds
[2022-06-16T20:34:49.821+0000][3704][safepoint    ] Entering safepoint region: RevokeBias
[2022-06-16T20:34:49.821+0000][3704][safepoint    ] Leaving safepoint region
[2022-06-16T20:34:49.821+0000][3704][safepoint    ] Total time for which application threads were stopped: 0.0001274 seconds, Stopping threads took: 0.0000433 seconds
[2022-06-16T20:34:49.837+0000][3704][safepoint    ] Application time: 0.0016964 seconds
[2022-06-16T20:34:49.837+0000][3704][safepoint    ] Entering safepoint region: RevokeBias
[2022-06-16T20:34:49.837+0000][3704][safepoint    ] Leaving safepoint region
[2022-06-16T20:34:49.837+0000][3704][safepoint    ] Total time for which application threads were stopped: 0.0001185 seconds, Stopping threads took: 0.0000220 seconds
[2022-06-16T20:34:49.837+0000][3704][safepoint    ] Application time: 0.0011956 seconds
[2022-06-16T20:34:49.837+0000][3704][safepoint    ] Entering safepoint region: RevokeBias
[2022-06-16T20:34:49.837+0000][3704][safepoint    ] Leaving safepoint region
[2022-06-16T20:34:49.837+0000][3704][safepoint    ] Total time for which application threads were stopped: 0.0001975 seconds, Stopping threads took: 0.0000841 seconds
[2022-06-16T20:34:49.837+0000][3704][safepoint    ] Application time: 0.0041740 seconds
[2022-06-16T20:34:49.837+0000][3704][safepoint    ] Entering safepoint region: BulkRevokeBias
[2022-06-16T20:34:49.837+0000][3704][safepoint    ] Leaving safepoint region
[2022-06-16T20:34:49.837+0000][3704][safepoint    ] Total time for which application threads were stopped: 0.0004117 seconds, Stopping threads took: 0.0000276 seconds
[2022-06-16T20:34:49.837+0000][3704][safepoint    ] Application time: 0.0012536 seconds
[2022-06-16T20:34:49.837+0000][3704][safepoint    ] Entering safepoint region: RevokeBias
[2022-06-16T20:34:49.837+0000][3704][safepoint    ] Leaving safepoint region
[2022-06-16T20:34:49.837+0000][3704][safepoint    ] Total time for which application threads were stopped: 0.0001316 seconds, Stopping threads took: 0.0000209 seconds
[2022-06-16T20:34:49.837+0000][3704][safepoint    ] Application time: 0.0000188 seconds
[2022-06-16T20:34:49.837+0000][3704][safepoint    ] Entering safepoint region: RevokeBias
[2022-06-16T20:34:49.837+0000][3704][safepoint    ] Leaving safepoint region
[2022-06-16T20:34:49.837+0000][3704][safepoint    ] Total time for which application threads were stopped: 0.0000764 seconds, Stopping threads took: 0.0000199 seconds
[2022-06-16T20:34:49.837+0000][3704][safepoint    ] Application time: 0.0027894 seconds
[2022-06-16T20:34:49.837+0000][3704][safepoint    ] Entering safepoint region: RevokeBias
[2022-06-16T20:34:49.837+0000][3704][safepoint    ] Leaving safepoint region
[2022-06-16T20:34:49.837+0000][3704][safepoint    ] Total time for which application threads were stopped: 0.0001003 seconds, Stopping threads took: 0.0000292 seconds
[2022-06-16T20:34:49.837+0000][3704][safepoint    ] Application time: 0.0001011 seconds
[2022-06-16T20:34:49.837+0000][3704][safepoint    ] Entering safepoint region: RevokeBias
[2022-06-16T20:34:49.837+0000][3704][safepoint    ] Leaving safepoint region
[2022-06-16T20:34:49.837+0000][3704][safepoint    ] Total time for which application threads were stopped: 0.0000848 seconds, Stopping threads took: 0.0000206 seconds
[2022-06-16T20:34:49.853+0000][3704][safepoint    ] Application time: 0.0048104 seconds
[2022-06-16T20:34:49.853+0000][3704][safepoint    ] Entering safepoint region: RevokeBias
[2022-06-16T20:34:49.853+0000][3704][safepoint    ] Leaving safepoint region
[2022-06-16T20:34:49.853+0000][3704][safepoint    ] Total time for which application threads were stopped: 0.0005673 seconds, Stopping threads took: 0.0004746 seconds
[2022-06-16T20:34:49.853+0000][3704][safepoint    ] Application time: 0.0039911 seconds
[2022-06-16T20:34:49.853+0000][3704][safepoint    ] Entering safepoint region: RevokeBias
[2022-06-16T20:34:49.853+0000][3704][safepoint    ] Leaving safepoint region
[2022-06-16T20:34:49.853+0000][3704][safepoint    ] Total time for which application threads were stopped: 0.0003571 seconds, Stopping threads took: 0.0002876 seconds
[2022-06-16T20:34:49.853+0000][3704][safepoint    ] Application time: 0.0001782 seconds
[2022-06-16T20:34:49.853+0000][3704][safepoint    ] Entering safepoint region: RevokeBias
[2022-06-16T20:34:49.853+0000][3704][safepoint    ] Leaving safepoint region
[2022-06-16T20:34:49.853+0000][3704][safepoint    ] Total time for which application threads were stopped: 0.0000815 seconds, Stopping threads took: 0.0000220 seconds
[2022-06-16T20:34:49.853+0000][3704][safepoint    ] Application time: 0.0000158 seconds
[2022-06-16T20:34:49.853+0000][3704][safepoint    ] Entering safepoint region: RevokeBias
[2022-06-16T20:34:49.853+0000][3704][safepoint    ] Leaving safepoint region
[2022-06-16T20:34:49.853+0000][3704][safepoint    ] Total time for which application threads were stopped: 0.0000698 seconds, Stopping threads took: 0.0000188 seconds
[2022-06-16T20:34:49.853+0000][3704][safepoint    ] Application time: 0.0023618 seconds
[2022-06-16T20:34:49.853+0000][3704][safepoint    ] Entering safepoint region: RevokeBias
[2022-06-16T20:34:49.853+0000][3704][safepoint    ] Leaving safepoint region
[2022-06-16T20:34:49.853+0000][3704][safepoint    ] Total time for which application threads were stopped: 0.0000884 seconds, Stopping threads took: 0.0000265 seconds
[2022-06-16T20:34:49.853+0000][3704][safepoint    ] Application time: 0.0007446 seconds
[2022-06-16T20:34:49.853+0000][3704][safepoint    ] Entering safepoint region: RevokeBias
[2022-06-16T20:34:49.853+0000][3704][safepoint    ] Leaving safepoint region
[2022-06-16T20:34:49.853+0000][3704][safepoint    ] Total time for which application threads were stopped: 0.0003418 seconds, Stopping threads took: 0.0002826 seconds
[2022-06-16T20:34:49.853+0000][3704][safepoint    ] Application time: 0.0001435 seconds
[2022-06-16T20:34:49.853+0000][3704][safepoint    ] Entering safepoint region: RevokeBias
[2022-06-16T20:34:49.853+0000][3704][safepoint    ] Leaving safepoint region
[2022-06-16T20:34:49.853+0000][3704][safepoint    ] Total time for which application threads were stopped: 0.0000902 seconds, Stopping threads took: 0.0000363 seconds
[2022-06-16T20:34:49.853+0000][3704][safepoint    ] Application time: 0.0000597 seconds
[2022-06-16T20:34:49.853+0000][3704][safepoint    ] Entering safepoint region: RevokeBias
[2022-06-16T20:34:49.853+0000][3704][safepoint    ] Leaving safepoint region
[2022-06-16T20:34:49.853+0000][3704][safepoint    ] Total time for which application threads were stopped: 0.0000636 seconds, Stopping threads took: 0.0000174 seconds
[2022-06-16T20:34:49.853+0000][3704][safepoint    ] Application time: 0.0000190 seconds
[2022-06-16T20:34:49.853+0000][3704][safepoint    ] Entering safepoint region: RevokeBias
[2022-06-16T20:34:49.853+0000][3704][safepoint    ] Leaving safepoint region
[2022-06-16T20:34:49.853+0000][3704][safepoint    ] Total time for which application threads were stopped: 0.0000728 seconds, Stopping threads took: 0.0000197 seconds
[2022-06-16T20:34:49.853+0000][3704][safepoint    ] Application time: 0.0002339 seconds
[2022-06-16T20:34:49.853+0000][3704][safepoint    ] Entering safepoint region: RevokeBias
[2022-06-16T20:34:49.853+0000][3704][safepoint    ] Leaving safepoint region
[2022-06-16T20:34:49.853+0000][3704][safepoint    ] Total time for which application threads were stopped: 0.0000722 seconds, Stopping threads took: 0.0000219 seconds
[2022-06-16T20:34:49.853+0000][3704][safepoint    ] Application time: 0.0000264 seconds
[2022-06-16T20:34:49.853+0000][3704][safepoint    ] Entering safepoint region: RevokeBias
[2022-06-16T20:34:49.853+0000][3704][safepoint    ] Leaving safepoint region
[2022-06-16T20:34:49.853+0000][3704][safepoint    ] Total time for which application threads were stopped: 0.0000666 seconds, Stopping threads took: 0.0000183 seconds
[2022-06-16T20:34:49.853+0000][3704][safepoint    ] Application time: 0.0000882 seconds
[2022-06-16T20:34:49.853+0000][3704][safepoint    ] Entering safepoint region: RevokeBias
[2022-06-16T20:34:49.853+0000][3704][safepoint    ] Leaving safepoint region
[2022-06-16T20:34:49.853+0000][3704][safepoint    ] Total time for which application threads were stopped: 0.0000702 seconds, Stopping threads took: 0.0000198 seconds
[2022-06-16T20:34:49.853+0000][3704][safepoint    ] Application time: 0.0000657 seconds
[2022-06-16T20:34:49.853+0000][3704][safepoint    ] Entering safepoint region: RevokeBias
[2022-06-16T20:34:49.853+0000][3704][safepoint    ] Leaving safepoint region
[2022-06-16T20:34:49.853+0000][3704][safepoint    ] Total time for which application threads were stopped: 0.0000650 seconds, Stopping threads took: 0.0000194 seconds
[2022-06-16T20:34:49.853+0000][3704][safepoint    ] Application time: 0.0045066 seconds
[2022-06-16T20:34:49.853+0000][3704][safepoint    ] Entering safepoint region: RevokeBias
[2022-06-16T20:34:49.853+0000][3704][safepoint    ] Leaving safepoint region
[2022-06-16T20:34:49.853+0000][3704][safepoint    ] Total time for which application threads were stopped: 0.0000775 seconds, Stopping threads took: 0.0000233 seconds
[2022-06-16T20:34:49.868+0000][3704][safepoint    ] Application time: 0.0035267 seconds
[2022-06-16T20:34:49.868+0000][3704][safepoint    ] Entering safepoint region: RevokeBias
[2022-06-16T20:34:49.868+0000][3704][safepoint    ] Leaving safepoint region
[2022-06-16T20:34:49.868+0000][3704][safepoint    ] Total time for which application threads were stopped: 0.0000793 seconds, Stopping threads took: 0.0000234 seconds
[2022-06-16T20:34:49.868+0000][3704][safepoint    ] Application time: 0.0000249 seconds
[2022-06-16T20:34:49.868+0000][3704][safepoint    ] Entering safepoint region: RevokeBias
[2022-06-16T20:34:49.868+0000][3704][safepoint    ] Leaving safepoint region
[2022-06-16T20:34:49.868+0000][3704][safepoint    ] Total time for which application threads were stopped: 0.0000764 seconds, Stopping threads took: 0.0000302 seconds
[2022-06-16T20:34:49.868+0000][3704][safepoint    ] Application time: 0.0000793 seconds
[2022-06-16T20:34:49.868+0000][3704][safepoint    ] Entering safepoint region: RevokeBias
[2022-06-16T20:34:49.868+0000][3704][safepoint    ] Leaving safepoint region
[2022-06-16T20:34:49.868+0000][3704][safepoint    ] Total time for which application threads were stopped: 0.0001219 seconds, Stopping threads took: 0.0000749 seconds
[2022-06-16T20:34:49.868+0000][3704][safepoint    ] Application time: 0.0001943 seconds
[2022-06-16T20:34:49.868+0000][3704][safepoint    ] Entering safepoint region: RevokeBias
[2022-06-16T20:34:49.868+0000][3704][safepoint    ] Leaving safepoint region
[2022-06-16T20:34:49.868+0000][3704][safepoint    ] Total time for which application threads were stopped: 0.0000713 seconds, Stopping threads took: 0.0000237 seconds
[2022-06-16T20:34:49.868+0000][3704][safepoint    ] Application time: 0.0001463 seconds
[2022-06-16T20:34:49.868+0000][3704][safepoint    ] Entering safepoint region: RevokeBias
[2022-06-16T20:34:49.868+0000][3704][safepoint    ] Leaving safepoint region
[2022-06-16T20:34:49.868+0000][3704][safepoint    ] Total time for which application threads were stopped: 0.0000822 seconds, Stopping threads took: 0.0000319 seconds
[2022-06-16T20:34:49.868+0000][3704][safepoint    ] Application time: 0.0001059 seconds
[2022-06-16T20:34:49.868+0000][3704][safepoint    ] Entering safepoint region: RevokeBias
[2022-06-16T20:34:49.868+0000][3704][safepoint    ] Leaving safepoint region
[2022-06-16T20:34:49.868+0000][3704][safepoint    ] Total time for which application threads were stopped: 0.0000729 seconds, Stopping threads took: 0.0000232 seconds
[2022-06-16T20:34:49.868+0000][3704][safepoint    ] Application time: 0.0002714 seconds
[2022-06-16T20:34:49.868+0000][3704][safepoint    ] Entering safepoint region: RevokeBias
[2022-06-16T20:34:49.868+0000][3704][safepoint    ] Leaving safepoint region
[2022-06-16T20:34:49.868+0000][3704][safepoint    ] Total time for which application threads were stopped: 0.0000862 seconds, Stopping threads took: 0.0000313 seconds
[2022-06-16T20:34:49.868+0000][3704][safepoint    ] Application time: 0.0000801 seconds
[2022-06-16T20:34:49.868+0000][3704][safepoint    ] Entering safepoint region: RevokeBias
[2022-06-16T20:34:49.868+0000][3704][safepoint    ] Leaving safepoint region
[2022-06-16T20:34:49.868+0000][3704][safepoint    ] Total time for which application threads were stopped: 0.0001165 seconds, Stopping threads took: 0.0000628 seconds
[2022-06-16T20:34:49.868+0000][3704][safepoint    ] Application time: 0.0000504 seconds
[2022-06-16T20:34:49.868+0000][3704][safepoint    ] Entering safepoint region: RevokeBias
[2022-06-16T20:34:49.868+0000][3704][safepoint    ] Leaving safepoint region
[2022-06-16T20:34:49.868+0000][3704][safepoint    ] Total time for which application threads were stopped: 0.0001405 seconds, Stopping threads took: 0.0000823 seconds
[2022-06-16T20:34:49.868+0000][3704][safepoint    ] Application time: 0.0001884 seconds
[2022-06-16T20:34:49.868+0000][3704][safepoint    ] Entering safepoint region: RevokeBias
[2022-06-16T20:34:49.868+0000][3704][safepoint    ] Leaving safepoint region
[2022-06-16T20:34:49.868+0000][3704][safepoint    ] Total time for which application threads were stopped: 0.0000821 seconds, Stopping threads took: 0.0000218 seconds
[2022-06-16T20:34:49.868+0000][3704][safepoint    ] Application time: 0.0000262 seconds
[2022-06-16T20:34:49.868+0000][3704][safepoint    ] Entering safepoint region: RevokeBias
[2022-06-16T20:34:49.868+0000][3704][safepoint    ] Leaving safepoint region
[2022-06-16T20:34:49.868+0000][3704][safepoint    ] Total time for which application threads were stopped: 0.0000766 seconds, Stopping threads took: 0.0000265 seconds
[2022-06-16T20:34:49.868+0000][3704][safepoint    ] Application time: 0.0000901 seconds
[2022-06-16T20:34:49.868+0000][3704][safepoint    ] Entering safepoint region: RevokeBias
[2022-06-16T20:34:49.868+0000][3704][safepoint    ] Leaving safepoint region
[2022-06-16T20:34:49.868+0000][3704][safepoint    ] Total time for which application threads were stopped: 0.0000948 seconds, Stopping threads took: 0.0000424 seconds
[2022-06-16T20:34:49.868+0000][3704][safepoint    ] Application time: 0.0002017 seconds
[2022-06-16T20:34:49.868+0000][3704][safepoint    ] Entering safepoint region: RevokeBias
[2022-06-16T20:34:49.868+0000][3704][safepoint    ] Leaving safepoint region
[2022-06-16T20:34:49.868+0000][3704][safepoint    ] Total time for which application threads were stopped: 0.0000822 seconds, Stopping threads took: 0.0000311 seconds
[2022-06-16T20:34:49.868+0000][3704][safepoint    ] Application time: 0.0000363 seconds
[2022-06-16T20:34:49.868+0000][3704][safepoint    ] Entering safepoint region: RevokeBias
[2022-06-16T20:34:49.868+0000][3704][safepoint    ] Leaving safepoint region
[2022-06-16T20:34:49.868+0000][3704][safepoint    ] Total time for which application threads were stopped: 0.0000724 seconds, Stopping threads took: 0.0000229 seconds
[2022-06-16T20:34:49.868+0000][3704][safepoint    ] Application time: 0.0000786 seconds
[2022-06-16T20:34:49.868+0000][3704][safepoint    ] Entering safepoint region: RevokeBias
[2022-06-16T20:34:49.868+0000][3704][safepoint    ] Leaving safepoint region
[2022-06-16T20:34:49.868+0000][3704][safepoint    ] Total time for which application threads were stopped: 0.0001002 seconds, Stopping threads took: 0.0000474 seconds
[2022-06-16T20:34:49.868+0000][3704][safepoint    ] Application time: 0.0004769 seconds
[2022-06-16T20:34:49.868+0000][3704][safepoint    ] Entering safepoint region: RevokeBias
[2022-06-16T20:34:49.868+0000][3704][safepoint    ] Leaving safepoint region
[2022-06-16T20:34:49.868+0000][3704][safepoint    ] Total time for which application threads were stopped: 0.0000929 seconds, Stopping threads took: 0.0000331 seconds
[2022-06-16T20:34:49.868+0000][3704][safepoint    ] Application time: 0.0000853 seconds
[2022-06-16T20:34:49.868+0000][3704][safepoint    ] Entering safepoint region: RevokeBias
[2022-06-16T20:34:49.868+0000][3704][safepoint    ] Leaving safepoint region
[2022-06-16T20:34:49.868+0000][3704][safepoint    ] Total time for which application threads were stopped: 0.0001155 seconds, Stopping threads took: 0.0000612 seconds
[2022-06-16T20:34:49.868+0000][3704][safepoint    ] Application time: 0.0002232 seconds
[2022-06-16T20:34:49.868+0000][3704][safepoint    ] Entering safepoint region: RevokeBias
[2022-06-16T20:34:49.868+0000][3704][safepoint    ] Leaving safepoint region
[2022-06-16T20:34:49.868+0000][3704][safepoint    ] Total time for which application threads were stopped: 0.0000820 seconds, Stopping threads took: 0.0000304 seconds
[2022-06-16T20:34:49.868+0000][3704][safepoint    ] Application time: 0.0012527 seconds
[2022-06-16T20:34:49.868+0000][3704][safepoint    ] Entering safepoint region: RevokeBias
[2022-06-16T20:34:49.868+0000][3704][safepoint    ] Leaving safepoint region
[2022-06-16T20:34:49.868+0000][3704][safepoint    ] Total time for which application threads were stopped: 0.0000866 seconds, Stopping threads took: 0.0000273 seconds
[2022-06-16T20:34:49.868+0000][3704][safepoint    ] Application time: 0.0004169 seconds
[2022-06-16T20:34:49.868+0000][3704][safepoint    ] Entering safepoint region: RevokeBias
[2022-06-16T20:34:49.868+0000][3704][safepoint    ] Leaving safepoint region
[2022-06-16T20:34:49.868+0000][3704][safepoint    ] Total time for which application threads were stopped: 0.0001120 seconds, Stopping threads took: 0.0000267 seconds
[2022-06-16T20:34:49.868+0000][3704][safepoint    ] Application time: 0.0007666 seconds
[2022-06-16T20:34:49.868+0000][3704][safepoint    ] Entering safepoint region: RevokeBias
[2022-06-16T20:34:49.868+0000][3704][safepoint    ] Leaving safepoint region
[2022-06-16T20:34:49.868+0000][3704][safepoint    ] Total time for which application threads were stopped: 0.0000948 seconds, Stopping threads took: 0.0000372 seconds
[2022-06-16T20:34:49.868+0000][3704][safepoint    ] Application time: 0.0000523 seconds
[2022-06-16T20:34:49.868+0000][3704][safepoint    ] Entering safepoint region: RevokeBias
[2022-06-16T20:34:49.868+0000][3704][safepoint    ] Leaving safepoint region
[2022-06-16T20:34:49.868+0000][3704][safepoint    ] Total time for which application threads were stopped: 0.0000974 seconds, Stopping threads took: 0.0000461 seconds
[2022-06-16T20:34:49.868+0000][3704][safepoint    ] Application time: 0.0003809 seconds
[2022-06-16T20:34:49.868+0000][3704][safepoint    ] Entering safepoint region: RevokeBias
[2022-06-16T20:34:49.868+0000][3704][safepoint    ] Leaving safepoint region
[2022-06-16T20:34:49.868+0000][3704][safepoint    ] Total time for which application threads were stopped: 0.0000806 seconds, Stopping threads took: 0.0000244 seconds
[2022-06-16T20:34:49.868+0000][3704][safepoint    ] Application time: 0.0003305 seconds
[2022-06-16T20:34:49.868+0000][3704][safepoint    ] Entering safepoint region: RevokeBias
[2022-06-16T20:34:49.868+0000][3704][safepoint    ] Leaving safepoint region
[2022-06-16T20:34:49.868+0000][3704][safepoint    ] Total time for which application threads were stopped: 0.0000894 seconds, Stopping threads took: 0.0000327 seconds
[2022-06-16T20:34:49.868+0000][3704][safepoint    ] Application time: 0.0008606 seconds
[2022-06-16T20:34:49.868+0000][3704][safepoint    ] Entering safepoint region: RevokeBias
[2022-06-16T20:34:49.868+0000][3704][safepoint    ] Leaving safepoint region
[2022-06-16T20:34:49.868+0000][3704][safepoint    ] Total time for which application threads were stopped: 0.0000960 seconds, Stopping threads took: 0.0000419 seconds
[2022-06-16T20:34:49.868+0000][3704][safepoint    ] Application time: 0.0003120 seconds
[2022-06-16T20:34:49.868+0000][3704][safepoint    ] Entering safepoint region: RevokeBias
[2022-06-16T20:34:49.868+0000][3704][safepoint    ] Leaving safepoint region
[2022-06-16T20:34:49.868+0000][3704][safepoint    ] Total time for which application threads were stopped: 0.0001053 seconds, Stopping threads took: 0.0000499 seconds
[2022-06-16T20:34:49.868+0000][3704][safepoint    ] Application time: 0.0016595 seconds
[2022-06-16T20:34:49.884+0000][3704][safepoint    ] Entering safepoint region: RevokeBias
[2022-06-16T20:34:49.884+0000][3704][safepoint    ] Leaving safepoint region
[2022-06-16T20:34:49.884+0000][3704][safepoint    ] Total time for which application threads were stopped: 0.0001401 seconds, Stopping threads took: 0.0000671 seconds
[2022-06-16T20:34:49.884+0000][3704][safepoint    ] Application time: 0.0002308 seconds
[2022-06-16T20:34:49.884+0000][3704][safepoint    ] Entering safepoint region: RevokeBias
[2022-06-16T20:34:49.884+0000][3704][safepoint    ] Leaving safepoint region
[2022-06-16T20:34:49.884+0000][3704][safepoint    ] Total time for which application threads were stopped: 0.0000908 seconds, Stopping threads took: 0.0000233 seconds
[2022-06-16T20:34:49.993+0000][3704][safepoint    ] Application time: 0.1193312 seconds
[2022-06-16T20:34:49.993+0000][3704][safepoint    ] Entering safepoint region: RevokeBias
[2022-06-16T20:34:49.993+0000][3704][safepoint    ] Leaving safepoint region
[2022-06-16T20:34:49.993+0000][3704][safepoint    ] Total time for which application threads were stopped: 0.0001113 seconds, Stopping threads took: 0.0000239 seconds
[2022-06-16T20:34:49.993+0000][3704][safepoint    ] Application time: 0.0011277 seconds
[2022-06-16T20:34:49.993+0000][3704][safepoint    ] Entering safepoint region: RevokeBias
[2022-06-16T20:34:49.993+0000][3704][safepoint    ] Leaving safepoint region
[2022-06-16T20:34:49.993+0000][3704][safepoint    ] Total time for which application threads were stopped: 0.0000964 seconds, Stopping threads took: 0.0000219 seconds
[2022-06-16T20:34:49.993+0000][3704][safepoint    ] Application time: 0.0000911 seconds
[2022-06-16T20:34:49.993+0000][3704][safepoint    ] Entering safepoint region: RevokeBias
[2022-06-16T20:34:49.993+0000][3704][safepoint    ] Leaving safepoint region
[2022-06-16T20:34:49.993+0000][3704][safepoint    ] Total time for which application threads were stopped: 0.0000773 seconds, Stopping threads took: 0.0000186 seconds
[2022-06-16T20:34:49.993+0000][3704][safepoint    ] Application time: 0.0000716 seconds
[2022-06-16T20:34:49.993+0000][3704][safepoint    ] Entering safepoint region: RevokeBias
[2022-06-16T20:34:49.993+0000][3704][safepoint    ] Leaving safepoint region
[2022-06-16T20:34:49.993+0000][3704][safepoint    ] Total time for which application threads were stopped: 0.0000715 seconds, Stopping threads took: 0.0000183 seconds
[2022-06-16T20:34:49.993+0000][3704][safepoint    ] Application time: 0.0000353 seconds
[2022-06-16T20:34:49.993+0000][3704][safepoint    ] Entering safepoint region: RevokeBias
[2022-06-16T20:34:49.993+0000][3704][safepoint    ] Leaving safepoint region
[2022-06-16T20:34:49.993+0000][3704][safepoint    ] Total time for which application threads were stopped: 0.0000657 seconds, Stopping threads took: 0.0000164 seconds
[2022-06-16T20:34:49.993+0000][3704][safepoint    ] Application time: 0.0000325 seconds
[2022-06-16T20:34:49.993+0000][3704][safepoint    ] Entering safepoint region: RevokeBias
[2022-06-16T20:34:49.993+0000][3704][safepoint    ] Leaving safepoint region
[2022-06-16T20:34:49.993+0000][3704][safepoint    ] Total time for which application threads were stopped: 0.0000625 seconds, Stopping threads took: 0.0000165 seconds
[2022-06-16T20:34:49.993+0000][3704][safepoint    ] Application time: 0.0000979 seconds
[2022-06-16T20:34:49.993+0000][3704][safepoint    ] Entering safepoint region: RevokeBias
[2022-06-16T20:34:49.993+0000][3704][safepoint    ] Leaving safepoint region
[2022-06-16T20:34:49.993+0000][3704][safepoint    ] Total time for which application threads were stopped: 0.0000695 seconds, Stopping threads took: 0.0000183 seconds
[2022-06-16T20:34:49.993+0000][3704][safepoint    ] Application time: 0.0000216 seconds
[2022-06-16T20:34:49.993+0000][3704][safepoint    ] Entering safepoint region: RevokeBias
[2022-06-16T20:34:49.993+0000][3704][safepoint    ] Leaving safepoint region
[2022-06-16T20:34:49.993+0000][3704][safepoint    ] Total time for which application threads were stopped: 0.0000661 seconds, Stopping threads took: 0.0000165 seconds
[2022-06-16T20:34:50.009+0000][3704][safepoint    ] Application time: 0.0178750 seconds
[2022-06-16T20:34:50.009+0000][3704][safepoint    ] Entering safepoint region: RevokeBias
[2022-06-16T20:34:50.009+0000][3704][safepoint    ] Leaving safepoint region
[2022-06-16T20:34:50.009+0000][3704][safepoint    ] Total time for which application threads were stopped: 0.0000943 seconds, Stopping threads took: 0.0000236 seconds
[2022-06-16T20:34:50.025+0000][3704][safepoint    ] Application time: 0.0047301 seconds
[2022-06-16T20:34:50.025+0000][3704][safepoint    ] Entering safepoint region: RevokeBias
[2022-06-16T20:34:50.025+0000][3704][safepoint    ] Leaving safepoint region
[2022-06-16T20:34:50.025+0000][3704][safepoint    ] Total time for which application threads were stopped: 0.0001299 seconds, Stopping threads took: 0.0000616 seconds
[2022-06-16T20:34:50.025+0000][3704][safepoint    ] Application time: 0.0059055 seconds
[2022-06-16T20:34:50.025+0000][3704][safepoint    ] Entering safepoint region: RevokeBias
[2022-06-16T20:34:50.025+0000][3704][safepoint    ] Leaving safepoint region
[2022-06-16T20:34:50.025+0000][3704][safepoint    ] Total time for which application threads were stopped: 0.0000871 seconds, Stopping threads took: 0.0000250 seconds
[2022-06-16T20:34:50.040+0000][3704][safepoint    ] Application time: 0.0137504 seconds
[2022-06-16T20:34:50.040+0000][3704][safepoint    ] Entering safepoint region: RevokeBias
[2022-06-16T20:34:50.040+0000][3704][safepoint    ] Leaving safepoint region
[2022-06-16T20:34:50.040+0000][3704][safepoint    ] Total time for which application threads were stopped: 0.0000997 seconds, Stopping threads took: 0.0000226 seconds
[2022-06-16T20:34:50.040+0000][3704][safepoint    ] Application time: 0.0000546 seconds
[2022-06-16T20:34:50.040+0000][3704][safepoint    ] Entering safepoint region: RevokeBias
[2022-06-16T20:34:50.040+0000][3704][safepoint    ] Leaving safepoint region
[2022-06-16T20:34:50.040+0000][3704][safepoint    ] Total time for which application threads were stopped: 0.0000735 seconds, Stopping threads took: 0.0000170 seconds
[2022-06-16T20:34:50.040+0000][3704][safepoint    ] Application time: 0.0000220 seconds
[2022-06-16T20:34:50.040+0000][3704][safepoint    ] Entering safepoint region: RevokeBias
[2022-06-16T20:34:50.040+0000][3704][safepoint    ] Leaving safepoint region
[2022-06-16T20:34:50.040+0000][3704][safepoint    ] Total time for which application threads were stopped: 0.0000661 seconds, Stopping threads took: 0.0000163 seconds
[2022-06-16T20:34:50.040+0000][3704][safepoint    ] Application time: 0.0001064 seconds
[2022-06-16T20:34:50.040+0000][3704][safepoint    ] Entering safepoint region: RevokeBias
[2022-06-16T20:34:50.040+0000][3704][safepoint    ] Leaving safepoint region
[2022-06-16T20:34:50.040+0000][3704][safepoint    ] Total time for which application threads were stopped: 0.0000729 seconds, Stopping threads took: 0.0000169 seconds
[2022-06-16T20:34:50.040+0000][3704][safepoint    ] Application time: 0.0007482 seconds
[2022-06-16T20:34:50.040+0000][3704][safepoint    ] Entering safepoint region: RevokeBias
[2022-06-16T20:34:50.040+0000][3704][safepoint    ] Leaving safepoint region
[2022-06-16T20:34:50.040+0000][3704][safepoint    ] Total time for which application threads were stopped: 0.0000849 seconds, Stopping threads took: 0.0000201 seconds
[2022-06-16T20:34:50.040+0000][3704][safepoint    ] Application time: 0.0004414 seconds
[2022-06-16T20:34:50.040+0000][3704][safepoint    ] Entering safepoint region: RevokeBias
[2022-06-16T20:34:50.040+0000][3704][safepoint    ] Leaving safepoint region
[2022-06-16T20:34:50.040+0000][3704][safepoint    ] Total time for which application threads were stopped: 0.0000886 seconds, Stopping threads took: 0.0000206 seconds
[2022-06-16T20:34:50.040+0000][3704][safepoint    ] Application time: 0.0020466 seconds
[2022-06-16T20:34:50.040+0000][3704][safepoint    ] Entering safepoint region: RevokeBias
[2022-06-16T20:34:50.040+0000][3704][safepoint    ] Leaving safepoint region
[2022-06-16T20:34:50.040+0000][3704][safepoint    ] Total time for which application threads were stopped: 0.0000856 seconds, Stopping threads took: 0.0000207 seconds
[2022-06-16T20:34:50.040+0000][3704][safepoint    ] Application time: 0.0005748 seconds
[2022-06-16T20:34:50.040+0000][3704][safepoint    ] Entering safepoint region: RevokeBias
[2022-06-16T20:34:50.040+0000][3704][safepoint    ] Leaving safepoint region
[2022-06-16T20:34:50.040+0000][3704][safepoint    ] Total time for which application threads were stopped: 0.0000805 seconds, Stopping threads took: 0.0000201 seconds
[2022-06-16T20:34:50.040+0000][3704][safepoint    ] Application time: 0.0004173 seconds
[2022-06-16T20:34:50.040+0000][3704][safepoint    ] Entering safepoint region: RevokeBias
[2022-06-16T20:34:50.040+0000][3704][safepoint    ] Leaving safepoint region
[2022-06-16T20:34:50.040+0000][3704][safepoint    ] Total time for which application threads were stopped: 0.0000753 seconds, Stopping threads took: 0.0000192 seconds
[2022-06-16T20:34:50.087+0000][3704][safepoint    ] Application time: 0.0329289 seconds
[2022-06-16T20:34:50.087+0000][3704][safepoint    ] Entering safepoint region: RevokeBias
[2022-06-16T20:34:50.087+0000][3704][safepoint    ] Leaving safepoint region
[2022-06-16T20:34:50.087+0000][3704][safepoint    ] Total time for which application threads were stopped: 0.0001267 seconds, Stopping threads took: 0.0000242 seconds
[2022-06-16T20:34:50.103+0000][3704][safepoint    ] Application time: 0.0173497 seconds
[2022-06-16T20:34:50.103+0000][3704][safepoint    ] Entering safepoint region: RevokeBias
[2022-06-16T20:34:50.103+0000][3704][safepoint    ] Leaving safepoint region
[2022-06-16T20:34:50.103+0000][3704][safepoint    ] Total time for which application threads were stopped: 0.0001367 seconds, Stopping threads took: 0.0000295 seconds
[2022-06-16T20:34:50.118+0000][3704][safepoint    ] Application time: 0.0190094 seconds
[2022-06-16T20:34:50.118+0000][3704][safepoint    ] Entering safepoint region: RevokeBias
[2022-06-16T20:34:50.118+0000][3704][safepoint    ] Leaving safepoint region
[2022-06-16T20:34:50.118+0000][3704][safepoint    ] Total time for which application threads were stopped: 0.0001295 seconds, Stopping threads took: 0.0000270 seconds
[2022-06-16T20:34:50.118+0000][3704][safepoint    ] Application time: 0.0000230 seconds
[2022-06-16T20:34:50.118+0000][3704][safepoint    ] Entering safepoint region: RevokeBias
[2022-06-16T20:34:50.118+0000][3704][safepoint    ] Leaving safepoint region
[2022-06-16T20:34:50.118+0000][3704][safepoint    ] Total time for which application threads were stopped: 0.0000839 seconds, Stopping threads took: 0.0000199 seconds
[2022-06-16T20:34:50.165+0000][3704][safepoint    ] Application time: 0.0524269 seconds
[2022-06-16T20:34:50.165+0000][3704][safepoint    ] Entering safepoint region: RevokeBias
[2022-06-16T20:34:50.165+0000][3704][safepoint    ] Leaving safepoint region
[2022-06-16T20:34:50.165+0000][3704][safepoint    ] Total time for which application threads were stopped: 0.0001229 seconds, Stopping threads took: 0.0000235 seconds
[2022-06-16T20:34:50.212+0000][3704][safepoint    ] Application time: 0.0390242 seconds
[2022-06-16T20:34:50.212+0000][3704][safepoint    ] Entering safepoint region: RevokeBias
[2022-06-16T20:34:50.212+0000][3704][safepoint    ] Leaving safepoint region
[2022-06-16T20:34:50.212+0000][3704][safepoint    ] Total time for which application threads were stopped: 0.0001359 seconds, Stopping threads took: 0.0000261 seconds
[2022-06-16T20:34:50.212+0000][3704][safepoint    ] Application time: 0.0000238 seconds
[2022-06-16T20:34:50.212+0000][3704][safepoint    ] Entering safepoint region: RevokeBias
[2022-06-16T20:34:50.212+0000][3704][safepoint    ] Leaving safepoint region
[2022-06-16T20:34:50.212+0000][3704][safepoint    ] Total time for which application threads were stopped: 0.0000814 seconds, Stopping threads took: 0.0000183 seconds
[2022-06-16T20:34:50.212+0000][3704][safepoint    ] Application time: 0.0075669 seconds
[2022-06-16T20:34:50.212+0000][3704][safepoint    ] Entering safepoint region: RevokeBias
[2022-06-16T20:34:50.212+0000][3704][safepoint    ] Leaving safepoint region
[2022-06-16T20:34:50.212+0000][3704][safepoint    ] Total time for which application threads were stopped: 0.0001152 seconds, Stopping threads took: 0.0000280 seconds
[2022-06-16T20:34:50.212+0000][3704][safepoint    ] Application time: 0.0000241 seconds
[2022-06-16T20:34:50.212+0000][3704][safepoint    ] Entering safepoint region: RevokeBias
[2022-06-16T20:34:50.212+0000][3704][safepoint    ] Leaving safepoint region
[2022-06-16T20:34:50.212+0000][3704][safepoint    ] Total time for which application threads were stopped: 0.0000759 seconds, Stopping threads took: 0.0000189 seconds
[2022-06-16T20:34:50.228+0000][3704][safepoint    ] Application time: 0.0077676 seconds
[2022-06-16T20:34:50.228+0000][3704][safepoint    ] Entering safepoint region: RevokeBias
[2022-06-16T20:34:50.228+0000][3704][safepoint    ] Leaving safepoint region
[2022-06-16T20:34:50.228+0000][3704][safepoint    ] Total time for which application threads were stopped: 0.0001034 seconds, Stopping threads took: 0.0000234 seconds
[2022-06-16T20:34:50.228+0000][3704][safepoint    ] Application time: 0.0054144 seconds
[2022-06-16T20:34:50.228+0000][3704][safepoint    ] Entering safepoint region: Deoptimize
[2022-06-16T20:34:50.228+0000][3704][safepoint    ] Leaving safepoint region
[2022-06-16T20:34:50.228+0000][3704][safepoint    ] Total time for which application threads were stopped: 0.0008602 seconds, Stopping threads took: 0.0001338 seconds
[2022-06-16T20:34:50.228+0000][3704][safepoint    ] Application time: 0.0009446 seconds
[2022-06-16T20:34:50.228+0000][3704][safepoint    ] Entering safepoint region: RevokeBias
[2022-06-16T20:34:50.228+0000][3704][safepoint    ] Leaving safepoint region
[2022-06-16T20:34:50.228+0000][3704][safepoint    ] Total time for which application threads were stopped: 0.0001309 seconds, Stopping threads took: 0.0000614 seconds
[2022-06-16T20:34:50.243+0000][3704][safepoint    ] Application time: 0.0064415 seconds
[2022-06-16T20:34:50.243+0000][3704][safepoint    ] Entering safepoint region: RevokeBias
[2022-06-16T20:34:50.243+0000][3704][safepoint    ] Leaving safepoint region
[2022-06-16T20:34:50.243+0000][3704][safepoint    ] Total time for which application threads were stopped: 0.0001795 seconds, Stopping threads took: 0.0000907 seconds
[2022-06-16T20:34:50.243+0000][3704][safepoint    ] Application time: 0.0029349 seconds
[2022-06-16T20:34:50.243+0000][3704][safepoint    ] Entering safepoint region: RevokeBias
[2022-06-16T20:34:50.243+0000][3704][safepoint    ] Leaving safepoint region
[2022-06-16T20:34:50.243+0000][3704][safepoint    ] Total time for which application threads were stopped: 0.0000978 seconds, Stopping threads took: 0.0000218 seconds
[2022-06-16T20:34:50.259+0000][3704][safepoint    ] Application time: 0.0187888 seconds
[2022-06-16T20:34:50.259+0000][3704][safepoint    ] Entering safepoint region: RevokeBias
[2022-06-16T20:34:50.259+0000][3704][safepoint    ] Leaving safepoint region
[2022-06-16T20:34:50.259+0000][3704][safepoint    ] Total time for which application threads were stopped: 0.0006531 seconds, Stopping threads took: 0.0005808 seconds
[2022-06-16T20:34:50.259+0000][3704][safepoint    ] Application time: 0.0010800 seconds
[2022-06-16T20:34:50.259+0000][3704][safepoint    ] Entering safepoint region: RevokeBias
[2022-06-16T20:34:50.259+0000][3704][safepoint    ] Leaving safepoint region
[2022-06-16T20:34:50.259+0000][3704][safepoint    ] Total time for which application threads were stopped: 0.0001636 seconds, Stopping threads took: 0.0000832 seconds
[2022-06-16T20:34:50.275+0000][3704][safepoint    ] Application time: 0.0124758 seconds
[2022-06-16T20:34:50.290+0000][3704][safepoint    ] Entering safepoint region: RevokeBias
[2022-06-16T20:34:50.290+0000][3704][safepoint    ] Leaving safepoint region
[2022-06-16T20:34:50.290+0000][3704][safepoint    ] Total time for which application threads were stopped: 0.0134430 seconds, Stopping threads took: 0.0133616 seconds
[2022-06-16T20:34:50.290+0000][3704][safepoint    ] Application time: 0.0022569 seconds
[2022-06-16T20:34:50.290+0000][3704][safepoint    ] Entering safepoint region: RevokeBias
[2022-06-16T20:34:50.290+0000][3704][safepoint    ] Leaving safepoint region
[2022-06-16T20:34:50.290+0000][3704][safepoint    ] Total time for which application threads were stopped: 0.0000966 seconds, Stopping threads took: 0.0000258 seconds
[2022-06-16T20:34:50.290+0000][3704][safepoint    ] Application time: 0.0000263 seconds
[2022-06-16T20:34:50.290+0000][3704][safepoint    ] Entering safepoint region: RevokeBias
[2022-06-16T20:34:50.290+0000][3704][safepoint    ] Leaving safepoint region
[2022-06-16T20:34:50.290+0000][3704][safepoint    ] Total time for which application threads were stopped: 0.0000740 seconds, Stopping threads took: 0.0000195 seconds
[2022-06-16T20:34:50.290+0000][3704][safepoint    ] Application time: 0.0000147 seconds
[2022-06-16T20:34:50.290+0000][3704][safepoint    ] Entering safepoint region: RevokeBias
[2022-06-16T20:34:50.290+0000][3704][safepoint    ] Leaving safepoint region
[2022-06-16T20:34:50.290+0000][3704][safepoint    ] Total time for which application threads were stopped: 0.0000735 seconds, Stopping threads took: 0.0000191 seconds
[2022-06-16T20:34:50.290+0000][3704][safepoint    ] Application time: 0.0003795 seconds
[2022-06-16T20:34:50.290+0000][3704][safepoint    ] Entering safepoint region: RevokeBias
[2022-06-16T20:34:50.290+0000][3704][safepoint    ] Leaving safepoint region
[2022-06-16T20:34:50.290+0000][3704][safepoint    ] Total time for which application threads were stopped: 0.0000842 seconds, Stopping threads took: 0.0000215 seconds
[2022-06-16T20:34:50.290+0000][3704][safepoint    ] Application time: 0.0002259 seconds
[2022-06-16T20:34:50.290+0000][3704][safepoint    ] Entering safepoint region: RevokeBias
[2022-06-16T20:34:50.290+0000][3704][safepoint    ] Leaving safepoint region
[2022-06-16T20:34:50.290+0000][3704][safepoint    ] Total time for which application threads were stopped: 0.0000805 seconds, Stopping threads took: 0.0000220 seconds
[2022-06-16T20:34:50.290+0000][3704][safepoint    ] Application time: 0.0000168 seconds
[2022-06-16T20:34:50.290+0000][3704][safepoint    ] Entering safepoint region: RevokeBias
[2022-06-16T20:34:50.290+0000][3704][safepoint    ] Leaving safepoint region
[2022-06-16T20:34:50.290+0000][3704][safepoint    ] Total time for which application threads were stopped: 0.0000660 seconds, Stopping threads took: 0.0000191 seconds
[2022-06-16T20:34:50.306+0000][3704][safepoint    ] Application time: 0.0155932 seconds
[2022-06-16T20:34:50.306+0000][3704][safepoint    ] Entering safepoint region: RevokeBias
[2022-06-16T20:34:50.306+0000][3704][safepoint    ] Leaving safepoint region
[2022-06-16T20:34:50.306+0000][3704][safepoint    ] Total time for which application threads were stopped: 0.0020237 seconds, Stopping threads took: 0.0019357 seconds
[2022-06-16T20:34:50.306+0000][3704][safepoint    ] Application time: 0.0002125 seconds
[2022-06-16T20:34:50.306+0000][3704][safepoint    ] Entering safepoint region: RevokeBias
[2022-06-16T20:34:50.306+0000][3704][safepoint    ] Leaving safepoint region
[2022-06-16T20:34:50.306+0000][3704][safepoint    ] Total time for which application threads were stopped: 0.0001606 seconds, Stopping threads took: 0.0000873 seconds
[2022-06-16T20:34:50.337+0000][3704][safepoint    ] Application time: 0.0258667 seconds
[2022-06-16T20:34:50.337+0000][3704][safepoint    ] Entering safepoint region: RevokeBias
[2022-06-16T20:34:50.337+0000][3704][safepoint    ] Leaving safepoint region
[2022-06-16T20:34:50.337+0000][3704][safepoint    ] Total time for which application threads were stopped: 0.0027534 seconds, Stopping threads took: 0.0026599 seconds
[2022-06-16T20:34:50.337+0000][3704][safepoint    ] Application time: 0.0053604 seconds
[2022-06-16T20:34:50.337+0000][3704][safepoint    ] Entering safepoint region: RevokeBias
[2022-06-16T20:34:50.337+0000][3704][safepoint    ] Leaving safepoint region
[2022-06-16T20:34:50.337+0000][3704][safepoint    ] Total time for which application threads were stopped: 0.0000986 seconds, Stopping threads took: 0.0000260 seconds
[2022-06-16T20:34:50.353+0000][3704][safepoint    ] Application time: 0.0072052 seconds
[2022-06-16T20:34:50.353+0000][3704][safepoint    ] Entering safepoint region: RevokeBias
[2022-06-16T20:34:50.353+0000][3704][safepoint    ] Leaving safepoint region
[2022-06-16T20:34:50.353+0000][3704][safepoint    ] Total time for which application threads were stopped: 0.0007204 seconds, Stopping threads took: 0.0006434 seconds
[2022-06-16T20:34:50.353+0000][3704][safepoint    ] Application time: 0.0015725 seconds
[2022-06-16T20:34:50.353+0000][3704][safepoint    ] Entering safepoint region: RevokeBias
[2022-06-16T20:34:50.353+0000][3704][safepoint    ] Leaving safepoint region
[2022-06-16T20:34:50.353+0000][3704][safepoint    ] Total time for which application threads were stopped: 0.0000912 seconds, Stopping threads took: 0.0000246 seconds
[2022-06-16T20:34:50.353+0000][3704][safepoint    ] Application time: 0.0033812 seconds
[2022-06-16T20:34:50.353+0000][3704][safepoint    ] Entering safepoint region: RevokeBias
[2022-06-16T20:34:50.353+0000][3704][safepoint    ] Leaving safepoint region
[2022-06-16T20:34:50.353+0000][3704][safepoint    ] Total time for which application threads were stopped: 0.0000898 seconds, Stopping threads took: 0.0000205 seconds
[2022-06-16T20:34:50.368+0000][3704][safepoint    ] Application time: 0.0036372 seconds
[2022-06-16T20:34:50.368+0000][3704][safepoint    ] Entering safepoint region: RevokeBias
[2022-06-16T20:34:50.368+0000][3704][safepoint    ] Leaving safepoint region
[2022-06-16T20:34:50.368+0000][3704][safepoint    ] Total time for which application threads were stopped: 0.0000905 seconds, Stopping threads took: 0.0000247 seconds
[2022-06-16T20:34:50.368+0000][3704][safepoint    ] Application time: 0.0000252 seconds
[2022-06-16T20:34:50.368+0000][3704][safepoint    ] Entering safepoint region: RevokeBias
[2022-06-16T20:34:50.368+0000][3704][safepoint    ] Leaving safepoint region
[2022-06-16T20:34:50.368+0000][3704][safepoint    ] Total time for which application threads were stopped: 0.0000931 seconds, Stopping threads took: 0.0000189 seconds
[2022-06-16T20:34:50.368+0000][3704][safepoint    ] Application time: 0.0000253 seconds
[2022-06-16T20:34:50.368+0000][3704][safepoint    ] Entering safepoint region: RevokeBias
[2022-06-16T20:34:50.368+0000][3704][safepoint    ] Leaving safepoint region
[2022-06-16T20:34:50.368+0000][3704][safepoint    ] Total time for which application threads were stopped: 0.0000748 seconds, Stopping threads took: 0.0000160 seconds
[2022-06-16T20:34:50.368+0000][3704][safepoint    ] Application time: 0.0001747 seconds
[2022-06-16T20:34:50.368+0000][3704][safepoint    ] Entering safepoint region: RevokeBias
[2022-06-16T20:34:50.368+0000][3704][safepoint    ] Leaving safepoint region
[2022-06-16T20:34:50.368+0000][3704][safepoint    ] Total time for which application threads were stopped: 0.0000834 seconds, Stopping threads took: 0.0000182 seconds
[2022-06-16T20:34:50.368+0000][3704][safepoint    ] Application time: 0.0000566 seconds
[2022-06-16T20:34:50.368+0000][3704][safepoint    ] Entering safepoint region: RevokeBias
[2022-06-16T20:34:50.368+0000][3704][safepoint    ] Leaving safepoint region
[2022-06-16T20:34:50.368+0000][3704][safepoint    ] Total time for which application threads were stopped: 0.0000743 seconds, Stopping threads took: 0.0000173 seconds
[2022-06-16T20:34:50.368+0000][3704][safepoint    ] Application time: 0.0069481 seconds
[2022-06-16T20:34:50.368+0000][3704][safepoint    ] Entering safepoint region: RevokeBias
[2022-06-16T20:34:50.368+0000][3704][safepoint    ] Leaving safepoint region
[2022-06-16T20:34:50.368+0000][3704][safepoint    ] Total time for which application threads were stopped: 0.0001014 seconds, Stopping threads took: 0.0000231 seconds
[2022-06-16T20:34:50.368+0000][3704][safepoint    ] Application time: 0.0022222 seconds
[2022-06-16T20:34:50.368+0000][3704][safepoint    ] Entering safepoint region: RevokeBias
[2022-06-16T20:34:50.368+0000][3704][safepoint    ] Leaving safepoint region
[2022-06-16T20:34:50.368+0000][3704][safepoint    ] Total time for which application threads were stopped: 0.0002035 seconds, Stopping threads took: 0.0001253 seconds
[2022-06-16T20:34:50.384+0000][3704][safepoint    ] Application time: 0.0065397 seconds
[2022-06-16T20:34:50.384+0000][3704][safepoint    ] Entering safepoint region: RevokeBias
[2022-06-16T20:34:50.384+0000][3704][safepoint    ] Leaving safepoint region
[2022-06-16T20:34:50.384+0000][3704][safepoint    ] Total time for which application threads were stopped: 0.0000879 seconds, Stopping threads took: 0.0000261 seconds
[2022-06-16T20:34:50.400+0000][3704][safepoint    ] Application time: 0.0176902 seconds
[2022-06-16T20:34:50.400+0000][3704][safepoint    ] Entering safepoint region: RevokeBias
[2022-06-16T20:34:50.400+0000][3704][safepoint    ] Leaving safepoint region
[2022-06-16T20:34:50.400+0000][3704][safepoint    ] Total time for which application threads were stopped: 0.0000959 seconds, Stopping threads took: 0.0000260 seconds
[2022-06-16T20:34:50.400+0000][3704][safepoint    ] Application time: 0.0041906 seconds
[2022-06-16T20:34:50.400+0000][3704][safepoint    ] Entering safepoint region: RevokeBias
[2022-06-16T20:34:50.400+0000][3704][safepoint    ] Leaving safepoint region
[2022-06-16T20:34:50.400+0000][3704][safepoint    ] Total time for which application threads were stopped: 0.0001077 seconds, Stopping threads took: 0.0000208 seconds
[2022-06-16T20:34:50.400+0000][3704][safepoint    ] Application time: 0.0006848 seconds
[2022-06-16T20:34:50.400+0000][3704][safepoint    ] Entering safepoint region: RevokeBias
[2022-06-16T20:34:50.400+0000][3704][safepoint    ] Leaving safepoint region
[2022-06-16T20:34:50.400+0000][3704][safepoint    ] Total time for which application threads were stopped: 0.0000922 seconds, Stopping threads took: 0.0000201 seconds
[2022-06-16T20:34:50.400+0000][3704][safepoint    ] Application time: 0.0002034 seconds
[2022-06-16T20:34:50.400+0000][3704][safepoint    ] Entering safepoint region: RevokeBias
[2022-06-16T20:34:50.400+0000][3704][safepoint    ] Leaving safepoint region
[2022-06-16T20:34:50.400+0000][3704][safepoint    ] Total time for which application threads were stopped: 0.0000903 seconds, Stopping threads took: 0.0000195 seconds
[2022-06-16T20:34:50.400+0000][3704][safepoint    ] Application time: 0.0000303 seconds
[2022-06-16T20:34:50.400+0000][3704][safepoint    ] Entering safepoint region: RevokeBias
[2022-06-16T20:34:50.400+0000][3704][safepoint    ] Leaving safepoint region
[2022-06-16T20:34:50.400+0000][3704][safepoint    ] Total time for which application threads were stopped: 0.0000759 seconds, Stopping threads took: 0.0000164 seconds
[2022-06-16T20:34:50.400+0000][3704][safepoint    ] Application time: 0.0000333 seconds
[2022-06-16T20:34:50.400+0000][3704][safepoint    ] Entering safepoint region: RevokeBias
[2022-06-16T20:34:50.400+0000][3704][safepoint    ] Leaving safepoint region
[2022-06-16T20:34:50.400+0000][3704][safepoint    ] Total time for which application threads were stopped: 0.0000761 seconds, Stopping threads took: 0.0000170 seconds
[2022-06-16T20:34:50.400+0000][3704][safepoint    ] Application time: 0.0000221 seconds
[2022-06-16T20:34:50.400+0000][3704][safepoint    ] Entering safepoint region: RevokeBias
[2022-06-16T20:34:50.400+0000][3704][safepoint    ] Leaving safepoint region
[2022-06-16T20:34:50.400+0000][3704][safepoint    ] Total time for which application threads were stopped: 0.0000752 seconds, Stopping threads took: 0.0000182 seconds
[2022-06-16T20:34:50.400+0000][3704][safepoint    ] Application time: 0.0001741 seconds
[2022-06-16T20:34:50.400+0000][3704][safepoint    ] Entering safepoint region: RevokeBias
[2022-06-16T20:34:50.400+0000][3704][safepoint    ] Leaving safepoint region
[2022-06-16T20:34:50.400+0000][3704][safepoint    ] Total time for which application threads were stopped: 0.0000840 seconds, Stopping threads took: 0.0000195 seconds
[2022-06-16T20:34:50.400+0000][3704][safepoint    ] Application time: 0.0009700 seconds
[2022-06-16T20:34:50.400+0000][3704][safepoint    ] Entering safepoint region: RevokeBias
[2022-06-16T20:34:50.400+0000][3704][safepoint    ] Leaving safepoint region
[2022-06-16T20:34:50.400+0000][3704][safepoint    ] Total time for which application threads were stopped: 0.0000939 seconds, Stopping threads took: 0.0000249 seconds
[2022-06-16T20:34:50.400+0000][3704][safepoint    ] Application time: 0.0006254 seconds
[2022-06-16T20:34:50.400+0000][3704][safepoint    ] Entering safepoint region: RevokeBias
[2022-06-16T20:34:50.400+0000][3704][safepoint    ] Leaving safepoint region
[2022-06-16T20:34:50.400+0000][3704][safepoint    ] Total time for which application threads were stopped: 0.0000883 seconds, Stopping threads took: 0.0000206 seconds
[2022-06-16T20:34:50.415+0000][3704][safepoint    ] Application time: 0.0055646 seconds
[2022-06-16T20:34:50.415+0000][3704][safepoint    ] Entering safepoint region: GenCollectForAllocation
[2022-06-16T20:34:50.415+0000][3704][gc,start     ] GC(27) Pause Young (Allocation Failure)
[2022-06-16T20:34:50.415+0000][3704][gc,task      ] GC(27) Using 2 workers of 2 for evacuation
[2022-06-16T20:34:50.446+0000][3704][gc,age       ] GC(27) Desired survivor size 8716288 bytes, new threshold 2 (max threshold 6)
[2022-06-16T20:34:50.446+0000][3704][gc,age       ] GC(27) Age table with threshold 2 (max threshold 6)
[2022-06-16T20:34:50.446+0000][3704][gc,age       ] GC(27) - age   1:    5671256 bytes,    5671256 total
[2022-06-16T20:34:50.446+0000][3704][gc,age       ] GC(27) - age   2:    3488032 bytes,    9159288 total
[2022-06-16T20:34:50.446+0000][3704][gc,age       ] GC(27) - age   3:    2545752 bytes,   11705040 total
[2022-06-16T20:34:50.446+0000][3704][gc,age       ] GC(27) - age   4:    1965760 bytes,   13670800 total
[2022-06-16T20:34:50.446+0000][3704][gc,heap      ] GC(27) ParNew: 148427K->16345K(153344K)
[2022-06-16T20:34:50.446+0000][3704][gc,heap      ] GC(27) CMS: 52159K->52159K(878208K)
[2022-06-16T20:34:50.446+0000][3704][gc,metaspace ] GC(27) Metaspace: 93678K->93678K(1136640K)
[2022-06-16T20:34:50.446+0000][3704][gc           ] GC(27) Pause Young (Allocation Failure) 195M->66M(1007M) 30.520ms
[2022-06-16T20:34:50.446+0000][3704][gc,cpu       ] GC(27) User=0.06s Sys=0.00s Real=0.03s
[2022-06-16T20:34:50.446+0000][3704][safepoint    ] Leaving safepoint region
[2022-06-16T20:34:50.446+0000][3704][safepoint    ] Total time for which application threads were stopped: 0.0307069 seconds, Stopping threads took: 0.0000261 seconds
[2022-06-16T20:34:50.446+0000][3704][safepoint    ] Application time: 0.0027027 seconds
[2022-06-16T20:34:50.446+0000][3704][safepoint    ] Entering safepoint region: RevokeBias
[2022-06-16T20:34:50.446+0000][3704][safepoint    ] Leaving safepoint region
[2022-06-16T20:34:50.446+0000][3704][safepoint    ] Total time for which application threads were stopped: 0.0001288 seconds, Stopping threads took: 0.0000336 seconds
[2022-06-16T20:34:50.446+0000][3704][safepoint    ] Application time: 0.0002505 seconds
[2022-06-16T20:34:50.446+0000][3704][safepoint    ] Entering safepoint region: RevokeBias
[2022-06-16T20:34:50.446+0000][3704][safepoint    ] Leaving safepoint region
[2022-06-16T20:34:50.446+0000][3704][safepoint    ] Total time for which application threads were stopped: 0.0001072 seconds, Stopping threads took: 0.0000222 seconds
[2022-06-16T20:34:50.446+0000][3704][safepoint    ] Application time: 0.0057665 seconds
[2022-06-16T20:34:50.446+0000][3704][safepoint    ] Entering safepoint region: RevokeBias
[2022-06-16T20:34:50.446+0000][3704][safepoint    ] Leaving safepoint region
[2022-06-16T20:34:50.446+0000][3704][safepoint    ] Total time for which application threads were stopped: 0.0002060 seconds, Stopping threads took: 0.0000935 seconds
[2022-06-16T20:34:50.446+0000][3704][safepoint    ] Application time: 0.0000300 seconds
[2022-06-16T20:34:50.446+0000][3704][safepoint    ] Entering safepoint region: RevokeBias
[2022-06-16T20:34:50.446+0000][3704][safepoint    ] Leaving safepoint region
[2022-06-16T20:34:50.446+0000][3704][safepoint    ] Total time for which application threads were stopped: 0.0001772 seconds, Stopping threads took: 0.0000407 seconds
[2022-06-16T20:34:50.446+0000][3704][safepoint    ] Application time: 0.0000314 seconds
[2022-06-16T20:34:50.446+0000][3704][safepoint    ] Entering safepoint region: RevokeBias
[2022-06-16T20:34:50.446+0000][3704][safepoint    ] Leaving safepoint region
[2022-06-16T20:34:50.446+0000][3704][safepoint    ] Total time for which application threads were stopped: 0.0001281 seconds, Stopping threads took: 0.0000257 seconds
[2022-06-16T20:34:50.446+0000][3704][safepoint    ] Application time: 0.0000198 seconds
[2022-06-16T20:34:50.446+0000][3704][safepoint    ] Entering safepoint region: RevokeBias
[2022-06-16T20:34:50.446+0000][3704][safepoint    ] Leaving safepoint region
[2022-06-16T20:34:50.446+0000][3704][safepoint    ] Total time for which application threads were stopped: 0.0000909 seconds, Stopping threads took: 0.0000260 seconds
[2022-06-16T20:34:50.446+0000][3704][safepoint    ] Application time: 0.0000179 seconds
[2022-06-16T20:34:50.446+0000][3704][safepoint    ] Entering safepoint region: BulkRevokeBias
[2022-06-16T20:34:50.446+0000][3704][safepoint    ] Leaving safepoint region
[2022-06-16T20:34:50.446+0000][3704][safepoint    ] Total time for which application threads were stopped: 0.0007402 seconds, Stopping threads took: 0.0003282 seconds
[2022-06-16T20:34:50.509+0000][3704][safepoint    ] Application time: 0.0499182 seconds
[2022-06-16T20:34:50.509+0000][3704][safepoint    ] Entering safepoint region: Deoptimize
[2022-06-16T20:34:50.509+0000][3704][safepoint    ] Leaving safepoint region
[2022-06-16T20:34:50.509+0000][3704][safepoint    ] Total time for which application threads were stopped: 0.0008061 seconds, Stopping threads took: 0.0000273 seconds
[2022-06-16T20:34:50.634+0000][3704][safepoint    ] Application time: 0.1267938 seconds
[2022-06-16T20:34:50.634+0000][3704][safepoint    ] Entering safepoint region: RevokeBias
[2022-06-16T20:34:50.634+0000][3704][safepoint    ] Leaving safepoint region
[2022-06-16T20:34:50.634+0000][3704][safepoint    ] Total time for which application threads were stopped: 0.0001480 seconds, Stopping threads took: 0.0000249 seconds
[2022-06-16T20:34:50.634+0000][3704][safepoint    ] Application time: 0.0000260 seconds
[2022-06-16T20:34:50.634+0000][3704][safepoint    ] Entering safepoint region: RevokeBias
[2022-06-16T20:34:50.634+0000][3704][safepoint    ] Leaving safepoint region
[2022-06-16T20:34:50.634+0000][3704][safepoint    ] Total time for which application threads were stopped: 0.0000625 seconds, Stopping threads took: 0.0000166 seconds
[2022-06-16T20:34:50.634+0000][3704][safepoint    ] Application time: 0.0030290 seconds
[2022-06-16T20:34:50.634+0000][3704][safepoint    ] Entering safepoint region: RevokeBias
[2022-06-16T20:34:50.634+0000][3704][safepoint    ] Leaving safepoint region
[2022-06-16T20:34:50.634+0000][3704][safepoint    ] Total time for which application threads were stopped: 0.0000944 seconds, Stopping threads took: 0.0000231 seconds
[2022-06-16T20:34:50.634+0000][3704][safepoint    ] Application time: 0.0000222 seconds
[2022-06-16T20:34:50.634+0000][3704][safepoint    ] Entering safepoint region: RevokeBias
[2022-06-16T20:34:50.634+0000][3704][safepoint    ] Leaving safepoint region
[2022-06-16T20:34:50.634+0000][3704][safepoint    ] Total time for which application threads were stopped: 0.0000676 seconds, Stopping threads took: 0.0000184 seconds
[2022-06-16T20:34:50.634+0000][3704][safepoint    ] Application time: 0.0041878 seconds
[2022-06-16T20:34:50.634+0000][3704][safepoint    ] Entering safepoint region: RevokeBias
[2022-06-16T20:34:50.634+0000][3704][safepoint    ] Leaving safepoint region
[2022-06-16T20:34:50.634+0000][3704][safepoint    ] Total time for which application threads were stopped: 0.0000923 seconds, Stopping threads took: 0.0000226 seconds
[2022-06-16T20:34:50.634+0000][3704][safepoint    ] Application time: 0.0000313 seconds
[2022-06-16T20:34:50.634+0000][3704][safepoint    ] Entering safepoint region: RevokeBias
[2022-06-16T20:34:50.634+0000][3704][safepoint    ] Leaving safepoint region
[2022-06-16T20:34:50.634+0000][3704][safepoint    ] Total time for which application threads were stopped: 0.0000657 seconds, Stopping threads took: 0.0000181 seconds
[2022-06-16T20:34:50.634+0000][3704][safepoint    ] Application time: 0.0000188 seconds
[2022-06-16T20:34:50.634+0000][3704][safepoint    ] Entering safepoint region: RevokeBias
[2022-06-16T20:34:50.634+0000][3704][safepoint    ] Leaving safepoint region
[2022-06-16T20:34:50.634+0000][3704][safepoint    ] Total time for which application threads were stopped: 0.0000564 seconds, Stopping threads took: 0.0000169 seconds
[2022-06-16T20:34:50.634+0000][3704][safepoint    ] Application time: 0.0003123 seconds
[2022-06-16T20:34:50.634+0000][3704][safepoint    ] Entering safepoint region: RevokeBias
[2022-06-16T20:34:50.634+0000][3704][safepoint    ] Leaving safepoint region
[2022-06-16T20:34:50.634+0000][3704][safepoint    ] Total time for which application threads were stopped: 0.0000687 seconds, Stopping threads took: 0.0000185 seconds
[2022-06-16T20:34:50.650+0000][3704][safepoint    ] Application time: 0.0073747 seconds
[2022-06-16T20:34:50.650+0000][3704][safepoint    ] Entering safepoint region: RevokeBias
[2022-06-16T20:34:50.650+0000][3704][safepoint    ] Leaving safepoint region
[2022-06-16T20:34:50.650+0000][3704][safepoint    ] Total time for which application threads were stopped: 0.0000878 seconds, Stopping threads took: 0.0000268 seconds
[2022-06-16T20:34:50.650+0000][3704][safepoint    ] Application time: 0.0000165 seconds
[2022-06-16T20:34:50.650+0000][3704][safepoint    ] Entering safepoint region: RevokeBias
[2022-06-16T20:34:50.650+0000][3704][safepoint    ] Leaving safepoint region
[2022-06-16T20:34:50.650+0000][3704][safepoint    ] Total time for which application threads were stopped: 0.0000634 seconds, Stopping threads took: 0.0000192 seconds
[2022-06-16T20:34:50.650+0000][3704][safepoint    ] Application time: 0.0004615 seconds
[2022-06-16T20:34:50.650+0000][3704][safepoint    ] Entering safepoint region: RevokeBias
[2022-06-16T20:34:50.650+0000][3704][safepoint    ] Leaving safepoint region
[2022-06-16T20:34:50.650+0000][3704][safepoint    ] Total time for which application threads were stopped: 0.0000827 seconds, Stopping threads took: 0.0000239 seconds
[2022-06-16T20:34:50.650+0000][3704][safepoint    ] Application time: 0.0000164 seconds
[2022-06-16T20:34:50.650+0000][3704][safepoint    ] Entering safepoint region: RevokeBias
[2022-06-16T20:34:50.650+0000][3704][safepoint    ] Leaving safepoint region
[2022-06-16T20:34:50.650+0000][3704][safepoint    ] Total time for which application threads were stopped: 0.0000592 seconds, Stopping threads took: 0.0000193 seconds
[2022-06-16T20:34:50.681+0000][3704][safepoint    ] Application time: 0.0400832 seconds
[2022-06-16T20:34:50.696+0000][3704][safepoint    ] Entering safepoint region: RevokeBias
[2022-06-16T20:34:50.696+0000][3704][safepoint    ] Leaving safepoint region
[2022-06-16T20:34:50.696+0000][3704][safepoint    ] Total time for which application threads were stopped: 0.0027762 seconds, Stopping threads took: 0.0026849 seconds
[2022-06-16T20:34:50.696+0000][3704][safepoint    ] Application time: 0.0001747 seconds
[2022-06-16T20:34:50.696+0000][3704][safepoint    ] Entering safepoint region: RevokeBias
[2022-06-16T20:34:50.696+0000][3704][safepoint    ] Leaving safepoint region
[2022-06-16T20:34:50.696+0000][3704][safepoint    ] Total time for which application threads were stopped: 0.0000830 seconds, Stopping threads took: 0.0000234 seconds
[2022-06-16T20:34:50.696+0000][3704][safepoint    ] Application time: 0.0000140 seconds
[2022-06-16T20:34:50.696+0000][3704][safepoint    ] Entering safepoint region: RevokeBias
[2022-06-16T20:34:50.696+0000][3704][safepoint    ] Leaving safepoint region
[2022-06-16T20:34:50.696+0000][3704][safepoint    ] Total time for which application threads were stopped: 0.0001984 seconds, Stopping threads took: 0.0001393 seconds
[2022-06-16T20:34:50.696+0000][3704][safepoint    ] Application time: 0.0000203 seconds
[2022-06-16T20:34:50.696+0000][3704][safepoint    ] Entering safepoint region: RevokeBias
[2022-06-16T20:34:50.696+0000][3704][safepoint    ] Leaving safepoint region
[2022-06-16T20:34:50.696+0000][3704][safepoint    ] Total time for which application threads were stopped: 0.0000661 seconds, Stopping threads took: 0.0000204 seconds
[2022-06-16T20:34:50.696+0000][3704][safepoint    ] Application time: 0.0000105 seconds
[2022-06-16T20:34:50.696+0000][3704][safepoint    ] Entering safepoint region: RevokeBias
[2022-06-16T20:34:50.696+0000][3704][safepoint    ] Leaving safepoint region
[2022-06-16T20:34:50.696+0000][3704][safepoint    ] Total time for which application threads were stopped: 0.0000596 seconds, Stopping threads took: 0.0000193 seconds
[2022-06-16T20:34:50.696+0000][3704][safepoint    ] Application time: 0.0000126 seconds
[2022-06-16T20:34:50.696+0000][3704][safepoint    ] Entering safepoint region: RevokeBias
[2022-06-16T20:34:50.696+0000][3704][safepoint    ] Leaving safepoint region
[2022-06-16T20:34:50.696+0000][3704][safepoint    ] Total time for which application threads were stopped: 0.0000626 seconds, Stopping threads took: 0.0000203 seconds
[2022-06-16T20:34:50.696+0000][3704][safepoint    ] Application time: 0.0000129 seconds
[2022-06-16T20:34:50.696+0000][3704][safepoint    ] Entering safepoint region: RevokeBias
[2022-06-16T20:34:50.696+0000][3704][safepoint    ] Leaving safepoint region
[2022-06-16T20:34:50.696+0000][3704][safepoint    ] Total time for which application threads were stopped: 0.0000615 seconds, Stopping threads took: 0.0000189 seconds
[2022-06-16T20:34:50.696+0000][3704][safepoint    ] Application time: 0.0000103 seconds
[2022-06-16T20:34:50.696+0000][3704][safepoint    ] Entering safepoint region: RevokeBias
[2022-06-16T20:34:50.696+0000][3704][safepoint    ] Leaving safepoint region
[2022-06-16T20:34:50.696+0000][3704][safepoint    ] Total time for which application threads were stopped: 0.0000601 seconds, Stopping threads took: 0.0000189 seconds
[2022-06-16T20:34:50.728+0000][3704][safepoint    ] Application time: 0.0398299 seconds
[2022-06-16T20:34:50.728+0000][3704][safepoint    ] Entering safepoint region: RevokeBias
[2022-06-16T20:34:50.728+0000][3704][safepoint    ] Leaving safepoint region
[2022-06-16T20:34:50.728+0000][3704][safepoint    ] Total time for which application threads were stopped: 0.0001104 seconds, Stopping threads took: 0.0000316 seconds
[2022-06-16T20:34:50.743+0000][3704][safepoint    ] Application time: 0.0095116 seconds
[2022-06-16T20:34:50.743+0000][3704][safepoint    ] Entering safepoint region: RevokeBias
[2022-06-16T20:34:50.743+0000][3704][safepoint    ] Leaving safepoint region
[2022-06-16T20:34:50.743+0000][3704][safepoint    ] Total time for which application threads were stopped: 0.0005664 seconds, Stopping threads took: 0.0004902 seconds
[2022-06-16T20:34:50.743+0000][3704][safepoint    ] Application time: 0.0000299 seconds
[2022-06-16T20:34:50.743+0000][3704][safepoint    ] Entering safepoint region: BulkRevokeBias
[2022-06-16T20:34:50.743+0000][3704][safepoint    ] Leaving safepoint region
[2022-06-16T20:34:50.743+0000][3704][safepoint    ] Total time for which application threads were stopped: 0.0003419 seconds, Stopping threads took: 0.0000208 seconds
[2022-06-16T20:34:50.743+0000][3704][safepoint    ] Application time: 0.0000210 seconds
[2022-06-16T20:34:50.743+0000][3704][safepoint    ] Entering safepoint region: RevokeBias
[2022-06-16T20:34:50.743+0000][3704][safepoint    ] Leaving safepoint region
[2022-06-16T20:34:50.743+0000][3704][safepoint    ] Total time for which application threads were stopped: 0.0000716 seconds, Stopping threads took: 0.0000205 seconds
[2022-06-16T20:34:50.743+0000][3704][safepoint    ] Application time: 0.0008576 seconds
[2022-06-16T20:34:50.743+0000][3704][safepoint    ] Entering safepoint region: RevokeBias
[2022-06-16T20:34:50.743+0000][3704][safepoint    ] Leaving safepoint region
[2022-06-16T20:34:50.743+0000][3704][safepoint    ] Total time for which application threads were stopped: 0.0000802 seconds, Stopping threads took: 0.0000250 seconds
[2022-06-16T20:34:50.962+0000][3704][safepoint    ] Application time: 0.2158608 seconds
[2022-06-16T20:34:50.962+0000][3704][safepoint    ] Entering safepoint region: RevokeBias
[2022-06-16T20:34:50.962+0000][3704][safepoint    ] Leaving safepoint region
[2022-06-16T20:34:50.962+0000][3704][safepoint    ] Total time for which application threads were stopped: 0.0001214 seconds, Stopping threads took: 0.0000275 seconds
[2022-06-16T20:34:50.962+0000][3704][safepoint    ] Application time: 0.0000188 seconds
[2022-06-16T20:34:50.962+0000][3704][safepoint    ] Entering safepoint region: RevokeBias
[2022-06-16T20:34:50.962+0000][3704][safepoint    ] Leaving safepoint region
[2022-06-16T20:34:50.962+0000][3704][safepoint    ] Total time for which application threads were stopped: 0.0000602 seconds, Stopping threads took: 0.0000182 seconds
[2022-06-16T20:34:50.993+0000][3704][safepoint    ] Application time: 0.0340944 seconds
[2022-06-16T20:34:50.993+0000][3704][safepoint    ] Entering safepoint region: BulkRevokeBias
[2022-06-16T20:34:50.993+0000][3704][safepoint    ] Leaving safepoint region
[2022-06-16T20:34:50.993+0000][3704][safepoint    ] Total time for which application threads were stopped: 0.0003590 seconds, Stopping threads took: 0.0000433 seconds
[2022-06-16T20:34:51.056+0000][3704][safepoint    ] Application time: 0.0602732 seconds
[2022-06-16T20:34:51.056+0000][3704][safepoint    ] Entering safepoint region: RevokeBias
[2022-06-16T20:34:51.056+0000][3704][safepoint    ] Leaving safepoint region
[2022-06-16T20:34:51.056+0000][3704][safepoint    ] Total time for which application threads were stopped: 0.0001252 seconds, Stopping threads took: 0.0000300 seconds
[2022-06-16T20:34:51.087+0000][3704][safepoint    ] Application time: 0.0308321 seconds
[2022-06-16T20:34:51.087+0000][3704][safepoint    ] Entering safepoint region: RevokeBias
[2022-06-16T20:34:51.087+0000][3704][safepoint    ] Leaving safepoint region
[2022-06-16T20:34:51.087+0000][3704][safepoint    ] Total time for which application threads were stopped: 0.0001243 seconds, Stopping threads took: 0.0000304 seconds
[2022-06-16T20:34:51.087+0000][3704][safepoint    ] Application time: 0.0002786 seconds
[2022-06-16T20:34:51.087+0000][3704][safepoint    ] Entering safepoint region: RevokeBias
[2022-06-16T20:34:51.087+0000][3704][safepoint    ] Leaving safepoint region
[2022-06-16T20:34:51.087+0000][3704][safepoint    ] Total time for which application threads were stopped: 0.0001088 seconds, Stopping threads took: 0.0000254 seconds
[2022-06-16T20:34:51.103+0000][3704][safepoint    ] Application time: 0.0212099 seconds
[2022-06-16T20:34:51.103+0000][3704][safepoint    ] Entering safepoint region: RevokeBias
[2022-06-16T20:34:51.103+0000][3704][safepoint    ] Leaving safepoint region
[2022-06-16T20:34:51.103+0000][3704][safepoint    ] Total time for which application threads were stopped: 0.0001049 seconds, Stopping threads took: 0.0000245 seconds
[2022-06-16T20:34:51.277+0000][3704][safepoint    ] Application time: 0.1705252 seconds
[2022-06-16T20:34:51.277+0000][3704][safepoint    ] Entering safepoint region: RevokeBias
[2022-06-16T20:34:51.277+0000][3704][safepoint    ] Leaving safepoint region
[2022-06-16T20:34:51.277+0000][3704][safepoint    ] Total time for which application threads were stopped: 0.0001989 seconds, Stopping threads took: 0.0000296 seconds
[2022-06-16T20:34:51.308+0000][3704][safepoint    ] Application time: 0.0281629 seconds
[2022-06-16T20:34:51.308+0000][3704][safepoint    ] Entering safepoint region: RevokeBias
[2022-06-16T20:34:51.308+0000][3704][safepoint    ] Leaving safepoint region
[2022-06-16T20:34:51.308+0000][3704][safepoint    ] Total time for which application threads were stopped: 0.0001325 seconds, Stopping threads took: 0.0000319 seconds
[2022-06-16T20:34:51.323+0000][3704][safepoint    ] Application time: 0.0115288 seconds
[2022-06-16T20:34:51.323+0000][3704][safepoint    ] Entering safepoint region: RevokeBias
[2022-06-16T20:34:51.323+0000][3704][safepoint    ] Leaving safepoint region
[2022-06-16T20:34:51.323+0000][3704][safepoint    ] Total time for which application threads were stopped: 0.0001445 seconds, Stopping threads took: 0.0000275 seconds
[2022-06-16T20:34:51.355+0000][3704][safepoint    ] Application time: 0.0358540 seconds
[2022-06-16T20:34:51.355+0000][3704][safepoint    ] Entering safepoint region: RevokeBias
[2022-06-16T20:34:51.355+0000][3704][safepoint    ] Leaving safepoint region
[2022-06-16T20:34:51.355+0000][3704][safepoint    ] Total time for which application threads were stopped: 0.0002766 seconds, Stopping threads took: 0.0001560 seconds
[2022-06-16T20:34:51.370+0000][3704][safepoint    ] Application time: 0.0222553 seconds
[2022-06-16T20:34:51.370+0000][3704][safepoint    ] Entering safepoint region: RevokeBias
[2022-06-16T20:34:51.370+0000][3704][safepoint    ] Leaving safepoint region
[2022-06-16T20:34:51.370+0000][3704][safepoint    ] Total time for which application threads were stopped: 0.0001101 seconds, Stopping threads took: 0.0000241 seconds
[2022-06-16T20:34:51.433+0000][3704][safepoint    ] Application time: 0.0627842 seconds
[2022-06-16T20:34:51.433+0000][3704][safepoint    ] Entering safepoint region: RevokeBias
[2022-06-16T20:34:51.433+0000][3704][safepoint    ] Leaving safepoint region
[2022-06-16T20:34:51.433+0000][3704][safepoint    ] Total time for which application threads were stopped: 0.0001535 seconds, Stopping threads took: 0.0000318 seconds
[2022-06-16T20:34:51.464+0000][3704][safepoint    ] Application time: 0.0315185 seconds
[2022-06-16T20:34:51.464+0000][3704][safepoint    ] Entering safepoint region: RevokeBias
[2022-06-16T20:34:51.464+0000][3704][safepoint    ] Leaving safepoint region
[2022-06-16T20:34:51.464+0000][3704][safepoint    ] Total time for which application threads were stopped: 0.0001335 seconds, Stopping threads took: 0.0000254 seconds
[2022-06-16T20:34:51.480+0000][3704][safepoint    ] Application time: 0.0140118 seconds
[2022-06-16T20:34:51.480+0000][3704][safepoint    ] Entering safepoint region: RevokeBias
[2022-06-16T20:34:51.480+0000][3704][safepoint    ] Leaving safepoint region
[2022-06-16T20:34:51.480+0000][3704][safepoint    ] Total time for which application threads were stopped: 0.0001475 seconds, Stopping threads took: 0.0000502 seconds
[2022-06-16T20:34:51.527+0000][3704][safepoint    ] Application time: 0.0446068 seconds
[2022-06-16T20:34:51.527+0000][3704][safepoint    ] Entering safepoint region: RevokeBias
[2022-06-16T20:34:51.527+0000][3704][safepoint    ] Leaving safepoint region
[2022-06-16T20:34:51.527+0000][3704][safepoint    ] Total time for which application threads were stopped: 0.0002772 seconds, Stopping threads took: 0.0001568 seconds
[2022-06-16T20:34:51.542+0000][3704][safepoint    ] Application time: 0.0198940 seconds
[2022-06-16T20:34:51.542+0000][3704][safepoint    ] Entering safepoint region: RevokeBias
[2022-06-16T20:34:51.542+0000][3704][safepoint    ] Leaving safepoint region
[2022-06-16T20:34:51.542+0000][3704][safepoint    ] Total time for which application threads were stopped: 0.0005225 seconds, Stopping threads took: 0.0004264 seconds
[2022-06-16T20:34:51.558+0000][3704][safepoint    ] Application time: 0.0130309 seconds
[2022-06-16T20:34:51.558+0000][3704][safepoint    ] Entering safepoint region: RevokeBias
[2022-06-16T20:34:51.558+0000][3704][safepoint    ] Leaving safepoint region
[2022-06-16T20:34:51.558+0000][3704][safepoint    ] Total time for which application threads were stopped: 0.0017306 seconds, Stopping threads took: 0.0016236 seconds
[2022-06-16T20:34:51.589+0000][3704][safepoint    ] Application time: 0.0252799 seconds
[2022-06-16T20:34:51.589+0000][3704][safepoint    ] Entering safepoint region: RevokeBias
[2022-06-16T20:34:51.589+0000][3704][safepoint    ] Leaving safepoint region
[2022-06-16T20:34:51.589+0000][3704][safepoint    ] Total time for which application threads were stopped: 0.0004747 seconds, Stopping threads took: 0.0003806 seconds
[2022-06-16T20:34:51.589+0000][3704][safepoint    ] Application time: 0.0007633 seconds
[2022-06-16T20:34:51.589+0000][3704][safepoint    ] Entering safepoint region: RevokeBias
[2022-06-16T20:34:51.589+0000][3704][safepoint    ] Leaving safepoint region
[2022-06-16T20:34:51.589+0000][3704][safepoint    ] Total time for which application threads were stopped: 0.0000964 seconds, Stopping threads took: 0.0000258 seconds
[2022-06-16T20:34:51.605+0000][3704][safepoint    ] Application time: 0.0075041 seconds
[2022-06-16T20:34:51.605+0000][3704][safepoint    ] Entering safepoint region: RevokeBias
[2022-06-16T20:34:51.605+0000][3704][safepoint    ] Leaving safepoint region
[2022-06-16T20:34:51.605+0000][3704][safepoint    ] Total time for which application threads were stopped: 0.0002059 seconds, Stopping threads took: 0.0001218 seconds
[2022-06-16T20:34:51.667+0000][3704][safepoint    ] Application time: 0.0611362 seconds
[2022-06-16T20:34:51.667+0000][3704][safepoint    ] Entering safepoint region: RevokeBias
[2022-06-16T20:34:51.667+0000][3704][safepoint    ] Leaving safepoint region
[2022-06-16T20:34:51.667+0000][3704][safepoint    ] Total time for which application threads were stopped: 0.0002005 seconds, Stopping threads took: 0.0000809 seconds
[2022-06-16T20:34:51.667+0000][3704][safepoint    ] Application time: 0.0104199 seconds
[2022-06-16T20:34:51.667+0000][3704][safepoint    ] Entering safepoint region: RevokeBias
[2022-06-16T20:34:51.667+0000][3704][safepoint    ] Leaving safepoint region
[2022-06-16T20:34:51.667+0000][3704][safepoint    ] Total time for which application threads were stopped: 0.0001286 seconds, Stopping threads took: 0.0000279 seconds
[2022-06-16T20:34:51.730+0000][3704][safepoint    ] Application time: 0.0621314 seconds
[2022-06-16T20:34:51.730+0000][3704][safepoint    ] Entering safepoint region: RevokeBias
[2022-06-16T20:34:51.730+0000][3704][safepoint    ] Leaving safepoint region
[2022-06-16T20:34:51.730+0000][3704][safepoint    ] Total time for which application threads were stopped: 0.0001432 seconds, Stopping threads took: 0.0000299 seconds
[2022-06-16T20:34:51.745+0000][3704][safepoint    ] Application time: 0.0183672 seconds
[2022-06-16T20:34:51.745+0000][3704][safepoint    ] Entering safepoint region: RevokeBias
[2022-06-16T20:34:51.745+0000][3704][safepoint    ] Leaving safepoint region
[2022-06-16T20:34:51.745+0000][3704][safepoint    ] Total time for which application threads were stopped: 0.0002257 seconds, Stopping threads took: 0.0000950 seconds
[2022-06-16T20:34:51.870+0000][3704][safepoint    ] Application time: 0.1185486 seconds
[2022-06-16T20:34:51.870+0000][3704][safepoint    ] Entering safepoint region: RevokeBias
[2022-06-16T20:34:51.870+0000][3704][safepoint    ] Leaving safepoint region
[2022-06-16T20:34:51.870+0000][3704][safepoint    ] Total time for which application threads were stopped: 0.0001572 seconds, Stopping threads took: 0.0000282 seconds
[2022-06-16T20:34:51.886+0000][3704][safepoint    ] Application time: 0.0098584 seconds
[2022-06-16T20:34:51.886+0000][3704][safepoint    ] Entering safepoint region: RevokeBias
[2022-06-16T20:34:51.886+0000][3704][safepoint    ] Leaving safepoint region
[2022-06-16T20:34:51.886+0000][3704][safepoint    ] Total time for which application threads were stopped: 0.0001442 seconds, Stopping threads took: 0.0000456 seconds
[2022-06-16T20:34:51.886+0000][3704][safepoint    ] Application time: 0.0006830 seconds
[2022-06-16T20:34:51.886+0000][3704][safepoint    ] Entering safepoint region: RevokeBias
[2022-06-16T20:34:51.886+0000][3704][safepoint    ] Leaving safepoint region
[2022-06-16T20:34:51.886+0000][3704][safepoint    ] Total time for which application threads were stopped: 0.0001048 seconds, Stopping threads took: 0.0000258 seconds
[2022-06-16T20:34:52.183+0000][3704][safepoint    ] Application time: 0.2941282 seconds
[2022-06-16T20:34:52.183+0000][3704][safepoint    ] Entering safepoint region: RevokeBias
[2022-06-16T20:34:52.183+0000][3704][safepoint    ] Leaving safepoint region
[2022-06-16T20:34:52.183+0000][3704][safepoint    ] Total time for which application threads were stopped: 0.0001087 seconds, Stopping threads took: 0.0000202 seconds
[2022-06-16T20:34:52.183+0000][3704][safepoint    ] Application time: 0.0009485 seconds
[2022-06-16T20:34:52.183+0000][3704][safepoint    ] Entering safepoint region: RevokeBias
[2022-06-16T20:34:52.183+0000][3704][safepoint    ] Leaving safepoint region
[2022-06-16T20:34:52.183+0000][3704][safepoint    ] Total time for which application threads were stopped: 0.0000835 seconds, Stopping threads took: 0.0000181 seconds
[2022-06-16T20:34:52.183+0000][3704][safepoint    ] Application time: 0.0000483 seconds
[2022-06-16T20:34:52.183+0000][3704][safepoint    ] Entering safepoint region: RevokeBias
[2022-06-16T20:34:52.183+0000][3704][safepoint    ] Leaving safepoint region
[2022-06-16T20:34:52.183+0000][3704][safepoint    ] Total time for which application threads were stopped: 0.0000481 seconds, Stopping threads took: 0.0000126 seconds
[2022-06-16T20:34:52.183+0000][3704][safepoint    ] Application time: 0.0000319 seconds
[2022-06-16T20:34:52.183+0000][3704][safepoint    ] Entering safepoint region: RevokeBias
[2022-06-16T20:34:52.183+0000][3704][safepoint    ] Leaving safepoint region
[2022-06-16T20:34:52.183+0000][3704][safepoint    ] Total time for which application threads were stopped: 0.0000449 seconds, Stopping threads took: 0.0000120 seconds
[2022-06-16T20:34:52.183+0000][3704][safepoint    ] Application time: 0.0000198 seconds
[2022-06-16T20:34:52.183+0000][3704][safepoint    ] Entering safepoint region: RevokeBias
[2022-06-16T20:34:52.183+0000][3704][safepoint    ] Leaving safepoint region
[2022-06-16T20:34:52.183+0000][3704][safepoint    ] Total time for which application threads were stopped: 0.0000445 seconds, Stopping threads took: 0.0000123 seconds
[2022-06-16T20:34:52.214+0000][3704][safepoint    ] Application time: 0.0291609 seconds
[2022-06-16T20:34:52.214+0000][3704][safepoint    ] Entering safepoint region: RevokeBias
[2022-06-16T20:34:52.214+0000][3704][safepoint    ] Leaving safepoint region
[2022-06-16T20:34:52.214+0000][3704][safepoint    ] Total time for which application threads were stopped: 0.0000870 seconds, Stopping threads took: 0.0000181 seconds
[2022-06-16T20:34:52.214+0000][3704][safepoint    ] Application time: 0.0000648 seconds
[2022-06-16T20:34:52.214+0000][3704][safepoint    ] Entering safepoint region: RevokeBias
[2022-06-16T20:34:52.214+0000][3704][safepoint    ] Leaving safepoint region
[2022-06-16T20:34:52.214+0000][3704][safepoint    ] Total time for which application threads were stopped: 0.0000501 seconds, Stopping threads took: 0.0000125 seconds
[2022-06-16T20:34:52.214+0000][3704][safepoint    ] Application time: 0.0000338 seconds
[2022-06-16T20:34:52.214+0000][3704][safepoint    ] Entering safepoint region: RevokeBias
[2022-06-16T20:34:52.214+0000][3704][safepoint    ] Leaving safepoint region
[2022-06-16T20:34:52.214+0000][3704][safepoint    ] Total time for which application threads were stopped: 0.0000453 seconds, Stopping threads took: 0.0000122 seconds
[2022-06-16T20:34:52.214+0000][3704][safepoint    ] Application time: 0.0000202 seconds
[2022-06-16T20:34:52.214+0000][3704][safepoint    ] Entering safepoint region: RevokeBias
[2022-06-16T20:34:52.214+0000][3704][safepoint    ] Leaving safepoint region
[2022-06-16T20:34:52.214+0000][3704][safepoint    ] Total time for which application threads were stopped: 0.0000443 seconds, Stopping threads took: 0.0000120 seconds
[2022-06-16T20:34:52.214+0000][3704][safepoint    ] Application time: 0.0000146 seconds
[2022-06-16T20:34:52.214+0000][3704][safepoint    ] Entering safepoint region: RevokeBias
[2022-06-16T20:34:52.214+0000][3704][safepoint    ] Leaving safepoint region
[2022-06-16T20:34:52.214+0000][3704][safepoint    ] Total time for which application threads were stopped: 0.0000457 seconds, Stopping threads took: 0.0000162 seconds
[2022-06-16T20:34:52.214+0000][3704][safepoint    ] Application time: 0.0000097 seconds
[2022-06-16T20:34:52.214+0000][3704][safepoint    ] Entering safepoint region: RevokeBias
[2022-06-16T20:34:52.214+0000][3704][safepoint    ] Leaving safepoint region
[2022-06-16T20:34:52.214+0000][3704][safepoint    ] Total time for which application threads were stopped: 0.0000398 seconds, Stopping threads took: 0.0000108 seconds
[2022-06-16T20:34:52.214+0000][3704][safepoint    ] Application time: 0.0000092 seconds
[2022-06-16T20:34:52.214+0000][3704][safepoint    ] Entering safepoint region: RevokeBias
[2022-06-16T20:34:52.214+0000][3704][safepoint    ] Leaving safepoint region
[2022-06-16T20:34:52.214+0000][3704][safepoint    ] Total time for which application threads were stopped: 0.0000398 seconds, Stopping threads took: 0.0000109 seconds
[2022-06-16T20:34:52.214+0000][3704][safepoint    ] Application time: 0.0000095 seconds
[2022-06-16T20:34:52.214+0000][3704][safepoint    ] Entering safepoint region: RevokeBias
[2022-06-16T20:34:52.214+0000][3704][safepoint    ] Leaving safepoint region
[2022-06-16T20:34:52.214+0000][3704][safepoint    ] Total time for which application threads were stopped: 0.0000397 seconds, Stopping threads took: 0.0000109 seconds
[2022-06-16T20:34:52.214+0000][3704][safepoint    ] Application time: 0.0000097 seconds
[2022-06-16T20:34:52.214+0000][3704][safepoint    ] Entering safepoint region: RevokeBias
[2022-06-16T20:34:52.214+0000][3704][safepoint    ] Leaving safepoint region
[2022-06-16T20:34:52.214+0000][3704][safepoint    ] Total time for which application threads were stopped: 0.0000396 seconds, Stopping threads took: 0.0000108 seconds
[2022-06-16T20:34:52.214+0000][3704][safepoint    ] Application time: 0.0000092 seconds
[2022-06-16T20:34:52.214+0000][3704][safepoint    ] Entering safepoint region: RevokeBias
[2022-06-16T20:34:52.214+0000][3704][safepoint    ] Leaving safepoint region
[2022-06-16T20:34:52.214+0000][3704][safepoint    ] Total time for which application threads were stopped: 0.0000395 seconds, Stopping threads took: 0.0000109 seconds
[2022-06-16T20:34:52.214+0000][3704][safepoint    ] Application time: 0.0000093 seconds
[2022-06-16T20:34:52.214+0000][3704][safepoint    ] Entering safepoint region: RevokeBias
[2022-06-16T20:34:52.214+0000][3704][safepoint    ] Leaving safepoint region
[2022-06-16T20:34:52.214+0000][3704][safepoint    ] Total time for which application threads were stopped: 0.0000398 seconds, Stopping threads took: 0.0000110 seconds
[2022-06-16T20:34:52.230+0000][3704][safepoint    ] Application time: 0.0148692 seconds
[2022-06-16T20:34:52.230+0000][3704][safepoint    ] Entering safepoint region: RevokeBias
[2022-06-16T20:34:52.230+0000][3704][safepoint    ] Leaving safepoint region
[2022-06-16T20:34:52.230+0000][3704][safepoint    ] Total time for which application threads were stopped: 0.0000898 seconds, Stopping threads took: 0.0000263 seconds
[2022-06-16T20:34:52.230+0000][3704][safepoint    ] Application time: 0.0000616 seconds
[2022-06-16T20:34:52.230+0000][3704][safepoint    ] Entering safepoint region: RevokeBias
[2022-06-16T20:34:52.230+0000][3704][safepoint    ] Leaving safepoint region
[2022-06-16T20:34:52.230+0000][3704][safepoint    ] Total time for which application threads were stopped: 0.0000676 seconds, Stopping threads took: 0.0000211 seconds
[2022-06-16T20:34:52.230+0000][3704][safepoint    ] Application time: 0.0000374 seconds
[2022-06-16T20:34:52.230+0000][3704][safepoint    ] Entering safepoint region: RevokeBias
[2022-06-16T20:34:52.230+0000][3704][safepoint    ] Leaving safepoint region
[2022-06-16T20:34:52.230+0000][3704][safepoint    ] Total time for which application threads were stopped: 0.0000492 seconds, Stopping threads took: 0.0000131 seconds
[2022-06-16T20:34:52.230+0000][3704][safepoint    ] Application time: 0.0000122 seconds
[2022-06-16T20:34:52.230+0000][3704][safepoint    ] Entering safepoint region: RevokeBias
[2022-06-16T20:34:52.230+0000][3704][safepoint    ] Leaving safepoint region
[2022-06-16T20:34:52.230+0000][3704][safepoint    ] Total time for which application threads were stopped: 0.0000405 seconds, Stopping threads took: 0.0000110 seconds
[2022-06-16T20:34:53.243+0000][3704][safepoint    ] Application time: 1.0122474 seconds
[2022-06-16T20:34:53.243+0000][3704][safepoint    ] Entering safepoint region: Cleanup
[2022-06-16T20:34:53.243+0000][3704][safepoint    ] Leaving safepoint region
[2022-06-16T20:34:53.243+0000][3704][safepoint    ] Total time for which application threads were stopped: 0.0001369 seconds, Stopping threads took: 0.0000644 seconds
[2022-06-16T20:34:54.146+0000][3704][safepoint    ] Application time: 0.9053542 seconds
[2022-06-16T20:34:54.146+0000][3704][safepoint    ] Entering safepoint region: RevokeBias
[2022-06-16T20:34:54.146+0000][3704][safepoint    ] Leaving safepoint region
[2022-06-16T20:34:54.146+0000][3704][safepoint    ] Total time for which application threads were stopped: 0.0001564 seconds, Stopping threads took: 0.0000509 seconds
[2022-06-16T20:34:54.146+0000][3704][safepoint    ] Application time: 0.0000722 seconds
[2022-06-16T20:34:54.146+0000][3704][safepoint    ] Entering safepoint region: RevokeBias
[2022-06-16T20:34:54.146+0000][3704][safepoint    ] Leaving safepoint region
[2022-06-16T20:34:54.146+0000][3704][safepoint    ] Total time for which application threads were stopped: 0.0000529 seconds, Stopping threads took: 0.0000129 seconds
[2022-06-16T20:34:54.146+0000][3704][safepoint    ] Application time: 0.0000243 seconds
[2022-06-16T20:34:54.146+0000][3704][safepoint    ] Entering safepoint region: RevokeBias
[2022-06-16T20:34:54.146+0000][3704][safepoint    ] Leaving safepoint region
[2022-06-16T20:34:54.146+0000][3704][safepoint    ] Total time for which application threads were stopped: 0.0000458 seconds, Stopping threads took: 0.0000119 seconds
[2022-06-16T20:34:55.162+0000][3704][safepoint    ] Application time: 1.0125611 seconds
[2022-06-16T20:34:55.162+0000][3704][safepoint    ] Entering safepoint region: Cleanup
[2022-06-16T20:34:55.162+0000][3704][safepoint    ] Leaving safepoint region
[2022-06-16T20:34:55.162+0000][3704][safepoint    ] Total time for which application threads were stopped: 0.0001144 seconds, Stopping threads took: 0.0000296 seconds
[2022-06-16T20:34:56.177+0000][3704][safepoint    ] Application time: 1.0154229 seconds
[2022-06-16T20:34:56.177+0000][3704][safepoint    ] Entering safepoint region: Cleanup
[2022-06-16T20:34:56.177+0000][3704][safepoint    ] Leaving safepoint region
[2022-06-16T20:34:56.177+0000][3704][safepoint    ] Total time for which application threads were stopped: 0.0001232 seconds, Stopping threads took: 0.0000332 seconds
[2022-06-16T20:34:57.193+0000][3704][safepoint    ] Application time: 1.0154116 seconds
[2022-06-16T20:34:57.193+0000][3704][safepoint    ] Entering safepoint region: Cleanup
[2022-06-16T20:34:57.193+0000][3704][safepoint    ] Leaving safepoint region
[2022-06-16T20:34:57.193+0000][3704][safepoint    ] Total time for which application threads were stopped: 0.0001335 seconds, Stopping threads took: 0.0000343 seconds
[2022-06-16T20:34:58.193+0000][3704][safepoint    ] Application time: 0.9998160 seconds
[2022-06-16T20:34:58.193+0000][3704][safepoint    ] Entering safepoint region: Cleanup
[2022-06-16T20:34:58.193+0000][3704][safepoint    ] Leaving safepoint region
[2022-06-16T20:34:58.193+0000][3704][safepoint    ] Total time for which application threads were stopped: 0.0001300 seconds, Stopping threads took: 0.0000293 seconds
[2022-06-16T20:34:59.208+0000][3704][safepoint    ] Application time: 1.0153938 seconds
[2022-06-16T20:34:59.208+0000][3704][safepoint    ] Entering safepoint region: Cleanup
[2022-06-16T20:34:59.208+0000][3704][safepoint    ] Leaving safepoint region
[2022-06-16T20:34:59.208+0000][3704][safepoint    ] Total time for which application threads were stopped: 0.0001169 seconds, Stopping threads took: 0.0000296 seconds
[2022-06-16T20:35:00.224+0000][3704][safepoint    ] Application time: 1.0154214 seconds
[2022-06-16T20:35:00.224+0000][3704][safepoint    ] Entering safepoint region: Cleanup
[2022-06-16T20:35:00.224+0000][3704][safepoint    ] Leaving safepoint region
[2022-06-16T20:35:00.224+0000][3704][safepoint    ] Total time for which application threads were stopped: 0.0001166 seconds, Stopping threads took: 0.0000284 seconds
[2022-06-16T20:35:01.240+0000][3704][safepoint    ] Application time: 1.0154236 seconds
[2022-06-16T20:35:01.240+0000][3704][safepoint    ] Entering safepoint region: Cleanup
[2022-06-16T20:35:01.240+0000][3704][safepoint    ] Leaving safepoint region
[2022-06-16T20:35:01.240+0000][3704][safepoint    ] Total time for which application threads were stopped: 0.0001152 seconds, Stopping threads took: 0.0000282 seconds
[2022-06-16T20:35:02.255+0000][3704][safepoint    ] Application time: 1.0154421 seconds
[2022-06-16T20:35:02.255+0000][3704][safepoint    ] Entering safepoint region: Cleanup
[2022-06-16T20:35:02.255+0000][3704][safepoint    ] Leaving safepoint region
[2022-06-16T20:35:02.255+0000][3704][safepoint    ] Total time for which application threads were stopped: 0.0001175 seconds, Stopping threads took: 0.0000304 seconds
[2022-06-16T20:35:03.255+0000][3704][safepoint    ] Application time: 0.9997912 seconds
[2022-06-16T20:35:03.255+0000][3704][safepoint    ] Entering safepoint region: Cleanup
[2022-06-16T20:35:03.255+0000][3704][safepoint    ] Leaving safepoint region
[2022-06-16T20:35:03.255+0000][3704][safepoint    ] Total time for which application threads were stopped: 0.0001158 seconds, Stopping threads took: 0.0000296 seconds
[2022-06-16T20:35:04.271+0000][3704][safepoint    ] Application time: 1.0157581 seconds
[2022-06-16T20:35:04.271+0000][3704][safepoint    ] Entering safepoint region: Cleanup
[2022-06-16T20:35:04.271+0000][3704][safepoint    ] Leaving safepoint region
[2022-06-16T20:35:04.271+0000][3704][safepoint    ] Total time for which application threads were stopped: 0.0001216 seconds, Stopping threads took: 0.0000303 seconds
[2022-06-16T20:35:05.271+0000][3704][safepoint    ] Application time: 0.9994797 seconds
[2022-06-16T20:35:05.271+0000][3704][safepoint    ] Entering safepoint region: Cleanup
[2022-06-16T20:35:05.271+0000][3704][safepoint    ] Leaving safepoint region
[2022-06-16T20:35:05.271+0000][3704][safepoint    ] Total time for which application threads were stopped: 0.0001275 seconds, Stopping threads took: 0.0000304 seconds
[2022-06-16T20:35:06.271+0000][3704][safepoint    ] Application time: 0.9999000 seconds
[2022-06-16T20:35:06.333+0000][3704][safepoint    ] Entering safepoint region: Cleanup
[2022-06-16T20:35:06.333+0000][3704][safepoint    ] Leaving safepoint region
[2022-06-16T20:35:06.333+0000][3704][safepoint    ] Total time for which application threads were stopped: 0.0650346 seconds, Stopping threads took: 0.0649393 seconds
[2022-06-16T20:35:07.333+0000][3704][safepoint    ] Application time: 0.9972965 seconds
[2022-06-16T20:35:07.349+0000][3704][safepoint    ] Entering safepoint region: Cleanup
[2022-06-16T20:35:07.349+0000][3704][safepoint    ] Leaving safepoint region
[2022-06-16T20:35:07.349+0000][3704][safepoint    ] Total time for which application threads were stopped: 0.0223929 seconds, Stopping threads took: 0.0223009 seconds
[2022-06-16T20:35:08.349+0000][3704][safepoint    ] Application time: 0.9931174 seconds
[2022-06-16T20:35:08.349+0000][3704][safepoint    ] Entering safepoint region: Cleanup
[2022-06-16T20:35:08.349+0000][3704][safepoint    ] Leaving safepoint region
[2022-06-16T20:35:08.349+0000][3704][safepoint    ] Total time for which application threads were stopped: 0.0001292 seconds, Stopping threads took: 0.0000298 seconds
[2022-06-16T20:35:09.365+0000][3704][safepoint    ] Application time: 1.0154157 seconds
[2022-06-16T20:35:09.365+0000][3704][safepoint    ] Entering safepoint region: Cleanup
[2022-06-16T20:35:09.365+0000][3704][safepoint    ] Leaving safepoint region
[2022-06-16T20:35:09.365+0000][3704][safepoint    ] Total time for which application threads were stopped: 0.0001496 seconds, Stopping threads took: 0.0000424 seconds
[2022-06-16T20:35:10.380+0000][3704][safepoint    ] Application time: 1.0153907 seconds
[2022-06-16T20:35:10.380+0000][3704][safepoint    ] Entering safepoint region: Cleanup
[2022-06-16T20:35:10.380+0000][3704][safepoint    ] Leaving safepoint region
[2022-06-16T20:35:10.380+0000][3704][safepoint    ] Total time for which application threads were stopped: 0.0001196 seconds, Stopping threads took: 0.0000295 seconds
[2022-06-16T20:35:11.396+0000][3704][safepoint    ] Application time: 1.0154152 seconds
[2022-06-16T20:35:11.396+0000][3704][safepoint    ] Entering safepoint region: Cleanup
[2022-06-16T20:35:11.396+0000][3704][safepoint    ] Leaving safepoint region
[2022-06-16T20:35:11.396+0000][3704][safepoint    ] Total time for which application threads were stopped: 0.0001181 seconds, Stopping threads took: 0.0000297 seconds
[2022-06-16T20:35:11.411+0000][3704][safepoint    ] Application time: 0.0269788 seconds
[2022-06-16T20:35:11.411+0000][3704][safepoint    ] Entering safepoint region: RevokeBias
[2022-06-16T20:35:11.411+0000][3704][safepoint    ] Leaving safepoint region
[2022-06-16T20:35:11.411+0000][3704][safepoint    ] Total time for which application threads were stopped: 0.0001275 seconds, Stopping threads took: 0.0000313 seconds
[2022-06-16T20:35:11.458+0000][3704][safepoint    ] Application time: 0.0396300 seconds
[2022-06-16T20:35:11.458+0000][3704][safepoint    ] Entering safepoint region: Deoptimize
[2022-06-16T20:35:11.458+0000][3704][safepoint    ] Leaving safepoint region
[2022-06-16T20:35:11.458+0000][3704][safepoint    ] Total time for which application threads were stopped: 0.0009230 seconds, Stopping threads took: 0.0000314 seconds
[2022-06-16T20:35:11.552+0000][3704][safepoint    ] Application time: 0.0928019 seconds
[2022-06-16T20:35:11.552+0000][3704][safepoint    ] Entering safepoint region: RevokeBias
[2022-06-16T20:35:11.552+0000][3704][safepoint    ] Leaving safepoint region
[2022-06-16T20:35:11.552+0000][3704][safepoint    ] Total time for which application threads were stopped: 0.0004844 seconds, Stopping threads took: 0.0003754 seconds
[2022-06-16T20:35:12.552+0000][3704][safepoint    ] Application time: 0.9952707 seconds
[2022-06-16T20:35:12.583+0000][3704][safepoint    ] Entering safepoint region: Cleanup
[2022-06-16T20:35:12.583+0000][3704][safepoint    ] Leaving safepoint region
[2022-06-16T20:35:12.583+0000][3704][safepoint    ] Total time for which application threads were stopped: 0.0455211 seconds, Stopping threads took: 0.0454180 seconds
[2022-06-16T20:35:13.583+0000][3704][safepoint    ] Application time: 0.9852728 seconds
[2022-06-16T20:35:13.615+0000][3704][safepoint    ] Entering safepoint region: Cleanup
[2022-06-16T20:35:13.615+0000][3704][safepoint    ] Leaving safepoint region
[2022-06-16T20:35:13.615+0000][3704][safepoint    ] Total time for which application threads were stopped: 0.0316482 seconds, Stopping threads took: 0.0315484 seconds
[2022-06-16T20:35:14.620+0000][3704][safepoint    ] Application time: 1.0046470 seconds
[2022-06-16T20:35:14.620+0000][3704][safepoint    ] Entering safepoint region: Cleanup
[2022-06-16T20:35:14.620+0000][3704][safepoint    ] Leaving safepoint region
[2022-06-16T20:35:14.620+0000][3704][safepoint    ] Total time for which application threads were stopped: 0.0001108 seconds, Stopping threads took: 0.0000270 seconds
[2022-06-16T20:35:15.078+0000][3704][safepoint    ] Application time: 0.4709859 seconds
[2022-06-16T20:35:15.078+0000][3704][safepoint    ] Entering safepoint region: RevokeBias
[2022-06-16T20:35:15.078+0000][3704][safepoint    ] Leaving safepoint region
[2022-06-16T20:35:15.078+0000][3704][safepoint    ] Total time for which application threads were stopped: 0.0001274 seconds, Stopping threads took: 0.0000313 seconds
[2022-06-16T20:35:15.078+0000][3704][safepoint    ] Application time: 0.0002831 seconds
[2022-06-16T20:35:15.078+0000][3704][safepoint    ] Entering safepoint region: RevokeBias
[2022-06-16T20:35:15.078+0000][3704][safepoint    ] Leaving safepoint region
[2022-06-16T20:35:15.078+0000][3704][safepoint    ] Total time for which application threads were stopped: 0.0001102 seconds, Stopping threads took: 0.0000306 seconds
[2022-06-16T20:35:15.265+0000][3704][safepoint    ] Application time: 0.1854323 seconds
[2022-06-16T20:35:15.265+0000][3704][safepoint    ] Entering safepoint region: Deoptimize
[2022-06-16T20:35:15.265+0000][3704][safepoint    ] Leaving safepoint region
[2022-06-16T20:35:15.265+0000][3704][safepoint    ] Total time for which application threads were stopped: 0.0008979 seconds, Stopping threads took: 0.0000183 seconds
[2022-06-16T20:35:15.297+0000][3704][safepoint    ] Application time: 0.0211733 seconds
[2022-06-16T20:35:15.297+0000][3704][safepoint    ] Entering safepoint region: RevokeBias
[2022-06-16T20:35:15.297+0000][3704][safepoint    ] Leaving safepoint region
[2022-06-16T20:35:15.297+0000][3704][safepoint    ] Total time for which application threads were stopped: 0.0002454 seconds, Stopping threads took: 0.0000304 seconds
[2022-06-16T20:35:15.297+0000][3704][safepoint    ] Application time: 0.0000323 seconds
[2022-06-16T20:35:15.297+0000][3704][safepoint    ] Entering safepoint region: RevokeBias
[2022-06-16T20:35:15.297+0000][3704][safepoint    ] Leaving safepoint region
[2022-06-16T20:35:15.297+0000][3704][safepoint    ] Total time for which application threads were stopped: 0.0000712 seconds, Stopping threads took: 0.0000234 seconds
[2022-06-16T20:35:15.328+0000][3704][safepoint    ] Application time: 0.0402403 seconds
[2022-06-16T20:35:15.328+0000][3704][safepoint    ] Entering safepoint region: RevokeBias
[2022-06-16T20:35:15.328+0000][3704][safepoint    ] Leaving safepoint region
[2022-06-16T20:35:15.328+0000][3704][safepoint    ] Total time for which application threads were stopped: 0.0001368 seconds, Stopping threads took: 0.0000318 seconds
[2022-06-16T20:35:15.328+0000][3704][safepoint    ] Application time: 0.0029234 seconds
[2022-06-16T20:35:15.328+0000][3704][safepoint    ] Entering safepoint region: RevokeBias
[2022-06-16T20:35:15.328+0000][3704][safepoint    ] Leaving safepoint region
[2022-06-16T20:35:15.328+0000][3704][safepoint    ] Total time for which application threads were stopped: 0.0001186 seconds, Stopping threads took: 0.0000274 seconds
[2022-06-16T20:35:15.344+0000][3704][safepoint    ] Application time: 0.0065165 seconds
[2022-06-16T20:35:15.344+0000][3704][safepoint    ] Entering safepoint region: RevokeBias
[2022-06-16T20:35:15.344+0000][3704][safepoint    ] Leaving safepoint region
[2022-06-16T20:35:15.344+0000][3704][safepoint    ] Total time for which application threads were stopped: 0.0001060 seconds, Stopping threads took: 0.0000286 seconds
[2022-06-16T20:35:15.344+0000][3704][safepoint    ] Application time: 0.0000187 seconds
[2022-06-16T20:35:15.344+0000][3704][safepoint    ] Entering safepoint region: RevokeBias
[2022-06-16T20:35:15.344+0000][3704][safepoint    ] Leaving safepoint region
[2022-06-16T20:35:15.344+0000][3704][safepoint    ] Total time for which application threads were stopped: 0.0000776 seconds, Stopping threads took: 0.0000204 seconds
[2022-06-16T20:35:15.344+0000][3704][safepoint    ] Application time: 0.0018699 seconds
[2022-06-16T20:35:15.344+0000][3704][safepoint    ] Entering safepoint region: RevokeBias
[2022-06-16T20:35:15.344+0000][3704][safepoint    ] Leaving safepoint region
[2022-06-16T20:35:15.344+0000][3704][safepoint    ] Total time for which application threads were stopped: 0.0000905 seconds, Stopping threads took: 0.0000247 seconds
[2022-06-16T20:35:15.344+0000][3704][safepoint    ] Application time: 0.0016731 seconds
[2022-06-16T20:35:15.344+0000][3704][safepoint    ] Entering safepoint region: RevokeBias
[2022-06-16T20:35:15.344+0000][3704][safepoint    ] Leaving safepoint region
[2022-06-16T20:35:15.344+0000][3704][safepoint    ] Total time for which application threads were stopped: 0.0001111 seconds, Stopping threads took: 0.0000248 seconds
[2022-06-16T20:35:15.500+0000][3704][safepoint    ] Application time: 0.1605853 seconds
[2022-06-16T20:35:15.500+0000][3704][safepoint    ] Entering safepoint region: RevokeBias
[2022-06-16T20:35:15.500+0000][3704][safepoint    ] Leaving safepoint region
[2022-06-16T20:35:15.500+0000][3704][safepoint    ] Total time for which application threads were stopped: 0.0002026 seconds, Stopping threads took: 0.0000307 seconds
[2022-06-16T20:35:15.515+0000][3704][safepoint    ] Application time: 0.0060074 seconds
[2022-06-16T20:35:15.515+0000][3704][safepoint    ] Entering safepoint region: RevokeBias
[2022-06-16T20:35:15.515+0000][3704][safepoint    ] Leaving safepoint region
[2022-06-16T20:35:15.515+0000][3704][safepoint    ] Total time for which application threads were stopped: 0.0003592 seconds, Stopping threads took: 0.0002641 seconds
[2022-06-16T20:35:15.515+0000][3704][safepoint    ] Application time: 0.0054737 seconds
[2022-06-16T20:35:15.515+0000][3704][safepoint    ] Entering safepoint region: RevokeBias
[2022-06-16T20:35:15.515+0000][3704][safepoint    ] Leaving safepoint region
[2022-06-16T20:35:15.515+0000][3704][safepoint    ] Total time for which application threads were stopped: 0.0001017 seconds, Stopping threads took: 0.0000268 seconds
[2022-06-16T20:35:15.515+0000][3704][safepoint    ] Application time: 0.0006993 seconds
[2022-06-16T20:35:15.515+0000][3704][safepoint    ] Entering safepoint region: RevokeBias
[2022-06-16T20:35:15.515+0000][3704][safepoint    ] Leaving safepoint region
[2022-06-16T20:35:15.515+0000][3704][safepoint    ] Total time for which application threads were stopped: 0.0001001 seconds, Stopping threads took: 0.0000255 seconds
[2022-06-16T20:35:15.531+0000][3704][safepoint    ] Application time: 0.0121130 seconds
[2022-06-16T20:35:15.531+0000][3704][safepoint    ] Entering safepoint region: RevokeBias
[2022-06-16T20:35:15.531+0000][3704][safepoint    ] Leaving safepoint region
[2022-06-16T20:35:15.531+0000][3704][safepoint    ] Total time for which application threads were stopped: 0.0009976 seconds, Stopping threads took: 0.0008693 seconds
[2022-06-16T20:35:15.531+0000][3704][safepoint    ] Application time: 0.0005949 seconds
[2022-06-16T20:35:15.703+0000][3704][safepoint    ] Entering safepoint region: RevokeBias
[2022-06-16T20:35:15.703+0000][3704][safepoint    ] Leaving safepoint region
[2022-06-16T20:35:15.703+0000][3704][safepoint    ] Total time for which application threads were stopped: 0.1647696 seconds, Stopping threads took: 0.1646550 seconds
[2022-06-16T20:35:15.703+0000][3704][safepoint    ] Application time: 0.0117831 seconds
[2022-06-16T20:35:15.719+0000][3704][safepoint    ] Entering safepoint region: RevokeBias
[2022-06-16T20:35:15.719+0000][3704][safepoint    ] Leaving safepoint region
[2022-06-16T20:35:15.719+0000][3704][safepoint    ] Total time for which application threads were stopped: 0.0010774 seconds, Stopping threads took: 0.0009724 seconds
[2022-06-16T20:35:15.719+0000][3704][safepoint    ] Application time: 0.0002986 seconds
[2022-06-16T20:35:15.719+0000][3704][safepoint    ] Entering safepoint region: RevokeBias
[2022-06-16T20:35:15.719+0000][3704][safepoint    ] Leaving safepoint region
[2022-06-16T20:35:15.719+0000][3704][safepoint    ] Total time for which application threads were stopped: 0.0001142 seconds, Stopping threads took: 0.0000279 seconds
[2022-06-16T20:35:15.719+0000][3704][safepoint    ] Application time: 0.0001101 seconds
[2022-06-16T20:35:15.719+0000][3704][safepoint    ] Entering safepoint region: RevokeBias
[2022-06-16T20:35:15.719+0000][3704][safepoint    ] Leaving safepoint region
[2022-06-16T20:35:15.719+0000][3704][safepoint    ] Total time for which application threads were stopped: 0.0000861 seconds, Stopping threads took: 0.0000196 seconds
[2022-06-16T20:35:15.719+0000][3704][safepoint    ] Application time: 0.0017810 seconds
[2022-06-16T20:35:15.719+0000][3704][safepoint    ] Entering safepoint region: RevokeBias
[2022-06-16T20:35:15.719+0000][3704][safepoint    ] Leaving safepoint region
[2022-06-16T20:35:15.719+0000][3704][safepoint    ] Total time for which application threads were stopped: 0.0000994 seconds, Stopping threads took: 0.0000285 seconds
[2022-06-16T20:35:15.719+0000][3704][safepoint    ] Application time: 0.0001047 seconds
[2022-06-16T20:35:15.719+0000][3704][safepoint    ] Entering safepoint region: RevokeBias
[2022-06-16T20:35:15.719+0000][3704][safepoint    ] Leaving safepoint region
[2022-06-16T20:35:15.719+0000][3704][safepoint    ] Total time for which application threads were stopped: 0.0000866 seconds, Stopping threads took: 0.0000204 seconds
[2022-06-16T20:35:15.812+0000][3704][safepoint    ] Application time: 0.0972934 seconds
[2022-06-16T20:35:15.812+0000][3704][safepoint    ] Entering safepoint region: RevokeBias
[2022-06-16T20:35:15.812+0000][3704][safepoint    ] Leaving safepoint region
[2022-06-16T20:35:15.812+0000][3704][safepoint    ] Total time for which application threads were stopped: 0.0001427 seconds, Stopping threads took: 0.0000296 seconds
[2022-06-16T20:35:15.812+0000][3704][safepoint    ] Application time: 0.0000180 seconds
[2022-06-16T20:35:15.812+0000][3704][safepoint    ] Entering safepoint region: RevokeBias
[2022-06-16T20:35:15.812+0000][3704][safepoint    ] Leaving safepoint region
[2022-06-16T20:35:15.812+0000][3704][safepoint    ] Total time for which application threads were stopped: 0.0000741 seconds, Stopping threads took: 0.0000191 seconds
[2022-06-16T20:35:15.812+0000][3704][safepoint    ] Application time: 0.0000156 seconds
[2022-06-16T20:35:15.812+0000][3704][safepoint    ] Entering safepoint region: RevokeBias
[2022-06-16T20:35:15.812+0000][3704][safepoint    ] Leaving safepoint region
[2022-06-16T20:35:15.812+0000][3704][safepoint    ] Total time for which application threads were stopped: 0.0000714 seconds, Stopping threads took: 0.0000188 seconds
[2022-06-16T20:35:15.812+0000][3704][safepoint    ] Application time: 0.0033388 seconds
[2022-06-16T20:35:15.812+0000][3704][safepoint    ] Entering safepoint region: RevokeBias
[2022-06-16T20:35:15.812+0000][3704][safepoint    ] Leaving safepoint region
[2022-06-16T20:35:15.812+0000][3704][safepoint    ] Total time for which application threads were stopped: 0.0001322 seconds, Stopping threads took: 0.0000336 seconds
[2022-06-16T20:35:15.812+0000][3704][safepoint    ] Application time: 0.0003047 seconds
[2022-06-16T20:35:15.812+0000][3704][safepoint    ] Entering safepoint region: RevokeBias
[2022-06-16T20:35:15.812+0000][3704][safepoint    ] Leaving safepoint region
[2022-06-16T20:35:15.812+0000][3704][safepoint    ] Total time for which application threads were stopped: 0.0001838 seconds, Stopping threads took: 0.0001052 seconds
[2022-06-16T20:35:15.812+0000][3704][safepoint    ] Application time: 0.0010871 seconds
[2022-06-16T20:35:15.812+0000][3704][safepoint    ] Entering safepoint region: RevokeBias
[2022-06-16T20:35:15.812+0000][3704][safepoint    ] Leaving safepoint region
[2022-06-16T20:35:15.812+0000][3704][safepoint    ] Total time for which application threads were stopped: 0.0001178 seconds, Stopping threads took: 0.0000391 seconds
[2022-06-16T20:35:15.828+0000][3704][safepoint    ] Application time: 0.0096122 seconds
[2022-06-16T20:35:15.828+0000][3704][safepoint    ] Entering safepoint region: RevokeBias
[2022-06-16T20:35:15.828+0000][3704][safepoint    ] Leaving safepoint region
[2022-06-16T20:35:15.828+0000][3704][safepoint    ] Total time for which application threads were stopped: 0.0001147 seconds, Stopping threads took: 0.0000270 seconds
[2022-06-16T20:35:15.828+0000][3704][safepoint    ] Application time: 0.0012677 seconds
[2022-06-16T20:35:15.828+0000][3704][safepoint    ] Entering safepoint region: RevokeBias
[2022-06-16T20:35:15.828+0000][3704][safepoint    ] Leaving safepoint region
[2022-06-16T20:35:15.828+0000][3704][safepoint    ] Total time for which application threads were stopped: 0.0001012 seconds, Stopping threads took: 0.0000248 seconds
[2022-06-16T20:35:16.000+0000][3704][safepoint    ] Application time: 0.1754921 seconds
[2022-06-16T20:35:16.000+0000][3704][safepoint    ] Entering safepoint region: RevokeBias
[2022-06-16T20:35:16.000+0000][3704][safepoint    ] Leaving safepoint region
[2022-06-16T20:35:16.000+0000][3704][safepoint    ] Total time for which application threads were stopped: 0.0001496 seconds, Stopping threads took: 0.0000312 seconds
[2022-06-16T20:35:16.031+0000][3704][safepoint    ] Application time: 0.0210352 seconds
[2022-06-16T20:35:16.031+0000][3704][safepoint    ] Entering safepoint region: RevokeBias
[2022-06-16T20:35:16.031+0000][3704][safepoint    ] Leaving safepoint region
[2022-06-16T20:35:16.031+0000][3704][safepoint    ] Total time for which application threads were stopped: 0.0001614 seconds, Stopping threads took: 0.0000539 seconds
[2022-06-16T20:35:16.031+0000][3704][safepoint    ] Application time: 0.0000275 seconds
[2022-06-16T20:35:16.031+0000][3704][safepoint    ] Entering safepoint region: RevokeBias
[2022-06-16T20:35:16.031+0000][3704][safepoint    ] Leaving safepoint region
[2022-06-16T20:35:16.031+0000][3704][safepoint    ] Total time for which application threads were stopped: 0.0000976 seconds, Stopping threads took: 0.0000321 seconds
[2022-06-16T20:35:16.031+0000][3704][safepoint    ] Application time: 0.0000244 seconds
[2022-06-16T20:35:16.031+0000][3704][safepoint    ] Entering safepoint region: RevokeBias
[2022-06-16T20:35:16.031+0000][3704][safepoint    ] Leaving safepoint region
[2022-06-16T20:35:16.031+0000][3704][safepoint    ] Total time for which application threads were stopped: 0.0000810 seconds, Stopping threads took: 0.0000266 seconds
[2022-06-16T20:35:16.031+0000][3704][safepoint    ] Application time: 0.0000238 seconds
[2022-06-16T20:35:16.031+0000][3704][safepoint    ] Entering safepoint region: RevokeBias
[2022-06-16T20:35:16.031+0000][3704][safepoint    ] Leaving safepoint region
[2022-06-16T20:35:16.031+0000][3704][safepoint    ] Total time for which application threads were stopped: 0.0000835 seconds, Stopping threads took: 0.0000327 seconds
[2022-06-16T20:35:16.031+0000][3704][safepoint    ] Application time: 0.0000189 seconds
[2022-06-16T20:35:16.031+0000][3704][safepoint    ] Entering safepoint region: RevokeBias
[2022-06-16T20:35:16.031+0000][3704][safepoint    ] Leaving safepoint region
[2022-06-16T20:35:16.031+0000][3704][safepoint    ] Total time for which application threads were stopped: 0.0000749 seconds, Stopping threads took: 0.0000236 seconds
[2022-06-16T20:35:16.031+0000][3704][safepoint    ] Application time: 0.0001290 seconds
[2022-06-16T20:35:16.031+0000][3704][safepoint    ] Entering safepoint region: RevokeBias
[2022-06-16T20:35:16.031+0000][3704][safepoint    ] Leaving safepoint region
[2022-06-16T20:35:16.031+0000][3704][safepoint    ] Total time for which application threads were stopped: 0.0000884 seconds, Stopping threads took: 0.0000236 seconds
[2022-06-16T20:35:16.031+0000][3704][safepoint    ] Application time: 0.0000138 seconds
[2022-06-16T20:35:16.031+0000][3704][safepoint    ] Entering safepoint region: RevokeBias
[2022-06-16T20:35:16.031+0000][3704][safepoint    ] Leaving safepoint region
[2022-06-16T20:35:16.031+0000][3704][safepoint    ] Total time for which application threads were stopped: 0.0000716 seconds, Stopping threads took: 0.0000183 seconds
[2022-06-16T20:35:16.031+0000][3704][safepoint    ] Application time: 0.0000149 seconds
[2022-06-16T20:35:16.031+0000][3704][safepoint    ] Entering safepoint region: RevokeBias
[2022-06-16T20:35:16.031+0000][3704][safepoint    ] Leaving safepoint region
[2022-06-16T20:35:16.031+0000][3704][safepoint    ] Total time for which application threads were stopped: 0.0000871 seconds, Stopping threads took: 0.0000346 seconds
[2022-06-16T20:35:16.031+0000][3704][safepoint    ] Application time: 0.0029666 seconds
[2022-06-16T20:35:16.031+0000][3704][safepoint    ] Entering safepoint region: RevokeBias
[2022-06-16T20:35:16.031+0000][3704][safepoint    ] Leaving safepoint region
[2022-06-16T20:35:16.031+0000][3704][safepoint    ] Total time for which application threads were stopped: 0.0001169 seconds, Stopping threads took: 0.0000274 seconds
[2022-06-16T20:35:16.031+0000][3704][safepoint    ] Application time: 0.0003643 seconds
[2022-06-16T20:35:16.031+0000][3704][safepoint    ] Entering safepoint region: RevokeBias
[2022-06-16T20:35:16.031+0000][3704][safepoint    ] Leaving safepoint region
[2022-06-16T20:35:16.031+0000][3704][safepoint    ] Total time for which application threads were stopped: 0.0000903 seconds, Stopping threads took: 0.0000233 seconds
[2022-06-16T20:35:16.031+0000][3704][safepoint    ] Application time: 0.0005223 seconds
[2022-06-16T20:35:16.031+0000][3704][safepoint    ] Entering safepoint region: RevokeBias
[2022-06-16T20:35:16.031+0000][3704][safepoint    ] Leaving safepoint region
[2022-06-16T20:35:16.031+0000][3704][safepoint    ] Total time for which application threads were stopped: 0.0000886 seconds, Stopping threads took: 0.0000242 seconds
[2022-06-16T20:35:17.039+0000][3704][safepoint    ] Application time: 1.0004987 seconds
[2022-06-16T20:35:17.039+0000][3704][safepoint    ] Entering safepoint region: Cleanup
[2022-06-16T20:35:17.039+0000][3704][safepoint    ] Leaving safepoint region
[2022-06-16T20:35:17.039+0000][3704][safepoint    ] Total time for which application threads were stopped: 0.0001409 seconds, Stopping threads took: 0.0000685 seconds
[2022-06-16T20:35:18.045+0000][3704][safepoint    ] Application time: 1.0059978 seconds
[2022-06-16T20:35:18.045+0000][3704][safepoint    ] Entering safepoint region: Cleanup
[2022-06-16T20:35:18.045+0000][3704][safepoint    ] Leaving safepoint region
[2022-06-16T20:35:18.045+0000][3704][safepoint    ] Total time for which application threads were stopped: 0.0001549 seconds, Stopping threads took: 0.0000704 seconds
[2022-06-16T20:35:19.058+0000][3704][safepoint    ] Application time: 1.0121310 seconds
[2022-06-16T20:35:19.058+0000][3704][safepoint    ] Entering safepoint region: Cleanup
[2022-06-16T20:35:19.058+0000][3704][safepoint    ] Leaving safepoint region
[2022-06-16T20:35:19.058+0000][3704][safepoint    ] Total time for which application threads were stopped: 0.0001486 seconds, Stopping threads took: 0.0000732 seconds
[2022-06-16T20:35:20.064+0000][3704][safepoint    ] Application time: 1.0064980 seconds
[2022-06-16T20:35:20.064+0000][3704][safepoint    ] Entering safepoint region: Cleanup
[2022-06-16T20:35:20.064+0000][3704][safepoint    ] Leaving safepoint region
[2022-06-16T20:35:20.064+0000][3704][safepoint    ] Total time for which application threads were stopped: 0.0001575 seconds, Stopping threads took: 0.0000703 seconds
[2022-06-16T20:35:20.263+0000][3704][safepoint    ] Application time: 0.1999921 seconds
[2022-06-16T20:35:20.263+0000][3704][safepoint    ] Entering safepoint region: RevokeBias
[2022-06-16T20:35:20.263+0000][3704][safepoint    ] Leaving safepoint region
[2022-06-16T20:35:20.263+0000][3704][safepoint    ] Total time for which application threads were stopped: 0.0001662 seconds, Stopping threads took: 0.0000577 seconds
[2022-06-16T20:35:20.263+0000][3704][safepoint    ] Application time: 0.0073201 seconds
[2022-06-16T20:35:20.263+0000][3704][safepoint    ] Entering safepoint region: RevokeBias
[2022-06-16T20:35:20.263+0000][3704][safepoint    ] Leaving safepoint region
[2022-06-16T20:35:20.263+0000][3704][safepoint    ] Total time for which application threads were stopped: 0.0001248 seconds, Stopping threads took: 0.0000284 seconds
[2022-06-16T20:35:20.263+0000][3704][safepoint    ] Application time: 0.0032649 seconds
[2022-06-16T20:35:20.263+0000][3704][safepoint    ] Entering safepoint region: RevokeBias
[2022-06-16T20:35:20.263+0000][3704][safepoint    ] Leaving safepoint region
[2022-06-16T20:35:20.263+0000][3704][safepoint    ] Total time for which application threads were stopped: 0.0001068 seconds, Stopping threads took: 0.0000268 seconds
[2022-06-16T20:35:20.263+0000][3704][safepoint    ] Application time: 0.0017958 seconds
[2022-06-16T20:35:20.263+0000][3704][safepoint    ] Entering safepoint region: RevokeBias
[2022-06-16T20:35:20.263+0000][3704][safepoint    ] Leaving safepoint region
[2022-06-16T20:35:20.263+0000][3704][safepoint    ] Total time for which application threads were stopped: 0.0000981 seconds, Stopping threads took: 0.0000282 seconds
[2022-06-16T20:35:20.263+0000][3704][safepoint    ] Application time: 0.0000855 seconds
[2022-06-16T20:35:20.263+0000][3704][safepoint    ] Entering safepoint region: RevokeBias
[2022-06-16T20:35:20.263+0000][3704][safepoint    ] Leaving safepoint region
[2022-06-16T20:35:20.263+0000][3704][safepoint    ] Total time for which application threads were stopped: 0.0000804 seconds, Stopping threads took: 0.0000208 seconds
[2022-06-16T20:35:20.263+0000][3704][safepoint    ] Application time: 0.0008462 seconds
[2022-06-16T20:35:20.263+0000][3704][safepoint    ] Entering safepoint region: RevokeBias
[2022-06-16T20:35:20.263+0000][3704][safepoint    ] Leaving safepoint region
[2022-06-16T20:35:20.263+0000][3704][safepoint    ] Total time for which application threads were stopped: 0.0000922 seconds, Stopping threads took: 0.0000248 seconds
[2022-06-16T20:35:21.181+0000][3704][safepoint    ] Application time: 0.9021466 seconds
[2022-06-16T20:35:21.181+0000][3704][safepoint    ] Entering safepoint region: RevokeBias
[2022-06-16T20:35:21.181+0000][3704][safepoint    ] Leaving safepoint region
[2022-06-16T20:35:21.181+0000][3704][safepoint    ] Total time for which application threads were stopped: 0.0001309 seconds, Stopping threads took: 0.0000191 seconds
[2022-06-16T20:35:21.181+0000][3704][safepoint    ] Application time: 0.0014640 seconds
[2022-06-16T20:35:21.181+0000][3704][safepoint    ] Entering safepoint region: RevokeBias
[2022-06-16T20:35:21.181+0000][3704][safepoint    ] Leaving safepoint region
[2022-06-16T20:35:21.181+0000][3704][safepoint    ] Total time for which application threads were stopped: 0.0001254 seconds, Stopping threads took: 0.0000461 seconds
[2022-06-16T20:35:21.181+0000][3704][safepoint    ] Application time: 0.0000488 seconds
[2022-06-16T20:35:21.181+0000][3704][safepoint    ] Entering safepoint region: RevokeBias
[2022-06-16T20:35:21.181+0000][3704][safepoint    ] Leaving safepoint region
[2022-06-16T20:35:21.181+0000][3704][safepoint    ] Total time for which application threads were stopped: 0.0001019 seconds, Stopping threads took: 0.0000423 seconds
[2022-06-16T20:35:21.212+0000][3704][safepoint    ] Application time: 0.0291573 seconds
[2022-06-16T20:35:21.212+0000][3704][safepoint    ] Entering safepoint region: RevokeBias
[2022-06-16T20:35:21.212+0000][3704][safepoint    ] Leaving safepoint region
[2022-06-16T20:35:21.212+0000][3704][safepoint    ] Total time for which application threads were stopped: 0.0000943 seconds, Stopping threads took: 0.0000160 seconds
[2022-06-16T20:35:21.228+0000][3704][safepoint    ] Application time: 0.0155099 seconds
[2022-06-16T20:35:21.228+0000][3704][safepoint    ] Entering safepoint region: RevokeBias
[2022-06-16T20:35:21.228+0000][3704][safepoint    ] Leaving safepoint region
[2022-06-16T20:35:21.228+0000][3704][safepoint    ] Total time for which application threads were stopped: 0.0000884 seconds, Stopping threads took: 0.0000166 seconds
[2022-06-16T20:35:21.228+0000][3704][safepoint    ] Application time: 0.0000357 seconds
[2022-06-16T20:35:21.228+0000][3704][safepoint    ] Entering safepoint region: RevokeBias
[2022-06-16T20:35:21.228+0000][3704][safepoint    ] Leaving safepoint region
[2022-06-16T20:35:21.228+0000][3704][safepoint    ] Total time for which application threads were stopped: 0.0000680 seconds, Stopping threads took: 0.0000116 seconds
[2022-06-16T20:35:22.242+0000][3704][safepoint    ] Application time: 1.0138539 seconds
[2022-06-16T20:35:22.242+0000][3704][safepoint    ] Entering safepoint region: Cleanup
[2022-06-16T20:35:22.242+0000][3704][safepoint    ] Leaving safepoint region
[2022-06-16T20:35:22.242+0000][3704][safepoint    ] Total time for which application threads were stopped: 0.0000993 seconds, Stopping threads took: 0.0000224 seconds
[2022-06-16T20:35:23.247+0000][3704][safepoint    ] Application time: 1.0046237 seconds
[2022-06-16T20:35:23.247+0000][3704][safepoint    ] Entering safepoint region: Cleanup
[2022-06-16T20:35:23.247+0000][3704][safepoint    ] Leaving safepoint region
[2022-06-16T20:35:23.247+0000][3704][safepoint    ] Total time for which application threads were stopped: 0.0001016 seconds, Stopping threads took: 0.0000246 seconds
[2022-06-16T20:35:24.253+0000][3704][safepoint    ] Application time: 1.0065295 seconds
[2022-06-16T20:35:24.253+0000][3704][safepoint    ] Entering safepoint region: Cleanup
[2022-06-16T20:35:24.253+0000][3704][safepoint    ] Leaving safepoint region
[2022-06-16T20:35:24.253+0000][3704][safepoint    ] Total time for which application threads were stopped: 0.0001011 seconds, Stopping threads took: 0.0000227 seconds
[2022-06-16T20:35:25.265+0000][3704][safepoint    ] Application time: 1.0115899 seconds
[2022-06-16T20:35:25.265+0000][3704][safepoint    ] Entering safepoint region: Cleanup
[2022-06-16T20:35:25.265+0000][3704][safepoint    ] Leaving safepoint region
[2022-06-16T20:35:25.265+0000][3704][safepoint    ] Total time for which application threads were stopped: 0.0001032 seconds, Stopping threads took: 0.0000234 seconds
[2022-06-16T20:35:26.276+0000][3704][safepoint    ] Application time: 1.0105468 seconds
[2022-06-16T20:35:26.276+0000][3704][safepoint    ] Entering safepoint region: Cleanup
[2022-06-16T20:35:26.276+0000][3704][safepoint    ] Leaving safepoint region
[2022-06-16T20:35:26.276+0000][3704][safepoint    ] Total time for which application threads were stopped: 0.0001040 seconds, Stopping threads took: 0.0000280 seconds
[2022-06-16T20:35:27.288+0000][3704][safepoint    ] Application time: 1.0115797 seconds
[2022-06-16T20:35:27.288+0000][3704][safepoint    ] Entering safepoint region: Cleanup
[2022-06-16T20:35:27.288+0000][3704][safepoint    ] Leaving safepoint region
[2022-06-16T20:35:27.288+0000][3704][safepoint    ] Total time for which application threads were stopped: 0.0001009 seconds, Stopping threads took: 0.0000218 seconds
[2022-06-16T20:35:28.289+0000][3704][safepoint    ] Application time: 1.0015222 seconds
[2022-06-16T20:35:28.289+0000][3704][safepoint    ] Entering safepoint region: Cleanup
[2022-06-16T20:35:28.289+0000][3704][safepoint    ] Leaving safepoint region
[2022-06-16T20:35:28.289+0000][3704][safepoint    ] Total time for which application threads were stopped: 0.0001008 seconds, Stopping threads took: 0.0000226 seconds
[2022-06-16T20:35:29.291+0000][3704][safepoint    ] Application time: 1.0015129 seconds
[2022-06-16T20:35:29.291+0000][3704][safepoint    ] Entering safepoint region: Cleanup
[2022-06-16T20:35:29.291+0000][3704][safepoint    ] Leaving safepoint region
[2022-06-16T20:35:29.291+0000][3704][safepoint    ] Total time for which application threads were stopped: 0.0001032 seconds, Stopping threads took: 0.0000251 seconds
[2022-06-16T20:35:30.294+0000][3704][safepoint    ] Application time: 1.0029269 seconds
[2022-06-16T20:35:30.294+0000][3704][safepoint    ] Entering safepoint region: Cleanup
[2022-06-16T20:35:30.294+0000][3704][safepoint    ] Leaving safepoint region
[2022-06-16T20:35:30.294+0000][3704][safepoint    ] Total time for which application threads were stopped: 0.0000986 seconds, Stopping threads took: 0.0000222 seconds
[2022-06-16T20:35:31.305+0000][3704][safepoint    ] Application time: 1.0102336 seconds
[2022-06-16T20:35:31.305+0000][3704][safepoint    ] Entering safepoint region: Cleanup
[2022-06-16T20:35:31.305+0000][3704][safepoint    ] Leaving safepoint region
[2022-06-16T20:35:31.305+0000][3704][safepoint    ] Total time for which application threads were stopped: 0.0001000 seconds, Stopping threads took: 0.0000235 seconds
[2022-06-16T20:35:32.306+0000][3704][safepoint    ] Application time: 1.0010729 seconds
[2022-06-16T20:35:32.306+0000][3704][safepoint    ] Entering safepoint region: Cleanup
[2022-06-16T20:35:32.306+0000][3704][safepoint    ] Leaving safepoint region
[2022-06-16T20:35:32.306+0000][3704][safepoint    ] Total time for which application threads were stopped: 0.0001684 seconds, Stopping threads took: 0.0000848 seconds
[2022-06-16T20:35:33.313+0000][3704][safepoint    ] Application time: 1.0068656 seconds
[2022-06-16T20:35:33.313+0000][3704][safepoint    ] Entering safepoint region: Cleanup
[2022-06-16T20:35:33.313+0000][3704][safepoint    ] Leaving safepoint region
[2022-06-16T20:35:33.313+0000][3704][safepoint    ] Total time for which application threads were stopped: 0.0001101 seconds, Stopping threads took: 0.0000245 seconds
[2022-06-16T20:35:34.325+0000][3704][safepoint    ] Application time: 1.0115911 seconds
[2022-06-16T20:35:34.325+0000][3704][safepoint    ] Entering safepoint region: Cleanup
[2022-06-16T20:35:34.325+0000][3704][safepoint    ] Leaving safepoint region
[2022-06-16T20:35:34.325+0000][3704][safepoint    ] Total time for which application threads were stopped: 0.0001089 seconds, Stopping threads took: 0.0000246 seconds
[2022-06-16T20:35:35.334+0000][3704][safepoint    ] Application time: 1.0088742 seconds
[2022-06-16T20:35:35.334+0000][3704][safepoint    ] Entering safepoint region: Cleanup
[2022-06-16T20:35:35.334+0000][3704][safepoint    ] Leaving safepoint region
[2022-06-16T20:35:35.334+0000][3704][safepoint    ] Total time for which application threads were stopped: 0.0001369 seconds, Stopping threads took: 0.0000299 seconds
[2022-06-16T20:35:36.343+0000][3704][safepoint    ] Application time: 1.0091883 seconds
[2022-06-16T20:35:36.343+0000][3704][safepoint    ] Entering safepoint region: Cleanup
[2022-06-16T20:35:36.343+0000][3704][safepoint    ] Leaving safepoint region
[2022-06-16T20:35:36.343+0000][3704][safepoint    ] Total time for which application threads were stopped: 0.0001070 seconds, Stopping threads took: 0.0000251 seconds
[2022-06-16T20:35:37.350+0000][3704][safepoint    ] Application time: 1.0065400 seconds
[2022-06-16T20:35:37.350+0000][3704][safepoint    ] Entering safepoint region: Cleanup
[2022-06-16T20:35:37.350+0000][3704][safepoint    ] Leaving safepoint region
[2022-06-16T20:35:37.350+0000][3704][safepoint    ] Total time for which application threads were stopped: 0.0001081 seconds, Stopping threads took: 0.0000260 seconds
[2022-06-16T20:35:38.357+0000][3704][safepoint    ] Application time: 1.0065110 seconds
[2022-06-16T20:35:38.357+0000][3704][safepoint    ] Entering safepoint region: Cleanup
[2022-06-16T20:35:38.357+0000][3704][safepoint    ] Leaving safepoint region
[2022-06-16T20:35:38.357+0000][3704][safepoint    ] Total time for which application threads were stopped: 0.0001132 seconds, Stopping threads took: 0.0000246 seconds
[2022-06-16T20:35:38.575+0000][3704][safepoint    ] Application time: 0.2187297 seconds
[2022-06-16T20:35:38.575+0000][3704][safepoint    ] Entering safepoint region: RevokeBias
[2022-06-16T20:35:38.575+0000][3704][safepoint    ] Leaving safepoint region
[2022-06-16T20:35:38.575+0000][3704][safepoint    ] Total time for which application threads were stopped: 0.0000970 seconds, Stopping threads took: 0.0000191 seconds
[2022-06-16T20:35:39.588+0000][3704][safepoint    ] Application time: 1.0120147 seconds
[2022-06-16T20:35:39.588+0000][3704][safepoint    ] Entering safepoint region: Cleanup
[2022-06-16T20:35:39.588+0000][3704][safepoint    ] Leaving safepoint region
[2022-06-16T20:35:39.588+0000][3704][safepoint    ] Total time for which application threads were stopped: 0.0001101 seconds, Stopping threads took: 0.0000221 seconds
[2022-06-16T20:35:40.600+0000][3704][safepoint    ] Application time: 1.0120579 seconds
[2022-06-16T20:35:40.600+0000][3704][safepoint    ] Entering safepoint region: Cleanup
[2022-06-16T20:35:40.600+0000][3704][safepoint    ] Leaving safepoint region
[2022-06-16T20:35:40.600+0000][3704][safepoint    ] Total time for which application threads were stopped: 0.0001041 seconds, Stopping threads took: 0.0000254 seconds
[2022-06-16T20:35:41.612+0000][3704][safepoint    ] Application time: 1.0121876 seconds
[2022-06-16T20:35:41.612+0000][3704][safepoint    ] Entering safepoint region: Cleanup
[2022-06-16T20:35:41.612+0000][3704][safepoint    ] Leaving safepoint region
[2022-06-16T20:35:41.612+0000][3704][safepoint    ] Total time for which application threads were stopped: 0.0001097 seconds, Stopping threads took: 0.0000304 seconds
[2022-06-16T20:35:42.628+0000][3704][safepoint    ] Application time: 1.0150347 seconds
[2022-06-16T20:35:42.628+0000][3704][safepoint    ] Entering safepoint region: Cleanup
[2022-06-16T20:35:42.628+0000][3704][safepoint    ] Leaving safepoint region
[2022-06-16T20:35:42.628+0000][3704][safepoint    ] Total time for which application threads were stopped: 0.0001116 seconds, Stopping threads took: 0.0000304 seconds
[2022-06-16T20:35:43.640+0000][3704][safepoint    ] Application time: 1.0124598 seconds
[2022-06-16T20:35:43.640+0000][3704][safepoint    ] Entering safepoint region: Cleanup
[2022-06-16T20:35:43.640+0000][3704][safepoint    ] Leaving safepoint region
[2022-06-16T20:35:43.640+0000][3704][safepoint    ] Total time for which application threads were stopped: 0.0001046 seconds, Stopping threads took: 0.0000241 seconds
[2022-06-16T20:35:44.641+0000][3704][safepoint    ] Application time: 1.0010665 seconds
[2022-06-16T20:35:44.641+0000][3704][safepoint    ] Entering safepoint region: Cleanup
[2022-06-16T20:35:44.641+0000][3704][safepoint    ] Leaving safepoint region
[2022-06-16T20:35:44.641+0000][3704][safepoint    ] Total time for which application threads were stopped: 0.0000999 seconds, Stopping threads took: 0.0000219 seconds
[2022-06-16T20:35:45.649+0000][3704][safepoint    ] Application time: 1.0070900 seconds
[2022-06-16T20:35:45.649+0000][3704][safepoint    ] Entering safepoint region: Cleanup
[2022-06-16T20:35:45.649+0000][3704][safepoint    ] Leaving safepoint region
[2022-06-16T20:35:45.649+0000][3704][safepoint    ] Total time for which application threads were stopped: 0.0001001 seconds, Stopping threads took: 0.0000221 seconds
[2022-06-16T20:35:46.659+0000][3704][safepoint    ] Application time: 1.0099898 seconds
[2022-06-16T20:35:46.659+0000][3704][safepoint    ] Entering safepoint region: Cleanup
[2022-06-16T20:35:46.659+0000][3704][safepoint    ] Leaving safepoint region
[2022-06-16T20:35:46.659+0000][3704][safepoint    ] Total time for which application threads were stopped: 0.0001379 seconds, Stopping threads took: 0.0000313 seconds
[2022-06-16T20:35:47.672+0000][3704][safepoint    ] Application time: 1.0127658 seconds
[2022-06-16T20:35:47.672+0000][3704][safepoint    ] Entering safepoint region: Cleanup
[2022-06-16T20:35:47.672+0000][3704][safepoint    ] Leaving safepoint region
[2022-06-16T20:35:47.672+0000][3704][safepoint    ] Total time for which application threads were stopped: 0.0000995 seconds, Stopping threads took: 0.0000223 seconds
[2022-06-16T20:35:48.312+0000][3704][safepoint    ] Application time: 0.6403931 seconds
[2022-06-16T20:35:48.312+0000][3704][safepoint    ] Entering safepoint region: RevokeBias
[2022-06-16T20:35:48.312+0000][3704][safepoint    ] Leaving safepoint region
[2022-06-16T20:35:48.312+0000][3704][safepoint    ] Total time for which application threads were stopped: 0.0000993 seconds, Stopping threads took: 0.0000196 seconds
[2022-06-16T20:35:49.314+0000][3704][safepoint    ] Application time: 1.0014967 seconds
[2022-06-16T20:35:49.314+0000][3704][safepoint    ] Entering safepoint region: Cleanup
[2022-06-16T20:35:49.314+0000][3704][safepoint    ] Leaving safepoint region
[2022-06-16T20:35:49.314+0000][3704][safepoint    ] Total time for which application threads were stopped: 0.0000998 seconds, Stopping threads took: 0.0000226 seconds
[2022-06-16T20:35:49.831+0000][3704][safepoint    ] Application time: 0.5171924 seconds
[2022-06-16T20:35:49.831+0000][3704][safepoint    ] Entering safepoint region: RevokeBias
[2022-06-16T20:35:49.831+0000][3704][safepoint    ] Leaving safepoint region
[2022-06-16T20:35:49.831+0000][3704][safepoint    ] Total time for which application threads were stopped: 0.0001694 seconds, Stopping threads took: 0.0000718 seconds
[2022-06-16T20:35:49.831+0000][3704][safepoint    ] Application time: 0.0004669 seconds
[2022-06-16T20:35:49.831+0000][3704][safepoint    ] Entering safepoint region: RevokeBias
[2022-06-16T20:35:49.831+0000][3704][safepoint    ] Leaving safepoint region
[2022-06-16T20:35:49.831+0000][3704][safepoint    ] Total time for which application threads were stopped: 0.0001310 seconds, Stopping threads took: 0.0000226 seconds
[2022-06-16T20:35:50.273+0000][3704][safepoint    ] Application time: 0.4407321 seconds
[2022-06-16T20:35:50.273+0000][3704][safepoint    ] Entering safepoint region: RevokeBias
[2022-06-16T20:35:50.273+0000][3704][safepoint    ] Leaving safepoint region
[2022-06-16T20:35:50.273+0000][3704][safepoint    ] Total time for which application threads were stopped: 0.0001832 seconds, Stopping threads took: 0.0000725 seconds
[2022-06-16T20:35:50.289+0000][3704][safepoint    ] Application time: 0.0160246 seconds
[2022-06-16T20:35:50.289+0000][3704][safepoint    ] Entering safepoint region: RevokeBias
[2022-06-16T20:35:50.289+0000][3704][safepoint    ] Leaving safepoint region
[2022-06-16T20:35:50.289+0000][3704][safepoint    ] Total time for which application threads were stopped: 0.0001399 seconds, Stopping threads took: 0.0000493 seconds
[2022-06-16T20:35:50.289+0000][3704][safepoint    ] Application time: 0.0006245 seconds
[2022-06-16T20:35:50.289+0000][3704][safepoint    ] Entering safepoint region: RevokeBias
[2022-06-16T20:35:50.289+0000][3704][safepoint    ] Leaving safepoint region
[2022-06-16T20:35:50.289+0000][3704][safepoint    ] Total time for which application threads were stopped: 0.0000810 seconds, Stopping threads took: 0.0000287 seconds
[2022-06-16T20:35:51.293+0000][3704][safepoint    ] Application time: 1.0023559 seconds
[2022-06-16T20:35:51.293+0000][3704][safepoint    ] Entering safepoint region: Cleanup
[2022-06-16T20:35:51.293+0000][3704][safepoint    ] Leaving safepoint region
[2022-06-16T20:35:51.293+0000][3704][safepoint    ] Total time for which application threads were stopped: 0.0001133 seconds, Stopping threads took: 0.0000256 seconds
[2022-06-16T20:35:58.352+0000][3704][safepoint    ] Application time: 7.0586101 seconds
[2022-06-16T20:35:58.352+0000][3704][safepoint    ] Entering safepoint region: Cleanup
[2022-06-16T20:35:58.352+0000][3704][safepoint    ] Leaving safepoint region
[2022-06-16T20:35:58.352+0000][3704][safepoint    ] Total time for which application threads were stopped: 0.0000942 seconds, Stopping threads took: 0.0000226 seconds
[2022-06-16T20:36:01.373+0000][3704][safepoint    ] Application time: 3.0210339 seconds
[2022-06-16T20:36:01.373+0000][3704][safepoint    ] Entering safepoint region: Cleanup
[2022-06-16T20:36:01.373+0000][3704][safepoint    ] Leaving safepoint region
[2022-06-16T20:36:01.373+0000][3704][safepoint    ] Total time for which application threads were stopped: 0.0000944 seconds, Stopping threads took: 0.0000225 seconds
[2022-06-16T20:36:08.807+0000][3704][safepoint    ] Application time: 7.4342074 seconds
[2022-06-16T20:36:08.807+0000][3704][safepoint    ] Entering safepoint region: BulkRevokeBias
[2022-06-16T20:36:08.807+0000][3704][safepoint    ] Leaving safepoint region
[2022-06-16T20:36:08.807+0000][3704][safepoint    ] Total time for which application threads were stopped: 0.0002881 seconds, Stopping threads took: 0.0000247 seconds
[2022-06-16T20:36:09.814+0000][3704][safepoint    ] Application time: 1.0062597 seconds
[2022-06-16T20:36:09.814+0000][3704][safepoint    ] Entering safepoint region: Cleanup
[2022-06-16T20:36:09.814+0000][3704][safepoint    ] Leaving safepoint region
[2022-06-16T20:36:09.814+0000][3704][safepoint    ] Total time for which application threads were stopped: 0.0001293 seconds, Stopping threads took: 0.0000302 seconds
[2022-06-16T20:36:10.825+0000][3704][safepoint    ] Application time: 1.0110518 seconds
[2022-06-16T20:36:10.825+0000][3704][safepoint    ] Entering safepoint region: Cleanup
[2022-06-16T20:36:10.825+0000][3704][safepoint    ] Leaving safepoint region
[2022-06-16T20:36:10.825+0000][3704][safepoint    ] Total time for which application threads were stopped: 0.0001310 seconds, Stopping threads took: 0.0000359 seconds
[2022-06-16T20:36:11.836+0000][3704][safepoint    ] Application time: 1.0104861 seconds
[2022-06-16T20:36:11.836+0000][3704][safepoint    ] Entering safepoint region: Cleanup
[2022-06-16T20:36:11.836+0000][3704][safepoint    ] Leaving safepoint region
[2022-06-16T20:36:11.836+0000][3704][safepoint    ] Total time for which application threads were stopped: 0.0001193 seconds, Stopping threads took: 0.0000292 seconds
[2022-06-16T20:36:12.837+0000][3704][safepoint    ] Application time: 1.0010085 seconds
[2022-06-16T20:36:12.837+0000][3704][safepoint    ] Entering safepoint region: Cleanup
[2022-06-16T20:36:12.837+0000][3704][safepoint    ] Leaving safepoint region
[2022-06-16T20:36:12.837+0000][3704][safepoint    ] Total time for which application threads were stopped: 0.0001248 seconds, Stopping threads took: 0.0000290 seconds
[2022-06-16T20:36:14.851+0000][3704][safepoint    ] Application time: 2.0142945 seconds
[2022-06-16T20:36:14.851+0000][3704][safepoint    ] Entering safepoint region: Cleanup
[2022-06-16T20:36:14.851+0000][3704][safepoint    ] Leaving safepoint region
[2022-06-16T20:36:14.851+0000][3704][safepoint    ] Total time for which application threads were stopped: 0.0001207 seconds, Stopping threads took: 0.0000281 seconds
[2022-06-16T20:36:15.862+0000][3704][safepoint    ] Application time: 1.0099663 seconds
[2022-06-16T20:36:15.862+0000][3704][safepoint    ] Entering safepoint region: Cleanup
[2022-06-16T20:36:15.862+0000][3704][safepoint    ] Leaving safepoint region
[2022-06-16T20:36:15.862+0000][3704][safepoint    ] Total time for which application threads were stopped: 0.0001198 seconds, Stopping threads took: 0.0000290 seconds
[2022-06-16T20:36:17.878+0000][3704][safepoint    ] Application time: 2.0162314 seconds
[2022-06-16T20:36:17.878+0000][3704][safepoint    ] Entering safepoint region: Cleanup
[2022-06-16T20:36:17.878+0000][3704][safepoint    ] Leaving safepoint region
[2022-06-16T20:36:17.878+0000][3704][safepoint    ] Total time for which application threads were stopped: 0.0001157 seconds, Stopping threads took: 0.0000298 seconds
[2022-06-16T20:36:19.901+0000][3704][safepoint    ] Application time: 2.0224619 seconds
[2022-06-16T20:36:19.901+0000][3704][safepoint    ] Entering safepoint region: Cleanup
[2022-06-16T20:36:19.901+0000][3704][safepoint    ] Leaving safepoint region
[2022-06-16T20:36:19.901+0000][3704][safepoint    ] Total time for which application threads were stopped: 0.0001245 seconds, Stopping threads took: 0.0000290 seconds
[2022-06-16T20:36:20.298+0000][3704][safepoint    ] Application time: 0.3978693 seconds
[2022-06-16T20:36:20.298+0000][3704][safepoint    ] Entering safepoint region: RevokeBias
[2022-06-16T20:36:20.298+0000][3704][safepoint    ] Leaving safepoint region
[2022-06-16T20:36:20.298+0000][3704][safepoint    ] Total time for which application threads were stopped: 0.0001371 seconds, Stopping threads took: 0.0000368 seconds
[2022-06-16T20:36:20.298+0000][3704][safepoint    ] Application time: 0.0004241 seconds
[2022-06-16T20:36:20.298+0000][3704][safepoint    ] Entering safepoint region: RevokeBias
[2022-06-16T20:36:20.298+0000][3704][safepoint    ] Leaving safepoint region
[2022-06-16T20:36:20.298+0000][3704][safepoint    ] Total time for which application threads were stopped: 0.0000728 seconds, Stopping threads took: 0.0000223 seconds
[2022-06-16T20:36:20.298+0000][3704][safepoint    ] Application time: 0.0002188 seconds
[2022-06-16T20:36:20.298+0000][3704][safepoint    ] Entering safepoint region: RevokeBias
[2022-06-16T20:36:20.298+0000][3704][safepoint    ] Leaving safepoint region
[2022-06-16T20:36:20.298+0000][3704][safepoint    ] Total time for which application threads were stopped: 0.0000686 seconds, Stopping threads took: 0.0000221 seconds
[2022-06-16T20:36:20.298+0000][3704][safepoint    ] Application time: 0.0001303 seconds
[2022-06-16T20:36:20.298+0000][3704][safepoint    ] Entering safepoint region: RevokeBias
[2022-06-16T20:36:20.298+0000][3704][safepoint    ] Leaving safepoint region
[2022-06-16T20:36:20.298+0000][3704][safepoint    ] Total time for which application threads were stopped: 0.0000881 seconds, Stopping threads took: 0.0000271 seconds
[2022-06-16T20:36:21.303+0000][3704][safepoint    ] Application time: 1.0029029 seconds
[2022-06-16T20:36:21.303+0000][3704][safepoint    ] Entering safepoint region: Cleanup
[2022-06-16T20:36:21.303+0000][3704][safepoint    ] Leaving safepoint region
[2022-06-16T20:36:21.303+0000][3704][safepoint    ] Total time for which application threads were stopped: 0.0000936 seconds, Stopping threads took: 0.0000216 seconds
[2022-06-16T20:36:26.346+0000][3704][safepoint    ] Application time: 5.0431154 seconds
[2022-06-16T20:36:26.346+0000][3704][safepoint    ] Entering safepoint region: Cleanup
[2022-06-16T20:36:26.346+0000][3704][safepoint    ] Leaving safepoint region
[2022-06-16T20:36:26.346+0000][3704][safepoint    ] Total time for which application threads were stopped: 0.0000933 seconds, Stopping threads took: 0.0000215 seconds
[2022-06-16T20:36:30.381+0000][3704][safepoint    ] Application time: 4.0344229 seconds
[2022-06-16T20:36:30.381+0000][3704][safepoint    ] Entering safepoint region: Cleanup
[2022-06-16T20:36:30.381+0000][3704][safepoint    ] Leaving safepoint region
[2022-06-16T20:36:30.381+0000][3704][safepoint    ] Total time for which application threads were stopped: 0.0001040 seconds, Stopping threads took: 0.0000290 seconds
[2022-06-16T20:36:32.393+0000][3704][safepoint    ] Application time: 2.0122224 seconds
[2022-06-16T20:36:32.393+0000][3704][safepoint    ] Entering safepoint region: Cleanup
[2022-06-16T20:36:32.393+0000][3704][safepoint    ] Leaving safepoint region
[2022-06-16T20:36:32.393+0000][3704][safepoint    ] Total time for which application threads were stopped: 0.0000951 seconds, Stopping threads took: 0.0000224 seconds
[2022-06-16T20:36:38.591+0000][3704][safepoint    ] Application time: 6.1976393 seconds
[2022-06-16T20:36:38.591+0000][3704][safepoint    ] Entering safepoint region: RevokeBias
[2022-06-16T20:36:38.591+0000][3704][safepoint    ] Leaving safepoint region
[2022-06-16T20:36:38.591+0000][3704][safepoint    ] Total time for which application threads were stopped: 0.0000996 seconds, Stopping threads took: 0.0000196 seconds
[2022-06-16T20:36:39.593+0000][3704][safepoint    ] Application time: 1.0019789 seconds
[2022-06-16T20:36:39.593+0000][3704][safepoint    ] Entering safepoint region: Cleanup
[2022-06-16T20:36:39.593+0000][3704][safepoint    ] Leaving safepoint region
[2022-06-16T20:36:39.593+0000][3704][safepoint    ] Total time for which application threads were stopped: 0.0000843 seconds, Stopping threads took: 0.0000206 seconds
[2022-06-16T20:36:45.649+0000][3704][safepoint    ] Application time: 6.0552985 seconds
[2022-06-16T20:36:45.649+0000][3704][safepoint    ] Entering safepoint region: Cleanup
[2022-06-16T20:36:45.649+0000][3704][safepoint    ] Leaving safepoint region
[2022-06-16T20:36:45.649+0000][3704][safepoint    ] Total time for which application threads were stopped: 0.0000926 seconds, Stopping threads took: 0.0000226 seconds
[2022-06-16T20:36:49.675+0000][3704][safepoint    ] Application time: 4.0257895 seconds
[2022-06-16T20:36:49.675+0000][3704][safepoint    ] Entering safepoint region: Cleanup
[2022-06-16T20:36:49.675+0000][3704][safepoint    ] Leaving safepoint region
[2022-06-16T20:36:49.675+0000][3704][safepoint    ] Total time for which application threads were stopped: 0.0000950 seconds, Stopping threads took: 0.0000209 seconds
[2022-06-16T20:36:50.312+0000][3704][safepoint    ] Application time: 0.6382023 seconds
[2022-06-16T20:36:50.312+0000][3704][safepoint    ] Entering safepoint region: RevokeBias
[2022-06-16T20:36:50.312+0000][3704][safepoint    ] Leaving safepoint region
[2022-06-16T20:36:50.312+0000][3704][safepoint    ] Total time for which application threads were stopped: 0.0001477 seconds, Stopping threads took: 0.0000447 seconds
[2022-06-16T20:36:50.312+0000][3704][safepoint    ] Application time: 0.0005486 seconds
[2022-06-16T20:36:50.312+0000][3704][safepoint    ] Entering safepoint region: RevokeBias
[2022-06-16T20:36:50.312+0000][3704][safepoint    ] Leaving safepoint region
[2022-06-16T20:36:50.312+0000][3704][safepoint    ] Total time for which application threads were stopped: 0.0000662 seconds, Stopping threads took: 0.0000145 seconds
[2022-06-16T20:36:57.366+0000][3704][safepoint    ] Application time: 7.0525685 seconds
[2022-06-16T20:36:57.366+0000][3704][safepoint    ] Entering safepoint region: Cleanup
[2022-06-16T20:36:57.366+0000][3704][safepoint    ] Leaving safepoint region
[2022-06-16T20:36:57.366+0000][3704][safepoint    ] Total time for which application threads were stopped: 0.0001232 seconds, Stopping threads took: 0.0000302 seconds
[2022-06-16T20:36:58.367+0000][3704][safepoint    ] Application time: 1.0005101 seconds
[2022-06-16T20:36:58.367+0000][3704][safepoint    ] Entering safepoint region: Cleanup
[2022-06-16T20:36:58.367+0000][3704][safepoint    ] Leaving safepoint region
[2022-06-16T20:36:58.367+0000][3704][safepoint    ] Total time for which application threads were stopped: 0.0001187 seconds, Stopping threads took: 0.0000284 seconds
[2022-06-16T20:37:01.383+0000][3704][safepoint    ] Application time: 3.0158222 seconds
[2022-06-16T20:37:01.383+0000][3704][safepoint    ] Entering safepoint region: Cleanup
[2022-06-16T20:37:01.383+0000][3704][safepoint    ] Leaving safepoint region
[2022-06-16T20:37:01.383+0000][3704][safepoint    ] Total time for which application threads were stopped: 0.0001129 seconds, Stopping threads took: 0.0000279 seconds
[2022-06-16T20:37:03.396+0000][3704][safepoint    ] Application time: 2.0123945 seconds
[2022-06-16T20:37:03.396+0000][3704][safepoint    ] Entering safepoint region: Cleanup
[2022-06-16T20:37:03.396+0000][3704][safepoint    ] Leaving safepoint region
[2022-06-16T20:37:03.396+0000][3704][safepoint    ] Total time for which application threads were stopped: 0.0001150 seconds, Stopping threads took: 0.0000268 seconds
[2022-06-16T20:37:05.414+0000][3704][safepoint    ] Application time: 2.0178311 seconds
[2022-06-16T20:37:05.414+0000][3704][safepoint    ] Entering safepoint region: Cleanup
[2022-06-16T20:37:05.414+0000][3704][safepoint    ] Leaving safepoint region
[2022-06-16T20:37:05.414+0000][3704][safepoint    ] Total time for which application threads were stopped: 0.0001209 seconds, Stopping threads took: 0.0000279 seconds
[2022-06-16T20:37:15.468+0000][3704][safepoint    ] Application time: 10.0540371 seconds
[2022-06-16T20:37:15.468+0000][3704][safepoint    ] Entering safepoint region: Cleanup
[2022-06-16T20:37:15.468+0000][3704][safepoint    ] Leaving safepoint region
[2022-06-16T20:37:15.468+0000][3704][safepoint    ] Total time for which application threads were stopped: 0.0001197 seconds, Stopping threads took: 0.0000295 seconds
[2022-06-16T20:37:20.319+0000][3704][safepoint    ] Application time: 4.8518484 seconds
[2022-06-16T20:37:20.319+0000][3704][safepoint    ] Entering safepoint region: RevokeBias
[2022-06-16T20:37:20.319+0000][3704][safepoint    ] Leaving safepoint region
[2022-06-16T20:37:20.319+0000][3704][safepoint    ] Total time for which application threads were stopped: 0.0001705 seconds, Stopping threads took: 0.0000524 seconds
[2022-06-16T20:37:20.319+0000][3704][safepoint    ] Application time: 0.0011740 seconds
[2022-06-16T20:37:20.319+0000][3704][safepoint    ] Entering safepoint region: RevokeBias
[2022-06-16T20:37:20.319+0000][3704][safepoint    ] Leaving safepoint region
[2022-06-16T20:37:20.319+0000][3704][safepoint    ] Total time for which application threads were stopped: 0.0001121 seconds, Stopping threads took: 0.0000274 seconds
[2022-06-16T20:37:21.327+0000][3704][safepoint    ] Application time: 1.0059948 seconds
[2022-06-16T20:37:21.327+0000][3704][safepoint    ] Entering safepoint region: Cleanup
[2022-06-16T20:37:21.327+0000][3704][safepoint    ] Leaving safepoint region
[2022-06-16T20:37:21.327+0000][3704][safepoint    ] Total time for which application threads were stopped: 0.0001384 seconds, Stopping threads took: 0.0000357 seconds
[2022-06-16T20:37:24.328+0000][3704][safepoint    ] Application time: 3.0007897 seconds
[2022-06-16T20:37:24.328+0000][3704][safepoint    ] Entering safepoint region: Cleanup
[2022-06-16T20:37:24.328+0000][3704][safepoint    ] Leaving safepoint region
[2022-06-16T20:37:24.328+0000][3704][safepoint    ] Total time for which application threads were stopped: 0.0001284 seconds, Stopping threads took: 0.0000306 seconds
[2022-06-16T20:37:26.339+0000][3704][safepoint    ] Application time: 2.0103625 seconds
[2022-06-16T20:37:26.339+0000][3704][safepoint    ] Entering safepoint region: Cleanup
[2022-06-16T20:37:26.339+0000][3704][safepoint    ] Leaving safepoint region
[2022-06-16T20:37:26.339+0000][3704][safepoint    ] Total time for which application threads were stopped: 0.0001227 seconds, Stopping threads took: 0.0000296 seconds
[2022-06-16T20:37:35.402+0000][3704][safepoint    ] Application time: 9.0630066 seconds
[2022-06-16T20:37:35.402+0000][3704][safepoint    ] Entering safepoint region: Cleanup
[2022-06-16T20:37:35.402+0000][3704][safepoint    ] Leaving safepoint region
[2022-06-16T20:37:35.402+0000][3704][safepoint    ] Total time for which application threads were stopped: 0.0001200 seconds, Stopping threads took: 0.0000292 seconds
[2022-06-16T20:37:41.426+0000][3704][safepoint    ] Application time: 6.0240563 seconds
[2022-06-16T20:37:41.426+0000][3704][safepoint    ] Entering safepoint region: Cleanup
[2022-06-16T20:37:41.426+0000][3704][safepoint    ] Leaving safepoint region
[2022-06-16T20:37:41.426+0000][3704][safepoint    ] Total time for which application threads were stopped: 0.0000989 seconds, Stopping threads took: 0.0000217 seconds
[2022-06-16T20:37:46.459+0000][3704][safepoint    ] Application time: 5.0324832 seconds
[2022-06-16T20:37:46.459+0000][3704][safepoint    ] Entering safepoint region: Cleanup
[2022-06-16T20:37:46.459+0000][3704][safepoint    ] Leaving safepoint region
[2022-06-16T20:37:46.459+0000][3704][safepoint    ] Total time for which application threads were stopped: 0.0001238 seconds, Stopping threads took: 0.0000306 seconds
[2022-06-16T20:37:49.485+0000][3704][safepoint    ] Application time: 3.0255669 seconds
[2022-06-16T20:37:49.485+0000][3704][safepoint    ] Entering safepoint region: Cleanup
[2022-06-16T20:37:49.485+0000][3704][safepoint    ] Leaving safepoint region
[2022-06-16T20:37:49.485+0000][3704][safepoint    ] Total time for which application threads were stopped: 0.0000918 seconds, Stopping threads took: 0.0000227 seconds
[2022-06-16T20:37:50.324+0000][3704][safepoint    ] Application time: 0.8394928 seconds
[2022-06-16T20:37:50.324+0000][3704][safepoint    ] Entering safepoint region: RevokeBias
[2022-06-16T20:37:50.324+0000][3704][safepoint    ] Leaving safepoint region
[2022-06-16T20:37:50.324+0000][3704][safepoint    ] Total time for which application threads were stopped: 0.0001754 seconds, Stopping threads took: 0.0000658 seconds
[2022-06-16T20:37:50.324+0000][3704][safepoint    ] Application time: 0.0002505 seconds
[2022-06-16T20:37:50.324+0000][3704][safepoint    ] Entering safepoint region: RevokeBias
[2022-06-16T20:37:50.324+0000][3704][safepoint    ] Leaving safepoint region
[2022-06-16T20:37:50.324+0000][3704][safepoint    ] Total time for which application threads were stopped: 0.0000629 seconds, Stopping threads took: 0.0000136 seconds
[2022-06-16T20:37:51.337+0000][3704][safepoint    ] Application time: 1.0122746 seconds
[2022-06-16T20:37:51.337+0000][3704][safepoint    ] Entering safepoint region: Cleanup
[2022-06-16T20:37:51.337+0000][3704][safepoint    ] Leaving safepoint region
[2022-06-16T20:37:51.337+0000][3704][safepoint    ] Total time for which application threads were stopped: 0.0000958 seconds, Stopping threads took: 0.0000298 seconds
[2022-06-16T20:37:52.343+0000][3704][safepoint    ] Application time: 1.0051031 seconds
[2022-06-16T20:37:52.343+0000][3704][safepoint    ] Entering safepoint region: Cleanup
[2022-06-16T20:37:52.343+0000][3704][safepoint    ] Leaving safepoint region
[2022-06-16T20:37:52.343+0000][3704][safepoint    ] Total time for which application threads were stopped: 0.0000907 seconds, Stopping threads took: 0.0000250 seconds
[2022-06-16T20:37:53.349+0000][3704][safepoint    ] Application time: 1.0060318 seconds
[2022-06-16T20:37:53.349+0000][3704][safepoint    ] Entering safepoint region: Cleanup
[2022-06-16T20:37:53.349+0000][3704][safepoint    ] Leaving safepoint region
[2022-06-16T20:37:53.349+0000][3704][safepoint    ] Total time for which application threads were stopped: 0.0001065 seconds, Stopping threads took: 0.0000396 seconds
[2022-06-16T20:37:54.355+0000][3704][safepoint    ] Application time: 1.0060229 seconds
[2022-06-16T20:37:54.355+0000][3704][safepoint    ] Entering safepoint region: Cleanup
[2022-06-16T20:37:54.355+0000][3704][safepoint    ] Leaving safepoint region
[2022-06-16T20:37:54.355+0000][3704][safepoint    ] Total time for which application threads were stopped: 0.0000869 seconds, Stopping threads took: 0.0000220 seconds
[2022-06-16T20:37:55.362+0000][3704][safepoint    ] Application time: 1.0071995 seconds
[2022-06-16T20:37:55.362+0000][3704][safepoint    ] Entering safepoint region: Cleanup
[2022-06-16T20:37:55.362+0000][3704][safepoint    ] Leaving safepoint region
[2022-06-16T20:37:55.362+0000][3704][safepoint    ] Total time for which application threads were stopped: 0.0001132 seconds, Stopping threads took: 0.0000290 seconds
[2022-06-16T20:37:56.366+0000][3704][safepoint    ] Application time: 1.0033060 seconds
[2022-06-16T20:37:56.366+0000][3704][safepoint    ] Entering safepoint region: Cleanup
[2022-06-16T20:37:56.366+0000][3704][safepoint    ] Leaving safepoint region
[2022-06-16T20:37:56.366+0000][3704][safepoint    ] Total time for which application threads were stopped: 0.0000863 seconds, Stopping threads took: 0.0000224 seconds
[2022-06-16T20:37:57.379+0000][3704][safepoint    ] Application time: 1.0131371 seconds
[2022-06-16T20:37:57.379+0000][3704][safepoint    ] Entering safepoint region: Cleanup
[2022-06-16T20:37:57.379+0000][3704][safepoint    ] Leaving safepoint region
[2022-06-16T20:37:57.379+0000][3704][safepoint    ] Total time for which application threads were stopped: 0.0000874 seconds, Stopping threads took: 0.0000222 seconds
[2022-06-16T20:37:58.383+0000][3704][safepoint    ] Application time: 1.0031449 seconds
[2022-06-16T20:37:58.383+0000][3704][safepoint    ] Entering safepoint region: Cleanup
[2022-06-16T20:37:58.383+0000][3704][safepoint    ] Leaving safepoint region
[2022-06-16T20:37:58.383+0000][3704][safepoint    ] Total time for which application threads were stopped: 0.0001109 seconds, Stopping threads took: 0.0000307 seconds
[2022-06-16T20:37:59.385+0000][3704][safepoint    ] Application time: 1.0018642 seconds
[2022-06-16T20:37:59.385+0000][3704][safepoint    ] Entering safepoint region: Cleanup
[2022-06-16T20:37:59.385+0000][3704][safepoint    ] Leaving safepoint region
[2022-06-16T20:37:59.385+0000][3704][safepoint    ] Total time for which application threads were stopped: 0.0001042 seconds, Stopping threads took: 0.0000276 seconds
[2022-06-16T20:38:00.390+0000][3704][safepoint    ] Application time: 1.0056191 seconds
[2022-06-16T20:38:00.390+0000][3704][safepoint    ] Entering safepoint region: Cleanup
[2022-06-16T20:38:00.390+0000][3704][safepoint    ] Leaving safepoint region
[2022-06-16T20:38:00.390+0000][3704][safepoint    ] Total time for which application threads were stopped: 0.0000871 seconds, Stopping threads took: 0.0000225 seconds
[2022-06-16T20:38:01.398+0000][3704][safepoint    ] Application time: 1.0074588 seconds
[2022-06-16T20:38:01.398+0000][3704][safepoint    ] Entering safepoint region: Cleanup
[2022-06-16T20:38:01.398+0000][3704][safepoint    ] Leaving safepoint region
[2022-06-16T20:38:01.398+0000][3704][safepoint    ] Total time for which application threads were stopped: 0.0000879 seconds, Stopping threads took: 0.0000219 seconds
[2022-06-16T20:38:02.413+0000][3704][safepoint    ] Application time: 1.0147232 seconds
[2022-06-16T20:38:02.413+0000][3704][safepoint    ] Entering safepoint region: Cleanup
[2022-06-16T20:38:02.413+0000][3704][safepoint    ] Leaving safepoint region
[2022-06-16T20:38:02.413+0000][3704][safepoint    ] Total time for which application threads were stopped: 0.0000903 seconds, Stopping threads took: 0.0000230 seconds
[2022-06-16T20:38:03.423+0000][3704][safepoint    ] Application time: 1.0094887 seconds
[2022-06-16T20:38:03.423+0000][3704][safepoint    ] Entering safepoint region: Cleanup
[2022-06-16T20:38:03.423+0000][3704][safepoint    ] Leaving safepoint region
[2022-06-16T20:38:03.423+0000][3704][safepoint    ] Total time for which application threads were stopped: 0.0000906 seconds, Stopping threads took: 0.0000212 seconds
[2022-06-16T20:38:04.438+0000][3704][safepoint    ] Application time: 1.0153385 seconds
[2022-06-16T20:38:04.438+0000][3704][safepoint    ] Entering safepoint region: Cleanup
[2022-06-16T20:38:04.438+0000][3704][safepoint    ] Leaving safepoint region
[2022-06-16T20:38:04.438+0000][3704][safepoint    ] Total time for which application threads were stopped: 0.0001061 seconds, Stopping threads took: 0.0000289 seconds
[2022-06-16T20:38:05.442+0000][3704][safepoint    ] Application time: 1.0033104 seconds
[2022-06-16T20:38:05.442+0000][3704][safepoint    ] Entering safepoint region: Cleanup
[2022-06-16T20:38:05.442+0000][3704][safepoint    ] Leaving safepoint region
[2022-06-16T20:38:05.442+0000][3704][safepoint    ] Total time for which application threads were stopped: 0.0001060 seconds, Stopping threads took: 0.0000307 seconds
[2022-06-16T20:38:06.454+0000][3704][safepoint    ] Application time: 1.0123859 seconds
[2022-06-16T20:38:06.454+0000][3704][safepoint    ] Entering safepoint region: Cleanup
[2022-06-16T20:38:06.454+0000][3704][safepoint    ] Leaving safepoint region
[2022-06-16T20:38:06.454+0000][3704][safepoint    ] Total time for which application threads were stopped: 0.0001117 seconds, Stopping threads took: 0.0000300 seconds
[2022-06-16T20:38:07.462+0000][3704][safepoint    ] Application time: 1.0072772 seconds
[2022-06-16T20:38:07.462+0000][3704][safepoint    ] Entering safepoint region: Cleanup
[2022-06-16T20:38:07.462+0000][3704][safepoint    ] Leaving safepoint region
[2022-06-16T20:38:07.462+0000][3704][safepoint    ] Total time for which application threads were stopped: 0.0001084 seconds, Stopping threads took: 0.0000271 seconds
[2022-06-16T20:38:08.473+0000][3704][safepoint    ] Application time: 1.0106729 seconds
[2022-06-16T20:38:08.473+0000][3704][safepoint    ] Entering safepoint region: Cleanup
[2022-06-16T20:38:08.473+0000][3704][safepoint    ] Leaving safepoint region
[2022-06-16T20:38:08.473+0000][3704][safepoint    ] Total time for which application threads were stopped: 0.0001160 seconds, Stopping threads took: 0.0000328 seconds
[2022-06-16T20:38:09.488+0000][3704][safepoint    ] Application time: 1.0152869 seconds
[2022-06-16T20:38:09.488+0000][3704][safepoint    ] Entering safepoint region: Cleanup
[2022-06-16T20:38:09.488+0000][3704][safepoint    ] Leaving safepoint region
[2022-06-16T20:38:09.488+0000][3704][safepoint    ] Total time for which application threads were stopped: 0.0000880 seconds, Stopping threads took: 0.0000219 seconds
[2022-06-16T20:38:10.498+0000][3704][safepoint    ] Application time: 1.0098322 seconds
[2022-06-16T20:38:10.498+0000][3704][safepoint    ] Entering safepoint region: Cleanup
[2022-06-16T20:38:10.498+0000][3704][safepoint    ] Leaving safepoint region
[2022-06-16T20:38:10.498+0000][3704][safepoint    ] Total time for which application threads were stopped: 0.0000879 seconds, Stopping threads took: 0.0000230 seconds
[2022-06-16T20:38:11.499+0000][3704][safepoint    ] Application time: 1.0011096 seconds
[2022-06-16T20:38:11.499+0000][3704][safepoint    ] Entering safepoint region: Cleanup
[2022-06-16T20:38:11.499+0000][3704][safepoint    ] Leaving safepoint region
[2022-06-16T20:38:11.499+0000][3704][safepoint    ] Total time for which application threads were stopped: 0.0000970 seconds, Stopping threads took: 0.0000264 seconds
[2022-06-16T20:38:12.505+0000][3704][safepoint    ] Application time: 1.0059253 seconds
[2022-06-16T20:38:12.505+0000][3704][safepoint    ] Entering safepoint region: Cleanup
[2022-06-16T20:38:12.505+0000][3704][safepoint    ] Leaving safepoint region
[2022-06-16T20:38:12.505+0000][3704][safepoint    ] Total time for which application threads were stopped: 0.0000877 seconds, Stopping threads took: 0.0000239 seconds
[2022-06-16T20:38:13.513+0000][3704][safepoint    ] Application time: 1.0075757 seconds
[2022-06-16T20:38:13.513+0000][3704][safepoint    ] Entering safepoint region: Cleanup
[2022-06-16T20:38:13.513+0000][3704][safepoint    ] Leaving safepoint region
[2022-06-16T20:38:13.513+0000][3704][safepoint    ] Total time for which application threads were stopped: 0.0000869 seconds, Stopping threads took: 0.0000217 seconds
[2022-06-16T20:38:14.519+0000][3704][safepoint    ] Application time: 1.0059320 seconds
[2022-06-16T20:38:14.519+0000][3704][safepoint    ] Entering safepoint region: Cleanup
[2022-06-16T20:38:14.519+0000][3704][safepoint    ] Leaving safepoint region
[2022-06-16T20:38:14.519+0000][3704][safepoint    ] Total time for which application threads were stopped: 0.0000857 seconds, Stopping threads took: 0.0000214 seconds
[2022-06-16T20:38:15.521+0000][3704][safepoint    ] Application time: 1.0016525 seconds
[2022-06-16T20:38:15.521+0000][3704][safepoint    ] Entering safepoint region: Cleanup
[2022-06-16T20:38:15.521+0000][3704][safepoint    ] Leaving safepoint region
[2022-06-16T20:38:15.521+0000][3704][safepoint    ] Total time for which application threads were stopped: 0.0000882 seconds, Stopping threads took: 0.0000215 seconds
[2022-06-16T20:38:16.527+0000][3704][safepoint    ] Application time: 1.0055314 seconds
[2022-06-16T20:38:16.527+0000][3704][safepoint    ] Entering safepoint region: Cleanup
[2022-06-16T20:38:16.527+0000][3704][safepoint    ] Leaving safepoint region
[2022-06-16T20:38:16.527+0000][3704][safepoint    ] Total time for which application threads were stopped: 0.0000880 seconds, Stopping threads took: 0.0000237 seconds
[2022-06-16T20:38:17.535+0000][3704][safepoint    ] Application time: 1.0076145 seconds
[2022-06-16T20:38:17.535+0000][3704][safepoint    ] Entering safepoint region: Cleanup
[2022-06-16T20:38:17.535+0000][3704][safepoint    ] Leaving safepoint region
[2022-06-16T20:38:17.535+0000][3704][safepoint    ] Total time for which application threads were stopped: 0.0000930 seconds, Stopping threads took: 0.0000266 seconds
[2022-06-16T20:38:18.541+0000][3704][safepoint    ] Application time: 1.0060176 seconds
[2022-06-16T20:38:18.541+0000][3704][safepoint    ] Entering safepoint region: Cleanup
[2022-06-16T20:38:18.541+0000][3704][safepoint    ] Leaving safepoint region
[2022-06-16T20:38:18.541+0000][3704][safepoint    ] Total time for which application threads were stopped: 0.0001024 seconds, Stopping threads took: 0.0000288 seconds
[2022-06-16T20:38:19.551+0000][3704][safepoint    ] Application time: 1.0096042 seconds
[2022-06-16T20:38:19.551+0000][3704][safepoint    ] Entering safepoint region: Cleanup
[2022-06-16T20:38:19.551+0000][3704][safepoint    ] Leaving safepoint region
[2022-06-16T20:38:19.551+0000][3704][safepoint    ] Total time for which application threads were stopped: 0.0000909 seconds, Stopping threads took: 0.0000229 seconds
[2022-06-16T20:38:20.334+0000][3704][safepoint    ] Application time: 0.7841406 seconds
[2022-06-16T20:38:20.334+0000][3704][safepoint    ] Entering safepoint region: RevokeBias
[2022-06-16T20:38:20.334+0000][3704][safepoint    ] Leaving safepoint region
[2022-06-16T20:38:20.334+0000][3704][safepoint    ] Total time for which application threads were stopped: 0.0001924 seconds, Stopping threads took: 0.0000566 seconds
[2022-06-16T20:38:20.334+0000][3704][safepoint    ] Application time: 0.0004605 seconds
[2022-06-16T20:38:20.334+0000][3704][safepoint    ] Entering safepoint region: RevokeBias
[2022-06-16T20:38:20.334+0000][3704][safepoint    ] Leaving safepoint region
[2022-06-16T20:38:20.334+0000][3704][safepoint    ] Total time for which application threads were stopped: 0.0001070 seconds, Stopping threads took: 0.0000410 seconds
[2022-06-16T20:38:21.338+0000][3704][safepoint    ] Application time: 1.0017894 seconds
[2022-06-16T20:38:21.338+0000][3704][safepoint    ] Entering safepoint region: Cleanup
[2022-06-16T20:38:21.338+0000][3704][safepoint    ] Leaving safepoint region
[2022-06-16T20:38:21.338+0000][3704][safepoint    ] Total time for which application threads were stopped: 0.0001056 seconds, Stopping threads took: 0.0000302 seconds
[2022-06-16T20:38:22.348+0000][3704][safepoint    ] Application time: 1.0105439 seconds
[2022-06-16T20:38:22.348+0000][3704][safepoint    ] Entering safepoint region: Cleanup
[2022-06-16T20:38:22.348+0000][3704][safepoint    ] Leaving safepoint region
[2022-06-16T20:38:22.348+0000][3704][safepoint    ] Total time for which application threads were stopped: 0.0000897 seconds, Stopping threads took: 0.0000231 seconds
[2022-06-16T20:38:23.361+0000][3704][safepoint    ] Application time: 1.0121768 seconds
[2022-06-16T20:38:23.361+0000][3704][safepoint    ] Entering safepoint region: Cleanup
[2022-06-16T20:38:23.361+0000][3704][safepoint    ] Leaving safepoint region
[2022-06-16T20:38:23.361+0000][3704][safepoint    ] Total time for which application threads were stopped: 0.0000885 seconds, Stopping threads took: 0.0000229 seconds
[2022-06-16T20:38:24.371+0000][3704][safepoint    ] Application time: 1.0096744 seconds
[2022-06-16T20:38:24.371+0000][3704][safepoint    ] Entering safepoint region: Cleanup
[2022-06-16T20:38:24.371+0000][3704][safepoint    ] Leaving safepoint region
[2022-06-16T20:38:24.371+0000][3704][safepoint    ] Total time for which application threads were stopped: 0.0000867 seconds, Stopping threads took: 0.0000231 seconds
[2022-06-16T20:38:25.382+0000][3704][safepoint    ] Application time: 1.0110413 seconds
[2022-06-16T20:38:25.382+0000][3704][safepoint    ] Entering safepoint region: Cleanup
[2022-06-16T20:38:25.382+0000][3704][safepoint    ] Leaving safepoint region
[2022-06-16T20:38:25.382+0000][3704][safepoint    ] Total time for which application threads were stopped: 0.0000971 seconds, Stopping threads took: 0.0000300 seconds
[2022-06-16T20:38:26.395+0000][3704][safepoint    ] Application time: 1.0131121 seconds
[2022-06-16T20:38:26.395+0000][3704][safepoint    ] Entering safepoint region: Cleanup
[2022-06-16T20:38:26.395+0000][3704][safepoint    ] Leaving safepoint region
[2022-06-16T20:38:26.395+0000][3704][safepoint    ] Total time for which application threads were stopped: 0.0000898 seconds, Stopping threads took: 0.0000218 seconds
[2022-06-16T20:38:27.407+0000][3704][safepoint    ] Application time: 1.0116662 seconds
[2022-06-16T20:38:27.407+0000][3704][safepoint    ] Entering safepoint region: Cleanup
[2022-06-16T20:38:27.407+0000][3704][safepoint    ] Leaving safepoint region
[2022-06-16T20:38:27.407+0000][3704][safepoint    ] Total time for which application threads were stopped: 0.0000877 seconds, Stopping threads took: 0.0000212 seconds
[2022-06-16T20:38:28.408+0000][3704][safepoint    ] Application time: 1.0014782 seconds
[2022-06-16T20:38:28.408+0000][3704][safepoint    ] Entering safepoint region: Cleanup
[2022-06-16T20:38:28.408+0000][3704][safepoint    ] Leaving safepoint region
[2022-06-16T20:38:28.408+0000][3704][safepoint    ] Total time for which application threads were stopped: 0.0000859 seconds, Stopping threads took: 0.0000229 seconds
[2022-06-16T20:38:29.409+0000][3704][safepoint    ] Application time: 0.9999921 seconds
[2022-06-16T20:38:29.409+0000][3704][safepoint    ] Entering safepoint region: Cleanup
[2022-06-16T20:38:29.409+0000][3704][safepoint    ] Leaving safepoint region
[2022-06-16T20:38:29.409+0000][3704][safepoint    ] Total time for which application threads were stopped: 0.0000984 seconds, Stopping threads took: 0.0000226 seconds
[2022-06-16T20:38:30.421+0000][3704][safepoint    ] Application time: 1.0120690 seconds
[2022-06-16T20:38:30.421+0000][3704][safepoint    ] Entering safepoint region: Cleanup
[2022-06-16T20:38:30.421+0000][3704][safepoint    ] Leaving safepoint region
[2022-06-16T20:38:30.421+0000][3704][safepoint    ] Total time for which application threads were stopped: 0.0000983 seconds, Stopping threads took: 0.0000231 seconds
[2022-06-16T20:38:31.423+0000][3704][safepoint    ] Application time: 1.0020257 seconds
[2022-06-16T20:38:31.423+0000][3704][safepoint    ] Entering safepoint region: Cleanup
[2022-06-16T20:38:31.423+0000][3704][safepoint    ] Leaving safepoint region
[2022-06-16T20:38:31.423+0000][3704][safepoint    ] Total time for which application threads were stopped: 0.0000872 seconds, Stopping threads took: 0.0000223 seconds
[2022-06-16T20:38:32.428+0000][3704][safepoint    ] Application time: 1.0050154 seconds
[2022-06-16T20:38:32.428+0000][3704][safepoint    ] Entering safepoint region: Cleanup
[2022-06-16T20:38:32.428+0000][3704][safepoint    ] Leaving safepoint region
[2022-06-16T20:38:32.428+0000][3704][safepoint    ] Total time for which application threads were stopped: 0.0000888 seconds, Stopping threads took: 0.0000232 seconds
[2022-06-16T20:38:33.430+0000][3704][safepoint    ] Application time: 1.0020327 seconds
[2022-06-16T20:38:33.430+0000][3704][safepoint    ] Entering safepoint region: Cleanup
[2022-06-16T20:38:33.430+0000][3704][safepoint    ] Leaving safepoint region
[2022-06-16T20:38:33.430+0000][3704][safepoint    ] Total time for which application threads were stopped: 0.0000870 seconds, Stopping threads took: 0.0000223 seconds
[2022-06-16T20:38:34.432+0000][3704][safepoint    ] Application time: 1.0016587 seconds
[2022-06-16T20:38:34.432+0000][3704][safepoint    ] Entering safepoint region: Cleanup
[2022-06-16T20:38:34.432+0000][3704][safepoint    ] Leaving safepoint region
[2022-06-16T20:38:34.432+0000][3704][safepoint    ] Total time for which application threads were stopped: 0.0000859 seconds, Stopping threads took: 0.0000228 seconds
[2022-06-16T20:38:35.439+0000][3704][safepoint    ] Application time: 1.0068330 seconds
[2022-06-16T20:38:35.439+0000][3704][safepoint    ] Entering safepoint region: Cleanup
[2022-06-16T20:38:35.439+0000][3704][safepoint    ] Leaving safepoint region
[2022-06-16T20:38:35.439+0000][3704][safepoint    ] Total time for which application threads were stopped: 0.0001089 seconds, Stopping threads took: 0.0000305 seconds
[2022-06-16T20:38:36.446+0000][3704][safepoint    ] Application time: 1.0061801 seconds
[2022-06-16T20:38:36.446+0000][3704][safepoint    ] Entering safepoint region: Cleanup
[2022-06-16T20:38:36.446+0000][3704][safepoint    ] Leaving safepoint region
[2022-06-16T20:38:36.446+0000][3704][safepoint    ] Total time for which application threads were stopped: 0.0003106 seconds, Stopping threads took: 0.0000401 seconds
[2022-06-16T20:38:37.451+0000][3704][safepoint    ] Application time: 1.0047037 seconds
[2022-06-16T20:38:37.451+0000][3704][safepoint    ] Entering safepoint region: Cleanup
[2022-06-16T20:38:37.451+0000][3704][safepoint    ] Leaving safepoint region
[2022-06-16T20:38:37.451+0000][3704][safepoint    ] Total time for which application threads were stopped: 0.0001136 seconds, Stopping threads took: 0.0000297 seconds
[2022-06-16T20:38:38.464+0000][3704][safepoint    ] Application time: 1.0125460 seconds
[2022-06-16T20:38:38.464+0000][3704][safepoint    ] Entering safepoint region: Cleanup
[2022-06-16T20:38:38.464+0000][3704][safepoint    ] Leaving safepoint region
[2022-06-16T20:38:38.464+0000][3704][safepoint    ] Total time for which application threads were stopped: 0.0001069 seconds, Stopping threads took: 0.0000272 seconds
[2022-06-16T20:38:39.465+0000][3704][safepoint    ] Application time: 1.0010100 seconds
[2022-06-16T20:38:39.465+0000][3704][safepoint    ] Entering safepoint region: Cleanup
[2022-06-16T20:38:39.465+0000][3704][safepoint    ] Leaving safepoint region
[2022-06-16T20:38:39.465+0000][3704][safepoint    ] Total time for which application threads were stopped: 0.0001213 seconds, Stopping threads took: 0.0000288 seconds
[2022-06-16T20:38:40.466+0000][3704][safepoint    ] Application time: 1.0009049 seconds
[2022-06-16T20:38:40.466+0000][3704][safepoint    ] Entering safepoint region: Cleanup
[2022-06-16T20:38:40.466+0000][3704][safepoint    ] Leaving safepoint region
[2022-06-16T20:38:40.466+0000][3704][safepoint    ] Total time for which application threads were stopped: 0.0001028 seconds, Stopping threads took: 0.0000281 seconds
[2022-06-16T20:38:41.478+0000][3704][safepoint    ] Application time: 1.0121635 seconds
[2022-06-16T20:38:41.478+0000][3704][safepoint    ] Entering safepoint region: Cleanup
[2022-06-16T20:38:41.478+0000][3704][safepoint    ] Leaving safepoint region
[2022-06-16T20:38:41.478+0000][3704][safepoint    ] Total time for which application threads were stopped: 0.0001033 seconds, Stopping threads took: 0.0000292 seconds
[2022-06-16T20:38:42.480+0000][3704][safepoint    ] Application time: 1.0014638 seconds
[2022-06-16T20:38:42.480+0000][3704][safepoint    ] Entering safepoint region: Cleanup
[2022-06-16T20:38:42.480+0000][3704][safepoint    ] Leaving safepoint region
[2022-06-16T20:38:42.480+0000][3704][safepoint    ] Total time for which application threads were stopped: 0.0001075 seconds, Stopping threads took: 0.0000287 seconds
[2022-06-16T20:38:43.492+0000][3704][safepoint    ] Application time: 1.0115637 seconds
[2022-06-16T20:38:43.492+0000][3704][safepoint    ] Entering safepoint region: Cleanup
[2022-06-16T20:38:43.492+0000][3704][safepoint    ] Leaving safepoint region
[2022-06-16T20:38:43.492+0000][3704][safepoint    ] Total time for which application threads were stopped: 0.0001222 seconds, Stopping threads took: 0.0000293 seconds
[2022-06-16T20:38:44.498+0000][3704][safepoint    ] Application time: 1.0059942 seconds
[2022-06-16T20:38:44.498+0000][3704][safepoint    ] Entering safepoint region: Cleanup
[2022-06-16T20:38:44.498+0000][3704][safepoint    ] Leaving safepoint region
[2022-06-16T20:38:44.498+0000][3704][safepoint    ] Total time for which application threads were stopped: 0.0000851 seconds, Stopping threads took: 0.0000219 seconds
[2022-06-16T20:38:45.509+0000][3704][safepoint    ] Application time: 1.0110983 seconds
[2022-06-16T20:38:45.509+0000][3704][safepoint    ] Entering safepoint region: Cleanup
[2022-06-16T20:38:45.509+0000][3704][safepoint    ] Leaving safepoint region
[2022-06-16T20:38:45.509+0000][3704][safepoint    ] Total time for which application threads were stopped: 0.0000871 seconds, Stopping threads took: 0.0000213 seconds
[2022-06-16T20:38:46.522+0000][3704][safepoint    ] Application time: 1.0131426 seconds
[2022-06-16T20:38:46.522+0000][3704][safepoint    ] Entering safepoint region: Cleanup
[2022-06-16T20:38:46.522+0000][3704][safepoint    ] Leaving safepoint region
[2022-06-16T20:38:46.522+0000][3704][safepoint    ] Total time for which application threads were stopped: 0.0000836 seconds, Stopping threads took: 0.0000210 seconds
[2022-06-16T20:38:47.523+0000][3704][safepoint    ] Application time: 0.9999838 seconds
[2022-06-16T20:38:47.523+0000][3704][safepoint    ] Entering safepoint region: Cleanup
[2022-06-16T20:38:47.523+0000][3704][safepoint    ] Leaving safepoint region
[2022-06-16T20:38:47.523+0000][3704][safepoint    ] Total time for which application threads were stopped: 0.0000908 seconds, Stopping threads took: 0.0000229 seconds
[2022-06-16T20:38:48.535+0000][3704][safepoint    ] Application time: 1.0121542 seconds
[2022-06-16T20:38:48.535+0000][3704][safepoint    ] Entering safepoint region: Cleanup
[2022-06-16T20:38:48.535+0000][3704][safepoint    ] Leaving safepoint region
[2022-06-16T20:38:48.535+0000][3704][safepoint    ] Total time for which application threads were stopped: 0.0000876 seconds, Stopping threads took: 0.0000220 seconds
[2022-06-16T20:38:49.541+0000][3704][safepoint    ] Application time: 1.0060195 seconds
[2022-06-16T20:38:49.541+0000][3704][safepoint    ] Entering safepoint region: Cleanup
[2022-06-16T20:38:49.541+0000][3704][safepoint    ] Leaving safepoint region
[2022-06-16T20:38:49.541+0000][3704][safepoint    ] Total time for which application threads were stopped: 0.0000941 seconds, Stopping threads took: 0.0000258 seconds
[2022-06-16T20:38:50.346+0000][3704][safepoint    ] Application time: 0.8057024 seconds
[2022-06-16T20:38:50.346+0000][3704][safepoint    ] Entering safepoint region: RevokeBias
[2022-06-16T20:38:50.346+0000][3704][safepoint    ] Leaving safepoint region
[2022-06-16T20:38:50.346+0000][3704][safepoint    ] Total time for which application threads were stopped: 0.0001515 seconds, Stopping threads took: 0.0000487 seconds
[2022-06-16T20:38:50.346+0000][3704][safepoint    ] Application time: 0.0003945 seconds
[2022-06-16T20:38:50.346+0000][3704][safepoint    ] Entering safepoint region: RevokeBias
[2022-06-16T20:38:50.346+0000][3704][safepoint    ] Leaving safepoint region
[2022-06-16T20:38:50.346+0000][3704][safepoint    ] Total time for which application threads were stopped: 0.0000671 seconds, Stopping threads took: 0.0000144 seconds
[2022-06-16T20:38:51.360+0000][3704][safepoint    ] Application time: 1.0122334 seconds
[2022-06-16T20:38:51.360+0000][3704][safepoint    ] Entering safepoint region: Cleanup
[2022-06-16T20:38:51.360+0000][3704][safepoint    ] Leaving safepoint region
[2022-06-16T20:38:51.360+0000][3704][safepoint    ] Total time for which application threads were stopped: 0.0000998 seconds, Stopping threads took: 0.0000222 seconds
[2022-06-16T20:38:52.372+0000][3704][safepoint    ] Application time: 1.0120909 seconds
[2022-06-16T20:38:52.372+0000][3704][safepoint    ] Entering safepoint region: Cleanup
[2022-06-16T20:38:52.372+0000][3704][safepoint    ] Leaving safepoint region
[2022-06-16T20:38:52.372+0000][3704][safepoint    ] Total time for which application threads were stopped: 0.0000883 seconds, Stopping threads took: 0.0000222 seconds
[2022-06-16T20:38:53.385+0000][3704][safepoint    ] Application time: 1.0126610 seconds
[2022-06-16T20:38:53.385+0000][3704][safepoint    ] Entering safepoint region: Cleanup
[2022-06-16T20:38:53.385+0000][3704][safepoint    ] Leaving safepoint region
[2022-06-16T20:38:53.385+0000][3704][safepoint    ] Total time for which application threads were stopped: 0.0000887 seconds, Stopping threads took: 0.0000228 seconds
[2022-06-16T20:38:54.392+0000][3704][safepoint    ] Application time: 1.0065545 seconds
[2022-06-16T20:38:54.392+0000][3704][safepoint    ] Entering safepoint region: Cleanup
[2022-06-16T20:38:54.392+0000][3704][safepoint    ] Leaving safepoint region
[2022-06-16T20:38:54.392+0000][3704][safepoint    ] Total time for which application threads were stopped: 0.0000858 seconds, Stopping threads took: 0.0000218 seconds
[2022-06-16T20:38:55.392+0000][3704][safepoint    ] Application time: 1.0005160 seconds
[2022-06-16T20:38:55.392+0000][3704][safepoint    ] Entering safepoint region: Cleanup
[2022-06-16T20:38:55.392+0000][3704][safepoint    ] Leaving safepoint region
[2022-06-16T20:38:55.392+0000][3704][safepoint    ] Total time for which application threads were stopped: 0.0001006 seconds, Stopping threads took: 0.0000261 seconds
[2022-06-16T20:38:56.405+0000][3704][safepoint    ] Application time: 1.0125613 seconds
[2022-06-16T20:38:56.405+0000][3704][safepoint    ] Entering safepoint region: Cleanup
[2022-06-16T20:38:56.405+0000][3704][safepoint    ] Leaving safepoint region
[2022-06-16T20:38:56.405+0000][3704][safepoint    ] Total time for which application threads were stopped: 0.0001003 seconds, Stopping threads took: 0.0000287 seconds
[2022-06-16T20:38:57.415+0000][3704][safepoint    ] Application time: 1.0095693 seconds
[2022-06-16T20:38:57.415+0000][3704][safepoint    ] Entering safepoint region: Cleanup
[2022-06-16T20:38:57.415+0000][3704][safepoint    ] Leaving safepoint region
[2022-06-16T20:38:57.415+0000][3704][safepoint    ] Total time for which application threads were stopped: 0.0000993 seconds, Stopping threads took: 0.0000310 seconds
[2022-06-16T20:38:58.430+0000][3704][safepoint    ] Application time: 1.0150402 seconds
[2022-06-16T20:38:58.430+0000][3704][safepoint    ] Entering safepoint region: Cleanup
[2022-06-16T20:38:58.430+0000][3704][safepoint    ] Leaving safepoint region
[2022-06-16T20:38:58.430+0000][3704][safepoint    ] Total time for which application threads were stopped: 0.0000918 seconds, Stopping threads took: 0.0000218 seconds
[2022-06-16T20:38:59.445+0000][3704][safepoint    ] Application time: 1.0147546 seconds
[2022-06-16T20:38:59.445+0000][3704][safepoint    ] Entering safepoint region: Cleanup
[2022-06-16T20:38:59.445+0000][3704][safepoint    ] Leaving safepoint region
[2022-06-16T20:38:59.445+0000][3704][safepoint    ] Total time for which application threads were stopped: 0.0001084 seconds, Stopping threads took: 0.0000337 seconds
[2022-06-16T20:39:00.456+0000][3704][safepoint    ] Application time: 1.0110033 seconds
[2022-06-16T20:39:00.456+0000][3704][safepoint    ] Entering safepoint region: Cleanup
[2022-06-16T20:39:00.456+0000][3704][safepoint    ] Leaving safepoint region
[2022-06-16T20:39:00.456+0000][3704][safepoint    ] Total time for which application threads were stopped: 0.0000853 seconds, Stopping threads took: 0.0000207 seconds
[2022-06-16T20:39:01.461+0000][3704][safepoint    ] Application time: 1.0049988 seconds
[2022-06-16T20:39:01.461+0000][3704][safepoint    ] Entering safepoint region: Cleanup
[2022-06-16T20:39:01.461+0000][3704][safepoint    ] Leaving safepoint region
[2022-06-16T20:39:01.461+0000][3704][safepoint    ] Total time for which application threads were stopped: 0.0000953 seconds, Stopping threads took: 0.0000218 seconds
[2022-06-16T20:39:02.470+0000][3704][safepoint    ] Application time: 1.0086432 seconds
[2022-06-16T20:39:02.470+0000][3704][safepoint    ] Entering safepoint region: Cleanup
[2022-06-16T20:39:02.470+0000][3704][safepoint    ] Leaving safepoint region
[2022-06-16T20:39:02.470+0000][3704][safepoint    ] Total time for which application threads were stopped: 0.0001129 seconds, Stopping threads took: 0.0000283 seconds
[2022-06-16T20:39:03.482+0000][3704][safepoint    ] Application time: 1.0110228 seconds
[2022-06-16T20:39:03.482+0000][3704][safepoint    ] Entering safepoint region: Cleanup
[2022-06-16T20:39:03.482+0000][3704][safepoint    ] Leaving safepoint region
[2022-06-16T20:39:03.482+0000][3704][safepoint    ] Total time for which application threads were stopped: 0.0000874 seconds, Stopping threads took: 0.0000221 seconds
[2022-06-16T20:39:04.495+0000][3704][safepoint    ] Application time: 1.0131553 seconds
[2022-06-16T20:39:04.495+0000][3704][safepoint    ] Entering safepoint region: Cleanup
[2022-06-16T20:39:04.495+0000][3704][safepoint    ] Leaving safepoint region
[2022-06-16T20:39:04.495+0000][3704][safepoint    ] Total time for which application threads were stopped: 0.0001109 seconds, Stopping threads took: 0.0000296 seconds
[2022-06-16T20:39:05.501+0000][3704][safepoint    ] Application time: 1.0061049 seconds
[2022-06-16T20:39:05.501+0000][3704][safepoint    ] Entering safepoint region: Cleanup
[2022-06-16T20:39:05.501+0000][3704][safepoint    ] Leaving safepoint region
[2022-06-16T20:39:05.501+0000][3704][safepoint    ] Total time for which application threads were stopped: 0.0000882 seconds, Stopping threads took: 0.0000220 seconds
[2022-06-16T20:39:06.502+0000][3704][safepoint    ] Application time: 1.0009276 seconds
[2022-06-16T20:39:06.502+0000][3704][safepoint    ] Entering safepoint region: Cleanup
[2022-06-16T20:39:06.502+0000][3704][safepoint    ] Leaving safepoint region
[2022-06-16T20:39:06.502+0000][3704][safepoint    ] Total time for which application threads were stopped: 0.0000924 seconds, Stopping threads took: 0.0000224 seconds
[2022-06-16T20:39:07.508+0000][3704][safepoint    ] Application time: 1.0060246 seconds
[2022-06-16T20:39:07.508+0000][3704][safepoint    ] Entering safepoint region: Cleanup
[2022-06-16T20:39:07.508+0000][3704][safepoint    ] Leaving safepoint region
[2022-06-16T20:39:07.508+0000][3704][safepoint    ] Total time for which application threads were stopped: 0.0000938 seconds, Stopping threads took: 0.0000233 seconds
[2022-06-16T20:39:08.520+0000][3704][safepoint    ] Application time: 1.0116120 seconds
[2022-06-16T20:39:08.520+0000][3704][safepoint    ] Entering safepoint region: Cleanup
[2022-06-16T20:39:08.520+0000][3704][safepoint    ] Leaving safepoint region
[2022-06-16T20:39:08.520+0000][3704][safepoint    ] Total time for which application threads were stopped: 0.0000904 seconds, Stopping threads took: 0.0000227 seconds
[2022-06-16T20:39:09.532+0000][3704][safepoint    ] Application time: 1.0121181 seconds
[2022-06-16T20:39:09.532+0000][3704][safepoint    ] Entering safepoint region: Cleanup
[2022-06-16T20:39:09.532+0000][3704][safepoint    ] Leaving safepoint region
[2022-06-16T20:39:09.532+0000][3704][safepoint    ] Total time for which application threads were stopped: 0.0000888 seconds, Stopping threads took: 0.0000248 seconds
[2022-06-16T20:39:10.540+0000][3704][safepoint    ] Application time: 1.0070786 seconds
[2022-06-16T20:39:10.540+0000][3704][safepoint    ] Entering safepoint region: Cleanup
[2022-06-16T20:39:10.540+0000][3704][safepoint    ] Leaving safepoint region
[2022-06-16T20:39:10.540+0000][3704][safepoint    ] Total time for which application threads were stopped: 0.0000984 seconds, Stopping threads took: 0.0000331 seconds
[2022-06-16T20:39:11.540+0000][3704][safepoint    ] Application time: 1.0004702 seconds
[2022-06-16T20:39:11.540+0000][3704][safepoint    ] Entering safepoint region: Cleanup
[2022-06-16T20:39:11.540+0000][3704][safepoint    ] Leaving safepoint region
[2022-06-16T20:39:11.540+0000][3704][safepoint    ] Total time for which application threads were stopped: 0.0001028 seconds, Stopping threads took: 0.0000274 seconds
[2022-06-16T20:39:12.547+0000][3704][safepoint    ] Application time: 1.0065336 seconds
[2022-06-16T20:39:12.547+0000][3704][safepoint    ] Entering safepoint region: Cleanup
[2022-06-16T20:39:12.547+0000][3704][safepoint    ] Leaving safepoint region
[2022-06-16T20:39:12.547+0000][3704][safepoint    ] Total time for which application threads were stopped: 0.0000869 seconds, Stopping threads took: 0.0000213 seconds
[2022-06-16T20:39:13.559+0000][3704][safepoint    ] Application time: 1.0121520 seconds
[2022-06-16T20:39:13.559+0000][3704][safepoint    ] Entering safepoint region: Cleanup
[2022-06-16T20:39:13.559+0000][3704][safepoint    ] Leaving safepoint region
[2022-06-16T20:39:13.559+0000][3704][safepoint    ] Total time for which application threads were stopped: 0.0000900 seconds, Stopping threads took: 0.0000226 seconds
[2022-06-16T20:39:14.571+0000][3704][safepoint    ] Application time: 1.0115686 seconds
[2022-06-16T20:39:14.571+0000][3704][safepoint    ] Entering safepoint region: Cleanup
[2022-06-16T20:39:14.571+0000][3704][safepoint    ] Leaving safepoint region
[2022-06-16T20:39:14.571+0000][3704][safepoint    ] Total time for which application threads were stopped: 0.0001166 seconds, Stopping threads took: 0.0000291 seconds
[2022-06-16T20:39:15.572+0000][3704][safepoint    ] Application time: 1.0004724 seconds
[2022-06-16T20:39:15.572+0000][3704][safepoint    ] Entering safepoint region: Cleanup
[2022-06-16T20:39:15.572+0000][3704][safepoint    ] Leaving safepoint region
[2022-06-16T20:39:15.572+0000][3704][safepoint    ] Total time for which application threads were stopped: 0.0001106 seconds, Stopping threads took: 0.0000312 seconds
[2022-06-16T20:39:16.585+0000][3704][safepoint    ] Application time: 1.0125953 seconds
[2022-06-16T20:39:16.585+0000][3704][safepoint    ] Entering safepoint region: Cleanup
[2022-06-16T20:39:16.585+0000][3704][safepoint    ] Leaving safepoint region
[2022-06-16T20:39:16.585+0000][3704][safepoint    ] Total time for which application threads were stopped: 0.0000883 seconds, Stopping threads took: 0.0000214 seconds
[2022-06-16T20:39:17.588+0000][3704][safepoint    ] Application time: 1.0034748 seconds
[2022-06-16T20:39:17.588+0000][3704][safepoint    ] Entering safepoint region: Cleanup
[2022-06-16T20:39:17.588+0000][3704][safepoint    ] Leaving safepoint region
[2022-06-16T20:39:17.588+0000][3704][safepoint    ] Total time for which application threads were stopped: 0.0000886 seconds, Stopping threads took: 0.0000244 seconds
[2022-06-16T20:39:18.592+0000][3704][safepoint    ] Application time: 1.0035897 seconds
[2022-06-16T20:39:18.592+0000][3704][safepoint    ] Entering safepoint region: Cleanup
[2022-06-16T20:39:18.592+0000][3704][safepoint    ] Leaving safepoint region
[2022-06-16T20:39:18.592+0000][3704][safepoint    ] Total time for which application threads were stopped: 0.0000819 seconds, Stopping threads took: 0.0000203 seconds
[2022-06-16T20:39:19.599+0000][3704][safepoint    ] Application time: 1.0071533 seconds
[2022-06-16T20:39:19.599+0000][3704][safepoint    ] Entering safepoint region: Cleanup
[2022-06-16T20:39:19.599+0000][3704][safepoint    ] Leaving safepoint region
[2022-06-16T20:39:19.599+0000][3704][safepoint    ] Total time for which application threads were stopped: 0.0001078 seconds, Stopping threads took: 0.0000281 seconds
[2022-06-16T20:39:20.354+0000][3704][safepoint    ] Application time: 0.7558317 seconds
[2022-06-16T20:39:20.354+0000][3704][safepoint    ] Entering safepoint region: RevokeBias
[2022-06-16T20:39:20.354+0000][3704][safepoint    ] Leaving safepoint region
[2022-06-16T20:39:20.354+0000][3704][safepoint    ] Total time for which application threads were stopped: 0.0001515 seconds, Stopping threads took: 0.0000409 seconds
[2022-06-16T20:39:20.354+0000][3704][safepoint    ] Application time: 0.0002704 seconds
[2022-06-16T20:39:20.354+0000][3704][safepoint    ] Entering safepoint region: RevokeBias
[2022-06-16T20:39:20.354+0000][3704][safepoint    ] Leaving safepoint region
[2022-06-16T20:39:20.354+0000][3704][safepoint    ] Total time for which application threads were stopped: 0.0001029 seconds, Stopping threads took: 0.0000519 seconds
[2022-06-16T20:39:21.357+0000][3704][safepoint    ] Application time: 1.0005033 seconds
[2022-06-16T20:39:21.357+0000][3704][safepoint    ] Entering safepoint region: Cleanup
[2022-06-16T20:39:21.357+0000][3704][safepoint    ] Leaving safepoint region
[2022-06-16T20:39:21.357+0000][3704][safepoint    ] Total time for which application threads were stopped: 0.0000964 seconds, Stopping threads took: 0.0000221 seconds
[2022-06-16T20:39:22.362+0000][3704][safepoint    ] Application time: 1.0056833 seconds
[2022-06-16T20:39:22.362+0000][3704][safepoint    ] Entering safepoint region: Cleanup
[2022-06-16T20:39:22.362+0000][3704][safepoint    ] Leaving safepoint region
[2022-06-16T20:39:22.362+0000][3704][safepoint    ] Total time for which application threads were stopped: 0.0000893 seconds, Stopping threads took: 0.0000220 seconds
[2022-06-16T20:39:23.370+0000][3704][safepoint    ] Application time: 1.0073259 seconds
[2022-06-16T20:39:23.370+0000][3704][safepoint    ] Entering safepoint region: Cleanup
[2022-06-16T20:39:23.370+0000][3704][safepoint    ] Leaving safepoint region
[2022-06-16T20:39:23.370+0000][3704][safepoint    ] Total time for which application threads were stopped: 0.0000890 seconds, Stopping threads took: 0.0000225 seconds
[2022-06-16T20:39:24.374+0000][3704][safepoint    ] Application time: 1.0037549 seconds
[2022-06-16T20:39:24.374+0000][3704][safepoint    ] Entering safepoint region: Cleanup
[2022-06-16T20:39:24.374+0000][3704][safepoint    ] Leaving safepoint region
[2022-06-16T20:39:24.374+0000][3704][safepoint    ] Total time for which application threads were stopped: 0.0000904 seconds, Stopping threads took: 0.0000237 seconds
[2022-06-16T20:39:25.382+0000][3704][safepoint    ] Application time: 1.0081016 seconds
[2022-06-16T20:39:25.382+0000][3704][safepoint    ] Entering safepoint region: Cleanup
[2022-06-16T20:39:25.382+0000][3704][safepoint    ] Leaving safepoint region
[2022-06-16T20:39:25.382+0000][3704][safepoint    ] Total time for which application threads were stopped: 0.0000851 seconds, Stopping threads took: 0.0000211 seconds
[2022-06-16T20:39:26.388+0000][3704][safepoint    ] Application time: 1.0060206 seconds
[2022-06-16T20:39:26.388+0000][3704][safepoint    ] Entering safepoint region: Cleanup
[2022-06-16T20:39:26.388+0000][3704][safepoint    ] Leaving safepoint region
[2022-06-16T20:39:26.388+0000][3704][safepoint    ] Total time for which application threads were stopped: 0.0000865 seconds, Stopping threads took: 0.0000225 seconds
[2022-06-16T20:39:27.400+0000][3704][safepoint    ] Application time: 1.0111020 seconds
[2022-06-16T20:39:27.400+0000][3704][safepoint    ] Entering safepoint region: Cleanup
[2022-06-16T20:39:27.400+0000][3704][safepoint    ] Leaving safepoint region
[2022-06-16T20:39:27.400+0000][3704][safepoint    ] Total time for which application threads were stopped: 0.0000897 seconds, Stopping threads took: 0.0000235 seconds
[2022-06-16T20:39:28.401+0000][3704][safepoint    ] Application time: 1.0015033 seconds
[2022-06-16T20:39:28.401+0000][3704][safepoint    ] Entering safepoint region: Cleanup
[2022-06-16T20:39:28.401+0000][3704][safepoint    ] Leaving safepoint region
[2022-06-16T20:39:28.401+0000][3704][safepoint    ] Total time for which application threads were stopped: 0.0000821 seconds, Stopping threads took: 0.0000218 seconds
[2022-06-16T20:39:29.408+0000][3704][safepoint    ] Application time: 1.0065939 seconds
[2022-06-16T20:39:29.408+0000][3704][safepoint    ] Entering safepoint region: Cleanup
[2022-06-16T20:39:29.408+0000][3704][safepoint    ] Leaving safepoint region
[2022-06-16T20:39:29.408+0000][3704][safepoint    ] Total time for which application threads were stopped: 0.0000850 seconds, Stopping threads took: 0.0000214 seconds
[2022-06-16T20:39:30.423+0000][3704][safepoint    ] Application time: 1.0150727 seconds
[2022-06-16T20:39:30.423+0000][3704][safepoint    ] Entering safepoint region: Cleanup
[2022-06-16T20:39:30.423+0000][3704][safepoint    ] Leaving safepoint region
[2022-06-16T20:39:30.423+0000][3704][safepoint    ] Total time for which application threads were stopped: 0.0000900 seconds, Stopping threads took: 0.0000227 seconds
[2022-06-16T20:39:31.429+0000][3704][safepoint    ] Application time: 1.0057111 seconds
[2022-06-16T20:39:31.429+0000][3704][safepoint    ] Entering safepoint region: Cleanup
[2022-06-16T20:39:31.429+0000][3704][safepoint    ] Leaving safepoint region
[2022-06-16T20:39:31.429+0000][3704][safepoint    ] Total time for which application threads were stopped: 0.0000909 seconds, Stopping threads took: 0.0000239 seconds
[2022-06-16T20:39:32.445+0000][3704][safepoint    ] Application time: 1.0153403 seconds
[2022-06-16T20:39:32.445+0000][3704][safepoint    ] Entering safepoint region: Cleanup
[2022-06-16T20:39:32.445+0000][3704][safepoint    ] Leaving safepoint region
[2022-06-16T20:39:32.445+0000][3704][safepoint    ] Total time for which application threads were stopped: 0.0001264 seconds, Stopping threads took: 0.0000361 seconds
[2022-06-16T20:39:33.455+0000][3704][safepoint    ] Application time: 1.0102016 seconds
[2022-06-16T20:39:33.455+0000][3704][safepoint    ] Entering safepoint region: Cleanup
[2022-06-16T20:39:33.455+0000][3704][safepoint    ] Leaving safepoint region
[2022-06-16T20:39:33.455+0000][3704][safepoint    ] Total time for which application threads were stopped: 0.0000872 seconds, Stopping threads took: 0.0000221 seconds
[2022-06-16T20:39:34.468+0000][3704][safepoint    ] Application time: 1.0126262 seconds
[2022-06-16T20:39:34.468+0000][3704][safepoint    ] Entering safepoint region: Cleanup
[2022-06-16T20:39:34.468+0000][3704][safepoint    ] Leaving safepoint region
[2022-06-16T20:39:34.468+0000][3704][safepoint    ] Total time for which application threads were stopped: 0.0001073 seconds, Stopping threads took: 0.0000400 seconds
[2022-06-16T20:39:35.480+0000][3704][safepoint    ] Application time: 1.0115696 seconds
[2022-06-16T20:39:35.480+0000][3704][safepoint    ] Entering safepoint region: Cleanup
[2022-06-16T20:39:35.480+0000][3704][safepoint    ] Leaving safepoint region
[2022-06-16T20:39:35.480+0000][3704][safepoint    ] Total time for which application threads were stopped: 0.0000932 seconds, Stopping threads took: 0.0000226 seconds
[2022-06-16T20:39:36.486+0000][3704][safepoint    ] Application time: 1.0060315 seconds
[2022-06-16T20:39:36.486+0000][3704][safepoint    ] Entering safepoint region: Cleanup
[2022-06-16T20:39:36.486+0000][3704][safepoint    ] Leaving safepoint region
[2022-06-16T20:39:36.486+0000][3704][safepoint    ] Total time for which application threads were stopped: 0.0001249 seconds, Stopping threads took: 0.0000484 seconds
[2022-06-16T20:39:37.493+0000][3704][safepoint    ] Application time: 1.0070003 seconds
[2022-06-16T20:39:37.493+0000][3704][safepoint    ] Entering safepoint region: Cleanup
[2022-06-16T20:39:37.493+0000][3704][safepoint    ] Leaving safepoint region
[2022-06-16T20:39:37.493+0000][3704][safepoint    ] Total time for which application threads were stopped: 0.0000856 seconds, Stopping threads took: 0.0000216 seconds
[2022-06-16T20:39:38.494+0000][3704][safepoint    ] Application time: 1.0010590 seconds
[2022-06-16T20:39:38.494+0000][3704][safepoint    ] Entering safepoint region: Cleanup
[2022-06-16T20:39:38.494+0000][3704][safepoint    ] Leaving safepoint region
[2022-06-16T20:39:38.494+0000][3704][safepoint    ] Total time for which application threads were stopped: 0.0000876 seconds, Stopping threads took: 0.0000216 seconds
[2022-06-16T20:39:39.494+0000][3704][safepoint    ] Application time: 0.9999213 seconds
[2022-06-16T20:39:39.494+0000][3704][safepoint    ] Entering safepoint region: Cleanup
[2022-06-16T20:39:39.494+0000][3704][safepoint    ] Leaving safepoint region
[2022-06-16T20:39:39.494+0000][3704][safepoint    ] Total time for which application threads were stopped: 0.0000898 seconds, Stopping threads took: 0.0000236 seconds
[2022-06-16T20:39:40.497+0000][3704][safepoint    ] Application time: 1.0026213 seconds
[2022-06-16T20:39:40.497+0000][3704][safepoint    ] Entering safepoint region: Cleanup
[2022-06-16T20:39:40.497+0000][3704][safepoint    ] Leaving safepoint region
[2022-06-16T20:39:40.497+0000][3704][safepoint    ] Total time for which application threads were stopped: 0.0000909 seconds, Stopping threads took: 0.0000229 seconds
[2022-06-16T20:39:41.499+0000][3704][safepoint    ] Application time: 1.0015012 seconds
[2022-06-16T20:39:41.499+0000][3704][safepoint    ] Entering safepoint region: Cleanup
[2022-06-16T20:39:41.499+0000][3704][safepoint    ] Leaving safepoint region
[2022-06-16T20:39:41.499+0000][3704][safepoint    ] Total time for which application threads were stopped: 0.0000865 seconds, Stopping threads took: 0.0000223 seconds
[2022-06-16T20:39:42.505+0000][3704][safepoint    ] Application time: 1.0055279 seconds
[2022-06-16T20:39:42.505+0000][3704][safepoint    ] Entering safepoint region: Cleanup
[2022-06-16T20:39:42.505+0000][3704][safepoint    ] Leaving safepoint region
[2022-06-16T20:39:42.505+0000][3704][safepoint    ] Total time for which application threads were stopped: 0.0000877 seconds, Stopping threads took: 0.0000228 seconds
[2022-06-16T20:39:43.506+0000][3704][safepoint    ] Application time: 1.0015004 seconds
[2022-06-16T20:39:43.506+0000][3704][safepoint    ] Entering safepoint region: Cleanup
[2022-06-16T20:39:43.506+0000][3704][safepoint    ] Leaving safepoint region
[2022-06-16T20:39:43.506+0000][3704][safepoint    ] Total time for which application threads were stopped: 0.0000954 seconds, Stopping threads took: 0.0000301 seconds
[2022-06-16T20:39:44.518+0000][3704][safepoint    ] Application time: 1.0115941 seconds
[2022-06-16T20:39:44.518+0000][3704][safepoint    ] Entering safepoint region: Cleanup
[2022-06-16T20:39:44.518+0000][3704][safepoint    ] Leaving safepoint region
[2022-06-16T20:39:44.518+0000][3704][safepoint    ] Total time for which application threads were stopped: 0.0000877 seconds, Stopping threads took: 0.0000227 seconds
[2022-06-16T20:39:45.520+0000][3704][safepoint    ] Application time: 1.0015218 seconds
[2022-06-16T20:39:45.520+0000][3704][safepoint    ] Entering safepoint region: Cleanup
[2022-06-16T20:39:45.520+0000][3704][safepoint    ] Leaving safepoint region
[2022-06-16T20:39:45.520+0000][3704][safepoint    ] Total time for which application threads were stopped: 0.0000890 seconds, Stopping threads took: 0.0000250 seconds
[2022-06-16T20:39:46.526+0000][3704][safepoint    ] Application time: 1.0065705 seconds
[2022-06-16T20:39:46.526+0000][3704][safepoint    ] Entering safepoint region: Cleanup
[2022-06-16T20:39:46.526+0000][3704][safepoint    ] Leaving safepoint region
[2022-06-16T20:39:46.526+0000][3704][safepoint    ] Total time for which application threads were stopped: 0.0000843 seconds, Stopping threads took: 0.0000218 seconds
[2022-06-16T20:39:47.531+0000][3704][safepoint    ] Application time: 1.0045810 seconds
[2022-06-16T20:39:47.531+0000][3704][safepoint    ] Entering safepoint region: Cleanup
[2022-06-16T20:39:47.531+0000][3704][safepoint    ] Leaving safepoint region
[2022-06-16T20:39:47.531+0000][3704][safepoint    ] Total time for which application threads were stopped: 0.0001074 seconds, Stopping threads took: 0.0000297 seconds
[2022-06-16T20:39:48.544+0000][3704][safepoint    ] Application time: 1.0125085 seconds
[2022-06-16T20:39:48.544+0000][3704][safepoint    ] Entering safepoint region: Cleanup
[2022-06-16T20:39:48.544+0000][3704][safepoint    ] Leaving safepoint region
[2022-06-16T20:39:48.544+0000][3704][safepoint    ] Total time for which application threads were stopped: 0.0000860 seconds, Stopping threads took: 0.0000215 seconds
[2022-06-16T20:39:49.544+0000][3704][safepoint    ] Application time: 0.9999812 seconds
[2022-06-16T20:39:49.544+0000][3704][safepoint    ] Entering safepoint region: Cleanup
[2022-06-16T20:39:49.544+0000][3704][safepoint    ] Leaving safepoint region
[2022-06-16T20:39:49.544+0000][3704][safepoint    ] Total time for which application threads were stopped: 0.0001005 seconds, Stopping threads took: 0.0000355 seconds
[2022-06-16T20:39:50.364+0000][3704][safepoint    ] Application time: 0.8210237 seconds
[2022-06-16T20:39:50.364+0000][3704][safepoint    ] Entering safepoint region: BulkRevokeBias
[2022-06-16T20:39:50.364+0000][3704][safepoint    ] Leaving safepoint region
[2022-06-16T20:39:50.364+0000][3704][safepoint    ] Total time for which application threads were stopped: 0.0003591 seconds, Stopping threads took: 0.0000448 seconds
[2022-06-16T20:39:50.364+0000][3704][safepoint    ] Application time: 0.0008095 seconds
[2022-06-16T20:39:50.364+0000][3704][safepoint    ] Entering safepoint region: RevokeBias
[2022-06-16T20:39:50.364+0000][3704][safepoint    ] Leaving safepoint region
[2022-06-16T20:39:50.364+0000][3704][safepoint    ] Total time for which application threads were stopped: 0.0000969 seconds, Stopping threads took: 0.0000326 seconds
[2022-06-16T20:39:50.364+0000][3704][safepoint    ] Application time: 0.0000570 seconds
[2022-06-16T20:39:50.364+0000][3704][safepoint    ] Entering safepoint region: RevokeBias
[2022-06-16T20:39:50.364+0000][3704][safepoint    ] Leaving safepoint region
[2022-06-16T20:39:50.364+0000][3704][safepoint    ] Total time for which application threads were stopped: 0.0000566 seconds, Stopping threads took: 0.0000166 seconds
[2022-06-16T20:39:51.374+0000][3704][safepoint    ] Application time: 1.0072753 seconds
[2022-06-16T20:39:51.374+0000][3704][safepoint    ] Entering safepoint region: Cleanup
[2022-06-16T20:39:51.374+0000][3704][safepoint    ] Leaving safepoint region
[2022-06-16T20:39:51.374+0000][3704][safepoint    ] Total time for which application threads were stopped: 0.0001243 seconds, Stopping threads took: 0.0000459 seconds
[2022-06-16T20:39:52.389+0000][3704][safepoint    ] Application time: 1.0143345 seconds
[2022-06-16T20:39:52.389+0000][3704][safepoint    ] Entering safepoint region: Cleanup
[2022-06-16T20:39:52.389+0000][3704][safepoint    ] Leaving safepoint region
[2022-06-16T20:39:52.389+0000][3704][safepoint    ] Total time for which application threads were stopped: 0.0001197 seconds, Stopping threads took: 0.0000465 seconds
[2022-06-16T20:39:53.389+0000][3704][safepoint    ] Application time: 0.9998572 seconds
[2022-06-16T20:39:53.389+0000][3704][safepoint    ] Entering safepoint region: Cleanup
[2022-06-16T20:39:53.389+0000][3704][safepoint    ] Leaving safepoint region
[2022-06-16T20:39:53.389+0000][3704][safepoint    ] Total time for which application threads were stopped: 0.0001182 seconds, Stopping threads took: 0.0000301 seconds
[2022-06-16T20:39:54.402+0000][3704][safepoint    ] Application time: 1.0129235 seconds
[2022-06-16T20:39:54.402+0000][3704][safepoint    ] Entering safepoint region: Cleanup
[2022-06-16T20:39:54.402+0000][3704][safepoint    ] Leaving safepoint region
[2022-06-16T20:39:54.402+0000][3704][safepoint    ] Total time for which application threads were stopped: 0.0000869 seconds, Stopping threads took: 0.0000242 seconds
[2022-06-16T20:39:55.413+0000][3704][safepoint    ] Application time: 1.0111192 seconds
[2022-06-16T20:39:55.413+0000][3704][safepoint    ] Entering safepoint region: Cleanup
[2022-06-16T20:39:55.413+0000][3704][safepoint    ] Leaving safepoint region
[2022-06-16T20:39:55.413+0000][3704][safepoint    ] Total time for which application threads were stopped: 0.0001018 seconds, Stopping threads took: 0.0000236 seconds
[2022-06-16T20:39:56.415+0000][3704][safepoint    ] Application time: 1.0015361 seconds
[2022-06-16T20:39:56.415+0000][3704][safepoint    ] Entering safepoint region: Cleanup
[2022-06-16T20:39:56.415+0000][3704][safepoint    ] Leaving safepoint region
[2022-06-16T20:39:56.415+0000][3704][safepoint    ] Total time for which application threads were stopped: 0.0000851 seconds, Stopping threads took: 0.0000222 seconds
[2022-06-16T20:39:57.421+0000][3704][safepoint    ] Application time: 1.0057104 seconds
[2022-06-16T20:39:57.421+0000][3704][safepoint    ] Entering safepoint region: Cleanup
[2022-06-16T20:39:57.421+0000][3704][safepoint    ] Leaving safepoint region
[2022-06-16T20:39:57.421+0000][3704][safepoint    ] Total time for which application threads were stopped: 0.0001004 seconds, Stopping threads took: 0.0000283 seconds
[2022-06-16T20:39:58.422+0000][3704][safepoint    ] Application time: 1.0008244 seconds
[2022-06-16T20:39:58.422+0000][3704][safepoint    ] Entering safepoint region: Cleanup
[2022-06-16T20:39:58.422+0000][3704][safepoint    ] Leaving safepoint region
[2022-06-16T20:39:58.422+0000][3704][safepoint    ] Total time for which application threads were stopped: 0.0001119 seconds, Stopping threads took: 0.0000303 seconds
[2022-06-16T20:39:59.422+0000][3704][safepoint    ] Application time: 1.0002044 seconds
[2022-06-16T20:39:59.422+0000][3704][safepoint    ] Entering safepoint region: Cleanup
[2022-06-16T20:39:59.422+0000][3704][safepoint    ] Leaving safepoint region
[2022-06-16T20:39:59.422+0000][3704][safepoint    ] Total time for which application threads were stopped: 0.0000871 seconds, Stopping threads took: 0.0000194 seconds
[2022-06-16T20:40:00.423+0000][3704][safepoint    ] Application time: 1.0007728 seconds
[2022-06-16T20:40:00.423+0000][3704][safepoint    ] Entering safepoint region: Cleanup
[2022-06-16T20:40:00.423+0000][3704][safepoint    ] Leaving safepoint region
[2022-06-16T20:40:00.423+0000][3704][safepoint    ] Total time for which application threads were stopped: 0.0000850 seconds, Stopping threads took: 0.0000226 seconds
[2022-06-16T20:40:01.424+0000][3704][safepoint    ] Application time: 1.0004590 seconds
[2022-06-16T20:40:01.424+0000][3704][safepoint    ] Entering safepoint region: Cleanup
[2022-06-16T20:40:01.424+0000][3704][safepoint    ] Leaving safepoint region
[2022-06-16T20:40:01.424+0000][3704][safepoint    ] Total time for which application threads were stopped: 0.0001526 seconds, Stopping threads took: 0.0000337 seconds
[2022-06-16T20:40:02.424+0000][3704][safepoint    ] Application time: 1.0004530 seconds
[2022-06-16T20:40:02.424+0000][3704][safepoint    ] Entering safepoint region: Cleanup
[2022-06-16T20:40:02.424+0000][3704][safepoint    ] Leaving safepoint region
[2022-06-16T20:40:02.424+0000][3704][safepoint    ] Total time for which application threads were stopped: 0.0001188 seconds, Stopping threads took: 0.0000306 seconds
[2022-06-16T20:40:03.425+0000][3704][safepoint    ] Application time: 1.0005189 seconds
[2022-06-16T20:40:03.425+0000][3704][safepoint    ] Entering safepoint region: Cleanup
[2022-06-16T20:40:03.425+0000][3704][safepoint    ] Leaving safepoint region
[2022-06-16T20:40:03.425+0000][3704][safepoint    ] Total time for which application threads were stopped: 0.0001100 seconds, Stopping threads took: 0.0000285 seconds
[2022-06-16T20:40:04.425+0000][3704][safepoint    ] Application time: 1.0001708 seconds
[2022-06-16T20:40:04.425+0000][3704][safepoint    ] Entering safepoint region: Cleanup
[2022-06-16T20:40:04.425+0000][3704][safepoint    ] Leaving safepoint region
[2022-06-16T20:40:04.425+0000][3704][safepoint    ] Total time for which application threads were stopped: 0.0000829 seconds, Stopping threads took: 0.0000211 seconds
[2022-06-16T20:40:05.434+0000][3704][safepoint    ] Application time: 1.0088278 seconds
[2022-06-16T20:40:05.434+0000][3704][safepoint    ] Entering safepoint region: Cleanup
[2022-06-16T20:40:05.434+0000][3704][safepoint    ] Leaving safepoint region
[2022-06-16T20:40:05.434+0000][3704][safepoint    ] Total time for which application threads were stopped: 0.0000876 seconds, Stopping threads took: 0.0000216 seconds
[2022-06-16T20:40:06.450+0000][3704][safepoint    ] Application time: 1.0151878 seconds
[2022-06-16T20:40:06.450+0000][3704][safepoint    ] Entering safepoint region: Cleanup
[2022-06-16T20:40:06.450+0000][3704][safepoint    ] Leaving safepoint region
[2022-06-16T20:40:06.450+0000][3704][safepoint    ] Total time for which application threads were stopped: 0.0000979 seconds, Stopping threads took: 0.0000281 seconds
[2022-06-16T20:40:07.462+0000][3704][safepoint    ] Application time: 1.0116797 seconds
[2022-06-16T20:40:07.462+0000][3704][safepoint    ] Entering safepoint region: Cleanup
[2022-06-16T20:40:07.462+0000][3704][safepoint    ] Leaving safepoint region
[2022-06-16T20:40:07.462+0000][3704][safepoint    ] Total time for which application threads were stopped: 0.0001124 seconds, Stopping threads took: 0.0000292 seconds
[2022-06-16T20:40:08.477+0000][3704][safepoint    ] Application time: 1.0153698 seconds
[2022-06-16T20:40:08.477+0000][3704][safepoint    ] Entering safepoint region: Cleanup
[2022-06-16T20:40:08.477+0000][3704][safepoint    ] Leaving safepoint region
[2022-06-16T20:40:08.477+0000][3704][safepoint    ] Total time for which application threads were stopped: 0.0001127 seconds, Stopping threads took: 0.0000297 seconds
[2022-06-16T20:40:09.477+0000][3704][safepoint    ] Application time: 1.0000971 seconds
[2022-06-16T20:40:09.477+0000][3704][safepoint    ] Entering safepoint region: Cleanup
[2022-06-16T20:40:09.477+0000][3704][safepoint    ] Leaving safepoint region
[2022-06-16T20:40:09.477+0000][3704][safepoint    ] Total time for which application threads were stopped: 0.0000836 seconds, Stopping threads took: 0.0000218 seconds
[2022-06-16T20:40:10.478+0000][3704][safepoint    ] Application time: 1.0000401 seconds
[2022-06-16T20:40:10.478+0000][3704][safepoint    ] Entering safepoint region: Cleanup
[2022-06-16T20:40:10.478+0000][3704][safepoint    ] Leaving safepoint region
[2022-06-16T20:40:10.478+0000][3704][safepoint    ] Total time for which application threads were stopped: 0.0000846 seconds, Stopping threads took: 0.0000216 seconds
[2022-06-16T20:40:11.478+0000][3704][safepoint    ] Application time: 1.0004262 seconds
[2022-06-16T20:40:11.478+0000][3704][safepoint    ] Entering safepoint region: Cleanup
[2022-06-16T20:40:11.478+0000][3704][safepoint    ] Leaving safepoint region
[2022-06-16T20:40:11.478+0000][3704][safepoint    ] Total time for which application threads were stopped: 0.0000837 seconds, Stopping threads took: 0.0000210 seconds
[2022-06-16T20:40:12.478+0000][3704][safepoint    ] Application time: 0.9999798 seconds
[2022-06-16T20:40:12.478+0000][3704][safepoint    ] Entering safepoint region: Cleanup
[2022-06-16T20:40:12.478+0000][3704][safepoint    ] Leaving safepoint region
[2022-06-16T20:40:12.478+0000][3704][safepoint    ] Total time for which application threads were stopped: 0.0000873 seconds, Stopping threads took: 0.0000257 seconds
[2022-06-16T20:40:13.479+0000][3704][safepoint    ] Application time: 1.0007705 seconds
[2022-06-16T20:40:13.479+0000][3704][safepoint    ] Entering safepoint region: Cleanup
[2022-06-16T20:40:13.479+0000][3704][safepoint    ] Leaving safepoint region
[2022-06-16T20:40:13.479+0000][3704][safepoint    ] Total time for which application threads were stopped: 0.0000870 seconds, Stopping threads took: 0.0000224 seconds
[2022-06-16T20:40:14.479+0000][3704][safepoint    ] Application time: 0.9998450 seconds
[2022-06-16T20:40:14.479+0000][3704][safepoint    ] Entering safepoint region: Cleanup
[2022-06-16T20:40:14.479+0000][3704][safepoint    ] Leaving safepoint region
[2022-06-16T20:40:14.479+0000][3704][safepoint    ] Total time for which application threads were stopped: 0.0001117 seconds, Stopping threads took: 0.0000285 seconds
[2022-06-16T20:40:15.485+0000][3704][safepoint    ] Application time: 1.0051111 seconds
[2022-06-16T20:40:15.485+0000][3704][safepoint    ] Entering safepoint region: Cleanup
[2022-06-16T20:40:15.485+0000][3704][safepoint    ] Leaving safepoint region
[2022-06-16T20:40:15.485+0000][3704][safepoint    ] Total time for which application threads were stopped: 0.0000985 seconds, Stopping threads took: 0.0000306 seconds
[2022-06-16T20:40:16.500+0000][3704][safepoint    ] Application time: 1.0153043 seconds
[2022-06-16T20:40:16.500+0000][3704][safepoint    ] Entering safepoint region: Cleanup
[2022-06-16T20:40:16.500+0000][3704][safepoint    ] Leaving safepoint region
[2022-06-16T20:40:16.500+0000][3704][safepoint    ] Total time for which application threads were stopped: 0.0000823 seconds, Stopping threads took: 0.0000207 seconds
[2022-06-16T20:40:17.505+0000][3704][safepoint    ] Application time: 1.0043060 seconds
[2022-06-16T20:40:17.505+0000][3704][safepoint    ] Entering safepoint region: Cleanup
[2022-06-16T20:40:17.505+0000][3704][safepoint    ] Leaving safepoint region
[2022-06-16T20:40:17.505+0000][3704][safepoint    ] Total time for which application threads were stopped: 0.0000844 seconds, Stopping threads took: 0.0000210 seconds
[2022-06-16T20:40:18.512+0000][3704][safepoint    ] Application time: 1.0075975 seconds
[2022-06-16T20:40:18.512+0000][3704][safepoint    ] Entering safepoint region: Cleanup
[2022-06-16T20:40:18.512+0000][3704][safepoint    ] Leaving safepoint region
[2022-06-16T20:40:18.512+0000][3704][safepoint    ] Total time for which application threads were stopped: 0.0000847 seconds, Stopping threads took: 0.0000211 seconds
[2022-06-16T20:40:19.512+0000][3704][safepoint    ] Application time: 0.9999579 seconds
[2022-06-16T20:40:19.512+0000][3704][safepoint    ] Entering safepoint region: Cleanup
[2022-06-16T20:40:19.512+0000][3704][safepoint    ] Leaving safepoint region
[2022-06-16T20:40:19.512+0000][3704][safepoint    ] Total time for which application threads were stopped: 0.0001177 seconds, Stopping threads took: 0.0000285 seconds
[2022-06-16T20:40:19.903+0000][3704][safepoint    ] Application time: 0.3906806 seconds
[2022-06-16T20:40:19.903+0000][3704][safepoint    ] Entering safepoint region: RevokeBias
[2022-06-16T20:40:19.903+0000][3704][safepoint    ] Leaving safepoint region
[2022-06-16T20:40:19.903+0000][3704][safepoint    ] Total time for which application threads were stopped: 0.0001071 seconds, Stopping threads took: 0.0000253 seconds
[2022-06-16T20:40:19.934+0000][3704][safepoint    ] Application time: 0.0347542 seconds
[2022-06-16T20:40:19.934+0000][3704][safepoint    ] Entering safepoint region: RevokeBias
[2022-06-16T20:40:19.934+0000][3704][safepoint    ] Leaving safepoint region
[2022-06-16T20:40:19.934+0000][3704][safepoint    ] Total time for which application threads were stopped: 0.0000947 seconds, Stopping threads took: 0.0000175 seconds
[2022-06-16T20:40:19.934+0000][3704][safepoint    ] Application time: 0.0004928 seconds
[2022-06-16T20:40:19.934+0000][3704][safepoint    ] Entering safepoint region: RevokeBias
[2022-06-16T20:40:19.934+0000][3704][safepoint    ] Leaving safepoint region
[2022-06-16T20:40:19.934+0000][3704][safepoint    ] Total time for which application threads were stopped: 0.0000655 seconds, Stopping threads took: 0.0000145 seconds
[2022-06-16T20:40:19.934+0000][3704][safepoint    ] Application time: 0.0000437 seconds
[2022-06-16T20:40:19.934+0000][3704][safepoint    ] Entering safepoint region: RevokeBias
[2022-06-16T20:40:19.934+0000][3704][safepoint    ] Leaving safepoint region
[2022-06-16T20:40:19.934+0000][3704][safepoint    ] Total time for which application threads were stopped: 0.0000470 seconds, Stopping threads took: 0.0000126 seconds
[2022-06-16T20:40:19.934+0000][3704][safepoint    ] Application time: 0.0000709 seconds
[2022-06-16T20:40:19.934+0000][3704][safepoint    ] Entering safepoint region: RevokeBias
[2022-06-16T20:40:19.934+0000][3704][safepoint    ] Leaving safepoint region
[2022-06-16T20:40:19.934+0000][3704][safepoint    ] Total time for which application threads were stopped: 0.0000450 seconds, Stopping threads took: 0.0000118 seconds
[2022-06-16T20:40:19.950+0000][3704][safepoint    ] Application time: 0.0164036 seconds
[2022-06-16T20:40:19.950+0000][3704][safepoint    ] Entering safepoint region: RevokeBias
[2022-06-16T20:40:19.950+0000][3704][safepoint    ] Leaving safepoint region
[2022-06-16T20:40:19.950+0000][3704][safepoint    ] Total time for which application threads were stopped: 0.0000650 seconds, Stopping threads took: 0.0000147 seconds
[2022-06-16T20:40:19.965+0000][3704][safepoint    ] Application time: 0.0097355 seconds
[2022-06-16T20:40:19.965+0000][3704][safepoint    ] Entering safepoint region: RevokeBias
[2022-06-16T20:40:19.965+0000][3704][safepoint    ] Leaving safepoint region
[2022-06-16T20:40:19.965+0000][3704][safepoint    ] Total time for which application threads were stopped: 0.0001172 seconds, Stopping threads took: 0.0000458 seconds
[2022-06-16T20:40:19.965+0000][3704][safepoint    ] Application time: 0.0002372 seconds
[2022-06-16T20:40:19.965+0000][3704][safepoint    ] Entering safepoint region: RevokeBias
[2022-06-16T20:40:19.965+0000][3704][safepoint    ] Leaving safepoint region
[2022-06-16T20:40:19.965+0000][3704][safepoint    ] Total time for which application threads were stopped: 0.0000553 seconds, Stopping threads took: 0.0000138 seconds
[2022-06-16T20:40:19.965+0000][3704][safepoint    ] Application time: 0.0001154 seconds
[2022-06-16T20:40:19.965+0000][3704][safepoint    ] Entering safepoint region: RevokeBias
[2022-06-16T20:40:19.965+0000][3704][safepoint    ] Leaving safepoint region
[2022-06-16T20:40:19.965+0000][3704][safepoint    ] Total time for which application threads were stopped: 0.0000542 seconds, Stopping threads took: 0.0000123 seconds
[2022-06-16T20:40:20.372+0000][3704][safepoint    ] Application time: 0.4063389 seconds
[2022-06-16T20:40:20.372+0000][3704][safepoint    ] Entering safepoint region: RevokeBias
[2022-06-16T20:40:20.372+0000][3704][safepoint    ] Leaving safepoint region
[2022-06-16T20:40:20.372+0000][3704][safepoint    ] Total time for which application threads were stopped: 0.0001800 seconds, Stopping threads took: 0.0000612 seconds
[2022-06-16T20:40:20.372+0000][3704][safepoint    ] Application time: 0.0016341 seconds
[2022-06-16T20:40:20.372+0000][3704][safepoint    ] Entering safepoint region: RevokeBias
[2022-06-16T20:40:20.372+0000][3704][safepoint    ] Leaving safepoint region
[2022-06-16T20:40:20.372+0000][3704][safepoint    ] Total time for which application threads were stopped: 0.0000854 seconds, Stopping threads took: 0.0000251 seconds
[2022-06-16T20:40:50.389+0000][3704][safepoint    ] Application time: 30.0159112 seconds
[2022-06-16T20:40:50.389+0000][3704][safepoint    ] Entering safepoint region: RevokeBias
[2022-06-16T20:40:50.389+0000][3704][safepoint    ] Leaving safepoint region
[2022-06-16T20:40:50.389+0000][3704][safepoint    ] Total time for which application threads were stopped: 0.0001712 seconds, Stopping threads took: 0.0000610 seconds
[2022-06-16T20:40:50.389+0000][3704][safepoint    ] Application time: 0.0002397 seconds
[2022-06-16T20:40:50.389+0000][3704][safepoint    ] Entering safepoint region: RevokeBias
[2022-06-16T20:40:50.389+0000][3704][safepoint    ] Leaving safepoint region
[2022-06-16T20:40:50.389+0000][3704][safepoint    ] Total time for which application threads were stopped: 0.0000614 seconds, Stopping threads took: 0.0000140 seconds
[2022-06-16T20:41:20.400+0000][3704][safepoint    ] Application time: 30.0102740 seconds
[2022-06-16T20:41:20.400+0000][3704][safepoint    ] Entering safepoint region: RevokeBias
[2022-06-16T20:41:20.400+0000][3704][safepoint    ] Leaving safepoint region
[2022-06-16T20:41:20.400+0000][3704][safepoint    ] Total time for which application threads were stopped: 0.0001737 seconds, Stopping threads took: 0.0000695 seconds
[2022-06-16T20:41:20.400+0000][3704][safepoint    ] Application time: 0.0002357 seconds
[2022-06-16T20:41:20.400+0000][3704][safepoint    ] Entering safepoint region: RevokeBias
[2022-06-16T20:41:20.400+0000][3704][safepoint    ] Leaving safepoint region
[2022-06-16T20:41:20.400+0000][3704][safepoint    ] Total time for which application threads were stopped: 0.0000645 seconds, Stopping threads took: 0.0000142 seconds
[2022-06-16T20:41:21.414+0000][3704][safepoint    ] Application time: 1.0128093 seconds
[2022-06-16T20:41:21.414+0000][3704][safepoint    ] Entering safepoint region: Cleanup
[2022-06-16T20:41:21.414+0000][3704][safepoint    ] Leaving safepoint region
[2022-06-16T20:41:21.414+0000][3704][safepoint    ] Total time for which application threads were stopped: 0.0000823 seconds, Stopping threads took: 0.0000187 seconds
[2022-06-16T20:41:41.581+0000][3704][safepoint    ] Application time: 20.1668484 seconds
[2022-06-16T20:41:41.581+0000][3704][safepoint    ] Entering safepoint region: Cleanup
[2022-06-16T20:41:41.581+0000][3704][safepoint    ] Leaving safepoint region
[2022-06-16T20:41:41.581+0000][3704][safepoint    ] Total time for which application threads were stopped: 0.0000908 seconds, Stopping threads took: 0.0000225 seconds
[2022-06-16T20:41:50.416+0000][3704][safepoint    ] Application time: 8.8349746 seconds
[2022-06-16T20:41:50.416+0000][3704][safepoint    ] Entering safepoint region: RevokeBias
[2022-06-16T20:41:50.416+0000][3704][safepoint    ] Leaving safepoint region
[2022-06-16T20:41:50.416+0000][3704][safepoint    ] Total time for which application threads were stopped: 0.0001608 seconds, Stopping threads took: 0.0000552 seconds
[2022-06-16T20:41:50.416+0000][3704][safepoint    ] Application time: 0.0002321 seconds
[2022-06-16T20:41:50.416+0000][3704][safepoint    ] Entering safepoint region: RevokeBias
[2022-06-16T20:41:50.416+0000][3704][safepoint    ] Leaving safepoint region
[2022-06-16T20:41:50.416+0000][3704][safepoint    ] Total time for which application threads were stopped: 0.0000641 seconds, Stopping threads took: 0.0000141 seconds
[2022-06-16T20:42:05.540+0000][3704][safepoint    ] Application time: 15.1232393 seconds
[2022-06-16T20:42:05.540+0000][3704][safepoint    ] Entering safepoint region: Cleanup
[2022-06-16T20:42:05.540+0000][3704][safepoint    ] Leaving safepoint region
[2022-06-16T20:42:05.540+0000][3704][safepoint    ] Total time for which application threads were stopped: 0.0000956 seconds, Stopping threads took: 0.0000220 seconds
[2022-06-16T20:42:20.424+0000][3704][safepoint    ] Application time: 14.8844122 seconds
[2022-06-16T20:42:20.424+0000][3704][safepoint    ] Entering safepoint region: RevokeBias
[2022-06-16T20:42:20.424+0000][3704][safepoint    ] Leaving safepoint region
[2022-06-16T20:42:20.424+0000][3704][safepoint    ] Total time for which application threads were stopped: 0.0001366 seconds, Stopping threads took: 0.0000405 seconds
[2022-06-16T20:42:20.424+0000][3704][safepoint    ] Application time: 0.0004944 seconds
[2022-06-16T20:42:20.424+0000][3704][safepoint    ] Entering safepoint region: RevokeBias
[2022-06-16T20:42:20.424+0000][3704][safepoint    ] Leaving safepoint region
[2022-06-16T20:42:20.424+0000][3704][safepoint    ] Total time for which application threads were stopped: 0.0000727 seconds, Stopping threads took: 0.0000181 seconds
[2022-06-16T20:42:21.439+0000][3704][safepoint    ] Application time: 1.0130487 seconds
[2022-06-16T20:42:21.439+0000][3704][safepoint    ] Entering safepoint region: Cleanup
[2022-06-16T20:42:21.439+0000][3704][safepoint    ] Leaving safepoint region
[2022-06-16T20:42:21.439+0000][3704][safepoint    ] Total time for which application threads were stopped: 0.0001201 seconds, Stopping threads took: 0.0000279 seconds
[2022-06-16T20:42:25.459+0000][3704][safepoint    ] Application time: 4.0201338 seconds
[2022-06-16T20:42:25.459+0000][3704][safepoint    ] Entering safepoint region: Cleanup
[2022-06-16T20:42:25.459+0000][3704][safepoint    ] Leaving safepoint region
[2022-06-16T20:42:25.459+0000][3704][safepoint    ] Total time for which application threads were stopped: 0.0001196 seconds, Stopping threads took: 0.0000278 seconds
[2022-06-16T20:42:28.468+0000][3704][safepoint    ] Application time: 3.0091124 seconds
[2022-06-16T20:42:28.468+0000][3704][safepoint    ] Entering safepoint region: Cleanup
[2022-06-16T20:42:28.468+0000][3704][safepoint    ] Leaving safepoint region
[2022-06-16T20:42:28.468+0000][3704][safepoint    ] Total time for which application threads were stopped: 0.0001321 seconds, Stopping threads took: 0.0000348 seconds
[2022-06-16T20:42:30.481+0000][3704][safepoint    ] Application time: 2.0121303 seconds
[2022-06-16T20:42:30.481+0000][3704][safepoint    ] Entering safepoint region: Cleanup
[2022-06-16T20:42:30.481+0000][3704][safepoint    ] Leaving safepoint region
[2022-06-16T20:42:30.481+0000][3704][safepoint    ] Total time for which application threads were stopped: 0.0001112 seconds, Stopping threads took: 0.0000282 seconds
[2022-06-16T20:42:50.440+0000][3704][safepoint    ] Application time: 19.9599057 seconds
[2022-06-16T20:42:50.440+0000][3704][safepoint    ] Entering safepoint region: RevokeBias
[2022-06-16T20:42:50.440+0000][3704][safepoint    ] Leaving safepoint region
[2022-06-16T20:42:50.440+0000][3704][safepoint    ] Total time for which application threads were stopped: 0.0001781 seconds, Stopping threads took: 0.0000624 seconds
[2022-06-16T20:42:50.440+0000][3704][safepoint    ] Application time: 0.0002696 seconds
[2022-06-16T20:42:50.440+0000][3704][safepoint    ] Entering safepoint region: RevokeBias
[2022-06-16T20:42:50.440+0000][3704][safepoint    ] Leaving safepoint region
[2022-06-16T20:42:50.440+0000][3704][safepoint    ] Total time for which application threads were stopped: 0.0000813 seconds, Stopping threads took: 0.0000232 seconds
[2022-06-16T20:42:51.450+0000][3704][safepoint    ] Application time: 1.0092104 seconds
[2022-06-16T20:42:51.450+0000][3704][safepoint    ] Entering safepoint region: Cleanup
[2022-06-16T20:42:51.450+0000][3704][safepoint    ] Leaving safepoint region
[2022-06-16T20:42:51.450+0000][3704][safepoint    ] Total time for which application threads were stopped: 0.0000937 seconds, Stopping threads took: 0.0000215 seconds
[2022-06-16T20:42:52.463+0000][3704][safepoint    ] Application time: 1.0126172 seconds
[2022-06-16T20:42:52.463+0000][3704][safepoint    ] Entering safepoint region: Cleanup
[2022-06-16T20:42:52.463+0000][3704][safepoint    ] Leaving safepoint region
[2022-06-16T20:42:52.463+0000][3704][safepoint    ] Total time for which application threads were stopped: 0.0001182 seconds, Stopping threads took: 0.0000283 seconds
[2022-06-16T20:43:20.451+0000][3704][safepoint    ] Application time: 27.9885677 seconds
[2022-06-16T20:43:20.451+0000][3704][safepoint    ] Entering safepoint region: RevokeBias
[2022-06-16T20:43:20.451+0000][3704][safepoint    ] Leaving safepoint region
[2022-06-16T20:43:20.451+0000][3704][safepoint    ] Total time for which application threads were stopped: 0.0001718 seconds, Stopping threads took: 0.0000367 seconds
[2022-06-16T20:43:20.451+0000][3704][safepoint    ] Application time: 0.0009125 seconds
[2022-06-16T20:43:20.451+0000][3704][safepoint    ] Entering safepoint region: RevokeBias
[2022-06-16T20:43:20.451+0000][3704][safepoint    ] Leaving safepoint region
[2022-06-16T20:43:20.451+0000][3704][safepoint    ] Total time for which application threads were stopped: 0.0001399 seconds, Stopping threads took: 0.0000292 seconds
[2022-06-16T20:43:50.456+0000][3704][safepoint    ] Application time: 30.0038118 seconds
[2022-06-16T20:43:50.456+0000][3704][safepoint    ] Entering safepoint region: RevokeBias
[2022-06-16T20:43:50.456+0000][3704][safepoint    ] Leaving safepoint region
[2022-06-16T20:43:50.456+0000][3704][safepoint    ] Total time for which application threads were stopped: 0.0001442 seconds, Stopping threads took: 0.0000562 seconds
[2022-06-16T20:43:50.456+0000][3704][safepoint    ] Application time: 0.0007232 seconds
[2022-06-16T20:43:50.456+0000][3704][safepoint    ] Entering safepoint region: RevokeBias
[2022-06-16T20:43:50.456+0000][3704][safepoint    ] Leaving safepoint region
[2022-06-16T20:43:50.456+0000][3704][safepoint    ] Total time for which application threads were stopped: 0.0000669 seconds, Stopping threads took: 0.0000149 seconds
[2022-06-16T20:44:11.610+0000][3704][safepoint    ] Application time: 21.1525627 seconds
[2022-06-16T20:44:11.610+0000][3704][safepoint    ] Entering safepoint region: Cleanup
[2022-06-16T20:44:11.610+0000][3704][safepoint    ] Leaving safepoint region
[2022-06-16T20:44:11.610+0000][3704][safepoint    ] Total time for which application threads were stopped: 0.0000931 seconds, Stopping threads took: 0.0000237 seconds
[2022-06-16T20:44:14.644+0000][3704][safepoint    ] Application time: 3.0333693 seconds
[2022-06-16T20:44:14.644+0000][3704][safepoint    ] Entering safepoint region: Cleanup
[2022-06-16T20:44:14.644+0000][3704][safepoint    ] Leaving safepoint region
[2022-06-16T20:44:14.644+0000][3704][safepoint    ] Total time for which application threads were stopped: 0.0000990 seconds, Stopping threads took: 0.0000232 seconds
[2022-06-16T20:44:18.673+0000][3704][safepoint    ] Application time: 4.0289226 seconds
[2022-06-16T20:44:18.673+0000][3704][safepoint    ] Entering safepoint region: Cleanup
[2022-06-16T20:44:18.673+0000][3704][safepoint    ] Leaving safepoint region
[2022-06-16T20:44:18.673+0000][3704][safepoint    ] Total time for which application threads were stopped: 0.0001098 seconds, Stopping threads took: 0.0000279 seconds
[2022-06-16T20:44:20.460+0000][3704][safepoint    ] Application time: 1.7877631 seconds
[2022-06-16T20:44:20.460+0000][3704][safepoint    ] Entering safepoint region: RevokeBias
[2022-06-16T20:44:20.460+0000][3704][safepoint    ] Leaving safepoint region
[2022-06-16T20:44:20.460+0000][3704][safepoint    ] Total time for which application threads were stopped: 0.0001514 seconds, Stopping threads took: 0.0000637 seconds
[2022-06-16T20:44:20.460+0000][3704][safepoint    ] Application time: 0.0003477 seconds
[2022-06-16T20:44:20.460+0000][3704][safepoint    ] Entering safepoint region: RevokeBias
[2022-06-16T20:44:20.460+0000][3704][safepoint    ] Leaving safepoint region
[2022-06-16T20:44:20.460+0000][3704][safepoint    ] Total time for which application threads were stopped: 0.0000684 seconds, Stopping threads took: 0.0000144 seconds
[2022-06-16T20:44:34.568+0000][3704][safepoint    ] Application time: 14.1062096 seconds
[2022-06-16T20:44:34.568+0000][3704][safepoint    ] Entering safepoint region: Cleanup
[2022-06-16T20:44:34.568+0000][3704][safepoint    ] Leaving safepoint region
[2022-06-16T20:44:34.568+0000][3704][safepoint    ] Total time for which application threads were stopped: 0.0001037 seconds, Stopping threads took: 0.0000291 seconds
[2022-06-16T20:44:35.575+0000][3704][safepoint    ] Application time: 1.0066021 seconds
[2022-06-16T20:44:35.575+0000][3704][safepoint    ] Entering safepoint region: Cleanup
[2022-06-16T20:44:35.575+0000][3704][safepoint    ] Leaving safepoint region
[2022-06-16T20:44:35.575+0000][3704][safepoint    ] Total time for which application threads were stopped: 0.0001013 seconds, Stopping threads took: 0.0000276 seconds
[2022-06-16T20:44:36.585+0000][3704][safepoint    ] Application time: 1.0100571 seconds
[2022-06-16T20:44:36.585+0000][3704][safepoint    ] Entering safepoint region: Cleanup
[2022-06-16T20:44:36.585+0000][3704][safepoint    ] Leaving safepoint region
[2022-06-16T20:44:36.585+0000][3704][safepoint    ] Total time for which application threads were stopped: 0.0000910 seconds, Stopping threads took: 0.0000212 seconds
[2022-06-16T20:44:50.474+0000][3704][safepoint    ] Application time: 13.8902958 seconds
[2022-06-16T20:44:50.474+0000][3704][safepoint    ] Entering safepoint region: RevokeBias
[2022-06-16T20:44:50.474+0000][3704][safepoint    ] Leaving safepoint region
[2022-06-16T20:44:50.474+0000][3704][safepoint    ] Total time for which application threads were stopped: 0.0001739 seconds, Stopping threads took: 0.0000693 seconds
[2022-06-16T20:44:50.474+0000][3704][safepoint    ] Application time: 0.0002442 seconds
[2022-06-16T20:44:50.474+0000][3704][safepoint    ] Entering safepoint region: BulkRevokeBias
[2022-06-16T20:44:50.474+0000][3704][safepoint    ] Leaving safepoint region
[2022-06-16T20:44:50.474+0000][3704][safepoint    ] Total time for which application threads were stopped: 0.0004476 seconds, Stopping threads took: 0.0000142 seconds
[2022-06-16T20:44:50.681+0000][3704][safepoint    ] Application time: 0.2100627 seconds
[2022-06-16T20:44:50.681+0000][3704][safepoint    ] Entering safepoint region: RevokeBias
[2022-06-16T20:44:50.681+0000][3704][safepoint    ] Leaving safepoint region
[2022-06-16T20:44:50.681+0000][3704][safepoint    ] Total time for which application threads were stopped: 0.0001531 seconds, Stopping threads took: 0.0000777 seconds
[2022-06-16T20:44:50.681+0000][3704][safepoint    ] Application time: 0.0002492 seconds
[2022-06-16T20:44:50.681+0000][3704][safepoint    ] Entering safepoint region: RevokeBias
[2022-06-16T20:44:50.681+0000][3704][safepoint    ] Leaving safepoint region
[2022-06-16T20:44:50.681+0000][3704][safepoint    ] Total time for which application threads were stopped: 0.0001307 seconds, Stopping threads took: 0.0000507 seconds
[2022-06-16T20:44:50.681+0000][3704][safepoint    ] Application time: 0.0001091 seconds
[2022-06-16T20:44:50.681+0000][3704][safepoint    ] Entering safepoint region: RevokeBias
[2022-06-16T20:44:50.681+0000][3704][safepoint    ] Leaving safepoint region
[2022-06-16T20:44:50.681+0000][3704][safepoint    ] Total time for which application threads were stopped: 0.0000934 seconds, Stopping threads took: 0.0000412 seconds
[2022-06-16T20:44:50.681+0000][3704][safepoint    ] Application time: 0.0074933 seconds
[2022-06-16T20:44:50.681+0000][3704][safepoint    ] Entering safepoint region: RevokeBias
[2022-06-16T20:44:50.681+0000][3704][safepoint    ] Leaving safepoint region
[2022-06-16T20:44:50.681+0000][3704][safepoint    ] Total time for which application threads were stopped: 0.0001097 seconds, Stopping threads took: 0.0000496 seconds
[2022-06-16T20:44:50.681+0000][3704][safepoint    ] Application time: 0.0006272 seconds
[2022-06-16T20:44:50.681+0000][3704][safepoint    ] Entering safepoint region: RevokeBias
[2022-06-16T20:44:50.681+0000][3704][safepoint    ] Leaving safepoint region
[2022-06-16T20:44:50.681+0000][3704][safepoint    ] Total time for which application threads were stopped: 0.0000910 seconds, Stopping threads took: 0.0000396 seconds
[2022-06-16T20:44:50.696+0000][3704][safepoint    ] Application time: 0.0023557 seconds
[2022-06-16T20:44:50.696+0000][3704][safepoint    ] Entering safepoint region: RevokeBias
[2022-06-16T20:44:50.696+0000][3704][safepoint    ] Leaving safepoint region
[2022-06-16T20:44:50.696+0000][3704][safepoint    ] Total time for which application threads were stopped: 0.0000969 seconds, Stopping threads took: 0.0000262 seconds
[2022-06-16T20:44:50.696+0000][3704][safepoint    ] Application time: 0.0005085 seconds
[2022-06-16T20:44:50.696+0000][3704][safepoint    ] Entering safepoint region: RevokeBias
[2022-06-16T20:44:50.696+0000][3704][safepoint    ] Leaving safepoint region
[2022-06-16T20:44:50.696+0000][3704][safepoint    ] Total time for which application threads were stopped: 0.0000997 seconds, Stopping threads took: 0.0000454 seconds
[2022-06-16T20:44:51.181+0000][3704][safepoint    ] Application time: 0.4819452 seconds
[2022-06-16T20:44:51.181+0000][3704][safepoint    ] Entering safepoint region: RevokeBias
[2022-06-16T20:44:51.181+0000][3704][safepoint    ] Leaving safepoint region
[2022-06-16T20:44:51.181+0000][3704][safepoint    ] Total time for which application threads were stopped: 0.0000966 seconds, Stopping threads took: 0.0000199 seconds
[2022-06-16T20:44:51.181+0000][3704][safepoint    ] Application time: 0.0000756 seconds
[2022-06-16T20:44:51.181+0000][3704][safepoint    ] Entering safepoint region: RevokeBias
[2022-06-16T20:44:51.181+0000][3704][safepoint    ] Leaving safepoint region
[2022-06-16T20:44:51.181+0000][3704][safepoint    ] Total time for which application threads were stopped: 0.0000479 seconds, Stopping threads took: 0.0000132 seconds
[2022-06-16T20:44:51.212+0000][3704][safepoint    ] Application time: 0.0308984 seconds
[2022-06-16T20:44:51.212+0000][3704][safepoint    ] Entering safepoint region: RevokeBias
[2022-06-16T20:44:51.212+0000][3704][safepoint    ] Leaving safepoint region
[2022-06-16T20:44:51.212+0000][3704][safepoint    ] Total time for which application threads were stopped: 0.0000878 seconds, Stopping threads took: 0.0000238 seconds
[2022-06-16T20:44:51.227+0000][3704][safepoint    ] Application time: 0.0154652 seconds
[2022-06-16T20:44:51.227+0000][3704][safepoint    ] Entering safepoint region: RevokeBias
[2022-06-16T20:44:51.227+0000][3704][safepoint    ] Leaving safepoint region
[2022-06-16T20:44:51.227+0000][3704][safepoint    ] Total time for which application threads were stopped: 0.0000590 seconds, Stopping threads took: 0.0000147 seconds
[2022-06-16T20:44:51.227+0000][3704][safepoint    ] Application time: 0.0000391 seconds
[2022-06-16T20:44:51.227+0000][3704][safepoint    ] Entering safepoint region: RevokeBias
[2022-06-16T20:44:51.227+0000][3704][safepoint    ] Leaving safepoint region
[2022-06-16T20:44:51.227+0000][3704][safepoint    ] Total time for which application threads were stopped: 0.0000397 seconds, Stopping threads took: 0.0000125 seconds
[2022-06-16T20:44:52.238+0000][3704][safepoint    ] Application time: 1.0100617 seconds
[2022-06-16T20:44:52.238+0000][3704][safepoint    ] Entering safepoint region: Cleanup
[2022-06-16T20:44:52.238+0000][3704][safepoint    ] Leaving safepoint region
[2022-06-16T20:44:52.238+0000][3704][safepoint    ] Total time for which application threads were stopped: 0.0000922 seconds, Stopping threads took: 0.0000223 seconds
[2022-06-16T20:45:18.426+0000][3704][safepoint    ] Application time: 26.1880109 seconds
[2022-06-16T20:45:18.426+0000][3704][safepoint    ] Entering safepoint region: Cleanup
[2022-06-16T20:45:18.426+0000][3704][safepoint    ] Leaving safepoint region
[2022-06-16T20:45:18.426+0000][3704][safepoint    ] Total time for which application threads were stopped: 0.0000931 seconds, Stopping threads took: 0.0000221 seconds
[2022-06-16T20:45:20.491+0000][3704][safepoint    ] Application time: 2.0656732 seconds
[2022-06-16T20:45:20.491+0000][3704][safepoint    ] Entering safepoint region: RevokeBias
[2022-06-16T20:45:20.491+0000][3704][safepoint    ] Leaving safepoint region
[2022-06-16T20:45:20.491+0000][3704][safepoint    ] Total time for which application threads were stopped: 0.0001472 seconds, Stopping threads took: 0.0000569 seconds
[2022-06-16T20:45:20.491+0000][3704][safepoint    ] Application time: 0.0003858 seconds
[2022-06-16T20:45:20.491+0000][3704][safepoint    ] Entering safepoint region: RevokeBias
[2022-06-16T20:45:20.491+0000][3704][safepoint    ] Leaving safepoint region
[2022-06-16T20:45:20.491+0000][3704][safepoint    ] Total time for which application threads were stopped: 0.0000654 seconds, Stopping threads took: 0.0000146 seconds
[2022-06-16T20:45:35.596+0000][3704][safepoint    ] Application time: 15.1038630 seconds
[2022-06-16T20:45:35.596+0000][3704][safepoint    ] Entering safepoint region: Cleanup
[2022-06-16T20:45:35.596+0000][3704][safepoint    ] Leaving safepoint region
[2022-06-16T20:45:35.596+0000][3704][safepoint    ] Total time for which application threads were stopped: 0.0000921 seconds, Stopping threads took: 0.0000220 seconds
[2022-06-16T20:45:50.505+0000][3704][safepoint    ] Application time: 14.9102084 seconds
[2022-06-16T20:45:50.505+0000][3704][safepoint    ] Entering safepoint region: RevokeBias
[2022-06-16T20:45:50.505+0000][3704][safepoint    ] Leaving safepoint region
[2022-06-16T20:45:50.505+0000][3704][safepoint    ] Total time for which application threads were stopped: 0.0001544 seconds, Stopping threads took: 0.0000555 seconds
[2022-06-16T20:45:50.505+0000][3704][safepoint    ] Application time: 0.0005407 seconds
[2022-06-16T20:45:50.505+0000][3704][safepoint    ] Entering safepoint region: RevokeBias
[2022-06-16T20:45:50.505+0000][3704][safepoint    ] Leaving safepoint region
[2022-06-16T20:45:50.505+0000][3704][safepoint    ] Total time for which application threads were stopped: 0.0000711 seconds, Stopping threads took: 0.0000157 seconds
[2022-06-16T20:46:05.617+0000][3704][safepoint    ] Application time: 15.1092707 seconds
[2022-06-16T20:46:05.617+0000][3704][safepoint    ] Entering safepoint region: Cleanup
[2022-06-16T20:46:05.617+0000][3704][safepoint    ] Leaving safepoint region
[2022-06-16T20:46:05.617+0000][3704][safepoint    ] Total time for which application threads were stopped: 0.0001104 seconds, Stopping threads took: 0.0000274 seconds
[2022-06-16T20:46:20.517+0000][3704][safepoint    ] Application time: 14.9010906 seconds
[2022-06-16T20:46:20.517+0000][3704][safepoint    ] Entering safepoint region: RevokeBias
[2022-06-16T20:46:20.517+0000][3704][safepoint    ] Leaving safepoint region
[2022-06-16T20:46:20.517+0000][3704][safepoint    ] Total time for which application threads were stopped: 0.0001913 seconds, Stopping threads took: 0.0000654 seconds
[2022-06-16T20:46:20.517+0000][3704][safepoint    ] Application time: 0.0005242 seconds
[2022-06-16T20:46:20.517+0000][3704][safepoint    ] Entering safepoint region: RevokeBias
[2022-06-16T20:46:20.517+0000][3704][safepoint    ] Leaving safepoint region
[2022-06-16T20:46:20.517+0000][3704][safepoint    ] Total time for which application threads were stopped: 0.0000853 seconds, Stopping threads took: 0.0000199 seconds
[2022-06-16T20:46:50.529+0000][3704][safepoint    ] Application time: 30.0108331 seconds
[2022-06-16T20:46:50.529+0000][3704][safepoint    ] Entering safepoint region: RevokeBias
[2022-06-16T20:46:50.529+0000][3704][safepoint    ] Leaving safepoint region
[2022-06-16T20:46:50.529+0000][3704][safepoint    ] Total time for which application threads were stopped: 0.0001356 seconds, Stopping threads took: 0.0000335 seconds
[2022-06-16T20:46:50.529+0000][3704][safepoint    ] Application time: 0.0006008 seconds
[2022-06-16T20:46:50.529+0000][3704][safepoint    ] Entering safepoint region: RevokeBias
[2022-06-16T20:46:50.529+0000][3704][safepoint    ] Leaving safepoint region
[2022-06-16T20:46:50.529+0000][3704][safepoint    ] Total time for which application threads were stopped: 0.0000919 seconds, Stopping threads took: 0.0000247 seconds
[2022-06-16T20:46:51.539+0000][3704][safepoint    ] Application time: 1.0085971 seconds
[2022-06-16T20:46:51.539+0000][3704][safepoint    ] Entering safepoint region: Cleanup
[2022-06-16T20:46:51.539+0000][3704][safepoint    ] Leaving safepoint region
[2022-06-16T20:46:51.539+0000][3704][safepoint    ] Total time for which application threads were stopped: 0.0001463 seconds, Stopping threads took: 0.0000716 seconds
[2022-06-16T20:47:02.614+0000][3704][safepoint    ] Application time: 11.0752844 seconds
[2022-06-16T20:47:02.614+0000][3704][safepoint    ] Entering safepoint region: Cleanup
[2022-06-16T20:47:02.614+0000][3704][safepoint    ] Leaving safepoint region
[2022-06-16T20:47:02.614+0000][3704][safepoint    ] Total time for which application threads were stopped: 0.0001636 seconds, Stopping threads took: 0.0000808 seconds
[2022-06-16T20:47:05.631+0000][3704][safepoint    ] Application time: 3.0164785 seconds
[2022-06-16T20:47:05.631+0000][3704][safepoint    ] Entering safepoint region: Cleanup
[2022-06-16T20:47:05.631+0000][3704][safepoint    ] Leaving safepoint region
[2022-06-16T20:47:05.631+0000][3704][safepoint    ] Total time for which application threads were stopped: 0.0001309 seconds, Stopping threads took: 0.0000574 seconds
[2022-06-16T20:47:18.742+0000][3704][safepoint    ] Application time: 13.1109938 seconds
[2022-06-16T20:47:18.742+0000][3704][safepoint    ] Entering safepoint region: Cleanup
[2022-06-16T20:47:18.742+0000][3704][safepoint    ] Leaving safepoint region
[2022-06-16T20:47:18.742+0000][3704][safepoint    ] Total time for which application threads were stopped: 0.0001344 seconds, Stopping threads took: 0.0000673 seconds
[2022-06-16T20:47:20.545+0000][3704][safepoint    ] Application time: 1.8034216 seconds
[2022-06-16T20:47:20.545+0000][3704][safepoint    ] Entering safepoint region: RevokeBias
[2022-06-16T20:47:20.545+0000][3704][safepoint    ] Leaving safepoint region
[2022-06-16T20:47:20.545+0000][3704][safepoint    ] Total time for which application threads were stopped: 0.0001578 seconds, Stopping threads took: 0.0000344 seconds
[2022-06-16T20:47:20.545+0000][3704][safepoint    ] Application time: 0.0007927 seconds
[2022-06-16T20:47:20.545+0000][3704][safepoint    ] Entering safepoint region: RevokeBias
[2022-06-16T20:47:20.545+0000][3704][safepoint    ] Leaving safepoint region
[2022-06-16T20:47:20.545+0000][3704][safepoint    ] Total time for which application threads were stopped: 0.0000854 seconds, Stopping threads took: 0.0000325 seconds
[2022-06-16T20:47:50.561+0000][3704][safepoint    ] Application time: 30.0148283 seconds
[2022-06-16T20:47:50.561+0000][3704][safepoint    ] Entering safepoint region: RevokeBias
[2022-06-16T20:47:50.561+0000][3704][safepoint    ] Leaving safepoint region
[2022-06-16T20:47:50.561+0000][3704][safepoint    ] Total time for which application threads were stopped: 0.0001614 seconds, Stopping threads took: 0.0000360 seconds
[2022-06-16T20:47:50.561+0000][3704][safepoint    ] Application time: 0.0007080 seconds
[2022-06-16T20:47:50.561+0000][3704][safepoint    ] Entering safepoint region: RevokeBias
[2022-06-16T20:47:50.561+0000][3704][safepoint    ] Leaving safepoint region
[2022-06-16T20:47:50.561+0000][3704][safepoint    ] Total time for which application threads were stopped: 0.0000701 seconds, Stopping threads took: 0.0000142 seconds
[2022-06-16T20:48:16.788+0000][3704][safepoint    ] Application time: 26.2250634 seconds
[2022-06-16T20:48:16.788+0000][3704][safepoint    ] Entering safepoint region: Cleanup
[2022-06-16T20:48:16.788+0000][3704][safepoint    ] Leaving safepoint region
[2022-06-16T20:48:16.788+0000][3704][safepoint    ] Total time for which application threads were stopped: 0.0001612 seconds, Stopping threads took: 0.0000809 seconds
[2022-06-16T20:48:20.572+0000][3704][safepoint    ] Application time: 3.7844910 seconds
[2022-06-16T20:48:20.572+0000][3704][safepoint    ] Entering safepoint region: RevokeBias
[2022-06-16T20:48:20.572+0000][3704][safepoint    ] Leaving safepoint region
[2022-06-16T20:48:20.572+0000][3704][safepoint    ] Total time for which application threads were stopped: 0.0001730 seconds, Stopping threads took: 0.0000614 seconds
[2022-06-16T20:48:20.572+0000][3704][safepoint    ] Application time: 0.0002244 seconds
[2022-06-16T20:48:20.572+0000][3704][safepoint    ] Entering safepoint region: RevokeBias
[2022-06-16T20:48:20.572+0000][3704][safepoint    ] Leaving safepoint region
[2022-06-16T20:48:20.572+0000][3704][safepoint    ] Total time for which application threads were stopped: 0.0000640 seconds, Stopping threads took: 0.0000141 seconds
[2022-06-16T20:48:50.577+0000][3704][safepoint    ] Application time: 30.0050116 seconds
[2022-06-16T20:48:50.577+0000][3704][safepoint    ] Entering safepoint region: RevokeBias
[2022-06-16T20:48:50.577+0000][3704][safepoint    ] Leaving safepoint region
[2022-06-16T20:48:50.577+0000][3704][safepoint    ] Total time for which application threads were stopped: 0.0001656 seconds, Stopping threads took: 0.0000599 seconds
[2022-06-16T20:48:50.577+0000][3704][safepoint    ] Application time: 0.0006577 seconds
[2022-06-16T20:48:50.577+0000][3704][safepoint    ] Entering safepoint region: RevokeBias
[2022-06-16T20:48:50.577+0000][3704][safepoint    ] Leaving safepoint region
[2022-06-16T20:48:50.577+0000][3704][safepoint    ] Total time for which application threads were stopped: 0.0000824 seconds, Stopping threads took: 0.0000261 seconds
[2022-06-16T20:49:10.737+0000][3704][safepoint    ] Application time: 20.1578918 seconds
[2022-06-16T20:49:10.737+0000][3704][safepoint    ] Entering safepoint region: Cleanup
[2022-06-16T20:49:10.737+0000][3704][safepoint    ] Leaving safepoint region
[2022-06-16T20:49:10.737+0000][3704][safepoint    ] Total time for which application threads were stopped: 0.0000899 seconds, Stopping threads took: 0.0000222 seconds
[2022-06-16T20:49:20.587+0000][3704][safepoint    ] Application time: 9.8515173 seconds
[2022-06-16T20:49:20.587+0000][3704][safepoint    ] Entering safepoint region: RevokeBias
[2022-06-16T20:49:20.587+0000][3704][safepoint    ] Leaving safepoint region
[2022-06-16T20:49:20.587+0000][3704][safepoint    ] Total time for which application threads were stopped: 0.0001409 seconds, Stopping threads took: 0.0000363 seconds
[2022-06-16T20:49:20.587+0000][3704][safepoint    ] Application time: 0.0005547 seconds
[2022-06-16T20:49:20.587+0000][3704][safepoint    ] Entering safepoint region: RevokeBias
[2022-06-16T20:49:20.587+0000][3704][safepoint    ] Leaving safepoint region
[2022-06-16T20:49:20.587+0000][3704][safepoint    ] Total time for which application threads were stopped: 0.0000688 seconds, Stopping threads took: 0.0000159 seconds
[2022-06-16T20:49:21.594+0000][3704][safepoint    ] Application time: 1.0053487 seconds
[2022-06-16T20:49:21.594+0000][3704][safepoint    ] Entering safepoint region: Cleanup
[2022-06-16T20:49:21.594+0000][3704][safepoint    ] Leaving safepoint region
[2022-06-16T20:49:21.594+0000][3704][safepoint    ] Total time for which application threads were stopped: 0.0001117 seconds, Stopping threads took: 0.0000323 seconds
[2022-06-16T20:49:50.240+0000][3704][safepoint    ] Application time: 28.6463387 seconds
[2022-06-16T20:49:50.240+0000][3704][safepoint    ] Entering safepoint region: RevokeBias
[2022-06-16T20:49:50.240+0000][3704][safepoint    ] Leaving safepoint region
[2022-06-16T20:49:50.240+0000][3704][safepoint    ] Total time for which application threads were stopped: 0.0000811 seconds, Stopping threads took: 0.0000184 seconds
[2022-06-16T20:49:50.240+0000][3704][safepoint    ] Application time: 0.0006556 seconds
[2022-06-16T20:49:50.240+0000][3704][safepoint    ] Entering safepoint region: RevokeBias
[2022-06-16T20:49:50.240+0000][3704][safepoint    ] Leaving safepoint region
[2022-06-16T20:49:50.240+0000][3704][safepoint    ] Total time for which application threads were stopped: 0.0000660 seconds, Stopping threads took: 0.0000152 seconds
[2022-06-16T20:49:50.592+0000][3704][safepoint    ] Application time: 0.3514025 seconds
[2022-06-16T20:49:50.592+0000][3704][safepoint    ] Entering safepoint region: RevokeBias
[2022-06-16T20:49:50.592+0000][3704][safepoint    ] Leaving safepoint region
[2022-06-16T20:49:50.592+0000][3704][safepoint    ] Total time for which application threads were stopped: 0.0001526 seconds, Stopping threads took: 0.0000500 seconds
[2022-06-16T20:49:50.592+0000][3704][safepoint    ] Application time: 0.0008362 seconds
[2022-06-16T20:49:50.592+0000][3704][safepoint    ] Entering safepoint region: BulkRevokeBias
[2022-06-16T20:49:50.592+0000][3704][safepoint    ] Leaving safepoint region
[2022-06-16T20:49:50.592+0000][3704][safepoint    ] Total time for which application threads were stopped: 0.0003323 seconds, Stopping threads took: 0.0000398 seconds
[2022-06-16T20:49:51.594+0000][3704][safepoint    ] Application time: 0.9994876 seconds
[2022-06-16T20:49:51.594+0000][3704][safepoint    ] Entering safepoint region: Cleanup
[2022-06-16T20:49:51.594+0000][3704][safepoint    ] Leaving safepoint region
[2022-06-16T20:49:51.594+0000][3704][safepoint    ] Total time for which application threads were stopped: 0.0000979 seconds, Stopping threads took: 0.0000234 seconds
[2022-06-16T20:50:20.603+0000][3704][safepoint    ] Application time: 29.0098200 seconds
[2022-06-16T20:50:20.603+0000][3704][safepoint    ] Entering safepoint region: RevokeBias
[2022-06-16T20:50:20.603+0000][3704][safepoint    ] Leaving safepoint region
[2022-06-16T20:50:20.603+0000][3704][safepoint    ] Total time for which application threads were stopped: 0.0001644 seconds, Stopping threads took: 0.0000361 seconds
[2022-06-16T20:50:20.603+0000][3704][safepoint    ] Application time: 0.0008765 seconds
[2022-06-16T20:50:20.603+0000][3704][safepoint    ] Entering safepoint region: RevokeBias
[2022-06-16T20:50:20.603+0000][3704][safepoint    ] Leaving safepoint region
[2022-06-16T20:50:20.603+0000][3704][safepoint    ] Total time for which application threads were stopped: 0.0000747 seconds, Stopping threads took: 0.0000151 seconds
[2022-06-16T20:50:21.617+0000][3704][safepoint    ] Application time: 1.0117847 seconds
[2022-06-16T20:50:21.617+0000][3704][safepoint    ] Entering safepoint region: Cleanup
[2022-06-16T20:50:21.617+0000][3704][safepoint    ] Leaving safepoint region
[2022-06-16T20:50:21.617+0000][3704][safepoint    ] Total time for which application threads were stopped: 0.0000903 seconds, Stopping threads took: 0.0000227 seconds
[2022-06-16T20:50:50.611+0000][3704][safepoint    ] Application time: 28.9949861 seconds
[2022-06-16T20:50:50.611+0000][3704][safepoint    ] Entering safepoint region: RevokeBias
[2022-06-16T20:50:50.611+0000][3704][safepoint    ] Leaving safepoint region
[2022-06-16T20:50:50.611+0000][3704][safepoint    ] Total time for which application threads were stopped: 0.0001498 seconds, Stopping threads took: 0.0000419 seconds
[2022-06-16T20:50:50.611+0000][3704][safepoint    ] Application time: 0.0008976 seconds
[2022-06-16T20:50:50.611+0000][3704][safepoint    ] Entering safepoint region: RevokeBias
[2022-06-16T20:50:50.611+0000][3704][safepoint    ] Leaving safepoint region
[2022-06-16T20:50:50.611+0000][3704][safepoint    ] Total time for which application threads were stopped: 0.0000619 seconds, Stopping threads took: 0.0000146 seconds
[2022-06-16T20:50:51.618+0000][3704][safepoint    ] Application time: 1.0049451 seconds
[2022-06-16T20:50:51.618+0000][3704][safepoint    ] Entering safepoint region: Cleanup
[2022-06-16T20:50:51.618+0000][3704][safepoint    ] Leaving safepoint region
[2022-06-16T20:50:51.618+0000][3704][safepoint    ] Total time for which application threads were stopped: 0.0001120 seconds, Stopping threads took: 0.0000267 seconds
[2022-06-16T20:51:09.752+0000][3704][safepoint    ] Application time: 18.1341397 seconds
[2022-06-16T20:51:09.752+0000][3704][safepoint    ] Entering safepoint region: Cleanup
[2022-06-16T20:51:09.752+0000][3704][safepoint    ] Leaving safepoint region
[2022-06-16T20:51:09.752+0000][3704][safepoint    ] Total time for which application threads were stopped: 0.0000905 seconds, Stopping threads took: 0.0000233 seconds
[2022-06-16T20:51:20.628+0000][3704][safepoint    ] Application time: 10.8768812 seconds
[2022-06-16T20:51:20.628+0000][3704][safepoint    ] Entering safepoint region: RevokeBias
[2022-06-16T20:51:20.628+0000][3704][safepoint    ] Leaving safepoint region
[2022-06-16T20:51:20.628+0000][3704][safepoint    ] Total time for which application threads were stopped: 0.0001016 seconds, Stopping threads took: 0.0000183 seconds
[2022-06-16T20:51:26.657+0000][3704][safepoint    ] Application time: 6.0280681 seconds
[2022-06-16T20:51:26.657+0000][3704][safepoint    ] Entering safepoint region: Cleanup
[2022-06-16T20:51:26.657+0000][3704][safepoint    ] Leaving safepoint region
[2022-06-16T20:51:26.657+0000][3704][safepoint    ] Total time for which application threads were stopped: 0.0000921 seconds, Stopping threads took: 0.0000251 seconds
[2022-06-16T20:51:36.754+0000][3704][safepoint    ] Application time: 10.0968754 seconds
[2022-06-16T20:51:36.754+0000][3704][safepoint    ] Entering safepoint region: Cleanup
[2022-06-16T20:51:36.754+0000][3704][safepoint    ] Leaving safepoint region
[2022-06-16T20:51:36.754+0000][3704][safepoint    ] Total time for which application threads were stopped: 0.0000931 seconds, Stopping threads took: 0.0000227 seconds
[2022-06-16T20:51:50.642+0000][3704][safepoint    ] Application time: 13.8887087 seconds
[2022-06-16T20:51:50.642+0000][3704][safepoint    ] Entering safepoint region: RevokeBias
[2022-06-16T20:51:50.642+0000][3704][safepoint    ] Leaving safepoint region
[2022-06-16T20:51:50.642+0000][3704][safepoint    ] Total time for which application threads were stopped: 0.0001225 seconds, Stopping threads took: 0.0000263 seconds
[2022-06-16T20:51:50.642+0000][3704][safepoint    ] Application time: 0.0004308 seconds
[2022-06-16T20:51:50.642+0000][3704][safepoint    ] Entering safepoint region: RevokeBias
[2022-06-16T20:51:50.642+0000][3704][safepoint    ] Leaving safepoint region
[2022-06-16T20:51:50.642+0000][3704][safepoint    ] Total time for which application threads were stopped: 0.0000930 seconds, Stopping threads took: 0.0000366 seconds
[2022-06-16T20:51:51.649+0000][3704][safepoint    ] Application time: 1.0057174 seconds
[2022-06-16T20:51:51.649+0000][3704][safepoint    ] Entering safepoint region: Cleanup
[2022-06-16T20:51:51.649+0000][3704][safepoint    ] Leaving safepoint region
[2022-06-16T20:51:51.649+0000][3704][safepoint    ] Total time for which application threads were stopped: 0.0000940 seconds, Stopping threads took: 0.0000233 seconds
[2022-06-16T20:51:57.687+0000][3704][safepoint    ] Application time: 6.0376477 seconds
[2022-06-16T20:51:57.687+0000][3704][safepoint    ] Entering safepoint region: Cleanup
[2022-06-16T20:51:57.687+0000][3704][safepoint    ] Leaving safepoint region
[2022-06-16T20:51:57.687+0000][3704][safepoint    ] Total time for which application threads were stopped: 0.0000899 seconds, Stopping threads took: 0.0000231 seconds
[2022-06-16T20:52:01.725+0000][3704][safepoint    ] Application time: 4.0378688 seconds
[2022-06-16T20:52:01.725+0000][3704][safepoint    ] Entering safepoint region: Cleanup
[2022-06-16T20:52:01.725+0000][3704][safepoint    ] Leaving safepoint region
[2022-06-16T20:52:01.725+0000][3704][safepoint    ] Total time for which application threads were stopped: 0.0000948 seconds, Stopping threads took: 0.0000233 seconds
[2022-06-16T20:52:11.814+0000][3704][safepoint    ] Application time: 10.0883418 seconds
[2022-06-16T20:52:11.814+0000][3704][safepoint    ] Entering safepoint region: Cleanup
[2022-06-16T20:52:11.814+0000][3704][safepoint    ] Leaving safepoint region
[2022-06-16T20:52:11.814+0000][3704][safepoint    ] Total time for which application threads were stopped: 0.0000924 seconds, Stopping threads took: 0.0000226 seconds
[2022-06-16T20:52:16.862+0000][3704][safepoint    ] Application time: 5.0486132 seconds
[2022-06-16T20:52:16.862+0000][3704][safepoint    ] Entering safepoint region: Cleanup
[2022-06-16T20:52:16.862+0000][3704][safepoint    ] Leaving safepoint region
[2022-06-16T20:52:16.862+0000][3704][safepoint    ] Total time for which application threads were stopped: 0.0000909 seconds, Stopping threads took: 0.0000245 seconds
[2022-06-16T20:52:20.656+0000][3704][safepoint    ] Application time: 3.7946720 seconds
[2022-06-16T20:52:20.656+0000][3704][safepoint    ] Entering safepoint region: RevokeBias
[2022-06-16T20:52:20.656+0000][3704][safepoint    ] Leaving safepoint region
[2022-06-16T20:52:20.656+0000][3704][safepoint    ] Total time for which application threads were stopped: 0.0001724 seconds, Stopping threads took: 0.0000626 seconds
[2022-06-16T20:52:20.656+0000][3704][safepoint    ] Application time: 0.0005944 seconds
[2022-06-16T20:52:20.656+0000][3704][safepoint    ] Entering safepoint region: RevokeBias
[2022-06-16T20:52:20.656+0000][3704][safepoint    ] Leaving safepoint region
[2022-06-16T20:52:20.656+0000][3704][safepoint    ] Total time for which application threads were stopped: 0.0001299 seconds, Stopping threads took: 0.0000746 seconds
[2022-06-16T20:52:21.668+0000][3704][safepoint    ] Application time: 1.0099116 seconds
[2022-06-16T20:52:21.668+0000][3704][safepoint    ] Entering safepoint region: Cleanup
[2022-06-16T20:52:21.668+0000][3704][safepoint    ] Leaving safepoint region
[2022-06-16T20:52:21.668+0000][3704][safepoint    ] Total time for which application threads were stopped: 0.0001187 seconds, Stopping threads took: 0.0000282 seconds
[2022-06-16T20:52:43.815+0000][3704][safepoint    ] Application time: 22.1463824 seconds
[2022-06-16T20:52:43.815+0000][3704][safepoint    ] Entering safepoint region: Cleanup
[2022-06-16T20:52:43.815+0000][3704][safepoint    ] Leaving safepoint region
[2022-06-16T20:52:43.815+0000][3704][safepoint    ] Total time for which application threads were stopped: 0.0000898 seconds, Stopping threads took: 0.0000207 seconds
[2022-06-16T20:52:50.662+0000][3704][safepoint    ] Application time: 6.8481826 seconds
[2022-06-16T20:52:50.662+0000][3704][safepoint    ] Entering safepoint region: RevokeBias
[2022-06-16T20:52:50.662+0000][3704][safepoint    ] Leaving safepoint region
[2022-06-16T20:52:50.662+0000][3704][safepoint    ] Total time for which application threads were stopped: 0.0001714 seconds, Stopping threads took: 0.0000531 seconds
[2022-06-16T20:52:50.662+0000][3704][safepoint    ] Application time: 0.0007422 seconds
[2022-06-16T20:52:50.662+0000][3704][safepoint    ] Entering safepoint region: RevokeBias
[2022-06-16T20:52:50.662+0000][3704][safepoint    ] Leaving safepoint region
[2022-06-16T20:52:50.662+0000][3704][safepoint    ] Total time for which application threads were stopped: 0.0000822 seconds, Stopping threads took: 0.0000242 seconds
[2022-06-16T20:52:51.674+0000][3704][safepoint    ] Application time: 1.0103725 seconds
[2022-06-16T20:52:51.674+0000][3704][safepoint    ] Entering safepoint region: Cleanup
[2022-06-16T20:52:51.674+0000][3704][safepoint    ] Leaving safepoint region
[2022-06-16T20:52:51.674+0000][3704][safepoint    ] Total time for which application threads were stopped: 0.0000900 seconds, Stopping threads took: 0.0000220 seconds
[2022-06-16T20:53:10.455+0000][3704][safepoint    ] Application time: 18.7806095 seconds
[2022-06-16T20:53:10.455+0000][3704][safepoint    ] Entering safepoint region: GenCollectForAllocation
[2022-06-16T20:53:10.455+0000][3704][gc,start     ] GC(28) Pause Young (Allocation Failure)
[2022-06-16T20:53:10.455+0000][3704][gc,task      ] GC(28) Using 2 workers of 2 for evacuation
[2022-06-16T20:53:10.486+0000][3704][gc,age       ] GC(28) Desired survivor size 8716288 bytes, new threshold 1 (max threshold 6)
[2022-06-16T20:53:10.486+0000][3704][gc,age       ] GC(28) Age table with threshold 1 (max threshold 6)
[2022-06-16T20:53:10.486+0000][3704][gc,age       ] GC(28) - age   1:    8738496 bytes,    8738496 total
[2022-06-16T20:53:10.486+0000][3704][gc,age       ] GC(28) - age   2:    4955216 bytes,   13693712 total
[2022-06-16T20:53:10.486+0000][3704][gc,heap      ] GC(28) ParNew: 152665K->17024K(153344K)
[2022-06-16T20:53:10.486+0000][3704][gc,heap      ] GC(28) CMS: 52159K->60414K(878208K)
[2022-06-16T20:53:10.486+0000][3704][gc,metaspace ] GC(28) Metaspace: 102451K->102451K(1144832K)
[2022-06-16T20:53:10.486+0000][3704][gc           ] GC(28) Pause Young (Allocation Failure) 200M->75M(1007M) 40.977ms
[2022-06-16T20:53:10.486+0000][3704][gc,cpu       ] GC(28) User=0.06s Sys=0.00s Real=0.03s
[2022-06-16T20:53:10.486+0000][3704][safepoint    ] Leaving safepoint region
[2022-06-16T20:53:10.486+0000][3704][safepoint    ] Total time for which application threads were stopped: 0.0411415 seconds, Stopping threads took: 0.0000202 seconds
[2022-06-16T20:53:20.672+0000][3704][safepoint    ] Application time: 10.1770306 seconds
[2022-06-16T20:53:20.672+0000][3704][safepoint    ] Entering safepoint region: RevokeBias
[2022-06-16T20:53:20.672+0000][3704][safepoint    ] Leaving safepoint region
[2022-06-16T20:53:20.672+0000][3704][safepoint    ] Total time for which application threads were stopped: 0.0001416 seconds, Stopping threads took: 0.0000395 seconds
[2022-06-16T20:53:20.672+0000][3704][safepoint    ] Application time: 0.0005119 seconds
[2022-06-16T20:53:20.672+0000][3704][safepoint    ] Entering safepoint region: RevokeBias
[2022-06-16T20:53:20.672+0000][3704][safepoint    ] Leaving safepoint region
[2022-06-16T20:53:20.672+0000][3704][safepoint    ] Total time for which application threads were stopped: 0.0000736 seconds, Stopping threads took: 0.0000153 seconds
[2022-06-16T20:53:50.682+0000][3704][safepoint    ] Application time: 30.0090103 seconds
[2022-06-16T20:53:50.682+0000][3704][safepoint    ] Entering safepoint region: RevokeBias
[2022-06-16T20:53:50.682+0000][3704][safepoint    ] Leaving safepoint region
[2022-06-16T20:53:50.682+0000][3704][safepoint    ] Total time for which application threads were stopped: 0.0001601 seconds, Stopping threads took: 0.0000534 seconds
[2022-06-16T20:53:50.682+0000][3704][safepoint    ] Application time: 0.0002115 seconds
[2022-06-16T20:53:50.682+0000][3704][safepoint    ] Entering safepoint region: RevokeBias
[2022-06-16T20:53:50.682+0000][3704][safepoint    ] Leaving safepoint region
[2022-06-16T20:53:50.682+0000][3704][safepoint    ] Total time for which application threads were stopped: 0.0000630 seconds, Stopping threads took: 0.0000137 seconds
[2022-06-16T20:54:10.841+0000][3704][safepoint    ] Application time: 20.1575419 seconds
[2022-06-16T20:54:10.841+0000][3704][safepoint    ] Entering safepoint region: Cleanup
[2022-06-16T20:54:10.841+0000][3704][safepoint    ] Leaving safepoint region
[2022-06-16T20:54:10.841+0000][3704][safepoint    ] Total time for which application threads were stopped: 0.0000946 seconds, Stopping threads took: 0.0000239 seconds
[2022-06-16T20:54:20.698+0000][3704][safepoint    ] Application time: 9.8577427 seconds
[2022-06-16T20:54:20.698+0000][3704][safepoint    ] Entering safepoint region: RevokeBias
[2022-06-16T20:54:20.698+0000][3704][safepoint    ] Leaving safepoint region
[2022-06-16T20:54:20.698+0000][3704][safepoint    ] Total time for which application threads were stopped: 0.0001590 seconds, Stopping threads took: 0.0000536 seconds
[2022-06-16T20:54:20.698+0000][3704][safepoint    ] Application time: 0.0003057 seconds
[2022-06-16T20:54:20.698+0000][3704][safepoint    ] Entering safepoint region: RevokeBias
[2022-06-16T20:54:20.698+0000][3704][safepoint    ] Leaving safepoint region
[2022-06-16T20:54:20.698+0000][3704][safepoint    ] Total time for which application threads were stopped: 0.0000812 seconds, Stopping threads took: 0.0000235 seconds
[2022-06-16T20:54:37.816+0000][3704][safepoint    ] Application time: 17.1170489 seconds
[2022-06-16T20:54:37.816+0000][3704][safepoint    ] Entering safepoint region: Cleanup
[2022-06-16T20:54:37.816+0000][3704][safepoint    ] Leaving safepoint region
[2022-06-16T20:54:37.816+0000][3704][safepoint    ] Total time for which application threads were stopped: 0.0000925 seconds, Stopping threads took: 0.0000236 seconds
[2022-06-16T20:54:41.842+0000][3704][safepoint    ] Application time: 4.0257198 seconds
[2022-06-16T20:54:41.842+0000][3704][safepoint    ] Entering safepoint region: Cleanup
[2022-06-16T20:54:41.842+0000][3704][safepoint    ] Leaving safepoint region
[2022-06-16T20:54:41.842+0000][3704][safepoint    ] Total time for which application threads were stopped: 0.0000910 seconds, Stopping threads took: 0.0000219 seconds
[2022-06-16T20:54:50.675+0000][3704][safepoint    ] Application time: 8.8336891 seconds
[2022-06-16T20:54:50.675+0000][3704][safepoint    ] Entering safepoint region: RevokeBias
[2022-06-16T20:54:50.675+0000][3704][safepoint    ] Leaving safepoint region
[2022-06-16T20:54:50.675+0000][3704][safepoint    ] Total time for which application threads were stopped: 0.0001798 seconds, Stopping threads took: 0.0000520 seconds
[2022-06-16T20:54:50.675+0000][3704][safepoint    ] Application time: 0.0014521 seconds
[2022-06-16T20:54:50.675+0000][3704][safepoint    ] Entering safepoint region: RevokeBias
[2022-06-16T20:54:50.675+0000][3704][safepoint    ] Leaving safepoint region
[2022-06-16T20:54:50.675+0000][3704][safepoint    ] Total time for which application threads were stopped: 0.0000825 seconds, Stopping threads took: 0.0000254 seconds
[2022-06-16T20:54:50.675+0000][3704][safepoint    ] Application time: 0.0001716 seconds
[2022-06-16T20:54:50.675+0000][3704][safepoint    ] Entering safepoint region: BulkRevokeBias
[2022-06-16T20:54:50.675+0000][3704][safepoint    ] Leaving safepoint region
[2022-06-16T20:54:50.675+0000][3704][safepoint    ] Total time for which application threads were stopped: 0.0002298 seconds, Stopping threads took: 0.0000198 seconds
[2022-06-16T20:54:50.675+0000][3704][safepoint    ] Application time: 0.0007337 seconds
[2022-06-16T20:54:50.675+0000][3704][safepoint    ] Entering safepoint region: RevokeBias
[2022-06-16T20:54:50.675+0000][3704][safepoint    ] Leaving safepoint region
[2022-06-16T20:54:50.675+0000][3704][safepoint    ] Total time for which application threads were stopped: 0.0000561 seconds, Stopping threads took: 0.0000134 seconds
[2022-06-16T20:54:50.706+0000][3704][safepoint    ] Application time: 0.0277250 seconds
[2022-06-16T20:54:50.706+0000][3704][safepoint    ] Entering safepoint region: RevokeBias
[2022-06-16T20:54:50.706+0000][3704][safepoint    ] Leaving safepoint region
[2022-06-16T20:54:50.706+0000][3704][safepoint    ] Total time for which application threads were stopped: 0.0001224 seconds, Stopping threads took: 0.0000381 seconds
[2022-06-16T20:54:50.706+0000][3704][safepoint    ] Application time: 0.0014138 seconds
[2022-06-16T20:54:50.706+0000][3704][safepoint    ] Entering safepoint region: RevokeBias
[2022-06-16T20:54:50.706+0000][3704][safepoint    ] Leaving safepoint region
[2022-06-16T20:54:50.706+0000][3704][safepoint    ] Total time for which application threads were stopped: 0.0000599 seconds, Stopping threads took: 0.0000150 seconds
[2022-06-16T20:55:20.719+0000][3704][safepoint    ] Application time: 30.0109107 seconds
[2022-06-16T20:55:20.719+0000][3704][safepoint    ] Entering safepoint region: RevokeBias
[2022-06-16T20:55:20.719+0000][3704][safepoint    ] Leaving safepoint region
[2022-06-16T20:55:20.719+0000][3704][safepoint    ] Total time for which application threads were stopped: 0.0001282 seconds, Stopping threads took: 0.0000339 seconds
[2022-06-16T20:55:20.719+0000][3704][safepoint    ] Application time: 0.0005682 seconds
[2022-06-16T20:55:20.719+0000][3704][safepoint    ] Entering safepoint region: RevokeBias
[2022-06-16T20:55:20.719+0000][3704][safepoint    ] Leaving safepoint region
[2022-06-16T20:55:20.719+0000][3704][safepoint    ] Total time for which application threads were stopped: 0.0001403 seconds, Stopping threads took: 0.0000811 seconds
[2022-06-16T20:55:21.719+0000][3704][safepoint    ] Application time: 0.9983517 seconds
[2022-06-16T20:55:21.719+0000][3704][safepoint    ] Entering safepoint region: Cleanup
[2022-06-16T20:55:21.719+0000][3704][safepoint    ] Leaving safepoint region
[2022-06-16T20:55:21.719+0000][3704][safepoint    ] Total time for which application threads were stopped: 0.0000940 seconds, Stopping threads took: 0.0000220 seconds
[2022-06-16T20:55:49.941+0000][3704][safepoint    ] Application time: 28.2227280 seconds
[2022-06-16T20:55:49.941+0000][3704][safepoint    ] Entering safepoint region: Cleanup
[2022-06-16T20:55:49.941+0000][3704][safepoint    ] Leaving safepoint region
[2022-06-16T20:55:49.941+0000][3704][safepoint    ] Total time for which application threads were stopped: 0.0002009 seconds, Stopping threads took: 0.0000604 seconds
[2022-06-16T20:55:50.729+0000][3704][safepoint    ] Application time: 0.7877745 seconds
[2022-06-16T20:55:50.729+0000][3704][safepoint    ] Entering safepoint region: RevokeBias
[2022-06-16T20:55:50.729+0000][3704][safepoint    ] Leaving safepoint region
[2022-06-16T20:55:50.729+0000][3704][safepoint    ] Total time for which application threads were stopped: 0.0001589 seconds, Stopping threads took: 0.0000541 seconds
[2022-06-16T20:55:50.729+0000][3704][safepoint    ] Application time: 0.0009964 seconds
[2022-06-16T20:55:50.729+0000][3704][safepoint    ] Entering safepoint region: RevokeBias
[2022-06-16T20:55:50.729+0000][3704][safepoint    ] Leaving safepoint region
[2022-06-16T20:55:50.729+0000][3704][safepoint    ] Total time for which application threads were stopped: 0.0000794 seconds, Stopping threads took: 0.0000278 seconds
[2022-06-16T20:56:06.869+0000][3704][safepoint    ] Application time: 16.1382943 seconds
[2022-06-16T20:56:06.869+0000][3704][safepoint    ] Entering safepoint region: Cleanup
[2022-06-16T20:56:06.869+0000][3704][safepoint    ] Leaving safepoint region
[2022-06-16T20:56:06.869+0000][3704][safepoint    ] Total time for which application threads were stopped: 0.0000904 seconds, Stopping threads took: 0.0000227 seconds
[2022-06-16T20:56:20.738+0000][3704][safepoint    ] Application time: 13.8695535 seconds
[2022-06-16T20:56:20.738+0000][3704][safepoint    ] Entering safepoint region: RevokeBias
[2022-06-16T20:56:20.738+0000][3704][safepoint    ] Leaving safepoint region
[2022-06-16T20:56:20.738+0000][3704][safepoint    ] Total time for which application threads were stopped: 0.0001432 seconds, Stopping threads took: 0.0000376 seconds
[2022-06-16T20:56:20.738+0000][3704][safepoint    ] Application time: 0.0002375 seconds
[2022-06-16T20:56:20.738+0000][3704][safepoint    ] Entering safepoint region: RevokeBias
[2022-06-16T20:56:20.738+0000][3704][safepoint    ] Leaving safepoint region
[2022-06-16T20:56:20.738+0000][3704][safepoint    ] Total time for which application threads were stopped: 0.0000724 seconds, Stopping threads took: 0.0000286 seconds
[2022-06-16T20:56:50.740+0000][3704][safepoint    ] Application time: 30.0018172 seconds
[2022-06-16T20:56:50.740+0000][3704][safepoint    ] Entering safepoint region: RevokeBias
[2022-06-16T20:56:50.740+0000][3704][safepoint    ] Leaving safepoint region
[2022-06-16T20:56:50.740+0000][3704][safepoint    ] Total time for which application threads were stopped: 0.0001493 seconds, Stopping threads took: 0.0000556 seconds
[2022-06-16T20:56:50.740+0000][3704][safepoint    ] Application time: 0.0004959 seconds
[2022-06-16T20:56:50.740+0000][3704][safepoint    ] Entering safepoint region: RevokeBias
[2022-06-16T20:56:50.740+0000][3704][safepoint    ] Leaving safepoint region
[2022-06-16T20:56:50.740+0000][3704][safepoint    ] Total time for which application threads were stopped: 0.0000950 seconds, Stopping threads took: 0.0000434 seconds
[2022-06-16T20:57:20.747+0000][3704][safepoint    ] Application time: 30.0062158 seconds
[2022-06-16T20:57:20.747+0000][3704][safepoint    ] Entering safepoint region: RevokeBias
[2022-06-16T20:57:20.747+0000][3704][safepoint    ] Leaving safepoint region
[2022-06-16T20:57:20.747+0000][3704][safepoint    ] Total time for which application threads were stopped: 0.0001554 seconds, Stopping threads took: 0.0000601 seconds
[2022-06-16T20:57:20.747+0000][3704][safepoint    ] Application time: 0.0004407 seconds
[2022-06-16T20:57:20.747+0000][3704][safepoint    ] Entering safepoint region: RevokeBias
[2022-06-16T20:57:20.747+0000][3704][safepoint    ] Leaving safepoint region
[2022-06-16T20:57:20.747+0000][3704][safepoint    ] Total time for which application threads were stopped: 0.0000663 seconds, Stopping threads took: 0.0000149 seconds
[2022-06-16T20:57:50.753+0000][3704][safepoint    ] Application time: 30.0057576 seconds
[2022-06-16T20:57:50.753+0000][3704][safepoint    ] Entering safepoint region: RevokeBias
[2022-06-16T20:57:50.753+0000][3704][safepoint    ] Leaving safepoint region
[2022-06-16T20:57:50.753+0000][3704][safepoint    ] Total time for which application threads were stopped: 0.0003334 seconds, Stopping threads took: 0.0002259 seconds
[2022-06-16T20:57:50.753+0000][3704][safepoint    ] Application time: 0.0007694 seconds
[2022-06-16T20:57:50.753+0000][3704][safepoint    ] Entering safepoint region: RevokeBias
[2022-06-16T20:57:50.753+0000][3704][safepoint    ] Leaving safepoint region
[2022-06-16T20:57:50.753+0000][3704][safepoint    ] Total time for which application threads were stopped: 0.0001057 seconds, Stopping threads took: 0.0000316 seconds
[2022-06-16T20:57:51.759+0000][3704][safepoint    ] Application time: 1.0028629 seconds
[2022-06-16T20:57:51.759+0000][3704][safepoint    ] Entering safepoint region: Cleanup
[2022-06-16T20:57:51.759+0000][3704][safepoint    ] Leaving safepoint region
[2022-06-16T20:57:51.759+0000][3704][safepoint    ] Total time for which application threads were stopped: 0.0001353 seconds, Stopping threads took: 0.0000619 seconds
[2022-06-16T20:58:20.758+0000][3704][safepoint    ] Application time: 29.0004083 seconds
[2022-06-16T20:58:20.758+0000][3704][safepoint    ] Entering safepoint region: RevokeBias
[2022-06-16T20:58:20.758+0000][3704][safepoint    ] Leaving safepoint region
[2022-06-16T20:58:20.758+0000][3704][safepoint    ] Total time for which application threads were stopped: 0.0001566 seconds, Stopping threads took: 0.0000568 seconds
[2022-06-16T20:58:20.758+0000][3704][safepoint    ] Application time: 0.0004295 seconds
[2022-06-16T20:58:20.758+0000][3704][safepoint    ] Entering safepoint region: RevokeBias
[2022-06-16T20:58:20.758+0000][3704][safepoint    ] Leaving safepoint region
[2022-06-16T20:58:20.758+0000][3704][safepoint    ] Total time for which application threads were stopped: 0.0000631 seconds, Stopping threads took: 0.0000151 seconds
[2022-06-16T20:58:21.773+0000][3704][safepoint    ] Application time: 1.0135776 seconds
[2022-06-16T20:58:21.773+0000][3704][safepoint    ] Entering safepoint region: Cleanup
[2022-06-16T20:58:21.773+0000][3704][safepoint    ] Leaving safepoint region
[2022-06-16T20:58:21.773+0000][3704][safepoint    ] Total time for which application threads were stopped: 0.0000857 seconds, Stopping threads took: 0.0000212 seconds
[2022-06-16T20:58:30.835+0000][3704][safepoint    ] Application time: 9.0615064 seconds
[2022-06-16T20:58:30.835+0000][3704][safepoint    ] Entering safepoint region: Cleanup
[2022-06-16T20:58:30.835+0000][3704][safepoint    ] Leaving safepoint region
[2022-06-16T20:58:30.835+0000][3704][safepoint    ] Total time for which application threads were stopped: 0.0000885 seconds, Stopping threads took: 0.0000227 seconds
[2022-06-16T20:58:48.964+0000][3704][safepoint    ] Application time: 18.1290396 seconds
[2022-06-16T20:58:48.964+0000][3704][safepoint    ] Entering safepoint region: Cleanup
[2022-06-16T20:58:48.964+0000][3704][safepoint    ] Leaving safepoint region
[2022-06-16T20:58:48.964+0000][3704][safepoint    ] Total time for which application threads were stopped: 0.0000881 seconds, Stopping threads took: 0.0000229 seconds
[2022-06-16T20:58:50.768+0000][3704][safepoint    ] Application time: 1.8041765 seconds
[2022-06-16T20:58:50.768+0000][3704][safepoint    ] Entering safepoint region: RevokeBias
[2022-06-16T20:58:50.768+0000][3704][safepoint    ] Leaving safepoint region
[2022-06-16T20:58:50.768+0000][3704][safepoint    ] Total time for which application threads were stopped: 0.0001353 seconds, Stopping threads took: 0.0000600 seconds
[2022-06-16T20:58:50.768+0000][3704][safepoint    ] Application time: 0.0008312 seconds
[2022-06-16T20:58:50.768+0000][3704][safepoint    ] Entering safepoint region: RevokeBias
[2022-06-16T20:58:50.768+0000][3704][safepoint    ] Leaving safepoint region
[2022-06-16T20:58:50.768+0000][3704][safepoint    ] Total time for which application threads were stopped: 0.0000632 seconds, Stopping threads took: 0.0000138 seconds
[2022-06-16T20:58:51.780+0000][3704][safepoint    ] Application time: 1.0100818 seconds
[2022-06-16T20:58:51.780+0000][3704][safepoint    ] Entering safepoint region: Cleanup
[2022-06-16T20:58:51.780+0000][3704][safepoint    ] Leaving safepoint region
[2022-06-16T20:58:51.780+0000][3704][safepoint    ] Total time for which application threads were stopped: 0.0000981 seconds, Stopping threads took: 0.0000262 seconds
[2022-06-16T20:58:56.808+0000][3704][safepoint    ] Application time: 5.0279826 seconds
[2022-06-16T20:58:56.808+0000][3704][safepoint    ] Entering safepoint region: Cleanup
[2022-06-16T20:58:56.808+0000][3704][safepoint    ] Leaving safepoint region
[2022-06-16T20:58:56.808+0000][3704][safepoint    ] Total time for which application threads were stopped: 0.0000954 seconds, Stopping threads took: 0.0000220 seconds
[2022-06-16T20:59:20.778+0000][3704][safepoint    ] Application time: 23.9711751 seconds
[2022-06-16T20:59:20.778+0000][3704][safepoint    ] Entering safepoint region: RevokeBias
[2022-06-16T20:59:20.778+0000][3704][safepoint    ] Leaving safepoint region
[2022-06-16T20:59:20.778+0000][3704][safepoint    ] Total time for which application threads were stopped: 0.0001444 seconds, Stopping threads took: 0.0000477 seconds
[2022-06-16T20:59:20.778+0000][3704][safepoint    ] Application time: 0.0003287 seconds
[2022-06-16T20:59:20.778+0000][3704][safepoint    ] Entering safepoint region: RevokeBias
[2022-06-16T20:59:20.778+0000][3704][safepoint    ] Leaving safepoint region
[2022-06-16T20:59:20.778+0000][3704][safepoint    ] Total time for which application threads were stopped: 0.0001215 seconds, Stopping threads took: 0.0000715 seconds
[2022-06-16T20:59:43.952+0000][3704][safepoint    ] Application time: 23.1719506 seconds
[2022-06-16T20:59:43.952+0000][3704][safepoint    ] Entering safepoint region: Cleanup
[2022-06-16T20:59:43.952+0000][3704][safepoint    ] Leaving safepoint region
[2022-06-16T20:59:43.952+0000][3704][safepoint    ] Total time for which application threads were stopped: 0.0000849 seconds, Stopping threads took: 0.0000227 seconds
[2022-06-16T20:59:50.788+0000][3704][safepoint    ] Application time: 6.8371337 seconds
[2022-06-16T20:59:50.788+0000][3704][safepoint    ] Entering safepoint region: RevokeBias
[2022-06-16T20:59:50.788+0000][3704][safepoint    ] Leaving safepoint region
[2022-06-16T20:59:50.788+0000][3704][safepoint    ] Total time for which application threads were stopped: 0.0001596 seconds, Stopping threads took: 0.0000523 seconds
[2022-06-16T20:59:50.788+0000][3704][safepoint    ] Application time: 0.0006309 seconds
[2022-06-16T20:59:50.788+0000][3704][safepoint    ] Entering safepoint region: BulkRevokeBias
[2022-06-16T20:59:50.788+0000][3704][safepoint    ] Leaving safepoint region
[2022-06-16T20:59:50.788+0000][3704][safepoint    ] Total time for which application threads were stopped: 0.0002706 seconds, Stopping threads took: 0.0000342 seconds
[2022-06-16T21:00:20.791+0000][3704][safepoint    ] Application time: 30.0021719 seconds
[2022-06-16T21:00:20.791+0000][3704][safepoint    ] Entering safepoint region: RevokeBias
[2022-06-16T21:00:20.791+0000][3704][safepoint    ] Leaving safepoint region
[2022-06-16T21:00:20.791+0000][3704][safepoint    ] Total time for which application threads were stopped: 0.0001783 seconds, Stopping threads took: 0.0000740 seconds
[2022-06-16T21:00:20.791+0000][3704][safepoint    ] Application time: 0.0002182 seconds
[2022-06-16T21:00:20.791+0000][3704][safepoint    ] Entering safepoint region: RevokeBias
[2022-06-16T21:00:20.791+0000][3704][safepoint    ] Leaving safepoint region
[2022-06-16T21:00:20.791+0000][3704][safepoint    ] Total time for which application threads were stopped: 0.0001006 seconds, Stopping threads took: 0.0000299 seconds
[2022-06-16T21:00:21.803+0000][3704][safepoint    ] Application time: 1.0107826 seconds
[2022-06-16T21:00:21.803+0000][3704][safepoint    ] Entering safepoint region: Cleanup
[2022-06-16T21:00:21.803+0000][3704][safepoint    ] Leaving safepoint region
[2022-06-16T21:00:21.803+0000][3704][safepoint    ] Total time for which application threads were stopped: 0.0000983 seconds, Stopping threads took: 0.0000243 seconds
[2022-06-16T21:00:50.802+0000][3704][safepoint    ] Application time: 28.9998747 seconds
[2022-06-16T21:00:50.802+0000][3704][safepoint    ] Entering safepoint region: RevokeBias
[2022-06-16T21:00:50.802+0000][3704][safepoint    ] Leaving safepoint region
[2022-06-16T21:00:50.802+0000][3704][safepoint    ] Total time for which application threads were stopped: 0.0001392 seconds, Stopping threads took: 0.0000373 seconds
[2022-06-16T21:00:50.802+0000][3704][safepoint    ] Application time: 0.0007915 seconds
[2022-06-16T21:00:50.802+0000][3704][safepoint    ] Entering safepoint region: RevokeBias
[2022-06-16T21:00:50.802+0000][3704][safepoint    ] Leaving safepoint region
[2022-06-16T21:00:50.802+0000][3704][safepoint    ] Total time for which application threads were stopped: 0.0000844 seconds, Stopping threads took: 0.0000293 seconds
[2022-06-16T21:01:20.807+0000][3704][safepoint    ] Application time: 30.0037233 seconds
[2022-06-16T21:01:20.807+0000][3704][safepoint    ] Entering safepoint region: RevokeBias
[2022-06-16T21:01:20.807+0000][3704][safepoint    ] Leaving safepoint region
[2022-06-16T21:01:20.807+0000][3704][safepoint    ] Total time for which application threads were stopped: 0.0001548 seconds, Stopping threads took: 0.0000765 seconds
[2022-06-16T21:01:20.807+0000][3704][safepoint    ] Application time: 0.0001689 seconds
[2022-06-16T21:01:20.807+0000][3704][safepoint    ] Entering safepoint region: RevokeBias
[2022-06-16T21:01:20.807+0000][3704][safepoint    ] Leaving safepoint region
[2022-06-16T21:01:20.807+0000][3704][safepoint    ] Total time for which application threads were stopped: 0.0000594 seconds, Stopping threads took: 0.0000134 seconds
[2022-06-16T21:01:48.989+0000][3704][safepoint    ] Application time: 28.1802167 seconds
[2022-06-16T21:01:48.989+0000][3704][safepoint    ] Entering safepoint region: Cleanup
[2022-06-16T21:01:48.989+0000][3704][safepoint    ] Leaving safepoint region
[2022-06-16T21:01:48.989+0000][3704][safepoint    ] Total time for which application threads were stopped: 0.0001120 seconds, Stopping threads took: 0.0000287 seconds
[2022-06-16T21:01:50.816+0000][3704][safepoint    ] Application time: 1.8279782 seconds
[2022-06-16T21:01:50.816+0000][3704][safepoint    ] Entering safepoint region: RevokeBias
[2022-06-16T21:01:50.816+0000][3704][safepoint    ] Leaving safepoint region
[2022-06-16T21:01:50.816+0000][3704][safepoint    ] Total time for which application threads were stopped: 0.0001659 seconds, Stopping threads took: 0.0000552 seconds
[2022-06-16T21:01:50.816+0000][3704][safepoint    ] Application time: 0.0001116 seconds
[2022-06-16T21:01:50.816+0000][3704][safepoint    ] Entering safepoint region: RevokeBias
[2022-06-16T21:01:50.816+0000][3704][safepoint    ] Leaving safepoint region
[2022-06-16T21:01:50.816+0000][3704][safepoint    ] Total time for which application threads were stopped: 0.0000834 seconds, Stopping threads took: 0.0000375 seconds
[2022-06-16T21:01:51.819+0000][3704][safepoint    ] Application time: 1.0020047 seconds
[2022-06-16T21:01:51.819+0000][3704][safepoint    ] Entering safepoint region: Cleanup
[2022-06-16T21:01:51.819+0000][3704][safepoint    ] Leaving safepoint region
[2022-06-16T21:01:51.819+0000][3704][safepoint    ] Total time for which application threads were stopped: 0.0000895 seconds, Stopping threads took: 0.0000219 seconds
[2022-06-16T21:02:20.828+0000][3704][safepoint    ] Application time: 29.0092980 seconds
[2022-06-16T21:02:20.828+0000][3704][safepoint    ] Entering safepoint region: RevokeBias
[2022-06-16T21:02:20.828+0000][3704][safepoint    ] Leaving safepoint region
[2022-06-16T21:02:20.828+0000][3704][safepoint    ] Total time for which application threads were stopped: 0.0001704 seconds, Stopping threads took: 0.0000665 seconds
[2022-06-16T21:02:20.828+0000][3704][safepoint    ] Application time: 0.0001419 seconds
[2022-06-16T21:02:20.828+0000][3704][safepoint    ] Entering safepoint region: RevokeBias
[2022-06-16T21:02:20.828+0000][3704][safepoint    ] Leaving safepoint region
[2022-06-16T21:02:20.828+0000][3704][safepoint    ] Total time for which application threads were stopped: 0.0000660 seconds, Stopping threads took: 0.0000131 seconds
[2022-06-16T21:02:21.833+0000][3704][safepoint    ] Application time: 1.0034149 seconds
[2022-06-16T21:02:21.833+0000][3704][safepoint    ] Entering safepoint region: Cleanup
[2022-06-16T21:02:21.833+0000][3704][safepoint    ] Leaving safepoint region
[2022-06-16T21:02:21.833+0000][3704][safepoint    ] Total time for which application threads were stopped: 0.0000876 seconds, Stopping threads took: 0.0000231 seconds
[2022-06-16T21:02:50.843+0000][3704][safepoint    ] Application time: 29.0110314 seconds
[2022-06-16T21:02:50.843+0000][3704][safepoint    ] Entering safepoint region: RevokeBias
[2022-06-16T21:02:50.843+0000][3704][safepoint    ] Leaving safepoint region
[2022-06-16T21:02:50.843+0000][3704][safepoint    ] Total time for which application threads were stopped: 0.0002144 seconds, Stopping threads took: 0.0000844 seconds
[2022-06-16T21:03:01.937+0000][3704][safepoint    ] Application time: 11.0936226 seconds
[2022-06-16T21:03:01.937+0000][3704][safepoint    ] Entering safepoint region: Cleanup
[2022-06-16T21:03:01.937+0000][3704][safepoint    ] Leaving safepoint region
[2022-06-16T21:03:01.937+0000][3704][safepoint    ] Total time for which application threads were stopped: 0.0000872 seconds, Stopping threads took: 0.0000222 seconds
[2022-06-16T21:03:06.971+0000][3704][safepoint    ] Application time: 5.0330267 seconds
[2022-06-16T21:03:06.971+0000][3704][safepoint    ] Entering safepoint region: Cleanup
[2022-06-16T21:03:06.971+0000][3704][safepoint    ] Leaving safepoint region
[2022-06-16T21:03:06.971+0000][3704][safepoint    ] Total time for which application threads were stopped: 0.0002000 seconds, Stopping threads took: 0.0000568 seconds
[2022-06-16T21:03:20.848+0000][3704][safepoint    ] Application time: 13.8777733 seconds
[2022-06-16T21:03:20.848+0000][3704][safepoint    ] Entering safepoint region: RevokeBias
[2022-06-16T21:03:20.848+0000][3704][safepoint    ] Leaving safepoint region
[2022-06-16T21:03:20.848+0000][3704][safepoint    ] Total time for which application threads were stopped: 0.0001606 seconds, Stopping threads took: 0.0000535 seconds
[2022-06-16T21:03:20.848+0000][3704][safepoint    ] Application time: 0.0008105 seconds
[2022-06-16T21:03:20.848+0000][3704][safepoint    ] Entering safepoint region: RevokeBias
[2022-06-16T21:03:20.848+0000][3704][safepoint    ] Leaving safepoint region
[2022-06-16T21:03:20.848+0000][3704][safepoint    ] Total time for which application threads were stopped: 0.0000841 seconds, Stopping threads took: 0.0000259 seconds
[2022-06-16T21:03:21.858+0000][3704][safepoint    ] Application time: 1.0083136 seconds
[2022-06-16T21:03:21.858+0000][3704][safepoint    ] Entering safepoint region: Cleanup
[2022-06-16T21:03:21.858+0000][3704][safepoint    ] Leaving safepoint region
[2022-06-16T21:03:21.858+0000][3704][safepoint    ] Total time for which application threads were stopped: 0.0000944 seconds, Stopping threads took: 0.0000230 seconds
[2022-06-16T21:03:47.056+0000][3704][safepoint    ] Application time: 25.1979249 seconds
[2022-06-16T21:03:47.056+0000][3704][safepoint    ] Entering safepoint region: Cleanup
[2022-06-16T21:03:47.056+0000][3704][safepoint    ] Leaving safepoint region
[2022-06-16T21:03:47.056+0000][3704][safepoint    ] Total time for which application threads were stopped: 0.0001035 seconds, Stopping threads took: 0.0000331 seconds
[2022-06-16T21:03:50.854+0000][3704][safepoint    ] Application time: 3.7981518 seconds
[2022-06-16T21:03:50.854+0000][3704][safepoint    ] Entering safepoint region: RevokeBias
[2022-06-16T21:03:50.854+0000][3704][safepoint    ] Leaving safepoint region
[2022-06-16T21:03:50.854+0000][3704][safepoint    ] Total time for which application threads were stopped: 0.0001499 seconds, Stopping threads took: 0.0000439 seconds
[2022-06-16T21:03:50.854+0000][3704][safepoint    ] Application time: 0.0002476 seconds
[2022-06-16T21:03:50.854+0000][3704][safepoint    ] Entering safepoint region: RevokeBias
[2022-06-16T21:03:50.854+0000][3704][safepoint    ] Leaving safepoint region
[2022-06-16T21:03:50.854+0000][3704][safepoint    ] Total time for which application threads were stopped: 0.0000950 seconds, Stopping threads took: 0.0000224 seconds
[2022-06-16T21:04:20.863+0000][3704][safepoint    ] Application time: 30.0100571 seconds
[2022-06-16T21:04:20.863+0000][3704][safepoint    ] Entering safepoint region: RevokeBias
[2022-06-16T21:04:20.863+0000][3704][safepoint    ] Leaving safepoint region
[2022-06-16T21:04:20.863+0000][3704][safepoint    ] Total time for which application threads were stopped: 0.0001246 seconds, Stopping threads took: 0.0000373 seconds
[2022-06-16T21:04:20.863+0000][3704][safepoint    ] Application time: 0.0006813 seconds
[2022-06-16T21:04:20.863+0000][3704][safepoint    ] Entering safepoint region: RevokeBias
[2022-06-16T21:04:20.863+0000][3704][safepoint    ] Leaving safepoint region
[2022-06-16T21:04:20.863+0000][3704][safepoint    ] Total time for which application threads were stopped: 0.0000965 seconds, Stopping threads took: 0.0000382 seconds
[2022-06-16T21:04:50.674+0000][3704][safepoint    ] Application time: 29.8094022 seconds
[2022-06-16T21:04:50.674+0000][3704][safepoint    ] Entering safepoint region: RevokeBias
[2022-06-16T21:04:50.674+0000][3704][safepoint    ] Leaving safepoint region
[2022-06-16T21:04:50.674+0000][3704][safepoint    ] Total time for which application threads were stopped: 0.0001640 seconds, Stopping threads took: 0.0000343 seconds
[2022-06-16T21:04:50.674+0000][3704][safepoint    ] Application time: 0.0010921 seconds
[2022-06-16T21:04:50.674+0000][3704][safepoint    ] Entering safepoint region: BulkRevokeBias
[2022-06-16T21:04:50.674+0000][3704][safepoint    ] Leaving safepoint region
[2022-06-16T21:04:50.674+0000][3704][safepoint    ] Total time for which application threads were stopped: 0.0004670 seconds, Stopping threads took: 0.0000520 seconds
[2022-06-16T21:04:50.674+0000][3704][safepoint    ] Application time: 0.0003739 seconds
[2022-06-16T21:04:50.674+0000][3704][safepoint    ] Entering safepoint region: RevokeBias
[2022-06-16T21:04:50.674+0000][3704][safepoint    ] Leaving safepoint region
[2022-06-16T21:04:50.674+0000][3704][safepoint    ] Total time for which application threads were stopped: 0.0001158 seconds, Stopping threads took: 0.0000558 seconds
[2022-06-16T21:04:50.674+0000][3704][safepoint    ] Application time: 0.0001879 seconds
[2022-06-16T21:04:50.674+0000][3704][safepoint    ] Entering safepoint region: RevokeBias
[2022-06-16T21:04:50.674+0000][3704][safepoint    ] Leaving safepoint region
[2022-06-16T21:04:50.674+0000][3704][safepoint    ] Total time for which application threads were stopped: 0.0000543 seconds, Stopping threads took: 0.0000124 seconds
[2022-06-16T21:04:50.877+0000][3704][safepoint    ] Application time: 0.2001519 seconds
[2022-06-16T21:04:50.877+0000][3704][safepoint    ] Entering safepoint region: RevokeBias
[2022-06-16T21:04:50.877+0000][3704][safepoint    ] Leaving safepoint region
[2022-06-16T21:04:50.877+0000][3704][safepoint    ] Total time for which application threads were stopped: 0.0001621 seconds, Stopping threads took: 0.0000601 seconds
[2022-06-16T21:04:50.877+0000][3704][safepoint    ] Application time: 0.0001042 seconds
[2022-06-16T21:04:50.877+0000][3704][safepoint    ] Entering safepoint region: RevokeBias
[2022-06-16T21:04:50.877+0000][3704][safepoint    ] Leaving safepoint region
[2022-06-16T21:04:50.877+0000][3704][safepoint    ] Total time for which application threads were stopped: 0.0000884 seconds, Stopping threads took: 0.0000375 seconds
[2022-06-16T21:05:20.884+0000][3704][safepoint    ] Application time: 30.0067259 seconds
[2022-06-16T21:05:20.884+0000][3704][safepoint    ] Entering safepoint region: RevokeBias
[2022-06-16T21:05:20.884+0000][3704][safepoint    ] Leaving safepoint region
[2022-06-16T21:05:20.884+0000][3704][safepoint    ] Total time for which application threads were stopped: 0.0001583 seconds, Stopping threads took: 0.0000547 seconds
[2022-06-16T21:05:20.884+0000][3704][safepoint    ] Application time: 0.0007294 seconds
[2022-06-16T21:05:20.884+0000][3704][safepoint    ] Entering safepoint region: RevokeBias
[2022-06-16T21:05:20.884+0000][3704][safepoint    ] Leaving safepoint region
[2022-06-16T21:05:20.884+0000][3704][safepoint    ] Total time for which application threads were stopped: 0.0000874 seconds, Stopping threads took: 0.0000264 seconds
[2022-06-16T21:05:41.008+0000][3704][safepoint    ] Application time: 20.1213977 seconds
[2022-06-16T21:05:41.008+0000][3704][safepoint    ] Entering safepoint region: Cleanup
[2022-06-16T21:05:41.008+0000][3704][safepoint    ] Leaving safepoint region
[2022-06-16T21:05:41.008+0000][3704][safepoint    ] Total time for which application threads were stopped: 0.0000878 seconds, Stopping threads took: 0.0000236 seconds
[2022-06-16T21:05:49.084+0000][3704][safepoint    ] Application time: 8.0759344 seconds
[2022-06-16T21:05:49.084+0000][3704][safepoint    ] Entering safepoint region: Cleanup
[2022-06-16T21:05:49.084+0000][3704][safepoint    ] Leaving safepoint region
[2022-06-16T21:05:49.084+0000][3704][safepoint    ] Total time for which application threads were stopped: 0.0000915 seconds, Stopping threads took: 0.0000230 seconds
[2022-06-16T21:05:50.899+0000][3704][safepoint    ] Application time: 1.8159623 seconds
[2022-06-16T21:05:50.899+0000][3704][safepoint    ] Entering safepoint region: RevokeBias
[2022-06-16T21:05:50.899+0000][3704][safepoint    ] Leaving safepoint region
[2022-06-16T21:05:50.899+0000][3704][safepoint    ] Total time for which application threads were stopped: 0.0001684 seconds, Stopping threads took: 0.0000585 seconds
[2022-06-16T21:05:50.899+0000][3704][safepoint    ] Application time: 0.0002854 seconds
[2022-06-16T21:05:50.899+0000][3704][safepoint    ] Entering safepoint region: RevokeBias
[2022-06-16T21:05:50.899+0000][3704][safepoint    ] Leaving safepoint region
[2022-06-16T21:05:50.899+0000][3704][safepoint    ] Total time for which application threads were stopped: 0.0001171 seconds, Stopping threads took: 0.0000689 seconds
[2022-06-16T21:06:20.914+0000][3704][safepoint    ] Application time: 30.0143847 seconds
[2022-06-16T21:06:20.914+0000][3704][safepoint    ] Entering safepoint region: RevokeBias
[2022-06-16T21:06:20.914+0000][3704][safepoint    ] Leaving safepoint region
[2022-06-16T21:06:20.914+0000][3704][safepoint    ] Total time for which application threads were stopped: 0.0001570 seconds, Stopping threads took: 0.0000503 seconds
[2022-06-16T21:06:20.914+0000][3704][safepoint    ] Application time: 0.0004843 seconds
[2022-06-16T21:06:20.914+0000][3704][safepoint    ] Entering safepoint region: RevokeBias
[2022-06-16T21:06:20.914+0000][3704][safepoint    ] Leaving safepoint region
[2022-06-16T21:06:20.914+0000][3704][safepoint    ] Total time for which application threads were stopped: 0.0001378 seconds, Stopping threads took: 0.0000834 seconds
[2022-06-16T21:06:48.129+0000][3704][safepoint    ] Application time: 27.2137963 seconds
[2022-06-16T21:06:48.129+0000][3704][safepoint    ] Entering safepoint region: Cleanup
[2022-06-16T21:06:48.129+0000][3704][safepoint    ] Leaving safepoint region
[2022-06-16T21:06:48.129+0000][3704][safepoint    ] Total time for which application threads were stopped: 0.0000905 seconds, Stopping threads took: 0.0000234 seconds
[2022-06-16T21:06:49.131+0000][3704][safepoint    ] Application time: 1.0020483 seconds
[2022-06-16T21:06:49.131+0000][3704][safepoint    ] Entering safepoint region: Cleanup
[2022-06-16T21:06:49.131+0000][3704][safepoint    ] Leaving safepoint region
[2022-06-16T21:06:49.131+0000][3704][safepoint    ] Total time for which application threads were stopped: 0.0000900 seconds, Stopping threads took: 0.0000238 seconds
[2022-06-16T21:06:50.920+0000][3704][safepoint    ] Application time: 1.7889060 seconds
[2022-06-16T21:06:50.920+0000][3704][safepoint    ] Entering safepoint region: RevokeBias
[2022-06-16T21:06:50.920+0000][3704][safepoint    ] Leaving safepoint region
[2022-06-16T21:06:50.920+0000][3704][safepoint    ] Total time for which application threads were stopped: 0.0001587 seconds, Stopping threads took: 0.0000478 seconds
[2022-06-16T21:06:50.920+0000][3704][safepoint    ] Application time: 0.0006946 seconds
[2022-06-16T21:06:50.920+0000][3704][safepoint    ] Entering safepoint region: RevokeBias
[2022-06-16T21:06:50.920+0000][3704][safepoint    ] Leaving safepoint region
[2022-06-16T21:06:50.920+0000][3704][safepoint    ] Total time for which application threads were stopped: 0.0000941 seconds, Stopping threads took: 0.0000251 seconds
[2022-06-16T21:07:20.929+0000][3704][safepoint    ] Application time: 30.0083493 seconds
[2022-06-16T21:07:20.929+0000][3704][safepoint    ] Entering safepoint region: RevokeBias
[2022-06-16T21:07:20.929+0000][3704][safepoint    ] Leaving safepoint region
[2022-06-16T21:07:20.929+0000][3704][safepoint    ] Total time for which application threads were stopped: 0.0001502 seconds, Stopping threads took: 0.0000465 seconds
[2022-06-16T21:07:20.929+0000][3704][safepoint    ] Application time: 0.0005035 seconds
[2022-06-16T21:07:20.929+0000][3704][safepoint    ] Entering safepoint region: RevokeBias
[2022-06-16T21:07:20.929+0000][3704][safepoint    ] Leaving safepoint region
[2022-06-16T21:07:20.929+0000][3704][safepoint    ] Total time for which application threads were stopped: 0.0000799 seconds, Stopping threads took: 0.0000292 seconds
[2022-06-16T21:07:50.932+0000][3704][safepoint    ] Application time: 30.0025241 seconds
[2022-06-16T21:07:50.932+0000][3704][safepoint    ] Entering safepoint region: RevokeBias
[2022-06-16T21:07:50.932+0000][3704][safepoint    ] Leaving safepoint region
[2022-06-16T21:07:50.932+0000][3704][safepoint    ] Total time for which application threads were stopped: 0.0001560 seconds, Stopping threads took: 0.0000482 seconds
[2022-06-16T21:07:50.932+0000][3704][safepoint    ] Application time: 0.0004497 seconds
[2022-06-16T21:07:50.932+0000][3704][safepoint    ] Entering safepoint region: RevokeBias
[2022-06-16T21:07:50.932+0000][3704][safepoint    ] Leaving safepoint region
[2022-06-16T21:07:50.932+0000][3704][safepoint    ] Total time for which application threads were stopped: 0.0000605 seconds, Stopping threads took: 0.0000150 seconds
[2022-06-16T21:08:20.944+0000][3704][safepoint    ] Application time: 30.0110055 seconds
[2022-06-16T21:08:20.944+0000][3704][safepoint    ] Entering safepoint region: RevokeBias
[2022-06-16T21:08:20.944+0000][3704][safepoint    ] Leaving safepoint region
[2022-06-16T21:08:20.944+0000][3704][safepoint    ] Total time for which application threads were stopped: 0.0001570 seconds, Stopping threads took: 0.0000499 seconds
[2022-06-16T21:08:20.944+0000][3704][safepoint    ] Application time: 0.0004879 seconds
[2022-06-16T21:08:20.944+0000][3704][safepoint    ] Entering safepoint region: RevokeBias
[2022-06-16T21:08:20.944+0000][3704][safepoint    ] Leaving safepoint region
[2022-06-16T21:08:20.944+0000][3704][safepoint    ] Total time for which application threads were stopped: 0.0001272 seconds, Stopping threads took: 0.0000689 seconds
[2022-06-16T21:08:50.959+0000][3704][safepoint    ] Application time: 30.0151462 seconds
[2022-06-16T21:08:50.959+0000][3704][safepoint    ] Entering safepoint region: RevokeBias
[2022-06-16T21:08:50.959+0000][3704][safepoint    ] Leaving safepoint region
[2022-06-16T21:08:50.959+0000][3704][safepoint    ] Total time for which application threads were stopped: 0.0001399 seconds, Stopping threads took: 0.0000381 seconds
[2022-06-16T21:08:50.959+0000][3704][safepoint    ] Application time: 0.0001828 seconds
[2022-06-16T21:08:50.959+0000][3704][safepoint    ] Entering safepoint region: RevokeBias
[2022-06-16T21:08:50.959+0000][3704][safepoint    ] Leaving safepoint region
[2022-06-16T21:08:50.959+0000][3704][safepoint    ] Total time for which application threads were stopped: 0.0000888 seconds, Stopping threads took: 0.0000205 seconds
[2022-06-16T21:09:20.964+0000][3704][safepoint    ] Application time: 30.0038526 seconds
[2022-06-16T21:09:20.964+0000][3704][safepoint    ] Entering safepoint region: RevokeBias
[2022-06-16T21:09:20.964+0000][3704][safepoint    ] Leaving safepoint region
[2022-06-16T21:09:20.964+0000][3704][safepoint    ] Total time for which application threads were stopped: 0.0001713 seconds, Stopping threads took: 0.0000399 seconds
[2022-06-16T21:09:20.964+0000][3704][safepoint    ] Application time: 0.0006244 seconds
[2022-06-16T21:09:20.964+0000][3704][safepoint    ] Entering safepoint region: RevokeBias
[2022-06-16T21:09:20.964+0000][3704][safepoint    ] Leaving safepoint region
[2022-06-16T21:09:20.964+0000][3704][safepoint    ] Total time for which application threads were stopped: 0.0000664 seconds, Stopping threads took: 0.0000149 seconds
[2022-06-16T21:09:21.965+0000][3704][safepoint    ] Application time: 0.9998965 seconds
[2022-06-16T21:09:21.965+0000][3704][safepoint    ] Entering safepoint region: Cleanup
[2022-06-16T21:09:21.965+0000][3704][safepoint    ] Leaving safepoint region
[2022-06-16T21:09:21.965+0000][3704][safepoint    ] Total time for which application threads were stopped: 0.0000874 seconds, Stopping threads took: 0.0000223 seconds
[2022-06-16T21:09:50.967+0000][3704][safepoint    ] Application time: 29.0022916 seconds
[2022-06-16T21:09:50.967+0000][3704][safepoint    ] Entering safepoint region: RevokeBias
[2022-06-16T21:09:50.967+0000][3704][safepoint    ] Leaving safepoint region
[2022-06-16T21:09:50.967+0000][3704][safepoint    ] Total time for which application threads were stopped: 0.0001842 seconds, Stopping threads took: 0.0000727 seconds
[2022-06-16T21:09:50.967+0000][3704][safepoint    ] Application time: 0.0000866 seconds
[2022-06-16T21:09:50.967+0000][3704][safepoint    ] Entering safepoint region: BulkRevokeBias
[2022-06-16T21:09:50.967+0000][3704][safepoint    ] Leaving safepoint region
[2022-06-16T21:09:50.967+0000][3704][safepoint    ] Total time for which application threads were stopped: 0.0002430 seconds, Stopping threads took: 0.0000236 seconds
[2022-06-16T21:09:51.982+0000][3704][safepoint    ] Application time: 1.0138517 seconds
[2022-06-16T21:09:51.982+0000][3704][safepoint    ] Entering safepoint region: Cleanup
[2022-06-16T21:09:51.982+0000][3704][safepoint    ] Leaving safepoint region
[2022-06-16T21:09:51.982+0000][3704][safepoint    ] Total time for which application threads were stopped: 0.0002383 seconds, Stopping threads took: 0.0000686 seconds
[2022-06-16T21:10:20.977+0000][3704][safepoint    ] Application time: 28.9954161 seconds
[2022-06-16T21:10:20.977+0000][3704][safepoint    ] Entering safepoint region: RevokeBias
[2022-06-16T21:10:20.977+0000][3704][safepoint    ] Leaving safepoint region
[2022-06-16T21:10:20.977+0000][3704][safepoint    ] Total time for which application threads were stopped: 0.0001612 seconds, Stopping threads took: 0.0000545 seconds
[2022-06-16T21:10:20.977+0000][3704][safepoint    ] Application time: 0.0001119 seconds
[2022-06-16T21:10:20.977+0000][3704][safepoint    ] Entering safepoint region: RevokeBias
[2022-06-16T21:10:20.977+0000][3704][safepoint    ] Leaving safepoint region
[2022-06-16T21:10:20.977+0000][3704][safepoint    ] Total time for which application threads were stopped: 0.0000598 seconds, Stopping threads took: 0.0000136 seconds
[2022-06-16T21:10:21.986+0000][3704][safepoint    ] Application time: 1.0076481 seconds
[2022-06-16T21:10:21.986+0000][3704][safepoint    ] Entering safepoint region: Cleanup
[2022-06-16T21:10:21.986+0000][3704][safepoint    ] Leaving safepoint region
[2022-06-16T21:10:21.986+0000][3704][safepoint    ] Total time for which application threads were stopped: 0.0000912 seconds, Stopping threads took: 0.0000230 seconds
[2022-06-16T21:10:50.993+0000][3704][safepoint    ] Application time: 29.0079722 seconds
[2022-06-16T21:10:50.993+0000][3704][safepoint    ] Entering safepoint region: RevokeBias
[2022-06-16T21:10:50.993+0000][3704][safepoint    ] Leaving safepoint region
[2022-06-16T21:10:50.993+0000][3704][safepoint    ] Total time for which application threads were stopped: 0.0001517 seconds, Stopping threads took: 0.0000362 seconds
[2022-06-16T21:10:50.993+0000][3704][safepoint    ] Application time: 0.0005861 seconds
[2022-06-16T21:10:50.993+0000][3704][safepoint    ] Entering safepoint region: RevokeBias
[2022-06-16T21:10:50.993+0000][3704][safepoint    ] Leaving safepoint region
[2022-06-16T21:10:50.993+0000][3704][safepoint    ] Total time for which application threads were stopped: 0.0000684 seconds, Stopping threads took: 0.0000154 seconds
[2022-06-16T21:10:52.004+0000][3704][safepoint    ] Application time: 1.0094831 seconds
[2022-06-16T21:10:52.004+0000][3704][safepoint    ] Entering safepoint region: Cleanup
[2022-06-16T21:10:52.004+0000][3704][safepoint    ] Leaving safepoint region
[2022-06-16T21:10:52.004+0000][3704][safepoint    ] Total time for which application threads were stopped: 0.0000882 seconds, Stopping threads took: 0.0000214 seconds
[2022-06-16T21:11:20.997+0000][3704][safepoint    ] Application time: 28.9931759 seconds
[2022-06-16T21:11:20.997+0000][3704][safepoint    ] Entering safepoint region: RevokeBias
[2022-06-16T21:11:20.997+0000][3704][safepoint    ] Leaving safepoint region
[2022-06-16T21:11:20.997+0000][3704][safepoint    ] Total time for which application threads were stopped: 0.0001359 seconds, Stopping threads took: 0.0000375 seconds
[2022-06-16T21:11:20.997+0000][3704][safepoint    ] Application time: 0.0004038 seconds
[2022-06-16T21:11:20.997+0000][3704][safepoint    ] Entering safepoint region: RevokeBias
[2022-06-16T21:11:20.997+0000][3704][safepoint    ] Leaving safepoint region
[2022-06-16T21:11:20.997+0000][3704][safepoint    ] Total time for which application threads were stopped: 0.0000871 seconds, Stopping threads took: 0.0000371 seconds
[2022-06-16T21:11:22.003+0000][3704][safepoint    ] Application time: 1.0053860 seconds
[2022-06-16T21:11:22.003+0000][3704][safepoint    ] Entering safepoint region: Cleanup
[2022-06-16T21:11:22.003+0000][3704][safepoint    ] Leaving safepoint region
[2022-06-16T21:11:22.003+0000][3704][safepoint    ] Total time for which application threads were stopped: 0.0000946 seconds, Stopping threads took: 0.0000228 seconds
[2022-06-16T21:11:51.009+0000][3704][safepoint    ] Application time: 29.0069187 seconds
[2022-06-16T21:11:51.009+0000][3704][safepoint    ] Entering safepoint region: RevokeBias
[2022-06-16T21:11:51.009+0000][3704][safepoint    ] Leaving safepoint region
[2022-06-16T21:11:51.009+0000][3704][safepoint    ] Total time for which application threads were stopped: 0.0001426 seconds, Stopping threads took: 0.0000396 seconds
[2022-06-16T21:11:51.009+0000][3704][safepoint    ] Application time: 0.0003491 seconds
[2022-06-16T21:11:51.009+0000][3704][safepoint    ] Entering safepoint region: RevokeBias
[2022-06-16T21:11:51.009+0000][3704][safepoint    ] Leaving safepoint region
[2022-06-16T21:11:51.009+0000][3704][safepoint    ] Total time for which application threads were stopped: 0.0001025 seconds, Stopping threads took: 0.0000471 seconds
[2022-06-16T21:11:52.016+0000][3704][safepoint    ] Application time: 1.0045276 seconds
[2022-06-16T21:11:52.016+0000][3704][safepoint    ] Entering safepoint region: Cleanup
[2022-06-16T21:11:52.016+0000][3704][safepoint    ] Leaving safepoint region
[2022-06-16T21:11:52.016+0000][3704][safepoint    ] Total time for which application threads were stopped: 0.0000925 seconds, Stopping threads took: 0.0000226 seconds
[2022-06-16T21:12:21.024+0000][3704][safepoint    ] Application time: 29.0089652 seconds
[2022-06-16T21:12:21.024+0000][3704][safepoint    ] Entering safepoint region: RevokeBias
[2022-06-16T21:12:21.024+0000][3704][safepoint    ] Leaving safepoint region
[2022-06-16T21:12:21.024+0000][3704][safepoint    ] Total time for which application threads were stopped: 0.0002061 seconds, Stopping threads took: 0.0000947 seconds
[2022-06-16T21:12:21.024+0000][3704][safepoint    ] Application time: 0.0000816 seconds
[2022-06-16T21:12:21.024+0000][3704][safepoint    ] Entering safepoint region: RevokeBias
[2022-06-16T21:12:21.024+0000][3704][safepoint    ] Leaving safepoint region
[2022-06-16T21:12:21.024+0000][3704][safepoint    ] Total time for which application threads were stopped: 0.0001129 seconds, Stopping threads took: 0.0000588 seconds
[2022-06-16T21:12:51.026+0000][3704][safepoint    ] Application time: 30.0016336 seconds
[2022-06-16T21:12:51.026+0000][3704][safepoint    ] Entering safepoint region: RevokeBias
[2022-06-16T21:12:51.026+0000][3704][safepoint    ] Leaving safepoint region
[2022-06-16T21:12:51.026+0000][3704][safepoint    ] Total time for which application threads were stopped: 0.0001493 seconds, Stopping threads took: 0.0000516 seconds
[2022-06-16T21:12:51.026+0000][3704][safepoint    ] Application time: 0.0004423 seconds
[2022-06-16T21:12:51.026+0000][3704][safepoint    ] Entering safepoint region: RevokeBias
[2022-06-16T21:12:51.026+0000][3704][safepoint    ] Leaving safepoint region
[2022-06-16T21:12:51.026+0000][3704][safepoint    ] Total time for which application threads were stopped: 0.0001019 seconds, Stopping threads took: 0.0000263 seconds
[2022-06-16T21:13:21.028+0000][3704][safepoint    ] Application time: 30.0011667 seconds
[2022-06-16T21:13:21.028+0000][3704][safepoint    ] Entering safepoint region: RevokeBias
[2022-06-16T21:13:21.028+0000][3704][safepoint    ] Leaving safepoint region
[2022-06-16T21:13:21.028+0000][3704][safepoint    ] Total time for which application threads were stopped: 0.0001752 seconds, Stopping threads took: 0.0000582 seconds
[2022-06-16T21:13:21.028+0000][3704][safepoint    ] Application time: 0.0000556 seconds
[2022-06-16T21:13:21.028+0000][3704][safepoint    ] Entering safepoint region: RevokeBias
[2022-06-16T21:13:21.028+0000][3704][safepoint    ] Leaving safepoint region
[2022-06-16T21:13:21.028+0000][3704][safepoint    ] Total time for which application threads were stopped: 0.0001072 seconds, Stopping threads took: 0.0000559 seconds
[2022-06-16T21:13:51.045+0000][3704][safepoint    ] Application time: 30.0165247 seconds
[2022-06-16T21:13:51.045+0000][3704][safepoint    ] Entering safepoint region: RevokeBias
[2022-06-16T21:13:51.045+0000][3704][safepoint    ] Leaving safepoint region
[2022-06-16T21:13:51.045+0000][3704][safepoint    ] Total time for which application threads were stopped: 0.0001803 seconds, Stopping threads took: 0.0000686 seconds
[2022-06-16T21:13:51.045+0000][3704][safepoint    ] Application time: 0.0001635 seconds
[2022-06-16T21:13:51.045+0000][3704][safepoint    ] Entering safepoint region: RevokeBias
[2022-06-16T21:13:51.045+0000][3704][safepoint    ] Leaving safepoint region
[2022-06-16T21:13:51.045+0000][3704][safepoint    ] Total time for which application threads were stopped: 0.0000824 seconds, Stopping threads took: 0.0000303 seconds
[2022-06-16T21:14:21.060+0000][3704][safepoint    ] Application time: 30.0149429 seconds
[2022-06-16T21:14:21.060+0000][3704][safepoint    ] Entering safepoint region: RevokeBias
[2022-06-16T21:14:21.060+0000][3704][safepoint    ] Leaving safepoint region
[2022-06-16T21:14:21.060+0000][3704][safepoint    ] Total time for which application threads were stopped: 0.0001610 seconds, Stopping threads took: 0.0000622 seconds
[2022-06-16T21:14:21.060+0000][3704][safepoint    ] Application time: 0.0007506 seconds
[2022-06-16T21:14:21.060+0000][3704][safepoint    ] Entering safepoint region: RevokeBias
[2022-06-16T21:14:21.060+0000][3704][safepoint    ] Leaving safepoint region
[2022-06-16T21:14:21.060+0000][3704][safepoint    ] Total time for which application threads were stopped: 0.0000691 seconds, Stopping threads took: 0.0000145 seconds
[2022-06-16T21:14:38.198+0000][3704][safepoint    ] Application time: 17.1368240 seconds
[2022-06-16T21:14:38.198+0000][3704][safepoint    ] Entering safepoint region: Cleanup
[2022-06-16T21:14:38.198+0000][3704][safepoint    ] Leaving safepoint region
[2022-06-16T21:14:38.198+0000][3704][safepoint    ] Total time for which application threads were stopped: 0.0000931 seconds, Stopping threads took: 0.0000225 seconds
[2022-06-16T21:14:50.674+0000][3704][safepoint    ] Application time: 12.4767399 seconds
[2022-06-16T21:14:50.674+0000][3704][safepoint    ] Entering safepoint region: RevokeBias
[2022-06-16T21:14:50.674+0000][3704][safepoint    ] Leaving safepoint region
[2022-06-16T21:14:50.674+0000][3704][safepoint    ] Total time for which application threads were stopped: 0.0001945 seconds, Stopping threads took: 0.0000717 seconds
[2022-06-16T21:14:50.674+0000][3704][safepoint    ] Application time: 0.0045072 seconds
[2022-06-16T21:14:50.674+0000][3704][safepoint    ] Entering safepoint region: BulkRevokeBias
[2022-06-16T21:14:50.674+0000][3704][safepoint    ] Leaving safepoint region
[2022-06-16T21:14:50.674+0000][3704][safepoint    ] Total time for which application threads were stopped: 0.0003330 seconds, Stopping threads took: 0.0000311 seconds
[2022-06-16T21:14:50.674+0000][3704][safepoint    ] Application time: 0.0002441 seconds
[2022-06-16T21:14:50.674+0000][3704][safepoint    ] Entering safepoint region: RevokeBias
[2022-06-16T21:14:50.674+0000][3704][safepoint    ] Leaving safepoint region
[2022-06-16T21:14:50.674+0000][3704][safepoint    ] Total time for which application threads were stopped: 0.0000709 seconds, Stopping threads took: 0.0000258 seconds
[2022-06-16T21:14:50.674+0000][3704][safepoint    ] Application time: 0.0017368 seconds
[2022-06-16T21:14:50.674+0000][3704][safepoint    ] Entering safepoint region: RevokeBias
[2022-06-16T21:14:50.674+0000][3704][safepoint    ] Leaving safepoint region
[2022-06-16T21:14:50.674+0000][3704][safepoint    ] Total time for which application threads were stopped: 0.0000853 seconds, Stopping threads took: 0.0000255 seconds
[2022-06-16T21:14:51.074+0000][3704][safepoint    ] Application time: 0.3916981 seconds
[2022-06-16T21:14:51.074+0000][3704][safepoint    ] Entering safepoint region: RevokeBias
[2022-06-16T21:14:51.074+0000][3704][safepoint    ] Leaving safepoint region
[2022-06-16T21:14:51.074+0000][3704][safepoint    ] Total time for which application threads were stopped: 0.0001285 seconds, Stopping threads took: 0.0000356 seconds
[2022-06-16T21:14:51.074+0000][3704][safepoint    ] Application time: 0.0006540 seconds
[2022-06-16T21:14:51.074+0000][3704][safepoint    ] Entering safepoint region: RevokeBias
[2022-06-16T21:14:51.074+0000][3704][safepoint    ] Leaving safepoint region
[2022-06-16T21:14:51.074+0000][3704][safepoint    ] Total time for which application threads were stopped: 0.0000965 seconds, Stopping threads took: 0.0000265 seconds
[2022-06-16T21:15:21.077+0000][3704][safepoint    ] Application time: 30.0027331 seconds
[2022-06-16T21:15:21.077+0000][3704][safepoint    ] Entering safepoint region: RevokeBias
[2022-06-16T21:15:21.077+0000][3704][safepoint    ] Leaving safepoint region
[2022-06-16T21:15:21.077+0000][3704][safepoint    ] Total time for which application threads were stopped: 0.0001428 seconds, Stopping threads took: 0.0000352 seconds
[2022-06-16T21:15:21.077+0000][3704][safepoint    ] Application time: 0.0002178 seconds
[2022-06-16T21:15:21.077+0000][3704][safepoint    ] Entering safepoint region: RevokeBias
[2022-06-16T21:15:21.077+0000][3704][safepoint    ] Leaving safepoint region
[2022-06-16T21:15:21.077+0000][3704][safepoint    ] Total time for which application threads were stopped: 0.0001198 seconds, Stopping threads took: 0.0000416 seconds
[2022-06-16T21:15:51.094+0000][3704][safepoint    ] Application time: 30.0159975 seconds
[2022-06-16T21:15:51.094+0000][3704][safepoint    ] Entering safepoint region: RevokeBias
[2022-06-16T21:15:51.094+0000][3704][safepoint    ] Leaving safepoint region
[2022-06-16T21:15:51.094+0000][3704][safepoint    ] Total time for which application threads were stopped: 0.0002689 seconds, Stopping threads took: 0.0001507 seconds
[2022-06-16T21:15:51.094+0000][3704][safepoint    ] Application time: 0.0006359 seconds
[2022-06-16T21:15:51.094+0000][3704][safepoint    ] Entering safepoint region: RevokeBias
[2022-06-16T21:15:51.094+0000][3704][safepoint    ] Leaving safepoint region
[2022-06-16T21:15:51.094+0000][3704][safepoint    ] Total time for which application threads were stopped: 0.0001115 seconds, Stopping threads took: 0.0000529 seconds
[2022-06-16T21:16:21.106+0000][3704][safepoint    ] Application time: 30.0108398 seconds
[2022-06-16T21:16:21.106+0000][3704][safepoint    ] Entering safepoint region: RevokeBias
[2022-06-16T21:16:21.106+0000][3704][safepoint    ] Leaving safepoint region
[2022-06-16T21:16:21.106+0000][3704][safepoint    ] Total time for which application threads were stopped: 0.0001538 seconds, Stopping threads took: 0.0000326 seconds
[2022-06-16T21:16:21.106+0000][3704][safepoint    ] Application time: 0.0007148 seconds
[2022-06-16T21:16:21.106+0000][3704][safepoint    ] Entering safepoint region: RevokeBias
[2022-06-16T21:16:21.106+0000][3704][safepoint    ] Leaving safepoint region
[2022-06-16T21:16:21.106+0000][3704][safepoint    ] Total time for which application threads were stopped: 0.0000871 seconds, Stopping threads took: 0.0000244 seconds
[2022-06-16T21:16:31.182+0000][3704][safepoint    ] Application time: 10.0745935 seconds
[2022-06-16T21:16:31.182+0000][3704][safepoint    ] Entering safepoint region: Cleanup
[2022-06-16T21:16:31.182+0000][3704][safepoint    ] Leaving safepoint region
[2022-06-16T21:16:31.182+0000][3704][safepoint    ] Total time for which application threads were stopped: 0.0000837 seconds, Stopping threads took: 0.0000214 seconds
[2022-06-16T21:16:51.110+0000][3704][safepoint    ] Application time: 19.9291573 seconds
[2022-06-16T21:16:51.110+0000][3704][safepoint    ] Entering safepoint region: RevokeBias
[2022-06-16T21:16:51.110+0000][3704][safepoint    ] Leaving safepoint region
[2022-06-16T21:16:51.110+0000][3704][safepoint    ] Total time for which application threads were stopped: 0.0001462 seconds, Stopping threads took: 0.0000465 seconds
[2022-06-16T21:16:51.110+0000][3704][safepoint    ] Application time: 0.0003746 seconds
[2022-06-16T21:16:51.110+0000][3704][safepoint    ] Entering safepoint region: RevokeBias
[2022-06-16T21:16:51.110+0000][3704][safepoint    ] Leaving safepoint region
[2022-06-16T21:16:51.110+0000][3704][safepoint    ] Total time for which application threads were stopped: 0.0000942 seconds, Stopping threads took: 0.0000386 seconds
[2022-06-16T21:17:21.119+0000][3704][safepoint    ] Application time: 30.0075796 seconds
[2022-06-16T21:17:21.119+0000][3704][safepoint    ] Entering safepoint region: RevokeBias
[2022-06-16T21:17:21.119+0000][3704][safepoint    ] Leaving safepoint region
[2022-06-16T21:17:21.119+0000][3704][safepoint    ] Total time for which application threads were stopped: 0.0001701 seconds, Stopping threads took: 0.0000604 seconds
[2022-06-16T21:17:21.119+0000][3704][safepoint    ] Application time: 0.0001655 seconds
[2022-06-16T21:17:21.120+0000][3704][safepoint    ] Entering safepoint region: RevokeBias
[2022-06-16T21:17:21.120+0000][3704][safepoint    ] Leaving safepoint region
[2022-06-16T21:17:21.120+0000][3704][safepoint    ] Total time for which application threads were stopped: 0.0001057 seconds, Stopping threads took: 0.0000544 seconds
[2022-06-16T21:17:29.173+0000][3704][safepoint    ] Application time: 8.0531253 seconds
[2022-06-16T21:17:29.173+0000][3704][safepoint    ] Entering safepoint region: Cleanup
[2022-06-16T21:17:29.173+0000][3704][safepoint    ] Leaving safepoint region
[2022-06-16T21:17:29.173+0000][3704][safepoint    ] Total time for which application threads were stopped: 0.0001146 seconds, Stopping threads took: 0.0000276 seconds
[2022-06-16T21:17:51.125+0000][3704][safepoint    ] Application time: 21.9533739 seconds
[2022-06-16T21:17:51.125+0000][3704][safepoint    ] Entering safepoint region: RevokeBias
[2022-06-16T21:17:51.125+0000][3704][safepoint    ] Leaving safepoint region
[2022-06-16T21:17:51.125+0000][3704][safepoint    ] Total time for which application threads were stopped: 0.0001585 seconds, Stopping threads took: 0.0000329 seconds
[2022-06-16T21:17:51.125+0000][3704][safepoint    ] Application time: 0.0005703 seconds
[2022-06-16T21:17:51.125+0000][3704][safepoint    ] Entering safepoint region: RevokeBias
[2022-06-16T21:17:51.125+0000][3704][safepoint    ] Leaving safepoint region
[2022-06-16T21:17:51.125+0000][3704][safepoint    ] Total time for which application threads were stopped: 0.0000959 seconds, Stopping threads took: 0.0000398 seconds
[2022-06-16T21:18:21.129+0000][3704][safepoint    ] Application time: 30.0026040 seconds
[2022-06-16T21:18:21.129+0000][3704][safepoint    ] Entering safepoint region: RevokeBias
[2022-06-16T21:18:21.129+0000][3704][safepoint    ] Leaving safepoint region
[2022-06-16T21:18:21.129+0000][3704][safepoint    ] Total time for which application threads were stopped: 0.0001668 seconds, Stopping threads took: 0.0000553 seconds
[2022-06-16T21:18:21.129+0000][3704][safepoint    ] Application time: 0.0001422 seconds
[2022-06-16T21:18:21.129+0000][3704][safepoint    ] Entering safepoint region: RevokeBias
[2022-06-16T21:18:21.129+0000][3704][safepoint    ] Leaving safepoint region
[2022-06-16T21:18:21.129+0000][3704][safepoint    ] Total time for which application threads were stopped: 0.0001157 seconds, Stopping threads took: 0.0000642 seconds
[2022-06-16T21:18:22.136+0000][3704][safepoint    ] Application time: 1.0059711 seconds
[2022-06-16T21:18:22.136+0000][3704][safepoint    ] Entering safepoint region: Cleanup
[2022-06-16T21:18:22.136+0000][3704][safepoint    ] Leaving safepoint region
[2022-06-16T21:18:22.136+0000][3704][safepoint    ] Total time for which application threads were stopped: 0.0000886 seconds, Stopping threads took: 0.0000223 seconds
[2022-06-16T21:18:51.146+0000][3704][safepoint    ] Application time: 29.0098401 seconds
[2022-06-16T21:18:51.146+0000][3704][safepoint    ] Entering safepoint region: RevokeBias
[2022-06-16T21:18:51.146+0000][3704][safepoint    ] Leaving safepoint region
[2022-06-16T21:18:51.146+0000][3704][safepoint    ] Total time for which application threads were stopped: 0.0001763 seconds, Stopping threads took: 0.0000675 seconds
[2022-06-16T21:18:51.146+0000][3704][safepoint    ] Application time: 0.0001067 seconds
[2022-06-16T21:18:51.146+0000][3704][safepoint    ] Entering safepoint region: RevokeBias
[2022-06-16T21:18:51.146+0000][3704][safepoint    ] Leaving safepoint region
[2022-06-16T21:18:51.146+0000][3704][safepoint    ] Total time for which application threads were stopped: 0.0000591 seconds, Stopping threads took: 0.0000140 seconds
[2022-06-16T21:19:21.155+0000][3704][safepoint    ] Application time: 30.0095233 seconds
[2022-06-16T21:19:21.155+0000][3704][safepoint    ] Entering safepoint region: RevokeBias
[2022-06-16T21:19:21.155+0000][3704][safepoint    ] Leaving safepoint region
[2022-06-16T21:19:21.155+0000][3704][safepoint    ] Total time for which application threads were stopped: 0.0001480 seconds, Stopping threads took: 0.0000449 seconds
[2022-06-16T21:19:21.155+0000][3704][safepoint    ] Application time: 0.0004199 seconds
[2022-06-16T21:19:21.155+0000][3704][safepoint    ] Entering safepoint region: RevokeBias
[2022-06-16T21:19:21.155+0000][3704][safepoint    ] Leaving safepoint region
[2022-06-16T21:19:21.155+0000][3704][safepoint    ] Total time for which application threads were stopped: 0.0000669 seconds, Stopping threads took: 0.0000147 seconds
[2022-06-16T21:19:22.157+0000][3704][safepoint    ] Application time: 0.9996907 seconds
[2022-06-16T21:19:22.157+0000][3704][safepoint    ] Entering safepoint region: Cleanup
[2022-06-16T21:19:22.157+0000][3704][safepoint    ] Leaving safepoint region
[2022-06-16T21:19:22.157+0000][3704][safepoint    ] Total time for which application threads were stopped: 0.0000935 seconds, Stopping threads took: 0.0000234 seconds
[2022-06-16T21:19:51.160+0000][3704][safepoint    ] Application time: 29.0037282 seconds
[2022-06-16T21:19:51.160+0000][3704][safepoint    ] Entering safepoint region: RevokeBias
[2022-06-16T21:19:51.160+0000][3704][safepoint    ] Leaving safepoint region
[2022-06-16T21:19:51.160+0000][3704][safepoint    ] Total time for which application threads were stopped: 0.0001668 seconds, Stopping threads took: 0.0000560 seconds
[2022-06-16T21:19:51.160+0000][3704][safepoint    ] Application time: 0.0004826 seconds
[2022-06-16T21:19:51.160+0000][3704][safepoint    ] Entering safepoint region: BulkRevokeBias
[2022-06-16T21:19:51.160+0000][3704][safepoint    ] Leaving safepoint region
[2022-06-16T21:19:51.160+0000][3704][safepoint    ] Total time for which application threads were stopped: 0.0002414 seconds, Stopping threads took: 0.0000151 seconds
[2022-06-16T21:19:52.165+0000][3704][safepoint    ] Application time: 1.0039286 seconds
[2022-06-16T21:19:52.165+0000][3704][safepoint    ] Entering safepoint region: Cleanup
[2022-06-16T21:19:52.165+0000][3704][safepoint    ] Leaving safepoint region
[2022-06-16T21:19:52.165+0000][3704][safepoint    ] Total time for which application threads were stopped: 0.0000930 seconds, Stopping threads took: 0.0000227 seconds
[2022-06-16T21:19:58.201+0000][3704][safepoint    ] Application time: 6.0357250 seconds
[2022-06-16T21:19:58.201+0000][3704][safepoint    ] Entering safepoint region: Cleanup
[2022-06-16T21:19:58.201+0000][3704][safepoint    ] Leaving safepoint region
[2022-06-16T21:19:58.201+0000][3704][safepoint    ] Total time for which application threads were stopped: 0.0000922 seconds, Stopping threads took: 0.0000237 seconds
[2022-06-16T21:20:21.164+0000][3704][safepoint    ] Application time: 22.9639328 seconds
[2022-06-16T21:20:21.164+0000][3704][safepoint    ] Entering safepoint region: RevokeBias
[2022-06-16T21:20:21.164+0000][3704][safepoint    ] Leaving safepoint region
[2022-06-16T21:20:21.164+0000][3704][safepoint    ] Total time for which application threads were stopped: 0.0001802 seconds, Stopping threads took: 0.0000670 seconds
[2022-06-16T21:20:21.164+0000][3704][safepoint    ] Application time: 0.0001195 seconds
[2022-06-16T21:20:21.164+0000][3704][safepoint    ] Entering safepoint region: RevokeBias
[2022-06-16T21:20:21.164+0000][3704][safepoint    ] Leaving safepoint region
[2022-06-16T21:20:21.164+0000][3704][safepoint    ] Total time for which application threads were stopped: 0.0000598 seconds, Stopping threads took: 0.0000127 seconds
[2022-06-16T21:20:51.175+0000][3704][safepoint    ] Application time: 30.0105684 seconds
[2022-06-16T21:20:51.175+0000][3704][safepoint    ] Entering safepoint region: RevokeBias
[2022-06-16T21:20:51.175+0000][3704][safepoint    ] Leaving safepoint region
[2022-06-16T21:20:51.175+0000][3704][safepoint    ] Total time for which application threads were stopped: 0.0001693 seconds, Stopping threads took: 0.0000454 seconds
[2022-06-16T21:21:21.185+0000][3704][safepoint    ] Application time: 30.0095885 seconds
[2022-06-16T21:21:21.185+0000][3704][safepoint    ] Entering safepoint region: RevokeBias
[2022-06-16T21:21:21.185+0000][3704][safepoint    ] Leaving safepoint region
[2022-06-16T21:21:21.185+0000][3704][safepoint    ] Total time for which application threads were stopped: 0.0001339 seconds, Stopping threads took: 0.0000544 seconds
[2022-06-16T21:21:21.185+0000][3704][safepoint    ] Application time: 0.0005363 seconds
[2022-06-16T21:21:21.185+0000][3704][safepoint    ] Entering safepoint region: RevokeBias
[2022-06-16T21:21:21.185+0000][3704][safepoint    ] Leaving safepoint region
[2022-06-16T21:21:21.185+0000][3704][safepoint    ] Total time for which application threads were stopped: 0.0000706 seconds, Stopping threads took: 0.0000150 seconds
[2022-06-16T21:21:22.197+0000][3704][safepoint    ] Application time: 1.0101805 seconds
[2022-06-16T21:21:22.197+0000][3704][safepoint    ] Entering safepoint region: Cleanup
[2022-06-16T21:21:22.197+0000][3704][safepoint    ] Leaving safepoint region
[2022-06-16T21:21:22.197+0000][3704][safepoint    ] Total time for which application threads were stopped: 0.0000886 seconds, Stopping threads took: 0.0000213 seconds
[2022-06-16T21:21:51.201+0000][3704][safepoint    ] Application time: 29.0048710 seconds
[2022-06-16T21:21:51.201+0000][3704][safepoint    ] Entering safepoint region: RevokeBias
[2022-06-16T21:21:51.201+0000][3704][safepoint    ] Leaving safepoint region
[2022-06-16T21:21:51.201+0000][3704][safepoint    ] Total time for which application threads were stopped: 0.0001633 seconds, Stopping threads took: 0.0000580 seconds
[2022-06-16T21:21:51.201+0000][3704][safepoint    ] Application time: 0.0003937 seconds
[2022-06-16T21:21:51.201+0000][3704][safepoint    ] Entering safepoint region: RevokeBias
[2022-06-16T21:21:51.201+0000][3704][safepoint    ] Leaving safepoint region
[2022-06-16T21:21:51.201+0000][3704][safepoint    ] Total time for which application threads were stopped: 0.0000742 seconds, Stopping threads took: 0.0000160 seconds
[2022-06-16T21:22:21.216+0000][3704][safepoint    ] Application time: 30.0146488 seconds
[2022-06-16T21:22:21.216+0000][3704][safepoint    ] Entering safepoint region: RevokeBias
[2022-06-16T21:22:21.216+0000][3704][safepoint    ] Leaving safepoint region
[2022-06-16T21:22:21.216+0000][3704][safepoint    ] Total time for which application threads were stopped: 0.0001598 seconds, Stopping threads took: 0.0000479 seconds
[2022-06-16T21:22:21.216+0000][3704][safepoint    ] Application time: 0.0000287 seconds
[2022-06-16T21:22:21.216+0000][3704][safepoint    ] Entering safepoint region: RevokeBias
[2022-06-16T21:22:21.216+0000][3704][safepoint    ] Leaving safepoint region
[2022-06-16T21:22:21.216+0000][3704][safepoint    ] Total time for which application threads were stopped: 0.0001073 seconds, Stopping threads took: 0.0000654 seconds
[2022-06-16T21:22:22.217+0000][3704][safepoint    ] Application time: 0.9996405 seconds
[2022-06-16T21:22:22.217+0000][3704][safepoint    ] Entering safepoint region: Cleanup
[2022-06-16T21:22:22.217+0000][3704][safepoint    ] Leaving safepoint region
[2022-06-16T21:22:22.217+0000][3704][safepoint    ] Total time for which application threads were stopped: 0.0000903 seconds, Stopping threads took: 0.0000226 seconds
[2022-06-16T21:22:51.221+0000][3704][safepoint    ] Application time: 29.0047624 seconds
[2022-06-16T21:22:51.221+0000][3704][safepoint    ] Entering safepoint region: RevokeBias
[2022-06-16T21:22:51.221+0000][3704][safepoint    ] Leaving safepoint region
[2022-06-16T21:22:51.221+0000][3704][safepoint    ] Total time for which application threads were stopped: 0.0001692 seconds, Stopping threads took: 0.0000508 seconds
[2022-06-16T21:22:51.221+0000][3704][safepoint    ] Application time: 0.0003234 seconds
[2022-06-16T21:22:51.221+0000][3704][safepoint    ] Entering safepoint region: RevokeBias
[2022-06-16T21:22:51.221+0000][3704][safepoint    ] Leaving safepoint region
[2022-06-16T21:22:51.221+0000][3704][safepoint    ] Total time for which application threads were stopped: 0.0000659 seconds, Stopping threads took: 0.0000150 seconds
[2022-06-16T21:22:52.227+0000][3704][safepoint    ] Application time: 1.0048024 seconds
[2022-06-16T21:22:52.227+0000][3704][safepoint    ] Entering safepoint region: Cleanup
[2022-06-16T21:22:52.227+0000][3704][safepoint    ] Leaving safepoint region
[2022-06-16T21:22:52.227+0000][3704][safepoint    ] Total time for which application threads were stopped: 0.0001016 seconds, Stopping threads took: 0.0000296 seconds
[2022-06-16T21:22:54.236+0000][3704][safepoint    ] Application time: 2.0082194 seconds
[2022-06-16T21:22:54.236+0000][3704][safepoint    ] Entering safepoint region: Cleanup
[2022-06-16T21:22:54.236+0000][3704][safepoint    ] Leaving safepoint region
[2022-06-16T21:22:54.236+0000][3704][safepoint    ] Total time for which application threads were stopped: 0.0001070 seconds, Stopping threads took: 0.0000265 seconds
[2022-06-16T21:23:21.230+0000][3704][safepoint    ] Application time: 26.9948311 seconds
[2022-06-16T21:23:21.230+0000][3704][safepoint    ] Entering safepoint region: RevokeBias
[2022-06-16T21:23:21.230+0000][3704][safepoint    ] Leaving safepoint region
[2022-06-16T21:23:21.230+0000][3704][safepoint    ] Total time for which application threads were stopped: 0.0001425 seconds, Stopping threads took: 0.0000362 seconds
[2022-06-16T21:23:21.230+0000][3704][safepoint    ] Application time: 0.0004062 seconds
[2022-06-16T21:23:21.230+0000][3704][safepoint    ] Entering safepoint region: RevokeBias
[2022-06-16T21:23:21.230+0000][3704][safepoint    ] Leaving safepoint region
[2022-06-16T21:23:21.230+0000][3704][safepoint    ] Total time for which application threads were stopped: 0.0000708 seconds, Stopping threads took: 0.0000144 seconds
[2022-06-16T21:23:22.242+0000][3704][safepoint    ] Application time: 1.0113055 seconds
[2022-06-16T21:23:22.242+0000][3704][safepoint    ] Entering safepoint region: Cleanup
[2022-06-16T21:23:22.242+0000][3704][safepoint    ] Leaving safepoint region
[2022-06-16T21:23:22.242+0000][3704][safepoint    ] Total time for which application threads were stopped: 0.0000934 seconds, Stopping threads took: 0.0000224 seconds
[2022-06-16T21:23:51.241+0000][3704][safepoint    ] Application time: 28.9992121 seconds
[2022-06-16T21:23:51.241+0000][3704][safepoint    ] Entering safepoint region: RevokeBias
[2022-06-16T21:23:51.241+0000][3704][safepoint    ] Leaving safepoint region
[2022-06-16T21:23:51.241+0000][3704][safepoint    ] Total time for which application threads were stopped: 0.0001249 seconds, Stopping threads took: 0.0000290 seconds
[2022-06-16T21:23:51.241+0000][3704][safepoint    ] Application time: 0.0008205 seconds
[2022-06-16T21:23:51.241+0000][3704][safepoint    ] Entering safepoint region: RevokeBias
[2022-06-16T21:23:51.241+0000][3704][safepoint    ] Leaving safepoint region
[2022-06-16T21:23:51.241+0000][3704][safepoint    ] Total time for which application threads were stopped: 0.0000923 seconds, Stopping threads took: 0.0000256 seconds
[2022-06-16T21:24:21.244+0000][3704][safepoint    ] Application time: 30.0017825 seconds
[2022-06-16T21:24:21.244+0000][3704][safepoint    ] Entering safepoint region: RevokeBias
[2022-06-16T21:24:21.244+0000][3704][safepoint    ] Leaving safepoint region
[2022-06-16T21:24:21.244+0000][3704][safepoint    ] Total time for which application threads were stopped: 0.0001496 seconds, Stopping threads took: 0.0000507 seconds
[2022-06-16T21:24:21.244+0000][3704][safepoint    ] Application time: 0.0004615 seconds
[2022-06-16T21:24:21.244+0000][3704][safepoint    ] Entering safepoint region: RevokeBias
[2022-06-16T21:24:21.244+0000][3704][safepoint    ] Leaving safepoint region
[2022-06-16T21:24:21.244+0000][3704][safepoint    ] Total time for which application threads were stopped: 0.0000737 seconds, Stopping threads took: 0.0000147 seconds
[2022-06-16T21:24:22.256+0000][3704][safepoint    ] Application time: 1.0111948 seconds
[2022-06-16T21:24:22.256+0000][3704][safepoint    ] Entering safepoint region: Cleanup
[2022-06-16T21:24:22.256+0000][3704][safepoint    ] Leaving safepoint region
[2022-06-16T21:24:22.256+0000][3704][safepoint    ] Total time for which application threads were stopped: 0.0001126 seconds, Stopping threads took: 0.0000284 seconds
[2022-06-16T21:24:50.667+0000][3704][safepoint    ] Application time: 28.4120693 seconds
[2022-06-16T21:24:50.667+0000][3704][safepoint    ] Entering safepoint region: RevokeBias
[2022-06-16T21:24:50.667+0000][3704][safepoint    ] Leaving safepoint region
[2022-06-16T21:24:50.667+0000][3704][safepoint    ] Total time for which application threads were stopped: 0.0001686 seconds, Stopping threads took: 0.0000561 seconds
[2022-06-16T21:24:50.667+0000][3704][safepoint    ] Application time: 0.0002969 seconds
[2022-06-16T21:24:50.667+0000][3704][safepoint    ] Entering safepoint region: BulkRevokeBias
[2022-06-16T21:24:50.667+0000][3704][safepoint    ] Leaving safepoint region
[2022-06-16T21:24:50.667+0000][3704][safepoint    ] Total time for which application threads were stopped: 0.0003255 seconds, Stopping threads took: 0.0000523 seconds
[2022-06-16T21:24:50.667+0000][3704][safepoint    ] Application time: 0.0024041 seconds
[2022-06-16T21:24:50.667+0000][3704][safepoint    ] Entering safepoint region: RevokeBias
[2022-06-16T21:24:50.667+0000][3704][safepoint    ] Leaving safepoint region
[2022-06-16T21:24:50.667+0000][3704][safepoint    ] Total time for which application threads were stopped: 0.0000976 seconds, Stopping threads took: 0.0000313 seconds
[2022-06-16T21:24:50.667+0000][3704][safepoint    ] Application time: 0.0000393 seconds
[2022-06-16T21:24:50.667+0000][3704][safepoint    ] Entering safepoint region: RevokeBias
[2022-06-16T21:24:50.667+0000][3704][safepoint    ] Leaving safepoint region
[2022-06-16T21:24:50.667+0000][3704][safepoint    ] Total time for which application threads were stopped: 0.0000718 seconds, Stopping threads took: 0.0000219 seconds
[2022-06-16T21:24:51.251+0000][3704][safepoint    ] Application time: 0.5795377 seconds
[2022-06-16T21:24:51.251+0000][3704][safepoint    ] Entering safepoint region: RevokeBias
[2022-06-16T21:24:51.251+0000][3704][safepoint    ] Leaving safepoint region
[2022-06-16T21:24:51.251+0000][3704][safepoint    ] Total time for which application threads were stopped: 0.0001415 seconds, Stopping threads took: 0.0000541 seconds
[2022-06-16T21:24:51.251+0000][3704][safepoint    ] Application time: 0.0006266 seconds
[2022-06-16T21:24:51.251+0000][3704][safepoint    ] Entering safepoint region: RevokeBias
[2022-06-16T21:24:51.251+0000][3704][safepoint    ] Leaving safepoint region
[2022-06-16T21:24:51.251+0000][3704][safepoint    ] Total time for which application threads were stopped: 0.0001120 seconds, Stopping threads took: 0.0000571 seconds
[2022-06-16T21:25:21.264+0000][3704][safepoint    ] Application time: 30.0125103 seconds
[2022-06-16T21:25:21.264+0000][3704][safepoint    ] Entering safepoint region: RevokeBias
[2022-06-16T21:25:21.264+0000][3704][safepoint    ] Leaving safepoint region
[2022-06-16T21:25:21.264+0000][3704][safepoint    ] Total time for which application threads were stopped: 0.0001665 seconds, Stopping threads took: 0.0000558 seconds
[2022-06-16T21:25:21.264+0000][3704][safepoint    ] Application time: 0.0001181 seconds
[2022-06-16T21:25:21.264+0000][3704][safepoint    ] Entering safepoint region: RevokeBias
[2022-06-16T21:25:21.264+0000][3704][safepoint    ] Leaving safepoint region
[2022-06-16T21:25:21.264+0000][3704][safepoint    ] Total time for which application threads were stopped: 0.0000583 seconds, Stopping threads took: 0.0000134 seconds
[2022-06-16T21:25:22.267+0000][3704][safepoint    ] Application time: 1.0014319 seconds
[2022-06-16T21:25:22.267+0000][3704][safepoint    ] Entering safepoint region: Cleanup
[2022-06-16T21:25:22.267+0000][3704][safepoint    ] Leaving safepoint region
[2022-06-16T21:25:22.267+0000][3704][safepoint    ] Total time for which application threads were stopped: 0.0000941 seconds, Stopping threads took: 0.0000230 seconds
[2022-06-16T21:25:51.281+0000][3704][safepoint    ] Application time: 29.0148527 seconds
[2022-06-16T21:25:51.281+0000][3704][safepoint    ] Entering safepoint region: RevokeBias
[2022-06-16T21:25:51.281+0000][3704][safepoint    ] Leaving safepoint region
[2022-06-16T21:25:51.281+0000][3704][safepoint    ] Total time for which application threads were stopped: 0.0001582 seconds, Stopping threads took: 0.0000482 seconds
[2022-06-16T21:25:51.281+0000][3704][safepoint    ] Application time: 0.0005501 seconds
[2022-06-16T21:25:51.281+0000][3704][safepoint    ] Entering safepoint region: RevokeBias
[2022-06-16T21:25:51.281+0000][3704][safepoint    ] Leaving safepoint region
[2022-06-16T21:25:51.281+0000][3704][safepoint    ] Total time for which application threads were stopped: 0.0000843 seconds, Stopping threads took: 0.0000271 seconds
[2022-06-16T21:25:52.292+0000][3704][safepoint    ] Application time: 1.0101237 seconds
[2022-06-16T21:25:52.292+0000][3704][safepoint    ] Entering safepoint region: Cleanup
[2022-06-16T21:25:52.292+0000][3704][safepoint    ] Leaving safepoint region
[2022-06-16T21:25:52.292+0000][3704][safepoint    ] Total time for which application threads were stopped: 0.0001310 seconds, Stopping threads took: 0.0000386 seconds
[2022-06-16T21:26:11.469+0000][3704][safepoint    ] Application time: 19.1765356 seconds
[2022-06-16T21:26:11.469+0000][3704][safepoint    ] Entering safepoint region: Cleanup
[2022-06-16T21:26:11.469+0000][3704][safepoint    ] Leaving safepoint region
[2022-06-16T21:26:11.469+0000][3704][safepoint    ] Total time for which application threads were stopped: 0.0000903 seconds, Stopping threads took: 0.0000214 seconds
[2022-06-16T21:26:21.296+0000][3704][safepoint    ] Application time: 9.8276806 seconds
[2022-06-16T21:26:21.296+0000][3704][safepoint    ] Entering safepoint region: RevokeBias
[2022-06-16T21:26:21.296+0000][3704][safepoint    ] Leaving safepoint region
[2022-06-16T21:26:21.296+0000][3704][safepoint    ] Total time for which application threads were stopped: 0.0001532 seconds, Stopping threads took: 0.0000337 seconds
[2022-06-16T21:26:21.296+0000][3704][safepoint    ] Application time: 0.0006056 seconds
[2022-06-16T21:26:21.296+0000][3704][safepoint    ] Entering safepoint region: RevokeBias
[2022-06-16T21:26:21.296+0000][3704][safepoint    ] Leaving safepoint region
[2022-06-16T21:26:21.296+0000][3704][safepoint    ] Total time for which application threads were stopped: 0.0000726 seconds, Stopping threads took: 0.0000141 seconds
[2022-06-16T21:26:23.314+0000][3704][safepoint    ] Application time: 2.0161375 seconds
[2022-06-16T21:26:23.314+0000][3704][safepoint    ] Entering safepoint region: Cleanup
[2022-06-16T21:26:23.314+0000][3704][safepoint    ] Leaving safepoint region
[2022-06-16T21:26:23.314+0000][3704][safepoint    ] Total time for which application threads were stopped: 0.0000938 seconds, Stopping threads took: 0.0000232 seconds
[2022-06-16T21:26:51.311+0000][3704][safepoint    ] Application time: 27.9975166 seconds
[2022-06-16T21:26:51.311+0000][3704][safepoint    ] Entering safepoint region: RevokeBias
[2022-06-16T21:26:51.311+0000][3704][safepoint    ] Leaving safepoint region
[2022-06-16T21:26:51.311+0000][3704][safepoint    ] Total time for which application threads were stopped: 0.0001786 seconds, Stopping threads took: 0.0000657 seconds
[2022-06-16T21:26:51.311+0000][3704][safepoint    ] Application time: 0.0000486 seconds
[2022-06-16T21:26:51.311+0000][3704][safepoint    ] Entering safepoint region: RevokeBias
[2022-06-16T21:26:51.311+0000][3704][safepoint    ] Leaving safepoint region
[2022-06-16T21:26:51.311+0000][3704][safepoint    ] Total time for which application threads were stopped: 0.0000775 seconds, Stopping threads took: 0.0000360 seconds
[2022-06-16T21:27:21.320+0000][3704][safepoint    ] Application time: 30.0090621 seconds
[2022-06-16T21:27:21.320+0000][3704][safepoint    ] Entering safepoint region: RevokeBias
[2022-06-16T21:27:21.320+0000][3704][safepoint    ] Leaving safepoint region
[2022-06-16T21:27:21.320+0000][3704][safepoint    ] Total time for which application threads were stopped: 0.0001623 seconds, Stopping threads took: 0.0000564 seconds
[2022-06-16T21:27:21.320+0000][3704][safepoint    ] Application time: 0.0004563 seconds
[2022-06-16T21:27:21.320+0000][3704][safepoint    ] Entering safepoint region: RevokeBias
[2022-06-16T21:27:21.320+0000][3704][safepoint    ] Leaving safepoint region
[2022-06-16T21:27:21.320+0000][3704][safepoint    ] Total time for which application threads were stopped: 0.0000734 seconds, Stopping threads took: 0.0000154 seconds
[2022-06-16T21:27:51.325+0000][3704][safepoint    ] Application time: 30.0046335 seconds
[2022-06-16T21:27:51.325+0000][3704][safepoint    ] Entering safepoint region: RevokeBias
[2022-06-16T21:27:51.325+0000][3704][safepoint    ] Leaving safepoint region
[2022-06-16T21:27:51.325+0000][3704][safepoint    ] Total time for which application threads were stopped: 0.0001469 seconds, Stopping threads took: 0.0000342 seconds
[2022-06-16T21:27:51.325+0000][3704][safepoint    ] Application time: 0.0004399 seconds
[2022-06-16T21:27:51.325+0000][3704][safepoint    ] Entering safepoint region: RevokeBias
[2022-06-16T21:27:51.325+0000][3704][safepoint    ] Leaving safepoint region
[2022-06-16T21:27:51.325+0000][3704][safepoint    ] Total time for which application threads were stopped: 0.0000704 seconds, Stopping threads took: 0.0000148 seconds
[2022-06-16T21:28:21.330+0000][3704][safepoint    ] Application time: 30.0040793 seconds
[2022-06-16T21:28:21.330+0000][3704][safepoint    ] Entering safepoint region: RevokeBias
[2022-06-16T21:28:21.330+0000][3704][safepoint    ] Leaving safepoint region
[2022-06-16T21:28:21.330+0000][3704][safepoint    ] Total time for which application threads were stopped: 0.0001575 seconds, Stopping threads took: 0.0000584 seconds
[2022-06-16T21:28:21.330+0000][3704][safepoint    ] Application time: 0.0002473 seconds
[2022-06-16T21:28:21.330+0000][3704][safepoint    ] Entering safepoint region: RevokeBias
[2022-06-16T21:28:21.330+0000][3704][safepoint    ] Leaving safepoint region
[2022-06-16T21:28:21.330+0000][3704][safepoint    ] Total time for which application threads were stopped: 0.0000611 seconds, Stopping threads took: 0.0000136 seconds
[2022-06-16T21:28:51.346+0000][3704][safepoint    ] Application time: 30.0154850 seconds
[2022-06-16T21:28:51.346+0000][3704][safepoint    ] Entering safepoint region: RevokeBias
[2022-06-16T21:28:51.346+0000][3704][safepoint    ] Leaving safepoint region
[2022-06-16T21:28:51.346+0000][3704][safepoint    ] Total time for which application threads were stopped: 0.0001395 seconds, Stopping threads took: 0.0000351 seconds
[2022-06-16T21:28:51.346+0000][3704][safepoint    ] Application time: 0.0004847 seconds
[2022-06-16T21:28:51.346+0000][3704][safepoint    ] Entering safepoint region: RevokeBias
[2022-06-16T21:28:51.346+0000][3704][safepoint    ] Leaving safepoint region
[2022-06-16T21:28:51.346+0000][3704][safepoint    ] Total time for which application threads were stopped: 0.0000755 seconds, Stopping threads took: 0.0000147 seconds
[2022-06-16T21:29:21.356+0000][3704][safepoint    ] Application time: 30.0101481 seconds
[2022-06-16T21:29:21.356+0000][3704][safepoint    ] Entering safepoint region: RevokeBias
[2022-06-16T21:29:21.356+0000][3704][safepoint    ] Leaving safepoint region
[2022-06-16T21:29:21.356+0000][3704][safepoint    ] Total time for which application threads were stopped: 0.0001503 seconds, Stopping threads took: 0.0000592 seconds
[2022-06-16T21:29:21.356+0000][3704][safepoint    ] Application time: 0.0007217 seconds
[2022-06-16T21:29:21.356+0000][3704][safepoint    ] Entering safepoint region: RevokeBias
[2022-06-16T21:29:21.356+0000][3704][safepoint    ] Leaving safepoint region
[2022-06-16T21:29:21.356+0000][3704][safepoint    ] Total time for which application threads were stopped: 0.0001725 seconds, Stopping threads took: 0.0001175 seconds
[2022-06-16T21:29:51.361+0000][3704][safepoint    ] Application time: 30.0031906 seconds
[2022-06-16T21:29:51.361+0000][3704][safepoint    ] Entering safepoint region: RevokeBias
[2022-06-16T21:29:51.361+0000][3704][safepoint    ] Leaving safepoint region
[2022-06-16T21:29:51.361+0000][3704][safepoint    ] Total time for which application threads were stopped: 0.0001799 seconds, Stopping threads took: 0.0000642 seconds
[2022-06-16T21:29:51.361+0000][3704][safepoint    ] Application time: 0.0000695 seconds
[2022-06-16T21:29:51.361+0000][3704][safepoint    ] Entering safepoint region: BulkRevokeBias
[2022-06-16T21:29:51.361+0000][3704][safepoint    ] Leaving safepoint region
[2022-06-16T21:29:51.361+0000][3704][safepoint    ] Total time for which application threads were stopped: 0.0002891 seconds, Stopping threads took: 0.0000461 seconds
[2022-06-16T21:30:21.377+0000][3704][safepoint    ] Application time: 30.0152973 seconds
[2022-06-16T21:30:21.377+0000][3704][safepoint    ] Entering safepoint region: RevokeBias
[2022-06-16T21:30:21.377+0000][3704][safepoint    ] Leaving safepoint region
[2022-06-16T21:30:21.377+0000][3704][safepoint    ] Total time for which application threads were stopped: 0.0001378 seconds, Stopping threads took: 0.0000410 seconds
[2022-06-16T21:30:21.377+0000][3704][safepoint    ] Application time: 0.0003518 seconds
[2022-06-16T21:30:21.377+0000][3704][safepoint    ] Entering safepoint region: RevokeBias
[2022-06-16T21:30:21.377+0000][3704][safepoint    ] Leaving safepoint region
[2022-06-16T21:30:21.377+0000][3704][safepoint    ] Total time for which application threads were stopped: 0.0000908 seconds, Stopping threads took: 0.0000317 seconds
[2022-06-16T21:30:51.382+0000][3704][safepoint    ] Application time: 30.0047849 seconds
[2022-06-16T21:30:51.382+0000][3704][safepoint    ] Entering safepoint region: RevokeBias
[2022-06-16T21:30:51.382+0000][3704][safepoint    ] Leaving safepoint region
[2022-06-16T21:30:51.382+0000][3704][safepoint    ] Total time for which application threads were stopped: 0.0001781 seconds, Stopping threads took: 0.0000625 seconds
[2022-06-16T21:30:51.382+0000][3704][safepoint    ] Application time: 0.0000962 seconds
[2022-06-16T21:30:51.382+0000][3704][safepoint    ] Entering safepoint region: RevokeBias
[2022-06-16T21:30:51.382+0000][3704][safepoint    ] Leaving safepoint region
[2022-06-16T21:30:51.382+0000][3704][safepoint    ] Total time for which application threads were stopped: 0.0001124 seconds, Stopping threads took: 0.0000590 seconds
[2022-06-16T21:31:21.384+0000][3704][safepoint    ] Application time: 30.0018709 seconds
[2022-06-16T21:31:21.384+0000][3704][safepoint    ] Entering safepoint region: RevokeBias
[2022-06-16T21:31:21.384+0000][3704][safepoint    ] Leaving safepoint region
[2022-06-16T21:31:21.384+0000][3704][safepoint    ] Total time for which application threads were stopped: 0.0001525 seconds, Stopping threads took: 0.0000513 seconds
[2022-06-16T21:31:21.384+0000][3704][safepoint    ] Application time: 0.0004882 seconds
[2022-06-16T21:31:21.384+0000][3704][safepoint    ] Entering safepoint region: RevokeBias
[2022-06-16T21:31:21.384+0000][3704][safepoint    ] Leaving safepoint region
[2022-06-16T21:31:21.384+0000][3704][safepoint    ] Total time for which application threads were stopped: 0.0000668 seconds, Stopping threads took: 0.0000141 seconds
[2022-06-16T21:31:51.388+0000][3704][safepoint    ] Application time: 30.0031444 seconds
[2022-06-16T21:31:51.388+0000][3704][safepoint    ] Entering safepoint region: RevokeBias
[2022-06-16T21:31:51.388+0000][3704][safepoint    ] Leaving safepoint region
[2022-06-16T21:31:51.388+0000][3704][safepoint    ] Total time for which application threads were stopped: 0.0001568 seconds, Stopping threads took: 0.0000534 seconds
[2022-06-16T21:31:51.388+0000][3704][safepoint    ] Application time: 0.0003851 seconds
[2022-06-16T21:31:51.388+0000][3704][safepoint    ] Entering safepoint region: RevokeBias
[2022-06-16T21:31:51.388+0000][3704][safepoint    ] Leaving safepoint region
[2022-06-16T21:31:51.388+0000][3704][safepoint    ] Total time for which application threads were stopped: 0.0000891 seconds, Stopping threads took: 0.0000342 seconds
[2022-06-16T21:32:21.402+0000][3704][safepoint    ] Application time: 30.0140687 seconds
[2022-06-16T21:32:21.402+0000][3704][safepoint    ] Entering safepoint region: RevokeBias
[2022-06-16T21:32:21.402+0000][3704][safepoint    ] Leaving safepoint region
[2022-06-16T21:32:21.402+0000][3704][safepoint    ] Total time for which application threads were stopped: 0.0001484 seconds, Stopping threads took: 0.0000496 seconds
[2022-06-16T21:32:21.402+0000][3704][safepoint    ] Application time: 0.0002777 seconds
[2022-06-16T21:32:21.402+0000][3704][safepoint    ] Entering safepoint region: RevokeBias
[2022-06-16T21:32:21.402+0000][3704][safepoint    ] Leaving safepoint region
[2022-06-16T21:32:21.402+0000][3704][safepoint    ] Total time for which application threads were stopped: 0.0001468 seconds, Stopping threads took: 0.0000910 seconds
[2022-06-16T21:32:51.417+0000][3704][safepoint    ] Application time: 30.0138619 seconds
[2022-06-16T21:32:51.417+0000][3704][safepoint    ] Entering safepoint region: RevokeBias
[2022-06-16T21:32:51.417+0000][3704][safepoint    ] Leaving safepoint region
[2022-06-16T21:32:51.417+0000][3704][safepoint    ] Total time for which application threads were stopped: 0.0001736 seconds, Stopping threads took: 0.0000408 seconds
[2022-06-16T21:33:21.431+0000][3704][safepoint    ] Application time: 30.0136299 seconds
[2022-06-16T21:33:21.431+0000][3704][safepoint    ] Entering safepoint region: RevokeBias
[2022-06-16T21:33:21.431+0000][3704][safepoint    ] Leaving safepoint region
[2022-06-16T21:33:21.431+0000][3704][safepoint    ] Total time for which application threads were stopped: 0.0001515 seconds, Stopping threads took: 0.0000489 seconds
[2022-06-16T21:33:21.431+0000][3704][safepoint    ] Application time: 0.0002449 seconds
[2022-06-16T21:33:21.431+0000][3704][safepoint    ] Entering safepoint region: RevokeBias
[2022-06-16T21:33:21.431+0000][3704][safepoint    ] Leaving safepoint region
[2022-06-16T21:33:21.431+0000][3704][safepoint    ] Total time for which application threads were stopped: 0.0000616 seconds, Stopping threads took: 0.0000150 seconds
[2022-06-16T21:33:51.446+0000][3704][safepoint    ] Application time: 30.0155377 seconds
[2022-06-16T21:33:51.446+0000][3704][safepoint    ] Entering safepoint region: RevokeBias
[2022-06-16T21:33:51.446+0000][3704][safepoint    ] Leaving safepoint region
[2022-06-16T21:33:51.446+0000][3704][safepoint    ] Total time for which application threads were stopped: 0.0001524 seconds, Stopping threads took: 0.0000568 seconds
[2022-06-16T21:33:51.446+0000][3704][safepoint    ] Application time: 0.0007954 seconds
[2022-06-16T21:33:51.446+0000][3704][safepoint    ] Entering safepoint region: RevokeBias
[2022-06-16T21:33:51.446+0000][3704][safepoint    ] Leaving safepoint region
[2022-06-16T21:33:51.446+0000][3704][safepoint    ] Total time for which application threads were stopped: 0.0000849 seconds, Stopping threads took: 0.0000292 seconds
[2022-06-16T21:34:21.452+0000][3704][safepoint    ] Application time: 30.0043090 seconds
[2022-06-16T21:34:21.452+0000][3704][safepoint    ] Entering safepoint region: RevokeBias
[2022-06-16T21:34:21.452+0000][3704][safepoint    ] Leaving safepoint region
[2022-06-16T21:34:21.452+0000][3704][safepoint    ] Total time for which application threads were stopped: 0.0001630 seconds, Stopping threads took: 0.0000586 seconds
[2022-06-16T21:34:21.452+0000][3704][safepoint    ] Application time: 0.0004803 seconds
[2022-06-16T21:34:21.452+0000][3704][safepoint    ] Entering safepoint region: RevokeBias
[2022-06-16T21:34:21.452+0000][3704][safepoint    ] Leaving safepoint region
[2022-06-16T21:34:21.452+0000][3704][safepoint    ] Total time for which application threads were stopped: 0.0000713 seconds, Stopping threads took: 0.0000152 seconds
[2022-06-16T21:34:49.624+0000][3704][safepoint    ] Application time: 28.1702380 seconds
[2022-06-16T21:34:49.624+0000][3704][safepoint    ] Entering safepoint region: Cleanup
[2022-06-16T21:34:49.624+0000][3704][safepoint    ] Leaving safepoint region
[2022-06-16T21:34:49.624+0000][3704][safepoint    ] Total time for which application threads were stopped: 0.0000917 seconds, Stopping threads took: 0.0000229 seconds
[2022-06-16T21:34:50.639+0000][3704][safepoint    ] Application time: 1.0154515 seconds
[2022-06-16T21:34:50.639+0000][3704][safepoint    ] Entering safepoint region: Cleanup
[2022-06-16T21:34:50.639+0000][3704][safepoint    ] Leaving safepoint region
[2022-06-16T21:34:50.639+0000][3704][safepoint    ] Total time for which application threads were stopped: 0.0000925 seconds, Stopping threads took: 0.0000242 seconds
[2022-06-16T21:34:50.670+0000][3704][safepoint    ] Application time: 0.0323247 seconds
[2022-06-16T21:34:50.670+0000][3704][safepoint    ] Entering safepoint region: RevokeBias
[2022-06-16T21:34:50.670+0000][3704][safepoint    ] Leaving safepoint region
[2022-06-16T21:34:50.670+0000][3704][safepoint    ] Total time for which application threads were stopped: 0.0001288 seconds, Stopping threads took: 0.0000374 seconds
[2022-06-16T21:34:50.670+0000][3704][safepoint    ] Application time: 0.0008509 seconds
[2022-06-16T21:34:50.670+0000][3704][safepoint    ] Entering safepoint region: BulkRevokeBias
[2022-06-16T21:34:50.670+0000][3704][safepoint    ] Leaving safepoint region
[2022-06-16T21:34:50.670+0000][3704][safepoint    ] Total time for which application threads were stopped: 0.0003055 seconds, Stopping threads took: 0.0000267 seconds
[2022-06-16T21:34:50.670+0000][3704][safepoint    ] Application time: 0.0002279 seconds
[2022-06-16T21:34:50.670+0000][3704][safepoint    ] Entering safepoint region: RevokeBias
[2022-06-16T21:34:50.670+0000][3704][safepoint    ] Leaving safepoint region
[2022-06-16T21:34:50.670+0000][3704][safepoint    ] Total time for which application threads were stopped: 0.0000752 seconds, Stopping threads took: 0.0000274 seconds
[2022-06-16T21:34:50.670+0000][3704][safepoint    ] Application time: 0.0005989 seconds
[2022-06-16T21:34:50.670+0000][3704][safepoint    ] Entering safepoint region: RevokeBias
[2022-06-16T21:34:50.670+0000][3704][safepoint    ] Leaving safepoint region
[2022-06-16T21:34:50.670+0000][3704][safepoint    ] Total time for which application threads were stopped: 0.0000549 seconds, Stopping threads took: 0.0000136 seconds
[2022-06-16T21:34:51.457+0000][3704][safepoint    ] Application time: 0.7837403 seconds
[2022-06-16T21:34:51.457+0000][3704][safepoint    ] Entering safepoint region: RevokeBias
[2022-06-16T21:34:51.457+0000][3704][safepoint    ] Leaving safepoint region
[2022-06-16T21:34:51.457+0000][3704][safepoint    ] Total time for which application threads were stopped: 0.0001412 seconds, Stopping threads took: 0.0000317 seconds
[2022-06-16T21:34:51.457+0000][3704][safepoint    ] Application time: 0.0005349 seconds
[2022-06-16T21:34:51.457+0000][3704][safepoint    ] Entering safepoint region: RevokeBias
[2022-06-16T21:34:51.457+0000][3704][safepoint    ] Leaving safepoint region
[2022-06-16T21:34:51.457+0000][3704][safepoint    ] Total time for which application threads were stopped: 0.0000842 seconds, Stopping threads took: 0.0000320 seconds
[2022-06-16T21:35:21.466+0000][3704][safepoint    ] Application time: 30.0085200 seconds
[2022-06-16T21:35:21.466+0000][3704][safepoint    ] Entering safepoint region: RevokeBias
[2022-06-16T21:35:21.466+0000][3704][safepoint    ] Leaving safepoint region
[2022-06-16T21:35:21.466+0000][3704][safepoint    ] Total time for which application threads were stopped: 0.0001734 seconds, Stopping threads took: 0.0000621 seconds
[2022-06-16T21:35:21.466+0000][3704][safepoint    ] Application time: 0.0001428 seconds
[2022-06-16T21:35:21.466+0000][3704][safepoint    ] Entering safepoint region: RevokeBias
[2022-06-16T21:35:21.466+0000][3704][safepoint    ] Leaving safepoint region
[2022-06-16T21:35:21.466+0000][3704][safepoint    ] Total time for which application threads were stopped: 0.0000633 seconds, Stopping threads took: 0.0000140 seconds
[2022-06-16T21:35:51.477+0000][3704][safepoint    ] Application time: 30.0105297 seconds
[2022-06-16T21:35:51.477+0000][3704][safepoint    ] Entering safepoint region: RevokeBias
[2022-06-16T21:35:51.477+0000][3704][safepoint    ] Leaving safepoint region
[2022-06-16T21:35:51.477+0000][3704][safepoint    ] Total time for which application threads were stopped: 0.0001380 seconds, Stopping threads took: 0.0000382 seconds
[2022-06-16T21:35:51.477+0000][3704][safepoint    ] Application time: 0.0007343 seconds
[2022-06-16T21:35:51.477+0000][3704][safepoint    ] Entering safepoint region: RevokeBias
[2022-06-16T21:35:51.477+0000][3704][safepoint    ] Leaving safepoint region
[2022-06-16T21:35:51.477+0000][3704][safepoint    ] Total time for which application threads were stopped: 0.0000855 seconds, Stopping threads took: 0.0000265 seconds
[2022-06-16T21:36:21.487+0000][3704][safepoint    ] Application time: 30.0088252 seconds
[2022-06-16T21:36:21.487+0000][3704][safepoint    ] Entering safepoint region: RevokeBias
[2022-06-16T21:36:21.487+0000][3704][safepoint    ] Leaving safepoint region
[2022-06-16T21:36:21.487+0000][3704][safepoint    ] Total time for which application threads were stopped: 0.0001039 seconds, Stopping threads took: 0.0000179 seconds
[2022-06-16T21:36:51.495+0000][3704][safepoint    ] Application time: 30.0085622 seconds
[2022-06-16T21:36:51.495+0000][3704][safepoint    ] Entering safepoint region: RevokeBias
[2022-06-16T21:36:51.495+0000][3704][safepoint    ] Leaving safepoint region
[2022-06-16T21:36:51.495+0000][3704][safepoint    ] Total time for which application threads were stopped: 0.0001362 seconds, Stopping threads took: 0.0000486 seconds
[2022-06-16T21:36:51.495+0000][3704][safepoint    ] Application time: 0.0001261 seconds
[2022-06-16T21:36:51.495+0000][3704][safepoint    ] Entering safepoint region: RevokeBias
[2022-06-16T21:36:51.495+0000][3704][safepoint    ] Leaving safepoint region
[2022-06-16T21:36:51.495+0000][3704][safepoint    ] Total time for which application threads were stopped: 0.0000744 seconds, Stopping threads took: 0.0000240 seconds
[2022-06-16T21:36:52.498+0000][3704][safepoint    ] Application time: 1.0017031 seconds
[2022-06-16T21:36:52.498+0000][3704][safepoint    ] Entering safepoint region: Cleanup
[2022-06-16T21:36:52.498+0000][3704][safepoint    ] Leaving safepoint region
[2022-06-16T21:36:52.498+0000][3704][safepoint    ] Total time for which application threads were stopped: 0.0001171 seconds, Stopping threads took: 0.0000284 seconds
[2022-06-16T21:37:21.503+0000][3704][safepoint    ] Application time: 29.0048964 seconds
[2022-06-16T21:37:21.503+0000][3704][safepoint    ] Entering safepoint region: RevokeBias
[2022-06-16T21:37:21.503+0000][3704][safepoint    ] Leaving safepoint region
[2022-06-16T21:37:21.503+0000][3704][safepoint    ] Total time for which application threads were stopped: 0.0001484 seconds, Stopping threads took: 0.0000412 seconds
[2022-06-16T21:37:21.503+0000][3704][safepoint    ] Application time: 0.0002162 seconds
[2022-06-16T21:37:21.503+0000][3704][safepoint    ] Entering safepoint region: RevokeBias
[2022-06-16T21:37:21.503+0000][3704][safepoint    ] Leaving safepoint region
[2022-06-16T21:37:21.503+0000][3704][safepoint    ] Total time for which application threads were stopped: 0.0000776 seconds, Stopping threads took: 0.0000263 seconds
[2022-06-16T21:37:51.510+0000][3704][safepoint    ] Application time: 30.0071678 seconds
[2022-06-16T21:37:51.510+0000][3704][safepoint    ] Entering safepoint region: RevokeBias
[2022-06-16T21:37:51.510+0000][3704][safepoint    ] Leaving safepoint region
[2022-06-16T21:37:51.510+0000][3704][safepoint    ] Total time for which application threads were stopped: 0.0001653 seconds, Stopping threads took: 0.0000541 seconds
[2022-06-16T21:37:51.510+0000][3704][safepoint    ] Application time: 0.0000977 seconds
[2022-06-16T21:37:51.510+0000][3704][safepoint    ] Entering safepoint region: RevokeBias
[2022-06-16T21:37:51.510+0000][3704][safepoint    ] Leaving safepoint region
[2022-06-16T21:37:51.510+0000][3704][safepoint    ] Total time for which application threads were stopped: 0.0001019 seconds, Stopping threads took: 0.0000489 seconds
[2022-06-16T21:38:12.654+0000][3704][safepoint    ] Application time: 21.1421901 seconds
[2022-06-16T21:38:12.654+0000][3704][safepoint    ] Entering safepoint region: Cleanup
[2022-06-16T21:38:12.654+0000][3704][safepoint    ] Leaving safepoint region
[2022-06-16T21:38:12.654+0000][3704][safepoint    ] Total time for which application threads were stopped: 0.0000903 seconds, Stopping threads took: 0.0000225 seconds
[2022-06-16T21:38:21.526+0000][3704][safepoint    ] Application time: 8.8735442 seconds
[2022-06-16T21:38:21.526+0000][3704][safepoint    ] Entering safepoint region: RevokeBias
[2022-06-16T21:38:21.526+0000][3704][safepoint    ] Leaving safepoint region
[2022-06-16T21:38:21.526+0000][3704][safepoint    ] Total time for which application threads were stopped: 0.0001012 seconds, Stopping threads took: 0.0000271 seconds
[2022-06-16T21:38:21.526+0000][3704][safepoint    ] Application time: 0.0000746 seconds
[2022-06-16T21:38:21.526+0000][3704][safepoint    ] Entering safepoint region: RevokeBias
[2022-06-16T21:38:21.526+0000][3704][safepoint    ] Leaving safepoint region
[2022-06-16T21:38:21.526+0000][3704][safepoint    ] Total time for which application threads were stopped: 0.0000908 seconds, Stopping threads took: 0.0000415 seconds
[2022-06-16T21:38:22.539+0000][3704][safepoint    ] Application time: 1.0118461 seconds
[2022-06-16T21:38:22.539+0000][3704][safepoint    ] Entering safepoint region: Cleanup
[2022-06-16T21:38:22.539+0000][3704][safepoint    ] Leaving safepoint region
[2022-06-16T21:38:22.539+0000][3704][safepoint    ] Total time for which application threads were stopped: 0.0000912 seconds, Stopping threads took: 0.0000221 seconds
[2022-06-16T21:38:51.537+0000][3704][safepoint    ] Application time: 28.9987575 seconds
[2022-06-16T21:38:51.537+0000][3704][safepoint    ] Entering safepoint region: RevokeBias
[2022-06-16T21:38:51.537+0000][3704][safepoint    ] Leaving safepoint region
[2022-06-16T21:38:51.537+0000][3704][safepoint    ] Total time for which application threads were stopped: 0.0001548 seconds, Stopping threads took: 0.0000466 seconds
[2022-06-16T21:38:51.537+0000][3704][safepoint    ] Application time: 0.0005667 seconds
[2022-06-16T21:38:51.537+0000][3704][safepoint    ] Entering safepoint region: RevokeBias
[2022-06-16T21:38:51.537+0000][3704][safepoint    ] Leaving safepoint region
[2022-06-16T21:38:51.537+0000][3704][safepoint    ] Total time for which application threads were stopped: 0.0000689 seconds, Stopping threads took: 0.0000143 seconds
[2022-06-16T21:38:52.549+0000][3704][safepoint    ] Application time: 1.0096014 seconds
[2022-06-16T21:38:52.549+0000][3704][safepoint    ] Entering safepoint region: Cleanup
[2022-06-16T21:38:52.549+0000][3704][safepoint    ] Leaving safepoint region
[2022-06-16T21:38:52.549+0000][3704][safepoint    ] Total time for which application threads were stopped: 0.0001144 seconds, Stopping threads took: 0.0000307 seconds
[2022-06-16T21:39:21.553+0000][3704][safepoint    ] Application time: 29.0052457 seconds
[2022-06-16T21:39:21.553+0000][3704][safepoint    ] Entering safepoint region: RevokeBias
[2022-06-16T21:39:21.553+0000][3704][safepoint    ] Leaving safepoint region
[2022-06-16T21:39:21.553+0000][3704][safepoint    ] Total time for which application threads were stopped: 0.0001621 seconds, Stopping threads took: 0.0000473 seconds
[2022-06-16T21:39:21.553+0000][3704][safepoint    ] Application time: 0.0009100 seconds
[2022-06-16T21:39:21.553+0000][3704][safepoint    ] Entering safepoint region: RevokeBias
[2022-06-16T21:39:21.553+0000][3704][safepoint    ] Leaving safepoint region
[2022-06-16T21:39:21.553+0000][3704][safepoint    ] Total time for which application threads were stopped: 0.0001126 seconds, Stopping threads took: 0.0000329 seconds
[2022-06-16T21:39:51.564+0000][3704][safepoint    ] Application time: 30.0092085 seconds
[2022-06-16T21:39:51.564+0000][3704][safepoint    ] Entering safepoint region: RevokeBias
[2022-06-16T21:39:51.564+0000][3704][safepoint    ] Leaving safepoint region
[2022-06-16T21:39:51.564+0000][3704][safepoint    ] Total time for which application threads were stopped: 0.0002919 seconds, Stopping threads took: 0.0000174 seconds
[2022-06-16T21:40:21.567+0000][3704][safepoint    ] Application time: 30.0033151 seconds
[2022-06-16T21:40:21.567+0000][3704][safepoint    ] Entering safepoint region: RevokeBias
[2022-06-16T21:40:21.567+0000][3704][safepoint    ] Leaving safepoint region
[2022-06-16T21:40:21.567+0000][3704][safepoint    ] Total time for which application threads were stopped: 0.0001625 seconds, Stopping threads took: 0.0000479 seconds
[2022-06-16T21:40:21.567+0000][3704][safepoint    ] Application time: 0.0002969 seconds
[2022-06-16T21:40:21.567+0000][3704][safepoint    ] Entering safepoint region: RevokeBias
[2022-06-16T21:40:21.567+0000][3704][safepoint    ] Leaving safepoint region
[2022-06-16T21:40:21.567+0000][3704][safepoint    ] Total time for which application threads were stopped: 0.0000711 seconds, Stopping threads took: 0.0000146 seconds
[2022-06-16T21:40:51.584+0000][3704][safepoint    ] Application time: 30.0159116 seconds
[2022-06-16T21:40:51.584+0000][3704][safepoint    ] Entering safepoint region: RevokeBias
[2022-06-16T21:40:51.584+0000][3704][safepoint    ] Leaving safepoint region
[2022-06-16T21:40:51.584+0000][3704][safepoint    ] Total time for which application threads were stopped: 0.0001904 seconds, Stopping threads took: 0.0000858 seconds
[2022-06-16T21:40:51.584+0000][3704][safepoint    ] Application time: 0.0004210 seconds
[2022-06-16T21:40:51.584+0000][3704][safepoint    ] Entering safepoint region: RevokeBias
[2022-06-16T21:40:51.584+0000][3704][safepoint    ] Leaving safepoint region
[2022-06-16T21:40:51.584+0000][3704][safepoint    ] Total time for which application threads were stopped: 0.0000695 seconds, Stopping threads took: 0.0000152 seconds
[2022-06-16T21:41:21.588+0000][3704][safepoint    ] Application time: 30.0042105 seconds
[2022-06-16T21:41:21.588+0000][3704][safepoint    ] Entering safepoint region: RevokeBias
[2022-06-16T21:41:21.588+0000][3704][safepoint    ] Leaving safepoint region
[2022-06-16T21:41:21.588+0000][3704][safepoint    ] Total time for which application threads were stopped: 0.0001046 seconds, Stopping threads took: 0.0000205 seconds
[2022-06-16T21:41:51.603+0000][3704][safepoint    ] Application time: 30.0152548 seconds
[2022-06-16T21:41:51.603+0000][3704][safepoint    ] Entering safepoint region: RevokeBias
[2022-06-16T21:41:51.603+0000][3704][safepoint    ] Leaving safepoint region
[2022-06-16T21:41:51.603+0000][3704][safepoint    ] Total time for which application threads were stopped: 0.0001765 seconds, Stopping threads took: 0.0000594 seconds
[2022-06-16T21:41:51.605+0000][3704][safepoint    ] Application time: 0.0003020 seconds
[2022-06-16T21:41:51.605+0000][3704][safepoint    ] Entering safepoint region: RevokeBias
[2022-06-16T21:41:51.605+0000][3704][safepoint    ] Leaving safepoint region
[2022-06-16T21:41:51.605+0000][3704][safepoint    ] Total time for which application threads were stopped: 0.0000666 seconds, Stopping threads took: 0.0000150 seconds
[2022-06-16T21:41:52.615+0000][3704][safepoint    ] Application time: 1.0099716 seconds
[2022-06-16T21:41:52.615+0000][3704][safepoint    ] Entering safepoint region: Cleanup
[2022-06-16T21:41:52.615+0000][3704][safepoint    ] Leaving safepoint region
[2022-06-16T21:41:52.615+0000][3704][safepoint    ] Total time for which application threads were stopped: 0.0000904 seconds, Stopping threads took: 0.0000232 seconds
[2022-06-16T21:42:21.607+0000][3704][safepoint    ] Application time: 28.9930138 seconds
[2022-06-16T21:42:21.607+0000][3704][safepoint    ] Entering safepoint region: RevokeBias
[2022-06-16T21:42:21.607+0000][3704][safepoint    ] Leaving safepoint region
[2022-06-16T21:42:21.607+0000][3704][safepoint    ] Total time for which application threads were stopped: 0.0001986 seconds, Stopping threads took: 0.0000665 seconds
[2022-06-16T21:42:51.616+0000][3704][safepoint    ] Application time: 30.0097149 seconds
[2022-06-16T21:42:51.616+0000][3704][safepoint    ] Entering safepoint region: RevokeBias
[2022-06-16T21:42:51.616+0000][3704][safepoint    ] Leaving safepoint region
[2022-06-16T21:42:51.616+0000][3704][safepoint    ] Total time for which application threads were stopped: 0.0001036 seconds, Stopping threads took: 0.0000194 seconds
[2022-06-16T21:43:21.618+0000][3704][safepoint    ] Application time: 30.0011965 seconds
[2022-06-16T21:43:21.618+0000][3704][safepoint    ] Entering safepoint region: RevokeBias
[2022-06-16T21:43:21.618+0000][3704][safepoint    ] Leaving safepoint region
[2022-06-16T21:43:21.618+0000][3704][safepoint    ] Total time for which application threads were stopped: 0.0001011 seconds, Stopping threads took: 0.0000176 seconds
[2022-06-16T21:43:22.629+0000][3704][safepoint    ] Application time: 1.0109339 seconds
[2022-06-16T21:43:22.629+0000][3704][safepoint    ] Entering safepoint region: Cleanup
[2022-06-16T21:43:22.629+0000][3704][safepoint    ] Leaving safepoint region
[2022-06-16T21:43:22.629+0000][3704][safepoint    ] Total time for which application threads were stopped: 0.0001206 seconds, Stopping threads took: 0.0000295 seconds
[2022-06-16T21:43:51.633+0000][3704][safepoint    ] Application time: 29.0044240 seconds
[2022-06-16T21:43:51.633+0000][3704][safepoint    ] Entering safepoint region: RevokeBias
[2022-06-16T21:43:51.633+0000][3704][safepoint    ] Leaving safepoint region
[2022-06-16T21:43:51.633+0000][3704][safepoint    ] Total time for which application threads were stopped: 0.0001789 seconds, Stopping threads took: 0.0000373 seconds
[2022-06-16T21:43:51.633+0000][3704][safepoint    ] Application time: 0.0006662 seconds
[2022-06-16T21:43:51.633+0000][3704][safepoint    ] Entering safepoint region: RevokeBias
[2022-06-16T21:43:51.633+0000][3704][safepoint    ] Leaving safepoint region
[2022-06-16T21:43:51.633+0000][3704][safepoint    ] Total time for which application threads were stopped: 0.0005792 seconds, Stopping threads took: 0.0004674 seconds
[2022-06-16T21:44:21.648+0000][3704][safepoint    ] Application time: 30.0136735 seconds
[2022-06-16T21:44:21.648+0000][3704][safepoint    ] Entering safepoint region: RevokeBias
[2022-06-16T21:44:21.648+0000][3704][safepoint    ] Leaving safepoint region
[2022-06-16T21:44:21.648+0000][3704][safepoint    ] Total time for which application threads were stopped: 0.0001013 seconds, Stopping threads took: 0.0000180 seconds
[2022-06-16T21:44:22.663+0000][3704][safepoint    ] Application time: 1.0138832 seconds
[2022-06-16T21:44:22.663+0000][3704][safepoint    ] Entering safepoint region: Cleanup
[2022-06-16T21:44:22.663+0000][3704][safepoint    ] Leaving safepoint region
[2022-06-16T21:44:22.663+0000][3704][safepoint    ] Total time for which application threads were stopped: 0.0000929 seconds, Stopping threads took: 0.0000232 seconds
[2022-06-16T21:44:50.676+0000][3704][safepoint    ] Application time: 28.0144174 seconds
[2022-06-16T21:44:50.676+0000][3704][safepoint    ] Entering safepoint region: RevokeBias
[2022-06-16T21:44:50.676+0000][3704][safepoint    ] Leaving safepoint region
[2022-06-16T21:44:50.676+0000][3704][safepoint    ] Total time for which application threads were stopped: 0.0001995 seconds, Stopping threads took: 0.0000716 seconds
[2022-06-16T21:44:50.676+0000][3704][safepoint    ] Application time: 0.0008457 seconds
[2022-06-16T21:44:50.676+0000][3704][safepoint    ] Entering safepoint region: BulkRevokeBias
[2022-06-16T21:44:50.676+0000][3704][safepoint    ] Leaving safepoint region
[2022-06-16T21:44:50.676+0000][3704][safepoint    ] Total time for which application threads were stopped: 0.0002758 seconds, Stopping threads took: 0.0000443 seconds
[2022-06-16T21:44:50.676+0000][3704][safepoint    ] Application time: 0.0002352 seconds
[2022-06-16T21:44:50.676+0000][3704][safepoint    ] Entering safepoint region: RevokeBias
[2022-06-16T21:44:50.676+0000][3704][safepoint    ] Leaving safepoint region
[2022-06-16T21:44:50.676+0000][3704][safepoint    ] Total time for which application threads were stopped: 0.0001050 seconds, Stopping threads took: 0.0000534 seconds
[2022-06-16T21:44:50.676+0000][3704][safepoint    ] Application time: 0.0006055 seconds
[2022-06-16T21:44:50.676+0000][3704][safepoint    ] Entering safepoint region: RevokeBias
[2022-06-16T21:44:50.676+0000][3704][safepoint    ] Leaving safepoint region
[2022-06-16T21:44:50.676+0000][3704][safepoint    ] Total time for which application threads were stopped: 0.0000744 seconds, Stopping threads took: 0.0000325 seconds
[2022-06-16T21:44:51.653+0000][3704][safepoint    ] Application time: 0.9737030 seconds
[2022-06-16T21:44:51.653+0000][3704][safepoint    ] Entering safepoint region: RevokeBias
[2022-06-16T21:44:51.653+0000][3704][safepoint    ] Leaving safepoint region
[2022-06-16T21:44:51.653+0000][3704][safepoint    ] Total time for which application threads were stopped: 0.0001031 seconds, Stopping threads took: 0.0000192 seconds
[2022-06-16T21:44:52.659+0000][3704][safepoint    ] Application time: 1.0053340 seconds
[2022-06-16T21:44:52.659+0000][3704][safepoint    ] Entering safepoint region: Cleanup
[2022-06-16T21:44:52.659+0000][3704][safepoint    ] Leaving safepoint region
[2022-06-16T21:44:52.659+0000][3704][safepoint    ] Total time for which application threads were stopped: 0.0001081 seconds, Stopping threads took: 0.0000284 seconds
[2022-06-16T21:45:21.662+0000][3704][safepoint    ] Application time: 29.0037016 seconds
[2022-06-16T21:45:21.662+0000][3704][safepoint    ] Entering safepoint region: RevokeBias
[2022-06-16T21:45:21.662+0000][3704][safepoint    ] Leaving safepoint region
[2022-06-16T21:45:21.662+0000][3704][safepoint    ] Total time for which application threads were stopped: 0.0001047 seconds, Stopping threads took: 0.0000209 seconds
[2022-06-16T21:45:51.678+0000][3704][safepoint    ] Application time: 30.0157682 seconds
[2022-06-16T21:45:51.678+0000][3704][safepoint    ] Entering safepoint region: RevokeBias
[2022-06-16T21:45:51.678+0000][3704][safepoint    ] Leaving safepoint region
[2022-06-16T21:45:51.678+0000][3704][safepoint    ] Total time for which application threads were stopped: 0.0001024 seconds, Stopping threads took: 0.0000200 seconds
[2022-06-16T21:46:21.682+0000][3704][safepoint    ] Application time: 30.0041676 seconds
[2022-06-16T21:46:21.682+0000][3704][safepoint    ] Entering safepoint region: RevokeBias
[2022-06-16T21:46:21.682+0000][3704][safepoint    ] Leaving safepoint region
[2022-06-16T21:46:21.682+0000][3704][safepoint    ] Total time for which application threads were stopped: 0.0001074 seconds, Stopping threads took: 0.0000227 seconds
[2022-06-16T21:46:22.684+0000][3704][safepoint    ] Application time: 1.0012932 seconds
[2022-06-16T21:46:22.684+0000][3704][safepoint    ] Entering safepoint region: Cleanup
[2022-06-16T21:46:22.684+0000][3704][safepoint    ] Leaving safepoint region
[2022-06-16T21:46:22.684+0000][3704][safepoint    ] Total time for which application threads were stopped: 0.0000936 seconds, Stopping threads took: 0.0000236 seconds
[2022-06-16T21:46:49.910+0000][3704][safepoint    ] Application time: 27.2260779 seconds
[2022-06-16T21:46:49.910+0000][3704][safepoint    ] Entering safepoint region: Cleanup
[2022-06-16T21:46:49.910+0000][3704][safepoint    ] Leaving safepoint region
[2022-06-16T21:46:49.910+0000][3704][safepoint    ] Total time for which application threads were stopped: 0.0000905 seconds, Stopping threads took: 0.0000225 seconds
[2022-06-16T21:46:51.689+0000][3704][safepoint    ] Application time: 1.7789797 seconds
[2022-06-16T21:46:51.689+0000][3704][safepoint    ] Entering safepoint region: RevokeBias
[2022-06-16T21:46:51.689+0000][3704][safepoint    ] Leaving safepoint region
[2022-06-16T21:46:51.689+0000][3704][safepoint    ] Total time for which application threads were stopped: 0.0001651 seconds, Stopping threads took: 0.0000518 seconds
[2022-06-16T21:46:51.689+0000][3704][safepoint    ] Application time: 0.0003367 seconds
[2022-06-16T21:46:51.689+0000][3704][safepoint    ] Entering safepoint region: RevokeBias
[2022-06-16T21:46:51.689+0000][3704][safepoint    ] Leaving safepoint region
[2022-06-16T21:46:51.689+0000][3704][safepoint    ] Total time for which application threads were stopped: 0.0001019 seconds, Stopping threads took: 0.0000262 seconds
[2022-06-16T21:46:52.694+0000][3704][safepoint    ] Application time: 1.0038882 seconds
[2022-06-16T21:46:52.694+0000][3704][safepoint    ] Entering safepoint region: Cleanup
[2022-06-16T21:46:52.694+0000][3704][safepoint    ] Leaving safepoint region
[2022-06-16T21:46:52.694+0000][3704][safepoint    ] Total time for which application threads were stopped: 0.0000955 seconds, Stopping threads took: 0.0000215 seconds
[2022-06-16T21:47:21.702+0000][3704][safepoint    ] Application time: 29.0088096 seconds
[2022-06-16T21:47:21.702+0000][3704][safepoint    ] Entering safepoint region: RevokeBias
[2022-06-16T21:47:21.702+0000][3704][safepoint    ] Leaving safepoint region
[2022-06-16T21:47:21.702+0000][3704][safepoint    ] Total time for which application threads were stopped: 0.0001044 seconds, Stopping threads took: 0.0000187 seconds
[2022-06-16T21:47:22.706+0000][3704][safepoint    ] Application time: 1.0032568 seconds
[2022-06-16T21:47:22.706+0000][3704][safepoint    ] Entering safepoint region: Cleanup
[2022-06-16T21:47:22.706+0000][3704][safepoint    ] Leaving safepoint region
[2022-06-16T21:47:22.706+0000][3704][safepoint    ] Total time for which application threads were stopped: 0.0001057 seconds, Stopping threads took: 0.0000284 seconds
[2022-06-16T21:47:51.711+0000][3704][safepoint    ] Application time: 29.0059519 seconds
[2022-06-16T21:47:51.711+0000][3704][safepoint    ] Entering safepoint region: RevokeBias
[2022-06-16T21:47:51.711+0000][3704][safepoint    ] Leaving safepoint region
[2022-06-16T21:47:51.711+0000][3704][safepoint    ] Total time for which application threads were stopped: 0.0001016 seconds, Stopping threads took: 0.0000186 seconds
[2022-06-16T21:47:52.713+0000][3704][safepoint    ] Application time: 1.0002269 seconds
[2022-06-16T21:47:52.713+0000][3704][safepoint    ] Entering safepoint region: Cleanup
[2022-06-16T21:47:52.713+0000][3704][safepoint    ] Leaving safepoint region
[2022-06-16T21:47:52.713+0000][3704][safepoint    ] Total time for which application threads were stopped: 0.0000917 seconds, Stopping threads took: 0.0000223 seconds
[2022-06-16T21:48:21.719+0000][3704][safepoint    ] Application time: 29.0073535 seconds
[2022-06-16T21:48:21.719+0000][3704][safepoint    ] Entering safepoint region: RevokeBias
[2022-06-16T21:48:21.719+0000][3704][safepoint    ] Leaving safepoint region
[2022-06-16T21:48:21.719+0000][3704][safepoint    ] Total time for which application threads were stopped: 0.0001634 seconds, Stopping threads took: 0.0000420 seconds
[2022-06-16T21:48:21.719+0000][3704][safepoint    ] Application time: 0.0001418 seconds
[2022-06-16T21:48:21.719+0000][3704][safepoint    ] Entering safepoint region: RevokeBias
[2022-06-16T21:48:21.719+0000][3704][safepoint    ] Leaving safepoint region
[2022-06-16T21:48:21.719+0000][3704][safepoint    ] Total time for which application threads were stopped: 0.0000715 seconds, Stopping threads took: 0.0000194 seconds
[2022-06-16T21:48:51.722+0000][3704][safepoint    ] Application time: 30.0027221 seconds
[2022-06-16T21:48:51.722+0000][3704][safepoint    ] Entering safepoint region: RevokeBias
[2022-06-16T21:48:51.722+0000][3704][safepoint    ] Leaving safepoint region
[2022-06-16T21:48:51.722+0000][3704][safepoint    ] Total time for which application threads were stopped: 0.0001696 seconds, Stopping threads took: 0.0000389 seconds
[2022-06-16T21:49:21.728+0000][3704][safepoint    ] Application time: 30.0051623 seconds
[2022-06-16T21:49:21.728+0000][3704][safepoint    ] Entering safepoint region: RevokeBias
[2022-06-16T21:49:21.728+0000][3704][safepoint    ] Leaving safepoint region
[2022-06-16T21:49:21.728+0000][3704][safepoint    ] Total time for which application threads were stopped: 0.0001009 seconds, Stopping threads took: 0.0000185 seconds
[2022-06-16T21:49:22.730+0000][3704][safepoint    ] Application time: 1.0012238 seconds
[2022-06-16T21:49:22.730+0000][3704][safepoint    ] Entering safepoint region: Cleanup
[2022-06-16T21:49:22.730+0000][3704][safepoint    ] Leaving safepoint region
[2022-06-16T21:49:22.730+0000][3704][safepoint    ] Total time for which application threads were stopped: 0.0000893 seconds, Stopping threads took: 0.0000218 seconds
[2022-06-16T21:49:51.738+0000][3704][safepoint    ] Application time: 29.0088933 seconds
[2022-06-16T21:49:51.738+0000][3704][safepoint    ] Entering safepoint region: RevokeBias
[2022-06-16T21:49:51.738+0000][3704][safepoint    ] Leaving safepoint region
[2022-06-16T21:49:51.738+0000][3704][safepoint    ] Total time for which application threads were stopped: 0.0002957 seconds, Stopping threads took: 0.0000182 seconds
[2022-06-16T21:50:21.745+0000][3704][safepoint    ] Application time: 30.0066110 seconds
[2022-06-16T21:50:21.745+0000][3704][safepoint    ] Entering safepoint region: RevokeBias
[2022-06-16T21:50:21.745+0000][3704][safepoint    ] Leaving safepoint region
[2022-06-16T21:50:21.745+0000][3704][safepoint    ] Total time for which application threads were stopped: 0.0001009 seconds, Stopping threads took: 0.0000194 seconds
[2022-06-16T21:50:51.755+0000][3704][safepoint    ] Application time: 30.0102998 seconds
[2022-06-16T21:50:51.755+0000][3704][safepoint    ] Entering safepoint region: RevokeBias
[2022-06-16T21:50:51.755+0000][3704][safepoint    ] Leaving safepoint region
[2022-06-16T21:50:51.755+0000][3704][safepoint    ] Total time for which application threads were stopped: 0.0001160 seconds, Stopping threads took: 0.0000292 seconds
[2022-06-16T21:51:21.770+0000][3704][safepoint    ] Application time: 30.0146284 seconds
[2022-06-16T21:51:21.770+0000][3704][safepoint    ] Entering safepoint region: RevokeBias
[2022-06-16T21:51:21.770+0000][3704][safepoint    ] Leaving safepoint region
[2022-06-16T21:51:21.770+0000][3704][safepoint    ] Total time for which application threads were stopped: 0.0001491 seconds, Stopping threads took: 0.0000370 seconds
[2022-06-16T21:51:21.770+0000][3704][safepoint    ] Application time: 0.0004875 seconds
[2022-06-16T21:51:21.770+0000][3704][safepoint    ] Entering safepoint region: RevokeBias
[2022-06-16T21:51:21.770+0000][3704][safepoint    ] Leaving safepoint region
[2022-06-16T21:51:21.770+0000][3704][safepoint    ] Total time for which application threads were stopped: 0.0000738 seconds, Stopping threads took: 0.0000158 seconds
[2022-06-16T21:51:22.785+0000][3704][safepoint    ] Application time: 1.0138785 seconds
[2022-06-16T21:51:22.785+0000][3704][safepoint    ] Entering safepoint region: Cleanup
[2022-06-16T21:51:22.785+0000][3704][safepoint    ] Leaving safepoint region
[2022-06-16T21:51:22.785+0000][3704][safepoint    ] Total time for which application threads were stopped: 0.0000936 seconds, Stopping threads took: 0.0000236 seconds
[2022-06-16T21:51:51.783+0000][3704][safepoint    ] Application time: 28.9983068 seconds
[2022-06-16T21:51:51.783+0000][3704][safepoint    ] Entering safepoint region: RevokeBias
[2022-06-16T21:51:51.783+0000][3704][safepoint    ] Leaving safepoint region
[2022-06-16T21:51:51.783+0000][3704][safepoint    ] Total time for which application threads were stopped: 0.0001452 seconds, Stopping threads took: 0.0000489 seconds
[2022-06-16T21:51:51.783+0000][3704][safepoint    ] Application time: 0.0006127 seconds
[2022-06-16T21:51:51.783+0000][3704][safepoint    ] Entering safepoint region: RevokeBias
[2022-06-16T21:51:51.783+0000][3704][safepoint    ] Leaving safepoint region
[2022-06-16T21:51:51.783+0000][3704][safepoint    ] Total time for which application threads were stopped: 0.0001075 seconds, Stopping threads took: 0.0000485 seconds
[2022-06-16T21:52:21.786+0000][3704][safepoint    ] Application time: 30.0027586 seconds
[2022-06-16T21:52:21.786+0000][3704][safepoint    ] Entering safepoint region: RevokeBias
[2022-06-16T21:52:21.786+0000][3704][safepoint    ] Leaving safepoint region
[2022-06-16T21:52:21.786+0000][3704][safepoint    ] Total time for which application threads were stopped: 0.0001690 seconds, Stopping threads took: 0.0000712 seconds
[2022-06-16T21:52:21.786+0000][3704][safepoint    ] Application time: 0.0005908 seconds
[2022-06-16T21:52:21.786+0000][3704][safepoint    ] Entering safepoint region: RevokeBias
[2022-06-16T21:52:21.786+0000][3704][safepoint    ] Leaving safepoint region
[2022-06-16T21:52:21.786+0000][3704][safepoint    ] Total time for which application threads were stopped: 0.0001047 seconds, Stopping threads took: 0.0000310 seconds
[2022-06-16T21:52:51.799+0000][3704][safepoint    ] Application time: 30.0119429 seconds
[2022-06-16T21:52:51.799+0000][3704][safepoint    ] Entering safepoint region: RevokeBias
[2022-06-16T21:52:51.799+0000][3704][safepoint    ] Leaving safepoint region
[2022-06-16T21:52:51.799+0000][3704][safepoint    ] Total time for which application threads were stopped: 0.0001662 seconds, Stopping threads took: 0.0000532 seconds
[2022-06-16T21:52:51.799+0000][3704][safepoint    ] Application time: 0.0019842 seconds
[2022-06-16T21:52:51.799+0000][3704][safepoint    ] Entering safepoint region: RevokeBias
[2022-06-16T21:52:51.799+0000][3704][safepoint    ] Leaving safepoint region
[2022-06-16T21:52:51.799+0000][3704][safepoint    ] Total time for which application threads were stopped: 0.0001101 seconds, Stopping threads took: 0.0000261 seconds
[2022-06-16T21:53:21.814+0000][3704][safepoint    ] Application time: 30.0123043 seconds
[2022-06-16T21:53:21.814+0000][3704][safepoint    ] Entering safepoint region: RevokeBias
[2022-06-16T21:53:21.814+0000][3704][safepoint    ] Leaving safepoint region
[2022-06-16T21:53:21.814+0000][3704][safepoint    ] Total time for which application threads were stopped: 0.0001113 seconds, Stopping threads took: 0.0000275 seconds
[2022-06-16T21:53:51.822+0000][3704][safepoint    ] Application time: 30.0081461 seconds
[2022-06-16T21:53:51.822+0000][3704][safepoint    ] Entering safepoint region: RevokeBias
[2022-06-16T21:53:51.822+0000][3704][safepoint    ] Leaving safepoint region
[2022-06-16T21:53:51.822+0000][3704][safepoint    ] Total time for which application threads were stopped: 0.0001028 seconds, Stopping threads took: 0.0000192 seconds
[2022-06-16T21:54:21.833+0000][3704][safepoint    ] Application time: 30.0117358 seconds
[2022-06-16T21:54:21.833+0000][3704][safepoint    ] Entering safepoint region: RevokeBias
[2022-06-16T21:54:21.833+0000][3704][safepoint    ] Leaving safepoint region
[2022-06-16T21:54:21.833+0000][3704][safepoint    ] Total time for which application threads were stopped: 0.0001371 seconds, Stopping threads took: 0.0000384 seconds
[2022-06-16T21:54:50.678+0000][3704][safepoint    ] Application time: 28.8448533 seconds
[2022-06-16T21:54:50.678+0000][3704][safepoint    ] Entering safepoint region: RevokeBias
[2022-06-16T21:54:50.678+0000][3704][safepoint    ] Leaving safepoint region
[2022-06-16T21:54:50.678+0000][3704][safepoint    ] Total time for which application threads were stopped: 0.0001816 seconds, Stopping threads took: 0.0000345 seconds
[2022-06-16T21:54:50.678+0000][3704][safepoint    ] Application time: 0.0006260 seconds
[2022-06-16T21:54:50.678+0000][3704][safepoint    ] Entering safepoint region: BulkRevokeBias
[2022-06-16T21:54:50.678+0000][3704][safepoint    ] Leaving safepoint region
[2022-06-16T21:54:50.678+0000][3704][safepoint    ] Total time for which application threads were stopped: 0.0002846 seconds, Stopping threads took: 0.0000271 seconds
[2022-06-16T21:54:50.678+0000][3704][safepoint    ] Application time: 0.0008693 seconds
[2022-06-16T21:54:50.678+0000][3704][safepoint    ] Entering safepoint region: RevokeBias
[2022-06-16T21:54:50.678+0000][3704][safepoint    ] Leaving safepoint region
[2022-06-16T21:54:50.678+0000][3704][safepoint    ] Total time for which application threads were stopped: 0.0001247 seconds, Stopping threads took: 0.0000706 seconds
[2022-06-16T21:54:50.678+0000][3704][safepoint    ] Application time: 0.0001719 seconds
[2022-06-16T21:54:50.678+0000][3704][safepoint    ] Entering safepoint region: RevokeBias
[2022-06-16T21:54:50.678+0000][3704][safepoint    ] Leaving safepoint region
[2022-06-16T21:54:50.678+0000][3704][safepoint    ] Total time for which application threads were stopped: 0.0000515 seconds, Stopping threads took: 0.0000127 seconds
[2022-06-16T21:54:51.843+0000][3704][safepoint    ] Application time: 1.1618780 seconds
[2022-06-16T21:54:51.843+0000][3704][safepoint    ] Entering safepoint region: RevokeBias
[2022-06-16T21:54:51.843+0000][3704][safepoint    ] Leaving safepoint region
[2022-06-16T21:54:51.843+0000][3704][safepoint    ] Total time for which application threads were stopped: 0.0001659 seconds, Stopping threads took: 0.0000599 seconds
[2022-06-16T21:54:51.843+0000][3704][safepoint    ] Application time: 0.0003262 seconds
[2022-06-16T21:54:51.843+0000][3704][safepoint    ] Entering safepoint region: RevokeBias
[2022-06-16T21:54:51.843+0000][3704][safepoint    ] Leaving safepoint region
[2022-06-16T21:54:51.843+0000][3704][safepoint    ] Total time for which application threads were stopped: 0.0000700 seconds, Stopping threads took: 0.0000154 seconds
[2022-06-16T21:55:21.857+0000][3704][safepoint    ] Application time: 30.0144353 seconds
[2022-06-16T21:55:21.857+0000][3704][safepoint    ] Entering safepoint region: RevokeBias
[2022-06-16T21:55:21.857+0000][3704][safepoint    ] Leaving safepoint region
[2022-06-16T21:55:21.857+0000][3704][safepoint    ] Total time for which application threads were stopped: 0.0001034 seconds, Stopping threads took: 0.0000209 seconds
[2022-06-16T21:55:51.871+0000][3704][safepoint    ] Application time: 30.0136118 seconds
[2022-06-16T21:55:51.871+0000][3704][safepoint    ] Entering safepoint region: RevokeBias
[2022-06-16T21:55:51.871+0000][3704][safepoint    ] Leaving safepoint region
[2022-06-16T21:55:51.871+0000][3704][safepoint    ] Total time for which application threads were stopped: 0.0001020 seconds, Stopping threads took: 0.0000189 seconds
[2022-06-16T21:56:21.877+0000][3704][safepoint    ] Application time: 30.0055688 seconds
[2022-06-16T21:56:21.877+0000][3704][safepoint    ] Entering safepoint region: RevokeBias
[2022-06-16T21:56:21.877+0000][3704][safepoint    ] Leaving safepoint region
[2022-06-16T21:56:21.877+0000][3704][safepoint    ] Total time for which application threads were stopped: 0.0001060 seconds, Stopping threads took: 0.0000188 seconds
[2022-06-16T21:56:51.889+0000][3704][safepoint    ] Application time: 30.0120673 seconds
[2022-06-16T21:56:51.889+0000][3704][safepoint    ] Entering safepoint region: RevokeBias
[2022-06-16T21:56:51.889+0000][3704][safepoint    ] Leaving safepoint region
[2022-06-16T21:56:51.889+0000][3704][safepoint    ] Total time for which application threads were stopped: 0.0001029 seconds, Stopping threads took: 0.0000201 seconds
[2022-06-16T21:57:21.899+0000][3704][safepoint    ] Application time: 30.0105542 seconds
[2022-06-16T21:57:21.899+0000][3704][safepoint    ] Entering safepoint region: RevokeBias
[2022-06-16T21:57:21.899+0000][3704][safepoint    ] Leaving safepoint region
[2022-06-16T21:57:21.899+0000][3704][safepoint    ] Total time for which application threads were stopped: 0.0001695 seconds, Stopping threads took: 0.0000608 seconds
[2022-06-16T21:57:21.899+0000][3704][safepoint    ] Application time: 0.0006519 seconds
[2022-06-16T21:57:21.899+0000][3704][safepoint    ] Entering safepoint region: RevokeBias
[2022-06-16T21:57:21.899+0000][3704][safepoint    ] Leaving safepoint region
[2022-06-16T21:57:21.899+0000][3704][safepoint    ] Total time for which application threads were stopped: 0.0000813 seconds, Stopping threads took: 0.0000259 seconds
[2022-06-16T21:57:51.907+0000][3704][safepoint    ] Application time: 30.0064578 seconds
[2022-06-16T21:57:51.907+0000][3704][safepoint    ] Entering safepoint region: RevokeBias
[2022-06-16T21:57:51.907+0000][3704][safepoint    ] Leaving safepoint region
[2022-06-16T21:57:51.907+0000][3704][safepoint    ] Total time for which application threads were stopped: 0.0001472 seconds, Stopping threads took: 0.0000339 seconds
[2022-06-16T21:57:51.907+0000][3704][safepoint    ] Application time: 0.0007246 seconds
[2022-06-16T21:57:51.907+0000][3704][safepoint    ] Entering safepoint region: RevokeBias
[2022-06-16T21:57:51.907+0000][3704][safepoint    ] Leaving safepoint region
[2022-06-16T21:57:51.907+0000][3704][safepoint    ] Total time for which application threads were stopped: 0.0001212 seconds, Stopping threads took: 0.0000416 seconds
[2022-06-16T21:58:21.920+0000][3704][safepoint    ] Application time: 30.0120015 seconds
[2022-06-16T21:58:21.920+0000][3704][safepoint    ] Entering safepoint region: RevokeBias
[2022-06-16T21:58:21.920+0000][3704][safepoint    ] Leaving safepoint region
[2022-06-16T21:58:21.920+0000][3704][safepoint    ] Total time for which application threads were stopped: 0.0001513 seconds, Stopping threads took: 0.0000373 seconds
[2022-06-16T21:58:21.920+0000][3704][safepoint    ] Application time: 0.0002405 seconds
[2022-06-16T21:58:21.920+0000][3704][safepoint    ] Entering safepoint region: RevokeBias
[2022-06-16T21:58:21.920+0000][3704][safepoint    ] Leaving safepoint region
[2022-06-16T21:58:21.920+0000][3704][safepoint    ] Total time for which application threads were stopped: 0.0000981 seconds, Stopping threads took: 0.0000409 seconds
[2022-06-16T21:58:51.924+0000][3704][safepoint    ] Application time: 30.0043830 seconds
[2022-06-16T21:58:51.924+0000][3704][safepoint    ] Entering safepoint region: RevokeBias
[2022-06-16T21:58:51.924+0000][3704][safepoint    ] Leaving safepoint region
[2022-06-16T21:58:51.924+0000][3704][safepoint    ] Total time for which application threads were stopped: 0.0001136 seconds, Stopping threads took: 0.0000255 seconds
[2022-06-16T21:59:21.938+0000][3704][safepoint    ] Application time: 30.0141299 seconds
[2022-06-16T21:59:21.938+0000][3704][safepoint    ] Entering safepoint region: RevokeBias
[2022-06-16T21:59:21.938+0000][3704][safepoint    ] Leaving safepoint region
[2022-06-16T21:59:21.938+0000][3704][safepoint    ] Total time for which application threads were stopped: 0.0001570 seconds, Stopping threads took: 0.0000517 seconds
[2022-06-16T21:59:21.938+0000][3704][safepoint    ] Application time: 0.0004008 seconds
[2022-06-16T21:59:21.938+0000][3704][safepoint    ] Entering safepoint region: RevokeBias
[2022-06-16T21:59:21.938+0000][3704][safepoint    ] Leaving safepoint region
[2022-06-16T21:59:21.938+0000][3704][safepoint    ] Total time for which application threads were stopped: 0.0000729 seconds, Stopping threads took: 0.0000144 seconds
[2022-06-16T21:59:51.948+0000][3704][safepoint    ] Application time: 30.0092050 seconds
[2022-06-16T21:59:51.948+0000][3704][safepoint    ] Entering safepoint region: RevokeBias
[2022-06-16T21:59:51.948+0000][3704][safepoint    ] Leaving safepoint region
[2022-06-16T21:59:51.948+0000][3704][safepoint    ] Total time for which application threads were stopped: 0.0001559 seconds, Stopping threads took: 0.0000475 seconds
[2022-06-16T21:59:51.948+0000][3704][safepoint    ] Application time: 0.0006103 seconds
[2022-06-16T21:59:51.948+0000][3704][safepoint    ] Entering safepoint region: BulkRevokeBias
[2022-06-16T21:59:51.948+0000][3704][safepoint    ] Leaving safepoint region
[2022-06-16T21:59:51.948+0000][3704][safepoint    ] Total time for which application threads were stopped: 0.0002336 seconds, Stopping threads took: 0.0000148 seconds
[2022-06-16T21:59:52.950+0000][3704][safepoint    ] Application time: 0.9998757 seconds
[2022-06-16T21:59:52.950+0000][3704][safepoint    ] Entering safepoint region: Cleanup
[2022-06-16T21:59:52.950+0000][3704][safepoint    ] Leaving safepoint region
[2022-06-16T21:59:52.950+0000][3704][safepoint    ] Total time for which application threads were stopped: 0.0000917 seconds, Stopping threads took: 0.0000232 seconds
[2022-06-16T22:00:21.961+0000][3704][safepoint    ] Application time: 29.0122420 seconds
[2022-06-16T22:00:21.961+0000][3704][safepoint    ] Entering safepoint region: RevokeBias
[2022-06-16T22:00:21.961+0000][3704][safepoint    ] Leaving safepoint region
[2022-06-16T22:00:21.961+0000][3704][safepoint    ] Total time for which application threads were stopped: 0.0001763 seconds, Stopping threads took: 0.0000515 seconds
[2022-06-16T22:00:21.961+0000][3704][safepoint    ] Application time: 0.0001535 seconds
[2022-06-16T22:00:21.961+0000][3704][safepoint    ] Entering safepoint region: RevokeBias
[2022-06-16T22:00:21.961+0000][3704][safepoint    ] Leaving safepoint region
[2022-06-16T22:00:21.961+0000][3704][safepoint    ] Total time for which application threads were stopped: 0.0001088 seconds, Stopping threads took: 0.0000462 seconds
[2022-06-16T22:00:51.974+0000][3704][safepoint    ] Application time: 30.0121565 seconds
[2022-06-16T22:00:51.974+0000][3704][safepoint    ] Entering safepoint region: RevokeBias
[2022-06-16T22:00:51.974+0000][3704][safepoint    ] Leaving safepoint region
[2022-06-16T22:00:51.974+0000][3704][safepoint    ] Total time for which application threads were stopped: 0.0001569 seconds, Stopping threads took: 0.0000357 seconds
[2022-06-16T22:00:51.974+0000][3704][safepoint    ] Application time: 0.0002162 seconds
[2022-06-16T22:00:51.974+0000][3704][safepoint    ] Entering safepoint region: RevokeBias
[2022-06-16T22:00:51.974+0000][3704][safepoint    ] Leaving safepoint region
[2022-06-16T22:00:51.974+0000][3704][safepoint    ] Total time for which application threads were stopped: 0.0000772 seconds, Stopping threads took: 0.0000198 seconds
[2022-06-16T22:01:21.978+0000][3704][safepoint    ] Application time: 30.0041560 seconds
[2022-06-16T22:01:21.978+0000][3704][safepoint    ] Entering safepoint region: RevokeBias
[2022-06-16T22:01:21.978+0000][3704][safepoint    ] Leaving safepoint region
[2022-06-16T22:01:21.978+0000][3704][safepoint    ] Total time for which application threads were stopped: 0.0001426 seconds, Stopping threads took: 0.0000366 seconds
[2022-06-16T22:01:21.978+0000][3704][safepoint    ] Application time: 0.0008549 seconds
[2022-06-16T22:01:21.978+0000][3704][safepoint    ] Entering safepoint region: RevokeBias
[2022-06-16T22:01:21.978+0000][3704][safepoint    ] Leaving safepoint region
[2022-06-16T22:01:21.978+0000][3704][safepoint    ] Total time for which application threads were stopped: 0.0000653 seconds, Stopping threads took: 0.0000138 seconds
[2022-06-16T22:01:51.982+0000][3704][safepoint    ] Application time: 30.0027501 seconds
[2022-06-16T22:01:51.982+0000][3704][safepoint    ] Entering safepoint region: RevokeBias
[2022-06-16T22:01:51.982+0000][3704][safepoint    ] Leaving safepoint region
[2022-06-16T22:01:51.982+0000][3704][safepoint    ] Total time for which application threads were stopped: 0.0001034 seconds, Stopping threads took: 0.0000189 seconds
[2022-06-16T22:02:21.984+0000][3704][safepoint    ] Application time: 30.0029240 seconds
[2022-06-16T22:02:21.984+0000][3704][safepoint    ] Entering safepoint region: RevokeBias
[2022-06-16T22:02:21.984+0000][3704][safepoint    ] Leaving safepoint region
[2022-06-16T22:02:21.984+0000][3704][safepoint    ] Total time for which application threads were stopped: 0.0001666 seconds, Stopping threads took: 0.0000558 seconds
[2022-06-16T22:02:21.984+0000][3704][safepoint    ] Application time: 0.0000504 seconds
[2022-06-16T22:02:21.984+0000][3704][safepoint    ] Entering safepoint region: RevokeBias
[2022-06-16T22:02:21.984+0000][3704][safepoint    ] Leaving safepoint region
[2022-06-16T22:02:21.984+0000][3704][safepoint    ] Total time for which application threads were stopped: 0.0001393 seconds, Stopping threads took: 0.0000868 seconds
[2022-06-16T22:02:52.000+0000][3704][safepoint    ] Application time: 30.0152274 seconds
[2022-06-16T22:02:52.000+0000][3704][safepoint    ] Entering safepoint region: RevokeBias
[2022-06-16T22:02:52.000+0000][3704][safepoint    ] Leaving safepoint region
[2022-06-16T22:02:52.000+0000][3704][safepoint    ] Total time for which application threads were stopped: 0.0001566 seconds, Stopping threads took: 0.0000433 seconds
[2022-06-16T22:02:52.000+0000][3704][safepoint    ] Application time: 0.0000685 seconds
[2022-06-16T22:02:52.000+0000][3704][safepoint    ] Entering safepoint region: RevokeBias
[2022-06-16T22:02:52.000+0000][3704][safepoint    ] Leaving safepoint region
[2022-06-16T22:02:52.000+0000][3704][safepoint    ] Total time for which application threads were stopped: 0.0001023 seconds, Stopping threads took: 0.0000499 seconds
[2022-06-16T22:03:22.007+0000][3704][safepoint    ] Application time: 30.0070355 seconds
[2022-06-16T22:03:22.007+0000][3704][safepoint    ] Entering safepoint region: RevokeBias
[2022-06-16T22:03:22.007+0000][3704][safepoint    ] Leaving safepoint region
[2022-06-16T22:03:22.007+0000][3704][safepoint    ] Total time for which application threads were stopped: 0.0001507 seconds, Stopping threads took: 0.0000338 seconds
[2022-06-16T22:03:22.007+0000][3704][safepoint    ] Application time: 0.0002849 seconds
[2022-06-16T22:03:22.007+0000][3704][safepoint    ] Entering safepoint region: RevokeBias
[2022-06-16T22:03:22.007+0000][3704][safepoint    ] Leaving safepoint region
[2022-06-16T22:03:22.007+0000][3704][safepoint    ] Total time for which application threads were stopped: 0.0000698 seconds, Stopping threads took: 0.0000143 seconds
[2022-06-16T22:03:52.013+0000][3704][safepoint    ] Application time: 30.0052754 seconds
[2022-06-16T22:03:52.013+0000][3704][safepoint    ] Entering safepoint region: RevokeBias
[2022-06-16T22:03:52.013+0000][3704][safepoint    ] Leaving safepoint region
[2022-06-16T22:03:52.013+0000][3704][safepoint    ] Total time for which application threads were stopped: 0.0001084 seconds, Stopping threads took: 0.0000206 seconds
[2022-06-16T22:04:22.022+0000][3704][safepoint    ] Application time: 30.0086158 seconds
[2022-06-16T22:04:22.022+0000][3704][safepoint    ] Entering safepoint region: RevokeBias
[2022-06-16T22:04:22.022+0000][3704][safepoint    ] Leaving safepoint region
[2022-06-16T22:04:22.022+0000][3704][safepoint    ] Total time for which application threads were stopped: 0.0001363 seconds, Stopping threads took: 0.0000403 seconds
[2022-06-16T22:04:22.022+0000][3704][safepoint    ] Application time: 0.0003568 seconds
[2022-06-16T22:04:22.022+0000][3704][safepoint    ] Entering safepoint region: RevokeBias
[2022-06-16T22:04:22.022+0000][3704][safepoint    ] Leaving safepoint region
[2022-06-16T22:04:22.022+0000][3704][safepoint    ] Total time for which application threads were stopped: 0.0000742 seconds, Stopping threads took: 0.0000153 seconds
[2022-06-16T22:04:50.261+0000][3704][safepoint    ] Application time: 28.2383028 seconds
[2022-06-16T22:04:50.261+0000][3704][safepoint    ] Entering safepoint region: Cleanup
[2022-06-16T22:04:50.261+0000][3704][safepoint    ] Leaving safepoint region
[2022-06-16T22:04:50.261+0000][3704][safepoint    ] Total time for which application threads were stopped: 0.0000832 seconds, Stopping threads took: 0.0000209 seconds
[2022-06-16T22:04:50.670+0000][3704][safepoint    ] Application time: 0.4094876 seconds
[2022-06-16T22:04:50.670+0000][3704][safepoint    ] Entering safepoint region: RevokeBias
[2022-06-16T22:04:50.670+0000][3704][safepoint    ] Leaving safepoint region
[2022-06-16T22:04:50.670+0000][3704][safepoint    ] Total time for which application threads were stopped: 0.0002104 seconds, Stopping threads took: 0.0000328 seconds
[2022-06-16T22:04:50.670+0000][3704][safepoint    ] Application time: 0.0034147 seconds
[2022-06-16T22:04:50.670+0000][3704][safepoint    ] Entering safepoint region: BulkRevokeBias
[2022-06-16T22:04:50.670+0000][3704][safepoint    ] Leaving safepoint region
[2022-06-16T22:04:50.670+0000][3704][safepoint    ] Total time for which application threads were stopped: 0.0003376 seconds, Stopping threads took: 0.0001017 seconds
[2022-06-16T22:04:50.670+0000][3704][safepoint    ] Application time: 0.0007026 seconds
[2022-06-16T22:04:50.670+0000][3704][safepoint    ] Entering safepoint region: RevokeBias
[2022-06-16T22:04:50.670+0000][3704][safepoint    ] Leaving safepoint region
[2022-06-16T22:04:50.670+0000][3704][safepoint    ] Total time for which application threads were stopped: 0.0000834 seconds, Stopping threads took: 0.0000281 seconds
[2022-06-16T22:04:50.670+0000][3704][safepoint    ] Application time: 0.0008667 seconds
[2022-06-16T22:04:50.670+0000][3704][safepoint    ] Entering safepoint region: RevokeBias
[2022-06-16T22:04:50.670+0000][3704][safepoint    ] Leaving safepoint region
[2022-06-16T22:04:50.670+0000][3704][safepoint    ] Total time for which application threads were stopped: 0.0001500 seconds, Stopping threads took: 0.0000918 seconds
[2022-06-16T22:04:52.037+0000][3704][safepoint    ] Application time: 1.3611416 seconds
[2022-06-16T22:04:52.037+0000][3704][safepoint    ] Entering safepoint region: RevokeBias
[2022-06-16T22:04:52.037+0000][3704][safepoint    ] Leaving safepoint region
[2022-06-16T22:04:52.037+0000][3704][safepoint    ] Total time for which application threads were stopped: 0.0001792 seconds, Stopping threads took: 0.0000314 seconds
[2022-06-16T22:04:52.037+0000][3704][safepoint    ] Application time: 0.0006938 seconds
[2022-06-16T22:04:52.037+0000][3704][safepoint    ] Entering safepoint region: RevokeBias
[2022-06-16T22:04:52.037+0000][3704][safepoint    ] Leaving safepoint region
[2022-06-16T22:04:52.037+0000][3704][safepoint    ] Total time for which application threads were stopped: 0.0001364 seconds, Stopping threads took: 0.0000278 seconds
[2022-06-16T22:04:53.040+0000][3704][safepoint    ] Application time: 1.0012896 seconds
[2022-06-16T22:04:53.040+0000][3704][safepoint    ] Entering safepoint region: Cleanup
[2022-06-16T22:04:53.040+0000][3704][safepoint    ] Leaving safepoint region
[2022-06-16T22:04:53.040+0000][3704][safepoint    ] Total time for which application threads were stopped: 0.0000923 seconds, Stopping threads took: 0.0000229 seconds
[2022-06-16T22:05:22.049+0000][3704][safepoint    ] Application time: 29.0092814 seconds
[2022-06-16T22:05:22.049+0000][3704][safepoint    ] Entering safepoint region: RevokeBias
[2022-06-16T22:05:22.049+0000][3704][safepoint    ] Leaving safepoint region
[2022-06-16T22:05:22.049+0000][3704][safepoint    ] Total time for which application threads were stopped: 0.0002054 seconds, Stopping threads took: 0.0000599 seconds
[2022-06-16T22:05:22.049+0000][3704][safepoint    ] Application time: 0.0002236 seconds
[2022-06-16T22:05:22.049+0000][3704][safepoint    ] Entering safepoint region: RevokeBias
[2022-06-16T22:05:22.049+0000][3704][safepoint    ] Leaving safepoint region
[2022-06-16T22:05:22.049+0000][3704][safepoint    ] Total time for which application threads were stopped: 0.0000920 seconds, Stopping threads took: 0.0000250 seconds
[2022-06-16T22:05:52.064+0000][3704][safepoint    ] Application time: 30.0148682 seconds
[2022-06-16T22:05:52.064+0000][3704][safepoint    ] Entering safepoint region: RevokeBias
[2022-06-16T22:05:52.064+0000][3704][safepoint    ] Leaving safepoint region
[2022-06-16T22:05:52.064+0000][3704][safepoint    ] Total time for which application threads were stopped: 0.0001385 seconds, Stopping threads took: 0.0000256 seconds
[2022-06-16T22:06:22.069+0000][3704][safepoint    ] Application time: 30.0042105 seconds
[2022-06-16T22:06:22.069+0000][3704][safepoint    ] Entering safepoint region: RevokeBias
[2022-06-16T22:06:22.069+0000][3704][safepoint    ] Leaving safepoint region
[2022-06-16T22:06:22.069+0000][3704][safepoint    ] Total time for which application threads were stopped: 0.0001593 seconds, Stopping threads took: 0.0000772 seconds
[2022-06-16T22:06:22.069+0000][3704][safepoint    ] Application time: 0.0004152 seconds
[2022-06-16T22:06:22.069+0000][3704][safepoint    ] Entering safepoint region: RevokeBias
[2022-06-16T22:06:22.069+0000][3704][safepoint    ] Leaving safepoint region
[2022-06-16T22:06:22.069+0000][3704][safepoint    ] Total time for which application threads were stopped: 0.0001414 seconds, Stopping threads took: 0.0000727 seconds
[2022-06-16T22:06:52.084+0000][3704][safepoint    ] Application time: 30.0146579 seconds
[2022-06-16T22:06:52.084+0000][3704][safepoint    ] Entering safepoint region: RevokeBias
[2022-06-16T22:06:52.084+0000][3704][safepoint    ] Leaving safepoint region
[2022-06-16T22:06:52.084+0000][3704][safepoint    ] Total time for which application threads were stopped: 0.0001065 seconds, Stopping threads took: 0.0000178 seconds
[2022-06-16T22:07:22.095+0000][3704][safepoint    ] Application time: 30.0107554 seconds
[2022-06-16T22:07:22.095+0000][3704][safepoint    ] Entering safepoint region: RevokeBias
[2022-06-16T22:07:22.095+0000][3704][safepoint    ] Leaving safepoint region
[2022-06-16T22:07:22.095+0000][3704][safepoint    ] Total time for which application threads were stopped: 0.0001046 seconds, Stopping threads took: 0.0000173 seconds
[2022-06-16T22:07:52.105+0000][3704][safepoint    ] Application time: 30.0103183 seconds
[2022-06-16T22:07:52.105+0000][3704][safepoint    ] Entering safepoint region: RevokeBias
[2022-06-16T22:07:52.105+0000][3704][safepoint    ] Leaving safepoint region
[2022-06-16T22:07:52.105+0000][3704][safepoint    ] Total time for which application threads were stopped: 0.0001973 seconds, Stopping threads took: 0.0000583 seconds
[2022-06-16T22:07:52.105+0000][3704][safepoint    ] Application time: 0.0004716 seconds
[2022-06-16T22:07:52.105+0000][3704][safepoint    ] Entering safepoint region: RevokeBias
[2022-06-16T22:07:52.105+0000][3704][safepoint    ] Leaving safepoint region
[2022-06-16T22:07:52.105+0000][3704][safepoint    ] Total time for which application threads were stopped: 0.0001238 seconds, Stopping threads took: 0.0000594 seconds
[2022-06-16T22:08:22.113+0000][3704][safepoint    ] Application time: 30.0073993 seconds
[2022-06-16T22:08:22.113+0000][3704][safepoint    ] Entering safepoint region: RevokeBias
[2022-06-16T22:08:22.113+0000][3704][safepoint    ] Leaving safepoint region
[2022-06-16T22:08:22.113+0000][3704][safepoint    ] Total time for which application threads were stopped: 0.0001491 seconds, Stopping threads took: 0.0000361 seconds
[2022-06-16T22:08:22.113+0000][3704][safepoint    ] Application time: 0.0000424 seconds
[2022-06-16T22:08:22.113+0000][3704][safepoint    ] Entering safepoint region: RevokeBias
[2022-06-16T22:08:22.113+0000][3704][safepoint    ] Leaving safepoint region
[2022-06-16T22:08:22.113+0000][3704][safepoint    ] Total time for which application threads were stopped: 0.0000579 seconds, Stopping threads took: 0.0000171 seconds
[2022-06-16T22:08:52.127+0000][3704][safepoint    ] Application time: 30.0141373 seconds
[2022-06-16T22:08:52.127+0000][3704][safepoint    ] Entering safepoint region: RevokeBias
[2022-06-16T22:08:52.127+0000][3704][safepoint    ] Leaving safepoint region
[2022-06-16T22:08:52.127+0000][3704][safepoint    ] Total time for which application threads were stopped: 0.0001236 seconds, Stopping threads took: 0.0000378 seconds
[2022-06-16T22:08:52.127+0000][3704][safepoint    ] Application time: 0.0001274 seconds
[2022-06-16T22:08:52.127+0000][3704][safepoint    ] Entering safepoint region: RevokeBias
[2022-06-16T22:08:52.127+0000][3704][safepoint    ] Leaving safepoint region
[2022-06-16T22:08:52.127+0000][3704][safepoint    ] Total time for which application threads were stopped: 0.0000828 seconds, Stopping threads took: 0.0000278 seconds
[2022-06-16T22:08:53.129+0000][3704][safepoint    ] Application time: 1.0005138 seconds
[2022-06-16T22:08:53.129+0000][3704][safepoint    ] Entering safepoint region: Cleanup
[2022-06-16T22:08:53.129+0000][3704][safepoint    ] Leaving safepoint region
[2022-06-16T22:08:53.129+0000][3704][safepoint    ] Total time for which application threads were stopped: 0.0000832 seconds, Stopping threads took: 0.0000203 seconds
[2022-06-16T22:09:22.133+0000][3704][safepoint    ] Application time: 29.0048726 seconds
[2022-06-16T22:09:22.133+0000][3704][safepoint    ] Entering safepoint region: RevokeBias
[2022-06-16T22:09:22.133+0000][3704][safepoint    ] Leaving safepoint region
[2022-06-16T22:09:22.133+0000][3704][safepoint    ] Total time for which application threads were stopped: 0.0001141 seconds, Stopping threads took: 0.0000197 seconds
[2022-06-16T22:09:23.142+0000][3704][safepoint    ] Application time: 1.0073359 seconds
[2022-06-16T22:09:23.142+0000][3704][safepoint    ] Entering safepoint region: Cleanup
[2022-06-16T22:09:23.142+0000][3704][safepoint    ] Leaving safepoint region
[2022-06-16T22:09:23.142+0000][3704][safepoint    ] Total time for which application threads were stopped: 0.0001194 seconds, Stopping threads took: 0.0000307 seconds
[2022-06-16T22:09:52.145+0000][3704][safepoint    ] Application time: 29.0036203 seconds
[2022-06-16T22:09:52.145+0000][3704][safepoint    ] Entering safepoint region: RevokeBias
[2022-06-16T22:09:52.145+0000][3704][safepoint    ] Leaving safepoint region
[2022-06-16T22:09:52.145+0000][3704][safepoint    ] Total time for which application threads were stopped: 0.0001371 seconds, Stopping threads took: 0.0000375 seconds
[2022-06-16T22:09:52.145+0000][3704][safepoint    ] Application time: 0.0003847 seconds
[2022-06-16T22:09:52.145+0000][3704][safepoint    ] Entering safepoint region: BulkRevokeBias
[2022-06-16T22:09:52.145+0000][3704][safepoint    ] Leaving safepoint region
[2022-06-16T22:09:52.145+0000][3704][safepoint    ] Total time for which application threads were stopped: 0.0002494 seconds, Stopping threads took: 0.0000147 seconds
[2022-06-16T22:10:22.161+0000][3704][safepoint    ] Application time: 30.0152608 seconds
[2022-06-16T22:10:22.161+0000][3704][safepoint    ] Entering safepoint region: RevokeBias
[2022-06-16T22:10:22.161+0000][3704][safepoint    ] Leaving safepoint region
[2022-06-16T22:10:22.161+0000][3704][safepoint    ] Total time for which application threads were stopped: 0.0001481 seconds, Stopping threads took: 0.0000367 seconds
[2022-06-16T22:10:22.161+0000][3704][safepoint    ] Application time: 0.0004794 seconds
[2022-06-16T22:10:22.161+0000][3704][safepoint    ] Entering safepoint region: RevokeBias
[2022-06-16T22:10:22.161+0000][3704][safepoint    ] Leaving safepoint region
[2022-06-16T22:10:22.161+0000][3704][safepoint    ] Total time for which application threads were stopped: 0.0000719 seconds, Stopping threads took: 0.0000144 seconds
[2022-06-16T22:10:52.173+0000][3704][safepoint    ] Application time: 30.0120547 seconds
[2022-06-16T22:10:52.173+0000][3704][safepoint    ] Entering safepoint region: RevokeBias
[2022-06-16T22:10:52.173+0000][3704][safepoint    ] Leaving safepoint region
[2022-06-16T22:10:52.173+0000][3704][safepoint    ] Total time for which application threads were stopped: 0.0001785 seconds, Stopping threads took: 0.0000718 seconds
[2022-06-16T22:10:52.173+0000][3704][safepoint    ] Application time: 0.0008917 seconds
[2022-06-16T22:10:52.173+0000][3704][safepoint    ] Entering safepoint region: RevokeBias
[2022-06-16T22:10:52.173+0000][3704][safepoint    ] Leaving safepoint region
[2022-06-16T22:10:52.173+0000][3704][safepoint    ] Total time for which application threads were stopped: 0.0000745 seconds, Stopping threads took: 0.0000153 seconds
[2022-06-16T22:10:53.186+0000][3704][safepoint    ] Application time: 1.0108379 seconds
[2022-06-16T22:10:53.186+0000][3704][safepoint    ] Entering safepoint region: Cleanup
[2022-06-16T22:10:53.186+0000][3704][safepoint    ] Leaving safepoint region
[2022-06-16T22:10:53.186+0000][3704][safepoint    ] Total time for which application threads were stopped: 0.0001005 seconds, Stopping threads took: 0.0000294 seconds
[2022-06-16T22:10:59.238+0000][3704][safepoint    ] Application time: 6.0516113 seconds
[2022-06-16T22:10:59.238+0000][3704][safepoint    ] Entering safepoint region: Cleanup
[2022-06-16T22:10:59.238+0000][3704][safepoint    ] Leaving safepoint region
[2022-06-16T22:10:59.238+0000][3704][safepoint    ] Total time for which application threads were stopped: 0.0001142 seconds, Stopping threads took: 0.0000282 seconds
[2022-06-16T22:11:22.180+0000][3704][safepoint    ] Application time: 22.9436001 seconds
[2022-06-16T22:11:22.180+0000][3704][safepoint    ] Entering safepoint region: RevokeBias
[2022-06-16T22:11:22.180+0000][3704][safepoint    ] Leaving safepoint region
[2022-06-16T22:11:22.180+0000][3704][safepoint    ] Total time for which application threads were stopped: 0.0002021 seconds, Stopping threads took: 0.0000862 seconds
[2022-06-16T22:11:22.180+0000][3704][safepoint    ] Application time: 0.0005292 seconds
[2022-06-16T22:11:22.180+0000][3704][safepoint    ] Entering safepoint region: RevokeBias
[2022-06-16T22:11:22.180+0000][3704][safepoint    ] Leaving safepoint region
[2022-06-16T22:11:22.180+0000][3704][safepoint    ] Total time for which application threads were stopped: 0.0001025 seconds, Stopping threads took: 0.0000250 seconds
[2022-06-16T22:11:52.196+0000][3704][safepoint    ] Application time: 30.0141112 seconds
[2022-06-16T22:11:52.196+0000][3704][safepoint    ] Entering safepoint region: RevokeBias
[2022-06-16T22:11:52.196+0000][3704][safepoint    ] Leaving safepoint region
[2022-06-16T22:11:52.196+0000][3704][safepoint    ] Total time for which application threads were stopped: 0.0001682 seconds, Stopping threads took: 0.0000392 seconds
[2022-06-16T22:11:52.196+0000][3704][safepoint    ] Application time: 0.0002532 seconds
[2022-06-16T22:11:52.196+0000][3704][safepoint    ] Entering safepoint region: RevokeBias
[2022-06-16T22:11:52.196+0000][3704][safepoint    ] Leaving safepoint region
[2022-06-16T22:11:52.196+0000][3704][safepoint    ] Total time for which application threads were stopped: 0.0001192 seconds, Stopping threads took: 0.0000335 seconds
[2022-06-16T22:12:22.201+0000][3704][safepoint    ] Application time: 30.0041653 seconds
[2022-06-16T22:12:22.201+0000][3704][safepoint    ] Entering safepoint region: RevokeBias
[2022-06-16T22:12:22.201+0000][3704][safepoint    ] Leaving safepoint region
[2022-06-16T22:12:22.201+0000][3704][safepoint    ] Total time for which application threads were stopped: 0.0001565 seconds, Stopping threads took: 0.0000492 seconds
[2022-06-16T22:12:22.201+0000][3704][safepoint    ] Application time: 0.0003486 seconds
[2022-06-16T22:12:22.201+0000][3704][safepoint    ] Entering safepoint region: RevokeBias
[2022-06-16T22:12:22.201+0000][3704][safepoint    ] Leaving safepoint region
[2022-06-16T22:12:22.201+0000][3704][safepoint    ] Total time for which application threads were stopped: 0.0000938 seconds, Stopping threads took: 0.0000328 seconds
[2022-06-16T22:12:52.216+0000][3704][safepoint    ] Application time: 30.0147429 seconds
[2022-06-16T22:12:52.216+0000][3704][safepoint    ] Entering safepoint region: RevokeBias
[2022-06-16T22:12:52.216+0000][3704][safepoint    ] Leaving safepoint region
[2022-06-16T22:12:52.216+0000][3704][safepoint    ] Total time for which application threads were stopped: 0.0001128 seconds, Stopping threads took: 0.0000198 seconds
[2022-06-16T22:13:22.231+0000][3704][safepoint    ] Application time: 30.0148088 seconds
[2022-06-16T22:13:22.231+0000][3704][safepoint    ] Entering safepoint region: RevokeBias
[2022-06-16T22:13:22.231+0000][3704][safepoint    ] Leaving safepoint region
[2022-06-16T22:13:22.231+0000][3704][safepoint    ] Total time for which application threads were stopped: 0.0001075 seconds, Stopping threads took: 0.0000182 seconds
[2022-06-16T22:13:44.377+0000][3704][safepoint    ] Application time: 22.1457881 seconds
[2022-06-16T22:13:44.377+0000][3704][safepoint    ] Entering safepoint region: Cleanup
[2022-06-16T22:13:44.377+0000][3704][safepoint    ] Leaving safepoint region
[2022-06-16T22:13:44.377+0000][3704][safepoint    ] Total time for which application threads were stopped: 0.0000885 seconds, Stopping threads took: 0.0000206 seconds
[2022-06-16T22:13:52.247+0000][3704][safepoint    ] Application time: 7.8698464 seconds
[2022-06-16T22:13:52.247+0000][3704][safepoint    ] Entering safepoint region: RevokeBias
[2022-06-16T22:13:52.247+0000][3704][safepoint    ] Leaving safepoint region
[2022-06-16T22:13:52.247+0000][3704][safepoint    ] Total time for which application threads were stopped: 0.0001087 seconds, Stopping threads took: 0.0000212 seconds
[2022-06-16T22:14:22.252+0000][3704][safepoint    ] Application time: 30.0052740 seconds
[2022-06-16T22:14:22.252+0000][3704][safepoint    ] Entering safepoint region: RevokeBias
[2022-06-16T22:14:22.252+0000][3704][safepoint    ] Leaving safepoint region
[2022-06-16T22:14:22.252+0000][3704][safepoint    ] Total time for which application threads were stopped: 0.0001075 seconds, Stopping threads took: 0.0000188 seconds
[2022-06-16T22:14:50.668+0000][3704][safepoint    ] Application time: 28.4163468 seconds
[2022-06-16T22:14:50.668+0000][3704][safepoint    ] Entering safepoint region: RevokeBias
[2022-06-16T22:14:50.668+0000][3704][safepoint    ] Leaving safepoint region
[2022-06-16T22:14:50.668+0000][3704][safepoint    ] Total time for which application threads were stopped: 0.0001691 seconds, Stopping threads took: 0.0000344 seconds
[2022-06-16T22:14:50.668+0000][3704][safepoint    ] Application time: 0.0010734 seconds
[2022-06-16T22:14:50.668+0000][3704][safepoint    ] Entering safepoint region: BulkRevokeBias
[2022-06-16T22:14:50.668+0000][3704][safepoint    ] Leaving safepoint region
[2022-06-16T22:14:50.668+0000][3704][safepoint    ] Total time for which application threads were stopped: 0.0002955 seconds, Stopping threads took: 0.0000328 seconds
[2022-06-16T22:14:50.668+0000][3704][safepoint    ] Application time: 0.0003197 seconds
[2022-06-16T22:14:50.668+0000][3704][safepoint    ] Entering safepoint region: RevokeBias
[2022-06-16T22:14:50.668+0000][3704][safepoint    ] Leaving safepoint region
[2022-06-16T22:14:50.668+0000][3704][safepoint    ] Total time for which application threads were stopped: 0.0000931 seconds, Stopping threads took: 0.0000374 seconds
[2022-06-16T22:14:50.668+0000][3704][safepoint    ] Application time: 0.0005460 seconds
[2022-06-16T22:14:50.668+0000][3704][safepoint    ] Entering safepoint region: BulkRevokeBias
[2022-06-16T22:14:50.668+0000][3704][safepoint    ] Leaving safepoint region
[2022-06-16T22:14:50.668+0000][3704][safepoint    ] Total time for which application threads were stopped: 0.0002353 seconds, Stopping threads took: 0.0000250 seconds
[2022-06-16T22:14:52.263+0000][3704][safepoint    ] Application time: 1.5919389 seconds
[2022-06-16T22:14:52.263+0000][3704][safepoint    ] Entering safepoint region: RevokeBias
[2022-06-16T22:14:52.263+0000][3704][safepoint    ] Leaving safepoint region
[2022-06-16T22:14:52.263+0000][3704][safepoint    ] Total time for which application threads were stopped: 0.0001814 seconds, Stopping threads took: 0.0000344 seconds
[2022-06-16T22:14:52.263+0000][3704][safepoint    ] Application time: 0.0019068 seconds
[2022-06-16T22:14:52.263+0000][3704][safepoint    ] Entering safepoint region: RevokeBias
[2022-06-16T22:14:52.263+0000][3704][safepoint    ] Leaving safepoint region
[2022-06-16T22:14:52.263+0000][3704][safepoint    ] Total time for which application threads were stopped: 0.0001330 seconds, Stopping threads took: 0.0000262 seconds
[2022-06-16T22:14:53.273+0000][3704][safepoint    ] Application time: 1.0072395 seconds
[2022-06-16T22:14:53.273+0000][3704][safepoint    ] Entering safepoint region: Cleanup
[2022-06-16T22:14:53.273+0000][3704][safepoint    ] Leaving safepoint region
[2022-06-16T22:14:53.273+0000][3704][safepoint    ] Total time for which application threads were stopped: 0.0000903 seconds, Stopping threads took: 0.0000227 seconds
[2022-06-16T22:15:22.272+0000][3704][safepoint    ] Application time: 28.9992468 seconds
[2022-06-16T22:15:22.272+0000][3704][safepoint    ] Entering safepoint region: RevokeBias
[2022-06-16T22:15:22.272+0000][3704][safepoint    ] Leaving safepoint region
[2022-06-16T22:15:22.272+0000][3704][safepoint    ] Total time for which application threads were stopped: 0.0001910 seconds, Stopping threads took: 0.0000745 seconds
[2022-06-16T22:15:22.272+0000][3704][safepoint    ] Application time: 0.0000424 seconds
[2022-06-16T22:15:22.272+0000][3704][safepoint    ] Entering safepoint region: RevokeBias
[2022-06-16T22:15:22.272+0000][3704][safepoint    ] Leaving safepoint region
[2022-06-16T22:15:22.272+0000][3704][safepoint    ] Total time for which application threads were stopped: 0.0000841 seconds, Stopping threads took: 0.0000385 seconds
[2022-06-16T22:15:52.286+0000][3704][safepoint    ] Application time: 30.0146403 seconds
[2022-06-16T22:15:52.286+0000][3704][safepoint    ] Entering safepoint region: RevokeBias
[2022-06-16T22:15:52.286+0000][3704][safepoint    ] Leaving safepoint region
[2022-06-16T22:15:52.286+0000][3704][safepoint    ] Total time for which application threads were stopped: 0.0001486 seconds, Stopping threads took: 0.0000521 seconds
[2022-06-16T22:15:52.286+0000][3704][safepoint    ] Application time: 0.0007053 seconds
[2022-06-16T22:15:52.286+0000][3704][safepoint    ] Entering safepoint region: RevokeBias
[2022-06-16T22:15:52.286+0000][3704][safepoint    ] Leaving safepoint region
[2022-06-16T22:15:52.286+0000][3704][safepoint    ] Total time for which application threads were stopped: 0.0000941 seconds, Stopping threads took: 0.0000325 seconds
[2022-06-16T22:16:22.291+0000][3704][safepoint    ] Application time: 30.0041939 seconds
[2022-06-16T22:16:22.291+0000][3704][safepoint    ] Entering safepoint region: RevokeBias
[2022-06-16T22:16:22.291+0000][3704][safepoint    ] Leaving safepoint region
[2022-06-16T22:16:22.291+0000][3704][safepoint    ] Total time for which application threads were stopped: 0.0001669 seconds, Stopping threads took: 0.0000618 seconds
[2022-06-16T22:16:22.291+0000][3704][safepoint    ] Application time: 0.0006048 seconds
[2022-06-16T22:16:22.291+0000][3704][safepoint    ] Entering safepoint region: RevokeBias
[2022-06-16T22:16:22.291+0000][3704][safepoint    ] Leaving safepoint region
[2022-06-16T22:16:22.291+0000][3704][safepoint    ] Total time for which application threads were stopped: 0.0000751 seconds, Stopping threads took: 0.0000135 seconds
[2022-06-16T22:16:52.302+0000][3704][safepoint    ] Application time: 30.0094824 seconds
[2022-06-16T22:16:52.302+0000][3704][safepoint    ] Entering safepoint region: RevokeBias
[2022-06-16T22:16:52.302+0000][3704][safepoint    ] Leaving safepoint region
[2022-06-16T22:16:52.302+0000][3704][safepoint    ] Total time for which application threads were stopped: 0.0001074 seconds, Stopping threads took: 0.0000194 seconds
[2022-06-16T22:17:22.315+0000][3704][safepoint    ] Application time: 30.0138448 seconds
[2022-06-16T22:17:22.315+0000][3704][safepoint    ] Entering safepoint region: RevokeBias
[2022-06-16T22:17:22.315+0000][3704][safepoint    ] Leaving safepoint region
[2022-06-16T22:17:22.315+0000][3704][safepoint    ] Total time for which application threads were stopped: 0.0001084 seconds, Stopping threads took: 0.0000187 seconds
[2022-06-16T22:17:52.325+0000][3704][safepoint    ] Application time: 30.0101580 seconds
[2022-06-16T22:17:52.325+0000][3704][safepoint    ] Entering safepoint region: RevokeBias
[2022-06-16T22:17:52.325+0000][3704][safepoint    ] Leaving safepoint region
[2022-06-16T22:17:52.325+0000][3704][safepoint    ] Total time for which application threads were stopped: 0.0001060 seconds, Stopping threads took: 0.0000177 seconds
[2022-06-16T22:18:20.491+0000][3704][safepoint    ] Application time: 28.1652426 seconds
[2022-06-16T22:18:20.491+0000][3704][safepoint    ] Entering safepoint region: GenCollectForAllocation
[2022-06-16T22:18:20.491+0000][3704][gc,start     ] GC(29) Pause Young (Allocation Failure)
[2022-06-16T22:18:20.491+0000][3704][gc,task      ] GC(29) Using 2 workers of 2 for evacuation
[2022-06-16T22:18:20.507+0000][3704][gc,age       ] GC(29) Desired survivor size 8716288 bytes, new threshold 6 (max threshold 6)
[2022-06-16T22:18:20.507+0000][3704][gc,age       ] GC(29) Age table with threshold 6 (max threshold 6)
[2022-06-16T22:18:20.507+0000][3704][gc,age       ] GC(29) - age   1:      56968 bytes,      56968 total
[2022-06-16T22:18:20.507+0000][3704][gc,heap      ] GC(29) ParNew: 153344K->13043K(153344K)
[2022-06-16T22:18:20.507+0000][3704][gc,heap      ] GC(29) CMS: 60414K->73968K(878208K)
[2022-06-16T22:18:20.507+0000][3704][gc,metaspace ] GC(29) Metaspace: 103059K->103059K(1144832K)
[2022-06-16T22:18:20.507+0000][3704][gc           ] GC(29) Pause Young (Allocation Failure) 208M->84M(1007M) 28.901ms
[2022-06-16T22:18:20.507+0000][3704][gc,cpu       ] GC(29) User=0.03s Sys=0.00s Real=0.02s
[2022-06-16T22:18:20.507+0000][3704][safepoint    ] Leaving safepoint region
[2022-06-16T22:18:20.507+0000][3704][safepoint    ] Total time for which application threads were stopped: 0.0290649 seconds, Stopping threads took: 0.0000197 seconds
[2022-06-16T22:18:22.341+0000][3704][safepoint    ] Application time: 1.8215138 seconds
[2022-06-16T22:18:22.341+0000][3704][safepoint    ] Entering safepoint region: RevokeBias
[2022-06-16T22:18:22.341+0000][3704][safepoint    ] Leaving safepoint region
[2022-06-16T22:18:22.341+0000][3704][safepoint    ] Total time for which application threads were stopped: 0.0002264 seconds, Stopping threads took: 0.0000600 seconds
[2022-06-16T22:18:22.341+0000][3704][safepoint    ] Application time: 0.0003729 seconds
[2022-06-16T22:18:22.341+0000][3704][safepoint    ] Entering safepoint region: RevokeBias
[2022-06-16T22:18:22.341+0000][3704][safepoint    ] Leaving safepoint region
[2022-06-16T22:18:22.341+0000][3704][safepoint    ] Total time for which application threads were stopped: 0.0001269 seconds, Stopping threads took: 0.0000683 seconds
[2022-06-16T22:18:39.470+0000][3704][safepoint    ] Application time: 17.1275948 seconds
[2022-06-16T22:18:39.470+0000][3704][safepoint    ] Entering safepoint region: Cleanup
[2022-06-16T22:18:39.470+0000][3704][safepoint    ] Leaving safepoint region
[2022-06-16T22:18:39.470+0000][3704][safepoint    ] Total time for which application threads were stopped: 0.0000914 seconds, Stopping threads took: 0.0000228 seconds
[2022-06-16T22:18:52.354+0000][3704][safepoint    ] Application time: 12.8840101 seconds
[2022-06-16T22:18:52.354+0000][3704][safepoint    ] Entering safepoint region: RevokeBias
[2022-06-16T22:18:52.354+0000][3704][safepoint    ] Leaving safepoint region
[2022-06-16T22:18:52.354+0000][3704][safepoint    ] Total time for which application threads were stopped: 0.0001839 seconds, Stopping threads took: 0.0000627 seconds
[2022-06-16T22:19:22.369+0000][3704][safepoint    ] Application time: 30.0150405 seconds
[2022-06-16T22:19:22.369+0000][3704][safepoint    ] Entering safepoint region: RevokeBias
[2022-06-16T22:19:22.369+0000][3704][safepoint    ] Leaving safepoint region
[2022-06-16T22:19:22.369+0000][3704][safepoint    ] Total time for which application threads were stopped: 0.0001087 seconds, Stopping threads took: 0.0000200 seconds
[2022-06-16T22:19:52.372+0000][3704][safepoint    ] Application time: 30.0032958 seconds
[2022-06-16T22:19:52.372+0000][3704][safepoint    ] Entering safepoint region: RevokeBias
[2022-06-16T22:19:52.372+0000][3704][safepoint    ] Leaving safepoint region
[2022-06-16T22:19:52.372+0000][3704][safepoint    ] Total time for which application threads were stopped: 0.0001868 seconds, Stopping threads took: 0.0000466 seconds
[2022-06-16T22:19:52.372+0000][3704][safepoint    ] Application time: 0.0002353 seconds
[2022-06-16T22:19:52.372+0000][3704][safepoint    ] Entering safepoint region: BulkRevokeBias
[2022-06-16T22:19:52.372+0000][3704][safepoint    ] Leaving safepoint region
[2022-06-16T22:19:52.372+0000][3704][safepoint    ] Total time for which application threads were stopped: 0.0002426 seconds, Stopping threads took: 0.0000149 seconds
[2022-06-16T22:19:52.372+0000][3704][safepoint    ] Application time: 0.0000844 seconds
[2022-06-16T22:19:52.372+0000][3704][safepoint    ] Entering safepoint region: RevokeBias
[2022-06-16T22:19:52.372+0000][3704][safepoint    ] Leaving safepoint region
[2022-06-16T22:19:52.372+0000][3704][safepoint    ] Total time for which application threads were stopped: 0.0000537 seconds, Stopping threads took: 0.0000129 seconds
[2022-06-16T22:20:22.382+0000][3704][safepoint    ] Application time: 30.0094929 seconds
[2022-06-16T22:20:22.382+0000][3704][safepoint    ] Entering safepoint region: RevokeBias
[2022-06-16T22:20:22.382+0000][3704][safepoint    ] Leaving safepoint region
[2022-06-16T22:20:22.382+0000][3704][safepoint    ] Total time for which application threads were stopped: 0.0001381 seconds, Stopping threads took: 0.0000344 seconds
[2022-06-16T22:20:22.382+0000][3704][safepoint    ] Application time: 0.0003620 seconds
[2022-06-16T22:20:22.382+0000][3704][safepoint    ] Entering safepoint region: RevokeBias
[2022-06-16T22:20:22.382+0000][3704][safepoint    ] Leaving safepoint region
[2022-06-16T22:20:22.382+0000][3704][safepoint    ] Total time for which application threads were stopped: 0.0000984 seconds, Stopping threads took: 0.0000250 seconds
[2022-06-16T22:20:52.386+0000][3704][safepoint    ] Application time: 30.0037757 seconds
[2022-06-16T22:20:52.386+0000][3704][safepoint    ] Entering safepoint region: RevokeBias
[2022-06-16T22:20:52.386+0000][3704][safepoint    ] Leaving safepoint region
[2022-06-16T22:20:52.386+0000][3704][safepoint    ] Total time for which application threads were stopped: 0.0001559 seconds, Stopping threads took: 0.0000481 seconds
[2022-06-16T22:20:52.386+0000][3704][safepoint    ] Application time: 0.0005363 seconds
[2022-06-16T22:20:52.386+0000][3704][safepoint    ] Entering safepoint region: RevokeBias
[2022-06-16T22:20:52.386+0000][3704][safepoint    ] Leaving safepoint region
[2022-06-16T22:20:52.386+0000][3704][safepoint    ] Total time for which application threads were stopped: 0.0001108 seconds, Stopping threads took: 0.0000308 seconds
[2022-06-16T22:21:22.404+0000][3704][safepoint    ] Application time: 30.0165208 seconds
[2022-06-16T22:21:22.404+0000][3704][safepoint    ] Entering safepoint region: RevokeBias
[2022-06-16T22:21:22.404+0000][3704][safepoint    ] Leaving safepoint region
[2022-06-16T22:21:22.404+0000][3704][safepoint    ] Total time for which application threads were stopped: 0.0001688 seconds, Stopping threads took: 0.0000330 seconds
[2022-06-16T22:21:22.404+0000][3704][safepoint    ] Application time: 0.0004721 seconds
[2022-06-16T22:21:22.404+0000][3704][safepoint    ] Entering safepoint region: RevokeBias
[2022-06-16T22:21:22.404+0000][3704][safepoint    ] Leaving safepoint region
[2022-06-16T22:21:22.404+0000][3704][safepoint    ] Total time for which application threads were stopped: 0.0000731 seconds, Stopping threads took: 0.0000156 seconds
[2022-06-16T22:21:52.414+0000][3704][safepoint    ] Application time: 30.0100825 seconds
[2022-06-16T22:21:52.414+0000][3704][safepoint    ] Entering safepoint region: RevokeBias
[2022-06-16T22:21:52.414+0000][3704][safepoint    ] Leaving safepoint region
[2022-06-16T22:21:52.414+0000][3704][safepoint    ] Total time for which application threads were stopped: 0.0001330 seconds, Stopping threads took: 0.0000325 seconds
[2022-06-16T22:21:52.414+0000][3704][safepoint    ] Application time: 0.0002824 seconds
[2022-06-16T22:21:52.414+0000][3704][safepoint    ] Entering safepoint region: RevokeBias
[2022-06-16T22:21:52.414+0000][3704][safepoint    ] Leaving safepoint region
[2022-06-16T22:21:52.414+0000][3704][safepoint    ] Total time for which application threads were stopped: 0.0000802 seconds, Stopping threads took: 0.0000274 seconds
[2022-06-16T22:22:22.416+0000][3704][safepoint    ] Application time: 30.0012472 seconds
[2022-06-16T22:22:22.416+0000][3704][safepoint    ] Entering safepoint region: RevokeBias
[2022-06-16T22:22:22.416+0000][3704][safepoint    ] Leaving safepoint region
[2022-06-16T22:22:22.416+0000][3704][safepoint    ] Total time for which application threads were stopped: 0.0001532 seconds, Stopping threads took: 0.0000488 seconds
[2022-06-16T22:22:22.416+0000][3704][safepoint    ] Application time: 0.0004074 seconds
[2022-06-16T22:22:22.416+0000][3704][safepoint    ] Entering safepoint region: RevokeBias
[2022-06-16T22:22:22.416+0000][3704][safepoint    ] Leaving safepoint region
[2022-06-16T22:22:22.416+0000][3704][safepoint    ] Total time for which application threads were stopped: 0.0000736 seconds, Stopping threads took: 0.0000152 seconds
[2022-06-16T22:22:52.422+0000][3704][safepoint    ] Application time: 30.0051810 seconds
[2022-06-16T22:22:52.422+0000][3704][safepoint    ] Entering safepoint region: RevokeBias
[2022-06-16T22:22:52.422+0000][3704][safepoint    ] Leaving safepoint region
[2022-06-16T22:22:52.422+0000][3704][safepoint    ] Total time for which application threads were stopped: 0.0001581 seconds, Stopping threads took: 0.0000436 seconds
[2022-06-16T22:22:52.422+0000][3704][safepoint    ] Application time: 0.0000833 seconds
[2022-06-16T22:22:52.422+0000][3704][safepoint    ] Entering safepoint region: RevokeBias
[2022-06-16T22:22:52.422+0000][3704][safepoint    ] Leaving safepoint region
[2022-06-16T22:22:52.422+0000][3704][safepoint    ] Total time for which application threads were stopped: 0.0000815 seconds, Stopping threads took: 0.0000252 seconds
[2022-06-16T22:23:22.431+0000][3704][safepoint    ] Application time: 30.0085065 seconds
[2022-06-16T22:23:22.431+0000][3704][safepoint    ] Entering safepoint region: RevokeBias
[2022-06-16T22:23:22.431+0000][3704][safepoint    ] Leaving safepoint region
[2022-06-16T22:23:22.431+0000][3704][safepoint    ] Total time for which application threads were stopped: 0.0001049 seconds, Stopping threads took: 0.0000172 seconds
[2022-06-16T22:23:52.441+0000][3704][safepoint    ] Application time: 30.0101887 seconds
[2022-06-16T22:23:52.441+0000][3704][safepoint    ] Entering safepoint region: RevokeBias
[2022-06-16T22:23:52.441+0000][3704][safepoint    ] Leaving safepoint region
[2022-06-16T22:23:52.441+0000][3704][safepoint    ] Total time for which application threads were stopped: 0.0001599 seconds, Stopping threads took: 0.0000579 seconds
[2022-06-16T22:23:52.441+0000][3704][safepoint    ] Application time: 0.0002481 seconds
[2022-06-16T22:23:52.441+0000][3704][safepoint    ] Entering safepoint region: RevokeBias
[2022-06-16T22:23:52.441+0000][3704][safepoint    ] Leaving safepoint region
[2022-06-16T22:23:52.441+0000][3704][safepoint    ] Total time for which application threads were stopped: 0.0000834 seconds, Stopping threads took: 0.0000285 seconds
[2022-06-16T22:24:22.457+0000][3704][safepoint    ] Application time: 30.0154047 seconds
[2022-06-16T22:24:22.457+0000][3704][safepoint    ] Entering safepoint region: RevokeBias
[2022-06-16T22:24:22.457+0000][3704][safepoint    ] Leaving safepoint region
[2022-06-16T22:24:22.457+0000][3704][safepoint    ] Total time for which application threads were stopped: 0.0001075 seconds, Stopping threads took: 0.0000179 seconds
[2022-06-16T22:24:50.668+0000][3704][safepoint    ] Application time: 28.2117903 seconds
[2022-06-16T22:24:50.668+0000][3704][safepoint    ] Entering safepoint region: RevokeBias
[2022-06-16T22:24:50.668+0000][3704][safepoint    ] Leaving safepoint region
[2022-06-16T22:24:50.668+0000][3704][safepoint    ] Total time for which application threads were stopped: 0.0001936 seconds, Stopping threads took: 0.0000519 seconds
[2022-06-16T22:24:50.668+0000][3704][safepoint    ] Application time: 0.0023886 seconds
[2022-06-16T22:24:50.668+0000][3704][safepoint    ] Entering safepoint region: BulkRevokeBias
[2022-06-16T22:24:50.668+0000][3704][safepoint    ] Leaving safepoint region
[2022-06-16T22:24:50.668+0000][3704][safepoint    ] Total time for which application threads were stopped: 0.0003391 seconds, Stopping threads took: 0.0000308 seconds
[2022-06-16T22:24:50.668+0000][3704][safepoint    ] Application time: 0.0002348 seconds
[2022-06-16T22:24:50.668+0000][3704][safepoint    ] Entering safepoint region: RevokeBias
[2022-06-16T22:24:50.668+0000][3704][safepoint    ] Leaving safepoint region
[2022-06-16T22:24:50.668+0000][3704][safepoint    ] Total time for which application threads were stopped: 0.0000837 seconds, Stopping threads took: 0.0000191 seconds
[2022-06-16T22:24:50.668+0000][3704][safepoint    ] Application time: 0.0007906 seconds
[2022-06-16T22:24:50.668+0000][3704][safepoint    ] Entering safepoint region: RevokeBias
[2022-06-16T22:24:50.668+0000][3704][safepoint    ] Leaving safepoint region
[2022-06-16T22:24:50.668+0000][3704][safepoint    ] Total time for which application threads were stopped: 0.0000561 seconds, Stopping threads took: 0.0000137 seconds
[2022-06-16T22:24:52.467+0000][3704][safepoint    ] Application time: 1.7942977 seconds
[2022-06-16T22:24:52.467+0000][3704][safepoint    ] Entering safepoint region: RevokeBias
[2022-06-16T22:24:52.467+0000][3704][safepoint    ] Leaving safepoint region
[2022-06-16T22:24:52.467+0000][3704][safepoint    ] Total time for which application threads were stopped: 0.0001753 seconds, Stopping threads took: 0.0000663 seconds
[2022-06-16T22:24:52.467+0000][3704][safepoint    ] Application time: 0.0001021 seconds
[2022-06-16T22:24:52.467+0000][3704][safepoint    ] Entering safepoint region: RevokeBias
[2022-06-16T22:24:52.467+0000][3704][safepoint    ] Leaving safepoint region
[2022-06-16T22:24:52.467+0000][3704][safepoint    ] Total time for which application threads were stopped: 0.0000636 seconds, Stopping threads took: 0.0000136 seconds
[2022-06-16T22:24:53.473+0000][3704][safepoint    ] Application time: 1.0049578 seconds
[2022-06-16T22:24:53.473+0000][3704][safepoint    ] Entering safepoint region: Cleanup
[2022-06-16T22:24:53.473+0000][3704][safepoint    ] Leaving safepoint region
[2022-06-16T22:24:53.473+0000][3704][safepoint    ] Total time for which application threads were stopped: 0.0001653 seconds, Stopping threads took: 0.0000285 seconds
[2022-06-16T22:25:22.477+0000][3704][safepoint    ] Application time: 29.0046633 seconds
[2022-06-16T22:25:22.477+0000][3704][safepoint    ] Entering safepoint region: RevokeBias
[2022-06-16T22:25:22.477+0000][3704][safepoint    ] Leaving safepoint region
[2022-06-16T22:25:22.477+0000][3704][safepoint    ] Total time for which application threads were stopped: 0.0001058 seconds, Stopping threads took: 0.0000177 seconds
[2022-06-16T22:25:52.491+0000][3704][safepoint    ] Application time: 30.0138575 seconds
[2022-06-16T22:25:52.491+0000][3704][safepoint    ] Entering safepoint region: RevokeBias
[2022-06-16T22:25:52.491+0000][3704][safepoint    ] Leaving safepoint region
[2022-06-16T22:25:52.491+0000][3704][safepoint    ] Total time for which application threads were stopped: 0.0001033 seconds, Stopping threads took: 0.0000174 seconds
[2022-06-16T22:26:20.657+0000][3704][safepoint    ] Application time: 28.1649849 seconds
[2022-06-16T22:26:20.657+0000][3704][safepoint    ] Entering safepoint region: Cleanup
[2022-06-16T22:26:20.657+0000][3704][safepoint    ] Leaving safepoint region
[2022-06-16T22:26:20.657+0000][3704][safepoint    ] Total time for which application threads were stopped: 0.0001004 seconds, Stopping threads took: 0.0000320 seconds
[2022-06-16T22:26:22.503+0000][3704][safepoint    ] Application time: 1.8467026 seconds
[2022-06-16T22:26:22.503+0000][3704][safepoint    ] Entering safepoint region: RevokeBias
[2022-06-16T22:26:22.503+0000][3704][safepoint    ] Leaving safepoint region
[2022-06-16T22:26:22.503+0000][3704][safepoint    ] Total time for which application threads were stopped: 0.0001047 seconds, Stopping threads took: 0.0000175 seconds
[2022-06-16T22:26:23.509+0000][3704][safepoint    ] Application time: 1.0052566 seconds
[2022-06-16T22:26:23.509+0000][3704][safepoint    ] Entering safepoint region: Cleanup
[2022-06-16T22:26:23.509+0000][3704][safepoint    ] Leaving safepoint region
[2022-06-16T22:26:23.509+0000][3704][safepoint    ] Total time for which application threads were stopped: 0.0000896 seconds, Stopping threads took: 0.0000222 seconds
[2022-06-16T22:26:52.518+0000][3704][safepoint    ] Application time: 29.0092838 seconds
[2022-06-16T22:26:52.518+0000][3704][safepoint    ] Entering safepoint region: RevokeBias
[2022-06-16T22:26:52.518+0000][3704][safepoint    ] Leaving safepoint region
[2022-06-16T22:26:52.518+0000][3704][safepoint    ] Total time for which application threads were stopped: 0.0001764 seconds, Stopping threads took: 0.0000568 seconds
[2022-06-16T22:26:52.518+0000][3704][safepoint    ] Application time: 0.0002485 seconds
[2022-06-16T22:26:52.518+0000][3704][safepoint    ] Entering safepoint region: RevokeBias
[2022-06-16T22:26:52.518+0000][3704][safepoint    ] Leaving safepoint region
[2022-06-16T22:26:52.518+0000][3704][safepoint    ] Total time for which application threads were stopped: 0.0000727 seconds, Stopping threads took: 0.0000148 seconds
[2022-06-16T22:27:22.530+0000][3704][safepoint    ] Application time: 30.0117872 seconds
[2022-06-16T22:27:22.530+0000][3704][safepoint    ] Entering safepoint region: RevokeBias
[2022-06-16T22:27:22.530+0000][3704][safepoint    ] Leaving safepoint region
[2022-06-16T22:27:22.530+0000][3704][safepoint    ] Total time for which application threads were stopped: 0.0001054 seconds, Stopping threads took: 0.0000180 seconds
[2022-06-16T22:27:52.543+0000][3704][safepoint    ] Application time: 30.0128255 seconds
[2022-06-16T22:27:52.543+0000][3704][safepoint    ] Entering safepoint region: RevokeBias
[2022-06-16T22:27:52.543+0000][3704][safepoint    ] Leaving safepoint region
[2022-06-16T22:27:52.543+0000][3704][safepoint    ] Total time for which application threads were stopped: 0.0001745 seconds, Stopping threads took: 0.0000332 seconds
[2022-06-16T22:27:52.543+0000][3704][safepoint    ] Application time: 0.0011836 seconds
[2022-06-16T22:27:52.543+0000][3704][safepoint    ] Entering safepoint region: RevokeBias
[2022-06-16T22:27:52.543+0000][3704][safepoint    ] Leaving safepoint region
[2022-06-16T22:27:52.543+0000][3704][safepoint    ] Total time for which application threads were stopped: 0.0002042 seconds, Stopping threads took: 0.0000900 seconds
[2022-06-16T22:27:53.550+0000][3704][safepoint    ] Application time: 1.0047885 seconds
[2022-06-16T22:27:53.550+0000][3704][safepoint    ] Entering safepoint region: Cleanup
[2022-06-16T22:27:53.550+0000][3704][safepoint    ] Leaving safepoint region
[2022-06-16T22:27:53.550+0000][3704][safepoint    ] Total time for which application threads were stopped: 0.0001138 seconds, Stopping threads took: 0.0000296 seconds
[2022-06-16T22:28:22.560+0000][3704][safepoint    ] Application time: 29.0107019 seconds
[2022-06-16T22:28:22.560+0000][3704][safepoint    ] Entering safepoint region: RevokeBias
[2022-06-16T22:28:22.560+0000][3704][safepoint    ] Leaving safepoint region
[2022-06-16T22:28:22.560+0000][3704][safepoint    ] Total time for which application threads were stopped: 0.0001063 seconds, Stopping threads took: 0.0000180 seconds
[2022-06-16T22:28:52.562+0000][3704][safepoint    ] Application time: 30.0017475 seconds
[2022-06-16T22:28:52.562+0000][3704][safepoint    ] Entering safepoint region: RevokeBias
[2022-06-16T22:28:52.562+0000][3704][safepoint    ] Leaving safepoint region
[2022-06-16T22:28:52.562+0000][3704][safepoint    ] Total time for which application threads were stopped: 0.0001054 seconds, Stopping threads took: 0.0000179 seconds
[2022-06-16T22:29:22.572+0000][3704][safepoint    ] Application time: 30.0097385 seconds
[2022-06-16T22:29:22.572+0000][3704][safepoint    ] Entering safepoint region: RevokeBias
[2022-06-16T22:29:22.572+0000][3704][safepoint    ] Leaving safepoint region
[2022-06-16T22:29:22.572+0000][3704][safepoint    ] Total time for which application threads were stopped: 0.0001478 seconds, Stopping threads took: 0.0000372 seconds
[2022-06-16T22:29:22.572+0000][3704][safepoint    ] Application time: 0.0005196 seconds
[2022-06-16T22:29:22.572+0000][3704][safepoint    ] Entering safepoint region: RevokeBias
[2022-06-16T22:29:22.572+0000][3704][safepoint    ] Leaving safepoint region
[2022-06-16T22:29:22.572+0000][3704][safepoint    ] Total time for which application threads were stopped: 0.0000744 seconds, Stopping threads took: 0.0000156 seconds
[2022-06-16T22:29:52.584+0000][3704][safepoint    ] Application time: 30.0112340 seconds
[2022-06-16T22:29:52.584+0000][3704][safepoint    ] Entering safepoint region: RevokeBias
[2022-06-16T22:29:52.584+0000][3704][safepoint    ] Leaving safepoint region
[2022-06-16T22:29:52.584+0000][3704][safepoint    ] Total time for which application threads were stopped: 0.0004831 seconds, Stopping threads took: 0.0001514 seconds
[2022-06-16T22:29:52.584+0000][3704][safepoint    ] Application time: 0.0009374 seconds
[2022-06-16T22:29:52.584+0000][3704][safepoint    ] Entering safepoint region: BulkRevokeBias
[2022-06-16T22:29:52.584+0000][3704][safepoint    ] Leaving safepoint region
[2022-06-16T22:29:52.584+0000][3704][safepoint    ] Total time for which application threads were stopped: 0.0003772 seconds, Stopping threads took: 0.0000284 seconds
[2022-06-16T22:30:22.588+0000][3704][safepoint    ] Application time: 30.0024145 seconds
[2022-06-16T22:30:22.588+0000][3704][safepoint    ] Entering safepoint region: RevokeBias
[2022-06-16T22:30:22.588+0000][3704][safepoint    ] Leaving safepoint region
[2022-06-16T22:30:22.588+0000][3704][safepoint    ] Total time for which application threads were stopped: 0.0001210 seconds, Stopping threads took: 0.0000331 seconds
[2022-06-16T22:30:23.594+0000][3704][safepoint    ] Application time: 1.0058534 seconds
[2022-06-16T22:30:23.594+0000][3704][safepoint    ] Entering safepoint region: Cleanup
[2022-06-16T22:30:23.594+0000][3704][safepoint    ] Leaving safepoint region
[2022-06-16T22:30:23.594+0000][3704][safepoint    ] Total time for which application threads were stopped: 0.0000917 seconds, Stopping threads took: 0.0000219 seconds
[2022-06-16T22:30:52.594+0000][3704][safepoint    ] Application time: 28.9996057 seconds
[2022-06-16T22:30:52.594+0000][3704][safepoint    ] Entering safepoint region: RevokeBias
[2022-06-16T22:30:52.594+0000][3704][safepoint    ] Leaving safepoint region
[2022-06-16T22:30:52.594+0000][3704][safepoint    ] Total time for which application threads were stopped: 0.0001434 seconds, Stopping threads took: 0.0000440 seconds
[2022-06-16T22:30:52.594+0000][3704][safepoint    ] Application time: 0.0004664 seconds
[2022-06-16T22:30:52.594+0000][3704][safepoint    ] Entering safepoint region: RevokeBias
[2022-06-16T22:30:52.594+0000][3704][safepoint    ] Leaving safepoint region
[2022-06-16T22:30:52.594+0000][3704][safepoint    ] Total time for which application threads were stopped: 0.0000779 seconds, Stopping threads took: 0.0000144 seconds
[2022-06-16T22:31:22.603+0000][3704][safepoint    ] Application time: 30.0091937 seconds
[2022-06-16T22:31:22.603+0000][3704][safepoint    ] Entering safepoint region: RevokeBias
[2022-06-16T22:31:22.603+0000][3704][safepoint    ] Leaving safepoint region
[2022-06-16T22:31:22.603+0000][3704][safepoint    ] Total time for which application threads were stopped: 0.0001664 seconds, Stopping threads took: 0.0000534 seconds
[2022-06-16T22:31:22.603+0000][3704][safepoint    ] Application time: 0.0005638 seconds
[2022-06-16T22:31:22.603+0000][3704][safepoint    ] Entering safepoint region: RevokeBias
[2022-06-16T22:31:22.603+0000][3704][safepoint    ] Leaving safepoint region
[2022-06-16T22:31:22.603+0000][3704][safepoint    ] Total time for which application threads were stopped: 0.0000834 seconds, Stopping threads took: 0.0000257 seconds
[2022-06-16T22:31:52.612+0000][3704][safepoint    ] Application time: 30.0084228 seconds
[2022-06-16T22:31:52.612+0000][3704][safepoint    ] Entering safepoint region: RevokeBias
[2022-06-16T22:31:52.612+0000][3704][safepoint    ] Leaving safepoint region
[2022-06-16T22:31:52.612+0000][3704][safepoint    ] Total time for which application threads were stopped: 0.0001513 seconds, Stopping threads took: 0.0000396 seconds
[2022-06-16T22:31:52.612+0000][3704][safepoint    ] Application time: 0.0005851 seconds
[2022-06-16T22:31:52.612+0000][3704][safepoint    ] Entering safepoint region: RevokeBias
[2022-06-16T22:31:52.612+0000][3704][safepoint    ] Leaving safepoint region
[2022-06-16T22:31:52.612+0000][3704][safepoint    ] Total time for which application threads were stopped: 0.0000969 seconds, Stopping threads took: 0.0000421 seconds
[2022-06-16T22:31:53.614+0000][3704][safepoint    ] Application time: 1.0001413 seconds
[2022-06-16T22:31:53.614+0000][3704][safepoint    ] Entering safepoint region: Cleanup
[2022-06-16T22:31:53.614+0000][3704][safepoint    ] Leaving safepoint region
[2022-06-16T22:31:53.614+0000][3704][safepoint    ] Total time for which application threads were stopped: 0.0001402 seconds, Stopping threads took: 0.0000326 seconds
[2022-06-16T22:31:54.622+0000][3704][safepoint    ] Application time: 1.0074281 seconds
[2022-06-16T22:31:54.622+0000][3704][safepoint    ] Entering safepoint region: Cleanup
[2022-06-16T22:31:54.622+0000][3704][safepoint    ] Leaving safepoint region
[2022-06-16T22:31:54.622+0000][3704][safepoint    ] Total time for which application threads were stopped: 0.0000937 seconds, Stopping threads took: 0.0000228 seconds
[2022-06-16T22:32:22.619+0000][3704][safepoint    ] Application time: 27.9974917 seconds
[2022-06-16T22:32:22.619+0000][3704][safepoint    ] Entering safepoint region: RevokeBias
[2022-06-16T22:32:22.619+0000][3704][safepoint    ] Leaving safepoint region
[2022-06-16T22:32:22.619+0000][3704][safepoint    ] Total time for which application threads were stopped: 0.0001510 seconds, Stopping threads took: 0.0000335 seconds
[2022-06-16T22:32:22.619+0000][3704][safepoint    ] Application time: 0.0003726 seconds
[2022-06-16T22:32:22.619+0000][3704][safepoint    ] Entering safepoint region: RevokeBias
[2022-06-16T22:32:22.619+0000][3704][safepoint    ] Leaving safepoint region
[2022-06-16T22:32:22.619+0000][3704][safepoint    ] Total time for which application threads were stopped: 0.0001698 seconds, Stopping threads took: 0.0001002 seconds
[2022-06-16T22:32:52.633+0000][3704][safepoint    ] Application time: 30.0142752 seconds
[2022-06-16T22:32:52.633+0000][3704][safepoint    ] Entering safepoint region: RevokeBias
[2022-06-16T22:32:52.633+0000][3704][safepoint    ] Leaving safepoint region
[2022-06-16T22:32:52.633+0000][3704][safepoint    ] Total time for which application threads were stopped: 0.0001773 seconds, Stopping threads took: 0.0000316 seconds
[2022-06-16T22:32:52.633+0000][3704][safepoint    ] Application time: 0.0005403 seconds
[2022-06-16T22:32:52.633+0000][3704][safepoint    ] Entering safepoint region: RevokeBias
[2022-06-16T22:32:52.633+0000][3704][safepoint    ] Leaving safepoint region
[2022-06-16T22:32:52.633+0000][3704][safepoint    ] Total time for which application threads were stopped: 0.0001353 seconds, Stopping threads took: 0.0000259 seconds
[2022-06-16T22:32:53.633+0000][3704][safepoint    ] Application time: 0.9984219 seconds
[2022-06-16T22:32:53.633+0000][3704][safepoint    ] Entering safepoint region: Cleanup
[2022-06-16T22:32:53.633+0000][3704][safepoint    ] Leaving safepoint region
[2022-06-16T22:32:53.633+0000][3704][safepoint    ] Total time for which application threads were stopped: 0.0001102 seconds, Stopping threads took: 0.0000277 seconds
[2022-06-16T22:33:22.643+0000][3704][safepoint    ] Application time: 29.0108454 seconds
[2022-06-16T22:33:22.643+0000][3704][safepoint    ] Entering safepoint region: RevokeBias
[2022-06-16T22:33:22.643+0000][3704][safepoint    ] Leaving safepoint region
[2022-06-16T22:33:22.643+0000][3704][safepoint    ] Total time for which application threads were stopped: 0.0001879 seconds, Stopping threads took: 0.0000759 seconds
[2022-06-16T22:33:22.643+0000][3704][safepoint    ] Application time: 0.0005445 seconds
[2022-06-16T22:33:22.643+0000][3704][safepoint    ] Entering safepoint region: RevokeBias
[2022-06-16T22:33:22.643+0000][3704][safepoint    ] Leaving safepoint region
[2022-06-16T22:33:22.643+0000][3704][safepoint    ] Total time for which application threads were stopped: 0.0000897 seconds, Stopping threads took: 0.0000349 seconds
[2022-06-16T22:33:23.655+0000][3704][safepoint    ] Application time: 1.0100797 seconds
[2022-06-16T22:33:23.655+0000][3704][safepoint    ] Entering safepoint region: Cleanup
[2022-06-16T22:33:23.655+0000][3704][safepoint    ] Leaving safepoint region
[2022-06-16T22:33:23.655+0000][3704][safepoint    ] Total time for which application threads were stopped: 0.0001133 seconds, Stopping threads took: 0.0000287 seconds
[2022-06-16T22:33:52.658+0000][3704][safepoint    ] Application time: 29.0037455 seconds
[2022-06-16T22:33:52.658+0000][3704][safepoint    ] Entering safepoint region: RevokeBias
[2022-06-16T22:33:52.658+0000][3704][safepoint    ] Leaving safepoint region
[2022-06-16T22:33:52.658+0000][3704][safepoint    ] Total time for which application threads were stopped: 0.0001488 seconds, Stopping threads took: 0.0000419 seconds
[2022-06-16T22:33:52.658+0000][3704][safepoint    ] Application time: 0.0004215 seconds
[2022-06-16T22:33:52.658+0000][3704][safepoint    ] Entering safepoint region: RevokeBias
[2022-06-16T22:33:52.658+0000][3704][safepoint    ] Leaving safepoint region
[2022-06-16T22:33:52.658+0000][3704][safepoint    ] Total time for which application threads were stopped: 0.0000870 seconds, Stopping threads took: 0.0000261 seconds
[2022-06-16T22:34:10.776+0000][3704][safepoint    ] Application time: 18.1161481 seconds
[2022-06-16T22:34:10.776+0000][3704][safepoint    ] Entering safepoint region: Cleanup
[2022-06-16T22:34:10.776+0000][3704][safepoint    ] Leaving safepoint region
[2022-06-16T22:34:10.776+0000][3704][safepoint    ] Total time for which application threads were stopped: 0.0001101 seconds, Stopping threads took: 0.0000269 seconds
[2022-06-16T22:34:22.668+0000][3704][safepoint    ] Application time: 11.8927192 seconds
[2022-06-16T22:34:22.668+0000][3704][safepoint    ] Entering safepoint region: RevokeBias
[2022-06-16T22:34:22.668+0000][3704][safepoint    ] Leaving safepoint region
[2022-06-16T22:34:22.668+0000][3704][safepoint    ] Total time for which application threads were stopped: 0.0001163 seconds, Stopping threads took: 0.0000255 seconds
[2022-06-16T22:34:50.669+0000][3704][safepoint    ] Application time: 28.0015599 seconds
[2022-06-16T22:34:50.669+0000][3704][safepoint    ] Entering safepoint region: RevokeBias
[2022-06-16T22:34:50.669+0000][3704][safepoint    ] Leaving safepoint region
[2022-06-16T22:34:50.669+0000][3704][safepoint    ] Total time for which application threads were stopped: 0.0001779 seconds, Stopping threads took: 0.0000597 seconds
[2022-06-16T22:34:50.669+0000][3704][safepoint    ] Application time: 0.0003049 seconds
[2022-06-16T22:34:50.669+0000][3704][safepoint    ] Entering safepoint region: BulkRevokeBias
[2022-06-16T22:34:50.669+0000][3704][safepoint    ] Leaving safepoint region
[2022-06-16T22:34:50.669+0000][3704][safepoint    ] Total time for which application threads were stopped: 0.0003095 seconds, Stopping threads took: 0.0000282 seconds
[2022-06-16T22:34:50.669+0000][3704][safepoint    ] Application time: 0.0007455 seconds
[2022-06-16T22:34:50.669+0000][3704][safepoint    ] Entering safepoint region: RevokeBias
[2022-06-16T22:34:50.669+0000][3704][safepoint    ] Leaving safepoint region
[2022-06-16T22:34:50.669+0000][3704][safepoint    ] Total time for which application threads were stopped: 0.0000877 seconds, Stopping threads took: 0.0000445 seconds
[2022-06-16T22:34:50.669+0000][3704][safepoint    ] Application time: 0.0000491 seconds
[2022-06-16T22:34:50.669+0000][3704][safepoint    ] Entering safepoint region: RevokeBias
[2022-06-16T22:34:50.669+0000][3704][safepoint    ] Leaving safepoint region
[2022-06-16T22:34:50.669+0000][3704][safepoint    ] Total time for which application threads were stopped: 0.0000553 seconds, Stopping threads took: 0.0000239 seconds
[2022-06-16T22:34:52.673+0000][3704][safepoint    ] Application time: 2.0022207 seconds
[2022-06-16T22:34:52.673+0000][3704][safepoint    ] Entering safepoint region: RevokeBias
[2022-06-16T22:34:52.673+0000][3704][safepoint    ] Leaving safepoint region
[2022-06-16T22:34:52.673+0000][3704][safepoint    ] Total time for which application threads were stopped: 0.0001677 seconds, Stopping threads took: 0.0000350 seconds
[2022-06-16T22:34:52.673+0000][3704][safepoint    ] Application time: 0.0004793 seconds
[2022-06-16T22:34:52.673+0000][3704][safepoint    ] Entering safepoint region: RevokeBias
[2022-06-16T22:34:52.673+0000][3704][safepoint    ] Leaving safepoint region
[2022-06-16T22:34:52.673+0000][3704][safepoint    ] Total time for which application threads were stopped: 0.0001003 seconds, Stopping threads took: 0.0000387 seconds
[2022-06-16T22:35:22.682+0000][3704][safepoint    ] Application time: 30.0080154 seconds
[2022-06-16T22:35:22.682+0000][3704][safepoint    ] Entering safepoint region: RevokeBias
[2022-06-16T22:35:22.682+0000][3704][safepoint    ] Leaving safepoint region
[2022-06-16T22:35:22.682+0000][3704][safepoint    ] Total time for which application threads were stopped: 0.0001932 seconds, Stopping threads took: 0.0000756 seconds
[2022-06-16T22:35:22.682+0000][3704][safepoint    ] Application time: 0.0001377 seconds
[2022-06-16T22:35:22.682+0000][3704][safepoint    ] Entering safepoint region: RevokeBias
[2022-06-16T22:35:22.682+0000][3704][safepoint    ] Leaving safepoint region
[2022-06-16T22:35:22.682+0000][3704][safepoint    ] Total time for which application threads were stopped: 0.0000654 seconds, Stopping threads took: 0.0000135 seconds
[2022-06-16T22:35:23.695+0000][3704][safepoint    ] Application time: 1.0113431 seconds
[2022-06-16T22:35:23.695+0000][3704][safepoint    ] Entering safepoint region: Cleanup
[2022-06-16T22:35:23.695+0000][3704][safepoint    ] Leaving safepoint region
[2022-06-16T22:35:23.695+0000][3704][safepoint    ] Total time for which application threads were stopped: 0.0000913 seconds, Stopping threads took: 0.0000228 seconds
[2022-06-16T22:35:52.691+0000][3704][safepoint    ] Application time: 28.9968993 seconds
[2022-06-16T22:35:52.691+0000][3704][safepoint    ] Entering safepoint region: RevokeBias
[2022-06-16T22:35:52.691+0000][3704][safepoint    ] Leaving safepoint region
[2022-06-16T22:35:52.691+0000][3704][safepoint    ] Total time for which application threads were stopped: 0.0001499 seconds, Stopping threads took: 0.0000501 seconds
[2022-06-16T22:35:52.691+0000][3704][safepoint    ] Application time: 0.0002711 seconds
[2022-06-16T22:35:52.691+0000][3704][safepoint    ] Entering safepoint region: RevokeBias
[2022-06-16T22:35:52.691+0000][3704][safepoint    ] Leaving safepoint region
[2022-06-16T22:35:52.691+0000][3704][safepoint    ] Total time for which application threads were stopped: 0.0001148 seconds, Stopping threads took: 0.0000321 seconds
[2022-06-16T22:36:22.705+0000][3704][safepoint    ] Application time: 30.0138113 seconds
[2022-06-16T22:36:22.705+0000][3704][safepoint    ] Entering safepoint region: RevokeBias
[2022-06-16T22:36:22.705+0000][3704][safepoint    ] Leaving safepoint region
[2022-06-16T22:36:22.705+0000][3704][safepoint    ] Total time for which application threads were stopped: 0.0001666 seconds, Stopping threads took: 0.0000641 seconds
[2022-06-16T22:36:22.705+0000][3704][safepoint    ] Application time: 0.0003366 seconds
[2022-06-16T22:36:22.705+0000][3704][safepoint    ] Entering safepoint region: RevokeBias
[2022-06-16T22:36:22.705+0000][3704][safepoint    ] Leaving safepoint region
[2022-06-16T22:36:22.705+0000][3704][safepoint    ] Total time for which application threads were stopped: 0.0000696 seconds, Stopping threads took: 0.0000140 seconds
[2022-06-16T22:36:52.710+0000][3704][safepoint    ] Application time: 30.0046347 seconds
[2022-06-16T22:36:52.710+0000][3704][safepoint    ] Entering safepoint region: RevokeBias
[2022-06-16T22:36:52.710+0000][3704][safepoint    ] Leaving safepoint region
[2022-06-16T22:36:52.710+0000][3704][safepoint    ] Total time for which application threads were stopped: 0.0001108 seconds, Stopping threads took: 0.0000223 seconds
[2022-06-16T22:37:22.723+0000][3704][safepoint    ] Application time: 30.0124661 seconds
[2022-06-16T22:37:22.723+0000][3704][safepoint    ] Entering safepoint region: RevokeBias
[2022-06-16T22:37:22.723+0000][3704][safepoint    ] Leaving safepoint region
[2022-06-16T22:37:22.723+0000][3704][safepoint    ] Total time for which application threads were stopped: 0.0001476 seconds, Stopping threads took: 0.0000487 seconds
[2022-06-16T22:37:22.723+0000][3704][safepoint    ] Application time: 0.0001927 seconds
[2022-06-16T22:37:22.723+0000][3704][safepoint    ] Entering safepoint region: RevokeBias
[2022-06-16T22:37:22.723+0000][3704][safepoint    ] Leaving safepoint region
[2022-06-16T22:37:22.723+0000][3704][safepoint    ] Total time for which application threads were stopped: 0.0000677 seconds, Stopping threads took: 0.0000136 seconds
[2022-06-16T22:37:23.735+0000][3704][safepoint    ] Application time: 1.0115700 seconds
[2022-06-16T22:37:23.735+0000][3704][safepoint    ] Entering safepoint region: Cleanup
[2022-06-16T22:37:23.735+0000][3704][safepoint    ] Leaving safepoint region
[2022-06-16T22:37:23.735+0000][3704][safepoint    ] Total time for which application threads were stopped: 0.0001143 seconds, Stopping threads took: 0.0000280 seconds
[2022-06-16T22:37:52.738+0000][3704][safepoint    ] Application time: 29.0031876 seconds
[2022-06-16T22:37:52.738+0000][3704][safepoint    ] Entering safepoint region: RevokeBias
[2022-06-16T22:37:52.738+0000][3704][safepoint    ] Leaving safepoint region
[2022-06-16T22:37:52.738+0000][3704][safepoint    ] Total time for which application threads were stopped: 0.0001566 seconds, Stopping threads took: 0.0000523 seconds
[2022-06-16T22:37:52.738+0000][3704][safepoint    ] Application time: 0.0001817 seconds
[2022-06-16T22:37:52.738+0000][3704][safepoint    ] Entering safepoint region: RevokeBias
[2022-06-16T22:37:52.738+0000][3704][safepoint    ] Leaving safepoint region
[2022-06-16T22:37:52.738+0000][3704][safepoint    ] Total time for which application threads were stopped: 0.0000791 seconds, Stopping threads took: 0.0000193 seconds
[2022-06-16T22:38:22.749+0000][3704][safepoint    ] Application time: 30.0103784 seconds
[2022-06-16T22:38:22.749+0000][3704][safepoint    ] Entering safepoint region: RevokeBias
[2022-06-16T22:38:22.749+0000][3704][safepoint    ] Leaving safepoint region
[2022-06-16T22:38:22.749+0000][3704][safepoint    ] Total time for which application threads were stopped: 0.0001074 seconds, Stopping threads took: 0.0000182 seconds
[2022-06-16T22:38:52.754+0000][3704][safepoint    ] Application time: 30.0053549 seconds
[2022-06-16T22:38:52.754+0000][3704][safepoint    ] Entering safepoint region: RevokeBias
[2022-06-16T22:38:52.754+0000][3704][safepoint    ] Leaving safepoint region
[2022-06-16T22:38:52.754+0000][3704][safepoint    ] Total time for which application threads were stopped: 0.0001645 seconds, Stopping threads took: 0.0000541 seconds
[2022-06-16T22:38:52.754+0000][3704][safepoint    ] Application time: 0.0003473 seconds
[2022-06-16T22:38:52.754+0000][3704][safepoint    ] Entering safepoint region: RevokeBias
[2022-06-16T22:38:52.754+0000][3704][safepoint    ] Leaving safepoint region
[2022-06-16T22:38:52.754+0000][3704][safepoint    ] Total time for which application threads were stopped: 0.0000773 seconds, Stopping threads took: 0.0000145 seconds
[2022-06-16T22:39:22.769+0000][3704][safepoint    ] Application time: 30.0142064 seconds
[2022-06-16T22:39:22.769+0000][3704][safepoint    ] Entering safepoint region: RevokeBias
[2022-06-16T22:39:22.769+0000][3704][safepoint    ] Leaving safepoint region
[2022-06-16T22:39:22.769+0000][3704][safepoint    ] Total time for which application threads were stopped: 0.0001637 seconds, Stopping threads took: 0.0000365 seconds
[2022-06-16T22:39:22.769+0000][3704][safepoint    ] Application time: 0.0005178 seconds
[2022-06-16T22:39:22.769+0000][3704][safepoint    ] Entering safepoint region: RevokeBias
[2022-06-16T22:39:22.769+0000][3704][safepoint    ] Leaving safepoint region
[2022-06-16T22:39:22.769+0000][3704][safepoint    ] Total time for which application threads were stopped: 0.0000773 seconds, Stopping threads took: 0.0000206 seconds
[2022-06-16T22:39:52.777+0000][3704][safepoint    ] Application time: 30.0080336 seconds
[2022-06-16T22:39:52.777+0000][3704][safepoint    ] Entering safepoint region: RevokeBias
[2022-06-16T22:39:52.777+0000][3704][safepoint    ] Leaving safepoint region
[2022-06-16T22:39:52.777+0000][3704][safepoint    ] Total time for which application threads were stopped: 0.0001319 seconds, Stopping threads took: 0.0000361 seconds
[2022-06-16T22:39:52.777+0000][3704][safepoint    ] Application time: 0.0002834 seconds
[2022-06-16T22:39:52.777+0000][3704][safepoint    ] Entering safepoint region: BulkRevokeBias
[2022-06-16T22:39:52.777+0000][3704][safepoint    ] Leaving safepoint region
[2022-06-16T22:39:52.777+0000][3704][safepoint    ] Total time for which application threads were stopped: 0.0002729 seconds, Stopping threads took: 0.0000285 seconds
[2022-06-16T22:40:22.783+0000][3704][safepoint    ] Application time: 30.0051974 seconds
[2022-06-16T22:40:22.783+0000][3704][safepoint    ] Entering safepoint region: RevokeBias
[2022-06-16T22:40:22.783+0000][3704][safepoint    ] Leaving safepoint region
[2022-06-16T22:40:22.783+0000][3704][safepoint    ] Total time for which application threads were stopped: 0.0001811 seconds, Stopping threads took: 0.0000353 seconds
[2022-06-16T22:40:22.783+0000][3704][safepoint    ] Application time: 0.0005395 seconds
[2022-06-16T22:40:22.783+0000][3704][safepoint    ] Entering safepoint region: RevokeBias
[2022-06-16T22:40:22.783+0000][3704][safepoint    ] Leaving safepoint region
[2022-06-16T22:40:22.783+0000][3704][safepoint    ] Total time for which application threads were stopped: 0.0000820 seconds, Stopping threads took: 0.0000149 seconds
[2022-06-16T22:40:52.798+0000][3704][safepoint    ] Application time: 30.0145331 seconds
[2022-06-16T22:40:52.798+0000][3704][safepoint    ] Entering safepoint region: RevokeBias
[2022-06-16T22:40:52.798+0000][3704][safepoint    ] Leaving safepoint region
[2022-06-16T22:40:52.798+0000][3704][safepoint    ] Total time for which application threads were stopped: 0.0001562 seconds, Stopping threads took: 0.0000452 seconds
[2022-06-16T22:40:52.798+0000][3704][safepoint    ] Application time: 0.0005717 seconds
[2022-06-16T22:40:52.798+0000][3704][safepoint    ] Entering safepoint region: RevokeBias
[2022-06-16T22:40:52.798+0000][3704][safepoint    ] Leaving safepoint region
[2022-06-16T22:40:52.798+0000][3704][safepoint    ] Total time for which application threads were stopped: 0.0001001 seconds, Stopping threads took: 0.0000269 seconds
[2022-06-16T22:41:22.809+0000][3704][safepoint    ] Application time: 30.0096328 seconds
[2022-06-16T22:41:22.809+0000][3704][safepoint    ] Entering safepoint region: RevokeBias
[2022-06-16T22:41:22.809+0000][3704][safepoint    ] Leaving safepoint region
[2022-06-16T22:41:22.809+0000][3704][safepoint    ] Total time for which application threads were stopped: 0.0002175 seconds, Stopping threads took: 0.0000744 seconds
[2022-06-16T22:41:22.809+0000][3704][safepoint    ] Application time: 0.0004724 seconds
[2022-06-16T22:41:22.809+0000][3704][safepoint    ] Entering safepoint region: RevokeBias
[2022-06-16T22:41:22.809+0000][3704][safepoint    ] Leaving safepoint region
[2022-06-16T22:41:22.809+0000][3704][safepoint    ] Total time for which application threads were stopped: 0.0000935 seconds, Stopping threads took: 0.0000390 seconds
[2022-06-16T22:41:52.824+0000][3704][safepoint    ] Application time: 30.0141646 seconds
[2022-06-16T22:41:52.824+0000][3704][safepoint    ] Entering safepoint region: RevokeBias
[2022-06-16T22:41:52.824+0000][3704][safepoint    ] Leaving safepoint region
[2022-06-16T22:41:52.824+0000][3704][safepoint    ] Total time for which application threads were stopped: 0.0004261 seconds, Stopping threads took: 0.0002792 seconds
[2022-06-16T22:41:52.824+0000][3704][safepoint    ] Application time: 0.0005491 seconds
[2022-06-16T22:41:52.824+0000][3704][safepoint    ] Entering safepoint region: RevokeBias
[2022-06-16T22:41:52.824+0000][3704][safepoint    ] Leaving safepoint region
[2022-06-16T22:41:52.824+0000][3704][safepoint    ] Total time for which application threads were stopped: 0.0000765 seconds, Stopping threads took: 0.0000146 seconds
[2022-06-16T22:42:22.835+0000][3704][safepoint    ] Application time: 30.0109970 seconds
[2022-06-16T22:42:22.835+0000][3704][safepoint    ] Entering safepoint region: RevokeBias
[2022-06-16T22:42:22.835+0000][3704][safepoint    ] Leaving safepoint region
[2022-06-16T22:42:22.835+0000][3704][safepoint    ] Total time for which application threads were stopped: 0.0001225 seconds, Stopping threads took: 0.0000291 seconds
[2022-06-16T22:42:22.835+0000][3704][safepoint    ] Application time: 0.0001613 seconds
[2022-06-16T22:42:22.835+0000][3704][safepoint    ] Entering safepoint region: RevokeBias
[2022-06-16T22:42:22.835+0000][3704][safepoint    ] Leaving safepoint region
[2022-06-16T22:42:22.835+0000][3704][safepoint    ] Total time for which application threads were stopped: 0.0001529 seconds, Stopping threads took: 0.0000833 seconds
[2022-06-16T22:42:23.851+0000][3704][safepoint    ] Application time: 1.0138796 seconds
[2022-06-16T22:42:23.851+0000][3704][safepoint    ] Entering safepoint region: Cleanup
[2022-06-16T22:42:23.851+0000][3704][safepoint    ] Leaving safepoint region
[2022-06-16T22:42:23.851+0000][3704][safepoint    ] Total time for which application threads were stopped: 0.0001711 seconds, Stopping threads took: 0.0000766 seconds
[2022-06-16T22:42:52.850+0000][3704][safepoint    ] Application time: 28.9999089 seconds
[2022-06-16T22:42:52.850+0000][3704][safepoint    ] Entering safepoint region: RevokeBias
[2022-06-16T22:42:52.850+0000][3704][safepoint    ] Leaving safepoint region
[2022-06-16T22:42:52.850+0000][3704][safepoint    ] Total time for which application threads were stopped: 0.0001612 seconds, Stopping threads took: 0.0000522 seconds
[2022-06-16T22:42:52.850+0000][3704][safepoint    ] Application time: 0.0005243 seconds
[2022-06-16T22:42:52.850+0000][3704][safepoint    ] Entering safepoint region: RevokeBias
[2022-06-16T22:42:52.850+0000][3704][safepoint    ] Leaving safepoint region
[2022-06-16T22:42:52.850+0000][3704][safepoint    ] Total time for which application threads were stopped: 0.0000999 seconds, Stopping threads took: 0.0000336 seconds
[2022-06-16T22:43:22.855+0000][3704][safepoint    ] Application time: 30.0038861 seconds
[2022-06-16T22:43:22.855+0000][3704][safepoint    ] Entering safepoint region: RevokeBias
[2022-06-16T22:43:22.855+0000][3704][safepoint    ] Leaving safepoint region
[2022-06-16T22:43:22.855+0000][3704][safepoint    ] Total time for which application threads were stopped: 0.0001092 seconds, Stopping threads took: 0.0000198 seconds
[2022-06-16T22:43:52.870+0000][3704][safepoint    ] Application time: 30.0152827 seconds
[2022-06-16T22:43:52.870+0000][3704][safepoint    ] Entering safepoint region: RevokeBias
[2022-06-16T22:43:52.870+0000][3704][safepoint    ] Leaving safepoint region
[2022-06-16T22:43:52.870+0000][3704][safepoint    ] Total time for which application threads were stopped: 0.0001091 seconds, Stopping threads took: 0.0000189 seconds
[2022-06-16T22:44:22.875+0000][3704][safepoint    ] Application time: 30.0047208 seconds
[2022-06-16T22:44:22.875+0000][3704][safepoint    ] Entering safepoint region: RevokeBias
[2022-06-16T22:44:22.875+0000][3704][safepoint    ] Leaving safepoint region
[2022-06-16T22:44:22.875+0000][3704][safepoint    ] Total time for which application threads were stopped: 0.0001069 seconds, Stopping threads took: 0.0000190 seconds
[2022-06-16T22:44:50.667+0000][3704][safepoint    ] Application time: 27.7922489 seconds
[2022-06-16T22:44:50.667+0000][3704][safepoint    ] Entering safepoint region: RevokeBias
[2022-06-16T22:44:50.667+0000][3704][safepoint    ] Leaving safepoint region
[2022-06-16T22:44:50.667+0000][3704][safepoint    ] Total time for which application threads were stopped: 0.0001679 seconds, Stopping threads took: 0.0000705 seconds
[2022-06-16T22:44:50.667+0000][3704][safepoint    ] Application time: 0.0006270 seconds
[2022-06-16T22:44:50.667+0000][3704][safepoint    ] Entering safepoint region: BulkRevokeBias
[2022-06-16T22:44:50.667+0000][3704][safepoint    ] Leaving safepoint region
[2022-06-16T22:44:50.667+0000][3704][safepoint    ] Total time for which application threads were stopped: 0.0003015 seconds, Stopping threads took: 0.0000495 seconds
[2022-06-16T22:44:50.667+0000][3704][safepoint    ] Application time: 0.0003950 seconds
[2022-06-16T22:44:50.667+0000][3704][safepoint    ] Entering safepoint region: RevokeBias
[2022-06-16T22:44:50.667+0000][3704][safepoint    ] Leaving safepoint region
[2022-06-16T22:44:50.667+0000][3704][safepoint    ] Total time for which application threads were stopped: 0.0000887 seconds, Stopping threads took: 0.0000443 seconds
[2022-06-16T22:44:50.667+0000][3704][safepoint    ] Application time: 0.0002017 seconds
[2022-06-16T22:44:50.667+0000][3704][safepoint    ] Entering safepoint region: RevokeBias
[2022-06-16T22:44:50.667+0000][3704][safepoint    ] Leaving safepoint region
[2022-06-16T22:44:50.667+0000][3704][safepoint    ] Total time for which application threads were stopped: 0.0000935 seconds, Stopping threads took: 0.0000525 seconds
[2022-06-16T22:44:52.879+0000][3704][safepoint    ] Application time: 2.2098418 seconds
[2022-06-16T22:44:52.879+0000][3704][safepoint    ] Entering safepoint region: RevokeBias
[2022-06-16T22:44:52.879+0000][3704][safepoint    ] Leaving safepoint region
[2022-06-16T22:44:52.879+0000][3704][safepoint    ] Total time for which application threads were stopped: 0.0001056 seconds, Stopping threads took: 0.0000184 seconds
[2022-06-16T22:45:22.894+0000][3704][safepoint    ] Application time: 30.0143713 seconds
[2022-06-16T22:45:22.894+0000][3704][safepoint    ] Entering safepoint region: RevokeBias
[2022-06-16T22:45:22.894+0000][3704][safepoint    ] Leaving safepoint region
[2022-06-16T22:45:22.894+0000][3704][safepoint    ] Total time for which application threads were stopped: 0.0001097 seconds, Stopping threads took: 0.0000215 seconds
[2022-06-16T22:45:52.900+0000][3704][safepoint    ] Application time: 30.0067765 seconds
[2022-06-16T22:45:52.900+0000][3704][safepoint    ] Entering safepoint region: RevokeBias
[2022-06-16T22:45:52.900+0000][3704][safepoint    ] Leaving safepoint region
[2022-06-16T22:45:52.900+0000][3704][safepoint    ] Total time for which application threads were stopped: 0.0001048 seconds, Stopping threads took: 0.0000177 seconds
[2022-06-16T22:46:22.913+0000][3704][safepoint    ] Application time: 30.0121615 seconds
[2022-06-16T22:46:22.913+0000][3704][safepoint    ] Entering safepoint region: RevokeBias
[2022-06-16T22:46:22.913+0000][3704][safepoint    ] Leaving safepoint region
[2022-06-16T22:46:22.913+0000][3704][safepoint    ] Total time for which application threads were stopped: 0.0001078 seconds, Stopping threads took: 0.0000179 seconds
[2022-06-16T22:46:52.920+0000][3704][safepoint    ] Application time: 30.0074023 seconds
[2022-06-16T22:46:52.920+0000][3704][safepoint    ] Entering safepoint region: RevokeBias
[2022-06-16T22:46:52.920+0000][3704][safepoint    ] Leaving safepoint region
[2022-06-16T22:46:52.920+0000][3704][safepoint    ] Total time for which application threads were stopped: 0.0001059 seconds, Stopping threads took: 0.0000185 seconds
[2022-06-16T22:47:22.925+0000][3704][safepoint    ] Application time: 30.0047745 seconds
[2022-06-16T22:47:22.925+0000][3704][safepoint    ] Entering safepoint region: RevokeBias
[2022-06-16T22:47:22.925+0000][3704][safepoint    ] Leaving safepoint region
[2022-06-16T22:47:22.925+0000][3704][safepoint    ] Total time for which application threads were stopped: 0.0001043 seconds, Stopping threads took: 0.0000185 seconds
[2022-06-16T22:47:52.934+0000][3704][safepoint    ] Application time: 30.0092042 seconds
[2022-06-16T22:47:52.934+0000][3704][safepoint    ] Entering safepoint region: RevokeBias
[2022-06-16T22:47:52.934+0000][3704][safepoint    ] Leaving safepoint region
[2022-06-16T22:47:52.934+0000][3704][safepoint    ] Total time for which application threads were stopped: 0.0001067 seconds, Stopping threads took: 0.0000184 seconds
[2022-06-16T22:48:22.939+0000][3704][safepoint    ] Application time: 30.0051488 seconds
[2022-06-16T22:48:22.939+0000][3704][safepoint    ] Entering safepoint region: RevokeBias
[2022-06-16T22:48:22.939+0000][3704][safepoint    ] Leaving safepoint region
[2022-06-16T22:48:22.939+0000][3704][safepoint    ] Total time for which application threads were stopped: 0.0001082 seconds, Stopping threads took: 0.0000194 seconds
[2022-06-16T22:48:52.947+0000][3704][safepoint    ] Application time: 30.0085142 seconds
[2022-06-16T22:48:52.947+0000][3704][safepoint    ] Entering safepoint region: RevokeBias
[2022-06-16T22:48:52.947+0000][3704][safepoint    ] Leaving safepoint region
[2022-06-16T22:48:52.947+0000][3704][safepoint    ] Total time for which application threads were stopped: 0.0001064 seconds, Stopping threads took: 0.0000184 seconds
[2022-06-16T22:48:53.949+0000][3704][safepoint    ] Application time: 1.0006172 seconds
[2022-06-16T22:48:53.949+0000][3704][safepoint    ] Entering safepoint region: Cleanup
[2022-06-16T22:48:53.949+0000][3704][safepoint    ] Leaving safepoint region
[2022-06-16T22:48:53.949+0000][3704][safepoint    ] Total time for which application threads were stopped: 0.0000907 seconds, Stopping threads took: 0.0000231 seconds
[2022-06-16T22:49:22.954+0000][3704][safepoint    ] Application time: 29.0058136 seconds
[2022-06-16T22:49:22.954+0000][3704][safepoint    ] Entering safepoint region: RevokeBias
[2022-06-16T22:49:22.954+0000][3704][safepoint    ] Leaving safepoint region
[2022-06-16T22:49:22.954+0000][3704][safepoint    ] Total time for which application threads were stopped: 0.0001092 seconds, Stopping threads took: 0.0000192 seconds
[2022-06-16T22:49:51.151+0000][3704][safepoint    ] Application time: 28.1966119 seconds
[2022-06-16T22:49:51.151+0000][3704][safepoint    ] Entering safepoint region: Cleanup
[2022-06-16T22:49:51.151+0000][3704][safepoint    ] Leaving safepoint region
[2022-06-16T22:49:51.151+0000][3704][safepoint    ] Total time for which application threads were stopped: 0.0000950 seconds, Stopping threads took: 0.0000234 seconds
[2022-06-16T22:49:52.969+0000][3704][safepoint    ] Application time: 1.8182010 seconds
[2022-06-16T22:49:52.969+0000][3704][safepoint    ] Entering safepoint region: RevokeBias
[2022-06-16T22:49:52.969+0000][3704][safepoint    ] Leaving safepoint region
[2022-06-16T22:49:52.969+0000][3704][safepoint    ] Total time for which application threads were stopped: 0.0003064 seconds, Stopping threads took: 0.0000178 seconds
[2022-06-16T22:49:52.969+0000][3704][safepoint    ] Application time: 0.0000740 seconds
[2022-06-16T22:49:52.969+0000][3704][safepoint    ] Entering safepoint region: RevokeBias
[2022-06-16T22:49:52.969+0000][3704][safepoint    ] Leaving safepoint region
[2022-06-16T22:49:52.969+0000][3704][safepoint    ] Total time for which application threads were stopped: 0.0001083 seconds, Stopping threads took: 0.0000506 seconds
[2022-06-16T22:50:22.985+0000][3704][safepoint    ] Application time: 30.0156543 seconds
[2022-06-16T22:50:22.985+0000][3704][safepoint    ] Entering safepoint region: RevokeBias
[2022-06-16T22:50:22.985+0000][3704][safepoint    ] Leaving safepoint region
[2022-06-16T22:50:22.985+0000][3704][safepoint    ] Total time for which application threads were stopped: 0.0001075 seconds, Stopping threads took: 0.0000186 seconds
[2022-06-16T22:50:37.104+0000][3704][safepoint    ] Application time: 14.1181575 seconds
[2022-06-16T22:50:37.104+0000][3704][safepoint    ] Entering safepoint region: Cleanup
[2022-06-16T22:50:37.104+0000][3704][safepoint    ] Leaving safepoint region
[2022-06-16T22:50:37.104+0000][3704][safepoint    ] Total time for which application threads were stopped: 0.0000891 seconds, Stopping threads took: 0.0000231 seconds
[2022-06-16T22:50:52.989+0000][3704][safepoint    ] Application time: 15.8860445 seconds
[2022-06-16T22:50:52.989+0000][3704][safepoint    ] Entering safepoint region: RevokeBias
[2022-06-16T22:50:52.989+0000][3704][safepoint    ] Leaving safepoint region
[2022-06-16T22:50:52.989+0000][3704][safepoint    ] Total time for which application threads were stopped: 0.0001077 seconds, Stopping threads took: 0.0000183 seconds
[2022-06-16T22:51:22.995+0000][3704][safepoint    ] Application time: 30.0055469 seconds
[2022-06-16T22:51:22.995+0000][3704][safepoint    ] Entering safepoint region: RevokeBias
[2022-06-16T22:51:22.995+0000][3704][safepoint    ] Leaving safepoint region
[2022-06-16T22:51:22.995+0000][3704][safepoint    ] Total time for which application threads were stopped: 0.0001069 seconds, Stopping threads took: 0.0000181 seconds
[2022-06-16T22:51:53.009+0000][3704][safepoint    ] Application time: 30.0148330 seconds
[2022-06-16T22:51:53.009+0000][3704][safepoint    ] Entering safepoint region: RevokeBias
[2022-06-16T22:51:53.009+0000][3704][safepoint    ] Leaving safepoint region
[2022-06-16T22:51:53.009+0000][3704][safepoint    ] Total time for which application threads were stopped: 0.0001053 seconds, Stopping threads took: 0.0000174 seconds
[2022-06-16T22:52:23.025+0000][3704][safepoint    ] Application time: 30.0158321 seconds
[2022-06-16T22:52:23.025+0000][3704][safepoint    ] Entering safepoint region: RevokeBias
[2022-06-16T22:52:23.025+0000][3704][safepoint    ] Leaving safepoint region
[2022-06-16T22:52:23.025+0000][3704][safepoint    ] Total time for which application threads were stopped: 0.0001096 seconds, Stopping threads took: 0.0000188 seconds
[2022-06-16T22:52:53.035+0000][3704][safepoint    ] Application time: 30.0102471 seconds
[2022-06-16T22:52:53.035+0000][3704][safepoint    ] Entering safepoint region: RevokeBias
[2022-06-16T22:52:53.035+0000][3704][safepoint    ] Leaving safepoint region
[2022-06-16T22:52:53.035+0000][3704][safepoint    ] Total time for which application threads were stopped: 0.0001171 seconds, Stopping threads took: 0.0000241 seconds
[2022-06-16T22:53:23.044+0000][3704][safepoint    ] Application time: 30.0087776 seconds
[2022-06-16T22:53:23.044+0000][3704][safepoint    ] Entering safepoint region: RevokeBias
[2022-06-16T22:53:23.044+0000][3704][safepoint    ] Leaving safepoint region
[2022-06-16T22:53:23.044+0000][3704][safepoint    ] Total time for which application threads were stopped: 0.0001831 seconds, Stopping threads took: 0.0000700 seconds
[2022-06-16T22:53:23.044+0000][3704][safepoint    ] Application time: 0.0000362 seconds
[2022-06-16T22:53:23.044+0000][3704][safepoint    ] Entering safepoint region: RevokeBias
[2022-06-16T22:53:23.044+0000][3704][safepoint    ] Leaving safepoint region
[2022-06-16T22:53:23.044+0000][3704][safepoint    ] Total time for which application threads were stopped: 0.0001423 seconds, Stopping threads took: 0.0000664 seconds
[2022-06-16T22:53:24.050+0000][3704][safepoint    ] Application time: 1.0051029 seconds
[2022-06-16T22:53:24.050+0000][3704][safepoint    ] Entering safepoint region: Cleanup
[2022-06-16T22:53:24.050+0000][3704][safepoint    ] Leaving safepoint region
[2022-06-16T22:53:24.050+0000][3704][safepoint    ] Total time for which application threads were stopped: 0.0001156 seconds, Stopping threads took: 0.0000289 seconds
[2022-06-16T22:53:53.047+0000][3704][safepoint    ] Application time: 28.9976706 seconds
[2022-06-16T22:53:53.047+0000][3704][safepoint    ] Entering safepoint region: RevokeBias
[2022-06-16T22:53:53.047+0000][3704][safepoint    ] Leaving safepoint region
[2022-06-16T22:53:53.047+0000][3704][safepoint    ] Total time for which application threads were stopped: 0.0001761 seconds, Stopping threads took: 0.0000374 seconds
[2022-06-16T22:54:23.049+0000][3704][safepoint    ] Application time: 30.0015783 seconds
[2022-06-16T22:54:23.049+0000][3704][safepoint    ] Entering safepoint region: RevokeBias
[2022-06-16T22:54:23.049+0000][3704][safepoint    ] Leaving safepoint region
[2022-06-16T22:54:23.049+0000][3704][safepoint    ] Total time for which application threads were stopped: 0.0001554 seconds, Stopping threads took: 0.0000401 seconds
[2022-06-16T22:54:23.049+0000][3704][safepoint    ] Application time: 0.0002493 seconds
[2022-06-16T22:54:23.049+0000][3704][safepoint    ] Entering safepoint region: RevokeBias
[2022-06-16T22:54:23.049+0000][3704][safepoint    ] Leaving safepoint region
[2022-06-16T22:54:23.049+0000][3704][safepoint    ] Total time for which application threads were stopped: 0.0000729 seconds, Stopping threads took: 0.0000148 seconds
[2022-06-16T22:54:50.674+0000][3704][safepoint    ] Application time: 27.6250569 seconds
[2022-06-16T22:54:50.674+0000][3704][safepoint    ] Entering safepoint region: RevokeBias
[2022-06-16T22:54:50.674+0000][3704][safepoint    ] Leaving safepoint region
[2022-06-16T22:54:50.674+0000][3704][safepoint    ] Total time for which application threads were stopped: 0.0002010 seconds, Stopping threads took: 0.0000672 seconds
[2022-06-16T22:54:50.674+0000][3704][safepoint    ] Application time: 0.0006865 seconds
[2022-06-16T22:54:50.674+0000][3704][safepoint    ] Entering safepoint region: BulkRevokeBias
[2022-06-16T22:54:50.674+0000][3704][safepoint    ] Leaving safepoint region
[2022-06-16T22:54:50.674+0000][3704][safepoint    ] Total time for which application threads were stopped: 0.0003051 seconds, Stopping threads took: 0.0000457 seconds
[2022-06-16T22:54:50.674+0000][3704][safepoint    ] Application time: 0.0003290 seconds
[2022-06-16T22:54:50.674+0000][3704][safepoint    ] Entering safepoint region: RevokeBias
[2022-06-16T22:54:50.674+0000][3704][safepoint    ] Leaving safepoint region
[2022-06-16T22:54:50.674+0000][3704][safepoint    ] Total time for which application threads were stopped: 0.0001229 seconds, Stopping threads took: 0.0000709 seconds
[2022-06-16T22:54:50.674+0000][3704][safepoint    ] Application time: 0.0003385 seconds
[2022-06-16T22:54:50.674+0000][3704][safepoint    ] Entering safepoint region: RevokeBias
[2022-06-16T22:54:50.674+0000][3704][safepoint    ] Leaving safepoint region
[2022-06-16T22:54:50.674+0000][3704][safepoint    ] Total time for which application threads were stopped: 0.0000527 seconds, Stopping threads took: 0.0000129 seconds
[2022-06-16T22:54:53.062+0000][3704][safepoint    ] Application time: 2.3850203 seconds
[2022-06-16T22:54:53.062+0000][3704][safepoint    ] Entering safepoint region: RevokeBias
[2022-06-16T22:54:53.062+0000][3704][safepoint    ] Leaving safepoint region
[2022-06-16T22:54:53.062+0000][3704][safepoint    ] Total time for which application threads were stopped: 0.0001114 seconds, Stopping threads took: 0.0000179 seconds
[2022-06-16T22:55:23.075+0000][3704][safepoint    ] Application time: 30.0127957 seconds
[2022-06-16T22:55:23.075+0000][3704][safepoint    ] Entering safepoint region: RevokeBias
[2022-06-16T22:55:23.075+0000][3704][safepoint    ] Leaving safepoint region
[2022-06-16T22:55:23.075+0000][3704][safepoint    ] Total time for which application threads were stopped: 0.0001578 seconds, Stopping threads took: 0.0000349 seconds
[2022-06-16T22:55:23.075+0000][3704][safepoint    ] Application time: 0.0002006 seconds
[2022-06-16T22:55:23.075+0000][3704][safepoint    ] Entering safepoint region: RevokeBias
[2022-06-16T22:55:23.075+0000][3704][safepoint    ] Leaving safepoint region
[2022-06-16T22:55:23.075+0000][3704][safepoint    ] Total time for which application threads were stopped: 0.0000684 seconds, Stopping threads took: 0.0000141 seconds
[2022-06-16T22:55:53.089+0000][3704][safepoint    ] Application time: 30.0138830 seconds
[2022-06-16T22:55:53.089+0000][3704][safepoint    ] Entering safepoint region: RevokeBias
[2022-06-16T22:55:53.089+0000][3704][safepoint    ] Leaving safepoint region
[2022-06-16T22:55:53.089+0000][3704][safepoint    ] Total time for which application threads were stopped: 0.0001063 seconds, Stopping threads took: 0.0000185 seconds
[2022-06-16T22:56:23.100+0000][3704][safepoint    ] Application time: 30.0113048 seconds
[2022-06-16T22:56:23.100+0000][3704][safepoint    ] Entering safepoint region: RevokeBias
[2022-06-16T22:56:23.100+0000][3704][safepoint    ] Leaving safepoint region
[2022-06-16T22:56:23.100+0000][3704][safepoint    ] Total time for which application threads were stopped: 0.0001043 seconds, Stopping threads took: 0.0000178 seconds
[2022-06-16T22:56:53.115+0000][3704][safepoint    ] Application time: 30.0156238 seconds
[2022-06-16T22:56:53.115+0000][3704][safepoint    ] Entering safepoint region: RevokeBias
[2022-06-16T22:56:53.115+0000][3704][safepoint    ] Leaving safepoint region
[2022-06-16T22:56:53.115+0000][3704][safepoint    ] Total time for which application threads were stopped: 0.0001056 seconds, Stopping threads took: 0.0000189 seconds
[2022-06-16T22:57:23.121+0000][3704][safepoint    ] Application time: 30.0049569 seconds
[2022-06-16T22:57:23.121+0000][3704][safepoint    ] Entering safepoint region: RevokeBias
[2022-06-16T22:57:23.121+0000][3704][safepoint    ] Leaving safepoint region
[2022-06-16T22:57:23.121+0000][3704][safepoint    ] Total time for which application threads were stopped: 0.0001733 seconds, Stopping threads took: 0.0000353 seconds
[2022-06-16T22:57:23.121+0000][3704][safepoint    ] Application time: 0.0002549 seconds
[2022-06-16T22:57:23.121+0000][3704][safepoint    ] Entering safepoint region: RevokeBias
[2022-06-16T22:57:23.121+0000][3704][safepoint    ] Leaving safepoint region
[2022-06-16T22:57:23.121+0000][3704][safepoint    ] Total time for which application threads were stopped: 0.0000724 seconds, Stopping threads took: 0.0000150 seconds
[2022-06-16T22:57:53.134+0000][3704][safepoint    ] Application time: 30.0131960 seconds
[2022-06-16T22:57:53.134+0000][3704][safepoint    ] Entering safepoint region: RevokeBias
[2022-06-16T22:57:53.134+0000][3704][safepoint    ] Leaving safepoint region
[2022-06-16T22:57:53.134+0000][3704][safepoint    ] Total time for which application threads were stopped: 0.0001143 seconds, Stopping threads took: 0.0000184 seconds
[2022-06-16T22:58:23.148+0000][3704][safepoint    ] Application time: 30.0138417 seconds
[2022-06-16T22:58:23.148+0000][3704][safepoint    ] Entering safepoint region: RevokeBias
[2022-06-16T22:58:23.148+0000][3704][safepoint    ] Leaving safepoint region
[2022-06-16T22:58:23.148+0000][3704][safepoint    ] Total time for which application threads were stopped: 0.0001067 seconds, Stopping threads took: 0.0000179 seconds
[2022-06-16T22:58:53.156+0000][3704][safepoint    ] Application time: 30.0078615 seconds
[2022-06-16T22:58:53.156+0000][3704][safepoint    ] Entering safepoint region: RevokeBias
[2022-06-16T22:58:53.156+0000][3704][safepoint    ] Leaving safepoint region
[2022-06-16T22:58:53.156+0000][3704][safepoint    ] Total time for which application threads were stopped: 0.0001091 seconds, Stopping threads took: 0.0000191 seconds
[2022-06-16T22:59:23.171+0000][3704][safepoint    ] Application time: 30.0147638 seconds
[2022-06-16T22:59:23.171+0000][3704][safepoint    ] Entering safepoint region: RevokeBias
[2022-06-16T22:59:23.171+0000][3704][safepoint    ] Leaving safepoint region
[2022-06-16T22:59:23.171+0000][3704][safepoint    ] Total time for which application threads were stopped: 0.0001061 seconds, Stopping threads took: 0.0000173 seconds
[2022-06-16T22:59:53.176+0000][3704][safepoint    ] Application time: 30.0047528 seconds
[2022-06-16T22:59:53.176+0000][3704][safepoint    ] Entering safepoint region: RevokeBias
[2022-06-16T22:59:53.176+0000][3704][safepoint    ] Leaving safepoint region
[2022-06-16T22:59:53.176+0000][3704][safepoint    ] Total time for which application threads were stopped: 0.0003044 seconds, Stopping threads took: 0.0000181 seconds
[2022-06-16T22:59:53.176+0000][3704][safepoint    ] Application time: 0.0000730 seconds
[2022-06-16T22:59:53.176+0000][3704][safepoint    ] Entering safepoint region: RevokeBias
[2022-06-16T22:59:53.176+0000][3704][safepoint    ] Leaving safepoint region
[2022-06-16T22:59:53.176+0000][3704][safepoint    ] Total time for which application threads were stopped: 0.0001077 seconds, Stopping threads took: 0.0000505 seconds
[2022-06-16T23:00:23.186+0000][3704][safepoint    ] Application time: 30.0095685 seconds
[2022-06-16T23:00:23.186+0000][3704][safepoint    ] Entering safepoint region: RevokeBias
[2022-06-16T23:00:23.186+0000][3704][safepoint    ] Leaving safepoint region
[2022-06-16T23:00:23.186+0000][3704][safepoint    ] Total time for which application threads were stopped: 0.0001088 seconds, Stopping threads took: 0.0000183 seconds
[2022-06-16T23:00:28.213+0000][3704][safepoint    ] Application time: 5.0265846 seconds
[2022-06-16T23:00:28.213+0000][3704][safepoint    ] Entering safepoint region: Cleanup
[2022-06-16T23:00:28.213+0000][3704][safepoint    ] Leaving safepoint region
[2022-06-16T23:00:28.213+0000][3704][safepoint    ] Total time for which application threads were stopped: 0.0001442 seconds, Stopping threads took: 0.0000689 seconds
[2022-06-16T23:00:53.200+0000][3704][safepoint    ] Application time: 24.9877600 seconds
[2022-06-16T23:00:53.200+0000][3704][safepoint    ] Entering safepoint region: RevokeBias
[2022-06-16T23:00:53.200+0000][3704][safepoint    ] Leaving safepoint region
[2022-06-16T23:00:53.200+0000][3704][safepoint    ] Total time for which application threads were stopped: 0.0001059 seconds, Stopping threads took: 0.0000190 seconds
[2022-06-16T23:01:23.211+0000][3704][safepoint    ] Application time: 30.0113442 seconds
[2022-06-16T23:01:23.211+0000][3704][safepoint    ] Entering safepoint region: RevokeBias
[2022-06-16T23:01:23.211+0000][3704][safepoint    ] Leaving safepoint region
[2022-06-16T23:01:23.211+0000][3704][safepoint    ] Total time for which application threads were stopped: 0.0001381 seconds, Stopping threads took: 0.0000243 seconds
[2022-06-16T23:01:53.216+0000][3704][safepoint    ] Application time: 30.0047629 seconds
[2022-06-16T23:01:53.216+0000][3704][safepoint    ] Entering safepoint region: RevokeBias
[2022-06-16T23:01:53.216+0000][3704][safepoint    ] Leaving safepoint region
[2022-06-16T23:01:53.216+0000][3704][safepoint    ] Total time for which application threads were stopped: 0.0001266 seconds, Stopping threads took: 0.0000360 seconds
[2022-06-16T23:02:23.221+0000][3704][safepoint    ] Application time: 30.0046194 seconds
[2022-06-16T23:02:23.221+0000][3704][safepoint    ] Entering safepoint region: RevokeBias
[2022-06-16T23:02:23.221+0000][3704][safepoint    ] Leaving safepoint region
[2022-06-16T23:02:23.221+0000][3704][safepoint    ] Total time for which application threads were stopped: 0.0001086 seconds, Stopping threads took: 0.0000189 seconds
[2022-06-16T23:02:53.226+0000][3704][safepoint    ] Application time: 30.0051803 seconds
[2022-06-16T23:02:53.226+0000][3704][safepoint    ] Entering safepoint region: RevokeBias
[2022-06-16T23:02:53.226+0000][3704][safepoint    ] Leaving safepoint region
[2022-06-16T23:02:53.226+0000][3704][safepoint    ] Total time for which application threads were stopped: 0.0002555 seconds, Stopping threads took: 0.0001283 seconds
[2022-06-16T23:02:53.226+0000][3704][safepoint    ] Application time: 0.0000710 seconds
[2022-06-16T23:02:53.226+0000][3704][safepoint    ] Entering safepoint region: RevokeBias
[2022-06-16T23:02:53.226+0000][3704][safepoint    ] Leaving safepoint region
[2022-06-16T23:02:53.226+0000][3704][safepoint    ] Total time for which application threads were stopped: 0.0001256 seconds, Stopping threads took: 0.0000636 seconds
[2022-06-16T23:03:23.241+0000][3704][safepoint    ] Application time: 30.0145133 seconds
[2022-06-16T23:03:23.241+0000][3704][safepoint    ] Entering safepoint region: RevokeBias
[2022-06-16T23:03:23.241+0000][3704][safepoint    ] Leaving safepoint region
[2022-06-16T23:03:23.241+0000][3704][safepoint    ] Total time for which application threads were stopped: 0.0001090 seconds, Stopping threads took: 0.0000188 seconds
[2022-06-16T23:03:53.257+0000][3704][safepoint    ] Application time: 30.0152547 seconds
[2022-06-16T23:03:53.257+0000][3704][safepoint    ] Entering safepoint region: RevokeBias
[2022-06-16T23:03:53.257+0000][3704][safepoint    ] Leaving safepoint region
[2022-06-16T23:03:53.257+0000][3704][safepoint    ] Total time for which application threads were stopped: 0.0001065 seconds, Stopping threads took: 0.0000179 seconds
[2022-06-16T23:04:08.383+0000][3704][safepoint    ] Application time: 15.1254409 seconds
[2022-06-16T23:04:08.383+0000][3704][safepoint    ] Entering safepoint region: Cleanup
[2022-06-16T23:04:08.383+0000][3704][safepoint    ] Leaving safepoint region
[2022-06-16T23:04:08.383+0000][3704][safepoint    ] Total time for which application threads were stopped: 0.0000962 seconds, Stopping threads took: 0.0000244 seconds
[2022-06-16T23:04:23.260+0000][3704][safepoint    ] Application time: 14.8776604 seconds
[2022-06-16T23:04:23.260+0000][3704][safepoint    ] Entering safepoint region: RevokeBias
[2022-06-16T23:04:23.260+0000][3704][safepoint    ] Leaving safepoint region
[2022-06-16T23:04:23.260+0000][3704][safepoint    ] Total time for which application threads were stopped: 0.0001065 seconds, Stopping threads took: 0.0000176 seconds
[2022-06-16T23:04:50.676+0000][3704][safepoint    ] Application time: 27.4167200 seconds
[2022-06-16T23:04:50.676+0000][3704][safepoint    ] Entering safepoint region: RevokeBias
[2022-06-16T23:04:50.676+0000][3704][safepoint    ] Leaving safepoint region
[2022-06-16T23:04:50.676+0000][3704][safepoint    ] Total time for which application threads were stopped: 0.0001547 seconds, Stopping threads took: 0.0000608 seconds
[2022-06-16T23:04:50.676+0000][3704][safepoint    ] Application time: 0.0002944 seconds
[2022-06-16T23:04:50.676+0000][3704][safepoint    ] Entering safepoint region: BulkRevokeBias
[2022-06-16T23:04:50.676+0000][3704][safepoint    ] Leaving safepoint region
[2022-06-16T23:04:50.676+0000][3704][safepoint    ] Total time for which application threads were stopped: 0.0003250 seconds, Stopping threads took: 0.0000474 seconds
[2022-06-16T23:04:50.676+0000][3704][safepoint    ] Application time: 0.0004599 seconds
[2022-06-16T23:04:50.676+0000][3704][safepoint    ] Entering safepoint region: RevokeBias
[2022-06-16T23:04:50.676+0000][3704][safepoint    ] Leaving safepoint region
[2022-06-16T23:04:50.676+0000][3704][safepoint    ] Total time for which application threads were stopped: 0.0000592 seconds, Stopping threads took: 0.0000144 seconds
[2022-06-16T23:04:50.676+0000][3704][safepoint    ] Application time: 0.0001706 seconds
[2022-06-16T23:04:50.676+0000][3704][safepoint    ] Entering safepoint region: RevokeBias
[2022-06-16T23:04:50.676+0000][3704][safepoint    ] Leaving safepoint region
[2022-06-16T23:04:50.676+0000][3704][safepoint    ] Total time for which application threads were stopped: 0.0000498 seconds, Stopping threads took: 0.0000122 seconds
[2022-06-16T23:04:53.272+0000][3704][safepoint    ] Application time: 2.5938156 seconds
[2022-06-16T23:04:53.272+0000][3704][safepoint    ] Entering safepoint region: RevokeBias
[2022-06-16T23:04:53.272+0000][3704][safepoint    ] Leaving safepoint region
[2022-06-16T23:04:53.272+0000][3704][safepoint    ] Total time for which application threads were stopped: 0.0001097 seconds, Stopping threads took: 0.0000191 seconds
[2022-06-16T23:05:23.277+0000][3704][safepoint    ] Application time: 30.0047090 seconds
[2022-06-16T23:05:23.277+0000][3704][safepoint    ] Entering safepoint region: RevokeBias
[2022-06-16T23:05:23.277+0000][3704][safepoint    ] Leaving safepoint region
[2022-06-16T23:05:23.277+0000][3704][safepoint    ] Total time for which application threads were stopped: 0.0001064 seconds, Stopping threads took: 0.0000189 seconds
[2022-06-16T23:05:53.281+0000][3704][safepoint    ] Application time: 30.0043188 seconds
[2022-06-16T23:05:53.281+0000][3704][safepoint    ] Entering safepoint region: RevokeBias
[2022-06-16T23:05:53.281+0000][3704][safepoint    ] Leaving safepoint region
[2022-06-16T23:05:53.281+0000][3704][safepoint    ] Total time for which application threads were stopped: 0.0001657 seconds, Stopping threads took: 0.0000538 seconds
[2022-06-16T23:05:53.281+0000][3704][safepoint    ] Application time: 0.0004483 seconds
[2022-06-16T23:05:53.281+0000][3704][safepoint    ] Entering safepoint region: RevokeBias
[2022-06-16T23:05:53.281+0000][3704][safepoint    ] Leaving safepoint region
[2022-06-16T23:05:53.281+0000][3704][safepoint    ] Total time for which application threads were stopped: 0.0000933 seconds, Stopping threads took: 0.0000358 seconds
[2022-06-16T23:06:23.290+0000][3704][safepoint    ] Application time: 30.0090910 seconds
[2022-06-16T23:06:23.290+0000][3704][safepoint    ] Entering safepoint region: RevokeBias
[2022-06-16T23:06:23.290+0000][3704][safepoint    ] Leaving safepoint region
[2022-06-16T23:06:23.290+0000][3704][safepoint    ] Total time for which application threads were stopped: 0.0001772 seconds, Stopping threads took: 0.0000351 seconds
[2022-06-16T23:06:23.290+0000][3704][safepoint    ] Application time: 0.0005911 seconds
[2022-06-16T23:06:23.290+0000][3704][safepoint    ] Entering safepoint region: RevokeBias
[2022-06-16T23:06:23.290+0000][3704][safepoint    ] Leaving safepoint region
[2022-06-16T23:06:23.290+0000][3704][safepoint    ] Total time for which application threads were stopped: 0.0000745 seconds, Stopping threads took: 0.0000147 seconds
[2022-06-16T23:06:53.307+0000][3704][safepoint    ] Application time: 30.0154782 seconds
[2022-06-16T23:06:53.307+0000][3704][safepoint    ] Entering safepoint region: RevokeBias
[2022-06-16T23:06:53.307+0000][3704][safepoint    ] Leaving safepoint region
[2022-06-16T23:06:53.307+0000][3704][safepoint    ] Total time for which application threads were stopped: 0.0001048 seconds, Stopping threads took: 0.0000174 seconds
[2022-06-16T23:07:23.308+0000][3704][safepoint    ] Application time: 30.0017068 seconds
[2022-06-16T23:07:23.308+0000][3704][safepoint    ] Entering safepoint region: RevokeBias
[2022-06-16T23:07:23.308+0000][3704][safepoint    ] Leaving safepoint region
[2022-06-16T23:07:23.308+0000][3704][safepoint    ] Total time for which application threads were stopped: 0.0001286 seconds, Stopping threads took: 0.0000280 seconds
[2022-06-16T23:07:53.320+0000][3704][safepoint    ] Application time: 30.0122521 seconds
[2022-06-16T23:07:53.320+0000][3704][safepoint    ] Entering safepoint region: RevokeBias
[2022-06-16T23:07:53.320+0000][3704][safepoint    ] Leaving safepoint region
[2022-06-16T23:07:53.320+0000][3704][safepoint    ] Total time for which application threads were stopped: 0.0001069 seconds, Stopping threads took: 0.0000179 seconds
[2022-06-16T23:08:04.430+0000][3704][safepoint    ] Application time: 11.1090843 seconds
[2022-06-16T23:08:04.430+0000][3704][safepoint    ] Entering safepoint region: Cleanup
[2022-06-16T23:08:04.430+0000][3704][safepoint    ] Leaving safepoint region
[2022-06-16T23:08:04.430+0000][3704][safepoint    ] Total time for which application threads were stopped: 0.0001132 seconds, Stopping threads took: 0.0000290 seconds
[2022-06-16T23:08:23.336+0000][3704][safepoint    ] Application time: 18.9060540 seconds
[2022-06-16T23:08:23.336+0000][3704][safepoint    ] Entering safepoint region: RevokeBias
[2022-06-16T23:08:23.336+0000][3704][safepoint    ] Leaving safepoint region
[2022-06-16T23:08:23.336+0000][3704][safepoint    ] Total time for which application threads were stopped: 0.0001736 seconds, Stopping threads took: 0.0000666 seconds
[2022-06-16T23:08:23.336+0000][3704][safepoint    ] Application time: 0.0003249 seconds
[2022-06-16T23:08:23.336+0000][3704][safepoint    ] Entering safepoint region: RevokeBias
[2022-06-16T23:08:23.336+0000][3704][safepoint    ] Leaving safepoint region
[2022-06-16T23:08:23.336+0000][3704][safepoint    ] Total time for which application threads were stopped: 0.0000989 seconds, Stopping threads took: 0.0000405 seconds
[2022-06-16T23:08:53.350+0000][3704][safepoint    ] Application time: 30.0138239 seconds
[2022-06-16T23:08:53.350+0000][3704][safepoint    ] Entering safepoint region: RevokeBias
[2022-06-16T23:08:53.350+0000][3704][safepoint    ] Leaving safepoint region
[2022-06-16T23:08:53.350+0000][3704][safepoint    ] Total time for which application threads were stopped: 0.0001443 seconds, Stopping threads took: 0.0000247 seconds
[2022-06-16T23:09:23.365+0000][3704][safepoint    ] Application time: 30.0151983 seconds
[2022-06-16T23:09:23.365+0000][3704][safepoint    ] Entering safepoint region: RevokeBias
[2022-06-16T23:09:23.365+0000][3704][safepoint    ] Leaving safepoint region
[2022-06-16T23:09:23.365+0000][3704][safepoint    ] Total time for which application threads were stopped: 0.0001241 seconds, Stopping threads took: 0.0000254 seconds
[2022-06-16T23:09:53.370+0000][3704][safepoint    ] Application time: 30.0052008 seconds
[2022-06-16T23:09:53.370+0000][3704][safepoint    ] Entering safepoint region: RevokeBias
[2022-06-16T23:09:53.370+0000][3704][safepoint    ] Leaving safepoint region
[2022-06-16T23:09:53.370+0000][3704][safepoint    ] Total time for which application threads were stopped: 0.0001732 seconds, Stopping threads took: 0.0000580 seconds
[2022-06-16T23:09:53.370+0000][3704][safepoint    ] Application time: 0.0003634 seconds
[2022-06-16T23:09:53.370+0000][3704][safepoint    ] Entering safepoint region: BulkRevokeBias
[2022-06-16T23:09:53.370+0000][3704][safepoint    ] Leaving safepoint region
[2022-06-16T23:09:53.370+0000][3704][safepoint    ] Total time for which application threads were stopped: 0.0002828 seconds, Stopping threads took: 0.0000223 seconds
[2022-06-16T23:09:53.370+0000][3704][safepoint    ] Application time: 0.0001843 seconds
[2022-06-16T23:09:53.370+0000][3704][safepoint    ] Entering safepoint region: RevokeBias
[2022-06-16T23:09:53.370+0000][3704][safepoint    ] Leaving safepoint region
[2022-06-16T23:09:53.370+0000][3704][safepoint    ] Total time for which application threads were stopped: 0.0001023 seconds, Stopping threads took: 0.0000502 seconds
[2022-06-16T23:10:23.387+0000][3704][safepoint    ] Application time: 30.0158521 seconds
[2022-06-16T23:10:23.387+0000][3704][safepoint    ] Entering safepoint region: RevokeBias
[2022-06-16T23:10:23.387+0000][3704][safepoint    ] Leaving safepoint region
[2022-06-16T23:10:23.387+0000][3704][safepoint    ] Total time for which application threads were stopped: 0.0001091 seconds, Stopping threads took: 0.0000190 seconds
[2022-06-16T23:10:53.402+0000][3704][safepoint    ] Application time: 30.0152366 seconds
[2022-06-16T23:10:53.402+0000][3704][safepoint    ] Entering safepoint region: RevokeBias
[2022-06-16T23:10:53.402+0000][3704][safepoint    ] Leaving safepoint region
[2022-06-16T23:10:53.402+0000][3704][safepoint    ] Total time for which application threads were stopped: 0.0001789 seconds, Stopping threads took: 0.0000630 seconds
[2022-06-16T23:10:53.402+0000][3704][safepoint    ] Application time: 0.0000459 seconds
[2022-06-16T23:10:53.402+0000][3704][safepoint    ] Entering safepoint region: RevokeBias
[2022-06-16T23:10:53.402+0000][3704][safepoint    ] Leaving safepoint region
[2022-06-16T23:10:53.402+0000][3704][safepoint    ] Total time for which application threads were stopped: 0.0000973 seconds, Stopping threads took: 0.0000459 seconds
[2022-06-16T23:11:23.407+0000][3704][safepoint    ] Application time: 30.0044606 seconds
[2022-06-16T23:11:23.407+0000][3704][safepoint    ] Entering safepoint region: RevokeBias
[2022-06-16T23:11:23.407+0000][3704][safepoint    ] Leaving safepoint region
[2022-06-16T23:11:23.407+0000][3704][safepoint    ] Total time for which application threads were stopped: 0.0001072 seconds, Stopping threads took: 0.0000177 seconds
[2022-06-16T23:11:39.533+0000][3704][safepoint    ] Application time: 16.1251839 seconds
[2022-06-16T23:11:39.533+0000][3704][safepoint    ] Entering safepoint region: Cleanup
[2022-06-16T23:11:39.533+0000][3704][safepoint    ] Leaving safepoint region
[2022-06-16T23:11:39.533+0000][3704][safepoint    ] Total time for which application threads were stopped: 0.0000905 seconds, Stopping threads took: 0.0000226 seconds
[2022-06-16T23:11:53.411+0000][3704][safepoint    ] Application time: 13.8788128 seconds
[2022-06-16T23:11:53.411+0000][3704][safepoint    ] Entering safepoint region: RevokeBias
[2022-06-16T23:11:53.411+0000][3704][safepoint    ] Leaving safepoint region
[2022-06-16T23:11:53.411+0000][3704][safepoint    ] Total time for which application threads were stopped: 0.0001054 seconds, Stopping threads took: 0.0000187 seconds
[2022-06-16T23:12:23.422+0000][3704][safepoint    ] Application time: 30.0107985 seconds
[2022-06-16T23:12:23.422+0000][3704][safepoint    ] Entering safepoint region: RevokeBias
[2022-06-16T23:12:23.422+0000][3704][safepoint    ] Leaving safepoint region
[2022-06-16T23:12:23.422+0000][3704][safepoint    ] Total time for which application threads were stopped: 0.0001066 seconds, Stopping threads took: 0.0000178 seconds
[2022-06-16T23:12:53.430+0000][3704][safepoint    ] Application time: 30.0082400 seconds
[2022-06-16T23:12:53.430+0000][3704][safepoint    ] Entering safepoint region: RevokeBias
[2022-06-16T23:12:53.430+0000][3704][safepoint    ] Leaving safepoint region
[2022-06-16T23:12:53.430+0000][3704][safepoint    ] Total time for which application threads were stopped: 0.0001063 seconds, Stopping threads took: 0.0000187 seconds
[2022-06-16T23:13:23.436+0000][3704][safepoint    ] Application time: 30.0057691 seconds
[2022-06-16T23:13:23.436+0000][3704][safepoint    ] Entering safepoint region: RevokeBias
[2022-06-16T23:13:23.436+0000][3704][safepoint    ] Leaving safepoint region
[2022-06-16T23:13:23.436+0000][3704][safepoint    ] Total time for which application threads were stopped: 0.0001072 seconds, Stopping threads took: 0.0000190 seconds
[2022-06-16T23:13:53.447+0000][3704][safepoint    ] Application time: 30.0108759 seconds
[2022-06-16T23:13:53.447+0000][3704][safepoint    ] Entering safepoint region: RevokeBias
[2022-06-16T23:13:53.447+0000][3704][safepoint    ] Leaving safepoint region
[2022-06-16T23:13:53.447+0000][3704][safepoint    ] Total time for which application threads were stopped: 0.0001109 seconds, Stopping threads took: 0.0000189 seconds
[2022-06-16T23:14:23.462+0000][3704][safepoint    ] Application time: 30.0152737 seconds
[2022-06-16T23:14:23.462+0000][3704][safepoint    ] Entering safepoint region: RevokeBias
[2022-06-16T23:14:23.462+0000][3704][safepoint    ] Leaving safepoint region
[2022-06-16T23:14:23.462+0000][3704][safepoint    ] Total time for which application threads were stopped: 0.0001090 seconds, Stopping threads took: 0.0000186 seconds
[2022-06-16T23:14:50.678+0000][3704][safepoint    ] Application time: 27.2155141 seconds
[2022-06-16T23:14:50.678+0000][3704][safepoint    ] Entering safepoint region: RevokeBias
[2022-06-16T23:14:50.678+0000][3704][safepoint    ] Leaving safepoint region
[2022-06-16T23:14:50.678+0000][3704][safepoint    ] Total time for which application threads were stopped: 0.0001952 seconds, Stopping threads took: 0.0000818 seconds
[2022-06-16T23:14:50.678+0000][3704][safepoint    ] Application time: 0.0004485 seconds
[2022-06-16T23:14:50.678+0000][3704][safepoint    ] Entering safepoint region: BulkRevokeBias
[2022-06-16T23:14:50.678+0000][3704][safepoint    ] Leaving safepoint region
[2022-06-16T23:14:50.678+0000][3704][safepoint    ] Total time for which application threads were stopped: 0.0003100 seconds, Stopping threads took: 0.0000375 seconds
[2022-06-16T23:14:50.678+0000][3704][safepoint    ] Application time: 0.0005886 seconds
[2022-06-16T23:14:50.678+0000][3704][safepoint    ] Entering safepoint region: RevokeBias
[2022-06-16T23:14:50.678+0000][3704][safepoint    ] Leaving safepoint region
[2022-06-16T23:14:50.678+0000][3704][safepoint    ] Total time for which application threads were stopped: 0.0000627 seconds, Stopping threads took: 0.0000146 seconds
[2022-06-16T23:14:50.678+0000][3704][safepoint    ] Application time: 0.0001545 seconds
[2022-06-16T23:14:50.678+0000][3704][safepoint    ] Entering safepoint region: RevokeBias
[2022-06-16T23:14:50.678+0000][3704][safepoint    ] Leaving safepoint region
[2022-06-16T23:14:50.678+0000][3704][safepoint    ] Total time for which application threads were stopped: 0.0000499 seconds, Stopping threads took: 0.0000124 seconds
[2022-06-16T23:14:53.477+0000][3704][safepoint    ] Application time: 2.7972401 seconds
[2022-06-16T23:14:53.477+0000][3704][safepoint    ] Entering safepoint region: RevokeBias
[2022-06-16T23:14:53.477+0000][3704][safepoint    ] Leaving safepoint region
[2022-06-16T23:14:53.477+0000][3704][safepoint    ] Total time for which application threads were stopped: 0.0001064 seconds, Stopping threads took: 0.0000185 seconds
[2022-06-16T23:15:23.493+0000][3704][safepoint    ] Application time: 30.0158302 seconds
[2022-06-16T23:15:23.493+0000][3704][safepoint    ] Entering safepoint region: RevokeBias
[2022-06-16T23:15:23.493+0000][3704][safepoint    ] Leaving safepoint region
[2022-06-16T23:15:23.493+0000][3704][safepoint    ] Total time for which application threads were stopped: 0.0001080 seconds, Stopping threads took: 0.0000185 seconds
[2022-06-16T23:15:53.508+0000][3704][safepoint    ] Application time: 30.0153746 seconds
[2022-06-16T23:15:53.508+0000][3704][safepoint    ] Entering safepoint region: RevokeBias
[2022-06-16T23:15:53.508+0000][3704][safepoint    ] Leaving safepoint region
[2022-06-16T23:15:53.508+0000][3704][safepoint    ] Total time for which application threads were stopped: 0.0001458 seconds, Stopping threads took: 0.0000341 seconds
[2022-06-16T23:15:53.508+0000][3704][safepoint    ] Application time: 0.0003606 seconds
[2022-06-16T23:15:53.508+0000][3704][safepoint    ] Entering safepoint region: RevokeBias
[2022-06-16T23:15:53.508+0000][3704][safepoint    ] Leaving safepoint region
[2022-06-16T23:15:53.508+0000][3704][safepoint    ] Total time for which application threads were stopped: 0.0001046 seconds, Stopping threads took: 0.0000258 seconds
[2022-06-16T23:16:23.518+0000][3704][safepoint    ] Application time: 30.0096595 seconds
[2022-06-16T23:16:23.518+0000][3704][safepoint    ] Entering safepoint region: RevokeBias
[2022-06-16T23:16:23.518+0000][3704][safepoint    ] Leaving safepoint region
[2022-06-16T23:16:23.518+0000][3704][safepoint    ] Total time for which application threads were stopped: 0.0001856 seconds, Stopping threads took: 0.0000392 seconds
[2022-06-16T23:16:23.518+0000][3704][safepoint    ] Application time: 0.0003590 seconds
[2022-06-16T23:16:23.518+0000][3704][safepoint    ] Entering safepoint region: RevokeBias
[2022-06-16T23:16:23.518+0000][3704][safepoint    ] Leaving safepoint region
[2022-06-16T23:16:23.518+0000][3704][safepoint    ] Total time for which application threads were stopped: 0.0000988 seconds, Stopping threads took: 0.0000409 seconds
[2022-06-16T23:16:53.523+0000][3704][safepoint    ] Application time: 30.0035865 seconds
[2022-06-16T23:16:53.523+0000][3704][safepoint    ] Entering safepoint region: RevokeBias
[2022-06-16T23:16:53.523+0000][3704][safepoint    ] Leaving safepoint region
[2022-06-16T23:16:53.523+0000][3704][safepoint    ] Total time for which application threads were stopped: 0.0001098 seconds, Stopping threads took: 0.0000185 seconds
[2022-06-16T23:17:23.539+0000][3704][safepoint    ] Application time: 30.0158206 seconds
[2022-06-16T23:17:23.539+0000][3704][safepoint    ] Entering safepoint region: RevokeBias
[2022-06-16T23:17:23.539+0000][3704][safepoint    ] Leaving safepoint region
[2022-06-16T23:17:23.539+0000][3704][safepoint    ] Total time for which application threads were stopped: 0.0001064 seconds, Stopping threads took: 0.0000185 seconds
[2022-06-16T23:17:53.542+0000][3704][safepoint    ] Application time: 30.0037077 seconds
[2022-06-16T23:17:53.542+0000][3704][safepoint    ] Entering safepoint region: RevokeBias
[2022-06-16T23:17:53.542+0000][3704][safepoint    ] Leaving safepoint region
[2022-06-16T23:17:53.542+0000][3704][safepoint    ] Total time for which application threads were stopped: 0.0001599 seconds, Stopping threads took: 0.0000344 seconds
[2022-06-16T23:17:53.542+0000][3704][safepoint    ] Application time: 0.0002796 seconds
[2022-06-16T23:17:53.542+0000][3704][safepoint    ] Entering safepoint region: RevokeBias
[2022-06-16T23:17:53.542+0000][3704][safepoint    ] Leaving safepoint region
[2022-06-16T23:17:53.542+0000][3704][safepoint    ] Total time for which application threads were stopped: 0.0000713 seconds, Stopping threads took: 0.0000141 seconds
[2022-06-16T23:18:23.558+0000][3704][safepoint    ] Application time: 30.0148885 seconds
[2022-06-16T23:18:23.558+0000][3704][safepoint    ] Entering safepoint region: RevokeBias
[2022-06-16T23:18:23.558+0000][3704][safepoint    ] Leaving safepoint region
[2022-06-16T23:18:23.558+0000][3704][safepoint    ] Total time for which application threads were stopped: 0.0001111 seconds, Stopping threads took: 0.0000180 seconds
[2022-06-16T23:18:53.568+0000][3704][safepoint    ] Application time: 30.0107567 seconds
[2022-06-16T23:18:53.568+0000][3704][safepoint    ] Entering safepoint region: RevokeBias
[2022-06-16T23:18:53.568+0000][3704][safepoint    ] Leaving safepoint region
[2022-06-16T23:18:53.568+0000][3704][safepoint    ] Total time for which application threads were stopped: 0.0001085 seconds, Stopping threads took: 0.0000192 seconds
[2022-06-16T23:19:23.584+0000][3704][safepoint    ] Application time: 30.0154260 seconds
[2022-06-16T23:19:23.584+0000][3704][safepoint    ] Entering safepoint region: RevokeBias
[2022-06-16T23:19:23.584+0000][3704][safepoint    ] Leaving safepoint region
[2022-06-16T23:19:23.584+0000][3704][safepoint    ] Total time for which application threads were stopped: 0.0001099 seconds, Stopping threads took: 0.0000190 seconds
[2022-06-16T23:19:53.587+0000][3704][safepoint    ] Application time: 30.0035546 seconds
[2022-06-16T23:19:53.587+0000][3704][safepoint    ] Entering safepoint region: RevokeBias
[2022-06-16T23:19:53.587+0000][3704][safepoint    ] Leaving safepoint region
[2022-06-16T23:19:53.587+0000][3704][safepoint    ] Total time for which application threads were stopped: 0.0003036 seconds, Stopping threads took: 0.0000192 seconds
[2022-06-16T23:19:53.587+0000][3704][safepoint    ] Application time: 0.0000724 seconds
[2022-06-16T23:19:53.587+0000][3704][safepoint    ] Entering safepoint region: RevokeBias
[2022-06-16T23:19:53.587+0000][3704][safepoint    ] Leaving safepoint region
[2022-06-16T23:19:53.587+0000][3704][safepoint    ] Total time for which application threads were stopped: 0.0001161 seconds, Stopping threads took: 0.0000575 seconds
[2022-06-16T23:20:23.593+0000][3704][safepoint    ] Application time: 30.0049532 seconds
[2022-06-16T23:20:23.593+0000][3704][safepoint    ] Entering safepoint region: RevokeBias
[2022-06-16T23:20:23.593+0000][3704][safepoint    ] Leaving safepoint region
[2022-06-16T23:20:23.593+0000][3704][safepoint    ] Total time for which application threads were stopped: 0.0001592 seconds, Stopping threads took: 0.0000345 seconds
[2022-06-16T23:20:23.593+0000][3704][safepoint    ] Application time: 0.0001226 seconds
[2022-06-16T23:20:23.593+0000][3704][safepoint    ] Entering safepoint region: RevokeBias
[2022-06-16T23:20:23.593+0000][3704][safepoint    ] Leaving safepoint region
[2022-06-16T23:20:23.593+0000][3704][safepoint    ] Total time for which application threads were stopped: 0.0000735 seconds, Stopping threads took: 0.0000206 seconds
[2022-06-16T23:20:53.595+0000][3704][safepoint    ] Application time: 30.0020825 seconds
[2022-06-16T23:20:53.595+0000][3704][safepoint    ] Entering safepoint region: RevokeBias
[2022-06-16T23:20:53.595+0000][3704][safepoint    ] Leaving safepoint region
[2022-06-16T23:20:53.595+0000][3704][safepoint    ] Total time for which application threads were stopped: 0.0001069 seconds, Stopping threads took: 0.0000179 seconds
[2022-06-16T23:21:23.603+0000][3704][safepoint    ] Application time: 30.0081329 seconds
[2022-06-16T23:21:23.603+0000][3704][safepoint    ] Entering safepoint region: RevokeBias
[2022-06-16T23:21:23.603+0000][3704][safepoint    ] Leaving safepoint region
[2022-06-16T23:21:23.603+0000][3704][safepoint    ] Total time for which application threads were stopped: 0.0001081 seconds, Stopping threads took: 0.0000187 seconds
[2022-06-16T23:21:53.607+0000][3704][safepoint    ] Application time: 30.0035980 seconds
[2022-06-16T23:21:53.607+0000][3704][safepoint    ] Entering safepoint region: RevokeBias
[2022-06-16T23:21:53.607+0000][3704][safepoint    ] Leaving safepoint region
[2022-06-16T23:21:53.607+0000][3704][safepoint    ] Total time for which application threads were stopped: 0.0001070 seconds, Stopping threads took: 0.0000190 seconds
[2022-06-16T23:22:23.622+0000][3704][safepoint    ] Application time: 30.0147402 seconds
[2022-06-16T23:22:23.622+0000][3704][safepoint    ] Entering safepoint region: RevokeBias
[2022-06-16T23:22:23.622+0000][3704][safepoint    ] Leaving safepoint region
[2022-06-16T23:22:23.622+0000][3704][safepoint    ] Total time for which application threads were stopped: 0.0001090 seconds, Stopping threads took: 0.0000199 seconds
[2022-06-16T23:22:53.633+0000][3704][safepoint    ] Application time: 30.0117476 seconds
[2022-06-16T23:22:53.633+0000][3704][safepoint    ] Entering safepoint region: RevokeBias
[2022-06-16T23:22:53.633+0000][3704][safepoint    ] Leaving safepoint region
[2022-06-16T23:22:53.633+0000][3704][safepoint    ] Total time for which application threads were stopped: 0.0001842 seconds, Stopping threads took: 0.0000354 seconds
[2022-06-16T23:22:53.633+0000][3704][safepoint    ] Application time: 0.0004408 seconds
[2022-06-16T23:22:53.633+0000][3704][safepoint    ] Entering safepoint region: RevokeBias
[2022-06-16T23:22:53.633+0000][3704][safepoint    ] Leaving safepoint region
[2022-06-16T23:22:53.633+0000][3704][safepoint    ] Total time for which application threads were stopped: 0.0000753 seconds, Stopping threads took: 0.0000144 seconds
[2022-06-16T23:23:23.648+0000][3704][safepoint    ] Application time: 30.0142673 seconds
[2022-06-16T23:23:23.648+0000][3704][safepoint    ] Entering safepoint region: RevokeBias
[2022-06-16T23:23:23.648+0000][3704][safepoint    ] Leaving safepoint region
[2022-06-16T23:23:23.648+0000][3704][safepoint    ] Total time for which application threads were stopped: 0.0001202 seconds, Stopping threads took: 0.0000256 seconds
[2022-06-16T23:23:53.651+0000][3704][safepoint    ] Application time: 30.0026617 seconds
[2022-06-16T23:23:53.651+0000][3704][safepoint    ] Entering safepoint region: RevokeBias
[2022-06-16T23:23:53.651+0000][3704][safepoint    ] Leaving safepoint region
[2022-06-16T23:23:53.651+0000][3704][safepoint    ] Total time for which application threads were stopped: 0.0001142 seconds, Stopping threads took: 0.0000196 seconds
[2022-06-16T23:24:23.653+0000][3704][safepoint    ] Application time: 30.0022354 seconds
[2022-06-16T23:24:23.653+0000][3704][safepoint    ] Entering safepoint region: RevokeBias
[2022-06-16T23:24:23.653+0000][3704][safepoint    ] Leaving safepoint region
[2022-06-16T23:24:23.653+0000][3704][safepoint    ] Total time for which application threads were stopped: 0.0001126 seconds, Stopping threads took: 0.0000225 seconds
[2022-06-16T23:24:50.674+0000][3704][safepoint    ] Application time: 27.0208915 seconds
[2022-06-16T23:24:50.674+0000][3704][safepoint    ] Entering safepoint region: RevokeBias
[2022-06-16T23:24:50.674+0000][3704][safepoint    ] Leaving safepoint region
[2022-06-16T23:24:50.674+0000][3704][safepoint    ] Total time for which application threads were stopped: 0.0001405 seconds, Stopping threads took: 0.0000331 seconds
[2022-06-16T23:24:50.674+0000][3704][safepoint    ] Application time: 0.0008308 seconds
[2022-06-16T23:24:50.674+0000][3704][safepoint    ] Entering safepoint region: BulkRevokeBias
[2022-06-16T23:24:50.674+0000][3704][safepoint    ] Leaving safepoint region
[2022-06-16T23:24:50.674+0000][3704][safepoint    ] Total time for which application threads were stopped: 0.0003327 seconds, Stopping threads took: 0.0000662 seconds
[2022-06-16T23:24:50.674+0000][3704][safepoint    ] Application time: 0.0001863 seconds
[2022-06-16T23:24:50.674+0000][3704][safepoint    ] Entering safepoint region: RevokeBias
[2022-06-16T23:24:50.674+0000][3704][safepoint    ] Leaving safepoint region
[2022-06-16T23:24:50.674+0000][3704][safepoint    ] Total time for which application threads were stopped: 0.0000927 seconds, Stopping threads took: 0.0000422 seconds
[2022-06-16T23:24:50.674+0000][3704][safepoint    ] Application time: 0.0004014 seconds
[2022-06-16T23:24:50.674+0000][3704][safepoint    ] Entering safepoint region: RevokeBias
[2022-06-16T23:24:50.674+0000][3704][safepoint    ] Leaving safepoint region
[2022-06-16T23:24:50.674+0000][3704][safepoint    ] Total time for which application threads were stopped: 0.0000657 seconds, Stopping threads took: 0.0000226 seconds
[2022-06-16T23:24:53.657+0000][3704][safepoint    ] Application time: 2.9810366 seconds
[2022-06-16T23:24:53.657+0000][3704][safepoint    ] Entering safepoint region: RevokeBias
[2022-06-16T23:24:53.657+0000][3704][safepoint    ] Leaving safepoint region
[2022-06-16T23:24:53.657+0000][3704][safepoint    ] Total time for which application threads were stopped: 0.0001073 seconds, Stopping threads took: 0.0000185 seconds
[2022-06-16T23:25:23.672+0000][3704][safepoint    ] Application time: 30.0227113 seconds
[2022-06-16T23:25:23.672+0000][3704][safepoint    ] Entering safepoint region: RevokeBias
[2022-06-16T23:25:23.672+0000][3704][safepoint    ] Leaving safepoint region
[2022-06-16T23:25:23.672+0000][3704][safepoint    ] Total time for which application threads were stopped: 0.0001599 seconds, Stopping threads took: 0.0000412 seconds
[2022-06-16T23:25:23.672+0000][3704][safepoint    ] Application time: 0.0003565 seconds
[2022-06-16T23:25:23.672+0000][3704][safepoint    ] Entering safepoint region: RevokeBias
[2022-06-16T23:25:23.672+0000][3704][safepoint    ] Leaving safepoint region
[2022-06-16T23:25:23.672+0000][3704][safepoint    ] Total time for which application threads were stopped: 0.0003964 seconds, Stopping threads took: 0.0003163 seconds
[2022-06-16T23:25:53.688+0000][3704][safepoint    ] Application time: 30.0078288 seconds
[2022-06-16T23:25:53.688+0000][3704][safepoint    ] Entering safepoint region: RevokeBias
[2022-06-16T23:25:53.688+0000][3704][safepoint    ] Leaving safepoint region
[2022-06-16T23:25:53.688+0000][3704][safepoint    ] Total time for which application threads were stopped: 0.0001881 seconds, Stopping threads took: 0.0000359 seconds
[2022-06-16T23:25:53.688+0000][3704][safepoint    ] Application time: 0.0003867 seconds
[2022-06-16T23:25:53.688+0000][3704][safepoint    ] Entering safepoint region: RevokeBias
[2022-06-16T23:25:53.688+0000][3704][safepoint    ] Leaving safepoint region
[2022-06-16T23:25:53.688+0000][3704][safepoint    ] Total time for which application threads were stopped: 0.0000788 seconds, Stopping threads took: 0.0000156 seconds
[2022-06-16T23:26:23.703+0000][3704][safepoint    ] Application time: 30.0143990 seconds
[2022-06-16T23:26:23.703+0000][3704][safepoint    ] Entering safepoint region: RevokeBias
[2022-06-16T23:26:23.703+0000][3704][safepoint    ] Leaving safepoint region
[2022-06-16T23:26:23.703+0000][3704][safepoint    ] Total time for which application threads were stopped: 0.0001142 seconds, Stopping threads took: 0.0000187 seconds
[2022-06-16T23:26:53.705+0000][3704][safepoint    ] Application time: 30.0022698 seconds
[2022-06-16T23:26:53.705+0000][3704][safepoint    ] Entering safepoint region: RevokeBias
[2022-06-16T23:26:53.705+0000][3704][safepoint    ] Leaving safepoint region
[2022-06-16T23:26:53.705+0000][3704][safepoint    ] Total time for which application threads were stopped: 0.0001942 seconds, Stopping threads took: 0.0000373 seconds
[2022-06-16T23:26:53.705+0000][3704][safepoint    ] Application time: 0.0003678 seconds
[2022-06-16T23:26:53.705+0000][3704][safepoint    ] Entering safepoint region: RevokeBias
[2022-06-16T23:26:53.705+0000][3704][safepoint    ] Leaving safepoint region
[2022-06-16T23:26:53.705+0000][3704][safepoint    ] Total time for which application threads were stopped: 0.0001417 seconds, Stopping threads took: 0.0000276 seconds
[2022-06-16T23:26:54.720+0000][3704][safepoint    ] Application time: 1.0133342 seconds
[2022-06-16T23:26:54.720+0000][3704][safepoint    ] Entering safepoint region: Cleanup
[2022-06-16T23:26:54.720+0000][3704][safepoint    ] Leaving safepoint region
[2022-06-16T23:26:54.720+0000][3704][safepoint    ] Total time for which application threads were stopped: 0.0000892 seconds, Stopping threads took: 0.0000236 seconds
[2022-06-16T23:27:23.708+0000][3704][safepoint    ] Application time: 28.9882986 seconds
[2022-06-16T23:27:23.708+0000][3704][safepoint    ] Entering safepoint region: RevokeBias
[2022-06-16T23:27:23.708+0000][3704][safepoint    ] Leaving safepoint region
[2022-06-16T23:27:23.708+0000][3704][safepoint    ] Total time for which application threads were stopped: 0.0001104 seconds, Stopping threads took: 0.0000187 seconds
[2022-06-16T23:27:53.721+0000][3704][safepoint    ] Application time: 30.0129418 seconds
[2022-06-16T23:27:53.721+0000][3704][safepoint    ] Entering safepoint region: RevokeBias
[2022-06-16T23:27:53.721+0000][3704][safepoint    ] Leaving safepoint region
[2022-06-16T23:27:53.721+0000][3704][safepoint    ] Total time for which application threads were stopped: 0.0001088 seconds, Stopping threads took: 0.0000183 seconds
[2022-06-16T23:28:23.725+0000][3704][safepoint    ] Application time: 30.0047084 seconds
[2022-06-16T23:28:23.725+0000][3704][safepoint    ] Entering safepoint region: RevokeBias
[2022-06-16T23:28:23.725+0000][3704][safepoint    ] Leaving safepoint region
[2022-06-16T23:28:23.725+0000][3704][safepoint    ] Total time for which application threads were stopped: 0.0001092 seconds, Stopping threads took: 0.0000182 seconds
[2022-06-16T23:28:53.736+0000][3704][safepoint    ] Application time: 30.0108132 seconds
[2022-06-16T23:28:53.736+0000][3704][safepoint    ] Entering safepoint region: RevokeBias
[2022-06-16T23:28:53.736+0000][3704][safepoint    ] Leaving safepoint region
[2022-06-16T23:28:53.736+0000][3704][safepoint    ] Total time for which application threads were stopped: 0.0001128 seconds, Stopping threads took: 0.0000186 seconds
[2022-06-16T23:29:23.752+0000][3704][safepoint    ] Application time: 30.0153541 seconds
[2022-06-16T23:29:23.752+0000][3704][safepoint    ] Entering safepoint region: RevokeBias
[2022-06-16T23:29:23.752+0000][3704][safepoint    ] Leaving safepoint region
[2022-06-16T23:29:23.752+0000][3704][safepoint    ] Total time for which application threads were stopped: 0.0001666 seconds, Stopping threads took: 0.0000707 seconds
[2022-06-16T23:29:23.752+0000][3704][safepoint    ] Application time: 0.0004967 seconds
[2022-06-16T23:29:23.752+0000][3704][safepoint    ] Entering safepoint region: RevokeBias
[2022-06-16T23:29:23.752+0000][3704][safepoint    ] Leaving safepoint region
[2022-06-16T23:29:23.752+0000][3704][safepoint    ] Total time for which application threads were stopped: 0.0001074 seconds, Stopping threads took: 0.0000257 seconds
[2022-06-16T23:29:53.767+0000][3704][safepoint    ] Application time: 30.0149405 seconds
[2022-06-16T23:29:53.767+0000][3704][safepoint    ] Entering safepoint region: RevokeBias
[2022-06-16T23:29:53.767+0000][3704][safepoint    ] Leaving safepoint region
[2022-06-16T23:29:53.767+0000][3704][safepoint    ] Total time for which application threads were stopped: 0.0001420 seconds, Stopping threads took: 0.0000385 seconds
[2022-06-16T23:29:53.767+0000][3704][safepoint    ] Application time: 0.0004647 seconds
[2022-06-16T23:29:53.767+0000][3704][safepoint    ] Entering safepoint region: BulkRevokeBias
[2022-06-16T23:29:53.767+0000][3704][safepoint    ] Leaving safepoint region
[2022-06-16T23:29:53.767+0000][3704][safepoint    ] Total time for which application threads were stopped: 0.0002935 seconds, Stopping threads took: 0.0000500 seconds
[2022-06-16T23:30:23.776+0000][3704][safepoint    ] Application time: 30.0081333 seconds
[2022-06-16T23:30:23.776+0000][3704][safepoint    ] Entering safepoint region: RevokeBias
[2022-06-16T23:30:23.776+0000][3704][safepoint    ] Leaving safepoint region
[2022-06-16T23:30:23.776+0000][3704][safepoint    ] Total time for which application threads were stopped: 0.0001888 seconds, Stopping threads took: 0.0000441 seconds
[2022-06-16T23:30:23.776+0000][3704][safepoint    ] Application time: 0.0003315 seconds
[2022-06-16T23:30:23.776+0000][3704][safepoint    ] Entering safepoint region: RevokeBias
[2022-06-16T23:30:23.776+0000][3704][safepoint    ] Leaving safepoint region
[2022-06-16T23:30:23.776+0000][3704][safepoint    ] Total time for which application threads were stopped: 0.0001112 seconds, Stopping threads took: 0.0000334 seconds
[2022-06-16T23:30:53.778+0000][3704][safepoint    ] Application time: 30.0014997 seconds
[2022-06-16T23:30:53.778+0000][3704][safepoint    ] Entering safepoint region: RevokeBias
[2022-06-16T23:30:53.778+0000][3704][safepoint    ] Leaving safepoint region
[2022-06-16T23:30:53.778+0000][3704][safepoint    ] Total time for which application threads were stopped: 0.0001131 seconds, Stopping threads took: 0.0000221 seconds
[2022-06-16T23:31:23.786+0000][3704][safepoint    ] Application time: 30.0072809 seconds
[2022-06-16T23:31:23.786+0000][3704][safepoint    ] Entering safepoint region: RevokeBias
[2022-06-16T23:31:23.786+0000][3704][safepoint    ] Leaving safepoint region
[2022-06-16T23:31:23.786+0000][3704][safepoint    ] Total time for which application threads were stopped: 0.0002219 seconds, Stopping threads took: 0.0000665 seconds
[2022-06-16T23:31:23.786+0000][3704][safepoint    ] Application time: 0.0001124 seconds
[2022-06-16T23:31:23.786+0000][3704][safepoint    ] Entering safepoint region: RevokeBias
[2022-06-16T23:31:23.786+0000][3704][safepoint    ] Leaving safepoint region
[2022-06-16T23:31:23.786+0000][3704][safepoint    ] Total time for which application threads were stopped: 0.0001037 seconds, Stopping threads took: 0.0000350 seconds
[2022-06-16T23:31:53.797+0000][3704][safepoint    ] Application time: 30.0113595 seconds
[2022-06-16T23:31:53.797+0000][3704][safepoint    ] Entering safepoint region: RevokeBias
[2022-06-16T23:31:53.797+0000][3704][safepoint    ] Leaving safepoint region
[2022-06-16T23:31:53.797+0000][3704][safepoint    ] Total time for which application threads were stopped: 0.0001133 seconds, Stopping threads took: 0.0000228 seconds
[2022-06-16T23:32:23.811+0000][3704][safepoint    ] Application time: 30.0137761 seconds
[2022-06-16T23:32:23.811+0000][3704][safepoint    ] Entering safepoint region: RevokeBias
[2022-06-16T23:32:23.811+0000][3704][safepoint    ] Leaving safepoint region
[2022-06-16T23:32:23.811+0000][3704][safepoint    ] Total time for which application threads were stopped: 0.0001140 seconds, Stopping threads took: 0.0000226 seconds
[2022-06-16T23:32:53.822+0000][3704][safepoint    ] Application time: 30.0115571 seconds
[2022-06-16T23:32:53.822+0000][3704][safepoint    ] Entering safepoint region: RevokeBias
[2022-06-16T23:32:53.822+0000][3704][safepoint    ] Leaving safepoint region
[2022-06-16T23:32:53.822+0000][3704][safepoint    ] Total time for which application threads were stopped: 0.0001104 seconds, Stopping threads took: 0.0000193 seconds
[2022-06-16T23:33:23.827+0000][3704][safepoint    ] Application time: 30.0046325 seconds
[2022-06-16T23:33:23.827+0000][3704][safepoint    ] Entering safepoint region: RevokeBias
[2022-06-16T23:33:23.827+0000][3704][safepoint    ] Leaving safepoint region
[2022-06-16T23:33:23.827+0000][3704][safepoint    ] Total time for which application threads were stopped: 0.0001764 seconds, Stopping threads took: 0.0000693 seconds
[2022-06-16T23:33:23.827+0000][3704][safepoint    ] Application time: 0.0001705 seconds
[2022-06-16T23:33:23.827+0000][3704][safepoint    ] Entering safepoint region: RevokeBias
[2022-06-16T23:33:23.827+0000][3704][safepoint    ] Leaving safepoint region
[2022-06-16T23:33:23.827+0000][3704][safepoint    ] Total time for which application threads were stopped: 0.0000684 seconds, Stopping threads took: 0.0000139 seconds
[2022-06-16T23:33:53.843+0000][3704][safepoint    ] Application time: 30.0159173 seconds
[2022-06-16T23:33:53.843+0000][3704][safepoint    ] Entering safepoint region: RevokeBias
[2022-06-16T23:33:53.843+0000][3704][safepoint    ] Leaving safepoint region
[2022-06-16T23:33:53.843+0000][3704][safepoint    ] Total time for which application threads were stopped: 0.0001066 seconds, Stopping threads took: 0.0000182 seconds
[2022-06-16T23:34:23.860+0000][3704][safepoint    ] Application time: 30.0163670 seconds
[2022-06-16T23:34:23.860+0000][3704][safepoint    ] Entering safepoint region: RevokeBias
[2022-06-16T23:34:23.860+0000][3704][safepoint    ] Leaving safepoint region
[2022-06-16T23:34:23.860+0000][3704][safepoint    ] Total time for which application threads were stopped: 0.0001997 seconds, Stopping threads took: 0.0000583 seconds
[2022-06-16T23:34:23.860+0000][3704][safepoint    ] Application time: 0.0003254 seconds
[2022-06-16T23:34:23.860+0000][3704][safepoint    ] Entering safepoint region: RevokeBias
[2022-06-16T23:34:23.860+0000][3704][safepoint    ] Leaving safepoint region
[2022-06-16T23:34:23.860+0000][3704][safepoint    ] Total time for which application threads were stopped: 0.0000791 seconds, Stopping threads took: 0.0000150 seconds
[2022-06-16T23:34:50.676+0000][3704][safepoint    ] Application time: 26.8155890 seconds
[2022-06-16T23:34:50.676+0000][3704][safepoint    ] Entering safepoint region: RevokeBias
[2022-06-16T23:34:50.676+0000][3704][safepoint    ] Leaving safepoint region
[2022-06-16T23:34:50.676+0000][3704][safepoint    ] Total time for which application threads were stopped: 0.0001663 seconds, Stopping threads took: 0.0000415 seconds
[2022-06-16T23:34:50.676+0000][3704][safepoint    ] Application time: 0.0010851 seconds
[2022-06-16T23:34:50.676+0000][3704][safepoint    ] Entering safepoint region: RevokeBias
[2022-06-16T23:34:50.676+0000][3704][safepoint    ] Leaving safepoint region
[2022-06-16T23:34:50.676+0000][3704][safepoint    ] Total time for which application threads were stopped: 0.0001021 seconds, Stopping threads took: 0.0000270 seconds
[2022-06-16T23:34:50.676+0000][3704][safepoint    ] Application time: 0.0001174 seconds
[2022-06-16T23:34:50.676+0000][3704][safepoint    ] Entering safepoint region: BulkRevokeBias
[2022-06-16T23:34:50.676+0000][3704][safepoint    ] Leaving safepoint region
[2022-06-16T23:34:50.676+0000][3704][safepoint    ] Total time for which application threads were stopped: 0.0003384 seconds, Stopping threads took: 0.0000218 seconds
[2022-06-16T23:34:50.676+0000][3704][safepoint    ] Application time: 0.0005189 seconds
[2022-06-16T23:34:50.676+0000][3704][safepoint    ] Entering safepoint region: RevokeBias
[2022-06-16T23:34:50.676+0000][3704][safepoint    ] Leaving safepoint region
[2022-06-16T23:34:50.676+0000][3704][safepoint    ] Total time for which application threads were stopped: 0.0001071 seconds, Stopping threads took: 0.0000644 seconds
[2022-06-16T23:34:53.873+0000][3704][safepoint    ] Application time: 3.1944484 seconds
[2022-06-16T23:34:53.873+0000][3704][safepoint    ] Entering safepoint region: RevokeBias
[2022-06-16T23:34:53.873+0000][3704][safepoint    ] Leaving safepoint region
[2022-06-16T23:34:53.873+0000][3704][safepoint    ] Total time for which application threads were stopped: 0.0001877 seconds, Stopping threads took: 0.0000348 seconds
[2022-06-16T23:34:53.873+0000][3704][safepoint    ] Application time: 0.0006691 seconds
[2022-06-16T23:34:53.873+0000][3704][safepoint    ] Entering safepoint region: RevokeBias
[2022-06-16T23:34:53.873+0000][3704][safepoint    ] Leaving safepoint region
[2022-06-16T23:34:53.873+0000][3704][safepoint    ] Total time for which application threads were stopped: 0.0000750 seconds, Stopping threads took: 0.0000147 seconds
[2022-06-16T23:35:23.878+0000][3704][safepoint    ] Application time: 30.0040194 seconds
[2022-06-16T23:35:23.878+0000][3704][safepoint    ] Entering safepoint region: RevokeBias
[2022-06-16T23:35:23.878+0000][3704][safepoint    ] Leaving safepoint region
[2022-06-16T23:35:23.878+0000][3704][safepoint    ] Total time for which application threads were stopped: 0.0001128 seconds, Stopping threads took: 0.0000203 seconds
[2022-06-16T23:35:53.893+0000][3704][safepoint    ] Application time: 30.0157803 seconds
[2022-06-16T23:35:53.893+0000][3704][safepoint    ] Entering safepoint region: RevokeBias
[2022-06-16T23:35:53.893+0000][3704][safepoint    ] Leaving safepoint region
[2022-06-16T23:35:53.893+0000][3704][safepoint    ] Total time for which application threads were stopped: 0.0001051 seconds, Stopping threads took: 0.0000184 seconds
[2022-06-16T23:36:23.902+0000][3704][safepoint    ] Application time: 30.0074759 seconds
[2022-06-16T23:36:23.902+0000][3704][safepoint    ] Entering safepoint region: RevokeBias
[2022-06-16T23:36:23.902+0000][3704][safepoint    ] Leaving safepoint region
[2022-06-16T23:36:23.902+0000][3704][safepoint    ] Total time for which application threads were stopped: 0.0001137 seconds, Stopping threads took: 0.0000206 seconds
[2022-06-16T23:36:53.910+0000][3704][safepoint    ] Application time: 30.0083318 seconds
[2022-06-16T23:36:53.910+0000][3704][safepoint    ] Entering safepoint region: RevokeBias
[2022-06-16T23:36:53.910+0000][3704][safepoint    ] Leaving safepoint region
[2022-06-16T23:36:53.910+0000][3704][safepoint    ] Total time for which application threads were stopped: 0.0001130 seconds, Stopping threads took: 0.0000225 seconds
[2022-06-16T23:37:23.925+0000][3704][safepoint    ] Application time: 30.0154891 seconds
[2022-06-16T23:37:23.925+0000][3704][safepoint    ] Entering safepoint region: RevokeBias
[2022-06-16T23:37:23.925+0000][3704][safepoint    ] Leaving safepoint region
[2022-06-16T23:37:23.925+0000][3704][safepoint    ] Total time for which application threads were stopped: 0.0001129 seconds, Stopping threads took: 0.0000242 seconds
[2022-06-16T23:37:53.935+0000][3704][safepoint    ] Application time: 30.0095692 seconds
[2022-06-16T23:37:53.935+0000][3704][safepoint    ] Entering safepoint region: RevokeBias
[2022-06-16T23:37:53.935+0000][3704][safepoint    ] Leaving safepoint region
[2022-06-16T23:37:53.935+0000][3704][safepoint    ] Total time for which application threads were stopped: 0.0001589 seconds, Stopping threads took: 0.0000574 seconds
[2022-06-16T23:38:23.940+0000][3704][safepoint    ] Application time: 30.0046680 seconds
[2022-06-16T23:38:23.940+0000][3704][safepoint    ] Entering safepoint region: RevokeBias
[2022-06-16T23:38:23.940+0000][3704][safepoint    ] Leaving safepoint region
[2022-06-16T23:38:23.940+0000][3704][safepoint    ] Total time for which application threads were stopped: 0.0001057 seconds, Stopping threads took: 0.0000187 seconds
[2022-06-16T23:38:53.945+0000][3704][safepoint    ] Application time: 30.0052138 seconds
[2022-06-16T23:38:53.945+0000][3704][safepoint    ] Entering safepoint region: RevokeBias
[2022-06-16T23:38:53.945+0000][3704][safepoint    ] Leaving safepoint region
[2022-06-16T23:38:53.945+0000][3704][safepoint    ] Total time for which application threads were stopped: 0.0001118 seconds, Stopping threads took: 0.0000228 seconds
[2022-06-16T23:39:23.954+0000][3704][safepoint    ] Application time: 30.0096315 seconds
[2022-06-16T23:39:23.954+0000][3704][safepoint    ] Entering safepoint region: RevokeBias
[2022-06-16T23:39:23.954+0000][3704][safepoint    ] Leaving safepoint region
[2022-06-16T23:39:23.954+0000][3704][safepoint    ] Total time for which application threads were stopped: 0.0001145 seconds, Stopping threads took: 0.0000247 seconds
[2022-06-16T23:39:53.969+0000][3704][safepoint    ] Application time: 30.0143993 seconds
[2022-06-16T23:39:53.969+0000][3704][safepoint    ] Entering safepoint region: RevokeBias
[2022-06-16T23:39:53.969+0000][3704][safepoint    ] Leaving safepoint region
[2022-06-16T23:39:53.969+0000][3704][safepoint    ] Total time for which application threads were stopped: 0.0003122 seconds, Stopping threads took: 0.0000244 seconds
[2022-06-16T23:39:53.969+0000][3704][safepoint    ] Application time: 0.0000853 seconds
[2022-06-16T23:39:53.969+0000][3704][safepoint    ] Entering safepoint region: RevokeBias
[2022-06-16T23:39:53.969+0000][3704][safepoint    ] Leaving safepoint region
[2022-06-16T23:39:53.969+0000][3704][safepoint    ] Total time for which application threads were stopped: 0.0001205 seconds, Stopping threads took: 0.0000608 seconds
[2022-06-16T23:40:23.985+0000][3704][safepoint    ] Application time: 30.0153919 seconds
[2022-06-16T23:40:23.985+0000][3704][safepoint    ] Entering safepoint region: RevokeBias
[2022-06-16T23:40:23.985+0000][3704][safepoint    ] Leaving safepoint region
[2022-06-16T23:40:23.985+0000][3704][safepoint    ] Total time for which application threads were stopped: 0.0001090 seconds, Stopping threads took: 0.0000193 seconds
[2022-06-16T23:40:53.989+0000][3704][safepoint    ] Application time: 30.0046779 seconds
[2022-06-16T23:40:53.989+0000][3704][safepoint    ] Entering safepoint region: RevokeBias
[2022-06-16T23:40:53.989+0000][3704][safepoint    ] Leaving safepoint region
[2022-06-16T23:40:53.989+0000][3704][safepoint    ] Total time for which application threads were stopped: 0.0001129 seconds, Stopping threads took: 0.0000208 seconds
[2022-06-16T23:41:24.003+0000][3704][safepoint    ] Application time: 30.0137959 seconds
[2022-06-16T23:41:24.003+0000][3704][safepoint    ] Entering safepoint region: RevokeBias
[2022-06-16T23:41:24.003+0000][3704][safepoint    ] Leaving safepoint region
[2022-06-16T23:41:24.003+0000][3704][safepoint    ] Total time for which application threads were stopped: 0.0001072 seconds, Stopping threads took: 0.0000190 seconds
[2022-06-16T23:41:54.013+0000][3704][safepoint    ] Application time: 30.0098586 seconds
[2022-06-16T23:41:54.013+0000][3704][safepoint    ] Entering safepoint region: RevokeBias
[2022-06-16T23:41:54.013+0000][3704][safepoint    ] Leaving safepoint region
[2022-06-16T23:41:54.013+0000][3704][safepoint    ] Total time for which application threads were stopped: 0.0001463 seconds, Stopping threads took: 0.0000264 seconds
[2022-06-16T23:42:24.014+0000][3704][safepoint    ] Application time: 30.0008685 seconds
[2022-06-16T23:42:24.014+0000][3704][safepoint    ] Entering safepoint region: RevokeBias
[2022-06-16T23:42:24.014+0000][3704][safepoint    ] Leaving safepoint region
[2022-06-16T23:42:24.014+0000][3704][safepoint    ] Total time for which application threads were stopped: 0.0001089 seconds, Stopping threads took: 0.0000195 seconds
[2022-06-16T23:42:54.026+0000][3704][safepoint    ] Application time: 30.0124717 seconds
[2022-06-16T23:42:54.026+0000][3704][safepoint    ] Entering safepoint region: RevokeBias
[2022-06-16T23:42:54.026+0000][3704][safepoint    ] Leaving safepoint region
[2022-06-16T23:42:54.026+0000][3704][safepoint    ] Total time for which application threads were stopped: 0.0001093 seconds, Stopping threads took: 0.0000202 seconds
[2022-06-16T23:43:24.040+0000][3704][safepoint    ] Application time: 30.0142666 seconds
[2022-06-16T23:43:24.040+0000][3704][safepoint    ] Entering safepoint region: RevokeBias
[2022-06-16T23:43:24.040+0000][3704][safepoint    ] Leaving safepoint region
[2022-06-16T23:43:24.040+0000][3704][safepoint    ] Total time for which application threads were stopped: 0.0001944 seconds, Stopping threads took: 0.0000532 seconds
[2022-06-16T23:43:54.043+0000][3704][safepoint    ] Application time: 30.0033236 seconds
[2022-06-16T23:43:54.043+0000][3704][safepoint    ] Entering safepoint region: RevokeBias
[2022-06-16T23:43:54.043+0000][3704][safepoint    ] Leaving safepoint region
[2022-06-16T23:43:54.043+0000][3704][safepoint    ] Total time for which application threads were stopped: 0.0001684 seconds, Stopping threads took: 0.0000355 seconds
[2022-06-16T23:43:54.043+0000][3704][safepoint    ] Application time: 0.0002312 seconds
[2022-06-16T23:43:54.043+0000][3704][safepoint    ] Entering safepoint region: RevokeBias
[2022-06-16T23:43:54.043+0000][3704][safepoint    ] Leaving safepoint region
[2022-06-16T23:43:54.043+0000][3704][safepoint    ] Total time for which application threads were stopped: 0.0000742 seconds, Stopping threads took: 0.0000145 seconds
[2022-06-16T23:44:24.049+0000][3704][safepoint    ] Application time: 30.0053968 seconds
[2022-06-16T23:44:24.049+0000][3704][safepoint    ] Entering safepoint region: RevokeBias
[2022-06-16T23:44:24.049+0000][3704][safepoint    ] Leaving safepoint region
[2022-06-16T23:44:24.049+0000][3704][safepoint    ] Total time for which application threads were stopped: 0.0001110 seconds, Stopping threads took: 0.0000193 seconds
[2022-06-16T23:44:28.442+0000][3704][safepoint    ] Application time: 4.3917406 seconds
[2022-06-16T23:44:28.442+0000][3704][safepoint    ] Entering safepoint region: GenCollectForAllocation
[2022-06-16T23:44:28.442+0000][3704][gc,start     ] GC(30) Pause Young (Allocation Failure)
[2022-06-16T23:44:28.442+0000][3704][gc,task      ] GC(30) Using 2 workers of 2 for evacuation
[2022-06-16T23:44:28.442+0000][3704][gc,age       ] GC(30) Desired survivor size 8716288 bytes, new threshold 6 (max threshold 6)
[2022-06-16T23:44:28.442+0000][3704][gc,age       ] GC(30) Age table with threshold 6 (max threshold 6)
[2022-06-16T23:44:28.442+0000][3704][gc,age       ] GC(30) - age   1:      21136 bytes,      21136 total
[2022-06-16T23:44:28.442+0000][3704][gc,age       ] GC(30) - age   2:      46512 bytes,      67648 total
[2022-06-16T23:44:28.442+0000][3704][gc,heap      ] GC(30) ParNew: 149363K->3271K(153344K)
[2022-06-16T23:44:28.442+0000][3704][gc,heap      ] GC(30) CMS: 73968K->73968K(878208K)
[2022-06-16T23:44:28.442+0000][3704][gc,metaspace ] GC(30) Metaspace: 103218K->103218K(1144832K)
[2022-06-16T23:44:28.442+0000][3704][gc           ] GC(30) Pause Young (Allocation Failure) 218M->75M(1007M) 3.704ms
[2022-06-16T23:44:28.442+0000][3704][gc,cpu       ] GC(30) User=0.00s Sys=0.00s Real=0.00s
[2022-06-16T23:44:28.442+0000][3704][safepoint    ] Leaving safepoint region
[2022-06-16T23:44:28.442+0000][3704][safepoint    ] Total time for which application threads were stopped: 0.0038562 seconds, Stopping threads took: 0.0000182 seconds
[2022-06-16T23:44:50.671+0000][3704][safepoint    ] Application time: 22.2258798 seconds
[2022-06-16T23:44:50.671+0000][3704][safepoint    ] Entering safepoint region: RevokeBias
[2022-06-16T23:44:50.671+0000][3704][safepoint    ] Leaving safepoint region
[2022-06-16T23:44:50.671+0000][3704][safepoint    ] Total time for which application threads were stopped: 0.0001375 seconds, Stopping threads took: 0.0000498 seconds
[2022-06-16T23:44:50.671+0000][3704][safepoint    ] Application time: 0.0003516 seconds
[2022-06-16T23:44:50.671+0000][3704][safepoint    ] Entering safepoint region: BulkRevokeBias
[2022-06-16T23:44:50.671+0000][3704][safepoint    ] Leaving safepoint region
[2022-06-16T23:44:50.671+0000][3704][safepoint    ] Total time for which application threads were stopped: 0.0003213 seconds, Stopping threads took: 0.0000299 seconds
[2022-06-16T23:44:50.671+0000][3704][safepoint    ] Application time: 0.0006288 seconds
[2022-06-16T23:44:50.671+0000][3704][safepoint    ] Entering safepoint region: RevokeBias
[2022-06-16T23:44:50.671+0000][3704][safepoint    ] Leaving safepoint region
[2022-06-16T23:44:50.671+0000][3704][safepoint    ] Total time for which application threads were stopped: 0.0000605 seconds, Stopping threads took: 0.0000138 seconds
[2022-06-16T23:44:50.671+0000][3704][safepoint    ] Application time: 0.0000422 seconds
[2022-06-16T23:44:50.671+0000][3704][safepoint    ] Entering safepoint region: RevokeBias
[2022-06-16T23:44:50.671+0000][3704][safepoint    ] Leaving safepoint region
[2022-06-16T23:44:50.671+0000][3704][safepoint    ] Total time for which application threads were stopped: 0.0000445 seconds, Stopping threads took: 0.0000118 seconds
[2022-06-16T23:44:54.055+0000][3704][safepoint    ] Application time: 3.3831113 seconds
[2022-06-16T23:44:54.055+0000][3704][safepoint    ] Entering safepoint region: RevokeBias
[2022-06-16T23:44:54.055+0000][3704][safepoint    ] Leaving safepoint region
[2022-06-16T23:44:54.055+0000][3704][safepoint    ] Total time for which application threads were stopped: 0.0001666 seconds, Stopping threads took: 0.0000327 seconds
[2022-06-16T23:44:54.055+0000][3704][safepoint    ] Application time: 0.0005551 seconds
[2022-06-16T23:44:54.055+0000][3704][safepoint    ] Entering safepoint region: RevokeBias
[2022-06-16T23:44:54.055+0000][3704][safepoint    ] Leaving safepoint region
[2022-06-16T23:44:54.055+0000][3704][safepoint    ] Total time for which application threads were stopped: 0.0001052 seconds, Stopping threads took: 0.0000445 seconds
[2022-06-16T23:45:24.069+0000][3704][safepoint    ] Application time: 30.0128484 seconds
[2022-06-16T23:45:24.069+0000][3704][safepoint    ] Entering safepoint region: RevokeBias
[2022-06-16T23:45:24.069+0000][3704][safepoint    ] Leaving safepoint region
[2022-06-16T23:45:24.069+0000][3704][safepoint    ] Total time for which application threads were stopped: 0.0001592 seconds, Stopping threads took: 0.0000585 seconds
[2022-06-16T23:45:24.069+0000][3704][safepoint    ] Application time: 0.0003356 seconds
[2022-06-16T23:45:24.069+0000][3704][safepoint    ] Entering safepoint region: RevokeBias
[2022-06-16T23:45:24.069+0000][3704][safepoint    ] Leaving safepoint region
[2022-06-16T23:45:24.069+0000][3704][safepoint    ] Total time for which application threads were stopped: 0.0001125 seconds, Stopping threads took: 0.0000322 seconds
[2022-06-16T23:45:54.078+0000][3704][safepoint    ] Application time: 30.0081347 seconds
[2022-06-16T23:45:54.078+0000][3704][safepoint    ] Entering safepoint region: RevokeBias
[2022-06-16T23:45:54.078+0000][3704][safepoint    ] Leaving safepoint region
[2022-06-16T23:45:54.078+0000][3704][safepoint    ] Total time for which application threads were stopped: 0.0001126 seconds, Stopping threads took: 0.0000197 seconds
[2022-06-16T23:46:24.082+0000][3704][safepoint    ] Application time: 30.0041329 seconds
[2022-06-16T23:46:24.082+0000][3704][safepoint    ] Entering safepoint region: RevokeBias
[2022-06-16T23:46:24.082+0000][3704][safepoint    ] Leaving safepoint region
[2022-06-16T23:46:24.082+0000][3704][safepoint    ] Total time for which application threads were stopped: 0.0001585 seconds, Stopping threads took: 0.0000386 seconds
[2022-06-16T23:46:24.082+0000][3704][safepoint    ] Application time: 0.0004915 seconds
[2022-06-16T23:46:24.082+0000][3704][safepoint    ] Entering safepoint region: RevokeBias
[2022-06-16T23:46:24.082+0000][3704][safepoint    ] Leaving safepoint region
[2022-06-16T23:46:24.082+0000][3704][safepoint    ] Total time for which application threads were stopped: 0.0000935 seconds, Stopping threads took: 0.0000324 seconds
[2022-06-16T23:46:54.088+0000][3704][safepoint    ] Application time: 30.0061183 seconds
[2022-06-16T23:46:54.088+0000][3704][safepoint    ] Entering safepoint region: RevokeBias
[2022-06-16T23:46:54.088+0000][3704][safepoint    ] Leaving safepoint region
[2022-06-16T23:46:54.088+0000][3704][safepoint    ] Total time for which application threads were stopped: 0.0001787 seconds, Stopping threads took: 0.0000343 seconds
[2022-06-16T23:46:54.088+0000][3704][safepoint    ] Application time: 0.0007102 seconds
[2022-06-16T23:46:54.088+0000][3704][safepoint    ] Entering safepoint region: RevokeBias
[2022-06-16T23:46:54.088+0000][3704][safepoint    ] Leaving safepoint region
[2022-06-16T23:46:54.088+0000][3704][safepoint    ] Total time for which application threads were stopped: 0.0001337 seconds, Stopping threads took: 0.0000716 seconds
[2022-06-16T23:47:24.099+0000][3704][safepoint    ] Application time: 30.0092492 seconds
[2022-06-16T23:47:24.099+0000][3704][safepoint    ] Entering safepoint region: RevokeBias
[2022-06-16T23:47:24.099+0000][3704][safepoint    ] Leaving safepoint region
[2022-06-16T23:47:24.099+0000][3704][safepoint    ] Total time for which application threads were stopped: 0.0001837 seconds, Stopping threads took: 0.0000624 seconds
[2022-06-16T23:47:24.099+0000][3704][safepoint    ] Application time: 0.0000702 seconds
[2022-06-16T23:47:24.099+0000][3704][safepoint    ] Entering safepoint region: RevokeBias
[2022-06-16T23:47:24.099+0000][3704][safepoint    ] Leaving safepoint region
[2022-06-16T23:47:24.099+0000][3704][safepoint    ] Total time for which application threads were stopped: 0.0002563 seconds, Stopping threads took: 0.0001998 seconds
[2022-06-16T23:47:54.107+0000][3704][safepoint    ] Application time: 30.0078719 seconds
[2022-06-16T23:47:54.107+0000][3704][safepoint    ] Entering safepoint region: RevokeBias
[2022-06-16T23:47:54.107+0000][3704][safepoint    ] Leaving safepoint region
[2022-06-16T23:47:54.107+0000][3704][safepoint    ] Total time for which application threads were stopped: 0.0002088 seconds, Stopping threads took: 0.0000910 seconds
[2022-06-16T23:47:54.107+0000][3704][safepoint    ] Application time: 0.0004238 seconds
[2022-06-16T23:47:54.107+0000][3704][safepoint    ] Entering safepoint region: RevokeBias
[2022-06-16T23:47:54.107+0000][3704][safepoint    ] Leaving safepoint region
[2022-06-16T23:47:54.107+0000][3704][safepoint    ] Total time for which application threads were stopped: 0.0001054 seconds, Stopping threads took: 0.0000389 seconds
[2022-06-16T23:48:24.124+0000][3704][safepoint    ] Application time: 30.0154509 seconds
[2022-06-16T23:48:24.124+0000][3704][safepoint    ] Entering safepoint region: RevokeBias
[2022-06-16T23:48:24.124+0000][3704][safepoint    ] Leaving safepoint region
[2022-06-16T23:48:24.124+0000][3704][safepoint    ] Total time for which application threads were stopped: 0.0001181 seconds, Stopping threads took: 0.0000286 seconds
[2022-06-16T23:48:54.133+0000][3704][safepoint    ] Application time: 30.0093115 seconds
[2022-06-16T23:48:54.133+0000][3704][safepoint    ] Entering safepoint region: RevokeBias
[2022-06-16T23:48:54.133+0000][3704][safepoint    ] Leaving safepoint region
[2022-06-16T23:48:54.133+0000][3704][safepoint    ] Total time for which application threads were stopped: 0.0001965 seconds, Stopping threads took: 0.0000547 seconds
[2022-06-16T23:49:24.140+0000][3704][safepoint    ] Application time: 30.0066683 seconds
[2022-06-16T23:49:24.140+0000][3704][safepoint    ] Entering safepoint region: RevokeBias
[2022-06-16T23:49:24.140+0000][3704][safepoint    ] Leaving safepoint region
[2022-06-16T23:49:24.140+0000][3704][safepoint    ] Total time for which application threads were stopped: 0.0001204 seconds, Stopping threads took: 0.0000262 seconds
[2022-06-16T23:49:54.144+0000][3704][safepoint    ] Application time: 30.0042458 seconds
[2022-06-16T23:49:54.144+0000][3704][safepoint    ] Entering safepoint region: RevokeBias
[2022-06-16T23:49:54.144+0000][3704][safepoint    ] Leaving safepoint region
[2022-06-16T23:49:54.144+0000][3704][safepoint    ] Total time for which application threads were stopped: 0.0001907 seconds, Stopping threads took: 0.0000689 seconds
[2022-06-16T23:49:54.144+0000][3704][safepoint    ] Application time: 0.0000512 seconds
[2022-06-16T23:49:54.144+0000][3704][safepoint    ] Entering safepoint region: BulkRevokeBias
[2022-06-16T23:49:54.144+0000][3704][safepoint    ] Leaving safepoint region
[2022-06-16T23:49:54.144+0000][3704][safepoint    ] Total time for which application threads were stopped: 0.0003018 seconds, Stopping threads took: 0.0000364 seconds
[2022-06-16T23:49:54.144+0000][3704][safepoint    ] Application time: 0.0000933 seconds
[2022-06-16T23:49:54.144+0000][3704][safepoint    ] Entering safepoint region: RevokeBias
[2022-06-16T23:49:54.144+0000][3704][safepoint    ] Leaving safepoint region
[2022-06-16T23:49:54.144+0000][3704][safepoint    ] Total time for which application threads were stopped: 0.0000606 seconds, Stopping threads took: 0.0000131 seconds
[2022-06-16T23:50:24.189+0000][3704][safepoint    ] Application time: 30.0543049 seconds
[2022-06-16T23:50:24.189+0000][3704][safepoint    ] Entering safepoint region: RevokeBias
[2022-06-16T23:50:24.189+0000][3704][safepoint    ] Leaving safepoint region
[2022-06-16T23:50:24.189+0000][3704][safepoint    ] Total time for which application threads were stopped: 0.0002184 seconds, Stopping threads took: 0.0000681 seconds
[2022-06-16T23:50:24.189+0000][3704][safepoint    ] Application time: 0.0000372 seconds
[2022-06-16T23:50:24.189+0000][3704][safepoint    ] Entering safepoint region: RevokeBias
[2022-06-16T23:50:24.189+0000][3704][safepoint    ] Leaving safepoint region
[2022-06-16T23:50:24.189+0000][3704][safepoint    ] Total time for which application threads were stopped: 0.0001161 seconds, Stopping threads took: 0.0000500 seconds
[2022-06-16T23:50:54.206+0000][3704][safepoint    ] Application time: 30.0069906 seconds
[2022-06-16T23:50:54.206+0000][3704][safepoint    ] Entering safepoint region: RevokeBias
[2022-06-16T23:50:54.206+0000][3704][safepoint    ] Leaving safepoint region
[2022-06-16T23:50:54.206+0000][3704][safepoint    ] Total time for which application threads were stopped: 0.0002016 seconds, Stopping threads took: 0.0000472 seconds
[2022-06-16T23:50:54.206+0000][3704][safepoint    ] Application time: 0.0004011 seconds
[2022-06-16T23:50:54.206+0000][3704][safepoint    ] Entering safepoint region: RevokeBias
[2022-06-16T23:50:54.206+0000][3704][safepoint    ] Leaving safepoint region
[2022-06-16T23:50:54.206+0000][3704][safepoint    ] Total time for which application threads were stopped: 0.0001076 seconds, Stopping threads took: 0.0000228 seconds
[2022-06-16T23:50:55.222+0000][3704][safepoint    ] Application time: 1.0141853 seconds
[2022-06-16T23:50:55.222+0000][3704][safepoint    ] Entering safepoint region: Cleanup
[2022-06-16T23:50:55.222+0000][3704][safepoint    ] Leaving safepoint region
[2022-06-16T23:50:55.222+0000][3704][safepoint    ] Total time for which application threads were stopped: 0.0001147 seconds, Stopping threads took: 0.0000293 seconds
[2022-06-16T23:51:24.223+0000][3704][safepoint    ] Application time: 29.0014821 seconds
[2022-06-16T23:51:24.223+0000][3704][safepoint    ] Entering safepoint region: RevokeBias
[2022-06-16T23:51:24.223+0000][3704][safepoint    ] Leaving safepoint region
[2022-06-16T23:51:24.223+0000][3704][safepoint    ] Total time for which application threads were stopped: 0.0002596 seconds, Stopping threads took: 0.0000269 seconds
[2022-06-16T23:51:54.227+0000][3704][safepoint    ] Application time: 30.0039395 seconds
[2022-06-16T23:51:54.227+0000][3704][safepoint    ] Entering safepoint region: RevokeBias
[2022-06-16T23:51:54.227+0000][3704][safepoint    ] Leaving safepoint region
[2022-06-16T23:51:54.227+0000][3704][safepoint    ] Total time for which application threads were stopped: 0.0002159 seconds, Stopping threads took: 0.0000701 seconds
[2022-06-16T23:52:24.229+0000][3704][safepoint    ] Application time: 30.0021848 seconds
[2022-06-16T23:52:24.229+0000][3704][safepoint    ] Entering safepoint region: RevokeBias
[2022-06-16T23:52:24.229+0000][3704][safepoint    ] Leaving safepoint region
[2022-06-16T23:52:24.229+0000][3704][safepoint    ] Total time for which application threads were stopped: 0.0001821 seconds, Stopping threads took: 0.0000367 seconds
[2022-06-16T23:52:54.242+0000][3704][safepoint    ] Application time: 30.0125919 seconds
[2022-06-16T23:52:54.242+0000][3704][safepoint    ] Entering safepoint region: RevokeBias
[2022-06-16T23:52:54.242+0000][3704][safepoint    ] Leaving safepoint region
[2022-06-16T23:52:54.242+0000][3704][safepoint    ] Total time for which application threads were stopped: 0.0001786 seconds, Stopping threads took: 0.0000555 seconds
[2022-06-16T23:52:54.242+0000][3704][safepoint    ] Application time: 0.0000600 seconds
[2022-06-16T23:52:54.242+0000][3704][safepoint    ] Entering safepoint region: RevokeBias
[2022-06-16T23:52:54.242+0000][3704][safepoint    ] Leaving safepoint region
[2022-06-16T23:52:54.242+0000][3704][safepoint    ] Total time for which application threads were stopped: 0.0001286 seconds, Stopping threads took: 0.0000648 seconds
[2022-06-16T23:53:24.247+0000][3704][safepoint    ] Application time: 30.0045339 seconds
[2022-06-16T23:53:24.247+0000][3704][safepoint    ] Entering safepoint region: RevokeBias
[2022-06-16T23:53:24.247+0000][3704][safepoint    ] Leaving safepoint region
[2022-06-16T23:53:24.247+0000][3704][safepoint    ] Total time for which application threads were stopped: 0.0001187 seconds, Stopping threads took: 0.0000254 seconds
[2022-06-16T23:53:54.262+0000][3704][safepoint    ] Application time: 30.0153447 seconds
[2022-06-16T23:53:54.262+0000][3704][safepoint    ] Entering safepoint region: RevokeBias
[2022-06-16T23:53:54.262+0000][3704][safepoint    ] Leaving safepoint region
[2022-06-16T23:53:54.262+0000][3704][safepoint    ] Total time for which application threads were stopped: 0.0001915 seconds, Stopping threads took: 0.0000514 seconds
[2022-06-16T23:53:54.262+0000][3704][safepoint    ] Application time: 0.0000468 seconds
[2022-06-16T23:53:54.262+0000][3704][safepoint    ] Entering safepoint region: RevokeBias
[2022-06-16T23:53:54.262+0000][3704][safepoint    ] Leaving safepoint region
[2022-06-16T23:53:54.262+0000][3704][safepoint    ] Total time for which application threads were stopped: 0.0001010 seconds, Stopping threads took: 0.0000453 seconds
[2022-06-16T23:54:24.277+0000][3704][safepoint    ] Application time: 30.0150658 seconds
[2022-06-16T23:54:24.277+0000][3704][safepoint    ] Entering safepoint region: RevokeBias
[2022-06-16T23:54:24.277+0000][3704][safepoint    ] Leaving safepoint region
[2022-06-16T23:54:24.277+0000][3704][safepoint    ] Total time for which application threads were stopped: 0.0001482 seconds, Stopping threads took: 0.0000256 seconds
[2022-06-16T23:54:50.664+0000][3704][safepoint    ] Application time: 26.3893335 seconds
[2022-06-16T23:54:50.664+0000][3704][safepoint    ] Entering safepoint region: RevokeBias
[2022-06-16T23:54:50.664+0000][3704][safepoint    ] Leaving safepoint region
[2022-06-16T23:54:50.664+0000][3704][safepoint    ] Total time for which application threads were stopped: 0.0002064 seconds, Stopping threads took: 0.0000309 seconds
[2022-06-16T23:54:50.664+0000][3704][safepoint    ] Application time: 0.0031504 seconds
[2022-06-16T23:54:50.664+0000][3704][safepoint    ] Entering safepoint region: RevokeBias
[2022-06-16T23:54:50.664+0000][3704][safepoint    ] Leaving safepoint region
[2022-06-16T23:54:50.664+0000][3704][safepoint    ] Total time for which application threads were stopped: 0.0001080 seconds, Stopping threads took: 0.0000228 seconds
[2022-06-16T23:54:50.664+0000][3704][safepoint    ] Application time: 0.0004922 seconds
[2022-06-16T23:54:50.664+0000][3704][safepoint    ] Entering safepoint region: BulkRevokeBias
[2022-06-16T23:54:50.664+0000][3704][safepoint    ] Leaving safepoint region
[2022-06-16T23:54:50.664+0000][3704][safepoint    ] Total time for which application threads were stopped: 0.0003741 seconds, Stopping threads took: 0.0000250 seconds
[2022-06-16T23:54:50.664+0000][3704][safepoint    ] Application time: 0.0013541 seconds
[2022-06-16T23:54:50.664+0000][3704][safepoint    ] Entering safepoint region: BulkRevokeBias
[2022-06-16T23:54:50.664+0000][3704][safepoint    ] Leaving safepoint region
[2022-06-16T23:54:50.664+0000][3704][safepoint    ] Total time for which application threads were stopped: 0.0003006 seconds, Stopping threads took: 0.0000205 seconds
[2022-06-16T23:54:54.282+0000][3704][safepoint    ] Application time: 3.6084904 seconds
[2022-06-16T23:54:54.282+0000][3704][safepoint    ] Entering safepoint region: RevokeBias
[2022-06-16T23:54:54.282+0000][3704][safepoint    ] Leaving safepoint region
[2022-06-16T23:54:54.282+0000][3704][safepoint    ] Total time for which application threads were stopped: 0.0001461 seconds, Stopping threads took: 0.0000542 seconds
[2022-06-16T23:55:24.292+0000][3704][safepoint    ] Application time: 30.0096632 seconds
[2022-06-16T23:55:24.292+0000][3704][safepoint    ] Entering safepoint region: RevokeBias
[2022-06-16T23:55:24.292+0000][3704][safepoint    ] Leaving safepoint region
[2022-06-16T23:55:24.292+0000][3704][safepoint    ] Total time for which application threads were stopped: 0.0001894 seconds, Stopping threads took: 0.0000677 seconds
[2022-06-16T23:55:24.292+0000][3704][safepoint    ] Application time: 0.0000616 seconds
[2022-06-16T23:55:24.292+0000][3704][safepoint    ] Entering safepoint region: RevokeBias
[2022-06-16T23:55:24.292+0000][3704][safepoint    ] Leaving safepoint region
[2022-06-16T23:55:24.292+0000][3704][safepoint    ] Total time for which application threads were stopped: 0.0000886 seconds, Stopping threads took: 0.0000362 seconds
[2022-06-16T23:55:54.303+0000][3704][safepoint    ] Application time: 30.0115910 seconds
[2022-06-16T23:55:54.303+0000][3704][safepoint    ] Entering safepoint region: RevokeBias
[2022-06-16T23:55:54.303+0000][3704][safepoint    ] Leaving safepoint region
[2022-06-16T23:55:54.303+0000][3704][safepoint    ] Total time for which application threads were stopped: 0.0001082 seconds, Stopping threads took: 0.0000186 seconds
[2022-06-16T23:56:24.312+0000][3704][safepoint    ] Application time: 30.0086856 seconds
[2022-06-16T23:56:24.312+0000][3704][safepoint    ] Entering safepoint region: RevokeBias
[2022-06-16T23:56:24.312+0000][3704][safepoint    ] Leaving safepoint region
[2022-06-16T23:56:24.312+0000][3704][safepoint    ] Total time for which application threads were stopped: 0.0001894 seconds, Stopping threads took: 0.0000686 seconds
[2022-06-16T23:56:24.312+0000][3704][safepoint    ] Application time: 0.0000603 seconds
[2022-06-16T23:56:24.312+0000][3704][safepoint    ] Entering safepoint region: RevokeBias
[2022-06-16T23:56:24.312+0000][3704][safepoint    ] Leaving safepoint region
[2022-06-16T23:56:24.312+0000][3704][safepoint    ] Total time for which application threads were stopped: 0.0001040 seconds, Stopping threads took: 0.0000465 seconds
[2022-06-16T23:56:54.326+0000][3704][safepoint    ] Application time: 30.0139930 seconds
[2022-06-16T23:56:54.326+0000][3704][safepoint    ] Entering safepoint region: RevokeBias
[2022-06-16T23:56:54.326+0000][3704][safepoint    ] Leaving safepoint region
[2022-06-16T23:56:54.326+0000][3704][safepoint    ] Total time for which application threads were stopped: 0.0001975 seconds, Stopping threads took: 0.0000699 seconds
[2022-06-16T23:56:54.326+0000][3704][safepoint    ] Application time: 0.0000577 seconds
[2022-06-16T23:56:54.326+0000][3704][safepoint    ] Entering safepoint region: RevokeBias
[2022-06-16T23:56:54.326+0000][3704][safepoint    ] Leaving safepoint region
[2022-06-16T23:56:54.326+0000][3704][safepoint    ] Total time for which application threads were stopped: 0.0001072 seconds, Stopping threads took: 0.0000476 seconds
[2022-06-16T23:57:24.332+0000][3704][safepoint    ] Application time: 30.0059940 seconds
[2022-06-16T23:57:24.332+0000][3704][safepoint    ] Entering safepoint region: RevokeBias
[2022-06-16T23:57:24.332+0000][3704][safepoint    ] Leaving safepoint region
[2022-06-16T23:57:24.332+0000][3704][safepoint    ] Total time for which application threads were stopped: 0.0001206 seconds, Stopping threads took: 0.0000296 seconds
[2022-06-16T23:57:54.342+0000][3704][safepoint    ] Application time: 30.0100872 seconds
[2022-06-16T23:57:54.342+0000][3704][safepoint    ] Entering safepoint region: RevokeBias
[2022-06-16T23:57:54.342+0000][3704][safepoint    ] Leaving safepoint region
[2022-06-16T23:57:54.342+0000][3704][safepoint    ] Total time for which application threads were stopped: 0.0001878 seconds, Stopping threads took: 0.0000657 seconds
[2022-06-16T23:57:54.342+0000][3704][safepoint    ] Application time: 0.0000411 seconds
[2022-06-16T23:57:54.342+0000][3704][safepoint    ] Entering safepoint region: RevokeBias
[2022-06-16T23:57:54.342+0000][3704][safepoint    ] Leaving safepoint region
[2022-06-16T23:57:54.342+0000][3704][safepoint    ] Total time for which application threads were stopped: 0.0000890 seconds, Stopping threads took: 0.0000387 seconds
[2022-06-16T23:58:24.347+0000][3704][safepoint    ] Application time: 30.0041635 seconds
[2022-06-16T23:58:24.347+0000][3704][safepoint    ] Entering safepoint region: RevokeBias
[2022-06-16T23:58:24.347+0000][3704][safepoint    ] Leaving safepoint region
[2022-06-16T23:58:24.347+0000][3704][safepoint    ] Total time for which application threads were stopped: 0.0001903 seconds, Stopping threads took: 0.0000697 seconds
[2022-06-16T23:58:24.347+0000][3704][safepoint    ] Application time: 0.0000578 seconds
[2022-06-16T23:58:24.347+0000][3704][safepoint    ] Entering safepoint region: RevokeBias
[2022-06-16T23:58:24.347+0000][3704][safepoint    ] Leaving safepoint region
[2022-06-16T23:58:24.347+0000][3704][safepoint    ] Total time for which application threads were stopped: 0.0000937 seconds, Stopping threads took: 0.0000357 seconds
[2022-06-16T23:58:54.350+0000][3704][safepoint    ] Application time: 30.0028642 seconds
[2022-06-16T23:58:54.350+0000][3704][safepoint    ] Entering safepoint region: RevokeBias
[2022-06-16T23:58:54.350+0000][3704][safepoint    ] Leaving safepoint region
[2022-06-16T23:58:54.350+0000][3704][safepoint    ] Total time for which application threads were stopped: 0.0001858 seconds, Stopping threads took: 0.0000654 seconds
[2022-06-16T23:58:54.350+0000][3704][safepoint    ] Application time: 0.0000441 seconds
[2022-06-16T23:58:54.350+0000][3704][safepoint    ] Entering safepoint region: RevokeBias
[2022-06-16T23:58:54.350+0000][3704][safepoint    ] Leaving safepoint region
[2022-06-16T23:58:54.350+0000][3704][safepoint    ] Total time for which application threads were stopped: 0.0000905 seconds, Stopping threads took: 0.0000430 seconds
[2022-06-16T23:59:24.354+0000][3704][safepoint    ] Application time: 30.0040608 seconds
[2022-06-16T23:59:24.354+0000][3704][safepoint    ] Entering safepoint region: RevokeBias
[2022-06-16T23:59:24.354+0000][3704][safepoint    ] Leaving safepoint region
[2022-06-16T23:59:24.354+0000][3704][safepoint    ] Total time for which application threads were stopped: 0.0002007 seconds, Stopping threads took: 0.0000782 seconds
[2022-06-16T23:59:24.354+0000][3704][safepoint    ] Application time: 0.0000528 seconds
[2022-06-16T23:59:24.354+0000][3704][safepoint    ] Entering safepoint region: RevokeBias
[2022-06-16T23:59:24.354+0000][3704][safepoint    ] Leaving safepoint region
[2022-06-16T23:59:24.354+0000][3704][safepoint    ] Total time for which application threads were stopped: 0.0001090 seconds, Stopping threads took: 0.0000517 seconds
[2022-06-16T23:59:54.356+0000][3704][safepoint    ] Application time: 30.0019289 seconds
[2022-06-16T23:59:54.356+0000][3704][safepoint    ] Entering safepoint region: RevokeBias
[2022-06-16T23:59:54.356+0000][3704][safepoint    ] Leaving safepoint region
[2022-06-16T23:59:54.356+0000][3704][safepoint    ] Total time for which application threads were stopped: 0.0003212 seconds, Stopping threads took: 0.0000246 seconds
[2022-06-16T23:59:54.356+0000][3704][safepoint    ] Application time: 0.0000843 seconds
[2022-06-16T23:59:54.356+0000][3704][safepoint    ] Entering safepoint region: RevokeBias
[2022-06-16T23:59:54.356+0000][3704][safepoint    ] Leaving safepoint region
[2022-06-16T23:59:54.356+0000][3704][safepoint    ] Total time for which application threads were stopped: 0.0001253 seconds, Stopping threads took: 0.0000630 seconds
[2022-06-17T00:00:24.365+0000][3704][safepoint    ] Application time: 30.0088124 seconds
[2022-06-17T00:00:24.365+0000][3704][safepoint    ] Entering safepoint region: RevokeBias
[2022-06-17T00:00:24.365+0000][3704][safepoint    ] Leaving safepoint region
[2022-06-17T00:00:24.365+0000][3704][safepoint    ] Total time for which application threads were stopped: 0.0001911 seconds, Stopping threads took: 0.0000563 seconds
[2022-06-17T00:00:54.376+0000][3704][safepoint    ] Application time: 30.0106952 seconds
[2022-06-17T00:00:54.376+0000][3704][safepoint    ] Entering safepoint region: RevokeBias
[2022-06-17T00:00:54.376+0000][3704][safepoint    ] Leaving safepoint region
[2022-06-17T00:00:54.376+0000][3704][safepoint    ] Total time for which application threads were stopped: 0.0001734 seconds, Stopping threads took: 0.0000481 seconds
[2022-06-17T00:00:54.376+0000][3704][safepoint    ] Application time: 0.0000593 seconds
[2022-06-17T00:00:54.376+0000][3704][safepoint    ] Entering safepoint region: RevokeBias
[2022-06-17T00:00:54.376+0000][3704][safepoint    ] Leaving safepoint region
[2022-06-17T00:00:54.376+0000][3704][safepoint    ] Total time for which application threads were stopped: 0.0001324 seconds, Stopping threads took: 0.0000684 seconds
[2022-06-17T00:01:24.385+0000][3704][safepoint    ] Application time: 30.0090851 seconds
[2022-06-17T00:01:24.385+0000][3704][safepoint    ] Entering safepoint region: RevokeBias
[2022-06-17T00:01:24.385+0000][3704][safepoint    ] Leaving safepoint region
[2022-06-17T00:01:24.385+0000][3704][safepoint    ] Total time for which application threads were stopped: 0.0001178 seconds, Stopping threads took: 0.0000229 seconds
[2022-06-17T00:01:54.389+0000][3704][safepoint    ] Application time: 30.0036974 seconds
[2022-06-17T00:01:54.389+0000][3704][safepoint    ] Entering safepoint region: RevokeBias
[2022-06-17T00:01:54.389+0000][3704][safepoint    ] Leaving safepoint region
[2022-06-17T00:01:54.389+0000][3704][safepoint    ] Total time for which application threads were stopped: 0.0001242 seconds, Stopping threads took: 0.0000333 seconds
[2022-06-17T00:02:24.393+0000][3704][safepoint    ] Application time: 30.0035460 seconds
[2022-06-17T00:02:24.393+0000][3704][safepoint    ] Entering safepoint region: RevokeBias
[2022-06-17T00:02:24.393+0000][3704][safepoint    ] Leaving safepoint region
[2022-06-17T00:02:24.393+0000][3704][safepoint    ] Total time for which application threads were stopped: 0.0002158 seconds, Stopping threads took: 0.0000614 seconds
[2022-06-17T00:02:24.393+0000][3704][safepoint    ] Application time: 0.0000448 seconds
[2022-06-17T00:02:24.393+0000][3704][safepoint    ] Entering safepoint region: RevokeBias
[2022-06-17T00:02:24.393+0000][3704][safepoint    ] Leaving safepoint region
[2022-06-17T00:02:24.393+0000][3704][safepoint    ] Total time for which application threads were stopped: 0.0000803 seconds, Stopping threads took: 0.0000291 seconds
[2022-06-17T00:02:54.404+0000][3704][safepoint    ] Application time: 30.0115159 seconds
[2022-06-17T00:02:54.404+0000][3704][safepoint    ] Entering safepoint region: RevokeBias
[2022-06-17T00:02:54.404+0000][3704][safepoint    ] Leaving safepoint region
[2022-06-17T00:02:54.404+0000][3704][safepoint    ] Total time for which application threads were stopped: 0.0002006 seconds, Stopping threads took: 0.0000593 seconds
[2022-06-17T00:02:55.418+0000][3704][safepoint    ] Application time: 1.0125195 seconds
[2022-06-17T00:02:55.418+0000][3704][safepoint    ] Entering safepoint region: Cleanup
[2022-06-17T00:02:55.418+0000][3704][safepoint    ] Leaving safepoint region
[2022-06-17T00:02:55.418+0000][3704][safepoint    ] Total time for which application threads were stopped: 0.0000975 seconds, Stopping threads took: 0.0000236 seconds
[2022-06-17T00:03:24.419+0000][3704][safepoint    ] Application time: 29.0021415 seconds
[2022-06-17T00:03:24.419+0000][3704][safepoint    ] Entering safepoint region: RevokeBias
[2022-06-17T00:03:24.419+0000][3704][safepoint    ] Leaving safepoint region
[2022-06-17T00:03:24.419+0000][3704][safepoint    ] Total time for which application threads were stopped: 0.0001783 seconds, Stopping threads took: 0.0000604 seconds
[2022-06-17T00:03:24.419+0000][3704][safepoint    ] Application time: 0.0000477 seconds
[2022-06-17T00:03:24.419+0000][3704][safepoint    ] Entering safepoint region: RevokeBias
[2022-06-17T00:03:24.419+0000][3704][safepoint    ] Leaving safepoint region
[2022-06-17T00:03:24.419+0000][3704][safepoint    ] Total time for which application threads were stopped: 0.0000660 seconds, Stopping threads took: 0.0000246 seconds
[2022-06-17T00:03:54.433+0000][3704][safepoint    ] Application time: 30.0131119 seconds
[2022-06-17T00:03:54.433+0000][3704][safepoint    ] Entering safepoint region: RevokeBias
[2022-06-17T00:03:54.433+0000][3704][safepoint    ] Leaving safepoint region
[2022-06-17T00:03:54.433+0000][3704][safepoint    ] Total time for which application threads were stopped: 0.0001842 seconds, Stopping threads took: 0.0000339 seconds
[2022-06-17T00:03:54.433+0000][3704][safepoint    ] Application time: 0.0003930 seconds
[2022-06-17T00:03:54.433+0000][3704][safepoint    ] Entering safepoint region: RevokeBias
[2022-06-17T00:03:54.433+0000][3704][safepoint    ] Leaving safepoint region
[2022-06-17T00:03:54.433+0000][3704][safepoint    ] Total time for which application threads were stopped: 0.0001245 seconds, Stopping threads took: 0.0000621 seconds
[2022-06-17T00:04:24.445+0000][3704][safepoint    ] Application time: 30.0122437 seconds
[2022-06-17T00:04:24.445+0000][3704][safepoint    ] Entering safepoint region: RevokeBias
[2022-06-17T00:04:24.445+0000][3704][safepoint    ] Leaving safepoint region
[2022-06-17T00:04:24.445+0000][3704][safepoint    ] Total time for which application threads were stopped: 0.0001639 seconds, Stopping threads took: 0.0000489 seconds
[2022-06-17T00:04:24.445+0000][3704][safepoint    ] Application time: 0.0004073 seconds
[2022-06-17T00:04:24.445+0000][3704][safepoint    ] Entering safepoint region: RevokeBias
[2022-06-17T00:04:24.445+0000][3704][safepoint    ] Leaving safepoint region
[2022-06-17T00:04:24.445+0000][3704][safepoint    ] Total time for which application threads were stopped: 0.0000990 seconds, Stopping threads took: 0.0000373 seconds
[2022-06-17T00:04:50.677+0000][3704][safepoint    ] Application time: 26.2307092 seconds
[2022-06-17T00:04:50.677+0000][3704][safepoint    ] Entering safepoint region: RevokeBias
[2022-06-17T00:04:50.677+0000][3704][safepoint    ] Leaving safepoint region
[2022-06-17T00:04:50.677+0000][3704][safepoint    ] Total time for which application threads were stopped: 0.0001537 seconds, Stopping threads took: 0.0000528 seconds
[2022-06-17T00:04:50.677+0000][3704][safepoint    ] Application time: 0.0013996 seconds
[2022-06-17T00:04:50.677+0000][3704][safepoint    ] Entering safepoint region: BulkRevokeBias
[2022-06-17T00:04:50.677+0000][3704][safepoint    ] Leaving safepoint region
[2022-06-17T00:04:50.677+0000][3704][safepoint    ] Total time for which application threads were stopped: 0.0003425 seconds, Stopping threads took: 0.0000311 seconds
[2022-06-17T00:04:50.677+0000][3704][safepoint    ] Application time: 0.0005149 seconds
[2022-06-17T00:04:50.677+0000][3704][safepoint    ] Entering safepoint region: RevokeBias
[2022-06-17T00:04:50.677+0000][3704][safepoint    ] Leaving safepoint region
[2022-06-17T00:04:50.677+0000][3704][safepoint    ] Total time for which application threads were stopped: 0.0000835 seconds, Stopping threads took: 0.0000268 seconds
[2022-06-17T00:04:50.677+0000][3704][safepoint    ] Application time: 0.0005520 seconds
[2022-06-17T00:04:50.677+0000][3704][safepoint    ] Entering safepoint region: RevokeBias
[2022-06-17T00:04:50.677+0000][3704][safepoint    ] Leaving safepoint region
[2022-06-17T00:04:50.677+0000][3704][safepoint    ] Total time for which application threads were stopped: 0.0000884 seconds, Stopping threads took: 0.0000456 seconds
[2022-06-17T00:04:54.456+0000][3704][safepoint    ] Application time: 3.7759334 seconds
[2022-06-17T00:04:54.456+0000][3704][safepoint    ] Entering safepoint region: RevokeBias
[2022-06-17T00:04:54.456+0000][3704][safepoint    ] Leaving safepoint region
[2022-06-17T00:04:54.456+0000][3704][safepoint    ] Total time for which application threads were stopped: 0.0001270 seconds, Stopping threads took: 0.0000287 seconds
[2022-06-17T00:04:55.462+0000][3704][safepoint    ] Application time: 1.0054466 seconds
[2022-06-17T00:04:55.462+0000][3704][safepoint    ] Entering safepoint region: Cleanup
[2022-06-17T00:04:55.462+0000][3704][safepoint    ] Leaving safepoint region
[2022-06-17T00:04:55.462+0000][3704][safepoint    ] Total time for which application threads were stopped: 0.0000931 seconds, Stopping threads took: 0.0000230 seconds
[2022-06-17T00:05:24.466+0000][3704][safepoint    ] Application time: 29.0045632 seconds
[2022-06-17T00:05:24.466+0000][3704][safepoint    ] Entering safepoint region: RevokeBias
[2022-06-17T00:05:24.466+0000][3704][safepoint    ] Leaving safepoint region
[2022-06-17T00:05:24.466+0000][3704][safepoint    ] Total time for which application threads were stopped: 0.0001089 seconds, Stopping threads took: 0.0000196 seconds
[2022-06-17T00:05:54.472+0000][3704][safepoint    ] Application time: 30.0059707 seconds
[2022-06-17T00:05:54.472+0000][3704][safepoint    ] Entering safepoint region: RevokeBias
[2022-06-17T00:05:54.472+0000][3704][safepoint    ] Leaving safepoint region
[2022-06-17T00:05:54.472+0000][3704][safepoint    ] Total time for which application threads were stopped: 0.0001904 seconds, Stopping threads took: 0.0000679 seconds
[2022-06-17T00:05:54.472+0000][3704][safepoint    ] Application time: 0.0000611 seconds
[2022-06-17T00:05:54.472+0000][3704][safepoint    ] Entering safepoint region: RevokeBias
[2022-06-17T00:05:54.472+0000][3704][safepoint    ] Leaving safepoint region
[2022-06-17T00:05:54.472+0000][3704][safepoint    ] Total time for which application threads were stopped: 0.0001000 seconds, Stopping threads took: 0.0000434 seconds
[2022-06-17T00:06:24.480+0000][3704][safepoint    ] Application time: 30.0077998 seconds
[2022-06-17T00:06:24.480+0000][3704][safepoint    ] Entering safepoint region: RevokeBias
[2022-06-17T00:06:24.480+0000][3704][safepoint    ] Leaving safepoint region
[2022-06-17T00:06:24.480+0000][3704][safepoint    ] Total time for which application threads were stopped: 0.0001064 seconds, Stopping threads took: 0.0000187 seconds
[2022-06-17T00:06:54.486+0000][3704][safepoint    ] Application time: 30.0052030 seconds
[2022-06-17T00:06:54.486+0000][3704][safepoint    ] Entering safepoint region: RevokeBias
[2022-06-17T00:06:54.486+0000][3704][safepoint    ] Leaving safepoint region
[2022-06-17T00:06:54.486+0000][3704][safepoint    ] Total time for which application threads were stopped: 0.0001622 seconds, Stopping threads took: 0.0000468 seconds
[2022-06-17T00:06:54.486+0000][3704][safepoint    ] Application time: 0.0002811 seconds
[2022-06-17T00:06:54.486+0000][3704][safepoint    ] Entering safepoint region: RevokeBias
[2022-06-17T00:06:54.486+0000][3704][safepoint    ] Leaving safepoint region
[2022-06-17T00:06:54.486+0000][3704][safepoint    ] Total time for which application threads were stopped: 0.0000702 seconds, Stopping threads took: 0.0000144 seconds
[2022-06-17T00:07:24.496+0000][3704][safepoint    ] Application time: 30.0102689 seconds
[2022-06-17T00:07:24.496+0000][3704][safepoint    ] Entering safepoint region: RevokeBias
[2022-06-17T00:07:24.496+0000][3704][safepoint    ] Leaving safepoint region
[2022-06-17T00:07:24.496+0000][3704][safepoint    ] Total time for which application threads were stopped: 0.0001047 seconds, Stopping threads took: 0.0000174 seconds
[2022-06-17T00:07:54.507+0000][3704][safepoint    ] Application time: 30.0103278 seconds
[2022-06-17T00:07:54.507+0000][3704][safepoint    ] Entering safepoint region: RevokeBias
[2022-06-17T00:07:54.507+0000][3704][safepoint    ] Leaving safepoint region
[2022-06-17T00:07:54.507+0000][3704][safepoint    ] Total time for which application threads were stopped: 0.0001170 seconds, Stopping threads took: 0.0000262 seconds
[2022-06-17T00:08:24.510+0000][3704][safepoint    ] Application time: 30.0036701 seconds
[2022-06-17T00:08:24.510+0000][3704][safepoint    ] Entering safepoint region: RevokeBias
[2022-06-17T00:08:24.510+0000][3704][safepoint    ] Leaving safepoint region
[2022-06-17T00:08:24.510+0000][3704][safepoint    ] Total time for which application threads were stopped: 0.0001198 seconds, Stopping threads took: 0.0000268 seconds
[2022-06-17T00:08:54.526+0000][3704][safepoint    ] Application time: 30.0158807 seconds
[2022-06-17T00:08:54.526+0000][3704][safepoint    ] Entering safepoint region: RevokeBias
[2022-06-17T00:08:54.526+0000][3704][safepoint    ] Leaving safepoint region
[2022-06-17T00:08:54.526+0000][3704][safepoint    ] Total time for which application threads were stopped: 0.0001550 seconds, Stopping threads took: 0.0000372 seconds
[2022-06-17T00:08:54.526+0000][3704][safepoint    ] Application time: 0.0000510 seconds
[2022-06-17T00:08:54.526+0000][3704][safepoint    ] Entering safepoint region: RevokeBias
[2022-06-17T00:08:54.526+0000][3704][safepoint    ] Leaving safepoint region
[2022-06-17T00:08:54.526+0000][3704][safepoint    ] Total time for which application threads were stopped: 0.0000683 seconds, Stopping threads took: 0.0000211 seconds
[2022-06-17T00:09:24.537+0000][3704][safepoint    ] Application time: 30.0100879 seconds
[2022-06-17T00:09:24.537+0000][3704][safepoint    ] Entering safepoint region: RevokeBias
[2022-06-17T00:09:24.537+0000][3704][safepoint    ] Leaving safepoint region
[2022-06-17T00:09:24.537+0000][3704][safepoint    ] Total time for which application threads were stopped: 0.0001141 seconds, Stopping threads took: 0.0000226 seconds
[2022-06-17T00:09:54.552+0000][3704][safepoint    ] Application time: 30.0157412 seconds
[2022-06-17T00:09:54.552+0000][3704][safepoint    ] Entering safepoint region: RevokeBias
[2022-06-17T00:09:54.552+0000][3704][safepoint    ] Leaving safepoint region
[2022-06-17T00:09:54.552+0000][3704][safepoint    ] Total time for which application threads were stopped: 0.0001584 seconds, Stopping threads took: 0.0000563 seconds
[2022-06-17T00:09:54.552+0000][3704][safepoint    ] Application time: 0.0001711 seconds
[2022-06-17T00:09:54.552+0000][3704][safepoint    ] Entering safepoint region: BulkRevokeBias
[2022-06-17T00:09:54.552+0000][3704][safepoint    ] Leaving safepoint region
[2022-06-17T00:09:54.552+0000][3704][safepoint    ] Total time for which application threads were stopped: 0.0002448 seconds, Stopping threads took: 0.0000146 seconds
[2022-06-17T00:10:24.567+0000][3704][safepoint    ] Application time: 30.0141937 seconds
[2022-06-17T00:10:24.567+0000][3704][safepoint    ] Entering safepoint region: RevokeBias
[2022-06-17T00:10:24.567+0000][3704][safepoint    ] Leaving safepoint region
[2022-06-17T00:10:24.567+0000][3704][safepoint    ] Total time for which application threads were stopped: 0.0001996 seconds, Stopping threads took: 0.0000725 seconds
[2022-06-17T00:10:24.567+0000][3704][safepoint    ] Application time: 0.0000598 seconds
[2022-06-17T00:10:24.567+0000][3704][safepoint    ] Entering safepoint region: RevokeBias
[2022-06-17T00:10:24.567+0000][3704][safepoint    ] Leaving safepoint region
[2022-06-17T00:10:24.567+0000][3704][safepoint    ] Total time for which application threads were stopped: 0.0000960 seconds, Stopping threads took: 0.0000387 seconds
[2022-06-17T00:10:54.576+0000][3704][safepoint    ] Application time: 30.0083353 seconds
[2022-06-17T00:10:54.576+0000][3704][safepoint    ] Entering safepoint region: RevokeBias
[2022-06-17T00:10:54.576+0000][3704][safepoint    ] Leaving safepoint region
[2022-06-17T00:10:54.576+0000][3704][safepoint    ] Total time for which application threads were stopped: 0.0001875 seconds, Stopping threads took: 0.0000672 seconds
[2022-06-17T00:10:54.576+0000][3704][safepoint    ] Application time: 0.0000509 seconds
[2022-06-17T00:10:54.576+0000][3704][safepoint    ] Entering safepoint region: RevokeBias
[2022-06-17T00:10:54.576+0000][3704][safepoint    ] Leaving safepoint region
[2022-06-17T00:10:54.576+0000][3704][safepoint    ] Total time for which application threads were stopped: 0.0002687 seconds, Stopping threads took: 0.0002171 seconds
[2022-06-17T00:11:24.588+0000][3704][safepoint    ] Application time: 30.0115740 seconds
[2022-06-17T00:11:24.588+0000][3704][safepoint    ] Entering safepoint region: RevokeBias
[2022-06-17T00:11:24.588+0000][3704][safepoint    ] Leaving safepoint region
[2022-06-17T00:11:24.588+0000][3704][safepoint    ] Total time for which application threads were stopped: 0.0001853 seconds, Stopping threads took: 0.0000429 seconds
[2022-06-17T00:11:54.589+0000][3704][safepoint    ] Application time: 30.0009808 seconds
[2022-06-17T00:11:54.589+0000][3704][safepoint    ] Entering safepoint region: RevokeBias
[2022-06-17T00:11:54.589+0000][3704][safepoint    ] Leaving safepoint region
[2022-06-17T00:11:54.589+0000][3704][safepoint    ] Total time for which application threads were stopped: 0.0001901 seconds, Stopping threads took: 0.0000523 seconds
[2022-06-17T00:12:24.592+0000][3704][safepoint    ] Application time: 30.0031773 seconds
[2022-06-17T00:12:24.592+0000][3704][safepoint    ] Entering safepoint region: RevokeBias
[2022-06-17T00:12:24.592+0000][3704][safepoint    ] Leaving safepoint region
[2022-06-17T00:12:24.592+0000][3704][safepoint    ] Total time for which application threads were stopped: 0.0002027 seconds, Stopping threads took: 0.0000625 seconds
[2022-06-17T00:12:54.606+0000][3704][safepoint    ] Application time: 30.0131510 seconds
[2022-06-17T00:12:54.606+0000][3704][safepoint    ] Entering safepoint region: RevokeBias
[2022-06-17T00:12:54.606+0000][3704][safepoint    ] Leaving safepoint region
[2022-06-17T00:12:54.606+0000][3704][safepoint    ] Total time for which application threads were stopped: 0.0001984 seconds, Stopping threads took: 0.0000750 seconds
[2022-06-17T00:12:54.606+0000][3704][safepoint    ] Application time: 0.0000283 seconds
[2022-06-17T00:12:54.606+0000][3704][safepoint    ] Entering safepoint region: RevokeBias
[2022-06-17T00:12:54.606+0000][3704][safepoint    ] Leaving safepoint region
[2022-06-17T00:12:54.606+0000][3704][safepoint    ] Total time for which application threads were stopped: 0.0000846 seconds, Stopping threads took: 0.0000386 seconds
[2022-06-17T00:13:24.617+0000][3704][safepoint    ] Application time: 30.0114399 seconds
[2022-06-17T00:13:24.617+0000][3704][safepoint    ] Entering safepoint region: RevokeBias
[2022-06-17T00:13:24.617+0000][3704][safepoint    ] Leaving safepoint region
[2022-06-17T00:13:24.617+0000][3704][safepoint    ] Total time for which application threads were stopped: 0.0001995 seconds, Stopping threads took: 0.0000759 seconds
[2022-06-17T00:13:24.617+0000][3704][safepoint    ] Application time: 0.0000606 seconds
[2022-06-17T00:13:24.617+0000][3704][safepoint    ] Entering safepoint region: RevokeBias
[2022-06-17T00:13:24.617+0000][3704][safepoint    ] Leaving safepoint region
[2022-06-17T00:13:24.617+0000][3704][safepoint    ] Total time for which application threads were stopped: 0.0002412 seconds, Stopping threads took: 0.0001852 seconds
[2022-06-17T00:13:54.627+0000][3704][safepoint    ] Application time: 30.0095287 seconds
[2022-06-17T00:13:54.627+0000][3704][safepoint    ] Entering safepoint region: RevokeBias
[2022-06-17T00:13:54.627+0000][3704][safepoint    ] Leaving safepoint region
[2022-06-17T00:13:54.627+0000][3704][safepoint    ] Total time for which application threads were stopped: 0.0001567 seconds, Stopping threads took: 0.0000639 seconds
[2022-06-17T00:14:24.638+0000][3704][safepoint    ] Application time: 30.0106612 seconds
[2022-06-17T00:14:24.638+0000][3704][safepoint    ] Entering safepoint region: RevokeBias
[2022-06-17T00:14:24.638+0000][3704][safepoint    ] Leaving safepoint region
[2022-06-17T00:14:24.638+0000][3704][safepoint    ] Total time for which application threads were stopped: 0.0001184 seconds, Stopping threads took: 0.0000306 seconds
[2022-06-17T00:14:50.673+0000][3704][safepoint    ] Application time: 26.0355044 seconds
[2022-06-17T00:14:50.673+0000][3704][safepoint    ] Entering safepoint region: RevokeBias
[2022-06-17T00:14:50.673+0000][3704][safepoint    ] Leaving safepoint region
[2022-06-17T00:14:50.673+0000][3704][safepoint    ] Total time for which application threads were stopped: 0.0002033 seconds, Stopping threads took: 0.0000332 seconds
[2022-06-17T00:14:50.673+0000][3704][safepoint    ] Application time: 0.0005819 seconds
[2022-06-17T00:14:50.673+0000][3704][safepoint    ] Entering safepoint region: BulkRevokeBias
[2022-06-17T00:14:50.673+0000][3704][safepoint    ] Leaving safepoint region
[2022-06-17T00:14:50.673+0000][3704][safepoint    ] Total time for which application threads were stopped: 0.0002966 seconds, Stopping threads took: 0.0000343 seconds
[2022-06-17T00:14:50.673+0000][3704][safepoint    ] Application time: 0.0005988 seconds
[2022-06-17T00:14:50.673+0000][3704][safepoint    ] Entering safepoint region: RevokeBias
[2022-06-17T00:14:50.673+0000][3704][safepoint    ] Leaving safepoint region
[2022-06-17T00:14:50.673+0000][3704][safepoint    ] Total time for which application threads were stopped: 0.0000603 seconds, Stopping threads took: 0.0000135 seconds
[2022-06-17T00:14:50.673+0000][3704][safepoint    ] Application time: 0.0000470 seconds
[2022-06-17T00:14:50.673+0000][3704][safepoint    ] Entering safepoint region: RevokeBias
[2022-06-17T00:14:50.673+0000][3704][safepoint    ] Leaving safepoint region
[2022-06-17T00:14:50.673+0000][3704][safepoint    ] Total time for which application threads were stopped: 0.0000447 seconds, Stopping threads took: 0.0000120 seconds
[2022-06-17T00:14:54.653+0000][3704][safepoint    ] Application time: 3.9778356 seconds
[2022-06-17T00:14:54.653+0000][3704][safepoint    ] Entering safepoint region: RevokeBias
[2022-06-17T00:14:54.653+0000][3704][safepoint    ] Leaving safepoint region
[2022-06-17T00:14:54.653+0000][3704][safepoint    ] Total time for which application threads were stopped: 0.0001213 seconds, Stopping threads took: 0.0000316 seconds
[2022-06-17T00:15:24.660+0000][3704][safepoint    ] Application time: 30.0066337 seconds
[2022-06-17T00:15:24.660+0000][3704][safepoint    ] Entering safepoint region: RevokeBias
[2022-06-17T00:15:24.660+0000][3704][safepoint    ] Leaving safepoint region
[2022-06-17T00:15:24.660+0000][3704][safepoint    ] Total time for which application threads were stopped: 0.0001969 seconds, Stopping threads took: 0.0000714 seconds
[2022-06-17T00:15:24.660+0000][3704][safepoint    ] Application time: 0.0000485 seconds
[2022-06-17T00:15:24.660+0000][3704][safepoint    ] Entering safepoint region: RevokeBias
[2022-06-17T00:15:24.660+0000][3704][safepoint    ] Leaving safepoint region
[2022-06-17T00:15:24.660+0000][3704][safepoint    ] Total time for which application threads were stopped: 0.0001012 seconds, Stopping threads took: 0.0000431 seconds
[2022-06-17T00:15:29.691+0000][3704][safepoint    ] Application time: 5.0302493 seconds
[2022-06-17T00:15:29.691+0000][3704][safepoint    ] Entering safepoint region: Cleanup
[2022-06-17T00:15:29.691+0000][3704][safepoint    ] Leaving safepoint region
[2022-06-17T00:15:29.691+0000][3704][safepoint    ] Total time for which application threads were stopped: 0.0000923 seconds, Stopping threads took: 0.0000218 seconds
[2022-06-17T00:15:54.662+0000][3704][safepoint    ] Application time: 24.9722368 seconds
[2022-06-17T00:15:54.662+0000][3704][safepoint    ] Entering safepoint region: RevokeBias
[2022-06-17T00:15:54.662+0000][3704][safepoint    ] Leaving safepoint region
[2022-06-17T00:15:54.662+0000][3704][safepoint    ] Total time for which application threads were stopped: 0.0002199 seconds, Stopping threads took: 0.0000701 seconds
[2022-06-17T00:15:54.662+0000][3704][safepoint    ] Application time: 0.0001322 seconds
[2022-06-17T00:15:54.662+0000][3704][safepoint    ] Entering safepoint region: RevokeBias
[2022-06-17T00:15:54.662+0000][3704][safepoint    ] Leaving safepoint region
[2022-06-17T00:15:54.662+0000][3704][safepoint    ] Total time for which application threads were stopped: 0.0001136 seconds, Stopping threads took: 0.0000364 seconds
[2022-06-17T00:16:24.672+0000][3704][safepoint    ] Application time: 30.0096714 seconds
[2022-06-17T00:16:24.672+0000][3704][safepoint    ] Entering safepoint region: RevokeBias
[2022-06-17T00:16:24.672+0000][3704][safepoint    ] Leaving safepoint region
[2022-06-17T00:16:24.672+0000][3704][safepoint    ] Total time for which application threads were stopped: 0.0002048 seconds, Stopping threads took: 0.0000773 seconds
[2022-06-17T00:16:24.672+0000][3704][safepoint    ] Application time: 0.0000518 seconds
[2022-06-17T00:16:24.672+0000][3704][safepoint    ] Entering safepoint region: RevokeBias
[2022-06-17T00:16:24.672+0000][3704][safepoint    ] Leaving safepoint region
[2022-06-17T00:16:24.672+0000][3704][safepoint    ] Total time for which application threads were stopped: 0.0001071 seconds, Stopping threads took: 0.0000501 seconds
[2022-06-17T00:16:54.675+0000][3704][safepoint    ] Application time: 30.0024106 seconds
[2022-06-17T00:16:54.675+0000][3704][safepoint    ] Entering safepoint region: RevokeBias
[2022-06-17T00:16:54.675+0000][3704][safepoint    ] Leaving safepoint region
[2022-06-17T00:16:54.675+0000][3704][safepoint    ] Total time for which application threads were stopped: 0.0001950 seconds, Stopping threads took: 0.0000719 seconds
[2022-06-17T00:16:54.675+0000][3704][safepoint    ] Application time: 0.0000698 seconds
[2022-06-17T00:16:54.675+0000][3704][safepoint    ] Entering safepoint region: RevokeBias
[2022-06-17T00:16:54.675+0000][3704][safepoint    ] Leaving safepoint region
[2022-06-17T00:16:54.675+0000][3704][safepoint    ] Total time for which application threads were stopped: 0.0000955 seconds, Stopping threads took: 0.0000392 seconds
[2022-06-17T00:17:24.691+0000][3704][safepoint    ] Application time: 30.0155595 seconds
[2022-06-17T00:17:24.691+0000][3704][safepoint    ] Entering safepoint region: RevokeBias
[2022-06-17T00:17:24.691+0000][3704][safepoint    ] Leaving safepoint region
[2022-06-17T00:17:24.691+0000][3704][safepoint    ] Total time for which application threads were stopped: 0.0001663 seconds, Stopping threads took: 0.0000662 seconds
[2022-06-17T00:17:54.697+0000][3704][safepoint    ] Application time: 30.0058284 seconds
[2022-06-17T00:17:54.697+0000][3704][safepoint    ] Entering safepoint region: RevokeBias
[2022-06-17T00:17:54.697+0000][3704][safepoint    ] Leaving safepoint region
[2022-06-17T00:17:54.697+0000][3704][safepoint    ] Total time for which application threads were stopped: 0.0001109 seconds, Stopping threads took: 0.0000185 seconds
[2022-06-17T00:18:24.712+0000][3704][safepoint    ] Application time: 30.0156679 seconds
[2022-06-17T00:18:24.712+0000][3704][safepoint    ] Entering safepoint region: RevokeBias
[2022-06-17T00:18:24.712+0000][3704][safepoint    ] Leaving safepoint region
[2022-06-17T00:18:24.712+0000][3704][safepoint    ] Total time for which application threads were stopped: 0.0001890 seconds, Stopping threads took: 0.0000610 seconds
[2022-06-17T00:18:24.712+0000][3704][safepoint    ] Application time: 0.0000360 seconds
[2022-06-17T00:18:24.713+0000][3704][safepoint    ] Entering safepoint region: RevokeBias
[2022-06-17T00:18:24.713+0000][3704][safepoint    ] Leaving safepoint region
[2022-06-17T00:18:24.713+0000][3704][safepoint    ] Total time for which application threads were stopped: 0.0001045 seconds, Stopping threads took: 0.0000545 seconds
[2022-06-17T00:18:54.727+0000][3704][safepoint    ] Application time: 30.0148837 seconds
[2022-06-17T00:18:54.727+0000][3704][safepoint    ] Entering safepoint region: RevokeBias
[2022-06-17T00:18:54.727+0000][3704][safepoint    ] Leaving safepoint region
[2022-06-17T00:18:54.727+0000][3704][safepoint    ] Total time for which application threads were stopped: 0.0002002 seconds, Stopping threads took: 0.0000753 seconds
[2022-06-17T00:18:54.727+0000][3704][safepoint    ] Application time: 0.0000635 seconds
[2022-06-17T00:18:54.727+0000][3704][safepoint    ] Entering safepoint region: RevokeBias
[2022-06-17T00:18:54.727+0000][3704][safepoint    ] Leaving safepoint region
[2022-06-17T00:18:54.727+0000][3704][safepoint    ] Total time for which application threads were stopped: 0.0000957 seconds, Stopping threads took: 0.0000405 seconds
[2022-06-17T00:19:24.738+0000][3704][safepoint    ] Application time: 30.0101874 seconds
[2022-06-17T00:19:24.738+0000][3704][safepoint    ] Entering safepoint region: RevokeBias
[2022-06-17T00:19:24.738+0000][3704][safepoint    ] Leaving safepoint region
[2022-06-17T00:19:24.738+0000][3704][safepoint    ] Total time for which application threads were stopped: 0.0001180 seconds, Stopping threads took: 0.0000246 seconds
[2022-06-17T00:19:54.748+0000][3704][safepoint    ] Application time: 30.0097015 seconds
[2022-06-17T00:19:54.748+0000][3704][safepoint    ] Entering safepoint region: RevokeBias
[2022-06-17T00:19:54.748+0000][3704][safepoint    ] Leaving safepoint region
[2022-06-17T00:19:54.748+0000][3704][safepoint    ] Total time for which application threads were stopped: 0.0001956 seconds, Stopping threads took: 0.0000701 seconds
[2022-06-17T00:19:54.748+0000][3704][safepoint    ] Application time: 0.0000628 seconds
[2022-06-17T00:19:54.748+0000][3704][safepoint    ] Entering safepoint region: BulkRevokeBias
[2022-06-17T00:19:54.748+0000][3704][safepoint    ] Leaving safepoint region
[2022-06-17T00:19:54.748+0000][3704][safepoint    ] Total time for which application threads were stopped: 0.0003005 seconds, Stopping threads took: 0.0000365 seconds
[2022-06-17T00:19:54.748+0000][3704][safepoint    ] Application time: 0.0000813 seconds
[2022-06-17T00:19:54.748+0000][3704][safepoint    ] Entering safepoint region: RevokeBias
[2022-06-17T00:19:54.748+0000][3704][safepoint    ] Leaving safepoint region
[2022-06-17T00:19:54.748+0000][3704][safepoint    ] Total time for which application threads were stopped: 0.0000588 seconds, Stopping threads took: 0.0000129 seconds
[2022-06-17T00:20:24.753+0000][3704][safepoint    ] Application time: 30.0049453 seconds
[2022-06-17T00:20:24.753+0000][3704][safepoint    ] Entering safepoint region: RevokeBias
[2022-06-17T00:20:24.753+0000][3704][safepoint    ] Leaving safepoint region
[2022-06-17T00:20:24.753+0000][3704][safepoint    ] Total time for which application threads were stopped: 0.0001872 seconds, Stopping threads took: 0.0000458 seconds
[2022-06-17T00:20:54.756+0000][3704][safepoint    ] Application time: 30.0034913 seconds
[2022-06-17T00:20:54.756+0000][3704][safepoint    ] Entering safepoint region: RevokeBias
[2022-06-17T00:20:54.756+0000][3704][safepoint    ] Leaving safepoint region
[2022-06-17T00:20:54.756+0000][3704][safepoint    ] Total time for which application threads were stopped: 0.0001129 seconds, Stopping threads took: 0.0000200 seconds
[2022-06-17T00:21:24.766+0000][3704][safepoint    ] Application time: 30.0096319 seconds
[2022-06-17T00:21:24.766+0000][3704][safepoint    ] Entering safepoint region: RevokeBias
[2022-06-17T00:21:24.766+0000][3704][safepoint    ] Leaving safepoint region
[2022-06-17T00:21:24.766+0000][3704][safepoint    ] Total time for which application threads were stopped: 0.0001836 seconds, Stopping threads took: 0.0000599 seconds
[2022-06-17T00:21:54.772+0000][3704][safepoint    ] Application time: 30.0055903 seconds
[2022-06-17T00:21:54.772+0000][3704][safepoint    ] Entering safepoint region: RevokeBias
[2022-06-17T00:21:54.772+0000][3704][safepoint    ] Leaving safepoint region
[2022-06-17T00:21:54.772+0000][3704][safepoint    ] Total time for which application threads were stopped: 0.0001138 seconds, Stopping threads took: 0.0000227 seconds
[2022-06-17T00:22:24.788+0000][3704][safepoint    ] Application time: 30.0161867 seconds
[2022-06-17T00:22:24.788+0000][3704][safepoint    ] Entering safepoint region: RevokeBias
[2022-06-17T00:22:24.788+0000][3704][safepoint    ] Leaving safepoint region
[2022-06-17T00:22:24.788+0000][3704][safepoint    ] Total time for which application threads were stopped: 0.0001205 seconds, Stopping threads took: 0.0000269 seconds
[2022-06-17T00:22:47.982+0000][3704][safepoint    ] Application time: 23.1934440 seconds
[2022-06-17T00:22:47.982+0000][3704][safepoint    ] Entering safepoint region: Cleanup
[2022-06-17T00:22:47.982+0000][3704][safepoint    ] Leaving safepoint region
[2022-06-17T00:22:47.982+0000][3704][safepoint    ] Total time for which application threads were stopped: 0.0001174 seconds, Stopping threads took: 0.0000286 seconds
[2022-06-17T00:22:54.793+0000][3704][safepoint    ] Application time: 6.8106991 seconds
[2022-06-17T00:22:54.793+0000][3704][safepoint    ] Entering safepoint region: RevokeBias
[2022-06-17T00:22:54.793+0000][3704][safepoint    ] Leaving safepoint region
[2022-06-17T00:22:54.793+0000][3704][safepoint    ] Total time for which application threads were stopped: 0.0001926 seconds, Stopping threads took: 0.0000692 seconds
[2022-06-17T00:22:54.793+0000][3704][safepoint    ] Application time: 0.0000499 seconds
[2022-06-17T00:22:54.793+0000][3704][safepoint    ] Entering safepoint region: RevokeBias
[2022-06-17T00:22:54.793+0000][3704][safepoint    ] Leaving safepoint region
[2022-06-17T00:22:54.793+0000][3704][safepoint    ] Total time for which application threads were stopped: 0.0001004 seconds, Stopping threads took: 0.0000461 seconds
[2022-06-17T00:23:24.808+0000][3704][safepoint    ] Application time: 30.0150132 seconds
[2022-06-17T00:23:24.808+0000][3704][safepoint    ] Entering safepoint region: RevokeBias
[2022-06-17T00:23:24.808+0000][3704][safepoint    ] Leaving safepoint region
[2022-06-17T00:23:24.808+0000][3704][safepoint    ] Total time for which application threads were stopped: 0.0001636 seconds, Stopping threads took: 0.0000392 seconds
[2022-06-17T00:23:24.808+0000][3704][safepoint    ] Application time: 0.0000630 seconds
[2022-06-17T00:23:24.808+0000][3704][safepoint    ] Entering safepoint region: RevokeBias
[2022-06-17T00:23:24.808+0000][3704][safepoint    ] Leaving safepoint region
[2022-06-17T00:23:24.808+0000][3704][safepoint    ] Total time for which application threads were stopped: 0.0001234 seconds, Stopping threads took: 0.0000644 seconds
[2022-06-17T00:23:54.814+0000][3704][safepoint    ] Application time: 30.0054183 seconds
[2022-06-17T00:23:54.814+0000][3704][safepoint    ] Entering safepoint region: RevokeBias
[2022-06-17T00:23:54.814+0000][3704][safepoint    ] Leaving safepoint region
[2022-06-17T00:23:54.814+0000][3704][safepoint    ] Total time for which application threads were stopped: 0.0001938 seconds, Stopping threads took: 0.0000715 seconds
[2022-06-17T00:23:54.814+0000][3704][safepoint    ] Application time: 0.0000362 seconds
[2022-06-17T00:23:54.814+0000][3704][safepoint    ] Entering safepoint region: RevokeBias
[2022-06-17T00:23:54.814+0000][3704][safepoint    ] Leaving safepoint region
[2022-06-17T00:23:54.814+0000][3704][safepoint    ] Total time for which application threads were stopped: 0.0001059 seconds, Stopping threads took: 0.0000518 seconds
[2022-06-17T00:24:24.820+0000][3704][safepoint    ] Application time: 30.0063337 seconds
[2022-06-17T00:24:24.820+0000][3704][safepoint    ] Entering safepoint region: RevokeBias
[2022-06-17T00:24:24.820+0000][3704][safepoint    ] Leaving safepoint region
[2022-06-17T00:24:24.820+0000][3704][safepoint    ] Total time for which application threads were stopped: 0.0001941 seconds, Stopping threads took: 0.0000423 seconds
[2022-06-17T00:24:24.820+0000][3704][safepoint    ] Application time: 0.0003826 seconds
[2022-06-17T00:24:24.820+0000][3704][safepoint    ] Entering safepoint region: RevokeBias
[2022-06-17T00:24:24.820+0000][3704][safepoint    ] Leaving safepoint region
[2022-06-17T00:24:24.820+0000][3704][safepoint    ] Total time for which application threads were stopped: 0.0001070 seconds, Stopping threads took: 0.0000217 seconds
[2022-06-17T00:24:50.669+0000][3704][safepoint    ] Application time: 25.8478782 seconds
[2022-06-17T00:24:50.669+0000][3704][safepoint    ] Entering safepoint region: RevokeBias
[2022-06-17T00:24:50.669+0000][3704][safepoint    ] Leaving safepoint region
[2022-06-17T00:24:50.669+0000][3704][safepoint    ] Total time for which application threads were stopped: 0.0002048 seconds, Stopping threads took: 0.0000332 seconds
[2022-06-17T00:24:50.669+0000][3704][safepoint    ] Application time: 0.0008039 seconds
[2022-06-17T00:24:50.669+0000][3704][safepoint    ] Entering safepoint region: RevokeBias
[2022-06-17T00:24:50.669+0000][3704][safepoint    ] Leaving safepoint region
[2022-06-17T00:24:50.669+0000][3704][safepoint    ] Total time for which application threads were stopped: 0.0001027 seconds, Stopping threads took: 0.0000282 seconds
[2022-06-17T00:24:50.669+0000][3704][safepoint    ] Application time: 0.0006055 seconds
[2022-06-17T00:24:50.669+0000][3704][safepoint    ] Entering safepoint region: BulkRevokeBias
[2022-06-17T00:24:50.669+0000][3704][safepoint    ] Leaving safepoint region
[2022-06-17T00:24:50.669+0000][3704][safepoint    ] Total time for which application threads were stopped: 0.0003276 seconds, Stopping threads took: 0.0000231 seconds
[2022-06-17T00:24:50.669+0000][3704][safepoint    ] Application time: 0.0005631 seconds
[2022-06-17T00:24:50.669+0000][3704][safepoint    ] Entering safepoint region: RevokeBias
[2022-06-17T00:24:50.669+0000][3704][safepoint    ] Leaving safepoint region
[2022-06-17T00:24:50.669+0000][3704][safepoint    ] Total time for which application threads were stopped: 0.0000766 seconds, Stopping threads took: 0.0000196 seconds
[2022-06-17T00:24:54.825+0000][3704][safepoint    ] Application time: 4.1530375 seconds
[2022-06-17T00:24:54.825+0000][3704][safepoint    ] Entering safepoint region: RevokeBias
[2022-06-17T00:24:54.825+0000][3704][safepoint    ] Leaving safepoint region
[2022-06-17T00:24:54.825+0000][3704][safepoint    ] Total time for which application threads were stopped: 0.0002404 seconds, Stopping threads took: 0.0000591 seconds
[2022-06-17T00:25:24.837+0000][3704][safepoint    ] Application time: 30.0118853 seconds
[2022-06-17T00:25:24.837+0000][3704][safepoint    ] Entering safepoint region: RevokeBias
[2022-06-17T00:25:24.837+0000][3704][safepoint    ] Leaving safepoint region
[2022-06-17T00:25:24.837+0000][3704][safepoint    ] Total time for which application threads were stopped: 0.0026129 seconds, Stopping threads took: 0.0024129 seconds
[2022-06-17T00:25:24.837+0000][3704][safepoint    ] Application time: 0.0005236 seconds
[2022-06-17T00:25:24.837+0000][3704][safepoint    ] Entering safepoint region: RevokeBias
[2022-06-17T00:25:24.837+0000][3704][safepoint    ] Leaving safepoint region
[2022-06-17T00:25:24.837+0000][3704][safepoint    ] Total time for which application threads were stopped: 0.0001444 seconds, Stopping threads took: 0.0000254 seconds
[2022-06-17T00:25:54.851+0000][3704][safepoint    ] Application time: 30.0112506 seconds
[2022-06-17T00:25:54.851+0000][3704][safepoint    ] Entering safepoint region: RevokeBias
[2022-06-17T00:25:54.851+0000][3704][safepoint    ] Leaving safepoint region
[2022-06-17T00:25:54.851+0000][3704][safepoint    ] Total time for which application threads were stopped: 0.0001168 seconds, Stopping threads took: 0.0000251 seconds
[2022-06-17T00:26:24.863+0000][3704][safepoint    ] Application time: 30.0117985 seconds
[2022-06-17T00:26:24.863+0000][3704][safepoint    ] Entering safepoint region: RevokeBias
[2022-06-17T00:26:24.863+0000][3704][safepoint    ] Leaving safepoint region
[2022-06-17T00:26:24.863+0000][3704][safepoint    ] Total time for which application threads were stopped: 0.0001997 seconds, Stopping threads took: 0.0000765 seconds
[2022-06-17T00:26:24.863+0000][3704][safepoint    ] Application time: 0.0000357 seconds
[2022-06-17T00:26:24.863+0000][3704][safepoint    ] Entering safepoint region: RevokeBias
[2022-06-17T00:26:24.863+0000][3704][safepoint    ] Leaving safepoint region
[2022-06-17T00:26:24.863+0000][3704][safepoint    ] Total time for which application threads were stopped: 0.0000664 seconds, Stopping threads took: 0.0000175 seconds
[2022-06-17T00:26:54.865+0000][3704][safepoint    ] Application time: 30.0015226 seconds
[2022-06-17T00:26:54.865+0000][3704][safepoint    ] Entering safepoint region: RevokeBias
[2022-06-17T00:26:54.865+0000][3704][safepoint    ] Leaving safepoint region
[2022-06-17T00:26:54.865+0000][3704][safepoint    ] Total time for which application threads were stopped: 0.0001315 seconds, Stopping threads took: 0.0000336 seconds
[2022-06-17T00:26:54.865+0000][3704][safepoint    ] Application time: 0.0001974 seconds
[2022-06-17T00:26:54.865+0000][3704][safepoint    ] Entering safepoint region: RevokeBias
[2022-06-17T00:26:54.865+0000][3704][safepoint    ] Leaving safepoint region
[2022-06-17T00:26:54.865+0000][3704][safepoint    ] Total time for which application threads were stopped: 0.0001152 seconds, Stopping threads took: 0.0000333 seconds
[2022-06-17T00:27:24.872+0000][3704][safepoint    ] Application time: 30.0068368 seconds
[2022-06-17T00:27:24.872+0000][3704][safepoint    ] Entering safepoint region: RevokeBias
[2022-06-17T00:27:24.872+0000][3704][safepoint    ] Leaving safepoint region
[2022-06-17T00:27:24.872+0000][3704][safepoint    ] Total time for which application threads were stopped: 0.0001110 seconds, Stopping threads took: 0.0000215 seconds
[2022-06-17T00:27:54.877+0000][3704][safepoint    ] Application time: 30.0048068 seconds
[2022-06-17T00:27:54.877+0000][3704][safepoint    ] Entering safepoint region: RevokeBias
[2022-06-17T00:27:54.877+0000][3704][safepoint    ] Leaving safepoint region
[2022-06-17T00:27:54.877+0000][3704][safepoint    ] Total time for which application threads were stopped: 0.0001510 seconds, Stopping threads took: 0.0000410 seconds
[2022-06-17T00:27:54.877+0000][3704][safepoint    ] Application time: 0.0004226 seconds
[2022-06-17T00:27:54.877+0000][3704][safepoint    ] Entering safepoint region: RevokeBias
[2022-06-17T00:27:54.877+0000][3704][safepoint    ] Leaving safepoint region
[2022-06-17T00:27:54.877+0000][3704][safepoint    ] Total time for which application threads were stopped: 0.0001063 seconds, Stopping threads took: 0.0000424 seconds
[2022-06-17T00:28:24.888+0000][3704][safepoint    ] Application time: 30.0100542 seconds
[2022-06-17T00:28:24.888+0000][3704][safepoint    ] Entering safepoint region: RevokeBias
[2022-06-17T00:28:24.888+0000][3704][safepoint    ] Leaving safepoint region
[2022-06-17T00:28:24.888+0000][3704][safepoint    ] Total time for which application threads were stopped: 0.0001110 seconds, Stopping threads took: 0.0000191 seconds
[2022-06-17T00:28:54.891+0000][3704][safepoint    ] Application time: 30.0031266 seconds
[2022-06-17T00:28:54.891+0000][3704][safepoint    ] Entering safepoint region: RevokeBias
[2022-06-17T00:28:54.891+0000][3704][safepoint    ] Leaving safepoint region
[2022-06-17T00:28:54.891+0000][3704][safepoint    ] Total time for which application threads were stopped: 0.0001938 seconds, Stopping threads took: 0.0000571 seconds
[2022-06-17T00:29:24.892+0000][3704][safepoint    ] Application time: 30.0011853 seconds
[2022-06-17T00:29:24.892+0000][3704][safepoint    ] Entering safepoint region: RevokeBias
[2022-06-17T00:29:24.892+0000][3704][safepoint    ] Leaving safepoint region
[2022-06-17T00:29:24.892+0000][3704][safepoint    ] Total time for which application threads were stopped: 0.0001867 seconds, Stopping threads took: 0.0000578 seconds
[2022-06-17T00:29:24.892+0000][3704][safepoint    ] Application time: 0.0000601 seconds
[2022-06-17T00:29:24.892+0000][3704][safepoint    ] Entering safepoint region: RevokeBias
[2022-06-17T00:29:24.892+0000][3704][safepoint    ] Leaving safepoint region
[2022-06-17T00:29:24.892+0000][3704][safepoint    ] Total time for which application threads were stopped: 0.0000932 seconds, Stopping threads took: 0.0000398 seconds
[2022-06-17T00:29:54.905+0000][3704][safepoint    ] Application time: 30.0130511 seconds
[2022-06-17T00:29:54.905+0000][3704][safepoint    ] Entering safepoint region: RevokeBias
[2022-06-17T00:29:54.905+0000][3704][safepoint    ] Leaving safepoint region
[2022-06-17T00:29:54.905+0000][3704][safepoint    ] Total time for which application threads were stopped: 0.0001963 seconds, Stopping threads took: 0.0000707 seconds
[2022-06-17T00:29:54.905+0000][3704][safepoint    ] Application time: 0.0000519 seconds
[2022-06-17T00:29:54.905+0000][3704][safepoint    ] Entering safepoint region: BulkRevokeBias
[2022-06-17T00:29:54.905+0000][3704][safepoint    ] Leaving safepoint region
[2022-06-17T00:29:54.905+0000][3704][safepoint    ] Total time for which application threads were stopped: 0.0004894 seconds, Stopping threads took: 0.0002144 seconds
[2022-06-17T00:29:54.905+0000][3704][safepoint    ] Application time: 0.0000802 seconds
[2022-06-17T00:29:54.905+0000][3704][safepoint    ] Entering safepoint region: RevokeBias
[2022-06-17T00:29:54.905+0000][3704][safepoint    ] Leaving safepoint region
[2022-06-17T00:29:54.905+0000][3704][safepoint    ] Total time for which application threads were stopped: 0.0000559 seconds, Stopping threads took: 0.0000129 seconds
[2022-06-17T00:30:24.907+0000][3704][safepoint    ] Application time: 30.0008155 seconds
[2022-06-17T00:30:24.907+0000][3704][safepoint    ] Entering safepoint region: RevokeBias
[2022-06-17T00:30:24.907+0000][3704][safepoint    ] Leaving safepoint region
[2022-06-17T00:30:24.907+0000][3704][safepoint    ] Total time for which application threads were stopped: 0.0001975 seconds, Stopping threads took: 0.0000727 seconds
[2022-06-17T00:30:24.907+0000][3704][safepoint    ] Application time: 0.0000539 seconds
[2022-06-17T00:30:24.907+0000][3704][safepoint    ] Entering safepoint region: RevokeBias
[2022-06-17T00:30:24.907+0000][3704][safepoint    ] Leaving safepoint region
[2022-06-17T00:30:24.907+0000][3704][safepoint    ] Total time for which application threads were stopped: 0.0000908 seconds, Stopping threads took: 0.0000395 seconds
[2022-06-17T00:30:54.920+0000][3704][safepoint    ] Application time: 30.0124581 seconds
[2022-06-17T00:30:54.920+0000][3704][safepoint    ] Entering safepoint region: RevokeBias
[2022-06-17T00:30:54.920+0000][3704][safepoint    ] Leaving safepoint region
[2022-06-17T00:30:54.920+0000][3704][safepoint    ] Total time for which application threads were stopped: 0.0001417 seconds, Stopping threads took: 0.0000259 seconds
[2022-06-17T00:31:24.922+0000][3704][safepoint    ] Application time: 30.0023458 seconds
[2022-06-17T00:31:24.922+0000][3704][safepoint    ] Entering safepoint region: RevokeBias
[2022-06-17T00:31:24.922+0000][3704][safepoint    ] Leaving safepoint region
[2022-06-17T00:31:24.922+0000][3704][safepoint    ] Total time for which application threads were stopped: 0.0001093 seconds, Stopping threads took: 0.0000187 seconds
[2022-06-17T00:31:54.927+0000][3704][safepoint    ] Application time: 30.0048465 seconds
[2022-06-17T00:31:54.927+0000][3704][safepoint    ] Entering safepoint region: RevokeBias
[2022-06-17T00:31:54.927+0000][3704][safepoint    ] Leaving safepoint region
[2022-06-17T00:31:54.927+0000][3704][safepoint    ] Total time for which application threads were stopped: 0.0002097 seconds, Stopping threads took: 0.0000775 seconds
[2022-06-17T00:31:54.927+0000][3704][safepoint    ] Application time: 0.0000513 seconds
[2022-06-17T00:31:54.927+0000][3704][safepoint    ] Entering safepoint region: RevokeBias
[2022-06-17T00:31:54.927+0000][3704][safepoint    ] Leaving safepoint region
[2022-06-17T00:31:54.927+0000][3704][safepoint    ] Total time for which application threads were stopped: 0.0000999 seconds, Stopping threads took: 0.0000452 seconds
[2022-06-17T00:32:24.942+0000][3704][safepoint    ] Application time: 30.0148233 seconds
[2022-06-17T00:32:24.942+0000][3704][safepoint    ] Entering safepoint region: RevokeBias
[2022-06-17T00:32:24.942+0000][3704][safepoint    ] Leaving safepoint region
[2022-06-17T00:32:24.942+0000][3704][safepoint    ] Total time for which application threads were stopped: 0.0002015 seconds, Stopping threads took: 0.0000755 seconds
[2022-06-17T00:32:24.942+0000][3704][safepoint    ] Application time: 0.0000606 seconds
[2022-06-17T00:32:24.942+0000][3704][safepoint    ] Entering safepoint region: RevokeBias
[2022-06-17T00:32:24.942+0000][3704][safepoint    ] Leaving safepoint region
[2022-06-17T00:32:24.942+0000][3704][safepoint    ] Total time for which application threads were stopped: 0.0001068 seconds, Stopping threads took: 0.0000509 seconds
[2022-06-17T00:32:54.957+0000][3704][safepoint    ] Application time: 30.0144982 seconds
[2022-06-17T00:32:54.957+0000][3704][safepoint    ] Entering safepoint region: RevokeBias
[2022-06-17T00:32:54.957+0000][3704][safepoint    ] Leaving safepoint region
[2022-06-17T00:32:54.957+0000][3704][safepoint    ] Total time for which application threads were stopped: 0.0001581 seconds, Stopping threads took: 0.0000594 seconds
[2022-06-17T00:33:24.960+0000][3704][safepoint    ] Application time: 30.0031566 seconds
[2022-06-17T00:33:24.960+0000][3704][safepoint    ] Entering safepoint region: RevokeBias
[2022-06-17T00:33:24.960+0000][3704][safepoint    ] Leaving safepoint region
[2022-06-17T00:33:24.960+0000][3704][safepoint    ] Total time for which application threads were stopped: 0.0001681 seconds, Stopping threads took: 0.0000457 seconds
[2022-06-17T00:33:24.960+0000][3704][safepoint    ] Application time: 0.0000613 seconds
[2022-06-17T00:33:24.960+0000][3704][safepoint    ] Entering safepoint region: RevokeBias
[2022-06-17T00:33:24.960+0000][3704][safepoint    ] Leaving safepoint region
[2022-06-17T00:33:24.960+0000][3704][safepoint    ] Total time for which application threads were stopped: 0.0001076 seconds, Stopping threads took: 0.0000526 seconds
[2022-06-17T00:33:54.966+0000][3704][safepoint    ] Application time: 30.0065620 seconds
[2022-06-17T00:33:54.966+0000][3704][safepoint    ] Entering safepoint region: RevokeBias
[2022-06-17T00:33:54.966+0000][3704][safepoint    ] Leaving safepoint region
[2022-06-17T00:33:54.966+0000][3704][safepoint    ] Total time for which application threads were stopped: 0.0001888 seconds, Stopping threads took: 0.0000665 seconds
[2022-06-17T00:33:54.966+0000][3704][safepoint    ] Application time: 0.0000656 seconds
[2022-06-17T00:33:54.966+0000][3704][safepoint    ] Entering safepoint region: RevokeBias
[2022-06-17T00:33:54.966+0000][3704][safepoint    ] Leaving safepoint region
[2022-06-17T00:33:54.966+0000][3704][safepoint    ] Total time for which application threads were stopped: 0.0001025 seconds, Stopping threads took: 0.0000441 seconds
[2022-06-17T00:34:24.976+0000][3704][safepoint    ] Application time: 30.0089626 seconds
[2022-06-17T00:34:24.976+0000][3704][safepoint    ] Entering safepoint region: RevokeBias
[2022-06-17T00:34:24.976+0000][3704][safepoint    ] Leaving safepoint region
[2022-06-17T00:34:24.976+0000][3704][safepoint    ] Total time for which application threads were stopped: 0.0001132 seconds, Stopping threads took: 0.0000233 seconds
[2022-06-17T00:34:50.671+0000][3704][safepoint    ] Application time: 25.6957119 seconds
[2022-06-17T00:34:50.671+0000][3704][safepoint    ] Entering safepoint region: RevokeBias
[2022-06-17T00:34:50.671+0000][3704][safepoint    ] Leaving safepoint region
[2022-06-17T00:34:50.671+0000][3704][safepoint    ] Total time for which application threads were stopped: 0.0002063 seconds, Stopping threads took: 0.0000640 seconds
[2022-06-17T00:34:50.671+0000][3704][safepoint    ] Application time: 0.0001567 seconds
[2022-06-17T00:34:50.671+0000][3704][safepoint    ] Entering safepoint region: BulkRevokeBias
[2022-06-17T00:34:50.671+0000][3704][safepoint    ] Leaving safepoint region
[2022-06-17T00:34:50.671+0000][3704][safepoint    ] Total time for which application threads were stopped: 0.0003316 seconds, Stopping threads took: 0.0000507 seconds
[2022-06-17T00:34:50.671+0000][3704][safepoint    ] Application time: 0.0007314 seconds
[2022-06-17T00:34:50.671+0000][3704][safepoint    ] Entering safepoint region: RevokeBias
[2022-06-17T00:34:50.671+0000][3704][safepoint    ] Leaving safepoint region
[2022-06-17T00:34:50.671+0000][3704][safepoint    ] Total time for which application threads were stopped: 0.0000591 seconds, Stopping threads took: 0.0000138 seconds
[2022-06-17T00:34:50.671+0000][3704][safepoint    ] Application time: 0.0000441 seconds
[2022-06-17T00:34:50.671+0000][3704][safepoint    ] Entering safepoint region: RevokeBias
[2022-06-17T00:34:50.671+0000][3704][safepoint    ] Leaving safepoint region
[2022-06-17T00:34:50.671+0000][3704][safepoint    ] Total time for which application threads were stopped: 0.0000445 seconds, Stopping threads took: 0.0000119 seconds
[2022-06-17T00:34:54.981+0000][3704][safepoint    ] Application time: 4.3082632 seconds
[2022-06-17T00:34:54.981+0000][3704][safepoint    ] Entering safepoint region: RevokeBias
[2022-06-17T00:34:54.981+0000][3704][safepoint    ] Leaving safepoint region
[2022-06-17T00:34:54.981+0000][3704][safepoint    ] Total time for which application threads were stopped: 0.0002585 seconds, Stopping threads took: 0.0000893 seconds
[2022-06-17T00:34:54.981+0000][3704][safepoint    ] Application time: 0.0003364 seconds
[2022-06-17T00:34:54.981+0000][3704][safepoint    ] Entering safepoint region: RevokeBias
[2022-06-17T00:34:54.981+0000][3704][safepoint    ] Leaving safepoint region
[2022-06-17T00:34:54.981+0000][3704][safepoint    ] Total time for which application threads were stopped: 0.0001141 seconds, Stopping threads took: 0.0000342 seconds
[2022-06-17T00:35:24.985+0000][3704][safepoint    ] Application time: 30.0033677 seconds
[2022-06-17T00:35:24.985+0000][3704][safepoint    ] Entering safepoint region: RevokeBias
[2022-06-17T00:35:24.985+0000][3704][safepoint    ] Leaving safepoint region
[2022-06-17T00:35:24.985+0000][3704][safepoint    ] Total time for which application threads were stopped: 0.0001650 seconds, Stopping threads took: 0.0000326 seconds
[2022-06-17T00:35:24.985+0000][3704][safepoint    ] Application time: 0.0001018 seconds
[2022-06-17T00:35:24.985+0000][3704][safepoint    ] Entering safepoint region: RevokeBias
[2022-06-17T00:35:24.985+0000][3704][safepoint    ] Leaving safepoint region
[2022-06-17T00:35:24.985+0000][3704][safepoint    ] Total time for which application threads were stopped: 0.0000663 seconds, Stopping threads took: 0.0000136 seconds
[2022-06-17T00:35:54.995+0000][3704][safepoint    ] Application time: 30.0090235 seconds
[2022-06-17T00:35:54.995+0000][3704][safepoint    ] Entering safepoint region: RevokeBias
[2022-06-17T00:35:54.995+0000][3704][safepoint    ] Leaving safepoint region
[2022-06-17T00:35:54.995+0000][3704][safepoint    ] Total time for which application threads were stopped: 0.0001447 seconds, Stopping threads took: 0.0000541 seconds
[2022-06-17T00:36:25.006+0000][3704][safepoint    ] Application time: 30.0113852 seconds
[2022-06-17T00:36:25.006+0000][3704][safepoint    ] Entering safepoint region: RevokeBias
[2022-06-17T00:36:25.006+0000][3704][safepoint    ] Leaving safepoint region
[2022-06-17T00:36:25.006+0000][3704][safepoint    ] Total time for which application threads were stopped: 0.0001631 seconds, Stopping threads took: 0.0000418 seconds
[2022-06-17T00:36:25.006+0000][3704][safepoint    ] Application time: 0.0002166 seconds
[2022-06-17T00:36:25.006+0000][3704][safepoint    ] Entering safepoint region: RevokeBias
[2022-06-17T00:36:25.006+0000][3704][safepoint    ] Leaving safepoint region
[2022-06-17T00:36:25.006+0000][3704][safepoint    ] Total time for which application threads were stopped: 0.0001110 seconds, Stopping threads took: 0.0000441 seconds
[2022-06-17T00:36:55.016+0000][3704][safepoint    ] Application time: 30.0095984 seconds
[2022-06-17T00:36:55.016+0000][3704][safepoint    ] Entering safepoint region: RevokeBias
[2022-06-17T00:36:55.016+0000][3704][safepoint    ] Leaving safepoint region
[2022-06-17T00:36:55.016+0000][3704][safepoint    ] Total time for which application threads were stopped: 0.0001923 seconds, Stopping threads took: 0.0000677 seconds
[2022-06-17T00:36:55.016+0000][3704][safepoint    ] Application time: 0.0000662 seconds
[2022-06-17T00:36:55.016+0000][3704][safepoint    ] Entering safepoint region: RevokeBias
[2022-06-17T00:36:55.016+0000][3704][safepoint    ] Leaving safepoint region
[2022-06-17T00:36:55.016+0000][3704][safepoint    ] Total time for which application threads were stopped: 0.0000975 seconds, Stopping threads took: 0.0000454 seconds
[2022-06-17T00:37:25.031+0000][3704][safepoint    ] Application time: 30.0141744 seconds
[2022-06-17T00:37:25.031+0000][3704][safepoint    ] Entering safepoint region: RevokeBias
[2022-06-17T00:37:25.031+0000][3704][safepoint    ] Leaving safepoint region
[2022-06-17T00:37:25.031+0000][3704][safepoint    ] Total time for which application threads were stopped: 0.0001136 seconds, Stopping threads took: 0.0000188 seconds
[2022-06-17T00:37:55.044+0000][3704][safepoint    ] Application time: 30.0131619 seconds
[2022-06-17T00:37:55.044+0000][3704][safepoint    ] Entering safepoint region: RevokeBias
[2022-06-17T00:37:55.044+0000][3704][safepoint    ] Leaving safepoint region
[2022-06-17T00:37:55.044+0000][3704][safepoint    ] Total time for which application threads were stopped: 0.0001956 seconds, Stopping threads took: 0.0000712 seconds
[2022-06-17T00:37:55.044+0000][3704][safepoint    ] Application time: 0.0000597 seconds
[2022-06-17T00:37:55.044+0000][3704][safepoint    ] Entering safepoint region: RevokeBias
[2022-06-17T00:37:55.044+0000][3704][safepoint    ] Leaving safepoint region
[2022-06-17T00:37:55.044+0000][3704][safepoint    ] Total time for which application threads were stopped: 0.0000889 seconds, Stopping threads took: 0.0000345 seconds
[2022-06-17T00:38:25.057+0000][3704][safepoint    ] Application time: 30.0125812 seconds
[2022-06-17T00:38:25.057+0000][3704][safepoint    ] Entering safepoint region: RevokeBias
[2022-06-17T00:38:25.057+0000][3704][safepoint    ] Leaving safepoint region
[2022-06-17T00:38:25.057+0000][3704][safepoint    ] Total time for which application threads were stopped: 0.0001095 seconds, Stopping threads took: 0.0000210 seconds
[2022-06-17T00:38:55.065+0000][3704][safepoint    ] Application time: 30.0087718 seconds
[2022-06-17T00:38:55.065+0000][3704][safepoint    ] Entering safepoint region: RevokeBias
[2022-06-17T00:38:55.065+0000][3704][safepoint    ] Leaving safepoint region
[2022-06-17T00:38:55.065+0000][3704][safepoint    ] Total time for which application threads were stopped: 0.0001309 seconds, Stopping threads took: 0.0000244 seconds
[2022-06-17T00:39:25.081+0000][3704][safepoint    ] Application time: 30.0158496 seconds
[2022-06-17T00:39:25.081+0000][3704][safepoint    ] Entering safepoint region: RevokeBias
[2022-06-17T00:39:25.081+0000][3704][safepoint    ] Leaving safepoint region
[2022-06-17T00:39:25.081+0000][3704][safepoint    ] Total time for which application threads were stopped: 0.0001951 seconds, Stopping threads took: 0.0000698 seconds
[2022-06-17T00:39:25.081+0000][3704][safepoint    ] Application time: 0.0000608 seconds
[2022-06-17T00:39:25.081+0000][3704][safepoint    ] Entering safepoint region: RevokeBias
[2022-06-17T00:39:25.081+0000][3704][safepoint    ] Leaving safepoint region
[2022-06-17T00:39:25.081+0000][3704][safepoint    ] Total time for which application threads were stopped: 0.0000903 seconds, Stopping threads took: 0.0000332 seconds
[2022-06-17T00:39:55.086+0000][3704][safepoint    ] Application time: 30.0048382 seconds
[2022-06-17T00:39:55.086+0000][3704][safepoint    ] Entering safepoint region: RevokeBias
[2022-06-17T00:39:55.086+0000][3704][safepoint    ] Leaving safepoint region
[2022-06-17T00:39:55.086+0000][3704][safepoint    ] Total time for which application threads were stopped: 0.0004251 seconds, Stopping threads took: 0.0000859 seconds
[2022-06-17T00:39:55.086+0000][3704][safepoint    ] Application time: 0.0000807 seconds
[2022-06-17T00:39:55.086+0000][3704][safepoint    ] Entering safepoint region: RevokeBias
[2022-06-17T00:39:55.086+0000][3704][safepoint    ] Leaving safepoint region
[2022-06-17T00:39:55.086+0000][3704][safepoint    ] Total time for which application threads were stopped: 0.0001123 seconds, Stopping threads took: 0.0000576 seconds
[2022-06-17T00:40:25.095+0000][3704][safepoint    ] Application time: 30.0082703 seconds
[2022-06-17T00:40:25.095+0000][3704][safepoint    ] Entering safepoint region: RevokeBias
[2022-06-17T00:40:25.095+0000][3704][safepoint    ] Leaving safepoint region
[2022-06-17T00:40:25.095+0000][3704][safepoint    ] Total time for which application threads were stopped: 0.0001418 seconds, Stopping threads took: 0.0000254 seconds
[2022-06-17T00:40:55.112+0000][3704][safepoint    ] Application time: 30.0162557 seconds
[2022-06-17T00:40:55.112+0000][3704][safepoint    ] Entering safepoint region: RevokeBias
[2022-06-17T00:40:55.112+0000][3704][safepoint    ] Leaving safepoint region
[2022-06-17T00:40:55.112+0000][3704][safepoint    ] Total time for which application threads were stopped: 0.0001816 seconds, Stopping threads took: 0.0000609 seconds
[2022-06-17T00:40:55.112+0000][3704][safepoint    ] Application time: 0.0000438 seconds
[2022-06-17T00:40:55.112+0000][3704][safepoint    ] Entering safepoint region: RevokeBias
[2022-06-17T00:40:55.112+0000][3704][safepoint    ] Leaving safepoint region
[2022-06-17T00:40:55.112+0000][3704][safepoint    ] Total time for which application threads were stopped: 0.0000980 seconds, Stopping threads took: 0.0000465 seconds
[2022-06-17T00:41:25.122+0000][3704][safepoint    ] Application time: 30.0108170 seconds
[2022-06-17T00:41:25.122+0000][3704][safepoint    ] Entering safepoint region: RevokeBias
[2022-06-17T00:41:25.122+0000][3704][safepoint    ] Leaving safepoint region
[2022-06-17T00:41:25.122+0000][3704][safepoint    ] Total time for which application threads were stopped: 0.0001874 seconds, Stopping threads took: 0.0000454 seconds
[2022-06-17T00:41:55.127+0000][3704][safepoint    ] Application time: 30.0043689 seconds
[2022-06-17T00:41:55.127+0000][3704][safepoint    ] Entering safepoint region: RevokeBias
[2022-06-17T00:41:55.127+0000][3704][safepoint    ] Leaving safepoint region
[2022-06-17T00:41:55.127+0000][3704][safepoint    ] Total time for which application threads were stopped: 0.0001079 seconds, Stopping threads took: 0.0000193 seconds
[2022-06-17T00:42:25.142+0000][3704][safepoint    ] Application time: 30.0147955 seconds
[2022-06-17T00:42:25.142+0000][3704][safepoint    ] Entering safepoint region: RevokeBias
[2022-06-17T00:42:25.142+0000][3704][safepoint    ] Leaving safepoint region
[2022-06-17T00:42:25.142+0000][3704][safepoint    ] Total time for which application threads were stopped: 0.0001178 seconds, Stopping threads took: 0.0000267 seconds
[2022-06-17T00:42:55.153+0000][3704][safepoint    ] Application time: 30.0112135 seconds
[2022-06-17T00:42:55.153+0000][3704][safepoint    ] Entering safepoint region: RevokeBias
[2022-06-17T00:42:55.153+0000][3704][safepoint    ] Leaving safepoint region
[2022-06-17T00:42:55.153+0000][3704][safepoint    ] Total time for which application threads were stopped: 0.0001949 seconds, Stopping threads took: 0.0000712 seconds
[2022-06-17T00:42:55.153+0000][3704][safepoint    ] Application time: 0.0000417 seconds
[2022-06-17T00:42:55.153+0000][3704][safepoint    ] Entering safepoint region: RevokeBias
[2022-06-17T00:42:55.153+0000][3704][safepoint    ] Leaving safepoint region
[2022-06-17T00:42:55.153+0000][3704][safepoint    ] Total time for which application threads were stopped: 0.0000916 seconds, Stopping threads took: 0.0000399 seconds
[2022-06-17T00:43:25.156+0000][3704][safepoint    ] Application time: 30.0028262 seconds
[2022-06-17T00:43:25.156+0000][3704][safepoint    ] Entering safepoint region: RevokeBias
[2022-06-17T00:43:25.156+0000][3704][safepoint    ] Leaving safepoint region
[2022-06-17T00:43:25.156+0000][3704][safepoint    ] Total time for which application threads were stopped: 0.0001921 seconds, Stopping threads took: 0.0000694 seconds
[2022-06-17T00:43:25.156+0000][3704][safepoint    ] Application time: 0.0000619 seconds
[2022-06-17T00:43:25.156+0000][3704][safepoint    ] Entering safepoint region: RevokeBias
[2022-06-17T00:43:25.156+0000][3704][safepoint    ] Leaving safepoint region
[2022-06-17T00:43:25.156+0000][3704][safepoint    ] Total time for which application threads were stopped: 0.0000986 seconds, Stopping threads took: 0.0000421 seconds
[2022-06-17T00:43:55.163+0000][3704][safepoint    ] Application time: 30.0062179 seconds
[2022-06-17T00:43:55.163+0000][3704][safepoint    ] Entering safepoint region: RevokeBias
[2022-06-17T00:43:55.163+0000][3704][safepoint    ] Leaving safepoint region
[2022-06-17T00:43:55.163+0000][3704][safepoint    ] Total time for which application threads were stopped: 0.0001164 seconds, Stopping threads took: 0.0000257 seconds
[2022-06-17T00:44:25.167+0000][3704][safepoint    ] Application time: 30.0041731 seconds
[2022-06-17T00:44:25.167+0000][3704][safepoint    ] Entering safepoint region: RevokeBias
[2022-06-17T00:44:25.167+0000][3704][safepoint    ] Leaving safepoint region
[2022-06-17T00:44:25.167+0000][3704][safepoint    ] Total time for which application threads were stopped: 0.0001187 seconds, Stopping threads took: 0.0000284 seconds
[2022-06-17T00:44:50.668+0000][3704][safepoint    ] Application time: 25.5016379 seconds
[2022-06-17T00:44:50.668+0000][3704][safepoint    ] Entering safepoint region: RevokeBias
[2022-06-17T00:44:50.668+0000][3704][safepoint    ] Leaving safepoint region
[2022-06-17T00:44:50.668+0000][3704][safepoint    ] Total time for which application threads were stopped: 0.0002051 seconds, Stopping threads took: 0.0000726 seconds
[2022-06-17T00:44:50.668+0000][3704][safepoint    ] Application time: 0.0005329 seconds
[2022-06-17T00:44:50.668+0000][3704][safepoint    ] Entering safepoint region: BulkRevokeBias
[2022-06-17T00:44:50.668+0000][3704][safepoint    ] Leaving safepoint region
[2022-06-17T00:44:50.668+0000][3704][safepoint    ] Total time for which application threads were stopped: 0.0002912 seconds, Stopping threads took: 0.0000444 seconds
[2022-06-17T00:44:50.668+0000][3704][safepoint    ] Application time: 0.0003909 seconds
[2022-06-17T00:44:50.668+0000][3704][safepoint    ] Entering safepoint region: RevokeBias
[2022-06-17T00:44:50.668+0000][3704][safepoint    ] Leaving safepoint region
[2022-06-17T00:44:50.668+0000][3704][safepoint    ] Total time for which application threads were stopped: 0.0000577 seconds, Stopping threads took: 0.0000129 seconds
[2022-06-17T00:44:50.668+0000][3704][safepoint    ] Application time: 0.0001677 seconds
[2022-06-17T00:44:50.668+0000][3704][safepoint    ] Entering safepoint region: RevokeBias
[2022-06-17T00:44:50.668+0000][3704][safepoint    ] Leaving safepoint region
[2022-06-17T00:44:50.668+0000][3704][safepoint    ] Total time for which application threads were stopped: 0.0000504 seconds, Stopping threads took: 0.0000123 seconds
[2022-06-17T00:44:55.171+0000][3704][safepoint    ] Application time: 4.5007048 seconds
[2022-06-17T00:44:55.171+0000][3704][safepoint    ] Entering safepoint region: RevokeBias
[2022-06-17T00:44:55.171+0000][3704][safepoint    ] Leaving safepoint region
[2022-06-17T00:44:55.171+0000][3704][safepoint    ] Total time for which application threads were stopped: 0.0002110 seconds, Stopping threads took: 0.0000760 seconds
[2022-06-17T00:44:55.171+0000][3704][safepoint    ] Application time: 0.0000630 seconds
[2022-06-17T00:44:55.171+0000][3704][safepoint    ] Entering safepoint region: RevokeBias
[2022-06-17T00:44:55.171+0000][3704][safepoint    ] Leaving safepoint region
[2022-06-17T00:44:55.171+0000][3704][safepoint    ] Total time for which application threads were stopped: 0.0000967 seconds, Stopping threads took: 0.0000419 seconds
[2022-06-17T00:45:25.177+0000][3704][safepoint    ] Application time: 30.0053958 seconds
[2022-06-17T00:45:25.177+0000][3704][safepoint    ] Entering safepoint region: RevokeBias
[2022-06-17T00:45:25.177+0000][3704][safepoint    ] Leaving safepoint region
[2022-06-17T00:45:25.177+0000][3704][safepoint    ] Total time for which application threads were stopped: 0.0001150 seconds, Stopping threads took: 0.0000238 seconds
[2022-06-17T00:45:55.192+0000][3704][safepoint    ] Application time: 30.0148314 seconds
[2022-06-17T00:45:55.192+0000][3704][safepoint    ] Entering safepoint region: RevokeBias
[2022-06-17T00:45:55.192+0000][3704][safepoint    ] Leaving safepoint region
[2022-06-17T00:45:55.192+0000][3704][safepoint    ] Total time for which application threads were stopped: 0.0001171 seconds, Stopping threads took: 0.0000233 seconds
[2022-06-17T00:46:25.196+0000][3704][safepoint    ] Application time: 30.0036410 seconds
[2022-06-17T00:46:25.196+0000][3704][safepoint    ] Entering safepoint region: RevokeBias
[2022-06-17T00:46:25.196+0000][3704][safepoint    ] Leaving safepoint region
[2022-06-17T00:46:25.196+0000][3704][safepoint    ] Total time for which application threads were stopped: 0.0001124 seconds, Stopping threads took: 0.0000234 seconds
[2022-06-17T00:46:55.196+0000][3704][safepoint    ] Application time: 30.0009175 seconds
[2022-06-17T00:46:55.196+0000][3704][safepoint    ] Entering safepoint region: RevokeBias
[2022-06-17T00:46:55.196+0000][3704][safepoint    ] Leaving safepoint region
[2022-06-17T00:46:55.196+0000][3704][safepoint    ] Total time for which application threads were stopped: 0.0001164 seconds, Stopping threads took: 0.0000237 seconds
[2022-06-17T00:47:25.206+0000][3704][safepoint    ] Application time: 30.0095863 seconds
[2022-06-17T00:47:25.206+0000][3704][safepoint    ] Entering safepoint region: RevokeBias
[2022-06-17T00:47:25.206+0000][3704][safepoint    ] Leaving safepoint region
[2022-06-17T00:47:25.206+0000][3704][safepoint    ] Total time for which application threads were stopped: 0.0001595 seconds, Stopping threads took: 0.0000530 seconds
[2022-06-17T00:47:25.206+0000][3704][safepoint    ] Application time: 0.0002002 seconds
[2022-06-17T00:47:25.206+0000][3704][safepoint    ] Entering safepoint region: RevokeBias
[2022-06-17T00:47:25.206+0000][3704][safepoint    ] Leaving safepoint region
[2022-06-17T00:47:25.206+0000][3704][safepoint    ] Total time for which application threads were stopped: 0.0001031 seconds, Stopping threads took: 0.0000463 seconds
[2022-06-17T00:47:55.212+0000][3704][safepoint    ] Application time: 30.0053124 seconds
[2022-06-17T00:47:55.212+0000][3704][safepoint    ] Entering safepoint region: RevokeBias
[2022-06-17T00:47:55.212+0000][3704][safepoint    ] Leaving safepoint region
[2022-06-17T00:47:55.212+0000][3704][safepoint    ] Total time for which application threads were stopped: 0.0001184 seconds, Stopping threads took: 0.0000287 seconds
[2022-06-17T00:48:25.222+0000][3704][safepoint    ] Application time: 30.0106868 seconds
[2022-06-17T00:48:25.222+0000][3704][safepoint    ] Entering safepoint region: RevokeBias
[2022-06-17T00:48:25.222+0000][3704][safepoint    ] Leaving safepoint region
[2022-06-17T00:48:25.222+0000][3704][safepoint    ] Total time for which application threads were stopped: 0.0001150 seconds, Stopping threads took: 0.0000198 seconds
[2022-06-17T00:48:55.229+0000][3704][safepoint    ] Application time: 30.0073761 seconds
[2022-06-17T00:48:55.229+0000][3704][safepoint    ] Entering safepoint region: RevokeBias
[2022-06-17T00:48:55.229+0000][3704][safepoint    ] Leaving safepoint region
[2022-06-17T00:48:55.229+0000][3704][safepoint    ] Total time for which application threads were stopped: 0.0001567 seconds, Stopping threads took: 0.0000506 seconds
[2022-06-17T00:48:55.229+0000][3704][safepoint    ] Application time: 0.0003040 seconds
[2022-06-17T00:48:55.229+0000][3704][safepoint    ] Entering safepoint region: RevokeBias
[2022-06-17T00:48:55.229+0000][3704][safepoint    ] Leaving safepoint region
[2022-06-17T00:48:55.229+0000][3704][safepoint    ] Total time for which application threads were stopped: 0.0001154 seconds, Stopping threads took: 0.0000516 seconds
[2022-06-17T00:49:25.241+0000][3704][safepoint    ] Application time: 30.0112519 seconds
[2022-06-17T00:49:25.241+0000][3704][safepoint    ] Entering safepoint region: RevokeBias
[2022-06-17T00:49:25.241+0000][3704][safepoint    ] Leaving safepoint region
[2022-06-17T00:49:25.241+0000][3704][safepoint    ] Total time for which application threads were stopped: 0.0001810 seconds, Stopping threads took: 0.0000502 seconds
[2022-06-17T00:49:25.241+0000][3704][safepoint    ] Application time: 0.0001071 seconds
[2022-06-17T00:49:25.241+0000][3704][safepoint    ] Entering safepoint region: RevokeBias
[2022-06-17T00:49:25.241+0000][3704][safepoint    ] Leaving safepoint region
[2022-06-17T00:49:25.241+0000][3704][safepoint    ] Total time for which application threads were stopped: 0.0000940 seconds, Stopping threads took: 0.0000396 seconds
[2022-06-17T00:49:55.252+0000][3704][safepoint    ] Application time: 30.0105699 seconds
[2022-06-17T00:49:55.252+0000][3704][safepoint    ] Entering safepoint region: RevokeBias
[2022-06-17T00:49:55.252+0000][3704][safepoint    ] Leaving safepoint region
[2022-06-17T00:49:55.252+0000][3704][safepoint    ] Total time for which application threads were stopped: 0.0003120 seconds, Stopping threads took: 0.0000172 seconds
[2022-06-17T00:49:55.252+0000][3704][safepoint    ] Application time: 0.0001008 seconds
[2022-06-17T00:49:55.252+0000][3704][safepoint    ] Entering safepoint region: RevokeBias
[2022-06-17T00:49:55.252+0000][3704][safepoint    ] Leaving safepoint region
[2022-06-17T00:49:55.252+0000][3704][safepoint    ] Total time for which application threads were stopped: 0.0000607 seconds, Stopping threads took: 0.0000129 seconds
[2022-06-17T00:50:25.261+0000][3704][safepoint    ] Application time: 30.0094927 seconds
[2022-06-17T00:50:25.261+0000][3704][safepoint    ] Entering safepoint region: RevokeBias
[2022-06-17T00:50:25.261+0000][3704][safepoint    ] Leaving safepoint region
[2022-06-17T00:50:25.261+0000][3704][safepoint    ] Total time for which application threads were stopped: 0.0001668 seconds, Stopping threads took: 0.0000459 seconds
[2022-06-17T00:50:25.261+0000][3704][safepoint    ] Application time: 0.0004195 seconds
[2022-06-17T00:50:25.261+0000][3704][safepoint    ] Entering safepoint region: RevokeBias
[2022-06-17T00:50:25.261+0000][3704][safepoint    ] Leaving safepoint region
[2022-06-17T00:50:25.261+0000][3704][safepoint    ] Total time for which application threads were stopped: 0.0000882 seconds, Stopping threads took: 0.0000272 seconds
[2022-06-17T00:50:55.266+0000][3704][safepoint    ] Application time: 30.0040753 seconds
[2022-06-17T00:50:55.266+0000][3704][safepoint    ] Entering safepoint region: RevokeBias
[2022-06-17T00:50:55.266+0000][3704][safepoint    ] Leaving safepoint region
[2022-06-17T00:50:55.266+0000][3704][safepoint    ] Total time for which application threads were stopped: 0.0001851 seconds, Stopping threads took: 0.0000354 seconds
[2022-06-17T00:50:55.266+0000][3704][safepoint    ] Application time: 0.0003775 seconds
[2022-06-17T00:50:55.266+0000][3704][safepoint    ] Entering safepoint region: RevokeBias
[2022-06-17T00:50:55.266+0000][3704][safepoint    ] Leaving safepoint region
[2022-06-17T00:50:55.266+0000][3704][safepoint    ] Total time for which application threads were stopped: 0.0001103 seconds, Stopping threads took: 0.0000260 seconds
[2022-06-17T00:51:25.270+0000][3704][safepoint    ] Application time: 30.0035110 seconds
[2022-06-17T00:51:25.270+0000][3704][safepoint    ] Entering safepoint region: RevokeBias
[2022-06-17T00:51:25.270+0000][3704][safepoint    ] Leaving safepoint region
[2022-06-17T00:51:25.270+0000][3704][safepoint    ] Total time for which application threads were stopped: 0.0001778 seconds, Stopping threads took: 0.0000546 seconds
[2022-06-17T00:51:25.270+0000][3704][safepoint    ] Application time: 0.0001329 seconds
[2022-06-17T00:51:25.270+0000][3704][safepoint    ] Entering safepoint region: RevokeBias
[2022-06-17T00:51:25.270+0000][3704][safepoint    ] Leaving safepoint region
[2022-06-17T00:51:25.270+0000][3704][safepoint    ] Total time for which application threads were stopped: 0.0001065 seconds, Stopping threads took: 0.0000222 seconds
[2022-06-17T00:51:55.276+0000][3704][safepoint    ] Application time: 30.0052439 seconds
[2022-06-17T00:51:55.276+0000][3704][safepoint    ] Entering safepoint region: RevokeBias
[2022-06-17T00:51:55.276+0000][3704][safepoint    ] Leaving safepoint region
[2022-06-17T00:51:55.276+0000][3704][safepoint    ] Total time for which application threads were stopped: 0.0001534 seconds, Stopping threads took: 0.0000302 seconds
[2022-06-17T00:51:55.276+0000][3704][safepoint    ] Application time: 0.0001737 seconds
[2022-06-17T00:51:55.276+0000][3704][safepoint    ] Entering safepoint region: RevokeBias
[2022-06-17T00:51:55.276+0000][3704][safepoint    ] Leaving safepoint region
[2022-06-17T00:51:55.276+0000][3704][safepoint    ] Total time for which application threads were stopped: 0.0000731 seconds, Stopping threads took: 0.0000153 seconds
[2022-06-17T00:52:25.288+0000][3704][safepoint    ] Application time: 30.0113706 seconds
[2022-06-17T00:52:25.288+0000][3704][safepoint    ] Entering safepoint region: RevokeBias
[2022-06-17T00:52:25.288+0000][3704][safepoint    ] Leaving safepoint region
[2022-06-17T00:52:25.288+0000][3704][safepoint    ] Total time for which application threads were stopped: 0.0001047 seconds, Stopping threads took: 0.0000184 seconds
[2022-06-17T00:52:55.290+0000][3704][safepoint    ] Application time: 30.0024559 seconds
[2022-06-17T00:52:55.290+0000][3704][safepoint    ] Entering safepoint region: RevokeBias
[2022-06-17T00:52:55.290+0000][3704][safepoint    ] Leaving safepoint region
[2022-06-17T00:52:55.290+0000][3704][safepoint    ] Total time for which application threads were stopped: 0.0001122 seconds, Stopping threads took: 0.0000172 seconds
[2022-06-17T00:53:25.298+0000][3704][safepoint    ] Application time: 30.0075070 seconds
[2022-06-17T00:53:25.298+0000][3704][safepoint    ] Entering safepoint region: RevokeBias
[2022-06-17T00:53:25.298+0000][3704][safepoint    ] Leaving safepoint region
[2022-06-17T00:53:25.298+0000][3704][safepoint    ] Total time for which application threads were stopped: 0.0001205 seconds, Stopping threads took: 0.0000233 seconds
[2022-06-17T00:53:55.305+0000][3704][safepoint    ] Application time: 30.0077102 seconds
[2022-06-17T00:53:55.305+0000][3704][safepoint    ] Entering safepoint region: RevokeBias
[2022-06-17T00:53:55.305+0000][3704][safepoint    ] Leaving safepoint region
[2022-06-17T00:53:55.305+0000][3704][safepoint    ] Total time for which application threads were stopped: 0.0001593 seconds, Stopping threads took: 0.0000332 seconds
[2022-06-17T00:53:55.305+0000][3704][safepoint    ] Application time: 0.0000531 seconds
[2022-06-17T00:53:55.305+0000][3704][safepoint    ] Entering safepoint region: RevokeBias
[2022-06-17T00:53:55.305+0000][3704][safepoint    ] Leaving safepoint region
[2022-06-17T00:53:55.305+0000][3704][safepoint    ] Total time for which application threads were stopped: 0.0000958 seconds, Stopping threads took: 0.0000355 seconds
[2022-06-17T00:54:25.310+0000][3704][safepoint    ] Application time: 30.0040448 seconds
[2022-06-17T00:54:25.310+0000][3704][safepoint    ] Entering safepoint region: RevokeBias
[2022-06-17T00:54:25.310+0000][3704][safepoint    ] Leaving safepoint region
[2022-06-17T00:54:25.310+0000][3704][safepoint    ] Total time for which application threads were stopped: 0.0002452 seconds, Stopping threads took: 0.0000778 seconds
[2022-06-17T00:54:25.310+0000][3704][safepoint    ] Application time: 0.0000371 seconds
[2022-06-17T00:54:25.310+0000][3704][safepoint    ] Entering safepoint region: RevokeBias
[2022-06-17T00:54:25.310+0000][3704][safepoint    ] Leaving safepoint region
[2022-06-17T00:54:25.310+0000][3704][safepoint    ] Total time for which application threads were stopped: 0.0001148 seconds, Stopping threads took: 0.0000410 seconds
[2022-06-17T00:54:50.676+0000][3704][safepoint    ] Application time: 25.3661611 seconds
[2022-06-17T00:54:50.676+0000][3704][safepoint    ] Entering safepoint region: RevokeBias
[2022-06-17T00:54:50.676+0000][3704][safepoint    ] Leaving safepoint region
[2022-06-17T00:54:50.676+0000][3704][safepoint    ] Total time for which application threads were stopped: 0.0002257 seconds, Stopping threads took: 0.0000862 seconds
[2022-06-17T00:54:50.676+0000][3704][safepoint    ] Application time: 0.0016071 seconds
[2022-06-17T00:54:50.676+0000][3704][safepoint    ] Entering safepoint region: RevokeBias
[2022-06-17T00:54:50.676+0000][3704][safepoint    ] Leaving safepoint region
[2022-06-17T00:54:50.676+0000][3704][safepoint    ] Total time for which application threads were stopped: 0.0001046 seconds, Stopping threads took: 0.0000269 seconds
[2022-06-17T00:54:50.676+0000][3704][safepoint    ] Application time: 0.0001211 seconds
[2022-06-17T00:54:50.676+0000][3704][safepoint    ] Entering safepoint region: BulkRevokeBias
[2022-06-17T00:54:50.676+0000][3704][safepoint    ] Leaving safepoint region
[2022-06-17T00:54:50.676+0000][3704][safepoint    ] Total time for which application threads were stopped: 0.0003500 seconds, Stopping threads took: 0.0000230 seconds
[2022-06-17T00:54:50.676+0000][3704][safepoint    ] Application time: 0.0012148 seconds
[2022-06-17T00:54:50.676+0000][3704][safepoint    ] Entering safepoint region: RevokeBias
[2022-06-17T00:54:50.676+0000][3704][safepoint    ] Leaving safepoint region
[2022-06-17T00:54:50.676+0000][3704][safepoint    ] Total time for which application threads were stopped: 0.0000877 seconds, Stopping threads took: 0.0000244 seconds
[2022-06-17T00:54:55.313+0000][3704][safepoint    ] Application time: 4.6323515 seconds
[2022-06-17T00:54:55.313+0000][3704][safepoint    ] Entering safepoint region: RevokeBias
[2022-06-17T00:54:55.313+0000][3704][safepoint    ] Leaving safepoint region
[2022-06-17T00:54:55.313+0000][3704][safepoint    ] Total time for which application threads were stopped: 0.0001586 seconds, Stopping threads took: 0.0000316 seconds
[2022-06-17T00:54:55.313+0000][3704][safepoint    ] Application time: 0.0000549 seconds
[2022-06-17T00:54:55.313+0000][3704][safepoint    ] Entering safepoint region: RevokeBias
[2022-06-17T00:54:55.313+0000][3704][safepoint    ] Leaving safepoint region
[2022-06-17T00:54:55.313+0000][3704][safepoint    ] Total time for which application threads were stopped: 0.0001398 seconds, Stopping threads took: 0.0000739 seconds
[2022-06-17T00:55:25.323+0000][3704][safepoint    ] Application time: 30.0097408 seconds
[2022-06-17T00:55:25.323+0000][3704][safepoint    ] Entering safepoint region: RevokeBias
[2022-06-17T00:55:25.323+0000][3704][safepoint    ] Leaving safepoint region
[2022-06-17T00:55:25.323+0000][3704][safepoint    ] Total time for which application threads were stopped: 0.0001659 seconds, Stopping threads took: 0.0000409 seconds
[2022-06-17T00:55:25.323+0000][3704][safepoint    ] Application time: 0.0000546 seconds
[2022-06-17T00:55:25.323+0000][3704][safepoint    ] Entering safepoint region: RevokeBias
[2022-06-17T00:55:25.323+0000][3704][safepoint    ] Leaving safepoint region
[2022-06-17T00:55:25.323+0000][3704][safepoint    ] Total time for which application threads were stopped: 0.0000918 seconds, Stopping threads took: 0.0000372 seconds
[2022-06-17T00:55:55.332+0000][3704][safepoint    ] Application time: 30.0096836 seconds
[2022-06-17T00:55:55.332+0000][3704][safepoint    ] Entering safepoint region: RevokeBias
[2022-06-17T00:55:55.332+0000][3704][safepoint    ] Leaving safepoint region
[2022-06-17T00:55:55.332+0000][3704][safepoint    ] Total time for which application threads were stopped: 0.0001965 seconds, Stopping threads took: 0.0000472 seconds
[2022-06-17T00:56:25.346+0000][3704][safepoint    ] Application time: 30.0131383 seconds
[2022-06-17T00:56:25.346+0000][3704][safepoint    ] Entering safepoint region: RevokeBias
[2022-06-17T00:56:25.346+0000][3704][safepoint    ] Leaving safepoint region
[2022-06-17T00:56:25.346+0000][3704][safepoint    ] Total time for which application threads were stopped: 0.0001988 seconds, Stopping threads took: 0.0000724 seconds
[2022-06-17T00:56:25.346+0000][3704][safepoint    ] Application time: 0.0000486 seconds
[2022-06-17T00:56:25.346+0000][3704][safepoint    ] Entering safepoint region: RevokeBias
[2022-06-17T00:56:25.346+0000][3704][safepoint    ] Leaving safepoint region
[2022-06-17T00:56:25.346+0000][3704][safepoint    ] Total time for which application threads were stopped: 0.0001074 seconds, Stopping threads took: 0.0000499 seconds
[2022-06-17T00:56:55.355+0000][3704][safepoint    ] Application time: 30.0094724 seconds
[2022-06-17T00:56:55.355+0000][3704][safepoint    ] Entering safepoint region: RevokeBias
[2022-06-17T00:56:55.355+0000][3704][safepoint    ] Leaving safepoint region
[2022-06-17T00:56:55.355+0000][3704][safepoint    ] Total time for which application threads were stopped: 0.0001638 seconds, Stopping threads took: 0.0000367 seconds
[2022-06-17T00:56:55.355+0000][3704][safepoint    ] Application time: 0.0000541 seconds
[2022-06-17T00:56:55.355+0000][3704][safepoint    ] Entering safepoint region: RevokeBias
[2022-06-17T00:56:55.355+0000][3704][safepoint    ] Leaving safepoint region
[2022-06-17T00:56:55.355+0000][3704][safepoint    ] Total time for which application threads were stopped: 0.0001311 seconds, Stopping threads took: 0.0000713 seconds
[2022-06-17T00:57:25.360+0000][3704][safepoint    ] Application time: 30.0044256 seconds
[2022-06-17T00:57:25.360+0000][3704][safepoint    ] Entering safepoint region: RevokeBias
[2022-06-17T00:57:25.360+0000][3704][safepoint    ] Leaving safepoint region
[2022-06-17T00:57:25.360+0000][3704][safepoint    ] Total time for which application threads were stopped: 0.0001943 seconds, Stopping threads took: 0.0000705 seconds
[2022-06-17T00:57:25.360+0000][3704][safepoint    ] Application time: 0.0000499 seconds
[2022-06-17T00:57:25.360+0000][3704][safepoint    ] Entering safepoint region: RevokeBias
[2022-06-17T00:57:25.360+0000][3704][safepoint    ] Leaving safepoint region
[2022-06-17T00:57:25.360+0000][3704][safepoint    ] Total time for which application threads were stopped: 0.0000998 seconds, Stopping threads took: 0.0000431 seconds
[2022-06-17T00:57:55.370+0000][3704][safepoint    ] Application time: 30.0100276 seconds
[2022-06-17T00:57:55.370+0000][3704][safepoint    ] Entering safepoint region: RevokeBias
[2022-06-17T00:57:55.370+0000][3704][safepoint    ] Leaving safepoint region
[2022-06-17T00:57:55.370+0000][3704][safepoint    ] Total time for which application threads were stopped: 0.0001915 seconds, Stopping threads took: 0.0000698 seconds
[2022-06-17T00:58:25.373+0000][3704][safepoint    ] Application time: 30.0021135 seconds
[2022-06-17T00:58:25.373+0000][3704][safepoint    ] Entering safepoint region: RevokeBias
[2022-06-17T00:58:25.373+0000][3704][safepoint    ] Leaving safepoint region
[2022-06-17T00:58:25.373+0000][3704][safepoint    ] Total time for which application threads were stopped: 0.0001776 seconds, Stopping threads took: 0.0000482 seconds
[2022-06-17T00:58:25.373+0000][3704][safepoint    ] Application time: 0.0000548 seconds
[2022-06-17T00:58:25.373+0000][3704][safepoint    ] Entering safepoint region: RevokeBias
[2022-06-17T00:58:25.373+0000][3704][safepoint    ] Leaving safepoint region
[2022-06-17T00:58:25.373+0000][3704][safepoint    ] Total time for which application threads were stopped: 0.0001345 seconds, Stopping threads took: 0.0000682 seconds
[2022-06-17T00:58:55.375+0000][3704][safepoint    ] Application time: 30.0018998 seconds
[2022-06-17T00:58:55.375+0000][3704][safepoint    ] Entering safepoint region: RevokeBias
[2022-06-17T00:58:55.375+0000][3704][safepoint    ] Leaving safepoint region
[2022-06-17T00:58:55.375+0000][3704][safepoint    ] Total time for which application threads were stopped: 0.0001958 seconds, Stopping threads took: 0.0000638 seconds
[2022-06-17T00:58:55.375+0000][3704][safepoint    ] Application time: 0.0000389 seconds
[2022-06-17T00:58:55.375+0000][3704][safepoint    ] Entering safepoint region: RevokeBias
[2022-06-17T00:58:55.375+0000][3704][safepoint    ] Leaving safepoint region
[2022-06-17T00:58:55.375+0000][3704][safepoint    ] Total time for which application threads were stopped: 0.0001152 seconds, Stopping threads took: 0.0000578 seconds
[2022-06-17T00:59:25.388+0000][3704][safepoint    ] Application time: 30.0129567 seconds
[2022-06-17T00:59:25.388+0000][3704][safepoint    ] Entering safepoint region: RevokeBias
[2022-06-17T00:59:25.388+0000][3704][safepoint    ] Leaving safepoint region
[2022-06-17T00:59:25.388+0000][3704][safepoint    ] Total time for which application threads were stopped: 0.0001868 seconds, Stopping threads took: 0.0000617 seconds
[2022-06-17T00:59:25.388+0000][3704][safepoint    ] Application time: 0.0000485 seconds
[2022-06-17T00:59:25.388+0000][3704][safepoint    ] Entering safepoint region: RevokeBias
[2022-06-17T00:59:25.388+0000][3704][safepoint    ] Leaving safepoint region
[2022-06-17T00:59:25.388+0000][3704][safepoint    ] Total time for which application threads were stopped: 0.0001021 seconds, Stopping threads took: 0.0000464 seconds
[2022-06-17T00:59:55.397+0000][3704][safepoint    ] Application time: 30.0089722 seconds
[2022-06-17T00:59:55.397+0000][3704][safepoint    ] Entering safepoint region: RevokeBias
[2022-06-17T00:59:55.397+0000][3704][safepoint    ] Leaving safepoint region
[2022-06-17T00:59:55.397+0000][3704][safepoint    ] Total time for which application threads were stopped: 0.0001696 seconds, Stopping threads took: 0.0000489 seconds
[2022-06-17T00:59:55.397+0000][3704][safepoint    ] Application time: 0.0000379 seconds
[2022-06-17T00:59:55.397+0000][3704][safepoint    ] Entering safepoint region: BulkRevokeBias
[2022-06-17T00:59:55.397+0000][3704][safepoint    ] Leaving safepoint region
[2022-06-17T00:59:55.397+0000][3704][safepoint    ] Total time for which application threads were stopped: 0.0003309 seconds, Stopping threads took: 0.0000663 seconds
[2022-06-17T00:59:55.397+0000][3704][safepoint    ] Application time: 0.0000617 seconds
[2022-06-17T00:59:55.397+0000][3704][safepoint    ] Entering safepoint region: RevokeBias
[2022-06-17T00:59:55.397+0000][3704][safepoint    ] Leaving safepoint region
[2022-06-17T00:59:55.397+0000][3704][safepoint    ] Total time for which application threads were stopped: 0.0000674 seconds, Stopping threads took: 0.0000197 seconds
[2022-06-17T01:00:00.435+0000][3704][safepoint    ] Application time: 5.0359195 seconds
[2022-06-17T01:00:00.435+0000][3704][safepoint    ] Entering safepoint region: Cleanup
[2022-06-17T01:00:00.435+0000][3704][safepoint    ] Leaving safepoint region
[2022-06-17T01:00:00.435+0000][3704][safepoint    ] Total time for which application threads were stopped: 0.0001019 seconds, Stopping threads took: 0.0000238 seconds
[2022-06-17T01:00:25.408+0000][3704][safepoint    ] Application time: 24.9741935 seconds
[2022-06-17T01:00:25.408+0000][3704][safepoint    ] Entering safepoint region: RevokeBias
[2022-06-17T01:00:25.408+0000][3704][safepoint    ] Leaving safepoint region
[2022-06-17T01:00:25.408+0000][3704][safepoint    ] Total time for which application threads were stopped: 0.0001935 seconds, Stopping threads took: 0.0000356 seconds
[2022-06-17T01:00:25.408+0000][3704][safepoint    ] Application time: 0.0004026 seconds
[2022-06-17T01:00:25.408+0000][3704][safepoint    ] Entering safepoint region: RevokeBias
[2022-06-17T01:00:25.408+0000][3704][safepoint    ] Leaving safepoint region
[2022-06-17T01:00:25.408+0000][3704][safepoint    ] Total time for which application threads were stopped: 0.0000855 seconds, Stopping threads took: 0.0000190 seconds
[2022-06-17T01:00:55.414+0000][3704][safepoint    ] Application time: 30.0050247 seconds
[2022-06-17T01:00:55.414+0000][3704][safepoint    ] Entering safepoint region: RevokeBias
[2022-06-17T01:00:55.414+0000][3704][safepoint    ] Leaving safepoint region
[2022-06-17T01:00:55.414+0000][3704][safepoint    ] Total time for which application threads were stopped: 0.0001846 seconds, Stopping threads took: 0.0000556 seconds
[2022-06-17T01:00:55.414+0000][3704][safepoint    ] Application time: 0.0000294 seconds
[2022-06-17T01:00:55.414+0000][3704][safepoint    ] Entering safepoint region: RevokeBias
[2022-06-17T01:00:55.414+0000][3704][safepoint    ] Leaving safepoint region
[2022-06-17T01:00:55.414+0000][3704][safepoint    ] Total time for which application threads were stopped: 0.0000958 seconds, Stopping threads took: 0.0000425 seconds
[2022-06-17T01:01:25.424+0000][3704][safepoint    ] Application time: 30.0095096 seconds
[2022-06-17T01:01:25.424+0000][3704][safepoint    ] Entering safepoint region: RevokeBias
[2022-06-17T01:01:25.424+0000][3704][safepoint    ] Leaving safepoint region
[2022-06-17T01:01:25.424+0000][3704][safepoint    ] Total time for which application threads were stopped: 0.0001960 seconds, Stopping threads took: 0.0000678 seconds
[2022-06-17T01:01:25.424+0000][3704][safepoint    ] Application time: 0.0000393 seconds
[2022-06-17T01:01:25.424+0000][3704][safepoint    ] Entering safepoint region: RevokeBias
[2022-06-17T01:01:25.424+0000][3704][safepoint    ] Leaving safepoint region
[2022-06-17T01:01:25.424+0000][3704][safepoint    ] Total time for which application threads were stopped: 0.0000997 seconds, Stopping threads took: 0.0000432 seconds
[2022-06-17T01:01:55.431+0000][3704][safepoint    ] Application time: 30.0073954 seconds
[2022-06-17T01:01:55.431+0000][3704][safepoint    ] Entering safepoint region: RevokeBias
[2022-06-17T01:01:55.431+0000][3704][safepoint    ] Leaving safepoint region
[2022-06-17T01:01:55.431+0000][3704][safepoint    ] Total time for which application threads were stopped: 0.0001629 seconds, Stopping threads took: 0.0000577 seconds
[2022-06-17T01:02:25.437+0000][3704][safepoint    ] Application time: 30.0057098 seconds
[2022-06-17T01:02:25.437+0000][3704][safepoint    ] Entering safepoint region: RevokeBias
[2022-06-17T01:02:25.437+0000][3704][safepoint    ] Leaving safepoint region
[2022-06-17T01:02:25.437+0000][3704][safepoint    ] Total time for which application threads were stopped: 0.0001839 seconds, Stopping threads took: 0.0000595 seconds
[2022-06-17T01:02:25.437+0000][3704][safepoint    ] Application time: 0.0000436 seconds
[2022-06-17T01:02:25.437+0000][3704][safepoint    ] Entering safepoint region: RevokeBias
[2022-06-17T01:02:25.437+0000][3704][safepoint    ] Leaving safepoint region
[2022-06-17T01:02:25.437+0000][3704][safepoint    ] Total time for which application threads were stopped: 0.0001084 seconds, Stopping threads took: 0.0000545 seconds
[2022-06-17T01:02:55.449+0000][3704][safepoint    ] Application time: 30.0111661 seconds
[2022-06-17T01:02:55.449+0000][3704][safepoint    ] Entering safepoint region: RevokeBias
[2022-06-17T01:02:55.449+0000][3704][safepoint    ] Leaving safepoint region
[2022-06-17T01:02:55.449+0000][3704][safepoint    ] Total time for which application threads were stopped: 0.0002486 seconds, Stopping threads took: 0.0000860 seconds
[2022-06-17T01:02:55.449+0000][3704][safepoint    ] Application time: 0.0003650 seconds
[2022-06-17T01:02:55.449+0000][3704][safepoint    ] Entering safepoint region: RevokeBias
[2022-06-17T01:02:55.449+0000][3704][safepoint    ] Leaving safepoint region
[2022-06-17T01:02:55.449+0000][3704][safepoint    ] Total time for which application threads were stopped: 0.0000949 seconds, Stopping threads took: 0.0000205 seconds
[2022-06-17T01:03:25.466+0000][3704][safepoint    ] Application time: 30.0161638 seconds
[2022-06-17T01:03:25.466+0000][3704][safepoint    ] Entering safepoint region: RevokeBias
[2022-06-17T01:03:25.466+0000][3704][safepoint    ] Leaving safepoint region
[2022-06-17T01:03:25.466+0000][3704][safepoint    ] Total time for which application threads were stopped: 0.0002022 seconds, Stopping threads took: 0.0000770 seconds
[2022-06-17T01:03:25.466+0000][3704][safepoint    ] Application time: 0.0000393 seconds
[2022-06-17T01:03:25.466+0000][3704][safepoint    ] Entering safepoint region: RevokeBias
[2022-06-17T01:03:25.466+0000][3704][safepoint    ] Leaving safepoint region
[2022-06-17T01:03:25.466+0000][3704][safepoint    ] Total time for which application threads were stopped: 0.0001171 seconds, Stopping threads took: 0.0000589 seconds
[2022-06-17T01:03:55.469+0000][3704][safepoint    ] Application time: 30.0026981 seconds
[2022-06-17T01:03:55.469+0000][3704][safepoint    ] Entering safepoint region: RevokeBias
[2022-06-17T01:03:55.469+0000][3704][safepoint    ] Leaving safepoint region
[2022-06-17T01:03:55.469+0000][3704][safepoint    ] Total time for which application threads were stopped: 0.0001244 seconds, Stopping threads took: 0.0000301 seconds
[2022-06-17T01:04:25.477+0000][3704][safepoint    ] Application time: 30.0087458 seconds
[2022-06-17T01:04:25.477+0000][3704][safepoint    ] Entering safepoint region: RevokeBias
[2022-06-17T01:04:25.477+0000][3704][safepoint    ] Leaving safepoint region
[2022-06-17T01:04:25.477+0000][3704][safepoint    ] Total time for which application threads were stopped: 0.0001226 seconds, Stopping threads took: 0.0000285 seconds
[2022-06-17T01:04:50.674+0000][3704][safepoint    ] Application time: 25.1967629 seconds
[2022-06-17T01:04:50.674+0000][3704][safepoint    ] Entering safepoint region: RevokeBias
[2022-06-17T01:04:50.674+0000][3704][safepoint    ] Leaving safepoint region
[2022-06-17T01:04:50.674+0000][3704][safepoint    ] Total time for which application threads were stopped: 0.0001693 seconds, Stopping threads took: 0.0000323 seconds
[2022-06-17T01:04:50.674+0000][3704][safepoint    ] Application time: 0.0005711 seconds
[2022-06-17T01:04:50.674+0000][3704][safepoint    ] Entering safepoint region: BulkRevokeBias
[2022-06-17T01:04:50.674+0000][3704][safepoint    ] Leaving safepoint region
[2022-06-17T01:04:50.674+0000][3704][safepoint    ] Total time for which application threads were stopped: 0.0003507 seconds, Stopping threads took: 0.0000616 seconds
[2022-06-17T01:04:50.674+0000][3704][safepoint    ] Application time: 0.0006190 seconds
[2022-06-17T01:04:50.674+0000][3704][safepoint    ] Entering safepoint region: RevokeBias
[2022-06-17T01:04:50.674+0000][3704][safepoint    ] Leaving safepoint region
[2022-06-17T01:04:50.674+0000][3704][safepoint    ] Total time for which application threads were stopped: 0.0000738 seconds, Stopping threads took: 0.0000231 seconds
[2022-06-17T01:04:50.674+0000][3704][safepoint    ] Application time: 0.0000455 seconds
[2022-06-17T01:04:50.674+0000][3704][safepoint    ] Entering safepoint region: RevokeBias
[2022-06-17T01:04:50.674+0000][3704][safepoint    ] Leaving safepoint region
[2022-06-17T01:04:50.674+0000][3704][safepoint    ] Total time for which application threads were stopped: 0.0000801 seconds, Stopping threads took: 0.0000438 seconds
[2022-06-17T01:04:55.480+0000][3704][safepoint    ] Application time: 4.8033415 seconds
[2022-06-17T01:04:55.480+0000][3704][safepoint    ] Entering safepoint region: RevokeBias
[2022-06-17T01:04:55.480+0000][3704][safepoint    ] Leaving safepoint region
[2022-06-17T01:04:55.480+0000][3704][safepoint    ] Total time for which application threads were stopped: 0.0001118 seconds, Stopping threads took: 0.0000228 seconds
[2022-06-17T01:05:25.485+0000][3704][safepoint    ] Application time: 30.0054142 seconds
[2022-06-17T01:05:25.485+0000][3704][safepoint    ] Entering safepoint region: RevokeBias
[2022-06-17T01:05:25.485+0000][3704][safepoint    ] Leaving safepoint region
[2022-06-17T01:05:25.485+0000][3704][safepoint    ] Total time for which application threads were stopped: 0.0001757 seconds, Stopping threads took: 0.0000402 seconds
[2022-06-17T01:05:55.499+0000][3704][safepoint    ] Application time: 30.0141925 seconds
[2022-06-17T01:05:55.499+0000][3704][safepoint    ] Entering safepoint region: RevokeBias
[2022-06-17T01:05:55.499+0000][3704][safepoint    ] Leaving safepoint region
[2022-06-17T01:05:55.499+0000][3704][safepoint    ] Total time for which application threads were stopped: 0.0001627 seconds, Stopping threads took: 0.0000329 seconds
[2022-06-17T01:05:55.499+0000][3704][safepoint    ] Application time: 0.0001434 seconds
[2022-06-17T01:05:55.499+0000][3704][safepoint    ] Entering safepoint region: RevokeBias
[2022-06-17T01:05:55.499+0000][3704][safepoint    ] Leaving safepoint region
[2022-06-17T01:05:55.499+0000][3704][safepoint    ] Total time for which application threads were stopped: 0.0000755 seconds, Stopping threads took: 0.0000208 seconds
[2022-06-17T01:06:25.504+0000][3704][safepoint    ] Application time: 30.0049924 seconds
[2022-06-17T01:06:25.504+0000][3704][safepoint    ] Entering safepoint region: RevokeBias
[2022-06-17T01:06:25.504+0000][3704][safepoint    ] Leaving safepoint region
[2022-06-17T01:06:25.504+0000][3704][safepoint    ] Total time for which application threads were stopped: 0.0001133 seconds, Stopping threads took: 0.0000173 seconds
[2022-06-17T01:06:55.517+0000][3704][safepoint    ] Application time: 30.0131065 seconds
[2022-06-17T01:06:55.517+0000][3704][safepoint    ] Entering safepoint region: RevokeBias
[2022-06-17T01:06:55.517+0000][3704][safepoint    ] Leaving safepoint region
[2022-06-17T01:06:55.517+0000][3704][safepoint    ] Total time for which application threads were stopped: 0.0001666 seconds, Stopping threads took: 0.0000374 seconds
[2022-06-17T01:06:55.517+0000][3704][safepoint    ] Application time: 0.0000585 seconds
[2022-06-17T01:06:55.517+0000][3704][safepoint    ] Entering safepoint region: RevokeBias
[2022-06-17T01:06:55.517+0000][3704][safepoint    ] Leaving safepoint region
[2022-06-17T01:06:55.517+0000][3704][safepoint    ] Total time for which application threads were stopped: 0.0002679 seconds, Stopping threads took: 0.0002123 seconds
[2022-06-17T01:07:25.530+0000][3704][safepoint    ] Application time: 30.0125094 seconds
[2022-06-17T01:07:25.530+0000][3704][safepoint    ] Entering safepoint region: RevokeBias
[2022-06-17T01:07:25.530+0000][3704][safepoint    ] Leaving safepoint region
[2022-06-17T01:07:25.530+0000][3704][safepoint    ] Total time for which application threads were stopped: 0.0001625 seconds, Stopping threads took: 0.0000323 seconds
[2022-06-17T01:07:25.530+0000][3704][safepoint    ] Application time: 0.0000545 seconds
[2022-06-17T01:07:25.530+0000][3704][safepoint    ] Entering safepoint region: RevokeBias
[2022-06-17T01:07:25.530+0000][3704][safepoint    ] Leaving safepoint region
[2022-06-17T01:07:25.530+0000][3704][safepoint    ] Total time for which application threads were stopped: 0.0001291 seconds, Stopping threads took: 0.0000630 seconds
[2022-06-17T01:07:55.533+0000][3704][safepoint    ] Application time: 30.0027271 seconds
[2022-06-17T01:07:55.533+0000][3704][safepoint    ] Entering safepoint region: RevokeBias
[2022-06-17T01:07:55.533+0000][3704][safepoint    ] Leaving safepoint region
[2022-06-17T01:07:55.533+0000][3704][safepoint    ] Total time for which application threads were stopped: 0.0001914 seconds, Stopping threads took: 0.0000682 seconds
[2022-06-17T01:07:55.533+0000][3704][safepoint    ] Application time: 0.0000529 seconds
[2022-06-17T01:07:55.533+0000][3704][safepoint    ] Entering safepoint region: RevokeBias
[2022-06-17T01:07:55.533+0000][3704][safepoint    ] Leaving safepoint region
[2022-06-17T01:07:55.533+0000][3704][safepoint    ] Total time for which application threads were stopped: 0.0001124 seconds, Stopping threads took: 0.0000516 seconds
[2022-06-17T01:08:25.544+0000][3704][safepoint    ] Application time: 30.0107139 seconds
[2022-06-17T01:08:25.544+0000][3704][safepoint    ] Entering safepoint region: RevokeBias
[2022-06-17T01:08:25.544+0000][3704][safepoint    ] Leaving safepoint region
[2022-06-17T01:08:25.544+0000][3704][safepoint    ] Total time for which application threads were stopped: 0.0001940 seconds, Stopping threads took: 0.0000673 seconds
[2022-06-17T01:08:25.544+0000][3704][safepoint    ] Application time: 0.0000512 seconds
[2022-06-17T01:08:25.544+0000][3704][safepoint    ] Entering safepoint region: RevokeBias
[2022-06-17T01:08:25.544+0000][3704][safepoint    ] Leaving safepoint region
[2022-06-17T01:08:25.544+0000][3704][safepoint    ] Total time for which application threads were stopped: 0.0001155 seconds, Stopping threads took: 0.0000520 seconds
[2022-06-17T01:08:55.555+0000][3704][safepoint    ] Application time: 30.0108731 seconds
[2022-06-17T01:08:55.555+0000][3704][safepoint    ] Entering safepoint region: RevokeBias
[2022-06-17T01:08:55.555+0000][3704][safepoint    ] Leaving safepoint region
[2022-06-17T01:08:55.555+0000][3704][safepoint    ] Total time for which application threads were stopped: 0.0001705 seconds, Stopping threads took: 0.0000473 seconds
[2022-06-17T01:08:55.555+0000][3704][safepoint    ] Application time: 0.0000637 seconds
[2022-06-17T01:08:55.555+0000][3704][safepoint    ] Entering safepoint region: RevokeBias
[2022-06-17T01:08:55.555+0000][3704][safepoint    ] Leaving safepoint region
[2022-06-17T01:08:55.555+0000][3704][safepoint    ] Total time for which application threads were stopped: 0.0001071 seconds, Stopping threads took: 0.0000471 seconds
[2022-06-17T01:09:25.566+0000][3704][safepoint    ] Application time: 30.0107987 seconds
[2022-06-17T01:09:25.566+0000][3704][safepoint    ] Entering safepoint region: RevokeBias
[2022-06-17T01:09:25.566+0000][3704][safepoint    ] Leaving safepoint region
[2022-06-17T01:09:25.566+0000][3704][safepoint    ] Total time for which application threads were stopped: 0.0001140 seconds, Stopping threads took: 0.0000227 seconds
[2022-06-17T01:09:55.581+0000][3704][safepoint    ] Application time: 30.0149908 seconds
[2022-06-17T01:09:55.581+0000][3704][safepoint    ] Entering safepoint region: RevokeBias
[2022-06-17T01:09:55.581+0000][3704][safepoint    ] Leaving safepoint region
[2022-06-17T01:09:55.581+0000][3704][safepoint    ] Total time for which application threads were stopped: 0.0001949 seconds, Stopping threads took: 0.0000710 seconds
[2022-06-17T01:09:55.581+0000][3704][safepoint    ] Application time: 0.0000434 seconds
[2022-06-17T01:09:55.581+0000][3704][safepoint    ] Entering safepoint region: RevokeBias
[2022-06-17T01:09:55.581+0000][3704][safepoint    ] Leaving safepoint region
[2022-06-17T01:09:55.581+0000][3704][safepoint    ] Total time for which application threads were stopped: 0.0000884 seconds, Stopping threads took: 0.0000345 seconds
[2022-06-17T01:10:25.590+0000][3704][safepoint    ] Application time: 30.0083103 seconds
[2022-06-17T01:10:25.590+0000][3704][safepoint    ] Entering safepoint region: BulkRevokeBias
[2022-06-17T01:10:25.590+0000][3704][safepoint    ] Leaving safepoint region
[2022-06-17T01:10:25.590+0000][3704][safepoint    ] Total time for which application threads were stopped: 0.0003921 seconds, Stopping threads took: 0.0000667 seconds
[2022-06-17T01:10:25.590+0000][3704][safepoint    ] Application time: 0.0000926 seconds
[2022-06-17T01:10:25.590+0000][3704][safepoint    ] Entering safepoint region: RevokeBias
[2022-06-17T01:10:25.590+0000][3704][safepoint    ] Leaving safepoint region
[2022-06-17T01:10:25.590+0000][3704][safepoint    ] Total time for which application threads were stopped: 0.0000694 seconds, Stopping threads took: 0.0000226 seconds
[2022-06-17T01:10:46.199+0000][3704][safepoint    ] Application time: 20.6087580 seconds
[2022-06-17T01:10:46.199+0000][3704][safepoint    ] Entering safepoint region: GenCollectForAllocation
[2022-06-17T01:10:46.199+0000][3704][gc,start     ] GC(31) Pause Young (Allocation Failure)
[2022-06-17T01:10:46.199+0000][3704][gc,task      ] GC(31) Using 2 workers of 2 for evacuation
[2022-06-17T01:10:46.199+0000][3704][gc,age       ] GC(31) Desired survivor size 8716288 bytes, new threshold 6 (max threshold 6)
[2022-06-17T01:10:46.199+0000][3704][gc,age       ] GC(31) Age table with threshold 6 (max threshold 6)
[2022-06-17T01:10:46.199+0000][3704][gc,age       ] GC(31) - age   1:      21296 bytes,      21296 total
[2022-06-17T01:10:46.199+0000][3704][gc,age       ] GC(31) - age   2:      11568 bytes,      32864 total
[2022-06-17T01:10:46.199+0000][3704][gc,age       ] GC(31) - age   3:      46512 bytes,      79376 total
[2022-06-17T01:10:46.199+0000][3704][gc,heap      ] GC(31) ParNew: 139591K->830K(153344K)
[2022-06-17T01:10:46.199+0000][3704][gc,heap      ] GC(31) CMS: 73968K->73968K(878208K)
[2022-06-17T01:10:46.199+0000][3704][gc,metaspace ] GC(31) Metaspace: 103398K->103398K(1144832K)
[2022-06-17T01:10:46.199+0000][3704][gc           ] GC(31) Pause Young (Allocation Failure) 208M->73M(1007M) 3.759ms
[2022-06-17T01:10:46.199+0000][3704][gc,cpu       ] GC(31) User=0.00s Sys=0.00s Real=0.00s
[2022-06-17T01:10:46.199+0000][3704][safepoint    ] Leaving safepoint region
[2022-06-17T01:10:46.199+0000][3704][safepoint    ] Total time for which application threads were stopped: 0.0039160 seconds, Stopping threads took: 0.0000200 seconds
[2022-06-17T01:10:55.599+0000][3704][safepoint    ] Application time: 9.3961771 seconds
[2022-06-17T01:10:55.599+0000][3704][safepoint    ] Entering safepoint region: RevokeBias
[2022-06-17T01:10:55.599+0000][3704][safepoint    ] Leaving safepoint region
[2022-06-17T01:10:55.599+0000][3704][safepoint    ] Total time for which application threads were stopped: 0.0001116 seconds, Stopping threads took: 0.0000192 seconds
[2022-06-17T01:11:25.601+0000][3704][safepoint    ] Application time: 30.0022642 seconds
[2022-06-17T01:11:25.601+0000][3704][safepoint    ] Entering safepoint region: RevokeBias
[2022-06-17T01:11:25.601+0000][3704][safepoint    ] Leaving safepoint region
[2022-06-17T01:11:25.601+0000][3704][safepoint    ] Total time for which application threads were stopped: 0.0001921 seconds, Stopping threads took: 0.0000680 seconds
[2022-06-17T01:11:25.601+0000][3704][safepoint    ] Application time: 0.0000546 seconds
[2022-06-17T01:11:25.601+0000][3704][safepoint    ] Entering safepoint region: RevokeBias
[2022-06-17T01:11:25.601+0000][3704][safepoint    ] Leaving safepoint region
[2022-06-17T01:11:25.601+0000][3704][safepoint    ] Total time for which application threads were stopped: 0.0000912 seconds, Stopping threads took: 0.0000359 seconds
[2022-06-17T01:11:55.610+0000][3704][safepoint    ] Application time: 30.0085781 seconds
[2022-06-17T01:11:55.610+0000][3704][safepoint    ] Entering safepoint region: RevokeBias
[2022-06-17T01:11:55.610+0000][3704][safepoint    ] Leaving safepoint region
[2022-06-17T01:11:55.610+0000][3704][safepoint    ] Total time for which application threads were stopped: 0.0003500 seconds, Stopping threads took: 0.0002089 seconds
[2022-06-17T01:11:55.610+0000][3704][safepoint    ] Application time: 0.0003278 seconds
[2022-06-17T01:11:55.610+0000][3704][safepoint    ] Entering safepoint region: RevokeBias
[2022-06-17T01:11:55.610+0000][3704][safepoint    ] Leaving safepoint region
[2022-06-17T01:11:55.610+0000][3704][safepoint    ] Total time for which application threads were stopped: 0.0000800 seconds, Stopping threads took: 0.0000153 seconds
[2022-06-17T01:12:25.620+0000][3704][safepoint    ] Application time: 30.0089470 seconds
[2022-06-17T01:12:25.620+0000][3704][safepoint    ] Entering safepoint region: RevokeBias
[2022-06-17T01:12:25.620+0000][3704][safepoint    ] Leaving safepoint region
[2022-06-17T01:12:25.620+0000][3704][safepoint    ] Total time for which application threads were stopped: 0.0001887 seconds, Stopping threads took: 0.0000661 seconds
[2022-06-17T01:12:25.620+0000][3704][safepoint    ] Application time: 0.0000465 seconds
[2022-06-17T01:12:25.620+0000][3704][safepoint    ] Entering safepoint region: RevokeBias
[2022-06-17T01:12:25.620+0000][3704][safepoint    ] Leaving safepoint region
[2022-06-17T01:12:25.620+0000][3704][safepoint    ] Total time for which application threads were stopped: 0.0000699 seconds, Stopping threads took: 0.0000248 seconds
[2022-06-17T01:12:51.792+0000][3704][safepoint    ] Application time: 26.1718035 seconds
[2022-06-17T01:12:51.792+0000][3704][safepoint    ] Entering safepoint region: Cleanup
[2022-06-17T01:12:51.792+0000][3704][safepoint    ] Leaving safepoint region
[2022-06-17T01:12:51.792+0000][3704][safepoint    ] Total time for which application threads were stopped: 0.0000949 seconds, Stopping threads took: 0.0000232 seconds
[2022-06-17T01:12:55.624+0000][3704][safepoint    ] Application time: 3.8319677 seconds
[2022-06-17T01:12:55.624+0000][3704][safepoint    ] Entering safepoint region: RevokeBias
[2022-06-17T01:12:55.624+0000][3704][safepoint    ] Leaving safepoint region
[2022-06-17T01:12:55.624+0000][3704][safepoint    ] Total time for which application threads were stopped: 0.0001898 seconds, Stopping threads took: 0.0000651 seconds
[2022-06-17T01:12:55.624+0000][3704][safepoint    ] Application time: 0.0000571 seconds
[2022-06-17T01:12:55.624+0000][3704][safepoint    ] Entering safepoint region: RevokeBias
[2022-06-17T01:12:55.624+0000][3704][safepoint    ] Leaving safepoint region
[2022-06-17T01:12:55.624+0000][3704][safepoint    ] Total time for which application threads were stopped: 0.0001049 seconds, Stopping threads took: 0.0000459 seconds
[2022-06-17T01:13:25.633+0000][3704][safepoint    ] Application time: 30.0089110 seconds
[2022-06-17T01:13:25.633+0000][3704][safepoint    ] Entering safepoint region: RevokeBias
[2022-06-17T01:13:25.633+0000][3704][safepoint    ] Leaving safepoint region
[2022-06-17T01:13:25.633+0000][3704][safepoint    ] Total time for which application threads were stopped: 0.0001191 seconds, Stopping threads took: 0.0000266 seconds
[2022-06-17T01:13:55.642+0000][3704][safepoint    ] Application time: 30.0088522 seconds
[2022-06-17T01:13:55.642+0000][3704][safepoint    ] Entering safepoint region: RevokeBias
[2022-06-17T01:13:55.642+0000][3704][safepoint    ] Leaving safepoint region
[2022-06-17T01:13:55.642+0000][3704][safepoint    ] Total time for which application threads were stopped: 0.0002042 seconds, Stopping threads took: 0.0000285 seconds
[2022-06-17T01:14:25.645+0000][3704][safepoint    ] Application time: 30.0031740 seconds
[2022-06-17T01:14:25.645+0000][3704][safepoint    ] Entering safepoint region: RevokeBias
[2022-06-17T01:14:25.645+0000][3704][safepoint    ] Leaving safepoint region
[2022-06-17T01:14:25.645+0000][3704][safepoint    ] Total time for which application threads were stopped: 0.0002002 seconds, Stopping threads took: 0.0000353 seconds
[2022-06-17T01:14:25.645+0000][3704][safepoint    ] Application time: 0.0004509 seconds
[2022-06-17T01:14:25.645+0000][3704][safepoint    ] Entering safepoint region: RevokeBias
[2022-06-17T01:14:25.645+0000][3704][safepoint    ] Leaving safepoint region
[2022-06-17T01:14:25.645+0000][3704][safepoint    ] Total time for which application threads were stopped: 0.0001493 seconds, Stopping threads took: 0.0000289 seconds
[2022-06-17T01:14:50.674+0000][3704][safepoint    ] Application time: 25.0284963 seconds
[2022-06-17T01:14:50.674+0000][3704][safepoint    ] Entering safepoint region: RevokeBias
[2022-06-17T01:14:50.674+0000][3704][safepoint    ] Leaving safepoint region
[2022-06-17T01:14:50.674+0000][3704][safepoint    ] Total time for which application threads were stopped: 0.0002064 seconds, Stopping threads took: 0.0000335 seconds
[2022-06-17T01:14:50.674+0000][3704][safepoint    ] Application time: 0.0022581 seconds
[2022-06-17T01:14:50.674+0000][3704][safepoint    ] Entering safepoint region: RevokeBias
[2022-06-17T01:14:50.674+0000][3704][safepoint    ] Leaving safepoint region
[2022-06-17T01:14:50.674+0000][3704][safepoint    ] Total time for which application threads were stopped: 0.0001222 seconds, Stopping threads took: 0.0000334 seconds
[2022-06-17T01:14:50.674+0000][3704][safepoint    ] Application time: 0.0002307 seconds
[2022-06-17T01:14:50.674+0000][3704][safepoint    ] Entering safepoint region: RevokeBias
[2022-06-17T01:14:50.674+0000][3704][safepoint    ] Leaving safepoint region
[2022-06-17T01:14:50.674+0000][3704][safepoint    ] Total time for which application threads were stopped: 0.0000903 seconds, Stopping threads took: 0.0000198 seconds
[2022-06-17T01:14:50.674+0000][3704][safepoint    ] Application time: 0.0005029 seconds
[2022-06-17T01:14:50.674+0000][3704][safepoint    ] Entering safepoint region: RevokeBias
[2022-06-17T01:14:50.674+0000][3704][safepoint    ] Leaving safepoint region
[2022-06-17T01:14:50.674+0000][3704][safepoint    ] Total time for which application threads were stopped: 0.0000920 seconds, Stopping threads took: 0.0000275 seconds
[2022-06-17T01:14:55.656+0000][3704][safepoint    ] Application time: 4.9769939 seconds
[2022-06-17T01:14:55.656+0000][3704][safepoint    ] Entering safepoint region: RevokeBias
[2022-06-17T01:14:55.656+0000][3704][safepoint    ] Leaving safepoint region
[2022-06-17T01:14:55.656+0000][3704][safepoint    ] Total time for which application threads were stopped: 0.0001914 seconds, Stopping threads took: 0.0000695 seconds
[2022-06-17T01:14:55.656+0000][3704][safepoint    ] Application time: 0.0000579 seconds
[2022-06-17T01:14:55.656+0000][3704][safepoint    ] Entering safepoint region: BulkRevokeBias
[2022-06-17T01:14:55.656+0000][3704][safepoint    ] Leaving safepoint region
[2022-06-17T01:14:55.656+0000][3704][safepoint    ] Total time for which application threads were stopped: 0.0003126 seconds, Stopping threads took: 0.0000427 seconds
[2022-06-17T01:14:55.656+0000][3704][safepoint    ] Application time: 0.0000896 seconds
[2022-06-17T01:14:55.656+0000][3704][safepoint    ] Entering safepoint region: RevokeBias
[2022-06-17T01:14:55.656+0000][3704][safepoint    ] Leaving safepoint region
[2022-06-17T01:14:55.656+0000][3704][safepoint    ] Total time for which application threads were stopped: 0.0000600 seconds, Stopping threads took: 0.0000128 seconds
[2022-06-17T01:15:25.659+0000][3704][safepoint    ] Application time: 30.0027619 seconds
[2022-06-17T01:15:25.659+0000][3704][safepoint    ] Entering safepoint region: RevokeBias
[2022-06-17T01:15:25.659+0000][3704][safepoint    ] Leaving safepoint region
[2022-06-17T01:15:25.659+0000][3704][safepoint    ] Total time for which application threads were stopped: 0.0001947 seconds, Stopping threads took: 0.0000683 seconds
[2022-06-17T01:15:25.659+0000][3704][safepoint    ] Application time: 0.0000442 seconds
[2022-06-17T01:15:25.659+0000][3704][safepoint    ] Entering safepoint region: RevokeBias
[2022-06-17T01:15:25.659+0000][3704][safepoint    ] Leaving safepoint region
[2022-06-17T01:15:25.659+0000][3704][safepoint    ] Total time for which application threads were stopped: 0.0001172 seconds, Stopping threads took: 0.0000547 seconds
[2022-06-17T01:15:55.663+0000][3704][safepoint    ] Application time: 30.0040715 seconds
[2022-06-17T01:15:55.663+0000][3704][safepoint    ] Entering safepoint region: RevokeBias
[2022-06-17T01:15:55.663+0000][3704][safepoint    ] Leaving safepoint region
[2022-06-17T01:15:55.663+0000][3704][safepoint    ] Total time for which application threads were stopped: 0.0002381 seconds, Stopping threads took: 0.0000534 seconds
[2022-06-17T01:15:55.663+0000][3704][safepoint    ] Application time: 0.0000408 seconds
[2022-06-17T01:15:55.663+0000][3704][safepoint    ] Entering safepoint region: RevokeBias
[2022-06-17T01:15:55.663+0000][3704][safepoint    ] Leaving safepoint region
[2022-06-17T01:15:55.663+0000][3704][safepoint    ] Total time for which application threads were stopped: 0.0001214 seconds, Stopping threads took: 0.0000602 seconds
[2022-06-17T01:16:25.680+0000][3704][safepoint    ] Application time: 30.0159215 seconds
[2022-06-17T01:16:25.680+0000][3704][safepoint    ] Entering safepoint region: RevokeBias
[2022-06-17T01:16:25.680+0000][3704][safepoint    ] Leaving safepoint region
[2022-06-17T01:16:25.680+0000][3704][safepoint    ] Total time for which application threads were stopped: 0.0002135 seconds, Stopping threads took: 0.0000828 seconds
[2022-06-17T01:16:25.680+0000][3704][safepoint    ] Application time: 0.0000373 seconds
[2022-06-17T01:16:25.680+0000][3704][safepoint    ] Entering safepoint region: RevokeBias
[2022-06-17T01:16:25.680+0000][3704][safepoint    ] Leaving safepoint region
[2022-06-17T01:16:25.680+0000][3704][safepoint    ] Total time for which application threads were stopped: 0.0001238 seconds, Stopping threads took: 0.0000617 seconds
[2022-06-17T01:16:55.688+0000][3704][safepoint    ] Application time: 30.0079343 seconds
[2022-06-17T01:16:55.688+0000][3704][safepoint    ] Entering safepoint region: RevokeBias
[2022-06-17T01:16:55.688+0000][3704][safepoint    ] Leaving safepoint region
[2022-06-17T01:16:55.688+0000][3704][safepoint    ] Total time for which application threads were stopped: 0.0001085 seconds, Stopping threads took: 0.0000182 seconds
[2022-06-17T01:17:25.695+0000][3704][safepoint    ] Application time: 30.0071023 seconds
[2022-06-17T01:17:25.695+0000][3704][safepoint    ] Entering safepoint region: RevokeBias
[2022-06-17T01:17:25.695+0000][3704][safepoint    ] Leaving safepoint region
[2022-06-17T01:17:25.695+0000][3704][safepoint    ] Total time for which application threads were stopped: 0.0001653 seconds, Stopping threads took: 0.0000322 seconds
[2022-06-17T01:17:25.695+0000][3704][safepoint    ] Application time: 0.0000507 seconds
[2022-06-17T01:17:25.695+0000][3704][safepoint    ] Entering safepoint region: RevokeBias
[2022-06-17T01:17:25.695+0000][3704][safepoint    ] Leaving safepoint region
[2022-06-17T01:17:25.695+0000][3704][safepoint    ] Total time for which application threads were stopped: 0.0001298 seconds, Stopping threads took: 0.0000685 seconds
[2022-06-17T01:17:55.707+0000][3704][safepoint    ] Application time: 30.0114029 seconds
[2022-06-17T01:17:55.707+0000][3704][safepoint    ] Entering safepoint region: RevokeBias
[2022-06-17T01:17:55.707+0000][3704][safepoint    ] Leaving safepoint region
[2022-06-17T01:17:55.707+0000][3704][safepoint    ] Total time for which application threads were stopped: 0.0001609 seconds, Stopping threads took: 0.0000327 seconds
[2022-06-17T01:17:55.707+0000][3704][safepoint    ] Application time: 0.0000527 seconds
[2022-06-17T01:17:55.707+0000][3704][safepoint    ] Entering safepoint region: RevokeBias
[2022-06-17T01:17:55.707+0000][3704][safepoint    ] Leaving safepoint region
[2022-06-17T01:17:55.707+0000][3704][safepoint    ] Total time for which application threads were stopped: 0.0001307 seconds, Stopping threads took: 0.0000646 seconds
[2022-06-17T01:18:25.723+0000][3704][safepoint    ] Application time: 30.0159701 seconds
[2022-06-17T01:18:25.723+0000][3704][safepoint    ] Entering safepoint region: RevokeBias
[2022-06-17T01:18:25.723+0000][3704][safepoint    ] Leaving safepoint region
[2022-06-17T01:18:25.723+0000][3704][safepoint    ] Total time for which application threads were stopped: 0.0002277 seconds, Stopping threads took: 0.0000365 seconds
[2022-06-17T01:18:25.723+0000][3704][safepoint    ] Application time: 0.0002361 seconds
[2022-06-17T01:18:25.723+0000][3704][safepoint    ] Entering safepoint region: RevokeBias
[2022-06-17T01:18:25.723+0000][3704][safepoint    ] Leaving safepoint region
[2022-06-17T01:18:25.723+0000][3704][safepoint    ] Total time for which application threads were stopped: 0.0001070 seconds, Stopping threads took: 0.0000305 seconds
[2022-06-17T01:18:55.739+0000][3704][safepoint    ] Application time: 30.0156894 seconds
[2022-06-17T01:18:55.739+0000][3704][safepoint    ] Entering safepoint region: RevokeBias
[2022-06-17T01:18:55.739+0000][3704][safepoint    ] Leaving safepoint region
[2022-06-17T01:18:55.739+0000][3704][safepoint    ] Total time for which application threads were stopped: 0.0001705 seconds, Stopping threads took: 0.0000377 seconds
[2022-06-17T01:18:55.739+0000][3704][safepoint    ] Application time: 0.0002586 seconds
[2022-06-17T01:18:55.739+0000][3704][safepoint    ] Entering safepoint region: RevokeBias
[2022-06-17T01:18:55.739+0000][3704][safepoint    ] Leaving safepoint region
[2022-06-17T01:18:55.739+0000][3704][safepoint    ] Total time for which application threads were stopped: 0.0001291 seconds, Stopping threads took: 0.0000381 seconds
[2022-06-17T01:19:25.756+0000][3704][safepoint    ] Application time: 30.0163409 seconds
[2022-06-17T01:19:25.756+0000][3704][safepoint    ] Entering safepoint region: RevokeBias
[2022-06-17T01:19:25.756+0000][3704][safepoint    ] Leaving safepoint region
[2022-06-17T01:19:25.756+0000][3704][safepoint    ] Total time for which application threads were stopped: 0.0001799 seconds, Stopping threads took: 0.0000375 seconds
[2022-06-17T01:19:55.763+0000][3704][safepoint    ] Application time: 30.0070808 seconds
[2022-06-17T01:19:55.763+0000][3704][safepoint    ] Entering safepoint region: RevokeBias
[2022-06-17T01:19:55.763+0000][3704][safepoint    ] Leaving safepoint region
[2022-06-17T01:19:55.763+0000][3704][safepoint    ] Total time for which application threads were stopped: 0.0001972 seconds, Stopping threads took: 0.0000356 seconds
[2022-06-17T01:19:55.763+0000][3704][safepoint    ] Application time: 0.0003364 seconds
[2022-06-17T01:19:55.763+0000][3704][safepoint    ] Entering safepoint region: BulkRevokeBias
[2022-06-17T01:19:55.763+0000][3704][safepoint    ] Leaving safepoint region
[2022-06-17T01:19:55.763+0000][3704][safepoint    ] Total time for which application threads were stopped: 0.0002608 seconds, Stopping threads took: 0.0000147 seconds
[2022-06-17T01:20:25.780+0000][3704][safepoint    ] Application time: 30.0160951 seconds
[2022-06-17T01:20:25.780+0000][3704][safepoint    ] Entering safepoint region: RevokeBias
[2022-06-17T01:20:25.780+0000][3704][safepoint    ] Leaving safepoint region
[2022-06-17T01:20:25.780+0000][3704][safepoint    ] Total time for which application threads were stopped: 0.0001904 seconds, Stopping threads took: 0.0000637 seconds
[2022-06-17T01:20:25.780+0000][3704][safepoint    ] Application time: 0.0000546 seconds
[2022-06-17T01:20:25.780+0000][3704][safepoint    ] Entering safepoint region: RevokeBias
[2022-06-17T01:20:25.780+0000][3704][safepoint    ] Leaving safepoint region
[2022-06-17T01:20:25.780+0000][3704][safepoint    ] Total time for which application threads were stopped: 0.0001017 seconds, Stopping threads took: 0.0000461 seconds
[2022-06-17T01:20:55.786+0000][3704][safepoint    ] Application time: 30.0059836 seconds
[2022-06-17T01:20:55.786+0000][3704][safepoint    ] Entering safepoint region: RevokeBias
[2022-06-17T01:20:55.786+0000][3704][safepoint    ] Leaving safepoint region
[2022-06-17T01:20:55.786+0000][3704][safepoint    ] Total time for which application threads were stopped: 0.0001592 seconds, Stopping threads took: 0.0000333 seconds
[2022-06-17T01:20:55.786+0000][3704][safepoint    ] Application time: 0.0001790 seconds
[2022-06-17T01:20:55.786+0000][3704][safepoint    ] Entering safepoint region: RevokeBias
[2022-06-17T01:20:55.786+0000][3704][safepoint    ] Leaving safepoint region
[2022-06-17T01:20:55.786+0000][3704][safepoint    ] Total time for which application threads were stopped: 0.0001233 seconds, Stopping threads took: 0.0000596 seconds
[2022-06-17T01:21:25.796+0000][3704][safepoint    ] Application time: 30.0089141 seconds
[2022-06-17T01:21:25.796+0000][3704][safepoint    ] Entering safepoint region: RevokeBias
[2022-06-17T01:21:25.796+0000][3704][safepoint    ] Leaving safepoint region
[2022-06-17T01:21:25.796+0000][3704][safepoint    ] Total time for which application threads were stopped: 0.0001958 seconds, Stopping threads took: 0.0000674 seconds
[2022-06-17T01:21:25.796+0000][3704][safepoint    ] Application time: 0.0000557 seconds
[2022-06-17T01:21:25.796+0000][3704][safepoint    ] Entering safepoint region: RevokeBias
[2022-06-17T01:21:25.796+0000][3704][safepoint    ] Leaving safepoint region
[2022-06-17T01:21:25.796+0000][3704][safepoint    ] Total time for which application threads were stopped: 0.0001059 seconds, Stopping threads took: 0.0000462 seconds
[2022-06-17T01:21:55.800+0000][3704][safepoint    ] Application time: 30.0038423 seconds
[2022-06-17T01:21:55.800+0000][3704][safepoint    ] Entering safepoint region: RevokeBias
[2022-06-17T01:21:55.800+0000][3704][safepoint    ] Leaving safepoint region
[2022-06-17T01:21:55.800+0000][3704][safepoint    ] Total time for which application threads were stopped: 0.0001603 seconds, Stopping threads took: 0.0000330 seconds
[2022-06-17T01:21:55.800+0000][3704][safepoint    ] Application time: 0.0000507 seconds
[2022-06-17T01:21:55.800+0000][3704][safepoint    ] Entering safepoint region: RevokeBias
[2022-06-17T01:21:55.800+0000][3704][safepoint    ] Leaving safepoint region
[2022-06-17T01:21:55.800+0000][3704][safepoint    ] Total time for which application threads were stopped: 0.0001308 seconds, Stopping threads took: 0.0000670 seconds
[2022-06-17T01:22:25.816+0000][3704][safepoint    ] Application time: 30.0160691 seconds
[2022-06-17T01:22:25.816+0000][3704][safepoint    ] Entering safepoint region: RevokeBias
[2022-06-17T01:22:25.816+0000][3704][safepoint    ] Leaving safepoint region
[2022-06-17T01:22:25.816+0000][3704][safepoint    ] Total time for which application threads were stopped: 0.0001648 seconds, Stopping threads took: 0.0000331 seconds
[2022-06-17T01:22:25.816+0000][3704][safepoint    ] Application time: 0.0000528 seconds
[2022-06-17T01:22:25.816+0000][3704][safepoint    ] Entering safepoint region: RevokeBias
[2022-06-17T01:22:25.816+0000][3704][safepoint    ] Leaving safepoint region
[2022-06-17T01:22:25.816+0000][3704][safepoint    ] Total time for which application threads were stopped: 0.0000836 seconds, Stopping threads took: 0.0000288 seconds
[2022-06-17T01:22:55.832+0000][3704][safepoint    ] Application time: 30.0156052 seconds
[2022-06-17T01:22:55.832+0000][3704][safepoint    ] Entering safepoint region: RevokeBias
[2022-06-17T01:22:55.832+0000][3704][safepoint    ] Leaving safepoint region
[2022-06-17T01:22:55.832+0000][3704][safepoint    ] Total time for which application threads were stopped: 0.0001551 seconds, Stopping threads took: 0.0000324 seconds
[2022-06-17T01:22:55.832+0000][3704][safepoint    ] Application time: 0.0000518 seconds
[2022-06-17T01:22:55.832+0000][3704][safepoint    ] Entering safepoint region: RevokeBias
[2022-06-17T01:22:55.832+0000][3704][safepoint    ] Leaving safepoint region
[2022-06-17T01:22:55.832+0000][3704][safepoint    ] Total time for which application threads were stopped: 0.0001368 seconds, Stopping threads took: 0.0000707 seconds
[2022-06-17T01:23:25.847+0000][3704][safepoint    ] Application time: 30.0149975 seconds
[2022-06-17T01:23:25.847+0000][3704][safepoint    ] Entering safepoint region: RevokeBias
[2022-06-17T01:23:25.847+0000][3704][safepoint    ] Leaving safepoint region
[2022-06-17T01:23:25.847+0000][3704][safepoint    ] Total time for which application threads were stopped: 0.0001561 seconds, Stopping threads took: 0.0000461 seconds
[2022-06-17T01:23:25.847+0000][3704][safepoint    ] Application time: 0.0003229 seconds
[2022-06-17T01:23:25.847+0000][3704][safepoint    ] Entering safepoint region: RevokeBias
[2022-06-17T01:23:25.847+0000][3704][safepoint    ] Leaving safepoint region
[2022-06-17T01:23:25.847+0000][3704][safepoint    ] Total time for which application threads were stopped: 0.0000795 seconds, Stopping threads took: 0.0000154 seconds
[2022-06-17T01:23:55.855+0000][3704][safepoint    ] Application time: 30.0073359 seconds
[2022-06-17T01:23:55.855+0000][3704][safepoint    ] Entering safepoint region: RevokeBias
[2022-06-17T01:23:55.855+0000][3704][safepoint    ] Leaving safepoint region
[2022-06-17T01:23:55.855+0000][3704][safepoint    ] Total time for which application threads were stopped: 0.0001134 seconds, Stopping threads took: 0.0000185 seconds
[2022-06-17T01:24:25.862+0000][3704][safepoint    ] Application time: 30.0077398 seconds
[2022-06-17T01:24:25.862+0000][3704][safepoint    ] Entering safepoint region: RevokeBias
[2022-06-17T01:24:25.862+0000][3704][safepoint    ] Leaving safepoint region
[2022-06-17T01:24:25.862+0000][3704][safepoint    ] Total time for which application threads were stopped: 0.0001889 seconds, Stopping threads took: 0.0000536 seconds
[2022-06-17T01:24:25.862+0000][3704][safepoint    ] Application time: 0.0000554 seconds
[2022-06-17T01:24:25.862+0000][3704][safepoint    ] Entering safepoint region: RevokeBias
[2022-06-17T01:24:25.862+0000][3704][safepoint    ] Leaving safepoint region
[2022-06-17T01:24:25.862+0000][3704][safepoint    ] Total time for which application threads were stopped: 0.0001064 seconds, Stopping threads took: 0.0000503 seconds
[2022-06-17T01:24:50.667+0000][3704][safepoint    ] Application time: 24.8050632 seconds
[2022-06-17T01:24:50.667+0000][3704][safepoint    ] Entering safepoint region: RevokeBias
[2022-06-17T01:24:50.667+0000][3704][safepoint    ] Leaving safepoint region
[2022-06-17T01:24:50.667+0000][3704][safepoint    ] Total time for which application threads were stopped: 0.0002264 seconds, Stopping threads took: 0.0000341 seconds
[2022-06-17T01:24:50.667+0000][3704][safepoint    ] Application time: 0.0020002 seconds
[2022-06-17T01:24:50.667+0000][3704][safepoint    ] Entering safepoint region: RevokeBias
[2022-06-17T01:24:50.667+0000][3704][safepoint    ] Leaving safepoint region
[2022-06-17T01:24:50.667+0000][3704][safepoint    ] Total time for which application threads were stopped: 0.0001038 seconds, Stopping threads took: 0.0000265 seconds
[2022-06-17T01:24:50.667+0000][3704][safepoint    ] Application time: 0.0009428 seconds
[2022-06-17T01:24:50.667+0000][3704][safepoint    ] Entering safepoint region: BulkRevokeBias
[2022-06-17T01:24:50.667+0000][3704][safepoint    ] Leaving safepoint region
[2022-06-17T01:24:50.667+0000][3704][safepoint    ] Total time for which application threads were stopped: 0.0003404 seconds, Stopping threads took: 0.0000278 seconds
[2022-06-17T01:24:50.667+0000][3704][safepoint    ] Application time: 0.0014202 seconds
[2022-06-17T01:24:50.667+0000][3704][safepoint    ] Entering safepoint region: RevokeBias
[2022-06-17T01:24:50.667+0000][3704][safepoint    ] Leaving safepoint region
[2022-06-17T01:24:50.667+0000][3704][safepoint    ] Total time for which application threads were stopped: 0.0000853 seconds, Stopping threads took: 0.0000256 seconds
[2022-06-17T01:24:55.866+0000][3704][safepoint    ] Application time: 5.1931173 seconds
[2022-06-17T01:24:55.866+0000][3704][safepoint    ] Entering safepoint region: RevokeBias
[2022-06-17T01:24:55.866+0000][3704][safepoint    ] Leaving safepoint region
[2022-06-17T01:24:55.866+0000][3704][safepoint    ] Total time for which application threads were stopped: 0.0001556 seconds, Stopping threads took: 0.0000318 seconds
[2022-06-17T01:24:55.866+0000][3704][safepoint    ] Application time: 0.0002236 seconds
[2022-06-17T01:24:55.866+0000][3704][safepoint    ] Entering safepoint region: RevokeBias
[2022-06-17T01:24:55.866+0000][3704][safepoint    ] Leaving safepoint region
[2022-06-17T01:24:55.866+0000][3704][safepoint    ] Total time for which application threads were stopped: 0.0001008 seconds, Stopping threads took: 0.0000386 seconds
[2022-06-17T01:25:25.881+0000][3704][safepoint    ] Application time: 30.0149693 seconds
[2022-06-17T01:25:25.881+0000][3704][safepoint    ] Entering safepoint region: RevokeBias
[2022-06-17T01:25:25.881+0000][3704][safepoint    ] Leaving safepoint region
[2022-06-17T01:25:25.881+0000][3704][safepoint    ] Total time for which application threads were stopped: 0.0001741 seconds, Stopping threads took: 0.0000430 seconds
[2022-06-17T01:25:25.881+0000][3704][safepoint    ] Application time: 0.0004271 seconds
[2022-06-17T01:25:25.881+0000][3704][safepoint    ] Entering safepoint region: RevokeBias
[2022-06-17T01:25:25.881+0000][3704][safepoint    ] Leaving safepoint region
[2022-06-17T01:25:25.881+0000][3704][safepoint    ] Total time for which application threads were stopped: 0.0000782 seconds, Stopping threads took: 0.0000155 seconds
[2022-06-17T01:25:55.883+0000][3704][safepoint    ] Application time: 30.0013951 seconds
[2022-06-17T01:25:55.883+0000][3704][safepoint    ] Entering safepoint region: RevokeBias
[2022-06-17T01:25:55.883+0000][3704][safepoint    ] Leaving safepoint region
[2022-06-17T01:25:55.883+0000][3704][safepoint    ] Total time for which application threads were stopped: 0.0003054 seconds, Stopping threads took: 0.0001912 seconds
[2022-06-17T01:26:25.886+0000][3704][safepoint    ] Application time: 30.0018216 seconds
[2022-06-17T01:26:25.886+0000][3704][safepoint    ] Entering safepoint region: RevokeBias
[2022-06-17T01:26:25.886+0000][3704][safepoint    ] Leaving safepoint region
[2022-06-17T01:26:25.886+0000][3704][safepoint    ] Total time for which application threads were stopped: 0.0002163 seconds, Stopping threads took: 0.0000773 seconds
[2022-06-17T01:26:25.886+0000][3704][safepoint    ] Application time: 0.0000405 seconds
[2022-06-17T01:26:25.886+0000][3704][safepoint    ] Entering safepoint region: RevokeBias
[2022-06-17T01:26:25.886+0000][3704][safepoint    ] Leaving safepoint region
[2022-06-17T01:26:25.886+0000][3704][safepoint    ] Total time for which application threads were stopped: 0.0000789 seconds, Stopping threads took: 0.0000293 seconds
[2022-06-17T01:26:26.886+0000][3704][safepoint    ] Application time: 0.9994388 seconds
[2022-06-17T01:26:26.886+0000][3704][safepoint    ] Entering safepoint region: Cleanup
[2022-06-17T01:26:26.886+0000][3704][safepoint    ] Leaving safepoint region
[2022-06-17T01:26:26.886+0000][3704][safepoint    ] Total time for which application threads were stopped: 0.0001032 seconds, Stopping threads took: 0.0000223 seconds
[2022-06-17T01:26:55.887+0000][3704][safepoint    ] Application time: 29.0019434 seconds
[2022-06-17T01:26:55.887+0000][3704][safepoint    ] Entering safepoint region: RevokeBias
[2022-06-17T01:26:55.887+0000][3704][safepoint    ] Leaving safepoint region
[2022-06-17T01:26:55.887+0000][3704][safepoint    ] Total time for which application threads were stopped: 0.0001646 seconds, Stopping threads took: 0.0000305 seconds
[2022-06-17T01:26:55.887+0000][3704][safepoint    ] Application time: 0.0000525 seconds
[2022-06-17T01:26:55.887+0000][3704][safepoint    ] Entering safepoint region: RevokeBias
[2022-06-17T01:26:55.887+0000][3704][safepoint    ] Leaving safepoint region
[2022-06-17T01:26:55.887+0000][3704][safepoint    ] Total time for which application threads were stopped: 0.0000993 seconds, Stopping threads took: 0.0000446 seconds
[2022-06-17T01:27:25.899+0000][3704][safepoint    ] Application time: 30.0120192 seconds
[2022-06-17T01:27:25.899+0000][3704][safepoint    ] Entering safepoint region: RevokeBias
[2022-06-17T01:27:25.899+0000][3704][safepoint    ] Leaving safepoint region
[2022-06-17T01:27:25.899+0000][3704][safepoint    ] Total time for which application threads were stopped: 0.0001649 seconds, Stopping threads took: 0.0000320 seconds
[2022-06-17T01:27:25.899+0000][3704][safepoint    ] Application time: 0.0000682 seconds
[2022-06-17T01:27:25.899+0000][3704][safepoint    ] Entering safepoint region: RevokeBias
[2022-06-17T01:27:25.899+0000][3704][safepoint    ] Leaving safepoint region
[2022-06-17T01:27:25.899+0000][3704][safepoint    ] Total time for which application threads were stopped: 0.0001256 seconds, Stopping threads took: 0.0000653 seconds
[2022-06-17T01:27:55.901+0000][3704][safepoint    ] Application time: 30.0007520 seconds
[2022-06-17T01:27:55.901+0000][3704][safepoint    ] Entering safepoint region: RevokeBias
[2022-06-17T01:27:55.901+0000][3704][safepoint    ] Leaving safepoint region
[2022-06-17T01:27:55.901+0000][3704][safepoint    ] Total time for which application threads were stopped: 0.0002044 seconds, Stopping threads took: 0.0000564 seconds
[2022-06-17T01:28:25.902+0000][3704][safepoint    ] Application time: 30.0012035 seconds
[2022-06-17T01:28:25.902+0000][3704][safepoint    ] Entering safepoint region: RevokeBias
[2022-06-17T01:28:25.902+0000][3704][safepoint    ] Leaving safepoint region
[2022-06-17T01:28:25.902+0000][3704][safepoint    ] Total time for which application threads were stopped: 0.0001822 seconds, Stopping threads took: 0.0000520 seconds
[2022-06-17T01:28:25.902+0000][3704][safepoint    ] Application time: 0.0000643 seconds
[2022-06-17T01:28:25.902+0000][3704][safepoint    ] Entering safepoint region: RevokeBias
[2022-06-17T01:28:25.902+0000][3704][safepoint    ] Leaving safepoint region
[2022-06-17T01:28:25.902+0000][3704][safepoint    ] Total time for which application threads were stopped: 0.0000656 seconds, Stopping threads took: 0.0000177 seconds
[2022-06-17T01:28:55.903+0000][3704][safepoint    ] Application time: 30.0016559 seconds
[2022-06-17T01:28:55.903+0000][3704][safepoint    ] Entering safepoint region: RevokeBias
[2022-06-17T01:28:55.904+0000][3704][safepoint    ] Leaving safepoint region
[2022-06-17T01:28:55.904+0000][3704][safepoint    ] Total time for which application threads were stopped: 0.0002164 seconds, Stopping threads took: 0.0000362 seconds
[2022-06-17T01:28:55.904+0000][3704][safepoint    ] Application time: 0.0004519 seconds
[2022-06-17T01:28:55.904+0000][3704][safepoint    ] Entering safepoint region: RevokeBias
[2022-06-17T01:28:55.904+0000][3704][safepoint    ] Leaving safepoint region
[2022-06-17T01:28:55.904+0000][3704][safepoint    ] Total time for which application threads were stopped: 0.0001613 seconds, Stopping threads took: 0.0000291 seconds
[2022-06-17T01:29:25.905+0000][3704][safepoint    ] Application time: 30.0007389 seconds
[2022-06-17T01:29:25.905+0000][3704][safepoint    ] Entering safepoint region: RevokeBias
[2022-06-17T01:29:25.905+0000][3704][safepoint    ] Leaving safepoint region
[2022-06-17T01:29:25.905+0000][3704][safepoint    ] Total time for which application threads were stopped: 0.0001747 seconds, Stopping threads took: 0.0000444 seconds
[2022-06-17T01:29:25.905+0000][3704][safepoint    ] Application time: 0.0000512 seconds
[2022-06-17T01:29:25.905+0000][3704][safepoint    ] Entering safepoint region: RevokeBias
[2022-06-17T01:29:25.905+0000][3704][safepoint    ] Leaving safepoint region
[2022-06-17T01:29:25.905+0000][3704][safepoint    ] Total time for which application threads were stopped: 0.0001358 seconds, Stopping threads took: 0.0000721 seconds
[2022-06-17T01:29:55.915+0000][3704][safepoint    ] Application time: 30.0091899 seconds
[2022-06-17T01:29:55.915+0000][3704][safepoint    ] Entering safepoint region: RevokeBias
[2022-06-17T01:29:55.915+0000][3704][safepoint    ] Leaving safepoint region
[2022-06-17T01:29:55.915+0000][3704][safepoint    ] Total time for which application threads were stopped: 0.0001651 seconds, Stopping threads took: 0.0000461 seconds
[2022-06-17T01:29:55.915+0000][3704][safepoint    ] Application time: 0.0000325 seconds
[2022-06-17T01:29:55.915+0000][3704][safepoint    ] Entering safepoint region: BulkRevokeBias
[2022-06-17T01:29:55.915+0000][3704][safepoint    ] Leaving safepoint region
[2022-06-17T01:29:55.915+0000][3704][safepoint    ] Total time for which application threads were stopped: 0.0003902 seconds, Stopping threads took: 0.0000460 seconds
[2022-06-17T01:29:55.915+0000][3704][safepoint    ] Application time: 0.0000670 seconds
[2022-06-17T01:29:55.915+0000][3704][safepoint    ] Entering safepoint region: RevokeBias
[2022-06-17T01:29:55.915+0000][3704][safepoint    ] Leaving safepoint region
[2022-06-17T01:29:55.915+0000][3704][safepoint    ] Total time for which application threads were stopped: 0.0000521 seconds, Stopping threads took: 0.0000127 seconds
[2022-06-17T01:29:59.917+0000][3704][safepoint    ] Application time: 4.0015644 seconds
[2022-06-17T01:29:59.917+0000][3704][safepoint    ] Entering safepoint region: RevokeBias
[2022-06-17T01:29:59.917+0000][3704][safepoint    ] Leaving safepoint region
[2022-06-17T01:29:59.917+0000][3704][safepoint    ] Total time for which application threads were stopped: 0.0001195 seconds, Stopping threads took: 0.0000291 seconds
[2022-06-17T01:29:59.924+0000][3704][safepoint    ] Application time: 0.0068453 seconds
[2022-06-17T01:29:59.929+0000][3704][safepoint    ] Entering safepoint region: RevokeBias
[2022-06-17T01:29:59.929+0000][3704][safepoint    ] Leaving safepoint region
[2022-06-17T01:29:59.929+0000][3704][safepoint    ] Total time for which application threads were stopped: 0.0051103 seconds, Stopping threads took: 0.0050232 seconds
[2022-06-17T01:29:59.944+0000][3704][safepoint    ] Application time: 0.0147391 seconds
[2022-06-17T01:29:59.946+0000][3704][safepoint    ] Entering safepoint region: RevokeBias
[2022-06-17T01:29:59.946+0000][3704][safepoint    ] Leaving safepoint region
[2022-06-17T01:29:59.946+0000][3704][safepoint    ] Total time for which application threads were stopped: 0.0014648 seconds, Stopping threads took: 0.0013525 seconds
[2022-06-17T01:29:59.956+0000][3704][safepoint    ] Application time: 0.0098238 seconds
[2022-06-17T01:29:59.956+0000][3704][safepoint    ] Entering safepoint region: RevokeBias
[2022-06-17T01:29:59.956+0000][3704][safepoint    ] Leaving safepoint region
[2022-06-17T01:29:59.956+0000][3704][safepoint    ] Total time for which application threads were stopped: 0.0001132 seconds, Stopping threads took: 0.0000230 seconds
[2022-06-17T01:29:59.956+0000][3704][safepoint    ] Application time: 0.0000261 seconds
[2022-06-17T01:29:59.956+0000][3704][safepoint    ] Entering safepoint region: RevokeBias
[2022-06-17T01:29:59.956+0000][3704][safepoint    ] Leaving safepoint region
[2022-06-17T01:29:59.956+0000][3704][safepoint    ] Total time for which application threads were stopped: 0.0000729 seconds, Stopping threads took: 0.0000168 seconds
[2022-06-17T01:29:59.979+0000][3704][safepoint    ] Application time: 0.0228332 seconds
[2022-06-17T01:29:59.979+0000][3704][safepoint    ] Entering safepoint region: RevokeBias
[2022-06-17T01:29:59.979+0000][3704][safepoint    ] Leaving safepoint region
[2022-06-17T01:29:59.979+0000][3704][safepoint    ] Total time for which application threads were stopped: 0.0001425 seconds, Stopping threads took: 0.0000378 seconds
[2022-06-17T01:29:59.983+0000][3704][safepoint    ] Application time: 0.0042695 seconds
[2022-06-17T01:29:59.983+0000][3704][safepoint    ] Entering safepoint region: RevokeBias
[2022-06-17T01:29:59.983+0000][3704][safepoint    ] Leaving safepoint region
[2022-06-17T01:29:59.983+0000][3704][safepoint    ] Total time for which application threads were stopped: 0.0001186 seconds, Stopping threads took: 0.0000284 seconds
[2022-06-17T01:30:02.984+0000][3704][safepoint    ] Application time: 3.0006154 seconds
[2022-06-17T01:30:02.984+0000][3704][safepoint    ] Entering safepoint region: Cleanup
[2022-06-17T01:30:02.984+0000][3704][safepoint    ] Leaving safepoint region
[2022-06-17T01:30:02.984+0000][3704][safepoint    ] Total time for which application threads were stopped: 0.0001257 seconds, Stopping threads took: 0.0000356 seconds
[2022-06-17T01:30:25.916+0000][3704][safepoint    ] Application time: 22.9320893 seconds
[2022-06-17T01:30:25.916+0000][3704][safepoint    ] Entering safepoint region: RevokeBias
[2022-06-17T01:30:25.916+0000][3704][safepoint    ] Leaving safepoint region
[2022-06-17T01:30:25.916+0000][3704][safepoint    ] Total time for which application threads were stopped: 0.0001913 seconds, Stopping threads took: 0.0000582 seconds
[2022-06-17T01:30:25.917+0000][3704][safepoint    ] Application time: 0.0002937 seconds
[2022-06-17T01:30:25.917+0000][3704][safepoint    ] Entering safepoint region: RevokeBias
[2022-06-17T01:30:25.917+0000][3704][safepoint    ] Leaving safepoint region
[2022-06-17T01:30:25.917+0000][3704][safepoint    ] Total time for which application threads were stopped: 0.0000980 seconds, Stopping threads took: 0.0000279 seconds
[2022-06-17T01:30:51.931+0000][3704][safepoint    ] Application time: 26.0142871 seconds
[2022-06-17T01:30:51.931+0000][3704][safepoint    ] Entering safepoint region: Cleanup
[2022-06-17T01:30:51.931+0000][3704][safepoint    ] Leaving safepoint region
[2022-06-17T01:30:51.931+0000][3704][safepoint    ] Total time for which application threads were stopped: 0.0000917 seconds, Stopping threads took: 0.0000220 seconds
[2022-06-17T01:30:55.918+0000][3704][safepoint    ] Application time: 3.9865924 seconds
[2022-06-17T01:30:55.918+0000][3704][safepoint    ] Entering safepoint region: RevokeBias
[2022-06-17T01:30:55.918+0000][3704][safepoint    ] Leaving safepoint region
[2022-06-17T01:30:55.918+0000][3704][safepoint    ] Total time for which application threads were stopped: 0.0001150 seconds, Stopping threads took: 0.0000193 seconds
[2022-06-17T01:31:25.920+0000][3704][safepoint    ] Application time: 30.0025220 seconds
[2022-06-17T01:31:25.920+0000][3704][safepoint    ] Entering safepoint region: RevokeBias
[2022-06-17T01:31:25.920+0000][3704][safepoint    ] Leaving safepoint region
[2022-06-17T01:31:25.920+0000][3704][safepoint    ] Total time for which application threads were stopped: 0.0001220 seconds, Stopping threads took: 0.0000185 seconds
[2022-06-17T01:31:55.921+0000][3704][safepoint    ] Application time: 30.0011272 seconds
[2022-06-17T01:31:55.921+0000][3704][safepoint    ] Entering safepoint region: RevokeBias
[2022-06-17T01:31:55.921+0000][3704][safepoint    ] Leaving safepoint region
[2022-06-17T01:31:55.921+0000][3704][safepoint    ] Total time for which application threads were stopped: 0.0001630 seconds, Stopping threads took: 0.0000344 seconds
[2022-06-17T01:31:55.921+0000][3704][safepoint    ] Application time: 0.0000630 seconds
[2022-06-17T01:31:55.921+0000][3704][safepoint    ] Entering safepoint region: RevokeBias
[2022-06-17T01:31:55.922+0000][3704][safepoint    ] Leaving safepoint region
[2022-06-17T01:31:55.922+0000][3704][safepoint    ] Total time for which application threads were stopped: 0.0003066 seconds, Stopping threads took: 0.0002263 seconds
[2022-06-17T01:32:25.923+0000][3704][safepoint    ] Application time: 30.0011769 seconds
[2022-06-17T01:32:25.923+0000][3704][safepoint    ] Entering safepoint region: RevokeBias
[2022-06-17T01:32:25.923+0000][3704][safepoint    ] Leaving safepoint region
[2022-06-17T01:32:25.923+0000][3704][safepoint    ] Total time for which application threads were stopped: 0.0001947 seconds, Stopping threads took: 0.0000341 seconds
[2022-06-17T01:32:25.924+0000][3704][safepoint    ] Application time: 0.0005088 seconds
[2022-06-17T01:32:25.924+0000][3704][safepoint    ] Entering safepoint region: RevokeBias
[2022-06-17T01:32:25.924+0000][3704][safepoint    ] Leaving safepoint region
[2022-06-17T01:32:25.924+0000][3704][safepoint    ] Total time for which application threads were stopped: 0.0001506 seconds, Stopping threads took: 0.0000286 seconds
[2022-06-17T01:32:55.925+0000][3704][safepoint    ] Application time: 30.0009162 seconds
[2022-06-17T01:32:55.925+0000][3704][safepoint    ] Entering safepoint region: RevokeBias
[2022-06-17T01:32:55.925+0000][3704][safepoint    ] Leaving safepoint region
[2022-06-17T01:32:55.925+0000][3704][safepoint    ] Total time for which application threads were stopped: 0.0001918 seconds, Stopping threads took: 0.0000672 seconds
[2022-06-17T01:32:55.925+0000][3704][safepoint    ] Application time: 0.0000594 seconds
[2022-06-17T01:32:55.925+0000][3704][safepoint    ] Entering safepoint region: RevokeBias
[2022-06-17T01:32:55.925+0000][3704][safepoint    ] Leaving safepoint region
[2022-06-17T01:32:55.925+0000][3704][safepoint    ] Total time for which application threads were stopped: 0.0000944 seconds, Stopping threads took: 0.0000425 seconds
[2022-06-17T01:33:25.926+0000][3704][safepoint    ] Application time: 30.0010677 seconds
[2022-06-17T01:33:25.926+0000][3704][safepoint    ] Entering safepoint region: RevokeBias
[2022-06-17T01:33:25.926+0000][3704][safepoint    ] Leaving safepoint region
[2022-06-17T01:33:25.926+0000][3704][safepoint    ] Total time for which application threads were stopped: 0.0001989 seconds, Stopping threads took: 0.0000370 seconds
[2022-06-17T01:33:25.927+0000][3704][safepoint    ] Application time: 0.0004259 seconds
[2022-06-17T01:33:25.927+0000][3704][safepoint    ] Entering safepoint region: RevokeBias
[2022-06-17T01:33:25.927+0000][3704][safepoint    ] Leaving safepoint region
[2022-06-17T01:33:25.927+0000][3704][safepoint    ] Total time for which application threads were stopped: 0.0001642 seconds, Stopping threads took: 0.0000339 seconds
[2022-06-17T01:33:55.929+0000][3704][safepoint    ] Application time: 30.0021822 seconds
[2022-06-17T01:33:55.929+0000][3704][safepoint    ] Entering safepoint region: RevokeBias
[2022-06-17T01:33:55.929+0000][3704][safepoint    ] Leaving safepoint region
[2022-06-17T01:33:55.929+0000][3704][safepoint    ] Total time for which application threads were stopped: 0.0002252 seconds, Stopping threads took: 0.0000796 seconds
[2022-06-17T01:34:25.930+0000][3704][safepoint    ] Application time: 30.0013035 seconds
[2022-06-17T01:34:25.930+0000][3704][safepoint    ] Entering safepoint region: RevokeBias
[2022-06-17T01:34:25.931+0000][3704][safepoint    ] Leaving safepoint region
[2022-06-17T01:34:25.931+0000][3704][safepoint    ] Total time for which application threads were stopped: 0.0002467 seconds, Stopping threads took: 0.0000539 seconds
[2022-06-17T01:34:25.931+0000][3704][safepoint    ] Application time: 0.0004588 seconds
[2022-06-17T01:34:25.931+0000][3704][safepoint    ] Entering safepoint region: RevokeBias
[2022-06-17T01:34:25.931+0000][3704][safepoint    ] Leaving safepoint region
[2022-06-17T01:34:25.931+0000][3704][safepoint    ] Total time for which application threads were stopped: 0.0001759 seconds, Stopping threads took: 0.0000370 seconds
[2022-06-17T01:34:50.667+0000][3704][safepoint    ] Application time: 24.7362261 seconds
[2022-06-17T01:34:50.667+0000][3704][safepoint    ] Entering safepoint region: RevokeBias
[2022-06-17T01:34:50.668+0000][3704][safepoint    ] Leaving safepoint region
[2022-06-17T01:34:50.668+0000][3704][safepoint    ] Total time for which application threads were stopped: 0.0001709 seconds, Stopping threads took: 0.0000462 seconds
[2022-06-17T01:34:50.668+0000][3704][safepoint    ] Application time: 0.0001974 seconds
[2022-06-17T01:34:50.668+0000][3704][safepoint    ] Entering safepoint region: BulkRevokeBias
[2022-06-17T01:34:50.668+0000][3704][safepoint    ] Leaving safepoint region
[2022-06-17T01:34:50.668+0000][3704][safepoint    ] Total time for which application threads were stopped: 0.0003276 seconds, Stopping threads took: 0.0000442 seconds
[2022-06-17T01:34:50.669+0000][3704][safepoint    ] Application time: 0.0007380 seconds
[2022-06-17T01:34:50.669+0000][3704][safepoint    ] Entering safepoint region: RevokeBias
[2022-06-17T01:34:50.669+0000][3704][safepoint    ] Leaving safepoint region
[2022-06-17T01:34:50.669+0000][3704][safepoint    ] Total time for which application threads were stopped: 0.0000847 seconds, Stopping threads took: 0.0000380 seconds
[2022-06-17T01:34:50.669+0000][3704][safepoint    ] Application time: 0.0000496 seconds
[2022-06-17T01:34:50.669+0000][3704][safepoint    ] Entering safepoint region: BulkRevokeBias
[2022-06-17T01:34:50.669+0000][3704][safepoint    ] Leaving safepoint region
[2022-06-17T01:34:50.669+0000][3704][safepoint    ] Total time for which application threads were stopped: 0.0002127 seconds, Stopping threads took: 0.0000331 seconds
[2022-06-17T01:34:55.934+0000][3704][safepoint    ] Application time: 5.2638941 seconds
[2022-06-17T01:34:55.934+0000][3704][safepoint    ] Entering safepoint region: RevokeBias
[2022-06-17T01:34:55.934+0000][3704][safepoint    ] Leaving safepoint region
[2022-06-17T01:34:55.934+0000][3704][safepoint    ] Total time for which application threads were stopped: 0.0001640 seconds, Stopping threads took: 0.0000409 seconds
[2022-06-17T01:34:55.934+0000][3704][safepoint    ] Application time: 0.0000343 seconds
[2022-06-17T01:34:55.934+0000][3704][safepoint    ] Entering safepoint region: RevokeBias
[2022-06-17T01:34:55.934+0000][3704][safepoint    ] Leaving safepoint region
[2022-06-17T01:34:55.934+0000][3704][safepoint    ] Total time for which application threads were stopped: 0.0000945 seconds, Stopping threads took: 0.0000397 seconds
[2022-06-17T01:35:25.936+0000][3704][safepoint    ] Application time: 30.0022765 seconds
[2022-06-17T01:35:25.936+0000][3704][safepoint    ] Entering safepoint region: RevokeBias
[2022-06-17T01:35:25.936+0000][3704][safepoint    ] Leaving safepoint region
[2022-06-17T01:35:25.936+0000][3704][safepoint    ] Total time for which application threads were stopped: 0.0001745 seconds, Stopping threads took: 0.0000535 seconds
[2022-06-17T01:35:25.936+0000][3704][safepoint    ] Application time: 0.0000410 seconds
[2022-06-17T01:35:25.936+0000][3704][safepoint    ] Entering safepoint region: RevokeBias
[2022-06-17T01:35:25.936+0000][3704][safepoint    ] Leaving safepoint region
[2022-06-17T01:35:25.936+0000][3704][safepoint    ] Total time for which application threads were stopped: 0.0000990 seconds, Stopping threads took: 0.0000471 seconds
[2022-06-17T01:35:55.939+0000][3704][safepoint    ] Application time: 30.0021263 seconds
[2022-06-17T01:35:55.939+0000][3704][safepoint    ] Entering safepoint region: RevokeBias
[2022-06-17T01:35:55.939+0000][3704][safepoint    ] Leaving safepoint region
[2022-06-17T01:35:55.939+0000][3704][safepoint    ] Total time for which application threads were stopped: 0.0001711 seconds, Stopping threads took: 0.0000469 seconds
[2022-06-17T01:35:55.939+0000][3704][safepoint    ] Application time: 0.0000334 seconds
[2022-06-17T01:35:55.939+0000][3704][safepoint    ] Entering safepoint region: RevokeBias
[2022-06-17T01:35:55.939+0000][3704][safepoint    ] Leaving safepoint region
[2022-06-17T01:35:55.939+0000][3704][safepoint    ] Total time for which application threads were stopped: 0.0000838 seconds, Stopping threads took: 0.0000358 seconds
[2022-06-17T01:36:25.941+0000][3704][safepoint    ] Application time: 30.0021408 seconds
[2022-06-17T01:36:25.941+0000][3704][safepoint    ] Entering safepoint region: RevokeBias
[2022-06-17T01:36:25.941+0000][3704][safepoint    ] Leaving safepoint region
[2022-06-17T01:36:25.941+0000][3704][safepoint    ] Total time for which application threads were stopped: 0.0001812 seconds, Stopping threads took: 0.0000594 seconds
[2022-06-17T01:36:25.941+0000][3704][safepoint    ] Application time: 0.0000573 seconds
[2022-06-17T01:36:25.941+0000][3704][safepoint    ] Entering safepoint region: RevokeBias
[2022-06-17T01:36:25.941+0000][3704][safepoint    ] Leaving safepoint region
[2022-06-17T01:36:25.941+0000][3704][safepoint    ] Total time for which application threads were stopped: 0.0001033 seconds, Stopping threads took: 0.0000490 seconds
[2022-06-17T01:36:55.944+0000][3704][safepoint    ] Application time: 30.0023815 seconds
[2022-06-17T01:36:55.944+0000][3704][safepoint    ] Entering safepoint region: RevokeBias
[2022-06-17T01:36:55.944+0000][3704][safepoint    ] Leaving safepoint region
[2022-06-17T01:36:55.944+0000][3704][safepoint    ] Total time for which application threads were stopped: 0.0001881 seconds, Stopping threads took: 0.0000629 seconds
[2022-06-17T01:36:55.944+0000][3704][safepoint    ] Application time: 0.0000535 seconds
[2022-06-17T01:36:55.944+0000][3704][safepoint    ] Entering safepoint region: RevokeBias
[2022-06-17T01:36:55.944+0000][3704][safepoint    ] Leaving safepoint region
[2022-06-17T01:36:55.944+0000][3704][safepoint    ] Total time for which application threads were stopped: 0.0000959 seconds, Stopping threads took: 0.0000390 seconds
[2022-06-17T01:37:25.945+0000][3704][safepoint    ] Application time: 30.0009213 seconds
[2022-06-17T01:37:25.945+0000][3704][safepoint    ] Entering safepoint region: RevokeBias
[2022-06-17T01:37:25.945+0000][3704][safepoint    ] Leaving safepoint region
[2022-06-17T01:37:25.945+0000][3704][safepoint    ] Total time for which application threads were stopped: 0.0001833 seconds, Stopping threads took: 0.0000603 seconds
[2022-06-17T01:37:25.945+0000][3704][safepoint    ] Application time: 0.0000365 seconds
[2022-06-17T01:37:25.945+0000][3704][safepoint    ] Entering safepoint region: RevokeBias
[2022-06-17T01:37:25.945+0000][3704][safepoint    ] Leaving safepoint region
[2022-06-17T01:37:25.945+0000][3704][safepoint    ] Total time for which application threads were stopped: 0.0001138 seconds, Stopping threads took: 0.0000501 seconds
[2022-06-17T01:37:55.947+0000][3704][safepoint    ] Application time: 30.0016247 seconds
[2022-06-17T01:37:55.947+0000][3704][safepoint    ] Entering safepoint region: RevokeBias
[2022-06-17T01:37:55.947+0000][3704][safepoint    ] Leaving safepoint region
[2022-06-17T01:37:55.947+0000][3704][safepoint    ] Total time for which application threads were stopped: 0.0001156 seconds, Stopping threads took: 0.0000230 seconds
[2022-06-17T01:38:25.948+0000][3704][safepoint    ] Application time: 30.0011512 seconds
[2022-06-17T01:38:25.948+0000][3704][safepoint    ] Entering safepoint region: RevokeBias
[2022-06-17T01:38:25.948+0000][3704][safepoint    ] Leaving safepoint region
[2022-06-17T01:38:25.948+0000][3704][safepoint    ] Total time for which application threads were stopped: 0.0001911 seconds, Stopping threads took: 0.0000687 seconds
[2022-06-17T01:38:25.948+0000][3704][safepoint    ] Application time: 0.0000322 seconds
[2022-06-17T01:38:25.948+0000][3704][safepoint    ] Entering safepoint region: RevokeBias
[2022-06-17T01:38:25.948+0000][3704][safepoint    ] Leaving safepoint region
[2022-06-17T01:38:25.948+0000][3704][safepoint    ] Total time for which application threads were stopped: 0.0001028 seconds, Stopping threads took: 0.0000477 seconds
[2022-06-17T01:38:55.949+0000][3704][safepoint    ] Application time: 30.0008431 seconds
[2022-06-17T01:38:55.949+0000][3704][safepoint    ] Entering safepoint region: RevokeBias
[2022-06-17T01:38:55.949+0000][3704][safepoint    ] Leaving safepoint region
[2022-06-17T01:38:55.949+0000][3704][safepoint    ] Total time for which application threads were stopped: 0.0001926 seconds, Stopping threads took: 0.0000649 seconds
[2022-06-17T01:38:55.949+0000][3704][safepoint    ] Application time: 0.0000494 seconds
[2022-06-17T01:38:55.949+0000][3704][safepoint    ] Entering safepoint region: RevokeBias
[2022-06-17T01:38:55.949+0000][3704][safepoint    ] Leaving safepoint region
[2022-06-17T01:38:55.949+0000][3704][safepoint    ] Total time for which application threads were stopped: 0.0000992 seconds, Stopping threads took: 0.0000436 seconds
[2022-06-17T01:39:25.950+0000][3704][safepoint    ] Application time: 30.0011664 seconds
[2022-06-17T01:39:25.950+0000][3704][safepoint    ] Entering safepoint region: RevokeBias
[2022-06-17T01:39:25.951+0000][3704][safepoint    ] Leaving safepoint region
[2022-06-17T01:39:25.951+0000][3704][safepoint    ] Total time for which application threads were stopped: 0.0002405 seconds, Stopping threads took: 0.0000570 seconds
[2022-06-17T01:39:25.952+0000][3704][safepoint    ] Application time: 0.0010182 seconds
[2022-06-17T01:39:25.952+0000][3704][safepoint    ] Entering safepoint region: RevokeBias
[2022-06-17T01:39:25.952+0000][3704][safepoint    ] Leaving safepoint region
[2022-06-17T01:39:25.952+0000][3704][safepoint    ] Total time for which application threads were stopped: 0.0001577 seconds, Stopping threads took: 0.0000307 seconds
[2022-06-17T01:39:55.953+0000][3704][safepoint    ] Application time: 30.0011937 seconds
[2022-06-17T01:39:55.953+0000][3704][safepoint    ] Entering safepoint region: RevokeBias
[2022-06-17T01:39:55.953+0000][3704][safepoint    ] Leaving safepoint region
[2022-06-17T01:39:55.953+0000][3704][safepoint    ] Total time for which application threads were stopped: 0.0001984 seconds, Stopping threads took: 0.0000353 seconds
[2022-06-17T01:39:55.954+0000][3704][safepoint    ] Application time: 0.0009273 seconds
[2022-06-17T01:39:55.955+0000][3704][safepoint    ] Entering safepoint region: BulkRevokeBias
[2022-06-17T01:39:55.955+0000][3704][safepoint    ] Leaving safepoint region
[2022-06-17T01:39:55.955+0000][3704][safepoint    ] Total time for which application threads were stopped: 0.0006536 seconds, Stopping threads took: 0.0002364 seconds
[2022-06-17T01:40:25.956+0000][3704][safepoint    ] Application time: 30.0017387 seconds
[2022-06-17T01:40:25.956+0000][3704][safepoint    ] Entering safepoint region: RevokeBias
[2022-06-17T01:40:25.957+0000][3704][safepoint    ] Leaving safepoint region
[2022-06-17T01:40:25.957+0000][3704][safepoint    ] Total time for which application threads were stopped: 0.0004700 seconds, Stopping threads took: 0.0002990 seconds
[2022-06-17T01:40:25.957+0000][3704][safepoint    ] Application time: 0.0004099 seconds
[2022-06-17T01:40:25.957+0000][3704][safepoint    ] Entering safepoint region: RevokeBias
[2022-06-17T01:40:25.957+0000][3704][safepoint    ] Leaving safepoint region
[2022-06-17T01:40:25.957+0000][3704][safepoint    ] Total time for which application threads were stopped: 0.0001811 seconds, Stopping threads took: 0.0000297 seconds
[2022-06-17T01:40:55.958+0000][3704][safepoint    ] Application time: 30.0012525 seconds
[2022-06-17T01:40:55.958+0000][3704][safepoint    ] Entering safepoint region: RevokeBias
[2022-06-17T01:40:55.958+0000][3704][safepoint    ] Leaving safepoint region
[2022-06-17T01:40:55.958+0000][3704][safepoint    ] Total time for which application threads were stopped: 0.0002739 seconds, Stopping threads took: 0.0001055 seconds
[2022-06-17T01:40:55.959+0000][3704][safepoint    ] Application time: 0.0004506 seconds
[2022-06-17T01:40:55.959+0000][3704][safepoint    ] Entering safepoint region: RevokeBias
[2022-06-17T01:40:55.959+0000][3704][safepoint    ] Leaving safepoint region
[2022-06-17T01:40:55.959+0000][3704][safepoint    ] Total time for which application threads were stopped: 0.0003430 seconds, Stopping threads took: 0.0002099 seconds
[2022-06-17T01:41:25.961+0000][3704][safepoint    ] Application time: 30.0015388 seconds
[2022-06-17T01:41:25.961+0000][3704][safepoint    ] Entering safepoint region: RevokeBias
[2022-06-17T01:41:25.961+0000][3704][safepoint    ] Leaving safepoint region
[2022-06-17T01:41:25.961+0000][3704][safepoint    ] Total time for which application threads were stopped: 0.0001854 seconds, Stopping threads took: 0.0000593 seconds
[2022-06-17T01:41:25.961+0000][3704][safepoint    ] Application time: 0.0000541 seconds
[2022-06-17T01:41:25.961+0000][3704][safepoint    ] Entering safepoint region: RevokeBias
[2022-06-17T01:41:25.961+0000][3704][safepoint    ] Leaving safepoint region
[2022-06-17T01:41:25.961+0000][3704][safepoint    ] Total time for which application threads were stopped: 0.0001210 seconds, Stopping threads took: 0.0000658 seconds
[2022-06-17T01:41:55.963+0000][3704][safepoint    ] Application time: 30.0019404 seconds
[2022-06-17T01:41:55.963+0000][3704][safepoint    ] Entering safepoint region: RevokeBias
[2022-06-17T01:41:55.963+0000][3704][safepoint    ] Leaving safepoint region
[2022-06-17T01:41:55.963+0000][3704][safepoint    ] Total time for which application threads were stopped: 0.0001942 seconds, Stopping threads took: 0.0000705 seconds
[2022-06-17T01:41:55.963+0000][3704][safepoint    ] Application time: 0.0000532 seconds
[2022-06-17T01:41:55.963+0000][3704][safepoint    ] Entering safepoint region: RevokeBias
[2022-06-17T01:41:55.963+0000][3704][safepoint    ] Leaving safepoint region
[2022-06-17T01:41:55.963+0000][3704][safepoint    ] Total time for which application threads were stopped: 0.0000929 seconds, Stopping threads took: 0.0000400 seconds
[2022-06-17T01:42:25.964+0000][3704][safepoint    ] Application time: 30.0011630 seconds
[2022-06-17T01:42:25.964+0000][3704][safepoint    ] Entering safepoint region: RevokeBias
[2022-06-17T01:42:25.964+0000][3704][safepoint    ] Leaving safepoint region
[2022-06-17T01:42:25.964+0000][3704][safepoint    ] Total time for which application threads were stopped: 0.0001767 seconds, Stopping threads took: 0.0000528 seconds
[2022-06-17T01:42:25.964+0000][3704][safepoint    ] Application time: 0.0000602 seconds
[2022-06-17T01:42:25.964+0000][3704][safepoint    ] Entering safepoint region: RevokeBias
[2022-06-17T01:42:25.964+0000][3704][safepoint    ] Leaving safepoint region
[2022-06-17T01:42:25.964+0000][3704][safepoint    ] Total time for which application threads were stopped: 0.0001016 seconds, Stopping threads took: 0.0000497 seconds
[2022-06-17T01:42:55.966+0000][3704][safepoint    ] Application time: 30.0015838 seconds
[2022-06-17T01:42:55.966+0000][3704][safepoint    ] Entering safepoint region: RevokeBias
[2022-06-17T01:42:55.966+0000][3704][safepoint    ] Leaving safepoint region
[2022-06-17T01:42:55.966+0000][3704][safepoint    ] Total time for which application threads were stopped: 0.0001574 seconds, Stopping threads took: 0.0000326 seconds
[2022-06-17T01:42:55.966+0000][3704][safepoint    ] Application time: 0.0000515 seconds
[2022-06-17T01:42:55.966+0000][3704][safepoint    ] Entering safepoint region: RevokeBias
[2022-06-17T01:42:55.966+0000][3704][safepoint    ] Leaving safepoint region
[2022-06-17T01:42:55.966+0000][3704][safepoint    ] Total time for which application threads were stopped: 0.0000959 seconds, Stopping threads took: 0.0000377 seconds
[2022-06-17T01:43:25.969+0000][3704][safepoint    ] Application time: 30.0025818 seconds
[2022-06-17T01:43:25.969+0000][3704][safepoint    ] Entering safepoint region: RevokeBias
[2022-06-17T01:43:25.969+0000][3704][safepoint    ] Leaving safepoint region
[2022-06-17T01:43:25.969+0000][3704][safepoint    ] Total time for which application threads were stopped: 0.0001732 seconds, Stopping threads took: 0.0000447 seconds
[2022-06-17T01:43:25.969+0000][3704][safepoint    ] Application time: 0.0000562 seconds
[2022-06-17T01:43:25.969+0000][3704][safepoint    ] Entering safepoint region: RevokeBias
[2022-06-17T01:43:25.969+0000][3704][safepoint    ] Leaving safepoint region
[2022-06-17T01:43:25.969+0000][3704][safepoint    ] Total time for which application threads were stopped: 0.0001100 seconds, Stopping threads took: 0.0000536 seconds
[2022-06-17T01:43:55.971+0000][3704][safepoint    ] Application time: 30.0022255 seconds
[2022-06-17T01:43:55.971+0000][3704][safepoint    ] Entering safepoint region: RevokeBias
[2022-06-17T01:43:55.971+0000][3704][safepoint    ] Leaving safepoint region
[2022-06-17T01:43:55.971+0000][3704][safepoint    ] Total time for which application threads were stopped: 0.0001535 seconds, Stopping threads took: 0.0000323 seconds
[2022-06-17T01:43:55.971+0000][3704][safepoint    ] Application time: 0.0000225 seconds
[2022-06-17T01:43:55.971+0000][3704][safepoint    ] Entering safepoint region: RevokeBias
[2022-06-17T01:43:55.971+0000][3704][safepoint    ] Leaving safepoint region
[2022-06-17T01:43:55.971+0000][3704][safepoint    ] Total time for which application threads were stopped: 0.0001116 seconds, Stopping threads took: 0.0000524 seconds
[2022-06-17T01:44:25.974+0000][3704][safepoint    ] Application time: 30.0024455 seconds
[2022-06-17T01:44:25.974+0000][3704][safepoint    ] Entering safepoint region: RevokeBias
[2022-06-17T01:44:25.974+0000][3704][safepoint    ] Leaving safepoint region
[2022-06-17T01:44:25.974+0000][3704][safepoint    ] Total time for which application threads were stopped: 0.0001573 seconds, Stopping threads took: 0.0000333 seconds
[2022-06-17T01:44:25.974+0000][3704][safepoint    ] Application time: 0.0000579 seconds
[2022-06-17T01:44:25.974+0000][3704][safepoint    ] Entering safepoint region: RevokeBias
[2022-06-17T01:44:25.974+0000][3704][safepoint    ] Leaving safepoint region
[2022-06-17T01:44:25.974+0000][3704][safepoint    ] Total time for which application threads were stopped: 0.0001212 seconds, Stopping threads took: 0.0000624 seconds
[2022-06-17T01:44:50.663+0000][3704][safepoint    ] Application time: 24.6890028 seconds
[2022-06-17T01:44:50.663+0000][3704][safepoint    ] Entering safepoint region: RevokeBias
[2022-06-17T01:44:50.664+0000][3704][safepoint    ] Leaving safepoint region
[2022-06-17T01:44:50.664+0000][3704][safepoint    ] Total time for which application threads were stopped: 0.0002633 seconds, Stopping threads took: 0.0000411 seconds
[2022-06-17T01:44:50.665+0000][3704][safepoint    ] Application time: 0.0008890 seconds
[2022-06-17T01:44:50.665+0000][3704][safepoint    ] Entering safepoint region: RevokeBias
[2022-06-17T01:44:50.665+0000][3704][safepoint    ] Leaving safepoint region
[2022-06-17T01:44:50.665+0000][3704][safepoint    ] Total time for which application threads were stopped: 0.0001296 seconds, Stopping threads took: 0.0000346 seconds
[2022-06-17T01:44:50.665+0000][3704][safepoint    ] Application time: 0.0005184 seconds
[2022-06-17T01:44:50.665+0000][3704][safepoint    ] Entering safepoint region: BulkRevokeBias
[2022-06-17T01:44:50.666+0000][3704][safepoint    ] Leaving safepoint region
[2022-06-17T01:44:50.666+0000][3704][safepoint    ] Total time for which application threads were stopped: 0.0004212 seconds, Stopping threads took: 0.0000260 seconds
[2022-06-17T01:44:50.666+0000][3704][safepoint    ] Application time: 0.0005084 seconds
[2022-06-17T01:44:50.666+0000][3704][safepoint    ] Entering safepoint region: RevokeBias
[2022-06-17T01:44:50.666+0000][3704][safepoint    ] Leaving safepoint region
[2022-06-17T01:44:50.666+0000][3704][safepoint    ] Total time for which application threads were stopped: 0.0000910 seconds, Stopping threads took: 0.0000227 seconds
[2022-06-17T01:44:55.977+0000][3704][safepoint    ] Application time: 5.3105896 seconds
[2022-06-17T01:44:55.977+0000][3704][safepoint    ] Entering safepoint region: RevokeBias
[2022-06-17T01:44:55.977+0000][3704][safepoint    ] Leaving safepoint region
[2022-06-17T01:44:55.977+0000][3704][safepoint    ] Total time for which application threads were stopped: 0.0002045 seconds, Stopping threads took: 0.0000363 seconds
[2022-06-17T01:44:55.978+0000][3704][safepoint    ] Application time: 0.0004275 seconds
[2022-06-17T01:44:55.978+0000][3704][safepoint    ] Entering safepoint region: RevokeBias
[2022-06-17T01:44:55.978+0000][3704][safepoint    ] Leaving safepoint region
[2022-06-17T01:44:55.978+0000][3704][safepoint    ] Total time for which application threads were stopped: 0.0001644 seconds, Stopping threads took: 0.0000326 seconds
[2022-06-17T01:45:25.980+0000][3704][safepoint    ] Application time: 30.0021562 seconds
[2022-06-17T01:45:25.980+0000][3704][safepoint    ] Entering safepoint region: RevokeBias
[2022-06-17T01:45:25.980+0000][3704][safepoint    ] Leaving safepoint region
[2022-06-17T01:45:25.980+0000][3704][safepoint    ] Total time for which application threads were stopped: 0.0001959 seconds, Stopping threads took: 0.0000716 seconds
[2022-06-17T01:45:25.980+0000][3704][safepoint    ] Application time: 0.0000402 seconds
[2022-06-17T01:45:25.980+0000][3704][safepoint    ] Entering safepoint region: RevokeBias
[2022-06-17T01:45:25.980+0000][3704][safepoint    ] Leaving safepoint region
[2022-06-17T01:45:25.980+0000][3704][safepoint    ] Total time for which application threads were stopped: 0.0000897 seconds, Stopping threads took: 0.0000396 seconds
[2022-06-17T01:45:55.987+0000][3704][safepoint    ] Application time: 30.0074288 seconds
[2022-06-17T01:45:55.987+0000][3704][safepoint    ] Entering safepoint region: RevokeBias
[2022-06-17T01:45:55.987+0000][3704][safepoint    ] Leaving safepoint region
[2022-06-17T01:45:55.987+0000][3704][safepoint    ] Total time for which application threads were stopped: 0.0001771 seconds, Stopping threads took: 0.0000414 seconds
[2022-06-17T01:45:55.987+0000][3704][safepoint    ] Application time: 0.0001548 seconds
[2022-06-17T01:45:55.987+0000][3704][safepoint    ] Entering safepoint region: RevokeBias
[2022-06-17T01:45:55.987+0000][3704][safepoint    ] Leaving safepoint region
[2022-06-17T01:45:55.988+0000][3704][safepoint    ] Total time for which application threads were stopped: 0.0000935 seconds, Stopping threads took: 0.0000187 seconds
[2022-06-17T01:46:05.086+0000][3704][safepoint    ] Application time: 9.0979060 seconds
[2022-06-17T01:46:05.086+0000][3704][safepoint    ] Entering safepoint region: RevokeBias
[2022-06-17T01:46:05.086+0000][3704][safepoint    ] Leaving safepoint region
[2022-06-17T01:46:05.086+0000][3704][safepoint    ] Total time for which application threads were stopped: 0.0001132 seconds, Stopping threads took: 0.0000298 seconds
[2022-06-17T01:46:05.089+0000][3704][safepoint    ] Application time: 0.0024850 seconds
[2022-06-17T01:46:05.089+0000][3704][safepoint    ] Entering safepoint region: Deoptimize
[2022-06-17T01:46:05.091+0000][3704][safepoint    ] Leaving safepoint region
[2022-06-17T01:46:05.091+0000][3704][safepoint    ] Total time for which application threads were stopped: 0.0022648 seconds, Stopping threads took: 0.0000281 seconds
[2022-06-17T01:46:05.093+0000][3704][safepoint    ] Application time: 0.0022449 seconds
[2022-06-17T01:46:05.093+0000][3704][safepoint    ] Entering safepoint region: RevokeBias
[2022-06-17T01:46:05.093+0000][3704][safepoint    ] Leaving safepoint region
[2022-06-17T01:46:05.093+0000][3704][safepoint    ] Total time for which application threads were stopped: 0.0000947 seconds, Stopping threads took: 0.0000242 seconds
[2022-06-17T01:46:05.093+0000][3704][safepoint    ] Application time: 0.0000426 seconds
[2022-06-17T01:46:05.093+0000][3704][safepoint    ] Entering safepoint region: RevokeBias
[2022-06-17T01:46:05.093+0000][3704][safepoint    ] Leaving safepoint region
[2022-06-17T01:46:05.093+0000][3704][safepoint    ] Total time for which application threads were stopped: 0.0000682 seconds, Stopping threads took: 0.0000282 seconds
[2022-06-17T01:46:05.094+0000][3704][safepoint    ] Application time: 0.0001960 seconds
[2022-06-17T01:46:05.094+0000][3704][safepoint    ] Entering safepoint region: RevokeBias
[2022-06-17T01:46:05.094+0000][3704][safepoint    ] Leaving safepoint region
[2022-06-17T01:46:05.094+0000][3704][safepoint    ] Total time for which application threads were stopped: 0.0000617 seconds, Stopping threads took: 0.0000176 seconds
[2022-06-17T01:46:05.094+0000][3704][safepoint    ] Application time: 0.0000814 seconds
[2022-06-17T01:46:05.094+0000][3704][safepoint    ] Entering safepoint region: RevokeBias
[2022-06-17T01:46:05.094+0000][3704][safepoint    ] Leaving safepoint region
[2022-06-17T01:46:05.094+0000][3704][safepoint    ] Total time for which application threads were stopped: 0.0000405 seconds, Stopping threads took: 0.0000122 seconds
[2022-06-17T01:46:05.097+0000][3704][safepoint    ] Application time: 0.0027127 seconds
[2022-06-17T01:46:05.097+0000][3704][safepoint    ] Entering safepoint region: RevokeBias
[2022-06-17T01:46:05.097+0000][3704][safepoint    ] Leaving safepoint region
[2022-06-17T01:46:05.097+0000][3704][safepoint    ] Total time for which application threads were stopped: 0.0000807 seconds, Stopping threads took: 0.0000256 seconds
[2022-06-17T01:46:05.097+0000][3704][safepoint    ] Application time: 0.0006651 seconds
[2022-06-17T01:46:05.097+0000][3704][safepoint    ] Entering safepoint region: RevokeBias
[2022-06-17T01:46:05.097+0000][3704][safepoint    ] Leaving safepoint region
[2022-06-17T01:46:05.097+0000][3704][safepoint    ] Total time for which application threads were stopped: 0.0000731 seconds, Stopping threads took: 0.0000235 seconds
[2022-06-17T01:46:05.098+0000][3704][safepoint    ] Application time: 0.0009927 seconds
[2022-06-17T01:46:05.099+0000][3704][safepoint    ] Entering safepoint region: RevokeBias
[2022-06-17T01:46:05.099+0000][3704][safepoint    ] Leaving safepoint region
[2022-06-17T01:46:05.099+0000][3704][safepoint    ] Total time for which application threads were stopped: 0.0000716 seconds, Stopping threads took: 0.0000206 seconds
[2022-06-17T01:46:05.099+0000][3704][safepoint    ] Application time: 0.0002532 seconds
[2022-06-17T01:46:05.099+0000][3704][safepoint    ] Entering safepoint region: RevokeBias
[2022-06-17T01:46:05.099+0000][3704][safepoint    ] Leaving safepoint region
[2022-06-17T01:46:05.099+0000][3704][safepoint    ] Total time for which application threads were stopped: 0.0000735 seconds, Stopping threads took: 0.0000249 seconds
[2022-06-17T01:46:05.133+0000][3704][safepoint    ] Application time: 0.0339640 seconds
[2022-06-17T01:46:05.133+0000][3704][safepoint    ] Entering safepoint region: RevokeBias
[2022-06-17T01:46:05.133+0000][3704][safepoint    ] Leaving safepoint region
[2022-06-17T01:46:05.133+0000][3704][safepoint    ] Total time for which application threads were stopped: 0.0001911 seconds, Stopping threads took: 0.0000285 seconds
[2022-06-17T01:46:05.139+0000][3704][safepoint    ] Application time: 0.0056551 seconds
[2022-06-17T01:46:05.139+0000][3704][safepoint    ] Entering safepoint region: RevokeBias
[2022-06-17T01:46:05.139+0000][3704][safepoint    ] Leaving safepoint region
[2022-06-17T01:46:05.139+0000][3704][safepoint    ] Total time for which application threads were stopped: 0.0001006 seconds, Stopping threads took: 0.0000274 seconds
[2022-06-17T01:46:05.139+0000][3704][safepoint    ] Application time: 0.0000417 seconds
[2022-06-17T01:46:05.139+0000][3704][safepoint    ] Entering safepoint region: RevokeBias
[2022-06-17T01:46:05.139+0000][3704][safepoint    ] Leaving safepoint region
[2022-06-17T01:46:05.139+0000][3704][safepoint    ] Total time for which application threads were stopped: 0.0000598 seconds, Stopping threads took: 0.0000183 seconds
[2022-06-17T01:46:05.139+0000][3704][safepoint    ] Application time: 0.0000393 seconds
[2022-06-17T01:46:05.139+0000][3704][safepoint    ] Entering safepoint region: RevokeBias
[2022-06-17T01:46:05.139+0000][3704][safepoint    ] Leaving safepoint region
[2022-06-17T01:46:05.139+0000][3704][safepoint    ] Total time for which application threads were stopped: 0.0000589 seconds, Stopping threads took: 0.0000177 seconds
[2022-06-17T01:46:05.140+0000][3704][safepoint    ] Application time: 0.0005370 seconds
[2022-06-17T01:46:05.140+0000][3704][safepoint    ] Entering safepoint region: RevokeBias
[2022-06-17T01:46:05.140+0000][3704][safepoint    ] Leaving safepoint region
[2022-06-17T01:46:05.140+0000][3704][safepoint    ] Total time for which application threads were stopped: 0.0000910 seconds, Stopping threads took: 0.0000248 seconds
[2022-06-17T01:46:05.140+0000][3704][safepoint    ] Application time: 0.0000248 seconds
[2022-06-17T01:46:05.140+0000][3704][safepoint    ] Entering safepoint region: RevokeBias
[2022-06-17T01:46:05.140+0000][3704][safepoint    ] Leaving safepoint region
[2022-06-17T01:46:05.140+0000][3704][safepoint    ] Total time for which application threads were stopped: 0.0000566 seconds, Stopping threads took: 0.0000196 seconds
[2022-06-17T01:46:05.140+0000][3704][safepoint    ] Application time: 0.0000289 seconds
[2022-06-17T01:46:05.140+0000][3704][safepoint    ] Entering safepoint region: RevokeBias
[2022-06-17T01:46:05.140+0000][3704][safepoint    ] Leaving safepoint region
[2022-06-17T01:46:05.140+0000][3704][safepoint    ] Total time for which application threads were stopped: 0.0000659 seconds, Stopping threads took: 0.0000187 seconds
[2022-06-17T01:46:05.140+0000][3704][safepoint    ] Application time: 0.0002049 seconds
[2022-06-17T01:46:05.141+0000][3704][safepoint    ] Entering safepoint region: RevokeBias
[2022-06-17T01:46:05.141+0000][3704][safepoint    ] Leaving safepoint region
[2022-06-17T01:46:05.141+0000][3704][safepoint    ] Total time for which application threads were stopped: 0.0000914 seconds, Stopping threads took: 0.0000362 seconds
[2022-06-17T01:46:05.141+0000][3704][safepoint    ] Application time: 0.0000771 seconds
[2022-06-17T01:46:05.141+0000][3704][safepoint    ] Entering safepoint region: RevokeBias
[2022-06-17T01:46:05.141+0000][3704][safepoint    ] Leaving safepoint region
[2022-06-17T01:46:05.141+0000][3704][safepoint    ] Total time for which application threads were stopped: 0.0000654 seconds, Stopping threads took: 0.0000220 seconds
[2022-06-17T01:46:05.141+0000][3704][safepoint    ] Application time: 0.0000188 seconds
[2022-06-17T01:46:05.141+0000][3704][safepoint    ] Entering safepoint region: RevokeBias
[2022-06-17T01:46:05.141+0000][3704][safepoint    ] Leaving safepoint region
[2022-06-17T01:46:05.141+0000][3704][safepoint    ] Total time for which application threads were stopped: 0.0000522 seconds, Stopping threads took: 0.0000174 seconds
[2022-06-17T01:46:05.141+0000][3704][safepoint    ] Application time: 0.0000290 seconds
[2022-06-17T01:46:05.141+0000][3704][safepoint    ] Entering safepoint region: RevokeBias
[2022-06-17T01:46:05.141+0000][3704][safepoint    ] Leaving safepoint region
[2022-06-17T01:46:05.141+0000][3704][safepoint    ] Total time for which application threads were stopped: 0.0000573 seconds, Stopping threads took: 0.0000186 seconds
[2022-06-17T01:46:05.141+0000][3704][safepoint    ] Application time: 0.0002712 seconds
[2022-06-17T01:46:05.141+0000][3704][safepoint    ] Entering safepoint region: RevokeBias
[2022-06-17T01:46:05.141+0000][3704][safepoint    ] Leaving safepoint region
[2022-06-17T01:46:05.141+0000][3704][safepoint    ] Total time for which application threads were stopped: 0.0000693 seconds, Stopping threads took: 0.0000194 seconds
[2022-06-17T01:46:05.141+0000][3704][safepoint    ] Application time: 0.0000300 seconds
[2022-06-17T01:46:05.141+0000][3704][safepoint    ] Entering safepoint region: RevokeBias
[2022-06-17T01:46:05.142+0000][3704][safepoint    ] Leaving safepoint region
[2022-06-17T01:46:05.142+0000][3704][safepoint    ] Total time for which application threads were stopped: 0.0000595 seconds, Stopping threads took: 0.0000183 seconds
[2022-06-17T01:46:05.142+0000][3704][safepoint    ] Application time: 0.0002600 seconds
[2022-06-17T01:46:05.142+0000][3704][safepoint    ] Entering safepoint region: RevokeBias
[2022-06-17T01:46:05.142+0000][3704][safepoint    ] Leaving safepoint region
[2022-06-17T01:46:05.142+0000][3704][safepoint    ] Total time for which application threads were stopped: 0.0000644 seconds, Stopping threads took: 0.0000194 seconds
[2022-06-17T01:46:05.142+0000][3704][safepoint    ] Application time: 0.0000311 seconds
[2022-06-17T01:46:05.142+0000][3704][safepoint    ] Entering safepoint region: RevokeBias
[2022-06-17T01:46:05.142+0000][3704][safepoint    ] Leaving safepoint region
[2022-06-17T01:46:05.142+0000][3704][safepoint    ] Total time for which application threads were stopped: 0.0000504 seconds, Stopping threads took: 0.0000152 seconds
[2022-06-17T01:46:05.142+0000][3704][safepoint    ] Application time: 0.0000333 seconds
[2022-06-17T01:46:05.142+0000][3704][safepoint    ] Entering safepoint region: RevokeBias
[2022-06-17T01:46:05.142+0000][3704][safepoint    ] Leaving safepoint region
[2022-06-17T01:46:05.142+0000][3704][safepoint    ] Total time for which application threads were stopped: 0.0000598 seconds, Stopping threads took: 0.0000185 seconds
[2022-06-17T01:46:05.142+0000][3704][safepoint    ] Application time: 0.0000242 seconds
[2022-06-17T01:46:05.142+0000][3704][safepoint    ] Entering safepoint region: RevokeBias
[2022-06-17T01:46:05.142+0000][3704][safepoint    ] Leaving safepoint region
[2022-06-17T01:46:05.142+0000][3704][safepoint    ] Total time for which application threads were stopped: 0.0000581 seconds, Stopping threads took: 0.0000181 seconds
[2022-06-17T01:46:05.142+0000][3704][safepoint    ] Application time: 0.0000327 seconds
[2022-06-17T01:46:05.142+0000][3704][safepoint    ] Entering safepoint region: RevokeBias
[2022-06-17T01:46:05.142+0000][3704][safepoint    ] Leaving safepoint region
[2022-06-17T01:46:05.142+0000][3704][safepoint    ] Total time for which application threads were stopped: 0.0000590 seconds, Stopping threads took: 0.0000192 seconds
[2022-06-17T01:46:05.142+0000][3704][safepoint    ] Application time: 0.0000437 seconds
[2022-06-17T01:46:05.142+0000][3704][safepoint    ] Entering safepoint region: RevokeBias
[2022-06-17T01:46:05.143+0000][3704][safepoint    ] Leaving safepoint region
[2022-06-17T01:46:05.143+0000][3704][safepoint    ] Total time for which application threads were stopped: 0.0000540 seconds, Stopping threads took: 0.0000185 seconds
[2022-06-17T01:46:05.143+0000][3704][safepoint    ] Application time: 0.0000336 seconds
[2022-06-17T01:46:05.143+0000][3704][safepoint    ] Entering safepoint region: RevokeBias
[2022-06-17T01:46:05.143+0000][3704][safepoint    ] Leaving safepoint region
[2022-06-17T01:46:05.143+0000][3704][safepoint    ] Total time for which application threads were stopped: 0.0000584 seconds, Stopping threads took: 0.0000185 seconds
[2022-06-17T01:46:05.143+0000][3704][safepoint    ] Application time: 0.0004878 seconds
[2022-06-17T01:46:05.143+0000][3704][safepoint    ] Entering safepoint region: RevokeBias
[2022-06-17T01:46:05.143+0000][3704][safepoint    ] Leaving safepoint region
[2022-06-17T01:46:05.143+0000][3704][safepoint    ] Total time for which application threads were stopped: 0.0000672 seconds, Stopping threads took: 0.0000213 seconds
[2022-06-17T01:46:05.143+0000][3704][safepoint    ] Application time: 0.0000405 seconds
[2022-06-17T01:46:05.143+0000][3704][safepoint    ] Entering safepoint region: BulkRevokeBias
[2022-06-17T01:46:05.148+0000][3704][safepoint    ] Leaving safepoint region
[2022-06-17T01:46:05.148+0000][3704][safepoint    ] Total time for which application threads were stopped: 0.0045867 seconds, Stopping threads took: 0.0000163 seconds
[2022-06-17T01:46:05.149+0000][3704][safepoint    ] Application time: 0.0012369 seconds
[2022-06-17T01:46:05.149+0000][3704][safepoint    ] Entering safepoint region: RevokeBias
[2022-06-17T01:46:05.149+0000][3704][safepoint    ] Leaving safepoint region
[2022-06-17T01:46:05.149+0000][3704][safepoint    ] Total time for which application threads were stopped: 0.0000795 seconds, Stopping threads took: 0.0000258 seconds
[2022-06-17T01:46:05.150+0000][3704][safepoint    ] Application time: 0.0008831 seconds
[2022-06-17T01:46:05.150+0000][3704][safepoint    ] Entering safepoint region: RevokeBias
[2022-06-17T01:46:05.150+0000][3704][safepoint    ] Leaving safepoint region
[2022-06-17T01:46:05.150+0000][3704][safepoint    ] Total time for which application threads were stopped: 0.0000774 seconds, Stopping threads took: 0.0000259 seconds
[2022-06-17T01:46:05.167+0000][3704][safepoint    ] Application time: 0.0169763 seconds
[2022-06-17T01:46:05.167+0000][3704][safepoint    ] Entering safepoint region: RevokeBias
[2022-06-17T01:46:05.168+0000][3704][safepoint    ] Leaving safepoint region
[2022-06-17T01:46:05.168+0000][3704][safepoint    ] Total time for which application threads were stopped: 0.0001494 seconds, Stopping threads took: 0.0000678 seconds
[2022-06-17T01:46:05.169+0000][3704][safepoint    ] Application time: 0.0018867 seconds
[2022-06-17T01:46:05.169+0000][3704][safepoint    ] Entering safepoint region: RevokeBias
[2022-06-17T01:46:05.170+0000][3704][safepoint    ] Leaving safepoint region
[2022-06-17T01:46:05.170+0000][3704][safepoint    ] Total time for which application threads were stopped: 0.0001017 seconds, Stopping threads took: 0.0000373 seconds
[2022-06-17T01:46:05.170+0000][3704][safepoint    ] Application time: 0.0000278 seconds
[2022-06-17T01:46:05.170+0000][3704][safepoint    ] Entering safepoint region: RevokeBias
[2022-06-17T01:46:05.170+0000][3704][safepoint    ] Leaving safepoint region
[2022-06-17T01:46:05.170+0000][3704][safepoint    ] Total time for which application threads were stopped: 0.0000593 seconds, Stopping threads took: 0.0000187 seconds
[2022-06-17T01:46:05.170+0000][3704][safepoint    ] Application time: 0.0002598 seconds
[2022-06-17T01:46:05.170+0000][3704][safepoint    ] Entering safepoint region: RevokeBias
[2022-06-17T01:46:05.170+0000][3704][safepoint    ] Leaving safepoint region
[2022-06-17T01:46:05.170+0000][3704][safepoint    ] Total time for which application threads were stopped: 0.0000674 seconds, Stopping threads took: 0.0000205 seconds
[2022-06-17T01:46:05.170+0000][3704][safepoint    ] Application time: 0.0000385 seconds
[2022-06-17T01:46:05.170+0000][3704][safepoint    ] Entering safepoint region: RevokeBias
[2022-06-17T01:46:05.170+0000][3704][safepoint    ] Leaving safepoint region
[2022-06-17T01:46:05.170+0000][3704][safepoint    ] Total time for which application threads were stopped: 0.0000583 seconds, Stopping threads took: 0.0000186 seconds
[2022-06-17T01:46:05.170+0000][3704][safepoint    ] Application time: 0.0001484 seconds
[2022-06-17T01:46:05.170+0000][3704][safepoint    ] Entering safepoint region: RevokeBias
[2022-06-17T01:46:05.170+0000][3704][safepoint    ] Leaving safepoint region
[2022-06-17T01:46:05.171+0000][3704][safepoint    ] Total time for which application threads were stopped: 0.0000884 seconds, Stopping threads took: 0.0000241 seconds
[2022-06-17T01:46:05.171+0000][3704][safepoint    ] Application time: 0.0006915 seconds
[2022-06-17T01:46:05.171+0000][3704][safepoint    ] Entering safepoint region: RevokeBias
[2022-06-17T01:46:05.171+0000][3704][safepoint    ] Leaving safepoint region
[2022-06-17T01:46:05.171+0000][3704][safepoint    ] Total time for which application threads were stopped: 0.0000692 seconds, Stopping threads took: 0.0000202 seconds
[2022-06-17T01:46:05.171+0000][3704][safepoint    ] Application time: 0.0000398 seconds
[2022-06-17T01:46:05.171+0000][3704][safepoint    ] Entering safepoint region: RevokeBias
[2022-06-17T01:46:05.171+0000][3704][safepoint    ] Leaving safepoint region
[2022-06-17T01:46:05.171+0000][3704][safepoint    ] Total time for which application threads were stopped: 0.0000624 seconds, Stopping threads took: 0.0000182 seconds
[2022-06-17T01:46:05.172+0000][3704][safepoint    ] Application time: 0.0000397 seconds
[2022-06-17T01:46:05.172+0000][3704][safepoint    ] Entering safepoint region: RevokeBias
[2022-06-17T01:46:05.172+0000][3704][safepoint    ] Leaving safepoint region
[2022-06-17T01:46:05.172+0000][3704][safepoint    ] Total time for which application threads were stopped: 0.0000732 seconds, Stopping threads took: 0.0000303 seconds
[2022-06-17T01:46:05.172+0000][3704][safepoint    ] Application time: 0.0000335 seconds
[2022-06-17T01:46:05.172+0000][3704][safepoint    ] Entering safepoint region: RevokeBias
[2022-06-17T01:46:05.172+0000][3704][safepoint    ] Leaving safepoint region
[2022-06-17T01:46:05.172+0000][3704][safepoint    ] Total time for which application threads were stopped: 0.0000575 seconds, Stopping threads took: 0.0000167 seconds
[2022-06-17T01:46:05.172+0000][3704][safepoint    ] Application time: 0.0001375 seconds
[2022-06-17T01:46:05.172+0000][3704][safepoint    ] Entering safepoint region: RevokeBias
[2022-06-17T01:46:05.172+0000][3704][safepoint    ] Leaving safepoint region
[2022-06-17T01:46:05.172+0000][3704][safepoint    ] Total time for which application threads were stopped: 0.0000648 seconds, Stopping threads took: 0.0000222 seconds
[2022-06-17T01:46:05.172+0000][3704][safepoint    ] Application time: 0.0000294 seconds
[2022-06-17T01:46:05.172+0000][3704][safepoint    ] Entering safepoint region: RevokeBias
[2022-06-17T01:46:05.172+0000][3704][safepoint    ] Leaving safepoint region
[2022-06-17T01:46:05.172+0000][3704][safepoint    ] Total time for which application threads were stopped: 0.0000503 seconds, Stopping threads took: 0.0000185 seconds
[2022-06-17T01:46:05.188+0000][3704][safepoint    ] Application time: 0.0161261 seconds
[2022-06-17T01:46:05.189+0000][3704][safepoint    ] Entering safepoint region: RevokeBias
[2022-06-17T01:46:05.189+0000][3704][safepoint    ] Leaving safepoint region
[2022-06-17T01:46:05.189+0000][3704][safepoint    ] Total time for which application threads were stopped: 0.0005482 seconds, Stopping threads took: 0.0004673 seconds
[2022-06-17T01:46:05.189+0000][3704][safepoint    ] Application time: 0.0004877 seconds
[2022-06-17T01:46:05.189+0000][3704][safepoint    ] Entering safepoint region: RevokeBias
[2022-06-17T01:46:05.189+0000][3704][safepoint    ] Leaving safepoint region
[2022-06-17T01:46:05.189+0000][3704][safepoint    ] Total time for which application threads were stopped: 0.0000836 seconds, Stopping threads took: 0.0000236 seconds
[2022-06-17T01:46:05.190+0000][3704][safepoint    ] Application time: 0.0000526 seconds
[2022-06-17T01:46:05.190+0000][3704][safepoint    ] Entering safepoint region: RevokeBias
[2022-06-17T01:46:05.190+0000][3704][safepoint    ] Leaving safepoint region
[2022-06-17T01:46:05.190+0000][3704][safepoint    ] Total time for which application threads were stopped: 0.0000646 seconds, Stopping threads took: 0.0000204 seconds
[2022-06-17T01:46:05.191+0000][3704][safepoint    ] Application time: 0.0009358 seconds
[2022-06-17T01:46:05.191+0000][3704][safepoint    ] Entering safepoint region: RevokeBias
[2022-06-17T01:46:05.191+0000][3704][safepoint    ] Leaving safepoint region
[2022-06-17T01:46:05.191+0000][3704][safepoint    ] Total time for which application threads were stopped: 0.0000769 seconds, Stopping threads took: 0.0000238 seconds
[2022-06-17T01:46:05.191+0000][3704][safepoint    ] Application time: 0.0000330 seconds
[2022-06-17T01:46:05.191+0000][3704][safepoint    ] Entering safepoint region: RevokeBias
[2022-06-17T01:46:05.191+0000][3704][safepoint    ] Leaving safepoint region
[2022-06-17T01:46:05.191+0000][3704][safepoint    ] Total time for which application threads were stopped: 0.0000540 seconds, Stopping threads took: 0.0000172 seconds
[2022-06-17T01:46:05.191+0000][3704][safepoint    ] Application time: 0.0000128 seconds
[2022-06-17T01:46:05.191+0000][3704][safepoint    ] Entering safepoint region: RevokeBias
[2022-06-17T01:46:05.191+0000][3704][safepoint    ] Leaving safepoint region
[2022-06-17T01:46:05.191+0000][3704][safepoint    ] Total time for which application threads were stopped: 0.0000539 seconds, Stopping threads took: 0.0000179 seconds
[2022-06-17T01:46:05.191+0000][3704][safepoint    ] Application time: 0.0003456 seconds
[2022-06-17T01:46:05.191+0000][3704][safepoint    ] Entering safepoint region: RevokeBias
[2022-06-17T01:46:05.191+0000][3704][safepoint    ] Leaving safepoint region
[2022-06-17T01:46:05.191+0000][3704][safepoint    ] Total time for which application threads were stopped: 0.0000706 seconds, Stopping threads took: 0.0000180 seconds
[2022-06-17T01:46:05.192+0000][3704][safepoint    ] Application time: 0.0002123 seconds
[2022-06-17T01:46:05.192+0000][3704][safepoint    ] Entering safepoint region: RevokeBias
[2022-06-17T01:46:05.192+0000][3704][safepoint    ] Leaving safepoint region
[2022-06-17T01:46:05.192+0000][3704][safepoint    ] Total time for which application threads were stopped: 0.0000711 seconds, Stopping threads took: 0.0000211 seconds
[2022-06-17T01:46:05.192+0000][3704][safepoint    ] Application time: 0.0000497 seconds
[2022-06-17T01:46:05.192+0000][3704][safepoint    ] Entering safepoint region: RevokeBias
[2022-06-17T01:46:05.192+0000][3704][safepoint    ] Leaving safepoint region
[2022-06-17T01:46:05.192+0000][3704][safepoint    ] Total time for which application threads were stopped: 0.0000588 seconds, Stopping threads took: 0.0000165 seconds
[2022-06-17T01:46:05.192+0000][3704][safepoint    ] Application time: 0.0002776 seconds
[2022-06-17T01:46:05.192+0000][3704][safepoint    ] Entering safepoint region: RevokeBias
[2022-06-17T01:46:05.192+0000][3704][safepoint    ] Leaving safepoint region
[2022-06-17T01:46:05.192+0000][3704][safepoint    ] Total time for which application threads were stopped: 0.0000982 seconds, Stopping threads took: 0.0000313 seconds
[2022-06-17T01:46:05.192+0000][3704][safepoint    ] Application time: 0.0000398 seconds
[2022-06-17T01:46:05.192+0000][3704][safepoint    ] Entering safepoint region: RevokeBias
[2022-06-17T01:46:05.192+0000][3704][safepoint    ] Leaving safepoint region
[2022-06-17T01:46:05.192+0000][3704][safepoint    ] Total time for which application threads were stopped: 0.0000945 seconds, Stopping threads took: 0.0000403 seconds
[2022-06-17T01:46:05.193+0000][3704][safepoint    ] Application time: 0.0000353 seconds
[2022-06-17T01:46:05.193+0000][3704][safepoint    ] Entering safepoint region: RevokeBias
[2022-06-17T01:46:05.193+0000][3704][safepoint    ] Leaving safepoint region
[2022-06-17T01:46:05.193+0000][3704][safepoint    ] Total time for which application threads were stopped: 0.0000664 seconds, Stopping threads took: 0.0000148 seconds
[2022-06-17T01:46:05.193+0000][3704][safepoint    ] Application time: 0.0000259 seconds
[2022-06-17T01:46:05.193+0000][3704][safepoint    ] Entering safepoint region: RevokeBias
[2022-06-17T01:46:05.193+0000][3704][safepoint    ] Leaving safepoint region
[2022-06-17T01:46:05.193+0000][3704][safepoint    ] Total time for which application threads were stopped: 0.0000778 seconds, Stopping threads took: 0.0000344 seconds
[2022-06-17T01:46:05.193+0000][3704][safepoint    ] Application time: 0.0000823 seconds
[2022-06-17T01:46:05.193+0000][3704][safepoint    ] Entering safepoint region: RevokeBias
[2022-06-17T01:46:05.193+0000][3704][safepoint    ] Leaving safepoint region
[2022-06-17T01:46:05.193+0000][3704][safepoint    ] Total time for which application threads were stopped: 0.0000911 seconds, Stopping threads took: 0.0000330 seconds
[2022-06-17T01:46:05.193+0000][3704][safepoint    ] Application time: 0.0000647 seconds
[2022-06-17T01:46:05.193+0000][3704][safepoint    ] Entering safepoint region: RevokeBias
[2022-06-17T01:46:05.193+0000][3704][safepoint    ] Leaving safepoint region
[2022-06-17T01:46:05.193+0000][3704][safepoint    ] Total time for which application threads were stopped: 0.0000701 seconds, Stopping threads took: 0.0000276 seconds
[2022-06-17T01:46:05.193+0000][3704][safepoint    ] Application time: 0.0001098 seconds
[2022-06-17T01:46:05.193+0000][3704][safepoint    ] Entering safepoint region: RevokeBias
[2022-06-17T01:46:05.193+0000][3704][safepoint    ] Leaving safepoint region
[2022-06-17T01:46:05.193+0000][3704][safepoint    ] Total time for which application threads were stopped: 0.0000734 seconds, Stopping threads took: 0.0000165 seconds
[2022-06-17T01:46:05.193+0000][3704][safepoint    ] Application time: 0.0000269 seconds
[2022-06-17T01:46:05.193+0000][3704][safepoint    ] Entering safepoint region: RevokeBias
[2022-06-17T01:46:05.193+0000][3704][safepoint    ] Leaving safepoint region
[2022-06-17T01:46:05.193+0000][3704][safepoint    ] Total time for which application threads were stopped: 0.0000920 seconds, Stopping threads took: 0.0000203 seconds
[2022-06-17T01:46:05.194+0000][3704][safepoint    ] Application time: 0.0000243 seconds
[2022-06-17T01:46:05.194+0000][3704][safepoint    ] Entering safepoint region: RevokeBias
[2022-06-17T01:46:05.194+0000][3704][safepoint    ] Leaving safepoint region
[2022-06-17T01:46:05.194+0000][3704][safepoint    ] Total time for which application threads were stopped: 0.0000895 seconds, Stopping threads took: 0.0000355 seconds
[2022-06-17T01:46:05.194+0000][3704][safepoint    ] Application time: 0.0000209 seconds
[2022-06-17T01:46:05.194+0000][3704][safepoint    ] Entering safepoint region: RevokeBias
[2022-06-17T01:46:05.194+0000][3704][safepoint    ] Leaving safepoint region
[2022-06-17T01:46:05.194+0000][3704][safepoint    ] Total time for which application threads were stopped: 0.0000932 seconds, Stopping threads took: 0.0000382 seconds
[2022-06-17T01:46:05.194+0000][3704][safepoint    ] Application time: 0.0002016 seconds
[2022-06-17T01:46:05.194+0000][3704][safepoint    ] Entering safepoint region: RevokeBias
[2022-06-17T01:46:05.194+0000][3704][safepoint    ] Leaving safepoint region
[2022-06-17T01:46:05.194+0000][3704][safepoint    ] Total time for which application threads were stopped: 0.0001582 seconds, Stopping threads took: 0.0001048 seconds
[2022-06-17T01:46:05.194+0000][3704][safepoint    ] Application time: 0.0000786 seconds
[2022-06-17T01:46:05.194+0000][3704][safepoint    ] Entering safepoint region: RevokeBias
[2022-06-17T01:46:05.194+0000][3704][safepoint    ] Leaving safepoint region
[2022-06-17T01:46:05.194+0000][3704][safepoint    ] Total time for which application threads were stopped: 0.0000615 seconds, Stopping threads took: 0.0000189 seconds
[2022-06-17T01:46:05.194+0000][3704][safepoint    ] Application time: 0.0000087 seconds
[2022-06-17T01:46:05.194+0000][3704][safepoint    ] Entering safepoint region: RevokeBias
[2022-06-17T01:46:05.194+0000][3704][safepoint    ] Leaving safepoint region
[2022-06-17T01:46:05.194+0000][3704][safepoint    ] Total time for which application threads were stopped: 0.0000676 seconds, Stopping threads took: 0.0000151 seconds
[2022-06-17T01:46:05.194+0000][3704][safepoint    ] Application time: 0.0000059 seconds
[2022-06-17T01:46:05.195+0000][3704][safepoint    ] Entering safepoint region: RevokeBias
[2022-06-17T01:46:05.195+0000][3704][safepoint    ] Leaving safepoint region
[2022-06-17T01:46:05.195+0000][3704][safepoint    ] Total time for which application threads were stopped: 0.0000636 seconds, Stopping threads took: 0.0000176 seconds
[2022-06-17T01:46:05.195+0000][3704][safepoint    ] Application time: 0.0000965 seconds
[2022-06-17T01:46:05.195+0000][3704][safepoint    ] Entering safepoint region: RevokeBias
[2022-06-17T01:46:05.195+0000][3704][safepoint    ] Leaving safepoint region
[2022-06-17T01:46:05.195+0000][3704][safepoint    ] Total time for which application threads were stopped: 0.0000595 seconds, Stopping threads took: 0.0000191 seconds
[2022-06-17T01:46:05.195+0000][3704][safepoint    ] Application time: 0.0001134 seconds
[2022-06-17T01:46:05.195+0000][3704][safepoint    ] Entering safepoint region: RevokeBias
[2022-06-17T01:46:05.195+0000][3704][safepoint    ] Leaving safepoint region
[2022-06-17T01:46:05.195+0000][3704][safepoint    ] Total time for which application threads were stopped: 0.0000951 seconds, Stopping threads took: 0.0000491 seconds
[2022-06-17T01:46:05.195+0000][3704][safepoint    ] Application time: 0.0003864 seconds
[2022-06-17T01:46:05.195+0000][3704][safepoint    ] Entering safepoint region: RevokeBias
[2022-06-17T01:46:05.196+0000][3704][safepoint    ] Leaving safepoint region
[2022-06-17T01:46:05.196+0000][3704][safepoint    ] Total time for which application threads were stopped: 0.0001132 seconds, Stopping threads took: 0.0000618 seconds
[2022-06-17T01:46:05.196+0000][3704][safepoint    ] Application time: 0.0000268 seconds
[2022-06-17T01:46:05.196+0000][3704][safepoint    ] Entering safepoint region: RevokeBias
[2022-06-17T01:46:05.196+0000][3704][safepoint    ] Leaving safepoint region
[2022-06-17T01:46:05.196+0000][3704][safepoint    ] Total time for which application threads were stopped: 0.0000546 seconds, Stopping threads took: 0.0000166 seconds
[2022-06-17T01:46:05.196+0000][3704][safepoint    ] Application time: 0.0003423 seconds
[2022-06-17T01:46:05.196+0000][3704][safepoint    ] Entering safepoint region: RevokeBias
[2022-06-17T01:46:05.196+0000][3704][safepoint    ] Leaving safepoint region
[2022-06-17T01:46:05.196+0000][3704][safepoint    ] Total time for which application threads were stopped: 0.0001759 seconds, Stopping threads took: 0.0001131 seconds
[2022-06-17T01:46:05.196+0000][3704][safepoint    ] Application time: 0.0000441 seconds
[2022-06-17T01:46:05.196+0000][3704][safepoint    ] Entering safepoint region: RevokeBias
[2022-06-17T01:46:05.196+0000][3704][safepoint    ] Leaving safepoint region
[2022-06-17T01:46:05.196+0000][3704][safepoint    ] Total time for which application threads were stopped: 0.0000683 seconds, Stopping threads took: 0.0000230 seconds
[2022-06-17T01:46:05.197+0000][3704][safepoint    ] Application time: 0.0001080 seconds
[2022-06-17T01:46:05.197+0000][3704][safepoint    ] Entering safepoint region: RevokeBias
[2022-06-17T01:46:05.197+0000][3704][safepoint    ] Leaving safepoint region
[2022-06-17T01:46:05.197+0000][3704][safepoint    ] Total time for which application threads were stopped: 0.0000918 seconds, Stopping threads took: 0.0000343 seconds
[2022-06-17T01:46:05.197+0000][3704][safepoint    ] Application time: 0.0000398 seconds
[2022-06-17T01:46:05.197+0000][3704][safepoint    ] Entering safepoint region: RevokeBias
[2022-06-17T01:46:05.197+0000][3704][safepoint    ] Leaving safepoint region
[2022-06-17T01:46:05.197+0000][3704][safepoint    ] Total time for which application threads were stopped: 0.0001027 seconds, Stopping threads took: 0.0000475 seconds
[2022-06-17T01:46:05.197+0000][3704][safepoint    ] Application time: 0.0000421 seconds
[2022-06-17T01:46:05.197+0000][3704][safepoint    ] Entering safepoint region: RevokeBias
[2022-06-17T01:46:05.197+0000][3704][safepoint    ] Leaving safepoint region
[2022-06-17T01:46:05.197+0000][3704][safepoint    ] Total time for which application threads were stopped: 0.0003645 seconds, Stopping threads took: 0.0000430 seconds
[2022-06-17T01:46:05.197+0000][3704][safepoint    ] Application time: 0.0000534 seconds
[2022-06-17T01:46:05.197+0000][3704][safepoint    ] Entering safepoint region: RevokeBias
[2022-06-17T01:46:05.198+0000][3704][safepoint    ] Leaving safepoint region
[2022-06-17T01:46:05.198+0000][3704][safepoint    ] Total time for which application threads were stopped: 0.0002948 seconds, Stopping threads took: 0.0000184 seconds
[2022-06-17T01:46:05.198+0000][3704][safepoint    ] Application time: 0.0000522 seconds
[2022-06-17T01:46:05.198+0000][3704][safepoint    ] Entering safepoint region: RevokeBias
[2022-06-17T01:46:05.198+0000][3704][safepoint    ] Leaving safepoint region
[2022-06-17T01:46:05.198+0000][3704][safepoint    ] Total time for which application threads were stopped: 0.0000962 seconds, Stopping threads took: 0.0000453 seconds
[2022-06-17T01:46:05.198+0000][3704][safepoint    ] Application time: 0.0000405 seconds
[2022-06-17T01:46:05.198+0000][3704][safepoint    ] Entering safepoint region: RevokeBias
[2022-06-17T01:46:05.198+0000][3704][safepoint    ] Leaving safepoint region
[2022-06-17T01:46:05.198+0000][3704][safepoint    ] Total time for which application threads were stopped: 0.0000602 seconds, Stopping threads took: 0.0000194 seconds
[2022-06-17T01:46:05.198+0000][3704][safepoint    ] Application time: 0.0000095 seconds
[2022-06-17T01:46:05.198+0000][3704][safepoint    ] Entering safepoint region: RevokeBias
[2022-06-17T01:46:05.198+0000][3704][safepoint    ] Leaving safepoint region
[2022-06-17T01:46:05.198+0000][3704][safepoint    ] Total time for which application threads were stopped: 0.0000866 seconds, Stopping threads took: 0.0000430 seconds
[2022-06-17T01:46:05.198+0000][3704][safepoint    ] Application time: 0.0000314 seconds
[2022-06-17T01:46:05.198+0000][3704][safepoint    ] Entering safepoint region: RevokeBias
[2022-06-17T01:46:05.198+0000][3704][safepoint    ] Leaving safepoint region
[2022-06-17T01:46:05.198+0000][3704][safepoint    ] Total time for which application threads were stopped: 0.0000635 seconds, Stopping threads took: 0.0000218 seconds
[2022-06-17T01:46:05.198+0000][3704][safepoint    ] Application time: 0.0001580 seconds
[2022-06-17T01:46:05.198+0000][3704][safepoint    ] Entering safepoint region: RevokeBias
[2022-06-17T01:46:05.198+0000][3704][safepoint    ] Leaving safepoint region
[2022-06-17T01:46:05.198+0000][3704][safepoint    ] Total time for which application threads were stopped: 0.0000619 seconds, Stopping threads took: 0.0000179 seconds
[2022-06-17T01:46:05.199+0000][3704][safepoint    ] Application time: 0.0001097 seconds
[2022-06-17T01:46:05.199+0000][3704][safepoint    ] Entering safepoint region: RevokeBias
[2022-06-17T01:46:05.199+0000][3704][safepoint    ] Leaving safepoint region
[2022-06-17T01:46:05.199+0000][3704][safepoint    ] Total time for which application threads were stopped: 0.0000656 seconds, Stopping threads took: 0.0000213 seconds
[2022-06-17T01:46:05.199+0000][3704][safepoint    ] Application time: 0.0002522 seconds
[2022-06-17T01:46:05.199+0000][3704][safepoint    ] Entering safepoint region: RevokeBias
[2022-06-17T01:46:05.199+0000][3704][safepoint    ] Leaving safepoint region
[2022-06-17T01:46:05.199+0000][3704][safepoint    ] Total time for which application threads were stopped: 0.0000732 seconds, Stopping threads took: 0.0000219 seconds
[2022-06-17T01:46:05.199+0000][3704][safepoint    ] Application time: 0.0000490 seconds
[2022-06-17T01:46:05.199+0000][3704][safepoint    ] Entering safepoint region: RevokeBias
[2022-06-17T01:46:05.199+0000][3704][safepoint    ] Leaving safepoint region
[2022-06-17T01:46:05.199+0000][3704][safepoint    ] Total time for which application threads were stopped: 0.0000953 seconds, Stopping threads took: 0.0000476 seconds
[2022-06-17T01:46:05.200+0000][3704][safepoint    ] Application time: 0.0003679 seconds
[2022-06-17T01:46:05.200+0000][3704][safepoint    ] Entering safepoint region: RevokeBias
[2022-06-17T01:46:05.200+0000][3704][safepoint    ] Leaving safepoint region
[2022-06-17T01:46:05.200+0000][3704][safepoint    ] Total time for which application threads were stopped: 0.0003775 seconds, Stopping threads took: 0.0003119 seconds
[2022-06-17T01:46:05.200+0000][3704][safepoint    ] Application time: 0.0001271 seconds
[2022-06-17T01:46:05.200+0000][3704][safepoint    ] Entering safepoint region: RevokeBias
[2022-06-17T01:46:05.200+0000][3704][safepoint    ] Leaving safepoint region
[2022-06-17T01:46:05.200+0000][3704][safepoint    ] Total time for which application threads were stopped: 0.0000747 seconds, Stopping threads took: 0.0000281 seconds
[2022-06-17T01:46:05.202+0000][3704][safepoint    ] Application time: 0.0014940 seconds
[2022-06-17T01:46:05.202+0000][3704][safepoint    ] Entering safepoint region: RevokeBias
[2022-06-17T01:46:05.202+0000][3704][safepoint    ] Leaving safepoint region
[2022-06-17T01:46:05.202+0000][3704][safepoint    ] Total time for which application threads were stopped: 0.0000865 seconds, Stopping threads took: 0.0000272 seconds
[2022-06-17T01:46:05.202+0000][3704][safepoint    ] Application time: 0.0001571 seconds
[2022-06-17T01:46:05.202+0000][3704][safepoint    ] Entering safepoint region: RevokeBias
[2022-06-17T01:46:05.202+0000][3704][safepoint    ] Leaving safepoint region
[2022-06-17T01:46:05.202+0000][3704][safepoint    ] Total time for which application threads were stopped: 0.0000657 seconds, Stopping threads took: 0.0000177 seconds
[2022-06-17T01:46:05.202+0000][3704][safepoint    ] Application time: 0.0000358 seconds
[2022-06-17T01:46:05.202+0000][3704][safepoint    ] Entering safepoint region: RevokeBias
[2022-06-17T01:46:05.202+0000][3704][safepoint    ] Leaving safepoint region
[2022-06-17T01:46:05.202+0000][3704][safepoint    ] Total time for which application threads were stopped: 0.0000753 seconds, Stopping threads took: 0.0000228 seconds
[2022-06-17T01:46:05.204+0000][3704][safepoint    ] Application time: 0.0014204 seconds
[2022-06-17T01:46:05.204+0000][3704][safepoint    ] Entering safepoint region: RevokeBias
[2022-06-17T01:46:05.204+0000][3704][safepoint    ] Leaving safepoint region
[2022-06-17T01:46:05.204+0000][3704][safepoint    ] Total time for which application threads were stopped: 0.0000827 seconds, Stopping threads took: 0.0000325 seconds
[2022-06-17T01:46:05.204+0000][3704][safepoint    ] Application time: 0.0002329 seconds
[2022-06-17T01:46:05.204+0000][3704][safepoint    ] Entering safepoint region: RevokeBias
[2022-06-17T01:46:05.204+0000][3704][safepoint    ] Leaving safepoint region
[2022-06-17T01:46:05.204+0000][3704][safepoint    ] Total time for which application threads were stopped: 0.0000680 seconds, Stopping threads took: 0.0000190 seconds
[2022-06-17T01:46:05.204+0000][3704][safepoint    ] Application time: 0.0001735 seconds
[2022-06-17T01:46:05.204+0000][3704][safepoint    ] Entering safepoint region: RevokeBias
[2022-06-17T01:46:05.205+0000][3704][safepoint    ] Leaving safepoint region
[2022-06-17T01:46:05.205+0000][3704][safepoint    ] Total time for which application threads were stopped: 0.0000763 seconds, Stopping threads took: 0.0000184 seconds
[2022-06-17T01:46:05.205+0000][3704][safepoint    ] Application time: 0.0000635 seconds
[2022-06-17T01:46:05.205+0000][3704][safepoint    ] Entering safepoint region: RevokeBias
[2022-06-17T01:46:05.205+0000][3704][safepoint    ] Leaving safepoint region
[2022-06-17T01:46:05.205+0000][3704][safepoint    ] Total time for which application threads were stopped: 0.0000620 seconds, Stopping threads took: 0.0000188 seconds
[2022-06-17T01:46:05.205+0000][3704][safepoint    ] Application time: 0.0001493 seconds
[2022-06-17T01:46:05.205+0000][3704][safepoint    ] Entering safepoint region: RevokeBias
[2022-06-17T01:46:05.205+0000][3704][safepoint    ] Leaving safepoint region
[2022-06-17T01:46:05.205+0000][3704][safepoint    ] Total time for which application threads were stopped: 0.0000620 seconds, Stopping threads took: 0.0000187 seconds
[2022-06-17T01:46:05.205+0000][3704][safepoint    ] Application time: 0.0000564 seconds
[2022-06-17T01:46:05.205+0000][3704][safepoint    ] Entering safepoint region: RevokeBias
[2022-06-17T01:46:05.205+0000][3704][safepoint    ] Leaving safepoint region
[2022-06-17T01:46:05.205+0000][3704][safepoint    ] Total time for which application threads were stopped: 0.0002995 seconds, Stopping threads took: 0.0002521 seconds
[2022-06-17T01:46:05.213+0000][3704][safepoint    ] Application time: 0.0077717 seconds
[2022-06-17T01:46:05.213+0000][3704][safepoint    ] Entering safepoint region: RevokeBias
[2022-06-17T01:46:05.213+0000][3704][safepoint    ] Leaving safepoint region
[2022-06-17T01:46:05.213+0000][3704][safepoint    ] Total time for which application threads were stopped: 0.0001129 seconds, Stopping threads took: 0.0000246 seconds
[2022-06-17T01:46:05.214+0000][3704][safepoint    ] Application time: 0.0002764 seconds
[2022-06-17T01:46:05.214+0000][3704][safepoint    ] Entering safepoint region: RevokeBias
[2022-06-17T01:46:05.214+0000][3704][safepoint    ] Leaving safepoint region
[2022-06-17T01:46:05.214+0000][3704][safepoint    ] Total time for which application threads were stopped: 0.0001047 seconds, Stopping threads took: 0.0000224 seconds
[2022-06-17T01:46:05.214+0000][3704][safepoint    ] Application time: 0.0003277 seconds
[2022-06-17T01:46:05.214+0000][3704][safepoint    ] Entering safepoint region: RevokeBias
[2022-06-17T01:46:05.214+0000][3704][safepoint    ] Leaving safepoint region
[2022-06-17T01:46:05.214+0000][3704][safepoint    ] Total time for which application threads were stopped: 0.0000924 seconds, Stopping threads took: 0.0000213 seconds
[2022-06-17T01:46:05.231+0000][3704][safepoint    ] Application time: 0.0167660 seconds
[2022-06-17T01:46:05.231+0000][3704][safepoint    ] Entering safepoint region: RevokeBias
[2022-06-17T01:46:05.231+0000][3704][safepoint    ] Leaving safepoint region
[2022-06-17T01:46:05.231+0000][3704][safepoint    ] Total time for which application threads were stopped: 0.0000851 seconds, Stopping threads took: 0.0000223 seconds
[2022-06-17T01:46:05.231+0000][3704][safepoint    ] Application time: 0.0000403 seconds
[2022-06-17T01:46:05.231+0000][3704][safepoint    ] Entering safepoint region: RevokeBias
[2022-06-17T01:46:05.231+0000][3704][safepoint    ] Leaving safepoint region
[2022-06-17T01:46:05.231+0000][3704][safepoint    ] Total time for which application threads were stopped: 0.0000647 seconds, Stopping threads took: 0.0000184 seconds
[2022-06-17T01:46:05.231+0000][3704][safepoint    ] Application time: 0.0001226 seconds
[2022-06-17T01:46:05.231+0000][3704][safepoint    ] Entering safepoint region: RevokeBias
[2022-06-17T01:46:05.231+0000][3704][safepoint    ] Leaving safepoint region
[2022-06-17T01:46:05.231+0000][3704][safepoint    ] Total time for which application threads were stopped: 0.0000602 seconds, Stopping threads took: 0.0000192 seconds
[2022-06-17T01:46:05.232+0000][3704][safepoint    ] Application time: 0.0001063 seconds
[2022-06-17T01:46:05.232+0000][3704][safepoint    ] Entering safepoint region: RevokeBias
[2022-06-17T01:46:05.232+0000][3704][safepoint    ] Leaving safepoint region
[2022-06-17T01:46:05.232+0000][3704][safepoint    ] Total time for which application threads were stopped: 0.0000579 seconds, Stopping threads took: 0.0000180 seconds
[2022-06-17T01:46:05.232+0000][3704][safepoint    ] Application time: 0.0005028 seconds
[2022-06-17T01:46:05.232+0000][3704][safepoint    ] Entering safepoint region: RevokeBias
[2022-06-17T01:46:05.232+0000][3704][safepoint    ] Leaving safepoint region
[2022-06-17T01:46:05.232+0000][3704][safepoint    ] Total time for which application threads were stopped: 0.0000705 seconds, Stopping threads took: 0.0000199 seconds
[2022-06-17T01:46:05.234+0000][3704][safepoint    ] Application time: 0.0015308 seconds
[2022-06-17T01:46:05.234+0000][3704][safepoint    ] Entering safepoint region: RevokeBias
[2022-06-17T01:46:05.234+0000][3704][safepoint    ] Leaving safepoint region
[2022-06-17T01:46:05.234+0000][3704][safepoint    ] Total time for which application threads were stopped: 0.0000752 seconds, Stopping threads took: 0.0000237 seconds
[2022-06-17T01:46:05.234+0000][3704][safepoint    ] Application time: 0.0003910 seconds
[2022-06-17T01:46:05.234+0000][3704][safepoint    ] Entering safepoint region: RevokeBias
[2022-06-17T01:46:05.234+0000][3704][safepoint    ] Leaving safepoint region
[2022-06-17T01:46:05.234+0000][3704][safepoint    ] Total time for which application threads were stopped: 0.0000773 seconds, Stopping threads took: 0.0000249 seconds
[2022-06-17T01:46:05.246+0000][3704][safepoint    ] Application time: 0.0112101 seconds
[2022-06-17T01:46:05.246+0000][3704][safepoint    ] Entering safepoint region: RevokeBias
[2022-06-17T01:46:05.246+0000][3704][safepoint    ] Leaving safepoint region
[2022-06-17T01:46:05.246+0000][3704][safepoint    ] Total time for which application threads were stopped: 0.0000669 seconds, Stopping threads took: 0.0000238 seconds
[2022-06-17T01:46:05.246+0000][3704][safepoint    ] Application time: 0.0006245 seconds
[2022-06-17T01:46:05.247+0000][3704][safepoint    ] Entering safepoint region: RevokeBias
[2022-06-17T01:46:05.247+0000][3704][safepoint    ] Leaving safepoint region
[2022-06-17T01:46:05.247+0000][3704][safepoint    ] Total time for which application threads were stopped: 0.0002914 seconds, Stopping threads took: 0.0002458 seconds
[2022-06-17T01:46:05.247+0000][3704][safepoint    ] Application time: 0.0006419 seconds
[2022-06-17T01:46:05.248+0000][3704][safepoint    ] Entering safepoint region: RevokeBias
[2022-06-17T01:46:05.248+0000][3704][safepoint    ] Leaving safepoint region
[2022-06-17T01:46:05.248+0000][3704][safepoint    ] Total time for which application threads were stopped: 0.0001897 seconds, Stopping threads took: 0.0001500 seconds
[2022-06-17T01:46:05.250+0000][3704][safepoint    ] Application time: 0.0022281 seconds
