[2022-06-16T19:34:40.456+0000][6420][gc] Using Concurrent Mark Sweep
[2022-06-16T19:34:40.456+0000][6420][gc,heap,coops] Heap address: 0x00000000c0000000, size: 1024 MB, Compressed Oops mode: 32-bit
[2022-06-16T19:34:40.537+0000][6420][safepoint    ] Entering safepoint region: EnableBiasedLocking
[2022-06-16T19:34:40.537+0000][6420][safepoint    ] Leaving safepoint region
[2022-06-16T19:34:40.537+0000][6420][safepoint    ] Total time for which application threads were stopped: 0.0001733 seconds, Stopping threads took: 0.0000976 seconds
[2022-06-16T19:34:40.693+0000][6420][safepoint    ] Application time: 0.1424612 seconds
[2022-06-16T19:34:40.693+0000][6420][safepoint    ] Entering safepoint region: RevokeBias
[2022-06-16T19:34:40.693+0000][6420][safepoint    ] Leaving safepoint region
[2022-06-16T19:34:40.693+0000][6420][safepoint    ] Total time for which application threads were stopped: 0.0003754 seconds, Stopping threads took: 0.0000542 seconds
[2022-06-16T19:34:40.725+0000][6420][safepoint    ] Application time: 0.0419433 seconds
[2022-06-16T19:34:40.725+0000][6420][safepoint    ] Entering safepoint region: Deoptimize
[2022-06-16T19:34:40.725+0000][6420][safepoint    ] Leaving safepoint region
[2022-06-16T19:34:40.725+0000][6420][safepoint    ] Total time for which application threads were stopped: 0.0000886 seconds, Stopping threads took: 0.0000143 seconds
[2022-06-16T19:34:40.725+0000][6420][safepoint    ] Application time: 0.0002655 seconds
[2022-06-16T19:34:40.725+0000][6420][safepoint    ] Entering safepoint region: Deoptimize
[2022-06-16T19:34:40.725+0000][6420][safepoint    ] Leaving safepoint region
[2022-06-16T19:34:40.725+0000][6420][safepoint    ] Total time for which application threads were stopped: 0.0000502 seconds, Stopping threads took: 0.0000115 seconds
[2022-06-16T19:34:40.740+0000][6420][safepoint    ] Application time: 0.0048942 seconds
[2022-06-16T19:34:40.740+0000][6420][safepoint    ] Entering safepoint region: Deoptimize
[2022-06-16T19:34:40.740+0000][6420][safepoint    ] Leaving safepoint region
[2022-06-16T19:34:40.740+0000][6420][safepoint    ] Total time for which application threads were stopped: 0.0000586 seconds, Stopping threads took: 0.0000135 seconds
[2022-06-16T19:34:41.115+0000][6420][safepoint    ] Application time: 0.3827940 seconds
[2022-06-16T19:34:41.115+0000][6420][safepoint    ] Entering safepoint region: Deoptimize
[2022-06-16T19:34:41.115+0000][6420][safepoint    ] Leaving safepoint region
[2022-06-16T19:34:41.115+0000][6420][safepoint    ] Total time for which application threads were stopped: 0.0002045 seconds, Stopping threads took: 0.0000252 seconds
[2022-06-16T19:34:41.115+0000][6420][safepoint    ] Application time: 0.0008019 seconds
[2022-06-16T19:34:41.115+0000][6420][safepoint    ] Entering safepoint region: Deoptimize
[2022-06-16T19:34:41.115+0000][6420][safepoint    ] Leaving safepoint region
[2022-06-16T19:34:41.115+0000][6420][safepoint    ] Total time for which application threads were stopped: 0.0001221 seconds, Stopping threads took: 0.0000225 seconds
[2022-06-16T19:34:41.146+0000][6420][safepoint    ] Application time: 0.0311155 seconds
[2022-06-16T19:34:41.146+0000][6420][safepoint    ] Entering safepoint region: Deoptimize
[2022-06-16T19:34:41.146+0000][6420][safepoint    ] Leaving safepoint region
[2022-06-16T19:34:41.146+0000][6420][safepoint    ] Total time for which application threads were stopped: 0.0001590 seconds, Stopping threads took: 0.0000228 seconds
[2022-06-16T19:34:41.178+0000][6420][safepoint    ] Application time: 0.0305666 seconds
[2022-06-16T19:34:41.178+0000][6420][safepoint    ] Entering safepoint region: Deoptimize
[2022-06-16T19:34:41.178+0000][6420][safepoint    ] Leaving safepoint region
[2022-06-16T19:34:41.178+0000][6420][safepoint    ] Total time for which application threads were stopped: 0.0001686 seconds, Stopping threads took: 0.0000253 seconds
[2022-06-16T19:34:41.303+0000][6420][safepoint    ] Application time: 0.1141369 seconds
[2022-06-16T19:34:41.303+0000][6420][safepoint    ] Entering safepoint region: Deoptimize
[2022-06-16T19:34:41.303+0000][6420][safepoint    ] Leaving safepoint region
[2022-06-16T19:34:41.303+0000][6420][safepoint    ] Total time for which application threads were stopped: 0.0002729 seconds, Stopping threads took: 0.0001113 seconds
[2022-06-16T19:34:41.350+0000][6420][safepoint    ] Application time: 0.0543999 seconds
[2022-06-16T19:34:41.350+0000][6420][safepoint    ] Entering safepoint region: Deoptimize
[2022-06-16T19:34:41.350+0000][6420][safepoint    ] Leaving safepoint region
[2022-06-16T19:34:41.350+0000][6420][safepoint    ] Total time for which application threads were stopped: 0.0001823 seconds, Stopping threads took: 0.0000248 seconds
[2022-06-16T19:34:41.709+0000][6420][safepoint    ] Application time: 0.3638659 seconds
[2022-06-16T19:34:41.709+0000][6420][safepoint    ] Entering safepoint region: RevokeBias
[2022-06-16T19:34:41.709+0000][6420][safepoint    ] Leaving safepoint region
[2022-06-16T19:34:41.709+0000][6420][safepoint    ] Total time for which application threads were stopped: 0.0001557 seconds, Stopping threads took: 0.0000248 seconds
[2022-06-16T19:34:41.787+0000][6420][safepoint    ] Application time: 0.0749212 seconds
[2022-06-16T19:34:41.787+0000][6420][safepoint    ] Entering safepoint region: RevokeBias
[2022-06-16T19:34:41.787+0000][6420][safepoint    ] Leaving safepoint region
[2022-06-16T19:34:41.787+0000][6420][safepoint    ] Total time for which application threads were stopped: 0.0001250 seconds, Stopping threads took: 0.0000368 seconds
[2022-06-16T19:34:41.943+0000][6420][safepoint    ] Application time: 0.1544219 seconds
[2022-06-16T19:34:41.943+0000][6420][safepoint    ] Entering safepoint region: Deoptimize
[2022-06-16T19:34:41.943+0000][6420][safepoint    ] Leaving safepoint region
[2022-06-16T19:34:41.943+0000][6420][safepoint    ] Total time for which application threads were stopped: 0.0002600 seconds, Stopping threads took: 0.0000247 seconds
[2022-06-16T19:34:42.287+0000][6420][safepoint    ] Application time: 0.3459926 seconds
[2022-06-16T19:34:42.287+0000][6420][safepoint    ] Entering safepoint region: Deoptimize
[2022-06-16T19:34:42.287+0000][6420][safepoint    ] Leaving safepoint region
[2022-06-16T19:34:42.287+0000][6420][safepoint    ] Total time for which application threads were stopped: 0.0003542 seconds, Stopping threads took: 0.0000195 seconds
[2022-06-16T19:34:42.381+0000][6420][safepoint    ] Application time: 0.0952112 seconds
[2022-06-16T19:34:42.381+0000][6420][safepoint    ] Entering safepoint region: CollectForMetadataAllocation
[2022-06-16T19:34:42.381+0000][6420][safepoint    ] Leaving safepoint region
[2022-06-16T19:34:42.381+0000][6420][safepoint    ] Total time for which application threads were stopped: 0.0001846 seconds, Stopping threads took: 0.0000258 seconds
[2022-06-16T19:34:42.396+0000][6420][safepoint    ] Application time: 0.0149906 seconds
[2022-06-16T19:34:42.396+0000][6420][safepoint    ] Entering safepoint region: CollectForMetadataAllocation
[2022-06-16T19:34:42.396+0000][6420][safepoint    ] Leaving safepoint region
[2022-06-16T19:34:42.396+0000][6420][safepoint    ] Total time for which application threads were stopped: 0.0001652 seconds, Stopping threads took: 0.0000191 seconds
[2022-06-16T19:34:42.459+0000][6420][safepoint    ] Application time: 0.0513931 seconds
[2022-06-16T19:34:42.459+0000][6420][safepoint    ] Entering safepoint region: CollectForMetadataAllocation
[2022-06-16T19:34:42.459+0000][6420][safepoint    ] Leaving safepoint region
[2022-06-16T19:34:42.459+0000][6420][safepoint    ] Total time for which application threads were stopped: 0.0001650 seconds, Stopping threads took: 0.0000198 seconds
[2022-06-16T19:34:42.459+0000][6420][safepoint    ] Application time: 0.0068164 seconds
[2022-06-16T19:34:42.459+0000][6420][safepoint    ] Entering safepoint region: CollectForMetadataAllocation
[2022-06-16T19:34:42.459+0000][6420][safepoint    ] Leaving safepoint region
[2022-06-16T19:34:42.459+0000][6420][safepoint    ] Total time for which application threads were stopped: 0.0001475 seconds, Stopping threads took: 0.0000210 seconds
[2022-06-16T19:34:42.506+0000][6420][safepoint    ] Application time: 0.0374662 seconds
[2022-06-16T19:34:42.506+0000][6420][safepoint    ] Entering safepoint region: CMS_Initial_Mark
[2022-06-16T19:34:42.506+0000][6420][gc,start     ] GC(0) Pause Initial Mark
[2022-06-16T19:34:42.521+0000][6420][gc           ] GC(0) Pause Initial Mark 64M->64M(1007M) 19.441ms
[2022-06-16T19:34:42.521+0000][6420][gc,cpu       ] GC(0) User=0.02s Sys=0.00s Real=0.01s
[2022-06-16T19:34:42.521+0000][6420][safepoint    ] Leaving safepoint region
[2022-06-16T19:34:42.521+0000][6420][safepoint    ] Total time for which application threads were stopped: 0.0197209 seconds, Stopping threads took: 0.0001318 seconds
[2022-06-16T19:34:42.521+0000][6420][gc           ] GC(0) Concurrent Mark
[2022-06-16T19:34:42.521+0000][6420][gc           ] GC(0) Concurrent Mark 3.536ms
[2022-06-16T19:34:42.521+0000][6420][gc,cpu       ] GC(0) User=0.00s Sys=0.00s Real=0.00s
[2022-06-16T19:34:42.521+0000][6420][gc           ] GC(0) Concurrent Preclean
[2022-06-16T19:34:42.521+0000][6420][gc           ] GC(0) Concurrent Preclean 2.061ms
[2022-06-16T19:34:42.521+0000][6420][gc,cpu       ] GC(0) User=0.00s Sys=0.00s Real=0.00s
[2022-06-16T19:34:42.521+0000][6420][gc           ] GC(0) Concurrent Abortable Preclean
[2022-06-16T19:34:42.600+0000][6420][safepoint    ] Application time: 0.0779488 seconds
[2022-06-16T19:34:42.600+0000][6420][safepoint    ] Entering safepoint region: CollectForMetadataAllocation
[2022-06-16T19:34:42.600+0000][6420][safepoint    ] Leaving safepoint region
[2022-06-16T19:34:42.600+0000][6420][safepoint    ] Total time for which application threads were stopped: 0.0001853 seconds, Stopping threads took: 0.0000258 seconds
[2022-06-16T19:34:42.615+0000][6420][safepoint    ] Application time: 0.0144080 seconds
[2022-06-16T19:34:42.615+0000][6420][safepoint    ] Entering safepoint region: RevokeBias
[2022-06-16T19:34:42.615+0000][6420][safepoint    ] Leaving safepoint region
[2022-06-16T19:34:42.615+0000][6420][safepoint    ] Total time for which application threads were stopped: 0.0000885 seconds, Stopping threads took: 0.0000283 seconds
[2022-06-16T19:34:42.756+0000][6420][safepoint    ] Application time: 0.1491747 seconds
[2022-06-16T19:34:42.756+0000][6420][safepoint    ] Entering safepoint region: CollectForMetadataAllocation
[2022-06-16T19:34:42.756+0000][6420][safepoint    ] Leaving safepoint region
[2022-06-16T19:34:42.756+0000][6420][safepoint    ] Total time for which application threads were stopped: 0.0001626 seconds, Stopping threads took: 0.0000254 seconds
[2022-06-16T19:34:43.225+0000][6420][safepoint    ] Application time: 0.4666338 seconds
[2022-06-16T19:34:43.225+0000][6420][safepoint    ] Entering safepoint region: CollectForMetadataAllocation
[2022-06-16T19:34:43.225+0000][6420][safepoint    ] Leaving safepoint region
[2022-06-16T19:34:43.225+0000][6420][safepoint    ] Total time for which application threads were stopped: 0.0002201 seconds, Stopping threads took: 0.0000275 seconds
[2022-06-16T19:34:43.740+0000][6420][safepoint    ] Application time: 0.5157567 seconds
[2022-06-16T19:34:43.740+0000][6420][safepoint    ] Entering safepoint region: CollectForMetadataAllocation
[2022-06-16T19:34:43.740+0000][6420][safepoint    ] Leaving safepoint region
[2022-06-16T19:34:43.740+0000][6420][safepoint    ] Total time for which application threads were stopped: 0.0002565 seconds, Stopping threads took: 0.0000242 seconds
[2022-06-16T19:34:43.990+0000][6420][safepoint    ] Application time: 0.2411715 seconds
[2022-06-16T19:34:43.990+0000][6420][safepoint    ] Entering safepoint region: GenCollectForAllocation
[2022-06-16T19:34:43.990+0000][6420][gc,start     ] GC(1) Pause Young (Allocation Failure)
[2022-06-16T19:34:43.990+0000][6420][gc,task      ] GC(1) Using 2 workers of 2 for evacuation
[2022-06-16T19:34:44.006+0000][6420][gc,age       ] GC(1) Desired survivor size 8716288 bytes, new threshold 6 (max threshold 6)
[2022-06-16T19:34:44.006+0000][6420][gc,age       ] GC(1) Age table with threshold 6 (max threshold 6)
[2022-06-16T19:34:44.006+0000][6420][gc,age       ] GC(1) - age   1:    8414528 bytes,    8414528 total
[2022-06-16T19:34:44.006+0000][6420][gc,heap      ] GC(1) ParNew: 136320K->8276K(153344K)
[2022-06-16T19:34:44.006+0000][6420][gc,heap      ] GC(1) CMS: 0K->0K(878208K)
[2022-06-16T19:34:44.006+0000][6420][gc,metaspace ] GC(1) Metaspace: 23174K->23174K(1071104K)
[2022-06-16T19:34:44.006+0000][6420][gc           ] GC(1) Pause Young (Allocation Failure) 133M->8M(1007M) 19.133ms
[2022-06-16T19:34:44.006+0000][6420][gc,cpu       ] GC(1) User=0.03s Sys=0.00s Real=0.02s
[2022-06-16T19:34:44.006+0000][6420][safepoint    ] Leaving safepoint region
[2022-06-16T19:34:44.006+0000][6420][safepoint    ] Total time for which application threads were stopped: 0.0193479 seconds, Stopping threads took: 0.0000256 seconds
[2022-06-16T19:34:44.006+0000][6420][safepoint    ] Application time: 0.0089490 seconds
[2022-06-16T19:34:44.006+0000][6420][safepoint    ] Entering safepoint region: RevokeBias
[2022-06-16T19:34:44.006+0000][6420][safepoint    ] Leaving safepoint region
[2022-06-16T19:34:44.006+0000][6420][safepoint    ] Total time for which application threads were stopped: 0.0001169 seconds, Stopping threads took: 0.0000396 seconds
[2022-06-16T19:34:44.006+0000][6420][safepoint    ] Application time: 0.0000628 seconds
[2022-06-16T19:34:44.006+0000][6420][safepoint    ] Entering safepoint region: RevokeBias
[2022-06-16T19:34:44.006+0000][6420][safepoint    ] Leaving safepoint region
[2022-06-16T19:34:44.006+0000][6420][safepoint    ] Total time for which application threads were stopped: 0.0001455 seconds, Stopping threads took: 0.0000465 seconds
[2022-06-16T19:34:44.006+0000][6420][safepoint    ] Application time: 0.0000612 seconds
[2022-06-16T19:34:44.006+0000][6420][safepoint    ] Entering safepoint region: RevokeBias
[2022-06-16T19:34:44.006+0000][6420][safepoint    ] Leaving safepoint region
[2022-06-16T19:34:44.006+0000][6420][safepoint    ] Total time for which application threads were stopped: 0.0000947 seconds, Stopping threads took: 0.0000281 seconds
[2022-06-16T19:34:44.006+0000][6420][safepoint    ] Application time: 0.0000420 seconds
[2022-06-16T19:34:44.006+0000][6420][safepoint    ] Entering safepoint region: RevokeBias
[2022-06-16T19:34:44.006+0000][6420][safepoint    ] Leaving safepoint region
[2022-06-16T19:34:44.006+0000][6420][safepoint    ] Total time for which application threads were stopped: 0.0000759 seconds, Stopping threads took: 0.0000166 seconds
[2022-06-16T19:34:44.006+0000][6420][safepoint    ] Application time: 0.0000266 seconds
[2022-06-16T19:34:44.006+0000][6420][safepoint    ] Entering safepoint region: RevokeBias
[2022-06-16T19:34:44.006+0000][6420][safepoint    ] Leaving safepoint region
[2022-06-16T19:34:44.006+0000][6420][safepoint    ] Total time for which application threads were stopped: 0.0000490 seconds, Stopping threads took: 0.0000153 seconds
[2022-06-16T19:34:44.006+0000][6420][safepoint    ] Application time: 0.0000127 seconds
[2022-06-16T19:34:44.006+0000][6420][safepoint    ] Entering safepoint region: RevokeBias
[2022-06-16T19:34:44.006+0000][6420][safepoint    ] Leaving safepoint region
[2022-06-16T19:34:44.006+0000][6420][safepoint    ] Total time for which application threads were stopped: 0.0000935 seconds, Stopping threads took: 0.0000392 seconds
[2022-06-16T19:34:44.021+0000][6420][safepoint    ] Application time: 0.0000298 seconds
[2022-06-16T19:34:44.021+0000][6420][safepoint    ] Entering safepoint region: RevokeBias
[2022-06-16T19:34:44.021+0000][6420][safepoint    ] Leaving safepoint region
[2022-06-16T19:34:44.021+0000][6420][safepoint    ] Total time for which application threads were stopped: 0.0000866 seconds, Stopping threads took: 0.0000348 seconds
[2022-06-16T19:34:44.021+0000][6420][safepoint    ] Application time: 0.0000167 seconds
[2022-06-16T19:34:44.021+0000][6420][safepoint    ] Entering safepoint region: RevokeBias
[2022-06-16T19:34:44.021+0000][6420][safepoint    ] Leaving safepoint region
[2022-06-16T19:34:44.021+0000][6420][safepoint    ] Total time for which application threads were stopped: 0.0001668 seconds, Stopping threads took: 0.0001029 seconds
[2022-06-16T19:34:44.021+0000][6420][safepoint    ] Application time: 0.0000249 seconds
[2022-06-16T19:34:44.021+0000][6420][safepoint    ] Entering safepoint region: RevokeBias
[2022-06-16T19:34:44.021+0000][6420][safepoint    ] Leaving safepoint region
[2022-06-16T19:34:44.021+0000][6420][safepoint    ] Total time for which application threads were stopped: 0.0000538 seconds, Stopping threads took: 0.0000220 seconds
[2022-06-16T19:34:44.021+0000][6420][safepoint    ] Application time: 0.0000152 seconds
[2022-06-16T19:34:44.021+0000][6420][safepoint    ] Entering safepoint region: RevokeBias
[2022-06-16T19:34:44.021+0000][6420][safepoint    ] Leaving safepoint region
[2022-06-16T19:34:44.021+0000][6420][safepoint    ] Total time for which application threads were stopped: 0.0001041 seconds, Stopping threads took: 0.0000420 seconds
[2022-06-16T19:34:44.021+0000][6420][safepoint    ] Application time: 0.0000219 seconds
[2022-06-16T19:34:44.021+0000][6420][safepoint    ] Entering safepoint region: RevokeBias
[2022-06-16T19:34:44.021+0000][6420][safepoint    ] Leaving safepoint region
[2022-06-16T19:34:44.021+0000][6420][safepoint    ] Total time for which application threads were stopped: 0.0000643 seconds, Stopping threads took: 0.0000298 seconds
[2022-06-16T19:34:44.021+0000][6420][safepoint    ] Application time: 0.0000132 seconds
[2022-06-16T19:34:44.021+0000][6420][safepoint    ] Entering safepoint region: RevokeBias
[2022-06-16T19:34:44.021+0000][6420][safepoint    ] Leaving safepoint region
[2022-06-16T19:34:44.021+0000][6420][safepoint    ] Total time for which application threads were stopped: 0.0000491 seconds, Stopping threads took: 0.0000151 seconds
[2022-06-16T19:34:44.021+0000][6420][safepoint    ] Application time: 0.0000197 seconds
[2022-06-16T19:34:44.021+0000][6420][safepoint    ] Entering safepoint region: RevokeBias
[2022-06-16T19:34:44.021+0000][6420][safepoint    ] Leaving safepoint region
[2022-06-16T19:34:44.021+0000][6420][safepoint    ] Total time for which application threads were stopped: 0.0000983 seconds, Stopping threads took: 0.0000317 seconds
[2022-06-16T19:34:44.021+0000][6420][safepoint    ] Application time: 0.0000165 seconds
[2022-06-16T19:34:44.021+0000][6420][safepoint    ] Entering safepoint region: RevokeBias
[2022-06-16T19:34:44.021+0000][6420][safepoint    ] Leaving safepoint region
[2022-06-16T19:34:44.021+0000][6420][safepoint    ] Total time for which application threads were stopped: 0.0000988 seconds, Stopping threads took: 0.0000346 seconds
[2022-06-16T19:34:44.021+0000][6420][safepoint    ] Application time: 0.0000218 seconds
[2022-06-16T19:34:44.021+0000][6420][safepoint    ] Entering safepoint region: RevokeBias
[2022-06-16T19:34:44.021+0000][6420][safepoint    ] Leaving safepoint region
[2022-06-16T19:34:44.021+0000][6420][safepoint    ] Total time for which application threads were stopped: 0.0001122 seconds, Stopping threads took: 0.0000318 seconds
[2022-06-16T19:34:44.021+0000][6420][safepoint    ] Application time: 0.0000157 seconds
[2022-06-16T19:34:44.021+0000][6420][safepoint    ] Entering safepoint region: RevokeBias
[2022-06-16T19:34:44.021+0000][6420][safepoint    ] Leaving safepoint region
[2022-06-16T19:34:44.021+0000][6420][safepoint    ] Total time for which application threads were stopped: 0.0001096 seconds, Stopping threads took: 0.0000374 seconds
[2022-06-16T19:34:44.021+0000][6420][safepoint    ] Application time: 0.0000278 seconds
[2022-06-16T19:34:44.021+0000][6420][safepoint    ] Entering safepoint region: RevokeBias
[2022-06-16T19:34:44.021+0000][6420][safepoint    ] Leaving safepoint region
[2022-06-16T19:34:44.021+0000][6420][safepoint    ] Total time for which application threads were stopped: 0.0000904 seconds, Stopping threads took: 0.0000162 seconds
[2022-06-16T19:34:44.021+0000][6420][safepoint    ] Application time: 0.0000155 seconds
[2022-06-16T19:34:44.021+0000][6420][safepoint    ] Entering safepoint region: RevokeBias
[2022-06-16T19:34:44.021+0000][6420][safepoint    ] Leaving safepoint region
[2022-06-16T19:34:44.021+0000][6420][safepoint    ] Total time for which application threads were stopped: 0.0000854 seconds, Stopping threads took: 0.0000169 seconds
[2022-06-16T19:34:44.021+0000][6420][safepoint    ] Application time: 0.0000339 seconds
[2022-06-16T19:34:44.021+0000][6420][safepoint    ] Entering safepoint region: RevokeBias
[2022-06-16T19:34:44.021+0000][6420][safepoint    ] Leaving safepoint region
[2022-06-16T19:34:44.021+0000][6420][safepoint    ] Total time for which application threads were stopped: 0.0000955 seconds, Stopping threads took: 0.0000343 seconds
[2022-06-16T19:34:44.021+0000][6420][safepoint    ] Application time: 0.0000163 seconds
[2022-06-16T19:34:44.021+0000][6420][safepoint    ] Entering safepoint region: RevokeBias
[2022-06-16T19:34:44.021+0000][6420][safepoint    ] Leaving safepoint region
[2022-06-16T19:34:44.021+0000][6420][safepoint    ] Total time for which application threads were stopped: 0.0001114 seconds, Stopping threads took: 0.0000383 seconds
[2022-06-16T19:34:44.021+0000][6420][safepoint    ] Application time: 0.0000326 seconds
[2022-06-16T19:34:44.021+0000][6420][safepoint    ] Entering safepoint region: RevokeBias
[2022-06-16T19:34:44.021+0000][6420][safepoint    ] Leaving safepoint region
[2022-06-16T19:34:44.021+0000][6420][safepoint    ] Total time for which application threads were stopped: 0.0000837 seconds, Stopping threads took: 0.0000147 seconds
[2022-06-16T19:34:44.021+0000][6420][safepoint    ] Application time: 0.0000157 seconds
[2022-06-16T19:34:44.021+0000][6420][safepoint    ] Entering safepoint region: RevokeBias
[2022-06-16T19:34:44.021+0000][6420][safepoint    ] Leaving safepoint region
[2022-06-16T19:34:44.021+0000][6420][safepoint    ] Total time for which application threads were stopped: 0.0001023 seconds, Stopping threads took: 0.0000384 seconds
[2022-06-16T19:34:44.021+0000][6420][safepoint    ] Application time: 0.0000299 seconds
[2022-06-16T19:34:44.021+0000][6420][safepoint    ] Entering safepoint region: RevokeBias
[2022-06-16T19:34:44.021+0000][6420][safepoint    ] Leaving safepoint region
[2022-06-16T19:34:44.021+0000][6420][safepoint    ] Total time for which application threads were stopped: 0.0000823 seconds, Stopping threads took: 0.0000163 seconds
[2022-06-16T19:34:44.021+0000][6420][safepoint    ] Application time: 0.0000167 seconds
[2022-06-16T19:34:44.021+0000][6420][safepoint    ] Entering safepoint region: RevokeBias
[2022-06-16T19:34:44.021+0000][6420][safepoint    ] Leaving safepoint region
[2022-06-16T19:34:44.021+0000][6420][safepoint    ] Total time for which application threads were stopped: 0.0001113 seconds, Stopping threads took: 0.0000391 seconds
[2022-06-16T19:34:44.021+0000][6420][safepoint    ] Application time: 0.0000452 seconds
[2022-06-16T19:34:44.021+0000][6420][safepoint    ] Entering safepoint region: RevokeBias
[2022-06-16T19:34:44.021+0000][6420][safepoint    ] Leaving safepoint region
[2022-06-16T19:34:44.021+0000][6420][safepoint    ] Total time for which application threads were stopped: 0.0000928 seconds, Stopping threads took: 0.0000332 seconds
[2022-06-16T19:34:44.021+0000][6420][safepoint    ] Application time: 0.0000157 seconds
[2022-06-16T19:34:44.021+0000][6420][safepoint    ] Entering safepoint region: RevokeBias
[2022-06-16T19:34:44.021+0000][6420][safepoint    ] Leaving safepoint region
[2022-06-16T19:34:44.021+0000][6420][safepoint    ] Total time for which application threads were stopped: 0.0000488 seconds, Stopping threads took: 0.0000154 seconds
[2022-06-16T19:34:44.021+0000][6420][safepoint    ] Application time: 0.0014012 seconds
[2022-06-16T19:34:44.021+0000][6420][safepoint    ] Entering safepoint region: RevokeBias
[2022-06-16T19:34:44.021+0000][6420][safepoint    ] Leaving safepoint region
[2022-06-16T19:34:44.021+0000][6420][safepoint    ] Total time for which application threads were stopped: 0.0000787 seconds, Stopping threads took: 0.0000315 seconds
[2022-06-16T19:34:44.021+0000][6420][safepoint    ] Application time: 0.0000556 seconds
[2022-06-16T19:34:44.021+0000][6420][safepoint    ] Entering safepoint region: RevokeBias
[2022-06-16T19:34:44.021+0000][6420][safepoint    ] Leaving safepoint region
[2022-06-16T19:34:44.021+0000][6420][safepoint    ] Total time for which application threads were stopped: 0.0000587 seconds, Stopping threads took: 0.0000166 seconds
[2022-06-16T19:34:44.115+0000][6420][safepoint    ] Application time: 0.1042618 seconds
[2022-06-16T19:34:44.115+0000][6420][safepoint    ] Entering safepoint region: CollectForMetadataAllocation
[2022-06-16T19:34:44.115+0000][6420][safepoint    ] Leaving safepoint region
[2022-06-16T19:34:44.115+0000][6420][safepoint    ] Total time for which application threads were stopped: 0.0001405 seconds, Stopping threads took: 0.0000196 seconds
[2022-06-16T19:34:44.193+0000][6420][safepoint    ] Application time: 0.0695515 seconds
[2022-06-16T19:34:44.193+0000][6420][safepoint    ] Entering safepoint region: RevokeBias
[2022-06-16T19:34:44.193+0000][6420][safepoint    ] Leaving safepoint region
[2022-06-16T19:34:44.193+0000][6420][safepoint    ] Total time for which application threads were stopped: 0.0000935 seconds, Stopping threads took: 0.0000257 seconds
[2022-06-16T19:34:44.240+0000][6420][safepoint    ] Application time: 0.0494611 seconds
[2022-06-16T19:34:44.240+0000][6420][safepoint    ] Entering safepoint region: CollectForMetadataAllocation
[2022-06-16T19:34:44.240+0000][6420][safepoint    ] Leaving safepoint region
[2022-06-16T19:34:44.240+0000][6420][safepoint    ] Total time for which application threads were stopped: 0.0001811 seconds, Stopping threads took: 0.0000213 seconds
[2022-06-16T19:34:44.256+0000][6420][safepoint    ] Application time: 0.0176890 seconds
[2022-06-16T19:34:44.256+0000][6420][safepoint    ] Entering safepoint region: CollectForMetadataAllocation
[2022-06-16T19:34:44.256+0000][6420][safepoint    ] Leaving safepoint region
[2022-06-16T19:34:44.256+0000][6420][safepoint    ] Total time for which application threads were stopped: 0.0001754 seconds, Stopping threads took: 0.0000201 seconds
[2022-06-16T19:34:44.584+0000][6420][gc           ] GC(0) Concurrent Abortable Preclean 2052.525ms
[2022-06-16T19:34:44.584+0000][6420][gc,cpu       ] GC(0) User=3.34s Sys=0.55s Real=2.06s
[2022-06-16T19:34:44.584+0000][6420][safepoint    ] Application time: 0.3161593 seconds
[2022-06-16T19:34:44.584+0000][6420][safepoint    ] Entering safepoint region: CMS_Final_Remark
[2022-06-16T19:34:44.584+0000][6420][gc,start     ] GC(0) Pause Remark
[2022-06-16T19:34:44.646+0000][6420][gc           ] GC(0) Pause Remark 101M->101M(1007M) 72.170ms
[2022-06-16T19:34:44.646+0000][6420][gc,cpu       ] GC(0) User=0.11s Sys=0.00s Real=0.06s
[2022-06-16T19:34:44.646+0000][6420][safepoint    ] Leaving safepoint region
[2022-06-16T19:34:44.646+0000][6420][safepoint    ] Total time for which application threads were stopped: 0.0729063 seconds, Stopping threads took: 0.0005563 seconds
[2022-06-16T19:34:44.646+0000][6420][gc           ] GC(0) Concurrent Sweep
[2022-06-16T19:34:44.646+0000][6420][gc           ] GC(0) Concurrent Sweep 0.044ms
[2022-06-16T19:34:44.646+0000][6420][gc,cpu       ] GC(0) User=0.00s Sys=0.00s Real=0.00s
[2022-06-16T19:34:44.646+0000][6420][gc           ] GC(0) Concurrent Reset
[2022-06-16T19:34:44.646+0000][6420][gc           ] GC(0) Concurrent Reset 1.159ms
[2022-06-16T19:34:44.646+0000][6420][gc,cpu       ] GC(0) User=0.00s Sys=0.00s Real=0.00s
[2022-06-16T19:34:44.646+0000][6420][gc,heap      ] GC(0) Old: 0K->0K(878208K)
[2022-06-16T19:34:44.896+0000][6420][safepoint    ] Application time: 0.2488667 seconds
[2022-06-16T19:34:44.896+0000][6420][safepoint    ] Entering safepoint region: GenCollectForAllocation
[2022-06-16T19:34:44.896+0000][6420][gc,start     ] GC(2) Pause Young (Allocation Failure)
[2022-06-16T19:34:44.896+0000][6420][gc,task      ] GC(2) Using 2 workers of 2 for evacuation
[2022-06-16T19:34:44.928+0000][6420][gc,age       ] GC(2) Desired survivor size 8716288 bytes, new threshold 2 (max threshold 6)
[2022-06-16T19:34:44.928+0000][6420][gc,age       ] GC(2) Age table with threshold 2 (max threshold 6)
[2022-06-16T19:34:44.928+0000][6420][gc,age       ] GC(2) - age   1:    1710176 bytes,    1710176 total
[2022-06-16T19:34:44.928+0000][6420][gc,age       ] GC(2) - age   2:    8300832 bytes,   10011008 total
[2022-06-16T19:34:44.928+0000][6420][gc,heap      ] GC(2) ParNew: 144596K->14101K(153344K)
[2022-06-16T19:34:44.928+0000][6420][gc,heap      ] GC(2) CMS: 0K->0K(878208K)
[2022-06-16T19:34:44.928+0000][6420][gc,metaspace ] GC(2) Metaspace: 25107K->25107K(1073152K)
[2022-06-16T19:34:44.928+0000][6420][gc           ] GC(2) Pause Young (Allocation Failure) 141M->13M(1007M) 22.787ms
[2022-06-16T19:34:44.928+0000][6420][gc,cpu       ] GC(2) User=0.06s Sys=0.00s Real=0.03s
[2022-06-16T19:34:44.928+0000][6420][safepoint    ] Leaving safepoint region
[2022-06-16T19:34:44.928+0000][6420][safepoint    ] Total time for which application threads were stopped: 0.0229952 seconds, Stopping threads took: 0.0000254 seconds
[2022-06-16T19:34:44.928+0000][6420][safepoint    ] Application time: 0.0001443 seconds
[2022-06-16T19:34:44.928+0000][6420][safepoint    ] Entering safepoint region: BulkRevokeBias
[2022-06-16T19:34:44.928+0000][6420][safepoint    ] Leaving safepoint region
[2022-06-16T19:34:44.928+0000][6420][safepoint    ] Total time for which application threads were stopped: 0.0001201 seconds, Stopping threads took: 0.0000287 seconds
[2022-06-16T19:34:44.928+0000][6420][safepoint    ] Application time: 0.0000722 seconds
[2022-06-16T19:34:44.928+0000][6420][safepoint    ] Entering safepoint region: RevokeBias
[2022-06-16T19:34:44.928+0000][6420][safepoint    ] Leaving safepoint region
[2022-06-16T19:34:44.928+0000][6420][safepoint    ] Total time for which application threads were stopped: 0.0000742 seconds, Stopping threads took: 0.0000190 seconds
[2022-06-16T19:34:44.928+0000][6420][safepoint    ] Application time: 0.0000111 seconds
[2022-06-16T19:34:44.928+0000][6420][safepoint    ] Entering safepoint region: RevokeBias
[2022-06-16T19:34:44.928+0000][6420][safepoint    ] Leaving safepoint region
[2022-06-16T19:34:44.928+0000][6420][safepoint    ] Total time for which application threads were stopped: 0.0000618 seconds, Stopping threads took: 0.0000178 seconds
[2022-06-16T19:34:44.928+0000][6420][safepoint    ] Application time: 0.0000820 seconds
[2022-06-16T19:34:44.928+0000][6420][safepoint    ] Entering safepoint region: RevokeBias
[2022-06-16T19:34:44.928+0000][6420][safepoint    ] Leaving safepoint region
[2022-06-16T19:34:44.928+0000][6420][safepoint    ] Total time for which application threads were stopped: 0.0002130 seconds, Stopping threads took: 0.0001420 seconds
[2022-06-16T19:34:44.928+0000][6420][safepoint    ] Application time: 0.0000146 seconds
[2022-06-16T19:34:44.928+0000][6420][safepoint    ] Entering safepoint region: RevokeBias
[2022-06-16T19:34:44.928+0000][6420][safepoint    ] Leaving safepoint region
[2022-06-16T19:34:44.928+0000][6420][safepoint    ] Total time for which application threads were stopped: 0.0000871 seconds, Stopping threads took: 0.0000183 seconds
[2022-06-16T19:34:44.928+0000][6420][safepoint    ] Application time: 0.0000234 seconds
[2022-06-16T19:34:44.928+0000][6420][safepoint    ] Entering safepoint region: RevokeBias
[2022-06-16T19:34:44.928+0000][6420][safepoint    ] Leaving safepoint region
[2022-06-16T19:34:44.928+0000][6420][safepoint    ] Total time for which application threads were stopped: 0.0000994 seconds, Stopping threads took: 0.0000189 seconds
[2022-06-16T19:34:44.928+0000][6420][safepoint    ] Application time: 0.0000162 seconds
[2022-06-16T19:34:44.928+0000][6420][safepoint    ] Entering safepoint region: RevokeBias
[2022-06-16T19:34:44.928+0000][6420][safepoint    ] Leaving safepoint region
[2022-06-16T19:34:44.928+0000][6420][safepoint    ] Total time for which application threads were stopped: 0.0000739 seconds, Stopping threads took: 0.0000183 seconds
[2022-06-16T19:34:44.928+0000][6420][safepoint    ] Application time: 0.0000132 seconds
[2022-06-16T19:34:44.928+0000][6420][safepoint    ] Entering safepoint region: RevokeBias
[2022-06-16T19:34:44.928+0000][6420][safepoint    ] Leaving safepoint region
[2022-06-16T19:34:44.928+0000][6420][safepoint    ] Total time for which application threads were stopped: 0.0000817 seconds, Stopping threads took: 0.0000181 seconds
[2022-06-16T19:34:44.928+0000][6420][safepoint    ] Application time: 0.0000181 seconds
[2022-06-16T19:34:44.928+0000][6420][safepoint    ] Entering safepoint region: RevokeBias
[2022-06-16T19:34:44.928+0000][6420][safepoint    ] Leaving safepoint region
[2022-06-16T19:34:44.928+0000][6420][safepoint    ] Total time for which application threads were stopped: 0.0000743 seconds, Stopping threads took: 0.0000185 seconds
[2022-06-16T19:34:44.928+0000][6420][safepoint    ] Application time: 0.0000115 seconds
[2022-06-16T19:34:44.928+0000][6420][safepoint    ] Entering safepoint region: RevokeBias
[2022-06-16T19:34:44.928+0000][6420][safepoint    ] Leaving safepoint region
[2022-06-16T19:34:44.928+0000][6420][safepoint    ] Total time for which application threads were stopped: 0.0000682 seconds, Stopping threads took: 0.0000183 seconds
[2022-06-16T19:34:44.928+0000][6420][safepoint    ] Application time: 0.0000130 seconds
[2022-06-16T19:34:44.928+0000][6420][safepoint    ] Entering safepoint region: BulkRevokeBias
[2022-06-16T19:34:44.928+0000][6420][safepoint    ] Leaving safepoint region
[2022-06-16T19:34:44.928+0000][6420][safepoint    ] Total time for which application threads were stopped: 0.0000844 seconds, Stopping threads took: 0.0000184 seconds
[2022-06-16T19:34:44.928+0000][6420][safepoint    ] Application time: 0.0000105 seconds
[2022-06-16T19:34:44.928+0000][6420][safepoint    ] Entering safepoint region: BulkRevokeBias
[2022-06-16T19:34:44.928+0000][6420][safepoint    ] Leaving safepoint region
[2022-06-16T19:34:44.928+0000][6420][safepoint    ] Total time for which application threads were stopped: 0.0000793 seconds, Stopping threads took: 0.0000184 seconds
[2022-06-16T19:34:45.099+0000][6420][safepoint    ] Application time: 0.1699445 seconds
[2022-06-16T19:34:45.099+0000][6420][safepoint    ] Entering safepoint region: Deoptimize
[2022-06-16T19:34:45.099+0000][6420][safepoint    ] Leaving safepoint region
[2022-06-16T19:34:45.099+0000][6420][safepoint    ] Total time for which application threads were stopped: 0.0003764 seconds, Stopping threads took: 0.0000235 seconds
[2022-06-16T19:34:45.334+0000][6420][safepoint    ] Application time: 0.2411440 seconds
[2022-06-16T19:34:45.334+0000][6420][safepoint    ] Entering safepoint region: GenCollectForAllocation
[2022-06-16T19:34:45.334+0000][6420][gc,start     ] GC(3) Pause Young (Allocation Failure)
[2022-06-16T19:34:45.334+0000][6420][gc,task      ] GC(3) Using 2 workers of 2 for evacuation
[2022-06-16T19:34:45.381+0000][6420][gc,age       ] GC(3) Desired survivor size 8716288 bytes, new threshold 6 (max threshold 6)
[2022-06-16T19:34:45.381+0000][6420][gc,age       ] GC(3) Age table with threshold 6 (max threshold 6)
[2022-06-16T19:34:45.381+0000][6420][gc,age       ] GC(3) - age   1:    3834968 bytes,    3834968 total
[2022-06-16T19:34:45.381+0000][6420][gc,age       ] GC(3) - age   2:    1678576 bytes,    5513544 total
[2022-06-16T19:34:45.381+0000][6420][gc,heap      ] GC(3) ParNew: 150421K->8742K(153344K)
[2022-06-16T19:34:45.381+0000][6420][gc,heap      ] GC(3) CMS: 0K->8948K(878208K)
[2022-06-16T19:34:45.381+0000][6420][gc,metaspace ] GC(3) Metaspace: 25769K->25769K(1073152K)
[2022-06-16T19:34:45.381+0000][6420][gc           ] GC(3) Pause Young (Allocation Failure) 146M->17M(1007M) 48.944ms
[2022-06-16T19:34:45.381+0000][6420][gc,cpu       ] GC(3) User=0.08s Sys=0.02s Real=0.05s
[2022-06-16T19:34:45.381+0000][6420][safepoint    ] Leaving safepoint region
[2022-06-16T19:34:45.381+0000][6420][safepoint    ] Total time for which application threads were stopped: 0.0491299 seconds, Stopping threads took: 0.0000256 seconds
[2022-06-16T19:34:45.381+0000][6420][safepoint    ] Application time: 0.0001209 seconds
[2022-06-16T19:34:45.381+0000][6420][safepoint    ] Entering safepoint region: RevokeBias
[2022-06-16T19:34:45.381+0000][6420][safepoint    ] Leaving safepoint region
[2022-06-16T19:34:45.381+0000][6420][safepoint    ] Total time for which application threads were stopped: 0.0000788 seconds, Stopping threads took: 0.0000232 seconds
[2022-06-16T19:34:45.381+0000][6420][safepoint    ] Application time: 0.0000157 seconds
[2022-06-16T19:34:45.381+0000][6420][safepoint    ] Entering safepoint region: RevokeBias
[2022-06-16T19:34:45.381+0000][6420][safepoint    ] Leaving safepoint region
[2022-06-16T19:34:45.381+0000][6420][safepoint    ] Total time for which application threads were stopped: 0.0000481 seconds, Stopping threads took: 0.0000154 seconds
[2022-06-16T19:34:45.381+0000][6420][safepoint    ] Application time: 0.0000198 seconds
[2022-06-16T19:34:45.381+0000][6420][safepoint    ] Entering safepoint region: RevokeBias
[2022-06-16T19:34:45.381+0000][6420][safepoint    ] Leaving safepoint region
[2022-06-16T19:34:45.381+0000][6420][safepoint    ] Total time for which application threads were stopped: 0.0001050 seconds, Stopping threads took: 0.0000555 seconds
[2022-06-16T19:34:45.381+0000][6420][safepoint    ] Application time: 0.0000135 seconds
[2022-06-16T19:34:45.381+0000][6420][safepoint    ] Entering safepoint region: RevokeBias
[2022-06-16T19:34:45.381+0000][6420][safepoint    ] Leaving safepoint region
[2022-06-16T19:34:45.381+0000][6420][safepoint    ] Total time for which application threads were stopped: 0.0000674 seconds, Stopping threads took: 0.0000160 seconds
[2022-06-16T19:34:45.381+0000][6420][safepoint    ] Application time: 0.0000193 seconds
[2022-06-16T19:34:45.381+0000][6420][safepoint    ] Entering safepoint region: RevokeBias
[2022-06-16T19:34:45.381+0000][6420][safepoint    ] Leaving safepoint region
[2022-06-16T19:34:45.381+0000][6420][safepoint    ] Total time for which application threads were stopped: 0.0000582 seconds, Stopping threads took: 0.0000140 seconds
[2022-06-16T19:34:45.381+0000][6420][safepoint    ] Application time: 0.0000132 seconds
[2022-06-16T19:34:45.381+0000][6420][safepoint    ] Entering safepoint region: RevokeBias
[2022-06-16T19:34:45.381+0000][6420][safepoint    ] Leaving safepoint region
[2022-06-16T19:34:45.381+0000][6420][safepoint    ] Total time for which application threads were stopped: 0.0001608 seconds, Stopping threads took: 0.0001014 seconds
[2022-06-16T19:34:45.381+0000][6420][safepoint    ] Application time: 0.0000388 seconds
[2022-06-16T19:34:45.381+0000][6420][safepoint    ] Entering safepoint region: RevokeBias
[2022-06-16T19:34:45.381+0000][6420][safepoint    ] Leaving safepoint region
[2022-06-16T19:34:45.381+0000][6420][safepoint    ] Total time for which application threads were stopped: 0.0000898 seconds, Stopping threads took: 0.0000367 seconds
[2022-06-16T19:34:45.381+0000][6420][safepoint    ] Application time: 0.0000158 seconds
[2022-06-16T19:34:45.381+0000][6420][safepoint    ] Entering safepoint region: RevokeBias
[2022-06-16T19:34:45.381+0000][6420][safepoint    ] Leaving safepoint region
[2022-06-16T19:34:45.381+0000][6420][safepoint    ] Total time for which application threads were stopped: 0.0000718 seconds, Stopping threads took: 0.0000316 seconds
[2022-06-16T19:34:45.381+0000][6420][safepoint    ] Application time: 0.0000147 seconds
[2022-06-16T19:34:45.381+0000][6420][safepoint    ] Entering safepoint region: RevokeBias
[2022-06-16T19:34:45.381+0000][6420][safepoint    ] Leaving safepoint region
[2022-06-16T19:34:45.381+0000][6420][safepoint    ] Total time for which application threads were stopped: 0.0000589 seconds, Stopping threads took: 0.0000175 seconds
[2022-06-16T19:34:45.381+0000][6420][safepoint    ] Application time: 0.0000244 seconds
[2022-06-16T19:34:45.381+0000][6420][safepoint    ] Entering safepoint region: RevokeBias
[2022-06-16T19:34:45.381+0000][6420][safepoint    ] Leaving safepoint region
[2022-06-16T19:34:45.381+0000][6420][safepoint    ] Total time for which application threads were stopped: 0.0001282 seconds, Stopping threads took: 0.0000380 seconds
[2022-06-16T19:34:45.381+0000][6420][safepoint    ] Application time: 0.0000136 seconds
[2022-06-16T19:34:45.381+0000][6420][safepoint    ] Entering safepoint region: RevokeBias
[2022-06-16T19:34:45.381+0000][6420][safepoint    ] Leaving safepoint region
[2022-06-16T19:34:45.381+0000][6420][safepoint    ] Total time for which application threads were stopped: 0.0000940 seconds, Stopping threads took: 0.0000175 seconds
[2022-06-16T19:34:45.381+0000][6420][safepoint    ] Application time: 0.0000252 seconds
[2022-06-16T19:34:45.381+0000][6420][safepoint    ] Entering safepoint region: RevokeBias
[2022-06-16T19:34:45.381+0000][6420][safepoint    ] Leaving safepoint region
[2022-06-16T19:34:45.381+0000][6420][safepoint    ] Total time for which application threads were stopped: 0.0001004 seconds, Stopping threads took: 0.0000307 seconds
[2022-06-16T19:34:45.381+0000][6420][safepoint    ] Application time: 0.0000152 seconds
[2022-06-16T19:34:45.381+0000][6420][safepoint    ] Entering safepoint region: RevokeBias
[2022-06-16T19:34:45.381+0000][6420][safepoint    ] Leaving safepoint region
[2022-06-16T19:34:45.381+0000][6420][safepoint    ] Total time for which application threads were stopped: 0.0001029 seconds, Stopping threads took: 0.0000271 seconds
[2022-06-16T19:34:45.381+0000][6420][safepoint    ] Application time: 0.0000184 seconds
[2022-06-16T19:34:45.381+0000][6420][safepoint    ] Entering safepoint region: RevokeBias
[2022-06-16T19:34:45.381+0000][6420][safepoint    ] Leaving safepoint region
[2022-06-16T19:34:45.381+0000][6420][safepoint    ] Total time for which application threads were stopped: 0.0000928 seconds, Stopping threads took: 0.0000155 seconds
[2022-06-16T19:34:45.381+0000][6420][safepoint    ] Application time: 0.0000168 seconds
[2022-06-16T19:34:45.381+0000][6420][safepoint    ] Entering safepoint region: RevokeBias
[2022-06-16T19:34:45.381+0000][6420][safepoint    ] Leaving safepoint region
[2022-06-16T19:34:45.381+0000][6420][safepoint    ] Total time for which application threads were stopped: 0.0001043 seconds, Stopping threads took: 0.0000290 seconds
[2022-06-16T19:34:45.381+0000][6420][safepoint    ] Application time: 0.0000152 seconds
[2022-06-16T19:34:45.381+0000][6420][safepoint    ] Entering safepoint region: RevokeBias
[2022-06-16T19:34:45.381+0000][6420][safepoint    ] Leaving safepoint region
[2022-06-16T19:34:45.381+0000][6420][safepoint    ] Total time for which application threads were stopped: 0.0000993 seconds, Stopping threads took: 0.0000251 seconds
[2022-06-16T19:34:45.381+0000][6420][safepoint    ] Application time: 0.0000153 seconds
[2022-06-16T19:34:45.381+0000][6420][safepoint    ] Entering safepoint region: RevokeBias
[2022-06-16T19:34:45.381+0000][6420][safepoint    ] Leaving safepoint region
[2022-06-16T19:34:45.381+0000][6420][safepoint    ] Total time for which application threads were stopped: 0.0001018 seconds, Stopping threads took: 0.0000301 seconds
[2022-06-16T19:34:45.381+0000][6420][safepoint    ] Application time: 0.0000139 seconds
[2022-06-16T19:34:45.381+0000][6420][safepoint    ] Entering safepoint region: RevokeBias
[2022-06-16T19:34:45.381+0000][6420][safepoint    ] Leaving safepoint region
[2022-06-16T19:34:45.381+0000][6420][safepoint    ] Total time for which application threads were stopped: 0.0000881 seconds, Stopping threads took: 0.0000182 seconds
[2022-06-16T19:34:45.381+0000][6420][safepoint    ] Application time: 0.0000236 seconds
[2022-06-16T19:34:45.381+0000][6420][safepoint    ] Entering safepoint region: RevokeBias
[2022-06-16T19:34:45.381+0000][6420][safepoint    ] Leaving safepoint region
[2022-06-16T19:34:45.381+0000][6420][safepoint    ] Total time for which application threads were stopped: 0.0000996 seconds, Stopping threads took: 0.0000297 seconds
[2022-06-16T19:34:45.381+0000][6420][safepoint    ] Application time: 0.0000126 seconds
[2022-06-16T19:34:45.381+0000][6420][safepoint    ] Entering safepoint region: RevokeBias
[2022-06-16T19:34:45.381+0000][6420][safepoint    ] Leaving safepoint region
[2022-06-16T19:34:45.381+0000][6420][safepoint    ] Total time for which application threads were stopped: 0.0000845 seconds, Stopping threads took: 0.0000187 seconds
[2022-06-16T19:34:45.381+0000][6420][safepoint    ] Application time: 0.0000720 seconds
[2022-06-16T19:34:45.381+0000][6420][safepoint    ] Entering safepoint region: RevokeBias
[2022-06-16T19:34:45.381+0000][6420][safepoint    ] Leaving safepoint region
[2022-06-16T19:34:45.381+0000][6420][safepoint    ] Total time for which application threads were stopped: 0.0001854 seconds, Stopping threads took: 0.0001095 seconds
[2022-06-16T19:34:45.381+0000][6420][safepoint    ] Application time: 0.0000128 seconds
[2022-06-16T19:34:45.381+0000][6420][safepoint    ] Entering safepoint region: RevokeBias
[2022-06-16T19:34:45.381+0000][6420][safepoint    ] Leaving safepoint region
[2022-06-16T19:34:45.381+0000][6420][safepoint    ] Total time for which application threads were stopped: 0.0000872 seconds, Stopping threads took: 0.0000182 seconds
[2022-06-16T19:34:45.381+0000][6420][safepoint    ] Application time: 0.0000230 seconds
[2022-06-16T19:34:45.381+0000][6420][safepoint    ] Entering safepoint region: RevokeBias
[2022-06-16T19:34:45.381+0000][6420][safepoint    ] Leaving safepoint region
[2022-06-16T19:34:45.381+0000][6420][safepoint    ] Total time for which application threads were stopped: 0.0001759 seconds, Stopping threads took: 0.0001091 seconds
[2022-06-16T19:34:45.381+0000][6420][safepoint    ] Application time: 0.0000144 seconds
[2022-06-16T19:34:45.381+0000][6420][safepoint    ] Entering safepoint region: BulkRevokeBias
[2022-06-16T19:34:45.381+0000][6420][safepoint    ] Leaving safepoint region
[2022-06-16T19:34:45.381+0000][6420][safepoint    ] Total time for which application threads were stopped: 0.0000877 seconds, Stopping threads took: 0.0000266 seconds
[2022-06-16T19:34:45.662+0000][6420][safepoint    ] Application time: 0.2761126 seconds
[2022-06-16T19:34:45.662+0000][6420][safepoint    ] Entering safepoint region: GenCollectForAllocation
[2022-06-16T19:34:45.662+0000][6420][gc,start     ] GC(4) Pause Young (Allocation Failure)
[2022-06-16T19:34:45.662+0000][6420][gc,task      ] GC(4) Using 2 workers of 2 for evacuation
[2022-06-16T19:34:45.678+0000][6420][gc,age       ] GC(4) Desired survivor size 8716288 bytes, new threshold 6 (max threshold 6)
[2022-06-16T19:34:45.678+0000][6420][gc,age       ] GC(4) Age table with threshold 6 (max threshold 6)
[2022-06-16T19:34:45.678+0000][6420][gc,age       ] GC(4) - age   1:    2627056 bytes,    2627056 total
[2022-06-16T19:34:45.678+0000][6420][gc,age       ] GC(4) - age   2:    1684008 bytes,    4311064 total
[2022-06-16T19:34:45.678+0000][6420][gc,age       ] GC(4) - age   3:    1678552 bytes,    5989616 total
[2022-06-16T19:34:45.678+0000][6420][gc,heap      ] GC(4) ParNew: 145062K->9335K(153344K)
[2022-06-16T19:34:45.678+0000][6420][gc,heap      ] GC(4) CMS: 8948K->8948K(878208K)
[2022-06-16T19:34:45.678+0000][6420][gc,metaspace ] GC(4) Metaspace: 25888K->25888K(1073152K)
[2022-06-16T19:34:45.678+0000][6420][gc           ] GC(4) Pause Young (Allocation Failure) 150M->17M(1007M) 10.516ms
[2022-06-16T19:34:45.678+0000][6420][gc,cpu       ] GC(4) User=0.03s Sys=0.00s Real=0.02s
[2022-06-16T19:34:45.678+0000][6420][safepoint    ] Leaving safepoint region
[2022-06-16T19:34:45.678+0000][6420][safepoint    ] Total time for which application threads were stopped: 0.0106941 seconds, Stopping threads took: 0.0000267 seconds
[2022-06-16T19:34:45.678+0000][6420][safepoint    ] Application time: 0.0000856 seconds
[2022-06-16T19:34:45.678+0000][6420][safepoint    ] Entering safepoint region: RevokeBias
[2022-06-16T19:34:45.678+0000][6420][safepoint    ] Leaving safepoint region
[2022-06-16T19:34:45.678+0000][6420][safepoint    ] Total time for which application threads were stopped: 0.0001106 seconds, Stopping threads took: 0.0000249 seconds
[2022-06-16T19:34:45.678+0000][6420][safepoint    ] Application time: 0.0000326 seconds
[2022-06-16T19:34:45.678+0000][6420][safepoint    ] Entering safepoint region: RevokeBias
[2022-06-16T19:34:45.678+0000][6420][safepoint    ] Leaving safepoint region
[2022-06-16T19:34:45.678+0000][6420][safepoint    ] Total time for which application threads were stopped: 0.0000728 seconds, Stopping threads took: 0.0000212 seconds
[2022-06-16T19:34:45.678+0000][6420][safepoint    ] Application time: 0.0000152 seconds
[2022-06-16T19:34:45.678+0000][6420][safepoint    ] Entering safepoint region: RevokeBias
[2022-06-16T19:34:45.678+0000][6420][safepoint    ] Leaving safepoint region
[2022-06-16T19:34:45.678+0000][6420][safepoint    ] Total time for which application threads were stopped: 0.0000631 seconds, Stopping threads took: 0.0000160 seconds
[2022-06-16T19:34:46.021+0000][6420][safepoint    ] Application time: 0.3486311 seconds
[2022-06-16T19:34:46.021+0000][6420][safepoint    ] Entering safepoint region: GenCollectForAllocation
[2022-06-16T19:34:46.021+0000][6420][gc,start     ] GC(5) Pause Young (Allocation Failure)
[2022-06-16T19:34:46.021+0000][6420][gc,task      ] GC(5) Using 2 workers of 2 for evacuation
[2022-06-16T19:34:46.037+0000][6420][gc,age       ] GC(5) Desired survivor size 8716288 bytes, new threshold 6 (max threshold 6)
[2022-06-16T19:34:46.037+0000][6420][gc,age       ] GC(5) Age table with threshold 6 (max threshold 6)
[2022-06-16T19:34:46.037+0000][6420][gc,age       ] GC(5) - age   1:    1933000 bytes,    1933000 total
[2022-06-16T19:34:46.037+0000][6420][gc,age       ] GC(5) - age   2:     290424 bytes,    2223424 total
[2022-06-16T19:34:46.037+0000][6420][gc,age       ] GC(5) - age   3:    1683960 bytes,    3907384 total
[2022-06-16T19:34:46.037+0000][6420][gc,age       ] GC(5) - age   4:    1676128 bytes,    5583512 total
[2022-06-16T19:34:46.037+0000][6420][gc,heap      ] GC(5) ParNew: 145655K->8914K(153344K)
[2022-06-16T19:34:46.037+0000][6420][gc,heap      ] GC(5) CMS: 8948K->8948K(878208K)
[2022-06-16T19:34:46.037+0000][6420][gc,metaspace ] GC(5) Metaspace: 26541K->26541K(1073152K)
[2022-06-16T19:34:46.037+0000][6420][gc           ] GC(5) Pause Young (Allocation Failure) 150M->17M(1007M) 7.993ms
[2022-06-16T19:34:46.037+0000][6420][gc,cpu       ] GC(5) User=0.03s Sys=0.00s Real=0.02s
[2022-06-16T19:34:46.037+0000][6420][safepoint    ] Leaving safepoint region
[2022-06-16T19:34:46.037+0000][6420][safepoint    ] Total time for which application threads were stopped: 0.0081656 seconds, Stopping threads took: 0.0000245 seconds
[2022-06-16T19:34:46.037+0000][6420][safepoint    ] Application time: 0.0000795 seconds
[2022-06-16T19:34:46.037+0000][6420][safepoint    ] Entering safepoint region: BulkRevokeBias
[2022-06-16T19:34:46.037+0000][6420][safepoint    ] Leaving safepoint region
[2022-06-16T19:34:46.037+0000][6420][safepoint    ] Total time for which application threads were stopped: 0.0001551 seconds, Stopping threads took: 0.0000219 seconds
[2022-06-16T19:34:46.037+0000][6420][safepoint    ] Application time: 0.0000322 seconds
[2022-06-16T19:34:46.037+0000][6420][safepoint    ] Entering safepoint region: RevokeBias
[2022-06-16T19:34:46.037+0000][6420][safepoint    ] Leaving safepoint region
[2022-06-16T19:34:46.037+0000][6420][safepoint    ] Total time for which application threads were stopped: 0.0000727 seconds, Stopping threads took: 0.0000174 seconds
[2022-06-16T19:34:46.037+0000][6420][safepoint    ] Application time: 0.0000265 seconds
[2022-06-16T19:34:46.037+0000][6420][safepoint    ] Entering safepoint region: RevokeBias
[2022-06-16T19:34:46.037+0000][6420][safepoint    ] Leaving safepoint region
[2022-06-16T19:34:46.037+0000][6420][safepoint    ] Total time for which application threads were stopped: 0.0001434 seconds, Stopping threads took: 0.0000525 seconds
[2022-06-16T19:34:46.037+0000][6420][safepoint    ] Application time: 0.0000188 seconds
[2022-06-16T19:34:46.037+0000][6420][safepoint    ] Entering safepoint region: RevokeBias
[2022-06-16T19:34:46.037+0000][6420][safepoint    ] Leaving safepoint region
[2022-06-16T19:34:46.037+0000][6420][safepoint    ] Total time for which application threads were stopped: 0.0001138 seconds, Stopping threads took: 0.0000342 seconds
[2022-06-16T19:34:46.037+0000][6420][safepoint    ] Application time: 0.0000163 seconds
[2022-06-16T19:34:46.037+0000][6420][safepoint    ] Entering safepoint region: RevokeBias
[2022-06-16T19:34:46.037+0000][6420][safepoint    ] Leaving safepoint region
[2022-06-16T19:34:46.037+0000][6420][safepoint    ] Total time for which application threads were stopped: 0.0001146 seconds, Stopping threads took: 0.0000276 seconds
[2022-06-16T19:34:46.037+0000][6420][safepoint    ] Application time: 0.0000186 seconds
[2022-06-16T19:34:46.037+0000][6420][safepoint    ] Entering safepoint region: RevokeBias
[2022-06-16T19:34:46.037+0000][6420][safepoint    ] Leaving safepoint region
[2022-06-16T19:34:46.037+0000][6420][safepoint    ] Total time for which application threads were stopped: 0.0000999 seconds, Stopping threads took: 0.0000146 seconds
[2022-06-16T19:34:46.318+0000][6420][safepoint    ] Application time: 0.2792009 seconds
[2022-06-16T19:34:46.318+0000][6420][safepoint    ] Entering safepoint region: GenCollectForAllocation
[2022-06-16T19:34:46.318+0000][6420][gc,start     ] GC(6) Pause Young (Allocation Failure)
[2022-06-16T19:34:46.318+0000][6420][gc,task      ] GC(6) Using 2 workers of 2 for evacuation
[2022-06-16T19:34:46.318+0000][6420][gc,age       ] GC(6) Desired survivor size 8716288 bytes, new threshold 6 (max threshold 6)
[2022-06-16T19:34:46.318+0000][6420][gc,age       ] GC(6) Age table with threshold 6 (max threshold 6)
[2022-06-16T19:34:46.318+0000][6420][gc,age       ] GC(6) - age   1:    2884056 bytes,    2884056 total
[2022-06-16T19:34:46.318+0000][6420][gc,age       ] GC(6) - age   2:    1759896 bytes,    4643952 total
[2022-06-16T19:34:46.318+0000][6420][gc,age       ] GC(6) - age   3:     290424 bytes,    4934376 total
[2022-06-16T19:34:46.318+0000][6420][gc,age       ] GC(6) - age   4:    1683960 bytes,    6618336 total
[2022-06-16T19:34:46.318+0000][6420][gc,age       ] GC(6) - age   5:    1675336 bytes,    8293672 total
[2022-06-16T19:34:46.318+0000][6420][gc,heap      ] GC(6) ParNew: 145234K->11150K(153344K)
[2022-06-16T19:34:46.318+0000][6420][gc,heap      ] GC(6) CMS: 8948K->8948K(878208K)
[2022-06-16T19:34:46.318+0000][6420][gc,metaspace ] GC(6) Metaspace: 26709K->26709K(1075200K)
[2022-06-16T19:34:46.318+0000][6420][gc           ] GC(6) Pause Young (Allocation Failure) 150M->19M(1007M) 11.345ms
[2022-06-16T19:34:46.318+0000][6420][gc,cpu       ] GC(6) User=0.00s Sys=0.00s Real=0.00s
[2022-06-16T19:34:46.318+0000][6420][safepoint    ] Leaving safepoint region
[2022-06-16T19:34:46.318+0000][6420][safepoint    ] Total time for which application threads were stopped: 0.0115296 seconds, Stopping threads took: 0.0000279 seconds
[2022-06-16T19:34:46.318+0000][6420][safepoint    ] Application time: 0.0000718 seconds
[2022-06-16T19:34:46.318+0000][6420][safepoint    ] Entering safepoint region: RevokeBias
[2022-06-16T19:34:46.318+0000][6420][safepoint    ] Leaving safepoint region
[2022-06-16T19:34:46.318+0000][6420][safepoint    ] Total time for which application threads were stopped: 0.0001195 seconds, Stopping threads took: 0.0000247 seconds
[2022-06-16T19:34:46.318+0000][6420][safepoint    ] Application time: 0.0000318 seconds
[2022-06-16T19:34:46.318+0000][6420][safepoint    ] Entering safepoint region: RevokeBias
[2022-06-16T19:34:46.318+0000][6420][safepoint    ] Leaving safepoint region
[2022-06-16T19:34:46.318+0000][6420][safepoint    ] Total time for which application threads were stopped: 0.0001392 seconds, Stopping threads took: 0.0000480 seconds
[2022-06-16T19:34:46.318+0000][6420][safepoint    ] Application time: 0.0000177 seconds
[2022-06-16T19:34:46.318+0000][6420][safepoint    ] Entering safepoint region: RevokeBias
[2022-06-16T19:34:46.318+0000][6420][safepoint    ] Leaving safepoint region
[2022-06-16T19:34:46.318+0000][6420][safepoint    ] Total time for which application threads were stopped: 0.0001249 seconds, Stopping threads took: 0.0000374 seconds
[2022-06-16T19:34:46.318+0000][6420][safepoint    ] Application time: 0.0000176 seconds
[2022-06-16T19:34:46.318+0000][6420][safepoint    ] Entering safepoint region: RevokeBias
[2022-06-16T19:34:46.318+0000][6420][safepoint    ] Leaving safepoint region
[2022-06-16T19:34:46.318+0000][6420][safepoint    ] Total time for which application threads were stopped: 0.0001070 seconds, Stopping threads took: 0.0000277 seconds
[2022-06-16T19:34:46.318+0000][6420][safepoint    ] Application time: 0.0000134 seconds
[2022-06-16T19:34:46.318+0000][6420][safepoint    ] Entering safepoint region: RevokeBias
[2022-06-16T19:34:46.318+0000][6420][safepoint    ] Leaving safepoint region
[2022-06-16T19:34:46.318+0000][6420][safepoint    ] Total time for which application threads were stopped: 0.0000983 seconds, Stopping threads took: 0.0000184 seconds
[2022-06-16T19:34:46.318+0000][6420][safepoint    ] Application time: 0.0000246 seconds
[2022-06-16T19:34:46.318+0000][6420][safepoint    ] Entering safepoint region: RevokeBias
[2022-06-16T19:34:46.318+0000][6420][safepoint    ] Leaving safepoint region
[2022-06-16T19:34:46.318+0000][6420][safepoint    ] Total time for which application threads were stopped: 0.0001290 seconds, Stopping threads took: 0.0000514 seconds
[2022-06-16T19:34:46.318+0000][6420][safepoint    ] Application time: 0.0000205 seconds
[2022-06-16T19:34:46.318+0000][6420][safepoint    ] Entering safepoint region: BulkRevokeBias
[2022-06-16T19:34:46.318+0000][6420][safepoint    ] Leaving safepoint region
[2022-06-16T19:34:46.318+0000][6420][safepoint    ] Total time for which application threads were stopped: 0.0002239 seconds, Stopping threads took: 0.0001076 seconds
[2022-06-16T19:34:46.599+0000][6420][safepoint    ] Application time: 0.2742322 seconds
[2022-06-16T19:34:46.599+0000][6420][safepoint    ] Entering safepoint region: GenCollectForAllocation
[2022-06-16T19:34:46.599+0000][6420][gc,start     ] GC(7) Pause Young (Allocation Failure)
[2022-06-16T19:34:46.599+0000][6420][gc,task      ] GC(7) Using 2 workers of 2 for evacuation
[2022-06-16T19:34:46.615+0000][6420][gc,age       ] GC(7) Desired survivor size 8716288 bytes, new threshold 6 (max threshold 6)
[2022-06-16T19:34:46.615+0000][6420][gc,age       ] GC(7) Age table with threshold 6 (max threshold 6)
[2022-06-16T19:34:46.615+0000][6420][gc,age       ] GC(7) - age   1:    1543960 bytes,    1543960 total
[2022-06-16T19:34:46.615+0000][6420][gc,age       ] GC(7) - age   2:     545720 bytes,    2089680 total
[2022-06-16T19:34:46.615+0000][6420][gc,age       ] GC(7) - age   3:    1759768 bytes,    3849448 total
[2022-06-16T19:34:46.615+0000][6420][gc,age       ] GC(7) - age   4:     290424 bytes,    4139872 total
[2022-06-16T19:34:46.615+0000][6420][gc,age       ] GC(7) - age   5:    1683816 bytes,    5823688 total
[2022-06-16T19:34:46.615+0000][6420][gc,age       ] GC(7) - age   6:    1675336 bytes,    7499024 total
[2022-06-16T19:34:46.615+0000][6420][gc,heap      ] GC(7) ParNew: 147470K->11202K(153344K)
[2022-06-16T19:34:46.615+0000][6420][gc,heap      ] GC(7) CMS: 8948K->8948K(878208K)
[2022-06-16T19:34:46.615+0000][6420][gc,metaspace ] GC(7) Metaspace: 26794K->26794K(1075200K)
[2022-06-16T19:34:46.615+0000][6420][gc           ] GC(7) Pause Young (Allocation Failure) 152M->19M(1007M) 8.580ms
[2022-06-16T19:34:46.615+0000][6420][gc,cpu       ] GC(7) User=0.03s Sys=0.00s Real=0.02s
[2022-06-16T19:34:46.615+0000][6420][safepoint    ] Leaving safepoint region
[2022-06-16T19:34:46.615+0000][6420][safepoint    ] Total time for which application threads were stopped: 0.0087408 seconds, Stopping threads took: 0.0000261 seconds
[2022-06-16T19:34:46.928+0000][6420][safepoint    ] Application time: 0.3220835 seconds
[2022-06-16T19:34:46.928+0000][6420][safepoint    ] Entering safepoint region: GenCollectForAllocation
[2022-06-16T19:34:46.928+0000][6420][gc,start     ] GC(8) Pause Young (Allocation Failure)
[2022-06-16T19:34:46.928+0000][6420][gc,task      ] GC(8) Using 2 workers of 2 for evacuation
[2022-06-16T19:34:46.943+0000][6420][gc,age       ] GC(8) Desired survivor size 8716288 bytes, new threshold 6 (max threshold 6)
[2022-06-16T19:34:46.943+0000][6420][gc,age       ] GC(8) Age table with threshold 6 (max threshold 6)
[2022-06-16T19:34:46.943+0000][6420][gc,age       ] GC(8) - age   1:    1282040 bytes,    1282040 total
[2022-06-16T19:34:46.943+0000][6420][gc,age       ] GC(8) - age   2:    1526848 bytes,    2808888 total
[2022-06-16T19:34:46.943+0000][6420][gc,age       ] GC(8) - age   3:     545616 bytes,    3354504 total
[2022-06-16T19:34:46.943+0000][6420][gc,age       ] GC(8) - age   4:    1759480 bytes,    5113984 total
[2022-06-16T19:34:46.943+0000][6420][gc,age       ] GC(8) - age   5:     290424 bytes,    5404408 total
[2022-06-16T19:34:46.943+0000][6420][gc,age       ] GC(8) - age   6:    1683816 bytes,    7088224 total
[2022-06-16T19:34:46.943+0000][6420][gc,heap      ] GC(8) ParNew: 147522K->11039K(153344K)
[2022-06-16T19:34:46.943+0000][6420][gc,heap      ] GC(8) CMS: 8948K->10599K(878208K)
[2022-06-16T19:34:46.943+0000][6420][gc,metaspace ] GC(8) Metaspace: 27233K->27233K(1075200K)
[2022-06-16T19:34:46.943+0000][6420][gc           ] GC(8) Pause Young (Allocation Failure) 152M->21M(1007M) 10.526ms
[2022-06-16T19:34:46.943+0000][6420][gc,cpu       ] GC(8) User=0.03s Sys=0.00s Real=0.02s
[2022-06-16T19:34:46.943+0000][6420][safepoint    ] Leaving safepoint region
[2022-06-16T19:34:46.943+0000][6420][safepoint    ] Total time for which application threads were stopped: 0.0107222 seconds, Stopping threads took: 0.0000387 seconds
[2022-06-16T19:34:47.240+0000][6420][safepoint    ] Application time: 0.2991864 seconds
[2022-06-16T19:34:47.240+0000][6420][safepoint    ] Entering safepoint region: GenCollectForAllocation
[2022-06-16T19:34:47.240+0000][6420][gc,start     ] GC(9) Pause Young (Allocation Failure)
[2022-06-16T19:34:47.240+0000][6420][gc,task      ] GC(9) Using 2 workers of 2 for evacuation
[2022-06-16T19:34:47.256+0000][6420][gc,age       ] GC(9) Desired survivor size 8716288 bytes, new threshold 6 (max threshold 6)
[2022-06-16T19:34:47.256+0000][6420][gc,age       ] GC(9) Age table with threshold 6 (max threshold 6)
[2022-06-16T19:34:47.256+0000][6420][gc,age       ] GC(9) - age   1:     736216 bytes,     736216 total
[2022-06-16T19:34:47.256+0000][6420][gc,age       ] GC(9) - age   2:     312760 bytes,    1048976 total
[2022-06-16T19:34:47.256+0000][6420][gc,age       ] GC(9) - age   3:    1526728 bytes,    2575704 total
[2022-06-16T19:34:47.256+0000][6420][gc,age       ] GC(9) - age   4:     545616 bytes,    3121320 total
[2022-06-16T19:34:47.256+0000][6420][gc,age       ] GC(9) - age   5:    1759480 bytes,    4880800 total
[2022-06-16T19:34:47.256+0000][6420][gc,age       ] GC(9) - age   6:     290424 bytes,    5171224 total
[2022-06-16T19:34:47.256+0000][6420][gc,heap      ] GC(9) ParNew: 147359K->7031K(153344K)
[2022-06-16T19:34:47.256+0000][6420][gc,heap      ] GC(9) CMS: 10599K->12258K(878208K)
[2022-06-16T19:34:47.256+0000][6420][gc,metaspace ] GC(9) Metaspace: 27488K->27488K(1075200K)
[2022-06-16T19:34:47.256+0000][6420][gc           ] GC(9) Pause Young (Allocation Failure) 154M->18M(1007M) 18.834ms
[2022-06-16T19:34:47.256+0000][6420][gc,cpu       ] GC(9) User=0.03s Sys=0.00s Real=0.02s
[2022-06-16T19:34:47.256+0000][6420][safepoint    ] Leaving safepoint region
[2022-06-16T19:34:47.256+0000][6420][safepoint    ] Total time for which application threads were stopped: 0.0190106 seconds, Stopping threads took: 0.0000261 seconds
[2022-06-16T19:34:47.609+0000][6420][safepoint    ] Application time: 0.3480234 seconds
[2022-06-16T19:34:47.609+0000][6420][safepoint    ] Entering safepoint region: GenCollectForAllocation
[2022-06-16T19:34:47.609+0000][6420][gc,start     ] GC(10) Pause Young (Allocation Failure)
[2022-06-16T19:34:47.609+0000][6420][gc,task      ] GC(10) Using 2 workers of 2 for evacuation
[2022-06-16T19:34:47.609+0000][6420][gc,age       ] GC(10) Desired survivor size 8716288 bytes, new threshold 6 (max threshold 6)
[2022-06-16T19:34:47.609+0000][6420][gc,age       ] GC(10) Age table with threshold 6 (max threshold 6)
[2022-06-16T19:34:47.609+0000][6420][gc,age       ] GC(10) - age   1:    1981640 bytes,    1981640 total
[2022-06-16T19:34:47.609+0000][6420][gc,age       ] GC(10) - age   2:     192808 bytes,    2174448 total
[2022-06-16T19:34:47.609+0000][6420][gc,age       ] GC(10) - age   3:     312760 bytes,    2487208 total
[2022-06-16T19:34:47.609+0000][6420][gc,age       ] GC(10) - age   4:    1526728 bytes,    4013936 total
[2022-06-16T19:34:47.609+0000][6420][gc,age       ] GC(10) - age   5:     545616 bytes,    4559552 total
[2022-06-16T19:34:47.609+0000][6420][gc,age       ] GC(10) - age   6:    1758464 bytes,    6318016 total
[2022-06-16T19:34:47.609+0000][6420][gc,heap      ] GC(10) ParNew: 143351K->8318K(153344K)
[2022-06-16T19:34:47.609+0000][6420][gc,heap      ] GC(10) CMS: 12258K->12543K(878208K)
[2022-06-16T19:34:47.609+0000][6420][gc,metaspace ] GC(10) Metaspace: 27710K->27710K(1075200K)
[2022-06-16T19:34:47.609+0000][6420][gc           ] GC(10) Pause Young (Allocation Failure) 151M->20M(1007M) 6.411ms
[2022-06-16T19:34:47.609+0000][6420][gc,cpu       ] GC(10) User=0.00s Sys=0.00s Real=0.00s
[2022-06-16T19:34:47.609+0000][6420][safepoint    ] Leaving safepoint region
[2022-06-16T19:34:47.609+0000][6420][safepoint    ] Total time for which application threads were stopped: 0.0065923 seconds, Stopping threads took: 0.0000253 seconds
[2022-06-16T19:34:48.003+0000][6420][safepoint    ] Application time: 0.3876195 seconds
[2022-06-16T19:34:48.003+0000][6420][safepoint    ] Entering safepoint region: GenCollectForAllocation
[2022-06-16T19:34:48.003+0000][6420][gc,start     ] GC(11) Pause Young (Allocation Failure)
[2022-06-16T19:34:48.003+0000][6420][gc,task      ] GC(11) Using 2 workers of 2 for evacuation
[2022-06-16T19:34:48.003+0000][6420][gc,age       ] GC(11) Desired survivor size 8716288 bytes, new threshold 6 (max threshold 6)
[2022-06-16T19:34:48.003+0000][6420][gc,age       ] GC(11) Age table with threshold 6 (max threshold 6)
[2022-06-16T19:34:48.003+0000][6420][gc,age       ] GC(11) - age   1:     649528 bytes,     649528 total
[2022-06-16T19:34:48.003+0000][6420][gc,age       ] GC(11) - age   2:     123744 bytes,     773272 total
[2022-06-16T19:34:48.003+0000][6420][gc,age       ] GC(11) - age   3:     192808 bytes,     966080 total
[2022-06-16T19:34:48.003+0000][6420][gc,age       ] GC(11) - age   4:     312608 bytes,    1278688 total
[2022-06-16T19:34:48.003+0000][6420][gc,age       ] GC(11) - age   5:    1526728 bytes,    2805416 total
[2022-06-16T19:34:48.003+0000][6420][gc,age       ] GC(11) - age   6:     545616 bytes,    3351032 total
[2022-06-16T19:34:48.003+0000][6420][gc,heap      ] GC(11) ParNew: 144638K->6013K(153344K)
[2022-06-16T19:34:48.003+0000][6420][gc,heap      ] GC(11) CMS: 12543K->14269K(878208K)
[2022-06-16T19:34:48.003+0000][6420][gc,metaspace ] GC(11) Metaspace: 27753K->27753K(1075200K)
[2022-06-16T19:34:48.003+0000][6420][gc           ] GC(11) Pause Young (Allocation Failure) 153M->19M(1007M) 5.947ms
[2022-06-16T19:34:48.003+0000][6420][gc,cpu       ] GC(11) User=0.00s Sys=0.00s Real=0.00s
[2022-06-16T19:34:48.003+0000][6420][safepoint    ] Leaving safepoint region
[2022-06-16T19:34:48.003+0000][6420][safepoint    ] Total time for which application threads were stopped: 0.0061165 seconds, Stopping threads took: 0.0000255 seconds
[2022-06-16T19:34:48.612+0000][6420][safepoint    ] Application time: 0.6085359 seconds
[2022-06-16T19:34:48.612+0000][6420][safepoint    ] Entering safepoint region: GenCollectForAllocation
[2022-06-16T19:34:48.612+0000][6420][gc,start     ] GC(12) Pause Young (Allocation Failure)
[2022-06-16T19:34:48.612+0000][6420][gc,task      ] GC(12) Using 2 workers of 2 for evacuation
[2022-06-16T19:34:48.628+0000][6420][gc,age       ] GC(12) Desired survivor size 8716288 bytes, new threshold 6 (max threshold 6)
[2022-06-16T19:34:48.628+0000][6420][gc,age       ] GC(12) Age table with threshold 6 (max threshold 6)
[2022-06-16T19:34:48.628+0000][6420][gc,age       ] GC(12) - age   1:    1551408 bytes,    1551408 total
[2022-06-16T19:34:48.628+0000][6420][gc,age       ] GC(12) - age   2:      81464 bytes,    1632872 total
[2022-06-16T19:34:48.628+0000][6420][gc,age       ] GC(12) - age   3:     123680 bytes,    1756552 total
[2022-06-16T19:34:48.628+0000][6420][gc,age       ] GC(12) - age   4:     192808 bytes,    1949360 total
[2022-06-16T19:34:48.628+0000][6420][gc,age       ] GC(12) - age   5:     312608 bytes,    2261968 total
[2022-06-16T19:34:48.628+0000][6420][gc,age       ] GC(12) - age   6:    1526728 bytes,    3788696 total
[2022-06-16T19:34:48.628+0000][6420][gc,heap      ] GC(12) ParNew: 142333K->4095K(153344K)
[2022-06-16T19:34:48.628+0000][6420][gc,heap      ] GC(12) CMS: 14269K->14804K(878208K)
[2022-06-16T19:34:48.628+0000][6420][gc,metaspace ] GC(12) Metaspace: 27788K->27788K(1075200K)
[2022-06-16T19:34:48.628+0000][6420][gc           ] GC(12) Pause Young (Allocation Failure) 152M->18M(1007M) 12.670ms
[2022-06-16T19:34:48.628+0000][6420][gc,cpu       ] GC(12) User=0.03s Sys=0.00s Real=0.02s
[2022-06-16T19:34:48.628+0000][6420][safepoint    ] Leaving safepoint region
[2022-06-16T19:34:48.628+0000][6420][safepoint    ] Total time for which application threads were stopped: 0.0128565 seconds, Stopping threads took: 0.0000265 seconds
[2022-06-16T19:34:49.237+0000][6420][safepoint    ] Application time: 0.6057244 seconds
[2022-06-16T19:34:49.237+0000][6420][safepoint    ] Entering safepoint region: Deoptimize
[2022-06-16T19:34:49.237+0000][6420][safepoint    ] Leaving safepoint region
[2022-06-16T19:34:49.237+0000][6420][safepoint    ] Total time for which application threads were stopped: 0.0004407 seconds, Stopping threads took: 0.0000258 seconds
[2022-06-16T19:34:49.315+0000][6420][safepoint    ] Application time: 0.0864510 seconds
[2022-06-16T19:34:49.315+0000][6420][safepoint    ] Entering safepoint region: Deoptimize
[2022-06-16T19:34:49.315+0000][6420][safepoint    ] Leaving safepoint region
[2022-06-16T19:34:49.315+0000][6420][safepoint    ] Total time for which application threads were stopped: 0.0004921 seconds, Stopping threads took: 0.0000208 seconds
[2022-06-16T19:34:49.862+0000][6420][safepoint    ] Application time: 0.5374399 seconds
[2022-06-16T19:34:49.862+0000][6420][safepoint    ] Entering safepoint region: GenCollectForAllocation
[2022-06-16T19:34:49.862+0000][6420][gc,start     ] GC(13) Pause Young (Allocation Failure)
[2022-06-16T19:34:49.862+0000][6420][gc,task      ] GC(13) Using 2 workers of 2 for evacuation
[2022-06-16T19:34:49.878+0000][6420][gc,age       ] GC(13) Desired survivor size 8716288 bytes, new threshold 6 (max threshold 6)
[2022-06-16T19:34:49.878+0000][6420][gc,age       ] GC(13) Age table with threshold 6 (max threshold 6)
[2022-06-16T19:34:49.878+0000][6420][gc,age       ] GC(13) - age   1:    4158264 bytes,    4158264 total
[2022-06-16T19:34:49.878+0000][6420][gc,age       ] GC(13) - age   2:     265792 bytes,    4424056 total
[2022-06-16T19:34:49.878+0000][6420][gc,age       ] GC(13) - age   3:      81360 bytes,    4505416 total
[2022-06-16T19:34:49.878+0000][6420][gc,age       ] GC(13) - age   4:     123680 bytes,    4629096 total
[2022-06-16T19:34:49.878+0000][6420][gc,age       ] GC(13) - age   5:     192744 bytes,    4821840 total
[2022-06-16T19:34:49.878+0000][6420][gc,age       ] GC(13) - age   6:     312608 bytes,    5134448 total
[2022-06-16T19:34:49.878+0000][6420][gc,heap      ] GC(13) ParNew: 140415K->7742K(153344K)
[2022-06-16T19:34:49.878+0000][6420][gc,heap      ] GC(13) CMS: 14804K->16297K(878208K)
[2022-06-16T19:34:49.878+0000][6420][gc,metaspace ] GC(13) Metaspace: 29651K->29651K(1077248K)
[2022-06-16T19:34:49.878+0000][6420][gc           ] GC(13) Pause Young (Allocation Failure) 151M->23M(1007M) 11.220ms
[2022-06-16T19:34:49.878+0000][6420][gc,cpu       ] GC(13) User=0.03s Sys=0.00s Real=0.02s
[2022-06-16T19:34:49.878+0000][6420][safepoint    ] Leaving safepoint region
[2022-06-16T19:34:49.878+0000][6420][safepoint    ] Total time for which application threads were stopped: 0.0114287 seconds, Stopping threads took: 0.0000267 seconds
[2022-06-16T19:34:50.403+0000][6420][safepoint    ] Application time: 0.5236325 seconds
[2022-06-16T19:34:50.403+0000][6420][safepoint    ] Entering safepoint region: GenCollectForAllocation
[2022-06-16T19:34:50.403+0000][6420][gc,start     ] GC(14) Pause Young (Allocation Failure)
[2022-06-16T19:34:50.403+0000][6420][gc,task      ] GC(14) Using 2 workers of 2 for evacuation
[2022-06-16T19:34:50.403+0000][6420][gc,age       ] GC(14) Desired survivor size 8716288 bytes, new threshold 6 (max threshold 6)
[2022-06-16T19:34:50.403+0000][6420][gc,age       ] GC(14) Age table with threshold 6 (max threshold 6)
[2022-06-16T19:34:50.403+0000][6420][gc,age       ] GC(14) - age   1:     491616 bytes,     491616 total
[2022-06-16T19:34:50.403+0000][6420][gc,age       ] GC(14) - age   2:    1481080 bytes,    1972696 total
[2022-06-16T19:34:50.403+0000][6420][gc,age       ] GC(14) - age   3:     265792 bytes,    2238488 total
[2022-06-16T19:34:50.403+0000][6420][gc,age       ] GC(14) - age   4:      81360 bytes,    2319848 total
[2022-06-16T19:34:50.403+0000][6420][gc,age       ] GC(14) - age   5:     123680 bytes,    2443528 total
[2022-06-16T19:34:50.403+0000][6420][gc,age       ] GC(14) - age   6:     192744 bytes,    2636272 total
[2022-06-16T19:34:50.403+0000][6420][gc,heap      ] GC(14) ParNew: 144062K->4004K(153344K)
[2022-06-16T19:34:50.403+0000][6420][gc,heap      ] GC(14) CMS: 16297K->16605K(878208K)
[2022-06-16T19:34:50.403+0000][6420][gc,metaspace ] GC(14) Metaspace: 29852K->29852K(1077248K)
[2022-06-16T19:34:50.403+0000][6420][gc           ] GC(14) Pause Young (Allocation Failure) 156M->20M(1007M) 10.315ms
[2022-06-16T19:34:50.403+0000][6420][gc,cpu       ] GC(14) User=0.00s Sys=0.00s Real=0.00s
[2022-06-16T19:34:50.403+0000][6420][safepoint    ] Leaving safepoint region
[2022-06-16T19:34:50.403+0000][6420][safepoint    ] Total time for which application threads were stopped: 0.0104870 seconds, Stopping threads took: 0.0000256 seconds
[2022-06-16T19:34:50.809+0000][6420][safepoint    ] Application time: 0.4076853 seconds
[2022-06-16T19:34:50.809+0000][6420][safepoint    ] Entering safepoint region: GenCollectForAllocation
[2022-06-16T19:34:50.809+0000][6420][gc,start     ] GC(15) Pause Young (Allocation Failure)
[2022-06-16T19:34:50.809+0000][6420][gc,task      ] GC(15) Using 2 workers of 2 for evacuation
[2022-06-16T19:34:50.824+0000][6420][gc,age       ] GC(15) Desired survivor size 8716288 bytes, new threshold 6 (max threshold 6)
[2022-06-16T19:34:50.824+0000][6420][gc,age       ] GC(15) Age table with threshold 6 (max threshold 6)
[2022-06-16T19:34:50.824+0000][6420][gc,age       ] GC(15) - age   1:     731912 bytes,     731912 total
[2022-06-16T19:34:50.824+0000][6420][gc,age       ] GC(15) - age   2:     472592 bytes,    1204504 total
[2022-06-16T19:34:50.824+0000][6420][gc,age       ] GC(15) - age   3:    1481080 bytes,    2685584 total
[2022-06-16T19:34:50.824+0000][6420][gc,age       ] GC(15) - age   4:     265792 bytes,    2951376 total
[2022-06-16T19:34:50.824+0000][6420][gc,age       ] GC(15) - age   5:      81144 bytes,    3032520 total
[2022-06-16T19:34:50.824+0000][6420][gc,age       ] GC(15) - age   6:     123680 bytes,    3156200 total
[2022-06-16T19:34:50.824+0000][6420][gc,heap      ] GC(15) ParNew: 140324K->3104K(153344K)
[2022-06-16T19:34:50.824+0000][6420][gc,heap      ] GC(15) CMS: 16605K->16802K(878208K)
[2022-06-16T19:34:50.824+0000][6420][gc,metaspace ] GC(15) Metaspace: 29926K->29926K(1077248K)
[2022-06-16T19:34:50.824+0000][6420][gc           ] GC(15) Pause Young (Allocation Failure) 153M->19M(1007M) 12.428ms
[2022-06-16T19:34:50.824+0000][6420][gc,cpu       ] GC(15) User=0.02s Sys=0.00s Real=0.01s
[2022-06-16T19:34:50.824+0000][6420][safepoint    ] Leaving safepoint region
[2022-06-16T19:34:50.824+0000][6420][safepoint    ] Total time for which application threads were stopped: 0.0126034 seconds, Stopping threads took: 0.0000277 seconds
[2022-06-16T19:34:51.309+0000][6420][safepoint    ] Application time: 0.4832524 seconds
[2022-06-16T19:34:51.309+0000][6420][safepoint    ] Entering safepoint region: GenCollectForAllocation
[2022-06-16T19:34:51.309+0000][6420][gc,start     ] GC(16) Pause Young (Allocation Failure)
[2022-06-16T19:34:51.309+0000][6420][gc,task      ] GC(16) Using 2 workers of 2 for evacuation
[2022-06-16T19:34:51.324+0000][6420][gc,age       ] GC(16) Desired survivor size 8716288 bytes, new threshold 6 (max threshold 6)
[2022-06-16T19:34:51.324+0000][6420][gc,age       ] GC(16) Age table with threshold 6 (max threshold 6)
[2022-06-16T19:34:51.324+0000][6420][gc,age       ] GC(16) - age   1:    1225288 bytes,    1225288 total
[2022-06-16T19:34:51.324+0000][6420][gc,age       ] GC(16) - age   2:     230352 bytes,    1455640 total
[2022-06-16T19:34:51.324+0000][6420][gc,age       ] GC(16) - age   3:     472592 bytes,    1928232 total
[2022-06-16T19:34:51.324+0000][6420][gc,age       ] GC(16) - age   4:    1481080 bytes,    3409312 total
[2022-06-16T19:34:51.324+0000][6420][gc,age       ] GC(16) - age   5:     265792 bytes,    3675104 total
[2022-06-16T19:34:51.324+0000][6420][gc,age       ] GC(16) - age   6:      81144 bytes,    3756248 total
[2022-06-16T19:34:51.324+0000][6420][gc,heap      ] GC(16) ParNew: 139424K->4545K(153344K)
[2022-06-16T19:34:51.324+0000][6420][gc,heap      ] GC(16) CMS: 16802K->16926K(878208K)
[2022-06-16T19:34:51.324+0000][6420][gc,metaspace ] GC(16) Metaspace: 29942K->29942K(1077248K)
[2022-06-16T19:34:51.324+0000][6420][gc           ] GC(16) Pause Young (Allocation Failure) 152M->20M(1007M) 13.181ms
[2022-06-16T19:34:51.324+0000][6420][gc,cpu       ] GC(16) User=0.02s Sys=0.00s Real=0.01s
[2022-06-16T19:34:51.324+0000][6420][safepoint    ] Leaving safepoint region
[2022-06-16T19:34:51.324+0000][6420][safepoint    ] Total time for which application threads were stopped: 0.0134554 seconds, Stopping threads took: 0.0000269 seconds
[2022-06-16T19:34:51.653+0000][6420][safepoint    ] Application time: 0.3351632 seconds
[2022-06-16T19:34:51.653+0000][6420][safepoint    ] Entering safepoint region: GenCollectForAllocation
[2022-06-16T19:34:51.653+0000][6420][gc,start     ] GC(17) Pause Young (Allocation Failure)
[2022-06-16T19:34:51.653+0000][6420][gc,task      ] GC(17) Using 2 workers of 2 for evacuation
[2022-06-16T19:34:51.668+0000][6420][gc,age       ] GC(17) Desired survivor size 8716288 bytes, new threshold 6 (max threshold 6)
[2022-06-16T19:34:51.668+0000][6420][gc,age       ] GC(17) Age table with threshold 6 (max threshold 6)
[2022-06-16T19:34:51.668+0000][6420][gc,age       ] GC(17) - age   1:    2982944 bytes,    2982944 total
[2022-06-16T19:34:51.668+0000][6420][gc,age       ] GC(17) - age   2:      44504 bytes,    3027448 total
[2022-06-16T19:34:51.668+0000][6420][gc,age       ] GC(17) - age   3:     230352 bytes,    3257800 total
[2022-06-16T19:34:51.668+0000][6420][gc,age       ] GC(17) - age   4:     472592 bytes,    3730392 total
[2022-06-16T19:34:51.668+0000][6420][gc,age       ] GC(17) - age   5:    1481016 bytes,    5211408 total
[2022-06-16T19:34:51.668+0000][6420][gc,age       ] GC(17) - age   6:     265792 bytes,    5477200 total
[2022-06-16T19:34:51.668+0000][6420][gc,heap      ] GC(17) ParNew: 140865K->6896K(153344K)
[2022-06-16T19:34:51.668+0000][6420][gc,heap      ] GC(17) CMS: 16926K->17007K(878208K)
[2022-06-16T19:34:51.668+0000][6420][gc,metaspace ] GC(17) Metaspace: 29994K->29994K(1077248K)
[2022-06-16T19:34:51.668+0000][6420][gc           ] GC(17) Pause Young (Allocation Failure) 154M->23M(1007M) 8.418ms
[2022-06-16T19:34:51.668+0000][6420][gc,cpu       ] GC(17) User=0.03s Sys=0.00s Real=0.01s
[2022-06-16T19:34:51.668+0000][6420][safepoint    ] Leaving safepoint region
[2022-06-16T19:34:51.668+0000][6420][safepoint    ] Total time for which application threads were stopped: 0.0085800 seconds, Stopping threads took: 0.0000273 seconds
[2022-06-16T19:34:52.028+0000][6420][safepoint    ] Application time: 0.3649454 seconds
[2022-06-16T19:34:52.028+0000][6420][safepoint    ] Entering safepoint region: RevokeBias
[2022-06-16T19:34:52.028+0000][6420][safepoint    ] Leaving safepoint region
[2022-06-16T19:34:52.028+0000][6420][safepoint    ] Total time for which application threads were stopped: 0.0000887 seconds, Stopping threads took: 0.0000251 seconds
[2022-06-16T19:34:52.043+0000][6420][safepoint    ] Application time: 0.0059862 seconds
[2022-06-16T19:34:52.043+0000][6420][safepoint    ] Entering safepoint region: RevokeBias
[2022-06-16T19:34:52.043+0000][6420][safepoint    ] Leaving safepoint region
[2022-06-16T19:34:52.043+0000][6420][safepoint    ] Total time for which application threads were stopped: 0.0000877 seconds, Stopping threads took: 0.0000244 seconds
[2022-06-16T19:34:52.121+0000][6420][safepoint    ] Application time: 0.0911774 seconds
[2022-06-16T19:34:52.137+0000][6420][safepoint    ] Entering safepoint region: RevokeBias
[2022-06-16T19:34:52.137+0000][6420][safepoint    ] Leaving safepoint region
[2022-06-16T19:34:52.137+0000][6420][safepoint    ] Total time for which application threads were stopped: 0.0007392 seconds, Stopping threads took: 0.0006328 seconds
[2022-06-16T19:34:52.371+0000][6420][safepoint    ] Application time: 0.2351022 seconds
[2022-06-16T19:34:52.371+0000][6420][safepoint    ] Entering safepoint region: Deoptimize
[2022-06-16T19:34:52.371+0000][6420][safepoint    ] Leaving safepoint region
[2022-06-16T19:34:52.371+0000][6420][safepoint    ] Total time for which application threads were stopped: 0.0004714 seconds, Stopping threads took: 0.0000243 seconds
[2022-06-16T19:34:53.434+0000][6420][safepoint    ] Application time: 1.0622727 seconds
[2022-06-16T19:34:53.434+0000][6420][safepoint    ] Entering safepoint region: Cleanup
[2022-06-16T19:34:53.434+0000][6420][safepoint    ] Leaving safepoint region
[2022-06-16T19:34:53.434+0000][6420][safepoint    ] Total time for which application threads were stopped: 0.0000898 seconds, Stopping threads took: 0.0000238 seconds
[2022-06-16T19:34:54.168+0000][6420][safepoint    ] Application time: 0.7363070 seconds
[2022-06-16T19:34:54.168+0000][6420][safepoint    ] Entering safepoint region: RevokeBias
[2022-06-16T19:34:54.168+0000][6420][safepoint    ] Leaving safepoint region
[2022-06-16T19:34:54.168+0000][6420][safepoint    ] Total time for which application threads were stopped: 0.0004166 seconds, Stopping threads took: 0.0002016 seconds
[2022-06-16T19:34:54.184+0000][6420][safepoint    ] Application time: 0.0181492 seconds
[2022-06-16T19:34:54.184+0000][6420][safepoint    ] Entering safepoint region: RevokeBias
[2022-06-16T19:34:54.184+0000][6420][safepoint    ] Leaving safepoint region
[2022-06-16T19:34:54.184+0000][6420][safepoint    ] Total time for which application threads were stopped: 0.0006424 seconds, Stopping threads took: 0.0005596 seconds
[2022-06-16T19:34:54.184+0000][6420][safepoint    ] Application time: 0.0037671 seconds
[2022-06-16T19:34:54.184+0000][6420][safepoint    ] Entering safepoint region: GenCollectForAllocation
[2022-06-16T19:34:54.184+0000][6420][gc,start     ] GC(18) Pause Young (Allocation Failure)
[2022-06-16T19:34:54.184+0000][6420][gc,task      ] GC(18) Using 2 workers of 2 for evacuation
[2022-06-16T19:34:54.199+0000][6420][gc,age       ] GC(18) Desired survivor size 8716288 bytes, new threshold 6 (max threshold 6)
[2022-06-16T19:34:54.199+0000][6420][gc,age       ] GC(18) Age table with threshold 6 (max threshold 6)
[2022-06-16T19:34:54.199+0000][6420][gc,age       ] GC(18) - age   1:    2103680 bytes,    2103680 total
[2022-06-16T19:34:54.199+0000][6420][gc,age       ] GC(18) - age   2:     286568 bytes,    2390248 total
[2022-06-16T19:34:54.199+0000][6420][gc,age       ] GC(18) - age   3:      44144 bytes,    2434392 total
[2022-06-16T19:34:54.199+0000][6420][gc,age       ] GC(18) - age   4:     230240 bytes,    2664632 total
[2022-06-16T19:34:54.199+0000][6420][gc,age       ] GC(18) - age   5:     471968 bytes,    3136600 total
[2022-06-16T19:34:54.199+0000][6420][gc,age       ] GC(18) - age   6:    1478424 bytes,    4615024 total
[2022-06-16T19:34:54.199+0000][6420][gc,heap      ] GC(18) ParNew: 143209K->7053K(153344K)
[2022-06-16T19:34:54.199+0000][6420][gc,heap      ] GC(18) CMS: 17007K->17268K(878208K)
[2022-06-16T19:34:54.199+0000][6420][gc,metaspace ] GC(18) Metaspace: 35350K->35350K(1083392K)
[2022-06-16T19:34:54.199+0000][6420][gc           ] GC(18) Pause Young (Allocation Failure) 156M->23M(1007M) 9.597ms
[2022-06-16T19:34:54.199+0000][6420][gc,cpu       ] GC(18) User=0.03s Sys=0.00s Real=0.01s
[2022-06-16T19:34:54.199+0000][6420][safepoint    ] Leaving safepoint region
[2022-06-16T19:34:54.199+0000][6420][safepoint    ] Total time for which application threads were stopped: 0.0098630 seconds, Stopping threads took: 0.0000206 seconds
[2022-06-16T19:34:54.684+0000][6420][safepoint    ] Application time: 0.4843596 seconds
[2022-06-16T19:34:54.684+0000][6420][safepoint    ] Entering safepoint region: Deoptimize
[2022-06-16T19:34:54.684+0000][6420][safepoint    ] Leaving safepoint region
[2022-06-16T19:34:54.684+0000][6420][safepoint    ] Total time for which application threads were stopped: 0.0005226 seconds, Stopping threads took: 0.0000278 seconds
[2022-06-16T19:34:54.684+0000][6420][safepoint    ] Application time: 0.0002559 seconds
[2022-06-16T19:34:54.684+0000][6420][safepoint    ] Entering safepoint region: CollectForMetadataAllocation
[2022-06-16T19:34:54.684+0000][6420][safepoint    ] Leaving safepoint region
[2022-06-16T19:34:54.684+0000][6420][safepoint    ] Total time for which application threads were stopped: 0.0001653 seconds, Stopping threads took: 0.0000212 seconds
[2022-06-16T19:34:54.715+0000][6420][safepoint    ] Application time: 0.0317543 seconds
[2022-06-16T19:34:54.715+0000][6420][safepoint    ] Entering safepoint region: CollectForMetadataAllocation
[2022-06-16T19:34:54.715+0000][6420][safepoint    ] Leaving safepoint region
[2022-06-16T19:34:54.715+0000][6420][safepoint    ] Total time for which application threads were stopped: 0.0001849 seconds, Stopping threads took: 0.0000296 seconds
[2022-06-16T19:34:54.715+0000][6420][safepoint    ] Application time: 0.0042253 seconds
[2022-06-16T19:34:54.715+0000][6420][safepoint    ] Entering safepoint region: Deoptimize
[2022-06-16T19:34:54.715+0000][6420][safepoint    ] Leaving safepoint region
[2022-06-16T19:34:54.715+0000][6420][safepoint    ] Total time for which application threads were stopped: 0.0005100 seconds, Stopping threads took: 0.0000232 seconds
[2022-06-16T19:34:54.824+0000][6420][safepoint    ] Application time: 0.1051768 seconds
[2022-06-16T19:34:54.824+0000][6420][safepoint    ] Entering safepoint region: Deoptimize
[2022-06-16T19:34:54.824+0000][6420][safepoint    ] Leaving safepoint region
[2022-06-16T19:34:54.824+0000][6420][safepoint    ] Total time for which application threads were stopped: 0.0005250 seconds, Stopping threads took: 0.0000262 seconds
[2022-06-16T19:34:54.918+0000][6420][safepoint    ] Application time: 0.0966458 seconds
[2022-06-16T19:34:54.918+0000][6420][safepoint    ] Entering safepoint region: CollectForMetadataAllocation
[2022-06-16T19:34:54.918+0000][6420][safepoint    ] Leaving safepoint region
[2022-06-16T19:34:54.918+0000][6420][safepoint    ] Total time for which application threads were stopped: 0.0001731 seconds, Stopping threads took: 0.0000258 seconds
[2022-06-16T19:34:54.918+0000][6420][safepoint    ] Application time: 0.0007855 seconds
[2022-06-16T19:34:54.918+0000][6420][safepoint    ] Entering safepoint region: RevokeBias
[2022-06-16T19:34:54.918+0000][6420][safepoint    ] Leaving safepoint region
[2022-06-16T19:34:54.918+0000][6420][safepoint    ] Total time for which application threads were stopped: 0.0000662 seconds, Stopping threads took: 0.0000233 seconds
[2022-06-16T19:34:55.059+0000][6420][safepoint    ] Application time: 0.1313387 seconds
[2022-06-16T19:34:55.059+0000][6420][safepoint    ] Entering safepoint region: CollectForMetadataAllocation
[2022-06-16T19:34:55.059+0000][6420][safepoint    ] Leaving safepoint region
[2022-06-16T19:34:55.059+0000][6420][safepoint    ] Total time for which application threads were stopped: 0.0001267 seconds, Stopping threads took: 0.0000311 seconds
[2022-06-16T19:34:55.090+0000][6420][safepoint    ] Application time: 0.0390471 seconds
[2022-06-16T19:34:55.090+0000][6420][safepoint    ] Entering safepoint region: CollectForMetadataAllocation
[2022-06-16T19:34:55.090+0000][6420][safepoint    ] Leaving safepoint region
[2022-06-16T19:34:55.090+0000][6420][safepoint    ] Total time for which application threads were stopped: 0.0001858 seconds, Stopping threads took: 0.0000276 seconds
[2022-06-16T19:34:55.231+0000][6420][safepoint    ] Application time: 0.1394398 seconds
[2022-06-16T19:34:55.231+0000][6420][safepoint    ] Entering safepoint region: RevokeBias
[2022-06-16T19:34:55.231+0000][6420][safepoint    ] Leaving safepoint region
[2022-06-16T19:34:55.231+0000][6420][safepoint    ] Total time for which application threads were stopped: 0.0001117 seconds, Stopping threads took: 0.0000292 seconds
[2022-06-16T19:34:56.215+0000][6420][safepoint    ] Application time: 0.9867693 seconds
[2022-06-16T19:34:56.278+0000][6420][safepoint    ] Entering safepoint region: CMS_Initial_Mark
[2022-06-16T19:34:56.278+0000][6420][gc,start     ] GC(19) Pause Initial Mark
[2022-06-16T19:34:56.309+0000][6420][gc           ] GC(19) Pause Initial Mark 98M->98M(1007M) 35.610ms
[2022-06-16T19:34:56.309+0000][6420][gc,cpu       ] GC(19) User=0.06s Sys=0.00s Real=0.03s
[2022-06-16T19:34:56.309+0000][6420][safepoint    ] Leaving safepoint region
[2022-06-16T19:34:56.309+0000][6420][safepoint    ] Total time for which application threads were stopped: 0.0913660 seconds, Stopping threads took: 0.0555371 seconds
[2022-06-16T19:34:56.309+0000][6420][gc           ] GC(19) Concurrent Mark
[2022-06-16T19:34:56.340+0000][6420][gc           ] GC(19) Concurrent Mark 21.197ms
[2022-06-16T19:34:56.340+0000][6420][gc,cpu       ] GC(19) User=0.03s Sys=0.00s Real=0.03s
[2022-06-16T19:34:56.340+0000][6420][gc           ] GC(19) Concurrent Preclean
[2022-06-16T19:34:56.340+0000][6420][gc           ] GC(19) Concurrent Preclean 3.184ms
[2022-06-16T19:34:56.340+0000][6420][gc,cpu       ] GC(19) User=0.00s Sys=0.00s Real=0.00s
[2022-06-16T19:34:56.340+0000][6420][gc           ] GC(19) Concurrent Abortable Preclean
[2022-06-16T19:34:56.746+0000][6420][safepoint    ] Application time: 0.4330921 seconds
[2022-06-16T19:34:56.746+0000][6420][safepoint    ] Entering safepoint region: CollectForMetadataAllocation
[2022-06-16T19:34:56.746+0000][6420][safepoint    ] Leaving safepoint region
[2022-06-16T19:34:56.746+0000][6420][safepoint    ] Total time for which application threads were stopped: 0.0001969 seconds, Stopping threads took: 0.0000307 seconds
[2022-06-16T19:34:57.746+0000][6420][safepoint    ] Application time: 0.9933046 seconds
[2022-06-16T19:34:57.746+0000][6420][safepoint    ] Entering safepoint region: Cleanup
[2022-06-16T19:34:57.746+0000][6420][safepoint    ] Leaving safepoint region
[2022-06-16T19:34:57.746+0000][6420][safepoint    ] Total time for which application threads were stopped: 0.0003848 seconds, Stopping threads took: 0.0003230 seconds
[2022-06-16T19:34:57.887+0000][6420][safepoint    ] Application time: 0.1548776 seconds
[2022-06-16T19:34:57.887+0000][6420][safepoint    ] Entering safepoint region: GenCollectForAllocation
[2022-06-16T19:34:57.887+0000][6420][gc,start     ] GC(20) Pause Young (Allocation Failure)
[2022-06-16T19:34:57.887+0000][6420][gc,task      ] GC(20) Using 2 workers of 2 for evacuation
[2022-06-16T19:34:57.934+0000][6420][gc,age       ] GC(20) Desired survivor size 8716288 bytes, new threshold 1 (max threshold 6)
[2022-06-16T19:34:57.934+0000][6420][gc,age       ] GC(20) Age table with threshold 1 (max threshold 6)
[2022-06-16T19:34:57.934+0000][6420][gc,age       ] GC(20) - age   1:   14026312 bytes,   14026312 total
[2022-06-16T19:34:57.934+0000][6420][gc,age       ] GC(20) - age   2:    2031104 bytes,   16057416 total
[2022-06-16T19:34:57.934+0000][6420][gc,age       ] GC(20) - age   3:     286080 bytes,   16343496 total
[2022-06-16T19:34:57.934+0000][6420][gc,age       ] GC(20) - age   4:      44144 bytes,   16387640 total
[2022-06-16T19:34:57.934+0000][6420][gc,age       ] GC(20) - age   5:     228936 bytes,   16616576 total
[2022-06-16T19:34:57.934+0000][6420][gc,age       ] GC(20) - age   6:     470360 bytes,   17086936 total
[2022-06-16T19:34:57.934+0000][6420][gc,heap      ] GC(20) ParNew: 143373K->17024K(153344K)
[2022-06-16T19:34:57.934+0000][6420][gc,heap      ] GC(20) CMS: 17268K->19118K(878208K)
[2022-06-16T19:34:57.934+0000][6420][gc,metaspace ] GC(20) Metaspace: 40034K->40034K(1087488K)
[2022-06-16T19:34:57.934+0000][6420][gc           ] GC(20) Pause Young (Allocation Failure) 156M->35M(1007M) 40.509ms
[2022-06-16T19:34:57.934+0000][6420][gc,cpu       ] GC(20) User=0.09s Sys=0.00s Real=0.05s
[2022-06-16T19:34:57.934+0000][6420][safepoint    ] Leaving safepoint region
[2022-06-16T19:34:57.934+0000][6420][safepoint    ] Total time for which application threads were stopped: 0.0406821 seconds, Stopping threads took: 0.0000273 seconds
[2022-06-16T19:34:58.356+0000][6420][safepoint    ] Application time: 0.4177154 seconds
[2022-06-16T19:34:58.356+0000][6420][safepoint    ] Entering safepoint region: CollectForMetadataAllocation
[2022-06-16T19:34:58.356+0000][6420][safepoint    ] Leaving safepoint region
[2022-06-16T19:34:58.356+0000][6420][safepoint    ] Total time for which application threads were stopped: 0.0002038 seconds, Stopping threads took: 0.0000249 seconds
[2022-06-16T19:34:59.543+0000][6420][safepoint    ] Application time: 1.1828378 seconds
[2022-06-16T19:34:59.543+0000][6420][safepoint    ] Entering safepoint region: Cleanup
[2022-06-16T19:34:59.543+0000][6420][safepoint    ] Leaving safepoint region
[2022-06-16T19:34:59.543+0000][6420][safepoint    ] Total time for which application threads were stopped: 0.0002852 seconds, Stopping threads took: 0.0002335 seconds
[2022-06-16T19:34:59.793+0000][6420][safepoint    ] Application time: 0.2585576 seconds
[2022-06-16T19:34:59.793+0000][6420][safepoint    ] Entering safepoint region: RevokeBias
[2022-06-16T19:34:59.793+0000][6420][safepoint    ] Leaving safepoint region
[2022-06-16T19:34:59.793+0000][6420][safepoint    ] Total time for which application threads were stopped: 0.0030957 seconds, Stopping threads took: 0.0029956 seconds
[2022-06-16T19:34:59.965+0000][6420][safepoint    ] Application time: 0.1712903 seconds
[2022-06-16T19:34:59.965+0000][6420][safepoint    ] Entering safepoint region: RevokeBias
[2022-06-16T19:34:59.965+0000][6420][safepoint    ] Leaving safepoint region
[2022-06-16T19:34:59.965+0000][6420][safepoint    ] Total time for which application threads were stopped: 0.0001148 seconds, Stopping threads took: 0.0000321 seconds
[2022-06-16T19:35:00.137+0000][6420][safepoint    ] Application time: 0.1690495 seconds
[2022-06-16T19:35:00.137+0000][6420][safepoint    ] Entering safepoint region: RevokeBias
[2022-06-16T19:35:00.137+0000][6420][safepoint    ] Leaving safepoint region
[2022-06-16T19:35:00.137+0000][6420][safepoint    ] Total time for which application threads were stopped: 0.0001247 seconds, Stopping threads took: 0.0000385 seconds
[2022-06-16T19:35:00.246+0000][6420][safepoint    ] Application time: 0.1043699 seconds
[2022-06-16T19:35:00.246+0000][6420][safepoint    ] Entering safepoint region: RevokeBias
[2022-06-16T19:35:00.246+0000][6420][safepoint    ] Leaving safepoint region
[2022-06-16T19:35:00.246+0000][6420][safepoint    ] Total time for which application threads were stopped: 0.0000955 seconds, Stopping threads took: 0.0000184 seconds
[2022-06-16T19:35:00.590+0000][6420][safepoint    ] Application time: 0.3416690 seconds
[2022-06-16T19:35:00.590+0000][6420][safepoint    ] Entering safepoint region: RevokeBias
[2022-06-16T19:35:00.590+0000][6420][safepoint    ] Leaving safepoint region
[2022-06-16T19:35:00.590+0000][6420][safepoint    ] Total time for which application threads were stopped: 0.0001086 seconds, Stopping threads took: 0.0000231 seconds
[2022-06-16T19:35:00.590+0000][6420][gc           ] GC(19) Concurrent Abortable Preclean 4248.347ms
[2022-06-16T19:35:00.590+0000][6420][gc,cpu       ] GC(19) User=6.47s Sys=0.14s Real=4.25s
[2022-06-16T19:35:00.590+0000][6420][safepoint    ] Application time: 0.0000798 seconds
[2022-06-16T19:35:00.590+0000][6420][safepoint    ] Entering safepoint region: CMS_Final_Remark
[2022-06-16T19:35:00.590+0000][6420][gc,start     ] GC(19) Pause Remark
[2022-06-16T19:35:00.652+0000][6420][gc           ] GC(19) Pause Remark 128M->128M(1007M) 74.947ms
[2022-06-16T19:35:00.652+0000][6420][gc,cpu       ] GC(19) User=0.13s Sys=0.00s Real=0.06s
[2022-06-16T19:35:00.652+0000][6420][safepoint    ] Leaving safepoint region
[2022-06-16T19:35:00.652+0000][6420][safepoint    ] Total time for which application threads were stopped: 0.0751304 seconds, Stopping threads took: 0.0000471 seconds
[2022-06-16T19:35:00.652+0000][6420][gc           ] GC(19) Concurrent Sweep
[2022-06-16T19:35:00.668+0000][6420][gc           ] GC(19) Concurrent Sweep 5.446ms
[2022-06-16T19:35:00.668+0000][6420][gc,cpu       ] GC(19) User=0.02s Sys=0.00s Real=0.02s
[2022-06-16T19:35:00.668+0000][6420][gc           ] GC(19) Concurrent Reset
[2022-06-16T19:35:00.668+0000][6420][gc           ] GC(19) Concurrent Reset 1.174ms
[2022-06-16T19:35:00.668+0000][6420][gc,cpu       ] GC(19) User=0.00s Sys=0.00s Real=0.00s
[2022-06-16T19:35:00.668+0000][6420][gc,heap      ] GC(19) Old: 17268K->18967K(878208K)
[2022-06-16T19:35:00.668+0000][6420][safepoint    ] Application time: 0.0069183 seconds
[2022-06-16T19:35:00.668+0000][6420][safepoint    ] Entering safepoint region: RevokeBias
[2022-06-16T19:35:00.668+0000][6420][safepoint    ] Leaving safepoint region
[2022-06-16T19:35:00.668+0000][6420][safepoint    ] Total time for which application threads were stopped: 0.0001127 seconds, Stopping threads took: 0.0000197 seconds
[2022-06-16T19:35:01.387+0000][6420][safepoint    ] Application time: 0.7234629 seconds
[2022-06-16T19:35:01.387+0000][6420][safepoint    ] Entering safepoint region: RevokeBias
[2022-06-16T19:35:01.387+0000][6420][safepoint    ] Leaving safepoint region
[2022-06-16T19:35:01.387+0000][6420][safepoint    ] Total time for which application threads were stopped: 0.0001406 seconds, Stopping threads took: 0.0000218 seconds
[2022-06-16T19:35:01.918+0000][6420][safepoint    ] Application time: 0.5301853 seconds
[2022-06-16T19:35:01.918+0000][6420][safepoint    ] Entering safepoint region: RevokeBias
[2022-06-16T19:35:01.918+0000][6420][safepoint    ] Leaving safepoint region
[2022-06-16T19:35:01.918+0000][6420][safepoint    ] Total time for which application threads were stopped: 0.0001281 seconds, Stopping threads took: 0.0000255 seconds
[2022-06-16T19:35:02.012+0000][6420][safepoint    ] Application time: 0.0970312 seconds
[2022-06-16T19:35:02.012+0000][6420][safepoint    ] Entering safepoint region: Deoptimize
[2022-06-16T19:35:02.012+0000][6420][safepoint    ] Leaving safepoint region
[2022-06-16T19:35:02.012+0000][6420][safepoint    ] Total time for which application threads were stopped: 0.0005749 seconds, Stopping threads took: 0.0000221 seconds
[2022-06-16T19:35:02.027+0000][6420][safepoint    ] Application time: 0.0047961 seconds
[2022-06-16T19:35:02.027+0000][6420][safepoint    ] Entering safepoint region: GenCollectForAllocation
[2022-06-16T19:35:02.027+0000][6420][gc,start     ] GC(21) Pause Young (Allocation Failure)
[2022-06-16T19:35:02.027+0000][6420][gc,task      ] GC(21) Using 2 workers of 2 for evacuation
[2022-06-16T19:35:02.090+0000][6420][gc,age       ] GC(21) Desired survivor size 8716288 bytes, new threshold 1 (max threshold 6)
[2022-06-16T19:35:02.090+0000][6420][gc,age       ] GC(21) Age table with threshold 1 (max threshold 6)
[2022-06-16T19:35:02.090+0000][6420][gc,age       ] GC(21) - age   1:   10998264 bytes,   10998264 total
[2022-06-16T19:35:02.090+0000][6420][gc,heap      ] GC(21) ParNew: 153344K->17024K(153344K)
[2022-06-16T19:35:02.090+0000][6420][gc,heap      ] GC(21) CMS: 18967K->37367K(878208K)
[2022-06-16T19:35:02.090+0000][6420][gc,metaspace ] GC(21) Metaspace: 43528K->43528K(1089536K)
[2022-06-16T19:35:02.090+0000][6420][gc           ] GC(21) Pause Young (Allocation Failure) 168M->53M(1007M) 66.075ms
[2022-06-16T19:35:02.090+0000][6420][gc,cpu       ] GC(21) User=0.13s Sys=0.00s Real=0.06s
[2022-06-16T19:35:02.090+0000][6420][safepoint    ] Leaving safepoint region
[2022-06-16T19:35:02.090+0000][6420][safepoint    ] Total time for which application threads were stopped: 0.0662244 seconds, Stopping threads took: 0.0000202 seconds
[2022-06-16T19:35:03.090+0000][6420][safepoint    ] Application time: 0.9966416 seconds
[2022-06-16T19:35:03.090+0000][6420][safepoint    ] Entering safepoint region: Cleanup
[2022-06-16T19:35:03.090+0000][6420][safepoint    ] Leaving safepoint region
[2022-06-16T19:35:03.090+0000][6420][safepoint    ] Total time for which application threads were stopped: 0.0053919 seconds, Stopping threads took: 0.0052304 seconds
[2022-06-16T19:35:04.106+0000][6420][safepoint    ] Application time: 1.0059164 seconds
[2022-06-16T19:35:04.106+0000][6420][safepoint    ] Entering safepoint region: Cleanup
[2022-06-16T19:35:04.106+0000][6420][safepoint    ] Leaving safepoint region
[2022-06-16T19:35:04.106+0000][6420][safepoint    ] Total time for which application threads were stopped: 0.0002097 seconds, Stopping threads took: 0.0001565 seconds
[2022-06-16T19:35:04.512+0000][6420][safepoint    ] Application time: 0.4149309 seconds
[2022-06-16T19:35:04.512+0000][6420][safepoint    ] Entering safepoint region: GenCollectForAllocation
[2022-06-16T19:35:04.512+0000][6420][gc,start     ] GC(22) Pause Young (Allocation Failure)
[2022-06-16T19:35:04.512+0000][6420][gc,task      ] GC(22) Using 2 workers of 2 for evacuation
[2022-06-16T19:35:04.559+0000][6420][gc,age       ] GC(22) Desired survivor size 8716288 bytes, new threshold 6 (max threshold 6)
[2022-06-16T19:35:04.559+0000][6420][gc,age       ] GC(22) Age table with threshold 6 (max threshold 6)
[2022-06-16T19:35:04.559+0000][6420][gc,age       ] GC(22) - age   1:    4571600 bytes,    4571600 total
[2022-06-16T19:35:04.559+0000][6420][gc,heap      ] GC(22) ParNew: 153344K->11468K(153344K)
[2022-06-16T19:35:04.559+0000][6420][gc,heap      ] GC(22) CMS: 37367K->48098K(878208K)
[2022-06-16T19:35:04.559+0000][6420][gc,metaspace ] GC(22) Metaspace: 55197K->55197K(1101824K)
[2022-06-16T19:35:04.559+0000][6420][gc           ] GC(22) Pause Young (Allocation Failure) 186M->58M(1007M) 38.833ms
[2022-06-16T19:35:04.559+0000][6420][gc,cpu       ] GC(22) User=0.09s Sys=0.00s Real=0.05s
[2022-06-16T19:35:04.559+0000][6420][safepoint    ] Leaving safepoint region
[2022-06-16T19:35:04.559+0000][6420][safepoint    ] Total time for which application threads were stopped: 0.0390028 seconds, Stopping threads took: 0.0000259 seconds
[2022-06-16T19:35:05.168+0000][6420][safepoint    ] Application time: 0.6220576 seconds
[2022-06-16T19:35:05.168+0000][6420][safepoint    ] Entering safepoint region: Deoptimize
[2022-06-16T19:35:05.168+0000][6420][safepoint    ] Leaving safepoint region
[2022-06-16T19:35:05.168+0000][6420][safepoint    ] Total time for which application threads were stopped: 0.0005918 seconds, Stopping threads took: 0.0000249 seconds
[2022-06-16T19:35:05.184+0000][6420][safepoint    ] Application time: 0.0073245 seconds
[2022-06-16T19:35:05.184+0000][6420][safepoint    ] Entering safepoint region: Deoptimize
[2022-06-16T19:35:05.184+0000][6420][safepoint    ] Leaving safepoint region
[2022-06-16T19:35:05.184+0000][6420][safepoint    ] Total time for which application threads were stopped: 0.0005701 seconds, Stopping threads took: 0.0000250 seconds
[2022-06-16T19:35:05.231+0000][6420][safepoint    ] Application time: 0.0506296 seconds
[2022-06-16T19:35:05.231+0000][6420][safepoint    ] Entering safepoint region: RevokeBias
[2022-06-16T19:35:05.231+0000][6420][safepoint    ] Leaving safepoint region
[2022-06-16T19:35:05.231+0000][6420][safepoint    ] Total time for which application threads were stopped: 0.0001383 seconds, Stopping threads took: 0.0000241 seconds
[2022-06-16T19:35:05.246+0000][6420][safepoint    ] Application time: 0.0094752 seconds
[2022-06-16T19:35:05.246+0000][6420][safepoint    ] Entering safepoint region: RevokeBias
[2022-06-16T19:35:05.246+0000][6420][safepoint    ] Leaving safepoint region
[2022-06-16T19:35:05.246+0000][6420][safepoint    ] Total time for which application threads were stopped: 0.0001365 seconds, Stopping threads took: 0.0000244 seconds
[2022-06-16T19:35:05.246+0000][6420][safepoint    ] Application time: 0.0063790 seconds
[2022-06-16T19:35:05.246+0000][6420][safepoint    ] Entering safepoint region: RevokeBias
[2022-06-16T19:35:05.246+0000][6420][safepoint    ] Leaving safepoint region
[2022-06-16T19:35:05.246+0000][6420][safepoint    ] Total time for which application threads were stopped: 0.0001073 seconds, Stopping threads took: 0.0000252 seconds
[2022-06-16T19:35:06.262+0000][6420][safepoint    ] Application time: 1.0041814 seconds
[2022-06-16T19:35:06.262+0000][6420][safepoint    ] Entering safepoint region: Cleanup
[2022-06-16T19:35:06.262+0000][6420][safepoint    ] Leaving safepoint region
[2022-06-16T19:35:06.262+0000][6420][safepoint    ] Total time for which application threads were stopped: 0.0017165 seconds, Stopping threads took: 0.0016024 seconds
[2022-06-16T19:35:07.262+0000][6420][safepoint    ] Application time: 0.9981923 seconds
[2022-06-16T19:35:07.262+0000][6420][safepoint    ] Entering safepoint region: Cleanup
[2022-06-16T19:35:07.262+0000][6420][safepoint    ] Leaving safepoint region
[2022-06-16T19:35:07.262+0000][6420][safepoint    ] Total time for which application threads were stopped: 0.0002513 seconds, Stopping threads took: 0.0001788 seconds
[2022-06-16T19:35:07.777+0000][6420][safepoint    ] Application time: 0.5225157 seconds
[2022-06-16T19:35:07.777+0000][6420][safepoint    ] Entering safepoint region: GenCollectForAllocation
[2022-06-16T19:35:07.777+0000][6420][gc,start     ] GC(23) Pause Young (Allocation Failure)
[2022-06-16T19:35:07.777+0000][6420][gc,task      ] GC(23) Using 2 workers of 2 for evacuation
[2022-06-16T19:35:07.809+0000][6420][gc,age       ] GC(23) Desired survivor size 8716288 bytes, new threshold 6 (max threshold 6)
[2022-06-16T19:35:07.809+0000][6420][gc,age       ] GC(23) Age table with threshold 6 (max threshold 6)
[2022-06-16T19:35:07.809+0000][6420][gc,age       ] GC(23) - age   1:    2025000 bytes,    2025000 total
[2022-06-16T19:35:07.809+0000][6420][gc,age       ] GC(23) - age   2:    4476392 bytes,    6501392 total
[2022-06-16T19:35:07.809+0000][6420][gc,heap      ] GC(23) ParNew: 147788K->9958K(153344K)
[2022-06-16T19:35:07.809+0000][6420][gc,heap      ] GC(23) CMS: 48098K->48098K(878208K)
[2022-06-16T19:35:07.809+0000][6420][gc,metaspace ] GC(23) Metaspace: 62257K->62257K(1107968K)
[2022-06-16T19:35:07.809+0000][6420][gc           ] GC(23) Pause Young (Allocation Failure) 191M->56M(1007M) 30.264ms
[2022-06-16T19:35:07.809+0000][6420][gc,cpu       ] GC(23) User=0.06s Sys=0.00s Real=0.03s
[2022-06-16T19:35:07.809+0000][6420][safepoint    ] Leaving safepoint region
[2022-06-16T19:35:07.809+0000][6420][safepoint    ] Total time for which application threads were stopped: 0.0304694 seconds, Stopping threads took: 0.0000266 seconds
[2022-06-16T19:35:08.684+0000][6420][safepoint    ] Application time: 0.8811442 seconds
[2022-06-16T19:35:08.684+0000][6420][safepoint    ] Entering safepoint region: ICBufferFull
[2022-06-16T19:35:08.684+0000][6420][safepoint    ] Leaving safepoint region
[2022-06-16T19:35:08.684+0000][6420][safepoint    ] Total time for which application threads were stopped: 0.0002595 seconds, Stopping threads took: 0.0000291 seconds
[2022-06-16T19:35:09.699+0000][6420][safepoint    ] Application time: 1.0026057 seconds
[2022-06-16T19:35:09.699+0000][6420][safepoint    ] Entering safepoint region: Cleanup
[2022-06-16T19:35:09.699+0000][6420][safepoint    ] Leaving safepoint region
[2022-06-16T19:35:09.699+0000][6420][safepoint    ] Total time for which application threads were stopped: 0.0001104 seconds, Stopping threads took: 0.0000295 seconds
[2022-06-16T19:35:10.715+0000][6420][safepoint    ] Application time: 1.0154063 seconds
[2022-06-16T19:35:10.715+0000][6420][safepoint    ] Entering safepoint region: Cleanup
[2022-06-16T19:35:10.715+0000][6420][safepoint    ] Leaving safepoint region
[2022-06-16T19:35:10.715+0000][6420][safepoint    ] Total time for which application threads were stopped: 0.0001063 seconds, Stopping threads took: 0.0000413 seconds
[2022-06-16T19:35:10.918+0000][6420][safepoint    ] Application time: 0.2153870 seconds
[2022-06-16T19:35:10.918+0000][6420][safepoint    ] Entering safepoint region: RevokeBias
[2022-06-16T19:35:10.918+0000][6420][safepoint    ] Leaving safepoint region
[2022-06-16T19:35:10.918+0000][6420][safepoint    ] Total time for which application threads were stopped: 0.0001352 seconds, Stopping threads took: 0.0000240 seconds
[2022-06-16T19:35:10.934+0000][6420][safepoint    ] Application time: 0.0050596 seconds
[2022-06-16T19:35:10.934+0000][6420][safepoint    ] Entering safepoint region: RevokeBias
[2022-06-16T19:35:10.934+0000][6420][safepoint    ] Leaving safepoint region
[2022-06-16T19:35:10.934+0000][6420][safepoint    ] Total time for which application threads were stopped: 0.0000959 seconds, Stopping threads took: 0.0000249 seconds
[2022-06-16T19:35:11.027+0000][6420][safepoint    ] Application time: 0.1068659 seconds
[2022-06-16T19:35:11.027+0000][6420][safepoint    ] Entering safepoint region: RevokeBias
[2022-06-16T19:35:11.027+0000][6420][safepoint    ] Leaving safepoint region
[2022-06-16T19:35:11.027+0000][6420][safepoint    ] Total time for which application threads were stopped: 0.0001034 seconds, Stopping threads took: 0.0000248 seconds
[2022-06-16T19:35:11.059+0000][6420][safepoint    ] Application time: 0.0158107 seconds
[2022-06-16T19:35:11.059+0000][6420][safepoint    ] Entering safepoint region: RevokeBias
[2022-06-16T19:35:11.059+0000][6420][safepoint    ] Leaving safepoint region
[2022-06-16T19:35:11.059+0000][6420][safepoint    ] Total time for which application threads were stopped: 0.0001054 seconds, Stopping threads took: 0.0000280 seconds
[2022-06-16T19:35:11.231+0000][6420][safepoint    ] Application time: 0.1742891 seconds
[2022-06-16T19:35:11.231+0000][6420][safepoint    ] Entering safepoint region: GenCollectForAllocation
[2022-06-16T19:35:11.231+0000][6420][gc,start     ] GC(24) Pause Young (Allocation Failure)
[2022-06-16T19:35:11.231+0000][6420][gc,task      ] GC(24) Using 2 workers of 2 for evacuation
[2022-06-16T19:35:11.246+0000][6420][gc,age       ] GC(24) Desired survivor size 8716288 bytes, new threshold 3 (max threshold 6)
[2022-06-16T19:35:11.246+0000][6420][gc,age       ] GC(24) Age table with threshold 3 (max threshold 6)
[2022-06-16T19:35:11.246+0000][6420][gc,age       ] GC(24) - age   1:    2680104 bytes,    2680104 total
[2022-06-16T19:35:11.246+0000][6420][gc,age       ] GC(24) - age   2:    1947872 bytes,    4627976 total
[2022-06-16T19:35:11.246+0000][6420][gc,age       ] GC(24) - age   3:    4473440 bytes,    9101416 total
[2022-06-16T19:35:11.246+0000][6420][gc,heap      ] GC(24) ParNew: 146278K->11521K(153344K)
[2022-06-16T19:35:11.246+0000][6420][gc,heap      ] GC(24) CMS: 48098K->48098K(878208K)
[2022-06-16T19:35:11.246+0000][6420][gc,metaspace ] GC(24) Metaspace: 65487K->65487K(1110016K)
[2022-06-16T19:35:11.246+0000][6420][gc           ] GC(24) Pause Young (Allocation Failure) 189M->58M(1007M) 25.786ms
[2022-06-16T19:35:11.246+0000][6420][gc,cpu       ] GC(24) User=0.02s Sys=0.00s Real=0.02s
[2022-06-16T19:35:11.246+0000][6420][safepoint    ] Leaving safepoint region
[2022-06-16T19:35:11.246+0000][6420][safepoint    ] Total time for which application threads were stopped: 0.0259595 seconds, Stopping threads took: 0.0000241 seconds
[2022-06-16T19:35:11.543+0000][6420][safepoint    ] Application time: 0.2934714 seconds
[2022-06-16T19:35:11.543+0000][6420][safepoint    ] Entering safepoint region: CollectForMetadataAllocation
[2022-06-16T19:35:11.543+0000][6420][safepoint    ] Leaving safepoint region
[2022-06-16T19:35:11.543+0000][6420][safepoint    ] Total time for which application threads were stopped: 0.0002190 seconds, Stopping threads took: 0.0000279 seconds
[2022-06-16T19:35:11.559+0000][6420][safepoint    ] Application time: 0.0112700 seconds
[2022-06-16T19:35:11.559+0000][6420][safepoint    ] Entering safepoint region: Deoptimize
[2022-06-16T19:35:11.559+0000][6420][safepoint    ] Leaving safepoint region
[2022-06-16T19:35:11.559+0000][6420][safepoint    ] Total time for which application threads were stopped: 0.0006408 seconds, Stopping threads took: 0.0000245 seconds
[2022-06-16T19:35:11.809+0000][6420][safepoint    ] Application time: 0.2584209 seconds
[2022-06-16T19:35:11.809+0000][6420][safepoint    ] Entering safepoint region: CollectForMetadataAllocation
[2022-06-16T19:35:11.809+0000][6420][safepoint    ] Leaving safepoint region
[2022-06-16T19:35:11.809+0000][6420][safepoint    ] Total time for which application threads were stopped: 0.0002182 seconds, Stopping threads took: 0.0000252 seconds
[2022-06-16T19:35:12.465+0000][6420][safepoint    ] Application time: 0.6525498 seconds
[2022-06-16T19:35:12.465+0000][6420][safepoint    ] Entering safepoint region: CollectForMetadataAllocation
[2022-06-16T19:35:12.465+0000][6420][safepoint    ] Leaving safepoint region
[2022-06-16T19:35:12.465+0000][6420][safepoint    ] Total time for which application threads were stopped: 0.0007533 seconds, Stopping threads took: 0.0000261 seconds
[2022-06-16T19:35:12.481+0000][6420][safepoint    ] Application time: 0.0180008 seconds
[2022-06-16T19:35:12.496+0000][6420][safepoint    ] Entering safepoint region: CollectForMetadataAllocation
[2022-06-16T19:35:12.496+0000][6420][safepoint    ] Leaving safepoint region
[2022-06-16T19:35:12.496+0000][6420][safepoint    ] Total time for which application threads were stopped: 0.0150883 seconds, Stopping threads took: 0.0149176 seconds
[2022-06-16T19:35:12.559+0000][6420][safepoint    ] Application time: 0.0497042 seconds
[2022-06-16T19:35:12.559+0000][6420][safepoint    ] Entering safepoint region: CollectForMetadataAllocation
[2022-06-16T19:35:12.559+0000][6420][safepoint    ] Leaving safepoint region
[2022-06-16T19:35:12.559+0000][6420][safepoint    ] Total time for which application threads were stopped: 0.0033893 seconds, Stopping threads took: 0.0031564 seconds
[2022-06-16T19:35:12.606+0000][6420][safepoint    ] Application time: 0.0477651 seconds
[2022-06-16T19:35:12.606+0000][6420][safepoint    ] Entering safepoint region: CollectForMetadataAllocation
[2022-06-16T19:35:12.606+0000][6420][safepoint    ] Leaving safepoint region
[2022-06-16T19:35:12.606+0000][6420][safepoint    ] Total time for which application threads were stopped: 0.0001943 seconds, Stopping threads took: 0.0000265 seconds
[2022-06-16T19:35:12.637+0000][6420][safepoint    ] Application time: 0.0346257 seconds
[2022-06-16T19:35:12.637+0000][6420][safepoint    ] Entering safepoint region: CollectForMetadataAllocation
[2022-06-16T19:35:12.637+0000][6420][safepoint    ] Leaving safepoint region
[2022-06-16T19:35:12.637+0000][6420][safepoint    ] Total time for which application threads were stopped: 0.0002358 seconds, Stopping threads took: 0.0000258 seconds
[2022-06-16T19:35:12.684+0000][6420][safepoint    ] Application time: 0.0428697 seconds
[2022-06-16T19:35:12.684+0000][6420][safepoint    ] Entering safepoint region: CollectForMetadataAllocation
[2022-06-16T19:35:12.684+0000][6420][safepoint    ] Leaving safepoint region
[2022-06-16T19:35:12.684+0000][6420][safepoint    ] Total time for which application threads were stopped: 0.0002031 seconds, Stopping threads took: 0.0000197 seconds
[2022-06-16T19:35:12.746+0000][6420][safepoint    ] Application time: 0.0647715 seconds
[2022-06-16T19:35:12.746+0000][6420][safepoint    ] Entering safepoint region: CollectForMetadataAllocation
[2022-06-16T19:35:12.746+0000][6420][safepoint    ] Leaving safepoint region
[2022-06-16T19:35:12.746+0000][6420][safepoint    ] Total time for which application threads were stopped: 0.0002087 seconds, Stopping threads took: 0.0000327 seconds
[2022-06-16T19:35:12.793+0000][6420][safepoint    ] Application time: 0.0457753 seconds
[2022-06-16T19:35:12.793+0000][6420][safepoint    ] Entering safepoint region: CollectForMetadataAllocation
[2022-06-16T19:35:12.793+0000][6420][safepoint    ] Leaving safepoint region
[2022-06-16T19:35:12.793+0000][6420][safepoint    ] Total time for which application threads were stopped: 0.0002154 seconds, Stopping threads took: 0.0000251 seconds
[2022-06-16T19:35:12.824+0000][6420][safepoint    ] Application time: 0.0324173 seconds
[2022-06-16T19:35:12.824+0000][6420][safepoint    ] Entering safepoint region: CollectForMetadataAllocation
[2022-06-16T19:35:12.824+0000][6420][safepoint    ] Leaving safepoint region
[2022-06-16T19:35:12.824+0000][6420][safepoint    ] Total time for which application threads were stopped: 0.0002179 seconds, Stopping threads took: 0.0000245 seconds
[2022-06-16T19:35:12.902+0000][6420][safepoint    ] Application time: 0.0693767 seconds
[2022-06-16T19:35:12.902+0000][6420][safepoint    ] Entering safepoint region: CollectForMetadataAllocation
[2022-06-16T19:35:12.902+0000][6420][safepoint    ] Leaving safepoint region
[2022-06-16T19:35:12.902+0000][6420][safepoint    ] Total time for which application threads were stopped: 0.0001870 seconds, Stopping threads took: 0.0000258 seconds
[2022-06-16T19:35:12.949+0000][6420][safepoint    ] Application time: 0.0463960 seconds
[2022-06-16T19:35:12.949+0000][6420][safepoint    ] Entering safepoint region: CollectForMetadataAllocation
[2022-06-16T19:35:12.949+0000][6420][safepoint    ] Leaving safepoint region
[2022-06-16T19:35:12.949+0000][6420][safepoint    ] Total time for which application threads were stopped: 0.0002301 seconds, Stopping threads took: 0.0000263 seconds
[2022-06-16T19:35:13.012+0000][6420][safepoint    ] Application time: 0.0716637 seconds
[2022-06-16T19:35:13.012+0000][6420][safepoint    ] Entering safepoint region: CollectForMetadataAllocation
[2022-06-16T19:35:13.012+0000][6420][safepoint    ] Leaving safepoint region
[2022-06-16T19:35:13.012+0000][6420][safepoint    ] Total time for which application threads were stopped: 0.0001940 seconds, Stopping threads took: 0.0000259 seconds
[2022-06-16T19:35:13.027+0000][6420][safepoint    ] Application time: 0.0170870 seconds
[2022-06-16T19:35:13.027+0000][6420][safepoint    ] Entering safepoint region: CollectForMetadataAllocation
[2022-06-16T19:35:13.027+0000][6420][safepoint    ] Leaving safepoint region
[2022-06-16T19:35:13.027+0000][6420][safepoint    ] Total time for which application threads were stopped: 0.0001199 seconds, Stopping threads took: 0.0000252 seconds
[2022-06-16T19:35:13.074+0000][6420][safepoint    ] Application time: 0.0505290 seconds
[2022-06-16T19:35:13.074+0000][6420][safepoint    ] Entering safepoint region: CollectForMetadataAllocation
[2022-06-16T19:35:13.074+0000][6420][safepoint    ] Leaving safepoint region
[2022-06-16T19:35:13.074+0000][6420][safepoint    ] Total time for which application threads were stopped: 0.0002114 seconds, Stopping threads took: 0.0000257 seconds
[2022-06-16T19:35:13.106+0000][6420][safepoint    ] Application time: 0.0193248 seconds
[2022-06-16T19:35:13.106+0000][6420][safepoint    ] Entering safepoint region: CollectForMetadataAllocation
[2022-06-16T19:35:13.106+0000][6420][safepoint    ] Leaving safepoint region
[2022-06-16T19:35:13.106+0000][6420][safepoint    ] Total time for which application threads were stopped: 0.0002057 seconds, Stopping threads took: 0.0000262 seconds
[2022-06-16T19:35:13.121+0000][6420][safepoint    ] Application time: 0.0236701 seconds
[2022-06-16T19:35:13.121+0000][6420][safepoint    ] Entering safepoint region: CollectForMetadataAllocation
[2022-06-16T19:35:13.121+0000][6420][safepoint    ] Leaving safepoint region
[2022-06-16T19:35:13.121+0000][6420][safepoint    ] Total time for which application threads were stopped: 0.0001768 seconds, Stopping threads took: 0.0000261 seconds
[2022-06-16T19:35:13.168+0000][6420][safepoint    ] Application time: 0.0367511 seconds
[2022-06-16T19:35:13.168+0000][6420][safepoint    ] Entering safepoint region: CollectForMetadataAllocation
[2022-06-16T19:35:13.168+0000][6420][safepoint    ] Leaving safepoint region
[2022-06-16T19:35:13.168+0000][6420][safepoint    ] Total time for which application threads were stopped: 0.0002283 seconds, Stopping threads took: 0.0000265 seconds
[2022-06-16T19:35:13.199+0000][6420][safepoint    ] Application time: 0.0306593 seconds
[2022-06-16T19:35:13.199+0000][6420][safepoint    ] Entering safepoint region: CollectForMetadataAllocation
[2022-06-16T19:35:13.199+0000][6420][safepoint    ] Leaving safepoint region
[2022-06-16T19:35:13.199+0000][6420][safepoint    ] Total time for which application threads were stopped: 0.0004820 seconds, Stopping threads took: 0.0000256 seconds
[2022-06-16T19:35:13.215+0000][6420][safepoint    ] Application time: 0.0210145 seconds
[2022-06-16T19:35:13.215+0000][6420][safepoint    ] Entering safepoint region: CollectForMetadataAllocation
[2022-06-16T19:35:13.215+0000][6420][safepoint    ] Leaving safepoint region
[2022-06-16T19:35:13.215+0000][6420][safepoint    ] Total time for which application threads were stopped: 0.0001493 seconds, Stopping threads took: 0.0000249 seconds
[2022-06-16T19:35:13.262+0000][6420][safepoint    ] Application time: 0.0391114 seconds
[2022-06-16T19:35:13.262+0000][6420][safepoint    ] Entering safepoint region: CMS_Initial_Mark
[2022-06-16T19:35:13.262+0000][6420][gc,start     ] GC(25) Pause Initial Mark
[2022-06-16T19:35:13.277+0000][6420][gc           ] GC(25) Pause Initial Mark 146M->146M(1007M) 17.869ms
[2022-06-16T19:35:13.277+0000][6420][gc,cpu       ] GC(25) User=0.03s Sys=0.00s Real=0.01s
[2022-06-16T19:35:13.277+0000][6420][safepoint    ] Leaving safepoint region
[2022-06-16T19:35:13.277+0000][6420][safepoint    ] Total time for which application threads were stopped: 0.0181916 seconds, Stopping threads took: 0.0001836 seconds
[2022-06-16T19:35:13.277+0000][6420][gc           ] GC(25) Concurrent Mark
[2022-06-16T19:35:13.293+0000][6420][safepoint    ] Application time: 0.0160178 seconds
[2022-06-16T19:35:13.293+0000][6420][safepoint    ] Entering safepoint region: CollectForMetadataAllocation
[2022-06-16T19:35:13.293+0000][6420][safepoint    ] Leaving safepoint region
[2022-06-16T19:35:13.293+0000][6420][safepoint    ] Total time for which application threads were stopped: 0.0002000 seconds, Stopping threads took: 0.0000190 seconds
[2022-06-16T19:35:13.324+0000][6420][safepoint    ] Application time: 0.0399041 seconds
[2022-06-16T19:35:13.324+0000][6420][safepoint    ] Entering safepoint region: CollectForMetadataAllocation
[2022-06-16T19:35:13.324+0000][6420][safepoint    ] Leaving safepoint region
[2022-06-16T19:35:13.324+0000][6420][safepoint    ] Total time for which application threads were stopped: 0.0002001 seconds, Stopping threads took: 0.0000202 seconds
[2022-06-16T19:35:13.340+0000][6420][gc           ] GC(25) Concurrent Mark 68.156ms
[2022-06-16T19:35:13.340+0000][6420][gc,cpu       ] GC(25) User=0.13s Sys=0.00s Real=0.06s
[2022-06-16T19:35:13.340+0000][6420][gc           ] GC(25) Concurrent Preclean
[2022-06-16T19:35:13.340+0000][6420][gc           ] GC(25) Concurrent Preclean 3.764ms
[2022-06-16T19:35:13.340+0000][6420][gc,cpu       ] GC(25) User=0.00s Sys=0.00s Real=0.00s
[2022-06-16T19:35:13.340+0000][6420][gc           ] GC(25) Concurrent Abortable Preclean
[2022-06-16T19:35:13.449+0000][6420][safepoint    ] Application time: 0.1186661 seconds
[2022-06-16T19:35:13.449+0000][6420][safepoint    ] Entering safepoint region: CollectForMetadataAllocation
[2022-06-16T19:35:13.449+0000][6420][safepoint    ] Leaving safepoint region
[2022-06-16T19:35:13.449+0000][6420][safepoint    ] Total time for which application threads were stopped: 0.0001804 seconds, Stopping threads took: 0.0000277 seconds
[2022-06-16T19:35:13.559+0000][6420][safepoint    ] Application time: 0.1124214 seconds
[2022-06-16T19:35:13.559+0000][6420][safepoint    ] Entering safepoint region: CollectForMetadataAllocation
[2022-06-16T19:35:13.559+0000][6420][safepoint    ] Leaving safepoint region
[2022-06-16T19:35:13.559+0000][6420][safepoint    ] Total time for which application threads were stopped: 0.0002119 seconds, Stopping threads took: 0.0000257 seconds
[2022-06-16T19:35:13.684+0000][6420][safepoint    ] Application time: 0.1227511 seconds
[2022-06-16T19:35:13.684+0000][6420][safepoint    ] Entering safepoint region: CollectForMetadataAllocation
[2022-06-16T19:35:13.684+0000][6420][safepoint    ] Leaving safepoint region
[2022-06-16T19:35:13.684+0000][6420][safepoint    ] Total time for which application threads were stopped: 0.0001496 seconds, Stopping threads took: 0.0000270 seconds
[2022-06-16T19:35:13.809+0000][6420][safepoint    ] Application time: 0.1290906 seconds
[2022-06-16T19:35:13.809+0000][6420][safepoint    ] Entering safepoint region: CollectForMetadataAllocation
[2022-06-16T19:35:13.809+0000][6420][safepoint    ] Leaving safepoint region
[2022-06-16T19:35:13.809+0000][6420][safepoint    ] Total time for which application threads were stopped: 0.0001877 seconds, Stopping threads took: 0.0000190 seconds
[2022-06-16T19:35:13.824+0000][6420][safepoint    ] Application time: 0.0079502 seconds
[2022-06-16T19:35:13.824+0000][6420][safepoint    ] Entering safepoint region: CollectForMetadataAllocation
[2022-06-16T19:35:13.824+0000][6420][safepoint    ] Leaving safepoint region
[2022-06-16T19:35:13.824+0000][6420][safepoint    ] Total time for which application threads were stopped: 0.0001860 seconds, Stopping threads took: 0.0000187 seconds
[2022-06-16T19:35:13.824+0000][6420][safepoint    ] Application time: 0.0068262 seconds
[2022-06-16T19:35:13.824+0000][6420][safepoint    ] Entering safepoint region: CollectForMetadataAllocation
[2022-06-16T19:35:13.824+0000][6420][safepoint    ] Leaving safepoint region
[2022-06-16T19:35:13.824+0000][6420][safepoint    ] Total time for which application threads were stopped: 0.0001889 seconds, Stopping threads took: 0.0000182 seconds
[2022-06-16T19:35:13.840+0000][6420][safepoint    ] Application time: 0.0065853 seconds
[2022-06-16T19:35:13.840+0000][6420][safepoint    ] Entering safepoint region: Deoptimize
[2022-06-16T19:35:13.840+0000][6420][safepoint    ] Leaving safepoint region
[2022-06-16T19:35:13.840+0000][6420][safepoint    ] Total time for which application threads were stopped: 0.0006602 seconds, Stopping threads took: 0.0000167 seconds
[2022-06-16T19:35:13.871+0000][6420][safepoint    ] Application time: 0.0316149 seconds
[2022-06-16T19:35:13.871+0000][6420][safepoint    ] Entering safepoint region: CollectForMetadataAllocation
[2022-06-16T19:35:13.871+0000][6420][safepoint    ] Leaving safepoint region
[2022-06-16T19:35:13.871+0000][6420][safepoint    ] Total time for which application threads were stopped: 0.0001965 seconds, Stopping threads took: 0.0000208 seconds
[2022-06-16T19:35:13.918+0000][6420][safepoint    ] Application time: 0.0538939 seconds
[2022-06-16T19:35:13.918+0000][6420][safepoint    ] Entering safepoint region: CollectForMetadataAllocation
[2022-06-16T19:35:13.918+0000][6420][safepoint    ] Leaving safepoint region
[2022-06-16T19:35:13.918+0000][6420][safepoint    ] Total time for which application threads were stopped: 0.0002227 seconds, Stopping threads took: 0.0000205 seconds
[2022-06-16T19:35:13.949+0000][6420][safepoint    ] Application time: 0.0305148 seconds
[2022-06-16T19:35:13.949+0000][6420][safepoint    ] Entering safepoint region: CollectForMetadataAllocation
[2022-06-16T19:35:13.949+0000][6420][safepoint    ] Leaving safepoint region
[2022-06-16T19:35:13.949+0000][6420][safepoint    ] Total time for which application threads were stopped: 0.0001746 seconds, Stopping threads took: 0.0000406 seconds
[2022-06-16T19:35:14.090+0000][6420][safepoint    ] Application time: 0.1450929 seconds
[2022-06-16T19:35:14.090+0000][6420][safepoint    ] Entering safepoint region: CollectForMetadataAllocation
[2022-06-16T19:35:14.090+0000][6420][safepoint    ] Leaving safepoint region
[2022-06-16T19:35:14.090+0000][6420][safepoint    ] Total time for which application threads were stopped: 0.0002553 seconds, Stopping threads took: 0.0000300 seconds
[2022-06-16T19:35:14.152+0000][6420][safepoint    ] Application time: 0.0600986 seconds
[2022-06-16T19:35:14.152+0000][6420][safepoint    ] Entering safepoint region: CollectForMetadataAllocation
[2022-06-16T19:35:14.152+0000][6420][safepoint    ] Leaving safepoint region
[2022-06-16T19:35:14.152+0000][6420][safepoint    ] Total time for which application threads were stopped: 0.0001975 seconds, Stopping threads took: 0.0000188 seconds
[2022-06-16T19:35:14.168+0000][6420][safepoint    ] Application time: 0.0179257 seconds
[2022-06-16T19:35:14.184+0000][6420][safepoint    ] Entering safepoint region: CollectForMetadataAllocation
[2022-06-16T19:35:14.184+0000][6420][safepoint    ] Leaving safepoint region
[2022-06-16T19:35:14.184+0000][6420][safepoint    ] Total time for which application threads were stopped: 0.0002880 seconds, Stopping threads took: 0.0000581 seconds
[2022-06-16T19:35:14.262+0000][6420][safepoint    ] Application time: 0.0827495 seconds
[2022-06-16T19:35:14.262+0000][6420][safepoint    ] Entering safepoint region: CollectForMetadataAllocation
[2022-06-16T19:35:14.262+0000][6420][safepoint    ] Leaving safepoint region
[2022-06-16T19:35:14.262+0000][6420][safepoint    ] Total time for which application threads were stopped: 0.0002268 seconds, Stopping threads took: 0.0000200 seconds
[2022-06-16T19:35:14.356+0000][6420][safepoint    ] Application time: 0.0949601 seconds
[2022-06-16T19:35:14.356+0000][6420][safepoint    ] Entering safepoint region: CollectForMetadataAllocation
[2022-06-16T19:35:14.356+0000][6420][safepoint    ] Leaving safepoint region
[2022-06-16T19:35:14.356+0000][6420][safepoint    ] Total time for which application threads were stopped: 0.0002480 seconds, Stopping threads took: 0.0000261 seconds
[2022-06-16T19:35:14.371+0000][6420][safepoint    ] Application time: 0.0203672 seconds
[2022-06-16T19:35:14.371+0000][6420][safepoint    ] Entering safepoint region: CollectForMetadataAllocation
[2022-06-16T19:35:14.371+0000][6420][safepoint    ] Leaving safepoint region
[2022-06-16T19:35:14.371+0000][6420][safepoint    ] Total time for which application threads were stopped: 0.0002039 seconds, Stopping threads took: 0.0000210 seconds
[2022-06-16T19:35:14.402+0000][6420][safepoint    ] Application time: 0.0206526 seconds
[2022-06-16T19:35:14.402+0000][6420][safepoint    ] Entering safepoint region: CollectForMetadataAllocation
[2022-06-16T19:35:14.402+0000][6420][safepoint    ] Leaving safepoint region
[2022-06-16T19:35:14.402+0000][6420][safepoint    ] Total time for which application threads were stopped: 0.0002074 seconds, Stopping threads took: 0.0000205 seconds
[2022-06-16T19:35:14.559+0000][6420][safepoint    ] Application time: 0.1552483 seconds
[2022-06-16T19:35:14.559+0000][6420][safepoint    ] Entering safepoint region: CollectForMetadataAllocation
[2022-06-16T19:35:14.559+0000][6420][safepoint    ] Leaving safepoint region
[2022-06-16T19:35:14.559+0000][6420][safepoint    ] Total time for which application threads were stopped: 0.0001573 seconds, Stopping threads took: 0.0000271 seconds
[2022-06-16T19:35:14.871+0000][6420][safepoint    ] Application time: 0.3187058 seconds
[2022-06-16T19:35:14.871+0000][6420][safepoint    ] Entering safepoint region: RevokeBias
[2022-06-16T19:35:14.871+0000][6420][safepoint    ] Leaving safepoint region
[2022-06-16T19:35:14.871+0000][6420][safepoint    ] Total time for which application threads were stopped: 0.0001094 seconds, Stopping threads took: 0.0000207 seconds
[2022-06-16T19:35:14.871+0000][6420][safepoint    ] Application time: 0.0000629 seconds
[2022-06-16T19:35:14.871+0000][6420][safepoint    ] Entering safepoint region: RevokeBias
[2022-06-16T19:35:14.871+0000][6420][safepoint    ] Leaving safepoint region
[2022-06-16T19:35:14.871+0000][6420][safepoint    ] Total time for which application threads were stopped: 0.0000737 seconds, Stopping threads took: 0.0000234 seconds
[2022-06-16T19:35:14.871+0000][6420][safepoint    ] Application time: 0.0000747 seconds
[2022-06-16T19:35:14.871+0000][6420][safepoint    ] Entering safepoint region: RevokeBias
[2022-06-16T19:35:14.871+0000][6420][safepoint    ] Leaving safepoint region
[2022-06-16T19:35:14.871+0000][6420][safepoint    ] Total time for which application threads were stopped: 0.0000546 seconds, Stopping threads took: 0.0000144 seconds
[2022-06-16T19:35:14.871+0000][6420][safepoint    ] Application time: 0.0026450 seconds
[2022-06-16T19:35:14.871+0000][6420][safepoint    ] Entering safepoint region: RevokeBias
[2022-06-16T19:35:14.871+0000][6420][safepoint    ] Leaving safepoint region
[2022-06-16T19:35:14.871+0000][6420][safepoint    ] Total time for which application threads were stopped: 0.0000823 seconds, Stopping threads took: 0.0000201 seconds
[2022-06-16T19:35:14.918+0000][6420][safepoint    ] Application time: 0.0407460 seconds
[2022-06-16T19:35:14.918+0000][6420][safepoint    ] Entering safepoint region: CollectForMetadataAllocation
[2022-06-16T19:35:14.918+0000][6420][safepoint    ] Leaving safepoint region
[2022-06-16T19:35:14.918+0000][6420][safepoint    ] Total time for which application threads were stopped: 0.0002120 seconds, Stopping threads took: 0.0000199 seconds
[2022-06-16T19:35:14.949+0000][6420][safepoint    ] Application time: 0.0387645 seconds
[2022-06-16T19:35:14.949+0000][6420][safepoint    ] Entering safepoint region: CollectForMetadataAllocation
[2022-06-16T19:35:14.949+0000][6420][safepoint    ] Leaving safepoint region
[2022-06-16T19:35:14.949+0000][6420][safepoint    ] Total time for which application threads were stopped: 0.0002082 seconds, Stopping threads took: 0.0000212 seconds
[2022-06-16T19:35:14.981+0000][6420][safepoint    ] Application time: 0.0209168 seconds
[2022-06-16T19:35:14.981+0000][6420][safepoint    ] Entering safepoint region: CollectForMetadataAllocation
[2022-06-16T19:35:14.981+0000][6420][safepoint    ] Leaving safepoint region
[2022-06-16T19:35:14.981+0000][6420][safepoint    ] Total time for which application threads were stopped: 0.0002043 seconds, Stopping threads took: 0.0000196 seconds
[2022-06-16T19:35:15.027+0000][6420][safepoint    ] Application time: 0.0582779 seconds
[2022-06-16T19:35:15.027+0000][6420][safepoint    ] Entering safepoint region: GenCollectForAllocation
[2022-06-16T19:35:15.027+0000][6420][gc,start     ] GC(26) Pause Young (Allocation Failure)
[2022-06-16T19:35:15.027+0000][6420][gc,task      ] GC(26) Using 2 workers of 2 for evacuation
[2022-06-16T19:35:15.074+0000][6420][gc,age       ] GC(26) Desired survivor size 8716288 bytes, new threshold 3 (max threshold 6)
[2022-06-16T19:35:15.074+0000][6420][gc,age       ] GC(26) Age table with threshold 3 (max threshold 6)
[2022-06-16T19:35:15.074+0000][6420][gc,age       ] GC(26) - age   1:    4166432 bytes,    4166432 total
[2022-06-16T19:35:15.074+0000][6420][gc,age       ] GC(26) - age   2:    2637816 bytes,    6804248 total
[2022-06-16T19:35:15.074+0000][6420][gc,age       ] GC(26) - age   3:    1946016 bytes,    8750264 total
[2022-06-16T19:35:15.074+0000][6420][gc,heap      ] GC(26) ParNew: 147841K->12150K(153344K)
[2022-06-16T19:35:15.074+0000][6420][gc,heap      ] GC(26) CMS: 48098K->52595K(878208K)
[2022-06-16T19:35:15.074+0000][6420][gc,metaspace ] GC(26) Metaspace: 79689K->79689K(1124352K)
[2022-06-16T19:35:15.074+0000][6420][gc           ] GC(26) Pause Young (Allocation Failure) 191M->63M(1007M) 33.409ms
[2022-06-16T19:35:15.074+0000][6420][gc,cpu       ] GC(26) User=0.08s Sys=0.00s Real=0.05s
[2022-06-16T19:35:15.074+0000][6420][safepoint    ] Leaving safepoint region
[2022-06-16T19:35:15.074+0000][6420][safepoint    ] Total time for which application threads were stopped: 0.0338295 seconds, Stopping threads took: 0.0000191 seconds
[2022-06-16T19:35:15.074+0000][6420][safepoint    ] Application time: 0.0112062 seconds
[2022-06-16T19:35:15.074+0000][6420][safepoint    ] Entering safepoint region: CollectForMetadataAllocation
[2022-06-16T19:35:15.074+0000][6420][safepoint    ] Leaving safepoint region
[2022-06-16T19:35:15.074+0000][6420][safepoint    ] Total time for which application threads were stopped: 0.0002713 seconds, Stopping threads took: 0.0000359 seconds
[2022-06-16T19:35:15.324+0000][6420][safepoint    ] Application time: 0.2417425 seconds
[2022-06-16T19:35:15.324+0000][6420][safepoint    ] Entering safepoint region: CollectForMetadataAllocation
[2022-06-16T19:35:15.324+0000][6420][safepoint    ] Leaving safepoint region
[2022-06-16T19:35:15.324+0000][6420][safepoint    ] Total time for which application threads were stopped: 0.0002264 seconds, Stopping threads took: 0.0000256 seconds
[2022-06-16T19:35:15.496+0000][6420][safepoint    ] Application time: 0.1692633 seconds
[2022-06-16T19:35:15.496+0000][6420][safepoint    ] Entering safepoint region: CollectForMetadataAllocation
[2022-06-16T19:35:15.496+0000][6420][safepoint    ] Leaving safepoint region
[2022-06-16T19:35:15.496+0000][6420][safepoint    ] Total time for which application threads were stopped: 0.0002327 seconds, Stopping threads took: 0.0000264 seconds
[2022-06-16T19:35:15.668+0000][6420][safepoint    ] Application time: 0.1838941 seconds
[2022-06-16T19:35:15.668+0000][6420][safepoint    ] Entering safepoint region: Deoptimize
[2022-06-16T19:35:15.668+0000][6420][safepoint    ] Leaving safepoint region
[2022-06-16T19:35:15.668+0000][6420][safepoint    ] Total time for which application threads were stopped: 0.0006945 seconds, Stopping threads took: 0.0000247 seconds
[2022-06-16T19:35:15.746+0000][6420][safepoint    ] Application time: 0.0675290 seconds
[2022-06-16T19:35:15.746+0000][6420][safepoint    ] Entering safepoint region: CollectForMetadataAllocation
[2022-06-16T19:35:15.746+0000][6420][safepoint    ] Leaving safepoint region
[2022-06-16T19:35:15.746+0000][6420][safepoint    ] Total time for which application threads were stopped: 0.0002080 seconds, Stopping threads took: 0.0000200 seconds
[2022-06-16T19:35:15.824+0000][6420][safepoint    ] Application time: 0.0763076 seconds
[2022-06-16T19:35:15.824+0000][6420][safepoint    ] Entering safepoint region: RevokeBias
[2022-06-16T19:35:15.824+0000][6420][safepoint    ] Leaving safepoint region
[2022-06-16T19:35:15.824+0000][6420][safepoint    ] Total time for which application threads were stopped: 0.0001456 seconds, Stopping threads took: 0.0000221 seconds
[2022-06-16T19:35:15.824+0000][6420][safepoint    ] Application time: 0.0000238 seconds
[2022-06-16T19:35:15.824+0000][6420][safepoint    ] Entering safepoint region: RevokeBias
[2022-06-16T19:35:15.824+0000][6420][safepoint    ] Leaving safepoint region
[2022-06-16T19:35:15.824+0000][6420][safepoint    ] Total time for which application threads were stopped: 0.0000843 seconds, Stopping threads took: 0.0000157 seconds
[2022-06-16T19:35:15.824+0000][6420][safepoint    ] Application time: 0.0000379 seconds
[2022-06-16T19:35:15.824+0000][6420][safepoint    ] Entering safepoint region: RevokeBias
[2022-06-16T19:35:15.824+0000][6420][safepoint    ] Leaving safepoint region
[2022-06-16T19:35:15.824+0000][6420][safepoint    ] Total time for which application threads were stopped: 0.0000756 seconds, Stopping threads took: 0.0000138 seconds
[2022-06-16T19:35:15.824+0000][6420][safepoint    ] Application time: 0.0006125 seconds
[2022-06-16T19:35:15.824+0000][6420][safepoint    ] Entering safepoint region: RevokeBias
[2022-06-16T19:35:15.824+0000][6420][safepoint    ] Leaving safepoint region
[2022-06-16T19:35:15.824+0000][6420][safepoint    ] Total time for which application threads were stopped: 0.0001052 seconds, Stopping threads took: 0.0000180 seconds
[2022-06-16T19:35:15.824+0000][6420][safepoint    ] Application time: 0.0000258 seconds
[2022-06-16T19:35:15.824+0000][6420][safepoint    ] Entering safepoint region: RevokeBias
[2022-06-16T19:35:15.824+0000][6420][safepoint    ] Leaving safepoint region
[2022-06-16T19:35:15.824+0000][6420][safepoint    ] Total time for which application threads were stopped: 0.0000896 seconds, Stopping threads took: 0.0000222 seconds
[2022-06-16T19:35:15.824+0000][6420][safepoint    ] Application time: 0.0000703 seconds
[2022-06-16T19:35:15.824+0000][6420][safepoint    ] Entering safepoint region: RevokeBias
[2022-06-16T19:35:15.824+0000][6420][safepoint    ] Leaving safepoint region
[2022-06-16T19:35:15.824+0000][6420][safepoint    ] Total time for which application threads were stopped: 0.0000794 seconds, Stopping threads took: 0.0000153 seconds
[2022-06-16T19:35:15.824+0000][6420][safepoint    ] Application time: 0.0001037 seconds
[2022-06-16T19:35:15.824+0000][6420][safepoint    ] Entering safepoint region: RevokeBias
[2022-06-16T19:35:15.824+0000][6420][safepoint    ] Leaving safepoint region
[2022-06-16T19:35:15.824+0000][6420][safepoint    ] Total time for which application threads were stopped: 0.0000822 seconds, Stopping threads took: 0.0000163 seconds
[2022-06-16T19:35:15.824+0000][6420][safepoint    ] Application time: 0.0006660 seconds
[2022-06-16T19:35:15.824+0000][6420][safepoint    ] Entering safepoint region: RevokeBias
[2022-06-16T19:35:15.824+0000][6420][safepoint    ] Leaving safepoint region
[2022-06-16T19:35:15.824+0000][6420][safepoint    ] Total time for which application threads were stopped: 0.0001002 seconds, Stopping threads took: 0.0000186 seconds
[2022-06-16T19:35:15.918+0000][6420][safepoint    ] Application time: 0.1035268 seconds
[2022-06-16T19:35:15.918+0000][6420][safepoint    ] Entering safepoint region: CollectForMetadataAllocation
[2022-06-16T19:35:15.918+0000][6420][safepoint    ] Leaving safepoint region
[2022-06-16T19:35:15.918+0000][6420][safepoint    ] Total time for which application threads were stopped: 0.0001635 seconds, Stopping threads took: 0.0000262 seconds
[2022-06-16T19:35:16.027+0000][6420][safepoint    ] Application time: 0.1059472 seconds
[2022-06-16T19:35:16.027+0000][6420][safepoint    ] Entering safepoint region: CollectForMetadataAllocation
[2022-06-16T19:35:16.027+0000][6420][safepoint    ] Leaving safepoint region
[2022-06-16T19:35:16.027+0000][6420][safepoint    ] Total time for which application threads were stopped: 0.0002223 seconds, Stopping threads took: 0.0000265 seconds
[2022-06-16T19:35:16.137+0000][6420][safepoint    ] Application time: 0.1033260 seconds
[2022-06-16T19:35:16.137+0000][6420][safepoint    ] Entering safepoint region: CollectForMetadataAllocation
[2022-06-16T19:35:16.137+0000][6420][safepoint    ] Leaving safepoint region
[2022-06-16T19:35:16.137+0000][6420][safepoint    ] Total time for which application threads were stopped: 0.0001657 seconds, Stopping threads took: 0.0000273 seconds
[2022-06-16T19:35:16.168+0000][6420][safepoint    ] Application time: 0.0363864 seconds
[2022-06-16T19:35:16.168+0000][6420][safepoint    ] Entering safepoint region: CollectForMetadataAllocation
[2022-06-16T19:35:16.168+0000][6420][safepoint    ] Leaving safepoint region
[2022-06-16T19:35:16.168+0000][6420][safepoint    ] Total time for which application threads were stopped: 0.0002115 seconds, Stopping threads took: 0.0000200 seconds
[2022-06-16T19:35:16.199+0000][6420][safepoint    ] Application time: 0.0228652 seconds
[2022-06-16T19:35:16.199+0000][6420][safepoint    ] Entering safepoint region: CollectForMetadataAllocation
[2022-06-16T19:35:16.199+0000][6420][safepoint    ] Leaving safepoint region
[2022-06-16T19:35:16.199+0000][6420][safepoint    ] Total time for which application threads were stopped: 0.0001991 seconds, Stopping threads took: 0.0000203 seconds
[2022-06-16T19:35:16.340+0000][6420][safepoint    ] Application time: 0.1463532 seconds
[2022-06-16T19:35:16.340+0000][6420][safepoint    ] Entering safepoint region: CollectForMetadataAllocation
[2022-06-16T19:35:16.340+0000][6420][safepoint    ] Leaving safepoint region
[2022-06-16T19:35:16.340+0000][6420][safepoint    ] Total time for which application threads were stopped: 0.0002174 seconds, Stopping threads took: 0.0000264 seconds
[2022-06-16T19:35:16.481+0000][6420][safepoint    ] Application time: 0.1451973 seconds
[2022-06-16T19:35:16.481+0000][6420][safepoint    ] Entering safepoint region: CollectForMetadataAllocation
[2022-06-16T19:35:16.481+0000][6420][safepoint    ] Leaving safepoint region
[2022-06-16T19:35:16.481+0000][6420][safepoint    ] Total time for which application threads were stopped: 0.0001727 seconds, Stopping threads took: 0.0000268 seconds
[2022-06-16T19:35:16.652+0000][6420][safepoint    ] Application time: 0.1719877 seconds
[2022-06-16T19:35:16.652+0000][6420][safepoint    ] Entering safepoint region: CollectForMetadataAllocation
[2022-06-16T19:35:16.652+0000][6420][safepoint    ] Leaving safepoint region
[2022-06-16T19:35:16.652+0000][6420][safepoint    ] Total time for which application threads were stopped: 0.0002407 seconds, Stopping threads took: 0.0000277 seconds
[2022-06-16T19:35:16.793+0000][6420][safepoint    ] Application time: 0.1408780 seconds
[2022-06-16T19:35:16.793+0000][6420][safepoint    ] Entering safepoint region: CollectForMetadataAllocation
[2022-06-16T19:35:16.793+0000][6420][safepoint    ] Leaving safepoint region
[2022-06-16T19:35:16.793+0000][6420][safepoint    ] Total time for which application threads were stopped: 0.0002147 seconds, Stopping threads took: 0.0000258 seconds
[2022-06-16T19:35:16.902+0000][6420][safepoint    ] Application time: 0.1063622 seconds
[2022-06-16T19:35:16.902+0000][6420][safepoint    ] Entering safepoint region: CollectForMetadataAllocation
[2022-06-16T19:35:16.902+0000][6420][safepoint    ] Leaving safepoint region
[2022-06-16T19:35:16.902+0000][6420][safepoint    ] Total time for which application threads were stopped: 0.0002166 seconds, Stopping threads took: 0.0000235 seconds
[2022-06-16T19:35:16.996+0000][6420][safepoint    ] Application time: 0.0869613 seconds
[2022-06-16T19:35:16.996+0000][6420][safepoint    ] Entering safepoint region: CollectForMetadataAllocation
[2022-06-16T19:35:16.996+0000][6420][safepoint    ] Leaving safepoint region
[2022-06-16T19:35:16.996+0000][6420][safepoint    ] Total time for which application threads were stopped: 0.0002248 seconds, Stopping threads took: 0.0000238 seconds
[2022-06-16T19:35:17.027+0000][6420][safepoint    ] Application time: 0.0331763 seconds
[2022-06-16T19:35:17.027+0000][6420][safepoint    ] Entering safepoint region: CollectForMetadataAllocation
[2022-06-16T19:35:17.027+0000][6420][safepoint    ] Leaving safepoint region
[2022-06-16T19:35:17.027+0000][6420][safepoint    ] Total time for which application threads were stopped: 0.0001423 seconds, Stopping threads took: 0.0000198 seconds
[2022-06-16T19:35:17.043+0000][6420][safepoint    ] Application time: 0.0188310 seconds
[2022-06-16T19:35:17.043+0000][6420][safepoint    ] Entering safepoint region: CollectForMetadataAllocation
[2022-06-16T19:35:17.043+0000][6420][safepoint    ] Leaving safepoint region
[2022-06-16T19:35:17.043+0000][6420][safepoint    ] Total time for which application threads were stopped: 0.0001911 seconds, Stopping threads took: 0.0000182 seconds
[2022-06-16T19:35:17.074+0000][6420][safepoint    ] Application time: 0.0239409 seconds
[2022-06-16T19:35:17.074+0000][6420][safepoint    ] Entering safepoint region: CollectForMetadataAllocation
[2022-06-16T19:35:17.074+0000][6420][safepoint    ] Leaving safepoint region
[2022-06-16T19:35:17.074+0000][6420][safepoint    ] Total time for which application threads were stopped: 0.0002021 seconds, Stopping threads took: 0.0000196 seconds
[2022-06-16T19:35:17.815+0000][6420][gc           ] GC(25) Concurrent Abortable Preclean 4462.775ms
[2022-06-16T19:35:17.815+0000][6420][gc,cpu       ] GC(25) User=6.47s Sys=0.17s Real=4.48s
[2022-06-16T19:35:17.815+0000][6420][safepoint    ] Application time: 0.7361970 seconds
[2022-06-16T19:35:17.815+0000][6420][safepoint    ] Entering safepoint region: CMS_Final_Remark
[2022-06-16T19:35:17.815+0000][6420][gc,start     ] GC(25) Pause Remark
[2022-06-16T19:35:17.881+0000][6420][gc           ] GC(25) Pause Remark 130M->130M(1007M) 66.382ms
[2022-06-16T19:35:17.881+0000][6420][gc,cpu       ] GC(25) User=0.08s Sys=0.00s Real=0.07s
[2022-06-16T19:35:17.881+0000][6420][safepoint    ] Leaving safepoint region
[2022-06-16T19:35:17.881+0000][6420][safepoint    ] Total time for which application threads were stopped: 0.0665980 seconds, Stopping threads took: 0.0000249 seconds
[2022-06-16T19:35:17.881+0000][6420][gc           ] GC(25) Concurrent Sweep
[2022-06-16T19:35:17.904+0000][6420][gc           ] GC(25) Concurrent Sweep 22.190ms
[2022-06-16T19:35:17.904+0000][6420][gc,cpu       ] GC(25) User=0.02s Sys=0.00s Real=0.02s
[2022-06-16T19:35:17.904+0000][6420][gc           ] GC(25) Concurrent Reset
[2022-06-16T19:35:17.905+0000][6420][gc           ] GC(25) Concurrent Reset 1.080ms
[2022-06-16T19:35:17.905+0000][6420][gc,cpu       ] GC(25) User=0.00s Sys=0.00s Real=0.00s
[2022-06-16T19:35:17.905+0000][6420][gc,heap      ] GC(25) Old: 48098K->52260K(878208K)
[2022-06-16T19:35:18.881+0000][6420][safepoint    ] Application time: 0.9992526 seconds
[2022-06-16T19:35:18.881+0000][6420][safepoint    ] Entering safepoint region: Cleanup
[2022-06-16T19:35:18.881+0000][6420][safepoint    ] Leaving safepoint region
[2022-06-16T19:35:18.881+0000][6420][safepoint    ] Total time for which application threads were stopped: 0.0000731 seconds, Stopping threads took: 0.0000238 seconds
[2022-06-16T19:35:19.390+0000][6420][safepoint    ] Application time: 0.5088373 seconds
[2022-06-16T19:35:19.390+0000][6420][safepoint    ] Entering safepoint region: RevokeBias
[2022-06-16T19:35:19.390+0000][6420][safepoint    ] Leaving safepoint region
[2022-06-16T19:35:19.390+0000][6420][safepoint    ] Total time for which application threads were stopped: 0.0000904 seconds, Stopping threads took: 0.0000280 seconds
[2022-06-16T19:35:19.423+0000][6420][safepoint    ] Application time: 0.0332768 seconds
[2022-06-16T19:35:19.423+0000][6420][safepoint    ] Entering safepoint region: Deoptimize
[2022-06-16T19:35:19.424+0000][6420][safepoint    ] Leaving safepoint region
[2022-06-16T19:35:19.424+0000][6420][safepoint    ] Total time for which application threads were stopped: 0.0007479 seconds, Stopping threads took: 0.0000277 seconds
[2022-06-16T19:35:20.134+0000][6420][safepoint    ] Application time: 0.7108022 seconds
[2022-06-16T19:35:20.134+0000][6420][safepoint    ] Entering safepoint region: Deoptimize
[2022-06-16T19:35:20.134+0000][6420][safepoint    ] Leaving safepoint region
[2022-06-16T19:35:20.134+0000][6420][safepoint    ] Total time for which application threads were stopped: 0.0007579 seconds, Stopping threads took: 0.0000278 seconds
[2022-06-16T19:35:20.244+0000][6420][safepoint    ] Application time: 0.1175863 seconds
[2022-06-16T19:35:20.244+0000][6420][safepoint    ] Entering safepoint region: RevokeBias
[2022-06-16T19:35:20.244+0000][6420][safepoint    ] Leaving safepoint region
[2022-06-16T19:35:20.244+0000][6420][safepoint    ] Total time for which application threads were stopped: 0.0001454 seconds, Stopping threads took: 0.0000231 seconds
[2022-06-16T19:35:20.244+0000][6420][safepoint    ] Application time: 0.0013454 seconds
[2022-06-16T19:35:20.244+0000][6420][safepoint    ] Entering safepoint region: Deoptimize
[2022-06-16T19:35:20.244+0000][6420][safepoint    ] Leaving safepoint region
[2022-06-16T19:35:20.244+0000][6420][safepoint    ] Total time for which application threads were stopped: 0.0007380 seconds, Stopping threads took: 0.0000259 seconds
[2022-06-16T19:35:20.337+0000][6420][safepoint    ] Application time: 0.0886212 seconds
[2022-06-16T19:35:20.337+0000][6420][safepoint    ] Entering safepoint region: RevokeBias
[2022-06-16T19:35:20.337+0000][6420][safepoint    ] Leaving safepoint region
[2022-06-16T19:35:20.337+0000][6420][safepoint    ] Total time for which application threads were stopped: 0.0004967 seconds, Stopping threads took: 0.0000218 seconds
[2022-06-16T19:35:20.337+0000][6420][safepoint    ] Application time: 0.0002008 seconds
[2022-06-16T19:35:20.337+0000][6420][safepoint    ] Entering safepoint region: RevokeBias
[2022-06-16T19:35:20.337+0000][6420][safepoint    ] Leaving safepoint region
[2022-06-16T19:35:20.337+0000][6420][safepoint    ] Total time for which application threads were stopped: 0.0000780 seconds, Stopping threads took: 0.0000211 seconds
[2022-06-16T19:35:20.337+0000][6420][safepoint    ] Application time: 0.0007910 seconds
[2022-06-16T19:35:20.337+0000][6420][safepoint    ] Entering safepoint region: BulkRevokeBias
[2022-06-16T19:35:20.337+0000][6420][safepoint    ] Leaving safepoint region
[2022-06-16T19:35:20.337+0000][6420][safepoint    ] Total time for which application threads were stopped: 0.0001317 seconds, Stopping threads took: 0.0000163 seconds
[2022-06-16T19:35:20.337+0000][6420][safepoint    ] Application time: 0.0000993 seconds
[2022-06-16T19:35:20.337+0000][6420][safepoint    ] Entering safepoint region: RevokeBias
[2022-06-16T19:35:20.337+0000][6420][safepoint    ] Leaving safepoint region
[2022-06-16T19:35:20.337+0000][6420][safepoint    ] Total time for which application threads were stopped: 0.0000654 seconds, Stopping threads took: 0.0000150 seconds
[2022-06-16T19:35:20.337+0000][6420][safepoint    ] Application time: 0.0005027 seconds
[2022-06-16T19:35:20.337+0000][6420][safepoint    ] Entering safepoint region: RevokeBias
[2022-06-16T19:35:20.337+0000][6420][safepoint    ] Leaving safepoint region
[2022-06-16T19:35:20.337+0000][6420][safepoint    ] Total time for which application threads were stopped: 0.0000839 seconds, Stopping threads took: 0.0000185 seconds
[2022-06-16T19:35:20.337+0000][6420][safepoint    ] Application time: 0.0000132 seconds
[2022-06-16T19:35:20.337+0000][6420][safepoint    ] Entering safepoint region: RevokeBias
[2022-06-16T19:35:20.337+0000][6420][safepoint    ] Leaving safepoint region
[2022-06-16T19:35:20.337+0000][6420][safepoint    ] Total time for which application threads were stopped: 0.0000660 seconds, Stopping threads took: 0.0000198 seconds
[2022-06-16T19:35:20.337+0000][6420][safepoint    ] Application time: 0.0000139 seconds
[2022-06-16T19:35:20.337+0000][6420][safepoint    ] Entering safepoint region: RevokeBias
[2022-06-16T19:35:20.337+0000][6420][safepoint    ] Leaving safepoint region
[2022-06-16T19:35:20.337+0000][6420][safepoint    ] Total time for which application threads were stopped: 0.0000626 seconds, Stopping threads took: 0.0000194 seconds
[2022-06-16T19:35:20.337+0000][6420][safepoint    ] Application time: 0.0000113 seconds
[2022-06-16T19:35:20.337+0000][6420][safepoint    ] Entering safepoint region: RevokeBias
[2022-06-16T19:35:20.337+0000][6420][safepoint    ] Leaving safepoint region
[2022-06-16T19:35:20.337+0000][6420][safepoint    ] Total time for which application threads were stopped: 0.0000585 seconds, Stopping threads took: 0.0000189 seconds
[2022-06-16T19:35:20.337+0000][6420][safepoint    ] Application time: 0.0000114 seconds
[2022-06-16T19:35:20.337+0000][6420][safepoint    ] Entering safepoint region: RevokeBias
[2022-06-16T19:35:20.337+0000][6420][safepoint    ] Leaving safepoint region
[2022-06-16T19:35:20.337+0000][6420][safepoint    ] Total time for which application threads were stopped: 0.0000579 seconds, Stopping threads took: 0.0000176 seconds
[2022-06-16T19:35:20.337+0000][6420][safepoint    ] Application time: 0.0000328 seconds
[2022-06-16T19:35:20.337+0000][6420][safepoint    ] Entering safepoint region: RevokeBias
[2022-06-16T19:35:20.337+0000][6420][safepoint    ] Leaving safepoint region
[2022-06-16T19:35:20.337+0000][6420][safepoint    ] Total time for which application threads were stopped: 0.0000635 seconds, Stopping threads took: 0.0000171 seconds
[2022-06-16T19:35:20.337+0000][6420][safepoint    ] Application time: 0.0000126 seconds
[2022-06-16T19:35:20.337+0000][6420][safepoint    ] Entering safepoint region: RevokeBias
[2022-06-16T19:35:20.337+0000][6420][safepoint    ] Leaving safepoint region
[2022-06-16T19:35:20.337+0000][6420][safepoint    ] Total time for which application threads were stopped: 0.0000619 seconds, Stopping threads took: 0.0000188 seconds
[2022-06-16T19:35:20.337+0000][6420][safepoint    ] Application time: 0.0000123 seconds
[2022-06-16T19:35:20.337+0000][6420][safepoint    ] Entering safepoint region: RevokeBias
[2022-06-16T19:35:20.337+0000][6420][safepoint    ] Leaving safepoint region
[2022-06-16T19:35:20.337+0000][6420][safepoint    ] Total time for which application threads were stopped: 0.0000596 seconds, Stopping threads took: 0.0000187 seconds
[2022-06-16T19:35:20.337+0000][6420][safepoint    ] Application time: 0.0000114 seconds
[2022-06-16T19:35:20.337+0000][6420][safepoint    ] Entering safepoint region: RevokeBias
[2022-06-16T19:35:20.337+0000][6420][safepoint    ] Leaving safepoint region
[2022-06-16T19:35:20.337+0000][6420][safepoint    ] Total time for which application threads were stopped: 0.0000605 seconds, Stopping threads took: 0.0000190 seconds
[2022-06-16T19:35:20.337+0000][6420][safepoint    ] Application time: 0.0000110 seconds
[2022-06-16T19:35:20.337+0000][6420][safepoint    ] Entering safepoint region: RevokeBias
[2022-06-16T19:35:20.337+0000][6420][safepoint    ] Leaving safepoint region
[2022-06-16T19:35:20.337+0000][6420][safepoint    ] Total time for which application threads were stopped: 0.0000578 seconds, Stopping threads took: 0.0000186 seconds
[2022-06-16T19:35:20.337+0000][6420][safepoint    ] Application time: 0.0000113 seconds
[2022-06-16T19:35:20.337+0000][6420][safepoint    ] Entering safepoint region: RevokeBias
[2022-06-16T19:35:20.337+0000][6420][safepoint    ] Leaving safepoint region
[2022-06-16T19:35:20.337+0000][6420][safepoint    ] Total time for which application threads were stopped: 0.0000589 seconds, Stopping threads took: 0.0000186 seconds
[2022-06-16T19:35:20.337+0000][6420][safepoint    ] Application time: 0.0000123 seconds
[2022-06-16T19:35:20.337+0000][6420][safepoint    ] Entering safepoint region: RevokeBias
[2022-06-16T19:35:20.337+0000][6420][safepoint    ] Leaving safepoint region
[2022-06-16T19:35:20.337+0000][6420][safepoint    ] Total time for which application threads were stopped: 0.0000629 seconds, Stopping threads took: 0.0000189 seconds
[2022-06-16T19:35:20.337+0000][6420][safepoint    ] Application time: 0.0000154 seconds
[2022-06-16T19:35:20.337+0000][6420][safepoint    ] Entering safepoint region: RevokeBias
[2022-06-16T19:35:20.337+0000][6420][safepoint    ] Leaving safepoint region
[2022-06-16T19:35:20.337+0000][6420][safepoint    ] Total time for which application threads were stopped: 0.0000555 seconds, Stopping threads took: 0.0000173 seconds
[2022-06-16T19:35:20.337+0000][6420][safepoint    ] Application time: 0.0000233 seconds
[2022-06-16T19:35:20.337+0000][6420][safepoint    ] Entering safepoint region: RevokeBias
[2022-06-16T19:35:20.337+0000][6420][safepoint    ] Leaving safepoint region
[2022-06-16T19:35:20.337+0000][6420][safepoint    ] Total time for which application threads were stopped: 0.0000563 seconds, Stopping threads took: 0.0000149 seconds
[2022-06-16T19:35:20.337+0000][6420][safepoint    ] Application time: 0.0000102 seconds
[2022-06-16T19:35:20.337+0000][6420][safepoint    ] Entering safepoint region: RevokeBias
[2022-06-16T19:35:20.337+0000][6420][safepoint    ] Leaving safepoint region
[2022-06-16T19:35:20.337+0000][6420][safepoint    ] Total time for which application threads were stopped: 0.0000498 seconds, Stopping threads took: 0.0000158 seconds
[2022-06-16T19:35:20.337+0000][6420][safepoint    ] Application time: 0.0000096 seconds
[2022-06-16T19:35:20.337+0000][6420][safepoint    ] Entering safepoint region: RevokeBias
[2022-06-16T19:35:20.337+0000][6420][safepoint    ] Leaving safepoint region
[2022-06-16T19:35:20.337+0000][6420][safepoint    ] Total time for which application threads were stopped: 0.0000516 seconds, Stopping threads took: 0.0000147 seconds
[2022-06-16T19:35:20.337+0000][6420][safepoint    ] Application time: 0.0000168 seconds
[2022-06-16T19:35:20.337+0000][6420][safepoint    ] Entering safepoint region: RevokeBias
[2022-06-16T19:35:20.337+0000][6420][safepoint    ] Leaving safepoint region
[2022-06-16T19:35:20.337+0000][6420][safepoint    ] Total time for which application threads were stopped: 0.0000675 seconds, Stopping threads took: 0.0000199 seconds
[2022-06-16T19:35:20.337+0000][6420][safepoint    ] Application time: 0.0000214 seconds
[2022-06-16T19:35:20.337+0000][6420][safepoint    ] Entering safepoint region: BulkRevokeBias
[2022-06-16T19:35:20.337+0000][6420][safepoint    ] Leaving safepoint region
[2022-06-16T19:35:20.337+0000][6420][safepoint    ] Total time for which application threads were stopped: 0.0001320 seconds, Stopping threads took: 0.0000147 seconds
[2022-06-16T19:35:20.337+0000][6420][safepoint    ] Application time: 0.0000718 seconds
[2022-06-16T19:35:20.337+0000][6420][safepoint    ] Entering safepoint region: RevokeBias
[2022-06-16T19:35:20.337+0000][6420][safepoint    ] Leaving safepoint region
[2022-06-16T19:35:20.337+0000][6420][safepoint    ] Total time for which application threads were stopped: 0.0000708 seconds, Stopping threads took: 0.0000166 seconds
[2022-06-16T19:35:20.337+0000][6420][safepoint    ] Application time: 0.0000399 seconds
[2022-06-16T19:35:20.337+0000][6420][safepoint    ] Entering safepoint region: RevokeBias
[2022-06-16T19:35:20.337+0000][6420][safepoint    ] Leaving safepoint region
[2022-06-16T19:35:20.337+0000][6420][safepoint    ] Total time for which application threads were stopped: 0.0000653 seconds, Stopping threads took: 0.0000168 seconds
[2022-06-16T19:35:20.337+0000][6420][safepoint    ] Application time: 0.0000219 seconds
[2022-06-16T19:35:20.337+0000][6420][safepoint    ] Entering safepoint region: RevokeBias
[2022-06-16T19:35:20.337+0000][6420][safepoint    ] Leaving safepoint region
[2022-06-16T19:35:20.337+0000][6420][safepoint    ] Total time for which application threads were stopped: 0.0000592 seconds, Stopping threads took: 0.0000152 seconds
[2022-06-16T19:35:20.337+0000][6420][safepoint    ] Application time: 0.0000648 seconds
[2022-06-16T19:35:20.337+0000][6420][safepoint    ] Entering safepoint region: RevokeBias
[2022-06-16T19:35:20.337+0000][6420][safepoint    ] Leaving safepoint region
[2022-06-16T19:35:20.337+0000][6420][safepoint    ] Total time for which application threads were stopped: 0.0000610 seconds, Stopping threads took: 0.0000150 seconds
[2022-06-16T19:35:20.337+0000][6420][safepoint    ] Application time: 0.0001281 seconds
[2022-06-16T19:35:20.337+0000][6420][safepoint    ] Entering safepoint region: RevokeBias
[2022-06-16T19:35:20.337+0000][6420][safepoint    ] Leaving safepoint region
[2022-06-16T19:35:20.337+0000][6420][safepoint    ] Total time for which application threads were stopped: 0.0000673 seconds, Stopping threads took: 0.0000167 seconds
[2022-06-16T19:35:20.337+0000][6420][safepoint    ] Application time: 0.0000316 seconds
[2022-06-16T19:35:20.337+0000][6420][safepoint    ] Entering safepoint region: RevokeBias
[2022-06-16T19:35:20.337+0000][6420][safepoint    ] Leaving safepoint region
[2022-06-16T19:35:20.337+0000][6420][safepoint    ] Total time for which application threads were stopped: 0.0000608 seconds, Stopping threads took: 0.0000164 seconds
[2022-06-16T19:35:20.337+0000][6420][safepoint    ] Application time: 0.0000142 seconds
[2022-06-16T19:35:20.337+0000][6420][safepoint    ] Entering safepoint region: RevokeBias
[2022-06-16T19:35:20.337+0000][6420][safepoint    ] Leaving safepoint region
[2022-06-16T19:35:20.337+0000][6420][safepoint    ] Total time for which application threads were stopped: 0.0000582 seconds, Stopping threads took: 0.0000164 seconds
[2022-06-16T19:35:20.337+0000][6420][safepoint    ] Application time: 0.0000138 seconds
[2022-06-16T19:35:20.337+0000][6420][safepoint    ] Entering safepoint region: RevokeBias
[2022-06-16T19:35:20.337+0000][6420][safepoint    ] Leaving safepoint region
[2022-06-16T19:35:20.337+0000][6420][safepoint    ] Total time for which application threads were stopped: 0.0000557 seconds, Stopping threads took: 0.0000151 seconds
[2022-06-16T19:35:20.337+0000][6420][safepoint    ] Application time: 0.0001745 seconds
[2022-06-16T19:35:20.337+0000][6420][safepoint    ] Entering safepoint region: RevokeBias
[2022-06-16T19:35:20.337+0000][6420][safepoint    ] Leaving safepoint region
[2022-06-16T19:35:20.337+0000][6420][safepoint    ] Total time for which application threads were stopped: 0.0000687 seconds, Stopping threads took: 0.0000163 seconds
[2022-06-16T19:35:20.337+0000][6420][safepoint    ] Application time: 0.0001557 seconds
[2022-06-16T19:35:20.337+0000][6420][safepoint    ] Entering safepoint region: RevokeBias
[2022-06-16T19:35:20.337+0000][6420][safepoint    ] Leaving safepoint region
[2022-06-16T19:35:20.337+0000][6420][safepoint    ] Total time for which application threads were stopped: 0.0000671 seconds, Stopping threads took: 0.0000174 seconds
[2022-06-16T19:35:20.337+0000][6420][safepoint    ] Application time: 0.0000202 seconds
[2022-06-16T19:35:20.337+0000][6420][safepoint    ] Entering safepoint region: RevokeBias
[2022-06-16T19:35:20.337+0000][6420][safepoint    ] Leaving safepoint region
[2022-06-16T19:35:20.337+0000][6420][safepoint    ] Total time for which application threads were stopped: 0.0000616 seconds, Stopping threads took: 0.0000161 seconds
[2022-06-16T19:35:20.337+0000][6420][safepoint    ] Application time: 0.0005966 seconds
[2022-06-16T19:35:20.337+0000][6420][safepoint    ] Entering safepoint region: RevokeBias
[2022-06-16T19:35:20.337+0000][6420][safepoint    ] Leaving safepoint region
[2022-06-16T19:35:20.337+0000][6420][safepoint    ] Total time for which application threads were stopped: 0.0000666 seconds, Stopping threads took: 0.0000172 seconds
[2022-06-16T19:35:20.337+0000][6420][safepoint    ] Application time: 0.0011417 seconds
[2022-06-16T19:35:20.337+0000][6420][safepoint    ] Entering safepoint region: RevokeBias
[2022-06-16T19:35:20.337+0000][6420][safepoint    ] Leaving safepoint region
[2022-06-16T19:35:20.337+0000][6420][safepoint    ] Total time for which application threads were stopped: 0.0000811 seconds, Stopping threads took: 0.0000222 seconds
[2022-06-16T19:35:20.353+0000][6420][safepoint    ] Application time: 0.0015404 seconds
[2022-06-16T19:35:20.353+0000][6420][safepoint    ] Entering safepoint region: RevokeBias
[2022-06-16T19:35:20.353+0000][6420][safepoint    ] Leaving safepoint region
[2022-06-16T19:35:20.353+0000][6420][safepoint    ] Total time for which application threads were stopped: 0.0000712 seconds, Stopping threads took: 0.0000285 seconds
[2022-06-16T19:35:20.353+0000][6420][safepoint    ] Application time: 0.0000230 seconds
[2022-06-16T19:35:20.353+0000][6420][safepoint    ] Entering safepoint region: RevokeBias
[2022-06-16T19:35:20.353+0000][6420][safepoint    ] Leaving safepoint region
[2022-06-16T19:35:20.353+0000][6420][safepoint    ] Total time for which application threads were stopped: 0.0000578 seconds, Stopping threads took: 0.0000155 seconds
[2022-06-16T19:35:20.353+0000][6420][safepoint    ] Application time: 0.0000168 seconds
[2022-06-16T19:35:20.353+0000][6420][safepoint    ] Entering safepoint region: RevokeBias
[2022-06-16T19:35:20.353+0000][6420][safepoint    ] Leaving safepoint region
[2022-06-16T19:35:20.353+0000][6420][safepoint    ] Total time for which application threads were stopped: 0.0000594 seconds, Stopping threads took: 0.0000168 seconds
[2022-06-16T19:35:20.353+0000][6420][safepoint    ] Application time: 0.0000186 seconds
[2022-06-16T19:35:20.353+0000][6420][safepoint    ] Entering safepoint region: RevokeBias
[2022-06-16T19:35:20.353+0000][6420][safepoint    ] Leaving safepoint region
[2022-06-16T19:35:20.353+0000][6420][safepoint    ] Total time for which application threads were stopped: 0.0000572 seconds, Stopping threads took: 0.0000167 seconds
[2022-06-16T19:35:20.353+0000][6420][safepoint    ] Application time: 0.0000173 seconds
[2022-06-16T19:35:20.353+0000][6420][safepoint    ] Entering safepoint region: RevokeBias
[2022-06-16T19:35:20.353+0000][6420][safepoint    ] Leaving safepoint region
[2022-06-16T19:35:20.353+0000][6420][safepoint    ] Total time for which application threads were stopped: 0.0000551 seconds, Stopping threads took: 0.0000166 seconds
[2022-06-16T19:35:20.353+0000][6420][safepoint    ] Application time: 0.0000173 seconds
[2022-06-16T19:35:20.353+0000][6420][safepoint    ] Entering safepoint region: RevokeBias
[2022-06-16T19:35:20.353+0000][6420][safepoint    ] Leaving safepoint region
[2022-06-16T19:35:20.353+0000][6420][safepoint    ] Total time for which application threads were stopped: 0.0000554 seconds, Stopping threads took: 0.0000151 seconds
[2022-06-16T19:35:20.353+0000][6420][safepoint    ] Application time: 0.0000192 seconds
[2022-06-16T19:35:20.353+0000][6420][safepoint    ] Entering safepoint region: RevokeBias
[2022-06-16T19:35:20.353+0000][6420][safepoint    ] Leaving safepoint region
[2022-06-16T19:35:20.353+0000][6420][safepoint    ] Total time for which application threads were stopped: 0.0000548 seconds, Stopping threads took: 0.0000164 seconds
[2022-06-16T19:35:20.353+0000][6420][safepoint    ] Application time: 0.0000178 seconds
[2022-06-16T19:35:20.353+0000][6420][safepoint    ] Entering safepoint region: RevokeBias
[2022-06-16T19:35:20.353+0000][6420][safepoint    ] Leaving safepoint region
[2022-06-16T19:35:20.353+0000][6420][safepoint    ] Total time for which application threads were stopped: 0.0000514 seconds, Stopping threads took: 0.0000153 seconds
[2022-06-16T19:35:20.353+0000][6420][safepoint    ] Application time: 0.0000164 seconds
[2022-06-16T19:35:20.353+0000][6420][safepoint    ] Entering safepoint region: RevokeBias
[2022-06-16T19:35:20.353+0000][6420][safepoint    ] Leaving safepoint region
[2022-06-16T19:35:20.353+0000][6420][safepoint    ] Total time for which application threads were stopped: 0.0000572 seconds, Stopping threads took: 0.0000198 seconds
[2022-06-16T19:35:20.353+0000][6420][safepoint    ] Application time: 0.0000162 seconds
[2022-06-16T19:35:20.353+0000][6420][safepoint    ] Entering safepoint region: RevokeBias
[2022-06-16T19:35:20.353+0000][6420][safepoint    ] Leaving safepoint region
[2022-06-16T19:35:20.353+0000][6420][safepoint    ] Total time for which application threads were stopped: 0.0000492 seconds, Stopping threads took: 0.0000142 seconds
[2022-06-16T19:35:20.353+0000][6420][safepoint    ] Application time: 0.0000180 seconds
[2022-06-16T19:35:20.353+0000][6420][safepoint    ] Entering safepoint region: RevokeBias
[2022-06-16T19:35:20.353+0000][6420][safepoint    ] Leaving safepoint region
[2022-06-16T19:35:20.353+0000][6420][safepoint    ] Total time for which application threads were stopped: 0.0000546 seconds, Stopping threads took: 0.0000162 seconds
[2022-06-16T19:35:20.353+0000][6420][safepoint    ] Application time: 0.0000180 seconds
[2022-06-16T19:35:20.353+0000][6420][safepoint    ] Entering safepoint region: RevokeBias
[2022-06-16T19:35:20.353+0000][6420][safepoint    ] Leaving safepoint region
[2022-06-16T19:35:20.353+0000][6420][safepoint    ] Total time for which application threads were stopped: 0.0000552 seconds, Stopping threads took: 0.0000167 seconds
[2022-06-16T19:35:20.353+0000][6420][safepoint    ] Application time: 0.0000170 seconds
[2022-06-16T19:35:20.353+0000][6420][safepoint    ] Entering safepoint region: RevokeBias
[2022-06-16T19:35:20.353+0000][6420][safepoint    ] Leaving safepoint region
[2022-06-16T19:35:20.353+0000][6420][safepoint    ] Total time for which application threads were stopped: 0.0000513 seconds, Stopping threads took: 0.0000154 seconds
[2022-06-16T19:35:20.353+0000][6420][safepoint    ] Application time: 0.0000159 seconds
[2022-06-16T19:35:20.353+0000][6420][safepoint    ] Entering safepoint region: RevokeBias
[2022-06-16T19:35:20.353+0000][6420][safepoint    ] Leaving safepoint region
[2022-06-16T19:35:20.353+0000][6420][safepoint    ] Total time for which application threads were stopped: 0.0000501 seconds, Stopping threads took: 0.0000145 seconds
[2022-06-16T19:35:20.353+0000][6420][safepoint    ] Application time: 0.0000187 seconds
[2022-06-16T19:35:20.353+0000][6420][safepoint    ] Entering safepoint region: RevokeBias
[2022-06-16T19:35:20.353+0000][6420][safepoint    ] Leaving safepoint region
[2022-06-16T19:35:20.353+0000][6420][safepoint    ] Total time for which application threads were stopped: 0.0000576 seconds, Stopping threads took: 0.0000188 seconds
[2022-06-16T19:35:20.353+0000][6420][safepoint    ] Application time: 0.0000168 seconds
[2022-06-16T19:35:20.353+0000][6420][safepoint    ] Entering safepoint region: RevokeBias
[2022-06-16T19:35:20.353+0000][6420][safepoint    ] Leaving safepoint region
[2022-06-16T19:35:20.353+0000][6420][safepoint    ] Total time for which application threads were stopped: 0.0000565 seconds, Stopping threads took: 0.0000163 seconds
[2022-06-16T19:35:20.353+0000][6420][safepoint    ] Application time: 0.0000181 seconds
[2022-06-16T19:35:20.353+0000][6420][safepoint    ] Entering safepoint region: RevokeBias
[2022-06-16T19:35:20.353+0000][6420][safepoint    ] Leaving safepoint region
[2022-06-16T19:35:20.353+0000][6420][safepoint    ] Total time for which application threads were stopped: 0.0000539 seconds, Stopping threads took: 0.0000151 seconds
[2022-06-16T19:35:20.353+0000][6420][safepoint    ] Application time: 0.0000162 seconds
[2022-06-16T19:35:20.353+0000][6420][safepoint    ] Entering safepoint region: RevokeBias
[2022-06-16T19:35:20.353+0000][6420][safepoint    ] Leaving safepoint region
[2022-06-16T19:35:20.353+0000][6420][safepoint    ] Total time for which application threads were stopped: 0.0000563 seconds, Stopping threads took: 0.0000169 seconds
[2022-06-16T19:35:20.353+0000][6420][safepoint    ] Application time: 0.0000169 seconds
[2022-06-16T19:35:20.353+0000][6420][safepoint    ] Entering safepoint region: RevokeBias
[2022-06-16T19:35:20.353+0000][6420][safepoint    ] Leaving safepoint region
[2022-06-16T19:35:20.353+0000][6420][safepoint    ] Total time for which application threads were stopped: 0.0000544 seconds, Stopping threads took: 0.0000161 seconds
[2022-06-16T19:35:20.353+0000][6420][safepoint    ] Application time: 0.0000416 seconds
[2022-06-16T19:35:20.353+0000][6420][safepoint    ] Entering safepoint region: BulkRevokeBias
[2022-06-16T19:35:20.353+0000][6420][safepoint    ] Leaving safepoint region
[2022-06-16T19:35:20.353+0000][6420][safepoint    ] Total time for which application threads were stopped: 0.0002053 seconds, Stopping threads took: 0.0000478 seconds
[2022-06-16T19:35:20.431+0000][6420][safepoint    ] Application time: 0.0807736 seconds
[2022-06-16T19:35:20.494+0000][6420][safepoint    ] Entering safepoint region: RevokeBias
[2022-06-16T19:35:20.494+0000][6420][safepoint    ] Leaving safepoint region
[2022-06-16T19:35:20.494+0000][6420][safepoint    ] Total time for which application threads were stopped: 0.0595677 seconds, Stopping threads took: 0.0594475 seconds
[2022-06-16T19:35:20.494+0000][6420][safepoint    ] Application time: 0.0002358 seconds
[2022-06-16T19:35:20.494+0000][6420][safepoint    ] Entering safepoint region: RevokeBias
[2022-06-16T19:35:20.494+0000][6420][safepoint    ] Leaving safepoint region
[2022-06-16T19:35:20.494+0000][6420][safepoint    ] Total time for which application threads were stopped: 0.0001010 seconds, Stopping threads took: 0.0000208 seconds
[2022-06-16T19:35:20.494+0000][6420][safepoint    ] Application time: 0.0000416 seconds
[2022-06-16T19:35:20.494+0000][6420][safepoint    ] Entering safepoint region: RevokeBias
[2022-06-16T19:35:20.494+0000][6420][safepoint    ] Leaving safepoint region
[2022-06-16T19:35:20.494+0000][6420][safepoint    ] Total time for which application threads were stopped: 0.0000749 seconds, Stopping threads took: 0.0000166 seconds
[2022-06-16T19:35:20.494+0000][6420][safepoint    ] Application time: 0.0000510 seconds
[2022-06-16T19:35:20.494+0000][6420][safepoint    ] Entering safepoint region: RevokeBias
[2022-06-16T19:35:20.494+0000][6420][safepoint    ] Leaving safepoint region
[2022-06-16T19:35:20.494+0000][6420][safepoint    ] Total time for which application threads were stopped: 0.0000843 seconds, Stopping threads took: 0.0000278 seconds
[2022-06-16T19:35:20.494+0000][6420][safepoint    ] Application time: 0.0000310 seconds
[2022-06-16T19:35:20.494+0000][6420][safepoint    ] Entering safepoint region: RevokeBias
[2022-06-16T19:35:20.494+0000][6420][safepoint    ] Leaving safepoint region
[2022-06-16T19:35:20.494+0000][6420][safepoint    ] Total time for which application threads were stopped: 0.0000723 seconds, Stopping threads took: 0.0000273 seconds
[2022-06-16T19:35:20.494+0000][6420][safepoint    ] Application time: 0.0002279 seconds
[2022-06-16T19:35:20.494+0000][6420][safepoint    ] Entering safepoint region: RevokeBias
[2022-06-16T19:35:20.494+0000][6420][safepoint    ] Leaving safepoint region
[2022-06-16T19:35:20.494+0000][6420][safepoint    ] Total time for which application threads were stopped: 0.0000731 seconds, Stopping threads took: 0.0000164 seconds
[2022-06-16T19:35:20.494+0000][6420][safepoint    ] Application time: 0.0000358 seconds
[2022-06-16T19:35:20.494+0000][6420][safepoint    ] Entering safepoint region: RevokeBias
[2022-06-16T19:35:20.494+0000][6420][safepoint    ] Leaving safepoint region
[2022-06-16T19:35:20.494+0000][6420][safepoint    ] Total time for which application threads were stopped: 0.0000601 seconds, Stopping threads took: 0.0000159 seconds
[2022-06-16T19:35:20.494+0000][6420][safepoint    ] Application time: 0.0000560 seconds
[2022-06-16T19:35:20.494+0000][6420][safepoint    ] Entering safepoint region: RevokeBias
[2022-06-16T19:35:20.494+0000][6420][safepoint    ] Leaving safepoint region
[2022-06-16T19:35:20.494+0000][6420][safepoint    ] Total time for which application threads were stopped: 0.0000610 seconds, Stopping threads took: 0.0000167 seconds
[2022-06-16T19:35:20.494+0000][6420][safepoint    ] Application time: 0.0000291 seconds
[2022-06-16T19:35:20.494+0000][6420][safepoint    ] Entering safepoint region: RevokeBias
[2022-06-16T19:35:20.494+0000][6420][safepoint    ] Leaving safepoint region
[2022-06-16T19:35:20.494+0000][6420][safepoint    ] Total time for which application threads were stopped: 0.0000610 seconds, Stopping threads took: 0.0000160 seconds
[2022-06-16T19:35:20.494+0000][6420][safepoint    ] Application time: 0.0031700 seconds
[2022-06-16T19:35:20.494+0000][6420][safepoint    ] Entering safepoint region: RevokeBias
[2022-06-16T19:35:20.494+0000][6420][safepoint    ] Leaving safepoint region
[2022-06-16T19:35:20.494+0000][6420][safepoint    ] Total time for which application threads were stopped: 0.0001129 seconds, Stopping threads took: 0.0000437 seconds
[2022-06-16T19:35:20.509+0000][6420][safepoint    ] Application time: 0.0081820 seconds
[2022-06-16T19:35:20.509+0000][6420][safepoint    ] Entering safepoint region: RevokeBias
[2022-06-16T19:35:20.509+0000][6420][safepoint    ] Leaving safepoint region
[2022-06-16T19:35:20.509+0000][6420][safepoint    ] Total time for which application threads were stopped: 0.0000749 seconds, Stopping threads took: 0.0000226 seconds
[2022-06-16T19:35:20.509+0000][6420][safepoint    ] Application time: 0.0005604 seconds
[2022-06-16T19:35:20.509+0000][6420][safepoint    ] Entering safepoint region: RevokeBias
[2022-06-16T19:35:20.509+0000][6420][safepoint    ] Leaving safepoint region
[2022-06-16T19:35:20.509+0000][6420][safepoint    ] Total time for which application threads were stopped: 0.0000707 seconds, Stopping threads took: 0.0000195 seconds
[2022-06-16T19:35:20.978+0000][6420][safepoint    ] Application time: 0.4681691 seconds
[2022-06-16T19:35:20.978+0000][6420][safepoint    ] Entering safepoint region: Deoptimize
[2022-06-16T19:35:20.978+0000][6420][safepoint    ] Leaving safepoint region
[2022-06-16T19:35:20.978+0000][6420][safepoint    ] Total time for which application threads were stopped: 0.0007697 seconds, Stopping threads took: 0.0000205 seconds
[2022-06-16T19:35:21.759+0000][6420][safepoint    ] Application time: 0.7903530 seconds
[2022-06-16T19:35:21.759+0000][6420][safepoint    ] Entering safepoint region: Deoptimize
[2022-06-16T19:35:21.759+0000][6420][safepoint    ] Leaving safepoint region
[2022-06-16T19:35:21.759+0000][6420][safepoint    ] Total time for which application threads were stopped: 0.0008443 seconds, Stopping threads took: 0.0000288 seconds
[2022-06-16T19:35:22.773+0000][6420][safepoint    ] Application time: 1.0012638 seconds
[2022-06-16T19:35:22.788+0000][6420][safepoint    ] Entering safepoint region: Cleanup
[2022-06-16T19:35:22.788+0000][6420][safepoint    ] Leaving safepoint region
[2022-06-16T19:35:22.788+0000][6420][safepoint    ] Total time for which application threads were stopped: 0.0196375 seconds, Stopping threads took: 0.0195452 seconds
[2022-06-16T19:35:22.882+0000][6420][safepoint    ] Application time: 0.0963277 seconds
[2022-06-16T19:35:22.882+0000][6420][safepoint    ] Entering safepoint region: RevokeBias
[2022-06-16T19:35:22.882+0000][6420][safepoint    ] Leaving safepoint region
[2022-06-16T19:35:22.882+0000][6420][safepoint    ] Total time for which application threads were stopped: 0.0001176 seconds, Stopping threads took: 0.0000284 seconds
[2022-06-16T19:35:23.882+0000][6420][safepoint    ] Application time: 0.9934101 seconds
[2022-06-16T19:35:23.945+0000][6420][safepoint    ] Entering safepoint region: Cleanup
[2022-06-16T19:35:23.945+0000][6420][safepoint    ] Leaving safepoint region
[2022-06-16T19:35:23.945+0000][6420][safepoint    ] Total time for which application threads were stopped: 0.0651705 seconds, Stopping threads took: 0.0651074 seconds
[2022-06-16T19:35:23.945+0000][6420][safepoint    ] Application time: 0.0003166 seconds
[2022-06-16T19:35:23.945+0000][6420][safepoint    ] Entering safepoint region: RevokeBias
[2022-06-16T19:35:23.945+0000][6420][safepoint    ] Leaving safepoint region
[2022-06-16T19:35:23.945+0000][6420][safepoint    ] Total time for which application threads were stopped: 0.0000941 seconds, Stopping threads took: 0.0000324 seconds
[2022-06-16T19:35:23.945+0000][6420][safepoint    ] Application time: 0.0028003 seconds
[2022-06-16T19:35:23.945+0000][6420][safepoint    ] Entering safepoint region: RevokeBias
[2022-06-16T19:35:23.945+0000][6420][safepoint    ] Leaving safepoint region
[2022-06-16T19:35:23.945+0000][6420][safepoint    ] Total time for which application threads were stopped: 0.0005555 seconds, Stopping threads took: 0.0004720 seconds
[2022-06-16T19:35:23.945+0000][6420][safepoint    ] Application time: 0.0007252 seconds
[2022-06-16T19:35:23.945+0000][6420][safepoint    ] Entering safepoint region: RevokeBias
[2022-06-16T19:35:23.945+0000][6420][safepoint    ] Leaving safepoint region
[2022-06-16T19:35:23.945+0000][6420][safepoint    ] Total time for which application threads were stopped: 0.0001747 seconds, Stopping threads took: 0.0001024 seconds
[2022-06-16T19:35:23.945+0000][6420][safepoint    ] Application time: 0.0007274 seconds
[2022-06-16T19:35:23.945+0000][6420][safepoint    ] Entering safepoint region: RevokeBias
[2022-06-16T19:35:23.945+0000][6420][safepoint    ] Leaving safepoint region
[2022-06-16T19:35:23.945+0000][6420][safepoint    ] Total time for which application threads were stopped: 0.0001186 seconds, Stopping threads took: 0.0000551 seconds
[2022-06-16T19:35:23.945+0000][6420][safepoint    ] Application time: 0.0001751 seconds
[2022-06-16T19:35:23.945+0000][6420][safepoint    ] Entering safepoint region: RevokeBias
[2022-06-16T19:35:23.945+0000][6420][safepoint    ] Leaving safepoint region
[2022-06-16T19:35:23.945+0000][6420][safepoint    ] Total time for which application threads were stopped: 0.0002873 seconds, Stopping threads took: 0.0002292 seconds
[2022-06-16T19:35:23.945+0000][6420][safepoint    ] Application time: 0.0043839 seconds
[2022-06-16T19:35:23.960+0000][6420][safepoint    ] Entering safepoint region: RevokeBias
[2022-06-16T19:35:23.960+0000][6420][safepoint    ] Leaving safepoint region
[2022-06-16T19:35:23.960+0000][6420][safepoint    ] Total time for which application threads were stopped: 0.0160633 seconds, Stopping threads took: 0.0159782 seconds
[2022-06-16T19:35:23.976+0000][6420][safepoint    ] Application time: 0.0022269 seconds
[2022-06-16T19:35:23.976+0000][6420][safepoint    ] Entering safepoint region: RevokeBias
[2022-06-16T19:35:23.976+0000][6420][safepoint    ] Leaving safepoint region
[2022-06-16T19:35:23.976+0000][6420][safepoint    ] Total time for which application threads were stopped: 0.0011749 seconds, Stopping threads took: 0.0010744 seconds
[2022-06-16T19:35:23.976+0000][6420][safepoint    ] Application time: 0.0039881 seconds
[2022-06-16T19:35:23.976+0000][6420][safepoint    ] Entering safepoint region: RevokeBias
[2022-06-16T19:35:23.976+0000][6420][safepoint    ] Leaving safepoint region
[2022-06-16T19:35:23.976+0000][6420][safepoint    ] Total time for which application threads were stopped: 0.0004880 seconds, Stopping threads took: 0.0000371 seconds
[2022-06-16T19:35:23.976+0000][6420][safepoint    ] Application time: 0.0003399 seconds
[2022-06-16T19:35:23.976+0000][6420][safepoint    ] Entering safepoint region: RevokeBias
[2022-06-16T19:35:23.976+0000][6420][safepoint    ] Leaving safepoint region
[2022-06-16T19:35:23.976+0000][6420][safepoint    ] Total time for which application threads were stopped: 0.0004990 seconds, Stopping threads took: 0.0003004 seconds
[2022-06-16T19:35:23.976+0000][6420][safepoint    ] Application time: 0.0002870 seconds
[2022-06-16T19:35:23.976+0000][6420][safepoint    ] Entering safepoint region: RevokeBias
[2022-06-16T19:35:23.976+0000][6420][safepoint    ] Leaving safepoint region
[2022-06-16T19:35:23.976+0000][6420][safepoint    ] Total time for which application threads were stopped: 0.0001608 seconds, Stopping threads took: 0.0000349 seconds
[2022-06-16T19:35:23.976+0000][6420][safepoint    ] Application time: 0.0001513 seconds
[2022-06-16T19:35:23.976+0000][6420][safepoint    ] Entering safepoint region: RevokeBias
[2022-06-16T19:35:23.976+0000][6420][safepoint    ] Leaving safepoint region
[2022-06-16T19:35:23.976+0000][6420][safepoint    ] Total time for which application threads were stopped: 0.0001019 seconds, Stopping threads took: 0.0000223 seconds
[2022-06-16T19:35:23.976+0000][6420][safepoint    ] Application time: 0.0000709 seconds
[2022-06-16T19:35:23.976+0000][6420][safepoint    ] Entering safepoint region: RevokeBias
[2022-06-16T19:35:23.976+0000][6420][safepoint    ] Leaving safepoint region
[2022-06-16T19:35:23.976+0000][6420][safepoint    ] Total time for which application threads were stopped: 0.0000791 seconds, Stopping threads took: 0.0000210 seconds
[2022-06-16T19:35:23.976+0000][6420][safepoint    ] Application time: 0.0008976 seconds
[2022-06-16T19:35:23.976+0000][6420][safepoint    ] Entering safepoint region: RevokeBias
[2022-06-16T19:35:23.976+0000][6420][safepoint    ] Leaving safepoint region
[2022-06-16T19:35:23.976+0000][6420][safepoint    ] Total time for which application threads were stopped: 0.0001028 seconds, Stopping threads took: 0.0000248 seconds
[2022-06-16T19:35:23.976+0000][6420][safepoint    ] Application time: 0.0010649 seconds
[2022-06-16T19:35:23.976+0000][6420][safepoint    ] Entering safepoint region: RevokeBias
[2022-06-16T19:35:23.976+0000][6420][safepoint    ] Leaving safepoint region
[2022-06-16T19:35:23.976+0000][6420][safepoint    ] Total time for which application threads were stopped: 0.0001018 seconds, Stopping threads took: 0.0000246 seconds
[2022-06-16T19:35:23.976+0000][6420][safepoint    ] Application time: 0.0001033 seconds
[2022-06-16T19:35:23.976+0000][6420][safepoint    ] Entering safepoint region: RevokeBias
[2022-06-16T19:35:23.976+0000][6420][safepoint    ] Leaving safepoint region
[2022-06-16T19:35:23.976+0000][6420][safepoint    ] Total time for which application threads were stopped: 0.0000905 seconds, Stopping threads took: 0.0000182 seconds
[2022-06-16T19:35:23.976+0000][6420][safepoint    ] Application time: 0.0000363 seconds
[2022-06-16T19:35:23.976+0000][6420][safepoint    ] Entering safepoint region: RevokeBias
[2022-06-16T19:35:23.976+0000][6420][safepoint    ] Leaving safepoint region
[2022-06-16T19:35:23.976+0000][6420][safepoint    ] Total time for which application threads were stopped: 0.0000803 seconds, Stopping threads took: 0.0000178 seconds
[2022-06-16T19:35:23.976+0000][6420][safepoint    ] Application time: 0.0034435 seconds
[2022-06-16T19:35:23.976+0000][6420][safepoint    ] Entering safepoint region: RevokeBias
[2022-06-16T19:35:23.976+0000][6420][safepoint    ] Leaving safepoint region
[2022-06-16T19:35:23.976+0000][6420][safepoint    ] Total time for which application threads were stopped: 0.0001602 seconds, Stopping threads took: 0.0000462 seconds
[2022-06-16T19:35:23.992+0000][6420][safepoint    ] Application time: 0.0072504 seconds
[2022-06-16T19:35:23.992+0000][6420][safepoint    ] Entering safepoint region: RevokeBias
[2022-06-16T19:35:23.992+0000][6420][safepoint    ] Leaving safepoint region
[2022-06-16T19:35:23.992+0000][6420][safepoint    ] Total time for which application threads were stopped: 0.0001722 seconds, Stopping threads took: 0.0000286 seconds
[2022-06-16T19:35:23.992+0000][6420][safepoint    ] Application time: 0.0000875 seconds
[2022-06-16T19:35:23.992+0000][6420][safepoint    ] Entering safepoint region: RevokeBias
[2022-06-16T19:35:23.992+0000][6420][safepoint    ] Leaving safepoint region
[2022-06-16T19:35:23.992+0000][6420][safepoint    ] Total time for which application threads were stopped: 0.0000994 seconds, Stopping threads took: 0.0000184 seconds
[2022-06-16T19:35:23.992+0000][6420][safepoint    ] Application time: 0.0003850 seconds
[2022-06-16T19:35:23.992+0000][6420][safepoint    ] Entering safepoint region: RevokeBias
[2022-06-16T19:35:23.992+0000][6420][safepoint    ] Leaving safepoint region
[2022-06-16T19:35:23.992+0000][6420][safepoint    ] Total time for which application threads were stopped: 0.0001085 seconds, Stopping threads took: 0.0000233 seconds
[2022-06-16T19:35:23.992+0000][6420][safepoint    ] Application time: 0.0007700 seconds
[2022-06-16T19:35:23.992+0000][6420][safepoint    ] Entering safepoint region: RevokeBias
[2022-06-16T19:35:23.992+0000][6420][safepoint    ] Leaving safepoint region
[2022-06-16T19:35:23.992+0000][6420][safepoint    ] Total time for which application threads were stopped: 0.0001332 seconds, Stopping threads took: 0.0000224 seconds
[2022-06-16T19:35:23.992+0000][6420][safepoint    ] Application time: 0.0006018 seconds
[2022-06-16T19:35:23.992+0000][6420][safepoint    ] Entering safepoint region: RevokeBias
[2022-06-16T19:35:23.992+0000][6420][safepoint    ] Leaving safepoint region
[2022-06-16T19:35:23.992+0000][6420][safepoint    ] Total time for which application threads were stopped: 0.0001063 seconds, Stopping threads took: 0.0000188 seconds
[2022-06-16T19:35:23.992+0000][6420][safepoint    ] Application time: 0.0006472 seconds
[2022-06-16T19:35:23.992+0000][6420][safepoint    ] Entering safepoint region: RevokeBias
[2022-06-16T19:35:23.992+0000][6420][safepoint    ] Leaving safepoint region
[2022-06-16T19:35:23.992+0000][6420][safepoint    ] Total time for which application threads were stopped: 0.0001067 seconds, Stopping threads took: 0.0000193 seconds
[2022-06-16T19:35:23.992+0000][6420][safepoint    ] Application time: 0.0000489 seconds
[2022-06-16T19:35:23.992+0000][6420][safepoint    ] Entering safepoint region: RevokeBias
[2022-06-16T19:35:23.992+0000][6420][safepoint    ] Leaving safepoint region
[2022-06-16T19:35:23.992+0000][6420][safepoint    ] Total time for which application threads were stopped: 0.0001035 seconds, Stopping threads took: 0.0000316 seconds
[2022-06-16T19:35:23.992+0000][6420][safepoint    ] Application time: 0.0052221 seconds
[2022-06-16T19:35:23.992+0000][6420][safepoint    ] Entering safepoint region: RevokeBias
[2022-06-16T19:35:23.992+0000][6420][safepoint    ] Leaving safepoint region
[2022-06-16T19:35:23.992+0000][6420][safepoint    ] Total time for which application threads were stopped: 0.0001780 seconds, Stopping threads took: 0.0001065 seconds
[2022-06-16T19:35:23.992+0000][6420][safepoint    ] Application time: 0.0001008 seconds
[2022-06-16T19:35:24.007+0000][6420][safepoint    ] Entering safepoint region: RevokeBias
[2022-06-16T19:35:24.007+0000][6420][safepoint    ] Leaving safepoint region
[2022-06-16T19:35:24.007+0000][6420][safepoint    ] Total time for which application threads were stopped: 0.0005271 seconds, Stopping threads took: 0.0004437 seconds
[2022-06-16T19:35:24.007+0000][6420][safepoint    ] Application time: 0.0017885 seconds
[2022-06-16T19:35:24.007+0000][6420][safepoint    ] Entering safepoint region: RevokeBias
[2022-06-16T19:35:24.007+0000][6420][safepoint    ] Leaving safepoint region
[2022-06-16T19:35:24.007+0000][6420][safepoint    ] Total time for which application threads were stopped: 0.0001212 seconds, Stopping threads took: 0.0000213 seconds
[2022-06-16T19:35:24.007+0000][6420][safepoint    ] Application time: 0.0001372 seconds
[2022-06-16T19:35:24.007+0000][6420][safepoint    ] Entering safepoint region: RevokeBias
[2022-06-16T19:35:24.007+0000][6420][safepoint    ] Leaving safepoint region
[2022-06-16T19:35:24.007+0000][6420][safepoint    ] Total time for which application threads were stopped: 0.0000963 seconds, Stopping threads took: 0.0000217 seconds
[2022-06-16T19:35:24.007+0000][6420][safepoint    ] Application time: 0.0006782 seconds
[2022-06-16T19:35:24.007+0000][6420][safepoint    ] Entering safepoint region: RevokeBias
[2022-06-16T19:35:24.007+0000][6420][safepoint    ] Leaving safepoint region
[2022-06-16T19:35:24.007+0000][6420][safepoint    ] Total time for which application threads were stopped: 0.0003611 seconds, Stopping threads took: 0.0002808 seconds
[2022-06-16T19:35:24.007+0000][6420][safepoint    ] Application time: 0.0003667 seconds
[2022-06-16T19:35:24.007+0000][6420][safepoint    ] Entering safepoint region: BulkRevokeBias
[2022-06-16T19:35:24.007+0000][6420][safepoint    ] Leaving safepoint region
[2022-06-16T19:35:24.007+0000][6420][safepoint    ] Total time for which application threads were stopped: 0.0004452 seconds, Stopping threads took: 0.0001007 seconds
[2022-06-16T19:35:24.007+0000][6420][safepoint    ] Application time: 0.0002341 seconds
[2022-06-16T19:35:24.007+0000][6420][safepoint    ] Entering safepoint region: RevokeBias
[2022-06-16T19:35:24.007+0000][6420][safepoint    ] Leaving safepoint region
[2022-06-16T19:35:24.007+0000][6420][safepoint    ] Total time for which application threads were stopped: 0.0001454 seconds, Stopping threads took: 0.0000481 seconds
[2022-06-16T19:35:24.007+0000][6420][safepoint    ] Application time: 0.0001426 seconds
[2022-06-16T19:35:24.007+0000][6420][safepoint    ] Entering safepoint region: RevokeBias
[2022-06-16T19:35:24.007+0000][6420][safepoint    ] Leaving safepoint region
[2022-06-16T19:35:24.007+0000][6420][safepoint    ] Total time for which application threads were stopped: 0.0004017 seconds, Stopping threads took: 0.0003219 seconds
[2022-06-16T19:35:24.007+0000][6420][safepoint    ] Application time: 0.0002609 seconds
[2022-06-16T19:35:24.007+0000][6420][safepoint    ] Entering safepoint region: RevokeBias
[2022-06-16T19:35:24.007+0000][6420][safepoint    ] Leaving safepoint region
[2022-06-16T19:35:24.007+0000][6420][safepoint    ] Total time for which application threads were stopped: 0.0000826 seconds, Stopping threads took: 0.0000188 seconds
[2022-06-16T19:35:24.007+0000][6420][safepoint    ] Application time: 0.0000262 seconds
[2022-06-16T19:35:24.007+0000][6420][safepoint    ] Entering safepoint region: RevokeBias
[2022-06-16T19:35:24.007+0000][6420][safepoint    ] Leaving safepoint region
[2022-06-16T19:35:24.007+0000][6420][safepoint    ] Total time for which application threads were stopped: 0.0000775 seconds, Stopping threads took: 0.0000170 seconds
[2022-06-16T19:35:24.007+0000][6420][safepoint    ] Application time: 0.0003809 seconds
[2022-06-16T19:35:24.007+0000][6420][safepoint    ] Entering safepoint region: RevokeBias
[2022-06-16T19:35:24.007+0000][6420][safepoint    ] Leaving safepoint region
[2022-06-16T19:35:24.007+0000][6420][safepoint    ] Total time for which application threads were stopped: 0.0000817 seconds, Stopping threads took: 0.0000193 seconds
[2022-06-16T19:35:24.007+0000][6420][safepoint    ] Application time: 0.0021372 seconds
[2022-06-16T19:35:24.007+0000][6420][safepoint    ] Entering safepoint region: RevokeBias
[2022-06-16T19:35:24.007+0000][6420][safepoint    ] Leaving safepoint region
[2022-06-16T19:35:24.007+0000][6420][safepoint    ] Total time for which application threads were stopped: 0.0000930 seconds, Stopping threads took: 0.0000206 seconds
[2022-06-16T19:35:24.007+0000][6420][safepoint    ] Application time: 0.0000313 seconds
[2022-06-16T19:35:24.007+0000][6420][safepoint    ] Entering safepoint region: RevokeBias
[2022-06-16T19:35:24.007+0000][6420][safepoint    ] Leaving safepoint region
[2022-06-16T19:35:24.007+0000][6420][safepoint    ] Total time for which application threads were stopped: 0.0000918 seconds, Stopping threads took: 0.0000168 seconds
[2022-06-16T19:35:24.007+0000][6420][safepoint    ] Application time: 0.0000851 seconds
[2022-06-16T19:35:24.007+0000][6420][safepoint    ] Entering safepoint region: RevokeBias
[2022-06-16T19:35:24.007+0000][6420][safepoint    ] Leaving safepoint region
[2022-06-16T19:35:24.007+0000][6420][safepoint    ] Total time for which application threads were stopped: 0.0000916 seconds, Stopping threads took: 0.0000178 seconds
[2022-06-16T19:35:24.007+0000][6420][safepoint    ] Application time: 0.0001737 seconds
[2022-06-16T19:35:24.007+0000][6420][safepoint    ] Entering safepoint region: RevokeBias
[2022-06-16T19:35:24.007+0000][6420][safepoint    ] Leaving safepoint region
[2022-06-16T19:35:24.007+0000][6420][safepoint    ] Total time for which application threads were stopped: 0.0000804 seconds, Stopping threads took: 0.0000185 seconds
[2022-06-16T19:35:24.007+0000][6420][safepoint    ] Application time: 0.0000234 seconds
[2022-06-16T19:35:24.007+0000][6420][safepoint    ] Entering safepoint region: RevokeBias
[2022-06-16T19:35:24.007+0000][6420][safepoint    ] Leaving safepoint region
[2022-06-16T19:35:24.007+0000][6420][safepoint    ] Total time for which application threads were stopped: 0.0000770 seconds, Stopping threads took: 0.0000179 seconds
[2022-06-16T19:35:24.007+0000][6420][safepoint    ] Application time: 0.0059686 seconds
[2022-06-16T19:35:24.023+0000][6420][safepoint    ] Entering safepoint region: RevokeBias
[2022-06-16T19:35:24.023+0000][6420][safepoint    ] Leaving safepoint region
[2022-06-16T19:35:24.023+0000][6420][safepoint    ] Total time for which application threads were stopped: 0.0000907 seconds, Stopping threads took: 0.0000266 seconds
[2022-06-16T19:35:24.023+0000][6420][safepoint    ] Application time: 0.0074952 seconds
[2022-06-16T19:35:24.023+0000][6420][safepoint    ] Entering safepoint region: BulkRevokeBias
[2022-06-16T19:35:24.023+0000][6420][safepoint    ] Leaving safepoint region
[2022-06-16T19:35:24.023+0000][6420][safepoint    ] Total time for which application threads were stopped: 0.0004854 seconds, Stopping threads took: 0.0001042 seconds
[2022-06-16T19:35:24.023+0000][6420][safepoint    ] Application time: 0.0029297 seconds
[2022-06-16T19:35:24.023+0000][6420][safepoint    ] Entering safepoint region: RevokeBias
[2022-06-16T19:35:24.023+0000][6420][safepoint    ] Leaving safepoint region
[2022-06-16T19:35:24.023+0000][6420][safepoint    ] Total time for which application threads were stopped: 0.0000835 seconds, Stopping threads took: 0.0000212 seconds
[2022-06-16T19:35:24.023+0000][6420][safepoint    ] Application time: 0.0006868 seconds
[2022-06-16T19:35:24.023+0000][6420][safepoint    ] Entering safepoint region: RevokeBias
[2022-06-16T19:35:24.023+0000][6420][safepoint    ] Leaving safepoint region
[2022-06-16T19:35:24.023+0000][6420][safepoint    ] Total time for which application threads were stopped: 0.0000840 seconds, Stopping threads took: 0.0000222 seconds
[2022-06-16T19:35:24.023+0000][6420][safepoint    ] Application time: 0.0007728 seconds
[2022-06-16T19:35:24.023+0000][6420][safepoint    ] Entering safepoint region: RevokeBias
[2022-06-16T19:35:24.023+0000][6420][safepoint    ] Leaving safepoint region
[2022-06-16T19:35:24.023+0000][6420][safepoint    ] Total time for which application threads were stopped: 0.0000929 seconds, Stopping threads took: 0.0000231 seconds
[2022-06-16T19:35:24.023+0000][6420][safepoint    ] Application time: 0.0000293 seconds
[2022-06-16T19:35:24.023+0000][6420][safepoint    ] Entering safepoint region: RevokeBias
[2022-06-16T19:35:24.023+0000][6420][safepoint    ] Leaving safepoint region
[2022-06-16T19:35:24.023+0000][6420][safepoint    ] Total time for which application threads were stopped: 0.0001010 seconds, Stopping threads took: 0.0000268 seconds
[2022-06-16T19:35:24.023+0000][6420][safepoint    ] Application time: 0.0001609 seconds
[2022-06-16T19:35:24.023+0000][6420][safepoint    ] Entering safepoint region: RevokeBias
[2022-06-16T19:35:24.023+0000][6420][safepoint    ] Leaving safepoint region
[2022-06-16T19:35:24.023+0000][6420][safepoint    ] Total time for which application threads were stopped: 0.0002066 seconds, Stopping threads took: 0.0001316 seconds
[2022-06-16T19:35:24.039+0000][6420][safepoint    ] Application time: 0.0027042 seconds
[2022-06-16T19:35:24.039+0000][6420][safepoint    ] Entering safepoint region: RevokeBias
[2022-06-16T19:35:24.039+0000][6420][safepoint    ] Leaving safepoint region
[2022-06-16T19:35:24.039+0000][6420][safepoint    ] Total time for which application threads were stopped: 0.0000868 seconds, Stopping threads took: 0.0000261 seconds
[2022-06-16T19:35:24.039+0000][6420][safepoint    ] Application time: 0.0007732 seconds
[2022-06-16T19:35:24.039+0000][6420][safepoint    ] Entering safepoint region: RevokeBias
[2022-06-16T19:35:24.039+0000][6420][safepoint    ] Leaving safepoint region
[2022-06-16T19:35:24.039+0000][6420][safepoint    ] Total time for which application threads were stopped: 0.0000805 seconds, Stopping threads took: 0.0000232 seconds
[2022-06-16T19:35:24.039+0000][6420][safepoint    ] Application time: 0.0000327 seconds
[2022-06-16T19:35:24.039+0000][6420][safepoint    ] Entering safepoint region: RevokeBias
[2022-06-16T19:35:24.039+0000][6420][safepoint    ] Leaving safepoint region
[2022-06-16T19:35:24.039+0000][6420][safepoint    ] Total time for which application threads were stopped: 0.0000667 seconds, Stopping threads took: 0.0000197 seconds
[2022-06-16T19:35:24.039+0000][6420][safepoint    ] Application time: 0.0006932 seconds
[2022-06-16T19:35:24.039+0000][6420][safepoint    ] Entering safepoint region: RevokeBias
[2022-06-16T19:35:24.039+0000][6420][safepoint    ] Leaving safepoint region
[2022-06-16T19:35:24.039+0000][6420][safepoint    ] Total time for which application threads were stopped: 0.0000853 seconds, Stopping threads took: 0.0000337 seconds
[2022-06-16T19:35:24.039+0000][6420][safepoint    ] Application time: 0.0000392 seconds
[2022-06-16T19:35:24.039+0000][6420][safepoint    ] Entering safepoint region: RevokeBias
[2022-06-16T19:35:24.039+0000][6420][safepoint    ] Leaving safepoint region
[2022-06-16T19:35:24.039+0000][6420][safepoint    ] Total time for which application threads were stopped: 0.0000665 seconds, Stopping threads took: 0.0000157 seconds
[2022-06-16T19:35:24.039+0000][6420][safepoint    ] Application time: 0.0001093 seconds
[2022-06-16T19:35:24.039+0000][6420][safepoint    ] Entering safepoint region: RevokeBias
[2022-06-16T19:35:24.039+0000][6420][safepoint    ] Leaving safepoint region
[2022-06-16T19:35:24.039+0000][6420][safepoint    ] Total time for which application threads were stopped: 0.0000732 seconds, Stopping threads took: 0.0000251 seconds
[2022-06-16T19:35:24.039+0000][6420][safepoint    ] Application time: 0.0000446 seconds
[2022-06-16T19:35:24.039+0000][6420][safepoint    ] Entering safepoint region: RevokeBias
[2022-06-16T19:35:24.039+0000][6420][safepoint    ] Leaving safepoint region
[2022-06-16T19:35:24.039+0000][6420][safepoint    ] Total time for which application threads were stopped: 0.0001027 seconds, Stopping threads took: 0.0000542 seconds
[2022-06-16T19:35:24.039+0000][6420][safepoint    ] Application time: 0.0002579 seconds
[2022-06-16T19:35:24.039+0000][6420][safepoint    ] Entering safepoint region: RevokeBias
[2022-06-16T19:35:24.039+0000][6420][safepoint    ] Leaving safepoint region
[2022-06-16T19:35:24.039+0000][6420][safepoint    ] Total time for which application threads were stopped: 0.0001331 seconds, Stopping threads took: 0.0000754 seconds
[2022-06-16T19:35:24.039+0000][6420][safepoint    ] Application time: 0.0000936 seconds
[2022-06-16T19:35:24.039+0000][6420][safepoint    ] Entering safepoint region: RevokeBias
[2022-06-16T19:35:24.039+0000][6420][safepoint    ] Leaving safepoint region
[2022-06-16T19:35:24.039+0000][6420][safepoint    ] Total time for which application threads were stopped: 0.0000778 seconds, Stopping threads took: 0.0000230 seconds
[2022-06-16T19:35:24.039+0000][6420][safepoint    ] Application time: 0.0000831 seconds
[2022-06-16T19:35:24.039+0000][6420][safepoint    ] Entering safepoint region: RevokeBias
[2022-06-16T19:35:24.039+0000][6420][safepoint    ] Leaving safepoint region
[2022-06-16T19:35:24.039+0000][6420][safepoint    ] Total time for which application threads were stopped: 0.0003592 seconds, Stopping threads took: 0.0003042 seconds
[2022-06-16T19:35:24.039+0000][6420][safepoint    ] Application time: 0.0034141 seconds
[2022-06-16T19:35:24.039+0000][6420][safepoint    ] Entering safepoint region: RevokeBias
[2022-06-16T19:35:24.039+0000][6420][safepoint    ] Leaving safepoint region
[2022-06-16T19:35:24.039+0000][6420][safepoint    ] Total time for which application threads were stopped: 0.0000864 seconds, Stopping threads took: 0.0000200 seconds
[2022-06-16T19:35:24.039+0000][6420][safepoint    ] Application time: 0.0002354 seconds
[2022-06-16T19:35:24.039+0000][6420][safepoint    ] Entering safepoint region: RevokeBias
[2022-06-16T19:35:24.039+0000][6420][safepoint    ] Leaving safepoint region
[2022-06-16T19:35:24.039+0000][6420][safepoint    ] Total time for which application threads were stopped: 0.0001663 seconds, Stopping threads took: 0.0000891 seconds
[2022-06-16T19:35:24.039+0000][6420][safepoint    ] Application time: 0.0000971 seconds
[2022-06-16T19:35:24.039+0000][6420][safepoint    ] Entering safepoint region: RevokeBias
[2022-06-16T19:35:24.039+0000][6420][safepoint    ] Leaving safepoint region
[2022-06-16T19:35:24.039+0000][6420][safepoint    ] Total time for which application threads were stopped: 0.0003867 seconds, Stopping threads took: 0.0003285 seconds
[2022-06-16T19:35:24.039+0000][6420][safepoint    ] Application time: 0.0000661 seconds
[2022-06-16T19:35:24.039+0000][6420][safepoint    ] Entering safepoint region: RevokeBias
[2022-06-16T19:35:24.039+0000][6420][safepoint    ] Leaving safepoint region
[2022-06-16T19:35:24.039+0000][6420][safepoint    ] Total time for which application threads were stopped: 0.0000862 seconds, Stopping threads took: 0.0000230 seconds
[2022-06-16T19:35:24.039+0000][6420][safepoint    ] Application time: 0.0000340 seconds
[2022-06-16T19:35:24.039+0000][6420][safepoint    ] Entering safepoint region: RevokeBias
[2022-06-16T19:35:24.039+0000][6420][safepoint    ] Leaving safepoint region
[2022-06-16T19:35:24.039+0000][6420][safepoint    ] Total time for which application threads were stopped: 0.0004028 seconds, Stopping threads took: 0.0003482 seconds
[2022-06-16T19:35:24.039+0000][6420][safepoint    ] Application time: 0.0003142 seconds
[2022-06-16T19:35:24.039+0000][6420][safepoint    ] Entering safepoint region: RevokeBias
[2022-06-16T19:35:24.039+0000][6420][safepoint    ] Leaving safepoint region
[2022-06-16T19:35:24.039+0000][6420][safepoint    ] Total time for which application threads were stopped: 0.0000844 seconds, Stopping threads took: 0.0000202 seconds
[2022-06-16T19:35:24.039+0000][6420][safepoint    ] Application time: 0.0000878 seconds
[2022-06-16T19:35:24.039+0000][6420][safepoint    ] Entering safepoint region: RevokeBias
[2022-06-16T19:35:24.039+0000][6420][safepoint    ] Leaving safepoint region
[2022-06-16T19:35:24.039+0000][6420][safepoint    ] Total time for which application threads were stopped: 0.0000750 seconds, Stopping threads took: 0.0000209 seconds
[2022-06-16T19:35:24.039+0000][6420][safepoint    ] Application time: 0.0000371 seconds
[2022-06-16T19:35:24.039+0000][6420][safepoint    ] Entering safepoint region: RevokeBias
[2022-06-16T19:35:24.039+0000][6420][safepoint    ] Leaving safepoint region
[2022-06-16T19:35:24.039+0000][6420][safepoint    ] Total time for which application threads were stopped: 0.0000908 seconds, Stopping threads took: 0.0000368 seconds
[2022-06-16T19:35:24.039+0000][6420][safepoint    ] Application time: 0.0000271 seconds
[2022-06-16T19:35:24.039+0000][6420][safepoint    ] Entering safepoint region: RevokeBias
[2022-06-16T19:35:24.039+0000][6420][safepoint    ] Leaving safepoint region
[2022-06-16T19:35:24.039+0000][6420][safepoint    ] Total time for which application threads were stopped: 0.0000677 seconds, Stopping threads took: 0.0000190 seconds
[2022-06-16T19:35:24.039+0000][6420][safepoint    ] Application time: 0.0001814 seconds
[2022-06-16T19:35:24.039+0000][6420][safepoint    ] Entering safepoint region: RevokeBias
[2022-06-16T19:35:24.039+0000][6420][safepoint    ] Leaving safepoint region
[2022-06-16T19:35:24.039+0000][6420][safepoint    ] Total time for which application threads were stopped: 0.0000962 seconds, Stopping threads took: 0.0000318 seconds
[2022-06-16T19:35:24.039+0000][6420][safepoint    ] Application time: 0.0000805 seconds
[2022-06-16T19:35:24.039+0000][6420][safepoint    ] Entering safepoint region: RevokeBias
[2022-06-16T19:35:24.039+0000][6420][safepoint    ] Leaving safepoint region
[2022-06-16T19:35:24.039+0000][6420][safepoint    ] Total time for which application threads were stopped: 0.0000835 seconds, Stopping threads took: 0.0000281 seconds
[2022-06-16T19:35:24.039+0000][6420][safepoint    ] Application time: 0.0000402 seconds
[2022-06-16T19:35:24.039+0000][6420][safepoint    ] Entering safepoint region: RevokeBias
[2022-06-16T19:35:24.039+0000][6420][safepoint    ] Leaving safepoint region
[2022-06-16T19:35:24.039+0000][6420][safepoint    ] Total time for which application threads were stopped: 0.0000904 seconds, Stopping threads took: 0.0000358 seconds
[2022-06-16T19:35:24.039+0000][6420][safepoint    ] Application time: 0.0002321 seconds
[2022-06-16T19:35:24.039+0000][6420][safepoint    ] Entering safepoint region: RevokeBias
[2022-06-16T19:35:24.039+0000][6420][safepoint    ] Leaving safepoint region
[2022-06-16T19:35:24.039+0000][6420][safepoint    ] Total time for which application threads were stopped: 0.0000944 seconds, Stopping threads took: 0.0000390 seconds
[2022-06-16T19:35:24.039+0000][6420][safepoint    ] Application time: 0.0017590 seconds
[2022-06-16T19:35:24.039+0000][6420][safepoint    ] Entering safepoint region: RevokeBias
[2022-06-16T19:35:24.039+0000][6420][safepoint    ] Leaving safepoint region
[2022-06-16T19:35:24.039+0000][6420][safepoint    ] Total time for which application threads were stopped: 0.0003517 seconds, Stopping threads took: 0.0002866 seconds
[2022-06-16T19:35:24.039+0000][6420][safepoint    ] Application time: 0.0003525 seconds
[2022-06-16T19:35:24.039+0000][6420][safepoint    ] Entering safepoint region: RevokeBias
[2022-06-16T19:35:24.039+0000][6420][safepoint    ] Leaving safepoint region
[2022-06-16T19:35:24.039+0000][6420][safepoint    ] Total time for which application threads were stopped: 0.0000798 seconds, Stopping threads took: 0.0000231 seconds
[2022-06-16T19:35:24.039+0000][6420][safepoint    ] Application time: 0.0004182 seconds
[2022-06-16T19:35:24.039+0000][6420][safepoint    ] Entering safepoint region: RevokeBias
[2022-06-16T19:35:24.039+0000][6420][safepoint    ] Leaving safepoint region
[2022-06-16T19:35:24.039+0000][6420][safepoint    ] Total time for which application threads were stopped: 0.0000844 seconds, Stopping threads took: 0.0000244 seconds
[2022-06-16T19:35:24.039+0000][6420][safepoint    ] Application time: 0.0005421 seconds
[2022-06-16T19:35:24.039+0000][6420][safepoint    ] Entering safepoint region: RevokeBias
[2022-06-16T19:35:24.039+0000][6420][safepoint    ] Leaving safepoint region
[2022-06-16T19:35:24.039+0000][6420][safepoint    ] Total time for which application threads were stopped: 0.0000904 seconds, Stopping threads took: 0.0000270 seconds
[2022-06-16T19:35:24.054+0000][6420][safepoint    ] Application time: 0.0018555 seconds
[2022-06-16T19:35:24.054+0000][6420][safepoint    ] Entering safepoint region: RevokeBias
[2022-06-16T19:35:24.054+0000][6420][safepoint    ] Leaving safepoint region
[2022-06-16T19:35:24.054+0000][6420][safepoint    ] Total time for which application threads were stopped: 0.0000844 seconds, Stopping threads took: 0.0000251 seconds
[2022-06-16T19:35:24.054+0000][6420][safepoint    ] Application time: 0.0034952 seconds
[2022-06-16T19:35:24.054+0000][6420][safepoint    ] Entering safepoint region: RevokeBias
[2022-06-16T19:35:24.054+0000][6420][safepoint    ] Leaving safepoint region
[2022-06-16T19:35:24.054+0000][6420][safepoint    ] Total time for which application threads were stopped: 0.0000812 seconds, Stopping threads took: 0.0000236 seconds
[2022-06-16T19:35:24.054+0000][6420][safepoint    ] Application time: 0.0002824 seconds
[2022-06-16T19:35:24.054+0000][6420][safepoint    ] Entering safepoint region: RevokeBias
[2022-06-16T19:35:24.054+0000][6420][safepoint    ] Leaving safepoint region
[2022-06-16T19:35:24.054+0000][6420][safepoint    ] Total time for which application threads were stopped: 0.0000787 seconds, Stopping threads took: 0.0000216 seconds
[2022-06-16T19:35:24.054+0000][6420][safepoint    ] Application time: 0.0002595 seconds
[2022-06-16T19:35:24.054+0000][6420][safepoint    ] Entering safepoint region: RevokeBias
[2022-06-16T19:35:24.054+0000][6420][safepoint    ] Leaving safepoint region
[2022-06-16T19:35:24.054+0000][6420][safepoint    ] Total time for which application threads were stopped: 0.0000816 seconds, Stopping threads took: 0.0000224 seconds
[2022-06-16T19:35:24.054+0000][6420][safepoint    ] Application time: 0.0002279 seconds
[2022-06-16T19:35:24.054+0000][6420][safepoint    ] Entering safepoint region: RevokeBias
[2022-06-16T19:35:24.054+0000][6420][safepoint    ] Leaving safepoint region
[2022-06-16T19:35:24.054+0000][6420][safepoint    ] Total time for which application threads were stopped: 0.0000806 seconds, Stopping threads took: 0.0000225 seconds
[2022-06-16T19:35:24.304+0000][6420][safepoint    ] Application time: 0.2553796 seconds
[2022-06-16T19:35:24.304+0000][6420][safepoint    ] Entering safepoint region: RevokeBias
[2022-06-16T19:35:24.304+0000][6420][safepoint    ] Leaving safepoint region
[2022-06-16T19:35:24.304+0000][6420][safepoint    ] Total time for which application threads were stopped: 0.0001255 seconds, Stopping threads took: 0.0000305 seconds
[2022-06-16T19:35:24.445+0000][6420][safepoint    ] Application time: 0.1350367 seconds
[2022-06-16T19:35:24.445+0000][6420][safepoint    ] Entering safepoint region: RevokeBias
[2022-06-16T19:35:24.445+0000][6420][safepoint    ] Leaving safepoint region
[2022-06-16T19:35:24.445+0000][6420][safepoint    ] Total time for which application threads were stopped: 0.0001314 seconds, Stopping threads took: 0.0000261 seconds
[2022-06-16T19:35:24.460+0000][6420][safepoint    ] Application time: 0.0129355 seconds
[2022-06-16T19:35:24.492+0000][6420][safepoint    ] Entering safepoint region: RevokeBias
[2022-06-16T19:35:24.492+0000][6420][safepoint    ] Leaving safepoint region
[2022-06-16T19:35:24.492+0000][6420][safepoint    ] Total time for which application threads were stopped: 0.0353896 seconds, Stopping threads took: 0.0352702 seconds
[2022-06-16T19:35:24.507+0000][6420][safepoint    ] Application time: 0.0193780 seconds
[2022-06-16T19:35:24.507+0000][6420][safepoint    ] Entering safepoint region: RevokeBias
[2022-06-16T19:35:24.507+0000][6420][safepoint    ] Leaving safepoint region
[2022-06-16T19:35:24.507+0000][6420][safepoint    ] Total time for which application threads were stopped: 0.0001247 seconds, Stopping threads took: 0.0000320 seconds
[2022-06-16T19:35:24.507+0000][6420][safepoint    ] Application time: 0.0015295 seconds
[2022-06-16T19:35:24.507+0000][6420][safepoint    ] Entering safepoint region: RevokeBias
[2022-06-16T19:35:24.507+0000][6420][safepoint    ] Leaving safepoint region
[2022-06-16T19:35:24.507+0000][6420][safepoint    ] Total time for which application threads were stopped: 0.0001162 seconds, Stopping threads took: 0.0000290 seconds
[2022-06-16T19:35:24.507+0000][6420][safepoint    ] Application time: 0.0000491 seconds
[2022-06-16T19:35:24.507+0000][6420][safepoint    ] Entering safepoint region: RevokeBias
[2022-06-16T19:35:24.507+0000][6420][safepoint    ] Leaving safepoint region
[2022-06-16T19:35:24.507+0000][6420][safepoint    ] Total time for which application threads were stopped: 0.0000729 seconds, Stopping threads took: 0.0000201 seconds
[2022-06-16T19:35:24.507+0000][6420][safepoint    ] Application time: 0.0000145 seconds
[2022-06-16T19:35:24.507+0000][6420][safepoint    ] Entering safepoint region: RevokeBias
[2022-06-16T19:35:24.507+0000][6420][safepoint    ] Leaving safepoint region
[2022-06-16T19:35:24.507+0000][6420][safepoint    ] Total time for which application threads were stopped: 0.0000712 seconds, Stopping threads took: 0.0000197 seconds
[2022-06-16T19:35:24.507+0000][6420][safepoint    ] Application time: 0.0000948 seconds
[2022-06-16T19:35:24.507+0000][6420][safepoint    ] Entering safepoint region: RevokeBias
[2022-06-16T19:35:24.507+0000][6420][safepoint    ] Leaving safepoint region
[2022-06-16T19:35:24.507+0000][6420][safepoint    ] Total time for which application threads were stopped: 0.0000751 seconds, Stopping threads took: 0.0000210 seconds
[2022-06-16T19:35:24.507+0000][6420][safepoint    ] Application time: 0.0005883 seconds
[2022-06-16T19:35:24.507+0000][6420][safepoint    ] Entering safepoint region: RevokeBias
[2022-06-16T19:35:24.507+0000][6420][safepoint    ] Leaving safepoint region
[2022-06-16T19:35:24.507+0000][6420][safepoint    ] Total time for which application threads were stopped: 0.0000885 seconds, Stopping threads took: 0.0000243 seconds
[2022-06-16T19:35:24.523+0000][6420][safepoint    ] Application time: 0.0086403 seconds
[2022-06-16T19:35:24.523+0000][6420][safepoint    ] Entering safepoint region: RevokeBias
[2022-06-16T19:35:24.523+0000][6420][safepoint    ] Leaving safepoint region
[2022-06-16T19:35:24.523+0000][6420][safepoint    ] Total time for which application threads were stopped: 0.0000981 seconds, Stopping threads took: 0.0000267 seconds
[2022-06-16T19:35:24.539+0000][6420][safepoint    ] Application time: 0.0074174 seconds
[2022-06-16T19:35:24.539+0000][6420][safepoint    ] Entering safepoint region: RevokeBias
[2022-06-16T19:35:24.539+0000][6420][safepoint    ] Leaving safepoint region
[2022-06-16T19:35:24.539+0000][6420][safepoint    ] Total time for which application threads were stopped: 0.0000914 seconds, Stopping threads took: 0.0000247 seconds
[2022-06-16T19:35:24.539+0000][6420][safepoint    ] Application time: 0.0003620 seconds
[2022-06-16T19:35:24.539+0000][6420][safepoint    ] Entering safepoint region: RevokeBias
[2022-06-16T19:35:24.539+0000][6420][safepoint    ] Leaving safepoint region
[2022-06-16T19:35:24.539+0000][6420][safepoint    ] Total time for which application threads were stopped: 0.0000790 seconds, Stopping threads took: 0.0000192 seconds
[2022-06-16T19:35:24.570+0000][6420][safepoint    ] Application time: 0.0365586 seconds
[2022-06-16T19:35:24.570+0000][6420][safepoint    ] Entering safepoint region: RevokeBias
[2022-06-16T19:35:24.570+0000][6420][safepoint    ] Leaving safepoint region
[2022-06-16T19:35:24.570+0000][6420][safepoint    ] Total time for which application threads were stopped: 0.0001239 seconds, Stopping threads took: 0.0000248 seconds
[2022-06-16T19:35:24.585+0000][6420][safepoint    ] Application time: 0.0123035 seconds
[2022-06-16T19:35:24.585+0000][6420][safepoint    ] Entering safepoint region: RevokeBias
[2022-06-16T19:35:24.585+0000][6420][safepoint    ] Leaving safepoint region
[2022-06-16T19:35:24.585+0000][6420][safepoint    ] Total time for which application threads were stopped: 0.0001345 seconds, Stopping threads took: 0.0000290 seconds
[2022-06-16T19:35:24.648+0000][6420][safepoint    ] Application time: 0.0646006 seconds
[2022-06-16T19:35:24.648+0000][6420][safepoint    ] Entering safepoint region: RevokeBias
[2022-06-16T19:35:24.648+0000][6420][safepoint    ] Leaving safepoint region
[2022-06-16T19:35:24.648+0000][6420][safepoint    ] Total time for which application threads were stopped: 0.0001478 seconds, Stopping threads took: 0.0000299 seconds
[2022-06-16T19:35:24.757+0000][6420][safepoint    ] Application time: 0.1167124 seconds
[2022-06-16T19:35:24.757+0000][6420][safepoint    ] Entering safepoint region: RevokeBias
[2022-06-16T19:35:24.757+0000][6420][safepoint    ] Leaving safepoint region
[2022-06-16T19:35:24.757+0000][6420][safepoint    ] Total time for which application threads were stopped: 0.0001292 seconds, Stopping threads took: 0.0000238 seconds
[2022-06-16T19:35:24.757+0000][6420][safepoint    ] Application time: 0.0000253 seconds
[2022-06-16T19:35:24.757+0000][6420][safepoint    ] Entering safepoint region: RevokeBias
[2022-06-16T19:35:24.757+0000][6420][safepoint    ] Leaving safepoint region
[2022-06-16T19:35:24.757+0000][6420][safepoint    ] Total time for which application threads were stopped: 0.0000769 seconds, Stopping threads took: 0.0000175 seconds
[2022-06-16T19:35:24.773+0000][6420][safepoint    ] Application time: 0.0079099 seconds
[2022-06-16T19:35:24.773+0000][6420][safepoint    ] Entering safepoint region: RevokeBias
[2022-06-16T19:35:24.773+0000][6420][safepoint    ] Leaving safepoint region
[2022-06-16T19:35:24.773+0000][6420][safepoint    ] Total time for which application threads were stopped: 0.0001108 seconds, Stopping threads took: 0.0000246 seconds
[2022-06-16T19:35:24.773+0000][6420][safepoint    ] Application time: 0.0053127 seconds
[2022-06-16T19:35:24.804+0000][6420][safepoint    ] Entering safepoint region: Deoptimize
[2022-06-16T19:35:24.804+0000][6420][safepoint    ] Leaving safepoint region
[2022-06-16T19:35:24.804+0000][6420][safepoint    ] Total time for which application threads were stopped: 0.0221787 seconds, Stopping threads took: 0.0213511 seconds
[2022-06-16T19:35:24.804+0000][6420][safepoint    ] Application time: 0.0025434 seconds
[2022-06-16T19:35:24.804+0000][6420][safepoint    ] Entering safepoint region: RevokeBias
[2022-06-16T19:35:24.804+0000][6420][safepoint    ] Leaving safepoint region
[2022-06-16T19:35:24.804+0000][6420][safepoint    ] Total time for which application threads were stopped: 0.0001861 seconds, Stopping threads took: 0.0000794 seconds
[2022-06-16T19:35:24.804+0000][6420][safepoint    ] Application time: 0.0007733 seconds
[2022-06-16T19:35:24.804+0000][6420][safepoint    ] Entering safepoint region: RevokeBias
[2022-06-16T19:35:24.804+0000][6420][safepoint    ] Leaving safepoint region
[2022-06-16T19:35:24.804+0000][6420][safepoint    ] Total time for which application threads were stopped: 0.0001782 seconds, Stopping threads took: 0.0000806 seconds
[2022-06-16T19:35:24.804+0000][6420][safepoint    ] Application time: 0.0078871 seconds
[2022-06-16T19:35:24.804+0000][6420][safepoint    ] Entering safepoint region: RevokeBias
[2022-06-16T19:35:24.804+0000][6420][safepoint    ] Leaving safepoint region
[2022-06-16T19:35:24.804+0000][6420][safepoint    ] Total time for which application threads were stopped: 0.0002947 seconds, Stopping threads took: 0.0002000 seconds
[2022-06-16T19:35:24.820+0000][6420][safepoint    ] Application time: 0.0114960 seconds
[2022-06-16T19:35:24.867+0000][6420][safepoint    ] Entering safepoint region: RevokeBias
[2022-06-16T19:35:24.867+0000][6420][safepoint    ] Leaving safepoint region
[2022-06-16T19:35:24.867+0000][6420][safepoint    ] Total time for which application threads were stopped: 0.0427739 seconds, Stopping threads took: 0.0426640 seconds
[2022-06-16T19:35:24.867+0000][6420][safepoint    ] Application time: 0.0079288 seconds
[2022-06-16T19:35:24.867+0000][6420][safepoint    ] Entering safepoint region: RevokeBias
[2022-06-16T19:35:24.867+0000][6420][safepoint    ] Leaving safepoint region
[2022-06-16T19:35:24.867+0000][6420][safepoint    ] Total time for which application threads were stopped: 0.0001850 seconds, Stopping threads took: 0.0000780 seconds
[2022-06-16T19:35:24.882+0000][6420][safepoint    ] Application time: 0.0025401 seconds
[2022-06-16T19:35:24.882+0000][6420][safepoint    ] Entering safepoint region: RevokeBias
[2022-06-16T19:35:24.882+0000][6420][safepoint    ] Leaving safepoint region
[2022-06-16T19:35:24.882+0000][6420][safepoint    ] Total time for which application threads were stopped: 0.0002136 seconds, Stopping threads took: 0.0000852 seconds
[2022-06-16T19:35:24.882+0000][6420][safepoint    ] Application time: 0.0013257 seconds
[2022-06-16T19:35:24.882+0000][6420][safepoint    ] Entering safepoint region: RevokeBias
[2022-06-16T19:35:24.882+0000][6420][safepoint    ] Leaving safepoint region
[2022-06-16T19:35:24.882+0000][6420][safepoint    ] Total time for which application threads were stopped: 0.0000995 seconds, Stopping threads took: 0.0000228 seconds
[2022-06-16T19:35:24.882+0000][6420][safepoint    ] Application time: 0.0000168 seconds
[2022-06-16T19:35:24.882+0000][6420][safepoint    ] Entering safepoint region: RevokeBias
[2022-06-16T19:35:24.882+0000][6420][safepoint    ] Leaving safepoint region
[2022-06-16T19:35:24.882+0000][6420][safepoint    ] Total time for which application threads were stopped: 0.0000676 seconds, Stopping threads took: 0.0000177 seconds
[2022-06-16T19:35:24.882+0000][6420][safepoint    ] Application time: 0.0003690 seconds
[2022-06-16T19:35:24.882+0000][6420][safepoint    ] Entering safepoint region: RevokeBias
[2022-06-16T19:35:24.882+0000][6420][safepoint    ] Leaving safepoint region
[2022-06-16T19:35:24.882+0000][6420][safepoint    ] Total time for which application threads were stopped: 0.0000857 seconds, Stopping threads took: 0.0000216 seconds
[2022-06-16T19:35:24.898+0000][6420][safepoint    ] Application time: 0.0145835 seconds
[2022-06-16T19:35:24.898+0000][6420][safepoint    ] Entering safepoint region: RevokeBias
[2022-06-16T19:35:24.898+0000][6420][safepoint    ] Leaving safepoint region
[2022-06-16T19:35:24.898+0000][6420][safepoint    ] Total time for which application threads were stopped: 0.0001076 seconds, Stopping threads took: 0.0000265 seconds
[2022-06-16T19:35:24.898+0000][6420][safepoint    ] Application time: 0.0001016 seconds
[2022-06-16T19:35:24.898+0000][6420][safepoint    ] Entering safepoint region: RevokeBias
[2022-06-16T19:35:24.898+0000][6420][safepoint    ] Leaving safepoint region
[2022-06-16T19:35:24.898+0000][6420][safepoint    ] Total time for which application threads were stopped: 0.0000893 seconds, Stopping threads took: 0.0000187 seconds
[2022-06-16T19:35:24.929+0000][6420][safepoint    ] Application time: 0.0308638 seconds
[2022-06-16T19:35:24.929+0000][6420][safepoint    ] Entering safepoint region: RevokeBias
[2022-06-16T19:35:24.929+0000][6420][safepoint    ] Leaving safepoint region
[2022-06-16T19:35:24.929+0000][6420][safepoint    ] Total time for which application threads were stopped: 0.0020386 seconds, Stopping threads took: 0.0019117 seconds
[2022-06-16T19:35:24.929+0000][6420][safepoint    ] Application time: 0.0003184 seconds
[2022-06-16T19:35:24.929+0000][6420][safepoint    ] Entering safepoint region: RevokeBias
[2022-06-16T19:35:24.929+0000][6420][safepoint    ] Leaving safepoint region
[2022-06-16T19:35:24.929+0000][6420][safepoint    ] Total time for which application threads were stopped: 0.0002362 seconds, Stopping threads took: 0.0001356 seconds
[2022-06-16T19:35:24.929+0000][6420][safepoint    ] Application time: 0.0014363 seconds
[2022-06-16T19:35:24.929+0000][6420][safepoint    ] Entering safepoint region: RevokeBias
[2022-06-16T19:35:24.929+0000][6420][safepoint    ] Leaving safepoint region
[2022-06-16T19:35:24.929+0000][6420][safepoint    ] Total time for which application threads were stopped: 0.0001181 seconds, Stopping threads took: 0.0000364 seconds
[2022-06-16T19:35:24.929+0000][6420][safepoint    ] Application time: 0.0002733 seconds
[2022-06-16T19:35:24.929+0000][6420][safepoint    ] Entering safepoint region: RevokeBias
[2022-06-16T19:35:24.929+0000][6420][safepoint    ] Leaving safepoint region
[2022-06-16T19:35:24.929+0000][6420][safepoint    ] Total time for which application threads were stopped: 0.0001615 seconds, Stopping threads took: 0.0000909 seconds
[2022-06-16T19:35:24.945+0000][6420][safepoint    ] Application time: 0.0232584 seconds
[2022-06-16T19:35:24.960+0000][6420][safepoint    ] Entering safepoint region: RevokeBias
[2022-06-16T19:35:24.960+0000][6420][safepoint    ] Leaving safepoint region
[2022-06-16T19:35:24.960+0000][6420][safepoint    ] Total time for which application threads were stopped: 0.0017041 seconds, Stopping threads took: 0.0015930 seconds
[2022-06-16T19:35:24.960+0000][6420][safepoint    ] Application time: 0.0052635 seconds
[2022-06-16T19:35:24.960+0000][6420][safepoint    ] Entering safepoint region: RevokeBias
[2022-06-16T19:35:24.960+0000][6420][safepoint    ] Leaving safepoint region
[2022-06-16T19:35:24.960+0000][6420][safepoint    ] Total time for which application threads were stopped: 0.0001330 seconds, Stopping threads took: 0.0000225 seconds
[2022-06-16T19:35:24.960+0000][6420][safepoint    ] Application time: 0.0027373 seconds
[2022-06-16T19:35:24.960+0000][6420][safepoint    ] Entering safepoint region: RevokeBias
[2022-06-16T19:35:24.960+0000][6420][safepoint    ] Leaving safepoint region
[2022-06-16T19:35:24.960+0000][6420][safepoint    ] Total time for which application threads were stopped: 0.0001145 seconds, Stopping threads took: 0.0000256 seconds
[2022-06-16T19:35:24.960+0000][6420][safepoint    ] Application time: 0.0047993 seconds
[2022-06-16T19:35:24.960+0000][6420][safepoint    ] Entering safepoint region: RevokeBias
[2022-06-16T19:35:24.960+0000][6420][safepoint    ] Leaving safepoint region
[2022-06-16T19:35:24.960+0000][6420][safepoint    ] Total time for which application threads were stopped: 0.0001101 seconds, Stopping threads took: 0.0000260 seconds
[2022-06-16T19:35:24.976+0000][6420][safepoint    ] Application time: 0.0041748 seconds
[2022-06-16T19:35:24.976+0000][6420][safepoint    ] Entering safepoint region: RevokeBias
[2022-06-16T19:35:24.976+0000][6420][safepoint    ] Leaving safepoint region
[2022-06-16T19:35:24.976+0000][6420][safepoint    ] Total time for which application threads were stopped: 0.0001046 seconds, Stopping threads took: 0.0000266 seconds
[2022-06-16T19:35:24.976+0000][6420][safepoint    ] Application time: 0.0000334 seconds
[2022-06-16T19:35:24.976+0000][6420][safepoint    ] Entering safepoint region: RevokeBias
[2022-06-16T19:35:24.976+0000][6420][safepoint    ] Leaving safepoint region
[2022-06-16T19:35:24.976+0000][6420][safepoint    ] Total time for which application threads were stopped: 0.0000845 seconds, Stopping threads took: 0.0000200 seconds
[2022-06-16T19:35:24.976+0000][6420][safepoint    ] Application time: 0.0000158 seconds
[2022-06-16T19:35:24.976+0000][6420][safepoint    ] Entering safepoint region: RevokeBias
[2022-06-16T19:35:24.976+0000][6420][safepoint    ] Leaving safepoint region
[2022-06-16T19:35:24.976+0000][6420][safepoint    ] Total time for which application threads were stopped: 0.0000769 seconds, Stopping threads took: 0.0000195 seconds
[2022-06-16T19:35:24.976+0000][6420][safepoint    ] Application time: 0.0002191 seconds
[2022-06-16T19:35:24.976+0000][6420][safepoint    ] Entering safepoint region: RevokeBias
[2022-06-16T19:35:24.976+0000][6420][safepoint    ] Leaving safepoint region
[2022-06-16T19:35:24.976+0000][6420][safepoint    ] Total time for which application threads were stopped: 0.0000967 seconds, Stopping threads took: 0.0000231 seconds
[2022-06-16T19:35:25.007+0000][6420][safepoint    ] Application time: 0.0373737 seconds
[2022-06-16T19:35:25.007+0000][6420][safepoint    ] Entering safepoint region: RevokeBias
[2022-06-16T19:35:25.007+0000][6420][safepoint    ] Leaving safepoint region
[2022-06-16T19:35:25.007+0000][6420][safepoint    ] Total time for which application threads were stopped: 0.0001543 seconds, Stopping threads took: 0.0000297 seconds
[2022-06-16T19:35:25.007+0000][6420][safepoint    ] Application time: 0.0006586 seconds
[2022-06-16T19:35:25.007+0000][6420][safepoint    ] Entering safepoint region: RevokeBias
[2022-06-16T19:35:25.007+0000][6420][safepoint    ] Leaving safepoint region
[2022-06-16T19:35:25.007+0000][6420][safepoint    ] Total time for which application threads were stopped: 0.0001186 seconds, Stopping threads took: 0.0000266 seconds
[2022-06-16T19:35:25.007+0000][6420][safepoint    ] Application time: 0.0002066 seconds
[2022-06-16T19:35:25.007+0000][6420][safepoint    ] Entering safepoint region: RevokeBias
[2022-06-16T19:35:25.007+0000][6420][safepoint    ] Leaving safepoint region
[2022-06-16T19:35:25.007+0000][6420][safepoint    ] Total time for which application threads were stopped: 0.0001038 seconds, Stopping threads took: 0.0000223 seconds
[2022-06-16T19:35:25.007+0000][6420][safepoint    ] Application time: 0.0000215 seconds
[2022-06-16T19:35:25.007+0000][6420][safepoint    ] Entering safepoint region: RevokeBias
[2022-06-16T19:35:25.007+0000][6420][safepoint    ] Leaving safepoint region
[2022-06-16T19:35:25.007+0000][6420][safepoint    ] Total time for which application threads were stopped: 0.0000772 seconds, Stopping threads took: 0.0000192 seconds
[2022-06-16T19:35:25.007+0000][6420][safepoint    ] Application time: 0.0000245 seconds
[2022-06-16T19:35:25.007+0000][6420][safepoint    ] Entering safepoint region: RevokeBias
[2022-06-16T19:35:25.007+0000][6420][safepoint    ] Leaving safepoint region
[2022-06-16T19:35:25.007+0000][6420][safepoint    ] Total time for which application threads were stopped: 0.0000782 seconds, Stopping threads took: 0.0000189 seconds
[2022-06-16T19:35:25.007+0000][6420][safepoint    ] Application time: 0.0000139 seconds
[2022-06-16T19:35:25.007+0000][6420][safepoint    ] Entering safepoint region: RevokeBias
[2022-06-16T19:35:25.007+0000][6420][safepoint    ] Leaving safepoint region
[2022-06-16T19:35:25.007+0000][6420][safepoint    ] Total time for which application threads were stopped: 0.0000751 seconds, Stopping threads took: 0.0000188 seconds
[2022-06-16T19:35:25.007+0000][6420][safepoint    ] Application time: 0.0001634 seconds
[2022-06-16T19:35:25.007+0000][6420][safepoint    ] Entering safepoint region: RevokeBias
[2022-06-16T19:35:25.007+0000][6420][safepoint    ] Leaving safepoint region
[2022-06-16T19:35:25.007+0000][6420][safepoint    ] Total time for which application threads were stopped: 0.0000870 seconds, Stopping threads took: 0.0000209 seconds
[2022-06-16T19:35:25.007+0000][6420][safepoint    ] Application time: 0.0009735 seconds
[2022-06-16T19:35:25.007+0000][6420][safepoint    ] Entering safepoint region: RevokeBias
[2022-06-16T19:35:25.007+0000][6420][safepoint    ] Leaving safepoint region
[2022-06-16T19:35:25.007+0000][6420][safepoint    ] Total time for which application threads were stopped: 0.0001054 seconds, Stopping threads took: 0.0000252 seconds
[2022-06-16T19:35:25.007+0000][6420][safepoint    ] Application time: 0.0006934 seconds
[2022-06-16T19:35:25.007+0000][6420][safepoint    ] Entering safepoint region: RevokeBias
[2022-06-16T19:35:25.007+0000][6420][safepoint    ] Leaving safepoint region
[2022-06-16T19:35:25.007+0000][6420][safepoint    ] Total time for which application threads were stopped: 0.0000976 seconds, Stopping threads took: 0.0000233 seconds
[2022-06-16T19:35:25.023+0000][6420][safepoint    ] Application time: 0.0078258 seconds
[2022-06-16T19:35:25.023+0000][6420][safepoint    ] Entering safepoint region: RevokeBias
[2022-06-16T19:35:25.023+0000][6420][safepoint    ] Leaving safepoint region
[2022-06-16T19:35:25.023+0000][6420][safepoint    ] Total time for which application threads were stopped: 0.0001128 seconds, Stopping threads took: 0.0000278 seconds
[2022-06-16T19:35:25.023+0000][6420][safepoint    ] Application time: 0.0000215 seconds
[2022-06-16T19:35:25.023+0000][6420][safepoint    ] Entering safepoint region: RevokeBias
[2022-06-16T19:35:25.023+0000][6420][safepoint    ] Leaving safepoint region
[2022-06-16T19:35:25.023+0000][6420][safepoint    ] Total time for which application threads were stopped: 0.0000918 seconds, Stopping threads took: 0.0000225 seconds
[2022-06-16T19:35:25.054+0000][6420][safepoint    ] Application time: 0.0271977 seconds
[2022-06-16T19:35:25.054+0000][6420][safepoint    ] Entering safepoint region: GenCollectForAllocation
[2022-06-16T19:35:25.054+0000][6420][gc,start     ] GC(27) Pause Young (Allocation Failure)
[2022-06-16T19:35:25.054+0000][6420][gc,task      ] GC(27) Using 2 workers of 2 for evacuation
[2022-06-16T19:35:25.085+0000][6420][gc,age       ] GC(27) Desired survivor size 8716288 bytes, new threshold 2 (max threshold 6)
[2022-06-16T19:35:25.085+0000][6420][gc,age       ] GC(27) Age table with threshold 2 (max threshold 6)
[2022-06-16T19:35:25.085+0000][6420][gc,age       ] GC(27) - age   1:    5326856 bytes,    5326856 total
[2022-06-16T19:35:25.085+0000][6420][gc,age       ] GC(27) - age   2:    3757560 bytes,    9084416 total
[2022-06-16T19:35:25.085+0000][6420][gc,age       ] GC(27) - age   3:    2624848 bytes,   11709264 total
[2022-06-16T19:35:25.085+0000][6420][gc,heap      ] GC(27) ParNew: 148470K->16853K(153344K)
[2022-06-16T19:35:25.085+0000][6420][gc,heap      ] GC(27) CMS: 52260K->54185K(878208K)
[2022-06-16T19:35:25.085+0000][6420][gc,metaspace ] GC(27) Metaspace: 94109K->94109K(1136640K)
[2022-06-16T19:35:25.085+0000][6420][gc           ] GC(27) Pause Young (Allocation Failure) 196M->69M(1007M) 34.012ms
[2022-06-16T19:35:25.085+0000][6420][gc,cpu       ] GC(27) User=0.06s Sys=0.00s Real=0.03s
[2022-06-16T19:35:25.085+0000][6420][safepoint    ] Leaving safepoint region
[2022-06-16T19:35:25.085+0000][6420][safepoint    ] Total time for which application threads were stopped: 0.0342394 seconds, Stopping threads took: 0.0000296 seconds
[2022-06-16T19:35:25.148+0000][6420][safepoint    ] Application time: 0.0649521 seconds
[2022-06-16T19:35:25.148+0000][6420][safepoint    ] Entering safepoint region: Deoptimize
[2022-06-16T19:35:25.148+0000][6420][safepoint    ] Leaving safepoint region
[2022-06-16T19:35:25.148+0000][6420][safepoint    ] Total time for which application threads were stopped: 0.0008576 seconds, Stopping threads took: 0.0000299 seconds
[2022-06-16T19:35:25.306+0000][6420][safepoint    ] Application time: 0.1498979 seconds
[2022-06-16T19:35:25.306+0000][6420][safepoint    ] Entering safepoint region: RevokeBias
[2022-06-16T19:35:25.306+0000][6420][safepoint    ] Leaving safepoint region
[2022-06-16T19:35:25.306+0000][6420][safepoint    ] Total time for which application threads were stopped: 0.0002048 seconds, Stopping threads took: 0.0000309 seconds
[2022-06-16T19:35:25.306+0000][6420][safepoint    ] Application time: 0.0000390 seconds
[2022-06-16T19:35:25.306+0000][6420][safepoint    ] Entering safepoint region: RevokeBias
[2022-06-16T19:35:25.306+0000][6420][safepoint    ] Leaving safepoint region
[2022-06-16T19:35:25.306+0000][6420][safepoint    ] Total time for which application threads were stopped: 0.0001137 seconds, Stopping threads took: 0.0000182 seconds
[2022-06-16T19:35:25.309+0000][6420][safepoint    ] Application time: 0.0033669 seconds
[2022-06-16T19:35:25.310+0000][6420][safepoint    ] Entering safepoint region: RevokeBias
[2022-06-16T19:35:25.310+0000][6420][safepoint    ] Leaving safepoint region
[2022-06-16T19:35:25.310+0000][6420][safepoint    ] Total time for which application threads were stopped: 0.0001327 seconds, Stopping threads took: 0.0000246 seconds
[2022-06-16T19:35:25.310+0000][6420][safepoint    ] Application time: 0.0000264 seconds
[2022-06-16T19:35:25.310+0000][6420][safepoint    ] Entering safepoint region: RevokeBias
[2022-06-16T19:35:25.310+0000][6420][safepoint    ] Leaving safepoint region
[2022-06-16T19:35:25.310+0000][6420][safepoint    ] Total time for which application threads were stopped: 0.0000983 seconds, Stopping threads took: 0.0000183 seconds
[2022-06-16T19:35:25.314+0000][6420][safepoint    ] Application time: 0.0040904 seconds
[2022-06-16T19:35:25.314+0000][6420][safepoint    ] Entering safepoint region: RevokeBias
[2022-06-16T19:35:25.314+0000][6420][safepoint    ] Leaving safepoint region
[2022-06-16T19:35:25.314+0000][6420][safepoint    ] Total time for which application threads were stopped: 0.0001199 seconds, Stopping threads took: 0.0000234 seconds
[2022-06-16T19:35:25.314+0000][6420][safepoint    ] Application time: 0.0000403 seconds
[2022-06-16T19:35:25.314+0000][6420][safepoint    ] Entering safepoint region: RevokeBias
[2022-06-16T19:35:25.314+0000][6420][safepoint    ] Leaving safepoint region
[2022-06-16T19:35:25.314+0000][6420][safepoint    ] Total time for which application threads were stopped: 0.0000987 seconds, Stopping threads took: 0.0000205 seconds
[2022-06-16T19:35:25.314+0000][6420][safepoint    ] Application time: 0.0000238 seconds
[2022-06-16T19:35:25.314+0000][6420][safepoint    ] Entering safepoint region: RevokeBias
[2022-06-16T19:35:25.314+0000][6420][safepoint    ] Leaving safepoint region
[2022-06-16T19:35:25.314+0000][6420][safepoint    ] Total time for which application threads were stopped: 0.0000924 seconds, Stopping threads took: 0.0000176 seconds
[2022-06-16T19:35:25.315+0000][6420][safepoint    ] Application time: 0.0004277 seconds
[2022-06-16T19:35:25.315+0000][6420][safepoint    ] Entering safepoint region: RevokeBias
[2022-06-16T19:35:25.315+0000][6420][safepoint    ] Leaving safepoint region
[2022-06-16T19:35:25.315+0000][6420][safepoint    ] Total time for which application threads were stopped: 0.0001092 seconds, Stopping threads took: 0.0000210 seconds
[2022-06-16T19:35:25.321+0000][6420][safepoint    ] Application time: 0.0059571 seconds
[2022-06-16T19:35:25.321+0000][6420][safepoint    ] Entering safepoint region: RevokeBias
[2022-06-16T19:35:25.321+0000][6420][safepoint    ] Leaving safepoint region
[2022-06-16T19:35:25.321+0000][6420][safepoint    ] Total time for which application threads were stopped: 0.0001196 seconds, Stopping threads took: 0.0000223 seconds
[2022-06-16T19:35:25.321+0000][6420][safepoint    ] Application time: 0.0000222 seconds
[2022-06-16T19:35:25.321+0000][6420][safepoint    ] Entering safepoint region: RevokeBias
[2022-06-16T19:35:25.321+0000][6420][safepoint    ] Leaving safepoint region
[2022-06-16T19:35:25.321+0000][6420][safepoint    ] Total time for which application threads were stopped: 0.0000988 seconds, Stopping threads took: 0.0000189 seconds
[2022-06-16T19:35:25.321+0000][6420][safepoint    ] Application time: 0.0000194 seconds
[2022-06-16T19:35:25.321+0000][6420][safepoint    ] Entering safepoint region: RevokeBias
[2022-06-16T19:35:25.321+0000][6420][safepoint    ] Leaving safepoint region
[2022-06-16T19:35:25.321+0000][6420][safepoint    ] Total time for which application threads were stopped: 0.0001080 seconds, Stopping threads took: 0.0000160 seconds
[2022-06-16T19:35:25.322+0000][6420][safepoint    ] Application time: 0.0005050 seconds
[2022-06-16T19:35:25.322+0000][6420][safepoint    ] Entering safepoint region: RevokeBias
[2022-06-16T19:35:25.322+0000][6420][safepoint    ] Leaving safepoint region
[2022-06-16T19:35:25.322+0000][6420][safepoint    ] Total time for which application threads were stopped: 0.0001113 seconds, Stopping threads took: 0.0000251 seconds
[2022-06-16T19:35:25.322+0000][6420][safepoint    ] Application time: 0.0000193 seconds
[2022-06-16T19:35:25.322+0000][6420][safepoint    ] Entering safepoint region: RevokeBias
[2022-06-16T19:35:25.322+0000][6420][safepoint    ] Leaving safepoint region
[2022-06-16T19:35:25.322+0000][6420][safepoint    ] Total time for which application threads were stopped: 0.0000931 seconds, Stopping threads took: 0.0000205 seconds
[2022-06-16T19:35:25.363+0000][6420][safepoint    ] Application time: 0.0409912 seconds
[2022-06-16T19:35:25.452+0000][6420][safepoint    ] Entering safepoint region: RevokeBias
[2022-06-16T19:35:25.452+0000][6420][safepoint    ] Leaving safepoint region
[2022-06-16T19:35:25.452+0000][6420][safepoint    ] Total time for which application threads were stopped: 0.0886857 seconds, Stopping threads took: 0.0885159 seconds
[2022-06-16T19:35:25.452+0000][6420][safepoint    ] Application time: 0.0002371 seconds
[2022-06-16T19:35:25.452+0000][6420][safepoint    ] Entering safepoint region: RevokeBias
[2022-06-16T19:35:25.452+0000][6420][safepoint    ] Leaving safepoint region
[2022-06-16T19:35:25.453+0000][6420][safepoint    ] Total time for which application threads were stopped: 0.0001683 seconds, Stopping threads took: 0.0000386 seconds
[2022-06-16T19:35:25.454+0000][6420][safepoint    ] Application time: 0.0011065 seconds
[2022-06-16T19:35:25.460+0000][6420][safepoint    ] Entering safepoint region: RevokeBias
[2022-06-16T19:35:25.460+0000][6420][safepoint    ] Leaving safepoint region
[2022-06-16T19:35:25.460+0000][6420][safepoint    ] Total time for which application threads were stopped: 0.0064692 seconds, Stopping threads took: 0.0063309 seconds
[2022-06-16T19:35:25.461+0000][6420][safepoint    ] Application time: 0.0006560 seconds
[2022-06-16T19:35:25.461+0000][6420][safepoint    ] Entering safepoint region: RevokeBias
[2022-06-16T19:35:25.461+0000][6420][safepoint    ] Leaving safepoint region
[2022-06-16T19:35:25.461+0000][6420][safepoint    ] Total time for which application threads were stopped: 0.0003860 seconds, Stopping threads took: 0.0002691 seconds
[2022-06-16T19:35:25.461+0000][6420][safepoint    ] Application time: 0.0000336 seconds
[2022-06-16T19:35:25.462+0000][6420][safepoint    ] Entering safepoint region: RevokeBias
[2022-06-16T19:35:25.462+0000][6420][safepoint    ] Leaving safepoint region
[2022-06-16T19:35:25.462+0000][6420][safepoint    ] Total time for which application threads were stopped: 0.0006759 seconds, Stopping threads took: 0.0005513 seconds
[2022-06-16T19:35:25.464+0000][6420][safepoint    ] Application time: 0.0017767 seconds
[2022-06-16T19:35:25.467+0000][6420][safepoint    ] Entering safepoint region: RevokeBias
[2022-06-16T19:35:25.467+0000][6420][safepoint    ] Leaving safepoint region
[2022-06-16T19:35:25.467+0000][6420][safepoint    ] Total time for which application threads were stopped: 0.0031524 seconds, Stopping threads took: 0.0030840 seconds
[2022-06-16T19:35:25.467+0000][6420][safepoint    ] Application time: 0.0000224 seconds
[2022-06-16T19:35:25.467+0000][6420][safepoint    ] Entering safepoint region: RevokeBias
[2022-06-16T19:35:25.467+0000][6420][safepoint    ] Leaving safepoint region
[2022-06-16T19:35:25.467+0000][6420][safepoint    ] Total time for which application threads were stopped: 0.0000948 seconds, Stopping threads took: 0.0000468 seconds
[2022-06-16T19:35:25.467+0000][6420][safepoint    ] Application time: 0.0000898 seconds
[2022-06-16T19:35:25.467+0000][6420][safepoint    ] Entering safepoint region: RevokeBias
[2022-06-16T19:35:25.467+0000][6420][safepoint    ] Leaving safepoint region
[2022-06-16T19:35:25.467+0000][6420][safepoint    ] Total time for which application threads were stopped: 0.0000693 seconds, Stopping threads took: 0.0000213 seconds
[2022-06-16T19:35:25.492+0000][6420][safepoint    ] Application time: 0.0389624 seconds
[2022-06-16T19:35:25.492+0000][6420][safepoint    ] Entering safepoint region: RevokeBias
[2022-06-16T19:35:25.492+0000][6420][safepoint    ] Leaving safepoint region
[2022-06-16T19:35:25.492+0000][6420][safepoint    ] Total time for which application threads were stopped: 0.0001243 seconds, Stopping threads took: 0.0000300 seconds
[2022-06-16T19:35:26.008+0000][6420][safepoint    ] Application time: 0.5089829 seconds
[2022-06-16T19:35:26.008+0000][6420][safepoint    ] Entering safepoint region: RevokeBias
[2022-06-16T19:35:26.008+0000][6420][safepoint    ] Leaving safepoint region
[2022-06-16T19:35:26.008+0000][6420][safepoint    ] Total time for which application threads were stopped: 0.0010496 seconds, Stopping threads took: 0.0009411 seconds
[2022-06-16T19:35:26.008+0000][6420][safepoint    ] Application time: 0.0000393 seconds
[2022-06-16T19:35:26.008+0000][6420][safepoint    ] Entering safepoint region: BulkRevokeBias
[2022-06-16T19:35:26.008+0000][6420][safepoint    ] Leaving safepoint region
[2022-06-16T19:35:26.008+0000][6420][safepoint    ] Total time for which application threads were stopped: 0.0004552 seconds, Stopping threads took: 0.0000482 seconds
[2022-06-16T19:35:26.008+0000][6420][safepoint    ] Application time: 0.0000406 seconds
[2022-06-16T19:35:26.008+0000][6420][safepoint    ] Entering safepoint region: RevokeBias
[2022-06-16T19:35:26.008+0000][6420][safepoint    ] Leaving safepoint region
[2022-06-16T19:35:26.008+0000][6420][safepoint    ] Total time for which application threads were stopped: 0.0000769 seconds, Stopping threads took: 0.0000186 seconds
[2022-06-16T19:35:26.008+0000][6420][safepoint    ] Application time: 0.0009454 seconds
[2022-06-16T19:35:26.008+0000][6420][safepoint    ] Entering safepoint region: RevokeBias
[2022-06-16T19:35:26.008+0000][6420][safepoint    ] Leaving safepoint region
[2022-06-16T19:35:26.008+0000][6420][safepoint    ] Total time for which application threads were stopped: 0.0000819 seconds, Stopping threads took: 0.0000213 seconds
[2022-06-16T19:35:26.149+0000][6420][safepoint    ] Application time: 0.1400061 seconds
[2022-06-16T19:35:26.149+0000][6420][safepoint    ] Entering safepoint region: RevokeBias
[2022-06-16T19:35:26.149+0000][6420][safepoint    ] Leaving safepoint region
[2022-06-16T19:35:26.149+0000][6420][safepoint    ] Total time for which application threads were stopped: 0.0001306 seconds, Stopping threads took: 0.0000257 seconds
[2022-06-16T19:35:26.149+0000][6420][safepoint    ] Application time: 0.0000406 seconds
[2022-06-16T19:35:26.149+0000][6420][safepoint    ] Entering safepoint region: RevokeBias
[2022-06-16T19:35:26.149+0000][6420][safepoint    ] Leaving safepoint region
[2022-06-16T19:35:26.149+0000][6420][safepoint    ] Total time for which application threads were stopped: 0.0000776 seconds, Stopping threads took: 0.0000195 seconds
[2022-06-16T19:35:26.196+0000][6420][safepoint    ] Application time: 0.0401153 seconds
[2022-06-16T19:35:26.196+0000][6420][safepoint    ] Entering safepoint region: BulkRevokeBias
[2022-06-16T19:35:26.196+0000][6420][safepoint    ] Leaving safepoint region
[2022-06-16T19:35:26.196+0000][6420][safepoint    ] Total time for which application threads were stopped: 0.0012979 seconds, Stopping threads took: 0.0000305 seconds
[2022-06-16T19:35:26.242+0000][6420][safepoint    ] Application time: 0.0562155 seconds
[2022-06-16T19:35:26.242+0000][6420][safepoint    ] Entering safepoint region: RevokeBias
[2022-06-16T19:35:26.242+0000][6420][safepoint    ] Leaving safepoint region
[2022-06-16T19:35:26.242+0000][6420][safepoint    ] Total time for which application threads were stopped: 0.0001235 seconds, Stopping threads took: 0.0000298 seconds
[2022-06-16T19:35:26.274+0000][6420][safepoint    ] Application time: 0.0301324 seconds
[2022-06-16T19:35:26.274+0000][6420][safepoint    ] Entering safepoint region: RevokeBias
[2022-06-16T19:35:26.274+0000][6420][safepoint    ] Leaving safepoint region
[2022-06-16T19:35:26.274+0000][6420][safepoint    ] Total time for which application threads were stopped: 0.0001223 seconds, Stopping threads took: 0.0000244 seconds
[2022-06-16T19:35:26.274+0000][6420][safepoint    ] Application time: 0.0002914 seconds
[2022-06-16T19:35:26.274+0000][6420][safepoint    ] Entering safepoint region: RevokeBias
[2022-06-16T19:35:26.274+0000][6420][safepoint    ] Leaving safepoint region
[2022-06-16T19:35:26.274+0000][6420][safepoint    ] Total time for which application threads were stopped: 0.0001150 seconds, Stopping threads took: 0.0000227 seconds
[2022-06-16T19:35:26.289+0000][6420][safepoint    ] Application time: 0.0159974 seconds
[2022-06-16T19:35:26.289+0000][6420][safepoint    ] Entering safepoint region: RevokeBias
[2022-06-16T19:35:26.289+0000][6420][safepoint    ] Leaving safepoint region
[2022-06-16T19:35:26.289+0000][6420][safepoint    ] Total time for which application threads were stopped: 0.0001159 seconds, Stopping threads took: 0.0000242 seconds
[2022-06-16T19:35:26.821+0000][6420][safepoint    ] Application time: 0.5263427 seconds
[2022-06-16T19:35:27.180+0000][6420][safepoint    ] Entering safepoint region: RevokeBias
[2022-06-16T19:35:27.180+0000][6420][safepoint    ] Leaving safepoint region
[2022-06-16T19:35:27.180+0000][6420][safepoint    ] Total time for which application threads were stopped: 0.3548947 seconds, Stopping threads took: 0.3547154 seconds
[2022-06-16T19:35:27.196+0000][6420][safepoint    ] Application time: 0.0119053 seconds
[2022-06-16T19:35:27.196+0000][6420][safepoint    ] Entering safepoint region: RevokeBias
[2022-06-16T19:35:27.196+0000][6420][safepoint    ] Leaving safepoint region
[2022-06-16T19:35:27.196+0000][6420][safepoint    ] Total time for which application threads were stopped: 0.0001475 seconds, Stopping threads took: 0.0000291 seconds
[2022-06-16T19:35:27.227+0000][6420][safepoint    ] Application time: 0.0388214 seconds
[2022-06-16T19:35:27.227+0000][6420][safepoint    ] Entering safepoint region: RevokeBias
[2022-06-16T19:35:27.227+0000][6420][safepoint    ] Leaving safepoint region
[2022-06-16T19:35:27.227+0000][6420][safepoint    ] Total time for which application threads were stopped: 0.0001266 seconds, Stopping threads took: 0.0000301 seconds
[2022-06-16T19:35:27.242+0000][6420][safepoint    ] Application time: 0.0193813 seconds
[2022-06-16T19:35:27.242+0000][6420][safepoint    ] Entering safepoint region: RevokeBias
[2022-06-16T19:35:27.242+0000][6420][safepoint    ] Leaving safepoint region
[2022-06-16T19:35:27.242+0000][6420][safepoint    ] Total time for which application threads were stopped: 0.0001334 seconds, Stopping threads took: 0.0000280 seconds
[2022-06-16T19:35:27.258+0000][6420][safepoint    ] Application time: 0.0016243 seconds
[2022-06-16T19:35:27.258+0000][6420][safepoint    ] Entering safepoint region: RevokeBias
[2022-06-16T19:35:27.258+0000][6420][safepoint    ] Leaving safepoint region
[2022-06-16T19:35:27.258+0000][6420][safepoint    ] Total time for which application threads were stopped: 0.0001128 seconds, Stopping threads took: 0.0000252 seconds
[2022-06-16T19:35:27.258+0000][6420][safepoint    ] Application time: 0.0136501 seconds
[2022-06-16T19:35:27.258+0000][6420][safepoint    ] Entering safepoint region: RevokeBias
[2022-06-16T19:35:27.258+0000][6420][safepoint    ] Leaving safepoint region
[2022-06-16T19:35:27.258+0000][6420][safepoint    ] Total time for which application threads were stopped: 0.0001182 seconds, Stopping threads took: 0.0000274 seconds
[2022-06-16T19:35:27.305+0000][6420][safepoint    ] Application time: 0.0337444 seconds
[2022-06-16T19:35:27.305+0000][6420][safepoint    ] Entering safepoint region: RevokeBias
[2022-06-16T19:35:27.305+0000][6420][safepoint    ] Leaving safepoint region
[2022-06-16T19:35:27.305+0000][6420][safepoint    ] Total time for which application threads were stopped: 0.0007251 seconds, Stopping threads took: 0.0005822 seconds
[2022-06-16T19:35:27.367+0000][6420][safepoint    ] Application time: 0.0654076 seconds
[2022-06-16T19:35:27.367+0000][6420][safepoint    ] Entering safepoint region: RevokeBias
[2022-06-16T19:35:27.367+0000][6420][safepoint    ] Leaving safepoint region
[2022-06-16T19:35:27.367+0000][6420][safepoint    ] Total time for which application threads were stopped: 0.0001722 seconds, Stopping threads took: 0.0000277 seconds
[2022-06-16T19:35:27.461+0000][6420][safepoint    ] Application time: 0.0911012 seconds
[2022-06-16T19:35:27.539+0000][6420][safepoint    ] Entering safepoint region: RevokeBias
[2022-06-16T19:35:27.539+0000][6420][safepoint    ] Leaving safepoint region
[2022-06-16T19:35:27.539+0000][6420][safepoint    ] Total time for which application threads were stopped: 0.0824705 seconds, Stopping threads took: 0.0823245 seconds
[2022-06-16T19:35:27.555+0000][6420][safepoint    ] Application time: 0.0181348 seconds
[2022-06-16T19:35:27.555+0000][6420][safepoint    ] Entering safepoint region: RevokeBias
[2022-06-16T19:35:27.555+0000][6420][safepoint    ] Leaving safepoint region
[2022-06-16T19:35:27.555+0000][6420][safepoint    ] Total time for which application threads were stopped: 0.0006991 seconds, Stopping threads took: 0.0005955 seconds
[2022-06-16T19:35:27.696+0000][6420][safepoint    ] Application time: 0.1309560 seconds
[2022-06-16T19:35:27.696+0000][6420][safepoint    ] Entering safepoint region: RevokeBias
[2022-06-16T19:35:27.696+0000][6420][safepoint    ] Leaving safepoint region
[2022-06-16T19:35:27.696+0000][6420][safepoint    ] Total time for which application threads were stopped: 0.0001839 seconds, Stopping threads took: 0.0000279 seconds
[2022-06-16T19:35:27.696+0000][6420][safepoint    ] Application time: 0.0117368 seconds
[2022-06-16T19:35:27.696+0000][6420][safepoint    ] Entering safepoint region: RevokeBias
[2022-06-16T19:35:27.696+0000][6420][safepoint    ] Leaving safepoint region
[2022-06-16T19:35:27.696+0000][6420][safepoint    ] Total time for which application threads were stopped: 0.0001210 seconds, Stopping threads took: 0.0000294 seconds
[2022-06-16T19:35:27.696+0000][6420][safepoint    ] Application time: 0.0000579 seconds
[2022-06-16T19:35:27.696+0000][6420][safepoint    ] Entering safepoint region: RevokeBias
[2022-06-16T19:35:27.696+0000][6420][safepoint    ] Leaving safepoint region
[2022-06-16T19:35:27.696+0000][6420][safepoint    ] Total time for which application threads were stopped: 0.0000739 seconds, Stopping threads took: 0.0000202 seconds
[2022-06-16T19:35:27.727+0000][6420][safepoint    ] Application time: 0.0198020 seconds
[2022-06-16T19:35:27.727+0000][6420][safepoint    ] Entering safepoint region: RevokeBias
[2022-06-16T19:35:27.727+0000][6420][safepoint    ] Leaving safepoint region
[2022-06-16T19:35:27.727+0000][6420][safepoint    ] Total time for which application threads were stopped: 0.0002430 seconds, Stopping threads took: 0.0001308 seconds
[2022-06-16T19:35:27.727+0000][6420][safepoint    ] Application time: 0.0001976 seconds
[2022-06-16T19:35:27.727+0000][6420][safepoint    ] Entering safepoint region: RevokeBias
[2022-06-16T19:35:27.727+0000][6420][safepoint    ] Leaving safepoint region
[2022-06-16T19:35:27.727+0000][6420][safepoint    ] Total time for which application threads were stopped: 0.0008233 seconds, Stopping threads took: 0.0007325 seconds
[2022-06-16T19:35:27.727+0000][6420][safepoint    ] Application time: 0.0002680 seconds
[2022-06-16T19:35:27.727+0000][6420][safepoint    ] Entering safepoint region: RevokeBias
[2022-06-16T19:35:27.727+0000][6420][safepoint    ] Leaving safepoint region
[2022-06-16T19:35:27.727+0000][6420][safepoint    ] Total time for which application threads were stopped: 0.0009230 seconds, Stopping threads took: 0.0008529 seconds
[2022-06-16T19:35:27.727+0000][6420][safepoint    ] Application time: 0.0006871 seconds
[2022-06-16T19:35:27.727+0000][6420][safepoint    ] Entering safepoint region: RevokeBias
[2022-06-16T19:35:27.727+0000][6420][safepoint    ] Leaving safepoint region
[2022-06-16T19:35:27.727+0000][6420][safepoint    ] Total time for which application threads were stopped: 0.0000839 seconds, Stopping threads took: 0.0000220 seconds
[2022-06-16T19:35:27.805+0000][6420][safepoint    ] Application time: 0.0757020 seconds
[2022-06-16T19:35:27.805+0000][6420][safepoint    ] Entering safepoint region: RevokeBias
[2022-06-16T19:35:27.805+0000][6420][safepoint    ] Leaving safepoint region
[2022-06-16T19:35:27.805+0000][6420][safepoint    ] Total time for which application threads were stopped: 0.0001965 seconds, Stopping threads took: 0.0000729 seconds
[2022-06-16T19:35:27.805+0000][6420][safepoint    ] Application time: 0.0105208 seconds
[2022-06-16T19:35:27.805+0000][6420][safepoint    ] Entering safepoint region: RevokeBias
[2022-06-16T19:35:27.805+0000][6420][safepoint    ] Leaving safepoint region
[2022-06-16T19:35:27.805+0000][6420][safepoint    ] Total time for which application threads were stopped: 0.0001517 seconds, Stopping threads took: 0.0000326 seconds
[2022-06-16T19:35:28.742+0000][6420][safepoint    ] Application time: 0.9339240 seconds
[2022-06-16T19:35:28.742+0000][6420][safepoint    ] Entering safepoint region: RevokeBias
[2022-06-16T19:35:28.742+0000][6420][safepoint    ] Leaving safepoint region
[2022-06-16T19:35:28.742+0000][6420][safepoint    ] Total time for which application threads were stopped: 0.0001480 seconds, Stopping threads took: 0.0000352 seconds
[2022-06-16T19:35:28.742+0000][6420][safepoint    ] Application time: 0.0000420 seconds
[2022-06-16T19:35:28.742+0000][6420][safepoint    ] Entering safepoint region: RevokeBias
[2022-06-16T19:35:28.742+0000][6420][safepoint    ] Leaving safepoint region
[2022-06-16T19:35:28.742+0000][6420][safepoint    ] Total time for which application threads were stopped: 0.0000750 seconds, Stopping threads took: 0.0000196 seconds
[2022-06-16T19:35:28.742+0000][6420][safepoint    ] Application time: 0.0000135 seconds
[2022-06-16T19:35:28.742+0000][6420][safepoint    ] Entering safepoint region: RevokeBias
[2022-06-16T19:35:28.742+0000][6420][safepoint    ] Leaving safepoint region
[2022-06-16T19:35:28.742+0000][6420][safepoint    ] Total time for which application threads were stopped: 0.0000685 seconds, Stopping threads took: 0.0000193 seconds
[2022-06-16T19:35:28.742+0000][6420][safepoint    ] Application time: 0.0000112 seconds
[2022-06-16T19:35:28.742+0000][6420][safepoint    ] Entering safepoint region: RevokeBias
[2022-06-16T19:35:28.742+0000][6420][safepoint    ] Leaving safepoint region
[2022-06-16T19:35:28.742+0000][6420][safepoint    ] Total time for which application threads were stopped: 0.0000687 seconds, Stopping threads took: 0.0000194 seconds
[2022-06-16T19:35:28.774+0000][6420][safepoint    ] Application time: 0.0353414 seconds
[2022-06-16T19:35:28.774+0000][6420][safepoint    ] Entering safepoint region: RevokeBias
[2022-06-16T19:35:28.774+0000][6420][safepoint    ] Leaving safepoint region
[2022-06-16T19:35:28.774+0000][6420][safepoint    ] Total time for which application threads were stopped: 0.0001419 seconds, Stopping threads took: 0.0000431 seconds
[2022-06-16T19:35:28.836+0000][6420][safepoint    ] Application time: 0.0533619 seconds
[2022-06-16T19:35:28.836+0000][6420][safepoint    ] Entering safepoint region: RevokeBias
[2022-06-16T19:35:28.836+0000][6420][safepoint    ] Leaving safepoint region
[2022-06-16T19:35:28.836+0000][6420][safepoint    ] Total time for which application threads were stopped: 0.0001366 seconds, Stopping threads took: 0.0000352 seconds
[2022-06-16T19:35:28.836+0000][6420][safepoint    ] Application time: 0.0000207 seconds
[2022-06-16T19:35:28.836+0000][6420][safepoint    ] Entering safepoint region: RevokeBias
[2022-06-16T19:35:28.836+0000][6420][safepoint    ] Leaving safepoint region
[2022-06-16T19:35:28.836+0000][6420][safepoint    ] Total time for which application threads were stopped: 0.0000641 seconds, Stopping threads took: 0.0000184 seconds
[2022-06-16T19:35:28.836+0000][6420][safepoint    ] Application time: 0.0000660 seconds
[2022-06-16T19:35:28.836+0000][6420][safepoint    ] Entering safepoint region: RevokeBias
[2022-06-16T19:35:28.836+0000][6420][safepoint    ] Leaving safepoint region
[2022-06-16T19:35:28.836+0000][6420][safepoint    ] Total time for which application threads were stopped: 0.0000774 seconds, Stopping threads took: 0.0000263 seconds
[2022-06-16T19:35:28.852+0000][6420][safepoint    ] Application time: 0.0181933 seconds
[2022-06-16T19:35:28.852+0000][6420][safepoint    ] Entering safepoint region: RevokeBias
[2022-06-16T19:35:28.852+0000][6420][safepoint    ] Leaving safepoint region
[2022-06-16T19:35:28.852+0000][6420][safepoint    ] Total time for which application threads were stopped: 0.0001316 seconds, Stopping threads took: 0.0000306 seconds
[2022-06-16T19:35:28.852+0000][6420][safepoint    ] Application time: 0.0000354 seconds
[2022-06-16T19:35:28.852+0000][6420][safepoint    ] Entering safepoint region: RevokeBias
[2022-06-16T19:35:28.852+0000][6420][safepoint    ] Leaving safepoint region
[2022-06-16T19:35:28.852+0000][6420][safepoint    ] Total time for which application threads were stopped: 0.0000779 seconds, Stopping threads took: 0.0000250 seconds
[2022-06-16T19:35:28.852+0000][6420][safepoint    ] Application time: 0.0000132 seconds
[2022-06-16T19:35:28.852+0000][6420][safepoint    ] Entering safepoint region: RevokeBias
[2022-06-16T19:35:28.852+0000][6420][safepoint    ] Leaving safepoint region
[2022-06-16T19:35:28.852+0000][6420][safepoint    ] Total time for which application threads were stopped: 0.0000671 seconds, Stopping threads took: 0.0000189 seconds
[2022-06-16T19:35:29.852+0000][6420][safepoint    ] Application time: 0.9910862 seconds
[2022-06-16T19:35:29.852+0000][6420][safepoint    ] Entering safepoint region: Cleanup
[2022-06-16T19:35:29.852+0000][6420][safepoint    ] Leaving safepoint region
[2022-06-16T19:35:29.852+0000][6420][safepoint    ] Total time for which application threads were stopped: 0.0001262 seconds, Stopping threads took: 0.0000321 seconds
[2022-06-16T19:35:30.861+0000][6420][safepoint    ] Application time: 1.0086632 seconds
[2022-06-16T19:35:30.861+0000][6420][safepoint    ] Entering safepoint region: Cleanup
[2022-06-16T19:35:30.861+0000][6420][safepoint    ] Leaving safepoint region
[2022-06-16T19:35:30.861+0000][6420][safepoint    ] Total time for which application threads were stopped: 0.0000990 seconds, Stopping threads took: 0.0000222 seconds
[2022-06-16T19:35:31.017+0000][6420][safepoint    ] Application time: 0.1567860 seconds
[2022-06-16T19:35:31.018+0000][6420][safepoint    ] Entering safepoint region: RevokeBias
[2022-06-16T19:35:31.018+0000][6420][safepoint    ] Leaving safepoint region
[2022-06-16T19:35:31.018+0000][6420][safepoint    ] Total time for which application threads were stopped: 0.0001494 seconds, Stopping threads took: 0.0000688 seconds
[2022-06-16T19:35:31.018+0000][6420][safepoint    ] Application time: 0.0000454 seconds
[2022-06-16T19:35:31.018+0000][6420][safepoint    ] Entering safepoint region: RevokeBias
[2022-06-16T19:35:31.018+0000][6420][safepoint    ] Leaving safepoint region
[2022-06-16T19:35:31.018+0000][6420][safepoint    ] Total time for which application threads were stopped: 0.0000515 seconds, Stopping threads took: 0.0000128 seconds
[2022-06-16T19:35:31.018+0000][6420][safepoint    ] Application time: 0.0000375 seconds
[2022-06-16T19:35:31.018+0000][6420][safepoint    ] Entering safepoint region: RevokeBias
[2022-06-16T19:35:31.018+0000][6420][safepoint    ] Leaving safepoint region
[2022-06-16T19:35:31.018+0000][6420][safepoint    ] Total time for which application threads were stopped: 0.0000463 seconds, Stopping threads took: 0.0000123 seconds
[2022-06-16T19:35:32.022+0000][6420][safepoint    ] Application time: 1.0039881 seconds
[2022-06-16T19:35:32.022+0000][6420][safepoint    ] Entering safepoint region: Cleanup
[2022-06-16T19:35:32.022+0000][6420][safepoint    ] Leaving safepoint region
[2022-06-16T19:35:32.022+0000][6420][safepoint    ] Total time for which application threads were stopped: 0.0001046 seconds, Stopping threads took: 0.0000234 seconds
[2022-06-16T19:35:33.030+0000][6420][safepoint    ] Application time: 1.0081278 seconds
[2022-06-16T19:35:33.030+0000][6420][safepoint    ] Entering safepoint region: Cleanup
[2022-06-16T19:35:33.030+0000][6420][safepoint    ] Leaving safepoint region
[2022-06-16T19:35:33.030+0000][6420][safepoint    ] Total time for which application threads were stopped: 0.0001204 seconds, Stopping threads took: 0.0000321 seconds
[2022-06-16T19:35:34.038+0000][6420][safepoint    ] Application time: 1.0074114 seconds
[2022-06-16T19:35:34.038+0000][6420][safepoint    ] Entering safepoint region: Cleanup
[2022-06-16T19:35:34.038+0000][6420][safepoint    ] Leaving safepoint region
[2022-06-16T19:35:34.038+0000][6420][safepoint    ] Total time for which application threads were stopped: 0.0001242 seconds, Stopping threads took: 0.0000263 seconds
[2022-06-16T19:35:35.050+0000][6420][safepoint    ] Application time: 1.0122060 seconds
[2022-06-16T19:35:35.050+0000][6420][safepoint    ] Entering safepoint region: Cleanup
[2022-06-16T19:35:35.050+0000][6420][safepoint    ] Leaving safepoint region
[2022-06-16T19:35:35.050+0000][6420][safepoint    ] Total time for which application threads were stopped: 0.0000977 seconds, Stopping threads took: 0.0000247 seconds
[2022-06-16T19:35:36.061+0000][6420][safepoint    ] Application time: 1.0105826 seconds
[2022-06-16T19:35:36.061+0000][6420][safepoint    ] Entering safepoint region: Cleanup
[2022-06-16T19:35:36.061+0000][6420][safepoint    ] Leaving safepoint region
[2022-06-16T19:35:36.061+0000][6420][safepoint    ] Total time for which application threads were stopped: 0.0001007 seconds, Stopping threads took: 0.0000253 seconds
[2022-06-16T19:35:37.067+0000][6420][safepoint    ] Application time: 1.0054983 seconds
[2022-06-16T19:35:37.067+0000][6420][safepoint    ] Entering safepoint region: Cleanup
[2022-06-16T19:35:37.067+0000][6420][safepoint    ] Leaving safepoint region
[2022-06-16T19:35:37.067+0000][6420][safepoint    ] Total time for which application threads were stopped: 0.0001008 seconds, Stopping threads took: 0.0000252 seconds
[2022-06-16T19:35:38.072+0000][6420][safepoint    ] Application time: 1.0049816 seconds
[2022-06-16T19:35:38.072+0000][6420][safepoint    ] Entering safepoint region: Cleanup
[2022-06-16T19:35:38.072+0000][6420][safepoint    ] Leaving safepoint region
[2022-06-16T19:35:38.072+0000][6420][safepoint    ] Total time for which application threads were stopped: 0.0001015 seconds, Stopping threads took: 0.0000251 seconds
[2022-06-16T19:35:39.087+0000][6420][safepoint    ] Application time: 1.0152493 seconds
[2022-06-16T19:35:39.087+0000][6420][safepoint    ] Entering safepoint region: Cleanup
[2022-06-16T19:35:39.087+0000][6420][safepoint    ] Leaving safepoint region
[2022-06-16T19:35:39.087+0000][6420][safepoint    ] Total time for which application threads were stopped: 0.0000991 seconds, Stopping threads took: 0.0000231 seconds
[2022-06-16T19:35:40.093+0000][6420][safepoint    ] Application time: 1.0058395 seconds
[2022-06-16T19:35:40.093+0000][6420][safepoint    ] Entering safepoint region: Cleanup
[2022-06-16T19:35:40.093+0000][6420][safepoint    ] Leaving safepoint region
[2022-06-16T19:35:40.093+0000][6420][safepoint    ] Total time for which application threads were stopped: 0.0001179 seconds, Stopping threads took: 0.0000317 seconds
[2022-06-16T19:35:41.105+0000][6420][safepoint    ] Application time: 1.0118036 seconds
[2022-06-16T19:35:41.105+0000][6420][safepoint    ] Entering safepoint region: Cleanup
[2022-06-16T19:35:41.105+0000][6420][safepoint    ] Leaving safepoint region
[2022-06-16T19:35:41.105+0000][6420][safepoint    ] Total time for which application threads were stopped: 0.0001389 seconds, Stopping threads took: 0.0000330 seconds
[2022-06-16T19:35:42.111+0000][6420][safepoint    ] Application time: 1.0048681 seconds
[2022-06-16T19:35:42.111+0000][6420][safepoint    ] Entering safepoint region: Cleanup
[2022-06-16T19:35:42.111+0000][6420][safepoint    ] Leaving safepoint region
[2022-06-16T19:35:42.111+0000][6420][safepoint    ] Total time for which application threads were stopped: 0.0000985 seconds, Stopping threads took: 0.0000236 seconds
[2022-06-16T19:35:43.126+0000][6420][safepoint    ] Application time: 1.0150304 seconds
[2022-06-16T19:35:43.126+0000][6420][safepoint    ] Entering safepoint region: Cleanup
[2022-06-16T19:35:43.126+0000][6420][safepoint    ] Leaving safepoint region
[2022-06-16T19:35:43.126+0000][6420][safepoint    ] Total time for which application threads were stopped: 0.0001007 seconds, Stopping threads took: 0.0000224 seconds
[2022-06-16T19:35:44.130+0000][6420][safepoint    ] Application time: 1.0036809 seconds
[2022-06-16T19:35:44.130+0000][6420][safepoint    ] Entering safepoint region: Cleanup
[2022-06-16T19:35:44.130+0000][6420][safepoint    ] Leaving safepoint region
[2022-06-16T19:35:44.130+0000][6420][safepoint    ] Total time for which application threads were stopped: 0.0001016 seconds, Stopping threads took: 0.0000222 seconds
[2022-06-16T19:35:45.141+0000][6420][safepoint    ] Application time: 1.0114962 seconds
[2022-06-16T19:35:45.141+0000][6420][safepoint    ] Entering safepoint region: Cleanup
[2022-06-16T19:35:45.141+0000][6420][safepoint    ] Leaving safepoint region
[2022-06-16T19:35:45.141+0000][6420][safepoint    ] Total time for which application threads were stopped: 0.0001027 seconds, Stopping threads took: 0.0000238 seconds
[2022-06-16T19:35:46.143+0000][6420][safepoint    ] Application time: 1.0010372 seconds
[2022-06-16T19:35:46.143+0000][6420][safepoint    ] Entering safepoint region: Cleanup
[2022-06-16T19:35:46.143+0000][6420][safepoint    ] Leaving safepoint region
[2022-06-16T19:35:46.143+0000][6420][safepoint    ] Total time for which application threads were stopped: 0.0001102 seconds, Stopping threads took: 0.0000328 seconds
[2022-06-16T19:35:47.149+0000][6420][safepoint    ] Application time: 1.0064919 seconds
[2022-06-16T19:35:47.149+0000][6420][safepoint    ] Entering safepoint region: Cleanup
[2022-06-16T19:35:47.149+0000][6420][safepoint    ] Leaving safepoint region
[2022-06-16T19:35:47.149+0000][6420][safepoint    ] Total time for which application threads were stopped: 0.0001280 seconds, Stopping threads took: 0.0000302 seconds
[2022-06-16T19:35:48.157+0000][6420][safepoint    ] Application time: 1.0080554 seconds
[2022-06-16T19:35:48.157+0000][6420][safepoint    ] Entering safepoint region: Cleanup
[2022-06-16T19:35:48.157+0000][6420][safepoint    ] Leaving safepoint region
[2022-06-16T19:35:48.157+0000][6420][safepoint    ] Total time for which application threads were stopped: 0.0001131 seconds, Stopping threads took: 0.0000294 seconds
[2022-06-16T19:35:49.158+0000][6420][safepoint    ] Application time: 1.0005324 seconds
[2022-06-16T19:35:49.158+0000][6420][safepoint    ] Entering safepoint region: Cleanup
[2022-06-16T19:35:49.158+0000][6420][safepoint    ] Leaving safepoint region
[2022-06-16T19:35:49.158+0000][6420][safepoint    ] Total time for which application threads were stopped: 0.0000986 seconds, Stopping threads took: 0.0000223 seconds
[2022-06-16T19:35:50.169+0000][6420][safepoint    ] Application time: 1.0105304 seconds
[2022-06-16T19:35:50.169+0000][6420][safepoint    ] Entering safepoint region: Cleanup
[2022-06-16T19:35:50.169+0000][6420][safepoint    ] Leaving safepoint region
[2022-06-16T19:35:50.169+0000][6420][safepoint    ] Total time for which application threads were stopped: 0.0001062 seconds, Stopping threads took: 0.0000236 seconds
[2022-06-16T19:35:51.185+0000][6420][safepoint    ] Application time: 1.0154225 seconds
[2022-06-16T19:35:51.185+0000][6420][safepoint    ] Entering safepoint region: Cleanup
[2022-06-16T19:35:51.185+0000][6420][safepoint    ] Leaving safepoint region
[2022-06-16T19:35:51.185+0000][6420][safepoint    ] Total time for which application threads were stopped: 0.0000979 seconds, Stopping threads took: 0.0000233 seconds
[2022-06-16T19:35:52.194+0000][6420][safepoint    ] Application time: 1.0097772 seconds
[2022-06-16T19:35:52.194+0000][6420][safepoint    ] Entering safepoint region: Cleanup
[2022-06-16T19:35:52.194+0000][6420][safepoint    ] Leaving safepoint region
[2022-06-16T19:35:52.194+0000][6420][safepoint    ] Total time for which application threads were stopped: 0.0001162 seconds, Stopping threads took: 0.0000299 seconds
[2022-06-16T19:35:53.208+0000][6420][safepoint    ] Application time: 1.0130711 seconds
[2022-06-16T19:35:53.208+0000][6420][safepoint    ] Entering safepoint region: Cleanup
[2022-06-16T19:35:53.208+0000][6420][safepoint    ] Leaving safepoint region
[2022-06-16T19:35:53.208+0000][6420][safepoint    ] Total time for which application threads were stopped: 0.0000967 seconds, Stopping threads took: 0.0000220 seconds
[2022-06-16T19:35:54.216+0000][6420][safepoint    ] Application time: 1.0075607 seconds
[2022-06-16T19:35:54.216+0000][6420][safepoint    ] Entering safepoint region: Cleanup
[2022-06-16T19:35:54.216+0000][6420][safepoint    ] Leaving safepoint region
[2022-06-16T19:35:54.216+0000][6420][safepoint    ] Total time for which application threads were stopped: 0.0001104 seconds, Stopping threads took: 0.0000271 seconds
[2022-06-16T19:35:54.840+0000][6420][safepoint    ] Application time: 0.6257224 seconds
[2022-06-16T19:35:54.840+0000][6420][safepoint    ] Entering safepoint region: RevokeBias
[2022-06-16T19:35:54.840+0000][6420][safepoint    ] Leaving safepoint region
[2022-06-16T19:35:54.840+0000][6420][safepoint    ] Total time for which application threads were stopped: 0.0001424 seconds, Stopping threads took: 0.0000357 seconds
[2022-06-16T19:35:54.840+0000][6420][safepoint    ] Application time: 0.0061376 seconds
[2022-06-16T19:35:54.840+0000][6420][safepoint    ] Entering safepoint region: RevokeBias
[2022-06-16T19:35:54.840+0000][6420][safepoint    ] Leaving safepoint region
[2022-06-16T19:35:54.840+0000][6420][safepoint    ] Total time for which application threads were stopped: 0.0000896 seconds, Stopping threads took: 0.0000164 seconds
[2022-06-16T19:35:54.840+0000][6420][safepoint    ] Application time: 0.0023612 seconds
[2022-06-16T19:35:54.840+0000][6420][safepoint    ] Entering safepoint region: RevokeBias
[2022-06-16T19:35:54.840+0000][6420][safepoint    ] Leaving safepoint region
[2022-06-16T19:35:54.840+0000][6420][safepoint    ] Total time for which application threads were stopped: 0.0000679 seconds, Stopping threads took: 0.0000147 seconds
[2022-06-16T19:35:54.840+0000][6420][safepoint    ] Application time: 0.0004762 seconds
[2022-06-16T19:35:54.840+0000][6420][safepoint    ] Entering safepoint region: RevokeBias
[2022-06-16T19:35:54.840+0000][6420][safepoint    ] Leaving safepoint region
[2022-06-16T19:35:54.840+0000][6420][safepoint    ] Total time for which application threads were stopped: 0.0000612 seconds, Stopping threads took: 0.0000137 seconds
[2022-06-16T19:35:54.840+0000][6420][safepoint    ] Application time: 0.0006398 seconds
[2022-06-16T19:35:54.840+0000][6420][safepoint    ] Entering safepoint region: RevokeBias
[2022-06-16T19:35:54.840+0000][6420][safepoint    ] Leaving safepoint region
[2022-06-16T19:35:54.840+0000][6420][safepoint    ] Total time for which application threads were stopped: 0.0000906 seconds, Stopping threads took: 0.0000443 seconds
[2022-06-16T19:35:55.846+0000][6420][safepoint    ] Application time: 0.9946078 seconds
[2022-06-16T19:35:55.846+0000][6420][safepoint    ] Entering safepoint region: Cleanup
[2022-06-16T19:35:55.846+0000][6420][safepoint    ] Leaving safepoint region
[2022-06-16T19:35:55.846+0000][6420][safepoint    ] Total time for which application threads were stopped: 0.0001418 seconds, Stopping threads took: 0.0000287 seconds
[2022-06-16T19:35:56.341+0000][6420][safepoint    ] Application time: 0.4950172 seconds
[2022-06-16T19:35:56.341+0000][6420][safepoint    ] Entering safepoint region: RevokeBias
[2022-06-16T19:35:56.341+0000][6420][safepoint    ] Leaving safepoint region
[2022-06-16T19:35:56.341+0000][6420][safepoint    ] Total time for which application threads were stopped: 0.0001157 seconds, Stopping threads took: 0.0000209 seconds
[2022-06-16T19:35:56.341+0000][6420][safepoint    ] Application time: 0.0015698 seconds
[2022-06-16T19:35:56.341+0000][6420][safepoint    ] Entering safepoint region: RevokeBias
[2022-06-16T19:35:56.341+0000][6420][safepoint    ] Leaving safepoint region
[2022-06-16T19:35:56.341+0000][6420][safepoint    ] Total time for which application threads were stopped: 0.0001310 seconds, Stopping threads took: 0.0000536 seconds
[2022-06-16T19:35:56.341+0000][6420][safepoint    ] Application time: 0.0002385 seconds
[2022-06-16T19:35:56.341+0000][6420][safepoint    ] Entering safepoint region: RevokeBias
[2022-06-16T19:35:56.341+0000][6420][safepoint    ] Leaving safepoint region
[2022-06-16T19:35:56.341+0000][6420][safepoint    ] Total time for which application threads were stopped: 0.0000904 seconds, Stopping threads took: 0.0000319 seconds
[2022-06-16T19:35:56.373+0000][6420][safepoint    ] Application time: 0.0288830 seconds
[2022-06-16T19:35:56.373+0000][6420][safepoint    ] Entering safepoint region: RevokeBias
[2022-06-16T19:35:56.373+0000][6420][safepoint    ] Leaving safepoint region
[2022-06-16T19:35:56.373+0000][6420][safepoint    ] Total time for which application threads were stopped: 0.0001432 seconds, Stopping threads took: 0.0000318 seconds
[2022-06-16T19:35:56.373+0000][6420][safepoint    ] Application time: 0.0000526 seconds
[2022-06-16T19:35:56.373+0000][6420][safepoint    ] Entering safepoint region: RevokeBias
[2022-06-16T19:35:56.373+0000][6420][safepoint    ] Leaving safepoint region
[2022-06-16T19:35:56.373+0000][6420][safepoint    ] Total time for which application threads were stopped: 0.0000881 seconds, Stopping threads took: 0.0000214 seconds
[2022-06-16T19:35:56.373+0000][6420][safepoint    ] Application time: 0.0003143 seconds
[2022-06-16T19:35:56.373+0000][6420][safepoint    ] Entering safepoint region: RevokeBias
[2022-06-16T19:35:56.373+0000][6420][safepoint    ] Leaving safepoint region
[2022-06-16T19:35:56.373+0000][6420][safepoint    ] Total time for which application threads were stopped: 0.0001209 seconds, Stopping threads took: 0.0000245 seconds
[2022-06-16T19:35:56.373+0000][6420][safepoint    ] Application time: 0.0031684 seconds
[2022-06-16T19:35:56.373+0000][6420][safepoint    ] Entering safepoint region: RevokeBias
[2022-06-16T19:35:56.373+0000][6420][safepoint    ] Leaving safepoint region
[2022-06-16T19:35:56.373+0000][6420][safepoint    ] Total time for which application threads were stopped: 0.0001093 seconds, Stopping threads took: 0.0000256 seconds
[2022-06-16T19:35:56.404+0000][6420][safepoint    ] Application time: 0.0270849 seconds
[2022-06-16T19:35:56.404+0000][6420][safepoint    ] Entering safepoint region: RevokeBias
[2022-06-16T19:35:56.404+0000][6420][safepoint    ] Leaving safepoint region
[2022-06-16T19:35:56.404+0000][6420][safepoint    ] Total time for which application threads were stopped: 0.0001458 seconds, Stopping threads took: 0.0000337 seconds
[2022-06-16T19:35:56.404+0000][6420][safepoint    ] Application time: 0.0000705 seconds
[2022-06-16T19:35:56.404+0000][6420][safepoint    ] Entering safepoint region: RevokeBias
[2022-06-16T19:35:56.404+0000][6420][safepoint    ] Leaving safepoint region
[2022-06-16T19:35:56.404+0000][6420][safepoint    ] Total time for which application threads were stopped: 0.0000975 seconds, Stopping threads took: 0.0000210 seconds
[2022-06-16T19:35:56.404+0000][6420][safepoint    ] Application time: 0.0003943 seconds
[2022-06-16T19:35:56.404+0000][6420][safepoint    ] Entering safepoint region: RevokeBias
[2022-06-16T19:35:56.404+0000][6420][safepoint    ] Leaving safepoint region
[2022-06-16T19:35:56.404+0000][6420][safepoint    ] Total time for which application threads were stopped: 0.0001085 seconds, Stopping threads took: 0.0000277 seconds
[2022-06-16T19:35:56.404+0000][6420][safepoint    ] Application time: 0.0002243 seconds
[2022-06-16T19:35:56.404+0000][6420][safepoint    ] Entering safepoint region: RevokeBias
[2022-06-16T19:35:56.404+0000][6420][safepoint    ] Leaving safepoint region
[2022-06-16T19:35:56.404+0000][6420][safepoint    ] Total time for which application threads were stopped: 0.0000892 seconds, Stopping threads took: 0.0000256 seconds
[2022-06-16T19:36:06.458+0000][6420][safepoint    ] Application time: 10.0526895 seconds
[2022-06-16T19:36:06.458+0000][6420][safepoint    ] Entering safepoint region: Cleanup
[2022-06-16T19:36:06.458+0000][6420][safepoint    ] Leaving safepoint region
[2022-06-16T19:36:06.458+0000][6420][safepoint    ] Total time for which application threads were stopped: 0.0001074 seconds, Stopping threads took: 0.0000218 seconds
[2022-06-16T19:36:07.472+0000][6420][safepoint    ] Application time: 1.0134999 seconds
[2022-06-16T19:36:07.472+0000][6420][safepoint    ] Entering safepoint region: Cleanup
[2022-06-16T19:36:07.472+0000][6420][safepoint    ] Leaving safepoint region
[2022-06-16T19:36:07.472+0000][6420][safepoint    ] Total time for which application threads were stopped: 0.0001111 seconds, Stopping threads took: 0.0000247 seconds
[2022-06-16T19:36:09.487+0000][6420][safepoint    ] Application time: 2.0148237 seconds
[2022-06-16T19:36:09.487+0000][6420][safepoint    ] Entering safepoint region: Cleanup
[2022-06-16T19:36:09.487+0000][6420][safepoint    ] Leaving safepoint region
[2022-06-16T19:36:09.487+0000][6420][safepoint    ] Total time for which application threads were stopped: 0.0001433 seconds, Stopping threads took: 0.0000310 seconds
[2022-06-16T19:36:11.503+0000][6420][safepoint    ] Application time: 2.0158445 seconds
[2022-06-16T19:36:11.503+0000][6420][safepoint    ] Entering safepoint region: Cleanup
[2022-06-16T19:36:11.503+0000][6420][safepoint    ] Leaving safepoint region
[2022-06-16T19:36:11.503+0000][6420][safepoint    ] Total time for which application threads were stopped: 0.0001100 seconds, Stopping threads took: 0.0000231 seconds
[2022-06-16T19:36:12.405+0000][6420][safepoint    ] Application time: 0.9023421 seconds
[2022-06-16T19:36:12.405+0000][6420][safepoint    ] Entering safepoint region: RevokeBias
[2022-06-16T19:36:12.405+0000][6420][safepoint    ] Leaving safepoint region
[2022-06-16T19:36:12.405+0000][6420][safepoint    ] Total time for which application threads were stopped: 0.0001054 seconds, Stopping threads took: 0.0000205 seconds
[2022-06-16T19:36:18.893+0000][6420][safepoint    ] Application time: 6.4872663 seconds
[2022-06-16T19:36:18.893+0000][6420][safepoint    ] Entering safepoint region: RevokeBias
[2022-06-16T19:36:18.893+0000][6420][safepoint    ] Leaving safepoint region
[2022-06-16T19:36:18.893+0000][6420][safepoint    ] Total time for which application threads were stopped: 0.0000954 seconds, Stopping threads took: 0.0000189 seconds
[2022-06-16T19:36:23.226+0000][6420][safepoint    ] Application time: 4.3333459 seconds
[2022-06-16T19:36:23.226+0000][6420][safepoint    ] Entering safepoint region: RevokeBias
[2022-06-16T19:36:23.226+0000][6420][safepoint    ] Leaving safepoint region
[2022-06-16T19:36:23.226+0000][6420][safepoint    ] Total time for which application threads were stopped: 0.0001227 seconds, Stopping threads took: 0.0000201 seconds
[2022-06-16T19:36:23.664+0000][6420][safepoint    ] Application time: 0.4372925 seconds
[2022-06-16T19:36:23.664+0000][6420][safepoint    ] Entering safepoint region: RevokeBias
[2022-06-16T19:36:23.664+0000][6420][safepoint    ] Leaving safepoint region
[2022-06-16T19:36:23.664+0000][6420][safepoint    ] Total time for which application threads were stopped: 0.0001259 seconds, Stopping threads took: 0.0000251 seconds
[2022-06-16T19:36:23.961+0000][6420][safepoint    ] Application time: 0.2969678 seconds
[2022-06-16T19:36:23.961+0000][6420][safepoint    ] Entering safepoint region: RevokeBias
[2022-06-16T19:36:23.961+0000][6420][safepoint    ] Leaving safepoint region
[2022-06-16T19:36:23.961+0000][6420][safepoint    ] Total time for which application threads were stopped: 0.0001479 seconds, Stopping threads took: 0.0000338 seconds
[2022-06-16T19:36:23.961+0000][6420][safepoint    ] Application time: 0.0003627 seconds
[2022-06-16T19:36:23.961+0000][6420][safepoint    ] Entering safepoint region: RevokeBias
[2022-06-16T19:36:23.961+0000][6420][safepoint    ] Leaving safepoint region
[2022-06-16T19:36:23.961+0000][6420][safepoint    ] Total time for which application threads were stopped: 0.0001221 seconds, Stopping threads took: 0.0000293 seconds
[2022-06-16T19:36:23.961+0000][6420][safepoint    ] Application time: 0.0001833 seconds
[2022-06-16T19:36:23.961+0000][6420][safepoint    ] Entering safepoint region: RevokeBias
[2022-06-16T19:36:23.961+0000][6420][safepoint    ] Leaving safepoint region
[2022-06-16T19:36:23.961+0000][6420][safepoint    ] Total time for which application threads were stopped: 0.0001065 seconds, Stopping threads took: 0.0000249 seconds
[2022-06-16T19:36:23.961+0000][6420][safepoint    ] Application time: 0.0001606 seconds
[2022-06-16T19:36:23.961+0000][6420][safepoint    ] Entering safepoint region: RevokeBias
[2022-06-16T19:36:23.961+0000][6420][safepoint    ] Leaving safepoint region
[2022-06-16T19:36:23.961+0000][6420][safepoint    ] Total time for which application threads were stopped: 0.0001058 seconds, Stopping threads took: 0.0000299 seconds
[2022-06-16T19:36:23.961+0000][6420][safepoint    ] Application time: 0.0002934 seconds
[2022-06-16T19:36:23.961+0000][6420][safepoint    ] Entering safepoint region: RevokeBias
[2022-06-16T19:36:23.961+0000][6420][safepoint    ] Leaving safepoint region
[2022-06-16T19:36:23.961+0000][6420][safepoint    ] Total time for which application threads were stopped: 0.0000989 seconds, Stopping threads took: 0.0000242 seconds
[2022-06-16T19:36:23.961+0000][6420][safepoint    ] Application time: 0.0001452 seconds
[2022-06-16T19:36:23.961+0000][6420][safepoint    ] Entering safepoint region: RevokeBias
[2022-06-16T19:36:23.961+0000][6420][safepoint    ] Leaving safepoint region
[2022-06-16T19:36:23.961+0000][6420][safepoint    ] Total time for which application threads were stopped: 0.0000863 seconds, Stopping threads took: 0.0000224 seconds
[2022-06-16T19:36:23.961+0000][6420][safepoint    ] Application time: 0.0001314 seconds
[2022-06-16T19:36:23.961+0000][6420][safepoint    ] Entering safepoint region: RevokeBias
[2022-06-16T19:36:23.961+0000][6420][safepoint    ] Leaving safepoint region
[2022-06-16T19:36:23.961+0000][6420][safepoint    ] Total time for which application threads were stopped: 0.0000795 seconds, Stopping threads took: 0.0000227 seconds
[2022-06-16T19:36:23.961+0000][6420][safepoint    ] Application time: 0.0001355 seconds
[2022-06-16T19:36:23.961+0000][6420][safepoint    ] Entering safepoint region: RevokeBias
[2022-06-16T19:36:23.961+0000][6420][safepoint    ] Leaving safepoint region
[2022-06-16T19:36:23.961+0000][6420][safepoint    ] Total time for which application threads were stopped: 0.0000823 seconds, Stopping threads took: 0.0000227 seconds
[2022-06-16T19:36:24.857+0000][6420][safepoint    ] Application time: 0.8944449 seconds
[2022-06-16T19:36:24.857+0000][6420][safepoint    ] Entering safepoint region: RevokeBias
[2022-06-16T19:36:24.857+0000][6420][safepoint    ] Leaving safepoint region
[2022-06-16T19:36:24.857+0000][6420][safepoint    ] Total time for which application threads were stopped: 0.0001294 seconds, Stopping threads took: 0.0000334 seconds
[2022-06-16T19:36:24.857+0000][6420][safepoint    ] Application time: 0.0005471 seconds
[2022-06-16T19:36:24.857+0000][6420][safepoint    ] Entering safepoint region: RevokeBias
[2022-06-16T19:36:24.857+0000][6420][safepoint    ] Leaving safepoint region
[2022-06-16T19:36:24.857+0000][6420][safepoint    ] Total time for which application threads were stopped: 0.0000865 seconds, Stopping threads took: 0.0000364 seconds
[2022-06-16T19:36:25.859+0000][6420][safepoint    ] Application time: 0.9998752 seconds
[2022-06-16T19:36:25.859+0000][6420][safepoint    ] Entering safepoint region: Cleanup
[2022-06-16T19:36:25.859+0000][6420][safepoint    ] Leaving safepoint region
[2022-06-16T19:36:25.859+0000][6420][safepoint    ] Total time for which application threads were stopped: 0.0000962 seconds, Stopping threads took: 0.0000227 seconds
[2022-06-16T19:36:27.871+0000][6420][safepoint    ] Application time: 2.0122263 seconds
[2022-06-16T19:36:27.871+0000][6420][safepoint    ] Entering safepoint region: Cleanup
[2022-06-16T19:36:27.871+0000][6420][safepoint    ] Leaving safepoint region
[2022-06-16T19:36:27.871+0000][6420][safepoint    ] Total time for which application threads were stopped: 0.0000963 seconds, Stopping threads took: 0.0000219 seconds
[2022-06-16T19:36:31.892+0000][6420][safepoint    ] Application time: 4.0211523 seconds
[2022-06-16T19:36:31.892+0000][6420][safepoint    ] Entering safepoint region: Cleanup
[2022-06-16T19:36:31.892+0000][6420][safepoint    ] Leaving safepoint region
[2022-06-16T19:36:31.892+0000][6420][safepoint    ] Total time for which application threads were stopped: 0.0000958 seconds, Stopping threads took: 0.0000227 seconds
[2022-06-16T19:36:34.913+0000][6420][safepoint    ] Application time: 3.0200757 seconds
[2022-06-16T19:36:34.913+0000][6420][safepoint    ] Entering safepoint region: Cleanup
[2022-06-16T19:36:34.913+0000][6420][safepoint    ] Leaving safepoint region
[2022-06-16T19:36:34.913+0000][6420][safepoint    ] Total time for which application threads were stopped: 0.0001069 seconds, Stopping threads took: 0.0000289 seconds
[2022-06-16T19:36:44.978+0000][6420][safepoint    ] Application time: 10.0647110 seconds
[2022-06-16T19:36:44.978+0000][6420][safepoint    ] Entering safepoint region: Cleanup
[2022-06-16T19:36:44.978+0000][6420][safepoint    ] Leaving safepoint region
[2022-06-16T19:36:44.978+0000][6420][safepoint    ] Total time for which application threads were stopped: 0.0001074 seconds, Stopping threads took: 0.0000345 seconds
[2022-06-16T19:36:47.002+0000][6420][safepoint    ] Application time: 2.0247719 seconds
[2022-06-16T19:36:47.002+0000][6420][safepoint    ] Entering safepoint region: Cleanup
[2022-06-16T19:36:47.002+0000][6420][safepoint    ] Leaving safepoint region
[2022-06-16T19:36:47.002+0000][6420][safepoint    ] Total time for which application threads were stopped: 0.0000963 seconds, Stopping threads took: 0.0000245 seconds
[2022-06-16T19:36:48.014+0000][6420][safepoint    ] Application time: 1.0110342 seconds
[2022-06-16T19:36:48.014+0000][6420][safepoint    ] Entering safepoint region: Cleanup
[2022-06-16T19:36:48.014+0000][6420][safepoint    ] Leaving safepoint region
[2022-06-16T19:36:48.014+0000][6420][safepoint    ] Total time for which application threads were stopped: 0.0000932 seconds, Stopping threads took: 0.0000208 seconds
[2022-06-16T19:36:48.905+0000][6420][safepoint    ] Application time: 0.8916796 seconds
[2022-06-16T19:36:48.905+0000][6420][safepoint    ] Entering safepoint region: RevokeBias
[2022-06-16T19:36:48.905+0000][6420][safepoint    ] Leaving safepoint region
[2022-06-16T19:36:48.905+0000][6420][safepoint    ] Total time for which application threads were stopped: 0.0000920 seconds, Stopping threads took: 0.0000203 seconds
[2022-06-16T19:36:49.438+0000][6420][safepoint    ] Application time: 0.5326323 seconds
[2022-06-16T19:36:49.438+0000][6420][safepoint    ] Entering safepoint region: RevokeBias
[2022-06-16T19:36:49.438+0000][6420][safepoint    ] Leaving safepoint region
[2022-06-16T19:36:49.438+0000][6420][safepoint    ] Total time for which application threads were stopped: 0.0001190 seconds, Stopping threads took: 0.0000298 seconds
[2022-06-16T19:36:50.441+0000][6420][safepoint    ] Application time: 1.0024928 seconds
[2022-06-16T19:36:50.441+0000][6420][safepoint    ] Entering safepoint region: Cleanup
[2022-06-16T19:36:50.441+0000][6420][safepoint    ] Leaving safepoint region
[2022-06-16T19:36:50.441+0000][6420][safepoint    ] Total time for which application threads were stopped: 0.0001140 seconds, Stopping threads took: 0.0000272 seconds
[2022-06-16T19:36:51.452+0000][6420][safepoint    ] Application time: 1.0110387 seconds
[2022-06-16T19:36:51.452+0000][6420][safepoint    ] Entering safepoint region: Cleanup
[2022-06-16T19:36:51.452+0000][6420][safepoint    ] Leaving safepoint region
[2022-06-16T19:36:51.452+0000][6420][safepoint    ] Total time for which application threads were stopped: 0.0000865 seconds, Stopping threads took: 0.0000204 seconds
[2022-06-16T19:36:53.471+0000][6420][safepoint    ] Application time: 2.0188743 seconds
[2022-06-16T19:36:53.471+0000][6420][safepoint    ] Entering safepoint region: Cleanup
[2022-06-16T19:36:53.471+0000][6420][safepoint    ] Leaving safepoint region
[2022-06-16T19:36:53.471+0000][6420][safepoint    ] Total time for which application threads were stopped: 0.0000945 seconds, Stopping threads took: 0.0000235 seconds
[2022-06-16T19:36:54.473+0000][6420][safepoint    ] Application time: 1.0020371 seconds
[2022-06-16T19:36:54.473+0000][6420][safepoint    ] Entering safepoint region: Cleanup
[2022-06-16T19:36:54.473+0000][6420][safepoint    ] Leaving safepoint region
[2022-06-16T19:36:54.473+0000][6420][safepoint    ] Total time for which application threads were stopped: 0.0000905 seconds, Stopping threads took: 0.0000219 seconds
[2022-06-16T19:36:54.872+0000][6420][safepoint    ] Application time: 0.3989856 seconds
[2022-06-16T19:36:54.872+0000][6420][safepoint    ] Entering safepoint region: RevokeBias
[2022-06-16T19:36:54.872+0000][6420][safepoint    ] Leaving safepoint region
[2022-06-16T19:36:54.872+0000][6420][safepoint    ] Total time for which application threads were stopped: 0.0001633 seconds, Stopping threads took: 0.0000549 seconds
[2022-06-16T19:36:54.872+0000][6420][safepoint    ] Application time: 0.0001965 seconds
[2022-06-16T19:36:54.872+0000][6420][safepoint    ] Entering safepoint region: RevokeBias
[2022-06-16T19:36:54.872+0000][6420][safepoint    ] Leaving safepoint region
[2022-06-16T19:36:54.872+0000][6420][safepoint    ] Total time for which application threads were stopped: 0.0000601 seconds, Stopping threads took: 0.0000139 seconds
[2022-06-16T19:36:54.872+0000][6420][safepoint    ] Application time: 0.0001440 seconds
[2022-06-16T19:36:54.872+0000][6420][safepoint    ] Entering safepoint region: RevokeBias
[2022-06-16T19:36:54.872+0000][6420][safepoint    ] Leaving safepoint region
[2022-06-16T19:36:54.872+0000][6420][safepoint    ] Total time for which application threads were stopped: 0.0000486 seconds, Stopping threads took: 0.0000123 seconds
[2022-06-16T19:36:54.872+0000][6420][safepoint    ] Application time: 0.0000889 seconds
[2022-06-16T19:36:54.872+0000][6420][safepoint    ] Entering safepoint region: RevokeBias
[2022-06-16T19:36:54.872+0000][6420][safepoint    ] Leaving safepoint region
[2022-06-16T19:36:54.872+0000][6420][safepoint    ] Total time for which application threads were stopped: 0.0000441 seconds, Stopping threads took: 0.0000118 seconds
[2022-06-16T19:36:54.872+0000][6420][safepoint    ] Application time: 0.0000909 seconds
[2022-06-16T19:36:54.872+0000][6420][safepoint    ] Entering safepoint region: RevokeBias
[2022-06-16T19:36:54.872+0000][6420][safepoint    ] Leaving safepoint region
[2022-06-16T19:36:54.872+0000][6420][safepoint    ] Total time for which application threads were stopped: 0.0000441 seconds, Stopping threads took: 0.0000116 seconds
[2022-06-16T19:36:56.886+0000][6420][safepoint    ] Application time: 2.0124063 seconds
[2022-06-16T19:36:56.886+0000][6420][safepoint    ] Entering safepoint region: Cleanup
[2022-06-16T19:36:56.886+0000][6420][safepoint    ] Leaving safepoint region
[2022-06-16T19:36:56.886+0000][6420][safepoint    ] Total time for which application threads were stopped: 0.0001084 seconds, Stopping threads took: 0.0000274 seconds
[2022-06-16T19:36:59.903+0000][6420][safepoint    ] Application time: 3.0171039 seconds
[2022-06-16T19:36:59.903+0000][6420][safepoint    ] Entering safepoint region: Cleanup
[2022-06-16T19:36:59.903+0000][6420][safepoint    ] Leaving safepoint region
[2022-06-16T19:36:59.903+0000][6420][safepoint    ] Total time for which application threads were stopped: 0.0000944 seconds, Stopping threads took: 0.0000238 seconds
[2022-06-16T19:37:00.910+0000][6420][safepoint    ] Application time: 1.0059310 seconds
[2022-06-16T19:37:00.910+0000][6420][safepoint    ] Entering safepoint region: Cleanup
[2022-06-16T19:37:00.910+0000][6420][safepoint    ] Leaving safepoint region
[2022-06-16T19:37:00.910+0000][6420][safepoint    ] Total time for which application threads were stopped: 0.0001092 seconds, Stopping threads took: 0.0000294 seconds
[2022-06-16T19:37:01.919+0000][6420][safepoint    ] Application time: 1.0091382 seconds
[2022-06-16T19:37:01.919+0000][6420][safepoint    ] Entering safepoint region: Cleanup
[2022-06-16T19:37:01.919+0000][6420][safepoint    ] Leaving safepoint region
[2022-06-16T19:37:01.919+0000][6420][safepoint    ] Total time for which application threads were stopped: 0.0000908 seconds, Stopping threads took: 0.0000220 seconds
[2022-06-16T19:37:12.411+0000][6420][safepoint    ] Application time: 10.4918351 seconds
[2022-06-16T19:37:12.411+0000][6420][safepoint    ] Entering safepoint region: RevokeBias
[2022-06-16T19:37:12.411+0000][6420][safepoint    ] Leaving safepoint region
[2022-06-16T19:37:12.411+0000][6420][safepoint    ] Total time for which application threads were stopped: 0.0001073 seconds, Stopping threads took: 0.0000239 seconds
[2022-06-16T19:37:13.413+0000][6420][safepoint    ] Application time: 1.0021854 seconds
[2022-06-16T19:37:13.413+0000][6420][safepoint    ] Entering safepoint region: Cleanup
[2022-06-16T19:37:13.413+0000][6420][safepoint    ] Leaving safepoint region
[2022-06-16T19:37:13.413+0000][6420][safepoint    ] Total time for which application threads were stopped: 0.0000911 seconds, Stopping threads took: 0.0000212 seconds
[2022-06-16T19:37:16.456+0000][6420][safepoint    ] Application time: 3.0422893 seconds
[2022-06-16T19:37:16.456+0000][6420][safepoint    ] Entering safepoint region: Cleanup
[2022-06-16T19:37:16.456+0000][6420][safepoint    ] Leaving safepoint region
[2022-06-16T19:37:16.456+0000][6420][safepoint    ] Total time for which application threads were stopped: 0.0000926 seconds, Stopping threads took: 0.0000217 seconds
[2022-06-16T19:37:20.479+0000][6420][safepoint    ] Application time: 4.0228334 seconds
[2022-06-16T19:37:20.479+0000][6420][safepoint    ] Entering safepoint region: Cleanup
[2022-06-16T19:37:20.479+0000][6420][safepoint    ] Leaving safepoint region
[2022-06-16T19:37:20.479+0000][6420][safepoint    ] Total time for which application threads were stopped: 0.0001221 seconds, Stopping threads took: 0.0000280 seconds
[2022-06-16T19:37:24.888+0000][6420][safepoint    ] Application time: 4.4101653 seconds
[2022-06-16T19:37:24.888+0000][6420][safepoint    ] Entering safepoint region: RevokeBias
[2022-06-16T19:37:24.888+0000][6420][safepoint    ] Leaving safepoint region
[2022-06-16T19:37:24.888+0000][6420][safepoint    ] Total time for which application threads were stopped: 0.0001543 seconds, Stopping threads took: 0.0000552 seconds
[2022-06-16T19:37:24.888+0000][6420][safepoint    ] Application time: 0.0003370 seconds
[2022-06-16T19:37:24.888+0000][6420][safepoint    ] Entering safepoint region: RevokeBias
[2022-06-16T19:37:24.888+0000][6420][safepoint    ] Leaving safepoint region
[2022-06-16T19:37:24.888+0000][6420][safepoint    ] Total time for which application threads were stopped: 0.0000637 seconds, Stopping threads took: 0.0000138 seconds
[2022-06-16T19:37:28.915+0000][6420][safepoint    ] Application time: 4.0252962 seconds
[2022-06-16T19:37:28.915+0000][6420][safepoint    ] Entering safepoint region: Cleanup
[2022-06-16T19:37:28.915+0000][6420][safepoint    ] Leaving safepoint region
[2022-06-16T19:37:28.915+0000][6420][safepoint    ] Total time for which application threads were stopped: 0.0000925 seconds, Stopping threads took: 0.0000215 seconds
[2022-06-16T19:37:30.937+0000][6420][safepoint    ] Application time: 2.0215143 seconds
[2022-06-16T19:37:30.937+0000][6420][safepoint    ] Entering safepoint region: Cleanup
[2022-06-16T19:37:30.937+0000][6420][safepoint    ] Leaving safepoint region
[2022-06-16T19:37:30.937+0000][6420][safepoint    ] Total time for which application threads were stopped: 0.0000944 seconds, Stopping threads took: 0.0000224 seconds
[2022-06-16T19:37:31.944+0000][6420][safepoint    ] Application time: 1.0075146 seconds
[2022-06-16T19:37:31.944+0000][6420][safepoint    ] Entering safepoint region: Cleanup
[2022-06-16T19:37:31.944+0000][6420][safepoint    ] Leaving safepoint region
[2022-06-16T19:37:31.944+0000][6420][safepoint    ] Total time for which application threads were stopped: 0.0001044 seconds, Stopping threads took: 0.0000283 seconds
[2022-06-16T19:37:35.966+0000][6420][safepoint    ] Application time: 4.0211746 seconds
[2022-06-16T19:37:35.966+0000][6420][safepoint    ] Entering safepoint region: Cleanup
[2022-06-16T19:37:35.966+0000][6420][safepoint    ] Leaving safepoint region
[2022-06-16T19:37:35.966+0000][6420][safepoint    ] Total time for which application threads were stopped: 0.0001135 seconds, Stopping threads took: 0.0000272 seconds
[2022-06-16T19:37:37.976+0000][6420][safepoint    ] Application time: 2.0096380 seconds
[2022-06-16T19:37:37.976+0000][6420][safepoint    ] Entering safepoint region: Cleanup
[2022-06-16T19:37:37.976+0000][6420][safepoint    ] Leaving safepoint region
[2022-06-16T19:37:37.976+0000][6420][safepoint    ] Total time for which application threads were stopped: 0.0001262 seconds, Stopping threads took: 0.0000320 seconds
[2022-06-16T19:37:38.976+0000][6420][safepoint    ] Application time: 0.9997767 seconds
[2022-06-16T19:37:38.976+0000][6420][safepoint    ] Entering safepoint region: Cleanup
[2022-06-16T19:37:38.976+0000][6420][safepoint    ] Leaving safepoint region
[2022-06-16T19:37:38.976+0000][6420][safepoint    ] Total time for which application threads were stopped: 0.0001177 seconds, Stopping threads took: 0.0000291 seconds
[2022-06-16T19:37:41.996+0000][6420][safepoint    ] Application time: 3.0207035 seconds
[2022-06-16T19:37:41.996+0000][6420][safepoint    ] Entering safepoint region: Cleanup
[2022-06-16T19:37:41.996+0000][6420][safepoint    ] Leaving safepoint region
[2022-06-16T19:37:41.996+0000][6420][safepoint    ] Total time for which application threads were stopped: 0.0001114 seconds, Stopping threads took: 0.0000264 seconds
[2022-06-16T19:37:43.999+0000][6420][safepoint    ] Application time: 2.0022443 seconds
[2022-06-16T19:37:43.999+0000][6420][safepoint    ] Entering safepoint region: Cleanup
[2022-06-16T19:37:43.999+0000][6420][safepoint    ] Leaving safepoint region
[2022-06-16T19:37:43.999+0000][6420][safepoint    ] Total time for which application threads were stopped: 0.0000939 seconds, Stopping threads took: 0.0000217 seconds
[2022-06-16T19:37:48.028+0000][6420][safepoint    ] Application time: 4.0286786 seconds
[2022-06-16T19:37:48.028+0000][6420][safepoint    ] Entering safepoint region: Cleanup
[2022-06-16T19:37:48.028+0000][6420][safepoint    ] Leaving safepoint region
[2022-06-16T19:37:48.028+0000][6420][safepoint    ] Total time for which application threads were stopped: 0.0000975 seconds, Stopping threads took: 0.0000224 seconds
[2022-06-16T19:37:54.898+0000][6420][safepoint    ] Application time: 6.8705692 seconds
[2022-06-16T19:37:54.898+0000][6420][safepoint    ] Entering safepoint region: RevokeBias
[2022-06-16T19:37:54.898+0000][6420][safepoint    ] Leaving safepoint region
[2022-06-16T19:37:54.898+0000][6420][safepoint    ] Total time for which application threads were stopped: 0.0001716 seconds, Stopping threads took: 0.0000515 seconds
[2022-06-16T19:37:54.898+0000][6420][safepoint    ] Application time: 0.0002292 seconds
[2022-06-16T19:37:54.898+0000][6420][safepoint    ] Entering safepoint region: RevokeBias
[2022-06-16T19:37:54.898+0000][6420][safepoint    ] Leaving safepoint region
[2022-06-16T19:37:54.898+0000][6420][safepoint    ] Total time for which application threads were stopped: 0.0000703 seconds, Stopping threads took: 0.0000143 seconds
[2022-06-16T19:38:07.997+0000][6420][safepoint    ] Application time: 13.0981744 seconds
[2022-06-16T19:38:07.997+0000][6420][safepoint    ] Entering safepoint region: Cleanup
[2022-06-16T19:38:07.997+0000][6420][safepoint    ] Leaving safepoint region
[2022-06-16T19:38:07.997+0000][6420][safepoint    ] Total time for which application threads were stopped: 0.0000932 seconds, Stopping threads took: 0.0000216 seconds
[2022-06-16T19:38:09.010+0000][6420][safepoint    ] Application time: 1.0129506 seconds
[2022-06-16T19:38:09.010+0000][6420][safepoint    ] Entering safepoint region: Cleanup
[2022-06-16T19:38:09.010+0000][6420][safepoint    ] Leaving safepoint region
[2022-06-16T19:38:09.010+0000][6420][safepoint    ] Total time for which application threads were stopped: 0.0000905 seconds, Stopping threads took: 0.0000211 seconds
[2022-06-16T19:38:12.042+0000][6420][safepoint    ] Application time: 3.0316689 seconds
[2022-06-16T19:38:12.042+0000][6420][safepoint    ] Entering safepoint region: Cleanup
[2022-06-16T19:38:12.042+0000][6420][safepoint    ] Leaving safepoint region
[2022-06-16T19:38:12.042+0000][6420][safepoint    ] Total time for which application threads were stopped: 0.0001012 seconds, Stopping threads took: 0.0000213 seconds
[2022-06-16T19:38:16.074+0000][6420][safepoint    ] Application time: 4.0313128 seconds
[2022-06-16T19:38:16.074+0000][6420][safepoint    ] Entering safepoint region: Cleanup
[2022-06-16T19:38:16.074+0000][6420][safepoint    ] Leaving safepoint region
[2022-06-16T19:38:16.074+0000][6420][safepoint    ] Total time for which application threads were stopped: 0.0000994 seconds, Stopping threads took: 0.0000218 seconds
[2022-06-16T19:38:20.106+0000][6420][safepoint    ] Application time: 4.0321681 seconds
[2022-06-16T19:38:20.106+0000][6420][safepoint    ] Entering safepoint region: Cleanup
[2022-06-16T19:38:20.106+0000][6420][safepoint    ] Leaving safepoint region
[2022-06-16T19:38:20.106+0000][6420][safepoint    ] Total time for which application threads were stopped: 0.0000927 seconds, Stopping threads took: 0.0000228 seconds
[2022-06-16T19:38:22.124+0000][6420][safepoint    ] Application time: 2.0179564 seconds
[2022-06-16T19:38:22.124+0000][6420][safepoint    ] Entering safepoint region: Cleanup
[2022-06-16T19:38:22.124+0000][6420][safepoint    ] Leaving safepoint region
[2022-06-16T19:38:22.124+0000][6420][safepoint    ] Total time for which application threads were stopped: 0.0000989 seconds, Stopping threads took: 0.0000223 seconds
[2022-06-16T19:38:24.907+0000][6420][safepoint    ] Application time: 2.7840283 seconds
[2022-06-16T19:38:24.907+0000][6420][safepoint    ] Entering safepoint region: RevokeBias
[2022-06-16T19:38:24.907+0000][6420][safepoint    ] Leaving safepoint region
[2022-06-16T19:38:24.907+0000][6420][safepoint    ] Total time for which application threads were stopped: 0.0001693 seconds, Stopping threads took: 0.0000648 seconds
[2022-06-16T19:38:24.907+0000][6420][safepoint    ] Application time: 0.0007264 seconds
[2022-06-16T19:38:24.907+0000][6420][safepoint    ] Entering safepoint region: RevokeBias
[2022-06-16T19:38:24.907+0000][6420][safepoint    ] Leaving safepoint region
[2022-06-16T19:38:24.907+0000][6420][safepoint    ] Total time for which application threads were stopped: 0.0000668 seconds, Stopping threads took: 0.0000156 seconds
[2022-06-16T19:38:33.964+0000][6420][safepoint    ] Application time: 9.0549320 seconds
[2022-06-16T19:38:33.964+0000][6420][safepoint    ] Entering safepoint region: Cleanup
[2022-06-16T19:38:33.964+0000][6420][safepoint    ] Leaving safepoint region
[2022-06-16T19:38:33.964+0000][6420][safepoint    ] Total time for which application threads were stopped: 0.0000949 seconds, Stopping threads took: 0.0000218 seconds
[2022-06-16T19:38:36.983+0000][6420][safepoint    ] Application time: 3.0181082 seconds
[2022-06-16T19:38:36.983+0000][6420][safepoint    ] Entering safepoint region: Cleanup
[2022-06-16T19:38:36.983+0000][6420][safepoint    ] Leaving safepoint region
[2022-06-16T19:38:36.983+0000][6420][safepoint    ] Total time for which application threads were stopped: 0.0000959 seconds, Stopping threads took: 0.0000211 seconds
[2022-06-16T19:38:54.924+0000][6420][safepoint    ] Application time: 17.9420798 seconds
[2022-06-16T19:38:54.924+0000][6420][safepoint    ] Entering safepoint region: RevokeBias
[2022-06-16T19:38:54.924+0000][6420][safepoint    ] Leaving safepoint region
[2022-06-16T19:38:54.924+0000][6420][safepoint    ] Total time for which application threads were stopped: 0.0001729 seconds, Stopping threads took: 0.0000640 seconds
[2022-06-16T19:38:54.924+0000][6420][safepoint    ] Application time: 0.0004597 seconds
[2022-06-16T19:38:54.924+0000][6420][safepoint    ] Entering safepoint region: RevokeBias
[2022-06-16T19:38:54.924+0000][6420][safepoint    ] Leaving safepoint region
[2022-06-16T19:38:54.924+0000][6420][safepoint    ] Total time for which application threads were stopped: 0.0000652 seconds, Stopping threads took: 0.0000146 seconds
[2022-06-16T19:39:07.044+0000][6420][safepoint    ] Application time: 12.1182762 seconds
[2022-06-16T19:39:07.044+0000][6420][safepoint    ] Entering safepoint region: Cleanup
[2022-06-16T19:39:07.044+0000][6420][safepoint    ] Leaving safepoint region
[2022-06-16T19:39:07.044+0000][6420][safepoint    ] Total time for which application threads were stopped: 0.0001225 seconds, Stopping threads took: 0.0000320 seconds
[2022-06-16T19:39:24.939+0000][6420][safepoint    ] Application time: 17.8960644 seconds
[2022-06-16T19:39:24.939+0000][6420][safepoint    ] Entering safepoint region: RevokeBias
[2022-06-16T19:39:24.939+0000][6420][safepoint    ] Leaving safepoint region
[2022-06-16T19:39:24.939+0000][6420][safepoint    ] Total time for which application threads were stopped: 0.0001346 seconds, Stopping threads took: 0.0000328 seconds
[2022-06-16T19:39:24.939+0000][6420][safepoint    ] Application time: 0.0005752 seconds
[2022-06-16T19:39:24.939+0000][6420][safepoint    ] Entering safepoint region: RevokeBias
[2022-06-16T19:39:24.939+0000][6420][safepoint    ] Leaving safepoint region
[2022-06-16T19:39:24.939+0000][6420][safepoint    ] Total time for which application threads were stopped: 0.0000785 seconds, Stopping threads took: 0.0000244 seconds
[2022-06-16T19:39:26.963+0000][6420][safepoint    ] Application time: 2.0218408 seconds
[2022-06-16T19:39:26.963+0000][6420][safepoint    ] Entering safepoint region: Cleanup
[2022-06-16T19:39:26.963+0000][6420][safepoint    ] Leaving safepoint region
[2022-06-16T19:39:26.963+0000][6420][safepoint    ] Total time for which application threads were stopped: 0.0000944 seconds, Stopping threads took: 0.0000219 seconds
[2022-06-16T19:39:40.071+0000][6420][safepoint    ] Application time: 13.1078567 seconds
[2022-06-16T19:39:40.071+0000][6420][safepoint    ] Entering safepoint region: Cleanup
[2022-06-16T19:39:40.071+0000][6420][safepoint    ] Leaving safepoint region
[2022-06-16T19:39:40.071+0000][6420][safepoint    ] Total time for which application threads were stopped: 0.0000929 seconds, Stopping threads took: 0.0000212 seconds
[2022-06-16T19:39:41.081+0000][6420][safepoint    ] Application time: 1.0106861 seconds
[2022-06-16T19:39:41.081+0000][6420][safepoint    ] Entering safepoint region: Cleanup
[2022-06-16T19:39:41.081+0000][6420][safepoint    ] Leaving safepoint region
[2022-06-16T19:39:41.081+0000][6420][safepoint    ] Total time for which application threads were stopped: 0.0000869 seconds, Stopping threads took: 0.0000213 seconds
[2022-06-16T19:39:54.954+0000][6420][safepoint    ] Application time: 13.8731230 seconds
[2022-06-16T19:39:54.954+0000][6420][safepoint    ] Entering safepoint region: RevokeBias
[2022-06-16T19:39:54.954+0000][6420][safepoint    ] Leaving safepoint region
[2022-06-16T19:39:54.954+0000][6420][safepoint    ] Total time for which application threads were stopped: 0.0001666 seconds, Stopping threads took: 0.0000613 seconds
[2022-06-16T19:39:54.954+0000][6420][safepoint    ] Application time: 0.0002160 seconds
[2022-06-16T19:39:54.954+0000][6420][safepoint    ] Entering safepoint region: RevokeBias
[2022-06-16T19:39:54.954+0000][6420][safepoint    ] Leaving safepoint region
[2022-06-16T19:39:54.954+0000][6420][safepoint    ] Total time for which application threads were stopped: 0.0000624 seconds, Stopping threads took: 0.0000139 seconds
[2022-06-16T19:39:56.977+0000][6420][safepoint    ] Application time: 2.0217637 seconds
[2022-06-16T19:39:56.977+0000][6420][safepoint    ] Entering safepoint region: Cleanup
[2022-06-16T19:39:56.977+0000][6420][safepoint    ] Leaving safepoint region
[2022-06-16T19:39:56.977+0000][6420][safepoint    ] Total time for which application threads were stopped: 0.0000973 seconds, Stopping threads took: 0.0000213 seconds
[2022-06-16T19:40:07.051+0000][6420][safepoint    ] Application time: 10.0734631 seconds
[2022-06-16T19:40:07.051+0000][6420][safepoint    ] Entering safepoint region: Cleanup
[2022-06-16T19:40:07.051+0000][6420][safepoint    ] Leaving safepoint region
[2022-06-16T19:40:07.051+0000][6420][safepoint    ] Total time for which application threads were stopped: 0.0001121 seconds, Stopping threads took: 0.0000280 seconds
[2022-06-16T19:40:12.075+0000][6420][safepoint    ] Application time: 5.0241836 seconds
[2022-06-16T19:40:12.075+0000][6420][safepoint    ] Entering safepoint region: Cleanup
[2022-06-16T19:40:12.075+0000][6420][safepoint    ] Leaving safepoint region
[2022-06-16T19:40:12.075+0000][6420][safepoint    ] Total time for which application threads were stopped: 0.0001430 seconds, Stopping threads took: 0.0000516 seconds
[2022-06-16T19:40:24.958+0000][6420][safepoint    ] Application time: 12.8827139 seconds
[2022-06-16T19:40:24.958+0000][6420][safepoint    ] Entering safepoint region: RevokeBias
[2022-06-16T19:40:24.958+0000][6420][safepoint    ] Leaving safepoint region
[2022-06-16T19:40:24.958+0000][6420][safepoint    ] Total time for which application threads were stopped: 0.0001437 seconds, Stopping threads took: 0.0000667 seconds
[2022-06-16T19:40:24.958+0000][6420][safepoint    ] Application time: 0.0006489 seconds
[2022-06-16T19:40:24.958+0000][6420][safepoint    ] Entering safepoint region: BulkRevokeBias
[2022-06-16T19:40:24.958+0000][6420][safepoint    ] Leaving safepoint region
[2022-06-16T19:40:24.958+0000][6420][safepoint    ] Total time for which application threads were stopped: 0.0003092 seconds, Stopping threads took: 0.0000313 seconds
[2022-06-16T19:40:24.958+0000][6420][safepoint    ] Application time: 0.0005719 seconds
[2022-06-16T19:40:24.958+0000][6420][safepoint    ] Entering safepoint region: RevokeBias
[2022-06-16T19:40:24.958+0000][6420][safepoint    ] Leaving safepoint region
[2022-06-16T19:40:24.958+0000][6420][safepoint    ] Total time for which application threads were stopped: 0.0001120 seconds, Stopping threads took: 0.0000639 seconds
[2022-06-16T19:40:24.973+0000][6420][safepoint    ] Application time: 0.0135291 seconds
[2022-06-16T19:40:24.973+0000][6420][safepoint    ] Entering safepoint region: BulkRevokeBias
[2022-06-16T19:40:24.973+0000][6420][safepoint    ] Leaving safepoint region
[2022-06-16T19:40:24.973+0000][6420][safepoint    ] Total time for which application threads were stopped: 0.0001960 seconds, Stopping threads took: 0.0000148 seconds
[2022-06-16T19:40:26.983+0000][6420][safepoint    ] Application time: 2.0091268 seconds
[2022-06-16T19:40:26.983+0000][6420][safepoint    ] Entering safepoint region: Cleanup
[2022-06-16T19:40:26.983+0000][6420][safepoint    ] Leaving safepoint region
[2022-06-16T19:40:26.983+0000][6420][safepoint    ] Total time for which application threads were stopped: 0.0001129 seconds, Stopping threads took: 0.0000260 seconds
[2022-06-16T19:40:32.026+0000][6420][safepoint    ] Application time: 5.0435548 seconds
[2022-06-16T19:40:32.026+0000][6420][safepoint    ] Entering safepoint region: Cleanup
[2022-06-16T19:40:32.026+0000][6420][safepoint    ] Leaving safepoint region
[2022-06-16T19:40:32.026+0000][6420][safepoint    ] Total time for which application threads were stopped: 0.0001158 seconds, Stopping threads took: 0.0000286 seconds
[2022-06-16T19:40:54.963+0000][6420][safepoint    ] Application time: 22.9372996 seconds
[2022-06-16T19:40:54.963+0000][6420][safepoint    ] Entering safepoint region: RevokeBias
[2022-06-16T19:40:54.963+0000][6420][safepoint    ] Leaving safepoint region
[2022-06-16T19:40:54.963+0000][6420][safepoint    ] Total time for which application threads were stopped: 0.0001811 seconds, Stopping threads took: 0.0000561 seconds
[2022-06-16T19:40:54.963+0000][6420][safepoint    ] Application time: 0.0005414 seconds
[2022-06-16T19:40:54.963+0000][6420][safepoint    ] Entering safepoint region: RevokeBias
[2022-06-16T19:40:54.963+0000][6420][safepoint    ] Leaving safepoint region
[2022-06-16T19:40:54.963+0000][6420][safepoint    ] Total time for which application threads were stopped: 0.0000704 seconds, Stopping threads took: 0.0000143 seconds
[2022-06-16T19:40:56.985+0000][6420][safepoint    ] Application time: 2.0200006 seconds
[2022-06-16T19:40:56.985+0000][6420][safepoint    ] Entering safepoint region: Cleanup
[2022-06-16T19:40:56.985+0000][6420][safepoint    ] Leaving safepoint region
[2022-06-16T19:40:56.985+0000][6420][safepoint    ] Total time for which application threads were stopped: 0.0001981 seconds, Stopping threads took: 0.0000307 seconds
[2022-06-16T19:41:01.012+0000][6420][safepoint    ] Application time: 4.0275221 seconds
[2022-06-16T19:41:01.012+0000][6420][safepoint    ] Entering safepoint region: Cleanup
[2022-06-16T19:41:01.012+0000][6420][safepoint    ] Leaving safepoint region
[2022-06-16T19:41:01.012+0000][6420][safepoint    ] Total time for which application threads were stopped: 0.0001152 seconds, Stopping threads took: 0.0000283 seconds
[2022-06-16T19:41:24.966+0000][6420][safepoint    ] Application time: 23.9534979 seconds
[2022-06-16T19:41:24.966+0000][6420][safepoint    ] Entering safepoint region: RevokeBias
[2022-06-16T19:41:24.966+0000][6420][safepoint    ] Leaving safepoint region
[2022-06-16T19:41:24.966+0000][6420][safepoint    ] Total time for which application threads were stopped: 0.0004005 seconds, Stopping threads took: 0.0002773 seconds
[2022-06-16T19:41:24.967+0000][6420][safepoint    ] Application time: 0.0009321 seconds
[2022-06-16T19:41:24.967+0000][6420][safepoint    ] Entering safepoint region: RevokeBias
[2022-06-16T19:41:24.967+0000][6420][safepoint    ] Leaving safepoint region
[2022-06-16T19:41:24.967+0000][6420][safepoint    ] Total time for which application threads were stopped: 0.0000963 seconds, Stopping threads took: 0.0000253 seconds
[2022-06-16T19:41:54.968+0000][6420][safepoint    ] Application time: 30.0016012 seconds
[2022-06-16T19:41:54.968+0000][6420][safepoint    ] Entering safepoint region: RevokeBias
[2022-06-16T19:41:54.969+0000][6420][safepoint    ] Leaving safepoint region
[2022-06-16T19:41:54.969+0000][6420][safepoint    ] Total time for which application threads were stopped: 0.0001983 seconds, Stopping threads took: 0.0000815 seconds
[2022-06-16T19:41:54.969+0000][6420][safepoint    ] Application time: 0.0003546 seconds
[2022-06-16T19:41:54.969+0000][6420][safepoint    ] Entering safepoint region: RevokeBias
[2022-06-16T19:41:54.969+0000][6420][safepoint    ] Leaving safepoint region
[2022-06-16T19:41:54.969+0000][6420][safepoint    ] Total time for which application threads were stopped: 0.0000681 seconds, Stopping threads took: 0.0000141 seconds
[2022-06-16T19:42:24.970+0000][6420][safepoint    ] Application time: 30.0017501 seconds
[2022-06-16T19:42:24.970+0000][6420][safepoint    ] Entering safepoint region: RevokeBias
[2022-06-16T19:42:24.970+0000][6420][safepoint    ] Leaving safepoint region
[2022-06-16T19:42:24.970+0000][6420][safepoint    ] Total time for which application threads were stopped: 0.0001537 seconds, Stopping threads took: 0.0000428 seconds
[2022-06-16T19:42:24.970+0000][6420][safepoint    ] Application time: 0.0002314 seconds
[2022-06-16T19:42:24.970+0000][6420][safepoint    ] Entering safepoint region: RevokeBias
[2022-06-16T19:42:24.970+0000][6420][safepoint    ] Leaving safepoint region
[2022-06-16T19:42:24.970+0000][6420][safepoint    ] Total time for which application threads were stopped: 0.0000629 seconds, Stopping threads took: 0.0000145 seconds
[2022-06-16T19:42:55.020+0000][6420][safepoint    ] Application time: 30.0490232 seconds
[2022-06-16T19:42:55.037+0000][6420][safepoint    ] Entering safepoint region: RevokeBias
[2022-06-16T19:42:55.037+0000][6420][safepoint    ] Leaving safepoint region
[2022-06-16T19:42:55.037+0000][6420][safepoint    ] Total time for which application threads were stopped: 0.0171951 seconds, Stopping threads took: 0.0170244 seconds
[2022-06-16T19:42:55.038+0000][6420][safepoint    ] Application time: 0.0010121 seconds
[2022-06-16T19:42:55.038+0000][6420][safepoint    ] Entering safepoint region: RevokeBias
[2022-06-16T19:42:55.038+0000][6420][safepoint    ] Leaving safepoint region
[2022-06-16T19:42:55.038+0000][6420][safepoint    ] Total time for which application threads were stopped: 0.0001165 seconds, Stopping threads took: 0.0000367 seconds
[2022-06-16T19:43:07.051+0000][6420][safepoint    ] Application time: 12.0122360 seconds
[2022-06-16T19:43:07.051+0000][6420][safepoint    ] Entering safepoint region: Cleanup
[2022-06-16T19:43:07.051+0000][6420][safepoint    ] Leaving safepoint region
[2022-06-16T19:43:07.051+0000][6420][safepoint    ] Total time for which application threads were stopped: 0.0000899 seconds, Stopping threads took: 0.0000241 seconds
[2022-06-16T19:43:17.056+0000][6420][safepoint    ] Application time: 10.0045283 seconds
[2022-06-16T19:43:17.056+0000][6420][safepoint    ] Entering safepoint region: Cleanup
[2022-06-16T19:43:17.056+0000][6420][safepoint    ] Leaving safepoint region
[2022-06-16T19:43:17.056+0000][6420][safepoint    ] Total time for which application threads were stopped: 0.0000897 seconds, Stopping threads took: 0.0000219 seconds
[2022-06-16T19:43:25.040+0000][6420][safepoint    ] Application time: 7.9846692 seconds
[2022-06-16T19:43:25.040+0000][6420][safepoint    ] Entering safepoint region: RevokeBias
[2022-06-16T19:43:25.041+0000][6420][safepoint    ] Leaving safepoint region
[2022-06-16T19:43:25.041+0000][6420][safepoint    ] Total time for which application threads were stopped: 0.0001750 seconds, Stopping threads took: 0.0000631 seconds
[2022-06-16T19:43:25.041+0000][6420][safepoint    ] Application time: 0.0004065 seconds
[2022-06-16T19:43:25.041+0000][6420][safepoint    ] Entering safepoint region: RevokeBias
[2022-06-16T19:43:25.041+0000][6420][safepoint    ] Leaving safepoint region
[2022-06-16T19:43:25.041+0000][6420][safepoint    ] Total time for which application threads were stopped: 0.0000622 seconds, Stopping threads took: 0.0000143 seconds
[2022-06-16T19:43:27.042+0000][6420][safepoint    ] Application time: 2.0004542 seconds
[2022-06-16T19:43:27.042+0000][6420][safepoint    ] Entering safepoint region: Cleanup
[2022-06-16T19:43:27.042+0000][6420][safepoint    ] Leaving safepoint region
[2022-06-16T19:43:27.042+0000][6420][safepoint    ] Total time for which application threads were stopped: 0.0000912 seconds, Stopping threads took: 0.0000221 seconds
[2022-06-16T19:43:55.054+0000][6420][safepoint    ] Application time: 28.0132167 seconds
[2022-06-16T19:43:55.054+0000][6420][safepoint    ] Entering safepoint region: RevokeBias
[2022-06-16T19:43:55.054+0000][6420][safepoint    ] Leaving safepoint region
[2022-06-16T19:43:55.054+0000][6420][safepoint    ] Total time for which application threads were stopped: 0.0001596 seconds, Stopping threads took: 0.0000435 seconds
[2022-06-16T19:43:55.054+0000][6420][safepoint    ] Application time: 0.0009045 seconds
[2022-06-16T19:43:55.054+0000][6420][safepoint    ] Entering safepoint region: RevokeBias
[2022-06-16T19:43:55.054+0000][6420][safepoint    ] Leaving safepoint region
[2022-06-16T19:43:55.054+0000][6420][safepoint    ] Total time for which application threads were stopped: 0.0000923 seconds, Stopping threads took: 0.0000358 seconds
[2022-06-16T19:43:57.068+0000][6420][safepoint    ] Application time: 2.0117200 seconds
[2022-06-16T19:43:57.068+0000][6420][safepoint    ] Entering safepoint region: Cleanup
[2022-06-16T19:43:57.068+0000][6420][safepoint    ] Leaving safepoint region
[2022-06-16T19:43:57.068+0000][6420][safepoint    ] Total time for which application threads were stopped: 0.0000878 seconds, Stopping threads took: 0.0000196 seconds
[2022-06-16T19:44:25.069+0000][6420][safepoint    ] Application time: 28.0024149 seconds
[2022-06-16T19:44:25.069+0000][6420][safepoint    ] Entering safepoint region: RevokeBias
[2022-06-16T19:44:25.069+0000][6420][safepoint    ] Leaving safepoint region
[2022-06-16T19:44:25.069+0000][6420][safepoint    ] Total time for which application threads were stopped: 0.0001531 seconds, Stopping threads took: 0.0000550 seconds
[2022-06-16T19:44:25.069+0000][6420][safepoint    ] Application time: 0.0000413 seconds
[2022-06-16T19:44:25.069+0000][6420][safepoint    ] Entering safepoint region: RevokeBias
[2022-06-16T19:44:25.069+0000][6420][safepoint    ] Leaving safepoint region
[2022-06-16T19:44:25.069+0000][6420][safepoint    ] Total time for which application threads were stopped: 0.0000637 seconds, Stopping threads took: 0.0000285 seconds
[2022-06-16T19:44:55.081+0000][6420][safepoint    ] Application time: 30.0113854 seconds
[2022-06-16T19:44:55.081+0000][6420][safepoint    ] Entering safepoint region: RevokeBias
[2022-06-16T19:44:55.081+0000][6420][safepoint    ] Leaving safepoint region
[2022-06-16T19:44:55.081+0000][6420][safepoint    ] Total time for which application threads were stopped: 0.0001495 seconds, Stopping threads took: 0.0000532 seconds
[2022-06-16T19:44:55.081+0000][6420][safepoint    ] Application time: 0.0003373 seconds
[2022-06-16T19:44:55.081+0000][6420][safepoint    ] Entering safepoint region: RevokeBias
[2022-06-16T19:44:55.081+0000][6420][safepoint    ] Leaving safepoint region
[2022-06-16T19:44:55.081+0000][6420][safepoint    ] Total time for which application threads were stopped: 0.0000883 seconds, Stopping threads took: 0.0000364 seconds
[2022-06-16T19:44:58.105+0000][6420][safepoint    ] Application time: 3.0227024 seconds
[2022-06-16T19:44:58.105+0000][6420][safepoint    ] Entering safepoint region: Cleanup
[2022-06-16T19:44:58.105+0000][6420][safepoint    ] Leaving safepoint region
[2022-06-16T19:44:58.105+0000][6420][safepoint    ] Total time for which application threads were stopped: 0.0001230 seconds, Stopping threads took: 0.0000302 seconds
[2022-06-16T19:45:20.255+0000][6420][safepoint    ] Application time: 22.1494566 seconds
[2022-06-16T19:45:20.255+0000][6420][safepoint    ] Entering safepoint region: Cleanup
[2022-06-16T19:45:20.255+0000][6420][safepoint    ] Leaving safepoint region
[2022-06-16T19:45:20.255+0000][6420][safepoint    ] Total time for which application threads were stopped: 0.0000874 seconds, Stopping threads took: 0.0000216 seconds
[2022-06-16T19:45:25.087+0000][6420][safepoint    ] Application time: 4.8332010 seconds
[2022-06-16T19:45:25.087+0000][6420][safepoint    ] Entering safepoint region: RevokeBias
[2022-06-16T19:45:25.087+0000][6420][safepoint    ] Leaving safepoint region
[2022-06-16T19:45:25.087+0000][6420][safepoint    ] Total time for which application threads were stopped: 0.0001862 seconds, Stopping threads took: 0.0000693 seconds
[2022-06-16T19:45:25.087+0000][6420][safepoint    ] Application time: 0.0002447 seconds
[2022-06-16T19:45:25.087+0000][6420][safepoint    ] Entering safepoint region: BulkRevokeBias
[2022-06-16T19:45:25.087+0000][6420][safepoint    ] Leaving safepoint region
[2022-06-16T19:45:25.087+0000][6420][safepoint    ] Total time for which application threads were stopped: 0.0002875 seconds, Stopping threads took: 0.0000392 seconds
[2022-06-16T19:45:25.357+0000][6420][safepoint    ] Application time: 0.2751015 seconds
[2022-06-16T19:45:25.357+0000][6420][safepoint    ] Entering safepoint region: RevokeBias
[2022-06-16T19:45:25.357+0000][6420][safepoint    ] Leaving safepoint region
[2022-06-16T19:45:25.357+0000][6420][safepoint    ] Total time for which application threads were stopped: 0.0001256 seconds, Stopping threads took: 0.0000288 seconds
[2022-06-16T19:45:25.357+0000][6420][safepoint    ] Application time: 0.0016018 seconds
[2022-06-16T19:45:25.357+0000][6420][safepoint    ] Entering safepoint region: RevokeBias
[2022-06-16T19:45:25.357+0000][6420][safepoint    ] Leaving safepoint region
[2022-06-16T19:45:25.357+0000][6420][safepoint    ] Total time for which application threads were stopped: 0.0001093 seconds, Stopping threads took: 0.0000271 seconds
[2022-06-16T19:45:25.357+0000][6420][safepoint    ] Application time: 0.0011690 seconds
[2022-06-16T19:45:25.357+0000][6420][safepoint    ] Entering safepoint region: RevokeBias
[2022-06-16T19:45:25.357+0000][6420][safepoint    ] Leaving safepoint region
[2022-06-16T19:45:25.357+0000][6420][safepoint    ] Total time for which application threads were stopped: 0.0001051 seconds, Stopping threads took: 0.0000393 seconds
[2022-06-16T19:45:25.372+0000][6420][safepoint    ] Application time: 0.0076435 seconds
[2022-06-16T19:45:25.372+0000][6420][safepoint    ] Entering safepoint region: RevokeBias
[2022-06-16T19:45:25.372+0000][6420][safepoint    ] Leaving safepoint region
[2022-06-16T19:45:25.372+0000][6420][safepoint    ] Total time for which application threads were stopped: 0.0000944 seconds, Stopping threads took: 0.0000194 seconds
[2022-06-16T19:45:25.529+0000][6420][safepoint    ] Application time: 0.1559633 seconds
[2022-06-16T19:45:25.529+0000][6420][safepoint    ] Entering safepoint region: RevokeBias
[2022-06-16T19:45:25.529+0000][6420][safepoint    ] Leaving safepoint region
[2022-06-16T19:45:25.529+0000][6420][safepoint    ] Total time for which application threads were stopped: 0.0001401 seconds, Stopping threads took: 0.0000269 seconds
[2022-06-16T19:45:25.529+0000][6420][safepoint    ] Application time: 0.0005768 seconds
[2022-06-16T19:45:25.529+0000][6420][safepoint    ] Entering safepoint region: RevokeBias
[2022-06-16T19:45:25.529+0000][6420][safepoint    ] Leaving safepoint region
[2022-06-16T19:45:25.529+0000][6420][safepoint    ] Total time for which application threads were stopped: 0.0001090 seconds, Stopping threads took: 0.0000218 seconds
[2022-06-16T19:45:25.560+0000][6420][safepoint    ] Application time: 0.0410369 seconds
[2022-06-16T19:45:25.560+0000][6420][safepoint    ] Entering safepoint region: RevokeBias
[2022-06-16T19:45:25.560+0000][6420][safepoint    ] Leaving safepoint region
[2022-06-16T19:45:25.560+0000][6420][safepoint    ] Total time for which application threads were stopped: 0.0001295 seconds, Stopping threads took: 0.0000221 seconds
[2022-06-16T19:45:25.560+0000][6420][safepoint    ] Application time: 0.0000923 seconds
[2022-06-16T19:45:25.560+0000][6420][safepoint    ] Entering safepoint region: RevokeBias
[2022-06-16T19:45:25.560+0000][6420][safepoint    ] Leaving safepoint region
[2022-06-16T19:45:25.560+0000][6420][safepoint    ] Total time for which application threads were stopped: 0.0000825 seconds, Stopping threads took: 0.0000198 seconds
[2022-06-16T19:45:26.337+0000][6420][safepoint    ] Application time: 0.7640115 seconds
[2022-06-16T19:45:26.337+0000][6420][safepoint    ] Entering safepoint region: RevokeBias
[2022-06-16T19:45:26.337+0000][6420][safepoint    ] Leaving safepoint region
[2022-06-16T19:45:26.337+0000][6420][safepoint    ] Total time for which application threads were stopped: 0.0001089 seconds, Stopping threads took: 0.0000308 seconds
[2022-06-16T19:45:26.337+0000][6420][safepoint    ] Application time: 0.0000760 seconds
[2022-06-16T19:45:26.337+0000][6420][safepoint    ] Entering safepoint region: RevokeBias
[2022-06-16T19:45:26.337+0000][6420][safepoint    ] Leaving safepoint region
[2022-06-16T19:45:26.337+0000][6420][safepoint    ] Total time for which application threads were stopped: 0.0000586 seconds, Stopping threads took: 0.0000258 seconds
[2022-06-16T19:45:26.384+0000][6420][safepoint    ] Application time: 0.0466601 seconds
[2022-06-16T19:45:26.384+0000][6420][safepoint    ] Entering safepoint region: RevokeBias
[2022-06-16T19:45:26.384+0000][6420][safepoint    ] Leaving safepoint region
[2022-06-16T19:45:26.384+0000][6420][safepoint    ] Total time for which application threads were stopped: 0.0001322 seconds, Stopping threads took: 0.0000275 seconds
[2022-06-16T19:45:26.384+0000][6420][safepoint    ] Application time: 0.0000584 seconds
[2022-06-16T19:45:26.384+0000][6420][safepoint    ] Entering safepoint region: RevokeBias
[2022-06-16T19:45:26.384+0000][6420][safepoint    ] Leaving safepoint region
[2022-06-16T19:45:26.384+0000][6420][safepoint    ] Total time for which application threads were stopped: 0.0000437 seconds, Stopping threads took: 0.0000133 seconds
[2022-06-16T19:45:26.400+0000][6420][safepoint    ] Application time: 0.0151393 seconds
[2022-06-16T19:45:26.400+0000][6420][safepoint    ] Entering safepoint region: RevokeBias
[2022-06-16T19:45:26.400+0000][6420][safepoint    ] Leaving safepoint region
[2022-06-16T19:45:26.400+0000][6420][safepoint    ] Total time for which application threads were stopped: 0.0000904 seconds, Stopping threads took: 0.0000203 seconds
[2022-06-16T19:45:26.400+0000][6420][safepoint    ] Application time: 0.0000409 seconds
[2022-06-16T19:45:26.400+0000][6420][safepoint    ] Entering safepoint region: RevokeBias
[2022-06-16T19:45:26.400+0000][6420][safepoint    ] Leaving safepoint region
[2022-06-16T19:45:26.400+0000][6420][safepoint    ] Total time for which application threads were stopped: 0.0000413 seconds, Stopping threads took: 0.0000128 seconds
[2022-06-16T19:45:27.413+0000][6420][safepoint    ] Application time: 1.0130158 seconds
[2022-06-16T19:45:27.413+0000][6420][safepoint    ] Entering safepoint region: Cleanup
[2022-06-16T19:45:27.413+0000][6420][safepoint    ] Leaving safepoint region
[2022-06-16T19:45:27.413+0000][6420][safepoint    ] Total time for which application threads were stopped: 0.0000914 seconds, Stopping threads took: 0.0000215 seconds
[2022-06-16T19:45:45.542+0000][6420][safepoint    ] Application time: 18.1290644 seconds
[2022-06-16T19:45:45.542+0000][6420][safepoint    ] Entering safepoint region: Cleanup
[2022-06-16T19:45:45.542+0000][6420][safepoint    ] Leaving safepoint region
[2022-06-16T19:45:45.542+0000][6420][safepoint    ] Total time for which application threads were stopped: 0.0001126 seconds, Stopping threads took: 0.0000293 seconds
[2022-06-16T19:45:49.564+0000][6420][safepoint    ] Application time: 4.0217276 seconds
[2022-06-16T19:45:49.564+0000][6420][safepoint    ] Entering safepoint region: Cleanup
[2022-06-16T19:45:49.564+0000][6420][safepoint    ] Leaving safepoint region
[2022-06-16T19:45:49.564+0000][6420][safepoint    ] Total time for which application threads were stopped: 0.0000933 seconds, Stopping threads took: 0.0000234 seconds
[2022-06-16T19:45:55.105+0000][6420][safepoint    ] Application time: 5.5416319 seconds
[2022-06-16T19:45:55.105+0000][6420][safepoint    ] Entering safepoint region: RevokeBias
[2022-06-16T19:45:55.105+0000][6420][safepoint    ] Leaving safepoint region
[2022-06-16T19:45:55.105+0000][6420][safepoint    ] Total time for which application threads were stopped: 0.0001527 seconds, Stopping threads took: 0.0000466 seconds
[2022-06-16T19:45:55.105+0000][6420][safepoint    ] Application time: 0.0005258 seconds
[2022-06-16T19:45:55.105+0000][6420][safepoint    ] Entering safepoint region: RevokeBias
[2022-06-16T19:45:55.105+0000][6420][safepoint    ] Leaving safepoint region
[2022-06-16T19:45:55.105+0000][6420][safepoint    ] Total time for which application threads were stopped: 0.0000684 seconds, Stopping threads took: 0.0000152 seconds
[2022-06-16T19:46:12.242+0000][6420][safepoint    ] Application time: 17.1355481 seconds
[2022-06-16T19:46:12.242+0000][6420][safepoint    ] Entering safepoint region: Cleanup
[2022-06-16T19:46:12.242+0000][6420][safepoint    ] Leaving safepoint region
[2022-06-16T19:46:12.242+0000][6420][safepoint    ] Total time for which application threads were stopped: 0.0001157 seconds, Stopping threads took: 0.0000295 seconds
[2022-06-16T19:46:25.116+0000][6420][safepoint    ] Application time: 12.8748415 seconds
[2022-06-16T19:46:25.116+0000][6420][safepoint    ] Entering safepoint region: RevokeBias
[2022-06-16T19:46:25.116+0000][6420][safepoint    ] Leaving safepoint region
[2022-06-16T19:46:25.116+0000][6420][safepoint    ] Total time for which application threads were stopped: 0.0001594 seconds, Stopping threads took: 0.0000343 seconds
[2022-06-16T19:46:25.116+0000][6420][safepoint    ] Application time: 0.0005777 seconds
[2022-06-16T19:46:25.116+0000][6420][safepoint    ] Entering safepoint region: RevokeBias
[2022-06-16T19:46:25.116+0000][6420][safepoint    ] Leaving safepoint region
[2022-06-16T19:46:25.116+0000][6420][safepoint    ] Total time for which application threads were stopped: 0.0000705 seconds, Stopping threads took: 0.0000153 seconds
[2022-06-16T19:46:27.130+0000][6420][safepoint    ] Application time: 2.0115167 seconds
[2022-06-16T19:46:27.130+0000][6420][safepoint    ] Entering safepoint region: Cleanup
[2022-06-16T19:46:27.130+0000][6420][safepoint    ] Leaving safepoint region
[2022-06-16T19:46:27.130+0000][6420][safepoint    ] Total time for which application threads were stopped: 0.0000895 seconds, Stopping threads took: 0.0000209 seconds
[2022-06-16T19:46:36.174+0000][6420][safepoint    ] Application time: 9.0438112 seconds
[2022-06-16T19:46:36.174+0000][6420][safepoint    ] Entering safepoint region: Cleanup
[2022-06-16T19:46:36.174+0000][6420][safepoint    ] Leaving safepoint region
[2022-06-16T19:46:36.174+0000][6420][safepoint    ] Total time for which application threads were stopped: 0.0000941 seconds, Stopping threads took: 0.0000237 seconds
[2022-06-16T19:46:55.126+0000][6420][safepoint    ] Application time: 18.9539189 seconds
[2022-06-16T19:46:55.126+0000][6420][safepoint    ] Entering safepoint region: RevokeBias
[2022-06-16T19:46:55.126+0000][6420][safepoint    ] Leaving safepoint region
[2022-06-16T19:46:55.126+0000][6420][safepoint    ] Total time for which application threads were stopped: 0.0001732 seconds, Stopping threads took: 0.0000327 seconds
[2022-06-16T19:46:55.126+0000][6420][safepoint    ] Application time: 0.0012984 seconds
[2022-06-16T19:46:55.126+0000][6420][safepoint    ] Entering safepoint region: RevokeBias
[2022-06-16T19:46:55.126+0000][6420][safepoint    ] Leaving safepoint region
[2022-06-16T19:46:55.126+0000][6420][safepoint    ] Total time for which application threads were stopped: 0.0000710 seconds, Stopping threads took: 0.0000154 seconds
[2022-06-16T19:47:25.136+0000][6420][safepoint    ] Application time: 30.0081170 seconds
[2022-06-16T19:47:25.136+0000][6420][safepoint    ] Entering safepoint region: RevokeBias
[2022-06-16T19:47:25.136+0000][6420][safepoint    ] Leaving safepoint region
[2022-06-16T19:47:25.136+0000][6420][safepoint    ] Total time for which application threads were stopped: 0.0001737 seconds, Stopping threads took: 0.0000368 seconds
[2022-06-16T19:47:25.136+0000][6420][safepoint    ] Application time: 0.0016913 seconds
[2022-06-16T19:47:25.136+0000][6420][safepoint    ] Entering safepoint region: RevokeBias
[2022-06-16T19:47:25.136+0000][6420][safepoint    ] Leaving safepoint region
[2022-06-16T19:47:25.136+0000][6420][safepoint    ] Total time for which application threads were stopped: 0.0000934 seconds, Stopping threads took: 0.0000290 seconds
[2022-06-16T19:47:27.148+0000][6420][safepoint    ] Application time: 2.0088965 seconds
[2022-06-16T19:47:27.148+0000][6420][safepoint    ] Entering safepoint region: Cleanup
[2022-06-16T19:47:27.148+0000][6420][safepoint    ] Leaving safepoint region
[2022-06-16T19:47:27.148+0000][6420][safepoint    ] Total time for which application threads were stopped: 0.0000906 seconds, Stopping threads took: 0.0000225 seconds
[2022-06-16T19:47:51.293+0000][6420][safepoint    ] Application time: 24.1448657 seconds
[2022-06-16T19:47:51.293+0000][6420][safepoint    ] Entering safepoint region: Cleanup
[2022-06-16T19:47:51.293+0000][6420][safepoint    ] Leaving safepoint region
[2022-06-16T19:47:51.293+0000][6420][safepoint    ] Total time for which application threads were stopped: 0.0001187 seconds, Stopping threads took: 0.0000286 seconds
[2022-06-16T19:47:55.152+0000][6420][safepoint    ] Application time: 3.8592170 seconds
[2022-06-16T19:47:55.152+0000][6420][safepoint    ] Entering safepoint region: RevokeBias
[2022-06-16T19:47:55.152+0000][6420][safepoint    ] Leaving safepoint region
[2022-06-16T19:47:55.152+0000][6420][safepoint    ] Total time for which application threads were stopped: 0.0001551 seconds, Stopping threads took: 0.0000336 seconds
[2022-06-16T19:47:55.152+0000][6420][safepoint    ] Application time: 0.0009097 seconds
[2022-06-16T19:47:55.152+0000][6420][safepoint    ] Entering safepoint region: RevokeBias
[2022-06-16T19:47:55.152+0000][6420][safepoint    ] Leaving safepoint region
[2022-06-16T19:47:55.152+0000][6420][safepoint    ] Total time for which application threads were stopped: 0.0000842 seconds, Stopping threads took: 0.0000287 seconds
[2022-06-16T19:47:56.157+0000][6420][safepoint    ] Application time: 1.0030550 seconds
[2022-06-16T19:47:56.157+0000][6420][safepoint    ] Entering safepoint region: Cleanup
[2022-06-16T19:47:56.157+0000][6420][safepoint    ] Leaving safepoint region
[2022-06-16T19:47:56.157+0000][6420][safepoint    ] Total time for which application threads were stopped: 0.0001049 seconds, Stopping threads took: 0.0000291 seconds
[2022-06-16T19:48:25.155+0000][6420][safepoint    ] Application time: 29.0012920 seconds
[2022-06-16T19:48:25.155+0000][6420][safepoint    ] Entering safepoint region: RevokeBias
[2022-06-16T19:48:25.155+0000][6420][safepoint    ] Leaving safepoint region
[2022-06-16T19:48:25.155+0000][6420][safepoint    ] Total time for which application threads were stopped: 0.0001885 seconds, Stopping threads took: 0.0000339 seconds
[2022-06-16T19:48:25.155+0000][6420][safepoint    ] Application time: 0.0009392 seconds
[2022-06-16T19:48:25.155+0000][6420][safepoint    ] Entering safepoint region: RevokeBias
[2022-06-16T19:48:25.155+0000][6420][safepoint    ] Leaving safepoint region
[2022-06-16T19:48:25.155+0000][6420][safepoint    ] Total time for which application threads were stopped: 0.0001171 seconds, Stopping threads took: 0.0000429 seconds
[2022-06-16T19:48:29.836+0000][2892][gc] Using Concurrent Mark Sweep
[2022-06-16T19:48:29.836+0000][2892][gc,heap,coops] Heap address: 0x00000000c0000000, size: 1024 MB, Compressed Oops mode: 32-bit
[2022-06-16T19:48:30.114+0000][2892][safepoint    ] Entering safepoint region: EnableBiasedLocking
[2022-06-16T19:48:30.114+0000][2892][safepoint    ] Leaving safepoint region
[2022-06-16T19:48:30.114+0000][2892][safepoint    ] Total time for which application threads were stopped: 0.0004584 seconds, Stopping threads took: 0.0004001 seconds
[2022-06-16T19:48:30.114+0000][2892][gc,heap,exit ] Heap
[2022-06-16T19:48:30.114+0000][2892][gc,heap,exit ]  par new generation   total 153344K, used 8179K [0x00000000c0000000, 0x00000000ca660000, 0x00000000ca660000)
[2022-06-16T19:48:30.114+0000][2892][gc,heap,exit ]   eden space 136320K,   6% used [0x00000000c0000000, 0x00000000c07fcf08, 0x00000000c8520000)
[2022-06-16T19:48:30.114+0000][2892][gc,heap,exit ]   from space 17024K,   0% used [0x00000000c8520000, 0x00000000c8520000, 0x00000000c95c0000)
[2022-06-16T19:48:30.114+0000][2892][gc,heap,exit ]   to   space 17024K,   0% used [0x00000000c95c0000, 0x00000000c95c0000, 0x00000000ca660000)
[2022-06-16T19:48:30.114+0000][2892][gc,heap,exit ]  concurrent mark-sweep generation total 878208K, used 0K [0x00000000ca660000, 0x0000000100000000, 0x0000000100000000)
[2022-06-16T19:48:30.114+0000][2892][gc,heap,exit ]  Metaspace       used 3213K, capacity 4480K, committed 4480K, reserved 1056768K
[2022-06-16T19:48:30.114+0000][2892][gc,heap,exit ]   class space    used 274K, capacity 384K, committed 384K, reserved 1048576K
[2022-06-16T19:48:30.114+0000][2892][safepoint    ] Application time: 0.0063397 seconds
[2022-06-16T19:48:30.114+0000][2892][safepoint    ] Entering safepoint region: Halt
[2022-06-16T19:48:30.770+0000][4840][gc] Using Concurrent Mark Sweep
[2022-06-16T19:48:30.770+0000][4840][gc,heap,coops] Heap address: 0x00000000c0000000, size: 1024 MB, Compressed Oops mode: 32-bit
[2022-06-16T19:48:30.896+0000][4840][safepoint    ] Entering safepoint region: EnableBiasedLocking
[2022-06-16T19:48:30.896+0000][4840][safepoint    ] Leaving safepoint region
[2022-06-16T19:48:30.896+0000][4840][safepoint    ] Total time for which application threads were stopped: 0.0003820 seconds, Stopping threads took: 0.0003018 seconds
[2022-06-16T19:48:31.052+0000][4840][safepoint    ] Application time: 0.1551143 seconds
[2022-06-16T19:48:31.052+0000][4840][safepoint    ] Entering safepoint region: RevokeBias
[2022-06-16T19:48:31.052+0000][4840][safepoint    ] Leaving safepoint region
[2022-06-16T19:48:31.052+0000][4840][safepoint    ] Total time for which application threads were stopped: 0.0001217 seconds, Stopping threads took: 0.0000264 seconds
[2022-06-16T19:48:31.099+0000][4840][safepoint    ] Application time: 0.0534860 seconds
[2022-06-16T19:48:31.099+0000][4840][safepoint    ] Entering safepoint region: Deoptimize
[2022-06-16T19:48:31.099+0000][4840][safepoint    ] Leaving safepoint region
[2022-06-16T19:48:31.099+0000][4840][safepoint    ] Total time for which application threads were stopped: 0.0001363 seconds, Stopping threads took: 0.0000348 seconds
[2022-06-16T19:48:31.114+0000][4840][safepoint    ] Application time: 0.0004157 seconds
[2022-06-16T19:48:31.114+0000][4840][safepoint    ] Entering safepoint region: Deoptimize
[2022-06-16T19:48:31.114+0000][4840][safepoint    ] Leaving safepoint region
[2022-06-16T19:48:31.114+0000][4840][safepoint    ] Total time for which application threads were stopped: 0.0000852 seconds, Stopping threads took: 0.0000197 seconds
[2022-06-16T19:48:31.114+0000][4840][safepoint    ] Application time: 0.0048850 seconds
[2022-06-16T19:48:31.114+0000][4840][safepoint    ] Entering safepoint region: Deoptimize
[2022-06-16T19:48:31.114+0000][4840][safepoint    ] Leaving safepoint region
[2022-06-16T19:48:31.114+0000][4840][safepoint    ] Total time for which application threads were stopped: 0.0000797 seconds, Stopping threads took: 0.0000185 seconds
[2022-06-16T19:48:31.552+0000][4840][safepoint    ] Application time: 0.4347332 seconds
[2022-06-16T19:48:31.552+0000][4840][safepoint    ] Entering safepoint region: Deoptimize
[2022-06-16T19:48:31.552+0000][4840][safepoint    ] Leaving safepoint region
[2022-06-16T19:48:31.552+0000][4840][safepoint    ] Total time for which application threads were stopped: 0.0002030 seconds, Stopping threads took: 0.0000243 seconds
[2022-06-16T19:48:31.552+0000][4840][safepoint    ] Application time: 0.0007873 seconds
[2022-06-16T19:48:31.552+0000][4840][safepoint    ] Entering safepoint region: Deoptimize
[2022-06-16T19:48:31.552+0000][4840][safepoint    ] Leaving safepoint region
[2022-06-16T19:48:31.552+0000][4840][safepoint    ] Total time for which application threads were stopped: 0.0001207 seconds, Stopping threads took: 0.0000217 seconds
[2022-06-16T19:48:31.568+0000][4840][safepoint    ] Application time: 0.0223731 seconds
[2022-06-16T19:48:31.568+0000][4840][safepoint    ] Entering safepoint region: Deoptimize
[2022-06-16T19:48:31.568+0000][4840][safepoint    ] Leaving safepoint region
[2022-06-16T19:48:31.568+0000][4840][safepoint    ] Total time for which application threads were stopped: 0.0001515 seconds, Stopping threads took: 0.0000372 seconds
[2022-06-16T19:48:31.599+0000][4840][safepoint    ] Application time: 0.0207242 seconds
[2022-06-16T19:48:31.599+0000][4840][safepoint    ] Entering safepoint region: Deoptimize
[2022-06-16T19:48:31.599+0000][4840][safepoint    ] Leaving safepoint region
[2022-06-16T19:48:31.599+0000][4840][safepoint    ] Total time for which application threads were stopped: 0.0001472 seconds, Stopping threads took: 0.0000241 seconds
[2022-06-16T19:48:31.708+0000][4840][safepoint    ] Application time: 0.1133415 seconds
[2022-06-16T19:48:31.708+0000][4840][safepoint    ] Entering safepoint region: Deoptimize
[2022-06-16T19:48:31.708+0000][4840][safepoint    ] Leaving safepoint region
[2022-06-16T19:48:31.708+0000][4840][safepoint    ] Total time for which application threads were stopped: 0.0001771 seconds, Stopping threads took: 0.0000256 seconds
[2022-06-16T19:48:31.755+0000][4840][safepoint    ] Application time: 0.0559467 seconds
[2022-06-16T19:48:31.755+0000][4840][safepoint    ] Entering safepoint region: Deoptimize
[2022-06-16T19:48:31.755+0000][4840][safepoint    ] Leaving safepoint region
[2022-06-16T19:48:31.755+0000][4840][safepoint    ] Total time for which application threads were stopped: 0.0001807 seconds, Stopping threads took: 0.0000243 seconds
[2022-06-16T19:48:32.114+0000][4840][safepoint    ] Application time: 0.3522417 seconds
[2022-06-16T19:48:32.114+0000][4840][safepoint    ] Entering safepoint region: RevokeBias
[2022-06-16T19:48:32.114+0000][4840][safepoint    ] Leaving safepoint region
[2022-06-16T19:48:32.114+0000][4840][safepoint    ] Total time for which application threads were stopped: 0.0001573 seconds, Stopping threads took: 0.0000249 seconds
[2022-06-16T19:48:32.224+0000][4840][safepoint    ] Application time: 0.1105336 seconds
[2022-06-16T19:48:32.224+0000][4840][safepoint    ] Entering safepoint region: RevokeBias
[2022-06-16T19:48:32.224+0000][4840][safepoint    ] Leaving safepoint region
[2022-06-16T19:48:32.224+0000][4840][safepoint    ] Total time for which application threads were stopped: 0.0001479 seconds, Stopping threads took: 0.0000620 seconds
[2022-06-16T19:48:32.333+0000][4840][safepoint    ] Application time: 0.1040288 seconds
[2022-06-16T19:48:32.333+0000][4840][safepoint    ] Entering safepoint region: Deoptimize
[2022-06-16T19:48:32.333+0000][4840][safepoint    ] Leaving safepoint region
[2022-06-16T19:48:32.333+0000][4840][safepoint    ] Total time for which application threads were stopped: 0.0002414 seconds, Stopping threads took: 0.0000254 seconds
[2022-06-16T19:48:32.943+0000][4840][safepoint    ] Application time: 0.6063040 seconds
[2022-06-16T19:48:32.943+0000][4840][safepoint    ] Entering safepoint region: Deoptimize
[2022-06-16T19:48:32.943+0000][4840][safepoint    ] Leaving safepoint region
[2022-06-16T19:48:32.943+0000][4840][safepoint    ] Total time for which application threads were stopped: 0.0003363 seconds, Stopping threads took: 0.0000213 seconds
[2022-06-16T19:48:33.114+0000][4840][safepoint    ] Application time: 0.1805200 seconds
[2022-06-16T19:48:33.114+0000][4840][safepoint    ] Entering safepoint region: CollectForMetadataAllocation
[2022-06-16T19:48:33.114+0000][4840][safepoint    ] Leaving safepoint region
[2022-06-16T19:48:33.114+0000][4840][safepoint    ] Total time for which application threads were stopped: 0.0002124 seconds, Stopping threads took: 0.0000215 seconds
[2022-06-16T19:48:33.130+0000][4840][safepoint    ] Application time: 0.0134805 seconds
[2022-06-16T19:48:33.130+0000][4840][safepoint    ] Entering safepoint region: CollectForMetadataAllocation
[2022-06-16T19:48:33.130+0000][4840][safepoint    ] Leaving safepoint region
[2022-06-16T19:48:33.130+0000][4840][safepoint    ] Total time for which application threads were stopped: 0.0002062 seconds, Stopping threads took: 0.0000246 seconds
[2022-06-16T19:48:33.146+0000][4840][safepoint    ] Application time: 0.0223053 seconds
[2022-06-16T19:48:33.146+0000][4840][safepoint    ] Entering safepoint region: CollectForMetadataAllocation
[2022-06-16T19:48:33.146+0000][4840][safepoint    ] Leaving safepoint region
[2022-06-16T19:48:33.146+0000][4840][safepoint    ] Total time for which application threads were stopped: 0.0001790 seconds, Stopping threads took: 0.0000216 seconds
[2022-06-16T19:48:33.161+0000][4840][safepoint    ] Application time: 0.0068935 seconds
[2022-06-16T19:48:33.161+0000][4840][safepoint    ] Entering safepoint region: CollectForMetadataAllocation
[2022-06-16T19:48:33.161+0000][4840][safepoint    ] Leaving safepoint region
[2022-06-16T19:48:33.161+0000][4840][safepoint    ] Total time for which application threads were stopped: 0.0002090 seconds, Stopping threads took: 0.0000193 seconds
[2022-06-16T19:48:33.255+0000][4840][safepoint    ] Application time: 0.1011124 seconds
[2022-06-16T19:48:33.255+0000][4840][safepoint    ] Entering safepoint region: CollectForMetadataAllocation
[2022-06-16T19:48:33.255+0000][4840][safepoint    ] Leaving safepoint region
[2022-06-16T19:48:33.255+0000][4840][safepoint    ] Total time for which application threads were stopped: 0.0001899 seconds, Stopping threads took: 0.0000245 seconds
[2022-06-16T19:48:33.286+0000][4840][safepoint    ] Application time: 0.0266828 seconds
[2022-06-16T19:48:33.286+0000][4840][safepoint    ] Entering safepoint region: RevokeBias
[2022-06-16T19:48:33.286+0000][4840][safepoint    ] Leaving safepoint region
[2022-06-16T19:48:33.286+0000][4840][safepoint    ] Total time for which application threads were stopped: 0.0000759 seconds, Stopping threads took: 0.0000244 seconds
[2022-06-16T19:48:33.364+0000][4840][safepoint    ] Application time: 0.0818356 seconds
[2022-06-16T19:48:33.364+0000][4840][safepoint    ] Entering safepoint region: CollectForMetadataAllocation
[2022-06-16T19:48:33.364+0000][4840][safepoint    ] Leaving safepoint region
[2022-06-16T19:48:33.364+0000][4840][safepoint    ] Total time for which application threads were stopped: 0.0001670 seconds, Stopping threads took: 0.0000334 seconds
[2022-06-16T19:48:34.286+0000][4840][safepoint    ] Application time: 0.9088572 seconds
[2022-06-16T19:48:34.286+0000][4840][safepoint    ] Entering safepoint region: CollectForMetadataAllocation
[2022-06-16T19:48:34.286+0000][4840][safepoint    ] Leaving safepoint region
[2022-06-16T19:48:34.286+0000][4840][safepoint    ] Total time for which application threads were stopped: 0.0002716 seconds, Stopping threads took: 0.0000261 seconds
[2022-06-16T19:48:34.833+0000][4840][safepoint    ] Application time: 0.5460603 seconds
[2022-06-16T19:48:34.833+0000][4840][safepoint    ] Entering safepoint region: CMS_Initial_Mark
[2022-06-16T19:48:34.833+0000][4840][gc,start     ] GC(0) Pause Initial Mark
[2022-06-16T19:48:34.864+0000][4840][gc           ] GC(0) Pause Initial Mark 101M->101M(1007M) 37.389ms
[2022-06-16T19:48:34.864+0000][4840][gc,cpu       ] GC(0) User=0.03s Sys=0.00s Real=0.03s
[2022-06-16T19:48:34.864+0000][4840][safepoint    ] Leaving safepoint region
[2022-06-16T19:48:34.864+0000][4840][safepoint    ] Total time for which application threads were stopped: 0.0416650 seconds, Stopping threads took: 0.0040960 seconds
[2022-06-16T19:48:34.864+0000][4840][gc           ] GC(0) Concurrent Mark
[2022-06-16T19:48:34.864+0000][4840][gc           ] GC(0) Concurrent Mark 3.740ms
[2022-06-16T19:48:34.864+0000][4840][gc,cpu       ] GC(0) User=0.00s Sys=0.00s Real=0.00s
[2022-06-16T19:48:34.864+0000][4840][gc           ] GC(0) Concurrent Preclean
[2022-06-16T19:48:34.880+0000][4840][gc           ] GC(0) Concurrent Preclean 2.165ms
[2022-06-16T19:48:34.880+0000][4840][gc,cpu       ] GC(0) User=0.03s Sys=0.00s Real=0.02s
[2022-06-16T19:48:34.880+0000][4840][gc           ] GC(0) Concurrent Abortable Preclean
[2022-06-16T19:48:35.083+0000][4840][safepoint    ] Application time: 0.2193471 seconds
[2022-06-16T19:48:35.083+0000][4840][safepoint    ] Entering safepoint region: CollectForMetadataAllocation
[2022-06-16T19:48:35.083+0000][4840][safepoint    ] Leaving safepoint region
[2022-06-16T19:48:35.083+0000][4840][safepoint    ] Total time for which application threads were stopped: 0.0002013 seconds, Stopping threads took: 0.0000258 seconds
[2022-06-16T19:48:35.911+0000][4840][safepoint    ] Application time: 0.8314459 seconds
[2022-06-16T19:48:35.911+0000][4840][safepoint    ] Entering safepoint region: GenCollectForAllocation
[2022-06-16T19:48:35.911+0000][4840][gc,start     ] GC(1) Pause Young (Allocation Failure)
[2022-06-16T19:48:35.911+0000][4840][gc,task      ] GC(1) Using 2 workers of 2 for evacuation
[2022-06-16T19:48:35.958+0000][4840][gc           ] GC(0) Concurrent Abortable Preclean 1077.166ms
[2022-06-16T19:48:35.958+0000][4840][gc,cpu       ] GC(0) User=1.02s Sys=0.23s Real=1.08s
[2022-06-16T19:48:35.958+0000][4840][gc,age       ] GC(1) Desired survivor size 8716288 bytes, new threshold 6 (max threshold 6)
[2022-06-16T19:48:35.958+0000][4840][gc,age       ] GC(1) Age table with threshold 6 (max threshold 6)
[2022-06-16T19:48:35.958+0000][4840][gc,age       ] GC(1) - age   1:    8396968 bytes,    8396968 total
[2022-06-16T19:48:35.958+0000][4840][gc,heap      ] GC(1) ParNew: 136320K->8260K(153344K)
[2022-06-16T19:48:35.958+0000][4840][gc,heap      ] GC(1) CMS: 0K->0K(878208K)
[2022-06-16T19:48:35.958+0000][4840][gc,metaspace ] GC(1) Metaspace: 23146K->23146K(1071104K)
[2022-06-16T19:48:35.958+0000][4840][gc           ] GC(1) Pause Young (Allocation Failure) 133M->8M(1007M) 44.654ms
[2022-06-16T19:48:35.958+0000][4840][gc,cpu       ] GC(1) User=0.03s Sys=0.00s Real=0.05s
[2022-06-16T19:48:35.958+0000][4840][safepoint    ] Leaving safepoint region
[2022-06-16T19:48:35.958+0000][4840][safepoint    ] Total time for which application threads were stopped: 0.0448710 seconds, Stopping threads took: 0.0000261 seconds
[2022-06-16T19:48:36.005+0000][4840][safepoint    ] Application time: 0.0356602 seconds
[2022-06-16T19:48:36.005+0000][4840][safepoint    ] Entering safepoint region: CMS_Final_Remark
[2022-06-16T19:48:36.005+0000][4840][gc,start     ] GC(0) Pause Remark
[2022-06-16T19:48:36.005+0000][4840][gc           ] GC(0) Pause Remark 8M->8M(1007M) 9.486ms
[2022-06-16T19:48:36.005+0000][4840][gc,cpu       ] GC(0) User=0.00s Sys=0.00s Real=0.00s
[2022-06-16T19:48:36.005+0000][4840][safepoint    ] Leaving safepoint region
[2022-06-16T19:48:36.005+0000][4840][safepoint    ] Total time for which application threads were stopped: 0.0096504 seconds, Stopping threads took: 0.0000387 seconds
[2022-06-16T19:48:36.005+0000][4840][gc           ] GC(0) Concurrent Sweep
[2022-06-16T19:48:36.005+0000][4840][gc           ] GC(0) Concurrent Sweep 0.041ms
[2022-06-16T19:48:36.005+0000][4840][gc,cpu       ] GC(0) User=0.00s Sys=0.00s Real=0.00s
[2022-06-16T19:48:36.005+0000][4840][gc           ] GC(0) Concurrent Reset
[2022-06-16T19:48:36.005+0000][4840][gc           ] GC(0) Concurrent Reset 1.156ms
[2022-06-16T19:48:36.005+0000][4840][gc,cpu       ] GC(0) User=0.00s Sys=0.00s Real=0.00s
[2022-06-16T19:48:36.005+0000][4840][gc,heap      ] GC(0) Old: 0K->0K(878208K)
[2022-06-16T19:48:36.005+0000][4840][safepoint    ] Application time: 0.0013986 seconds
[2022-06-16T19:48:36.005+0000][4840][safepoint    ] Entering safepoint region: RevokeBias
[2022-06-16T19:48:36.005+0000][4840][safepoint    ] Leaving safepoint region
[2022-06-16T19:48:36.005+0000][4840][safepoint    ] Total time for which application threads were stopped: 0.0001072 seconds, Stopping threads took: 0.0000326 seconds
[2022-06-16T19:48:36.005+0000][4840][safepoint    ] Application time: 0.0000511 seconds
[2022-06-16T19:48:36.005+0000][4840][safepoint    ] Entering safepoint region: RevokeBias
[2022-06-16T19:48:36.005+0000][4840][safepoint    ] Leaving safepoint region
[2022-06-16T19:48:36.005+0000][4840][safepoint    ] Total time for which application threads were stopped: 0.0001708 seconds, Stopping threads took: 0.0001095 seconds
[2022-06-16T19:48:36.005+0000][4840][safepoint    ] Application time: 0.0000394 seconds
[2022-06-16T19:48:36.005+0000][4840][safepoint    ] Entering safepoint region: RevokeBias
[2022-06-16T19:48:36.005+0000][4840][safepoint    ] Leaving safepoint region
[2022-06-16T19:48:36.005+0000][4840][safepoint    ] Total time for which application threads were stopped: 0.0001793 seconds, Stopping threads took: 0.0000962 seconds
[2022-06-16T19:48:36.005+0000][4840][safepoint    ] Application time: 0.0000289 seconds
[2022-06-16T19:48:36.005+0000][4840][safepoint    ] Entering safepoint region: RevokeBias
[2022-06-16T19:48:36.005+0000][4840][safepoint    ] Leaving safepoint region
[2022-06-16T19:48:36.005+0000][4840][safepoint    ] Total time for which application threads were stopped: 0.0001037 seconds, Stopping threads took: 0.0000449 seconds
[2022-06-16T19:48:36.005+0000][4840][safepoint    ] Application time: 0.0000289 seconds
[2022-06-16T19:48:36.005+0000][4840][safepoint    ] Entering safepoint region: RevokeBias
[2022-06-16T19:48:36.005+0000][4840][safepoint    ] Leaving safepoint region
[2022-06-16T19:48:36.005+0000][4840][safepoint    ] Total time for which application threads were stopped: 0.0000689 seconds, Stopping threads took: 0.0000158 seconds
[2022-06-16T19:48:36.005+0000][4840][safepoint    ] Application time: 0.0000174 seconds
[2022-06-16T19:48:36.005+0000][4840][safepoint    ] Entering safepoint region: RevokeBias
[2022-06-16T19:48:36.005+0000][4840][safepoint    ] Leaving safepoint region
[2022-06-16T19:48:36.005+0000][4840][safepoint    ] Total time for which application threads were stopped: 0.0000666 seconds, Stopping threads took: 0.0000157 seconds
[2022-06-16T19:48:36.005+0000][4840][safepoint    ] Application time: 0.0000224 seconds
[2022-06-16T19:48:36.005+0000][4840][safepoint    ] Entering safepoint region: RevokeBias
[2022-06-16T19:48:36.005+0000][4840][safepoint    ] Leaving safepoint region
[2022-06-16T19:48:36.005+0000][4840][safepoint    ] Total time for which application threads were stopped: 0.0000756 seconds, Stopping threads took: 0.0000201 seconds
[2022-06-16T19:48:36.005+0000][4840][safepoint    ] Application time: 0.0000120 seconds
[2022-06-16T19:48:36.005+0000][4840][safepoint    ] Entering safepoint region: RevokeBias
[2022-06-16T19:48:36.005+0000][4840][safepoint    ] Leaving safepoint region
[2022-06-16T19:48:36.005+0000][4840][safepoint    ] Total time for which application threads were stopped: 0.0000653 seconds, Stopping threads took: 0.0000187 seconds
[2022-06-16T19:48:36.005+0000][4840][safepoint    ] Application time: 0.0000174 seconds
[2022-06-16T19:48:36.005+0000][4840][safepoint    ] Entering safepoint region: RevokeBias
[2022-06-16T19:48:36.005+0000][4840][safepoint    ] Leaving safepoint region
[2022-06-16T19:48:36.005+0000][4840][safepoint    ] Total time for which application threads were stopped: 0.0000653 seconds, Stopping threads took: 0.0000188 seconds
[2022-06-16T19:48:36.005+0000][4840][safepoint    ] Application time: 0.0000104 seconds
[2022-06-16T19:48:36.005+0000][4840][safepoint    ] Entering safepoint region: RevokeBias
[2022-06-16T19:48:36.005+0000][4840][safepoint    ] Leaving safepoint region
[2022-06-16T19:48:36.005+0000][4840][safepoint    ] Total time for which application threads were stopped: 0.0000631 seconds, Stopping threads took: 0.0000181 seconds
[2022-06-16T19:48:36.005+0000][4840][safepoint    ] Application time: 0.0000145 seconds
[2022-06-16T19:48:36.005+0000][4840][safepoint    ] Entering safepoint region: RevokeBias
[2022-06-16T19:48:36.005+0000][4840][safepoint    ] Leaving safepoint region
[2022-06-16T19:48:36.005+0000][4840][safepoint    ] Total time for which application threads were stopped: 0.0000682 seconds, Stopping threads took: 0.0000189 seconds
[2022-06-16T19:48:36.005+0000][4840][safepoint    ] Application time: 0.0000123 seconds
[2022-06-16T19:48:36.005+0000][4840][safepoint    ] Entering safepoint region: RevokeBias
[2022-06-16T19:48:36.005+0000][4840][safepoint    ] Leaving safepoint region
[2022-06-16T19:48:36.005+0000][4840][safepoint    ] Total time for which application threads were stopped: 0.0000801 seconds, Stopping threads took: 0.0000296 seconds
[2022-06-16T19:48:36.005+0000][4840][safepoint    ] Application time: 0.0000313 seconds
[2022-06-16T19:48:36.005+0000][4840][safepoint    ] Entering safepoint region: RevokeBias
[2022-06-16T19:48:36.005+0000][4840][safepoint    ] Leaving safepoint region
[2022-06-16T19:48:36.005+0000][4840][safepoint    ] Total time for which application threads were stopped: 0.0002041 seconds, Stopping threads took: 0.0001264 seconds
[2022-06-16T19:48:36.005+0000][4840][safepoint    ] Application time: 0.0000183 seconds
[2022-06-16T19:48:36.005+0000][4840][safepoint    ] Entering safepoint region: RevokeBias
[2022-06-16T19:48:36.005+0000][4840][safepoint    ] Leaving safepoint region
[2022-06-16T19:48:36.005+0000][4840][safepoint    ] Total time for which application threads were stopped: 0.0000872 seconds, Stopping threads took: 0.0000158 seconds
[2022-06-16T19:48:36.005+0000][4840][safepoint    ] Application time: 0.0000266 seconds
[2022-06-16T19:48:36.005+0000][4840][safepoint    ] Entering safepoint region: RevokeBias
[2022-06-16T19:48:36.005+0000][4840][safepoint    ] Leaving safepoint region
[2022-06-16T19:48:36.005+0000][4840][safepoint    ] Total time for which application threads were stopped: 0.0000907 seconds, Stopping threads took: 0.0000163 seconds
[2022-06-16T19:48:36.005+0000][4840][safepoint    ] Application time: 0.0000169 seconds
[2022-06-16T19:48:36.005+0000][4840][safepoint    ] Entering safepoint region: RevokeBias
[2022-06-16T19:48:36.005+0000][4840][safepoint    ] Leaving safepoint region
[2022-06-16T19:48:36.005+0000][4840][safepoint    ] Total time for which application threads were stopped: 0.0000848 seconds, Stopping threads took: 0.0000190 seconds
[2022-06-16T19:48:36.005+0000][4840][safepoint    ] Application time: 0.0000301 seconds
[2022-06-16T19:48:36.005+0000][4840][safepoint    ] Entering safepoint region: RevokeBias
[2022-06-16T19:48:36.005+0000][4840][safepoint    ] Leaving safepoint region
[2022-06-16T19:48:36.005+0000][4840][safepoint    ] Total time for which application threads were stopped: 0.0000908 seconds, Stopping threads took: 0.0000189 seconds
[2022-06-16T19:48:36.005+0000][4840][safepoint    ] Application time: 0.0000173 seconds
[2022-06-16T19:48:36.005+0000][4840][safepoint    ] Entering safepoint region: RevokeBias
[2022-06-16T19:48:36.005+0000][4840][safepoint    ] Leaving safepoint region
[2022-06-16T19:48:36.005+0000][4840][safepoint    ] Total time for which application threads were stopped: 0.0001102 seconds, Stopping threads took: 0.0000352 seconds
[2022-06-16T19:48:36.005+0000][4840][safepoint    ] Application time: 0.0000352 seconds
[2022-06-16T19:48:36.005+0000][4840][safepoint    ] Entering safepoint region: RevokeBias
[2022-06-16T19:48:36.021+0000][4840][safepoint    ] Leaving safepoint region
[2022-06-16T19:48:36.021+0000][4840][safepoint    ] Total time for which application threads were stopped: 0.0000576 seconds, Stopping threads took: 0.0000187 seconds
[2022-06-16T19:48:36.021+0000][4840][safepoint    ] Application time: 0.0000148 seconds
[2022-06-16T19:48:36.021+0000][4840][safepoint    ] Entering safepoint region: RevokeBias
[2022-06-16T19:48:36.021+0000][4840][safepoint    ] Leaving safepoint region
[2022-06-16T19:48:36.021+0000][4840][safepoint    ] Total time for which application threads were stopped: 0.0000517 seconds, Stopping threads took: 0.0000152 seconds
[2022-06-16T19:48:36.021+0000][4840][safepoint    ] Application time: 0.0000340 seconds
[2022-06-16T19:48:36.021+0000][4840][safepoint    ] Entering safepoint region: RevokeBias
[2022-06-16T19:48:36.021+0000][4840][safepoint    ] Leaving safepoint region
[2022-06-16T19:48:36.021+0000][4840][safepoint    ] Total time for which application threads were stopped: 0.0000921 seconds, Stopping threads took: 0.0000354 seconds
[2022-06-16T19:48:36.021+0000][4840][safepoint    ] Application time: 0.0000152 seconds
[2022-06-16T19:48:36.021+0000][4840][safepoint    ] Entering safepoint region: RevokeBias
[2022-06-16T19:48:36.021+0000][4840][safepoint    ] Leaving safepoint region
[2022-06-16T19:48:36.021+0000][4840][safepoint    ] Total time for which application threads were stopped: 0.0000959 seconds, Stopping threads took: 0.0000371 seconds
[2022-06-16T19:48:36.021+0000][4840][safepoint    ] Application time: 0.0000232 seconds
[2022-06-16T19:48:36.021+0000][4840][safepoint    ] Entering safepoint region: RevokeBias
[2022-06-16T19:48:36.021+0000][4840][safepoint    ] Leaving safepoint region
[2022-06-16T19:48:36.021+0000][4840][safepoint    ] Total time for which application threads were stopped: 0.0000537 seconds, Stopping threads took: 0.0000188 seconds
[2022-06-16T19:48:36.021+0000][4840][safepoint    ] Application time: 0.0000147 seconds
[2022-06-16T19:48:36.021+0000][4840][safepoint    ] Entering safepoint region: RevokeBias
[2022-06-16T19:48:36.021+0000][4840][safepoint    ] Leaving safepoint region
[2022-06-16T19:48:36.021+0000][4840][safepoint    ] Total time for which application threads were stopped: 0.0000930 seconds, Stopping threads took: 0.0000191 seconds
[2022-06-16T19:48:36.021+0000][4840][safepoint    ] Application time: 0.0000400 seconds
[2022-06-16T19:48:36.021+0000][4840][safepoint    ] Entering safepoint region: RevokeBias
[2022-06-16T19:48:36.021+0000][4840][safepoint    ] Leaving safepoint region
[2022-06-16T19:48:36.021+0000][4840][safepoint    ] Total time for which application threads were stopped: 0.0000892 seconds, Stopping threads took: 0.0000154 seconds
[2022-06-16T19:48:36.021+0000][4840][safepoint    ] Application time: 0.0000175 seconds
[2022-06-16T19:48:36.021+0000][4840][safepoint    ] Entering safepoint region: RevokeBias
[2022-06-16T19:48:36.021+0000][4840][safepoint    ] Leaving safepoint region
[2022-06-16T19:48:36.021+0000][4840][safepoint    ] Total time for which application threads were stopped: 0.0000896 seconds, Stopping threads took: 0.0000156 seconds
[2022-06-16T19:48:36.021+0000][4840][safepoint    ] Application time: 0.0001816 seconds
[2022-06-16T19:48:36.021+0000][4840][safepoint    ] Entering safepoint region: RevokeBias
[2022-06-16T19:48:36.021+0000][4840][safepoint    ] Leaving safepoint region
[2022-06-16T19:48:36.021+0000][4840][safepoint    ] Total time for which application threads were stopped: 0.0001084 seconds, Stopping threads took: 0.0000304 seconds
[2022-06-16T19:48:36.021+0000][4840][safepoint    ] Application time: 0.0000189 seconds
[2022-06-16T19:48:36.021+0000][4840][safepoint    ] Entering safepoint region: RevokeBias
[2022-06-16T19:48:36.021+0000][4840][safepoint    ] Leaving safepoint region
[2022-06-16T19:48:36.021+0000][4840][safepoint    ] Total time for which application threads were stopped: 0.0001013 seconds, Stopping threads took: 0.0000280 seconds
[2022-06-16T19:48:36.849+0000][4840][safepoint    ] Application time: 0.8267981 seconds
[2022-06-16T19:48:36.849+0000][4840][safepoint    ] Entering safepoint region: RevokeBias
[2022-06-16T19:48:36.849+0000][4840][safepoint    ] Leaving safepoint region
[2022-06-16T19:48:36.849+0000][4840][safepoint    ] Total time for which application threads were stopped: 0.0001024 seconds, Stopping threads took: 0.0000250 seconds
[2022-06-16T19:48:37.849+0000][4840][safepoint    ] Application time: 0.9996580 seconds
[2022-06-16T19:48:37.849+0000][4840][safepoint    ] Entering safepoint region: Cleanup
[2022-06-16T19:48:37.849+0000][4840][safepoint    ] Leaving safepoint region
[2022-06-16T19:48:37.849+0000][4840][safepoint    ] Total time for which application threads were stopped: 0.0001030 seconds, Stopping threads took: 0.0000393 seconds
[2022-06-16T19:48:38.521+0000][4840][safepoint    ] Application time: 0.6832166 seconds
[2022-06-16T19:48:38.521+0000][4840][safepoint    ] Entering safepoint region: GenCollectForAllocation
[2022-06-16T19:48:38.521+0000][4840][gc,start     ] GC(2) Pause Young (Allocation Failure)
[2022-06-16T19:48:38.521+0000][4840][gc,task      ] GC(2) Using 2 workers of 2 for evacuation
[2022-06-16T19:48:38.536+0000][4840][gc,age       ] GC(2) Desired survivor size 8716288 bytes, new threshold 2 (max threshold 6)
[2022-06-16T19:48:38.536+0000][4840][gc,age       ] GC(2) Age table with threshold 2 (max threshold 6)
[2022-06-16T19:48:38.536+0000][4840][gc,age       ] GC(2) - age   1:    1709744 bytes,    1709744 total
[2022-06-16T19:48:38.536+0000][4840][gc,age       ] GC(2) - age   2:    8282832 bytes,    9992576 total
[2022-06-16T19:48:38.536+0000][4840][gc,heap      ] GC(2) ParNew: 144580K->11208K(153344K)
[2022-06-16T19:48:38.536+0000][4840][gc,heap      ] GC(2) CMS: 0K->0K(878208K)
[2022-06-16T19:48:38.536+0000][4840][gc,metaspace ] GC(2) Metaspace: 25109K->25109K(1073152K)
[2022-06-16T19:48:38.536+0000][4840][gc           ] GC(2) Pause Young (Allocation Failure) 141M->10M(1007M) 17.023ms
[2022-06-16T19:48:38.536+0000][4840][gc,cpu       ] GC(2) User=0.03s Sys=0.00s Real=0.02s
[2022-06-16T19:48:38.536+0000][4840][safepoint    ] Leaving safepoint region
[2022-06-16T19:48:38.536+0000][4840][safepoint    ] Total time for which application threads were stopped: 0.0172392 seconds, Stopping threads took: 0.0000285 seconds
[2022-06-16T19:48:38.536+0000][4840][safepoint    ] Application time: 0.0001281 seconds
[2022-06-16T19:48:38.536+0000][4840][safepoint    ] Entering safepoint region: BulkRevokeBias
[2022-06-16T19:48:38.536+0000][4840][safepoint    ] Leaving safepoint region
[2022-06-16T19:48:38.536+0000][4840][safepoint    ] Total time for which application threads were stopped: 0.0001250 seconds, Stopping threads took: 0.0000374 seconds
[2022-06-16T19:48:38.536+0000][4840][safepoint    ] Application time: 0.0000679 seconds
[2022-06-16T19:48:38.536+0000][4840][safepoint    ] Entering safepoint region: RevokeBias
[2022-06-16T19:48:38.536+0000][4840][safepoint    ] Leaving safepoint region
[2022-06-16T19:48:38.536+0000][4840][safepoint    ] Total time for which application threads were stopped: 0.0002104 seconds, Stopping threads took: 0.0001253 seconds
[2022-06-16T19:48:38.536+0000][4840][safepoint    ] Application time: 0.0000149 seconds
[2022-06-16T19:48:38.536+0000][4840][safepoint    ] Entering safepoint region: RevokeBias
[2022-06-16T19:48:38.536+0000][4840][safepoint    ] Leaving safepoint region
[2022-06-16T19:48:38.536+0000][4840][safepoint    ] Total time for which application threads were stopped: 0.0000896 seconds, Stopping threads took: 0.0000194 seconds
[2022-06-16T19:48:38.536+0000][4840][safepoint    ] Application time: 0.0000918 seconds
[2022-06-16T19:48:38.536+0000][4840][safepoint    ] Entering safepoint region: RevokeBias
[2022-06-16T19:48:38.536+0000][4840][safepoint    ] Leaving safepoint region
[2022-06-16T19:48:38.536+0000][4840][safepoint    ] Total time for which application threads were stopped: 0.0000926 seconds, Stopping threads took: 0.0000197 seconds
[2022-06-16T19:48:38.536+0000][4840][safepoint    ] Application time: 0.0000129 seconds
[2022-06-16T19:48:38.536+0000][4840][safepoint    ] Entering safepoint region: RevokeBias
[2022-06-16T19:48:38.536+0000][4840][safepoint    ] Leaving safepoint region
[2022-06-16T19:48:38.536+0000][4840][safepoint    ] Total time for which application threads were stopped: 0.0000892 seconds, Stopping threads took: 0.0000184 seconds
[2022-06-16T19:48:38.536+0000][4840][safepoint    ] Application time: 0.0000160 seconds
[2022-06-16T19:48:38.536+0000][4840][safepoint    ] Entering safepoint region: RevokeBias
[2022-06-16T19:48:38.536+0000][4840][safepoint    ] Leaving safepoint region
[2022-06-16T19:48:38.536+0000][4840][safepoint    ] Total time for which application threads were stopped: 0.0000830 seconds, Stopping threads took: 0.0000175 seconds
[2022-06-16T19:48:38.536+0000][4840][safepoint    ] Application time: 0.0000130 seconds
[2022-06-16T19:48:38.536+0000][4840][safepoint    ] Entering safepoint region: RevokeBias
[2022-06-16T19:48:38.536+0000][4840][safepoint    ] Leaving safepoint region
[2022-06-16T19:48:38.536+0000][4840][safepoint    ] Total time for which application threads were stopped: 0.0000820 seconds, Stopping threads took: 0.0000176 seconds
[2022-06-16T19:48:38.536+0000][4840][safepoint    ] Application time: 0.0000103 seconds
[2022-06-16T19:48:38.536+0000][4840][safepoint    ] Entering safepoint region: RevokeBias
[2022-06-16T19:48:38.536+0000][4840][safepoint    ] Leaving safepoint region
[2022-06-16T19:48:38.536+0000][4840][safepoint    ] Total time for which application threads were stopped: 0.0000859 seconds, Stopping threads took: 0.0000183 seconds
[2022-06-16T19:48:38.536+0000][4840][safepoint    ] Application time: 0.0000180 seconds
[2022-06-16T19:48:38.536+0000][4840][safepoint    ] Entering safepoint region: RevokeBias
[2022-06-16T19:48:38.536+0000][4840][safepoint    ] Leaving safepoint region
[2022-06-16T19:48:38.536+0000][4840][safepoint    ] Total time for which application threads were stopped: 0.0000962 seconds, Stopping threads took: 0.0000189 seconds
[2022-06-16T19:48:38.536+0000][4840][safepoint    ] Application time: 0.0000123 seconds
[2022-06-16T19:48:38.536+0000][4840][safepoint    ] Entering safepoint region: RevokeBias
[2022-06-16T19:48:38.536+0000][4840][safepoint    ] Leaving safepoint region
[2022-06-16T19:48:38.536+0000][4840][safepoint    ] Total time for which application threads were stopped: 0.0000840 seconds, Stopping threads took: 0.0000169 seconds
[2022-06-16T19:48:38.536+0000][4840][safepoint    ] Application time: 0.0000283 seconds
[2022-06-16T19:48:38.536+0000][4840][safepoint    ] Entering safepoint region: BulkRevokeBias
[2022-06-16T19:48:38.536+0000][4840][safepoint    ] Leaving safepoint region
[2022-06-16T19:48:38.536+0000][4840][safepoint    ] Total time for which application threads were stopped: 0.0001639 seconds, Stopping threads took: 0.0000736 seconds
[2022-06-16T19:48:38.536+0000][4840][safepoint    ] Application time: 0.0000177 seconds
[2022-06-16T19:48:38.536+0000][4840][safepoint    ] Entering safepoint region: BulkRevokeBias
[2022-06-16T19:48:38.536+0000][4840][safepoint    ] Leaving safepoint region
[2022-06-16T19:48:38.536+0000][4840][safepoint    ] Total time for which application threads were stopped: 0.0001485 seconds, Stopping threads took: 0.0000619 seconds
[2022-06-16T19:48:39.193+0000][4840][safepoint    ] Application time: 0.6434453 seconds
[2022-06-16T19:48:39.193+0000][4840][safepoint    ] Entering safepoint region: Deoptimize
[2022-06-16T19:48:39.193+0000][4840][safepoint    ] Leaving safepoint region
[2022-06-16T19:48:39.193+0000][4840][safepoint    ] Total time for which application threads were stopped: 0.0003996 seconds, Stopping threads took: 0.0000263 seconds
[2022-06-16T19:48:39.208+0000][4840][safepoint    ] Application time: 0.0139369 seconds
[2022-06-16T19:48:39.208+0000][4840][safepoint    ] Entering safepoint region: RevokeBias
[2022-06-16T19:48:39.208+0000][4840][safepoint    ] Leaving safepoint region
[2022-06-16T19:48:39.208+0000][4840][safepoint    ] Total time for which application threads were stopped: 0.0001069 seconds, Stopping threads took: 0.0000254 seconds
[2022-06-16T19:48:39.677+0000][4840][safepoint    ] Application time: 0.4811203 seconds
[2022-06-16T19:48:39.677+0000][4840][safepoint    ] Entering safepoint region: GenCollectForAllocation
[2022-06-16T19:48:39.677+0000][4840][gc,start     ] GC(3) Pause Young (Allocation Failure)
[2022-06-16T19:48:39.677+0000][4840][gc,task      ] GC(3) Using 2 workers of 2 for evacuation
[2022-06-16T19:48:39.771+0000][4840][gc,age       ] GC(3) Desired survivor size 8716288 bytes, new threshold 6 (max threshold 6)
[2022-06-16T19:48:39.771+0000][4840][gc,age       ] GC(3) Age table with threshold 6 (max threshold 6)
[2022-06-16T19:48:39.771+0000][4840][gc,age       ] GC(3) - age   1:    3822112 bytes,    3822112 total
[2022-06-16T19:48:39.771+0000][4840][gc,age       ] GC(3) - age   2:    1677816 bytes,    5499928 total
[2022-06-16T19:48:39.771+0000][4840][gc,heap      ] GC(3) ParNew: 147528K->8719K(153344K)
[2022-06-16T19:48:39.771+0000][4840][gc,heap      ] GC(3) CMS: 0K->8926K(878208K)
[2022-06-16T19:48:39.771+0000][4840][gc,metaspace ] GC(3) Metaspace: 25767K->25767K(1073152K)
[2022-06-16T19:48:39.771+0000][4840][gc           ] GC(3) Pause Young (Allocation Failure) 144M->17M(1007M) 87.457ms
[2022-06-16T19:48:39.771+0000][4840][gc,cpu       ] GC(3) User=0.19s Sys=0.00s Real=0.09s
[2022-06-16T19:48:39.771+0000][4840][safepoint    ] Leaving safepoint region
[2022-06-16T19:48:39.771+0000][4840][safepoint    ] Total time for which application threads were stopped: 0.0876546 seconds, Stopping threads took: 0.0000254 seconds
[2022-06-16T19:48:39.771+0000][4840][safepoint    ] Application time: 0.0001295 seconds
[2022-06-16T19:48:39.771+0000][4840][safepoint    ] Entering safepoint region: RevokeBias
[2022-06-16T19:48:39.771+0000][4840][safepoint    ] Leaving safepoint region
[2022-06-16T19:48:39.771+0000][4840][safepoint    ] Total time for which application threads were stopped: 0.0001187 seconds, Stopping threads took: 0.0000239 seconds
[2022-06-16T19:48:39.771+0000][4840][safepoint    ] Application time: 0.0000273 seconds
[2022-06-16T19:48:39.771+0000][4840][safepoint    ] Entering safepoint region: RevokeBias
[2022-06-16T19:48:39.771+0000][4840][safepoint    ] Leaving safepoint region
[2022-06-16T19:48:39.771+0000][4840][safepoint    ] Total time for which application threads were stopped: 0.0001527 seconds, Stopping threads took: 0.0000553 seconds
[2022-06-16T19:48:39.771+0000][4840][safepoint    ] Application time: 0.0000243 seconds
[2022-06-16T19:48:39.771+0000][4840][safepoint    ] Entering safepoint region: RevokeBias
[2022-06-16T19:48:39.771+0000][4840][safepoint    ] Leaving safepoint region
[2022-06-16T19:48:39.771+0000][4840][safepoint    ] Total time for which application threads were stopped: 0.0001039 seconds, Stopping threads took: 0.0000303 seconds
[2022-06-16T19:48:39.771+0000][4840][safepoint    ] Application time: 0.0000136 seconds
[2022-06-16T19:48:39.771+0000][4840][safepoint    ] Entering safepoint region: RevokeBias
[2022-06-16T19:48:39.771+0000][4840][safepoint    ] Leaving safepoint region
[2022-06-16T19:48:39.771+0000][4840][safepoint    ] Total time for which application threads were stopped: 0.0001596 seconds, Stopping threads took: 0.0001025 seconds
[2022-06-16T19:48:39.771+0000][4840][safepoint    ] Application time: 0.0000235 seconds
[2022-06-16T19:48:39.771+0000][4840][safepoint    ] Entering safepoint region: RevokeBias
[2022-06-16T19:48:39.771+0000][4840][safepoint    ] Leaving safepoint region
[2022-06-16T19:48:39.771+0000][4840][safepoint    ] Total time for which application threads were stopped: 0.0000584 seconds, Stopping threads took: 0.0000154 seconds
[2022-06-16T19:48:39.771+0000][4840][safepoint    ] Application time: 0.0000125 seconds
[2022-06-16T19:48:39.771+0000][4840][safepoint    ] Entering safepoint region: RevokeBias
[2022-06-16T19:48:39.771+0000][4840][safepoint    ] Leaving safepoint region
[2022-06-16T19:48:39.771+0000][4840][safepoint    ] Total time for which application threads were stopped: 0.0001166 seconds, Stopping threads took: 0.0000384 seconds
[2022-06-16T19:48:39.771+0000][4840][safepoint    ] Application time: 0.0000170 seconds
[2022-06-16T19:48:39.771+0000][4840][safepoint    ] Entering safepoint region: RevokeBias
[2022-06-16T19:48:39.771+0000][4840][safepoint    ] Leaving safepoint region
[2022-06-16T19:48:39.771+0000][4840][safepoint    ] Total time for which application threads were stopped: 0.0000883 seconds, Stopping threads took: 0.0000190 seconds
[2022-06-16T19:48:39.771+0000][4840][safepoint    ] Application time: 0.0000212 seconds
[2022-06-16T19:48:39.771+0000][4840][safepoint    ] Entering safepoint region: RevokeBias
[2022-06-16T19:48:39.771+0000][4840][safepoint    ] Leaving safepoint region
[2022-06-16T19:48:39.771+0000][4840][safepoint    ] Total time for which application threads were stopped: 0.0000718 seconds, Stopping threads took: 0.0000294 seconds
[2022-06-16T19:48:39.771+0000][4840][safepoint    ] Application time: 0.0002881 seconds
[2022-06-16T19:48:39.771+0000][4840][safepoint    ] Entering safepoint region: RevokeBias
[2022-06-16T19:48:39.771+0000][4840][safepoint    ] Leaving safepoint region
[2022-06-16T19:48:39.771+0000][4840][safepoint    ] Total time for which application threads were stopped: 0.0000852 seconds, Stopping threads took: 0.0000197 seconds
[2022-06-16T19:48:39.771+0000][4840][safepoint    ] Application time: 0.0000295 seconds
[2022-06-16T19:48:39.771+0000][4840][safepoint    ] Entering safepoint region: RevokeBias
[2022-06-16T19:48:39.771+0000][4840][safepoint    ] Leaving safepoint region
[2022-06-16T19:48:39.771+0000][4840][safepoint    ] Total time for which application threads were stopped: 0.0000627 seconds, Stopping threads took: 0.0000158 seconds
[2022-06-16T19:48:39.771+0000][4840][safepoint    ] Application time: 0.0000140 seconds
[2022-06-16T19:48:39.771+0000][4840][safepoint    ] Entering safepoint region: RevokeBias
[2022-06-16T19:48:39.771+0000][4840][safepoint    ] Leaving safepoint region
[2022-06-16T19:48:39.771+0000][4840][safepoint    ] Total time for which application threads were stopped: 0.0000712 seconds, Stopping threads took: 0.0000157 seconds
[2022-06-16T19:48:39.771+0000][4840][safepoint    ] Application time: 0.0000131 seconds
[2022-06-16T19:48:39.771+0000][4840][safepoint    ] Entering safepoint region: RevokeBias
[2022-06-16T19:48:39.771+0000][4840][safepoint    ] Leaving safepoint region
[2022-06-16T19:48:39.771+0000][4840][safepoint    ] Total time for which application threads were stopped: 0.0001255 seconds, Stopping threads took: 0.0000406 seconds
[2022-06-16T19:48:39.771+0000][4840][safepoint    ] Application time: 0.0000134 seconds
[2022-06-16T19:48:39.771+0000][4840][safepoint    ] Entering safepoint region: RevokeBias
[2022-06-16T19:48:39.771+0000][4840][safepoint    ] Leaving safepoint region
[2022-06-16T19:48:39.771+0000][4840][safepoint    ] Total time for which application threads were stopped: 0.0000965 seconds, Stopping threads took: 0.0000184 seconds
[2022-06-16T19:48:39.771+0000][4840][safepoint    ] Application time: 0.0000229 seconds
[2022-06-16T19:48:39.771+0000][4840][safepoint    ] Entering safepoint region: RevokeBias
[2022-06-16T19:48:39.771+0000][4840][safepoint    ] Leaving safepoint region
[2022-06-16T19:48:39.771+0000][4840][safepoint    ] Total time for which application threads were stopped: 0.0000690 seconds, Stopping threads took: 0.0000251 seconds
[2022-06-16T19:48:39.771+0000][4840][safepoint    ] Application time: 0.0000140 seconds
[2022-06-16T19:48:39.771+0000][4840][safepoint    ] Entering safepoint region: RevokeBias
[2022-06-16T19:48:39.771+0000][4840][safepoint    ] Leaving safepoint region
[2022-06-16T19:48:39.771+0000][4840][safepoint    ] Total time for which application threads were stopped: 0.0000589 seconds, Stopping threads took: 0.0000185 seconds
[2022-06-16T19:48:39.771+0000][4840][safepoint    ] Application time: 0.0000235 seconds
[2022-06-16T19:48:39.771+0000][4840][safepoint    ] Entering safepoint region: RevokeBias
[2022-06-16T19:48:39.771+0000][4840][safepoint    ] Leaving safepoint region
[2022-06-16T19:48:39.771+0000][4840][safepoint    ] Total time for which application threads were stopped: 0.0000480 seconds, Stopping threads took: 0.0000138 seconds
[2022-06-16T19:48:39.771+0000][4840][safepoint    ] Application time: 0.0000155 seconds
[2022-06-16T19:48:39.771+0000][4840][safepoint    ] Entering safepoint region: RevokeBias
[2022-06-16T19:48:39.771+0000][4840][safepoint    ] Leaving safepoint region
[2022-06-16T19:48:39.771+0000][4840][safepoint    ] Total time for which application threads were stopped: 0.0000532 seconds, Stopping threads took: 0.0000156 seconds
[2022-06-16T19:48:39.771+0000][4840][safepoint    ] Application time: 0.0000134 seconds
[2022-06-16T19:48:39.771+0000][4840][safepoint    ] Entering safepoint region: RevokeBias
[2022-06-16T19:48:39.771+0000][4840][safepoint    ] Leaving safepoint region
[2022-06-16T19:48:39.771+0000][4840][safepoint    ] Total time for which application threads were stopped: 0.0000526 seconds, Stopping threads took: 0.0000145 seconds
[2022-06-16T19:48:39.771+0000][4840][safepoint    ] Application time: 0.0000152 seconds
[2022-06-16T19:48:39.771+0000][4840][safepoint    ] Entering safepoint region: RevokeBias
[2022-06-16T19:48:39.771+0000][4840][safepoint    ] Leaving safepoint region
[2022-06-16T19:48:39.771+0000][4840][safepoint    ] Total time for which application threads were stopped: 0.0000518 seconds, Stopping threads took: 0.0000153 seconds
[2022-06-16T19:48:39.771+0000][4840][safepoint    ] Application time: 0.0000157 seconds
[2022-06-16T19:48:39.771+0000][4840][safepoint    ] Entering safepoint region: RevokeBias
[2022-06-16T19:48:39.771+0000][4840][safepoint    ] Leaving safepoint region
[2022-06-16T19:48:39.771+0000][4840][safepoint    ] Total time for which application threads were stopped: 0.0000597 seconds, Stopping threads took: 0.0000155 seconds
[2022-06-16T19:48:39.771+0000][4840][safepoint    ] Application time: 0.0000147 seconds
[2022-06-16T19:48:39.771+0000][4840][safepoint    ] Entering safepoint region: RevokeBias
[2022-06-16T19:48:39.771+0000][4840][safepoint    ] Leaving safepoint region
[2022-06-16T19:48:39.771+0000][4840][safepoint    ] Total time for which application threads were stopped: 0.0000626 seconds, Stopping threads took: 0.0000147 seconds
[2022-06-16T19:48:39.771+0000][4840][safepoint    ] Application time: 0.0000150 seconds
[2022-06-16T19:48:39.771+0000][4840][safepoint    ] Entering safepoint region: RevokeBias
[2022-06-16T19:48:39.771+0000][4840][safepoint    ] Leaving safepoint region
[2022-06-16T19:48:39.771+0000][4840][safepoint    ] Total time for which application threads were stopped: 0.0000592 seconds, Stopping threads took: 0.0000154 seconds
[2022-06-16T19:48:39.771+0000][4840][safepoint    ] Application time: 0.0000744 seconds
[2022-06-16T19:48:39.771+0000][4840][safepoint    ] Entering safepoint region: RevokeBias
[2022-06-16T19:48:39.771+0000][4840][safepoint    ] Leaving safepoint region
[2022-06-16T19:48:39.771+0000][4840][safepoint    ] Total time for which application threads were stopped: 0.0000943 seconds, Stopping threads took: 0.0000312 seconds
[2022-06-16T19:48:39.771+0000][4840][safepoint    ] Application time: 0.0000150 seconds
[2022-06-16T19:48:39.771+0000][4840][safepoint    ] Entering safepoint region: BulkRevokeBias
[2022-06-16T19:48:39.771+0000][4840][safepoint    ] Leaving safepoint region
[2022-06-16T19:48:39.771+0000][4840][safepoint    ] Total time for which application threads were stopped: 0.0001028 seconds, Stopping threads took: 0.0000158 seconds
[2022-06-16T19:48:40.271+0000][4840][safepoint    ] Application time: 0.4968785 seconds
[2022-06-16T19:48:40.271+0000][4840][safepoint    ] Entering safepoint region: GenCollectForAllocation
[2022-06-16T19:48:40.271+0000][4840][gc,start     ] GC(4) Pause Young (Allocation Failure)
[2022-06-16T19:48:40.271+0000][4840][gc,task      ] GC(4) Using 2 workers of 2 for evacuation
[2022-06-16T19:48:40.286+0000][4840][gc,age       ] GC(4) Desired survivor size 8716288 bytes, new threshold 6 (max threshold 6)
[2022-06-16T19:48:40.286+0000][4840][gc,age       ] GC(4) Age table with threshold 6 (max threshold 6)
[2022-06-16T19:48:40.286+0000][4840][gc,age       ] GC(4) - age   1:    2627936 bytes,    2627936 total
[2022-06-16T19:48:40.286+0000][4840][gc,age       ] GC(4) - age   2:    1684152 bytes,    4312088 total
[2022-06-16T19:48:40.286+0000][4840][gc,age       ] GC(4) - age   3:    1677792 bytes,    5989880 total
[2022-06-16T19:48:40.286+0000][4840][gc,heap      ] GC(4) ParNew: 145039K->9312K(153344K)
[2022-06-16T19:48:40.286+0000][4840][gc,heap      ] GC(4) CMS: 8926K->8926K(878208K)
[2022-06-16T19:48:40.286+0000][4840][gc,metaspace ] GC(4) Metaspace: 25888K->25888K(1073152K)
[2022-06-16T19:48:40.286+0000][4840][gc           ] GC(4) Pause Young (Allocation Failure) 150M->17M(1007M) 10.514ms
[2022-06-16T19:48:40.286+0000][4840][gc,cpu       ] GC(4) User=0.03s Sys=0.00s Real=0.02s
[2022-06-16T19:48:40.286+0000][4840][safepoint    ] Leaving safepoint region
[2022-06-16T19:48:40.286+0000][4840][safepoint    ] Total time for which application threads were stopped: 0.0107015 seconds, Stopping threads took: 0.0000246 seconds
[2022-06-16T19:48:40.286+0000][4840][safepoint    ] Application time: 0.0000856 seconds
[2022-06-16T19:48:40.286+0000][4840][safepoint    ] Entering safepoint region: RevokeBias
[2022-06-16T19:48:40.286+0000][4840][safepoint    ] Leaving safepoint region
[2022-06-16T19:48:40.286+0000][4840][safepoint    ] Total time for which application threads were stopped: 0.0001061 seconds, Stopping threads took: 0.0000238 seconds
[2022-06-16T19:48:40.286+0000][4840][safepoint    ] Application time: 0.0000325 seconds
[2022-06-16T19:48:40.286+0000][4840][safepoint    ] Entering safepoint region: RevokeBias
[2022-06-16T19:48:40.286+0000][4840][safepoint    ] Leaving safepoint region
[2022-06-16T19:48:40.286+0000][4840][safepoint    ] Total time for which application threads were stopped: 0.0001411 seconds, Stopping threads took: 0.0000484 seconds
[2022-06-16T19:48:40.286+0000][4840][safepoint    ] Application time: 0.0000158 seconds
[2022-06-16T19:48:40.286+0000][4840][safepoint    ] Entering safepoint region: RevokeBias
[2022-06-16T19:48:40.286+0000][4840][safepoint    ] Leaving safepoint region
[2022-06-16T19:48:40.286+0000][4840][safepoint    ] Total time for which application threads were stopped: 0.0001034 seconds, Stopping threads took: 0.0000193 seconds
[2022-06-16T19:48:40.833+0000][4840][safepoint    ] Application time: 0.5462636 seconds
[2022-06-16T19:48:40.833+0000][4840][safepoint    ] Entering safepoint region: GenCollectForAllocation
[2022-06-16T19:48:40.833+0000][4840][gc,start     ] GC(5) Pause Young (Allocation Failure)
[2022-06-16T19:48:40.833+0000][4840][gc,task      ] GC(5) Using 2 workers of 2 for evacuation
[2022-06-16T19:48:40.849+0000][4840][gc,age       ] GC(5) Desired survivor size 8716288 bytes, new threshold 6 (max threshold 6)
[2022-06-16T19:48:40.849+0000][4840][gc,age       ] GC(5) Age table with threshold 6 (max threshold 6)
[2022-06-16T19:48:40.849+0000][4840][gc,age       ] GC(5) - age   1:    1933296 bytes,    1933296 total
[2022-06-16T19:48:40.849+0000][4840][gc,age       ] GC(5) - age   2:     290632 bytes,    2223928 total
[2022-06-16T19:48:40.849+0000][4840][gc,age       ] GC(5) - age   3:    1684104 bytes,    3908032 total
[2022-06-16T19:48:40.849+0000][4840][gc,age       ] GC(5) - age   4:    1675368 bytes,    5583400 total
[2022-06-16T19:48:40.849+0000][4840][gc,heap      ] GC(5) ParNew: 145632K->5939K(153344K)
[2022-06-16T19:48:40.849+0000][4840][gc,heap      ] GC(5) CMS: 8926K->8926K(878208K)
[2022-06-16T19:48:40.849+0000][4840][gc,metaspace ] GC(5) Metaspace: 26542K->26542K(1073152K)
[2022-06-16T19:48:40.849+0000][4840][gc           ] GC(5) Pause Young (Allocation Failure) 150M->14M(1007M) 15.143ms
[2022-06-16T19:48:40.849+0000][4840][gc,cpu       ] GC(5) User=0.03s Sys=0.00s Real=0.02s
[2022-06-16T19:48:40.849+0000][4840][safepoint    ] Leaving safepoint region
[2022-06-16T19:48:40.849+0000][4840][safepoint    ] Total time for which application threads were stopped: 0.0153379 seconds, Stopping threads took: 0.0000266 seconds
[2022-06-16T19:48:40.849+0000][4840][safepoint    ] Application time: 0.0000721 seconds
[2022-06-16T19:48:40.849+0000][4840][safepoint    ] Entering safepoint region: BulkRevokeBias
[2022-06-16T19:48:40.849+0000][4840][safepoint    ] Leaving safepoint region
[2022-06-16T19:48:40.849+0000][4840][safepoint    ] Total time for which application threads were stopped: 0.0001215 seconds, Stopping threads took: 0.0000256 seconds
[2022-06-16T19:48:40.849+0000][4840][safepoint    ] Application time: 0.0000238 seconds
[2022-06-16T19:48:40.849+0000][4840][safepoint    ] Entering safepoint region: RevokeBias
[2022-06-16T19:48:40.849+0000][4840][safepoint    ] Leaving safepoint region
[2022-06-16T19:48:40.849+0000][4840][safepoint    ] Total time for which application threads were stopped: 0.0000776 seconds, Stopping threads took: 0.0000187 seconds
[2022-06-16T19:48:40.849+0000][4840][safepoint    ] Application time: 0.0002805 seconds
[2022-06-16T19:48:40.849+0000][4840][safepoint    ] Entering safepoint region: RevokeBias
[2022-06-16T19:48:40.849+0000][4840][safepoint    ] Leaving safepoint region
[2022-06-16T19:48:40.849+0000][4840][safepoint    ] Total time for which application threads were stopped: 0.0000996 seconds, Stopping threads took: 0.0000221 seconds
[2022-06-16T19:48:40.849+0000][4840][safepoint    ] Application time: 0.0000169 seconds
[2022-06-16T19:48:40.849+0000][4840][safepoint    ] Entering safepoint region: RevokeBias
[2022-06-16T19:48:40.849+0000][4840][safepoint    ] Leaving safepoint region
[2022-06-16T19:48:40.849+0000][4840][safepoint    ] Total time for which application threads were stopped: 0.0001235 seconds, Stopping threads took: 0.0000643 seconds
[2022-06-16T19:48:40.849+0000][4840][safepoint    ] Application time: 0.0018208 seconds
[2022-06-16T19:48:40.849+0000][4840][safepoint    ] Entering safepoint region: RevokeBias
[2022-06-16T19:48:40.849+0000][4840][safepoint    ] Leaving safepoint region
[2022-06-16T19:48:40.849+0000][4840][safepoint    ] Total time for which application threads were stopped: 0.0003507 seconds, Stopping threads took: 0.0002736 seconds
[2022-06-16T19:48:40.849+0000][4840][safepoint    ] Application time: 0.0008038 seconds
[2022-06-16T19:48:40.849+0000][4840][safepoint    ] Entering safepoint region: RevokeBias
[2022-06-16T19:48:40.849+0000][4840][safepoint    ] Leaving safepoint region
[2022-06-16T19:48:40.849+0000][4840][safepoint    ] Total time for which application threads were stopped: 0.0005045 seconds, Stopping threads took: 0.0003983 seconds
[2022-06-16T19:48:40.849+0000][4840][safepoint    ] Application time: 0.0000205 seconds
[2022-06-16T19:48:40.849+0000][4840][safepoint    ] Entering safepoint region: RevokeBias
[2022-06-16T19:48:40.849+0000][4840][safepoint    ] Leaving safepoint region
[2022-06-16T19:48:40.849+0000][4840][safepoint    ] Total time for which application threads were stopped: 0.0001083 seconds, Stopping threads took: 0.0000171 seconds
[2022-06-16T19:48:41.863+0000][4840][safepoint    ] Application time: 1.0055741 seconds
[2022-06-16T19:48:41.863+0000][4840][safepoint    ] Entering safepoint region: Cleanup
[2022-06-16T19:48:41.863+0000][4840][safepoint    ] Leaving safepoint region
[2022-06-16T19:48:41.863+0000][4840][safepoint    ] Total time for which application threads were stopped: 0.0000810 seconds, Stopping threads took: 0.0000251 seconds
[2022-06-16T19:48:42.816+0000][4840][safepoint    ] Application time: 0.9626202 seconds
[2022-06-16T19:48:42.816+0000][4840][safepoint    ] Entering safepoint region: GenCollectForAllocation
[2022-06-16T19:48:42.816+0000][4840][gc,start     ] GC(6) Pause Young (Allocation Failure)
[2022-06-16T19:48:42.816+0000][4840][gc,task      ] GC(6) Using 2 workers of 2 for evacuation
[2022-06-16T19:48:42.831+0000][4840][gc,age       ] GC(6) Desired survivor size 8716288 bytes, new threshold 6 (max threshold 6)
[2022-06-16T19:48:42.831+0000][4840][gc,age       ] GC(6) Age table with threshold 6 (max threshold 6)
[2022-06-16T19:48:42.831+0000][4840][gc,age       ] GC(6) - age   1:    2891968 bytes,    2891968 total
[2022-06-16T19:48:42.831+0000][4840][gc,age       ] GC(6) - age   2:    1760160 bytes,    4652128 total
[2022-06-16T19:48:42.831+0000][4840][gc,age       ] GC(6) - age   3:     290632 bytes,    4942760 total
[2022-06-16T19:48:42.831+0000][4840][gc,age       ] GC(6) - age   4:    1684104 bytes,    6626864 total
[2022-06-16T19:48:42.831+0000][4840][gc,age       ] GC(6) - age   5:    1674576 bytes,    8301440 total
[2022-06-16T19:48:42.831+0000][4840][gc,heap      ] GC(6) ParNew: 142259K->11148K(153344K)
[2022-06-16T19:48:42.831+0000][4840][gc,heap      ] GC(6) CMS: 8926K->8926K(878208K)
[2022-06-16T19:48:42.831+0000][4840][gc,metaspace ] GC(6) Metaspace: 26711K->26711K(1075200K)
[2022-06-16T19:48:42.831+0000][4840][gc           ] GC(6) Pause Young (Allocation Failure) 147M->19M(1007M) 11.287ms
[2022-06-16T19:48:42.831+0000][4840][gc,cpu       ] GC(6) User=0.03s Sys=0.00s Real=0.02s
[2022-06-16T19:48:42.831+0000][4840][safepoint    ] Leaving safepoint region
[2022-06-16T19:48:42.831+0000][4840][safepoint    ] Total time for which application threads were stopped: 0.0114519 seconds, Stopping threads took: 0.0000268 seconds
[2022-06-16T19:48:42.831+0000][4840][safepoint    ] Application time: 0.0000705 seconds
[2022-06-16T19:48:42.831+0000][4840][safepoint    ] Entering safepoint region: RevokeBias
[2022-06-16T19:48:42.831+0000][4840][safepoint    ] Leaving safepoint region
[2022-06-16T19:48:42.831+0000][4840][safepoint    ] Total time for which application threads were stopped: 0.0001101 seconds, Stopping threads took: 0.0000308 seconds
[2022-06-16T19:48:42.831+0000][4840][safepoint    ] Application time: 0.0000281 seconds
[2022-06-16T19:48:42.831+0000][4840][safepoint    ] Entering safepoint region: RevokeBias
[2022-06-16T19:48:42.831+0000][4840][safepoint    ] Leaving safepoint region
[2022-06-16T19:48:42.831+0000][4840][safepoint    ] Total time for which application threads were stopped: 0.0001579 seconds, Stopping threads took: 0.0000739 seconds
[2022-06-16T19:48:42.831+0000][4840][safepoint    ] Application time: 0.0000216 seconds
[2022-06-16T19:48:42.831+0000][4840][safepoint    ] Entering safepoint region: RevokeBias
[2022-06-16T19:48:42.831+0000][4840][safepoint    ] Leaving safepoint region
[2022-06-16T19:48:42.831+0000][4840][safepoint    ] Total time for which application threads were stopped: 0.0001287 seconds, Stopping threads took: 0.0000568 seconds
[2022-06-16T19:48:42.831+0000][4840][safepoint    ] Application time: 0.0000275 seconds
[2022-06-16T19:48:42.831+0000][4840][safepoint    ] Entering safepoint region: RevokeBias
[2022-06-16T19:48:42.831+0000][4840][safepoint    ] Leaving safepoint region
[2022-06-16T19:48:42.831+0000][4840][safepoint    ] Total time for which application threads were stopped: 0.0001280 seconds, Stopping threads took: 0.0000535 seconds
[2022-06-16T19:48:42.831+0000][4840][safepoint    ] Application time: 0.0000191 seconds
[2022-06-16T19:48:42.831+0000][4840][safepoint    ] Entering safepoint region: RevokeBias
[2022-06-16T19:48:42.831+0000][4840][safepoint    ] Leaving safepoint region
[2022-06-16T19:48:42.831+0000][4840][safepoint    ] Total time for which application threads were stopped: 0.0001016 seconds, Stopping threads took: 0.0000278 seconds
[2022-06-16T19:48:42.831+0000][4840][safepoint    ] Application time: 0.0000172 seconds
[2022-06-16T19:48:42.831+0000][4840][safepoint    ] Entering safepoint region: RevokeBias
[2022-06-16T19:48:42.831+0000][4840][safepoint    ] Leaving safepoint region
[2022-06-16T19:48:42.831+0000][4840][safepoint    ] Total time for which application threads were stopped: 0.0000844 seconds, Stopping threads took: 0.0000177 seconds
[2022-06-16T19:48:42.831+0000][4840][safepoint    ] Application time: 0.0000262 seconds
[2022-06-16T19:48:42.831+0000][4840][safepoint    ] Entering safepoint region: BulkRevokeBias
[2022-06-16T19:48:42.831+0000][4840][safepoint    ] Leaving safepoint region
[2022-06-16T19:48:42.831+0000][4840][safepoint    ] Total time for which application threads were stopped: 0.0001443 seconds, Stopping threads took: 0.0000513 seconds
[2022-06-16T19:48:43.347+0000][4840][safepoint    ] Application time: 0.5171452 seconds
[2022-06-16T19:48:43.347+0000][4840][safepoint    ] Entering safepoint region: GenCollectForAllocation
[2022-06-16T19:48:43.347+0000][4840][gc,start     ] GC(7) Pause Young (Allocation Failure)
[2022-06-16T19:48:43.347+0000][4840][gc,task      ] GC(7) Using 2 workers of 2 for evacuation
[2022-06-16T19:48:43.363+0000][4840][gc,age       ] GC(7) Desired survivor size 8716288 bytes, new threshold 6 (max threshold 6)
[2022-06-16T19:48:43.363+0000][4840][gc,age       ] GC(7) Age table with threshold 6 (max threshold 6)
[2022-06-16T19:48:43.363+0000][4840][gc,age       ] GC(7) - age   1:    1544544 bytes,    1544544 total
[2022-06-16T19:48:43.363+0000][4840][gc,age       ] GC(7) - age   2:     545456 bytes,    2090000 total
[2022-06-16T19:48:43.363+0000][4840][gc,age       ] GC(7) - age   3:    1760032 bytes,    3850032 total
[2022-06-16T19:48:43.363+0000][4840][gc,age       ] GC(7) - age   4:     290632 bytes,    4140664 total
[2022-06-16T19:48:43.363+0000][4840][gc,age       ] GC(7) - age   5:    1683960 bytes,    5824624 total
[2022-06-16T19:48:43.363+0000][4840][gc,age       ] GC(7) - age   6:    1674576 bytes,    7499200 total
[2022-06-16T19:48:43.363+0000][4840][gc,heap      ] GC(7) ParNew: 147468K->11210K(153344K)
[2022-06-16T19:48:43.363+0000][4840][gc,heap      ] GC(7) CMS: 8926K->8926K(878208K)
[2022-06-16T19:48:43.363+0000][4840][gc,metaspace ] GC(7) Metaspace: 26796K->26796K(1075200K)
[2022-06-16T19:48:43.363+0000][4840][gc           ] GC(7) Pause Young (Allocation Failure) 152M->19M(1007M) 7.956ms
[2022-06-16T19:48:43.363+0000][4840][gc,cpu       ] GC(7) User=0.03s Sys=0.00s Real=0.02s
[2022-06-16T19:48:43.363+0000][4840][safepoint    ] Leaving safepoint region
[2022-06-16T19:48:43.363+0000][4840][safepoint    ] Total time for which application threads were stopped: 0.0081219 seconds, Stopping threads took: 0.0000264 seconds
[2022-06-16T19:48:44.363+0000][4840][safepoint    ] Application time: 1.0003520 seconds
[2022-06-16T19:48:44.363+0000][4840][safepoint    ] Entering safepoint region: Cleanup
[2022-06-16T19:48:44.363+0000][4840][safepoint    ] Leaving safepoint region
[2022-06-16T19:48:44.363+0000][4840][safepoint    ] Total time for which application threads were stopped: 0.0000822 seconds, Stopping threads took: 0.0000246 seconds
[2022-06-16T19:48:44.546+0000][4840][safepoint    ] Application time: 0.1933123 seconds
[2022-06-16T19:48:44.546+0000][4840][safepoint    ] Entering safepoint region: GenCollectForAllocation
[2022-06-16T19:48:44.546+0000][4840][gc,start     ] GC(8) Pause Young (Allocation Failure)
[2022-06-16T19:48:44.546+0000][4840][gc,task      ] GC(8) Using 2 workers of 2 for evacuation
[2022-06-16T19:48:44.562+0000][4840][gc,age       ] GC(8) Desired survivor size 8716288 bytes, new threshold 6 (max threshold 6)
[2022-06-16T19:48:44.562+0000][4840][gc,age       ] GC(8) Age table with threshold 6 (max threshold 6)
[2022-06-16T19:48:44.562+0000][4840][gc,age       ] GC(8) - age   1:    1294264 bytes,    1294264 total
[2022-06-16T19:48:44.562+0000][4840][gc,age       ] GC(8) - age   2:    1526680 bytes,    2820944 total
[2022-06-16T19:48:44.562+0000][4840][gc,age       ] GC(8) - age   3:     545352 bytes,    3366296 total
[2022-06-16T19:48:44.562+0000][4840][gc,age       ] GC(8) - age   4:    1759744 bytes,    5126040 total
[2022-06-16T19:48:44.562+0000][4840][gc,age       ] GC(8) - age   5:     290632 bytes,    5416672 total
[2022-06-16T19:48:44.562+0000][4840][gc,age       ] GC(8) - age   6:    1683960 bytes,    7100632 total
[2022-06-16T19:48:44.562+0000][4840][gc,heap      ] GC(8) ParNew: 147530K->7361K(153344K)
[2022-06-16T19:48:44.562+0000][4840][gc,heap      ] GC(8) CMS: 8926K->10589K(878208K)
[2022-06-16T19:48:44.562+0000][4840][gc,metaspace ] GC(8) Metaspace: 27236K->27236K(1075200K)
[2022-06-16T19:48:44.562+0000][4840][gc           ] GC(8) Pause Young (Allocation Failure) 152M->17M(1007M) 16.163ms
[2022-06-16T19:48:44.562+0000][4840][gc,cpu       ] GC(8) User=0.03s Sys=0.00s Real=0.02s
[2022-06-16T19:48:44.562+0000][4840][safepoint    ] Leaving safepoint region
[2022-06-16T19:48:44.562+0000][4840][safepoint    ] Total time for which application threads were stopped: 0.0163202 seconds, Stopping threads took: 0.0000201 seconds
[2022-06-16T19:48:45.046+0000][4840][safepoint    ] Application time: 0.4819269 seconds
[2022-06-16T19:48:45.046+0000][4840][safepoint    ] Entering safepoint region: GenCollectForAllocation
[2022-06-16T19:48:45.046+0000][4840][gc,start     ] GC(9) Pause Young (Allocation Failure)
[2022-06-16T19:48:45.046+0000][4840][gc,task      ] GC(9) Using 2 workers of 2 for evacuation
[2022-06-16T19:48:45.062+0000][4840][gc,age       ] GC(9) Desired survivor size 8716288 bytes, new threshold 6 (max threshold 6)
[2022-06-16T19:48:45.062+0000][4840][gc,age       ] GC(9) Age table with threshold 6 (max threshold 6)
[2022-06-16T19:48:45.062+0000][4840][gc,age       ] GC(9) - age   1:     776232 bytes,     776232 total
[2022-06-16T19:48:45.062+0000][4840][gc,age       ] GC(9) - age   2:     312696 bytes,    1088928 total
[2022-06-16T19:48:45.062+0000][4840][gc,age       ] GC(9) - age   3:    1526560 bytes,    2615488 total
[2022-06-16T19:48:45.062+0000][4840][gc,age       ] GC(9) - age   4:     545352 bytes,    3160840 total
[2022-06-16T19:48:45.062+0000][4840][gc,age       ] GC(9) - age   5:    1759792 bytes,    4920632 total
[2022-06-16T19:48:45.062+0000][4840][gc,age       ] GC(9) - age   6:     290632 bytes,    5211264 total
[2022-06-16T19:48:45.062+0000][4840][gc,heap      ] GC(9) ParNew: 143681K->7040K(153344K)
[2022-06-16T19:48:45.062+0000][4840][gc,heap      ] GC(9) CMS: 10589K->12473K(878208K)
[2022-06-16T19:48:45.062+0000][4840][gc,metaspace ] GC(9) Metaspace: 27472K->27472K(1075200K)
[2022-06-16T19:48:45.062+0000][4840][gc           ] GC(9) Pause Young (Allocation Failure) 150M->19M(1007M) 9.766ms
[2022-06-16T19:48:45.062+0000][4840][gc,cpu       ] GC(9) User=0.03s Sys=0.00s Real=0.02s
[2022-06-16T19:48:45.062+0000][4840][safepoint    ] Leaving safepoint region
[2022-06-16T19:48:45.062+0000][4840][safepoint    ] Total time for which application threads were stopped: 0.0099304 seconds, Stopping threads took: 0.0000210 seconds
[2022-06-16T19:48:46.015+0000][4840][safepoint    ] Application time: 0.9510880 seconds
[2022-06-16T19:48:46.015+0000][4840][safepoint    ] Entering safepoint region: GenCollectForAllocation
[2022-06-16T19:48:46.015+0000][4840][gc,start     ] GC(10) Pause Young (Allocation Failure)
[2022-06-16T19:48:46.015+0000][4840][gc,task      ] GC(10) Using 2 workers of 2 for evacuation
[2022-06-16T19:48:46.015+0000][4840][gc,age       ] GC(10) Desired survivor size 8716288 bytes, new threshold 6 (max threshold 6)
[2022-06-16T19:48:46.015+0000][4840][gc,age       ] GC(10) Age table with threshold 6 (max threshold 6)
[2022-06-16T19:48:46.015+0000][4840][gc,age       ] GC(10) - age   1:    2069928 bytes,    2069928 total
[2022-06-16T19:48:46.015+0000][4840][gc,age       ] GC(10) - age   2:     192512 bytes,    2262440 total
[2022-06-16T19:48:46.015+0000][4840][gc,age       ] GC(10) - age   3:     312696 bytes,    2575136 total
[2022-06-16T19:48:46.015+0000][4840][gc,age       ] GC(10) - age   4:    1526560 bytes,    4101696 total
[2022-06-16T19:48:46.015+0000][4840][gc,age       ] GC(10) - age   5:     545352 bytes,    4647048 total
[2022-06-16T19:48:46.015+0000][4840][gc,age       ] GC(10) - age   6:    1758856 bytes,    6405904 total
[2022-06-16T19:48:46.015+0000][4840][gc,heap      ] GC(10) ParNew: 143360K->8365K(153344K)
[2022-06-16T19:48:46.015+0000][4840][gc,heap      ] GC(10) CMS: 12473K->12758K(878208K)
[2022-06-16T19:48:46.015+0000][4840][gc,metaspace ] GC(10) Metaspace: 27693K->27693K(1075200K)
[2022-06-16T19:48:46.015+0000][4840][gc           ] GC(10) Pause Young (Allocation Failure) 152M->20M(1007M) 6.745ms
[2022-06-16T19:48:46.015+0000][4840][gc,cpu       ] GC(10) User=0.00s Sys=0.00s Real=0.00s
[2022-06-16T19:48:46.015+0000][4840][safepoint    ] Leaving safepoint region
[2022-06-16T19:48:46.015+0000][4840][safepoint    ] Total time for which application threads were stopped: 0.0069199 seconds, Stopping threads took: 0.0000253 seconds
[2022-06-16T19:48:46.796+0000][4840][safepoint    ] Application time: 0.7874415 seconds
[2022-06-16T19:48:46.796+0000][4840][safepoint    ] Entering safepoint region: GenCollectForAllocation
[2022-06-16T19:48:46.796+0000][4840][gc,start     ] GC(11) Pause Young (Allocation Failure)
[2022-06-16T19:48:46.796+0000][4840][gc,task      ] GC(11) Using 2 workers of 2 for evacuation
[2022-06-16T19:48:46.812+0000][4840][gc,age       ] GC(11) Desired survivor size 8716288 bytes, new threshold 6 (max threshold 6)
[2022-06-16T19:48:46.812+0000][4840][gc,age       ] GC(11) Age table with threshold 6 (max threshold 6)
[2022-06-16T19:48:46.812+0000][4840][gc,age       ] GC(11) - age   1:     698696 bytes,     698696 total
[2022-06-16T19:48:46.812+0000][4840][gc,age       ] GC(11) - age   2:     123632 bytes,     822328 total
[2022-06-16T19:48:46.812+0000][4840][gc,age       ] GC(11) - age   3:     192512 bytes,    1014840 total
[2022-06-16T19:48:46.812+0000][4840][gc,age       ] GC(11) - age   4:     312544 bytes,    1327384 total
[2022-06-16T19:48:46.812+0000][4840][gc,age       ] GC(11) - age   5:    1526560 bytes,    2853944 total
[2022-06-16T19:48:46.812+0000][4840][gc,age       ] GC(11) - age   6:     545352 bytes,    3399296 total
[2022-06-16T19:48:46.812+0000][4840][gc,heap      ] GC(11) ParNew: 144685K->6086K(153344K)
[2022-06-16T19:48:46.812+0000][4840][gc,heap      ] GC(11) CMS: 12758K->14484K(878208K)
[2022-06-16T19:48:46.812+0000][4840][gc,metaspace ] GC(11) Metaspace: 27736K->27736K(1075200K)
[2022-06-16T19:48:46.812+0000][4840][gc           ] GC(11) Pause Young (Allocation Failure) 153M->20M(1007M) 5.915ms
[2022-06-16T19:48:46.812+0000][4840][gc,cpu       ] GC(11) User=0.03s Sys=0.00s Real=0.02s
[2022-06-16T19:48:46.812+0000][4840][safepoint    ] Leaving safepoint region
[2022-06-16T19:48:46.812+0000][4840][safepoint    ] Total time for which application threads were stopped: 0.0060744 seconds, Stopping threads took: 0.0000218 seconds
[2022-06-16T19:48:47.827+0000][4840][safepoint    ] Application time: 1.0098627 seconds
[2022-06-16T19:48:47.827+0000][4840][safepoint    ] Entering safepoint region: Cleanup
[2022-06-16T19:48:47.827+0000][4840][safepoint    ] Leaving safepoint region
[2022-06-16T19:48:47.827+0000][4840][safepoint    ] Total time for which application threads were stopped: 0.0000803 seconds, Stopping threads took: 0.0000245 seconds
[2022-06-16T19:48:47.859+0000][4840][safepoint    ] Application time: 0.0457646 seconds
[2022-06-16T19:48:47.859+0000][4840][safepoint    ] Entering safepoint region: GenCollectForAllocation
[2022-06-16T19:48:47.859+0000][4840][gc,start     ] GC(12) Pause Young (Allocation Failure)
[2022-06-16T19:48:47.859+0000][4840][gc,task      ] GC(12) Using 2 workers of 2 for evacuation
[2022-06-16T19:48:47.874+0000][4840][gc,age       ] GC(12) Desired survivor size 8716288 bytes, new threshold 6 (max threshold 6)
[2022-06-16T19:48:47.874+0000][4840][gc,age       ] GC(12) Age table with threshold 6 (max threshold 6)
[2022-06-16T19:48:47.874+0000][4840][gc,age       ] GC(12) - age   1:    1621648 bytes,    1621648 total
[2022-06-16T19:48:47.874+0000][4840][gc,age       ] GC(12) - age   2:      81464 bytes,    1703112 total
[2022-06-16T19:48:47.874+0000][4840][gc,age       ] GC(12) - age   3:     123568 bytes,    1826680 total
[2022-06-16T19:48:47.874+0000][4840][gc,age       ] GC(12) - age   4:     192632 bytes,    2019312 total
[2022-06-16T19:48:47.874+0000][4840][gc,age       ] GC(12) - age   5:     312544 bytes,    2331856 total
[2022-06-16T19:48:47.874+0000][4840][gc,age       ] GC(12) - age   6:    1526560 bytes,    3858416 total
[2022-06-16T19:48:47.874+0000][4840][gc,heap      ] GC(12) ParNew: 142406K->5532K(153344K)
[2022-06-16T19:48:47.874+0000][4840][gc,heap      ] GC(12) CMS: 14484K->15019K(878208K)
[2022-06-16T19:48:47.874+0000][4840][gc,metaspace ] GC(12) Metaspace: 27771K->27771K(1075200K)
[2022-06-16T19:48:47.874+0000][4840][gc           ] GC(12) Pause Young (Allocation Failure) 153M->20M(1007M) 6.583ms
[2022-06-16T19:48:47.874+0000][4840][gc,cpu       ] GC(12) User=0.03s Sys=0.00s Real=0.02s
[2022-06-16T19:48:47.874+0000][4840][safepoint    ] Leaving safepoint region
[2022-06-16T19:48:47.874+0000][4840][safepoint    ] Total time for which application threads were stopped: 0.0067426 seconds, Stopping threads took: 0.0000285 seconds
[2022-06-16T19:48:48.562+0000][4840][safepoint    ] Application time: 0.6866583 seconds
[2022-06-16T19:48:48.562+0000][4840][safepoint    ] Entering safepoint region: Deoptimize
[2022-06-16T19:48:48.562+0000][4840][safepoint    ] Leaving safepoint region
[2022-06-16T19:48:48.562+0000][4840][safepoint    ] Total time for which application threads were stopped: 0.0004571 seconds, Stopping threads took: 0.0000204 seconds
[2022-06-16T19:48:48.640+0000][4840][safepoint    ] Application time: 0.0830553 seconds
[2022-06-16T19:48:48.640+0000][4840][safepoint    ] Entering safepoint region: Deoptimize
[2022-06-16T19:48:48.640+0000][4840][safepoint    ] Leaving safepoint region
[2022-06-16T19:48:48.640+0000][4840][safepoint    ] Total time for which application threads were stopped: 0.0004879 seconds, Stopping threads took: 0.0000215 seconds
[2022-06-16T19:48:49.062+0000][4840][safepoint    ] Application time: 0.4243053 seconds
[2022-06-16T19:48:49.062+0000][4840][safepoint    ] Entering safepoint region: GenCollectForAllocation
[2022-06-16T19:48:49.062+0000][4840][gc,start     ] GC(13) Pause Young (Allocation Failure)
[2022-06-16T19:48:49.062+0000][4840][gc,task      ] GC(13) Using 2 workers of 2 for evacuation
[2022-06-16T19:48:49.077+0000][4840][gc,age       ] GC(13) Desired survivor size 8716288 bytes, new threshold 6 (max threshold 6)
[2022-06-16T19:48:49.077+0000][4840][gc,age       ] GC(13) Age table with threshold 6 (max threshold 6)
[2022-06-16T19:48:49.077+0000][4840][gc,age       ] GC(13) - age   1:    4243888 bytes,    4243888 total
[2022-06-16T19:48:49.077+0000][4840][gc,age       ] GC(13) - age   2:     265728 bytes,    4509616 total
[2022-06-16T19:48:49.077+0000][4840][gc,age       ] GC(13) - age   3:      81360 bytes,    4590976 total
[2022-06-16T19:48:49.077+0000][4840][gc,age       ] GC(13) - age   4:     123568 bytes,    4714544 total
[2022-06-16T19:48:49.077+0000][4840][gc,age       ] GC(13) - age   5:     192448 bytes,    4906992 total
[2022-06-16T19:48:49.077+0000][4840][gc,age       ] GC(13) - age   6:     312544 bytes,    5219536 total
[2022-06-16T19:48:49.077+0000][4840][gc,heap      ] GC(13) ParNew: 141852K->7035K(153344K)
[2022-06-16T19:48:49.077+0000][4840][gc,heap      ] GC(13) CMS: 15019K->16512K(878208K)
[2022-06-16T19:48:49.077+0000][4840][gc,metaspace ] GC(13) Metaspace: 29619K->29619K(1077248K)
[2022-06-16T19:48:49.077+0000][4840][gc           ] GC(13) Pause Young (Allocation Failure) 153M->22M(1007M) 8.064ms
[2022-06-16T19:48:49.077+0000][4840][gc,cpu       ] GC(13) User=0.03s Sys=0.00s Real=0.01s
[2022-06-16T19:48:49.077+0000][4840][safepoint    ] Leaving safepoint region
[2022-06-16T19:48:49.077+0000][4840][safepoint    ] Total time for which application threads were stopped: 0.0083826 seconds, Stopping threads took: 0.0000260 seconds
[2022-06-16T19:48:49.530+0000][4840][safepoint    ] Application time: 0.4624051 seconds
[2022-06-16T19:48:49.546+0000][4840][safepoint    ] Entering safepoint region: GenCollectForAllocation
[2022-06-16T19:48:49.546+0000][4840][gc,start     ] GC(14) Pause Young (Allocation Failure)
[2022-06-16T19:48:49.546+0000][4840][gc,task      ] GC(14) Using 2 workers of 2 for evacuation
[2022-06-16T19:48:49.546+0000][4840][gc,age       ] GC(14) Desired survivor size 8716288 bytes, new threshold 6 (max threshold 6)
[2022-06-16T19:48:49.546+0000][4840][gc,age       ] GC(14) Age table with threshold 6 (max threshold 6)
[2022-06-16T19:48:49.546+0000][4840][gc,age       ] GC(14) - age   1:     628328 bytes,     628328 total
[2022-06-16T19:48:49.546+0000][4840][gc,age       ] GC(14) - age   2:    1480744 bytes,    2109072 total
[2022-06-16T19:48:49.546+0000][4840][gc,age       ] GC(14) - age   3:     265728 bytes,    2374800 total
[2022-06-16T19:48:49.546+0000][4840][gc,age       ] GC(14) - age   4:      81360 bytes,    2456160 total
[2022-06-16T19:48:49.546+0000][4840][gc,age       ] GC(14) - age   5:     123568 bytes,    2579728 total
[2022-06-16T19:48:49.546+0000][4840][gc,age       ] GC(14) - age   6:     192448 bytes,    2772176 total
[2022-06-16T19:48:49.546+0000][4840][gc,heap      ] GC(14) ParNew: 143355K->4701K(153344K)
[2022-06-16T19:48:49.546+0000][4840][gc,heap      ] GC(14) CMS: 16512K->16820K(878208K)
[2022-06-16T19:48:49.546+0000][4840][gc,metaspace ] GC(14) Metaspace: 29820K->29820K(1077248K)
[2022-06-16T19:48:49.546+0000][4840][gc           ] GC(14) Pause Young (Allocation Failure) 156M->21M(1007M) 5.333ms
[2022-06-16T19:48:49.546+0000][4840][gc,cpu       ] GC(14) User=0.00s Sys=0.00s Real=0.00s
[2022-06-16T19:48:49.546+0000][4840][safepoint    ] Leaving safepoint region
[2022-06-16T19:48:49.546+0000][4840][safepoint    ] Total time for which application threads were stopped: 0.0055069 seconds, Stopping threads took: 0.0000281 seconds
[2022-06-16T19:48:50.390+0000][4840][safepoint    ] Application time: 0.8503582 seconds
[2022-06-16T19:48:50.390+0000][4840][safepoint    ] Entering safepoint region: GenCollectForAllocation
[2022-06-16T19:48:50.390+0000][4840][gc,start     ] GC(15) Pause Young (Allocation Failure)
[2022-06-16T19:48:50.390+0000][4840][gc,task      ] GC(15) Using 2 workers of 2 for evacuation
[2022-06-16T19:48:50.405+0000][4840][gc,age       ] GC(15) Desired survivor size 8716288 bytes, new threshold 6 (max threshold 6)
[2022-06-16T19:48:50.405+0000][4840][gc,age       ] GC(15) Age table with threshold 6 (max threshold 6)
[2022-06-16T19:48:50.405+0000][4840][gc,age       ] GC(15) - age   1:     777152 bytes,     777152 total
[2022-06-16T19:48:50.405+0000][4840][gc,age       ] GC(15) - age   2:     472480 bytes,    1249632 total
[2022-06-16T19:48:50.405+0000][4840][gc,age       ] GC(15) - age   3:    1480744 bytes,    2730376 total
[2022-06-16T19:48:50.405+0000][4840][gc,age       ] GC(15) - age   4:     265728 bytes,    2996104 total
[2022-06-16T19:48:50.405+0000][4840][gc,age       ] GC(15) - age   5:      81144 bytes,    3077248 total
[2022-06-16T19:48:50.405+0000][4840][gc,age       ] GC(15) - age   6:     123680 bytes,    3200928 total
[2022-06-16T19:48:50.405+0000][4840][gc,heap      ] GC(15) ParNew: 141021K->4381K(153344K)
[2022-06-16T19:48:50.405+0000][4840][gc,heap      ] GC(15) CMS: 16820K->17017K(878208K)
[2022-06-16T19:48:50.405+0000][4840][gc,metaspace ] GC(15) Metaspace: 29894K->29894K(1077248K)
[2022-06-16T19:48:50.405+0000][4840][gc           ] GC(15) Pause Young (Allocation Failure) 154M->20M(1007M) 5.953ms
[2022-06-16T19:48:50.405+0000][4840][gc,cpu       ] GC(15) User=0.03s Sys=0.00s Real=0.01s
[2022-06-16T19:48:50.405+0000][4840][safepoint    ] Leaving safepoint region
[2022-06-16T19:48:50.405+0000][4840][safepoint    ] Total time for which application threads were stopped: 0.0061300 seconds, Stopping threads took: 0.0000290 seconds
[2022-06-16T19:48:51.187+0000][4840][safepoint    ] Application time: 0.7788542 seconds
[2022-06-16T19:48:51.187+0000][4840][safepoint    ] Entering safepoint region: GenCollectForAllocation
[2022-06-16T19:48:51.187+0000][4840][gc,start     ] GC(16) Pause Young (Allocation Failure)
[2022-06-16T19:48:51.187+0000][4840][gc,task      ] GC(16) Using 2 workers of 2 for evacuation
[2022-06-16T19:48:51.187+0000][4840][gc,age       ] GC(16) Desired survivor size 8716288 bytes, new threshold 6 (max threshold 6)
[2022-06-16T19:48:51.187+0000][4840][gc,age       ] GC(16) Age table with threshold 6 (max threshold 6)
[2022-06-16T19:48:51.187+0000][4840][gc,age       ] GC(16) - age   1:    1255560 bytes,    1255560 total
[2022-06-16T19:48:51.187+0000][4840][gc,age       ] GC(16) - age   2:     230352 bytes,    1485912 total
[2022-06-16T19:48:51.187+0000][4840][gc,age       ] GC(16) - age   3:     472480 bytes,    1958392 total
[2022-06-16T19:48:51.187+0000][4840][gc,age       ] GC(16) - age   4:    1480744 bytes,    3439136 total
[2022-06-16T19:48:51.187+0000][4840][gc,age       ] GC(16) - age   5:     265728 bytes,    3704864 total
[2022-06-16T19:48:51.187+0000][4840][gc,age       ] GC(16) - age   6:      81144 bytes,    3786008 total
[2022-06-16T19:48:51.187+0000][4840][gc,heap      ] GC(16) ParNew: 140701K->4510K(153344K)
[2022-06-16T19:48:51.187+0000][4840][gc,heap      ] GC(16) CMS: 17017K->17141K(878208K)
[2022-06-16T19:48:51.187+0000][4840][gc,metaspace ] GC(16) Metaspace: 29905K->29905K(1077248K)
[2022-06-16T19:48:51.187+0000][4840][gc           ] GC(16) Pause Young (Allocation Failure) 154M->21M(1007M) 6.698ms
[2022-06-16T19:48:51.187+0000][4840][gc,cpu       ] GC(16) User=0.00s Sys=0.00s Real=0.00s
[2022-06-16T19:48:51.187+0000][4840][safepoint    ] Leaving safepoint region
[2022-06-16T19:48:51.187+0000][4840][safepoint    ] Total time for which application threads were stopped: 0.0068596 seconds, Stopping threads took: 0.0000250 seconds
[2022-06-16T19:48:52.202+0000][4840][safepoint    ] Application time: 1.0083761 seconds
[2022-06-16T19:48:52.202+0000][4840][safepoint    ] Entering safepoint region: Cleanup
[2022-06-16T19:48:52.202+0000][4840][safepoint    ] Leaving safepoint region
[2022-06-16T19:48:52.202+0000][4840][safepoint    ] Total time for which application threads were stopped: 0.0000775 seconds, Stopping threads took: 0.0000242 seconds
[2022-06-16T19:48:52.937+0000][4840][safepoint    ] Application time: 0.7388269 seconds
[2022-06-16T19:48:52.937+0000][4840][safepoint    ] Entering safepoint region: GenCollectForAllocation
[2022-06-16T19:48:52.937+0000][4840][gc,start     ] GC(17) Pause Young (Allocation Failure)
[2022-06-16T19:48:52.937+0000][4840][gc,task      ] GC(17) Using 2 workers of 2 for evacuation
[2022-06-16T19:48:52.937+0000][4840][gc,age       ] GC(17) Desired survivor size 8716288 bytes, new threshold 6 (max threshold 6)
[2022-06-16T19:48:52.937+0000][4840][gc,age       ] GC(17) Age table with threshold 6 (max threshold 6)
[2022-06-16T19:48:52.937+0000][4840][gc,age       ] GC(17) - age   1:    2082024 bytes,    2082024 total
[2022-06-16T19:48:52.937+0000][4840][gc,age       ] GC(17) - age   2:      44744 bytes,    2126768 total
[2022-06-16T19:48:52.937+0000][4840][gc,age       ] GC(17) - age   3:     230352 bytes,    2357120 total
[2022-06-16T19:48:52.937+0000][4840][gc,age       ] GC(17) - age   4:     472480 bytes,    2829600 total
[2022-06-16T19:48:52.937+0000][4840][gc,age       ] GC(17) - age   5:    1480656 bytes,    4310256 total
[2022-06-16T19:48:52.937+0000][4840][gc,age       ] GC(17) - age   6:     265728 bytes,    4575984 total
[2022-06-16T19:48:52.937+0000][4840][gc,heap      ] GC(17) ParNew: 140830K->5222K(153344K)
[2022-06-16T19:48:52.937+0000][4840][gc,heap      ] GC(17) CMS: 17141K->17222K(878208K)
[2022-06-16T19:48:52.937+0000][4840][gc,metaspace ] GC(17) Metaspace: 29958K->29958K(1077248K)
[2022-06-16T19:48:52.937+0000][4840][gc           ] GC(17) Pause Young (Allocation Failure) 154M->21M(1007M) 7.539ms
[2022-06-16T19:48:52.937+0000][4840][gc,cpu       ] GC(17) User=0.00s Sys=0.00s Real=0.00s
[2022-06-16T19:48:52.937+0000][4840][safepoint    ] Leaving safepoint region
[2022-06-16T19:48:52.937+0000][4840][safepoint    ] Total time for which application threads were stopped: 0.0076980 seconds, Stopping threads took: 0.0000266 seconds
[2022-06-16T19:48:53.827+0000][4840][safepoint    ] Application time: 0.8828657 seconds
[2022-06-16T19:48:53.827+0000][4840][safepoint    ] Entering safepoint region: RevokeBias
[2022-06-16T19:48:53.827+0000][4840][safepoint    ] Leaving safepoint region
[2022-06-16T19:48:53.827+0000][4840][safepoint    ] Total time for which application threads were stopped: 0.0000916 seconds, Stopping threads took: 0.0000259 seconds
[2022-06-16T19:48:53.827+0000][4840][safepoint    ] Application time: 0.0067720 seconds
[2022-06-16T19:48:53.827+0000][4840][safepoint    ] Entering safepoint region: RevokeBias
[2022-06-16T19:48:53.827+0000][4840][safepoint    ] Leaving safepoint region
[2022-06-16T19:48:53.827+0000][4840][safepoint    ] Total time for which application threads were stopped: 0.0000830 seconds, Stopping threads took: 0.0000233 seconds
[2022-06-16T19:48:53.874+0000][4840][safepoint    ] Application time: 0.0459020 seconds
[2022-06-16T19:48:53.874+0000][4840][safepoint    ] Entering safepoint region: Deoptimize
[2022-06-16T19:48:53.874+0000][4840][safepoint    ] Leaving safepoint region
[2022-06-16T19:48:53.874+0000][4840][safepoint    ] Total time for which application threads were stopped: 0.0004514 seconds, Stopping threads took: 0.0000250 seconds
[2022-06-16T19:48:54.359+0000][4840][safepoint    ] Application time: 0.4797885 seconds
[2022-06-16T19:48:54.359+0000][4840][safepoint    ] Entering safepoint region: Deoptimize
[2022-06-16T19:48:54.359+0000][4840][safepoint    ] Leaving safepoint region
[2022-06-16T19:48:54.359+0000][4840][safepoint    ] Total time for which application threads were stopped: 0.0005111 seconds, Stopping threads took: 0.0000265 seconds
[2022-06-16T19:48:54.484+0000][4840][safepoint    ] Application time: 0.1240125 seconds
[2022-06-16T19:48:54.484+0000][4840][safepoint    ] Entering safepoint region: RevokeBias
[2022-06-16T19:48:54.484+0000][4840][safepoint    ] Leaving safepoint region
[2022-06-16T19:48:54.484+0000][4840][safepoint    ] Total time for which application threads were stopped: 0.0004230 seconds, Stopping threads took: 0.0003661 seconds
[2022-06-16T19:48:54.484+0000][4840][safepoint    ] Application time: 0.0001717 seconds
[2022-06-16T19:48:54.484+0000][4840][safepoint    ] Entering safepoint region: RevokeBias
[2022-06-16T19:48:54.484+0000][4840][safepoint    ] Leaving safepoint region
[2022-06-16T19:48:54.484+0000][4840][safepoint    ] Total time for which application threads were stopped: 0.0000552 seconds, Stopping threads took: 0.0000188 seconds
[2022-06-16T19:48:54.484+0000][4840][safepoint    ] Application time: 0.0009073 seconds
[2022-06-16T19:48:54.484+0000][4840][safepoint    ] Entering safepoint region: RevokeBias
[2022-06-16T19:48:54.484+0000][4840][safepoint    ] Leaving safepoint region
[2022-06-16T19:48:54.484+0000][4840][safepoint    ] Total time for which application threads were stopped: 0.0000638 seconds, Stopping threads took: 0.0000198 seconds
[2022-06-16T19:48:54.484+0000][4840][safepoint    ] Application time: 0.0001974 seconds
[2022-06-16T19:48:54.484+0000][4840][safepoint    ] Entering safepoint region: RevokeBias
[2022-06-16T19:48:54.484+0000][4840][safepoint    ] Leaving safepoint region
[2022-06-16T19:48:54.484+0000][4840][safepoint    ] Total time for which application threads were stopped: 0.0000544 seconds, Stopping threads took: 0.0000171 seconds
[2022-06-16T19:48:54.484+0000][4840][safepoint    ] Application time: 0.0009624 seconds
[2022-06-16T19:48:54.484+0000][4840][safepoint    ] Entering safepoint region: RevokeBias
[2022-06-16T19:48:54.484+0000][4840][safepoint    ] Leaving safepoint region
[2022-06-16T19:48:54.484+0000][4840][safepoint    ] Total time for which application threads were stopped: 0.0000631 seconds, Stopping threads took: 0.0000256 seconds
[2022-06-16T19:48:54.484+0000][4840][safepoint    ] Application time: 0.0011002 seconds
[2022-06-16T19:48:54.484+0000][4840][safepoint    ] Entering safepoint region: RevokeBias
[2022-06-16T19:48:54.484+0000][4840][safepoint    ] Leaving safepoint region
[2022-06-16T19:48:54.484+0000][4840][safepoint    ] Total time for which application threads were stopped: 0.0000881 seconds, Stopping threads took: 0.0000448 seconds
[2022-06-16T19:48:54.484+0000][4840][safepoint    ] Application time: 0.0001923 seconds
[2022-06-16T19:48:54.484+0000][4840][safepoint    ] Entering safepoint region: RevokeBias
[2022-06-16T19:48:54.484+0000][4840][safepoint    ] Leaving safepoint region
[2022-06-16T19:48:54.484+0000][4840][safepoint    ] Total time for which application threads were stopped: 0.0000576 seconds, Stopping threads took: 0.0000174 seconds
[2022-06-16T19:48:54.484+0000][4840][safepoint    ] Application time: 0.0000443 seconds
[2022-06-16T19:48:54.484+0000][4840][safepoint    ] Entering safepoint region: RevokeBias
[2022-06-16T19:48:54.484+0000][4840][safepoint    ] Leaving safepoint region
[2022-06-16T19:48:54.484+0000][4840][safepoint    ] Total time for which application threads were stopped: 0.0000476 seconds, Stopping threads took: 0.0000162 seconds
[2022-06-16T19:48:54.484+0000][4840][safepoint    ] Application time: 0.0000525 seconds
[2022-06-16T19:48:54.484+0000][4840][safepoint    ] Entering safepoint region: RevokeBias
[2022-06-16T19:48:54.484+0000][4840][safepoint    ] Leaving safepoint region
[2022-06-16T19:48:54.484+0000][4840][safepoint    ] Total time for which application threads were stopped: 0.0000487 seconds, Stopping threads took: 0.0000162 seconds
[2022-06-16T19:48:54.484+0000][4840][safepoint    ] Application time: 0.0004180 seconds
[2022-06-16T19:48:54.484+0000][4840][safepoint    ] Entering safepoint region: RevokeBias
[2022-06-16T19:48:54.484+0000][4840][safepoint    ] Leaving safepoint region
[2022-06-16T19:48:54.484+0000][4840][safepoint    ] Total time for which application threads were stopped: 0.0000588 seconds, Stopping threads took: 0.0000176 seconds
[2022-06-16T19:48:54.499+0000][4840][safepoint    ] Application time: 0.0077355 seconds
[2022-06-16T19:48:54.499+0000][4840][safepoint    ] Entering safepoint region: RevokeBias
[2022-06-16T19:48:54.499+0000][4840][safepoint    ] Leaving safepoint region
[2022-06-16T19:48:54.499+0000][4840][safepoint    ] Total time for which application threads were stopped: 0.0000694 seconds, Stopping threads took: 0.0000246 seconds
[2022-06-16T19:48:54.499+0000][4840][safepoint    ] Application time: 0.0000153 seconds
[2022-06-16T19:48:54.499+0000][4840][safepoint    ] Entering safepoint region: RevokeBias
[2022-06-16T19:48:54.499+0000][4840][safepoint    ] Leaving safepoint region
[2022-06-16T19:48:54.499+0000][4840][safepoint    ] Total time for which application threads were stopped: 0.0000482 seconds, Stopping threads took: 0.0000189 seconds
[2022-06-16T19:48:54.499+0000][4840][safepoint    ] Application time: 0.0000377 seconds
[2022-06-16T19:48:54.499+0000][4840][safepoint    ] Entering safepoint region: RevokeBias
[2022-06-16T19:48:54.499+0000][4840][safepoint    ] Leaving safepoint region
[2022-06-16T19:48:54.499+0000][4840][safepoint    ] Total time for which application threads were stopped: 0.0000468 seconds, Stopping threads took: 0.0000188 seconds
[2022-06-16T19:48:54.499+0000][4840][safepoint    ] Application time: 0.0016630 seconds
[2022-06-16T19:48:54.499+0000][4840][safepoint    ] Entering safepoint region: RevokeBias
[2022-06-16T19:48:54.499+0000][4840][safepoint    ] Leaving safepoint region
[2022-06-16T19:48:54.499+0000][4840][safepoint    ] Total time for which application threads were stopped: 0.0000644 seconds, Stopping threads took: 0.0000247 seconds
[2022-06-16T19:48:54.499+0000][4840][safepoint    ] Application time: 0.0004000 seconds
[2022-06-16T19:48:54.499+0000][4840][safepoint    ] Entering safepoint region: RevokeBias
[2022-06-16T19:48:54.499+0000][4840][safepoint    ] Leaving safepoint region
[2022-06-16T19:48:54.499+0000][4840][safepoint    ] Total time for which application threads were stopped: 0.0000614 seconds, Stopping threads took: 0.0000234 seconds
[2022-06-16T19:48:54.499+0000][4840][safepoint    ] Application time: 0.0008724 seconds
[2022-06-16T19:48:54.499+0000][4840][safepoint    ] Entering safepoint region: RevokeBias
[2022-06-16T19:48:54.499+0000][4840][safepoint    ] Leaving safepoint region
[2022-06-16T19:48:54.499+0000][4840][safepoint    ] Total time for which application threads were stopped: 0.0000590 seconds, Stopping threads took: 0.0000231 seconds
[2022-06-16T19:48:54.499+0000][4840][safepoint    ] Application time: 0.0003976 seconds
[2022-06-16T19:48:54.499+0000][4840][safepoint    ] Entering safepoint region: RevokeBias
[2022-06-16T19:48:54.499+0000][4840][safepoint    ] Leaving safepoint region
[2022-06-16T19:48:54.499+0000][4840][safepoint    ] Total time for which application threads were stopped: 0.0000589 seconds, Stopping threads took: 0.0000218 seconds
[2022-06-16T19:48:54.499+0000][4840][safepoint    ] Application time: 0.0013236 seconds
[2022-06-16T19:48:54.499+0000][4840][safepoint    ] Entering safepoint region: RevokeBias
[2022-06-16T19:48:54.499+0000][4840][safepoint    ] Leaving safepoint region
[2022-06-16T19:48:54.499+0000][4840][safepoint    ] Total time for which application threads were stopped: 0.0000564 seconds, Stopping threads took: 0.0000228 seconds
[2022-06-16T19:48:54.499+0000][4840][safepoint    ] Application time: 0.0001989 seconds
[2022-06-16T19:48:54.499+0000][4840][safepoint    ] Entering safepoint region: RevokeBias
[2022-06-16T19:48:54.499+0000][4840][safepoint    ] Leaving safepoint region
[2022-06-16T19:48:54.499+0000][4840][safepoint    ] Total time for which application threads were stopped: 0.0000509 seconds, Stopping threads took: 0.0000205 seconds
[2022-06-16T19:48:54.499+0000][4840][safepoint    ] Application time: 0.0000161 seconds
[2022-06-16T19:48:54.499+0000][4840][safepoint    ] Entering safepoint region: RevokeBias
[2022-06-16T19:48:54.499+0000][4840][safepoint    ] Leaving safepoint region
[2022-06-16T19:48:54.499+0000][4840][safepoint    ] Total time for which application threads were stopped: 0.0000478 seconds, Stopping threads took: 0.0000188 seconds
[2022-06-16T19:48:54.499+0000][4840][safepoint    ] Application time: 0.0003646 seconds
[2022-06-16T19:48:54.499+0000][4840][safepoint    ] Entering safepoint region: RevokeBias
[2022-06-16T19:48:54.499+0000][4840][safepoint    ] Leaving safepoint region
[2022-06-16T19:48:54.499+0000][4840][safepoint    ] Total time for which application threads were stopped: 0.0000567 seconds, Stopping threads took: 0.0000225 seconds
[2022-06-16T19:48:54.499+0000][4840][safepoint    ] Application time: 0.0001635 seconds
[2022-06-16T19:48:54.499+0000][4840][safepoint    ] Entering safepoint region: RevokeBias
[2022-06-16T19:48:54.499+0000][4840][safepoint    ] Leaving safepoint region
[2022-06-16T19:48:54.499+0000][4840][safepoint    ] Total time for which application threads were stopped: 0.0000494 seconds, Stopping threads took: 0.0000196 seconds
[2022-06-16T19:48:54.499+0000][4840][safepoint    ] Application time: 0.0001039 seconds
[2022-06-16T19:48:54.499+0000][4840][safepoint    ] Entering safepoint region: RevokeBias
[2022-06-16T19:48:54.499+0000][4840][safepoint    ] Leaving safepoint region
[2022-06-16T19:48:54.499+0000][4840][safepoint    ] Total time for which application threads were stopped: 0.0000503 seconds, Stopping threads took: 0.0000199 seconds
[2022-06-16T19:48:54.499+0000][4840][safepoint    ] Application time: 0.0000151 seconds
[2022-06-16T19:48:54.499+0000][4840][safepoint    ] Entering safepoint region: RevokeBias
[2022-06-16T19:48:54.499+0000][4840][safepoint    ] Leaving safepoint region
[2022-06-16T19:48:54.499+0000][4840][safepoint    ] Total time for which application threads were stopped: 0.0000562 seconds, Stopping threads took: 0.0000239 seconds
[2022-06-16T19:48:54.515+0000][4840][safepoint    ] Application time: 0.0105954 seconds
[2022-06-16T19:48:54.515+0000][4840][safepoint    ] Entering safepoint region: RevokeBias
[2022-06-16T19:48:54.515+0000][4840][safepoint    ] Leaving safepoint region
[2022-06-16T19:48:54.515+0000][4840][safepoint    ] Total time for which application threads were stopped: 0.0000583 seconds, Stopping threads took: 0.0000227 seconds
[2022-06-16T19:48:54.515+0000][4840][gc,heap,exit ] Heap
[2022-06-16T19:48:54.515+0000][4840][gc,heap,exit ]  par new generation   total 153344K, used 117076K [0x00000000c0000000, 0x00000000ca660000, 0x00000000ca660000)
[2022-06-16T19:48:54.515+0000][4840][gc,heap,exit ]   eden space 136320K,  82% used [0x00000000c0000000, 0x00000000c6d3b990, 0x00000000c8520000)
[2022-06-16T19:48:54.515+0000][4840][gc,heap,exit ]   from space 17024K,  30% used [0x00000000c95c0000, 0x00000000c9ad9950, 0x00000000ca660000)
[2022-06-16T19:48:54.515+0000][4840][gc,heap,exit ]   to   space 17024K,   0% used [0x00000000c8520000, 0x00000000c8520000, 0x00000000c95c0000)
[2022-06-16T19:48:54.515+0000][4840][gc,heap,exit ]  concurrent mark-sweep generation total 878208K, used 17222K [0x00000000ca660000, 0x0000000100000000, 0x0000000100000000)
[2022-06-16T19:48:54.515+0000][4840][gc,heap,exit ]  Metaspace       used 30697K, capacity 32610K, committed 32888K, reserved 1079296K
[2022-06-16T19:48:54.515+0000][4840][gc,heap,exit ]   class space    used 3468K, capacity 3947K, committed 4068K, reserved 1048576K
[2022-06-16T19:48:54.515+0000][4840][safepoint    ] Application time: 0.0015453 seconds
[2022-06-16T19:48:54.515+0000][4840][safepoint    ] Entering safepoint region: Halt
[2022-06-16T19:48:55.519+0000][6420][safepoint    ] Application time: 30.3649195 seconds
[2022-06-16T19:48:55.519+0000][6420][safepoint    ] Entering safepoint region: RevokeBias
[2022-06-16T19:48:55.519+0000][6420][safepoint    ] Leaving safepoint region
[2022-06-16T19:48:55.519+0000][6420][safepoint    ] Total time for which application threads were stopped: 0.0002107 seconds, Stopping threads took: 0.0000494 seconds
[2022-06-16T19:48:55.530+0000][6420][safepoint    ] Application time: 0.0058836 seconds
[2022-06-16T19:48:55.546+0000][6420][safepoint    ] Entering safepoint region: RevokeBias
[2022-06-16T19:48:55.546+0000][6420][safepoint    ] Leaving safepoint region
[2022-06-16T19:48:55.546+0000][6420][safepoint    ] Total time for which application threads were stopped: 0.0171145 seconds, Stopping threads took: 0.0170146 seconds
[2022-06-16T19:49:11.712+0000][6420][safepoint    ] Application time: 16.1643425 seconds
[2022-06-16T19:49:11.712+0000][6420][safepoint    ] Entering safepoint region: Cleanup
[2022-06-16T19:49:11.712+0000][6420][safepoint    ] Leaving safepoint region
[2022-06-16T19:49:11.712+0000][6420][safepoint    ] Total time for which application threads were stopped: 0.0001165 seconds, Stopping threads took: 0.0000279 seconds
[2022-06-16T19:49:25.554+0000][6420][safepoint    ] Application time: 13.8429688 seconds
[2022-06-16T19:49:25.554+0000][6420][safepoint    ] Entering safepoint region: RevokeBias
[2022-06-16T19:49:25.554+0000][6420][safepoint    ] Leaving safepoint region
[2022-06-16T19:49:25.554+0000][6420][safepoint    ] Total time for which application threads were stopped: 0.0001923 seconds, Stopping threads took: 0.0000803 seconds
[2022-06-16T19:49:25.554+0000][6420][safepoint    ] Application time: 0.0003416 seconds
[2022-06-16T19:49:25.554+0000][6420][safepoint    ] Entering safepoint region: RevokeBias
[2022-06-16T19:49:25.554+0000][6420][safepoint    ] Leaving safepoint region
[2022-06-16T19:49:25.554+0000][6420][safepoint    ] Total time for which application threads were stopped: 0.0001049 seconds, Stopping threads took: 0.0000524 seconds
[2022-06-16T19:49:27.582+0000][6420][safepoint    ] Application time: 2.0262816 seconds
[2022-06-16T19:49:27.582+0000][6420][safepoint    ] Entering safepoint region: Cleanup
[2022-06-16T19:49:27.582+0000][6420][safepoint    ] Leaving safepoint region
[2022-06-16T19:49:27.582+0000][6420][safepoint    ] Total time for which application threads were stopped: 0.0000924 seconds, Stopping threads took: 0.0000239 seconds
[2022-06-16T19:49:48.755+0000][6420][safepoint    ] Application time: 21.1729170 seconds
[2022-06-16T19:49:48.755+0000][6420][safepoint    ] Entering safepoint region: Cleanup
[2022-06-16T19:49:48.755+0000][6420][safepoint    ] Leaving safepoint region
[2022-06-16T19:49:48.755+0000][6420][safepoint    ] Total time for which application threads were stopped: 0.0000901 seconds, Stopping threads took: 0.0000225 seconds
[2022-06-16T19:49:55.559+0000][6420][safepoint    ] Application time: 6.8044722 seconds
[2022-06-16T19:49:55.559+0000][6420][safepoint    ] Entering safepoint region: RevokeBias
[2022-06-16T19:49:55.559+0000][6420][safepoint    ] Leaving safepoint region
[2022-06-16T19:49:55.559+0000][6420][safepoint    ] Total time for which application threads were stopped: 0.0001405 seconds, Stopping threads took: 0.0000322 seconds
[2022-06-16T19:49:55.559+0000][6420][safepoint    ] Application time: 0.0005394 seconds
[2022-06-16T19:49:55.559+0000][6420][safepoint    ] Entering safepoint region: RevokeBias
[2022-06-16T19:49:55.559+0000][6420][safepoint    ] Leaving safepoint region
[2022-06-16T19:49:55.559+0000][6420][safepoint    ] Total time for which application threads were stopped: 0.0000935 seconds, Stopping threads took: 0.0000329 seconds
[2022-06-16T19:50:15.714+0000][6420][safepoint    ] Application time: 20.1532926 seconds
[2022-06-16T19:50:15.714+0000][6420][safepoint    ] Entering safepoint region: Cleanup
[2022-06-16T19:50:15.714+0000][6420][safepoint    ] Leaving safepoint region
[2022-06-16T19:50:15.714+0000][6420][safepoint    ] Total time for which application threads were stopped: 0.0001201 seconds, Stopping threads took: 0.0000288 seconds
[2022-06-16T19:50:24.808+0000][6420][safepoint    ] Application time: 9.0948592 seconds
[2022-06-16T19:50:24.808+0000][6420][safepoint    ] Entering safepoint region: RevokeBias
[2022-06-16T19:50:24.808+0000][6420][safepoint    ] Leaving safepoint region
[2022-06-16T19:50:24.808+0000][6420][safepoint    ] Total time for which application threads were stopped: 0.0000847 seconds, Stopping threads took: 0.0000192 seconds
[2022-06-16T19:50:24.808+0000][6420][safepoint    ] Application time: 0.0008361 seconds
[2022-06-16T19:50:24.808+0000][6420][safepoint    ] Entering safepoint region: RevokeBias
[2022-06-16T19:50:24.808+0000][6420][safepoint    ] Leaving safepoint region
[2022-06-16T19:50:24.808+0000][6420][safepoint    ] Total time for which application threads were stopped: 0.0000646 seconds, Stopping threads took: 0.0000145 seconds
[2022-06-16T19:50:25.566+0000][6420][safepoint    ] Application time: 0.7570461 seconds
[2022-06-16T19:50:25.566+0000][6420][safepoint    ] Entering safepoint region: RevokeBias
[2022-06-16T19:50:25.566+0000][6420][safepoint    ] Leaving safepoint region
[2022-06-16T19:50:25.566+0000][6420][safepoint    ] Total time for which application threads were stopped: 0.0002620 seconds, Stopping threads took: 0.0001418 seconds
[2022-06-16T19:50:25.566+0000][6420][safepoint    ] Application time: 0.0003142 seconds
[2022-06-16T19:50:25.566+0000][6420][safepoint    ] Entering safepoint region: BulkRevokeBias
[2022-06-16T19:50:25.566+0000][6420][safepoint    ] Leaving safepoint region
[2022-06-16T19:50:25.566+0000][6420][safepoint    ] Total time for which application threads were stopped: 0.0003422 seconds, Stopping threads took: 0.0000410 seconds
[2022-06-16T19:50:27.576+0000][6420][safepoint    ] Application time: 2.0084469 seconds
[2022-06-16T19:50:27.576+0000][6420][safepoint    ] Entering safepoint region: Cleanup
[2022-06-16T19:50:27.576+0000][6420][safepoint    ] Leaving safepoint region
[2022-06-16T19:50:27.576+0000][6420][safepoint    ] Total time for which application threads were stopped: 0.0000878 seconds, Stopping threads took: 0.0000212 seconds
[2022-06-16T19:50:31.603+0000][6420][safepoint    ] Application time: 4.0268138 seconds
[2022-06-16T19:50:31.603+0000][6420][safepoint    ] Entering safepoint region: Cleanup
[2022-06-16T19:50:31.603+0000][6420][safepoint    ] Leaving safepoint region
[2022-06-16T19:50:31.603+0000][6420][safepoint    ] Total time for which application threads were stopped: 0.0001190 seconds, Stopping threads took: 0.0000308 seconds
[2022-06-16T19:50:55.754+0000][6420][safepoint    ] Application time: 24.1641936 seconds
[2022-06-16T19:50:55.817+0000][6420][safepoint    ] Entering safepoint region: RevokeBias
[2022-06-16T19:50:55.817+0000][6420][safepoint    ] Leaving safepoint region
[2022-06-16T19:50:55.817+0000][6420][safepoint    ] Total time for which application threads were stopped: 0.0509634 seconds, Stopping threads took: 0.0508085 seconds
[2022-06-16T19:50:55.817+0000][6420][safepoint    ] Application time: 0.0009797 seconds
[2022-06-16T19:50:55.817+0000][6420][safepoint    ] Entering safepoint region: RevokeBias
[2022-06-16T19:50:55.817+0000][6420][safepoint    ] Leaving safepoint region
[2022-06-16T19:50:55.817+0000][6420][safepoint    ] Total time for which application threads were stopped: 0.0000983 seconds, Stopping threads took: 0.0000222 seconds
[2022-06-16T19:51:25.825+0000][6420][safepoint    ] Application time: 30.0058671 seconds
[2022-06-16T19:51:25.825+0000][6420][safepoint    ] Entering safepoint region: RevokeBias
[2022-06-16T19:51:25.825+0000][6420][safepoint    ] Leaving safepoint region
[2022-06-16T19:51:25.825+0000][6420][safepoint    ] Total time for which application threads were stopped: 0.0001202 seconds, Stopping threads took: 0.0000308 seconds
[2022-06-16T19:51:25.825+0000][6420][safepoint    ] Application time: 0.0006175 seconds
[2022-06-16T19:51:25.825+0000][6420][safepoint    ] Entering safepoint region: RevokeBias
[2022-06-16T19:51:25.825+0000][6420][safepoint    ] Leaving safepoint region
[2022-06-16T19:51:25.825+0000][6420][safepoint    ] Total time for which application threads were stopped: 0.0000945 seconds, Stopping threads took: 0.0000428 seconds
[2022-06-16T19:51:26.836+0000][6420][safepoint    ] Application time: 1.0099989 seconds
[2022-06-16T19:51:26.836+0000][6420][safepoint    ] Entering safepoint region: Cleanup
[2022-06-16T19:51:26.836+0000][6420][safepoint    ] Leaving safepoint region
[2022-06-16T19:51:26.836+0000][6420][safepoint    ] Total time for which application threads were stopped: 0.0000959 seconds, Stopping threads took: 0.0000239 seconds
[2022-06-16T19:51:28.844+0000][6420][safepoint    ] Application time: 2.0075869 seconds
[2022-06-16T19:51:28.844+0000][6420][safepoint    ] Entering safepoint region: Cleanup
[2022-06-16T19:51:28.844+0000][6420][safepoint    ] Leaving safepoint region
[2022-06-16T19:51:28.844+0000][6420][safepoint    ] Total time for which application threads were stopped: 0.0000867 seconds, Stopping threads took: 0.0000201 seconds
[2022-06-16T19:51:55.839+0000][6420][safepoint    ] Application time: 26.9955950 seconds
[2022-06-16T19:51:55.839+0000][6420][safepoint    ] Entering safepoint region: RevokeBias
[2022-06-16T19:51:55.839+0000][6420][safepoint    ] Leaving safepoint region
[2022-06-16T19:51:55.839+0000][6420][safepoint    ] Total time for which application threads were stopped: 0.0001511 seconds, Stopping threads took: 0.0000358 seconds
[2022-06-16T19:51:55.839+0000][6420][safepoint    ] Application time: 0.0010674 seconds
[2022-06-16T19:51:55.839+0000][6420][safepoint    ] Entering safepoint region: RevokeBias
[2022-06-16T19:51:55.839+0000][6420][safepoint    ] Leaving safepoint region
[2022-06-16T19:51:55.839+0000][6420][safepoint    ] Total time for which application threads were stopped: 0.0001243 seconds, Stopping threads took: 0.0000614 seconds
[2022-06-16T19:51:56.847+0000][6420][safepoint    ] Application time: 1.0058009 seconds
[2022-06-16T19:51:56.847+0000][6420][safepoint    ] Entering safepoint region: Cleanup
[2022-06-16T19:51:56.847+0000][6420][safepoint    ] Leaving safepoint region
[2022-06-16T19:51:56.847+0000][6420][safepoint    ] Total time for which application threads were stopped: 0.0001013 seconds, Stopping threads took: 0.0000277 seconds
[2022-06-16T19:52:02.892+0000][6420][safepoint    ] Application time: 6.0447992 seconds
[2022-06-16T19:52:02.892+0000][6420][safepoint    ] Entering safepoint region: Cleanup
[2022-06-16T19:52:02.892+0000][6420][safepoint    ] Leaving safepoint region
[2022-06-16T19:52:02.892+0000][6420][safepoint    ] Total time for which application threads were stopped: 0.0000924 seconds, Stopping threads took: 0.0000226 seconds
[2022-06-16T19:52:08.915+0000][6420][safepoint    ] Application time: 6.0230132 seconds
[2022-06-16T19:52:08.915+0000][6420][safepoint    ] Entering safepoint region: Cleanup
[2022-06-16T19:52:08.915+0000][6420][safepoint    ] Leaving safepoint region
[2022-06-16T19:52:08.915+0000][6420][safepoint    ] Total time for which application threads were stopped: 0.0001215 seconds, Stopping threads took: 0.0000290 seconds
[2022-06-16T19:52:25.854+0000][6420][safepoint    ] Application time: 16.9395959 seconds
[2022-06-16T19:52:25.854+0000][6420][safepoint    ] Entering safepoint region: RevokeBias
[2022-06-16T19:52:25.854+0000][6420][safepoint    ] Leaving safepoint region
[2022-06-16T19:52:25.854+0000][6420][safepoint    ] Total time for which application threads were stopped: 0.0002050 seconds, Stopping threads took: 0.0000536 seconds
[2022-06-16T19:52:25.856+0000][6420][safepoint    ] Application time: 0.0004474 seconds
[2022-06-16T19:52:25.856+0000][6420][safepoint    ] Entering safepoint region: RevokeBias
[2022-06-16T19:52:25.856+0000][6420][safepoint    ] Leaving safepoint region
[2022-06-16T19:52:25.856+0000][6420][safepoint    ] Total time for which application threads were stopped: 0.0000645 seconds, Stopping threads took: 0.0000143 seconds
[2022-06-16T19:52:36.934+0000][6420][safepoint    ] Application time: 11.0780157 seconds
[2022-06-16T19:52:36.934+0000][6420][safepoint    ] Entering safepoint region: Cleanup
[2022-06-16T19:52:36.934+0000][6420][safepoint    ] Leaving safepoint region
[2022-06-16T19:52:36.934+0000][6420][safepoint    ] Total time for which application threads were stopped: 0.0001488 seconds, Stopping threads took: 0.0000399 seconds
[2022-06-16T19:52:39.958+0000][6420][safepoint    ] Application time: 3.0244614 seconds
[2022-06-16T19:52:39.958+0000][6420][safepoint    ] Entering safepoint region: Cleanup
[2022-06-16T19:52:39.958+0000][6420][safepoint    ] Leaving safepoint region
[2022-06-16T19:52:39.958+0000][6420][safepoint    ] Total time for which application threads were stopped: 0.0000931 seconds, Stopping threads took: 0.0000223 seconds
[2022-06-16T19:52:51.059+0000][6420][safepoint    ] Application time: 11.1008110 seconds
[2022-06-16T19:52:51.059+0000][6420][safepoint    ] Entering safepoint region: RevokeBias
[2022-06-16T19:52:51.059+0000][6420][safepoint    ] Leaving safepoint region
[2022-06-16T19:52:51.059+0000][6420][safepoint    ] Total time for which application threads were stopped: 0.0001071 seconds, Stopping threads took: 0.0000280 seconds
[2022-06-16T19:52:51.060+0000][6420][safepoint    ] Application time: 0.0006098 seconds
[2022-06-16T19:52:51.060+0000][6420][safepoint    ] Entering safepoint region: Deoptimize
[2022-06-16T19:52:51.062+0000][6420][safepoint    ] Leaving safepoint region
[2022-06-16T19:52:51.062+0000][6420][safepoint    ] Total time for which application threads were stopped: 0.0020017 seconds, Stopping threads took: 0.0000240 seconds
[2022-06-16T19:52:51.064+0000][6420][safepoint    ] Application time: 0.0018864 seconds
[2022-06-16T19:52:51.064+0000][6420][safepoint    ] Entering safepoint region: RevokeBias
[2022-06-16T19:52:51.064+0000][6420][safepoint    ] Leaving safepoint region
[2022-06-16T19:52:51.064+0000][6420][safepoint    ] Total time for which application threads were stopped: 0.0000816 seconds, Stopping threads took: 0.0000285 seconds
[2022-06-16T19:52:51.064+0000][6420][safepoint    ] Application time: 0.0000451 seconds
[2022-06-16T19:52:51.064+0000][6420][safepoint    ] Entering safepoint region: RevokeBias
[2022-06-16T19:52:51.064+0000][6420][safepoint    ] Leaving safepoint region
[2022-06-16T19:52:51.064+0000][6420][safepoint    ] Total time for which application threads were stopped: 0.0000401 seconds, Stopping threads took: 0.0000125 seconds
[2022-06-16T19:52:51.064+0000][6420][safepoint    ] Application time: 0.0001597 seconds
[2022-06-16T19:52:51.065+0000][6420][safepoint    ] Entering safepoint region: RevokeBias
[2022-06-16T19:52:51.065+0000][6420][safepoint    ] Leaving safepoint region
[2022-06-16T19:52:51.065+0000][6420][safepoint    ] Total time for which application threads were stopped: 0.0000441 seconds, Stopping threads took: 0.0000125 seconds
[2022-06-16T19:52:51.065+0000][6420][safepoint    ] Application time: 0.0000755 seconds
[2022-06-16T19:52:51.065+0000][6420][safepoint    ] Entering safepoint region: RevokeBias
[2022-06-16T19:52:51.065+0000][6420][safepoint    ] Leaving safepoint region
[2022-06-16T19:52:51.065+0000][6420][safepoint    ] Total time for which application threads were stopped: 0.0000389 seconds, Stopping threads took: 0.0000118 seconds
[2022-06-16T19:52:51.066+0000][6420][safepoint    ] Application time: 0.0012347 seconds
[2022-06-16T19:52:51.066+0000][6420][safepoint    ] Entering safepoint region: RevokeBias
[2022-06-16T19:52:51.066+0000][6420][safepoint    ] Leaving safepoint region
[2022-06-16T19:52:51.066+0000][6420][safepoint    ] Total time for which application threads were stopped: 0.0000592 seconds, Stopping threads took: 0.0000138 seconds
[2022-06-16T19:52:51.066+0000][6420][safepoint    ] Application time: 0.0004108 seconds
[2022-06-16T19:52:51.066+0000][6420][safepoint    ] Entering safepoint region: RevokeBias
[2022-06-16T19:52:51.067+0000][6420][safepoint    ] Leaving safepoint region
[2022-06-16T19:52:51.067+0000][6420][safepoint    ] Total time for which application threads were stopped: 0.0000762 seconds, Stopping threads took: 0.0000128 seconds
[2022-06-16T19:52:51.068+0000][6420][safepoint    ] Application time: 0.0012742 seconds
[2022-06-16T19:52:51.068+0000][6420][safepoint    ] Entering safepoint region: RevokeBias
[2022-06-16T19:52:51.068+0000][6420][safepoint    ] Leaving safepoint region
[2022-06-16T19:52:51.068+0000][6420][safepoint    ] Total time for which application threads were stopped: 0.0000789 seconds, Stopping threads took: 0.0000254 seconds
[2022-06-16T19:52:51.069+0000][6420][safepoint    ] Application time: 0.0008889 seconds
[2022-06-16T19:52:51.069+0000][6420][safepoint    ] Entering safepoint region: RevokeBias
[2022-06-16T19:52:51.069+0000][6420][safepoint    ] Leaving safepoint region
[2022-06-16T19:52:51.069+0000][6420][safepoint    ] Total time for which application threads were stopped: 0.0000718 seconds, Stopping threads took: 0.0000239 seconds
[2022-06-16T19:52:51.069+0000][6420][safepoint    ] Application time: 0.0003771 seconds
[2022-06-16T19:52:51.069+0000][6420][safepoint    ] Entering safepoint region: RevokeBias
[2022-06-16T19:52:51.069+0000][6420][safepoint    ] Leaving safepoint region
[2022-06-16T19:52:51.069+0000][6420][safepoint    ] Total time for which application threads were stopped: 0.0000674 seconds, Stopping threads took: 0.0000218 seconds
[2022-06-16T19:52:51.070+0000][6420][safepoint    ] Application time: 0.0000409 seconds
[2022-06-16T19:52:51.070+0000][6420][safepoint    ] Entering safepoint region: RevokeBias
[2022-06-16T19:52:51.070+0000][6420][safepoint    ] Leaving safepoint region
[2022-06-16T19:52:51.070+0000][6420][safepoint    ] Total time for which application threads were stopped: 0.0000592 seconds, Stopping threads took: 0.0000193 seconds
[2022-06-16T19:52:51.070+0000][6420][safepoint    ] Application time: 0.0000217 seconds
[2022-06-16T19:52:51.070+0000][6420][safepoint    ] Entering safepoint region: RevokeBias
[2022-06-16T19:52:51.070+0000][6420][safepoint    ] Leaving safepoint region
[2022-06-16T19:52:51.070+0000][6420][safepoint    ] Total time for which application threads were stopped: 0.0000597 seconds, Stopping threads took: 0.0000186 seconds
[2022-06-16T19:52:51.070+0000][6420][safepoint    ] Application time: 0.0000207 seconds
[2022-06-16T19:52:51.070+0000][6420][safepoint    ] Entering safepoint region: RevokeBias
[2022-06-16T19:52:51.070+0000][6420][safepoint    ] Leaving safepoint region
[2022-06-16T19:52:51.070+0000][6420][safepoint    ] Total time for which application threads were stopped: 0.0000545 seconds, Stopping threads took: 0.0000182 seconds
[2022-06-16T19:52:51.071+0000][6420][safepoint    ] Application time: 0.0010528 seconds
[2022-06-16T19:52:51.071+0000][6420][safepoint    ] Entering safepoint region: RevokeBias
[2022-06-16T19:52:51.071+0000][6420][safepoint    ] Leaving safepoint region
[2022-06-16T19:52:51.071+0000][6420][safepoint    ] Total time for which application threads were stopped: 0.0000663 seconds, Stopping threads took: 0.0000223 seconds
[2022-06-16T19:52:51.071+0000][6420][safepoint    ] Application time: 0.0000231 seconds
[2022-06-16T19:52:51.071+0000][6420][safepoint    ] Entering safepoint region: RevokeBias
[2022-06-16T19:52:51.071+0000][6420][safepoint    ] Leaving safepoint region
[2022-06-16T19:52:51.071+0000][6420][safepoint    ] Total time for which application threads were stopped: 0.0000545 seconds, Stopping threads took: 0.0000186 seconds
[2022-06-16T19:52:51.071+0000][6420][safepoint    ] Application time: 0.0000231 seconds
[2022-06-16T19:52:51.071+0000][6420][safepoint    ] Entering safepoint region: RevokeBias
[2022-06-16T19:52:51.071+0000][6420][safepoint    ] Leaving safepoint region
[2022-06-16T19:52:51.071+0000][6420][safepoint    ] Total time for which application threads were stopped: 0.0000573 seconds, Stopping threads took: 0.0000194 seconds
[2022-06-16T19:52:51.071+0000][6420][safepoint    ] Application time: 0.0001322 seconds
[2022-06-16T19:52:51.071+0000][6420][safepoint    ] Entering safepoint region: RevokeBias
[2022-06-16T19:52:51.071+0000][6420][safepoint    ] Leaving safepoint region
[2022-06-16T19:52:51.071+0000][6420][safepoint    ] Total time for which application threads were stopped: 0.0000610 seconds, Stopping threads took: 0.0000205 seconds
[2022-06-16T19:52:51.072+0000][6420][safepoint    ] Application time: 0.0000617 seconds
[2022-06-16T19:52:51.072+0000][6420][safepoint    ] Entering safepoint region: RevokeBias
[2022-06-16T19:52:51.072+0000][6420][safepoint    ] Leaving safepoint region
[2022-06-16T19:52:51.072+0000][6420][safepoint    ] Total time for which application threads were stopped: 0.0001726 seconds, Stopping threads took: 0.0000950 seconds
[2022-06-16T19:52:51.072+0000][6420][safepoint    ] Application time: 0.0000381 seconds
[2022-06-16T19:52:51.072+0000][6420][safepoint    ] Entering safepoint region: RevokeBias
[2022-06-16T19:52:51.072+0000][6420][safepoint    ] Leaving safepoint region
[2022-06-16T19:52:51.072+0000][6420][safepoint    ] Total time for which application threads were stopped: 0.0000518 seconds, Stopping threads took: 0.0000157 seconds
[2022-06-16T19:52:51.072+0000][6420][safepoint    ] Application time: 0.0000264 seconds
[2022-06-16T19:52:51.072+0000][6420][safepoint    ] Entering safepoint region: RevokeBias
[2022-06-16T19:52:51.072+0000][6420][safepoint    ] Leaving safepoint region
[2022-06-16T19:52:51.072+0000][6420][safepoint    ] Total time for which application threads were stopped: 0.0000369 seconds, Stopping threads took: 0.0000119 seconds
[2022-06-16T19:52:51.072+0000][6420][safepoint    ] Application time: 0.0002060 seconds
[2022-06-16T19:52:51.072+0000][6420][safepoint    ] Entering safepoint region: RevokeBias
[2022-06-16T19:52:51.072+0000][6420][safepoint    ] Leaving safepoint region
[2022-06-16T19:52:51.072+0000][6420][safepoint    ] Total time for which application threads were stopped: 0.0000670 seconds, Stopping threads took: 0.0000388 seconds
[2022-06-16T19:52:51.072+0000][6420][safepoint    ] Application time: 0.0000240 seconds
[2022-06-16T19:52:51.072+0000][6420][safepoint    ] Entering safepoint region: RevokeBias
[2022-06-16T19:52:51.072+0000][6420][safepoint    ] Leaving safepoint region
[2022-06-16T19:52:51.072+0000][6420][safepoint    ] Total time for which application threads were stopped: 0.0000521 seconds, Stopping threads took: 0.0000182 seconds
[2022-06-16T19:52:51.073+0000][6420][safepoint    ] Application time: 0.0001756 seconds
[2022-06-16T19:52:51.073+0000][6420][safepoint    ] Entering safepoint region: RevokeBias
[2022-06-16T19:52:51.073+0000][6420][safepoint    ] Leaving safepoint region
[2022-06-16T19:52:51.073+0000][6420][safepoint    ] Total time for which application threads were stopped: 0.0000422 seconds, Stopping threads took: 0.0000154 seconds
[2022-06-16T19:52:51.073+0000][6420][safepoint    ] Application time: 0.0000361 seconds
[2022-06-16T19:52:51.073+0000][6420][safepoint    ] Entering safepoint region: RevokeBias
[2022-06-16T19:52:51.073+0000][6420][safepoint    ] Leaving safepoint region
[2022-06-16T19:52:51.073+0000][6420][safepoint    ] Total time for which application threads were stopped: 0.0000470 seconds, Stopping threads took: 0.0000144 seconds
[2022-06-16T19:52:51.073+0000][6420][safepoint    ] Application time: 0.0000279 seconds
[2022-06-16T19:52:51.073+0000][6420][safepoint    ] Entering safepoint region: RevokeBias
[2022-06-16T19:52:51.073+0000][6420][safepoint    ] Leaving safepoint region
[2022-06-16T19:52:51.073+0000][6420][safepoint    ] Total time for which application threads were stopped: 0.0000487 seconds, Stopping threads took: 0.0000154 seconds
[2022-06-16T19:52:51.073+0000][6420][safepoint    ] Application time: 0.0000222 seconds
[2022-06-16T19:52:51.073+0000][6420][safepoint    ] Entering safepoint region: RevokeBias
[2022-06-16T19:52:51.073+0000][6420][safepoint    ] Leaving safepoint region
[2022-06-16T19:52:51.073+0000][6420][safepoint    ] Total time for which application threads were stopped: 0.0000364 seconds, Stopping threads took: 0.0000117 seconds
[2022-06-16T19:52:51.073+0000][6420][safepoint    ] Application time: 0.0000448 seconds
[2022-06-16T19:52:51.073+0000][6420][safepoint    ] Entering safepoint region: RevokeBias
[2022-06-16T19:52:51.073+0000][6420][safepoint    ] Leaving safepoint region
[2022-06-16T19:52:51.073+0000][6420][safepoint    ] Total time for which application threads were stopped: 0.0000343 seconds, Stopping threads took: 0.0000112 seconds
[2022-06-16T19:52:51.073+0000][6420][safepoint    ] Application time: 0.0000457 seconds
[2022-06-16T19:52:51.073+0000][6420][safepoint    ] Entering safepoint region: RevokeBias
[2022-06-16T19:52:51.073+0000][6420][safepoint    ] Leaving safepoint region
[2022-06-16T19:52:51.073+0000][6420][safepoint    ] Total time for which application threads were stopped: 0.0000353 seconds, Stopping threads took: 0.0000118 seconds
[2022-06-16T19:52:51.073+0000][6420][safepoint    ] Application time: 0.0000355 seconds
[2022-06-16T19:52:51.073+0000][6420][safepoint    ] Entering safepoint region: RevokeBias
[2022-06-16T19:52:51.073+0000][6420][safepoint    ] Leaving safepoint region
[2022-06-16T19:52:51.073+0000][6420][safepoint    ] Total time for which application threads were stopped: 0.0000345 seconds, Stopping threads took: 0.0000113 seconds
[2022-06-16T19:52:51.074+0000][6420][safepoint    ] Application time: 0.0003891 seconds
[2022-06-16T19:52:51.074+0000][6420][safepoint    ] Entering safepoint region: RevokeBias
[2022-06-16T19:52:51.074+0000][6420][safepoint    ] Leaving safepoint region
[2022-06-16T19:52:51.074+0000][6420][safepoint    ] Total time for which application threads were stopped: 0.0000422 seconds, Stopping threads took: 0.0000130 seconds
[2022-06-16T19:52:51.074+0000][6420][safepoint    ] Application time: 0.0000413 seconds
[2022-06-16T19:52:51.074+0000][6420][safepoint    ] Entering safepoint region: BulkRevokeBias
[2022-06-16T19:52:51.074+0000][6420][safepoint    ] Leaving safepoint region
[2022-06-16T19:52:51.074+0000][6420][safepoint    ] Total time for which application threads were stopped: 0.0003568 seconds, Stopping threads took: 0.0000120 seconds
[2022-06-16T19:52:51.075+0000][6420][safepoint    ] Application time: 0.0007152 seconds
[2022-06-16T19:52:51.075+0000][6420][safepoint    ] Entering safepoint region: RevokeBias
[2022-06-16T19:52:51.075+0000][6420][safepoint    ] Leaving safepoint region
[2022-06-16T19:52:51.075+0000][6420][safepoint    ] Total time for which application threads were stopped: 0.0000605 seconds, Stopping threads took: 0.0000267 seconds
[2022-06-16T19:52:51.078+0000][6420][safepoint    ] Application time: 0.0028667 seconds
[2022-06-16T19:52:51.078+0000][6420][safepoint    ] Entering safepoint region: RevokeBias
[2022-06-16T19:52:51.078+0000][6420][safepoint    ] Leaving safepoint region
[2022-06-16T19:52:51.078+0000][6420][safepoint    ] Total time for which application threads were stopped: 0.0000645 seconds, Stopping threads took: 0.0000270 seconds
[2022-06-16T19:52:51.079+0000][6420][safepoint    ] Application time: 0.0014483 seconds
[2022-06-16T19:52:51.079+0000][6420][safepoint    ] Entering safepoint region: RevokeBias
[2022-06-16T19:52:51.080+0000][6420][safepoint    ] Leaving safepoint region
[2022-06-16T19:52:51.080+0000][6420][safepoint    ] Total time for which application threads were stopped: 0.0000667 seconds, Stopping threads took: 0.0000130 seconds
[2022-06-16T19:52:51.080+0000][6420][safepoint    ] Application time: 0.0000301 seconds
[2022-06-16T19:52:51.080+0000][6420][safepoint    ] Entering safepoint region: RevokeBias
[2022-06-16T19:52:51.080+0000][6420][safepoint    ] Leaving safepoint region
[2022-06-16T19:52:51.080+0000][6420][safepoint    ] Total time for which application threads were stopped: 0.0000363 seconds, Stopping threads took: 0.0000114 seconds
[2022-06-16T19:52:51.080+0000][6420][safepoint    ] Application time: 0.0002048 seconds
[2022-06-16T19:52:51.080+0000][6420][safepoint    ] Entering safepoint region: RevokeBias
[2022-06-16T19:52:51.080+0000][6420][safepoint    ] Leaving safepoint region
[2022-06-16T19:52:51.080+0000][6420][safepoint    ] Total time for which application threads were stopped: 0.0000397 seconds, Stopping threads took: 0.0000118 seconds
[2022-06-16T19:52:51.080+0000][6420][safepoint    ] Application time: 0.0000388 seconds
[2022-06-16T19:52:51.080+0000][6420][safepoint    ] Entering safepoint region: RevokeBias
[2022-06-16T19:52:51.080+0000][6420][safepoint    ] Leaving safepoint region
[2022-06-16T19:52:51.080+0000][6420][safepoint    ] Total time for which application threads were stopped: 0.0000351 seconds, Stopping threads took: 0.0000114 seconds
[2022-06-16T19:52:51.080+0000][6420][safepoint    ] Application time: 0.0001313 seconds
[2022-06-16T19:52:51.080+0000][6420][safepoint    ] Entering safepoint region: RevokeBias
[2022-06-16T19:52:51.080+0000][6420][safepoint    ] Leaving safepoint region
[2022-06-16T19:52:51.080+0000][6420][safepoint    ] Total time for which application threads were stopped: 0.0000409 seconds, Stopping threads took: 0.0000114 seconds
[2022-06-16T19:52:51.080+0000][6420][safepoint    ] Application time: 0.0002747 seconds
[2022-06-16T19:52:51.081+0000][6420][safepoint    ] Entering safepoint region: RevokeBias
[2022-06-16T19:52:51.081+0000][6420][safepoint    ] Leaving safepoint region
[2022-06-16T19:52:51.081+0000][6420][safepoint    ] Total time for which application threads were stopped: 0.0000503 seconds, Stopping threads took: 0.0000210 seconds
[2022-06-16T19:52:51.081+0000][6420][safepoint    ] Application time: 0.0000473 seconds
[2022-06-16T19:52:51.081+0000][6420][safepoint    ] Entering safepoint region: RevokeBias
[2022-06-16T19:52:51.081+0000][6420][safepoint    ] Leaving safepoint region
[2022-06-16T19:52:51.081+0000][6420][safepoint    ] Total time for which application threads were stopped: 0.0000376 seconds, Stopping threads took: 0.0000112 seconds
[2022-06-16T19:52:51.081+0000][6420][safepoint    ] Application time: 0.0000405 seconds
[2022-06-16T19:52:51.081+0000][6420][safepoint    ] Entering safepoint region: RevokeBias
[2022-06-16T19:52:51.081+0000][6420][safepoint    ] Leaving safepoint region
[2022-06-16T19:52:51.081+0000][6420][safepoint    ] Total time for which application threads were stopped: 0.0000409 seconds, Stopping threads took: 0.0000150 seconds
[2022-06-16T19:52:51.081+0000][6420][safepoint    ] Application time: 0.0000341 seconds
[2022-06-16T19:52:51.081+0000][6420][safepoint    ] Entering safepoint region: RevokeBias
[2022-06-16T19:52:51.081+0000][6420][safepoint    ] Leaving safepoint region
[2022-06-16T19:52:51.081+0000][6420][safepoint    ] Total time for which application threads were stopped: 0.0000367 seconds, Stopping threads took: 0.0000108 seconds
[2022-06-16T19:52:51.081+0000][6420][safepoint    ] Application time: 0.0001042 seconds
[2022-06-16T19:52:51.081+0000][6420][safepoint    ] Entering safepoint region: RevokeBias
[2022-06-16T19:52:51.081+0000][6420][safepoint    ] Leaving safepoint region
[2022-06-16T19:52:51.081+0000][6420][safepoint    ] Total time for which application threads were stopped: 0.0000353 seconds, Stopping threads took: 0.0000113 seconds
[2022-06-16T19:52:51.081+0000][6420][safepoint    ] Application time: 0.0000313 seconds
[2022-06-16T19:52:51.081+0000][6420][safepoint    ] Entering safepoint region: RevokeBias
[2022-06-16T19:52:51.081+0000][6420][safepoint    ] Leaving safepoint region
[2022-06-16T19:52:51.081+0000][6420][safepoint    ] Total time for which application threads were stopped: 0.0000332 seconds, Stopping threads took: 0.0000110 seconds
[2022-06-16T19:52:51.086+0000][6420][safepoint    ] Application time: 0.0051910 seconds
[2022-06-16T19:52:51.087+0000][6420][safepoint    ] Entering safepoint region: RevokeBias
[2022-06-16T19:52:51.087+0000][6420][safepoint    ] Leaving safepoint region
[2022-06-16T19:52:51.087+0000][6420][safepoint    ] Total time for which application threads were stopped: 0.0002298 seconds, Stopping threads took: 0.0001891 seconds
[2022-06-16T19:52:51.087+0000][6420][safepoint    ] Application time: 0.0004519 seconds
[2022-06-16T19:52:51.087+0000][6420][safepoint    ] Entering safepoint region: RevokeBias
[2022-06-16T19:52:51.087+0000][6420][safepoint    ] Leaving safepoint region
[2022-06-16T19:52:51.087+0000][6420][safepoint    ] Total time for which application threads were stopped: 0.0001090 seconds, Stopping threads took: 0.0000750 seconds
[2022-06-16T19:52:51.087+0000][6420][safepoint    ] Application time: 0.0000497 seconds
[2022-06-16T19:52:51.087+0000][6420][safepoint    ] Entering safepoint region: RevokeBias
[2022-06-16T19:52:51.087+0000][6420][safepoint    ] Leaving safepoint region
[2022-06-16T19:52:51.087+0000][6420][safepoint    ] Total time for which application threads were stopped: 0.0000552 seconds, Stopping threads took: 0.0000301 seconds
[2022-06-16T19:52:51.088+0000][6420][safepoint    ] Application time: 0.0001020 seconds
[2022-06-16T19:52:51.088+0000][6420][safepoint    ] Entering safepoint region: RevokeBias
[2022-06-16T19:52:51.088+0000][6420][safepoint    ] Leaving safepoint region
[2022-06-16T19:52:51.088+0000][6420][safepoint    ] Total time for which application threads were stopped: 0.0000719 seconds, Stopping threads took: 0.0000180 seconds
[2022-06-16T19:52:51.088+0000][6420][safepoint    ] Application time: 0.0005929 seconds
[2022-06-16T19:52:51.088+0000][6420][safepoint    ] Entering safepoint region: RevokeBias
[2022-06-16T19:52:51.088+0000][6420][safepoint    ] Leaving safepoint region
[2022-06-16T19:52:51.088+0000][6420][safepoint    ] Total time for which application threads were stopped: 0.0001083 seconds, Stopping threads took: 0.0000240 seconds
[2022-06-16T19:52:51.088+0000][6420][safepoint    ] Application time: 0.0000156 seconds
[2022-06-16T19:52:51.088+0000][6420][safepoint    ] Entering safepoint region: RevokeBias
[2022-06-16T19:52:51.088+0000][6420][safepoint    ] Leaving safepoint region
[2022-06-16T19:52:51.088+0000][6420][safepoint    ] Total time for which application threads were stopped: 0.0000721 seconds, Stopping threads took: 0.0000202 seconds
[2022-06-16T19:52:51.089+0000][6420][safepoint    ] Application time: 0.0000409 seconds
[2022-06-16T19:52:51.089+0000][6420][safepoint    ] Entering safepoint region: RevokeBias
[2022-06-16T19:52:51.089+0000][6420][safepoint    ] Leaving safepoint region
[2022-06-16T19:52:51.089+0000][6420][safepoint    ] Total time for which application threads were stopped: 0.0000641 seconds, Stopping threads took: 0.0000205 seconds
[2022-06-16T19:52:51.089+0000][6420][safepoint    ] Application time: 0.0000436 seconds
[2022-06-16T19:52:51.089+0000][6420][safepoint    ] Entering safepoint region: RevokeBias
[2022-06-16T19:52:51.089+0000][6420][safepoint    ] Leaving safepoint region
[2022-06-16T19:52:51.089+0000][6420][safepoint    ] Total time for which application threads were stopped: 0.0000596 seconds, Stopping threads took: 0.0000195 seconds
[2022-06-16T19:52:51.089+0000][6420][safepoint    ] Application time: 0.0000210 seconds
[2022-06-16T19:52:51.089+0000][6420][safepoint    ] Entering safepoint region: RevokeBias
[2022-06-16T19:52:51.089+0000][6420][safepoint    ] Leaving safepoint region
[2022-06-16T19:52:51.089+0000][6420][safepoint    ] Total time for which application threads were stopped: 0.0000573 seconds, Stopping threads took: 0.0000193 seconds
[2022-06-16T19:52:51.089+0000][6420][safepoint    ] Application time: 0.0000148 seconds
[2022-06-16T19:52:51.089+0000][6420][safepoint    ] Entering safepoint region: RevokeBias
[2022-06-16T19:52:51.089+0000][6420][safepoint    ] Leaving safepoint region
[2022-06-16T19:52:51.089+0000][6420][safepoint    ] Total time for which application threads were stopped: 0.0000560 seconds, Stopping threads took: 0.0000191 seconds
[2022-06-16T19:52:51.089+0000][6420][safepoint    ] Application time: 0.0003042 seconds
[2022-06-16T19:52:51.089+0000][6420][safepoint    ] Entering safepoint region: RevokeBias
[2022-06-16T19:52:51.089+0000][6420][safepoint    ] Leaving safepoint region
[2022-06-16T19:52:51.089+0000][6420][safepoint    ] Total time for which application threads were stopped: 0.0000688 seconds, Stopping threads took: 0.0000222 seconds
[2022-06-16T19:52:51.090+0000][6420][safepoint    ] Application time: 0.0002470 seconds
[2022-06-16T19:52:51.090+0000][6420][safepoint    ] Entering safepoint region: RevokeBias
[2022-06-16T19:52:51.090+0000][6420][safepoint    ] Leaving safepoint region
[2022-06-16T19:52:51.090+0000][6420][safepoint    ] Total time for which application threads were stopped: 0.0000709 seconds, Stopping threads took: 0.0000227 seconds
[2022-06-16T19:52:51.090+0000][6420][safepoint    ] Application time: 0.0000161 seconds
[2022-06-16T19:52:51.090+0000][6420][safepoint    ] Entering safepoint region: RevokeBias
[2022-06-16T19:52:51.090+0000][6420][safepoint    ] Leaving safepoint region
[2022-06-16T19:52:51.090+0000][6420][safepoint    ] Total time for which application threads were stopped: 0.0000574 seconds, Stopping threads took: 0.0000184 seconds
[2022-06-16T19:52:51.090+0000][6420][safepoint    ] Application time: 0.0000344 seconds
[2022-06-16T19:52:51.090+0000][6420][safepoint    ] Entering safepoint region: RevokeBias
[2022-06-16T19:52:51.090+0000][6420][safepoint    ] Leaving safepoint region
[2022-06-16T19:52:51.090+0000][6420][safepoint    ] Total time for which application threads were stopped: 0.0000579 seconds, Stopping threads took: 0.0000198 seconds
[2022-06-16T19:52:51.090+0000][6420][safepoint    ] Application time: 0.0000131 seconds
[2022-06-16T19:52:51.090+0000][6420][safepoint    ] Entering safepoint region: RevokeBias
[2022-06-16T19:52:51.090+0000][6420][safepoint    ] Leaving safepoint region
[2022-06-16T19:52:51.090+0000][6420][safepoint    ] Total time for which application threads were stopped: 0.0000564 seconds, Stopping threads took: 0.0000189 seconds
[2022-06-16T19:52:51.090+0000][6420][safepoint    ] Application time: 0.0003136 seconds
[2022-06-16T19:52:51.090+0000][6420][safepoint    ] Entering safepoint region: RevokeBias
[2022-06-16T19:52:51.091+0000][6420][safepoint    ] Leaving safepoint region
[2022-06-16T19:52:51.091+0000][6420][safepoint    ] Total time for which application threads were stopped: 0.0000895 seconds, Stopping threads took: 0.0000361 seconds
[2022-06-16T19:52:51.091+0000][6420][safepoint    ] Application time: 0.0000138 seconds
[2022-06-16T19:52:51.091+0000][6420][safepoint    ] Entering safepoint region: RevokeBias
[2022-06-16T19:52:51.091+0000][6420][safepoint    ] Leaving safepoint region
[2022-06-16T19:52:51.091+0000][6420][safepoint    ] Total time for which application threads were stopped: 0.0000556 seconds, Stopping threads took: 0.0000185 seconds
[2022-06-16T19:52:51.091+0000][6420][safepoint    ] Application time: 0.0000140 seconds
[2022-06-16T19:52:51.091+0000][6420][safepoint    ] Entering safepoint region: RevokeBias
[2022-06-16T19:52:51.091+0000][6420][safepoint    ] Leaving safepoint region
[2022-06-16T19:52:51.091+0000][6420][safepoint    ] Total time for which application threads were stopped: 0.0000552 seconds, Stopping threads took: 0.0000185 seconds
[2022-06-16T19:52:51.091+0000][6420][safepoint    ] Application time: 0.0000327 seconds
[2022-06-16T19:52:51.091+0000][6420][safepoint    ] Entering safepoint region: RevokeBias
[2022-06-16T19:52:51.091+0000][6420][safepoint    ] Leaving safepoint region
[2022-06-16T19:52:51.091+0000][6420][safepoint    ] Total time for which application threads were stopped: 0.0000550 seconds, Stopping threads took: 0.0000184 seconds
[2022-06-16T19:52:51.091+0000][6420][safepoint    ] Application time: 0.0001764 seconds
[2022-06-16T19:52:51.091+0000][6420][safepoint    ] Entering safepoint region: RevokeBias
[2022-06-16T19:52:51.091+0000][6420][safepoint    ] Leaving safepoint region
[2022-06-16T19:52:51.091+0000][6420][safepoint    ] Total time for which application threads were stopped: 0.0000671 seconds, Stopping threads took: 0.0000218 seconds
[2022-06-16T19:52:51.091+0000][6420][safepoint    ] Application time: 0.0002270 seconds
[2022-06-16T19:52:51.091+0000][6420][safepoint    ] Entering safepoint region: RevokeBias
[2022-06-16T19:52:51.092+0000][6420][safepoint    ] Leaving safepoint region
[2022-06-16T19:52:51.092+0000][6420][safepoint    ] Total time for which application threads were stopped: 0.0000967 seconds, Stopping threads took: 0.0000215 seconds
[2022-06-16T19:52:51.092+0000][6420][safepoint    ] Application time: 0.0000238 seconds
[2022-06-16T19:52:51.092+0000][6420][safepoint    ] Entering safepoint region: RevokeBias
[2022-06-16T19:52:51.092+0000][6420][safepoint    ] Leaving safepoint region
[2022-06-16T19:52:51.092+0000][6420][safepoint    ] Total time for which application threads were stopped: 0.0000571 seconds, Stopping threads took: 0.0000191 seconds
[2022-06-16T19:52:51.092+0000][6420][safepoint    ] Application time: 0.0000131 seconds
[2022-06-16T19:52:51.092+0000][6420][safepoint    ] Entering safepoint region: RevokeBias
[2022-06-16T19:52:51.092+0000][6420][safepoint    ] Leaving safepoint region
[2022-06-16T19:52:51.092+0000][6420][safepoint    ] Total time for which application threads were stopped: 0.0000564 seconds, Stopping threads took: 0.0000192 seconds
[2022-06-16T19:52:51.092+0000][6420][safepoint    ] Application time: 0.0000122 seconds
[2022-06-16T19:52:51.092+0000][6420][safepoint    ] Entering safepoint region: RevokeBias
[2022-06-16T19:52:51.092+0000][6420][safepoint    ] Leaving safepoint region
[2022-06-16T19:52:51.092+0000][6420][safepoint    ] Total time for which application threads were stopped: 0.0000584 seconds, Stopping threads took: 0.0000195 seconds
[2022-06-16T19:52:51.093+0000][6420][safepoint    ] Application time: 0.0012279 seconds
[2022-06-16T19:52:51.093+0000][6420][safepoint    ] Entering safepoint region: RevokeBias
[2022-06-16T19:52:51.093+0000][6420][safepoint    ] Leaving safepoint region
[2022-06-16T19:52:51.093+0000][6420][safepoint    ] Total time for which application threads were stopped: 0.0001202 seconds, Stopping threads took: 0.0000708 seconds
[2022-06-16T19:52:51.094+0000][6420][safepoint    ] Application time: 0.0005478 seconds
[2022-06-16T19:52:51.094+0000][6420][safepoint    ] Entering safepoint region: RevokeBias
[2022-06-16T19:52:51.094+0000][6420][safepoint    ] Leaving safepoint region
[2022-06-16T19:52:51.094+0000][6420][safepoint    ] Total time for which application threads were stopped: 0.0001905 seconds, Stopping threads took: 0.0001346 seconds
[2022-06-16T19:52:51.094+0000][6420][safepoint    ] Application time: 0.0003114 seconds
[2022-06-16T19:52:51.094+0000][6420][safepoint    ] Entering safepoint region: RevokeBias
[2022-06-16T19:52:51.095+0000][6420][safepoint    ] Leaving safepoint region
[2022-06-16T19:52:51.095+0000][6420][safepoint    ] Total time for which application threads were stopped: 0.0001116 seconds, Stopping threads took: 0.0000536 seconds
[2022-06-16T19:52:51.095+0000][6420][safepoint    ] Application time: 0.0000457 seconds
[2022-06-16T19:52:51.095+0000][6420][safepoint    ] Entering safepoint region: RevokeBias
[2022-06-16T19:52:51.095+0000][6420][safepoint    ] Leaving safepoint region
[2022-06-16T19:52:51.095+0000][6420][safepoint    ] Total time for which application threads were stopped: 0.0000647 seconds, Stopping threads took: 0.0000223 seconds
[2022-06-16T19:52:51.095+0000][6420][safepoint    ] Application time: 0.0000996 seconds
[2022-06-16T19:52:51.095+0000][6420][safepoint    ] Entering safepoint region: RevokeBias
[2022-06-16T19:52:51.095+0000][6420][safepoint    ] Leaving safepoint region
[2022-06-16T19:52:51.095+0000][6420][safepoint    ] Total time for which application threads were stopped: 0.0000603 seconds, Stopping threads took: 0.0000204 seconds
[2022-06-16T19:52:51.095+0000][6420][safepoint    ] Application time: 0.0005061 seconds
[2022-06-16T19:52:51.095+0000][6420][safepoint    ] Entering safepoint region: RevokeBias
[2022-06-16T19:52:51.096+0000][6420][safepoint    ] Leaving safepoint region
[2022-06-16T19:52:51.096+0000][6420][safepoint    ] Total time for which application threads were stopped: 0.0001306 seconds, Stopping threads took: 0.0000678 seconds
[2022-06-16T19:52:51.096+0000][6420][safepoint    ] Application time: 0.0000467 seconds
[2022-06-16T19:52:51.096+0000][6420][safepoint    ] Entering safepoint region: RevokeBias
[2022-06-16T19:52:51.096+0000][6420][safepoint    ] Leaving safepoint region
[2022-06-16T19:52:51.096+0000][6420][safepoint    ] Total time for which application threads were stopped: 0.0000683 seconds, Stopping threads took: 0.0000292 seconds
[2022-06-16T19:52:51.096+0000][6420][safepoint    ] Application time: 0.0000441 seconds
[2022-06-16T19:52:51.096+0000][6420][safepoint    ] Entering safepoint region: RevokeBias
[2022-06-16T19:52:51.096+0000][6420][safepoint    ] Leaving safepoint region
[2022-06-16T19:52:51.096+0000][6420][safepoint    ] Total time for which application threads were stopped: 0.0000619 seconds, Stopping threads took: 0.0000226 seconds
[2022-06-16T19:52:51.096+0000][6420][safepoint    ] Application time: 0.0000539 seconds
[2022-06-16T19:52:51.096+0000][6420][safepoint    ] Entering safepoint region: RevokeBias
[2022-06-16T19:52:51.096+0000][6420][safepoint    ] Leaving safepoint region
[2022-06-16T19:52:51.096+0000][6420][safepoint    ] Total time for which application threads were stopped: 0.0001702 seconds, Stopping threads took: 0.0001217 seconds
[2022-06-16T19:52:51.096+0000][6420][safepoint    ] Application time: 0.0000292 seconds
[2022-06-16T19:52:51.096+0000][6420][safepoint    ] Entering safepoint region: RevokeBias
[2022-06-16T19:52:51.096+0000][6420][safepoint    ] Leaving safepoint region
[2022-06-16T19:52:51.096+0000][6420][safepoint    ] Total time for which application threads were stopped: 0.0000726 seconds, Stopping threads took: 0.0000300 seconds
[2022-06-16T19:52:51.096+0000][6420][safepoint    ] Application time: 0.0001075 seconds
[2022-06-16T19:52:51.096+0000][6420][safepoint    ] Entering safepoint region: RevokeBias
[2022-06-16T19:52:51.096+0000][6420][safepoint    ] Leaving safepoint region
[2022-06-16T19:52:51.096+0000][6420][safepoint    ] Total time for which application threads were stopped: 0.0000960 seconds, Stopping threads took: 0.0000486 seconds
[2022-06-16T19:52:51.097+0000][6420][safepoint    ] Application time: 0.0000249 seconds
[2022-06-16T19:52:51.097+0000][6420][safepoint    ] Entering safepoint region: RevokeBias
[2022-06-16T19:52:51.097+0000][6420][safepoint    ] Leaving safepoint region
[2022-06-16T19:52:51.097+0000][6420][safepoint    ] Total time for which application threads were stopped: 0.0000702 seconds, Stopping threads took: 0.0000287 seconds
[2022-06-16T19:52:51.097+0000][6420][safepoint    ] Application time: 0.0003070 seconds
[2022-06-16T19:52:51.097+0000][6420][safepoint    ] Entering safepoint region: RevokeBias
[2022-06-16T19:52:51.097+0000][6420][safepoint    ] Leaving safepoint region
[2022-06-16T19:52:51.097+0000][6420][safepoint    ] Total time for which application threads were stopped: 0.0001892 seconds, Stopping threads took: 0.0001414 seconds
[2022-06-16T19:52:51.097+0000][6420][safepoint    ] Application time: 0.0000899 seconds
[2022-06-16T19:52:51.098+0000][6420][safepoint    ] Entering safepoint region: RevokeBias
[2022-06-16T19:52:51.098+0000][6420][safepoint    ] Leaving safepoint region
[2022-06-16T19:52:51.098+0000][6420][safepoint    ] Total time for which application threads were stopped: 0.0006926 seconds, Stopping threads took: 0.0006401 seconds
[2022-06-16T19:52:51.098+0000][6420][safepoint    ] Application time: 0.0000720 seconds
[2022-06-16T19:52:51.098+0000][6420][safepoint    ] Entering safepoint region: RevokeBias
[2022-06-16T19:52:51.098+0000][6420][safepoint    ] Leaving safepoint region
[2022-06-16T19:52:51.098+0000][6420][safepoint    ] Total time for which application threads were stopped: 0.0000667 seconds, Stopping threads took: 0.0000208 seconds
[2022-06-16T19:52:51.098+0000][6420][safepoint    ] Application time: 0.0000270 seconds
[2022-06-16T19:52:51.098+0000][6420][safepoint    ] Entering safepoint region: RevokeBias
[2022-06-16T19:52:51.098+0000][6420][safepoint    ] Leaving safepoint region
[2022-06-16T19:52:51.098+0000][6420][safepoint    ] Total time for which application threads were stopped: 0.0000635 seconds, Stopping threads took: 0.0000201 seconds
[2022-06-16T19:52:51.098+0000][6420][safepoint    ] Application time: 0.0000723 seconds
[2022-06-16T19:52:51.098+0000][6420][safepoint    ] Entering safepoint region: RevokeBias
[2022-06-16T19:52:51.098+0000][6420][safepoint    ] Leaving safepoint region
[2022-06-16T19:52:51.098+0000][6420][safepoint    ] Total time for which application threads were stopped: 0.0000686 seconds, Stopping threads took: 0.0000274 seconds
[2022-06-16T19:52:51.099+0000][6420][safepoint    ] Application time: 0.0000669 seconds
[2022-06-16T19:52:51.099+0000][6420][safepoint    ] Entering safepoint region: RevokeBias
[2022-06-16T19:52:51.099+0000][6420][safepoint    ] Leaving safepoint region
[2022-06-16T19:52:51.099+0000][6420][safepoint    ] Total time for which application threads were stopped: 0.0000583 seconds, Stopping threads took: 0.0000297 seconds
[2022-06-16T19:52:51.099+0000][6420][safepoint    ] Application time: 0.0000380 seconds
[2022-06-16T19:52:51.099+0000][6420][safepoint    ] Entering safepoint region: RevokeBias
[2022-06-16T19:52:51.099+0000][6420][safepoint    ] Leaving safepoint region
[2022-06-16T19:52:51.099+0000][6420][safepoint    ] Total time for which application threads were stopped: 0.0000577 seconds, Stopping threads took: 0.0000158 seconds
[2022-06-16T19:52:51.099+0000][6420][safepoint    ] Application time: 0.0000228 seconds
[2022-06-16T19:52:51.099+0000][6420][safepoint    ] Entering safepoint region: RevokeBias
[2022-06-16T19:52:51.099+0000][6420][safepoint    ] Leaving safepoint region
[2022-06-16T19:52:51.099+0000][6420][safepoint    ] Total time for which application threads were stopped: 0.0000534 seconds, Stopping threads took: 0.0000157 seconds
[2022-06-16T19:52:51.099+0000][6420][safepoint    ] Application time: 0.0000064 seconds
[2022-06-16T19:52:51.099+0000][6420][safepoint    ] Entering safepoint region: RevokeBias
[2022-06-16T19:52:51.099+0000][6420][safepoint    ] Leaving safepoint region
[2022-06-16T19:52:51.099+0000][6420][safepoint    ] Total time for which application threads were stopped: 0.0000813 seconds, Stopping threads took: 0.0000350 seconds
[2022-06-16T19:52:51.099+0000][6420][safepoint    ] Application time: 0.0000318 seconds
[2022-06-16T19:52:51.099+0000][6420][safepoint    ] Entering safepoint region: RevokeBias
[2022-06-16T19:52:51.099+0000][6420][safepoint    ] Leaving safepoint region
[2022-06-16T19:52:51.099+0000][6420][safepoint    ] Total time for which application threads were stopped: 0.0000561 seconds, Stopping threads took: 0.0000159 seconds
[2022-06-16T19:52:51.099+0000][6420][safepoint    ] Application time: 0.0000181 seconds
[2022-06-16T19:52:51.099+0000][6420][safepoint    ] Entering safepoint region: RevokeBias
[2022-06-16T19:52:51.099+0000][6420][safepoint    ] Leaving safepoint region
[2022-06-16T19:52:51.099+0000][6420][safepoint    ] Total time for which application threads were stopped: 0.0000569 seconds, Stopping threads took: 0.0000276 seconds
[2022-06-16T19:52:51.099+0000][6420][safepoint    ] Application time: 0.0000324 seconds
[2022-06-16T19:52:51.099+0000][6420][safepoint    ] Entering safepoint region: RevokeBias
[2022-06-16T19:52:51.099+0000][6420][safepoint    ] Leaving safepoint region
[2022-06-16T19:52:51.099+0000][6420][safepoint    ] Total time for which application threads were stopped: 0.0000568 seconds, Stopping threads took: 0.0000164 seconds
[2022-06-16T19:52:51.099+0000][6420][safepoint    ] Application time: 0.0000226 seconds
[2022-06-16T19:52:51.099+0000][6420][safepoint    ] Entering safepoint region: RevokeBias
[2022-06-16T19:52:51.099+0000][6420][safepoint    ] Leaving safepoint region
[2022-06-16T19:52:51.099+0000][6420][safepoint    ] Total time for which application threads were stopped: 0.0000898 seconds, Stopping threads took: 0.0000436 seconds
[2022-06-16T19:52:51.100+0000][6420][safepoint    ] Application time: 0.0000201 seconds
[2022-06-16T19:52:51.100+0000][6420][safepoint    ] Entering safepoint region: RevokeBias
[2022-06-16T19:52:51.100+0000][6420][safepoint    ] Leaving safepoint region
[2022-06-16T19:52:51.100+0000][6420][safepoint    ] Total time for which application threads were stopped: 0.0000538 seconds, Stopping threads took: 0.0000195 seconds
[2022-06-16T19:52:51.100+0000][6420][safepoint    ] Application time: 0.0000183 seconds
[2022-06-16T19:52:51.100+0000][6420][safepoint    ] Entering safepoint region: RevokeBias
[2022-06-16T19:52:51.100+0000][6420][safepoint    ] Leaving safepoint region
[2022-06-16T19:52:51.100+0000][6420][safepoint    ] Total time for which application threads were stopped: 0.0000700 seconds, Stopping threads took: 0.0000241 seconds
[2022-06-16T19:52:51.100+0000][6420][safepoint    ] Application time: 0.0000266 seconds
[2022-06-16T19:52:51.100+0000][6420][safepoint    ] Entering safepoint region: RevokeBias
[2022-06-16T19:52:51.100+0000][6420][safepoint    ] Leaving safepoint region
[2022-06-16T19:52:51.100+0000][6420][safepoint    ] Total time for which application threads were stopped: 0.0000694 seconds, Stopping threads took: 0.0000285 seconds
[2022-06-16T19:52:51.100+0000][6420][safepoint    ] Application time: 0.0000252 seconds
[2022-06-16T19:52:51.100+0000][6420][safepoint    ] Entering safepoint region: RevokeBias
[2022-06-16T19:52:51.100+0000][6420][safepoint    ] Leaving safepoint region
[2022-06-16T19:52:51.100+0000][6420][safepoint    ] Total time for which application threads were stopped: 0.0000632 seconds, Stopping threads took: 0.0000249 seconds
[2022-06-16T19:52:51.100+0000][6420][safepoint    ] Application time: 0.0000103 seconds
[2022-06-16T19:52:51.100+0000][6420][safepoint    ] Entering safepoint region: RevokeBias
[2022-06-16T19:52:51.100+0000][6420][safepoint    ] Leaving safepoint region
[2022-06-16T19:52:51.100+0000][6420][safepoint    ] Total time for which application threads were stopped: 0.0000523 seconds, Stopping threads took: 0.0000186 seconds
[2022-06-16T19:52:51.100+0000][6420][safepoint    ] Application time: 0.0000181 seconds
[2022-06-16T19:52:51.100+0000][6420][safepoint    ] Entering safepoint region: RevokeBias
[2022-06-16T19:52:51.100+0000][6420][safepoint    ] Leaving safepoint region
[2022-06-16T19:52:51.100+0000][6420][safepoint    ] Total time for which application threads were stopped: 0.0000550 seconds, Stopping threads took: 0.0000207 seconds
[2022-06-16T19:52:51.100+0000][6420][safepoint    ] Application time: 0.0000374 seconds
[2022-06-16T19:52:51.100+0000][6420][safepoint    ] Entering safepoint region: RevokeBias
[2022-06-16T19:52:51.100+0000][6420][safepoint    ] Leaving safepoint region
[2022-06-16T19:52:51.100+0000][6420][safepoint    ] Total time for which application threads were stopped: 0.0000569 seconds, Stopping threads took: 0.0000307 seconds
[2022-06-16T19:52:51.100+0000][6420][safepoint    ] Application time: 0.0001225 seconds
[2022-06-16T19:52:51.100+0000][6420][safepoint    ] Entering safepoint region: RevokeBias
[2022-06-16T19:52:51.101+0000][6420][safepoint    ] Leaving safepoint region
[2022-06-16T19:52:51.101+0000][6420][safepoint    ] Total time for which application threads were stopped: 0.0000669 seconds, Stopping threads took: 0.0000153 seconds
[2022-06-16T19:52:51.101+0000][6420][safepoint    ] Application time: 0.0005117 seconds
[2022-06-16T19:52:51.101+0000][6420][safepoint    ] Entering safepoint region: RevokeBias
[2022-06-16T19:52:51.101+0000][6420][safepoint    ] Leaving safepoint region
[2022-06-16T19:52:51.101+0000][6420][safepoint    ] Total time for which application threads were stopped: 0.0000678 seconds, Stopping threads took: 0.0000204 seconds
[2022-06-16T19:52:51.101+0000][6420][safepoint    ] Application time: 0.0000935 seconds
[2022-06-16T19:52:51.101+0000][6420][safepoint    ] Entering safepoint region: RevokeBias
[2022-06-16T19:52:51.101+0000][6420][safepoint    ] Leaving safepoint region
[2022-06-16T19:52:51.101+0000][6420][safepoint    ] Total time for which application threads were stopped: 0.0001214 seconds, Stopping threads took: 0.0000717 seconds
[2022-06-16T19:52:51.101+0000][6420][safepoint    ] Application time: 0.0000466 seconds
[2022-06-16T19:52:51.101+0000][6420][safepoint    ] Entering safepoint region: RevokeBias
[2022-06-16T19:52:51.102+0000][6420][safepoint    ] Leaving safepoint region
[2022-06-16T19:52:51.102+0000][6420][safepoint    ] Total time for which application threads were stopped: 0.0000660 seconds, Stopping threads took: 0.0000280 seconds
[2022-06-16T19:52:51.103+0000][6420][safepoint    ] Application time: 0.0015959 seconds
[2022-06-16T19:52:51.103+0000][6420][safepoint    ] Entering safepoint region: RevokeBias
[2022-06-16T19:52:51.103+0000][6420][safepoint    ] Leaving safepoint region
[2022-06-16T19:52:51.103+0000][6420][safepoint    ] Total time for which application threads were stopped: 0.0000793 seconds, Stopping threads took: 0.0000228 seconds
[2022-06-16T19:52:51.103+0000][6420][safepoint    ] Application time: 0.0000353 seconds
[2022-06-16T19:52:51.103+0000][6420][safepoint    ] Entering safepoint region: RevokeBias
[2022-06-16T19:52:51.103+0000][6420][safepoint    ] Leaving safepoint region
[2022-06-16T19:52:51.103+0000][6420][safepoint    ] Total time for which application threads were stopped: 0.0000781 seconds, Stopping threads took: 0.0000331 seconds
[2022-06-16T19:52:51.104+0000][6420][safepoint    ] Application time: 0.0009918 seconds
[2022-06-16T19:52:51.104+0000][6420][safepoint    ] Entering safepoint region: RevokeBias
[2022-06-16T19:52:51.105+0000][6420][safepoint    ] Leaving safepoint region
[2022-06-16T19:52:51.105+0000][6420][safepoint    ] Total time for which application threads were stopped: 0.0001463 seconds, Stopping threads took: 0.0000509 seconds
[2022-06-16T19:52:51.105+0000][6420][safepoint    ] Application time: 0.0001259 seconds
[2022-06-16T19:52:51.105+0000][6420][safepoint    ] Entering safepoint region: RevokeBias
[2022-06-16T19:52:51.105+0000][6420][safepoint    ] Leaving safepoint region
[2022-06-16T19:52:51.105+0000][6420][safepoint    ] Total time for which application threads were stopped: 0.0000945 seconds, Stopping threads took: 0.0000191 seconds
[2022-06-16T19:52:51.105+0000][6420][safepoint    ] Application time: 0.0001683 seconds
[2022-06-16T19:52:51.105+0000][6420][safepoint    ] Entering safepoint region: RevokeBias
[2022-06-16T19:52:51.105+0000][6420][safepoint    ] Leaving safepoint region
[2022-06-16T19:52:51.105+0000][6420][safepoint    ] Total time for which application threads were stopped: 0.0000844 seconds, Stopping threads took: 0.0000168 seconds
[2022-06-16T19:52:51.112+0000][6420][safepoint    ] Application time: 0.0069417 seconds
[2022-06-16T19:52:51.112+0000][6420][safepoint    ] Entering safepoint region: RevokeBias
[2022-06-16T19:52:51.112+0000][6420][safepoint    ] Leaving safepoint region
[2022-06-16T19:52:51.112+0000][6420][safepoint    ] Total time for which application threads were stopped: 0.0000912 seconds, Stopping threads took: 0.0000286 seconds
[2022-06-16T19:52:51.112+0000][6420][safepoint    ] Application time: 0.0000453 seconds
[2022-06-16T19:52:51.112+0000][6420][safepoint    ] Entering safepoint region: RevokeBias
[2022-06-16T19:52:51.112+0000][6420][safepoint    ] Leaving safepoint region
[2022-06-16T19:52:51.112+0000][6420][safepoint    ] Total time for which application threads were stopped: 0.0000553 seconds, Stopping threads took: 0.0000181 seconds
[2022-06-16T19:52:51.112+0000][6420][safepoint    ] Application time: 0.0000386 seconds
[2022-06-16T19:52:51.112+0000][6420][safepoint    ] Entering safepoint region: RevokeBias
[2022-06-16T19:52:51.113+0000][6420][safepoint    ] Leaving safepoint region
[2022-06-16T19:52:51.113+0000][6420][safepoint    ] Total time for which application threads were stopped: 0.0000765 seconds, Stopping threads took: 0.0000411 seconds
[2022-06-16T19:52:51.113+0000][6420][safepoint    ] Application time: 0.0000809 seconds
[2022-06-16T19:52:51.113+0000][6420][safepoint    ] Entering safepoint region: RevokeBias
[2022-06-16T19:52:51.113+0000][6420][safepoint    ] Leaving safepoint region
[2022-06-16T19:52:51.113+0000][6420][safepoint    ] Total time for which application threads were stopped: 0.0000600 seconds, Stopping threads took: 0.0000322 seconds
[2022-06-16T19:52:51.113+0000][6420][safepoint    ] Application time: 0.0005098 seconds
[2022-06-16T19:52:51.113+0000][6420][safepoint    ] Entering safepoint region: RevokeBias
[2022-06-16T19:52:51.113+0000][6420][safepoint    ] Leaving safepoint region
[2022-06-16T19:52:51.113+0000][6420][safepoint    ] Total time for which application threads were stopped: 0.0000619 seconds, Stopping threads took: 0.0000288 seconds
[2022-06-16T19:52:51.114+0000][6420][safepoint    ] Application time: 0.0006110 seconds
[2022-06-16T19:52:51.114+0000][6420][safepoint    ] Entering safepoint region: RevokeBias
[2022-06-16T19:52:51.114+0000][6420][safepoint    ] Leaving safepoint region
[2022-06-16T19:52:51.114+0000][6420][safepoint    ] Total time for which application threads were stopped: 0.0000738 seconds, Stopping threads took: 0.0000244 seconds
[2022-06-16T19:52:51.114+0000][6420][safepoint    ] Application time: 0.0003499 seconds
[2022-06-16T19:52:51.114+0000][6420][safepoint    ] Entering safepoint region: RevokeBias
[2022-06-16T19:52:51.115+0000][6420][safepoint    ] Leaving safepoint region
[2022-06-16T19:52:51.115+0000][6420][safepoint    ] Total time for which application threads were stopped: 0.0000829 seconds, Stopping threads took: 0.0000377 seconds
[2022-06-16T19:52:51.119+0000][6420][safepoint    ] Application time: 0.0040716 seconds
[2022-06-16T19:52:51.119+0000][6420][safepoint    ] Entering safepoint region: RevokeBias
[2022-06-16T19:52:51.119+0000][6420][safepoint    ] Leaving safepoint region
[2022-06-16T19:52:51.119+0000][6420][safepoint    ] Total time for which application threads were stopped: 0.0000656 seconds, Stopping threads took: 0.0000244 seconds
[2022-06-16T19:52:51.119+0000][6420][safepoint    ] Application time: 0.0000258 seconds
[2022-06-16T19:52:51.119+0000][6420][safepoint    ] Entering safepoint region: RevokeBias
[2022-06-16T19:52:51.119+0000][6420][safepoint    ] Leaving safepoint region
[2022-06-16T19:52:51.119+0000][6420][safepoint    ] Total time for which application threads were stopped: 0.0000653 seconds, Stopping threads took: 0.0000260 seconds
[2022-06-16T19:52:51.119+0000][6420][safepoint    ] Application time: 0.0002708 seconds
[2022-06-16T19:52:51.119+0000][6420][safepoint    ] Entering safepoint region: RevokeBias
[2022-06-16T19:52:51.119+0000][6420][safepoint    ] Leaving safepoint region
[2022-06-16T19:52:51.119+0000][6420][safepoint    ] Total time for which application threads were stopped: 0.0000651 seconds, Stopping threads took: 0.0000238 seconds
[2022-06-16T19:52:51.120+0000][6420][safepoint    ] Application time: 0.0007503 seconds
[2022-06-16T19:52:51.120+0000][6420][safepoint    ] Entering safepoint region: RevokeBias
[2022-06-16T19:52:51.120+0000][6420][safepoint    ] Leaving safepoint region
[2022-06-16T19:52:51.120+0000][6420][safepoint    ] Total time for which application threads were stopped: 0.0001774 seconds, Stopping threads took: 0.0001406 seconds
