[2022-06-16T20:03:27.207+0000][7212][gc] Using Concurrent Mark Sweep
[2022-06-16T20:03:27.207+0000][7212][gc,heap,coops] Heap address: 0x00000000c0000000, size: 1024 MB, Compressed Oops mode: 32-bit
[2022-06-16T20:03:27.362+0000][7212][safepoint    ] Entering safepoint region: EnableBiasedLocking
[2022-06-16T20:03:27.362+0000][7212][safepoint    ] Leaving safepoint region
[2022-06-16T20:03:27.362+0000][7212][safepoint    ] Total time for which application threads were stopped: 0.0037278 seconds, Stopping threads took: 0.0036468 seconds
[2022-06-16T20:03:27.534+0000][7212][safepoint    ] Application time: 0.1645067 seconds
[2022-06-16T20:03:27.534+0000][7212][safepoint    ] Entering safepoint region: RevokeBias
[2022-06-16T20:03:27.534+0000][7212][safepoint    ] Leaving safepoint region
[2022-06-16T20:03:27.534+0000][7212][safepoint    ] Total time for which application threads were stopped: 0.0004001 seconds, Stopping threads took: 0.0000449 seconds
[2022-06-16T20:03:27.581+0000][7212][safepoint    ] Application time: 0.0452348 seconds
[2022-06-16T20:03:27.581+0000][7212][safepoint    ] Entering safepoint region: Deoptimize
[2022-06-16T20:03:27.581+0000][7212][safepoint    ] Leaving safepoint region
[2022-06-16T20:03:27.581+0000][7212][safepoint    ] Total time for which application threads were stopped: 0.0001098 seconds, Stopping threads took: 0.0000200 seconds
[2022-06-16T20:03:27.581+0000][7212][safepoint    ] Application time: 0.0003071 seconds
[2022-06-16T20:03:27.581+0000][7212][safepoint    ] Entering safepoint region: Deoptimize
[2022-06-16T20:03:27.581+0000][7212][safepoint    ] Leaving safepoint region
[2022-06-16T20:03:27.581+0000][7212][safepoint    ] Total time for which application threads were stopped: 0.0000661 seconds, Stopping threads took: 0.0000173 seconds
[2022-06-16T20:03:27.581+0000][7212][safepoint    ] Application time: 0.0047864 seconds
[2022-06-16T20:03:27.581+0000][7212][safepoint    ] Entering safepoint region: Deoptimize
[2022-06-16T20:03:27.581+0000][7212][safepoint    ] Leaving safepoint region
[2022-06-16T20:03:27.581+0000][7212][safepoint    ] Total time for which application threads were stopped: 0.0000885 seconds, Stopping threads took: 0.0000254 seconds
[2022-06-16T20:03:28.081+0000][7212][safepoint    ] Application time: 0.4874709 seconds
[2022-06-16T20:03:28.081+0000][7212][safepoint    ] Entering safepoint region: Deoptimize
[2022-06-16T20:03:28.081+0000][7212][safepoint    ] Leaving safepoint region
[2022-06-16T20:03:28.081+0000][7212][safepoint    ] Total time for which application threads were stopped: 0.0002131 seconds, Stopping threads took: 0.0000215 seconds
[2022-06-16T20:03:28.081+0000][7212][safepoint    ] Application time: 0.0008137 seconds
[2022-06-16T20:03:28.081+0000][7212][safepoint    ] Entering safepoint region: Deoptimize
[2022-06-16T20:03:28.081+0000][7212][safepoint    ] Leaving safepoint region
[2022-06-16T20:03:28.081+0000][7212][safepoint    ] Total time for which application threads were stopped: 0.0001185 seconds, Stopping threads took: 0.0000202 seconds
[2022-06-16T20:03:28.097+0000][7212][safepoint    ] Application time: 0.0232569 seconds
[2022-06-16T20:03:28.097+0000][7212][safepoint    ] Entering safepoint region: Deoptimize
[2022-06-16T20:03:28.097+0000][7212][safepoint    ] Leaving safepoint region
[2022-06-16T20:03:28.097+0000][7212][safepoint    ] Total time for which application threads were stopped: 0.0001472 seconds, Stopping threads took: 0.0000250 seconds
[2022-06-16T20:03:28.128+0000][7212][safepoint    ] Application time: 0.0233856 seconds
[2022-06-16T20:03:28.128+0000][7212][safepoint    ] Entering safepoint region: Deoptimize
[2022-06-16T20:03:28.128+0000][7212][safepoint    ] Leaving safepoint region
[2022-06-16T20:03:28.128+0000][7212][safepoint    ] Total time for which application threads were stopped: 0.0001574 seconds, Stopping threads took: 0.0000260 seconds
[2022-06-16T20:03:28.487+0000][7212][safepoint    ] Application time: 0.3681230 seconds
[2022-06-16T20:03:28.487+0000][7212][safepoint    ] Entering safepoint region: Deoptimize
[2022-06-16T20:03:28.487+0000][7212][safepoint    ] Leaving safepoint region
[2022-06-16T20:03:28.487+0000][7212][safepoint    ] Total time for which application threads were stopped: 0.0002541 seconds, Stopping threads took: 0.0001000 seconds
[2022-06-16T20:03:28.565+0000][7212][safepoint    ] Application time: 0.0685597 seconds
[2022-06-16T20:03:28.565+0000][7212][safepoint    ] Entering safepoint region: Deoptimize
[2022-06-16T20:03:28.565+0000][7212][safepoint    ] Leaving safepoint region
[2022-06-16T20:03:28.565+0000][7212][safepoint    ] Total time for which application threads were stopped: 0.0001827 seconds, Stopping threads took: 0.0000204 seconds
[2022-06-16T20:03:28.862+0000][7212][safepoint    ] Application time: 0.3072483 seconds
[2022-06-16T20:03:28.862+0000][7212][safepoint    ] Entering safepoint region: RevokeBias
[2022-06-16T20:03:28.862+0000][7212][safepoint    ] Leaving safepoint region
[2022-06-16T20:03:28.862+0000][7212][safepoint    ] Total time for which application threads were stopped: 0.0001418 seconds, Stopping threads took: 0.0000207 seconds
[2022-06-16T20:03:29.097+0000][7212][safepoint    ] Application time: 0.2275925 seconds
[2022-06-16T20:03:29.097+0000][7212][safepoint    ] Entering safepoint region: RevokeBias
[2022-06-16T20:03:29.097+0000][7212][safepoint    ] Leaving safepoint region
[2022-06-16T20:03:29.097+0000][7212][safepoint    ] Total time for which application threads were stopped: 0.0001201 seconds, Stopping threads took: 0.0000265 seconds
[2022-06-16T20:03:29.128+0000][7212][safepoint    ] Application time: 0.0364871 seconds
[2022-06-16T20:03:29.128+0000][7212][safepoint    ] Entering safepoint region: Deoptimize
[2022-06-16T20:03:29.128+0000][7212][safepoint    ] Leaving safepoint region
[2022-06-16T20:03:29.128+0000][7212][safepoint    ] Total time for which application threads were stopped: 0.0002461 seconds, Stopping threads took: 0.0000279 seconds
[2022-06-16T20:03:29.753+0000][7212][safepoint    ] Application time: 0.6232362 seconds
[2022-06-16T20:03:29.753+0000][7212][safepoint    ] Entering safepoint region: Deoptimize
[2022-06-16T20:03:29.753+0000][7212][safepoint    ] Leaving safepoint region
[2022-06-16T20:03:29.753+0000][7212][safepoint    ] Total time for which application threads were stopped: 0.0003491 seconds, Stopping threads took: 0.0000210 seconds
[2022-06-16T20:03:29.894+0000][7212][safepoint    ] Application time: 0.1455347 seconds
[2022-06-16T20:03:29.894+0000][7212][safepoint    ] Entering safepoint region: CollectForMetadataAllocation
[2022-06-16T20:03:29.894+0000][7212][safepoint    ] Leaving safepoint region
[2022-06-16T20:03:29.894+0000][7212][safepoint    ] Total time for which application threads were stopped: 0.0001478 seconds, Stopping threads took: 0.0000213 seconds
[2022-06-16T20:03:29.925+0000][7212][safepoint    ] Application time: 0.0208680 seconds
[2022-06-16T20:03:29.925+0000][7212][safepoint    ] Entering safepoint region: CollectForMetadataAllocation
[2022-06-16T20:03:29.925+0000][7212][safepoint    ] Leaving safepoint region
[2022-06-16T20:03:29.925+0000][7212][safepoint    ] Total time for which application threads were stopped: 0.0001948 seconds, Stopping threads took: 0.0000362 seconds
[2022-06-16T20:03:29.925+0000][7212][safepoint    ] Application time: 0.0000260 seconds
[2022-06-16T20:03:29.925+0000][7212][safepoint    ] Entering safepoint region: CollectForMetadataAllocation
[2022-06-16T20:03:29.925+0000][7212][safepoint    ] Leaving safepoint region
[2022-06-16T20:03:29.925+0000][7212][safepoint    ] Total time for which application threads were stopped: 0.0000498 seconds, Stopping threads took: 0.0000222 seconds
[2022-06-16T20:03:29.940+0000][7212][safepoint    ] Application time: 0.0185382 seconds
[2022-06-16T20:03:29.940+0000][7212][safepoint    ] Entering safepoint region: CollectForMetadataAllocation
[2022-06-16T20:03:29.940+0000][7212][safepoint    ] Leaving safepoint region
[2022-06-16T20:03:29.940+0000][7212][safepoint    ] Total time for which application threads were stopped: 0.0001691 seconds, Stopping threads took: 0.0000249 seconds
[2022-06-16T20:03:29.972+0000][7212][safepoint    ] Application time: 0.0255444 seconds
[2022-06-16T20:03:29.972+0000][7212][safepoint    ] Entering safepoint region: CollectForMetadataAllocation
[2022-06-16T20:03:29.972+0000][7212][safepoint    ] Leaving safepoint region
[2022-06-16T20:03:29.972+0000][7212][safepoint    ] Total time for which application threads were stopped: 0.0001916 seconds, Stopping threads took: 0.0000268 seconds
[2022-06-16T20:03:30.112+0000][7212][safepoint    ] Application time: 0.1390902 seconds
[2022-06-16T20:03:30.112+0000][7212][safepoint    ] Entering safepoint region: CollectForMetadataAllocation
[2022-06-16T20:03:30.112+0000][7212][safepoint    ] Leaving safepoint region
[2022-06-16T20:03:30.112+0000][7212][safepoint    ] Total time for which application threads were stopped: 0.0001774 seconds, Stopping threads took: 0.0000315 seconds
[2022-06-16T20:03:30.159+0000][7212][safepoint    ] Application time: 0.0539267 seconds
[2022-06-16T20:03:30.159+0000][7212][safepoint    ] Entering safepoint region: RevokeBias
[2022-06-16T20:03:30.159+0000][7212][safepoint    ] Leaving safepoint region
[2022-06-16T20:03:30.159+0000][7212][safepoint    ] Total time for which application threads were stopped: 0.0000942 seconds, Stopping threads took: 0.0000268 seconds
[2022-06-16T20:03:30.237+0000][7212][safepoint    ] Application time: 0.0783644 seconds
[2022-06-16T20:03:30.237+0000][7212][safepoint    ] Entering safepoint region: CollectForMetadataAllocation
[2022-06-16T20:03:30.237+0000][7212][safepoint    ] Leaving safepoint region
[2022-06-16T20:03:30.237+0000][7212][safepoint    ] Total time for which application threads were stopped: 0.0001930 seconds, Stopping threads took: 0.0000289 seconds
[2022-06-16T20:03:31.237+0000][7212][safepoint    ] Application time: 0.9911488 seconds
[2022-06-16T20:03:31.237+0000][7212][safepoint    ] Entering safepoint region: Cleanup
[2022-06-16T20:03:31.237+0000][7212][safepoint    ] Leaving safepoint region
[2022-06-16T20:03:31.237+0000][7212][safepoint    ] Total time for which application threads were stopped: 0.0000975 seconds, Stopping threads took: 0.0000226 seconds
[2022-06-16T20:03:31.284+0000][7212][safepoint    ] Application time: 0.0515117 seconds
[2022-06-16T20:03:31.284+0000][7212][safepoint    ] Entering safepoint region: CMS_Initial_Mark
[2022-06-16T20:03:31.284+0000][7212][gc,start     ] GC(0) Pause Initial Mark
[2022-06-16T20:03:31.315+0000][7212][gc           ] GC(0) Pause Initial Mark 88M->88M(1007M) 28.411ms
[2022-06-16T20:03:31.315+0000][7212][gc,cpu       ] GC(0) User=0.03s Sys=0.00s Real=0.03s
[2022-06-16T20:03:31.315+0000][7212][safepoint    ] Leaving safepoint region
[2022-06-16T20:03:31.315+0000][7212][safepoint    ] Total time for which application threads were stopped: 0.0285777 seconds, Stopping threads took: 0.0000237 seconds
[2022-06-16T20:03:31.315+0000][7212][gc           ] GC(0) Concurrent Mark
[2022-06-16T20:03:31.315+0000][7212][gc           ] GC(0) Concurrent Mark 3.958ms
[2022-06-16T20:03:31.315+0000][7212][gc,cpu       ] GC(0) User=0.00s Sys=0.00s Real=0.00s
[2022-06-16T20:03:31.315+0000][7212][gc           ] GC(0) Concurrent Preclean
[2022-06-16T20:03:31.315+0000][7212][gc           ] GC(0) Concurrent Preclean 2.069ms
[2022-06-16T20:03:31.315+0000][7212][gc,cpu       ] GC(0) User=0.00s Sys=0.00s Real=0.00s
[2022-06-16T20:03:31.315+0000][7212][gc           ] GC(0) Concurrent Abortable Preclean
[2022-06-16T20:03:32.331+0000][7212][safepoint    ] Application time: 1.0134468 seconds
[2022-06-16T20:03:32.331+0000][7212][safepoint    ] Entering safepoint region: Cleanup
[2022-06-16T20:03:32.331+0000][7212][safepoint    ] Leaving safepoint region
[2022-06-16T20:03:32.331+0000][7212][safepoint    ] Total time for which application threads were stopped: 0.0000816 seconds, Stopping threads took: 0.0000243 seconds
[2022-06-16T20:03:33.112+0000][7212][safepoint    ] Application time: 0.7900444 seconds
[2022-06-16T20:03:33.112+0000][7212][safepoint    ] Entering safepoint region: CollectForMetadataAllocation
[2022-06-16T20:03:33.112+0000][7212][safepoint    ] Leaving safepoint region
[2022-06-16T20:03:33.112+0000][7212][safepoint    ] Total time for which application threads were stopped: 0.0001915 seconds, Stopping threads took: 0.0000299 seconds
[2022-06-16T20:03:33.440+0000][7212][safepoint    ] Application time: 0.3310741 seconds
[2022-06-16T20:03:33.440+0000][7212][safepoint    ] Entering safepoint region: CollectForMetadataAllocation
[2022-06-16T20:03:33.440+0000][7212][safepoint    ] Leaving safepoint region
[2022-06-16T20:03:33.440+0000][7212][safepoint    ] Total time for which application threads were stopped: 0.0002392 seconds, Stopping threads took: 0.0000284 seconds
[2022-06-16T20:03:33.737+0000][7212][safepoint    ] Application time: 0.2910091 seconds
[2022-06-16T20:03:33.737+0000][7212][safepoint    ] Entering safepoint region: GenCollectForAllocation
[2022-06-16T20:03:33.737+0000][7212][gc,start     ] GC(1) Pause Young (Allocation Failure)
[2022-06-16T20:03:33.737+0000][7212][gc,task      ] GC(1) Using 2 workers of 2 for evacuation
[2022-06-16T20:03:33.769+0000][7212][gc           ] GC(0) Concurrent Abortable Preclean 2444.734ms
[2022-06-16T20:03:33.769+0000][7212][gc,cpu       ] GC(0) User=1.44s Sys=0.23s Real=2.45s
[2022-06-16T20:03:33.800+0000][7212][gc,age       ] GC(1) Desired survivor size 8716288 bytes, new threshold 6 (max threshold 6)
[2022-06-16T20:03:33.800+0000][7212][gc,age       ] GC(1) Age table with threshold 6 (max threshold 6)
[2022-06-16T20:03:33.800+0000][7212][gc,age       ] GC(1) - age   1:    8361520 bytes,    8361520 total
[2022-06-16T20:03:33.800+0000][7212][gc,heap      ] GC(1) ParNew: 136320K->8221K(153344K)
[2022-06-16T20:03:33.800+0000][7212][gc,heap      ] GC(1) CMS: 0K->0K(878208K)
[2022-06-16T20:03:33.800+0000][7212][gc,metaspace ] GC(1) Metaspace: 23048K->23048K(1071104K)
[2022-06-16T20:03:33.800+0000][7212][gc           ] GC(1) Pause Young (Allocation Failure) 133M->8M(1007M) 68.471ms
[2022-06-16T20:03:33.800+0000][7212][gc,cpu       ] GC(1) User=0.06s Sys=0.00s Real=0.06s
[2022-06-16T20:03:33.800+0000][7212][safepoint    ] Leaving safepoint region
[2022-06-16T20:03:33.800+0000][7212][safepoint    ] Total time for which application threads were stopped: 0.0686777 seconds, Stopping threads took: 0.0000258 seconds
[2022-06-16T20:03:33.800+0000][7212][safepoint    ] Application time: 0.0008932 seconds
[2022-06-16T20:03:33.800+0000][7212][safepoint    ] Entering safepoint region: CMS_Final_Remark
[2022-06-16T20:03:33.800+0000][7212][gc,start     ] GC(0) Pause Remark
[2022-06-16T20:03:33.815+0000][7212][gc           ] GC(0) Pause Remark 8M->8M(1007M) 10.195ms
[2022-06-16T20:03:33.815+0000][7212][gc,cpu       ] GC(0) User=0.03s Sys=0.00s Real=0.02s
[2022-06-16T20:03:33.815+0000][7212][safepoint    ] Leaving safepoint region
[2022-06-16T20:03:33.815+0000][7212][safepoint    ] Total time for which application threads were stopped: 0.0103558 seconds, Stopping threads took: 0.0000354 seconds
[2022-06-16T20:03:33.815+0000][7212][gc           ] GC(0) Concurrent Sweep
[2022-06-16T20:03:33.815+0000][7212][gc           ] GC(0) Concurrent Sweep 0.040ms
[2022-06-16T20:03:33.815+0000][7212][gc,cpu       ] GC(0) User=0.00s Sys=0.00s Real=0.00s
[2022-06-16T20:03:33.815+0000][7212][gc           ] GC(0) Concurrent Reset
[2022-06-16T20:03:33.815+0000][7212][gc           ] GC(0) Concurrent Reset 1.187ms
[2022-06-16T20:03:33.815+0000][7212][gc,cpu       ] GC(0) User=0.00s Sys=0.00s Real=0.00s
[2022-06-16T20:03:33.815+0000][7212][gc,heap      ] GC(0) Old: 0K->0K(878208K)
[2022-06-16T20:03:33.815+0000][7212][safepoint    ] Application time: 0.0015287 seconds
[2022-06-16T20:03:33.815+0000][7212][safepoint    ] Entering safepoint region: RevokeBias
[2022-06-16T20:03:33.815+0000][7212][safepoint    ] Leaving safepoint region
[2022-06-16T20:03:33.815+0000][7212][safepoint    ] Total time for which application threads were stopped: 0.0001902 seconds, Stopping threads took: 0.0001086 seconds
[2022-06-16T20:03:33.815+0000][7212][safepoint    ] Application time: 0.0001843 seconds
[2022-06-16T20:03:33.815+0000][7212][safepoint    ] Entering safepoint region: RevokeBias
[2022-06-16T20:03:33.815+0000][7212][safepoint    ] Leaving safepoint region
[2022-06-16T20:03:33.815+0000][7212][safepoint    ] Total time for which application threads were stopped: 0.0000940 seconds, Stopping threads took: 0.0000217 seconds
[2022-06-16T20:03:33.815+0000][7212][safepoint    ] Application time: 0.0000134 seconds
[2022-06-16T20:03:33.815+0000][7212][safepoint    ] Entering safepoint region: RevokeBias
[2022-06-16T20:03:33.815+0000][7212][safepoint    ] Leaving safepoint region
[2022-06-16T20:03:33.815+0000][7212][safepoint    ] Total time for which application threads were stopped: 0.0000734 seconds, Stopping threads took: 0.0000199 seconds
[2022-06-16T20:03:33.815+0000][7212][safepoint    ] Application time: 0.0000203 seconds
[2022-06-16T20:03:33.815+0000][7212][safepoint    ] Entering safepoint region: RevokeBias
[2022-06-16T20:03:33.815+0000][7212][safepoint    ] Leaving safepoint region
[2022-06-16T20:03:33.815+0000][7212][safepoint    ] Total time for which application threads were stopped: 0.0000669 seconds, Stopping threads took: 0.0000186 seconds
[2022-06-16T20:03:33.815+0000][7212][safepoint    ] Application time: 0.0000105 seconds
[2022-06-16T20:03:33.815+0000][7212][safepoint    ] Entering safepoint region: RevokeBias
[2022-06-16T20:03:33.815+0000][7212][safepoint    ] Leaving safepoint region
[2022-06-16T20:03:33.815+0000][7212][safepoint    ] Total time for which application threads were stopped: 0.0000739 seconds, Stopping threads took: 0.0000191 seconds
[2022-06-16T20:03:33.815+0000][7212][safepoint    ] Application time: 0.0000189 seconds
[2022-06-16T20:03:33.815+0000][7212][safepoint    ] Entering safepoint region: RevokeBias
[2022-06-16T20:03:33.815+0000][7212][safepoint    ] Leaving safepoint region
[2022-06-16T20:03:33.815+0000][7212][safepoint    ] Total time for which application threads were stopped: 0.0000651 seconds, Stopping threads took: 0.0000194 seconds
[2022-06-16T20:03:33.815+0000][7212][safepoint    ] Application time: 0.0000121 seconds
[2022-06-16T20:03:33.815+0000][7212][safepoint    ] Entering safepoint region: RevokeBias
[2022-06-16T20:03:33.815+0000][7212][safepoint    ] Leaving safepoint region
[2022-06-16T20:03:33.815+0000][7212][safepoint    ] Total time for which application threads were stopped: 0.0000646 seconds, Stopping threads took: 0.0000186 seconds
[2022-06-16T20:03:33.815+0000][7212][safepoint    ] Application time: 0.0000143 seconds
[2022-06-16T20:03:33.815+0000][7212][safepoint    ] Entering safepoint region: RevokeBias
[2022-06-16T20:03:33.815+0000][7212][safepoint    ] Leaving safepoint region
[2022-06-16T20:03:33.815+0000][7212][safepoint    ] Total time for which application threads were stopped: 0.0000650 seconds, Stopping threads took: 0.0000190 seconds
[2022-06-16T20:03:33.815+0000][7212][safepoint    ] Application time: 0.0000103 seconds
[2022-06-16T20:03:33.815+0000][7212][safepoint    ] Entering safepoint region: RevokeBias
[2022-06-16T20:03:33.815+0000][7212][safepoint    ] Leaving safepoint region
[2022-06-16T20:03:33.815+0000][7212][safepoint    ] Total time for which application threads were stopped: 0.0000634 seconds, Stopping threads took: 0.0000186 seconds
[2022-06-16T20:03:33.815+0000][7212][safepoint    ] Application time: 0.0000141 seconds
[2022-06-16T20:03:33.815+0000][7212][safepoint    ] Entering safepoint region: RevokeBias
[2022-06-16T20:03:33.815+0000][7212][safepoint    ] Leaving safepoint region
[2022-06-16T20:03:33.815+0000][7212][safepoint    ] Total time for which application threads were stopped: 0.0000637 seconds, Stopping threads took: 0.0000186 seconds
[2022-06-16T20:03:33.815+0000][7212][safepoint    ] Application time: 0.0000107 seconds
[2022-06-16T20:03:33.815+0000][7212][safepoint    ] Entering safepoint region: RevokeBias
[2022-06-16T20:03:33.815+0000][7212][safepoint    ] Leaving safepoint region
[2022-06-16T20:03:33.815+0000][7212][safepoint    ] Total time for which application threads were stopped: 0.0000777 seconds, Stopping threads took: 0.0000188 seconds
[2022-06-16T20:03:33.815+0000][7212][safepoint    ] Application time: 0.0000148 seconds
[2022-06-16T20:03:33.815+0000][7212][safepoint    ] Entering safepoint region: RevokeBias
[2022-06-16T20:03:33.815+0000][7212][safepoint    ] Leaving safepoint region
[2022-06-16T20:03:33.815+0000][7212][safepoint    ] Total time for which application threads were stopped: 0.0000685 seconds, Stopping threads took: 0.0000194 seconds
[2022-06-16T20:03:33.815+0000][7212][safepoint    ] Application time: 0.0000111 seconds
[2022-06-16T20:03:33.815+0000][7212][safepoint    ] Entering safepoint region: RevokeBias
[2022-06-16T20:03:33.815+0000][7212][safepoint    ] Leaving safepoint region
[2022-06-16T20:03:33.815+0000][7212][safepoint    ] Total time for which application threads were stopped: 0.0000736 seconds, Stopping threads took: 0.0000190 seconds
[2022-06-16T20:03:33.815+0000][7212][safepoint    ] Application time: 0.0000184 seconds
[2022-06-16T20:03:33.815+0000][7212][safepoint    ] Entering safepoint region: RevokeBias
[2022-06-16T20:03:33.815+0000][7212][safepoint    ] Leaving safepoint region
[2022-06-16T20:03:33.815+0000][7212][safepoint    ] Total time for which application threads were stopped: 0.0002209 seconds, Stopping threads took: 0.0001218 seconds
[2022-06-16T20:03:33.815+0000][7212][safepoint    ] Application time: 0.0000154 seconds
[2022-06-16T20:03:33.815+0000][7212][safepoint    ] Entering safepoint region: RevokeBias
[2022-06-16T20:03:33.815+0000][7212][safepoint    ] Leaving safepoint region
[2022-06-16T20:03:33.815+0000][7212][safepoint    ] Total time for which application threads were stopped: 0.0001987 seconds, Stopping threads took: 0.0001132 seconds
[2022-06-16T20:03:33.815+0000][7212][safepoint    ] Application time: 0.0000207 seconds
[2022-06-16T20:03:33.815+0000][7212][safepoint    ] Entering safepoint region: RevokeBias
[2022-06-16T20:03:33.815+0000][7212][safepoint    ] Leaving safepoint region
[2022-06-16T20:03:33.815+0000][7212][safepoint    ] Total time for which application threads were stopped: 0.0000925 seconds, Stopping threads took: 0.0000188 seconds
[2022-06-16T20:03:33.815+0000][7212][safepoint    ] Application time: 0.0000099 seconds
[2022-06-16T20:03:33.815+0000][7212][safepoint    ] Entering safepoint region: RevokeBias
[2022-06-16T20:03:33.815+0000][7212][safepoint    ] Leaving safepoint region
[2022-06-16T20:03:33.815+0000][7212][safepoint    ] Total time for which application threads were stopped: 0.0000886 seconds, Stopping threads took: 0.0000186 seconds
[2022-06-16T20:03:33.815+0000][7212][safepoint    ] Application time: 0.0000197 seconds
[2022-06-16T20:03:33.815+0000][7212][safepoint    ] Entering safepoint region: RevokeBias
[2022-06-16T20:03:33.815+0000][7212][safepoint    ] Leaving safepoint region
[2022-06-16T20:03:33.815+0000][7212][safepoint    ] Total time for which application threads were stopped: 0.0000879 seconds, Stopping threads took: 0.0000184 seconds
[2022-06-16T20:03:33.815+0000][7212][safepoint    ] Application time: 0.0000099 seconds
[2022-06-16T20:03:33.815+0000][7212][safepoint    ] Entering safepoint region: RevokeBias
[2022-06-16T20:03:33.815+0000][7212][safepoint    ] Leaving safepoint region
[2022-06-16T20:03:33.815+0000][7212][safepoint    ] Total time for which application threads were stopped: 0.0000903 seconds, Stopping threads took: 0.0000188 seconds
[2022-06-16T20:03:33.815+0000][7212][safepoint    ] Application time: 0.0000241 seconds
[2022-06-16T20:03:33.815+0000][7212][safepoint    ] Entering safepoint region: RevokeBias
[2022-06-16T20:03:33.815+0000][7212][safepoint    ] Leaving safepoint region
[2022-06-16T20:03:33.815+0000][7212][safepoint    ] Total time for which application threads were stopped: 0.0000898 seconds, Stopping threads took: 0.0000193 seconds
[2022-06-16T20:03:33.815+0000][7212][safepoint    ] Application time: 0.0000103 seconds
[2022-06-16T20:03:33.815+0000][7212][safepoint    ] Entering safepoint region: RevokeBias
[2022-06-16T20:03:33.815+0000][7212][safepoint    ] Leaving safepoint region
[2022-06-16T20:03:33.815+0000][7212][safepoint    ] Total time for which application threads were stopped: 0.0000926 seconds, Stopping threads took: 0.0000215 seconds
[2022-06-16T20:03:33.815+0000][7212][safepoint    ] Application time: 0.0000220 seconds
[2022-06-16T20:03:33.815+0000][7212][safepoint    ] Entering safepoint region: RevokeBias
[2022-06-16T20:03:33.815+0000][7212][safepoint    ] Leaving safepoint region
[2022-06-16T20:03:33.815+0000][7212][safepoint    ] Total time for which application threads were stopped: 0.0000882 seconds, Stopping threads took: 0.0000184 seconds
[2022-06-16T20:03:33.815+0000][7212][safepoint    ] Application time: 0.0000098 seconds
[2022-06-16T20:03:33.815+0000][7212][safepoint    ] Entering safepoint region: RevokeBias
[2022-06-16T20:03:33.815+0000][7212][safepoint    ] Leaving safepoint region
[2022-06-16T20:03:33.815+0000][7212][safepoint    ] Total time for which application threads were stopped: 0.0000915 seconds, Stopping threads took: 0.0000188 seconds
[2022-06-16T20:03:33.815+0000][7212][safepoint    ] Application time: 0.0000139 seconds
[2022-06-16T20:03:33.815+0000][7212][safepoint    ] Entering safepoint region: RevokeBias
[2022-06-16T20:03:33.815+0000][7212][safepoint    ] Leaving safepoint region
[2022-06-16T20:03:33.815+0000][7212][safepoint    ] Total time for which application threads were stopped: 0.0000892 seconds, Stopping threads took: 0.0000190 seconds
[2022-06-16T20:03:33.815+0000][7212][safepoint    ] Application time: 0.0000094 seconds
[2022-06-16T20:03:33.815+0000][7212][safepoint    ] Entering safepoint region: RevokeBias
[2022-06-16T20:03:33.815+0000][7212][safepoint    ] Leaving safepoint region
[2022-06-16T20:03:33.815+0000][7212][safepoint    ] Total time for which application threads were stopped: 0.0000900 seconds, Stopping threads took: 0.0000182 seconds
[2022-06-16T20:03:33.815+0000][7212][safepoint    ] Application time: 0.0000300 seconds
[2022-06-16T20:03:33.815+0000][7212][safepoint    ] Entering safepoint region: RevokeBias
[2022-06-16T20:03:33.815+0000][7212][safepoint    ] Leaving safepoint region
[2022-06-16T20:03:33.815+0000][7212][safepoint    ] Total time for which application threads were stopped: 0.0000956 seconds, Stopping threads took: 0.0000185 seconds
[2022-06-16T20:03:33.815+0000][7212][safepoint    ] Application time: 0.0000100 seconds
[2022-06-16T20:03:33.815+0000][7212][safepoint    ] Entering safepoint region: RevokeBias
[2022-06-16T20:03:33.815+0000][7212][safepoint    ] Leaving safepoint region
[2022-06-16T20:03:33.815+0000][7212][safepoint    ] Total time for which application threads were stopped: 0.0000894 seconds, Stopping threads took: 0.0000183 seconds
[2022-06-16T20:03:33.815+0000][7212][safepoint    ] Application time: 0.0011935 seconds
[2022-06-16T20:03:33.815+0000][7212][safepoint    ] Entering safepoint region: RevokeBias
[2022-06-16T20:03:33.831+0000][7212][safepoint    ] Leaving safepoint region
[2022-06-16T20:03:33.831+0000][7212][safepoint    ] Total time for which application threads were stopped: 0.0002125 seconds, Stopping threads took: 0.0001203 seconds
[2022-06-16T20:03:33.831+0000][7212][safepoint    ] Application time: 0.0000231 seconds
[2022-06-16T20:03:33.831+0000][7212][safepoint    ] Entering safepoint region: RevokeBias
[2022-06-16T20:03:33.831+0000][7212][safepoint    ] Leaving safepoint region
[2022-06-16T20:03:33.831+0000][7212][safepoint    ] Total time for which application threads were stopped: 0.0001354 seconds, Stopping threads took: 0.0000583 seconds
[2022-06-16T20:03:34.175+0000][7212][safepoint    ] Application time: 0.3582455 seconds
[2022-06-16T20:03:34.175+0000][7212][safepoint    ] Entering safepoint region: RevokeBias
[2022-06-16T20:03:34.175+0000][7212][safepoint    ] Leaving safepoint region
[2022-06-16T20:03:34.175+0000][7212][safepoint    ] Total time for which application threads were stopped: 0.0001065 seconds, Stopping threads took: 0.0000246 seconds
[2022-06-16T20:03:35.190+0000][7212][safepoint    ] Application time: 1.0006930 seconds
[2022-06-16T20:03:35.190+0000][7212][safepoint    ] Entering safepoint region: Cleanup
[2022-06-16T20:03:35.190+0000][7212][safepoint    ] Leaving safepoint region
[2022-06-16T20:03:35.190+0000][7212][safepoint    ] Total time for which application threads were stopped: 0.0001919 seconds, Stopping threads took: 0.0000965 seconds
[2022-06-16T20:03:35.394+0000][7212][safepoint    ] Application time: 0.2124481 seconds
[2022-06-16T20:03:35.394+0000][7212][safepoint    ] Entering safepoint region: GenCollectForAllocation
[2022-06-16T20:03:35.394+0000][7212][gc,start     ] GC(2) Pause Young (Allocation Failure)
[2022-06-16T20:03:35.394+0000][7212][gc,task      ] GC(2) Using 2 workers of 2 for evacuation
[2022-06-16T20:03:35.425+0000][7212][gc,age       ] GC(2) Desired survivor size 8716288 bytes, new threshold 2 (max threshold 6)
[2022-06-16T20:03:35.425+0000][7212][gc,age       ] GC(2) Age table with threshold 2 (max threshold 6)
[2022-06-16T20:03:35.425+0000][7212][gc,age       ] GC(2) - age   1:    3787264 bytes,    3787264 total
[2022-06-16T20:03:35.425+0000][7212][gc,age       ] GC(2) - age   2:    8260544 bytes,   12047808 total
[2022-06-16T20:03:35.425+0000][7212][gc,heap      ] GC(2) ParNew: 144541K->16692K(153344K)
[2022-06-16T20:03:35.425+0000][7212][gc,heap      ] GC(2) CMS: 0K->0K(878208K)
[2022-06-16T20:03:35.425+0000][7212][gc,metaspace ] GC(2) Metaspace: 25033K->25033K(1073152K)
[2022-06-16T20:03:35.425+0000][7212][gc           ] GC(2) Pause Young (Allocation Failure) 141M->16M(1007M) 30.006ms
[2022-06-16T20:03:35.425+0000][7212][gc,cpu       ] GC(2) User=0.06s Sys=0.00s Real=0.03s
[2022-06-16T20:03:35.425+0000][7212][safepoint    ] Leaving safepoint region
[2022-06-16T20:03:35.425+0000][7212][safepoint    ] Total time for which application threads were stopped: 0.0301842 seconds, Stopping threads took: 0.0000255 seconds
[2022-06-16T20:03:35.425+0000][7212][safepoint    ] Application time: 0.0001645 seconds
[2022-06-16T20:03:35.425+0000][7212][safepoint    ] Entering safepoint region: BulkRevokeBias
[2022-06-16T20:03:35.425+0000][7212][safepoint    ] Leaving safepoint region
[2022-06-16T20:03:35.425+0000][7212][safepoint    ] Total time for which application threads were stopped: 0.0001250 seconds, Stopping threads took: 0.0000283 seconds
[2022-06-16T20:03:35.425+0000][7212][safepoint    ] Application time: 0.0003435 seconds
[2022-06-16T20:03:35.425+0000][7212][safepoint    ] Entering safepoint region: RevokeBias
[2022-06-16T20:03:35.425+0000][7212][safepoint    ] Leaving safepoint region
[2022-06-16T20:03:35.425+0000][7212][safepoint    ] Total time for which application threads were stopped: 0.0001000 seconds, Stopping threads took: 0.0000217 seconds
[2022-06-16T20:03:35.425+0000][7212][safepoint    ] Application time: 0.0000154 seconds
[2022-06-16T20:03:35.425+0000][7212][safepoint    ] Entering safepoint region: RevokeBias
[2022-06-16T20:03:35.425+0000][7212][safepoint    ] Leaving safepoint region
[2022-06-16T20:03:35.425+0000][7212][safepoint    ] Total time for which application threads were stopped: 0.0000870 seconds, Stopping threads took: 0.0000192 seconds
[2022-06-16T20:03:35.425+0000][7212][safepoint    ] Application time: 0.0000183 seconds
[2022-06-16T20:03:35.425+0000][7212][safepoint    ] Entering safepoint region: RevokeBias
[2022-06-16T20:03:35.425+0000][7212][safepoint    ] Leaving safepoint region
[2022-06-16T20:03:35.425+0000][7212][safepoint    ] Total time for which application threads were stopped: 0.0000912 seconds, Stopping threads took: 0.0000201 seconds
[2022-06-16T20:03:35.425+0000][7212][safepoint    ] Application time: 0.0000146 seconds
[2022-06-16T20:03:35.425+0000][7212][safepoint    ] Entering safepoint region: RevokeBias
[2022-06-16T20:03:35.425+0000][7212][safepoint    ] Leaving safepoint region
[2022-06-16T20:03:35.425+0000][7212][safepoint    ] Total time for which application threads were stopped: 0.0000765 seconds, Stopping threads took: 0.0000183 seconds
[2022-06-16T20:03:35.425+0000][7212][safepoint    ] Application time: 0.0000150 seconds
[2022-06-16T20:03:35.425+0000][7212][safepoint    ] Entering safepoint region: RevokeBias
[2022-06-16T20:03:35.425+0000][7212][safepoint    ] Leaving safepoint region
[2022-06-16T20:03:35.425+0000][7212][safepoint    ] Total time for which application threads were stopped: 0.0000880 seconds, Stopping threads took: 0.0000204 seconds
[2022-06-16T20:03:35.425+0000][7212][safepoint    ] Application time: 0.0000186 seconds
[2022-06-16T20:03:35.425+0000][7212][safepoint    ] Entering safepoint region: RevokeBias
[2022-06-16T20:03:35.425+0000][7212][safepoint    ] Leaving safepoint region
[2022-06-16T20:03:35.425+0000][7212][safepoint    ] Total time for which application threads were stopped: 0.0000772 seconds, Stopping threads took: 0.0000195 seconds
[2022-06-16T20:03:35.425+0000][7212][safepoint    ] Application time: 0.0000114 seconds
[2022-06-16T20:03:35.425+0000][7212][safepoint    ] Entering safepoint region: RevokeBias
[2022-06-16T20:03:35.425+0000][7212][safepoint    ] Leaving safepoint region
[2022-06-16T20:03:35.425+0000][7212][safepoint    ] Total time for which application threads were stopped: 0.0000712 seconds, Stopping threads took: 0.0000187 seconds
[2022-06-16T20:03:35.425+0000][7212][safepoint    ] Application time: 0.0000126 seconds
[2022-06-16T20:03:35.425+0000][7212][safepoint    ] Entering safepoint region: RevokeBias
[2022-06-16T20:03:35.425+0000][7212][safepoint    ] Leaving safepoint region
[2022-06-16T20:03:35.425+0000][7212][safepoint    ] Total time for which application threads were stopped: 0.0000757 seconds, Stopping threads took: 0.0000186 seconds
[2022-06-16T20:03:35.425+0000][7212][safepoint    ] Application time: 0.0000115 seconds
[2022-06-16T20:03:35.425+0000][7212][safepoint    ] Entering safepoint region: RevokeBias
[2022-06-16T20:03:35.425+0000][7212][safepoint    ] Leaving safepoint region
[2022-06-16T20:03:35.425+0000][7212][safepoint    ] Total time for which application threads were stopped: 0.0000716 seconds, Stopping threads took: 0.0000188 seconds
[2022-06-16T20:03:35.425+0000][7212][safepoint    ] Application time: 0.0000123 seconds
[2022-06-16T20:03:35.425+0000][7212][safepoint    ] Entering safepoint region: BulkRevokeBias
[2022-06-16T20:03:35.425+0000][7212][safepoint    ] Leaving safepoint region
[2022-06-16T20:03:35.425+0000][7212][safepoint    ] Total time for which application threads were stopped: 0.0000827 seconds, Stopping threads took: 0.0000167 seconds
[2022-06-16T20:03:35.425+0000][7212][safepoint    ] Application time: 0.0000226 seconds
[2022-06-16T20:03:35.425+0000][7212][safepoint    ] Entering safepoint region: BulkRevokeBias
[2022-06-16T20:03:35.425+0000][7212][safepoint    ] Leaving safepoint region
[2022-06-16T20:03:35.425+0000][7212][safepoint    ] Total time for which application threads were stopped: 0.0001915 seconds, Stopping threads took: 0.0001116 seconds
[2022-06-16T20:03:36.097+0000][7212][safepoint    ] Application time: 0.6639118 seconds
[2022-06-16T20:03:36.097+0000][7212][safepoint    ] Entering safepoint region: Deoptimize
[2022-06-16T20:03:36.097+0000][7212][safepoint    ] Leaving safepoint region
[2022-06-16T20:03:36.097+0000][7212][safepoint    ] Total time for which application threads were stopped: 0.0003877 seconds, Stopping threads took: 0.0000260 seconds
[2022-06-16T20:03:36.097+0000][7212][safepoint    ] Application time: 0.0109036 seconds
[2022-06-16T20:03:36.097+0000][7212][safepoint    ] Entering safepoint region: RevokeBias
[2022-06-16T20:03:36.097+0000][7212][safepoint    ] Leaving safepoint region
[2022-06-16T20:03:36.097+0000][7212][safepoint    ] Total time for which application threads were stopped: 0.0000879 seconds, Stopping threads took: 0.0000247 seconds
[2022-06-16T20:03:36.565+0000][7212][safepoint    ] Application time: 0.4627169 seconds
[2022-06-16T20:03:36.565+0000][7212][safepoint    ] Entering safepoint region: GenCollectForAllocation
[2022-06-16T20:03:36.565+0000][7212][gc,start     ] GC(3) Pause Young (Allocation Failure)
[2022-06-16T20:03:36.565+0000][7212][gc,task      ] GC(3) Using 2 workers of 2 for evacuation
[2022-06-16T20:03:36.612+0000][7212][gc,age       ] GC(3) Desired survivor size 8716288 bytes, new threshold 6 (max threshold 6)
[2022-06-16T20:03:36.612+0000][7212][gc,age       ] GC(3) Age table with threshold 6 (max threshold 6)
[2022-06-16T20:03:36.612+0000][7212][gc,age       ] GC(3) - age   1:    3726832 bytes,    3726832 total
[2022-06-16T20:03:36.612+0000][7212][gc,age       ] GC(3) - age   2:    1668848 bytes,    5395680 total
[2022-06-16T20:03:36.612+0000][7212][gc,heap      ] GC(3) ParNew: 153012K->10215K(153344K)
[2022-06-16T20:03:36.612+0000][7212][gc,heap      ] GC(3) CMS: 0K->8902K(878208K)
[2022-06-16T20:03:36.612+0000][7212][gc,metaspace ] GC(3) Metaspace: 25703K->25703K(1073152K)
[2022-06-16T20:03:36.612+0000][7212][gc           ] GC(3) Pause Young (Allocation Failure) 149M->18M(1007M) 47.222ms
[2022-06-16T20:03:36.612+0000][7212][gc,cpu       ] GC(3) User=0.09s Sys=0.00s Real=0.05s
[2022-06-16T20:03:36.612+0000][7212][safepoint    ] Leaving safepoint region
[2022-06-16T20:03:36.612+0000][7212][safepoint    ] Total time for which application threads were stopped: 0.0474351 seconds, Stopping threads took: 0.0000350 seconds
[2022-06-16T20:03:36.612+0000][7212][safepoint    ] Application time: 0.0007587 seconds
[2022-06-16T20:03:36.612+0000][7212][safepoint    ] Entering safepoint region: RevokeBias
[2022-06-16T20:03:36.612+0000][7212][safepoint    ] Leaving safepoint region
[2022-06-16T20:03:36.612+0000][7212][safepoint    ] Total time for which application threads were stopped: 0.0001232 seconds, Stopping threads took: 0.0000260 seconds
[2022-06-16T20:03:36.612+0000][7212][safepoint    ] Application time: 0.0000145 seconds
[2022-06-16T20:03:36.612+0000][7212][safepoint    ] Entering safepoint region: RevokeBias
[2022-06-16T20:03:36.612+0000][7212][safepoint    ] Leaving safepoint region
[2022-06-16T20:03:36.612+0000][7212][safepoint    ] Total time for which application threads were stopped: 0.0000726 seconds, Stopping threads took: 0.0000189 seconds
[2022-06-16T20:03:36.612+0000][7212][safepoint    ] Application time: 0.0000272 seconds
[2022-06-16T20:03:36.612+0000][7212][safepoint    ] Entering safepoint region: RevokeBias
[2022-06-16T20:03:36.612+0000][7212][safepoint    ] Leaving safepoint region
[2022-06-16T20:03:36.612+0000][7212][safepoint    ] Total time for which application threads were stopped: 0.0002103 seconds, Stopping threads took: 0.0001196 seconds
[2022-06-16T20:03:36.612+0000][7212][safepoint    ] Application time: 0.0000150 seconds
[2022-06-16T20:03:36.612+0000][7212][safepoint    ] Entering safepoint region: RevokeBias
[2022-06-16T20:03:36.612+0000][7212][safepoint    ] Leaving safepoint region
[2022-06-16T20:03:36.612+0000][7212][safepoint    ] Total time for which application threads were stopped: 0.0001257 seconds, Stopping threads took: 0.0000403 seconds
[2022-06-16T20:03:36.612+0000][7212][safepoint    ] Application time: 0.0000157 seconds
[2022-06-16T20:03:36.612+0000][7212][safepoint    ] Entering safepoint region: RevokeBias
[2022-06-16T20:03:36.612+0000][7212][safepoint    ] Leaving safepoint region
[2022-06-16T20:03:36.612+0000][7212][safepoint    ] Total time for which application threads were stopped: 0.0000968 seconds, Stopping threads took: 0.0000188 seconds
[2022-06-16T20:03:36.612+0000][7212][safepoint    ] Application time: 0.0000219 seconds
[2022-06-16T20:03:36.612+0000][7212][safepoint    ] Entering safepoint region: RevokeBias
[2022-06-16T20:03:36.612+0000][7212][safepoint    ] Leaving safepoint region
[2022-06-16T20:03:36.612+0000][7212][safepoint    ] Total time for which application threads were stopped: 0.0001096 seconds, Stopping threads took: 0.0000306 seconds
[2022-06-16T20:03:36.612+0000][7212][safepoint    ] Application time: 0.0000300 seconds
[2022-06-16T20:03:36.612+0000][7212][safepoint    ] Entering safepoint region: RevokeBias
[2022-06-16T20:03:36.612+0000][7212][safepoint    ] Leaving safepoint region
[2022-06-16T20:03:36.612+0000][7212][safepoint    ] Total time for which application threads were stopped: 0.0001087 seconds, Stopping threads took: 0.0000254 seconds
[2022-06-16T20:03:36.612+0000][7212][safepoint    ] Application time: 0.0000241 seconds
[2022-06-16T20:03:36.612+0000][7212][safepoint    ] Entering safepoint region: RevokeBias
[2022-06-16T20:03:36.612+0000][7212][safepoint    ] Leaving safepoint region
[2022-06-16T20:03:36.612+0000][7212][safepoint    ] Total time for which application threads were stopped: 0.0001096 seconds, Stopping threads took: 0.0000301 seconds
[2022-06-16T20:03:36.612+0000][7212][safepoint    ] Application time: 0.0000128 seconds
[2022-06-16T20:03:36.612+0000][7212][safepoint    ] Entering safepoint region: RevokeBias
[2022-06-16T20:03:36.612+0000][7212][safepoint    ] Leaving safepoint region
[2022-06-16T20:03:36.612+0000][7212][safepoint    ] Total time for which application threads were stopped: 0.0000971 seconds, Stopping threads took: 0.0000190 seconds
[2022-06-16T20:03:36.612+0000][7212][safepoint    ] Application time: 0.0000284 seconds
[2022-06-16T20:03:36.612+0000][7212][safepoint    ] Entering safepoint region: RevokeBias
[2022-06-16T20:03:36.612+0000][7212][safepoint    ] Leaving safepoint region
[2022-06-16T20:03:36.612+0000][7212][safepoint    ] Total time for which application threads were stopped: 0.0001062 seconds, Stopping threads took: 0.0000270 seconds
[2022-06-16T20:03:36.612+0000][7212][safepoint    ] Application time: 0.0000143 seconds
[2022-06-16T20:03:36.612+0000][7212][safepoint    ] Entering safepoint region: RevokeBias
[2022-06-16T20:03:36.612+0000][7212][safepoint    ] Leaving safepoint region
[2022-06-16T20:03:36.612+0000][7212][safepoint    ] Total time for which application threads were stopped: 0.0000952 seconds, Stopping threads took: 0.0000312 seconds
[2022-06-16T20:03:36.612+0000][7212][safepoint    ] Application time: 0.0000126 seconds
[2022-06-16T20:03:36.612+0000][7212][safepoint    ] Entering safepoint region: RevokeBias
[2022-06-16T20:03:36.612+0000][7212][safepoint    ] Leaving safepoint region
[2022-06-16T20:03:36.612+0000][7212][safepoint    ] Total time for which application threads were stopped: 0.0000803 seconds, Stopping threads took: 0.0000181 seconds
[2022-06-16T20:03:36.612+0000][7212][safepoint    ] Application time: 0.0000241 seconds
[2022-06-16T20:03:36.612+0000][7212][safepoint    ] Entering safepoint region: RevokeBias
[2022-06-16T20:03:36.612+0000][7212][safepoint    ] Leaving safepoint region
[2022-06-16T20:03:36.612+0000][7212][safepoint    ] Total time for which application threads were stopped: 0.0000550 seconds, Stopping threads took: 0.0000156 seconds
[2022-06-16T20:03:36.612+0000][7212][safepoint    ] Application time: 0.0000167 seconds
[2022-06-16T20:03:36.612+0000][7212][safepoint    ] Entering safepoint region: RevokeBias
[2022-06-16T20:03:36.612+0000][7212][safepoint    ] Leaving safepoint region
[2022-06-16T20:03:36.612+0000][7212][safepoint    ] Total time for which application threads were stopped: 0.0000560 seconds, Stopping threads took: 0.0000157 seconds
[2022-06-16T20:03:36.612+0000][7212][safepoint    ] Application time: 0.0000137 seconds
[2022-06-16T20:03:36.612+0000][7212][safepoint    ] Entering safepoint region: RevokeBias
[2022-06-16T20:03:36.612+0000][7212][safepoint    ] Leaving safepoint region
[2022-06-16T20:03:36.612+0000][7212][safepoint    ] Total time for which application threads were stopped: 0.0000950 seconds, Stopping threads took: 0.0000348 seconds
[2022-06-16T20:03:36.612+0000][7212][safepoint    ] Application time: 0.0000138 seconds
[2022-06-16T20:03:36.612+0000][7212][safepoint    ] Entering safepoint region: RevokeBias
[2022-06-16T20:03:36.612+0000][7212][safepoint    ] Leaving safepoint region
[2022-06-16T20:03:36.612+0000][7212][safepoint    ] Total time for which application threads were stopped: 0.0000757 seconds, Stopping threads took: 0.0000189 seconds
[2022-06-16T20:03:36.612+0000][7212][safepoint    ] Application time: 0.0000234 seconds
[2022-06-16T20:03:36.612+0000][7212][safepoint    ] Entering safepoint region: RevokeBias
[2022-06-16T20:03:36.612+0000][7212][safepoint    ] Leaving safepoint region
[2022-06-16T20:03:36.612+0000][7212][safepoint    ] Total time for which application threads were stopped: 0.0001658 seconds, Stopping threads took: 0.0001045 seconds
[2022-06-16T20:03:36.612+0000][7212][safepoint    ] Application time: 0.0000143 seconds
[2022-06-16T20:03:36.612+0000][7212][safepoint    ] Entering safepoint region: RevokeBias
[2022-06-16T20:03:36.612+0000][7212][safepoint    ] Leaving safepoint region
[2022-06-16T20:03:36.612+0000][7212][safepoint    ] Total time for which application threads were stopped: 0.0000800 seconds, Stopping threads took: 0.0000360 seconds
[2022-06-16T20:03:36.612+0000][7212][safepoint    ] Application time: 0.0000134 seconds
[2022-06-16T20:03:36.612+0000][7212][safepoint    ] Entering safepoint region: RevokeBias
[2022-06-16T20:03:36.612+0000][7212][safepoint    ] Leaving safepoint region
[2022-06-16T20:03:36.612+0000][7212][safepoint    ] Total time for which application threads were stopped: 0.0000591 seconds, Stopping threads took: 0.0000184 seconds
[2022-06-16T20:03:36.612+0000][7212][safepoint    ] Application time: 0.0000236 seconds
[2022-06-16T20:03:36.612+0000][7212][safepoint    ] Entering safepoint region: RevokeBias
[2022-06-16T20:03:36.612+0000][7212][safepoint    ] Leaving safepoint region
[2022-06-16T20:03:36.612+0000][7212][safepoint    ] Total time for which application threads were stopped: 0.0001158 seconds, Stopping threads took: 0.0000293 seconds
[2022-06-16T20:03:36.612+0000][7212][safepoint    ] Application time: 0.0000660 seconds
[2022-06-16T20:03:36.612+0000][7212][safepoint    ] Entering safepoint region: RevokeBias
[2022-06-16T20:03:36.612+0000][7212][safepoint    ] Leaving safepoint region
[2022-06-16T20:03:36.612+0000][7212][safepoint    ] Total time for which application threads were stopped: 0.0000965 seconds, Stopping threads took: 0.0000153 seconds
[2022-06-16T20:03:36.612+0000][7212][safepoint    ] Application time: 0.0000146 seconds
[2022-06-16T20:03:36.612+0000][7212][safepoint    ] Entering safepoint region: RevokeBias
[2022-06-16T20:03:36.612+0000][7212][safepoint    ] Leaving safepoint region
[2022-06-16T20:03:36.612+0000][7212][safepoint    ] Total time for which application threads were stopped: 0.0001009 seconds, Stopping threads took: 0.0000284 seconds
[2022-06-16T20:03:36.612+0000][7212][safepoint    ] Application time: 0.0000152 seconds
[2022-06-16T20:03:36.612+0000][7212][safepoint    ] Entering safepoint region: RevokeBias
[2022-06-16T20:03:36.612+0000][7212][safepoint    ] Leaving safepoint region
[2022-06-16T20:03:36.612+0000][7212][safepoint    ] Total time for which application threads were stopped: 0.0000902 seconds, Stopping threads took: 0.0000147 seconds
[2022-06-16T20:03:36.612+0000][7212][safepoint    ] Application time: 0.0000144 seconds
[2022-06-16T20:03:36.612+0000][7212][safepoint    ] Entering safepoint region: BulkRevokeBias
[2022-06-16T20:03:36.612+0000][7212][safepoint    ] Leaving safepoint region
[2022-06-16T20:03:36.612+0000][7212][safepoint    ] Total time for which application threads were stopped: 0.0001356 seconds, Stopping threads took: 0.0000353 seconds
[2022-06-16T20:03:36.628+0000][7212][safepoint    ] Application time: 0.0055704 seconds
[2022-06-16T20:03:36.628+0000][7212][safepoint    ] Entering safepoint region: RevokeBias
[2022-06-16T20:03:36.628+0000][7212][safepoint    ] Leaving safepoint region
[2022-06-16T20:03:36.628+0000][7212][safepoint    ] Total time for which application threads were stopped: 0.0001325 seconds, Stopping threads took: 0.0000195 seconds
[2022-06-16T20:03:37.050+0000][7212][safepoint    ] Application time: 0.4238843 seconds
[2022-06-16T20:03:37.050+0000][7212][safepoint    ] Entering safepoint region: GenCollectForAllocation
[2022-06-16T20:03:37.050+0000][7212][gc,start     ] GC(4) Pause Young (Allocation Failure)
[2022-06-16T20:03:37.050+0000][7212][gc,task      ] GC(4) Using 2 workers of 2 for evacuation
[2022-06-16T20:03:37.065+0000][7212][gc,age       ] GC(4) Desired survivor size 8716288 bytes, new threshold 6 (max threshold 6)
[2022-06-16T20:03:37.065+0000][7212][gc,age       ] GC(4) Age table with threshold 6 (max threshold 6)
[2022-06-16T20:03:37.065+0000][7212][gc,age       ] GC(4) - age   1:    2462632 bytes,    2462632 total
[2022-06-16T20:03:37.065+0000][7212][gc,age       ] GC(4) - age   2:    1700328 bytes,    4162960 total
[2022-06-16T20:03:37.065+0000][7212][gc,age       ] GC(4) - age   3:    1668824 bytes,    5831784 total
[2022-06-16T20:03:37.065+0000][7212][gc,heap      ] GC(4) ParNew: 146535K->9059K(153344K)
[2022-06-16T20:03:37.065+0000][7212][gc,heap      ] GC(4) CMS: 8902K->8902K(878208K)
[2022-06-16T20:03:37.065+0000][7212][gc,metaspace ] GC(4) Metaspace: 25824K->25824K(1073152K)
[2022-06-16T20:03:37.065+0000][7212][gc           ] GC(4) Pause Young (Allocation Failure) 151M->17M(1007M) 10.578ms
[2022-06-16T20:03:37.065+0000][7212][gc,cpu       ] GC(4) User=0.03s Sys=0.00s Real=0.02s
[2022-06-16T20:03:37.065+0000][7212][safepoint    ] Leaving safepoint region
[2022-06-16T20:03:37.065+0000][7212][safepoint    ] Total time for which application threads were stopped: 0.0107608 seconds, Stopping threads took: 0.0000277 seconds
[2022-06-16T20:03:37.065+0000][7212][safepoint    ] Application time: 0.0000715 seconds
[2022-06-16T20:03:37.065+0000][7212][safepoint    ] Entering safepoint region: RevokeBias
[2022-06-16T20:03:37.065+0000][7212][safepoint    ] Leaving safepoint region
[2022-06-16T20:03:37.065+0000][7212][safepoint    ] Total time for which application threads were stopped: 0.0000895 seconds, Stopping threads took: 0.0000178 seconds
[2022-06-16T20:03:37.065+0000][7212][safepoint    ] Application time: 0.0000223 seconds
[2022-06-16T20:03:37.065+0000][7212][safepoint    ] Entering safepoint region: RevokeBias
[2022-06-16T20:03:37.065+0000][7212][safepoint    ] Leaving safepoint region
[2022-06-16T20:03:37.065+0000][7212][safepoint    ] Total time for which application threads were stopped: 0.0000753 seconds, Stopping threads took: 0.0000311 seconds
[2022-06-16T20:03:37.065+0000][7212][safepoint    ] Application time: 0.0000215 seconds
[2022-06-16T20:03:37.065+0000][7212][safepoint    ] Entering safepoint region: RevokeBias
[2022-06-16T20:03:37.065+0000][7212][safepoint    ] Leaving safepoint region
[2022-06-16T20:03:37.065+0000][7212][safepoint    ] Total time for which application threads were stopped: 0.0000574 seconds, Stopping threads took: 0.0000166 seconds
[2022-06-16T20:03:37.456+0000][7212][safepoint    ] Application time: 0.4034815 seconds
[2022-06-16T20:03:37.456+0000][7212][safepoint    ] Entering safepoint region: GenCollectForAllocation
[2022-06-16T20:03:37.456+0000][7212][gc,start     ] GC(5) Pause Young (Allocation Failure)
[2022-06-16T20:03:37.456+0000][7212][gc,task      ] GC(5) Using 2 workers of 2 for evacuation
[2022-06-16T20:03:37.472+0000][7212][gc,age       ] GC(5) Desired survivor size 8716288 bytes, new threshold 6 (max threshold 6)
[2022-06-16T20:03:37.472+0000][7212][gc,age       ] GC(5) Age table with threshold 6 (max threshold 6)
[2022-06-16T20:03:37.472+0000][7212][gc,age       ] GC(5) - age   1:    1774256 bytes,    1774256 total
[2022-06-16T20:03:37.472+0000][7212][gc,age       ] GC(5) - age   2:     290976 bytes,    2065232 total
[2022-06-16T20:03:37.472+0000][7212][gc,age       ] GC(5) - age   3:    1700280 bytes,    3765512 total
[2022-06-16T20:03:37.472+0000][7212][gc,age       ] GC(5) - age   4:    1666400 bytes,    5431912 total
[2022-06-16T20:03:37.472+0000][7212][gc,heap      ] GC(5) ParNew: 145379K->8105K(153344K)
[2022-06-16T20:03:37.472+0000][7212][gc,heap      ] GC(5) CMS: 8902K->8902K(878208K)
[2022-06-16T20:03:37.472+0000][7212][gc,metaspace ] GC(5) Metaspace: 26468K->26468K(1073152K)
[2022-06-16T20:03:37.472+0000][7212][gc           ] GC(5) Pause Young (Allocation Failure) 150M->16M(1007M) 8.134ms
[2022-06-16T20:03:37.472+0000][7212][gc,cpu       ] GC(5) User=0.03s Sys=0.00s Real=0.02s
[2022-06-16T20:03:37.472+0000][7212][safepoint    ] Leaving safepoint region
[2022-06-16T20:03:37.472+0000][7212][safepoint    ] Total time for which application threads were stopped: 0.0083193 seconds, Stopping threads took: 0.0000214 seconds
[2022-06-16T20:03:37.472+0000][7212][safepoint    ] Application time: 0.0000584 seconds
[2022-06-16T20:03:37.472+0000][7212][safepoint    ] Entering safepoint region: RevokeBias
[2022-06-16T20:03:37.472+0000][7212][safepoint    ] Leaving safepoint region
[2022-06-16T20:03:37.472+0000][7212][safepoint    ] Total time for which application threads were stopped: 0.0001891 seconds, Stopping threads took: 0.0000476 seconds
[2022-06-16T20:03:37.472+0000][7212][safepoint    ] Application time: 0.0000305 seconds
[2022-06-16T20:03:37.472+0000][7212][safepoint    ] Entering safepoint region: RevokeBias
[2022-06-16T20:03:37.472+0000][7212][safepoint    ] Leaving safepoint region
[2022-06-16T20:03:37.472+0000][7212][safepoint    ] Total time for which application threads were stopped: 0.0001076 seconds, Stopping threads took: 0.0000387 seconds
[2022-06-16T20:03:37.472+0000][7212][safepoint    ] Application time: 0.0000203 seconds
[2022-06-16T20:03:37.472+0000][7212][safepoint    ] Entering safepoint region: RevokeBias
[2022-06-16T20:03:37.472+0000][7212][safepoint    ] Leaving safepoint region
[2022-06-16T20:03:37.472+0000][7212][safepoint    ] Total time for which application threads were stopped: 0.0001919 seconds, Stopping threads took: 0.0001137 seconds
[2022-06-16T20:03:37.472+0000][7212][safepoint    ] Application time: 0.0000200 seconds
[2022-06-16T20:03:37.472+0000][7212][safepoint    ] Entering safepoint region: RevokeBias
[2022-06-16T20:03:37.472+0000][7212][safepoint    ] Leaving safepoint region
[2022-06-16T20:03:37.472+0000][7212][safepoint    ] Total time for which application threads were stopped: 0.0001870 seconds, Stopping threads took: 0.0001152 seconds
[2022-06-16T20:03:37.472+0000][7212][safepoint    ] Application time: 0.0000198 seconds
[2022-06-16T20:03:37.472+0000][7212][safepoint    ] Entering safepoint region: RevokeBias
[2022-06-16T20:03:37.472+0000][7212][safepoint    ] Leaving safepoint region
[2022-06-16T20:03:37.472+0000][7212][safepoint    ] Total time for which application threads were stopped: 0.0001840 seconds, Stopping threads took: 0.0001122 seconds
[2022-06-16T20:03:37.472+0000][7212][safepoint    ] Application time: 0.0000167 seconds
[2022-06-16T20:03:37.472+0000][7212][safepoint    ] Entering safepoint region: RevokeBias
[2022-06-16T20:03:37.472+0000][7212][safepoint    ] Leaving safepoint region
[2022-06-16T20:03:37.472+0000][7212][safepoint    ] Total time for which application threads were stopped: 0.0001635 seconds, Stopping threads took: 0.0001014 seconds
[2022-06-16T20:03:38.480+0000][7212][safepoint    ] Application time: 0.9994291 seconds
[2022-06-16T20:03:38.480+0000][7212][safepoint    ] Entering safepoint region: Cleanup
[2022-06-16T20:03:38.480+0000][7212][safepoint    ] Leaving safepoint region
[2022-06-16T20:03:38.480+0000][7212][safepoint    ] Total time for which application threads were stopped: 0.0000835 seconds, Stopping threads took: 0.0000247 seconds
[2022-06-16T20:03:39.401+0000][7212][safepoint    ] Application time: 0.9354856 seconds
[2022-06-16T20:03:39.401+0000][7212][safepoint    ] Entering safepoint region: GenCollectForAllocation
[2022-06-16T20:03:39.401+0000][7212][gc,start     ] GC(6) Pause Young (Allocation Failure)
[2022-06-16T20:03:39.401+0000][7212][gc,task      ] GC(6) Using 2 workers of 2 for evacuation
[2022-06-16T20:03:39.417+0000][7212][gc,age       ] GC(6) Desired survivor size 8716288 bytes, new threshold 6 (max threshold 6)
[2022-06-16T20:03:39.417+0000][7212][gc,age       ] GC(6) Age table with threshold 6 (max threshold 6)
[2022-06-16T20:03:39.417+0000][7212][gc,age       ] GC(6) - age   1:    2476592 bytes,    2476592 total
[2022-06-16T20:03:39.417+0000][7212][gc,age       ] GC(6) - age   2:    1759736 bytes,    4236328 total
[2022-06-16T20:03:39.417+0000][7212][gc,age       ] GC(6) - age   3:     290976 bytes,    4527304 total
[2022-06-16T20:03:39.417+0000][7212][gc,age       ] GC(6) - age   4:    1700280 bytes,    6227584 total
[2022-06-16T20:03:39.417+0000][7212][gc,age       ] GC(6) - age   5:    1665608 bytes,    7893192 total
[2022-06-16T20:03:39.417+0000][7212][gc,heap      ] GC(6) ParNew: 144425K->10658K(153344K)
[2022-06-16T20:03:39.417+0000][7212][gc,heap      ] GC(6) CMS: 8902K->8902K(878208K)
[2022-06-16T20:03:39.417+0000][7212][gc,metaspace ] GC(6) Metaspace: 26634K->26634K(1075200K)
[2022-06-16T20:03:39.417+0000][7212][gc           ] GC(6) Pause Young (Allocation Failure) 149M->19M(1007M) 12.207ms
[2022-06-16T20:03:39.417+0000][7212][gc,cpu       ] GC(6) User=0.03s Sys=0.00s Real=0.02s
[2022-06-16T20:03:39.417+0000][7212][safepoint    ] Leaving safepoint region
[2022-06-16T20:03:39.417+0000][7212][safepoint    ] Total time for which application threads were stopped: 0.0123735 seconds, Stopping threads took: 0.0000258 seconds
[2022-06-16T20:03:39.417+0000][7212][safepoint    ] Application time: 0.0000687 seconds
[2022-06-16T20:03:39.417+0000][7212][safepoint    ] Entering safepoint region: RevokeBias
[2022-06-16T20:03:39.417+0000][7212][safepoint    ] Leaving safepoint region
[2022-06-16T20:03:39.417+0000][7212][safepoint    ] Total time for which application threads were stopped: 0.0001037 seconds, Stopping threads took: 0.0000250 seconds
[2022-06-16T20:03:39.417+0000][7212][safepoint    ] Application time: 0.0000178 seconds
[2022-06-16T20:03:39.417+0000][7212][safepoint    ] Entering safepoint region: RevokeBias
[2022-06-16T20:03:39.417+0000][7212][safepoint    ] Leaving safepoint region
[2022-06-16T20:03:39.417+0000][7212][safepoint    ] Total time for which application threads were stopped: 0.0000702 seconds, Stopping threads took: 0.0000192 seconds
[2022-06-16T20:03:39.417+0000][7212][safepoint    ] Application time: 0.0000129 seconds
[2022-06-16T20:03:39.417+0000][7212][safepoint    ] Entering safepoint region: RevokeBias
[2022-06-16T20:03:39.417+0000][7212][safepoint    ] Leaving safepoint region
[2022-06-16T20:03:39.417+0000][7212][safepoint    ] Total time for which application threads were stopped: 0.0000630 seconds, Stopping threads took: 0.0000185 seconds
[2022-06-16T20:03:39.417+0000][7212][safepoint    ] Application time: 0.0000110 seconds
[2022-06-16T20:03:39.417+0000][7212][safepoint    ] Entering safepoint region: RevokeBias
[2022-06-16T20:03:39.417+0000][7212][safepoint    ] Leaving safepoint region
[2022-06-16T20:03:39.417+0000][7212][safepoint    ] Total time for which application threads were stopped: 0.0000613 seconds, Stopping threads took: 0.0000183 seconds
[2022-06-16T20:03:39.417+0000][7212][safepoint    ] Application time: 0.0000115 seconds
[2022-06-16T20:03:39.417+0000][7212][safepoint    ] Entering safepoint region: RevokeBias
[2022-06-16T20:03:39.417+0000][7212][safepoint    ] Leaving safepoint region
[2022-06-16T20:03:39.417+0000][7212][safepoint    ] Total time for which application threads were stopped: 0.0000622 seconds, Stopping threads took: 0.0000188 seconds
[2022-06-16T20:03:39.417+0000][7212][safepoint    ] Application time: 0.0000116 seconds
[2022-06-16T20:03:39.417+0000][7212][safepoint    ] Entering safepoint region: BulkRevokeBias
[2022-06-16T20:03:39.417+0000][7212][safepoint    ] Leaving safepoint region
[2022-06-16T20:03:39.417+0000][7212][safepoint    ] Total time for which application threads were stopped: 0.0000782 seconds, Stopping threads took: 0.0000188 seconds
[2022-06-16T20:03:39.933+0000][7212][safepoint    ] Application time: 0.5085975 seconds
[2022-06-16T20:03:39.933+0000][7212][safepoint    ] Entering safepoint region: GenCollectForAllocation
[2022-06-16T20:03:39.933+0000][7212][gc,start     ] GC(7) Pause Young (Allocation Failure)
[2022-06-16T20:03:39.933+0000][7212][gc,task      ] GC(7) Using 2 workers of 2 for evacuation
[2022-06-16T20:03:39.933+0000][7212][gc,age       ] GC(7) Desired survivor size 8716288 bytes, new threshold 6 (max threshold 6)
[2022-06-16T20:03:39.933+0000][7212][gc,age       ] GC(7) Age table with threshold 6 (max threshold 6)
[2022-06-16T20:03:39.933+0000][7212][gc,age       ] GC(7) - age   1:    1516664 bytes,    1516664 total
[2022-06-16T20:03:39.933+0000][7212][gc,age       ] GC(7) - age   2:     545880 bytes,    2062544 total
[2022-06-16T20:03:39.933+0000][7212][gc,age       ] GC(7) - age   3:    1759608 bytes,    3822152 total
[2022-06-16T20:03:39.933+0000][7212][gc,age       ] GC(7) - age   4:     290976 bytes,    4113128 total
[2022-06-16T20:03:39.933+0000][7212][gc,age       ] GC(7) - age   5:    1700136 bytes,    5813264 total
[2022-06-16T20:03:39.933+0000][7212][gc,age       ] GC(7) - age   6:    1665608 bytes,    7478872 total
[2022-06-16T20:03:39.933+0000][7212][gc,heap      ] GC(7) ParNew: 146978K->10670K(153344K)
[2022-06-16T20:03:39.933+0000][7212][gc,heap      ] GC(7) CMS: 8902K->8902K(878208K)
[2022-06-16T20:03:39.933+0000][7212][gc,metaspace ] GC(7) Metaspace: 26698K->26698K(1075200K)
[2022-06-16T20:03:39.933+0000][7212][gc           ] GC(7) Pause Young (Allocation Failure) 152M->19M(1007M) 8.195ms
[2022-06-16T20:03:39.933+0000][7212][gc,cpu       ] GC(7) User=0.00s Sys=0.00s Real=0.00s
[2022-06-16T20:03:39.933+0000][7212][safepoint    ] Leaving safepoint region
[2022-06-16T20:03:39.933+0000][7212][safepoint    ] Total time for which application threads were stopped: 0.0083577 seconds, Stopping threads took: 0.0000267 seconds
[2022-06-16T20:03:40.948+0000][7212][safepoint    ] Application time: 1.0028788 seconds
[2022-06-16T20:03:40.948+0000][7212][safepoint    ] Entering safepoint region: Cleanup
[2022-06-16T20:03:40.948+0000][7212][safepoint    ] Leaving safepoint region
[2022-06-16T20:03:40.948+0000][7212][safepoint    ] Total time for which application threads were stopped: 0.0000931 seconds, Stopping threads took: 0.0000266 seconds
[2022-06-16T20:03:41.136+0000][7212][safepoint    ] Application time: 0.2010464 seconds
[2022-06-16T20:03:41.136+0000][7212][safepoint    ] Entering safepoint region: GenCollectForAllocation
[2022-06-16T20:03:41.136+0000][7212][gc,start     ] GC(8) Pause Young (Allocation Failure)
[2022-06-16T20:03:41.136+0000][7212][gc,task      ] GC(8) Using 2 workers of 2 for evacuation
[2022-06-16T20:03:41.151+0000][7212][gc,age       ] GC(8) Desired survivor size 8716288 bytes, new threshold 6 (max threshold 6)
[2022-06-16T20:03:41.151+0000][7212][gc,age       ] GC(8) Age table with threshold 6 (max threshold 6)
[2022-06-16T20:03:41.151+0000][7212][gc,age       ] GC(8) - age   1:     872792 bytes,     872792 total
[2022-06-16T20:03:41.151+0000][7212][gc,age       ] GC(8) - age   2:    1509928 bytes,    2382720 total
[2022-06-16T20:03:41.151+0000][7212][gc,age       ] GC(8) - age   3:     545776 bytes,    2928496 total
[2022-06-16T20:03:41.151+0000][7212][gc,age       ] GC(8) - age   4:    1759320 bytes,    4687816 total
[2022-06-16T20:03:41.151+0000][7212][gc,age       ] GC(8) - age   5:     290976 bytes,    4978792 total
[2022-06-16T20:03:41.151+0000][7212][gc,age       ] GC(8) - age   6:    1700136 bytes,    6678928 total
[2022-06-16T20:03:41.151+0000][7212][gc,heap      ] GC(8) ParNew: 146990K->10884K(153344K)
[2022-06-16T20:03:41.151+0000][7212][gc,heap      ] GC(8) CMS: 8902K->10543K(878208K)
[2022-06-16T20:03:41.151+0000][7212][gc,metaspace ] GC(8) Metaspace: 27161K->27161K(1075200K)
[2022-06-16T20:03:41.151+0000][7212][gc           ] GC(8) Pause Young (Allocation Failure) 152M->20M(1007M) 9.672ms
[2022-06-16T20:03:41.151+0000][7212][gc,cpu       ] GC(8) User=0.03s Sys=0.00s Real=0.02s
[2022-06-16T20:03:41.151+0000][7212][safepoint    ] Leaving safepoint region
[2022-06-16T20:03:41.151+0000][7212][safepoint    ] Total time for which application threads were stopped: 0.0098294 seconds, Stopping threads took: 0.0000259 seconds
[2022-06-16T20:03:41.948+0000][7212][safepoint    ] Application time: 0.7940518 seconds
[2022-06-16T20:03:41.948+0000][7212][safepoint    ] Entering safepoint region: GenCollectForAllocation
[2022-06-16T20:03:41.948+0000][7212][gc,start     ] GC(9) Pause Young (Allocation Failure)
[2022-06-16T20:03:41.948+0000][7212][gc,task      ] GC(9) Using 2 workers of 2 for evacuation
[2022-06-16T20:03:41.948+0000][7212][gc,age       ] GC(9) Desired survivor size 8716288 bytes, new threshold 6 (max threshold 6)
[2022-06-16T20:03:41.948+0000][7212][gc,age       ] GC(9) Age table with threshold 6 (max threshold 6)
[2022-06-16T20:03:41.948+0000][7212][gc,age       ] GC(9) - age   1:     210776 bytes,     210776 total
[2022-06-16T20:03:41.948+0000][7212][gc,age       ] GC(9) - age   2:     329400 bytes,     540176 total
[2022-06-16T20:03:41.948+0000][7212][gc,age       ] GC(9) - age   3:    1509808 bytes,    2049984 total
[2022-06-16T20:03:41.948+0000][7212][gc,age       ] GC(9) - age   4:     545776 bytes,    2595760 total
[2022-06-16T20:03:41.948+0000][7212][gc,age       ] GC(9) - age   5:    1759320 bytes,    4355080 total
[2022-06-16T20:03:41.948+0000][7212][gc,age       ] GC(9) - age   6:     290976 bytes,    4646056 total
[2022-06-16T20:03:41.948+0000][7212][gc,heap      ] GC(9) ParNew: 147204K->6389K(153344K)
[2022-06-16T20:03:41.948+0000][7212][gc,heap      ] GC(9) CMS: 10543K->12218K(878208K)
[2022-06-16T20:03:41.948+0000][7212][gc,metaspace ] GC(9) Metaspace: 27412K->27412K(1075200K)
[2022-06-16T20:03:41.948+0000][7212][gc           ] GC(9) Pause Young (Allocation Failure) 154M->18M(1007M) 8.912ms
[2022-06-16T20:03:41.948+0000][7212][gc,cpu       ] GC(9) User=0.00s Sys=0.00s Real=0.00s
[2022-06-16T20:03:41.948+0000][7212][safepoint    ] Leaving safepoint region
[2022-06-16T20:03:41.948+0000][7212][safepoint    ] Total time for which application threads were stopped: 0.0091499 seconds, Stopping threads took: 0.0000933 seconds
[2022-06-16T20:03:42.964+0000][7212][safepoint    ] Application time: 1.0032792 seconds
[2022-06-16T20:03:42.964+0000][7212][safepoint    ] Entering safepoint region: Cleanup
[2022-06-16T20:03:42.964+0000][7212][safepoint    ] Leaving safepoint region
[2022-06-16T20:03:42.964+0000][7212][safepoint    ] Total time for which application threads were stopped: 0.0002076 seconds, Stopping threads took: 0.0001409 seconds
[2022-06-16T20:03:43.901+0000][7212][safepoint    ] Application time: 0.9430219 seconds
[2022-06-16T20:03:43.901+0000][7212][safepoint    ] Entering safepoint region: GenCollectForAllocation
[2022-06-16T20:03:43.901+0000][7212][gc,start     ] GC(10) Pause Young (Allocation Failure)
[2022-06-16T20:03:43.901+0000][7212][gc,task      ] GC(10) Using 2 workers of 2 for evacuation
[2022-06-16T20:03:43.917+0000][7212][gc,age       ] GC(10) Desired survivor size 8716288 bytes, new threshold 6 (max threshold 6)
[2022-06-16T20:03:43.917+0000][7212][gc,age       ] GC(10) Age table with threshold 6 (max threshold 6)
[2022-06-16T20:03:43.917+0000][7212][gc,age       ] GC(10) - age   1:     894552 bytes,     894552 total
[2022-06-16T20:03:43.917+0000][7212][gc,age       ] GC(10) - age   2:     192896 bytes,    1087448 total
[2022-06-16T20:03:43.917+0000][7212][gc,age       ] GC(10) - age   3:     329400 bytes,    1416848 total
[2022-06-16T20:03:43.917+0000][7212][gc,age       ] GC(10) - age   4:    1509808 bytes,    2926656 total
[2022-06-16T20:03:43.917+0000][7212][gc,age       ] GC(10) - age   5:     545776 bytes,    3472432 total
[2022-06-16T20:03:43.917+0000][7212][gc,age       ] GC(10) - age   6:    1758304 bytes,    5230736 total
[2022-06-16T20:03:43.917+0000][7212][gc,heap      ] GC(10) ParNew: 142709K->6701K(153344K)
[2022-06-16T20:03:43.917+0000][7212][gc,heap      ] GC(10) CMS: 12218K->12504K(878208K)
[2022-06-16T20:03:43.917+0000][7212][gc,metaspace ] GC(10) Metaspace: 27633K->27633K(1075200K)
[2022-06-16T20:03:43.917+0000][7212][gc           ] GC(10) Pause Young (Allocation Failure) 151M->18M(1007M) 11.732ms
[2022-06-16T20:03:43.917+0000][7212][gc,cpu       ] GC(10) User=0.02s Sys=0.00s Real=0.02s
[2022-06-16T20:03:43.917+0000][7212][safepoint    ] Leaving safepoint region
[2022-06-16T20:03:43.917+0000][7212][safepoint    ] Total time for which application threads were stopped: 0.0119075 seconds, Stopping threads took: 0.0000280 seconds
[2022-06-16T20:03:44.917+0000][7212][safepoint    ] Application time: 0.9962319 seconds
[2022-06-16T20:03:44.917+0000][7212][safepoint    ] Entering safepoint region: Cleanup
[2022-06-16T20:03:44.917+0000][7212][safepoint    ] Leaving safepoint region
[2022-06-16T20:03:44.917+0000][7212][safepoint    ] Total time for which application threads were stopped: 0.0000783 seconds, Stopping threads took: 0.0000259 seconds
[2022-06-16T20:03:45.230+0000][7212][safepoint    ] Application time: 0.3134514 seconds
[2022-06-16T20:03:45.230+0000][7212][safepoint    ] Entering safepoint region: GenCollectForAllocation
[2022-06-16T20:03:45.230+0000][7212][gc,start     ] GC(11) Pause Young (Allocation Failure)
[2022-06-16T20:03:45.230+0000][7212][gc,task      ] GC(11) Using 2 workers of 2 for evacuation
[2022-06-16T20:03:45.230+0000][7212][gc,age       ] GC(11) Desired survivor size 8716288 bytes, new threshold 6 (max threshold 6)
[2022-06-16T20:03:45.230+0000][7212][gc,age       ] GC(11) Age table with threshold 6 (max threshold 6)
[2022-06-16T20:03:45.230+0000][7212][gc,age       ] GC(11) - age   1:    1036536 bytes,    1036536 total
[2022-06-16T20:03:45.230+0000][7212][gc,age       ] GC(11) - age   2:     124536 bytes,    1161072 total
[2022-06-16T20:03:45.230+0000][7212][gc,age       ] GC(11) - age   3:     192896 bytes,    1353968 total
[2022-06-16T20:03:45.230+0000][7212][gc,age       ] GC(11) - age   4:     329248 bytes,    1683216 total
[2022-06-16T20:03:45.230+0000][7212][gc,age       ] GC(11) - age   5:    1509808 bytes,    3193024 total
[2022-06-16T20:03:45.230+0000][7212][gc,age       ] GC(11) - age   6:     545776 bytes,    3738800 total
[2022-06-16T20:03:45.230+0000][7212][gc,heap      ] GC(11) ParNew: 143021K->7422K(153344K)
[2022-06-16T20:03:45.230+0000][7212][gc,heap      ] GC(11) CMS: 12504K->14229K(878208K)
[2022-06-16T20:03:45.230+0000][7212][gc,metaspace ] GC(11) Metaspace: 27676K->27676K(1075200K)
[2022-06-16T20:03:45.230+0000][7212][gc           ] GC(11) Pause Young (Allocation Failure) 151M->21M(1007M) 6.929ms
[2022-06-16T20:03:45.230+0000][7212][gc,cpu       ] GC(11) User=0.00s Sys=0.00s Real=0.00s
[2022-06-16T20:03:45.230+0000][7212][safepoint    ] Leaving safepoint region
[2022-06-16T20:03:45.230+0000][7212][safepoint    ] Total time for which application threads were stopped: 0.0070833 seconds, Stopping threads took: 0.0000270 seconds
[2022-06-16T20:03:46.230+0000][7212][safepoint    ] Application time: 0.9911575 seconds
[2022-06-16T20:03:46.230+0000][7212][safepoint    ] Entering safepoint region: Cleanup
[2022-06-16T20:03:46.230+0000][7212][safepoint    ] Leaving safepoint region
[2022-06-16T20:03:46.230+0000][7212][safepoint    ] Total time for which application threads were stopped: 0.0000773 seconds, Stopping threads took: 0.0000238 seconds
[2022-06-16T20:03:46.980+0000][7212][safepoint    ] Application time: 0.7639681 seconds
[2022-06-16T20:03:46.980+0000][7212][safepoint    ] Entering safepoint region: GenCollectForAllocation
[2022-06-16T20:03:46.980+0000][7212][gc,start     ] GC(12) Pause Young (Allocation Failure)
[2022-06-16T20:03:46.980+0000][7212][gc,task      ] GC(12) Using 2 workers of 2 for evacuation
[2022-06-16T20:03:46.995+0000][7212][gc,age       ] GC(12) Desired survivor size 8716288 bytes, new threshold 6 (max threshold 6)
[2022-06-16T20:03:46.995+0000][7212][gc,age       ] GC(12) Age table with threshold 6 (max threshold 6)
[2022-06-16T20:03:46.995+0000][7212][gc,age       ] GC(12) - age   1:    1153920 bytes,    1153920 total
[2022-06-16T20:03:46.995+0000][7212][gc,age       ] GC(12) - age   2:      81448 bytes,    1235368 total
[2022-06-16T20:03:46.995+0000][7212][gc,age       ] GC(12) - age   3:     124472 bytes,    1359840 total
[2022-06-16T20:03:46.995+0000][7212][gc,age       ] GC(12) - age   4:     192896 bytes,    1552736 total
[2022-06-16T20:03:46.995+0000][7212][gc,age       ] GC(12) - age   5:     329248 bytes,    1881984 total
[2022-06-16T20:03:46.995+0000][7212][gc,age       ] GC(12) - age   6:    1509808 bytes,    3391792 total
[2022-06-16T20:03:46.995+0000][7212][gc,heap      ] GC(12) ParNew: 143742K->3909K(153344K)
[2022-06-16T20:03:46.995+0000][7212][gc,heap      ] GC(12) CMS: 14229K->14764K(878208K)
[2022-06-16T20:03:46.995+0000][7212][gc,metaspace ] GC(12) Metaspace: 27712K->27712K(1075200K)
[2022-06-16T20:03:46.995+0000][7212][gc           ] GC(12) Pause Young (Allocation Failure) 154M->18M(1007M) 6.824ms
[2022-06-16T20:03:46.995+0000][7212][gc,cpu       ] GC(12) User=0.03s Sys=0.00s Real=0.01s
[2022-06-16T20:03:46.995+0000][7212][safepoint    ] Leaving safepoint region
[2022-06-16T20:03:46.995+0000][7212][safepoint    ] Total time for which application threads were stopped: 0.0069946 seconds, Stopping threads took: 0.0000298 seconds
[2022-06-16T20:03:47.808+0000][7212][safepoint    ] Application time: 0.8215917 seconds
[2022-06-16T20:03:47.808+0000][7212][safepoint    ] Entering safepoint region: Deoptimize
[2022-06-16T20:03:47.808+0000][7212][safepoint    ] Leaving safepoint region
[2022-06-16T20:03:47.808+0000][7212][safepoint    ] Total time for which application threads were stopped: 0.0004505 seconds, Stopping threads took: 0.0000214 seconds
[2022-06-16T20:03:47.901+0000][7212][safepoint    ] Application time: 0.0870744 seconds
[2022-06-16T20:03:47.901+0000][7212][safepoint    ] Entering safepoint region: Deoptimize
[2022-06-16T20:03:47.901+0000][7212][safepoint    ] Leaving safepoint region
[2022-06-16T20:03:47.901+0000][7212][safepoint    ] Total time for which application threads were stopped: 0.0004992 seconds, Stopping threads took: 0.0000254 seconds
[2022-06-16T20:03:48.464+0000][7212][safepoint    ] Application time: 0.5610506 seconds
[2022-06-16T20:03:48.464+0000][7212][safepoint    ] Entering safepoint region: GenCollectForAllocation
[2022-06-16T20:03:48.464+0000][7212][gc,start     ] GC(13) Pause Young (Allocation Failure)
[2022-06-16T20:03:48.464+0000][7212][gc,task      ] GC(13) Using 2 workers of 2 for evacuation
[2022-06-16T20:03:48.464+0000][7212][gc,age       ] GC(13) Desired survivor size 8716288 bytes, new threshold 6 (max threshold 6)
[2022-06-16T20:03:48.464+0000][7212][gc,age       ] GC(13) Age table with threshold 6 (max threshold 6)
[2022-06-16T20:03:48.464+0000][7212][gc,age       ] GC(13) - age   1:    2304504 bytes,    2304504 total
[2022-06-16T20:03:48.464+0000][7212][gc,age       ] GC(13) - age   2:     265744 bytes,    2570248 total
[2022-06-16T20:03:48.464+0000][7212][gc,age       ] GC(13) - age   3:      81344 bytes,    2651592 total
[2022-06-16T20:03:48.464+0000][7212][gc,age       ] GC(13) - age   4:     124472 bytes,    2776064 total
[2022-06-16T20:03:48.464+0000][7212][gc,age       ] GC(13) - age   5:     192832 bytes,    2968896 total
[2022-06-16T20:03:48.464+0000][7212][gc,age       ] GC(13) - age   6:     329248 bytes,    3298144 total
[2022-06-16T20:03:48.464+0000][7212][gc,heap      ] GC(13) ParNew: 140229K->4704K(153344K)
[2022-06-16T20:03:48.464+0000][7212][gc,heap      ] GC(13) CMS: 14764K->16241K(878208K)
[2022-06-16T20:03:48.464+0000][7212][gc,metaspace ] GC(13) Metaspace: 29571K->29571K(1077248K)
[2022-06-16T20:03:48.464+0000][7212][gc           ] GC(13) Pause Young (Allocation Failure) 151M->20M(1007M) 7.120ms
[2022-06-16T20:03:48.464+0000][7212][gc,cpu       ] GC(13) User=0.00s Sys=0.00s Real=0.00s
[2022-06-16T20:03:48.464+0000][7212][safepoint    ] Leaving safepoint region
[2022-06-16T20:03:48.464+0000][7212][safepoint    ] Total time for which application threads were stopped: 0.0073148 seconds, Stopping threads took: 0.0000270 seconds
[2022-06-16T20:03:48.948+0000][7212][safepoint    ] Application time: 0.4708690 seconds
[2022-06-16T20:03:48.948+0000][7212][safepoint    ] Entering safepoint region: GenCollectForAllocation
[2022-06-16T20:03:48.948+0000][7212][gc,start     ] GC(14) Pause Young (Allocation Failure)
[2022-06-16T20:03:48.948+0000][7212][gc,task      ] GC(14) Using 2 workers of 2 for evacuation
[2022-06-16T20:03:48.948+0000][7212][gc,age       ] GC(14) Desired survivor size 8716288 bytes, new threshold 6 (max threshold 6)
[2022-06-16T20:03:48.948+0000][7212][gc,age       ] GC(14) Age table with threshold 6 (max threshold 6)
[2022-06-16T20:03:48.948+0000][7212][gc,age       ] GC(14) - age   1:     945784 bytes,     945784 total
[2022-06-16T20:03:48.948+0000][7212][gc,age       ] GC(14) - age   2:    1480712 bytes,    2426496 total
[2022-06-16T20:03:48.948+0000][7212][gc,age       ] GC(14) - age   3:     265744 bytes,    2692240 total
[2022-06-16T20:03:48.948+0000][7212][gc,age       ] GC(14) - age   4:      81344 bytes,    2773584 total
[2022-06-16T20:03:48.948+0000][7212][gc,age       ] GC(14) - age   5:     124472 bytes,    2898056 total
[2022-06-16T20:03:48.948+0000][7212][gc,age       ] GC(14) - age   6:     192832 bytes,    3090888 total
[2022-06-16T20:03:48.948+0000][7212][gc,heap      ] GC(14) ParNew: 141024K->4798K(153344K)
[2022-06-16T20:03:48.948+0000][7212][gc,heap      ] GC(14) CMS: 16241K->16565K(878208K)
[2022-06-16T20:03:48.948+0000][7212][gc,metaspace ] GC(14) Metaspace: 29770K->29770K(1077248K)
[2022-06-16T20:03:48.948+0000][7212][gc           ] GC(14) Pause Young (Allocation Failure) 153M->20M(1007M) 6.223ms
[2022-06-16T20:03:48.948+0000][7212][gc,cpu       ] GC(14) User=0.00s Sys=0.00s Real=0.00s
[2022-06-16T20:03:48.948+0000][7212][safepoint    ] Leaving safepoint region
[2022-06-16T20:03:48.948+0000][7212][safepoint    ] Total time for which application threads were stopped: 0.0063797 seconds, Stopping threads took: 0.0000267 seconds
[2022-06-16T20:03:49.964+0000][7212][safepoint    ] Application time: 1.0076793 seconds
[2022-06-16T20:03:49.964+0000][7212][safepoint    ] Entering safepoint region: Cleanup
[2022-06-16T20:03:49.964+0000][7212][safepoint    ] Leaving safepoint region
[2022-06-16T20:03:49.964+0000][7212][safepoint    ] Total time for which application threads were stopped: 0.0001702 seconds, Stopping threads took: 0.0000255 seconds
[2022-06-16T20:03:50.308+0000][7212][safepoint    ] Application time: 0.3529165 seconds
[2022-06-16T20:03:50.308+0000][7212][safepoint    ] Entering safepoint region: GenCollectForAllocation
[2022-06-16T20:03:50.308+0000][7212][gc,start     ] GC(15) Pause Young (Allocation Failure)
[2022-06-16T20:03:50.308+0000][7212][gc,task      ] GC(15) Using 2 workers of 2 for evacuation
[2022-06-16T20:03:50.308+0000][7212][gc,age       ] GC(15) Desired survivor size 8716288 bytes, new threshold 6 (max threshold 6)
[2022-06-16T20:03:50.308+0000][7212][gc,age       ] GC(15) Age table with threshold 6 (max threshold 6)
[2022-06-16T20:03:50.308+0000][7212][gc,age       ] GC(15) - age   1:     242728 bytes,     242728 total
[2022-06-16T20:03:50.308+0000][7212][gc,age       ] GC(15) - age   2:     472408 bytes,     715136 total
[2022-06-16T20:03:50.308+0000][7212][gc,age       ] GC(15) - age   3:    1480712 bytes,    2195848 total
[2022-06-16T20:03:50.308+0000][7212][gc,age       ] GC(15) - age   4:     265744 bytes,    2461592 total
[2022-06-16T20:03:50.308+0000][7212][gc,age       ] GC(15) - age   5:      81128 bytes,    2542720 total
[2022-06-16T20:03:50.308+0000][7212][gc,age       ] GC(15) - age   6:     124472 bytes,    2667192 total
[2022-06-16T20:03:50.308+0000][7212][gc,heap      ] GC(15) ParNew: 141118K->4595K(153344K)
[2022-06-16T20:03:50.308+0000][7212][gc,heap      ] GC(15) CMS: 16565K->16763K(878208K)
[2022-06-16T20:03:50.308+0000][7212][gc,metaspace ] GC(15) Metaspace: 29845K->29845K(1077248K)
[2022-06-16T20:03:50.308+0000][7212][gc           ] GC(15) Pause Young (Allocation Failure) 153M->20M(1007M) 5.591ms
[2022-06-16T20:03:50.308+0000][7212][gc,cpu       ] GC(15) User=0.00s Sys=0.00s Real=0.00s
[2022-06-16T20:03:50.308+0000][7212][safepoint    ] Leaving safepoint region
[2022-06-16T20:03:50.308+0000][7212][safepoint    ] Total time for which application threads were stopped: 0.0057367 seconds, Stopping threads took: 0.0000197 seconds
[2022-06-16T20:03:51.105+0000][7212][safepoint    ] Application time: 0.7951085 seconds
[2022-06-16T20:03:51.105+0000][7212][safepoint    ] Entering safepoint region: GenCollectForAllocation
[2022-06-16T20:03:51.105+0000][7212][gc,start     ] GC(16) Pause Young (Allocation Failure)
[2022-06-16T20:03:51.105+0000][7212][gc,task      ] GC(16) Using 2 workers of 2 for evacuation
[2022-06-16T20:03:51.120+0000][7212][gc,age       ] GC(16) Desired survivor size 8716288 bytes, new threshold 6 (max threshold 6)
[2022-06-16T20:03:51.120+0000][7212][gc,age       ] GC(16) Age table with threshold 6 (max threshold 6)
[2022-06-16T20:03:51.120+0000][7212][gc,age       ] GC(16) - age   1:     516128 bytes,     516128 total
[2022-06-16T20:03:51.120+0000][7212][gc,age       ] GC(16) - age   2:     229504 bytes,     745632 total
[2022-06-16T20:03:51.120+0000][7212][gc,age       ] GC(16) - age   3:     472408 bytes,    1218040 total
[2022-06-16T20:03:51.120+0000][7212][gc,age       ] GC(16) - age   4:    1480712 bytes,    2698752 total
[2022-06-16T20:03:51.120+0000][7212][gc,age       ] GC(16) - age   5:     265744 bytes,    2964496 total
[2022-06-16T20:03:51.120+0000][7212][gc,age       ] GC(16) - age   6:      81128 bytes,    3045624 total
[2022-06-16T20:03:51.120+0000][7212][gc,heap      ] GC(16) ParNew: 140915K->3485K(153344K)
[2022-06-16T20:03:51.120+0000][7212][gc,heap      ] GC(16) CMS: 16763K->16888K(878208K)
[2022-06-16T20:03:51.120+0000][7212][gc,metaspace ] GC(16) Metaspace: 29856K->29856K(1077248K)
[2022-06-16T20:03:51.120+0000][7212][gc           ] GC(16) Pause Young (Allocation Failure) 153M->19M(1007M) 5.582ms
[2022-06-16T20:03:51.120+0000][7212][gc,cpu       ] GC(16) User=0.03s Sys=0.00s Real=0.01s
[2022-06-16T20:03:51.120+0000][7212][safepoint    ] Leaving safepoint region
[2022-06-16T20:03:51.120+0000][7212][safepoint    ] Total time for which application threads were stopped: 0.0057496 seconds, Stopping threads took: 0.0000258 seconds
[2022-06-16T20:03:52.995+0000][7212][safepoint    ] Application time: 1.8794354 seconds
[2022-06-16T20:03:52.995+0000][7212][safepoint    ] Entering safepoint region: GenCollectForAllocation
[2022-06-16T20:03:52.995+0000][7212][gc,start     ] GC(17) Pause Young (Allocation Failure)
[2022-06-16T20:03:52.995+0000][7212][gc,task      ] GC(17) Using 2 workers of 2 for evacuation
[2022-06-16T20:03:52.995+0000][7212][gc,age       ] GC(17) Desired survivor size 8716288 bytes, new threshold 6 (max threshold 6)
[2022-06-16T20:03:52.995+0000][7212][gc,age       ] GC(17) Age table with threshold 6 (max threshold 6)
[2022-06-16T20:03:52.995+0000][7212][gc,age       ] GC(17) - age   1:    1097904 bytes,    1097904 total
[2022-06-16T20:03:52.995+0000][7212][gc,age       ] GC(17) - age   2:      45480 bytes,    1143384 total
[2022-06-16T20:03:52.995+0000][7212][gc,age       ] GC(17) - age   3:     229504 bytes,    1372888 total
[2022-06-16T20:03:52.995+0000][7212][gc,age       ] GC(17) - age   4:     472408 bytes,    1845296 total
[2022-06-16T20:03:52.995+0000][7212][gc,age       ] GC(17) - age   5:    1480624 bytes,    3325920 total
[2022-06-16T20:03:52.995+0000][7212][gc,age       ] GC(17) - age   6:     265744 bytes,    3591664 total
[2022-06-16T20:03:52.995+0000][7212][gc,heap      ] GC(17) ParNew: 139805K->5332K(153344K)
[2022-06-16T20:03:52.995+0000][7212][gc,heap      ] GC(17) CMS: 16888K->16969K(878208K)
[2022-06-16T20:03:52.995+0000][7212][gc,metaspace ] GC(17) Metaspace: 29908K->29908K(1077248K)
[2022-06-16T20:03:52.995+0000][7212][gc           ] GC(17) Pause Young (Allocation Failure) 153M->21M(1007M) 5.755ms
[2022-06-16T20:03:52.995+0000][7212][gc,cpu       ] GC(17) User=0.00s Sys=0.00s Real=0.00s
[2022-06-16T20:03:52.995+0000][7212][safepoint    ] Leaving safepoint region
[2022-06-16T20:03:52.995+0000][7212][safepoint    ] Total time for which application threads were stopped: 0.0059222 seconds, Stopping threads took: 0.0000267 seconds
[2022-06-16T20:03:53.995+0000][7212][safepoint    ] Application time: 0.9998286 seconds
[2022-06-16T20:03:53.995+0000][7212][safepoint    ] Entering safepoint region: RevokeBias
[2022-06-16T20:03:53.995+0000][7212][safepoint    ] Leaving safepoint region
[2022-06-16T20:03:53.995+0000][7212][safepoint    ] Total time for which application threads were stopped: 0.0001018 seconds, Stopping threads took: 0.0000243 seconds
[2022-06-16T20:03:54.011+0000][7212][safepoint    ] Application time: 0.0082515 seconds
[2022-06-16T20:03:54.011+0000][7212][safepoint    ] Entering safepoint region: RevokeBias
[2022-06-16T20:03:54.011+0000][7212][safepoint    ] Leaving safepoint region
[2022-06-16T20:03:54.011+0000][7212][safepoint    ] Total time for which application threads were stopped: 0.0000913 seconds, Stopping threads took: 0.0000238 seconds
[2022-06-16T20:03:54.089+0000][7212][safepoint    ] Application time: 0.0797544 seconds
[2022-06-16T20:03:54.089+0000][7212][safepoint    ] Entering safepoint region: Deoptimize
[2022-06-16T20:03:54.089+0000][7212][safepoint    ] Leaving safepoint region
[2022-06-16T20:03:54.089+0000][7212][safepoint    ] Total time for which application threads were stopped: 0.0004797 seconds, Stopping threads took: 0.0000266 seconds
[2022-06-16T20:03:55.089+0000][7212][safepoint    ] Application time: 0.9909669 seconds
[2022-06-16T20:03:55.089+0000][7212][safepoint    ] Entering safepoint region: Cleanup
[2022-06-16T20:03:55.089+0000][7212][safepoint    ] Leaving safepoint region
[2022-06-16T20:03:55.089+0000][7212][safepoint    ] Total time for which application threads were stopped: 0.0000749 seconds, Stopping threads took: 0.0000248 seconds
[2022-06-16T20:03:57.104+0000][7212][safepoint    ] Application time: 2.0154686 seconds
[2022-06-16T20:03:57.104+0000][7212][safepoint    ] Entering safepoint region: Cleanup
[2022-06-16T20:03:57.104+0000][7212][safepoint    ] Leaving safepoint region
[2022-06-16T20:03:57.104+0000][7212][safepoint    ] Total time for which application threads were stopped: 0.0005856 seconds, Stopping threads took: 0.0004553 seconds
[2022-06-16T20:03:57.104+0000][7212][safepoint    ] Application time: 0.0004015 seconds
[2022-06-16T20:03:57.104+0000][7212][safepoint    ] Entering safepoint region: RevokeBias
[2022-06-16T20:03:57.104+0000][7212][safepoint    ] Leaving safepoint region
[2022-06-16T20:03:57.104+0000][7212][safepoint    ] Total time for which application threads were stopped: 0.0001944 seconds, Stopping threads took: 0.0000820 seconds
[2022-06-16T20:03:57.120+0000][7212][safepoint    ] Application time: 0.0236663 seconds
[2022-06-16T20:03:57.120+0000][7212][safepoint    ] Entering safepoint region: GenCollectForAllocation
[2022-06-16T20:03:57.120+0000][7212][gc,start     ] GC(18) Pause Young (Allocation Failure)
[2022-06-16T20:03:57.120+0000][7212][gc,task      ] GC(18) Using 2 workers of 2 for evacuation
[2022-06-16T20:03:57.135+0000][7212][gc,age       ] GC(18) Desired survivor size 8716288 bytes, new threshold 6 (max threshold 6)
[2022-06-16T20:03:57.135+0000][7212][gc,age       ] GC(18) Age table with threshold 6 (max threshold 6)
[2022-06-16T20:03:57.135+0000][7212][gc,age       ] GC(18) - age   1:    2006032 bytes,    2006032 total
[2022-06-16T20:03:57.135+0000][7212][gc,age       ] GC(18) - age   2:     286536 bytes,    2292568 total
[2022-06-16T20:03:57.135+0000][7212][gc,age       ] GC(18) - age   3:      45120 bytes,    2337688 total
[2022-06-16T20:03:57.135+0000][7212][gc,age       ] GC(18) - age   4:     229392 bytes,    2567080 total
[2022-06-16T20:03:57.135+0000][7212][gc,age       ] GC(18) - age   5:     471784 bytes,    3038864 total
[2022-06-16T20:03:57.135+0000][7212][gc,age       ] GC(18) - age   6:    1479824 bytes,    4518688 total
[2022-06-16T20:03:57.135+0000][7212][gc,heap      ] GC(18) ParNew: 141652K->6594K(153344K)
[2022-06-16T20:03:57.135+0000][7212][gc,heap      ] GC(18) CMS: 16969K->17229K(878208K)
[2022-06-16T20:03:57.135+0000][7212][gc,metaspace ] GC(18) Metaspace: 35094K->35094K(1083392K)
[2022-06-16T20:03:57.135+0000][7212][gc           ] GC(18) Pause Young (Allocation Failure) 154M->23M(1007M) 9.773ms
[2022-06-16T20:03:57.135+0000][7212][gc,cpu       ] GC(18) User=0.03s Sys=0.00s Real=0.02s
[2022-06-16T20:03:57.135+0000][7212][safepoint    ] Leaving safepoint region
[2022-06-16T20:03:57.135+0000][7212][safepoint    ] Total time for which application threads were stopped: 0.0099436 seconds, Stopping threads took: 0.0000242 seconds
[2022-06-16T20:03:57.541+0000][7212][safepoint    ] Application time: 0.4142402 seconds
[2022-06-16T20:03:57.541+0000][7212][safepoint    ] Entering safepoint region: CollectForMetadataAllocation
[2022-06-16T20:03:57.541+0000][7212][safepoint    ] Leaving safepoint region
[2022-06-16T20:03:57.541+0000][7212][safepoint    ] Total time for which application threads were stopped: 0.0003075 seconds, Stopping threads took: 0.0000260 seconds
[2022-06-16T20:03:57.557+0000][7212][safepoint    ] Application time: 0.0107033 seconds
[2022-06-16T20:03:57.557+0000][7212][safepoint    ] Entering safepoint region: CollectForMetadataAllocation
[2022-06-16T20:03:57.557+0000][7212][safepoint    ] Leaving safepoint region
[2022-06-16T20:03:57.557+0000][7212][safepoint    ] Total time for which application threads were stopped: 0.0002154 seconds, Stopping threads took: 0.0000258 seconds
[2022-06-16T20:03:57.573+0000][7212][safepoint    ] Application time: 0.0165351 seconds
[2022-06-16T20:03:57.573+0000][7212][safepoint    ] Entering safepoint region: CollectForMetadataAllocation
[2022-06-16T20:03:57.573+0000][7212][safepoint    ] Leaving safepoint region
[2022-06-16T20:03:57.573+0000][7212][safepoint    ] Total time for which application threads were stopped: 0.0002066 seconds, Stopping threads took: 0.0000259 seconds
[2022-06-16T20:03:57.604+0000][7212][safepoint    ] Application time: 0.0276192 seconds
[2022-06-16T20:03:57.604+0000][7212][safepoint    ] Entering safepoint region: CollectForMetadataAllocation
[2022-06-16T20:03:57.604+0000][7212][safepoint    ] Leaving safepoint region
[2022-06-16T20:03:57.604+0000][7212][safepoint    ] Total time for which application threads were stopped: 0.0002191 seconds, Stopping threads took: 0.0000282 seconds
[2022-06-16T20:03:57.635+0000][7212][safepoint    ] Application time: 0.0275434 seconds
[2022-06-16T20:03:57.635+0000][7212][safepoint    ] Entering safepoint region: CollectForMetadataAllocation
[2022-06-16T20:03:57.635+0000][7212][safepoint    ] Leaving safepoint region
[2022-06-16T20:03:57.635+0000][7212][safepoint    ] Total time for which application threads were stopped: 0.0002212 seconds, Stopping threads took: 0.0000261 seconds
[2022-06-16T20:03:57.635+0000][7212][safepoint    ] Application time: 0.0102865 seconds
[2022-06-16T20:03:57.635+0000][7212][safepoint    ] Entering safepoint region: Deoptimize
[2022-06-16T20:03:57.635+0000][7212][safepoint    ] Leaving safepoint region
[2022-06-16T20:03:57.635+0000][7212][safepoint    ] Total time for which application threads were stopped: 0.0004779 seconds, Stopping threads took: 0.0000249 seconds
[2022-06-16T20:03:57.651+0000][7212][safepoint    ] Application time: 0.0028758 seconds
[2022-06-16T20:03:57.651+0000][7212][safepoint    ] Entering safepoint region: CollectForMetadataAllocation
[2022-06-16T20:03:57.651+0000][7212][safepoint    ] Leaving safepoint region
[2022-06-16T20:03:57.651+0000][7212][safepoint    ] Total time for which application threads were stopped: 0.0001967 seconds, Stopping threads took: 0.0000231 seconds
[2022-06-16T20:03:57.651+0000][7212][safepoint    ] Application time: 0.0104454 seconds
[2022-06-16T20:03:57.651+0000][7212][safepoint    ] Entering safepoint region: Deoptimize
[2022-06-16T20:03:57.651+0000][7212][safepoint    ] Leaving safepoint region
[2022-06-16T20:03:57.651+0000][7212][safepoint    ] Total time for which application threads were stopped: 0.0004508 seconds, Stopping threads took: 0.0000242 seconds
[2022-06-16T20:03:57.666+0000][7212][safepoint    ] Application time: 0.0082253 seconds
[2022-06-16T20:03:57.666+0000][7212][safepoint    ] Entering safepoint region: Deoptimize
[2022-06-16T20:03:57.666+0000][7212][safepoint    ] Leaving safepoint region
[2022-06-16T20:03:57.666+0000][7212][safepoint    ] Total time for which application threads were stopped: 0.0004230 seconds, Stopping threads took: 0.0000186 seconds
[2022-06-16T20:03:57.666+0000][7212][safepoint    ] Application time: 0.0006723 seconds
[2022-06-16T20:03:57.666+0000][7212][safepoint    ] Entering safepoint region: CollectForMetadataAllocation
[2022-06-16T20:03:57.666+0000][7212][safepoint    ] Leaving safepoint region
[2022-06-16T20:03:57.666+0000][7212][safepoint    ] Total time for which application threads were stopped: 0.0001945 seconds, Stopping threads took: 0.0000220 seconds
[2022-06-16T20:03:57.698+0000][7212][safepoint    ] Application time: 0.0286500 seconds
[2022-06-16T20:03:57.698+0000][7212][safepoint    ] Entering safepoint region: CollectForMetadataAllocation
[2022-06-16T20:03:57.698+0000][7212][safepoint    ] Leaving safepoint region
[2022-06-16T20:03:57.698+0000][7212][safepoint    ] Total time for which application threads were stopped: 0.0001443 seconds, Stopping threads took: 0.0000246 seconds
[2022-06-16T20:03:57.698+0000][7212][safepoint    ] Application time: 0.0049766 seconds
[2022-06-16T20:03:57.698+0000][7212][safepoint    ] Entering safepoint region: RevokeBias
[2022-06-16T20:03:57.698+0000][7212][safepoint    ] Leaving safepoint region
[2022-06-16T20:03:57.698+0000][7212][safepoint    ] Total time for which application threads were stopped: 0.0000701 seconds, Stopping threads took: 0.0000247 seconds
[2022-06-16T20:03:57.791+0000][7212][safepoint    ] Application time: 0.0992150 seconds
[2022-06-16T20:03:57.791+0000][7212][safepoint    ] Entering safepoint region: CollectForMetadataAllocation
[2022-06-16T20:03:57.791+0000][7212][safepoint    ] Leaving safepoint region
[2022-06-16T20:03:57.791+0000][7212][safepoint    ] Total time for which application threads were stopped: 0.0001479 seconds, Stopping threads took: 0.0000259 seconds
[2022-06-16T20:03:57.932+0000][7212][safepoint    ] Application time: 0.1326371 seconds
[2022-06-16T20:03:57.932+0000][7212][safepoint    ] Entering safepoint region: CollectForMetadataAllocation
[2022-06-16T20:03:57.932+0000][7212][safepoint    ] Leaving safepoint region
[2022-06-16T20:03:57.932+0000][7212][safepoint    ] Total time for which application threads were stopped: 0.0002288 seconds, Stopping threads took: 0.0000255 seconds
[2022-06-16T20:03:57.948+0000][7212][safepoint    ] Application time: 0.0233886 seconds
[2022-06-16T20:03:57.948+0000][7212][safepoint    ] Entering safepoint region: RevokeBias
[2022-06-16T20:03:57.948+0000][7212][safepoint    ] Leaving safepoint region
[2022-06-16T20:03:57.948+0000][7212][safepoint    ] Total time for which application threads were stopped: 0.0000839 seconds, Stopping threads took: 0.0000252 seconds
[2022-06-16T20:03:58.213+0000][7212][safepoint    ] Application time: 0.2589345 seconds
[2022-06-16T20:03:58.213+0000][7212][safepoint    ] Entering safepoint region: CollectForMetadataAllocation
[2022-06-16T20:03:58.213+0000][7212][safepoint    ] Leaving safepoint region
[2022-06-16T20:03:58.213+0000][7212][safepoint    ] Total time for which application threads were stopped: 0.0002246 seconds, Stopping threads took: 0.0000257 seconds
[2022-06-16T20:03:59.151+0000][7212][safepoint    ] Application time: 0.9300660 seconds
[2022-06-16T20:03:59.151+0000][7212][safepoint    ] Entering safepoint region: CMS_Initial_Mark
[2022-06-16T20:03:59.151+0000][7212][gc,start     ] GC(19) Pause Initial Mark
[2022-06-16T20:03:59.182+0000][7212][gc           ] GC(19) Pause Initial Mark 97M->97M(1007M) 33.593ms
[2022-06-16T20:03:59.182+0000][7212][gc,cpu       ] GC(19) User=0.06s Sys=0.00s Real=0.03s
[2022-06-16T20:03:59.182+0000][7212][safepoint    ] Leaving safepoint region
[2022-06-16T20:03:59.182+0000][7212][safepoint    ] Total time for which application threads were stopped: 0.0338448 seconds, Stopping threads took: 0.0000639 seconds
[2022-06-16T20:03:59.182+0000][7212][gc           ] GC(19) Concurrent Mark
[2022-06-16T20:03:59.198+0000][7212][gc           ] GC(19) Concurrent Mark 27.220ms
[2022-06-16T20:03:59.198+0000][7212][gc,cpu       ] GC(19) User=0.02s Sys=0.02s Real=0.02s
[2022-06-16T20:03:59.198+0000][7212][gc           ] GC(19) Concurrent Preclean
[2022-06-16T20:03:59.213+0000][7212][gc           ] GC(19) Concurrent Preclean 3.383ms
[2022-06-16T20:03:59.213+0000][7212][gc,cpu       ] GC(19) User=0.03s Sys=0.00s Real=0.02s
[2022-06-16T20:03:59.213+0000][7212][gc           ] GC(19) Concurrent Abortable Preclean
[2022-06-16T20:04:00.072+0000][7212][safepoint    ] Application time: 0.8974190 seconds
[2022-06-16T20:04:00.336+0000][7212][safepoint    ] Entering safepoint region: GenCollectForAllocation
[2022-06-16T20:04:00.336+0000][7212][gc,start     ] GC(20) Pause Young (Allocation Failure)
[2022-06-16T20:04:00.336+0000][7212][gc,task      ] GC(20) Using 2 workers of 2 for evacuation
[2022-06-16T20:04:00.407+0000][7212][gc,age       ] GC(20) Desired survivor size 8716288 bytes, new threshold 1 (max threshold 6)
[2022-06-16T20:04:00.408+0000][7212][gc,age       ] GC(20) Age table with threshold 1 (max threshold 6)
[2022-06-16T20:04:00.408+0000][7212][gc,age       ] GC(20) - age   1:   13526840 bytes,   13526840 total
[2022-06-16T20:04:00.408+0000][7212][gc,age       ] GC(20) - age   2:    1958384 bytes,   15485224 total
[2022-06-16T20:04:00.408+0000][7212][gc,age       ] GC(20) - age   3:     286112 bytes,   15771336 total
[2022-06-16T20:04:00.408+0000][7212][gc,age       ] GC(20) - age   4:      45120 bytes,   15816456 total
[2022-06-16T20:04:00.408+0000][7212][gc,age       ] GC(20) - age   5:     228088 bytes,   16044544 total
[2022-06-16T20:04:00.408+0000][7212][gc,age       ] GC(20) - age   6:     470144 bytes,   16514688 total
[2022-06-16T20:04:00.408+0000][7212][gc,heap      ] GC(20) ParNew: 142914K->16535K(153344K)
[2022-06-16T20:04:00.408+0000][7212][gc,heap      ] GC(20) CMS: 17229K->18681K(878208K)
[2022-06-16T20:04:00.408+0000][7212][gc,metaspace ] GC(20) Metaspace: 40084K->40084K(1087488K)
[2022-06-16T20:04:00.408+0000][7212][gc           ] GC(20) Pause Young (Allocation Failure) 156M->34M(1007M) 71.806ms
[2022-06-16T20:04:00.408+0000][7212][gc,cpu       ] GC(20) User=0.06s Sys=0.00s Real=0.07s
[2022-06-16T20:04:00.408+0000][7212][safepoint    ] Leaving safepoint region
[2022-06-16T20:04:00.408+0000][7212][safepoint    ] Total time for which application threads were stopped: 0.3258940 seconds, Stopping threads took: 0.2539112 seconds
[2022-06-16T20:04:01.739+0000][7212][safepoint    ] Application time: 1.3306801 seconds
[2022-06-16T20:04:01.739+0000][7212][safepoint    ] Entering safepoint region: Cleanup
[2022-06-16T20:04:01.739+0000][7212][safepoint    ] Leaving safepoint region
[2022-06-16T20:04:01.739+0000][7212][safepoint    ] Total time for which application threads were stopped: 0.0001740 seconds, Stopping threads took: 0.0001259 seconds
[2022-06-16T20:04:02.728+0000][7212][safepoint    ] Application time: 0.9900848 seconds
[2022-06-16T20:04:02.728+0000][7212][safepoint    ] Entering safepoint region: RevokeBias
[2022-06-16T20:04:02.728+0000][7212][safepoint    ] Leaving safepoint region
[2022-06-16T20:04:02.728+0000][7212][safepoint    ] Total time for which application threads were stopped: 0.0001832 seconds, Stopping threads took: 0.0001021 seconds
[2022-06-16T20:04:02.900+0000][7212][safepoint    ] Application time: 0.1710975 seconds
[2022-06-16T20:04:02.900+0000][7212][safepoint    ] Entering safepoint region: RevokeBias
[2022-06-16T20:04:02.900+0000][7212][safepoint    ] Leaving safepoint region
[2022-06-16T20:04:02.900+0000][7212][safepoint    ] Total time for which application threads were stopped: 0.0147811 seconds, Stopping threads took: 0.0146215 seconds
[2022-06-16T20:04:02.900+0000][7212][gc           ] GC(19) Concurrent Abortable Preclean 3699.842ms
[2022-06-16T20:04:02.900+0000][7212][gc,cpu       ] GC(19) User=5.30s Sys=0.11s Real=3.69s
[2022-06-16T20:04:02.900+0000][7212][safepoint    ] Application time: 0.0000853 seconds
[2022-06-16T20:04:02.900+0000][7212][safepoint    ] Entering safepoint region: CMS_Final_Remark
[2022-06-16T20:04:02.900+0000][7212][gc,start     ] GC(19) Pause Remark
[2022-06-16T20:04:02.962+0000][7212][gc           ] GC(19) Pause Remark 104M->104M(1007M) 61.002ms
[2022-06-16T20:04:02.962+0000][7212][gc,cpu       ] GC(19) User=0.13s Sys=0.00s Real=0.06s
[2022-06-16T20:04:02.962+0000][7212][safepoint    ] Leaving safepoint region
[2022-06-16T20:04:02.962+0000][7212][safepoint    ] Total time for which application threads were stopped: 0.0611622 seconds, Stopping threads took: 0.0000173 seconds
[2022-06-16T20:04:02.978+0000][7212][gc           ] GC(19) Concurrent Sweep
[2022-06-16T20:04:02.994+0000][7212][gc           ] GC(19) Concurrent Sweep 5.517ms
[2022-06-16T20:04:02.994+0000][7212][gc,cpu       ] GC(19) User=0.03s Sys=0.00s Real=0.02s
[2022-06-16T20:04:02.994+0000][7212][gc           ] GC(19) Concurrent Reset
[2022-06-16T20:04:02.994+0000][7212][gc           ] GC(19) Concurrent Reset 1.194ms
[2022-06-16T20:04:02.994+0000][7212][gc,cpu       ] GC(19) User=0.00s Sys=0.00s Real=0.00s
[2022-06-16T20:04:02.994+0000][7212][gc,heap      ] GC(19) Old: 17229K->18529K(878208K)
[2022-06-16T20:04:03.072+0000][7212][safepoint    ] Application time: 0.1041969 seconds
[2022-06-16T20:04:03.072+0000][7212][safepoint    ] Entering safepoint region: RevokeBias
[2022-06-16T20:04:03.072+0000][7212][safepoint    ] Leaving safepoint region
[2022-06-16T20:04:03.072+0000][7212][safepoint    ] Total time for which application threads were stopped: 0.0001269 seconds, Stopping threads took: 0.0000479 seconds
[2022-06-16T20:04:03.072+0000][7212][safepoint    ] Application time: 0.0035491 seconds
[2022-06-16T20:04:03.072+0000][7212][safepoint    ] Entering safepoint region: RevokeBias
[2022-06-16T20:04:03.072+0000][7212][safepoint    ] Leaving safepoint region
[2022-06-16T20:04:03.072+0000][7212][safepoint    ] Total time for which application threads were stopped: 0.0000968 seconds, Stopping threads took: 0.0000245 seconds
[2022-06-16T20:04:03.072+0000][7212][safepoint    ] Application time: 0.0000756 seconds
[2022-06-16T20:04:03.072+0000][7212][safepoint    ] Entering safepoint region: RevokeBias
[2022-06-16T20:04:03.072+0000][7212][safepoint    ] Leaving safepoint region
[2022-06-16T20:04:03.072+0000][7212][safepoint    ] Total time for which application threads were stopped: 0.0000841 seconds, Stopping threads took: 0.0000209 seconds
[2022-06-16T20:04:03.072+0000][7212][safepoint    ] Application time: 0.0000217 seconds
[2022-06-16T20:04:03.072+0000][7212][safepoint    ] Entering safepoint region: RevokeBias
[2022-06-16T20:04:03.072+0000][7212][safepoint    ] Leaving safepoint region
[2022-06-16T20:04:03.072+0000][7212][safepoint    ] Total time for which application threads were stopped: 0.0000799 seconds, Stopping threads took: 0.0000190 seconds
[2022-06-16T20:04:03.509+0000][7212][safepoint    ] Application time: 0.4315621 seconds
[2022-06-16T20:04:03.509+0000][7212][safepoint    ] Entering safepoint region: RevokeBias
[2022-06-16T20:04:03.509+0000][7212][safepoint    ] Leaving safepoint region
[2022-06-16T20:04:03.509+0000][7212][safepoint    ] Total time for which application threads were stopped: 0.0001475 seconds, Stopping threads took: 0.0000281 seconds
[2022-06-16T20:04:04.244+0000][7212][safepoint    ] Application time: 0.7310773 seconds
[2022-06-16T20:04:04.244+0000][7212][safepoint    ] Entering safepoint region: Deoptimize
[2022-06-16T20:04:04.244+0000][7212][safepoint    ] Leaving safepoint region
[2022-06-16T20:04:04.244+0000][7212][safepoint    ] Total time for which application threads were stopped: 0.0006421 seconds, Stopping threads took: 0.0000199 seconds
[2022-06-16T20:04:04.244+0000][7212][safepoint    ] Application time: 0.0077520 seconds
[2022-06-16T20:04:04.244+0000][7212][safepoint    ] Entering safepoint region: GenCollectForAllocation
[2022-06-16T20:04:04.244+0000][7212][gc,start     ] GC(21) Pause Young (Allocation Failure)
[2022-06-16T20:04:04.244+0000][7212][gc,task      ] GC(21) Using 2 workers of 2 for evacuation
[2022-06-16T20:04:04.322+0000][7212][gc,age       ] GC(21) Desired survivor size 8716288 bytes, new threshold 1 (max threshold 6)
[2022-06-16T20:04:04.322+0000][7212][gc,age       ] GC(21) Age table with threshold 1 (max threshold 6)
[2022-06-16T20:04:04.322+0000][7212][gc,age       ] GC(21) - age   1:   12089336 bytes,   12089336 total
[2022-06-16T20:04:04.322+0000][7212][gc,heap      ] GC(21) ParNew: 152855K->17024K(153344K)
[2022-06-16T20:04:04.322+0000][7212][gc,heap      ] GC(21) CMS: 18529K->36174K(878208K)
[2022-06-16T20:04:04.322+0000][7212][gc,metaspace ] GC(21) Metaspace: 43508K->43508K(1089536K)
[2022-06-16T20:04:04.322+0000][7212][gc           ] GC(21) Pause Young (Allocation Failure) 167M->51M(1007M) 71.390ms
[2022-06-16T20:04:04.322+0000][7212][gc,cpu       ] GC(21) User=0.16s Sys=0.00s Real=0.08s
[2022-06-16T20:04:04.322+0000][7212][safepoint    ] Leaving safepoint region
[2022-06-16T20:04:04.322+0000][7212][safepoint    ] Total time for which application threads were stopped: 0.0715571 seconds, Stopping threads took: 0.0000272 seconds
[2022-06-16T20:04:04.322+0000][7212][safepoint    ] Application time: 0.0054201 seconds
[2022-06-16T20:04:04.322+0000][7212][safepoint    ] Entering safepoint region: RevokeBias
[2022-06-16T20:04:04.322+0000][7212][safepoint    ] Leaving safepoint region
[2022-06-16T20:04:04.322+0000][7212][safepoint    ] Total time for which application threads were stopped: 0.0000847 seconds, Stopping threads took: 0.0000271 seconds
[2022-06-16T20:04:04.322+0000][7212][safepoint    ] Application time: 0.0000244 seconds
[2022-06-16T20:04:04.322+0000][7212][safepoint    ] Entering safepoint region: RevokeBias
[2022-06-16T20:04:04.322+0000][7212][safepoint    ] Leaving safepoint region
[2022-06-16T20:04:04.322+0000][7212][safepoint    ] Total time for which application threads were stopped: 0.0000550 seconds, Stopping threads took: 0.0000205 seconds
[2022-06-16T20:04:04.525+0000][7212][safepoint    ] Application time: 0.2068902 seconds
[2022-06-16T20:04:04.525+0000][7212][safepoint    ] Entering safepoint region: RevokeBias
[2022-06-16T20:04:04.525+0000][7212][safepoint    ] Leaving safepoint region
[2022-06-16T20:04:04.525+0000][7212][safepoint    ] Total time for which application threads were stopped: 0.0001274 seconds, Stopping threads took: 0.0000206 seconds
[2022-06-16T20:04:05.526+0000][7212][safepoint    ] Application time: 0.9868046 seconds
[2022-06-16T20:04:05.527+0000][7212][safepoint    ] Entering safepoint region: Cleanup
[2022-06-16T20:04:05.527+0000][7212][safepoint    ] Leaving safepoint region
[2022-06-16T20:04:05.527+0000][7212][safepoint    ] Total time for which application threads were stopped: 0.0001544 seconds, Stopping threads took: 0.0000280 seconds
[2022-06-16T20:04:06.531+0000][7212][safepoint    ] Application time: 1.0037413 seconds
[2022-06-16T20:04:06.531+0000][7212][safepoint    ] Entering safepoint region: Cleanup
[2022-06-16T20:04:06.531+0000][7212][safepoint    ] Leaving safepoint region
[2022-06-16T20:04:06.531+0000][7212][safepoint    ] Total time for which application threads were stopped: 0.0000798 seconds, Stopping threads took: 0.0000257 seconds
[2022-06-16T20:04:07.093+0000][7212][safepoint    ] Application time: 0.5633855 seconds
[2022-06-16T20:04:07.093+0000][7212][safepoint    ] Entering safepoint region: RevokeBias
[2022-06-16T20:04:07.093+0000][7212][safepoint    ] Leaving safepoint region
[2022-06-16T20:04:07.093+0000][7212][safepoint    ] Total time for which application threads were stopped: 0.0000882 seconds, Stopping threads took: 0.0000270 seconds
[2022-06-16T20:04:07.718+0000][7212][safepoint    ] Application time: 0.6246489 seconds
[2022-06-16T20:04:07.718+0000][7212][safepoint    ] Entering safepoint region: GenCollectForAllocation
[2022-06-16T20:04:07.718+0000][7212][gc,start     ] GC(22) Pause Young (Allocation Failure)
[2022-06-16T20:04:07.718+0000][7212][gc,task      ] GC(22) Using 2 workers of 2 for evacuation
[2022-06-16T20:04:07.750+0000][7212][gc,age       ] GC(22) Desired survivor size 8716288 bytes, new threshold 6 (max threshold 6)
[2022-06-16T20:04:07.750+0000][7212][gc,age       ] GC(22) Age table with threshold 6 (max threshold 6)
[2022-06-16T20:04:07.750+0000][7212][gc,age       ] GC(22) - age   1:    4580592 bytes,    4580592 total
[2022-06-16T20:04:07.750+0000][7212][gc,heap      ] GC(22) ParNew: 153344K->12136K(153344K)
[2022-06-16T20:04:07.750+0000][7212][gc,heap      ] GC(22) CMS: 36174K->47978K(878208K)
[2022-06-16T20:04:07.750+0000][7212][gc,metaspace ] GC(22) Metaspace: 55019K->55019K(1101824K)
[2022-06-16T20:04:07.750+0000][7212][gc           ] GC(22) Pause Young (Allocation Failure) 185M->58M(1007M) 44.904ms
[2022-06-16T20:04:07.750+0000][7212][gc,cpu       ] GC(22) User=0.06s Sys=0.00s Real=0.03s
[2022-06-16T20:04:07.750+0000][7212][safepoint    ] Leaving safepoint region
[2022-06-16T20:04:07.750+0000][7212][safepoint    ] Total time for which application threads were stopped: 0.0450860 seconds, Stopping threads took: 0.0000261 seconds
[2022-06-16T20:04:08.406+0000][7212][safepoint    ] Application time: 0.6415185 seconds
[2022-06-16T20:04:08.406+0000][7212][safepoint    ] Entering safepoint region: Deoptimize
[2022-06-16T20:04:08.406+0000][7212][safepoint    ] Leaving safepoint region
[2022-06-16T20:04:08.406+0000][7212][safepoint    ] Total time for which application threads were stopped: 0.0006027 seconds, Stopping threads took: 0.0000252 seconds
[2022-06-16T20:04:08.406+0000][7212][safepoint    ] Application time: 0.0085424 seconds
[2022-06-16T20:04:08.406+0000][7212][safepoint    ] Entering safepoint region: Deoptimize
[2022-06-16T20:04:08.406+0000][7212][safepoint    ] Leaving safepoint region
[2022-06-16T20:04:08.406+0000][7212][safepoint    ] Total time for which application threads were stopped: 0.0005425 seconds, Stopping threads took: 0.0000253 seconds
[2022-06-16T20:04:08.499+0000][7212][safepoint    ] Application time: 0.0911188 seconds
[2022-06-16T20:04:08.499+0000][7212][safepoint    ] Entering safepoint region: RevokeBias
[2022-06-16T20:04:08.499+0000][7212][safepoint    ] Leaving safepoint region
[2022-06-16T20:04:08.499+0000][7212][safepoint    ] Total time for which application threads were stopped: 0.0001340 seconds, Stopping threads took: 0.0000264 seconds
[2022-06-16T20:04:09.656+0000][7212][safepoint    ] Application time: 1.1569289 seconds
[2022-06-16T20:04:09.687+0000][7212][safepoint    ] Entering safepoint region: Cleanup
[2022-06-16T20:04:09.687+0000][7212][safepoint    ] Leaving safepoint region
[2022-06-16T20:04:09.687+0000][7212][safepoint    ] Total time for which application threads were stopped: 0.0231379 seconds, Stopping threads took: 0.0230426 seconds
[2022-06-16T20:04:10.702+0000][7212][safepoint    ] Application time: 1.0308465 seconds
[2022-06-16T20:04:10.874+0000][7212][safepoint    ] Entering safepoint region: Cleanup
[2022-06-16T20:04:10.874+0000][7212][safepoint    ] Leaving safepoint region
[2022-06-16T20:04:10.874+0000][7212][safepoint    ] Total time for which application threads were stopped: 0.1579429 seconds, Stopping threads took: 0.1578536 seconds
[2022-06-16T20:04:11.343+0000][7212][safepoint    ] Application time: 0.4803559 seconds
[2022-06-16T20:04:11.343+0000][7212][safepoint    ] Entering safepoint region: GenCollectForAllocation
[2022-06-16T20:04:11.343+0000][7212][gc,start     ] GC(23) Pause Young (Allocation Failure)
[2022-06-16T20:04:11.343+0000][7212][gc,task      ] GC(23) Using 2 workers of 2 for evacuation
[2022-06-16T20:04:11.374+0000][7212][gc,age       ] GC(23) Desired survivor size 8716288 bytes, new threshold 6 (max threshold 6)
[2022-06-16T20:04:11.374+0000][7212][gc,age       ] GC(23) Age table with threshold 6 (max threshold 6)
[2022-06-16T20:04:11.374+0000][7212][gc,age       ] GC(23) - age   1:    2059776 bytes,    2059776 total
[2022-06-16T20:04:11.374+0000][7212][gc,age       ] GC(23) - age   2:    4466032 bytes,    6525808 total
[2022-06-16T20:04:11.374+0000][7212][gc,heap      ] GC(23) ParNew: 148456K->8305K(153344K)
[2022-06-16T20:04:11.374+0000][7212][gc,heap      ] GC(23) CMS: 47978K->47978K(878208K)
[2022-06-16T20:04:11.374+0000][7212][gc,metaspace ] GC(23) Metaspace: 62183K->62183K(1107968K)
[2022-06-16T20:04:11.374+0000][7212][gc           ] GC(23) Pause Young (Allocation Failure) 191M->54M(1007M) 30.804ms
[2022-06-16T20:04:11.374+0000][7212][gc,cpu       ] GC(23) User=0.06s Sys=0.00s Real=0.03s
[2022-06-16T20:04:11.374+0000][7212][safepoint    ] Leaving safepoint region
[2022-06-16T20:04:11.374+0000][7212][safepoint    ] Total time for which application threads were stopped: 0.0310300 seconds, Stopping threads took: 0.0000275 seconds
[2022-06-16T20:04:12.406+0000][7212][safepoint    ] Application time: 1.0182538 seconds
[2022-06-16T20:04:12.406+0000][7212][safepoint    ] Entering safepoint region: Cleanup
[2022-06-16T20:04:12.406+0000][7212][safepoint    ] Leaving safepoint region
[2022-06-16T20:04:12.406+0000][7212][safepoint    ] Total time for which application threads were stopped: 0.0000943 seconds, Stopping threads took: 0.0000284 seconds
[2022-06-16T20:04:13.421+0000][7212][safepoint    ] Application time: 1.0152806 seconds
[2022-06-16T20:04:13.421+0000][7212][safepoint    ] Entering safepoint region: Cleanup
[2022-06-16T20:04:13.421+0000][7212][safepoint    ] Leaving safepoint region
[2022-06-16T20:04:13.421+0000][7212][safepoint    ] Total time for which application threads were stopped: 0.0002073 seconds, Stopping threads took: 0.0001460 seconds
[2022-06-16T20:04:13.718+0000][7212][safepoint    ] Application time: 0.3075862 seconds
[2022-06-16T20:04:13.718+0000][7212][safepoint    ] Entering safepoint region: ICBufferFull
[2022-06-16T20:04:13.718+0000][7212][safepoint    ] Leaving safepoint region
[2022-06-16T20:04:13.718+0000][7212][safepoint    ] Total time for which application threads were stopped: 0.0003400 seconds, Stopping threads took: 0.0001507 seconds
[2022-06-16T20:04:13.734+0000][7212][safepoint    ] Application time: 0.0060659 seconds
[2022-06-16T20:04:13.734+0000][7212][safepoint    ] Entering safepoint region: RevokeBias
[2022-06-16T20:04:13.734+0000][7212][safepoint    ] Leaving safepoint region
[2022-06-16T20:04:13.734+0000][7212][safepoint    ] Total time for which application threads were stopped: 0.0001722 seconds, Stopping threads took: 0.0000259 seconds
[2022-06-16T20:04:13.734+0000][7212][safepoint    ] Application time: 0.0049765 seconds
[2022-06-16T20:04:13.734+0000][7212][safepoint    ] Entering safepoint region: RevokeBias
[2022-06-16T20:04:13.734+0000][7212][safepoint    ] Leaving safepoint region
[2022-06-16T20:04:13.734+0000][7212][safepoint    ] Total time for which application threads were stopped: 0.0000981 seconds, Stopping threads took: 0.0000267 seconds
[2022-06-16T20:04:13.796+0000][7212][safepoint    ] Application time: 0.0609772 seconds
[2022-06-16T20:04:13.796+0000][7212][safepoint    ] Entering safepoint region: RevokeBias
[2022-06-16T20:04:13.796+0000][7212][safepoint    ] Leaving safepoint region
[2022-06-16T20:04:13.796+0000][7212][safepoint    ] Total time for which application threads were stopped: 0.0001021 seconds, Stopping threads took: 0.0000250 seconds
[2022-06-16T20:04:13.796+0000][7212][safepoint    ] Application time: 0.0006158 seconds
[2022-06-16T20:04:13.796+0000][7212][safepoint    ] Entering safepoint region: RevokeBias
[2022-06-16T20:04:13.796+0000][7212][safepoint    ] Leaving safepoint region
[2022-06-16T20:04:13.796+0000][7212][safepoint    ] Total time for which application threads were stopped: 0.0000602 seconds, Stopping threads took: 0.0000202 seconds
[2022-06-16T20:04:13.937+0000][7212][safepoint    ] Application time: 0.1454805 seconds
[2022-06-16T20:04:13.937+0000][7212][safepoint    ] Entering safepoint region: CollectForMetadataAllocation
[2022-06-16T20:04:13.937+0000][7212][safepoint    ] Leaving safepoint region
[2022-06-16T20:04:13.937+0000][7212][safepoint    ] Total time for which application threads were stopped: 0.0001925 seconds, Stopping threads took: 0.0000216 seconds
[2022-06-16T20:04:13.968+0000][7212][safepoint    ] Application time: 0.0202575 seconds
[2022-06-16T20:04:13.968+0000][7212][safepoint    ] Entering safepoint region: Deoptimize
[2022-06-16T20:04:13.968+0000][7212][safepoint    ] Leaving safepoint region
[2022-06-16T20:04:13.968+0000][7212][safepoint    ] Total time for which application threads were stopped: 0.0006495 seconds, Stopping threads took: 0.0000195 seconds
[2022-06-16T20:04:13.968+0000][7212][safepoint    ] Application time: 0.0113675 seconds
[2022-06-16T20:04:13.968+0000][7212][safepoint    ] Entering safepoint region: CollectForMetadataAllocation
[2022-06-16T20:04:13.968+0000][7212][safepoint    ] Leaving safepoint region
[2022-06-16T20:04:13.968+0000][7212][safepoint    ] Total time for which application threads were stopped: 0.0001995 seconds, Stopping threads took: 0.0000206 seconds
[2022-06-16T20:04:13.999+0000][7212][safepoint    ] Application time: 0.0196178 seconds
[2022-06-16T20:04:13.999+0000][7212][safepoint    ] Entering safepoint region: CollectForMetadataAllocation
[2022-06-16T20:04:13.999+0000][7212][safepoint    ] Leaving safepoint region
[2022-06-16T20:04:13.999+0000][7212][safepoint    ] Total time for which application threads were stopped: 0.0007666 seconds, Stopping threads took: 0.0000238 seconds
[2022-06-16T20:04:14.030+0000][7212][safepoint    ] Application time: 0.0431166 seconds
[2022-06-16T20:04:14.030+0000][7212][safepoint    ] Entering safepoint region: CollectForMetadataAllocation
[2022-06-16T20:04:14.030+0000][7212][safepoint    ] Leaving safepoint region
[2022-06-16T20:04:14.030+0000][7212][safepoint    ] Total time for which application threads were stopped: 0.0002131 seconds, Stopping threads took: 0.0000251 seconds
[2022-06-16T20:04:14.077+0000][7212][safepoint    ] Application time: 0.0356425 seconds
[2022-06-16T20:04:14.093+0000][7212][safepoint    ] Entering safepoint region: CollectForMetadataAllocation
[2022-06-16T20:04:14.093+0000][7212][safepoint    ] Leaving safepoint region
[2022-06-16T20:04:14.093+0000][7212][safepoint    ] Total time for which application threads were stopped: 0.0222467 seconds, Stopping threads took: 0.0220416 seconds
[2022-06-16T20:04:14.155+0000][7212][safepoint    ] Application time: 0.0643771 seconds
[2022-06-16T20:04:14.171+0000][7212][safepoint    ] Entering safepoint region: CollectForMetadataAllocation
[2022-06-16T20:04:14.171+0000][7212][safepoint    ] Leaving safepoint region
[2022-06-16T20:04:14.171+0000][7212][safepoint    ] Total time for which application threads were stopped: 0.0103825 seconds, Stopping threads took: 0.0101768 seconds
[2022-06-16T20:04:14.202+0000][7212][safepoint    ] Application time: 0.0390863 seconds
[2022-06-16T20:04:14.202+0000][7212][safepoint    ] Entering safepoint region: CollectForMetadataAllocation
[2022-06-16T20:04:14.202+0000][7212][safepoint    ] Leaving safepoint region
[2022-06-16T20:04:14.202+0000][7212][safepoint    ] Total time for which application threads were stopped: 0.0002308 seconds, Stopping threads took: 0.0000263 seconds
[2022-06-16T20:04:14.249+0000][7212][safepoint    ] Application time: 0.0442215 seconds
[2022-06-16T20:04:14.249+0000][7212][safepoint    ] Entering safepoint region: CollectForMetadataAllocation
[2022-06-16T20:04:14.249+0000][7212][safepoint    ] Leaving safepoint region
[2022-06-16T20:04:14.249+0000][7212][safepoint    ] Total time for which application threads were stopped: 0.0002145 seconds, Stopping threads took: 0.0000209 seconds
[2022-06-16T20:04:14.280+0000][7212][safepoint    ] Application time: 0.0215291 seconds
[2022-06-16T20:04:14.280+0000][7212][safepoint    ] Entering safepoint region: GenCollectForAllocation
[2022-06-16T20:04:14.280+0000][7212][gc,start     ] GC(24) Pause Young (Allocation Failure)
[2022-06-16T20:04:14.280+0000][7212][gc,task      ] GC(24) Using 2 workers of 2 for evacuation
[2022-06-16T20:04:14.296+0000][7212][gc,age       ] GC(24) Desired survivor size 8716288 bytes, new threshold 3 (max threshold 6)
[2022-06-16T20:04:14.296+0000][7212][gc,age       ] GC(24) Age table with threshold 3 (max threshold 6)
[2022-06-16T20:04:14.296+0000][7212][gc,age       ] GC(24) - age   1:    3562296 bytes,    3562296 total
[2022-06-16T20:04:14.296+0000][7212][gc,age       ] GC(24) - age   2:    1955064 bytes,    5517360 total
[2022-06-16T20:04:14.296+0000][7212][gc,age       ] GC(24) - age   3:    4463336 bytes,    9980696 total
[2022-06-16T20:04:14.296+0000][7212][gc,heap      ] GC(24) ParNew: 144625K->11642K(153344K)
[2022-06-16T20:04:14.296+0000][7212][gc,heap      ] GC(24) CMS: 47978K->47978K(878208K)
[2022-06-16T20:04:14.296+0000][7212][gc,metaspace ] GC(24) Metaspace: 68524K->68524K(1114112K)
[2022-06-16T20:04:14.296+0000][7212][gc           ] GC(24) Pause Young (Allocation Failure) 188M->58M(1007M) 21.300ms
[2022-06-16T20:04:14.296+0000][7212][gc,cpu       ] GC(24) User=0.03s Sys=0.00s Real=0.02s
[2022-06-16T20:04:14.296+0000][7212][safepoint    ] Leaving safepoint region
[2022-06-16T20:04:14.296+0000][7212][safepoint    ] Total time for which application threads were stopped: 0.0214699 seconds, Stopping threads took: 0.0000281 seconds
[2022-06-16T20:04:14.296+0000][7212][safepoint    ] Application time: 0.0057974 seconds
[2022-06-16T20:04:14.296+0000][7212][safepoint    ] Entering safepoint region: CMS_Initial_Mark
[2022-06-16T20:04:14.296+0000][7212][gc,start     ] GC(25) Pause Initial Mark
[2022-06-16T20:04:14.312+0000][7212][gc           ] GC(25) Pause Initial Mark 58M->58M(1007M) 5.897ms
[2022-06-16T20:04:14.312+0000][7212][gc,cpu       ] GC(25) User=0.03s Sys=0.00s Real=0.02s
[2022-06-16T20:04:14.312+0000][7212][safepoint    ] Leaving safepoint region
[2022-06-16T20:04:14.312+0000][7212][safepoint    ] Total time for which application threads were stopped: 0.0060688 seconds, Stopping threads took: 0.0000446 seconds
[2022-06-16T20:04:14.312+0000][7212][gc           ] GC(25) Concurrent Mark
[2022-06-16T20:04:14.327+0000][7212][safepoint    ] Application time: 0.0260818 seconds
[2022-06-16T20:04:14.327+0000][7212][safepoint    ] Entering safepoint region: CollectForMetadataAllocation
[2022-06-16T20:04:14.327+0000][7212][safepoint    ] Leaving safepoint region
[2022-06-16T20:04:14.327+0000][7212][safepoint    ] Total time for which application threads were stopped: 0.0002020 seconds, Stopping threads took: 0.0000200 seconds
[2022-06-16T20:04:14.359+0000][7212][safepoint    ] Application time: 0.0280180 seconds
[2022-06-16T20:04:14.359+0000][7212][safepoint    ] Entering safepoint region: CollectForMetadataAllocation
[2022-06-16T20:04:14.359+0000][7212][safepoint    ] Leaving safepoint region
[2022-06-16T20:04:14.359+0000][7212][safepoint    ] Total time for which application threads were stopped: 0.0002068 seconds, Stopping threads took: 0.0000217 seconds
[2022-06-16T20:04:14.374+0000][7212][gc           ] GC(25) Concurrent Mark 65.667ms
[2022-06-16T20:04:14.374+0000][7212][gc,cpu       ] GC(25) User=0.09s Sys=0.02s Real=0.06s
[2022-06-16T20:04:14.374+0000][7212][gc           ] GC(25) Concurrent Preclean
[2022-06-16T20:04:14.374+0000][7212][gc           ] GC(25) Concurrent Preclean 2.471ms
[2022-06-16T20:04:14.374+0000][7212][gc,cpu       ] GC(25) User=0.00s Sys=0.00s Real=0.00s
[2022-06-16T20:04:14.374+0000][7212][gc           ] GC(25) Concurrent Abortable Preclean
[2022-06-16T20:04:14.405+0000][7212][safepoint    ] Application time: 0.0382293 seconds
[2022-06-16T20:04:14.405+0000][7212][safepoint    ] Entering safepoint region: CollectForMetadataAllocation
[2022-06-16T20:04:14.405+0000][7212][safepoint    ] Leaving safepoint region
[2022-06-16T20:04:14.405+0000][7212][safepoint    ] Total time for which application threads were stopped: 0.0001993 seconds, Stopping threads took: 0.0000208 seconds
[2022-06-16T20:04:14.468+0000][7212][safepoint    ] Application time: 0.0633133 seconds
[2022-06-16T20:04:14.468+0000][7212][safepoint    ] Entering safepoint region: CollectForMetadataAllocation
[2022-06-16T20:04:14.468+0000][7212][safepoint    ] Leaving safepoint region
[2022-06-16T20:04:14.468+0000][7212][safepoint    ] Total time for which application threads were stopped: 0.0002009 seconds, Stopping threads took: 0.0000209 seconds
[2022-06-16T20:04:14.553+0000][7212][safepoint    ] Application time: 0.0798089 seconds
[2022-06-16T20:04:14.553+0000][7212][safepoint    ] Entering safepoint region: CollectForMetadataAllocation
[2022-06-16T20:04:14.553+0000][7212][safepoint    ] Leaving safepoint region
[2022-06-16T20:04:14.553+0000][7212][safepoint    ] Total time for which application threads were stopped: 0.0002152 seconds, Stopping threads took: 0.0000274 seconds
[2022-06-16T20:04:15.006+0000][7212][safepoint    ] Application time: 0.4530430 seconds
[2022-06-16T20:04:15.006+0000][7212][safepoint    ] Entering safepoint region: CollectForMetadataAllocation
[2022-06-16T20:04:15.006+0000][7212][safepoint    ] Leaving safepoint region
[2022-06-16T20:04:15.006+0000][7212][safepoint    ] Total time for which application threads were stopped: 0.0002205 seconds, Stopping threads took: 0.0000285 seconds
[2022-06-16T20:04:15.155+0000][7212][safepoint    ] Application time: 0.1482955 seconds
[2022-06-16T20:04:15.155+0000][7212][safepoint    ] Entering safepoint region: CollectForMetadataAllocation
[2022-06-16T20:04:15.155+0000][7212][safepoint    ] Leaving safepoint region
[2022-06-16T20:04:15.155+0000][7212][safepoint    ] Total time for which application threads were stopped: 0.0002168 seconds, Stopping threads took: 0.0000253 seconds
[2022-06-16T20:04:15.206+0000][7212][safepoint    ] Application time: 0.0507447 seconds
[2022-06-16T20:04:15.206+0000][7212][safepoint    ] Entering safepoint region: CollectForMetadataAllocation
[2022-06-16T20:04:15.206+0000][7212][safepoint    ] Leaving safepoint region
[2022-06-16T20:04:15.206+0000][7212][safepoint    ] Total time for which application threads were stopped: 0.0001916 seconds, Stopping threads took: 0.0000211 seconds
[2022-06-16T20:04:15.229+0000][7212][safepoint    ] Application time: 0.0234998 seconds
[2022-06-16T20:04:15.229+0000][7212][safepoint    ] Entering safepoint region: CollectForMetadataAllocation
[2022-06-16T20:04:15.230+0000][7212][safepoint    ] Leaving safepoint region
[2022-06-16T20:04:15.230+0000][7212][safepoint    ] Total time for which application threads were stopped: 0.0002340 seconds, Stopping threads took: 0.0000207 seconds
[2022-06-16T20:04:15.261+0000][7212][safepoint    ] Application time: 0.0310661 seconds
[2022-06-16T20:04:15.261+0000][7212][safepoint    ] Entering safepoint region: CollectForMetadataAllocation
[2022-06-16T20:04:15.261+0000][7212][safepoint    ] Leaving safepoint region
[2022-06-16T20:04:15.261+0000][7212][safepoint    ] Total time for which application threads were stopped: 0.0001495 seconds, Stopping threads took: 0.0000259 seconds
[2022-06-16T20:04:15.357+0000][7212][safepoint    ] Application time: 0.0957122 seconds
[2022-06-16T20:04:15.357+0000][7212][safepoint    ] Entering safepoint region: CollectForMetadataAllocation
[2022-06-16T20:04:15.357+0000][7212][safepoint    ] Leaving safepoint region
[2022-06-16T20:04:15.357+0000][7212][safepoint    ] Total time for which application threads were stopped: 0.0002256 seconds, Stopping threads took: 0.0000219 seconds
[2022-06-16T20:04:15.382+0000][7212][safepoint    ] Application time: 0.0245477 seconds
[2022-06-16T20:04:15.382+0000][7212][safepoint    ] Entering safepoint region: CollectForMetadataAllocation
[2022-06-16T20:04:15.382+0000][7212][safepoint    ] Leaving safepoint region
[2022-06-16T20:04:15.382+0000][7212][safepoint    ] Total time for which application threads were stopped: 0.0002127 seconds, Stopping threads took: 0.0000205 seconds
[2022-06-16T20:04:15.406+0000][7212][safepoint    ] Application time: 0.0239757 seconds
[2022-06-16T20:04:15.406+0000][7212][safepoint    ] Entering safepoint region: CollectForMetadataAllocation
[2022-06-16T20:04:15.406+0000][7212][safepoint    ] Leaving safepoint region
[2022-06-16T20:04:15.406+0000][7212][safepoint    ] Total time for which application threads were stopped: 0.0005155 seconds, Stopping threads took: 0.0000215 seconds
[2022-06-16T20:04:15.554+0000][7212][safepoint    ] Application time: 0.1477643 seconds
[2022-06-16T20:04:15.554+0000][7212][safepoint    ] Entering safepoint region: CollectForMetadataAllocation
[2022-06-16T20:04:15.554+0000][7212][safepoint    ] Leaving safepoint region
[2022-06-16T20:04:15.554+0000][7212][safepoint    ] Total time for which application threads were stopped: 0.0002167 seconds, Stopping threads took: 0.0000265 seconds
[2022-06-16T20:04:15.575+0000][7212][safepoint    ] Application time: 0.0201845 seconds
[2022-06-16T20:04:15.575+0000][7212][safepoint    ] Entering safepoint region: CollectForMetadataAllocation
[2022-06-16T20:04:15.575+0000][7212][safepoint    ] Leaving safepoint region
[2022-06-16T20:04:15.575+0000][7212][safepoint    ] Total time for which application threads were stopped: 0.0002012 seconds, Stopping threads took: 0.0000208 seconds
[2022-06-16T20:04:15.767+0000][7212][safepoint    ] Application time: 0.1918731 seconds
[2022-06-16T20:04:15.767+0000][7212][safepoint    ] Entering safepoint region: CollectForMetadataAllocation
[2022-06-16T20:04:15.767+0000][7212][safepoint    ] Leaving safepoint region
[2022-06-16T20:04:15.767+0000][7212][safepoint    ] Total time for which application threads were stopped: 0.0002083 seconds, Stopping threads took: 0.0000253 seconds
[2022-06-16T20:04:15.900+0000][7212][safepoint    ] Application time: 0.1333459 seconds
[2022-06-16T20:04:15.900+0000][7212][safepoint    ] Entering safepoint region: CollectForMetadataAllocation
[2022-06-16T20:04:15.901+0000][7212][safepoint    ] Leaving safepoint region
[2022-06-16T20:04:15.901+0000][7212][safepoint    ] Total time for which application threads were stopped: 0.0002225 seconds, Stopping threads took: 0.0000387 seconds
[2022-06-16T20:04:16.035+0000][7212][safepoint    ] Application time: 0.1338096 seconds
[2022-06-16T20:04:16.035+0000][7212][safepoint    ] Entering safepoint region: CollectForMetadataAllocation
[2022-06-16T20:04:16.035+0000][7212][safepoint    ] Leaving safepoint region
[2022-06-16T20:04:16.035+0000][7212][safepoint    ] Total time for which application threads were stopped: 0.0002142 seconds, Stopping threads took: 0.0000260 seconds
[2022-06-16T20:04:16.176+0000][7212][safepoint    ] Application time: 0.1410145 seconds
[2022-06-16T20:04:16.176+0000][7212][safepoint    ] Entering safepoint region: CollectForMetadataAllocation
[2022-06-16T20:04:16.176+0000][7212][safepoint    ] Leaving safepoint region
[2022-06-16T20:04:16.176+0000][7212][safepoint    ] Total time for which application threads were stopped: 0.0001938 seconds, Stopping threads took: 0.0000213 seconds
[2022-06-16T20:04:16.191+0000][7212][safepoint    ] Application time: 0.0151167 seconds
[2022-06-16T20:04:16.191+0000][7212][safepoint    ] Entering safepoint region: CollectForMetadataAllocation
[2022-06-16T20:04:16.191+0000][7212][safepoint    ] Leaving safepoint region
[2022-06-16T20:04:16.191+0000][7212][safepoint    ] Total time for which application threads were stopped: 0.0002070 seconds, Stopping threads took: 0.0000226 seconds
[2022-06-16T20:04:16.191+0000][7212][gc           ] GC(25) Concurrent Abortable Preclean 1807.005ms
[2022-06-16T20:04:16.192+0000][7212][gc,cpu       ] GC(25) User=2.69s Sys=0.05s Real=1.82s
[2022-06-16T20:04:16.192+0000][7212][safepoint    ] Application time: 0.0000744 seconds
[2022-06-16T20:04:16.192+0000][7212][safepoint    ] Entering safepoint region: CMS_Final_Remark
[2022-06-16T20:04:16.192+0000][7212][gc,start     ] GC(25) Pause Remark
[2022-06-16T20:04:16.230+0000][7212][gc           ] GC(25) Pause Remark 126M->126M(1007M) 38.464ms
[2022-06-16T20:04:16.230+0000][7212][gc,cpu       ] GC(25) User=0.08s Sys=0.00s Real=0.04s
[2022-06-16T20:04:16.230+0000][7212][safepoint    ] Leaving safepoint region
[2022-06-16T20:04:16.230+0000][7212][safepoint    ] Total time for which application threads were stopped: 0.0388269 seconds, Stopping threads took: 0.0002227 seconds
[2022-06-16T20:04:16.231+0000][7212][gc           ] GC(25) Concurrent Sweep
[2022-06-16T20:04:16.245+0000][7212][safepoint    ] Application time: 0.0149806 seconds
[2022-06-16T20:04:16.245+0000][7212][safepoint    ] Entering safepoint region: CollectForMetadataAllocation
[2022-06-16T20:04:16.246+0000][7212][safepoint    ] Leaving safepoint region
[2022-06-16T20:04:16.246+0000][7212][safepoint    ] Total time for which application threads were stopped: 0.0002291 seconds, Stopping threads took: 0.0000220 seconds
[2022-06-16T20:04:16.250+0000][7212][gc           ] GC(25) Concurrent Sweep 19.091ms
[2022-06-16T20:04:16.250+0000][7212][gc,cpu       ] GC(25) User=0.02s Sys=0.00s Real=0.02s
[2022-06-16T20:04:16.250+0000][7212][gc           ] GC(25) Concurrent Reset
[2022-06-16T20:04:16.251+0000][7212][gc           ] GC(25) Concurrent Reset 1.156ms
[2022-06-16T20:04:16.251+0000][7212][gc,cpu       ] GC(25) User=0.00s Sys=0.00s Real=0.00s
[2022-06-16T20:04:16.251+0000][7212][gc,heap      ] GC(25) Old: 47978K->47649K(878208K)
[2022-06-16T20:04:16.253+0000][7212][safepoint    ] Application time: 0.0076102 seconds
[2022-06-16T20:04:16.253+0000][7212][safepoint    ] Entering safepoint region: Deoptimize
[2022-06-16T20:04:16.254+0000][7212][safepoint    ] Leaving safepoint region
[2022-06-16T20:04:16.254+0000][7212][safepoint    ] Total time for which application threads were stopped: 0.0006480 seconds, Stopping threads took: 0.0000203 seconds
[2022-06-16T20:04:17.267+0000][7212][safepoint    ] Application time: 1.0161350 seconds
[2022-06-16T20:04:17.267+0000][7212][safepoint    ] Entering safepoint region: Cleanup
[2022-06-16T20:04:17.267+0000][7212][safepoint    ] Leaving safepoint region
[2022-06-16T20:04:17.267+0000][7212][safepoint    ] Total time for which application threads were stopped: 0.0033889 seconds, Stopping threads took: 0.0032742 seconds
[2022-06-16T20:04:17.329+0000][7212][safepoint    ] Application time: 0.0666593 seconds
[2022-06-16T20:04:17.329+0000][7212][safepoint    ] Entering safepoint region: RevokeBias
[2022-06-16T20:04:17.329+0000][7212][safepoint    ] Leaving safepoint region
[2022-06-16T20:04:17.329+0000][7212][safepoint    ] Total time for which application threads were stopped: 0.0001442 seconds, Stopping threads took: 0.0000275 seconds
[2022-06-16T20:04:17.329+0000][7212][safepoint    ] Application time: 0.0000620 seconds
[2022-06-16T20:04:17.329+0000][7212][safepoint    ] Entering safepoint region: RevokeBias
[2022-06-16T20:04:17.329+0000][7212][safepoint    ] Leaving safepoint region
[2022-06-16T20:04:17.329+0000][7212][safepoint    ] Total time for which application threads were stopped: 0.0000684 seconds, Stopping threads took: 0.0000202 seconds
[2022-06-16T20:04:17.329+0000][7212][safepoint    ] Application time: 0.0000722 seconds
[2022-06-16T20:04:17.329+0000][7212][safepoint    ] Entering safepoint region: RevokeBias
[2022-06-16T20:04:17.329+0000][7212][safepoint    ] Leaving safepoint region
[2022-06-16T20:04:17.329+0000][7212][safepoint    ] Total time for which application threads were stopped: 0.0000796 seconds, Stopping threads took: 0.0000198 seconds
[2022-06-16T20:04:17.329+0000][7212][safepoint    ] Application time: 0.0028250 seconds
[2022-06-16T20:04:17.329+0000][7212][safepoint    ] Entering safepoint region: RevokeBias
[2022-06-16T20:04:17.329+0000][7212][safepoint    ] Leaving safepoint region
[2022-06-16T20:04:17.329+0000][7212][safepoint    ] Total time for which application threads were stopped: 0.0000881 seconds, Stopping threads took: 0.0000222 seconds
[2022-06-16T20:04:17.785+0000][7212][safepoint    ] Application time: 0.4466326 seconds
[2022-06-16T20:04:17.785+0000][7212][safepoint    ] Entering safepoint region: Deoptimize
[2022-06-16T20:04:17.785+0000][7212][safepoint    ] Leaving safepoint region
[2022-06-16T20:04:17.785+0000][7212][safepoint    ] Total time for which application threads were stopped: 0.0010659 seconds, Stopping threads took: 0.0000273 seconds
[2022-06-16T20:04:18.160+0000][7212][safepoint    ] Application time: 0.3760050 seconds
[2022-06-16T20:04:18.160+0000][7212][safepoint    ] Entering safepoint region: GenCollectForAllocation
[2022-06-16T20:04:18.160+0000][7212][gc,start     ] GC(26) Pause Young (Allocation Failure)
[2022-06-16T20:04:18.160+0000][7212][gc,task      ] GC(26) Using 2 workers of 2 for evacuation
[2022-06-16T20:04:18.192+0000][7212][gc,age       ] GC(26) Desired survivor size 8716288 bytes, new threshold 3 (max threshold 6)
[2022-06-16T20:04:18.192+0000][7212][gc,age       ] GC(26) Age table with threshold 3 (max threshold 6)
[2022-06-16T20:04:18.192+0000][7212][gc,age       ] GC(26) - age   1:    4906192 bytes,    4906192 total
[2022-06-16T20:04:18.192+0000][7212][gc,age       ] GC(26) - age   2:    3465472 bytes,    8371664 total
[2022-06-16T20:04:18.192+0000][7212][gc,age       ] GC(26) - age   3:    1949184 bytes,   10320848 total
[2022-06-16T20:04:18.192+0000][7212][gc,heap      ] GC(26) ParNew: 147962K->17024K(153344K)
[2022-06-16T20:04:18.192+0000][7212][gc,heap      ] GC(26) CMS: 47649K->52124K(878208K)
[2022-06-16T20:04:18.192+0000][7212][gc,metaspace ] GC(26) Metaspace: 82567K->82567K(1126400K)
[2022-06-16T20:04:18.192+0000][7212][gc           ] GC(26) Pause Young (Allocation Failure) 191M->67M(1007M) 35.988ms
[2022-06-16T20:04:18.192+0000][7212][gc,cpu       ] GC(26) User=0.06s Sys=0.00s Real=0.03s
[2022-06-16T20:04:18.192+0000][7212][safepoint    ] Leaving safepoint region
[2022-06-16T20:04:18.192+0000][7212][safepoint    ] Total time for which application threads were stopped: 0.0362041 seconds, Stopping threads took: 0.0000268 seconds
[2022-06-16T20:04:18.287+0000][7212][safepoint    ] Application time: 0.0830316 seconds
[2022-06-16T20:04:18.293+0000][7212][safepoint    ] Entering safepoint region: RevokeBias
[2022-06-16T20:04:18.293+0000][7212][safepoint    ] Leaving safepoint region
[2022-06-16T20:04:18.293+0000][7212][safepoint    ] Total time for which application threads were stopped: 0.0064331 seconds, Stopping threads took: 0.0062965 seconds
[2022-06-16T20:04:18.293+0000][7212][safepoint    ] Application time: 0.0000293 seconds
[2022-06-16T20:04:18.293+0000][7212][safepoint    ] Entering safepoint region: RevokeBias
[2022-06-16T20:04:18.293+0000][7212][safepoint    ] Leaving safepoint region
[2022-06-16T20:04:18.293+0000][7212][safepoint    ] Total time for which application threads were stopped: 0.0000920 seconds, Stopping threads took: 0.0000196 seconds
[2022-06-16T20:04:18.293+0000][7212][safepoint    ] Application time: 0.0000382 seconds
[2022-06-16T20:04:18.293+0000][7212][safepoint    ] Entering safepoint region: RevokeBias
[2022-06-16T20:04:18.293+0000][7212][safepoint    ] Leaving safepoint region
[2022-06-16T20:04:18.293+0000][7212][safepoint    ] Total time for which application threads were stopped: 0.0001051 seconds, Stopping threads took: 0.0000188 seconds
[2022-06-16T20:04:18.511+0000][7212][safepoint    ] Application time: 0.2302411 seconds
[2022-06-16T20:04:18.511+0000][7212][safepoint    ] Entering safepoint region: RevokeBias
[2022-06-16T20:04:18.511+0000][7212][safepoint    ] Leaving safepoint region
[2022-06-16T20:04:18.511+0000][7212][safepoint    ] Total time for which application threads were stopped: 0.0014417 seconds, Stopping threads took: 0.0013158 seconds
[2022-06-16T20:04:18.511+0000][7212][safepoint    ] Application time: 0.0000517 seconds
[2022-06-16T20:04:18.511+0000][7212][safepoint    ] Entering safepoint region: RevokeBias
[2022-06-16T20:04:18.511+0000][7212][safepoint    ] Leaving safepoint region
[2022-06-16T20:04:18.511+0000][7212][safepoint    ] Total time for which application threads were stopped: 0.0000839 seconds, Stopping threads took: 0.0000217 seconds
[2022-06-16T20:04:18.511+0000][7212][safepoint    ] Application time: 0.0000660 seconds
[2022-06-16T20:04:18.511+0000][7212][safepoint    ] Entering safepoint region: RevokeBias
[2022-06-16T20:04:18.511+0000][7212][safepoint    ] Leaving safepoint region
[2022-06-16T20:04:18.511+0000][7212][safepoint    ] Total time for which application threads were stopped: 0.0000748 seconds, Stopping threads took: 0.0000197 seconds
[2022-06-16T20:04:18.511+0000][7212][safepoint    ] Application time: 0.0000987 seconds
[2022-06-16T20:04:18.511+0000][7212][safepoint    ] Entering safepoint region: RevokeBias
[2022-06-16T20:04:18.511+0000][7212][safepoint    ] Leaving safepoint region
[2022-06-16T20:04:18.511+0000][7212][safepoint    ] Total time for which application threads were stopped: 0.0000767 seconds, Stopping threads took: 0.0000206 seconds
[2022-06-16T20:04:18.527+0000][7212][safepoint    ] Application time: 0.0007797 seconds
[2022-06-16T20:04:18.527+0000][7212][safepoint    ] Entering safepoint region: RevokeBias
[2022-06-16T20:04:18.527+0000][7212][safepoint    ] Leaving safepoint region
[2022-06-16T20:04:18.527+0000][7212][safepoint    ] Total time for which application threads were stopped: 0.0001068 seconds, Stopping threads took: 0.0000229 seconds
[2022-06-16T20:04:18.984+0000][7212][safepoint    ] Application time: 0.4678553 seconds
[2022-06-16T20:04:18.984+0000][7212][safepoint    ] Entering safepoint region: RevokeBias
[2022-06-16T20:04:18.984+0000][7212][safepoint    ] Leaving safepoint region
[2022-06-16T20:04:18.984+0000][7212][safepoint    ] Total time for which application threads were stopped: 0.0000996 seconds, Stopping threads took: 0.0000223 seconds
[2022-06-16T20:04:19.015+0000][7212][safepoint    ] Application time: 0.0315845 seconds
[2022-06-16T20:04:19.015+0000][7212][safepoint    ] Entering safepoint region: Deoptimize
[2022-06-16T20:04:19.015+0000][7212][safepoint    ] Leaving safepoint region
[2022-06-16T20:04:19.015+0000][7212][safepoint    ] Total time for which application threads were stopped: 0.0007070 seconds, Stopping threads took: 0.0000199 seconds
[2022-06-16T20:04:19.171+0000][7212][safepoint    ] Application time: 0.1534512 seconds
[2022-06-16T20:04:19.171+0000][7212][safepoint    ] Entering safepoint region: Deoptimize
[2022-06-16T20:04:19.171+0000][7212][safepoint    ] Leaving safepoint region
[2022-06-16T20:04:19.171+0000][7212][safepoint    ] Total time for which application threads were stopped: 0.0007277 seconds, Stopping threads took: 0.0000226 seconds
[2022-06-16T20:04:19.218+0000][7212][safepoint    ] Application time: 0.0381451 seconds
[2022-06-16T20:04:19.218+0000][7212][safepoint    ] Entering safepoint region: Deoptimize
[2022-06-16T20:04:19.218+0000][7212][safepoint    ] Leaving safepoint region
[2022-06-16T20:04:19.218+0000][7212][safepoint    ] Total time for which application threads were stopped: 0.0041732 seconds, Stopping threads took: 0.0034455 seconds
[2022-06-16T20:04:19.296+0000][7212][safepoint    ] Application time: 0.0723155 seconds
[2022-06-16T20:04:19.296+0000][7212][safepoint    ] Entering safepoint region: RevokeBias
[2022-06-16T20:04:19.296+0000][7212][safepoint    ] Leaving safepoint region
[2022-06-16T20:04:19.296+0000][7212][safepoint    ] Total time for which application threads were stopped: 0.0004768 seconds, Stopping threads took: 0.0000240 seconds
[2022-06-16T20:04:19.296+0000][7212][safepoint    ] Application time: 0.0001731 seconds
[2022-06-16T20:04:19.296+0000][7212][safepoint    ] Entering safepoint region: RevokeBias
[2022-06-16T20:04:19.296+0000][7212][safepoint    ] Leaving safepoint region
[2022-06-16T20:04:19.296+0000][7212][safepoint    ] Total time for which application threads were stopped: 0.0000692 seconds, Stopping threads took: 0.0000184 seconds
[2022-06-16T20:04:19.296+0000][7212][safepoint    ] Application time: 0.0006158 seconds
[2022-06-16T20:04:19.296+0000][7212][safepoint    ] Entering safepoint region: RevokeBias
[2022-06-16T20:04:19.296+0000][7212][safepoint    ] Leaving safepoint region
[2022-06-16T20:04:19.296+0000][7212][safepoint    ] Total time for which application threads were stopped: 0.0000692 seconds, Stopping threads took: 0.0000182 seconds
[2022-06-16T20:04:19.296+0000][7212][safepoint    ] Application time: 0.0003221 seconds
[2022-06-16T20:04:19.296+0000][7212][safepoint    ] Entering safepoint region: RevokeBias
[2022-06-16T20:04:19.296+0000][7212][safepoint    ] Leaving safepoint region
[2022-06-16T20:04:19.296+0000][7212][safepoint    ] Total time for which application threads were stopped: 0.0000753 seconds, Stopping threads took: 0.0000177 seconds
[2022-06-16T20:04:19.296+0000][7212][safepoint    ] Application time: 0.0000190 seconds
[2022-06-16T20:04:19.296+0000][7212][safepoint    ] Entering safepoint region: RevokeBias
[2022-06-16T20:04:19.296+0000][7212][safepoint    ] Leaving safepoint region
[2022-06-16T20:04:19.296+0000][7212][safepoint    ] Total time for which application threads were stopped: 0.0000697 seconds, Stopping threads took: 0.0000213 seconds
[2022-06-16T20:04:19.296+0000][7212][safepoint    ] Application time: 0.0000174 seconds
[2022-06-16T20:04:19.296+0000][7212][safepoint    ] Entering safepoint region: RevokeBias
[2022-06-16T20:04:19.296+0000][7212][safepoint    ] Leaving safepoint region
[2022-06-16T20:04:19.296+0000][7212][safepoint    ] Total time for which application threads were stopped: 0.0000581 seconds, Stopping threads took: 0.0000174 seconds
[2022-06-16T20:04:19.296+0000][7212][safepoint    ] Application time: 0.0000161 seconds
[2022-06-16T20:04:19.296+0000][7212][safepoint    ] Entering safepoint region: RevokeBias
[2022-06-16T20:04:19.296+0000][7212][safepoint    ] Leaving safepoint region
[2022-06-16T20:04:19.296+0000][7212][safepoint    ] Total time for which application threads were stopped: 0.0000611 seconds, Stopping threads took: 0.0000173 seconds
[2022-06-16T20:04:19.296+0000][7212][safepoint    ] Application time: 0.0000156 seconds
[2022-06-16T20:04:19.296+0000][7212][safepoint    ] Entering safepoint region: RevokeBias
[2022-06-16T20:04:19.296+0000][7212][safepoint    ] Leaving safepoint region
[2022-06-16T20:04:19.296+0000][7212][safepoint    ] Total time for which application threads were stopped: 0.0000616 seconds, Stopping threads took: 0.0000166 seconds
[2022-06-16T20:04:19.296+0000][7212][safepoint    ] Application time: 0.0000168 seconds
[2022-06-16T20:04:19.296+0000][7212][safepoint    ] Entering safepoint region: RevokeBias
[2022-06-16T20:04:19.296+0000][7212][safepoint    ] Leaving safepoint region
[2022-06-16T20:04:19.296+0000][7212][safepoint    ] Total time for which application threads were stopped: 0.0000622 seconds, Stopping threads took: 0.0000169 seconds
[2022-06-16T20:04:19.296+0000][7212][safepoint    ] Application time: 0.0000161 seconds
[2022-06-16T20:04:19.296+0000][7212][safepoint    ] Entering safepoint region: RevokeBias
[2022-06-16T20:04:19.296+0000][7212][safepoint    ] Leaving safepoint region
[2022-06-16T20:04:19.296+0000][7212][safepoint    ] Total time for which application threads were stopped: 0.0000622 seconds, Stopping threads took: 0.0000177 seconds
[2022-06-16T20:04:19.296+0000][7212][safepoint    ] Application time: 0.0000149 seconds
[2022-06-16T20:04:19.296+0000][7212][safepoint    ] Entering safepoint region: RevokeBias
[2022-06-16T20:04:19.296+0000][7212][safepoint    ] Leaving safepoint region
[2022-06-16T20:04:19.296+0000][7212][safepoint    ] Total time for which application threads were stopped: 0.0000620 seconds, Stopping threads took: 0.0000175 seconds
[2022-06-16T20:04:19.296+0000][7212][safepoint    ] Application time: 0.0000152 seconds
[2022-06-16T20:04:19.296+0000][7212][safepoint    ] Entering safepoint region: RevokeBias
[2022-06-16T20:04:19.296+0000][7212][safepoint    ] Leaving safepoint region
[2022-06-16T20:04:19.296+0000][7212][safepoint    ] Total time for which application threads were stopped: 0.0000618 seconds, Stopping threads took: 0.0000170 seconds
[2022-06-16T20:04:19.296+0000][7212][safepoint    ] Application time: 0.0000155 seconds
[2022-06-16T20:04:19.296+0000][7212][safepoint    ] Entering safepoint region: RevokeBias
[2022-06-16T20:04:19.296+0000][7212][safepoint    ] Leaving safepoint region
[2022-06-16T20:04:19.296+0000][7212][safepoint    ] Total time for which application threads were stopped: 0.0000617 seconds, Stopping threads took: 0.0000166 seconds
[2022-06-16T20:04:19.296+0000][7212][safepoint    ] Application time: 0.0000154 seconds
[2022-06-16T20:04:19.296+0000][7212][safepoint    ] Entering safepoint region: RevokeBias
[2022-06-16T20:04:19.296+0000][7212][safepoint    ] Leaving safepoint region
[2022-06-16T20:04:19.296+0000][7212][safepoint    ] Total time for which application threads were stopped: 0.0000626 seconds, Stopping threads took: 0.0000174 seconds
[2022-06-16T20:04:19.296+0000][7212][safepoint    ] Application time: 0.0000160 seconds
[2022-06-16T20:04:19.296+0000][7212][safepoint    ] Entering safepoint region: RevokeBias
[2022-06-16T20:04:19.296+0000][7212][safepoint    ] Leaving safepoint region
[2022-06-16T20:04:19.296+0000][7212][safepoint    ] Total time for which application threads were stopped: 0.0000623 seconds, Stopping threads took: 0.0000172 seconds
[2022-06-16T20:04:19.296+0000][7212][safepoint    ] Application time: 0.0000155 seconds
[2022-06-16T20:04:19.296+0000][7212][safepoint    ] Entering safepoint region: RevokeBias
[2022-06-16T20:04:19.296+0000][7212][safepoint    ] Leaving safepoint region
[2022-06-16T20:04:19.296+0000][7212][safepoint    ] Total time for which application threads were stopped: 0.0000625 seconds, Stopping threads took: 0.0000174 seconds
[2022-06-16T20:04:19.296+0000][7212][safepoint    ] Application time: 0.0000150 seconds
[2022-06-16T20:04:19.296+0000][7212][safepoint    ] Entering safepoint region: RevokeBias
[2022-06-16T20:04:19.296+0000][7212][safepoint    ] Leaving safepoint region
[2022-06-16T20:04:19.296+0000][7212][safepoint    ] Total time for which application threads were stopped: 0.0000609 seconds, Stopping threads took: 0.0000173 seconds
[2022-06-16T20:04:19.296+0000][7212][safepoint    ] Application time: 0.0000151 seconds
[2022-06-16T20:04:19.296+0000][7212][safepoint    ] Entering safepoint region: RevokeBias
[2022-06-16T20:04:19.296+0000][7212][safepoint    ] Leaving safepoint region
[2022-06-16T20:04:19.296+0000][7212][safepoint    ] Total time for which application threads were stopped: 0.0000624 seconds, Stopping threads took: 0.0000175 seconds
[2022-06-16T20:04:19.296+0000][7212][safepoint    ] Application time: 0.0000155 seconds
[2022-06-16T20:04:19.296+0000][7212][safepoint    ] Entering safepoint region: RevokeBias
[2022-06-16T20:04:19.296+0000][7212][safepoint    ] Leaving safepoint region
[2022-06-16T20:04:19.296+0000][7212][safepoint    ] Total time for which application threads were stopped: 0.0000621 seconds, Stopping threads took: 0.0000174 seconds
[2022-06-16T20:04:19.296+0000][7212][safepoint    ] Application time: 0.0000153 seconds
[2022-06-16T20:04:19.296+0000][7212][safepoint    ] Entering safepoint region: RevokeBias
[2022-06-16T20:04:19.296+0000][7212][safepoint    ] Leaving safepoint region
[2022-06-16T20:04:19.296+0000][7212][safepoint    ] Total time for which application threads were stopped: 0.0000620 seconds, Stopping threads took: 0.0000171 seconds
[2022-06-16T20:04:19.296+0000][7212][safepoint    ] Application time: 0.0000153 seconds
[2022-06-16T20:04:19.296+0000][7212][safepoint    ] Entering safepoint region: BulkRevokeBias
[2022-06-16T20:04:19.296+0000][7212][safepoint    ] Leaving safepoint region
[2022-06-16T20:04:19.296+0000][7212][safepoint    ] Total time for which application threads were stopped: 0.0001379 seconds, Stopping threads took: 0.0000177 seconds
[2022-06-16T20:04:19.296+0000][7212][safepoint    ] Application time: 0.0000534 seconds
[2022-06-16T20:04:19.296+0000][7212][safepoint    ] Entering safepoint region: RevokeBias
[2022-06-16T20:04:19.296+0000][7212][safepoint    ] Leaving safepoint region
[2022-06-16T20:04:19.296+0000][7212][safepoint    ] Total time for which application threads were stopped: 0.0000684 seconds, Stopping threads took: 0.0000181 seconds
[2022-06-16T20:04:19.296+0000][7212][safepoint    ] Application time: 0.0000276 seconds
[2022-06-16T20:04:19.296+0000][7212][safepoint    ] Entering safepoint region: RevokeBias
[2022-06-16T20:04:19.296+0000][7212][safepoint    ] Leaving safepoint region
[2022-06-16T20:04:19.296+0000][7212][safepoint    ] Total time for which application threads were stopped: 0.0000643 seconds, Stopping threads took: 0.0000168 seconds
[2022-06-16T20:04:19.296+0000][7212][safepoint    ] Application time: 0.0000183 seconds
[2022-06-16T20:04:19.296+0000][7212][safepoint    ] Entering safepoint region: RevokeBias
[2022-06-16T20:04:19.296+0000][7212][safepoint    ] Leaving safepoint region
[2022-06-16T20:04:19.296+0000][7212][safepoint    ] Total time for which application threads were stopped: 0.0000677 seconds, Stopping threads took: 0.0000176 seconds
[2022-06-16T20:04:19.296+0000][7212][safepoint    ] Application time: 0.0000588 seconds
[2022-06-16T20:04:19.296+0000][7212][safepoint    ] Entering safepoint region: RevokeBias
[2022-06-16T20:04:19.296+0000][7212][safepoint    ] Leaving safepoint region
[2022-06-16T20:04:19.296+0000][7212][safepoint    ] Total time for which application threads were stopped: 0.0000642 seconds, Stopping threads took: 0.0000173 seconds
[2022-06-16T20:04:19.296+0000][7212][safepoint    ] Application time: 0.0000172 seconds
[2022-06-16T20:04:19.296+0000][7212][safepoint    ] Entering safepoint region: BulkRevokeBias
[2022-06-16T20:04:19.296+0000][7212][safepoint    ] Leaving safepoint region
[2022-06-16T20:04:19.296+0000][7212][safepoint    ] Total time for which application threads were stopped: 0.0001236 seconds, Stopping threads took: 0.0000177 seconds
[2022-06-16T20:04:19.296+0000][7212][safepoint    ] Application time: 0.0001098 seconds
[2022-06-16T20:04:19.296+0000][7212][safepoint    ] Entering safepoint region: RevokeBias
[2022-06-16T20:04:19.296+0000][7212][safepoint    ] Leaving safepoint region
[2022-06-16T20:04:19.296+0000][7212][safepoint    ] Total time for which application threads were stopped: 0.0000637 seconds, Stopping threads took: 0.0000168 seconds
[2022-06-16T20:04:19.296+0000][7212][safepoint    ] Application time: 0.0000275 seconds
[2022-06-16T20:04:19.296+0000][7212][safepoint    ] Entering safepoint region: RevokeBias
[2022-06-16T20:04:19.296+0000][7212][safepoint    ] Leaving safepoint region
[2022-06-16T20:04:19.296+0000][7212][safepoint    ] Total time for which application threads were stopped: 0.0000610 seconds, Stopping threads took: 0.0000167 seconds
[2022-06-16T20:04:19.296+0000][7212][safepoint    ] Application time: 0.0000148 seconds
[2022-06-16T20:04:19.296+0000][7212][safepoint    ] Entering safepoint region: RevokeBias
[2022-06-16T20:04:19.296+0000][7212][safepoint    ] Leaving safepoint region
[2022-06-16T20:04:19.296+0000][7212][safepoint    ] Total time for which application threads were stopped: 0.0000613 seconds, Stopping threads took: 0.0000175 seconds
[2022-06-16T20:04:19.296+0000][7212][safepoint    ] Application time: 0.0000147 seconds
[2022-06-16T20:04:19.296+0000][7212][safepoint    ] Entering safepoint region: RevokeBias
[2022-06-16T20:04:19.296+0000][7212][safepoint    ] Leaving safepoint region
[2022-06-16T20:04:19.296+0000][7212][safepoint    ] Total time for which application threads were stopped: 0.0000610 seconds, Stopping threads took: 0.0000173 seconds
[2022-06-16T20:04:19.296+0000][7212][safepoint    ] Application time: 0.0001561 seconds
[2022-06-16T20:04:19.296+0000][7212][safepoint    ] Entering safepoint region: RevokeBias
[2022-06-16T20:04:19.296+0000][7212][safepoint    ] Leaving safepoint region
[2022-06-16T20:04:19.296+0000][7212][safepoint    ] Total time for which application threads were stopped: 0.0000597 seconds, Stopping threads took: 0.0000166 seconds
[2022-06-16T20:04:19.296+0000][7212][safepoint    ] Application time: 0.0001248 seconds
[2022-06-16T20:04:19.296+0000][7212][safepoint    ] Entering safepoint region: RevokeBias
[2022-06-16T20:04:19.296+0000][7212][safepoint    ] Leaving safepoint region
[2022-06-16T20:04:19.296+0000][7212][safepoint    ] Total time for which application threads were stopped: 0.0000634 seconds, Stopping threads took: 0.0000167 seconds
[2022-06-16T20:04:19.296+0000][7212][safepoint    ] Application time: 0.0000192 seconds
[2022-06-16T20:04:19.296+0000][7212][safepoint    ] Entering safepoint region: RevokeBias
[2022-06-16T20:04:19.296+0000][7212][safepoint    ] Leaving safepoint region
[2022-06-16T20:04:19.296+0000][7212][safepoint    ] Total time for which application threads were stopped: 0.0000626 seconds, Stopping threads took: 0.0000161 seconds
[2022-06-16T20:04:19.296+0000][7212][safepoint    ] Application time: 0.0005160 seconds
[2022-06-16T20:04:19.296+0000][7212][safepoint    ] Entering safepoint region: RevokeBias
[2022-06-16T20:04:19.296+0000][7212][safepoint    ] Leaving safepoint region
[2022-06-16T20:04:19.296+0000][7212][safepoint    ] Total time for which application threads were stopped: 0.0000675 seconds, Stopping threads took: 0.0000193 seconds
[2022-06-16T20:04:19.296+0000][7212][safepoint    ] Application time: 0.0010637 seconds
[2022-06-16T20:04:19.296+0000][7212][safepoint    ] Entering safepoint region: RevokeBias
[2022-06-16T20:04:19.296+0000][7212][safepoint    ] Leaving safepoint region
[2022-06-16T20:04:19.296+0000][7212][safepoint    ] Total time for which application threads were stopped: 0.0000763 seconds, Stopping threads took: 0.0000200 seconds
[2022-06-16T20:04:19.296+0000][7212][safepoint    ] Application time: 0.0005656 seconds
[2022-06-16T20:04:19.296+0000][7212][safepoint    ] Entering safepoint region: RevokeBias
[2022-06-16T20:04:19.296+0000][7212][safepoint    ] Leaving safepoint region
[2022-06-16T20:04:19.296+0000][7212][safepoint    ] Total time for which application threads were stopped: 0.0001320 seconds, Stopping threads took: 0.0000733 seconds
[2022-06-16T20:04:19.296+0000][7212][safepoint    ] Application time: 0.0000224 seconds
[2022-06-16T20:04:19.296+0000][7212][safepoint    ] Entering safepoint region: RevokeBias
[2022-06-16T20:04:19.296+0000][7212][safepoint    ] Leaving safepoint region
[2022-06-16T20:04:19.296+0000][7212][safepoint    ] Total time for which application threads were stopped: 0.0000737 seconds, Stopping threads took: 0.0000378 seconds
[2022-06-16T20:04:19.296+0000][7212][safepoint    ] Application time: 0.0000181 seconds
[2022-06-16T20:04:19.296+0000][7212][safepoint    ] Entering safepoint region: RevokeBias
[2022-06-16T20:04:19.296+0000][7212][safepoint    ] Leaving safepoint region
[2022-06-16T20:04:19.296+0000][7212][safepoint    ] Total time for which application threads were stopped: 0.0000640 seconds, Stopping threads took: 0.0000237 seconds
[2022-06-16T20:04:19.296+0000][7212][safepoint    ] Application time: 0.0000182 seconds
[2022-06-16T20:04:19.296+0000][7212][safepoint    ] Entering safepoint region: RevokeBias
[2022-06-16T20:04:19.296+0000][7212][safepoint    ] Leaving safepoint region
[2022-06-16T20:04:19.296+0000][7212][safepoint    ] Total time for which application threads were stopped: 0.0000514 seconds, Stopping threads took: 0.0000158 seconds
[2022-06-16T20:04:19.296+0000][7212][safepoint    ] Application time: 0.0000174 seconds
[2022-06-16T20:04:19.296+0000][7212][safepoint    ] Entering safepoint region: RevokeBias
[2022-06-16T20:04:19.296+0000][7212][safepoint    ] Leaving safepoint region
[2022-06-16T20:04:19.296+0000][7212][safepoint    ] Total time for which application threads were stopped: 0.0000566 seconds, Stopping threads took: 0.0000154 seconds
[2022-06-16T20:04:19.296+0000][7212][safepoint    ] Application time: 0.0000168 seconds
[2022-06-16T20:04:19.296+0000][7212][safepoint    ] Entering safepoint region: RevokeBias
[2022-06-16T20:04:19.296+0000][7212][safepoint    ] Leaving safepoint region
[2022-06-16T20:04:19.296+0000][7212][safepoint    ] Total time for which application threads were stopped: 0.0000589 seconds, Stopping threads took: 0.0000171 seconds
[2022-06-16T20:04:19.296+0000][7212][safepoint    ] Application time: 0.0000187 seconds
[2022-06-16T20:04:19.296+0000][7212][safepoint    ] Entering safepoint region: RevokeBias
[2022-06-16T20:04:19.296+0000][7212][safepoint    ] Leaving safepoint region
[2022-06-16T20:04:19.296+0000][7212][safepoint    ] Total time for which application threads were stopped: 0.0000587 seconds, Stopping threads took: 0.0000171 seconds
[2022-06-16T20:04:19.296+0000][7212][safepoint    ] Application time: 0.0000168 seconds
[2022-06-16T20:04:19.296+0000][7212][safepoint    ] Entering safepoint region: RevokeBias
[2022-06-16T20:04:19.296+0000][7212][safepoint    ] Leaving safepoint region
[2022-06-16T20:04:19.296+0000][7212][safepoint    ] Total time for which application threads were stopped: 0.0000581 seconds, Stopping threads took: 0.0000178 seconds
[2022-06-16T20:04:19.296+0000][7212][safepoint    ] Application time: 0.0000161 seconds
[2022-06-16T20:04:19.296+0000][7212][safepoint    ] Entering safepoint region: RevokeBias
[2022-06-16T20:04:19.296+0000][7212][safepoint    ] Leaving safepoint region
[2022-06-16T20:04:19.296+0000][7212][safepoint    ] Total time for which application threads were stopped: 0.0000522 seconds, Stopping threads took: 0.0000159 seconds
[2022-06-16T20:04:19.296+0000][7212][safepoint    ] Application time: 0.0000158 seconds
[2022-06-16T20:04:19.296+0000][7212][safepoint    ] Entering safepoint region: RevokeBias
[2022-06-16T20:04:19.296+0000][7212][safepoint    ] Leaving safepoint region
[2022-06-16T20:04:19.296+0000][7212][safepoint    ] Total time for which application threads were stopped: 0.0000538 seconds, Stopping threads took: 0.0000160 seconds
[2022-06-16T20:04:19.296+0000][7212][safepoint    ] Application time: 0.0000167 seconds
[2022-06-16T20:04:19.296+0000][7212][safepoint    ] Entering safepoint region: RevokeBias
[2022-06-16T20:04:19.296+0000][7212][safepoint    ] Leaving safepoint region
[2022-06-16T20:04:19.296+0000][7212][safepoint    ] Total time for which application threads were stopped: 0.0000503 seconds, Stopping threads took: 0.0000149 seconds
[2022-06-16T20:04:19.296+0000][7212][safepoint    ] Application time: 0.0000170 seconds
[2022-06-16T20:04:19.296+0000][7212][safepoint    ] Entering safepoint region: RevokeBias
[2022-06-16T20:04:19.296+0000][7212][safepoint    ] Leaving safepoint region
[2022-06-16T20:04:19.296+0000][7212][safepoint    ] Total time for which application threads were stopped: 0.0000540 seconds, Stopping threads took: 0.0000163 seconds
[2022-06-16T20:04:19.296+0000][7212][safepoint    ] Application time: 0.0000155 seconds
[2022-06-16T20:04:19.296+0000][7212][safepoint    ] Entering safepoint region: RevokeBias
[2022-06-16T20:04:19.296+0000][7212][safepoint    ] Leaving safepoint region
[2022-06-16T20:04:19.296+0000][7212][safepoint    ] Total time for which application threads were stopped: 0.0000523 seconds, Stopping threads took: 0.0000159 seconds
[2022-06-16T20:04:19.296+0000][7212][safepoint    ] Application time: 0.0000160 seconds
[2022-06-16T20:04:19.296+0000][7212][safepoint    ] Entering safepoint region: RevokeBias
[2022-06-16T20:04:19.296+0000][7212][safepoint    ] Leaving safepoint region
[2022-06-16T20:04:19.296+0000][7212][safepoint    ] Total time for which application threads were stopped: 0.0000549 seconds, Stopping threads took: 0.0000168 seconds
[2022-06-16T20:04:19.296+0000][7212][safepoint    ] Application time: 0.0000170 seconds
[2022-06-16T20:04:19.296+0000][7212][safepoint    ] Entering safepoint region: RevokeBias
[2022-06-16T20:04:19.296+0000][7212][safepoint    ] Leaving safepoint region
[2022-06-16T20:04:19.296+0000][7212][safepoint    ] Total time for which application threads were stopped: 0.0000554 seconds, Stopping threads took: 0.0000170 seconds
[2022-06-16T20:04:19.296+0000][7212][safepoint    ] Application time: 0.0000151 seconds
[2022-06-16T20:04:19.296+0000][7212][safepoint    ] Entering safepoint region: RevokeBias
[2022-06-16T20:04:19.296+0000][7212][safepoint    ] Leaving safepoint region
[2022-06-16T20:04:19.296+0000][7212][safepoint    ] Total time for which application threads were stopped: 0.0000518 seconds, Stopping threads took: 0.0000155 seconds
[2022-06-16T20:04:19.296+0000][7212][safepoint    ] Application time: 0.0000159 seconds
[2022-06-16T20:04:19.296+0000][7212][safepoint    ] Entering safepoint region: RevokeBias
[2022-06-16T20:04:19.296+0000][7212][safepoint    ] Leaving safepoint region
[2022-06-16T20:04:19.296+0000][7212][safepoint    ] Total time for which application threads were stopped: 0.0000545 seconds, Stopping threads took: 0.0000165 seconds
[2022-06-16T20:04:19.296+0000][7212][safepoint    ] Application time: 0.0000155 seconds
[2022-06-16T20:04:19.296+0000][7212][safepoint    ] Entering safepoint region: RevokeBias
[2022-06-16T20:04:19.296+0000][7212][safepoint    ] Leaving safepoint region
[2022-06-16T20:04:19.296+0000][7212][safepoint    ] Total time for which application threads were stopped: 0.0000609 seconds, Stopping threads took: 0.0000201 seconds
[2022-06-16T20:04:19.296+0000][7212][safepoint    ] Application time: 0.0000162 seconds
[2022-06-16T20:04:19.296+0000][7212][safepoint    ] Entering safepoint region: RevokeBias
[2022-06-16T20:04:19.296+0000][7212][safepoint    ] Leaving safepoint region
[2022-06-16T20:04:19.296+0000][7212][safepoint    ] Total time for which application threads were stopped: 0.0000564 seconds, Stopping threads took: 0.0000171 seconds
[2022-06-16T20:04:19.296+0000][7212][safepoint    ] Application time: 0.0000412 seconds
[2022-06-16T20:04:19.296+0000][7212][safepoint    ] Entering safepoint region: BulkRevokeBias
[2022-06-16T20:04:19.296+0000][7212][safepoint    ] Leaving safepoint region
[2022-06-16T20:04:19.296+0000][7212][safepoint    ] Total time for which application threads were stopped: 0.0001753 seconds, Stopping threads took: 0.0000428 seconds
[2022-06-16T20:04:19.296+0000][7212][safepoint    ] Application time: 0.0033237 seconds
[2022-06-16T20:04:19.296+0000][7212][safepoint    ] Entering safepoint region: RevokeBias
[2022-06-16T20:04:19.296+0000][7212][safepoint    ] Leaving safepoint region
[2022-06-16T20:04:19.296+0000][7212][safepoint    ] Total time for which application threads were stopped: 0.0000812 seconds, Stopping threads took: 0.0000217 seconds
[2022-06-16T20:04:19.296+0000][7212][safepoint    ] Application time: 0.0000455 seconds
[2022-06-16T20:04:19.296+0000][7212][safepoint    ] Entering safepoint region: RevokeBias
[2022-06-16T20:04:19.296+0000][7212][safepoint    ] Leaving safepoint region
[2022-06-16T20:04:19.296+0000][7212][safepoint    ] Total time for which application threads were stopped: 0.0000654 seconds, Stopping threads took: 0.0000180 seconds
[2022-06-16T20:04:19.296+0000][7212][safepoint    ] Application time: 0.0001350 seconds
[2022-06-16T20:04:19.296+0000][7212][safepoint    ] Entering safepoint region: RevokeBias
[2022-06-16T20:04:19.296+0000][7212][safepoint    ] Leaving safepoint region
[2022-06-16T20:04:19.296+0000][7212][safepoint    ] Total time for which application threads were stopped: 0.0000645 seconds, Stopping threads took: 0.0000183 seconds
[2022-06-16T20:04:19.296+0000][7212][safepoint    ] Application time: 0.0000469 seconds
[2022-06-16T20:04:19.296+0000][7212][safepoint    ] Entering safepoint region: RevokeBias
[2022-06-16T20:04:19.296+0000][7212][safepoint    ] Leaving safepoint region
[2022-06-16T20:04:19.296+0000][7212][safepoint    ] Total time for which application threads were stopped: 0.0000664 seconds, Stopping threads took: 0.0000190 seconds
[2022-06-16T20:04:19.437+0000][7212][safepoint    ] Application time: 0.1372509 seconds
[2022-06-16T20:04:19.437+0000][7212][safepoint    ] Entering safepoint region: Deoptimize
[2022-06-16T20:04:19.437+0000][7212][safepoint    ] Leaving safepoint region
[2022-06-16T20:04:19.437+0000][7212][safepoint    ] Total time for which application threads were stopped: 0.0007379 seconds, Stopping threads took: 0.0000298 seconds
[2022-06-16T20:04:19.890+0000][7212][safepoint    ] Application time: 0.4466334 seconds
[2022-06-16T20:04:19.890+0000][7212][safepoint    ] Entering safepoint region: Deoptimize
[2022-06-16T20:04:19.890+0000][7212][safepoint    ] Leaving safepoint region
[2022-06-16T20:04:19.890+0000][7212][safepoint    ] Total time for which application threads were stopped: 0.0008445 seconds, Stopping threads took: 0.0000221 seconds
[2022-06-16T20:04:19.984+0000][7212][safepoint    ] Application time: 0.0968664 seconds
[2022-06-16T20:04:19.984+0000][7212][safepoint    ] Entering safepoint region: RevokeBias
[2022-06-16T20:04:19.984+0000][7212][safepoint    ] Leaving safepoint region
[2022-06-16T20:04:19.984+0000][7212][safepoint    ] Total time for which application threads were stopped: 0.0001180 seconds, Stopping threads took: 0.0000296 seconds
[2022-06-16T20:04:19.984+0000][7212][safepoint    ] Application time: 0.0000405 seconds
[2022-06-16T20:04:19.984+0000][7212][safepoint    ] Entering safepoint region: RevokeBias
[2022-06-16T20:04:19.984+0000][7212][safepoint    ] Leaving safepoint region
[2022-06-16T20:04:19.984+0000][7212][safepoint    ] Total time for which application threads were stopped: 0.0000735 seconds, Stopping threads took: 0.0000247 seconds
[2022-06-16T20:04:19.984+0000][7212][safepoint    ] Application time: 0.0000303 seconds
[2022-06-16T20:04:19.984+0000][7212][safepoint    ] Entering safepoint region: RevokeBias
[2022-06-16T20:04:19.984+0000][7212][safepoint    ] Leaving safepoint region
[2022-06-16T20:04:19.984+0000][7212][safepoint    ] Total time for which application threads were stopped: 0.0000646 seconds, Stopping threads took: 0.0000205 seconds
[2022-06-16T20:04:19.984+0000][7212][safepoint    ] Application time: 0.0000251 seconds
[2022-06-16T20:04:19.984+0000][7212][safepoint    ] Entering safepoint region: RevokeBias
[2022-06-16T20:04:19.984+0000][7212][safepoint    ] Leaving safepoint region
[2022-06-16T20:04:19.984+0000][7212][safepoint    ] Total time for which application threads were stopped: 0.0000642 seconds, Stopping threads took: 0.0000213 seconds
[2022-06-16T20:04:19.984+0000][7212][safepoint    ] Application time: 0.0000243 seconds
[2022-06-16T20:04:19.984+0000][7212][safepoint    ] Entering safepoint region: RevokeBias
[2022-06-16T20:04:19.984+0000][7212][safepoint    ] Leaving safepoint region
[2022-06-16T20:04:19.984+0000][7212][safepoint    ] Total time for which application threads were stopped: 0.0000615 seconds, Stopping threads took: 0.0000197 seconds
[2022-06-16T20:04:19.984+0000][7212][safepoint    ] Application time: 0.0000281 seconds
[2022-06-16T20:04:19.984+0000][7212][safepoint    ] Entering safepoint region: RevokeBias
[2022-06-16T20:04:19.984+0000][7212][safepoint    ] Leaving safepoint region
[2022-06-16T20:04:19.984+0000][7212][safepoint    ] Total time for which application threads were stopped: 0.0000630 seconds, Stopping threads took: 0.0000199 seconds
[2022-06-16T20:04:19.984+0000][7212][safepoint    ] Application time: 0.0000254 seconds
[2022-06-16T20:04:19.984+0000][7212][safepoint    ] Entering safepoint region: RevokeBias
[2022-06-16T20:04:19.984+0000][7212][safepoint    ] Leaving safepoint region
[2022-06-16T20:04:19.984+0000][7212][safepoint    ] Total time for which application threads were stopped: 0.0000635 seconds, Stopping threads took: 0.0000208 seconds
[2022-06-16T20:04:19.984+0000][7212][safepoint    ] Application time: 0.0000245 seconds
[2022-06-16T20:04:19.984+0000][7212][safepoint    ] Entering safepoint region: RevokeBias
[2022-06-16T20:04:19.984+0000][7212][safepoint    ] Leaving safepoint region
[2022-06-16T20:04:19.984+0000][7212][safepoint    ] Total time for which application threads were stopped: 0.0000807 seconds, Stopping threads took: 0.0000205 seconds
[2022-06-16T20:04:20.093+0000][7212][safepoint    ] Application time: 0.0995096 seconds
[2022-06-16T20:04:20.093+0000][7212][safepoint    ] Entering safepoint region: RevokeBias
[2022-06-16T20:04:20.093+0000][7212][safepoint    ] Leaving safepoint region
[2022-06-16T20:04:20.093+0000][7212][safepoint    ] Total time for which application threads were stopped: 0.0063853 seconds, Stopping threads took: 0.0063010 seconds
[2022-06-16T20:04:20.093+0000][7212][safepoint    ] Application time: 0.0004411 seconds
[2022-06-16T20:04:20.109+0000][7212][safepoint    ] Entering safepoint region: RevokeBias
[2022-06-16T20:04:20.109+0000][7212][safepoint    ] Leaving safepoint region
[2022-06-16T20:04:20.109+0000][7212][safepoint    ] Total time for which application threads were stopped: 0.0148294 seconds, Stopping threads took: 0.0147414 seconds
[2022-06-16T20:04:20.140+0000][7212][safepoint    ] Application time: 0.0361946 seconds
[2022-06-16T20:04:20.140+0000][7212][safepoint    ] Entering safepoint region: RevokeBias
[2022-06-16T20:04:20.140+0000][7212][safepoint    ] Leaving safepoint region
[2022-06-16T20:04:20.140+0000][7212][safepoint    ] Total time for which application threads were stopped: 0.0001326 seconds, Stopping threads took: 0.0000409 seconds
[2022-06-16T20:04:20.140+0000][7212][safepoint    ] Application time: 0.0006541 seconds
[2022-06-16T20:04:20.140+0000][7212][safepoint    ] Entering safepoint region: RevokeBias
[2022-06-16T20:04:20.140+0000][7212][safepoint    ] Leaving safepoint region
[2022-06-16T20:04:20.140+0000][7212][safepoint    ] Total time for which application threads were stopped: 0.0000883 seconds, Stopping threads took: 0.0000232 seconds
[2022-06-16T20:04:20.156+0000][7212][safepoint    ] Application time: 0.0064757 seconds
[2022-06-16T20:04:20.156+0000][7212][safepoint    ] Entering safepoint region: RevokeBias
[2022-06-16T20:04:20.156+0000][7212][safepoint    ] Leaving safepoint region
[2022-06-16T20:04:20.156+0000][7212][safepoint    ] Total time for which application threads were stopped: 0.0010024 seconds, Stopping threads took: 0.0009297 seconds
[2022-06-16T20:04:20.156+0000][7212][safepoint    ] Application time: 0.0002333 seconds
[2022-06-16T20:04:20.156+0000][7212][safepoint    ] Entering safepoint region: RevokeBias
[2022-06-16T20:04:20.156+0000][7212][safepoint    ] Leaving safepoint region
[2022-06-16T20:04:20.156+0000][7212][safepoint    ] Total time for which application threads were stopped: 0.0001395 seconds, Stopping threads took: 0.0000534 seconds
[2022-06-16T20:04:20.156+0000][7212][safepoint    ] Application time: 0.0006385 seconds
[2022-06-16T20:04:20.156+0000][7212][safepoint    ] Entering safepoint region: RevokeBias
[2022-06-16T20:04:20.156+0000][7212][safepoint    ] Leaving safepoint region
[2022-06-16T20:04:20.156+0000][7212][safepoint    ] Total time for which application threads were stopped: 0.0001128 seconds, Stopping threads took: 0.0000193 seconds
[2022-06-16T20:04:20.156+0000][7212][safepoint    ] Application time: 0.0004437 seconds
[2022-06-16T20:04:20.156+0000][7212][safepoint    ] Entering safepoint region: RevokeBias
[2022-06-16T20:04:20.156+0000][7212][safepoint    ] Leaving safepoint region
[2022-06-16T20:04:20.156+0000][7212][safepoint    ] Total time for which application threads were stopped: 0.0001262 seconds, Stopping threads took: 0.0000630 seconds
[2022-06-16T20:04:20.156+0000][7212][safepoint    ] Application time: 0.0000572 seconds
[2022-06-16T20:04:20.156+0000][7212][safepoint    ] Entering safepoint region: RevokeBias
[2022-06-16T20:04:20.156+0000][7212][safepoint    ] Leaving safepoint region
[2022-06-16T20:04:20.156+0000][7212][safepoint    ] Total time for which application threads were stopped: 0.0000729 seconds, Stopping threads took: 0.0000208 seconds
[2022-06-16T20:04:20.156+0000][7212][safepoint    ] Application time: 0.0000136 seconds
[2022-06-16T20:04:20.156+0000][7212][safepoint    ] Entering safepoint region: RevokeBias
[2022-06-16T20:04:20.156+0000][7212][safepoint    ] Leaving safepoint region
[2022-06-16T20:04:20.156+0000][7212][safepoint    ] Total time for which application threads were stopped: 0.0000710 seconds, Stopping threads took: 0.0000228 seconds
[2022-06-16T20:04:20.156+0000][7212][safepoint    ] Application time: 0.0000881 seconds
[2022-06-16T20:04:20.156+0000][7212][safepoint    ] Entering safepoint region: RevokeBias
[2022-06-16T20:04:20.156+0000][7212][safepoint    ] Leaving safepoint region
[2022-06-16T20:04:20.156+0000][7212][safepoint    ] Total time for which application threads were stopped: 0.0004430 seconds, Stopping threads took: 0.0000173 seconds
[2022-06-16T20:04:20.156+0000][7212][safepoint    ] Application time: 0.0000867 seconds
[2022-06-16T20:04:20.156+0000][7212][safepoint    ] Entering safepoint region: RevokeBias
[2022-06-16T20:04:20.156+0000][7212][safepoint    ] Leaving safepoint region
[2022-06-16T20:04:20.156+0000][7212][safepoint    ] Total time for which application threads were stopped: 0.0001280 seconds, Stopping threads took: 0.0000558 seconds
[2022-06-16T20:04:20.156+0000][7212][safepoint    ] Application time: 0.0000627 seconds
[2022-06-16T20:04:20.156+0000][7212][safepoint    ] Entering safepoint region: RevokeBias
[2022-06-16T20:04:20.156+0000][7212][safepoint    ] Leaving safepoint region
[2022-06-16T20:04:20.156+0000][7212][safepoint    ] Total time for which application threads were stopped: 0.0000957 seconds, Stopping threads took: 0.0000246 seconds
[2022-06-16T20:04:20.156+0000][7212][safepoint    ] Application time: 0.0001258 seconds
[2022-06-16T20:04:20.156+0000][7212][safepoint    ] Entering safepoint region: RevokeBias
[2022-06-16T20:04:20.156+0000][7212][safepoint    ] Leaving safepoint region
[2022-06-16T20:04:20.156+0000][7212][safepoint    ] Total time for which application threads were stopped: 0.0000813 seconds, Stopping threads took: 0.0000180 seconds
[2022-06-16T20:04:20.156+0000][7212][safepoint    ] Application time: 0.0000205 seconds
[2022-06-16T20:04:20.156+0000][7212][safepoint    ] Entering safepoint region: RevokeBias
[2022-06-16T20:04:20.156+0000][7212][safepoint    ] Leaving safepoint region
[2022-06-16T20:04:20.156+0000][7212][safepoint    ] Total time for which application threads were stopped: 0.0000765 seconds, Stopping threads took: 0.0000171 seconds
[2022-06-16T20:04:20.156+0000][7212][safepoint    ] Application time: 0.0009278 seconds
[2022-06-16T20:04:20.156+0000][7212][safepoint    ] Entering safepoint region: RevokeBias
[2022-06-16T20:04:20.156+0000][7212][safepoint    ] Leaving safepoint region
[2022-06-16T20:04:20.156+0000][7212][safepoint    ] Total time for which application threads were stopped: 0.0000941 seconds, Stopping threads took: 0.0000185 seconds
[2022-06-16T20:04:20.156+0000][7212][safepoint    ] Application time: 0.0000247 seconds
[2022-06-16T20:04:20.156+0000][7212][safepoint    ] Entering safepoint region: RevokeBias
[2022-06-16T20:04:20.156+0000][7212][safepoint    ] Leaving safepoint region
[2022-06-16T20:04:20.156+0000][7212][safepoint    ] Total time for which application threads were stopped: 0.0000853 seconds, Stopping threads took: 0.0000195 seconds
[2022-06-16T20:04:20.156+0000][7212][safepoint    ] Application time: 0.0008908 seconds
[2022-06-16T20:04:20.156+0000][7212][safepoint    ] Entering safepoint region: RevokeBias
[2022-06-16T20:04:20.156+0000][7212][safepoint    ] Leaving safepoint region
[2022-06-16T20:04:20.156+0000][7212][safepoint    ] Total time for which application threads were stopped: 0.0001637 seconds, Stopping threads took: 0.0000388 seconds
[2022-06-16T20:04:20.156+0000][7212][safepoint    ] Application time: 0.0012238 seconds
[2022-06-16T20:04:20.156+0000][7212][safepoint    ] Entering safepoint region: RevokeBias
[2022-06-16T20:04:20.156+0000][7212][safepoint    ] Leaving safepoint region
[2022-06-16T20:04:20.156+0000][7212][safepoint    ] Total time for which application threads were stopped: 0.0001477 seconds, Stopping threads took: 0.0000451 seconds
[2022-06-16T20:04:20.156+0000][7212][safepoint    ] Application time: 0.0012168 seconds
[2022-06-16T20:04:20.156+0000][7212][safepoint    ] Entering safepoint region: RevokeBias
[2022-06-16T20:04:20.156+0000][7212][safepoint    ] Leaving safepoint region
[2022-06-16T20:04:20.156+0000][7212][safepoint    ] Total time for which application threads were stopped: 0.0004046 seconds, Stopping threads took: 0.0002847 seconds
[2022-06-16T20:04:20.156+0000][7212][safepoint    ] Application time: 0.0003365 seconds
[2022-06-16T20:04:20.156+0000][7212][safepoint    ] Entering safepoint region: RevokeBias
[2022-06-16T20:04:20.156+0000][7212][safepoint    ] Leaving safepoint region
[2022-06-16T20:04:20.156+0000][7212][safepoint    ] Total time for which application threads were stopped: 0.0001481 seconds, Stopping threads took: 0.0000190 seconds
[2022-06-16T20:04:20.156+0000][7212][safepoint    ] Application time: 0.0000366 seconds
[2022-06-16T20:04:20.156+0000][7212][safepoint    ] Entering safepoint region: BulkRevokeBias
[2022-06-16T20:04:20.171+0000][7212][safepoint    ] Leaving safepoint region
[2022-06-16T20:04:20.171+0000][7212][safepoint    ] Total time for which application threads were stopped: 0.0006052 seconds, Stopping threads took: 0.0000910 seconds
[2022-06-16T20:04:20.171+0000][7212][safepoint    ] Application time: 0.0010271 seconds
[2022-06-16T20:04:20.171+0000][7212][safepoint    ] Entering safepoint region: RevokeBias
[2022-06-16T20:04:20.171+0000][7212][safepoint    ] Leaving safepoint region
[2022-06-16T20:04:20.171+0000][7212][safepoint    ] Total time for which application threads were stopped: 0.0005782 seconds, Stopping threads took: 0.0000427 seconds
[2022-06-16T20:04:20.171+0000][7212][safepoint    ] Application time: 0.0006645 seconds
[2022-06-16T20:04:20.171+0000][7212][safepoint    ] Entering safepoint region: RevokeBias
[2022-06-16T20:04:20.171+0000][7212][safepoint    ] Leaving safepoint region
[2022-06-16T20:04:20.171+0000][7212][safepoint    ] Total time for which application threads were stopped: 0.0000999 seconds, Stopping threads took: 0.0000283 seconds
[2022-06-16T20:04:20.171+0000][7212][safepoint    ] Application time: 0.0000250 seconds
[2022-06-16T20:04:20.171+0000][7212][safepoint    ] Entering safepoint region: RevokeBias
[2022-06-16T20:04:20.171+0000][7212][safepoint    ] Leaving safepoint region
[2022-06-16T20:04:20.171+0000][7212][safepoint    ] Total time for which application threads were stopped: 0.0000846 seconds, Stopping threads took: 0.0000259 seconds
[2022-06-16T20:04:20.171+0000][7212][safepoint    ] Application time: 0.0012166 seconds
[2022-06-16T20:04:20.171+0000][7212][safepoint    ] Entering safepoint region: RevokeBias
[2022-06-16T20:04:20.171+0000][7212][safepoint    ] Leaving safepoint region
[2022-06-16T20:04:20.171+0000][7212][safepoint    ] Total time for which application threads were stopped: 0.0000930 seconds, Stopping threads took: 0.0000184 seconds
[2022-06-16T20:04:20.171+0000][7212][safepoint    ] Application time: 0.0000283 seconds
[2022-06-16T20:04:20.171+0000][7212][safepoint    ] Entering safepoint region: RevokeBias
[2022-06-16T20:04:20.171+0000][7212][safepoint    ] Leaving safepoint region
[2022-06-16T20:04:20.171+0000][7212][safepoint    ] Total time for which application threads were stopped: 0.0000870 seconds, Stopping threads took: 0.0000179 seconds
[2022-06-16T20:04:20.171+0000][7212][safepoint    ] Application time: 0.0025036 seconds
[2022-06-16T20:04:20.171+0000][7212][safepoint    ] Entering safepoint region: RevokeBias
[2022-06-16T20:04:20.171+0000][7212][safepoint    ] Leaving safepoint region
[2022-06-16T20:04:20.171+0000][7212][safepoint    ] Total time for which application threads were stopped: 0.0001419 seconds, Stopping threads took: 0.0000671 seconds
[2022-06-16T20:04:20.171+0000][7212][safepoint    ] Application time: 0.0006390 seconds
[2022-06-16T20:04:20.171+0000][7212][safepoint    ] Entering safepoint region: RevokeBias
[2022-06-16T20:04:20.171+0000][7212][safepoint    ] Leaving safepoint region
[2022-06-16T20:04:20.171+0000][7212][safepoint    ] Total time for which application threads were stopped: 0.0001954 seconds, Stopping threads took: 0.0001197 seconds
[2022-06-16T20:04:20.171+0000][7212][safepoint    ] Application time: 0.0002470 seconds
[2022-06-16T20:04:20.171+0000][7212][safepoint    ] Entering safepoint region: RevokeBias
[2022-06-16T20:04:20.171+0000][7212][safepoint    ] Leaving safepoint region
[2022-06-16T20:04:20.171+0000][7212][safepoint    ] Total time for which application threads were stopped: 0.0003324 seconds, Stopping threads took: 0.0002122 seconds
[2022-06-16T20:04:20.171+0000][7212][safepoint    ] Application time: 0.0005130 seconds
[2022-06-16T20:04:20.171+0000][7212][safepoint    ] Entering safepoint region: RevokeBias
[2022-06-16T20:04:20.171+0000][7212][safepoint    ] Leaving safepoint region
[2022-06-16T20:04:20.171+0000][7212][safepoint    ] Total time for which application threads were stopped: 0.0001623 seconds, Stopping threads took: 0.0000542 seconds
[2022-06-16T20:04:20.171+0000][7212][safepoint    ] Application time: 0.0000274 seconds
[2022-06-16T20:04:20.171+0000][7212][safepoint    ] Entering safepoint region: RevokeBias
[2022-06-16T20:04:20.171+0000][7212][safepoint    ] Leaving safepoint region
[2022-06-16T20:04:20.171+0000][7212][safepoint    ] Total time for which application threads were stopped: 0.0001068 seconds, Stopping threads took: 0.0000426 seconds
[2022-06-16T20:04:20.187+0000][7212][safepoint    ] Application time: 0.0100499 seconds
[2022-06-16T20:04:20.187+0000][7212][safepoint    ] Entering safepoint region: RevokeBias
[2022-06-16T20:04:20.187+0000][7212][safepoint    ] Leaving safepoint region
[2022-06-16T20:04:20.187+0000][7212][safepoint    ] Total time for which application threads were stopped: 0.0005402 seconds, Stopping threads took: 0.0004601 seconds
[2022-06-16T20:04:20.187+0000][7212][safepoint    ] Application time: 0.0000913 seconds
[2022-06-16T20:04:20.187+0000][7212][safepoint    ] Entering safepoint region: RevokeBias
[2022-06-16T20:04:20.187+0000][7212][safepoint    ] Leaving safepoint region
[2022-06-16T20:04:20.187+0000][7212][safepoint    ] Total time for which application threads were stopped: 0.0001071 seconds, Stopping threads took: 0.0000243 seconds
[2022-06-16T20:04:20.187+0000][7212][safepoint    ] Application time: 0.0012563 seconds
[2022-06-16T20:04:20.187+0000][7212][safepoint    ] Entering safepoint region: RevokeBias
[2022-06-16T20:04:20.187+0000][7212][safepoint    ] Leaving safepoint region
[2022-06-16T20:04:20.187+0000][7212][safepoint    ] Total time for which application threads were stopped: 0.0001289 seconds, Stopping threads took: 0.0000554 seconds
[2022-06-16T20:04:20.187+0000][7212][safepoint    ] Application time: 0.0000383 seconds
[2022-06-16T20:04:20.187+0000][7212][safepoint    ] Entering safepoint region: RevokeBias
[2022-06-16T20:04:20.187+0000][7212][safepoint    ] Leaving safepoint region
[2022-06-16T20:04:20.187+0000][7212][safepoint    ] Total time for which application threads were stopped: 0.0001030 seconds, Stopping threads took: 0.0000413 seconds
[2022-06-16T20:04:20.187+0000][7212][safepoint    ] Application time: 0.0023849 seconds
[2022-06-16T20:04:20.187+0000][7212][safepoint    ] Entering safepoint region: RevokeBias
[2022-06-16T20:04:20.187+0000][7212][safepoint    ] Leaving safepoint region
[2022-06-16T20:04:20.187+0000][7212][safepoint    ] Total time for which application threads were stopped: 0.0003654 seconds, Stopping threads took: 0.0002950 seconds
[2022-06-16T20:04:20.187+0000][7212][safepoint    ] Application time: 0.0007389 seconds
[2022-06-16T20:04:20.187+0000][7212][safepoint    ] Entering safepoint region: RevokeBias
[2022-06-16T20:04:20.187+0000][7212][safepoint    ] Leaving safepoint region
[2022-06-16T20:04:20.187+0000][7212][safepoint    ] Total time for which application threads were stopped: 0.0000896 seconds, Stopping threads took: 0.0000252 seconds
[2022-06-16T20:04:20.187+0000][7212][safepoint    ] Application time: 0.0000700 seconds
[2022-06-16T20:04:20.187+0000][7212][safepoint    ] Entering safepoint region: RevokeBias
[2022-06-16T20:04:20.187+0000][7212][safepoint    ] Leaving safepoint region
[2022-06-16T20:04:20.187+0000][7212][safepoint    ] Total time for which application threads were stopped: 0.0000740 seconds, Stopping threads took: 0.0000208 seconds
[2022-06-16T20:04:20.187+0000][7212][safepoint    ] Application time: 0.0047956 seconds
[2022-06-16T20:04:20.187+0000][7212][safepoint    ] Entering safepoint region: RevokeBias
[2022-06-16T20:04:20.187+0000][7212][safepoint    ] Leaving safepoint region
[2022-06-16T20:04:20.187+0000][7212][safepoint    ] Total time for which application threads were stopped: 0.0000903 seconds, Stopping threads took: 0.0000248 seconds
[2022-06-16T20:04:20.187+0000][7212][safepoint    ] Application time: 0.0000989 seconds
[2022-06-16T20:04:20.187+0000][7212][safepoint    ] Entering safepoint region: RevokeBias
[2022-06-16T20:04:20.187+0000][7212][safepoint    ] Leaving safepoint region
[2022-06-16T20:04:20.187+0000][7212][safepoint    ] Total time for which application threads were stopped: 0.0000779 seconds, Stopping threads took: 0.0000213 seconds
[2022-06-16T20:04:20.187+0000][7212][safepoint    ] Application time: 0.0000648 seconds
[2022-06-16T20:04:20.187+0000][7212][safepoint    ] Entering safepoint region: RevokeBias
[2022-06-16T20:04:20.187+0000][7212][safepoint    ] Leaving safepoint region
[2022-06-16T20:04:20.187+0000][7212][safepoint    ] Total time for which application threads were stopped: 0.0000774 seconds, Stopping threads took: 0.0000242 seconds
[2022-06-16T20:04:20.203+0000][7212][safepoint    ] Application time: 0.0002800 seconds
[2022-06-16T20:04:20.203+0000][7212][safepoint    ] Entering safepoint region: RevokeBias
[2022-06-16T20:04:20.203+0000][7212][safepoint    ] Leaving safepoint region
[2022-06-16T20:04:20.203+0000][7212][safepoint    ] Total time for which application threads were stopped: 0.0000806 seconds, Stopping threads took: 0.0000220 seconds
[2022-06-16T20:04:20.203+0000][7212][safepoint    ] Application time: 0.0002548 seconds
[2022-06-16T20:04:20.203+0000][7212][safepoint    ] Entering safepoint region: RevokeBias
[2022-06-16T20:04:20.203+0000][7212][safepoint    ] Leaving safepoint region
[2022-06-16T20:04:20.203+0000][7212][safepoint    ] Total time for which application threads were stopped: 0.0017539 seconds, Stopping threads took: 0.0016795 seconds
[2022-06-16T20:04:20.203+0000][7212][safepoint    ] Application time: 0.0001059 seconds
[2022-06-16T20:04:20.203+0000][7212][safepoint    ] Entering safepoint region: RevokeBias
[2022-06-16T20:04:20.203+0000][7212][safepoint    ] Leaving safepoint region
[2022-06-16T20:04:20.203+0000][7212][safepoint    ] Total time for which application threads were stopped: 0.0003653 seconds, Stopping threads took: 0.0003060 seconds
[2022-06-16T20:04:20.203+0000][7212][safepoint    ] Application time: 0.0000274 seconds
[2022-06-16T20:04:20.203+0000][7212][safepoint    ] Entering safepoint region: RevokeBias
[2022-06-16T20:04:20.203+0000][7212][safepoint    ] Leaving safepoint region
[2022-06-16T20:04:20.203+0000][7212][safepoint    ] Total time for which application threads were stopped: 0.0000704 seconds, Stopping threads took: 0.0000201 seconds
[2022-06-16T20:04:20.203+0000][7212][safepoint    ] Application time: 0.0002661 seconds
[2022-06-16T20:04:20.203+0000][7212][safepoint    ] Entering safepoint region: RevokeBias
[2022-06-16T20:04:20.203+0000][7212][safepoint    ] Leaving safepoint region
[2022-06-16T20:04:20.203+0000][7212][safepoint    ] Total time for which application threads were stopped: 0.0000816 seconds, Stopping threads took: 0.0000224 seconds
[2022-06-16T20:04:20.203+0000][7212][safepoint    ] Application time: 0.0006016 seconds
[2022-06-16T20:04:20.203+0000][7212][safepoint    ] Entering safepoint region: RevokeBias
[2022-06-16T20:04:20.203+0000][7212][safepoint    ] Leaving safepoint region
[2022-06-16T20:04:20.203+0000][7212][safepoint    ] Total time for which application threads were stopped: 0.0004229 seconds, Stopping threads took: 0.0003547 seconds
[2022-06-16T20:04:20.203+0000][7212][safepoint    ] Application time: 0.0001534 seconds
[2022-06-16T20:04:20.203+0000][7212][safepoint    ] Entering safepoint region: RevokeBias
[2022-06-16T20:04:20.203+0000][7212][safepoint    ] Leaving safepoint region
[2022-06-16T20:04:20.203+0000][7212][safepoint    ] Total time for which application threads were stopped: 0.0000798 seconds, Stopping threads took: 0.0000213 seconds
[2022-06-16T20:04:20.203+0000][7212][safepoint    ] Application time: 0.0008986 seconds
[2022-06-16T20:04:20.203+0000][7212][safepoint    ] Entering safepoint region: RevokeBias
[2022-06-16T20:04:20.203+0000][7212][safepoint    ] Leaving safepoint region
[2022-06-16T20:04:20.203+0000][7212][safepoint    ] Total time for which application threads were stopped: 0.0000874 seconds, Stopping threads took: 0.0000255 seconds
[2022-06-16T20:04:20.203+0000][7212][safepoint    ] Application time: 0.0003968 seconds
[2022-06-16T20:04:20.203+0000][7212][safepoint    ] Entering safepoint region: RevokeBias
[2022-06-16T20:04:20.203+0000][7212][safepoint    ] Leaving safepoint region
[2022-06-16T20:04:20.203+0000][7212][safepoint    ] Total time for which application threads were stopped: 0.0003456 seconds, Stopping threads took: 0.0002894 seconds
[2022-06-16T20:04:20.203+0000][7212][safepoint    ] Application time: 0.0000298 seconds
[2022-06-16T20:04:20.203+0000][7212][safepoint    ] Entering safepoint region: RevokeBias
[2022-06-16T20:04:20.203+0000][7212][safepoint    ] Leaving safepoint region
[2022-06-16T20:04:20.203+0000][7212][safepoint    ] Total time for which application threads were stopped: 0.0000719 seconds, Stopping threads took: 0.0000213 seconds
[2022-06-16T20:04:20.203+0000][7212][safepoint    ] Application time: 0.0002008 seconds
[2022-06-16T20:04:20.203+0000][7212][safepoint    ] Entering safepoint region: RevokeBias
[2022-06-16T20:04:20.203+0000][7212][safepoint    ] Leaving safepoint region
[2022-06-16T20:04:20.203+0000][7212][safepoint    ] Total time for which application threads were stopped: 0.0000758 seconds, Stopping threads took: 0.0000220 seconds
[2022-06-16T20:04:20.203+0000][7212][safepoint    ] Application time: 0.0002352 seconds
[2022-06-16T20:04:20.203+0000][7212][safepoint    ] Entering safepoint region: RevokeBias
[2022-06-16T20:04:20.203+0000][7212][safepoint    ] Leaving safepoint region
[2022-06-16T20:04:20.203+0000][7212][safepoint    ] Total time for which application threads were stopped: 0.0003324 seconds, Stopping threads took: 0.0002728 seconds
[2022-06-16T20:04:20.203+0000][7212][safepoint    ] Application time: 0.0000266 seconds
[2022-06-16T20:04:20.203+0000][7212][safepoint    ] Entering safepoint region: RevokeBias
[2022-06-16T20:04:20.203+0000][7212][safepoint    ] Leaving safepoint region
[2022-06-16T20:04:20.203+0000][7212][safepoint    ] Total time for which application threads were stopped: 0.0000651 seconds, Stopping threads took: 0.0000199 seconds
[2022-06-16T20:04:20.203+0000][7212][safepoint    ] Application time: 0.0002159 seconds
[2022-06-16T20:04:20.203+0000][7212][safepoint    ] Entering safepoint region: RevokeBias
[2022-06-16T20:04:20.203+0000][7212][safepoint    ] Leaving safepoint region
[2022-06-16T20:04:20.203+0000][7212][safepoint    ] Total time for which application threads were stopped: 0.0000758 seconds, Stopping threads took: 0.0000223 seconds
[2022-06-16T20:04:20.203+0000][7212][safepoint    ] Application time: 0.0001330 seconds
[2022-06-16T20:04:20.203+0000][7212][safepoint    ] Entering safepoint region: RevokeBias
[2022-06-16T20:04:20.203+0000][7212][safepoint    ] Leaving safepoint region
[2022-06-16T20:04:20.203+0000][7212][safepoint    ] Total time for which application threads were stopped: 0.0003259 seconds, Stopping threads took: 0.0002725 seconds
[2022-06-16T20:04:20.203+0000][7212][safepoint    ] Application time: 0.0004468 seconds
[2022-06-16T20:04:20.203+0000][7212][safepoint    ] Entering safepoint region: RevokeBias
[2022-06-16T20:04:20.203+0000][7212][safepoint    ] Leaving safepoint region
[2022-06-16T20:04:20.203+0000][7212][safepoint    ] Total time for which application threads were stopped: 0.0003809 seconds, Stopping threads took: 0.0003146 seconds
[2022-06-16T20:04:20.203+0000][7212][safepoint    ] Application time: 0.0001872 seconds
[2022-06-16T20:04:20.203+0000][7212][safepoint    ] Entering safepoint region: RevokeBias
[2022-06-16T20:04:20.203+0000][7212][safepoint    ] Leaving safepoint region
[2022-06-16T20:04:20.203+0000][7212][safepoint    ] Total time for which application threads were stopped: 0.0000806 seconds, Stopping threads took: 0.0000223 seconds
[2022-06-16T20:04:20.203+0000][7212][safepoint    ] Application time: 0.0016274 seconds
[2022-06-16T20:04:20.203+0000][7212][safepoint    ] Entering safepoint region: RevokeBias
[2022-06-16T20:04:20.203+0000][7212][safepoint    ] Leaving safepoint region
[2022-06-16T20:04:20.203+0000][7212][safepoint    ] Total time for which application threads were stopped: 0.0000751 seconds, Stopping threads took: 0.0000201 seconds
[2022-06-16T20:04:20.203+0000][7212][safepoint    ] Application time: 0.0000783 seconds
[2022-06-16T20:04:20.203+0000][7212][safepoint    ] Entering safepoint region: RevokeBias
[2022-06-16T20:04:20.203+0000][7212][safepoint    ] Leaving safepoint region
[2022-06-16T20:04:20.203+0000][7212][safepoint    ] Total time for which application threads were stopped: 0.0000806 seconds, Stopping threads took: 0.0000260 seconds
[2022-06-16T20:04:20.203+0000][7212][safepoint    ] Application time: 0.0003452 seconds
[2022-06-16T20:04:20.203+0000][7212][safepoint    ] Entering safepoint region: RevokeBias
[2022-06-16T20:04:20.203+0000][7212][safepoint    ] Leaving safepoint region
[2022-06-16T20:04:20.203+0000][7212][safepoint    ] Total time for which application threads were stopped: 0.0000764 seconds, Stopping threads took: 0.0000224 seconds
[2022-06-16T20:04:20.203+0000][7212][safepoint    ] Application time: 0.0000272 seconds
[2022-06-16T20:04:20.203+0000][7212][safepoint    ] Entering safepoint region: RevokeBias
[2022-06-16T20:04:20.203+0000][7212][safepoint    ] Leaving safepoint region
[2022-06-16T20:04:20.203+0000][7212][safepoint    ] Total time for which application threads were stopped: 0.0000657 seconds, Stopping threads took: 0.0000197 seconds
[2022-06-16T20:04:20.203+0000][7212][safepoint    ] Application time: 0.0002467 seconds
[2022-06-16T20:04:20.203+0000][7212][safepoint    ] Entering safepoint region: RevokeBias
[2022-06-16T20:04:20.203+0000][7212][safepoint    ] Leaving safepoint region
[2022-06-16T20:04:20.203+0000][7212][safepoint    ] Total time for which application threads were stopped: 0.0000786 seconds, Stopping threads took: 0.0000234 seconds
[2022-06-16T20:04:20.203+0000][7212][safepoint    ] Application time: 0.0008843 seconds
[2022-06-16T20:04:20.203+0000][7212][safepoint    ] Entering safepoint region: RevokeBias
[2022-06-16T20:04:20.203+0000][7212][safepoint    ] Leaving safepoint region
[2022-06-16T20:04:20.203+0000][7212][safepoint    ] Total time for which application threads were stopped: 0.0000798 seconds, Stopping threads took: 0.0000240 seconds
[2022-06-16T20:04:20.203+0000][7212][safepoint    ] Application time: 0.0002583 seconds
[2022-06-16T20:04:20.203+0000][7212][safepoint    ] Entering safepoint region: RevokeBias
[2022-06-16T20:04:20.203+0000][7212][safepoint    ] Leaving safepoint region
[2022-06-16T20:04:20.203+0000][7212][safepoint    ] Total time for which application threads were stopped: 0.0000784 seconds, Stopping threads took: 0.0000226 seconds
[2022-06-16T20:04:20.203+0000][7212][safepoint    ] Application time: 0.0007288 seconds
[2022-06-16T20:04:20.203+0000][7212][safepoint    ] Entering safepoint region: RevokeBias
[2022-06-16T20:04:20.203+0000][7212][safepoint    ] Leaving safepoint region
[2022-06-16T20:04:20.203+0000][7212][safepoint    ] Total time for which application threads were stopped: 0.0000786 seconds, Stopping threads took: 0.0000237 seconds
[2022-06-16T20:04:20.203+0000][7212][safepoint    ] Application time: 0.0003965 seconds
[2022-06-16T20:04:20.203+0000][7212][safepoint    ] Entering safepoint region: RevokeBias
[2022-06-16T20:04:20.203+0000][7212][safepoint    ] Leaving safepoint region
[2022-06-16T20:04:20.203+0000][7212][safepoint    ] Total time for which application threads were stopped: 0.0000798 seconds, Stopping threads took: 0.0000239 seconds
[2022-06-16T20:04:20.218+0000][7212][safepoint    ] Application time: 0.0073328 seconds
[2022-06-16T20:04:20.218+0000][7212][safepoint    ] Entering safepoint region: RevokeBias
[2022-06-16T20:04:20.218+0000][7212][safepoint    ] Leaving safepoint region
[2022-06-16T20:04:20.218+0000][7212][safepoint    ] Total time for which application threads were stopped: 0.0000822 seconds, Stopping threads took: 0.0000244 seconds
[2022-06-16T20:04:20.234+0000][7212][safepoint    ] Application time: 0.0167678 seconds
[2022-06-16T20:04:20.234+0000][7212][safepoint    ] Entering safepoint region: RevokeBias
[2022-06-16T20:04:20.234+0000][7212][safepoint    ] Leaving safepoint region
[2022-06-16T20:04:20.234+0000][7212][safepoint    ] Total time for which application threads were stopped: 0.0000928 seconds, Stopping threads took: 0.0000272 seconds
[2022-06-16T20:04:20.234+0000][7212][safepoint    ] Application time: 0.0021233 seconds
[2022-06-16T20:04:20.234+0000][7212][safepoint    ] Entering safepoint region: RevokeBias
[2022-06-16T20:04:20.234+0000][7212][safepoint    ] Leaving safepoint region
[2022-06-16T20:04:20.234+0000][7212][safepoint    ] Total time for which application threads were stopped: 0.0000908 seconds, Stopping threads took: 0.0000257 seconds
[2022-06-16T20:04:20.234+0000][7212][safepoint    ] Application time: 0.0002368 seconds
[2022-06-16T20:04:20.234+0000][7212][safepoint    ] Entering safepoint region: RevokeBias
[2022-06-16T20:04:20.234+0000][7212][safepoint    ] Leaving safepoint region
[2022-06-16T20:04:20.234+0000][7212][safepoint    ] Total time for which application threads were stopped: 0.0000773 seconds, Stopping threads took: 0.0000211 seconds
[2022-06-16T20:04:20.265+0000][7212][safepoint    ] Application time: 0.0280959 seconds
[2022-06-16T20:04:20.265+0000][7212][safepoint    ] Entering safepoint region: RevokeBias
[2022-06-16T20:04:20.265+0000][7212][safepoint    ] Leaving safepoint region
[2022-06-16T20:04:20.265+0000][7212][safepoint    ] Total time for which application threads were stopped: 0.0001096 seconds, Stopping threads took: 0.0000238 seconds
[2022-06-16T20:04:20.265+0000][7212][safepoint    ] Application time: 0.0000933 seconds
[2022-06-16T20:04:20.265+0000][7212][safepoint    ] Entering safepoint region: RevokeBias
[2022-06-16T20:04:20.265+0000][7212][safepoint    ] Leaving safepoint region
[2022-06-16T20:04:20.265+0000][7212][safepoint    ] Total time for which application threads were stopped: 0.0000852 seconds, Stopping threads took: 0.0000195 seconds
[2022-06-16T20:04:20.265+0000][7212][safepoint    ] Application time: 0.0000678 seconds
[2022-06-16T20:04:20.265+0000][7212][safepoint    ] Entering safepoint region: RevokeBias
[2022-06-16T20:04:20.265+0000][7212][safepoint    ] Leaving safepoint region
[2022-06-16T20:04:20.265+0000][7212][safepoint    ] Total time for which application threads were stopped: 0.0000719 seconds, Stopping threads took: 0.0000196 seconds
[2022-06-16T20:04:20.265+0000][7212][safepoint    ] Application time: 0.0000340 seconds
[2022-06-16T20:04:20.265+0000][7212][safepoint    ] Entering safepoint region: RevokeBias
[2022-06-16T20:04:20.265+0000][7212][safepoint    ] Leaving safepoint region
[2022-06-16T20:04:20.265+0000][7212][safepoint    ] Total time for which application threads were stopped: 0.0000779 seconds, Stopping threads took: 0.0000279 seconds
[2022-06-16T20:04:20.265+0000][7212][safepoint    ] Application time: 0.0000307 seconds
[2022-06-16T20:04:20.265+0000][7212][safepoint    ] Entering safepoint region: RevokeBias
[2022-06-16T20:04:20.265+0000][7212][safepoint    ] Leaving safepoint region
[2022-06-16T20:04:20.265+0000][7212][safepoint    ] Total time for which application threads were stopped: 0.0000734 seconds, Stopping threads took: 0.0000215 seconds
[2022-06-16T20:04:20.265+0000][7212][safepoint    ] Application time: 0.0001051 seconds
[2022-06-16T20:04:20.265+0000][7212][safepoint    ] Entering safepoint region: RevokeBias
[2022-06-16T20:04:20.265+0000][7212][safepoint    ] Leaving safepoint region
[2022-06-16T20:04:20.265+0000][7212][safepoint    ] Total time for which application threads were stopped: 0.0000800 seconds, Stopping threads took: 0.0000232 seconds
[2022-06-16T20:04:20.265+0000][7212][safepoint    ] Application time: 0.0000197 seconds
[2022-06-16T20:04:20.265+0000][7212][safepoint    ] Entering safepoint region: RevokeBias
[2022-06-16T20:04:20.265+0000][7212][safepoint    ] Leaving safepoint region
[2022-06-16T20:04:20.265+0000][7212][safepoint    ] Total time for which application threads were stopped: 0.0000834 seconds, Stopping threads took: 0.0000302 seconds
[2022-06-16T20:04:20.281+0000][7212][safepoint    ] Application time: 0.0138483 seconds
[2022-06-16T20:04:20.281+0000][7212][safepoint    ] Entering safepoint region: RevokeBias
[2022-06-16T20:04:20.281+0000][7212][safepoint    ] Leaving safepoint region
[2022-06-16T20:04:20.281+0000][7212][safepoint    ] Total time for which application threads were stopped: 0.0000974 seconds, Stopping threads took: 0.0000245 seconds
[2022-06-16T20:04:20.281+0000][7212][safepoint    ] Application time: 0.0056719 seconds
[2022-06-16T20:04:20.281+0000][7212][safepoint    ] Entering safepoint region: RevokeBias
[2022-06-16T20:04:20.281+0000][7212][safepoint    ] Leaving safepoint region
[2022-06-16T20:04:20.281+0000][7212][safepoint    ] Total time for which application threads were stopped: 0.0000959 seconds, Stopping threads took: 0.0000267 seconds
[2022-06-16T20:04:20.296+0000][7212][safepoint    ] Application time: 0.0062050 seconds
[2022-06-16T20:04:20.296+0000][7212][safepoint    ] Entering safepoint region: RevokeBias
[2022-06-16T20:04:20.296+0000][7212][safepoint    ] Leaving safepoint region
[2022-06-16T20:04:20.296+0000][7212][safepoint    ] Total time for which application threads were stopped: 0.0000917 seconds, Stopping threads took: 0.0000260 seconds
[2022-06-16T20:04:20.312+0000][7212][safepoint    ] Application time: 0.0132217 seconds
[2022-06-16T20:04:20.312+0000][7212][safepoint    ] Entering safepoint region: RevokeBias
[2022-06-16T20:04:20.312+0000][7212][safepoint    ] Leaving safepoint region
[2022-06-16T20:04:20.312+0000][7212][safepoint    ] Total time for which application threads were stopped: 0.0000898 seconds, Stopping threads took: 0.0000213 seconds
[2022-06-16T20:04:20.312+0000][7212][safepoint    ] Application time: 0.0000576 seconds
[2022-06-16T20:04:20.312+0000][7212][safepoint    ] Entering safepoint region: RevokeBias
[2022-06-16T20:04:20.312+0000][7212][safepoint    ] Leaving safepoint region
[2022-06-16T20:04:20.312+0000][7212][safepoint    ] Total time for which application threads were stopped: 0.0000764 seconds, Stopping threads took: 0.0000190 seconds
[2022-06-16T20:04:20.312+0000][7212][safepoint    ] Application time: 0.0000208 seconds
[2022-06-16T20:04:20.312+0000][7212][safepoint    ] Entering safepoint region: RevokeBias
[2022-06-16T20:04:20.312+0000][7212][safepoint    ] Leaving safepoint region
[2022-06-16T20:04:20.312+0000][7212][safepoint    ] Total time for which application threads were stopped: 0.0000660 seconds, Stopping threads took: 0.0000157 seconds
[2022-06-16T20:04:20.312+0000][7212][safepoint    ] Application time: 0.0001116 seconds
[2022-06-16T20:04:20.312+0000][7212][safepoint    ] Entering safepoint region: RevokeBias
[2022-06-16T20:04:20.312+0000][7212][safepoint    ] Leaving safepoint region
[2022-06-16T20:04:20.312+0000][7212][safepoint    ] Total time for which application threads were stopped: 0.0000755 seconds, Stopping threads took: 0.0000178 seconds
[2022-06-16T20:04:20.312+0000][7212][safepoint    ] Application time: 0.0006738 seconds
[2022-06-16T20:04:20.312+0000][7212][safepoint    ] Entering safepoint region: RevokeBias
[2022-06-16T20:04:20.312+0000][7212][safepoint    ] Leaving safepoint region
[2022-06-16T20:04:20.312+0000][7212][safepoint    ] Total time for which application threads were stopped: 0.0000940 seconds, Stopping threads took: 0.0000351 seconds
[2022-06-16T20:04:20.312+0000][7212][safepoint    ] Application time: 0.0004537 seconds
[2022-06-16T20:04:20.312+0000][7212][safepoint    ] Entering safepoint region: RevokeBias
[2022-06-16T20:04:20.312+0000][7212][safepoint    ] Leaving safepoint region
[2022-06-16T20:04:20.312+0000][7212][safepoint    ] Total time for which application threads were stopped: 0.0000937 seconds, Stopping threads took: 0.0000243 seconds
[2022-06-16T20:04:20.312+0000][7212][safepoint    ] Application time: 0.0025754 seconds
[2022-06-16T20:04:20.312+0000][7212][safepoint    ] Entering safepoint region: RevokeBias
[2022-06-16T20:04:20.312+0000][7212][safepoint    ] Leaving safepoint region
[2022-06-16T20:04:20.312+0000][7212][safepoint    ] Total time for which application threads were stopped: 0.0001011 seconds, Stopping threads took: 0.0000254 seconds
[2022-06-16T20:04:20.312+0000][7212][safepoint    ] Application time: 0.0062312 seconds
[2022-06-16T20:04:20.312+0000][7212][safepoint    ] Entering safepoint region: RevokeBias
[2022-06-16T20:04:20.312+0000][7212][safepoint    ] Leaving safepoint region
[2022-06-16T20:04:20.312+0000][7212][safepoint    ] Total time for which application threads were stopped: 0.0000939 seconds, Stopping threads took: 0.0000299 seconds
[2022-06-16T20:04:20.312+0000][7212][safepoint    ] Application time: 0.0003476 seconds
[2022-06-16T20:04:20.312+0000][7212][safepoint    ] Entering safepoint region: RevokeBias
[2022-06-16T20:04:20.312+0000][7212][safepoint    ] Leaving safepoint region
[2022-06-16T20:04:20.312+0000][7212][safepoint    ] Total time for which application threads were stopped: 0.0000827 seconds, Stopping threads took: 0.0000230 seconds
[2022-06-16T20:04:20.359+0000][7212][safepoint    ] Application time: 0.0346817 seconds
[2022-06-16T20:04:20.359+0000][7212][safepoint    ] Entering safepoint region: RevokeBias
[2022-06-16T20:04:20.359+0000][7212][safepoint    ] Leaving safepoint region
[2022-06-16T20:04:20.359+0000][7212][safepoint    ] Total time for which application threads were stopped: 0.0001211 seconds, Stopping threads took: 0.0000244 seconds
[2022-06-16T20:04:20.374+0000][7212][safepoint    ] Application time: 0.0157801 seconds
[2022-06-16T20:04:20.374+0000][7212][safepoint    ] Entering safepoint region: RevokeBias
[2022-06-16T20:04:20.374+0000][7212][safepoint    ] Leaving safepoint region
[2022-06-16T20:04:20.374+0000][7212][safepoint    ] Total time for which application threads were stopped: 0.0001347 seconds, Stopping threads took: 0.0000294 seconds
[2022-06-16T20:04:20.437+0000][7212][safepoint    ] Application time: 0.0609153 seconds
[2022-06-16T20:04:20.437+0000][7212][safepoint    ] Entering safepoint region: RevokeBias
[2022-06-16T20:04:20.437+0000][7212][safepoint    ] Leaving safepoint region
[2022-06-16T20:04:20.437+0000][7212][safepoint    ] Total time for which application threads were stopped: 0.0001358 seconds, Stopping threads took: 0.0000242 seconds
[2022-06-16T20:04:20.484+0000][7212][safepoint    ] Application time: 0.0508311 seconds
[2022-06-16T20:04:20.484+0000][7212][safepoint    ] Entering safepoint region: RevokeBias
[2022-06-16T20:04:20.484+0000][7212][safepoint    ] Leaving safepoint region
[2022-06-16T20:04:20.484+0000][7212][safepoint    ] Total time for which application threads were stopped: 0.0001433 seconds, Stopping threads took: 0.0000282 seconds
[2022-06-16T20:04:20.484+0000][7212][safepoint    ] Application time: 0.0000277 seconds
[2022-06-16T20:04:20.484+0000][7212][safepoint    ] Entering safepoint region: RevokeBias
[2022-06-16T20:04:20.484+0000][7212][safepoint    ] Leaving safepoint region
[2022-06-16T20:04:20.484+0000][7212][safepoint    ] Total time for which application threads were stopped: 0.0000847 seconds, Stopping threads took: 0.0000197 seconds
[2022-06-16T20:04:20.484+0000][7212][safepoint    ] Application time: 0.0078320 seconds
[2022-06-16T20:04:20.484+0000][7212][safepoint    ] Entering safepoint region: RevokeBias
[2022-06-16T20:04:20.484+0000][7212][safepoint    ] Leaving safepoint region
[2022-06-16T20:04:20.484+0000][7212][safepoint    ] Total time for which application threads were stopped: 0.0001115 seconds, Stopping threads took: 0.0000249 seconds
[2022-06-16T20:04:20.499+0000][7212][safepoint    ] Application time: 0.0056025 seconds
[2022-06-16T20:04:20.499+0000][7212][safepoint    ] Entering safepoint region: Deoptimize
[2022-06-16T20:04:20.499+0000][7212][safepoint    ] Leaving safepoint region
[2022-06-16T20:04:20.499+0000][7212][safepoint    ] Total time for which application threads were stopped: 0.0059965 seconds, Stopping threads took: 0.0052150 seconds
[2022-06-16T20:04:20.515+0000][7212][safepoint    ] Application time: 0.0075968 seconds
[2022-06-16T20:04:20.515+0000][7212][safepoint    ] Entering safepoint region: RevokeBias
[2022-06-16T20:04:20.515+0000][7212][safepoint    ] Leaving safepoint region
[2022-06-16T20:04:20.515+0000][7212][safepoint    ] Total time for which application threads were stopped: 0.0001461 seconds, Stopping threads took: 0.0000429 seconds
[2022-06-16T20:04:20.515+0000][7212][safepoint    ] Application time: 0.0012893 seconds
[2022-06-16T20:04:20.515+0000][7212][safepoint    ] Entering safepoint region: RevokeBias
[2022-06-16T20:04:20.515+0000][7212][safepoint    ] Leaving safepoint region
[2022-06-16T20:04:20.515+0000][7212][safepoint    ] Total time for which application threads were stopped: 0.0001037 seconds, Stopping threads took: 0.0000264 seconds
[2022-06-16T20:04:20.515+0000][7212][safepoint    ] Application time: 0.0077482 seconds
[2022-06-16T20:04:20.577+0000][7212][safepoint    ] Entering safepoint region: RevokeBias
[2022-06-16T20:04:20.577+0000][7212][safepoint    ] Leaving safepoint region
[2022-06-16T20:04:20.577+0000][7212][safepoint    ] Total time for which application threads were stopped: 0.0666111 seconds, Stopping threads took: 0.0664717 seconds
[2022-06-16T20:04:20.593+0000][7212][safepoint    ] Application time: 0.0012794 seconds
[2022-06-16T20:04:20.609+0000][7212][safepoint    ] Entering safepoint region: RevokeBias
[2022-06-16T20:04:20.609+0000][7212][safepoint    ] Leaving safepoint region
[2022-06-16T20:04:20.609+0000][7212][safepoint    ] Total time for which application threads were stopped: 0.0157078 seconds, Stopping threads took: 0.0155931 seconds
[2022-06-16T20:04:20.609+0000][7212][safepoint    ] Application time: 0.0124372 seconds
[2022-06-16T20:04:20.609+0000][7212][safepoint    ] Entering safepoint region: RevokeBias
[2022-06-16T20:04:20.609+0000][7212][safepoint    ] Leaving safepoint region
[2022-06-16T20:04:20.609+0000][7212][safepoint    ] Total time for which application threads were stopped: 0.0001196 seconds, Stopping threads took: 0.0000236 seconds
[2022-06-16T20:04:20.609+0000][7212][safepoint    ] Application time: 0.0020907 seconds
[2022-06-16T20:04:20.609+0000][7212][safepoint    ] Entering safepoint region: RevokeBias
[2022-06-16T20:04:20.609+0000][7212][safepoint    ] Leaving safepoint region
[2022-06-16T20:04:20.609+0000][7212][safepoint    ] Total time for which application threads were stopped: 0.0001052 seconds, Stopping threads took: 0.0000248 seconds
[2022-06-16T20:04:20.609+0000][7212][safepoint    ] Application time: 0.0000341 seconds
[2022-06-16T20:04:20.609+0000][7212][safepoint    ] Entering safepoint region: RevokeBias
[2022-06-16T20:04:20.609+0000][7212][safepoint    ] Leaving safepoint region
[2022-06-16T20:04:20.609+0000][7212][safepoint    ] Total time for which application threads were stopped: 0.0000828 seconds, Stopping threads took: 0.0000195 seconds
[2022-06-16T20:04:20.609+0000][7212][safepoint    ] Application time: 0.0000209 seconds
[2022-06-16T20:04:20.609+0000][7212][safepoint    ] Entering safepoint region: RevokeBias
[2022-06-16T20:04:20.609+0000][7212][safepoint    ] Leaving safepoint region
[2022-06-16T20:04:20.609+0000][7212][safepoint    ] Total time for which application threads were stopped: 0.0000736 seconds, Stopping threads took: 0.0000185 seconds
[2022-06-16T20:04:20.624+0000][7212][safepoint    ] Application time: 0.0004177 seconds
[2022-06-16T20:04:20.624+0000][7212][safepoint    ] Entering safepoint region: RevokeBias
[2022-06-16T20:04:20.624+0000][7212][safepoint    ] Leaving safepoint region
[2022-06-16T20:04:20.624+0000][7212][safepoint    ] Total time for which application threads were stopped: 0.0000947 seconds, Stopping threads took: 0.0000218 seconds
[2022-06-16T20:04:20.624+0000][7212][safepoint    ] Application time: 0.0129569 seconds
[2022-06-16T20:04:20.624+0000][7212][safepoint    ] Entering safepoint region: RevokeBias
[2022-06-16T20:04:20.624+0000][7212][safepoint    ] Leaving safepoint region
[2022-06-16T20:04:20.624+0000][7212][safepoint    ] Total time for which application threads were stopped: 0.0003408 seconds, Stopping threads took: 0.0002555 seconds
[2022-06-16T20:04:20.624+0000][7212][safepoint    ] Application time: 0.0000517 seconds
[2022-06-16T20:04:20.624+0000][7212][safepoint    ] Entering safepoint region: RevokeBias
[2022-06-16T20:04:20.624+0000][7212][safepoint    ] Leaving safepoint region
[2022-06-16T20:04:20.624+0000][7212][safepoint    ] Total time for which application threads were stopped: 0.0001040 seconds, Stopping threads took: 0.0000335 seconds
[2022-06-16T20:04:20.671+0000][7212][safepoint    ] Application time: 0.0428843 seconds
[2022-06-16T20:04:20.718+0000][7212][safepoint    ] Entering safepoint region: RevokeBias
[2022-06-16T20:04:20.718+0000][7212][safepoint    ] Leaving safepoint region
[2022-06-16T20:04:20.718+0000][7212][safepoint    ] Total time for which application threads were stopped: 0.0455172 seconds, Stopping threads took: 0.0453718 seconds
[2022-06-16T20:04:20.718+0000][7212][safepoint    ] Application time: 0.0039092 seconds
[2022-06-16T20:04:20.718+0000][7212][safepoint    ] Entering safepoint region: RevokeBias
[2022-06-16T20:04:20.718+0000][7212][safepoint    ] Leaving safepoint region
[2022-06-16T20:04:20.718+0000][7212][safepoint    ] Total time for which application threads were stopped: 0.0001243 seconds, Stopping threads took: 0.0000245 seconds
[2022-06-16T20:04:20.734+0000][7212][safepoint    ] Application time: 0.0029339 seconds
[2022-06-16T20:04:20.734+0000][7212][safepoint    ] Entering safepoint region: RevokeBias
[2022-06-16T20:04:20.734+0000][7212][safepoint    ] Leaving safepoint region
[2022-06-16T20:04:20.734+0000][7212][safepoint    ] Total time for which application threads were stopped: 0.0001251 seconds, Stopping threads took: 0.0000283 seconds
[2022-06-16T20:04:20.734+0000][7212][safepoint    ] Application time: 0.0052378 seconds
[2022-06-16T20:04:20.734+0000][7212][safepoint    ] Entering safepoint region: RevokeBias
[2022-06-16T20:04:20.734+0000][7212][safepoint    ] Leaving safepoint region
[2022-06-16T20:04:20.734+0000][7212][safepoint    ] Total time for which application threads were stopped: 0.0001280 seconds, Stopping threads took: 0.0000280 seconds
[2022-06-16T20:04:20.749+0000][7212][safepoint    ] Application time: 0.0102305 seconds
[2022-06-16T20:04:20.749+0000][7212][safepoint    ] Entering safepoint region: RevokeBias
[2022-06-16T20:04:20.749+0000][7212][safepoint    ] Leaving safepoint region
[2022-06-16T20:04:20.749+0000][7212][safepoint    ] Total time for which application threads were stopped: 0.0001269 seconds, Stopping threads took: 0.0000251 seconds
[2022-06-16T20:04:20.749+0000][7212][safepoint    ] Application time: 0.0003019 seconds
[2022-06-16T20:04:20.749+0000][7212][safepoint    ] Entering safepoint region: RevokeBias
[2022-06-16T20:04:20.749+0000][7212][safepoint    ] Leaving safepoint region
[2022-06-16T20:04:20.749+0000][7212][safepoint    ] Total time for which application threads were stopped: 0.0001048 seconds, Stopping threads took: 0.0000230 seconds
[2022-06-16T20:04:20.749+0000][7212][safepoint    ] Application time: 0.0123702 seconds
[2022-06-16T20:04:20.765+0000][7212][safepoint    ] Entering safepoint region: RevokeBias
[2022-06-16T20:04:20.765+0000][7212][safepoint    ] Leaving safepoint region
[2022-06-16T20:04:20.765+0000][7212][safepoint    ] Total time for which application threads were stopped: 0.0047520 seconds, Stopping threads took: 0.0046148 seconds
[2022-06-16T20:04:20.765+0000][7212][safepoint    ] Application time: 0.0020605 seconds
[2022-06-16T20:04:20.765+0000][7212][safepoint    ] Entering safepoint region: RevokeBias
[2022-06-16T20:04:20.765+0000][7212][safepoint    ] Leaving safepoint region
[2022-06-16T20:04:20.765+0000][7212][safepoint    ] Total time for which application threads were stopped: 0.0001348 seconds, Stopping threads took: 0.0000310 seconds
[2022-06-16T20:04:20.781+0000][7212][safepoint    ] Application time: 0.0150891 seconds
[2022-06-16T20:04:20.781+0000][7212][safepoint    ] Entering safepoint region: RevokeBias
[2022-06-16T20:04:20.781+0000][7212][safepoint    ] Leaving safepoint region
[2022-06-16T20:04:20.781+0000][7212][safepoint    ] Total time for which application threads were stopped: 0.0001607 seconds, Stopping threads took: 0.0000565 seconds
[2022-06-16T20:04:20.781+0000][7212][safepoint    ] Application time: 0.0011466 seconds
[2022-06-16T20:04:20.781+0000][7212][safepoint    ] Entering safepoint region: RevokeBias
[2022-06-16T20:04:20.781+0000][7212][safepoint    ] Leaving safepoint region
[2022-06-16T20:04:20.781+0000][7212][safepoint    ] Total time for which application threads were stopped: 0.0001677 seconds, Stopping threads took: 0.0000637 seconds
[2022-06-16T20:04:20.781+0000][7212][safepoint    ] Application time: 0.0020430 seconds
[2022-06-16T20:04:20.781+0000][7212][safepoint    ] Entering safepoint region: RevokeBias
[2022-06-16T20:04:20.781+0000][7212][safepoint    ] Leaving safepoint region
[2022-06-16T20:04:20.781+0000][7212][safepoint    ] Total time for which application threads were stopped: 0.0001314 seconds, Stopping threads took: 0.0000395 seconds
[2022-06-16T20:04:20.796+0000][7212][safepoint    ] Application time: 0.0125592 seconds
[2022-06-16T20:04:20.796+0000][7212][safepoint    ] Entering safepoint region: RevokeBias
[2022-06-16T20:04:20.796+0000][7212][safepoint    ] Leaving safepoint region
[2022-06-16T20:04:20.796+0000][7212][safepoint    ] Total time for which application threads were stopped: 0.0001379 seconds, Stopping threads took: 0.0000282 seconds
[2022-06-16T20:04:20.796+0000][7212][safepoint    ] Application time: 0.0007178 seconds
[2022-06-16T20:04:20.796+0000][7212][safepoint    ] Entering safepoint region: RevokeBias
[2022-06-16T20:04:20.796+0000][7212][safepoint    ] Leaving safepoint region
[2022-06-16T20:04:20.796+0000][7212][safepoint    ] Total time for which application threads were stopped: 0.0001096 seconds, Stopping threads took: 0.0000232 seconds
[2022-06-16T20:04:20.796+0000][7212][safepoint    ] Application time: 0.0002316 seconds
[2022-06-16T20:04:20.796+0000][7212][safepoint    ] Entering safepoint region: RevokeBias
[2022-06-16T20:04:20.796+0000][7212][safepoint    ] Leaving safepoint region
[2022-06-16T20:04:20.796+0000][7212][safepoint    ] Total time for which application threads were stopped: 0.0001004 seconds, Stopping threads took: 0.0000200 seconds
[2022-06-16T20:04:20.796+0000][7212][safepoint    ] Application time: 0.0000349 seconds
[2022-06-16T20:04:20.796+0000][7212][safepoint    ] Entering safepoint region: RevokeBias
[2022-06-16T20:04:20.796+0000][7212][safepoint    ] Leaving safepoint region
[2022-06-16T20:04:20.796+0000][7212][safepoint    ] Total time for which application threads were stopped: 0.0000784 seconds, Stopping threads took: 0.0000176 seconds
[2022-06-16T20:04:20.796+0000][7212][safepoint    ] Application time: 0.0000346 seconds
[2022-06-16T20:04:20.796+0000][7212][safepoint    ] Entering safepoint region: RevokeBias
[2022-06-16T20:04:20.796+0000][7212][safepoint    ] Leaving safepoint region
[2022-06-16T20:04:20.796+0000][7212][safepoint    ] Total time for which application threads were stopped: 0.0000757 seconds, Stopping threads took: 0.0000174 seconds
[2022-06-16T20:04:20.796+0000][7212][safepoint    ] Application time: 0.0000249 seconds
[2022-06-16T20:04:20.796+0000][7212][safepoint    ] Entering safepoint region: RevokeBias
[2022-06-16T20:04:20.796+0000][7212][safepoint    ] Leaving safepoint region
[2022-06-16T20:04:20.796+0000][7212][safepoint    ] Total time for which application threads were stopped: 0.0000804 seconds, Stopping threads took: 0.0000168 seconds
[2022-06-16T20:04:20.796+0000][7212][safepoint    ] Application time: 0.0001815 seconds
[2022-06-16T20:04:20.796+0000][7212][safepoint    ] Entering safepoint region: RevokeBias
[2022-06-16T20:04:20.796+0000][7212][safepoint    ] Leaving safepoint region
[2022-06-16T20:04:20.796+0000][7212][safepoint    ] Total time for which application threads were stopped: 0.0000870 seconds, Stopping threads took: 0.0000198 seconds
[2022-06-16T20:04:20.796+0000][7212][safepoint    ] Application time: 0.0010887 seconds
[2022-06-16T20:04:20.796+0000][7212][safepoint    ] Entering safepoint region: RevokeBias
[2022-06-16T20:04:20.796+0000][7212][safepoint    ] Leaving safepoint region
[2022-06-16T20:04:20.796+0000][7212][safepoint    ] Total time for which application threads were stopped: 0.0000954 seconds, Stopping threads took: 0.0000204 seconds
[2022-06-16T20:04:20.796+0000][7212][safepoint    ] Application time: 0.0007006 seconds
[2022-06-16T20:04:20.796+0000][7212][safepoint    ] Entering safepoint region: RevokeBias
[2022-06-16T20:04:20.796+0000][7212][safepoint    ] Leaving safepoint region
[2022-06-16T20:04:20.796+0000][7212][safepoint    ] Total time for which application threads were stopped: 0.0000951 seconds, Stopping threads took: 0.0000218 seconds
[2022-06-16T20:04:20.812+0000][7212][safepoint    ] Application time: 0.0065993 seconds
[2022-06-16T20:04:20.812+0000][7212][safepoint    ] Entering safepoint region: RevokeBias
[2022-06-16T20:04:20.812+0000][7212][safepoint    ] Leaving safepoint region
[2022-06-16T20:04:20.812+0000][7212][safepoint    ] Total time for which application threads were stopped: 0.0000946 seconds, Stopping threads took: 0.0000211 seconds
[2022-06-16T20:04:20.812+0000][7212][safepoint    ] Application time: 0.0000253 seconds
[2022-06-16T20:04:20.812+0000][7212][safepoint    ] Entering safepoint region: RevokeBias
[2022-06-16T20:04:20.812+0000][7212][safepoint    ] Leaving safepoint region
[2022-06-16T20:04:20.812+0000][7212][safepoint    ] Total time for which application threads were stopped: 0.0000869 seconds, Stopping threads took: 0.0000184 seconds
[2022-06-16T20:04:20.859+0000][7212][safepoint    ] Application time: 0.0590187 seconds
[2022-06-16T20:04:20.890+0000][7212][safepoint    ] Entering safepoint region: Deoptimize
[2022-06-16T20:04:20.890+0000][7212][safepoint    ] Leaving safepoint region
[2022-06-16T20:04:20.890+0000][7212][safepoint    ] Total time for which application threads were stopped: 0.0218979 seconds, Stopping threads took: 0.0209871 seconds
[2022-06-16T20:04:21.031+0000][7212][safepoint    ] Application time: 0.1396029 seconds
[2022-06-16T20:04:21.031+0000][7212][safepoint    ] Entering safepoint region: RevokeBias
[2022-06-16T20:04:21.031+0000][7212][safepoint    ] Leaving safepoint region
[2022-06-16T20:04:21.031+0000][7212][safepoint    ] Total time for which application threads were stopped: 0.0002132 seconds, Stopping threads took: 0.0000273 seconds
[2022-06-16T20:04:21.031+0000][7212][safepoint    ] Application time: 0.0000281 seconds
[2022-06-16T20:04:21.031+0000][7212][safepoint    ] Entering safepoint region: RevokeBias
[2022-06-16T20:04:21.031+0000][7212][safepoint    ] Leaving safepoint region
[2022-06-16T20:04:21.031+0000][7212][safepoint    ] Total time for which application threads were stopped: 0.0001150 seconds, Stopping threads took: 0.0000207 seconds
[2022-06-16T20:04:21.031+0000][7212][safepoint    ] Application time: 0.0034221 seconds
[2022-06-16T20:04:21.031+0000][7212][safepoint    ] Entering safepoint region: RevokeBias
[2022-06-16T20:04:21.031+0000][7212][safepoint    ] Leaving safepoint region
[2022-06-16T20:04:21.031+0000][7212][safepoint    ] Total time for which application threads were stopped: 0.0001365 seconds, Stopping threads took: 0.0000251 seconds
[2022-06-16T20:04:21.031+0000][7212][safepoint    ] Application time: 0.0000262 seconds
[2022-06-16T20:04:21.031+0000][7212][safepoint    ] Entering safepoint region: RevokeBias
[2022-06-16T20:04:21.031+0000][7212][safepoint    ] Leaving safepoint region
[2022-06-16T20:04:21.031+0000][7212][safepoint    ] Total time for which application threads were stopped: 0.0001048 seconds, Stopping threads took: 0.0000202 seconds
[2022-06-16T20:04:21.031+0000][7212][safepoint    ] Application time: 0.0039539 seconds
[2022-06-16T20:04:21.031+0000][7212][safepoint    ] Entering safepoint region: RevokeBias
[2022-06-16T20:04:21.031+0000][7212][safepoint    ] Leaving safepoint region
[2022-06-16T20:04:21.031+0000][7212][safepoint    ] Total time for which application threads were stopped: 0.0001161 seconds, Stopping threads took: 0.0000227 seconds
[2022-06-16T20:04:21.031+0000][7212][safepoint    ] Application time: 0.0000371 seconds
[2022-06-16T20:04:21.031+0000][7212][safepoint    ] Entering safepoint region: RevokeBias
[2022-06-16T20:04:21.031+0000][7212][safepoint    ] Leaving safepoint region
[2022-06-16T20:04:21.031+0000][7212][safepoint    ] Total time for which application threads were stopped: 0.0001038 seconds, Stopping threads took: 0.0000229 seconds
[2022-06-16T20:04:21.031+0000][7212][safepoint    ] Application time: 0.0000213 seconds
[2022-06-16T20:04:21.031+0000][7212][safepoint    ] Entering safepoint region: RevokeBias
[2022-06-16T20:04:21.031+0000][7212][safepoint    ] Leaving safepoint region
[2022-06-16T20:04:21.031+0000][7212][safepoint    ] Total time for which application threads were stopped: 0.0000974 seconds, Stopping threads took: 0.0000222 seconds
[2022-06-16T20:04:21.031+0000][7212][safepoint    ] Application time: 0.0004233 seconds
[2022-06-16T20:04:21.031+0000][7212][safepoint    ] Entering safepoint region: RevokeBias
[2022-06-16T20:04:21.031+0000][7212][safepoint    ] Leaving safepoint region
[2022-06-16T20:04:21.031+0000][7212][safepoint    ] Total time for which application threads were stopped: 0.0001085 seconds, Stopping threads took: 0.0000221 seconds
[2022-06-16T20:04:21.046+0000][7212][safepoint    ] Application time: 0.0059155 seconds
[2022-06-16T20:04:21.046+0000][7212][safepoint    ] Entering safepoint region: RevokeBias
[2022-06-16T20:04:21.046+0000][7212][safepoint    ] Leaving safepoint region
[2022-06-16T20:04:21.046+0000][7212][safepoint    ] Total time for which application threads were stopped: 0.0001195 seconds, Stopping threads took: 0.0000231 seconds
[2022-06-16T20:04:21.046+0000][7212][safepoint    ] Application time: 0.0000232 seconds
[2022-06-16T20:04:21.046+0000][7212][safepoint    ] Entering safepoint region: RevokeBias
[2022-06-16T20:04:21.046+0000][7212][safepoint    ] Leaving safepoint region
[2022-06-16T20:04:21.046+0000][7212][safepoint    ] Total time for which application threads were stopped: 0.0001015 seconds, Stopping threads took: 0.0000191 seconds
[2022-06-16T20:04:21.046+0000][7212][safepoint    ] Application time: 0.0004505 seconds
[2022-06-16T20:04:21.046+0000][7212][safepoint    ] Entering safepoint region: RevokeBias
[2022-06-16T20:04:21.046+0000][7212][safepoint    ] Leaving safepoint region
[2022-06-16T20:04:21.046+0000][7212][safepoint    ] Total time for which application threads were stopped: 0.0001136 seconds, Stopping threads took: 0.0000226 seconds
[2022-06-16T20:04:21.046+0000][7212][safepoint    ] Application time: 0.0000270 seconds
[2022-06-16T20:04:21.046+0000][7212][safepoint    ] Entering safepoint region: RevokeBias
[2022-06-16T20:04:21.046+0000][7212][safepoint    ] Leaving safepoint region
[2022-06-16T20:04:21.046+0000][7212][safepoint    ] Total time for which application threads were stopped: 0.0000959 seconds, Stopping threads took: 0.0000196 seconds
[2022-06-16T20:04:21.093+0000][7212][safepoint    ] Application time: 0.0442749 seconds
[2022-06-16T20:04:21.100+0000][7212][safepoint    ] Entering safepoint region: RevokeBias
[2022-06-16T20:04:21.101+0000][7212][safepoint    ] Leaving safepoint region
[2022-06-16T20:04:21.101+0000][7212][safepoint    ] Total time for which application threads were stopped: 0.0070839 seconds, Stopping threads took: 0.0069214 seconds
[2022-06-16T20:04:21.101+0000][7212][safepoint    ] Application time: 0.0001845 seconds
[2022-06-16T20:04:21.101+0000][7212][safepoint    ] Entering safepoint region: RevokeBias
[2022-06-16T20:04:21.101+0000][7212][safepoint    ] Leaving safepoint region
[2022-06-16T20:04:21.101+0000][7212][safepoint    ] Total time for which application threads were stopped: 0.0001816 seconds, Stopping threads took: 0.0000412 seconds
[2022-06-16T20:04:21.103+0000][7212][safepoint    ] Application time: 0.0023002 seconds
[2022-06-16T20:04:21.108+0000][7212][safepoint    ] Entering safepoint region: RevokeBias
[2022-06-16T20:04:21.109+0000][7212][safepoint    ] Leaving safepoint region
[2022-06-16T20:04:21.109+0000][7212][safepoint    ] Total time for which application threads were stopped: 0.0050853 seconds, Stopping threads took: 0.0049611 seconds
[2022-06-16T20:04:21.109+0000][7212][safepoint    ] Application time: 0.0000335 seconds
[2022-06-16T20:04:21.109+0000][7212][safepoint    ] Entering safepoint region: RevokeBias
[2022-06-16T20:04:21.109+0000][7212][safepoint    ] Leaving safepoint region
[2022-06-16T20:04:21.109+0000][7212][safepoint    ] Total time for which application threads were stopped: 0.0006717 seconds, Stopping threads took: 0.0005664 seconds
[2022-06-16T20:04:21.111+0000][7212][safepoint    ] Application time: 0.0016721 seconds
[2022-06-16T20:04:21.116+0000][7212][safepoint    ] Entering safepoint region: RevokeBias
[2022-06-16T20:04:21.116+0000][7212][safepoint    ] Leaving safepoint region
[2022-06-16T20:04:21.116+0000][7212][safepoint    ] Total time for which application threads were stopped: 0.0047584 seconds, Stopping threads took: 0.0046937 seconds
[2022-06-16T20:04:21.116+0000][7212][safepoint    ] Application time: 0.0000215 seconds
[2022-06-16T20:04:21.116+0000][7212][safepoint    ] Entering safepoint region: RevokeBias
[2022-06-16T20:04:21.116+0000][7212][safepoint    ] Leaving safepoint region
[2022-06-16T20:04:21.116+0000][7212][safepoint    ] Total time for which application threads were stopped: 0.0000655 seconds, Stopping threads took: 0.0000204 seconds
[2022-06-16T20:04:21.116+0000][7212][safepoint    ] Application time: 0.0000960 seconds
[2022-06-16T20:04:21.116+0000][7212][safepoint    ] Entering safepoint region: RevokeBias
[2022-06-16T20:04:21.116+0000][7212][safepoint    ] Leaving safepoint region
[2022-06-16T20:04:21.116+0000][7212][safepoint    ] Total time for which application threads were stopped: 0.0000772 seconds, Stopping threads took: 0.0000224 seconds
[2022-06-16T20:04:21.116+0000][7212][safepoint    ] Application time: 0.0000133 seconds
[2022-06-16T20:04:21.116+0000][7212][safepoint    ] Entering safepoint region: RevokeBias
[2022-06-16T20:04:21.116+0000][7212][safepoint    ] Leaving safepoint region
[2022-06-16T20:04:21.116+0000][7212][safepoint    ] Total time for which application threads were stopped: 0.0000620 seconds, Stopping threads took: 0.0000197 seconds
[2022-06-16T20:04:21.209+0000][7212][safepoint    ] Application time: 0.0945751 seconds
[2022-06-16T20:04:21.209+0000][7212][safepoint    ] Entering safepoint region: RevokeBias
[2022-06-16T20:04:21.209+0000][7212][safepoint    ] Leaving safepoint region
[2022-06-16T20:04:21.209+0000][7212][safepoint    ] Total time for which application threads were stopped: 0.0001243 seconds, Stopping threads took: 0.0000298 seconds
[2022-06-16T20:04:21.491+0000][7212][safepoint    ] Application time: 0.2916975 seconds
[2022-06-16T20:04:21.491+0000][7212][safepoint    ] Entering safepoint region: RevokeBias
[2022-06-16T20:04:21.491+0000][7212][safepoint    ] Leaving safepoint region
[2022-06-16T20:04:21.491+0000][7212][safepoint    ] Total time for which application threads were stopped: 0.0003848 seconds, Stopping threads took: 0.0002850 seconds
[2022-06-16T20:04:21.491+0000][7212][safepoint    ] Application time: 0.0000402 seconds
[2022-06-16T20:04:21.491+0000][7212][safepoint    ] Entering safepoint region: BulkRevokeBias
[2022-06-16T20:04:21.491+0000][7212][safepoint    ] Leaving safepoint region
[2022-06-16T20:04:21.491+0000][7212][safepoint    ] Total time for which application threads were stopped: 0.0004790 seconds, Stopping threads took: 0.0000838 seconds
[2022-06-16T20:04:21.506+0000][7212][safepoint    ] Application time: 0.0082755 seconds
[2022-06-16T20:04:21.506+0000][7212][safepoint    ] Entering safepoint region: RevokeBias
[2022-06-16T20:04:21.506+0000][7212][safepoint    ] Leaving safepoint region
[2022-06-16T20:04:21.506+0000][7212][safepoint    ] Total time for which application threads were stopped: 0.0001019 seconds, Stopping threads took: 0.0000281 seconds
[2022-06-16T20:04:21.506+0000][7212][safepoint    ] Application time: 0.0010060 seconds
[2022-06-16T20:04:21.506+0000][7212][safepoint    ] Entering safepoint region: RevokeBias
[2022-06-16T20:04:21.506+0000][7212][safepoint    ] Leaving safepoint region
[2022-06-16T20:04:21.506+0000][7212][safepoint    ] Total time for which application threads were stopped: 0.0001052 seconds, Stopping threads took: 0.0000344 seconds
[2022-06-16T20:04:21.663+0000][7212][safepoint    ] Application time: 0.1560497 seconds
[2022-06-16T20:04:21.709+0000][7212][safepoint    ] Entering safepoint region: RevokeBias
[2022-06-16T20:04:21.709+0000][7212][safepoint    ] Leaving safepoint region
[2022-06-16T20:04:21.709+0000][7212][safepoint    ] Total time for which application threads were stopped: 0.0427593 seconds, Stopping threads took: 0.0426287 seconds
[2022-06-16T20:04:21.741+0000][7212][safepoint    ] Application time: 0.0344112 seconds
[2022-06-16T20:04:21.741+0000][7212][safepoint    ] Entering safepoint region: BulkRevokeBias
[2022-06-16T20:04:21.741+0000][7212][safepoint    ] Leaving safepoint region
[2022-06-16T20:04:21.741+0000][7212][safepoint    ] Total time for which application threads were stopped: 0.0008334 seconds, Stopping threads took: 0.0003567 seconds
[2022-06-16T20:04:21.741+0000][7212][safepoint    ] Application time: 0.0039102 seconds
[2022-06-16T20:04:21.741+0000][7212][safepoint    ] Entering safepoint region: GenCollectForAllocation
[2022-06-16T20:04:21.741+0000][7212][gc,start     ] GC(27) Pause Young (Allocation Failure)
[2022-06-16T20:04:21.741+0000][7212][gc,task      ] GC(27) Using 2 workers of 2 for evacuation
[2022-06-16T20:04:21.788+0000][7212][gc,age       ] GC(27) Desired survivor size 8716288 bytes, new threshold 2 (max threshold 6)
[2022-06-16T20:04:21.788+0000][7212][gc,age       ] GC(27) Age table with threshold 2 (max threshold 6)
[2022-06-16T20:04:21.788+0000][7212][gc,age       ] GC(27) - age   1:    4506840 bytes,    4506840 total
[2022-06-16T20:04:21.788+0000][7212][gc,age       ] GC(27) - age   2:    4461424 bytes,    8968264 total
[2022-06-16T20:04:21.788+0000][7212][gc,age       ] GC(27) - age   3:    3448040 bytes,   12416304 total
[2022-06-16T20:04:21.788+0000][7212][gc,heap      ] GC(27) ParNew: 153344K->14923K(153344K)
[2022-06-16T20:04:21.788+0000][7212][gc,heap      ] GC(27) CMS: 52124K->54048K(878208K)
[2022-06-16T20:04:21.788+0000][7212][gc,metaspace ] GC(27) Metaspace: 96511K->96511K(1138688K)
[2022-06-16T20:04:21.788+0000][7212][gc           ] GC(27) Pause Young (Allocation Failure) 200M->67M(1007M) 48.625ms
[2022-06-16T20:04:21.788+0000][7212][gc,cpu       ] GC(27) User=0.09s Sys=0.00s Real=0.05s
[2022-06-16T20:04:21.788+0000][7212][safepoint    ] Leaving safepoint region
[2022-06-16T20:04:21.788+0000][7212][safepoint    ] Total time for which application threads were stopped: 0.0488337 seconds, Stopping threads took: 0.0000287 seconds
[2022-06-16T20:04:21.834+0000][7212][safepoint    ] Application time: 0.0448730 seconds
[2022-06-16T20:04:21.834+0000][7212][safepoint    ] Entering safepoint region: RevokeBias
[2022-06-16T20:04:21.834+0000][7212][safepoint    ] Leaving safepoint region
[2022-06-16T20:04:21.834+0000][7212][safepoint    ] Total time for which application threads were stopped: 0.0001203 seconds, Stopping threads took: 0.0000275 seconds
[2022-06-16T20:04:21.850+0000][7212][safepoint    ] Application time: 0.0123849 seconds
[2022-06-16T20:04:21.850+0000][7212][safepoint    ] Entering safepoint region: RevokeBias
[2022-06-16T20:04:21.850+0000][7212][safepoint    ] Leaving safepoint region
[2022-06-16T20:04:21.850+0000][7212][safepoint    ] Total time for which application threads were stopped: 0.0001189 seconds, Stopping threads took: 0.0000299 seconds
[2022-06-16T20:04:21.881+0000][7212][safepoint    ] Application time: 0.0290911 seconds
[2022-06-16T20:04:21.881+0000][7212][safepoint    ] Entering safepoint region: RevokeBias
[2022-06-16T20:04:21.881+0000][7212][safepoint    ] Leaving safepoint region
[2022-06-16T20:04:21.881+0000][7212][safepoint    ] Total time for which application threads were stopped: 0.0001225 seconds, Stopping threads took: 0.0000286 seconds
[2022-06-16T20:04:21.881+0000][7212][safepoint    ] Application time: 0.0002698 seconds
[2022-06-16T20:04:21.881+0000][7212][safepoint    ] Entering safepoint region: RevokeBias
[2022-06-16T20:04:21.881+0000][7212][safepoint    ] Leaving safepoint region
[2022-06-16T20:04:21.881+0000][7212][safepoint    ] Total time for which application threads were stopped: 0.0001081 seconds, Stopping threads took: 0.0000256 seconds
[2022-06-16T20:04:21.897+0000][7212][safepoint    ] Application time: 0.0163334 seconds
[2022-06-16T20:04:21.897+0000][7212][safepoint    ] Entering safepoint region: RevokeBias
[2022-06-16T20:04:21.897+0000][7212][safepoint    ] Leaving safepoint region
[2022-06-16T20:04:21.897+0000][7212][safepoint    ] Total time for which application threads were stopped: 0.0001029 seconds, Stopping threads took: 0.0000271 seconds
[2022-06-16T20:04:22.194+0000][7212][safepoint    ] Application time: 0.2914137 seconds
[2022-06-16T20:04:22.209+0000][7212][safepoint    ] Entering safepoint region: RevokeBias
[2022-06-16T20:04:22.209+0000][7212][safepoint    ] Leaving safepoint region
[2022-06-16T20:04:22.209+0000][7212][safepoint    ] Total time for which application threads were stopped: 0.0229448 seconds, Stopping threads took: 0.0227585 seconds
[2022-06-16T20:04:22.225+0000][7212][safepoint    ] Application time: 0.0111086 seconds
[2022-06-16T20:04:22.225+0000][7212][safepoint    ] Entering safepoint region: RevokeBias
[2022-06-16T20:04:22.225+0000][7212][safepoint    ] Leaving safepoint region
[2022-06-16T20:04:22.225+0000][7212][safepoint    ] Total time for which application threads were stopped: 0.0001422 seconds, Stopping threads took: 0.0000278 seconds
[2022-06-16T20:04:22.241+0000][7212][safepoint    ] Application time: 0.0156660 seconds
[2022-06-16T20:04:22.241+0000][7212][safepoint    ] Entering safepoint region: RevokeBias
[2022-06-16T20:04:22.241+0000][7212][safepoint    ] Leaving safepoint region
[2022-06-16T20:04:22.241+0000][7212][safepoint    ] Total time for which application threads were stopped: 0.0001361 seconds, Stopping threads took: 0.0000283 seconds
[2022-06-16T20:04:22.272+0000][7212][safepoint    ] Application time: 0.0290120 seconds
[2022-06-16T20:04:22.272+0000][7212][safepoint    ] Entering safepoint region: RevokeBias
[2022-06-16T20:04:22.272+0000][7212][safepoint    ] Leaving safepoint region
[2022-06-16T20:04:22.272+0000][7212][safepoint    ] Total time for which application threads were stopped: 0.0007850 seconds, Stopping threads took: 0.0006672 seconds
[2022-06-16T20:04:22.272+0000][7212][safepoint    ] Application time: 0.0049284 seconds
[2022-06-16T20:04:22.272+0000][7212][safepoint    ] Entering safepoint region: RevokeBias
[2022-06-16T20:04:22.272+0000][7212][safepoint    ] Leaving safepoint region
[2022-06-16T20:04:22.272+0000][7212][safepoint    ] Total time for which application threads were stopped: 0.0001262 seconds, Stopping threads took: 0.0000239 seconds
[2022-06-16T20:04:22.288+0000][7212][safepoint    ] Application time: 0.0213922 seconds
[2022-06-16T20:04:22.288+0000][7212][safepoint    ] Entering safepoint region: RevokeBias
[2022-06-16T20:04:22.288+0000][7212][safepoint    ] Leaving safepoint region
[2022-06-16T20:04:22.288+0000][7212][safepoint    ] Total time for which application threads were stopped: 0.0001254 seconds, Stopping threads took: 0.0000290 seconds
[2022-06-16T20:04:22.303+0000][7212][safepoint    ] Application time: 0.0071941 seconds
[2022-06-16T20:04:22.303+0000][7212][safepoint    ] Entering safepoint region: RevokeBias
[2022-06-16T20:04:22.303+0000][7212][safepoint    ] Leaving safepoint region
[2022-06-16T20:04:22.303+0000][7212][safepoint    ] Total time for which application threads were stopped: 0.0002483 seconds, Stopping threads took: 0.0000828 seconds
[2022-06-16T20:04:22.334+0000][7212][safepoint    ] Application time: 0.0382591 seconds
[2022-06-16T20:04:22.334+0000][7212][safepoint    ] Entering safepoint region: RevokeBias
[2022-06-16T20:04:22.334+0000][7212][safepoint    ] Leaving safepoint region
[2022-06-16T20:04:22.334+0000][7212][safepoint    ] Total time for which application threads were stopped: 0.0001439 seconds, Stopping threads took: 0.0000308 seconds
[2022-06-16T20:04:22.475+0000][7212][safepoint    ] Application time: 0.1398364 seconds
[2022-06-16T20:04:22.475+0000][7212][safepoint    ] Entering safepoint region: RevokeBias
[2022-06-16T20:04:22.475+0000][7212][safepoint    ] Leaving safepoint region
[2022-06-16T20:04:22.475+0000][7212][safepoint    ] Total time for which application threads were stopped: 0.0008748 seconds, Stopping threads took: 0.0007249 seconds
[2022-06-16T20:04:22.491+0000][7212][safepoint    ] Application time: 0.0064200 seconds
[2022-06-16T20:04:22.491+0000][7212][safepoint    ] Entering safepoint region: RevokeBias
[2022-06-16T20:04:22.491+0000][7212][safepoint    ] Leaving safepoint region
[2022-06-16T20:04:22.491+0000][7212][safepoint    ] Total time for which application threads were stopped: 0.0038965 seconds, Stopping threads took: 0.0037915 seconds
[2022-06-16T20:04:22.522+0000][7212][safepoint    ] Application time: 0.0252744 seconds
[2022-06-16T20:04:22.522+0000][7212][safepoint    ] Entering safepoint region: RevokeBias
[2022-06-16T20:04:22.522+0000][7212][safepoint    ] Leaving safepoint region
[2022-06-16T20:04:22.522+0000][7212][safepoint    ] Total time for which application threads were stopped: 0.0001674 seconds, Stopping threads took: 0.0000563 seconds
[2022-06-16T20:04:22.522+0000][7212][safepoint    ] Application time: 0.0011638 seconds
[2022-06-16T20:04:22.522+0000][7212][safepoint    ] Entering safepoint region: RevokeBias
[2022-06-16T20:04:22.522+0000][7212][safepoint    ] Leaving safepoint region
[2022-06-16T20:04:22.522+0000][7212][safepoint    ] Total time for which application threads were stopped: 0.0001912 seconds, Stopping threads took: 0.0001011 seconds
[2022-06-16T20:04:22.522+0000][7212][safepoint    ] Application time: 0.0003546 seconds
[2022-06-16T20:04:22.522+0000][7212][safepoint    ] Entering safepoint region: RevokeBias
[2022-06-16T20:04:22.522+0000][7212][safepoint    ] Leaving safepoint region
[2022-06-16T20:04:22.522+0000][7212][safepoint    ] Total time for which application threads were stopped: 0.0001129 seconds, Stopping threads took: 0.0000350 seconds
[2022-06-16T20:04:22.538+0000][7212][safepoint    ] Application time: 0.0226081 seconds
[2022-06-16T20:04:22.538+0000][7212][safepoint    ] Entering safepoint region: RevokeBias
[2022-06-16T20:04:22.538+0000][7212][safepoint    ] Leaving safepoint region
[2022-06-16T20:04:22.538+0000][7212][safepoint    ] Total time for which application threads were stopped: 0.0001685 seconds, Stopping threads took: 0.0000590 seconds
[2022-06-16T20:04:22.584+0000][7212][safepoint    ] Application time: 0.0476984 seconds
[2022-06-16T20:04:22.584+0000][7212][safepoint    ] Entering safepoint region: RevokeBias
[2022-06-16T20:04:22.584+0000][7212][safepoint    ] Leaving safepoint region
[2022-06-16T20:04:22.584+0000][7212][safepoint    ] Total time for which application threads were stopped: 0.0001600 seconds, Stopping threads took: 0.0000488 seconds
[2022-06-16T20:04:22.600+0000][7212][safepoint    ] Application time: 0.0140086 seconds
[2022-06-16T20:04:22.600+0000][7212][safepoint    ] Entering safepoint region: RevokeBias
[2022-06-16T20:04:22.600+0000][7212][safepoint    ] Leaving safepoint region
[2022-06-16T20:04:22.600+0000][7212][safepoint    ] Total time for which application threads were stopped: 0.0001369 seconds, Stopping threads took: 0.0000295 seconds
[2022-06-16T20:04:22.766+0000][7212][safepoint    ] Application time: 0.1552064 seconds
[2022-06-16T20:04:22.880+0000][7212][safepoint    ] Entering safepoint region: RevokeBias
[2022-06-16T20:04:22.880+0000][7212][safepoint    ] Leaving safepoint region
[2022-06-16T20:04:22.881+0000][7212][safepoint    ] Total time for which application threads were stopped: 0.1140705 seconds, Stopping threads took: 0.1139295 seconds
[2022-06-16T20:04:22.903+0000][7212][safepoint    ] Application time: 0.0221748 seconds
[2022-06-16T20:04:22.986+0000][7212][safepoint    ] Entering safepoint region: RevokeBias
[2022-06-16T20:04:22.986+0000][7212][safepoint    ] Leaving safepoint region
[2022-06-16T20:04:22.986+0000][7212][safepoint    ] Total time for which application threads were stopped: 0.0833581 seconds, Stopping threads took: 0.0832140 seconds
[2022-06-16T20:04:23.012+0000][7212][safepoint    ] Application time: 0.0259503 seconds
[2022-06-16T20:04:23.047+0000][7212][safepoint    ] Entering safepoint region: RevokeBias
[2022-06-16T20:04:23.047+0000][7212][safepoint    ] Leaving safepoint region
[2022-06-16T20:04:23.047+0000][7212][safepoint    ] Total time for which application threads were stopped: 0.0352593 seconds, Stopping threads took: 0.0351159 seconds
[2022-06-16T20:04:23.082+0000][7212][safepoint    ] Application time: 0.0346123 seconds
[2022-06-16T20:04:23.116+0000][7212][safepoint    ] Entering safepoint region: RevokeBias
[2022-06-16T20:04:23.117+0000][7212][safepoint    ] Leaving safepoint region
[2022-06-16T20:04:23.117+0000][7212][safepoint    ] Total time for which application threads were stopped: 0.0345358 seconds, Stopping threads took: 0.0343907 seconds
[2022-06-16T20:04:23.120+0000][7212][safepoint    ] Application time: 0.0032326 seconds
[2022-06-16T20:04:23.120+0000][7212][safepoint    ] Entering safepoint region: RevokeBias
[2022-06-16T20:04:23.120+0000][7212][safepoint    ] Leaving safepoint region
[2022-06-16T20:04:23.120+0000][7212][safepoint    ] Total time for which application threads were stopped: 0.0001213 seconds, Stopping threads took: 0.0000301 seconds
[2022-06-16T20:04:23.136+0000][7212][safepoint    ] Application time: 0.0162141 seconds
[2022-06-16T20:04:23.137+0000][7212][safepoint    ] Entering safepoint region: RevokeBias
[2022-06-16T20:04:23.138+0000][7212][safepoint    ] Leaving safepoint region
[2022-06-16T20:04:23.138+0000][7212][safepoint    ] Total time for which application threads were stopped: 0.0013044 seconds, Stopping threads took: 0.0011956 seconds
[2022-06-16T20:04:23.138+0000][7212][safepoint    ] Application time: 0.0000551 seconds
[2022-06-16T20:04:23.138+0000][7212][safepoint    ] Entering safepoint region: RevokeBias
[2022-06-16T20:04:23.138+0000][7212][safepoint    ] Leaving safepoint region
[2022-06-16T20:04:23.138+0000][7212][safepoint    ] Total time for which application threads were stopped: 0.0001079 seconds, Stopping threads took: 0.0000357 seconds
[2022-06-16T20:04:23.138+0000][7212][safepoint    ] Application time: 0.0001174 seconds
[2022-06-16T20:04:23.138+0000][7212][safepoint    ] Entering safepoint region: RevokeBias
[2022-06-16T20:04:23.138+0000][7212][safepoint    ] Leaving safepoint region
[2022-06-16T20:04:23.138+0000][7212][safepoint    ] Total time for which application threads were stopped: 0.0001277 seconds, Stopping threads took: 0.0000342 seconds
[2022-06-16T20:04:23.138+0000][7212][safepoint    ] Application time: 0.0000222 seconds
[2022-06-16T20:04:23.138+0000][7212][safepoint    ] Entering safepoint region: RevokeBias
[2022-06-16T20:04:23.138+0000][7212][safepoint    ] Leaving safepoint region
[2022-06-16T20:04:23.138+0000][7212][safepoint    ] Total time for which application threads were stopped: 0.0000807 seconds, Stopping threads took: 0.0000206 seconds
[2022-06-16T20:04:23.138+0000][7212][safepoint    ] Application time: 0.0001804 seconds
[2022-06-16T20:04:23.138+0000][7212][safepoint    ] Entering safepoint region: RevokeBias
[2022-06-16T20:04:23.139+0000][7212][safepoint    ] Leaving safepoint region
[2022-06-16T20:04:23.139+0000][7212][safepoint    ] Total time for which application threads were stopped: 0.0000909 seconds, Stopping threads took: 0.0000223 seconds
[2022-06-16T20:04:23.139+0000][7212][safepoint    ] Application time: 0.0000825 seconds
[2022-06-16T20:04:23.139+0000][7212][safepoint    ] Entering safepoint region: RevokeBias
[2022-06-16T20:04:23.139+0000][7212][safepoint    ] Leaving safepoint region
[2022-06-16T20:04:23.139+0000][7212][safepoint    ] Total time for which application threads were stopped: 0.0000804 seconds, Stopping threads took: 0.0000206 seconds
[2022-06-16T20:04:23.139+0000][7212][safepoint    ] Application time: 0.0000548 seconds
[2022-06-16T20:04:23.139+0000][7212][safepoint    ] Entering safepoint region: RevokeBias
[2022-06-16T20:04:23.139+0000][7212][safepoint    ] Leaving safepoint region
[2022-06-16T20:04:23.139+0000][7212][safepoint    ] Total time for which application threads were stopped: 0.0000847 seconds, Stopping threads took: 0.0000206 seconds
[2022-06-16T20:04:23.139+0000][7212][safepoint    ] Application time: 0.0000329 seconds
[2022-06-16T20:04:23.139+0000][7212][safepoint    ] Entering safepoint region: RevokeBias
[2022-06-16T20:04:23.139+0000][7212][safepoint    ] Leaving safepoint region
[2022-06-16T20:04:23.139+0000][7212][safepoint    ] Total time for which application threads were stopped: 0.0000792 seconds, Stopping threads took: 0.0000189 seconds
[2022-06-16T20:04:23.139+0000][7212][safepoint    ] Application time: 0.0000188 seconds
[2022-06-16T20:04:23.139+0000][7212][safepoint    ] Entering safepoint region: RevokeBias
[2022-06-16T20:04:23.139+0000][7212][safepoint    ] Leaving safepoint region
[2022-06-16T20:04:23.139+0000][7212][safepoint    ] Total time for which application threads were stopped: 0.0000779 seconds, Stopping threads took: 0.0000194 seconds
[2022-06-16T20:04:23.143+0000][7212][safepoint    ] Application time: 0.0033790 seconds
[2022-06-16T20:04:23.143+0000][7212][safepoint    ] Entering safepoint region: RevokeBias
[2022-06-16T20:04:23.143+0000][7212][safepoint    ] Leaving safepoint region
[2022-06-16T20:04:23.143+0000][7212][safepoint    ] Total time for which application threads were stopped: 0.0001987 seconds, Stopping threads took: 0.0001208 seconds
[2022-06-16T20:04:23.202+0000][7212][safepoint    ] Application time: 0.0588406 seconds
[2022-06-16T20:04:23.203+0000][7212][safepoint    ] Entering safepoint region: RevokeBias
[2022-06-16T20:04:23.203+0000][7212][safepoint    ] Leaving safepoint region
[2022-06-16T20:04:23.203+0000][7212][safepoint    ] Total time for which application threads were stopped: 0.0014965 seconds, Stopping threads took: 0.0013864 seconds
[2022-06-16T20:04:23.204+0000][7212][safepoint    ] Application time: 0.0005392 seconds
[2022-06-16T20:04:23.204+0000][7212][safepoint    ] Entering safepoint region: RevokeBias
[2022-06-16T20:04:23.204+0000][7212][safepoint    ] Leaving safepoint region
[2022-06-16T20:04:23.204+0000][7212][safepoint    ] Total time for which application threads were stopped: 0.0001175 seconds, Stopping threads took: 0.0000230 seconds
[2022-06-16T20:04:23.204+0000][7212][safepoint    ] Application time: 0.0002921 seconds
[2022-06-16T20:04:23.204+0000][7212][safepoint    ] Entering safepoint region: RevokeBias
[2022-06-16T20:04:23.204+0000][7212][safepoint    ] Leaving safepoint region
[2022-06-16T20:04:23.204+0000][7212][safepoint    ] Total time for which application threads were stopped: 0.0000995 seconds, Stopping threads took: 0.0000224 seconds
[2022-06-16T20:04:23.371+0000][7212][safepoint    ] Application time: 0.1663378 seconds
[2022-06-16T20:04:23.372+0000][7212][safepoint    ] Entering safepoint region: RevokeBias
[2022-06-16T20:04:23.372+0000][7212][safepoint    ] Leaving safepoint region
[2022-06-16T20:04:23.372+0000][7212][safepoint    ] Total time for which application threads were stopped: 0.0015497 seconds, Stopping threads took: 0.0013838 seconds
[2022-06-16T20:04:23.562+0000][7212][safepoint    ] Application time: 0.1897750 seconds
[2022-06-16T20:04:23.562+0000][7212][safepoint    ] Entering safepoint region: RevokeBias
[2022-06-16T20:04:23.562+0000][7212][safepoint    ] Leaving safepoint region
[2022-06-16T20:04:23.562+0000][7212][safepoint    ] Total time for which application threads were stopped: 0.0001616 seconds, Stopping threads took: 0.0000346 seconds
[2022-06-16T20:04:23.562+0000][7212][safepoint    ] Application time: 0.0000635 seconds
[2022-06-16T20:04:23.563+0000][7212][safepoint    ] Entering safepoint region: RevokeBias
[2022-06-16T20:04:23.563+0000][7212][safepoint    ] Leaving safepoint region
[2022-06-16T20:04:23.563+0000][7212][safepoint    ] Total time for which application threads were stopped: 0.0002256 seconds, Stopping threads took: 0.0000214 seconds
[2022-06-16T20:04:23.563+0000][7212][safepoint    ] Application time: 0.0000364 seconds
[2022-06-16T20:04:23.563+0000][7212][safepoint    ] Entering safepoint region: RevokeBias
[2022-06-16T20:04:23.563+0000][7212][safepoint    ] Leaving safepoint region
[2022-06-16T20:04:23.563+0000][7212][safepoint    ] Total time for which application threads were stopped: 0.0000851 seconds, Stopping threads took: 0.0000202 seconds
[2022-06-16T20:04:24.157+0000][7212][safepoint    ] Application time: 0.5937581 seconds
[2022-06-16T20:04:24.157+0000][7212][safepoint    ] Entering safepoint region: RevokeBias
[2022-06-16T20:04:24.157+0000][7212][safepoint    ] Leaving safepoint region
[2022-06-16T20:04:24.157+0000][7212][safepoint    ] Total time for which application threads were stopped: 0.0001506 seconds, Stopping threads took: 0.0000454 seconds
[2022-06-16T20:04:24.157+0000][7212][safepoint    ] Application time: 0.0000403 seconds
[2022-06-16T20:04:24.157+0000][7212][safepoint    ] Entering safepoint region: RevokeBias
[2022-06-16T20:04:24.157+0000][7212][safepoint    ] Leaving safepoint region
[2022-06-16T20:04:24.157+0000][7212][safepoint    ] Total time for which application threads were stopped: 0.0001247 seconds, Stopping threads took: 0.0000496 seconds
[2022-06-16T20:04:24.157+0000][7212][safepoint    ] Application time: 0.0000264 seconds
[2022-06-16T20:04:24.157+0000][7212][safepoint    ] Entering safepoint region: RevokeBias
[2022-06-16T20:04:24.157+0000][7212][safepoint    ] Leaving safepoint region
[2022-06-16T20:04:24.157+0000][7212][safepoint    ] Total time for which application threads were stopped: 0.0000686 seconds, Stopping threads took: 0.0000175 seconds
[2022-06-16T20:04:24.157+0000][7212][safepoint    ] Application time: 0.0000157 seconds
[2022-06-16T20:04:24.157+0000][7212][safepoint    ] Entering safepoint region: RevokeBias
[2022-06-16T20:04:24.157+0000][7212][safepoint    ] Leaving safepoint region
[2022-06-16T20:04:24.157+0000][7212][safepoint    ] Total time for which application threads were stopped: 0.0000726 seconds, Stopping threads took: 0.0000174 seconds
[2022-06-16T20:04:24.157+0000][7212][safepoint    ] Application time: 0.0000186 seconds
[2022-06-16T20:04:24.157+0000][7212][safepoint    ] Entering safepoint region: RevokeBias
[2022-06-16T20:04:24.157+0000][7212][safepoint    ] Leaving safepoint region
[2022-06-16T20:04:24.157+0000][7212][safepoint    ] Total time for which application threads were stopped: 0.0000730 seconds, Stopping threads took: 0.0000187 seconds
[2022-06-16T20:04:25.158+0000][7212][safepoint    ] Application time: 1.0000208 seconds
[2022-06-16T20:04:25.158+0000][7212][safepoint    ] Entering safepoint region: Cleanup
[2022-06-16T20:04:25.158+0000][7212][safepoint    ] Leaving safepoint region
[2022-06-16T20:04:25.158+0000][7212][safepoint    ] Total time for which application threads were stopped: 0.0001204 seconds, Stopping threads took: 0.0000330 seconds
[2022-06-16T20:04:26.158+0000][7212][safepoint    ] Application time: 0.9997887 seconds
[2022-06-16T20:04:26.158+0000][7212][safepoint    ] Entering safepoint region: Cleanup
[2022-06-16T20:04:26.158+0000][7212][safepoint    ] Leaving safepoint region
[2022-06-16T20:04:26.158+0000][7212][safepoint    ] Total time for which application threads were stopped: 0.0001277 seconds, Stopping threads took: 0.0000298 seconds
[2022-06-16T20:04:27.159+0000][7212][safepoint    ] Application time: 0.9997954 seconds
[2022-06-16T20:04:27.159+0000][7212][safepoint    ] Entering safepoint region: Cleanup
[2022-06-16T20:04:27.159+0000][7212][safepoint    ] Leaving safepoint region
[2022-06-16T20:04:27.159+0000][7212][safepoint    ] Total time for which application threads were stopped: 0.0001214 seconds, Stopping threads took: 0.0000308 seconds
[2022-06-16T20:04:28.160+0000][7212][safepoint    ] Application time: 1.0007926 seconds
[2022-06-16T20:04:28.160+0000][7212][safepoint    ] Entering safepoint region: Cleanup
[2022-06-16T20:04:28.160+0000][7212][safepoint    ] Leaving safepoint region
[2022-06-16T20:04:28.160+0000][7212][safepoint    ] Total time for which application threads were stopped: 0.0001285 seconds, Stopping threads took: 0.0000305 seconds
[2022-06-16T20:04:29.160+0000][7212][safepoint    ] Application time: 1.0000647 seconds
[2022-06-16T20:04:29.160+0000][7212][safepoint    ] Entering safepoint region: Cleanup
[2022-06-16T20:04:29.160+0000][7212][safepoint    ] Leaving safepoint region
[2022-06-16T20:04:29.160+0000][7212][safepoint    ] Total time for which application threads were stopped: 0.0001161 seconds, Stopping threads took: 0.0000293 seconds
[2022-06-16T20:04:30.161+0000][7212][safepoint    ] Application time: 1.0005175 seconds
[2022-06-16T20:04:30.161+0000][7212][safepoint    ] Entering safepoint region: Cleanup
[2022-06-16T20:04:30.161+0000][7212][safepoint    ] Leaving safepoint region
[2022-06-16T20:04:30.161+0000][7212][safepoint    ] Total time for which application threads were stopped: 0.0001179 seconds, Stopping threads took: 0.0000306 seconds
[2022-06-16T20:04:31.161+0000][7212][safepoint    ] Application time: 0.9998051 seconds
[2022-06-16T20:04:31.161+0000][7212][safepoint    ] Entering safepoint region: Cleanup
[2022-06-16T20:04:31.161+0000][7212][safepoint    ] Leaving safepoint region
[2022-06-16T20:04:31.161+0000][7212][safepoint    ] Total time for which application threads were stopped: 0.0001248 seconds, Stopping threads took: 0.0000299 seconds
[2022-06-16T20:04:32.162+0000][7212][safepoint    ] Application time: 1.0010027 seconds
[2022-06-16T20:04:32.162+0000][7212][safepoint    ] Entering safepoint region: Cleanup
[2022-06-16T20:04:32.162+0000][7212][safepoint    ] Leaving safepoint region
[2022-06-16T20:04:32.162+0000][7212][safepoint    ] Total time for which application threads were stopped: 0.0001151 seconds, Stopping threads took: 0.0000291 seconds
[2022-06-16T20:04:33.162+0000][7212][safepoint    ] Application time: 0.9998337 seconds
[2022-06-16T20:04:33.162+0000][7212][safepoint    ] Entering safepoint region: Cleanup
[2022-06-16T20:04:33.162+0000][7212][safepoint    ] Leaving safepoint region
[2022-06-16T20:04:33.162+0000][7212][safepoint    ] Total time for which application threads were stopped: 0.0001261 seconds, Stopping threads took: 0.0000323 seconds
[2022-06-16T20:04:34.162+0000][7212][safepoint    ] Application time: 0.9995656 seconds
[2022-06-16T20:04:34.162+0000][7212][safepoint    ] Entering safepoint region: Cleanup
[2022-06-16T20:04:34.162+0000][7212][safepoint    ] Leaving safepoint region
[2022-06-16T20:04:34.162+0000][7212][safepoint    ] Total time for which application threads were stopped: 0.0001301 seconds, Stopping threads took: 0.0000329 seconds
[2022-06-16T20:04:35.162+0000][7212][safepoint    ] Application time: 0.9997890 seconds
[2022-06-16T20:04:35.162+0000][7212][safepoint    ] Entering safepoint region: Cleanup
[2022-06-16T20:04:35.162+0000][7212][safepoint    ] Leaving safepoint region
[2022-06-16T20:04:35.162+0000][7212][safepoint    ] Total time for which application threads were stopped: 0.0001246 seconds, Stopping threads took: 0.0000313 seconds
[2022-06-16T20:04:36.163+0000][7212][safepoint    ] Application time: 1.0007789 seconds
[2022-06-16T20:04:36.163+0000][7212][safepoint    ] Entering safepoint region: Cleanup
[2022-06-16T20:04:36.163+0000][7212][safepoint    ] Leaving safepoint region
[2022-06-16T20:04:36.163+0000][7212][safepoint    ] Total time for which application threads were stopped: 0.0001234 seconds, Stopping threads took: 0.0000317 seconds
[2022-06-16T20:04:37.163+0000][7212][safepoint    ] Application time: 0.9998221 seconds
[2022-06-16T20:04:37.163+0000][7212][safepoint    ] Entering safepoint region: Cleanup
[2022-06-16T20:04:37.163+0000][7212][safepoint    ] Leaving safepoint region
[2022-06-16T20:04:37.163+0000][7212][safepoint    ] Total time for which application threads were stopped: 0.0001235 seconds, Stopping threads took: 0.0000283 seconds
[2022-06-16T20:04:38.164+0000][7212][safepoint    ] Application time: 1.0007639 seconds
[2022-06-16T20:04:38.239+0000][7212][safepoint    ] Entering safepoint region: Cleanup
[2022-06-16T20:04:38.239+0000][7212][safepoint    ] Leaving safepoint region
[2022-06-16T20:04:38.239+0000][7212][safepoint    ] Total time for which application threads were stopped: 0.0756036 seconds, Stopping threads took: 0.0754954 seconds
[2022-06-16T20:04:39.240+0000][7212][safepoint    ] Application time: 1.0003000 seconds
[2022-06-16T20:04:39.240+0000][7212][safepoint    ] Entering safepoint region: Cleanup
[2022-06-16T20:04:39.240+0000][7212][safepoint    ] Leaving safepoint region
[2022-06-16T20:04:39.240+0000][7212][safepoint    ] Total time for which application threads were stopped: 0.0001390 seconds, Stopping threads took: 0.0000309 seconds
[2022-06-16T20:04:40.240+0000][7212][safepoint    ] Application time: 0.9997763 seconds
[2022-06-16T20:04:40.240+0000][7212][safepoint    ] Entering safepoint region: Cleanup
[2022-06-16T20:04:40.240+0000][7212][safepoint    ] Leaving safepoint region
[2022-06-16T20:04:40.240+0000][7212][safepoint    ] Total time for which application threads were stopped: 0.0001286 seconds, Stopping threads took: 0.0000323 seconds
[2022-06-16T20:04:41.241+0000][7212][safepoint    ] Application time: 1.0008041 seconds
[2022-06-16T20:04:41.241+0000][7212][safepoint    ] Entering safepoint region: Cleanup
[2022-06-16T20:04:41.241+0000][7212][safepoint    ] Leaving safepoint region
[2022-06-16T20:04:41.241+0000][7212][safepoint    ] Total time for which application threads were stopped: 0.0001363 seconds, Stopping threads took: 0.0000371 seconds
[2022-06-16T20:04:42.242+0000][7212][safepoint    ] Application time: 1.0007375 seconds
[2022-06-16T20:04:42.242+0000][7212][safepoint    ] Entering safepoint region: Cleanup
[2022-06-16T20:04:42.242+0000][7212][safepoint    ] Leaving safepoint region
[2022-06-16T20:04:42.242+0000][7212][safepoint    ] Total time for which application threads were stopped: 0.0001268 seconds, Stopping threads took: 0.0000321 seconds
[2022-06-16T20:04:43.243+0000][7212][safepoint    ] Application time: 1.0007811 seconds
[2022-06-16T20:04:43.243+0000][7212][safepoint    ] Entering safepoint region: Cleanup
[2022-06-16T20:04:43.243+0000][7212][safepoint    ] Leaving safepoint region
[2022-06-16T20:04:43.243+0000][7212][safepoint    ] Total time for which application threads were stopped: 0.0001235 seconds, Stopping threads took: 0.0000291 seconds
[2022-06-16T20:04:44.244+0000][7212][safepoint    ] Application time: 1.0007937 seconds
[2022-06-16T20:04:44.244+0000][7212][safepoint    ] Entering safepoint region: Cleanup
[2022-06-16T20:04:44.244+0000][7212][safepoint    ] Leaving safepoint region
[2022-06-16T20:04:44.244+0000][7212][safepoint    ] Total time for which application threads were stopped: 0.0001288 seconds, Stopping threads took: 0.0000334 seconds
[2022-06-16T20:04:45.244+0000][7212][safepoint    ] Application time: 0.9997779 seconds
[2022-06-16T20:04:45.244+0000][7212][safepoint    ] Entering safepoint region: Cleanup
[2022-06-16T20:04:45.244+0000][7212][safepoint    ] Leaving safepoint region
[2022-06-16T20:04:45.244+0000][7212][safepoint    ] Total time for which application threads were stopped: 0.0001269 seconds, Stopping threads took: 0.0000323 seconds
[2022-06-16T20:04:46.245+0000][7212][safepoint    ] Application time: 1.0007898 seconds
[2022-06-16T20:04:46.245+0000][7212][safepoint    ] Entering safepoint region: Cleanup
[2022-06-16T20:04:46.245+0000][7212][safepoint    ] Leaving safepoint region
[2022-06-16T20:04:46.245+0000][7212][safepoint    ] Total time for which application threads were stopped: 0.0001409 seconds, Stopping threads took: 0.0000322 seconds
[2022-06-16T20:04:47.255+0000][7212][safepoint    ] Application time: 1.0096330 seconds
[2022-06-16T20:04:47.255+0000][7212][safepoint    ] Entering safepoint region: Cleanup
[2022-06-16T20:04:47.255+0000][7212][safepoint    ] Leaving safepoint region
[2022-06-16T20:04:47.255+0000][7212][safepoint    ] Total time for which application threads were stopped: 0.0001336 seconds, Stopping threads took: 0.0000328 seconds
[2022-06-16T20:04:48.257+0000][7212][safepoint    ] Application time: 1.0019849 seconds
[2022-06-16T20:04:48.257+0000][7212][safepoint    ] Entering safepoint region: Cleanup
[2022-06-16T20:04:48.257+0000][7212][safepoint    ] Leaving safepoint region
[2022-06-16T20:04:48.257+0000][7212][safepoint    ] Total time for which application threads were stopped: 0.0001180 seconds, Stopping threads took: 0.0000299 seconds
[2022-06-16T20:04:49.266+0000][7212][safepoint    ] Application time: 1.0081165 seconds
[2022-06-16T20:04:49.266+0000][7212][safepoint    ] Entering safepoint region: Cleanup
[2022-06-16T20:04:49.266+0000][7212][safepoint    ] Leaving safepoint region
[2022-06-16T20:04:49.266+0000][7212][safepoint    ] Total time for which application threads were stopped: 0.0001218 seconds, Stopping threads took: 0.0000301 seconds
[2022-06-16T20:04:50.282+0000][7212][safepoint    ] Application time: 1.0154252 seconds
[2022-06-16T20:04:50.282+0000][7212][safepoint    ] Entering safepoint region: Cleanup
[2022-06-16T20:04:50.282+0000][7212][safepoint    ] Leaving safepoint region
[2022-06-16T20:04:50.282+0000][7212][safepoint    ] Total time for which application threads were stopped: 0.0001245 seconds, Stopping threads took: 0.0000294 seconds
[2022-06-16T20:04:50.625+0000][7212][safepoint    ] Application time: 0.3460153 seconds
[2022-06-16T20:04:50.625+0000][7212][safepoint    ] Entering safepoint region: RevokeBias
[2022-06-16T20:04:50.625+0000][7212][safepoint    ] Leaving safepoint region
[2022-06-16T20:04:50.625+0000][7212][safepoint    ] Total time for which application threads were stopped: 0.0001773 seconds, Stopping threads took: 0.0000437 seconds
[2022-06-16T20:04:50.625+0000][7212][safepoint    ] Application time: 0.0092020 seconds
[2022-06-16T20:04:50.625+0000][7212][safepoint    ] Entering safepoint region: RevokeBias
[2022-06-16T20:04:50.625+0000][7212][safepoint    ] Leaving safepoint region
[2022-06-16T20:04:50.625+0000][7212][safepoint    ] Total time for which application threads were stopped: 0.0001296 seconds, Stopping threads took: 0.0000257 seconds
[2022-06-16T20:04:50.625+0000][7212][safepoint    ] Application time: 0.0032347 seconds
[2022-06-16T20:04:50.625+0000][7212][safepoint    ] Entering safepoint region: RevokeBias
[2022-06-16T20:04:50.625+0000][7212][safepoint    ] Leaving safepoint region
[2022-06-16T20:04:50.625+0000][7212][safepoint    ] Total time for which application threads were stopped: 0.0001098 seconds, Stopping threads took: 0.0000246 seconds
[2022-06-16T20:04:50.641+0000][7212][safepoint    ] Application time: 0.0010175 seconds
[2022-06-16T20:04:50.641+0000][7212][safepoint    ] Entering safepoint region: RevokeBias
[2022-06-16T20:04:50.641+0000][7212][safepoint    ] Leaving safepoint region
[2022-06-16T20:04:50.641+0000][7212][safepoint    ] Total time for which application threads were stopped: 0.0000952 seconds, Stopping threads took: 0.0000237 seconds
[2022-06-16T20:04:50.641+0000][7212][safepoint    ] Application time: 0.0008805 seconds
[2022-06-16T20:04:50.641+0000][7212][safepoint    ] Entering safepoint region: RevokeBias
[2022-06-16T20:04:50.641+0000][7212][safepoint    ] Leaving safepoint region
[2022-06-16T20:04:50.641+0000][7212][safepoint    ] Total time for which application threads were stopped: 0.0000901 seconds, Stopping threads took: 0.0000213 seconds
[2022-06-16T20:04:51.641+0000][7212][safepoint    ] Application time: 0.9981746 seconds
[2022-06-16T20:04:51.641+0000][7212][safepoint    ] Entering safepoint region: Cleanup
[2022-06-16T20:04:51.641+0000][7212][safepoint    ] Leaving safepoint region
[2022-06-16T20:04:51.641+0000][7212][safepoint    ] Total time for which application threads were stopped: 0.0001424 seconds, Stopping threads took: 0.0000324 seconds
[2022-06-16T20:04:51.942+0000][7212][safepoint    ] Application time: 0.3009961 seconds
[2022-06-16T20:04:51.942+0000][7212][safepoint    ] Entering safepoint region: RevokeBias
[2022-06-16T20:04:51.942+0000][7212][safepoint    ] Leaving safepoint region
[2022-06-16T20:04:51.942+0000][7212][safepoint    ] Total time for which application threads were stopped: 0.0001678 seconds, Stopping threads took: 0.0000472 seconds
[2022-06-16T20:04:51.942+0000][7212][safepoint    ] Application time: 0.0001362 seconds
[2022-06-16T20:04:51.942+0000][7212][safepoint    ] Entering safepoint region: RevokeBias
[2022-06-16T20:04:51.942+0000][7212][safepoint    ] Leaving safepoint region
[2022-06-16T20:04:51.942+0000][7212][safepoint    ] Total time for which application threads were stopped: 0.0001280 seconds, Stopping threads took: 0.0000445 seconds
[2022-06-16T20:04:51.947+0000][7212][safepoint    ] Application time: 0.0042967 seconds
[2022-06-16T20:04:51.947+0000][7212][safepoint    ] Entering safepoint region: RevokeBias
[2022-06-16T20:04:51.947+0000][7212][safepoint    ] Leaving safepoint region
[2022-06-16T20:04:51.947+0000][7212][safepoint    ] Total time for which application threads were stopped: 0.0001721 seconds, Stopping threads took: 0.0000360 seconds
[2022-06-16T20:04:51.947+0000][7212][safepoint    ] Application time: 0.0005861 seconds
[2022-06-16T20:04:51.948+0000][7212][safepoint    ] Entering safepoint region: RevokeBias
[2022-06-16T20:04:51.948+0000][7212][safepoint    ] Leaving safepoint region
[2022-06-16T20:04:51.948+0000][7212][safepoint    ] Total time for which application threads were stopped: 0.0001933 seconds, Stopping threads took: 0.0000823 seconds
[2022-06-16T20:04:51.971+0000][7212][safepoint    ] Application time: 0.0237673 seconds
[2022-06-16T20:04:51.974+0000][7212][safepoint    ] Entering safepoint region: RevokeBias
[2022-06-16T20:04:51.974+0000][7212][safepoint    ] Leaving safepoint region
[2022-06-16T20:04:51.974+0000][7212][safepoint    ] Total time for which application threads were stopped: 0.0026326 seconds, Stopping threads took: 0.0025285 seconds
[2022-06-16T20:04:51.974+0000][7212][safepoint    ] Application time: 0.0000617 seconds
[2022-06-16T20:04:51.974+0000][7212][safepoint    ] Entering safepoint region: RevokeBias
[2022-06-16T20:04:51.974+0000][7212][safepoint    ] Leaving safepoint region
[2022-06-16T20:04:51.974+0000][7212][safepoint    ] Total time for which application threads were stopped: 0.0000945 seconds, Stopping threads took: 0.0000233 seconds
[2022-06-16T20:04:51.974+0000][7212][safepoint    ] Application time: 0.0000363 seconds
[2022-06-16T20:04:51.974+0000][7212][safepoint    ] Entering safepoint region: RevokeBias
[2022-06-16T20:04:51.975+0000][7212][safepoint    ] Leaving safepoint region
[2022-06-16T20:04:51.975+0000][7212][safepoint    ] Total time for which application threads were stopped: 0.0001855 seconds, Stopping threads took: 0.0000641 seconds
[2022-06-16T20:04:51.984+0000][7212][safepoint    ] Application time: 0.0092702 seconds
[2022-06-16T20:04:51.984+0000][7212][safepoint    ] Entering safepoint region: RevokeBias
[2022-06-16T20:04:51.984+0000][7212][safepoint    ] Leaving safepoint region
[2022-06-16T20:04:51.984+0000][7212][safepoint    ] Total time for which application threads were stopped: 0.0001172 seconds, Stopping threads took: 0.0000383 seconds
[2022-06-16T20:04:51.984+0000][7212][safepoint    ] Application time: 0.0000470 seconds
[2022-06-16T20:04:51.984+0000][7212][safepoint    ] Entering safepoint region: RevokeBias
[2022-06-16T20:04:51.984+0000][7212][safepoint    ] Leaving safepoint region
[2022-06-16T20:04:51.984+0000][7212][safepoint    ] Total time for which application threads were stopped: 0.0001013 seconds, Stopping threads took: 0.0000179 seconds
[2022-06-16T20:04:51.988+0000][7212][safepoint    ] Application time: 0.0033572 seconds
[2022-06-16T20:04:51.988+0000][7212][safepoint    ] Entering safepoint region: RevokeBias
[2022-06-16T20:04:51.988+0000][7212][safepoint    ] Leaving safepoint region
[2022-06-16T20:04:51.988+0000][7212][safepoint    ] Total time for which application threads were stopped: 0.0000968 seconds, Stopping threads took: 0.0000282 seconds
[2022-06-16T20:04:51.988+0000][7212][safepoint    ] Application time: 0.0000166 seconds
[2022-06-16T20:04:51.988+0000][7212][safepoint    ] Entering safepoint region: RevokeBias
[2022-06-16T20:04:51.988+0000][7212][safepoint    ] Leaving safepoint region
[2022-06-16T20:04:51.988+0000][7212][safepoint    ] Total time for which application threads were stopped: 0.0000778 seconds, Stopping threads took: 0.0000169 seconds
[2022-06-16T20:04:53.040+0000][7212][safepoint    ] Application time: 1.0519175 seconds
[2022-06-16T20:04:53.040+0000][7212][safepoint    ] Entering safepoint region: Cleanup
[2022-06-16T20:04:53.041+0000][7212][safepoint    ] Leaving safepoint region
[2022-06-16T20:04:53.041+0000][7212][safepoint    ] Total time for which application threads were stopped: 0.0001369 seconds, Stopping threads took: 0.0000347 seconds
[2022-06-16T20:04:54.041+0000][7212][safepoint    ] Application time: 0.9999576 seconds
[2022-06-16T20:04:54.041+0000][7212][safepoint    ] Entering safepoint region: Cleanup
[2022-06-16T20:04:54.041+0000][7212][safepoint    ] Leaving safepoint region
[2022-06-16T20:04:54.041+0000][7212][safepoint    ] Total time for which application threads were stopped: 0.0001204 seconds, Stopping threads took: 0.0000263 seconds
[2022-06-16T20:04:55.042+0000][7212][safepoint    ] Application time: 1.0007967 seconds
[2022-06-16T20:04:55.042+0000][7212][safepoint    ] Entering safepoint region: Cleanup
[2022-06-16T20:04:55.042+0000][7212][safepoint    ] Leaving safepoint region
[2022-06-16T20:04:55.042+0000][7212][safepoint    ] Total time for which application threads were stopped: 0.0001270 seconds, Stopping threads took: 0.0000297 seconds
[2022-06-16T20:04:56.072+0000][7212][safepoint    ] Application time: 1.0302157 seconds
[2022-06-16T20:04:56.072+0000][7212][safepoint    ] Entering safepoint region: Cleanup
[2022-06-16T20:04:56.072+0000][7212][safepoint    ] Leaving safepoint region
[2022-06-16T20:04:56.072+0000][7212][safepoint    ] Total time for which application threads were stopped: 0.0001436 seconds, Stopping threads took: 0.0000348 seconds
[2022-06-16T20:04:57.072+0000][7212][safepoint    ] Application time: 0.9993584 seconds
[2022-06-16T20:04:57.180+0000][7212][safepoint    ] Entering safepoint region: Cleanup
[2022-06-16T20:04:57.180+0000][7212][safepoint    ] Leaving safepoint region
[2022-06-16T20:04:57.180+0000][7212][safepoint    ] Total time for which application threads were stopped: 0.1081142 seconds, Stopping threads took: 0.1080016 seconds
[2022-06-16T20:04:58.181+0000][7212][safepoint    ] Application time: 1.0008014 seconds
[2022-06-16T20:04:58.181+0000][7212][safepoint    ] Entering safepoint region: Cleanup
[2022-06-16T20:04:58.181+0000][7212][safepoint    ] Leaving safepoint region
[2022-06-16T20:04:58.181+0000][7212][safepoint    ] Total time for which application threads were stopped: 0.0001223 seconds, Stopping threads took: 0.0000295 seconds
[2022-06-16T20:04:59.268+0000][7212][safepoint    ] Application time: 1.0873902 seconds
[2022-06-16T20:04:59.268+0000][7212][safepoint    ] Entering safepoint region: Cleanup
[2022-06-16T20:04:59.268+0000][7212][safepoint    ] Leaving safepoint region
[2022-06-16T20:04:59.268+0000][7212][safepoint    ] Total time for which application threads were stopped: 0.0001342 seconds, Stopping threads took: 0.0000332 seconds
[2022-06-16T20:05:00.268+0000][7212][safepoint    ] Application time: 0.9991962 seconds
[2022-06-16T20:05:00.391+0000][7212][safepoint    ] Entering safepoint region: Cleanup
[2022-06-16T20:05:00.391+0000][7212][safepoint    ] Leaving safepoint region
[2022-06-16T20:05:00.391+0000][7212][safepoint    ] Total time for which application threads were stopped: 0.1231852 seconds, Stopping threads took: 0.1230676 seconds
[2022-06-16T20:05:01.391+0000][7212][safepoint    ] Application time: 0.9997528 seconds
[2022-06-16T20:05:01.391+0000][7212][safepoint    ] Entering safepoint region: Cleanup
[2022-06-16T20:05:01.391+0000][7212][safepoint    ] Leaving safepoint region
[2022-06-16T20:05:01.391+0000][7212][safepoint    ] Total time for which application threads were stopped: 0.0001359 seconds, Stopping threads took: 0.0000301 seconds
[2022-06-16T20:05:02.392+0000][7212][safepoint    ] Application time: 1.0015048 seconds
[2022-06-16T20:05:02.392+0000][7212][safepoint    ] Entering safepoint region: Cleanup
[2022-06-16T20:05:02.392+0000][7212][safepoint    ] Leaving safepoint region
[2022-06-16T20:05:02.392+0000][7212][safepoint    ] Total time for which application threads were stopped: 0.0001327 seconds, Stopping threads took: 0.0000317 seconds
[2022-06-16T20:05:03.393+0000][7212][safepoint    ] Application time: 1.0000169 seconds
[2022-06-16T20:05:03.393+0000][7212][safepoint    ] Entering safepoint region: Cleanup
[2022-06-16T20:05:03.393+0000][7212][safepoint    ] Leaving safepoint region
[2022-06-16T20:05:03.393+0000][7212][safepoint    ] Total time for which application threads were stopped: 0.0001408 seconds, Stopping threads took: 0.0000314 seconds
[2022-06-16T20:05:04.394+0000][7212][safepoint    ] Application time: 1.0007807 seconds
[2022-06-16T20:05:04.394+0000][7212][safepoint    ] Entering safepoint region: Cleanup
[2022-06-16T20:05:04.394+0000][7212][safepoint    ] Leaving safepoint region
[2022-06-16T20:05:04.394+0000][7212][safepoint    ] Total time for which application threads were stopped: 0.0001312 seconds, Stopping threads took: 0.0000315 seconds
[2022-06-16T20:05:05.395+0000][7212][safepoint    ] Application time: 1.0007858 seconds
[2022-06-16T20:05:05.395+0000][7212][safepoint    ] Entering safepoint region: Cleanup
[2022-06-16T20:05:05.395+0000][7212][safepoint    ] Leaving safepoint region
[2022-06-16T20:05:05.395+0000][7212][safepoint    ] Total time for which application threads were stopped: 0.0001380 seconds, Stopping threads took: 0.0000335 seconds
[2022-06-16T20:05:06.396+0000][7212][safepoint    ] Application time: 1.0007778 seconds
[2022-06-16T20:05:06.500+0000][7212][safepoint    ] Entering safepoint region: Cleanup
[2022-06-16T20:05:06.500+0000][7212][safepoint    ] Leaving safepoint region
[2022-06-16T20:05:06.500+0000][7212][safepoint    ] Total time for which application threads were stopped: 0.1045744 seconds, Stopping threads took: 0.1044596 seconds
[2022-06-16T20:05:07.500+0000][7212][safepoint    ] Application time: 0.9993450 seconds
[2022-06-16T20:05:07.519+0000][7212][safepoint    ] Entering safepoint region: Cleanup
[2022-06-16T20:05:07.519+0000][7212][safepoint    ] Leaving safepoint region
[2022-06-16T20:05:07.519+0000][7212][safepoint    ] Total time for which application threads were stopped: 0.0193603 seconds, Stopping threads took: 0.0192529 seconds
[2022-06-16T20:05:08.519+0000][7212][safepoint    ] Application time: 0.9995760 seconds
[2022-06-16T20:05:08.519+0000][7212][safepoint    ] Entering safepoint region: Cleanup
[2022-06-16T20:05:08.519+0000][7212][safepoint    ] Leaving safepoint region
[2022-06-16T20:05:08.519+0000][7212][safepoint    ] Total time for which application threads were stopped: 0.0001285 seconds, Stopping threads took: 0.0000298 seconds
[2022-06-16T20:05:09.520+0000][7212][safepoint    ] Application time: 1.0007819 seconds
[2022-06-16T20:05:09.648+0000][7212][safepoint    ] Entering safepoint region: Cleanup
[2022-06-16T20:05:09.648+0000][7212][safepoint    ] Leaving safepoint region
[2022-06-16T20:05:09.648+0000][7212][safepoint    ] Total time for which application threads were stopped: 0.1283506 seconds, Stopping threads took: 0.1282380 seconds
[2022-06-16T20:05:09.795+0000][7212][safepoint    ] Application time: 0.1468211 seconds
[2022-06-16T20:05:09.795+0000][7212][safepoint    ] Entering safepoint region: RevokeBias
[2022-06-16T20:05:09.795+0000][7212][safepoint    ] Leaving safepoint region
[2022-06-16T20:05:09.795+0000][7212][safepoint    ] Total time for which application threads were stopped: 0.0001432 seconds, Stopping threads took: 0.0000319 seconds
[2022-06-16T20:05:09.838+0000][7212][safepoint    ] Application time: 0.0431420 seconds
[2022-06-16T20:05:09.838+0000][7212][safepoint    ] Entering safepoint region: Deoptimize
[2022-06-16T20:05:09.839+0000][7212][safepoint    ] Leaving safepoint region
[2022-06-16T20:05:09.839+0000][7212][safepoint    ] Total time for which application threads were stopped: 0.0009636 seconds, Stopping threads took: 0.0000309 seconds
[2022-06-16T20:05:10.047+0000][7212][safepoint    ] Application time: 0.2074162 seconds
[2022-06-16T20:05:10.047+0000][7212][safepoint    ] Entering safepoint region: RevokeBias
[2022-06-16T20:05:10.047+0000][7212][safepoint    ] Leaving safepoint region
[2022-06-16T20:05:10.047+0000][7212][safepoint    ] Total time for which application threads were stopped: 0.0001536 seconds, Stopping threads took: 0.0000487 seconds
[2022-06-16T20:05:11.047+0000][7212][safepoint    ] Application time: 0.9996934 seconds
[2022-06-16T20:05:11.057+0000][7212][safepoint    ] Entering safepoint region: Cleanup
[2022-06-16T20:05:11.057+0000][7212][safepoint    ] Leaving safepoint region
[2022-06-16T20:05:11.057+0000][7212][safepoint    ] Total time for which application threads were stopped: 0.0106675 seconds, Stopping threads took: 0.0105479 seconds
[2022-06-16T20:05:12.057+0000][7212][safepoint    ] Application time: 0.9992608 seconds
[2022-06-16T20:05:12.057+0000][7212][safepoint    ] Entering safepoint region: Cleanup
[2022-06-16T20:05:12.057+0000][7212][safepoint    ] Leaving safepoint region
[2022-06-16T20:05:12.057+0000][7212][safepoint    ] Total time for which application threads were stopped: 0.0001347 seconds, Stopping threads took: 0.0000301 seconds
[2022-06-16T20:05:13.058+0000][7212][safepoint    ] Application time: 0.9999470 seconds
[2022-06-16T20:05:13.058+0000][7212][safepoint    ] Entering safepoint region: Cleanup
[2022-06-16T20:05:13.058+0000][7212][safepoint    ] Leaving safepoint region
[2022-06-16T20:05:13.058+0000][7212][safepoint    ] Total time for which application threads were stopped: 0.0001097 seconds, Stopping threads took: 0.0000244 seconds
[2022-06-16T20:05:13.923+0000][7212][safepoint    ] Application time: 0.8662704 seconds
[2022-06-16T20:05:13.923+0000][7212][safepoint    ] Entering safepoint region: RevokeBias
[2022-06-16T20:05:13.924+0000][7212][safepoint    ] Leaving safepoint region
[2022-06-16T20:05:13.924+0000][7212][safepoint    ] Total time for which application threads were stopped: 0.0001366 seconds, Stopping threads took: 0.0000256 seconds
[2022-06-16T20:05:13.924+0000][7212][safepoint    ] Application time: 0.0002485 seconds
[2022-06-16T20:05:13.924+0000][7212][safepoint    ] Entering safepoint region: RevokeBias
[2022-06-16T20:05:13.924+0000][7212][safepoint    ] Leaving safepoint region
[2022-06-16T20:05:13.924+0000][7212][safepoint    ] Total time for which application threads were stopped: 0.0000910 seconds, Stopping threads took: 0.0000207 seconds
[2022-06-16T20:05:14.059+0000][7212][safepoint    ] Application time: 0.1348820 seconds
[2022-06-16T20:05:14.059+0000][7212][safepoint    ] Entering safepoint region: RevokeBias
[2022-06-16T20:05:14.059+0000][7212][safepoint    ] Leaving safepoint region
[2022-06-16T20:05:14.059+0000][7212][safepoint    ] Total time for which application threads were stopped: 0.0001583 seconds, Stopping threads took: 0.0000384 seconds
[2022-06-16T20:05:14.177+0000][7212][safepoint    ] Application time: 0.1175711 seconds
[2022-06-16T20:05:14.177+0000][7212][safepoint    ] Entering safepoint region: Deoptimize
[2022-06-16T20:05:14.178+0000][7212][safepoint    ] Leaving safepoint region
[2022-06-16T20:05:14.178+0000][7212][safepoint    ] Total time for which application threads were stopped: 0.0010446 seconds, Stopping threads took: 0.0000322 seconds
[2022-06-16T20:05:14.199+0000][7212][safepoint    ] Application time: 0.0210983 seconds
[2022-06-16T20:05:14.199+0000][7212][safepoint    ] Entering safepoint region: RevokeBias
[2022-06-16T20:05:14.199+0000][7212][safepoint    ] Leaving safepoint region
[2022-06-16T20:05:14.199+0000][7212][safepoint    ] Total time for which application threads were stopped: 0.0000942 seconds, Stopping threads took: 0.0000176 seconds
[2022-06-16T20:05:14.199+0000][7212][safepoint    ] Application time: 0.0000193 seconds
[2022-06-16T20:05:14.199+0000][7212][safepoint    ] Entering safepoint region: RevokeBias
[2022-06-16T20:05:14.199+0000][7212][safepoint    ] Leaving safepoint region
[2022-06-16T20:05:14.199+0000][7212][safepoint    ] Total time for which application threads were stopped: 0.0000413 seconds, Stopping threads took: 0.0000114 seconds
[2022-06-16T20:05:14.238+0000][7212][safepoint    ] Application time: 0.0385270 seconds
[2022-06-16T20:05:14.238+0000][7212][safepoint    ] Entering safepoint region: RevokeBias
[2022-06-16T20:05:14.238+0000][7212][safepoint    ] Leaving safepoint region
[2022-06-16T20:05:14.238+0000][7212][safepoint    ] Total time for which application threads were stopped: 0.0001454 seconds, Stopping threads took: 0.0000314 seconds
[2022-06-16T20:05:14.266+0000][7212][safepoint    ] Application time: 0.0283503 seconds
[2022-06-16T20:05:14.266+0000][7212][safepoint    ] Entering safepoint region: RevokeBias
[2022-06-16T20:05:14.266+0000][7212][safepoint    ] Leaving safepoint region
[2022-06-16T20:05:14.266+0000][7212][safepoint    ] Total time for which application threads were stopped: 0.0001508 seconds, Stopping threads took: 0.0000316 seconds
[2022-06-16T20:05:14.269+0000][7212][safepoint    ] Application time: 0.0024938 seconds
[2022-06-16T20:05:14.269+0000][7212][safepoint    ] Entering safepoint region: RevokeBias
[2022-06-16T20:05:14.269+0000][7212][safepoint    ] Leaving safepoint region
[2022-06-16T20:05:14.269+0000][7212][safepoint    ] Total time for which application threads were stopped: 0.0001229 seconds, Stopping threads took: 0.0000279 seconds
[2022-06-16T20:05:14.277+0000][7212][safepoint    ] Application time: 0.0076393 seconds
[2022-06-16T20:05:14.277+0000][7212][safepoint    ] Entering safepoint region: RevokeBias
[2022-06-16T20:05:14.277+0000][7212][safepoint    ] Leaving safepoint region
[2022-06-16T20:05:14.277+0000][7212][safepoint    ] Total time for which application threads were stopped: 0.0001127 seconds, Stopping threads took: 0.0000235 seconds
[2022-06-16T20:05:14.277+0000][7212][safepoint    ] Application time: 0.0000206 seconds
[2022-06-16T20:05:14.277+0000][7212][safepoint    ] Entering safepoint region: RevokeBias
[2022-06-16T20:05:14.277+0000][7212][safepoint    ] Leaving safepoint region
[2022-06-16T20:05:14.277+0000][7212][safepoint    ] Total time for which application threads were stopped: 0.0000742 seconds, Stopping threads took: 0.0000172 seconds
[2022-06-16T20:05:14.278+0000][7212][safepoint    ] Application time: 0.0009573 seconds
[2022-06-16T20:05:14.278+0000][7212][safepoint    ] Entering safepoint region: RevokeBias
[2022-06-16T20:05:14.278+0000][7212][safepoint    ] Leaving safepoint region
[2022-06-16T20:05:14.278+0000][7212][safepoint    ] Total time for which application threads were stopped: 0.0000817 seconds, Stopping threads took: 0.0000274 seconds
[2022-06-16T20:05:14.280+0000][7212][safepoint    ] Application time: 0.0014234 seconds
[2022-06-16T20:05:14.280+0000][7212][safepoint    ] Entering safepoint region: RevokeBias
[2022-06-16T20:05:14.280+0000][7212][safepoint    ] Leaving safepoint region
[2022-06-16T20:05:14.280+0000][7212][safepoint    ] Total time for which application threads were stopped: 0.0000723 seconds, Stopping threads took: 0.0000152 seconds
[2022-06-16T20:05:14.439+0000][7212][safepoint    ] Application time: 0.1591220 seconds
[2022-06-16T20:05:14.439+0000][7212][safepoint    ] Entering safepoint region: RevokeBias
[2022-06-16T20:05:14.439+0000][7212][safepoint    ] Leaving safepoint region
[2022-06-16T20:05:14.439+0000][7212][safepoint    ] Total time for which application threads were stopped: 0.0005817 seconds, Stopping threads took: 0.0003901 seconds
[2022-06-16T20:05:14.443+0000][7212][safepoint    ] Application time: 0.0035746 seconds
[2022-06-16T20:05:14.443+0000][7212][safepoint    ] Entering safepoint region: RevokeBias
[2022-06-16T20:05:14.443+0000][7212][safepoint    ] Leaving safepoint region
[2022-06-16T20:05:14.443+0000][7212][safepoint    ] Total time for which application threads were stopped: 0.0001440 seconds, Stopping threads took: 0.0000582 seconds
[2022-06-16T20:05:14.453+0000][7212][safepoint    ] Application time: 0.0094593 seconds
[2022-06-16T20:05:14.453+0000][7212][safepoint    ] Entering safepoint region: RevokeBias
[2022-06-16T20:05:14.453+0000][7212][safepoint    ] Leaving safepoint region
[2022-06-16T20:05:14.453+0000][7212][safepoint    ] Total time for which application threads were stopped: 0.0001253 seconds, Stopping threads took: 0.0000273 seconds
[2022-06-16T20:05:14.453+0000][7212][safepoint    ] Application time: 0.0001932 seconds
[2022-06-16T20:05:14.453+0000][7212][safepoint    ] Entering safepoint region: RevokeBias
[2022-06-16T20:05:14.453+0000][7212][safepoint    ] Leaving safepoint region
[2022-06-16T20:05:14.453+0000][7212][safepoint    ] Total time for which application threads were stopped: 0.0000999 seconds, Stopping threads took: 0.0000234 seconds
[2022-06-16T20:05:14.461+0000][7212][safepoint    ] Application time: 0.0077809 seconds
[2022-06-16T20:05:14.461+0000][7212][safepoint    ] Entering safepoint region: RevokeBias
[2022-06-16T20:05:14.461+0000][7212][safepoint    ] Leaving safepoint region
[2022-06-16T20:05:14.461+0000][7212][safepoint    ] Total time for which application threads were stopped: 0.0001699 seconds, Stopping threads took: 0.0000425 seconds
[2022-06-16T20:05:15.463+0000][7212][safepoint    ] Application time: 1.0013602 seconds
[2022-06-16T20:05:15.463+0000][7212][safepoint    ] Entering safepoint region: Cleanup
[2022-06-16T20:05:15.463+0000][7212][safepoint    ] Leaving safepoint region
[2022-06-16T20:05:15.463+0000][7212][safepoint    ] Total time for which application threads were stopped: 0.0001121 seconds, Stopping threads took: 0.0000313 seconds
[2022-06-16T20:05:16.463+0000][7212][safepoint    ] Application time: 0.9998815 seconds
[2022-06-16T20:05:16.463+0000][7212][safepoint    ] Entering safepoint region: Cleanup
[2022-06-16T20:05:16.463+0000][7212][safepoint    ] Leaving safepoint region
[2022-06-16T20:05:16.463+0000][7212][safepoint    ] Total time for which application threads were stopped: 0.0001011 seconds, Stopping threads took: 0.0000225 seconds
[2022-06-16T20:05:17.463+0000][7212][safepoint    ] Application time: 1.0001289 seconds
[2022-06-16T20:05:17.463+0000][7212][safepoint    ] Entering safepoint region: Cleanup
[2022-06-16T20:05:17.463+0000][7212][safepoint    ] Leaving safepoint region
[2022-06-16T20:05:17.463+0000][7212][safepoint    ] Total time for which application threads were stopped: 0.0001023 seconds, Stopping threads took: 0.0000224 seconds
[2022-06-16T20:05:18.463+0000][7212][safepoint    ] Application time: 1.0003943 seconds
[2022-06-16T20:05:18.463+0000][7212][safepoint    ] Entering safepoint region: Cleanup
[2022-06-16T20:05:18.463+0000][7212][safepoint    ] Leaving safepoint region
[2022-06-16T20:05:18.463+0000][7212][safepoint    ] Total time for which application threads were stopped: 0.0000991 seconds, Stopping threads took: 0.0000213 seconds
[2022-06-16T20:05:18.973+0000][7212][safepoint    ] Application time: 0.5092586 seconds
[2022-06-16T20:05:18.973+0000][7212][safepoint    ] Entering safepoint region: RevokeBias
[2022-06-16T20:05:18.973+0000][7212][safepoint    ] Leaving safepoint region
[2022-06-16T20:05:18.973+0000][7212][safepoint    ] Total time for which application threads were stopped: 0.0001017 seconds, Stopping threads took: 0.0000210 seconds
[2022-06-16T20:05:19.973+0000][7212][safepoint    ] Application time: 1.0005515 seconds
[2022-06-16T20:05:19.973+0000][7212][safepoint    ] Entering safepoint region: Cleanup
[2022-06-16T20:05:19.973+0000][7212][safepoint    ] Leaving safepoint region
[2022-06-16T20:05:19.973+0000][7212][safepoint    ] Total time for which application threads were stopped: 0.0001082 seconds, Stopping threads took: 0.0000230 seconds
[2022-06-16T20:05:20.145+0000][7212][safepoint    ] Application time: 0.1717462 seconds
[2022-06-16T20:05:20.145+0000][7212][safepoint    ] Entering safepoint region: RevokeBias
[2022-06-16T20:05:20.145+0000][7212][safepoint    ] Leaving safepoint region
[2022-06-16T20:05:20.145+0000][7212][safepoint    ] Total time for which application threads were stopped: 0.0001558 seconds, Stopping threads took: 0.0000371 seconds
[2022-06-16T20:05:20.150+0000][7212][safepoint    ] Application time: 0.0046853 seconds
[2022-06-16T20:05:20.150+0000][7212][safepoint    ] Entering safepoint region: RevokeBias
[2022-06-16T20:05:20.150+0000][7212][safepoint    ] Leaving safepoint region
[2022-06-16T20:05:20.150+0000][7212][safepoint    ] Total time for which application threads were stopped: 0.0000895 seconds, Stopping threads took: 0.0000173 seconds
[2022-06-16T20:05:20.152+0000][7212][safepoint    ] Application time: 0.0018449 seconds
[2022-06-16T20:05:20.152+0000][7212][safepoint    ] Entering safepoint region: RevokeBias
[2022-06-16T20:05:20.152+0000][7212][safepoint    ] Leaving safepoint region
[2022-06-16T20:05:20.152+0000][7212][safepoint    ] Total time for which application threads were stopped: 0.0001150 seconds, Stopping threads took: 0.0000537 seconds
[2022-06-16T20:05:20.152+0000][7212][safepoint    ] Application time: 0.0000312 seconds
[2022-06-16T20:05:20.152+0000][7212][safepoint    ] Entering safepoint region: RevokeBias
[2022-06-16T20:05:20.152+0000][7212][safepoint    ] Leaving safepoint region
[2022-06-16T20:05:20.152+0000][7212][safepoint    ] Total time for which application threads were stopped: 0.0001457 seconds, Stopping threads took: 0.0000993 seconds
[2022-06-16T20:05:20.152+0000][7212][safepoint    ] Application time: 0.0000356 seconds
[2022-06-16T20:05:20.152+0000][7212][safepoint    ] Entering safepoint region: RevokeBias
[2022-06-16T20:05:20.152+0000][7212][safepoint    ] Leaving safepoint region
[2022-06-16T20:05:20.152+0000][7212][safepoint    ] Total time for which application threads were stopped: 0.0000764 seconds, Stopping threads took: 0.0000196 seconds
[2022-06-16T20:05:20.153+0000][7212][safepoint    ] Application time: 0.0004709 seconds
[2022-06-16T20:05:20.153+0000][7212][safepoint    ] Entering safepoint region: RevokeBias
[2022-06-16T20:05:20.153+0000][7212][safepoint    ] Leaving safepoint region
[2022-06-16T20:05:20.153+0000][7212][safepoint    ] Total time for which application threads were stopped: 0.0000863 seconds, Stopping threads took: 0.0000398 seconds
[2022-06-16T20:05:20.153+0000][7212][safepoint    ] Application time: 0.0000292 seconds
[2022-06-16T20:05:20.153+0000][7212][safepoint    ] Entering safepoint region: RevokeBias
[2022-06-16T20:05:20.153+0000][7212][safepoint    ] Leaving safepoint region
[2022-06-16T20:05:20.153+0000][7212][safepoint    ] Total time for which application threads were stopped: 0.0000784 seconds, Stopping threads took: 0.0000186 seconds
[2022-06-16T20:05:20.153+0000][7212][safepoint    ] Application time: 0.0000337 seconds
[2022-06-16T20:05:20.153+0000][7212][safepoint    ] Entering safepoint region: RevokeBias
[2022-06-16T20:05:20.153+0000][7212][safepoint    ] Leaving safepoint region
[2022-06-16T20:05:20.153+0000][7212][safepoint    ] Total time for which application threads were stopped: 0.0000843 seconds, Stopping threads took: 0.0000449 seconds
[2022-06-16T20:05:20.153+0000][7212][safepoint    ] Application time: 0.0000399 seconds
[2022-06-16T20:05:20.153+0000][7212][safepoint    ] Entering safepoint region: RevokeBias
[2022-06-16T20:05:20.153+0000][7212][safepoint    ] Leaving safepoint region
[2022-06-16T20:05:20.153+0000][7212][safepoint    ] Total time for which application threads were stopped: 0.0000906 seconds, Stopping threads took: 0.0000345 seconds
[2022-06-16T20:05:20.219+0000][7212][safepoint    ] Application time: 0.0653476 seconds
[2022-06-16T20:05:20.219+0000][7212][safepoint    ] Entering safepoint region: RevokeBias
[2022-06-16T20:05:20.219+0000][7212][safepoint    ] Leaving safepoint region
[2022-06-16T20:05:20.219+0000][7212][safepoint    ] Total time for which application threads were stopped: 0.0000818 seconds, Stopping threads took: 0.0000200 seconds
[2022-06-16T20:05:20.267+0000][7212][safepoint    ] Application time: 0.0478382 seconds
[2022-06-16T20:05:20.267+0000][7212][safepoint    ] Entering safepoint region: BulkRevokeBias
[2022-06-16T20:05:20.267+0000][7212][safepoint    ] Leaving safepoint region
[2022-06-16T20:05:20.267+0000][7212][safepoint    ] Total time for which application threads were stopped: 0.0005135 seconds, Stopping threads took: 0.0000374 seconds
[2022-06-16T20:05:20.646+0000][7212][safepoint    ] Application time: 0.3787649 seconds
[2022-06-16T20:05:20.646+0000][7212][safepoint    ] Entering safepoint region: RevokeBias
[2022-06-16T20:05:20.646+0000][7212][safepoint    ] Leaving safepoint region
[2022-06-16T20:05:20.646+0000][7212][safepoint    ] Total time for which application threads were stopped: 0.0001617 seconds, Stopping threads took: 0.0000611 seconds
[2022-06-16T20:05:20.648+0000][7212][safepoint    ] Application time: 0.0018803 seconds
[2022-06-16T20:05:20.648+0000][7212][safepoint    ] Entering safepoint region: RevokeBias
[2022-06-16T20:05:20.648+0000][7212][safepoint    ] Leaving safepoint region
[2022-06-16T20:05:20.648+0000][7212][safepoint    ] Total time for which application threads were stopped: 0.0000776 seconds, Stopping threads took: 0.0000160 seconds
[2022-06-16T20:05:22.649+0000][7212][safepoint    ] Application time: 2.0003260 seconds
[2022-06-16T20:05:22.649+0000][7212][safepoint    ] Entering safepoint region: Cleanup
[2022-06-16T20:05:22.649+0000][7212][safepoint    ] Leaving safepoint region
[2022-06-16T20:05:22.649+0000][7212][safepoint    ] Total time for which application threads were stopped: 0.0000967 seconds, Stopping threads took: 0.0000215 seconds
[2022-06-16T20:05:24.649+0000][7212][safepoint    ] Application time: 1.9999701 seconds
[2022-06-16T20:05:24.649+0000][7212][safepoint    ] Entering safepoint region: Cleanup
[2022-06-16T20:05:24.649+0000][7212][safepoint    ] Leaving safepoint region
[2022-06-16T20:05:24.649+0000][7212][safepoint    ] Total time for which application threads were stopped: 0.0000949 seconds, Stopping threads took: 0.0000220 seconds
[2022-06-16T20:05:33.653+0000][7212][safepoint    ] Application time: 9.0033754 seconds
[2022-06-16T20:05:33.653+0000][7212][safepoint    ] Entering safepoint region: Cleanup
[2022-06-16T20:05:33.653+0000][7212][safepoint    ] Leaving safepoint region
[2022-06-16T20:05:33.653+0000][7212][safepoint    ] Total time for which application threads were stopped: 0.0000909 seconds, Stopping threads took: 0.0000226 seconds
[2022-06-16T20:05:39.656+0000][7212][safepoint    ] Application time: 6.0027154 seconds
[2022-06-16T20:05:39.656+0000][7212][safepoint    ] Entering safepoint region: Cleanup
[2022-06-16T20:05:39.656+0000][7212][safepoint    ] Leaving safepoint region
[2022-06-16T20:05:39.656+0000][7212][safepoint    ] Total time for which application threads were stopped: 0.0000868 seconds, Stopping threads took: 0.0000195 seconds
[2022-06-16T20:05:44.657+0000][7212][safepoint    ] Application time: 5.0011741 seconds
[2022-06-16T20:05:44.657+0000][7212][safepoint    ] Entering safepoint region: Cleanup
[2022-06-16T20:05:44.657+0000][7212][safepoint    ] Leaving safepoint region
[2022-06-16T20:05:44.657+0000][7212][safepoint    ] Total time for which application threads were stopped: 0.0000898 seconds, Stopping threads took: 0.0000203 seconds
[2022-06-16T20:05:47.659+0000][7212][safepoint    ] Application time: 3.0016361 seconds
[2022-06-16T20:05:47.659+0000][7212][safepoint    ] Entering safepoint region: Cleanup
[2022-06-16T20:05:47.659+0000][7212][safepoint    ] Leaving safepoint region
[2022-06-16T20:05:47.659+0000][7212][safepoint    ] Total time for which application threads were stopped: 0.0000940 seconds, Stopping threads took: 0.0000227 seconds
[2022-06-16T20:05:48.660+0000][7212][safepoint    ] Application time: 1.0004729 seconds
[2022-06-16T20:05:48.660+0000][7212][safepoint    ] Entering safepoint region: Cleanup
[2022-06-16T20:05:48.660+0000][7212][safepoint    ] Leaving safepoint region
[2022-06-16T20:05:48.660+0000][7212][safepoint    ] Total time for which application threads were stopped: 0.0000978 seconds, Stopping threads took: 0.0000245 seconds
[2022-06-16T20:05:49.661+0000][7212][safepoint    ] Application time: 1.0005470 seconds
[2022-06-16T20:05:49.661+0000][7212][safepoint    ] Entering safepoint region: Cleanup
[2022-06-16T20:05:49.661+0000][7212][safepoint    ] Leaving safepoint region
[2022-06-16T20:05:49.661+0000][7212][safepoint    ] Total time for which application threads were stopped: 0.0001243 seconds, Stopping threads took: 0.0000314 seconds
[2022-06-16T20:05:50.649+0000][7212][safepoint    ] Application time: 0.9896186 seconds
[2022-06-16T20:05:50.650+0000][7212][safepoint    ] Entering safepoint region: RevokeBias
[2022-06-16T20:05:50.650+0000][7212][safepoint    ] Leaving safepoint region
[2022-06-16T20:05:50.650+0000][7212][safepoint    ] Total time for which application threads were stopped: 0.0001952 seconds, Stopping threads took: 0.0000915 seconds
[2022-06-16T20:05:50.652+0000][7212][safepoint    ] Application time: 0.0018440 seconds
[2022-06-16T20:05:50.652+0000][7212][safepoint    ] Entering safepoint region: RevokeBias
[2022-06-16T20:05:50.652+0000][7212][safepoint    ] Leaving safepoint region
[2022-06-16T20:05:50.652+0000][7212][safepoint    ] Total time for which application threads were stopped: 0.0000694 seconds, Stopping threads took: 0.0000155 seconds
[2022-06-16T20:05:52.653+0000][7212][safepoint    ] Application time: 2.0008114 seconds
[2022-06-16T20:05:52.653+0000][7212][safepoint    ] Entering safepoint region: Cleanup
[2022-06-16T20:05:52.653+0000][7212][safepoint    ] Leaving safepoint region
[2022-06-16T20:05:52.653+0000][7212][safepoint    ] Total time for which application threads were stopped: 0.0001226 seconds, Stopping threads took: 0.0000293 seconds
[2022-06-16T20:05:54.654+0000][7212][safepoint    ] Application time: 2.0005045 seconds
[2022-06-16T20:05:54.654+0000][7212][safepoint    ] Entering safepoint region: Cleanup
[2022-06-16T20:05:54.654+0000][7212][safepoint    ] Leaving safepoint region
[2022-06-16T20:05:54.654+0000][7212][safepoint    ] Total time for which application threads were stopped: 0.0000929 seconds, Stopping threads took: 0.0000224 seconds
[2022-06-16T20:05:59.683+0000][7212][safepoint    ] Application time: 5.0285611 seconds
[2022-06-16T20:05:59.683+0000][7212][safepoint    ] Entering safepoint region: Cleanup
[2022-06-16T20:05:59.683+0000][7212][safepoint    ] Leaving safepoint region
[2022-06-16T20:05:59.683+0000][7212][safepoint    ] Total time for which application threads were stopped: 0.0000972 seconds, Stopping threads took: 0.0000234 seconds
[2022-06-16T20:06:14.061+0000][7212][safepoint    ] Application time: 14.3778291 seconds
[2022-06-16T20:06:14.061+0000][7212][safepoint    ] Entering safepoint region: RevokeBias
[2022-06-16T20:06:14.061+0000][7212][safepoint    ] Leaving safepoint region
[2022-06-16T20:06:14.061+0000][7212][safepoint    ] Total time for which application threads were stopped: 0.0001046 seconds, Stopping threads took: 0.0000200 seconds
[2022-06-16T20:06:15.061+0000][7212][safepoint    ] Application time: 0.9998858 seconds
[2022-06-16T20:06:15.061+0000][7212][safepoint    ] Entering safepoint region: Cleanup
[2022-06-16T20:06:15.061+0000][7212][safepoint    ] Leaving safepoint region
[2022-06-16T20:06:15.061+0000][7212][safepoint    ] Total time for which application threads were stopped: 0.0000926 seconds, Stopping threads took: 0.0000229 seconds
[2022-06-16T20:06:17.074+0000][7212][safepoint    ] Application time: 2.0129245 seconds
[2022-06-16T20:06:17.074+0000][7212][safepoint    ] Entering safepoint region: Cleanup
[2022-06-16T20:06:17.074+0000][7212][safepoint    ] Leaving safepoint region
[2022-06-16T20:06:17.074+0000][7212][safepoint    ] Total time for which application threads were stopped: 0.0000875 seconds, Stopping threads took: 0.0000208 seconds
[2022-06-16T20:06:18.079+0000][7212][safepoint    ] Application time: 1.0050960 seconds
[2022-06-16T20:06:18.079+0000][7212][safepoint    ] Entering safepoint region: Cleanup
[2022-06-16T20:06:18.079+0000][7212][safepoint    ] Leaving safepoint region
[2022-06-16T20:06:18.079+0000][7212][safepoint    ] Total time for which application threads were stopped: 0.0000945 seconds, Stopping threads took: 0.0000237 seconds
[2022-06-16T20:06:20.102+0000][7212][safepoint    ] Application time: 2.0225272 seconds
[2022-06-16T20:06:20.102+0000][7212][safepoint    ] Entering safepoint region: Cleanup
[2022-06-16T20:06:20.102+0000][7212][safepoint    ] Leaving safepoint region
[2022-06-16T20:06:20.102+0000][7212][safepoint    ] Total time for which application threads were stopped: 0.0000972 seconds, Stopping threads took: 0.0000246 seconds
[2022-06-16T20:06:20.668+0000][7212][safepoint    ] Application time: 0.5660885 seconds
[2022-06-16T20:06:20.668+0000][7212][safepoint    ] Entering safepoint region: RevokeBias
[2022-06-16T20:06:20.668+0000][7212][safepoint    ] Leaving safepoint region
[2022-06-16T20:06:20.668+0000][7212][safepoint    ] Total time for which application threads were stopped: 0.0001400 seconds, Stopping threads took: 0.0000324 seconds
[2022-06-16T20:06:20.668+0000][7212][safepoint    ] Application time: 0.0012283 seconds
[2022-06-16T20:06:20.668+0000][7212][safepoint    ] Entering safepoint region: RevokeBias
[2022-06-16T20:06:20.668+0000][7212][safepoint    ] Leaving safepoint region
[2022-06-16T20:06:20.668+0000][7212][safepoint    ] Total time for which application threads were stopped: 0.0000640 seconds, Stopping threads took: 0.0000158 seconds
[2022-06-16T20:06:30.701+0000][7212][safepoint    ] Application time: 10.0311365 seconds
[2022-06-16T20:06:30.701+0000][7212][safepoint    ] Entering safepoint region: Cleanup
[2022-06-16T20:06:30.701+0000][7212][safepoint    ] Leaving safepoint region
[2022-06-16T20:06:30.701+0000][7212][safepoint    ] Total time for which application threads were stopped: 0.0000947 seconds, Stopping threads took: 0.0000215 seconds
[2022-06-16T20:06:31.701+0000][7212][safepoint    ] Application time: 0.9999825 seconds
[2022-06-16T20:06:31.701+0000][7212][safepoint    ] Entering safepoint region: Cleanup
[2022-06-16T20:06:31.701+0000][7212][safepoint    ] Leaving safepoint region
[2022-06-16T20:06:31.701+0000][7212][safepoint    ] Total time for which application threads were stopped: 0.0000972 seconds, Stopping threads took: 0.0000222 seconds
[2022-06-16T20:06:35.717+0000][7212][safepoint    ] Application time: 4.0154124 seconds
[2022-06-16T20:06:35.717+0000][7212][safepoint    ] Entering safepoint region: Cleanup
[2022-06-16T20:06:35.717+0000][7212][safepoint    ] Leaving safepoint region
[2022-06-16T20:06:35.717+0000][7212][safepoint    ] Total time for which application threads were stopped: 0.0000946 seconds, Stopping threads took: 0.0000221 seconds
[2022-06-16T20:06:37.724+0000][7212][safepoint    ] Application time: 2.0067817 seconds
[2022-06-16T20:06:37.724+0000][7212][safepoint    ] Entering safepoint region: Cleanup
[2022-06-16T20:06:37.724+0000][7212][safepoint    ] Leaving safepoint region
[2022-06-16T20:06:37.724+0000][7212][safepoint    ] Total time for which application threads were stopped: 0.0000917 seconds, Stopping threads took: 0.0000225 seconds
[2022-06-16T20:06:39.736+0000][7212][safepoint    ] Application time: 2.0122012 seconds
[2022-06-16T20:06:39.736+0000][7212][safepoint    ] Entering safepoint region: Cleanup
[2022-06-16T20:06:39.736+0000][7212][safepoint    ] Leaving safepoint region
[2022-06-16T20:06:39.736+0000][7212][safepoint    ] Total time for which application threads were stopped: 0.0001001 seconds, Stopping threads took: 0.0000236 seconds
[2022-06-16T20:06:40.736+0000][7212][safepoint    ] Application time: 0.9999418 seconds
[2022-06-16T20:06:40.736+0000][7212][safepoint    ] Entering safepoint region: Cleanup
[2022-06-16T20:06:40.736+0000][7212][safepoint    ] Leaving safepoint region
[2022-06-16T20:06:40.736+0000][7212][safepoint    ] Total time for which application threads were stopped: 0.0000974 seconds, Stopping threads took: 0.0000227 seconds
[2022-06-16T20:06:46.774+0000][7212][safepoint    ] Application time: 6.0372921 seconds
[2022-06-16T20:06:46.774+0000][7212][safepoint    ] Entering safepoint region: Cleanup
[2022-06-16T20:06:46.774+0000][7212][safepoint    ] Leaving safepoint region
[2022-06-16T20:06:46.774+0000][7212][safepoint    ] Total time for which application threads were stopped: 0.0001694 seconds, Stopping threads took: 0.0000326 seconds
[2022-06-16T20:06:49.797+0000][7212][safepoint    ] Application time: 3.0233238 seconds
[2022-06-16T20:06:49.797+0000][7212][safepoint    ] Entering safepoint region: Cleanup
[2022-06-16T20:06:49.797+0000][7212][safepoint    ] Leaving safepoint region
[2022-06-16T20:06:49.797+0000][7212][safepoint    ] Total time for which application threads were stopped: 0.0001130 seconds, Stopping threads took: 0.0000330 seconds
[2022-06-16T20:06:50.671+0000][7212][safepoint    ] Application time: 0.8739710 seconds
[2022-06-16T20:06:50.671+0000][7212][safepoint    ] Entering safepoint region: RevokeBias
[2022-06-16T20:06:50.672+0000][7212][safepoint    ] Leaving safepoint region
[2022-06-16T20:06:50.672+0000][7212][safepoint    ] Total time for which application threads were stopped: 0.0001376 seconds, Stopping threads took: 0.0000348 seconds
[2022-06-16T20:06:50.675+0000][7212][safepoint    ] Application time: 0.0031354 seconds
[2022-06-16T20:06:50.675+0000][7212][safepoint    ] Entering safepoint region: RevokeBias
[2022-06-16T20:06:50.675+0000][7212][safepoint    ] Leaving safepoint region
[2022-06-16T20:06:50.675+0000][7212][safepoint    ] Total time for which application threads were stopped: 0.0001267 seconds, Stopping threads took: 0.0000445 seconds
[2022-06-16T20:06:58.740+0000][7212][safepoint    ] Application time: 8.0659726 seconds
[2022-06-16T20:06:58.741+0000][7212][safepoint    ] Entering safepoint region: RevokeBias
[2022-06-16T20:06:58.741+0000][7212][safepoint    ] Leaving safepoint region
[2022-06-16T20:06:58.741+0000][7212][safepoint    ] Total time for which application threads were stopped: 0.0000841 seconds, Stopping threads took: 0.0000188 seconds
[2022-06-16T20:06:58.741+0000][7212][safepoint    ] Application time: 0.0004850 seconds
[2022-06-16T20:06:58.741+0000][7212][safepoint    ] Entering safepoint region: Deoptimize
[2022-06-16T20:06:58.742+0000][7212][safepoint    ] Leaving safepoint region
[2022-06-16T20:06:58.742+0000][7212][safepoint    ] Total time for which application threads were stopped: 0.0008647 seconds, Stopping threads took: 0.0000148 seconds
[2022-06-16T20:06:58.744+0000][7212][safepoint    ] Application time: 0.0017402 seconds
[2022-06-16T20:06:58.744+0000][7212][safepoint    ] Entering safepoint region: RevokeBias
[2022-06-16T20:06:58.744+0000][7212][safepoint    ] Leaving safepoint region
[2022-06-16T20:06:58.744+0000][7212][safepoint    ] Total time for which application threads were stopped: 0.0000780 seconds, Stopping threads took: 0.0000271 seconds
[2022-06-16T20:06:58.744+0000][7212][safepoint    ] Application time: 0.0000473 seconds
[2022-06-16T20:06:58.744+0000][7212][safepoint    ] Entering safepoint region: RevokeBias
[2022-06-16T20:06:58.744+0000][7212][safepoint    ] Leaving safepoint region
[2022-06-16T20:06:58.744+0000][7212][safepoint    ] Total time for which application threads were stopped: 0.0000535 seconds, Stopping threads took: 0.0000225 seconds
[2022-06-16T20:06:58.744+0000][7212][safepoint    ] Application time: 0.0001980 seconds
[2022-06-16T20:06:58.744+0000][7212][safepoint    ] Entering safepoint region: RevokeBias
[2022-06-16T20:06:58.744+0000][7212][safepoint    ] Leaving safepoint region
[2022-06-16T20:06:58.744+0000][7212][safepoint    ] Total time for which application threads were stopped: 0.0000819 seconds, Stopping threads took: 0.0000423 seconds
[2022-06-16T20:06:58.744+0000][7212][safepoint    ] Application time: 0.0000979 seconds
[2022-06-16T20:06:58.744+0000][7212][safepoint    ] Entering safepoint region: RevokeBias
[2022-06-16T20:06:58.745+0000][7212][safepoint    ] Leaving safepoint region
[2022-06-16T20:06:58.745+0000][7212][safepoint    ] Total time for which application threads were stopped: 0.0000854 seconds, Stopping threads took: 0.0000447 seconds
[2022-06-16T20:06:58.746+0000][7212][safepoint    ] Application time: 0.0012566 seconds
[2022-06-16T20:06:58.746+0000][7212][safepoint    ] Entering safepoint region: RevokeBias
[2022-06-16T20:06:58.746+0000][7212][safepoint    ] Leaving safepoint region
[2022-06-16T20:06:58.746+0000][7212][safepoint    ] Total time for which application threads were stopped: 0.0000770 seconds, Stopping threads took: 0.0000197 seconds
[2022-06-16T20:06:58.746+0000][7212][safepoint    ] Application time: 0.0004500 seconds
[2022-06-16T20:06:58.746+0000][7212][safepoint    ] Entering safepoint region: RevokeBias
[2022-06-16T20:06:58.746+0000][7212][safepoint    ] Leaving safepoint region
[2022-06-16T20:06:58.746+0000][7212][safepoint    ] Total time for which application threads were stopped: 0.0000486 seconds, Stopping threads took: 0.0000131 seconds
[2022-06-16T20:06:58.747+0000][7212][safepoint    ] Application time: 0.0005477 seconds
[2022-06-16T20:06:58.747+0000][7212][safepoint    ] Entering safepoint region: RevokeBias
[2022-06-16T20:06:58.747+0000][7212][safepoint    ] Leaving safepoint region
[2022-06-16T20:06:58.747+0000][7212][safepoint    ] Total time for which application threads were stopped: 0.0000889 seconds, Stopping threads took: 0.0000501 seconds
[2022-06-16T20:06:58.747+0000][7212][safepoint    ] Application time: 0.0002935 seconds
[2022-06-16T20:06:58.747+0000][7212][safepoint    ] Entering safepoint region: RevokeBias
[2022-06-16T20:06:58.748+0000][7212][safepoint    ] Leaving safepoint region
[2022-06-16T20:06:58.748+0000][7212][safepoint    ] Total time for which application threads were stopped: 0.0000604 seconds, Stopping threads took: 0.0000136 seconds
[2022-06-16T20:06:58.748+0000][7212][safepoint    ] Application time: 0.0000407 seconds
[2022-06-16T20:06:58.748+0000][7212][safepoint    ] Entering safepoint region: RevokeBias
[2022-06-16T20:06:58.748+0000][7212][safepoint    ] Leaving safepoint region
[2022-06-16T20:06:58.748+0000][7212][safepoint    ] Total time for which application threads were stopped: 0.0000396 seconds, Stopping threads took: 0.0000126 seconds
[2022-06-16T20:06:58.748+0000][7212][safepoint    ] Application time: 0.0000322 seconds
[2022-06-16T20:06:58.748+0000][7212][safepoint    ] Entering safepoint region: RevokeBias
[2022-06-16T20:06:58.748+0000][7212][safepoint    ] Leaving safepoint region
[2022-06-16T20:06:58.748+0000][7212][safepoint    ] Total time for which application threads were stopped: 0.0000368 seconds, Stopping threads took: 0.0000118 seconds
[2022-06-16T20:06:58.748+0000][7212][safepoint    ] Application time: 0.0000313 seconds
[2022-06-16T20:06:58.748+0000][7212][safepoint    ] Entering safepoint region: RevokeBias
[2022-06-16T20:06:58.748+0000][7212][safepoint    ] Leaving safepoint region
[2022-06-16T20:06:58.748+0000][7212][safepoint    ] Total time for which application threads were stopped: 0.0000364 seconds, Stopping threads took: 0.0000117 seconds
[2022-06-16T20:06:58.748+0000][7212][safepoint    ] Application time: 0.0003439 seconds
[2022-06-16T20:06:58.748+0000][7212][safepoint    ] Entering safepoint region: RevokeBias
[2022-06-16T20:06:58.748+0000][7212][safepoint    ] Leaving safepoint region
[2022-06-16T20:06:58.748+0000][7212][safepoint    ] Total time for which application threads were stopped: 0.0000583 seconds, Stopping threads took: 0.0000237 seconds
[2022-06-16T20:06:58.748+0000][7212][safepoint    ] Application time: 0.0000331 seconds
[2022-06-16T20:06:58.748+0000][7212][safepoint    ] Entering safepoint region: RevokeBias
[2022-06-16T20:06:58.748+0000][7212][safepoint    ] Leaving safepoint region
[2022-06-16T20:06:58.748+0000][7212][safepoint    ] Total time for which application threads were stopped: 0.0000492 seconds, Stopping threads took: 0.0000211 seconds
[2022-06-16T20:06:58.748+0000][7212][safepoint    ] Application time: 0.0000394 seconds
[2022-06-16T20:06:58.749+0000][7212][safepoint    ] Entering safepoint region: RevokeBias
[2022-06-16T20:06:58.749+0000][7212][safepoint    ] Leaving safepoint region
[2022-06-16T20:06:58.749+0000][7212][safepoint    ] Total time for which application threads were stopped: 0.0000635 seconds, Stopping threads took: 0.0000214 seconds
[2022-06-16T20:06:58.749+0000][7212][safepoint    ] Application time: 0.0001316 seconds
[2022-06-16T20:06:58.749+0000][7212][safepoint    ] Entering safepoint region: RevokeBias
[2022-06-16T20:06:58.749+0000][7212][safepoint    ] Leaving safepoint region
[2022-06-16T20:06:58.749+0000][7212][safepoint    ] Total time for which application threads were stopped: 0.0000642 seconds, Stopping threads took: 0.0000220 seconds
[2022-06-16T20:06:58.749+0000][7212][safepoint    ] Application time: 0.0000797 seconds
[2022-06-16T20:06:58.749+0000][7212][safepoint    ] Entering safepoint region: RevokeBias
[2022-06-16T20:06:58.749+0000][7212][safepoint    ] Leaving safepoint region
[2022-06-16T20:06:58.749+0000][7212][safepoint    ] Total time for which application threads were stopped: 0.0000422 seconds, Stopping threads took: 0.0000129 seconds
[2022-06-16T20:06:58.749+0000][7212][safepoint    ] Application time: 0.0000318 seconds
[2022-06-16T20:06:58.749+0000][7212][safepoint    ] Entering safepoint region: RevokeBias
[2022-06-16T20:06:58.749+0000][7212][safepoint    ] Leaving safepoint region
[2022-06-16T20:06:58.749+0000][7212][safepoint    ] Total time for which application threads were stopped: 0.0000375 seconds, Stopping threads took: 0.0000118 seconds
[2022-06-16T20:06:58.749+0000][7212][safepoint    ] Application time: 0.0000122 seconds
[2022-06-16T20:06:58.749+0000][7212][safepoint    ] Entering safepoint region: RevokeBias
[2022-06-16T20:06:58.749+0000][7212][safepoint    ] Leaving safepoint region
[2022-06-16T20:06:58.749+0000][7212][safepoint    ] Total time for which application threads were stopped: 0.0000328 seconds, Stopping threads took: 0.0000107 seconds
[2022-06-16T20:06:58.749+0000][7212][safepoint    ] Application time: 0.0001860 seconds
[2022-06-16T20:06:58.749+0000][7212][safepoint    ] Entering safepoint region: RevokeBias
[2022-06-16T20:06:58.749+0000][7212][safepoint    ] Leaving safepoint region
[2022-06-16T20:06:58.749+0000][7212][safepoint    ] Total time for which application threads were stopped: 0.0000583 seconds, Stopping threads took: 0.0000174 seconds
[2022-06-16T20:06:58.749+0000][7212][safepoint    ] Application time: 0.0000161 seconds
[2022-06-16T20:06:58.750+0000][7212][safepoint    ] Entering safepoint region: RevokeBias
[2022-06-16T20:06:58.750+0000][7212][safepoint    ] Leaving safepoint region
[2022-06-16T20:06:58.750+0000][7212][safepoint    ] Total time for which application threads were stopped: 0.0000649 seconds, Stopping threads took: 0.0000312 seconds
[2022-06-16T20:06:58.750+0000][7212][safepoint    ] Application time: 0.0001522 seconds
[2022-06-16T20:06:58.750+0000][7212][safepoint    ] Entering safepoint region: RevokeBias
[2022-06-16T20:06:58.750+0000][7212][safepoint    ] Leaving safepoint region
[2022-06-16T20:06:58.750+0000][7212][safepoint    ] Total time for which application threads were stopped: 0.0000402 seconds, Stopping threads took: 0.0000127 seconds
[2022-06-16T20:06:58.750+0000][7212][safepoint    ] Application time: 0.0000320 seconds
[2022-06-16T20:06:58.750+0000][7212][safepoint    ] Entering safepoint region: RevokeBias
[2022-06-16T20:06:58.750+0000][7212][safepoint    ] Leaving safepoint region
[2022-06-16T20:06:58.750+0000][7212][safepoint    ] Total time for which application threads were stopped: 0.0000496 seconds, Stopping threads took: 0.0000143 seconds
[2022-06-16T20:06:58.750+0000][7212][safepoint    ] Application time: 0.0000342 seconds
[2022-06-16T20:06:58.750+0000][7212][safepoint    ] Entering safepoint region: RevokeBias
[2022-06-16T20:06:58.750+0000][7212][safepoint    ] Leaving safepoint region
[2022-06-16T20:06:58.750+0000][7212][safepoint    ] Total time for which application threads were stopped: 0.0000499 seconds, Stopping threads took: 0.0000166 seconds
[2022-06-16T20:06:58.750+0000][7212][safepoint    ] Application time: 0.0000349 seconds
[2022-06-16T20:06:58.750+0000][7212][safepoint    ] Entering safepoint region: RevokeBias
[2022-06-16T20:06:58.750+0000][7212][safepoint    ] Leaving safepoint region
[2022-06-16T20:06:58.750+0000][7212][safepoint    ] Total time for which application threads were stopped: 0.0000377 seconds, Stopping threads took: 0.0000120 seconds
[2022-06-16T20:06:58.750+0000][7212][safepoint    ] Application time: 0.0000409 seconds
[2022-06-16T20:06:58.750+0000][7212][safepoint    ] Entering safepoint region: RevokeBias
[2022-06-16T20:06:58.750+0000][7212][safepoint    ] Leaving safepoint region
[2022-06-16T20:06:58.750+0000][7212][safepoint    ] Total time for which application threads were stopped: 0.0000365 seconds, Stopping threads took: 0.0000118 seconds
[2022-06-16T20:06:58.750+0000][7212][safepoint    ] Application time: 0.0000418 seconds
[2022-06-16T20:06:58.750+0000][7212][safepoint    ] Entering safepoint region: RevokeBias
[2022-06-16T20:06:58.750+0000][7212][safepoint    ] Leaving safepoint region
[2022-06-16T20:06:58.750+0000][7212][safepoint    ] Total time for which application threads were stopped: 0.0000370 seconds, Stopping threads took: 0.0000123 seconds
[2022-06-16T20:06:58.750+0000][7212][safepoint    ] Application time: 0.0000339 seconds
[2022-06-16T20:06:58.750+0000][7212][safepoint    ] Entering safepoint region: RevokeBias
[2022-06-16T20:06:58.750+0000][7212][safepoint    ] Leaving safepoint region
[2022-06-16T20:06:58.750+0000][7212][safepoint    ] Total time for which application threads were stopped: 0.0000362 seconds, Stopping threads took: 0.0000119 seconds
[2022-06-16T20:06:58.751+0000][7212][safepoint    ] Application time: 0.0003125 seconds
[2022-06-16T20:06:58.751+0000][7212][safepoint    ] Entering safepoint region: RevokeBias
[2022-06-16T20:06:58.751+0000][7212][safepoint    ] Leaving safepoint region
[2022-06-16T20:06:58.751+0000][7212][safepoint    ] Total time for which application threads were stopped: 0.0000446 seconds, Stopping threads took: 0.0000135 seconds
[2022-06-16T20:06:58.751+0000][7212][safepoint    ] Application time: 0.0000399 seconds
[2022-06-16T20:06:58.751+0000][7212][safepoint    ] Entering safepoint region: BulkRevokeBias
[2022-06-16T20:06:58.751+0000][7212][safepoint    ] Leaving safepoint region
[2022-06-16T20:06:58.751+0000][7212][safepoint    ] Total time for which application threads were stopped: 0.0002375 seconds, Stopping threads took: 0.0000123 seconds
[2022-06-16T20:06:58.752+0000][7212][safepoint    ] Application time: 0.0006682 seconds
[2022-06-16T20:06:58.752+0000][7212][safepoint    ] Entering safepoint region: RevokeBias
[2022-06-16T20:06:58.752+0000][7212][safepoint    ] Leaving safepoint region
[2022-06-16T20:06:58.752+0000][7212][safepoint    ] Total time for which application threads were stopped: 0.0000889 seconds, Stopping threads took: 0.0000516 seconds
[2022-06-16T20:06:58.752+0000][7212][safepoint    ] Application time: 0.0001835 seconds
[2022-06-16T20:06:58.752+0000][7212][safepoint    ] Entering safepoint region: RevokeBias
[2022-06-16T20:06:58.752+0000][7212][safepoint    ] Leaving safepoint region
[2022-06-16T20:06:58.752+0000][7212][safepoint    ] Total time for which application threads were stopped: 0.0002654 seconds, Stopping threads took: 0.0002300 seconds
[2022-06-16T20:06:58.756+0000][7212][safepoint    ] Application time: 0.0036731 seconds
[2022-06-16T20:06:58.756+0000][7212][safepoint    ] Entering safepoint region: RevokeBias
[2022-06-16T20:06:58.756+0000][7212][safepoint    ] Leaving safepoint region
[2022-06-16T20:06:58.756+0000][7212][safepoint    ] Total time for which application threads were stopped: 0.0001426 seconds, Stopping threads took: 0.0001003 seconds
[2022-06-16T20:06:58.758+0000][7212][safepoint    ] Application time: 0.0013958 seconds
[2022-06-16T20:06:58.758+0000][7212][safepoint    ] Entering safepoint region: RevokeBias
[2022-06-16T20:06:58.758+0000][7212][safepoint    ] Leaving safepoint region
[2022-06-16T20:06:58.758+0000][7212][safepoint    ] Total time for which application threads were stopped: 0.0000534 seconds, Stopping threads took: 0.0000156 seconds
[2022-06-16T20:06:58.758+0000][7212][safepoint    ] Application time: 0.0000334 seconds
[2022-06-16T20:06:58.758+0000][7212][safepoint    ] Entering safepoint region: RevokeBias
[2022-06-16T20:06:58.758+0000][7212][safepoint    ] Leaving safepoint region
[2022-06-16T20:06:58.758+0000][7212][safepoint    ] Total time for which application threads were stopped: 0.0000372 seconds, Stopping threads took: 0.0000117 seconds
[2022-06-16T20:06:58.758+0000][7212][safepoint    ] Application time: 0.0001918 seconds
[2022-06-16T20:06:58.758+0000][7212][safepoint    ] Entering safepoint region: RevokeBias
[2022-06-16T20:06:58.758+0000][7212][safepoint    ] Leaving safepoint region
[2022-06-16T20:06:58.758+0000][7212][safepoint    ] Total time for which application threads were stopped: 0.0000417 seconds, Stopping threads took: 0.0000121 seconds
[2022-06-16T20:06:58.758+0000][7212][safepoint    ] Application time: 0.0000393 seconds
[2022-06-16T20:06:58.758+0000][7212][safepoint    ] Entering safepoint region: RevokeBias
[2022-06-16T20:06:58.758+0000][7212][safepoint    ] Leaving safepoint region
[2022-06-16T20:06:58.758+0000][7212][safepoint    ] Total time for which application threads were stopped: 0.0000371 seconds, Stopping threads took: 0.0000117 seconds
[2022-06-16T20:06:58.758+0000][7212][safepoint    ] Application time: 0.0001415 seconds
[2022-06-16T20:06:58.758+0000][7212][safepoint    ] Entering safepoint region: RevokeBias
[2022-06-16T20:06:58.759+0000][7212][safepoint    ] Leaving safepoint region
[2022-06-16T20:06:58.759+0000][7212][safepoint    ] Total time for which application threads were stopped: 0.0000545 seconds, Stopping threads took: 0.0000116 seconds
[2022-06-16T20:06:58.759+0000][7212][safepoint    ] Application time: 0.0002774 seconds
[2022-06-16T20:06:58.759+0000][7212][safepoint    ] Entering safepoint region: RevokeBias
[2022-06-16T20:06:58.759+0000][7212][safepoint    ] Leaving safepoint region
[2022-06-16T20:06:58.759+0000][7212][safepoint    ] Total time for which application threads were stopped: 0.0000437 seconds, Stopping threads took: 0.0000126 seconds
[2022-06-16T20:06:58.759+0000][7212][safepoint    ] Application time: 0.0000403 seconds
[2022-06-16T20:06:58.759+0000][7212][safepoint    ] Entering safepoint region: RevokeBias
[2022-06-16T20:06:58.759+0000][7212][safepoint    ] Leaving safepoint region
[2022-06-16T20:06:58.759+0000][7212][safepoint    ] Total time for which application threads were stopped: 0.0000391 seconds, Stopping threads took: 0.0000116 seconds
[2022-06-16T20:06:58.759+0000][7212][safepoint    ] Application time: 0.0000415 seconds
[2022-06-16T20:06:58.759+0000][7212][safepoint    ] Entering safepoint region: RevokeBias
[2022-06-16T20:06:58.759+0000][7212][safepoint    ] Leaving safepoint region
[2022-06-16T20:06:58.759+0000][7212][safepoint    ] Total time for which application threads were stopped: 0.0000362 seconds, Stopping threads took: 0.0000114 seconds
[2022-06-16T20:06:58.759+0000][7212][safepoint    ] Application time: 0.0000402 seconds
[2022-06-16T20:06:58.759+0000][7212][safepoint    ] Entering safepoint region: RevokeBias
[2022-06-16T20:06:58.759+0000][7212][safepoint    ] Leaving safepoint region
[2022-06-16T20:06:58.759+0000][7212][safepoint    ] Total time for which application threads were stopped: 0.0000379 seconds, Stopping threads took: 0.0000114 seconds
[2022-06-16T20:06:58.759+0000][7212][safepoint    ] Application time: 0.0000680 seconds
[2022-06-16T20:06:58.759+0000][7212][safepoint    ] Entering safepoint region: RevokeBias
[2022-06-16T20:06:58.759+0000][7212][safepoint    ] Leaving safepoint region
[2022-06-16T20:06:58.759+0000][7212][safepoint    ] Total time for which application threads were stopped: 0.0000368 seconds, Stopping threads took: 0.0000116 seconds
[2022-06-16T20:06:58.759+0000][7212][safepoint    ] Application time: 0.0000295 seconds
[2022-06-16T20:06:58.759+0000][7212][safepoint    ] Entering safepoint region: RevokeBias
[2022-06-16T20:06:58.759+0000][7212][safepoint    ] Leaving safepoint region
[2022-06-16T20:06:58.759+0000][7212][safepoint    ] Total time for which application threads were stopped: 0.0000358 seconds, Stopping threads took: 0.0000114 seconds
[2022-06-16T20:06:58.768+0000][7212][safepoint    ] Application time: 0.0090335 seconds
[2022-06-16T20:06:58.769+0000][7212][safepoint    ] Entering safepoint region: RevokeBias
[2022-06-16T20:06:58.769+0000][7212][safepoint    ] Leaving safepoint region
[2022-06-16T20:06:58.769+0000][7212][safepoint    ] Total time for which application threads were stopped: 0.0004708 seconds, Stopping threads took: 0.0004162 seconds
[2022-06-16T20:06:58.769+0000][7212][safepoint    ] Application time: 0.0003522 seconds
[2022-06-16T20:06:58.769+0000][7212][safepoint    ] Entering safepoint region: RevokeBias
[2022-06-16T20:06:58.769+0000][7212][safepoint    ] Leaving safepoint region
[2022-06-16T20:06:58.769+0000][7212][safepoint    ] Total time for which application threads were stopped: 0.0000650 seconds, Stopping threads took: 0.0000198 seconds
[2022-06-16T20:06:58.770+0000][7212][safepoint    ] Application time: 0.0000295 seconds
[2022-06-16T20:06:58.770+0000][7212][safepoint    ] Entering safepoint region: RevokeBias
[2022-06-16T20:06:58.770+0000][7212][safepoint    ] Leaving safepoint region
[2022-06-16T20:06:58.770+0000][7212][safepoint    ] Total time for which application threads were stopped: 0.0000558 seconds, Stopping threads took: 0.0000175 seconds
[2022-06-16T20:06:58.770+0000][7212][safepoint    ] Application time: 0.0003384 seconds
[2022-06-16T20:06:58.770+0000][7212][safepoint    ] Entering safepoint region: RevokeBias
[2022-06-16T20:06:58.770+0000][7212][safepoint    ] Leaving safepoint region
[2022-06-16T20:06:58.770+0000][7212][safepoint    ] Total time for which application threads were stopped: 0.0001008 seconds, Stopping threads took: 0.0000400 seconds
[2022-06-16T20:06:58.770+0000][7212][safepoint    ] Application time: 0.0002992 seconds
[2022-06-16T20:06:58.770+0000][7212][safepoint    ] Entering safepoint region: RevokeBias
[2022-06-16T20:06:58.770+0000][7212][safepoint    ] Leaving safepoint region
[2022-06-16T20:06:58.771+0000][7212][safepoint    ] Total time for which application threads were stopped: 0.0000786 seconds, Stopping threads took: 0.0000270 seconds
[2022-06-16T20:06:58.771+0000][7212][safepoint    ] Application time: 0.0000265 seconds
[2022-06-16T20:06:58.771+0000][7212][safepoint    ] Entering safepoint region: RevokeBias
[2022-06-16T20:06:58.771+0000][7212][safepoint    ] Leaving safepoint region
[2022-06-16T20:06:58.771+0000][7212][safepoint    ] Total time for which application threads were stopped: 0.0000773 seconds, Stopping threads took: 0.0000262 seconds
[2022-06-16T20:06:58.771+0000][7212][safepoint    ] Application time: 0.0000500 seconds
[2022-06-16T20:06:58.771+0000][7212][safepoint    ] Entering safepoint region: RevokeBias
[2022-06-16T20:06:58.771+0000][7212][safepoint    ] Leaving safepoint region
[2022-06-16T20:06:58.771+0000][7212][safepoint    ] Total time for which application threads were stopped: 0.0000910 seconds, Stopping threads took: 0.0000299 seconds
[2022-06-16T20:06:58.771+0000][7212][safepoint    ] Application time: 0.0000301 seconds
[2022-06-16T20:06:58.771+0000][7212][safepoint    ] Entering safepoint region: RevokeBias
[2022-06-16T20:06:58.771+0000][7212][safepoint    ] Leaving safepoint region
[2022-06-16T20:06:58.771+0000][7212][safepoint    ] Total time for which application threads were stopped: 0.0000542 seconds, Stopping threads took: 0.0000186 seconds
[2022-06-16T20:06:58.771+0000][7212][safepoint    ] Application time: 0.0000187 seconds
[2022-06-16T20:06:58.771+0000][7212][safepoint    ] Entering safepoint region: RevokeBias
[2022-06-16T20:06:58.771+0000][7212][safepoint    ] Leaving safepoint region
[2022-06-16T20:06:58.771+0000][7212][safepoint    ] Total time for which application threads were stopped: 0.0000652 seconds, Stopping threads took: 0.0000142 seconds
[2022-06-16T20:06:58.771+0000][7212][safepoint    ] Application time: 0.0000129 seconds
[2022-06-16T20:06:58.771+0000][7212][safepoint    ] Entering safepoint region: RevokeBias
[2022-06-16T20:06:58.771+0000][7212][safepoint    ] Leaving safepoint region
[2022-06-16T20:06:58.771+0000][7212][safepoint    ] Total time for which application threads were stopped: 0.0001349 seconds, Stopping threads took: 0.0000702 seconds
[2022-06-16T20:06:58.771+0000][7212][safepoint    ] Application time: 0.0001528 seconds
[2022-06-16T20:06:58.771+0000][7212][safepoint    ] Entering safepoint region: RevokeBias
[2022-06-16T20:06:58.771+0000][7212][safepoint    ] Leaving safepoint region
[2022-06-16T20:06:58.772+0000][7212][safepoint    ] Total time for which application threads were stopped: 0.0001043 seconds, Stopping threads took: 0.0000370 seconds
[2022-06-16T20:06:58.772+0000][7212][safepoint    ] Application time: 0.0000214 seconds
[2022-06-16T20:06:58.772+0000][7212][safepoint    ] Entering safepoint region: RevokeBias
[2022-06-16T20:06:58.772+0000][7212][safepoint    ] Leaving safepoint region
[2022-06-16T20:06:58.772+0000][7212][safepoint    ] Total time for which application threads were stopped: 0.0000725 seconds, Stopping threads took: 0.0000310 seconds
[2022-06-16T20:06:58.772+0000][7212][safepoint    ] Application time: 0.0000742 seconds
[2022-06-16T20:06:58.772+0000][7212][safepoint    ] Entering safepoint region: RevokeBias
[2022-06-16T20:06:58.772+0000][7212][safepoint    ] Leaving safepoint region
[2022-06-16T20:06:58.772+0000][7212][safepoint    ] Total time for which application threads were stopped: 0.0000702 seconds, Stopping threads took: 0.0000201 seconds
[2022-06-16T20:06:58.772+0000][7212][safepoint    ] Application time: 0.0000213 seconds
[2022-06-16T20:06:58.772+0000][7212][safepoint    ] Entering safepoint region: RevokeBias
[2022-06-16T20:06:58.772+0000][7212][safepoint    ] Leaving safepoint region
[2022-06-16T20:06:58.772+0000][7212][safepoint    ] Total time for which application threads were stopped: 0.0000552 seconds, Stopping threads took: 0.0000195 seconds
[2022-06-16T20:06:58.772+0000][7212][safepoint    ] Application time: 0.0000287 seconds
[2022-06-16T20:06:58.772+0000][7212][safepoint    ] Entering safepoint region: RevokeBias
[2022-06-16T20:06:58.772+0000][7212][safepoint    ] Leaving safepoint region
[2022-06-16T20:06:58.772+0000][7212][safepoint    ] Total time for which application threads were stopped: 0.0000883 seconds, Stopping threads took: 0.0000381 seconds
[2022-06-16T20:06:58.772+0000][7212][safepoint    ] Application time: 0.0002460 seconds
[2022-06-16T20:06:58.772+0000][7212][safepoint    ] Entering safepoint region: RevokeBias
[2022-06-16T20:06:58.772+0000][7212][safepoint    ] Leaving safepoint region
[2022-06-16T20:06:58.772+0000][7212][safepoint    ] Total time for which application threads were stopped: 0.0000657 seconds, Stopping threads took: 0.0000179 seconds
[2022-06-16T20:06:58.772+0000][7212][safepoint    ] Application time: 0.0000268 seconds
[2022-06-16T20:06:58.772+0000][7212][safepoint    ] Entering safepoint region: RevokeBias
[2022-06-16T20:06:58.773+0000][7212][safepoint    ] Leaving safepoint region
[2022-06-16T20:06:58.773+0000][7212][safepoint    ] Total time for which application threads were stopped: 0.0000717 seconds, Stopping threads took: 0.0000196 seconds
[2022-06-16T20:06:58.773+0000][7212][safepoint    ] Application time: 0.0000448 seconds
[2022-06-16T20:06:58.773+0000][7212][safepoint    ] Entering safepoint region: RevokeBias
[2022-06-16T20:06:58.773+0000][7212][safepoint    ] Leaving safepoint region
[2022-06-16T20:06:58.773+0000][7212][safepoint    ] Total time for which application threads were stopped: 0.0000660 seconds, Stopping threads took: 0.0000160 seconds
[2022-06-16T20:06:58.773+0000][7212][safepoint    ] Application time: 0.0000229 seconds
[2022-06-16T20:06:58.773+0000][7212][safepoint    ] Entering safepoint region: RevokeBias
[2022-06-16T20:06:58.773+0000][7212][safepoint    ] Leaving safepoint region
[2022-06-16T20:06:58.773+0000][7212][safepoint    ] Total time for which application threads were stopped: 0.0000544 seconds, Stopping threads took: 0.0000158 seconds
[2022-06-16T20:06:58.774+0000][7212][safepoint    ] Application time: 0.0013831 seconds
[2022-06-16T20:06:58.775+0000][7212][safepoint    ] Entering safepoint region: RevokeBias
[2022-06-16T20:06:58.775+0000][7212][safepoint    ] Leaving safepoint region
[2022-06-16T20:06:58.775+0000][7212][safepoint    ] Total time for which application threads were stopped: 0.0009954 seconds, Stopping threads took: 0.0009237 seconds
[2022-06-16T20:06:58.775+0000][7212][safepoint    ] Application time: 0.0000865 seconds
[2022-06-16T20:06:58.775+0000][7212][safepoint    ] Entering safepoint region: RevokeBias
[2022-06-16T20:06:58.775+0000][7212][safepoint    ] Leaving safepoint region
[2022-06-16T20:06:58.775+0000][7212][safepoint    ] Total time for which application threads were stopped: 0.0000673 seconds, Stopping threads took: 0.0000175 seconds
[2022-06-16T20:06:58.775+0000][7212][safepoint    ] Application time: 0.0000202 seconds
[2022-06-16T20:06:58.775+0000][7212][safepoint    ] Entering safepoint region: RevokeBias
[2022-06-16T20:06:58.776+0000][7212][safepoint    ] Leaving safepoint region
[2022-06-16T20:06:58.776+0000][7212][safepoint    ] Total time for which application threads were stopped: 0.0000729 seconds, Stopping threads took: 0.0000197 seconds
[2022-06-16T20:06:58.776+0000][7212][safepoint    ] Application time: 0.0000804 seconds
[2022-06-16T20:06:58.776+0000][7212][safepoint    ] Entering safepoint region: RevokeBias
[2022-06-16T20:06:58.776+0000][7212][safepoint    ] Leaving safepoint region
[2022-06-16T20:06:58.776+0000][7212][safepoint    ] Total time for which application threads were stopped: 0.0000588 seconds, Stopping threads took: 0.0000180 seconds
[2022-06-16T20:06:58.776+0000][7212][safepoint    ] Application time: 0.0001115 seconds
[2022-06-16T20:06:58.776+0000][7212][safepoint    ] Entering safepoint region: RevokeBias
[2022-06-16T20:06:58.776+0000][7212][safepoint    ] Leaving safepoint region
[2022-06-16T20:06:58.776+0000][7212][safepoint    ] Total time for which application threads were stopped: 0.0000716 seconds, Stopping threads took: 0.0000177 seconds
[2022-06-16T20:06:58.776+0000][7212][safepoint    ] Application time: 0.0000450 seconds
[2022-06-16T20:06:58.776+0000][7212][safepoint    ] Entering safepoint region: RevokeBias
[2022-06-16T20:06:58.776+0000][7212][safepoint    ] Leaving safepoint region
[2022-06-16T20:06:58.776+0000][7212][safepoint    ] Total time for which application threads were stopped: 0.0000994 seconds, Stopping threads took: 0.0000421 seconds
[2022-06-16T20:06:58.776+0000][7212][safepoint    ] Application time: 0.0000239 seconds
[2022-06-16T20:06:58.776+0000][7212][safepoint    ] Entering safepoint region: RevokeBias
[2022-06-16T20:06:58.776+0000][7212][safepoint    ] Leaving safepoint region
[2022-06-16T20:06:58.776+0000][7212][safepoint    ] Total time for which application threads were stopped: 0.0001051 seconds, Stopping threads took: 0.0000459 seconds
[2022-06-16T20:06:58.777+0000][7212][safepoint    ] Application time: 0.0003754 seconds
[2022-06-16T20:06:58.777+0000][7212][safepoint    ] Entering safepoint region: RevokeBias
[2022-06-16T20:06:58.777+0000][7212][safepoint    ] Leaving safepoint region
[2022-06-16T20:06:58.777+0000][7212][safepoint    ] Total time for which application threads were stopped: 0.0000927 seconds, Stopping threads took: 0.0000441 seconds
[2022-06-16T20:06:58.777+0000][7212][safepoint    ] Application time: 0.0002815 seconds
[2022-06-16T20:06:58.778+0000][7212][safepoint    ] Entering safepoint region: RevokeBias
[2022-06-16T20:06:58.778+0000][7212][safepoint    ] Leaving safepoint region
[2022-06-16T20:06:58.778+0000][7212][safepoint    ] Total time for which application threads were stopped: 0.0005396 seconds, Stopping threads took: 0.0004804 seconds
[2022-06-16T20:06:58.778+0000][7212][safepoint    ] Application time: 0.0000823 seconds
[2022-06-16T20:06:58.778+0000][7212][safepoint    ] Entering safepoint region: RevokeBias
[2022-06-16T20:06:58.778+0000][7212][safepoint    ] Leaving safepoint region
[2022-06-16T20:06:58.778+0000][7212][safepoint    ] Total time for which application threads were stopped: 0.0000868 seconds, Stopping threads took: 0.0000292 seconds
[2022-06-16T20:06:58.778+0000][7212][safepoint    ] Application time: 0.0001025 seconds
[2022-06-16T20:06:58.778+0000][7212][safepoint    ] Entering safepoint region: RevokeBias
[2022-06-16T20:06:58.778+0000][7212][safepoint    ] Leaving safepoint region
[2022-06-16T20:06:58.778+0000][7212][safepoint    ] Total time for which application threads were stopped: 0.0001793 seconds, Stopping threads took: 0.0001173 seconds
[2022-06-16T20:06:58.778+0000][7212][safepoint    ] Application time: 0.0000609 seconds
[2022-06-16T20:06:58.778+0000][7212][safepoint    ] Entering safepoint region: RevokeBias
[2022-06-16T20:06:58.778+0000][7212][safepoint    ] Leaving safepoint region
[2022-06-16T20:06:58.778+0000][7212][safepoint    ] Total time for which application threads were stopped: 0.0000660 seconds, Stopping threads took: 0.0000189 seconds
[2022-06-16T20:06:58.778+0000][7212][safepoint    ] Application time: 0.0000505 seconds
[2022-06-16T20:06:58.779+0000][7212][safepoint    ] Entering safepoint region: RevokeBias
[2022-06-16T20:06:58.779+0000][7212][safepoint    ] Leaving safepoint region
[2022-06-16T20:06:58.779+0000][7212][safepoint    ] Total time for which application threads were stopped: 0.0000811 seconds, Stopping threads took: 0.0000273 seconds
[2022-06-16T20:06:58.779+0000][7212][safepoint    ] Application time: 0.0000732 seconds
[2022-06-16T20:06:58.779+0000][7212][safepoint    ] Entering safepoint region: RevokeBias
[2022-06-16T20:06:58.779+0000][7212][safepoint    ] Leaving safepoint region
[2022-06-16T20:06:58.779+0000][7212][safepoint    ] Total time for which application threads were stopped: 0.0000664 seconds, Stopping threads took: 0.0000243 seconds
[2022-06-16T20:06:58.779+0000][7212][safepoint    ] Application time: 0.0001083 seconds
[2022-06-16T20:06:58.779+0000][7212][safepoint    ] Entering safepoint region: RevokeBias
[2022-06-16T20:06:58.779+0000][7212][safepoint    ] Leaving safepoint region
[2022-06-16T20:06:58.779+0000][7212][safepoint    ] Total time for which application threads were stopped: 0.0000780 seconds, Stopping threads took: 0.0000216 seconds
[2022-06-16T20:06:58.779+0000][7212][safepoint    ] Application time: 0.0000537 seconds
[2022-06-16T20:06:58.779+0000][7212][safepoint    ] Entering safepoint region: RevokeBias
[2022-06-16T20:06:58.779+0000][7212][safepoint    ] Leaving safepoint region
[2022-06-16T20:06:58.779+0000][7212][safepoint    ] Total time for which application threads were stopped: 0.0000668 seconds, Stopping threads took: 0.0000221 seconds
[2022-06-16T20:06:58.779+0000][7212][safepoint    ] Application time: 0.0000224 seconds
[2022-06-16T20:06:58.779+0000][7212][safepoint    ] Entering safepoint region: RevokeBias
[2022-06-16T20:06:58.779+0000][7212][safepoint    ] Leaving safepoint region
[2022-06-16T20:06:58.779+0000][7212][safepoint    ] Total time for which application threads were stopped: 0.0000673 seconds, Stopping threads took: 0.0000199 seconds
[2022-06-16T20:06:58.779+0000][7212][safepoint    ] Application time: 0.0000650 seconds
[2022-06-16T20:06:58.779+0000][7212][safepoint    ] Entering safepoint region: RevokeBias
[2022-06-16T20:06:58.779+0000][7212][safepoint    ] Leaving safepoint region
[2022-06-16T20:06:58.779+0000][7212][safepoint    ] Total time for which application threads were stopped: 0.0000872 seconds, Stopping threads took: 0.0000421 seconds
[2022-06-16T20:06:58.780+0000][7212][safepoint    ] Application time: 0.0000451 seconds
[2022-06-16T20:06:58.780+0000][7212][safepoint    ] Entering safepoint region: RevokeBias
[2022-06-16T20:06:58.780+0000][7212][safepoint    ] Leaving safepoint region
[2022-06-16T20:06:58.780+0000][7212][safepoint    ] Total time for which application threads were stopped: 0.0000733 seconds, Stopping threads took: 0.0000221 seconds
[2022-06-16T20:06:58.780+0000][7212][safepoint    ] Application time: 0.0000310 seconds
[2022-06-16T20:06:58.780+0000][7212][safepoint    ] Entering safepoint region: RevokeBias
[2022-06-16T20:06:58.780+0000][7212][safepoint    ] Leaving safepoint region
[2022-06-16T20:06:58.780+0000][7212][safepoint    ] Total time for which application threads were stopped: 0.0000643 seconds, Stopping threads took: 0.0000214 seconds
[2022-06-16T20:06:58.780+0000][7212][safepoint    ] Application time: 0.0000342 seconds
[2022-06-16T20:06:58.780+0000][7212][safepoint    ] Entering safepoint region: RevokeBias
[2022-06-16T20:06:58.780+0000][7212][safepoint    ] Leaving safepoint region
[2022-06-16T20:06:58.780+0000][7212][safepoint    ] Total time for which application threads were stopped: 0.0000734 seconds, Stopping threads took: 0.0000231 seconds
[2022-06-16T20:06:58.780+0000][7212][safepoint    ] Application time: 0.0000339 seconds
[2022-06-16T20:06:58.780+0000][7212][safepoint    ] Entering safepoint region: RevokeBias
[2022-06-16T20:06:58.780+0000][7212][safepoint    ] Leaving safepoint region
[2022-06-16T20:06:58.780+0000][7212][safepoint    ] Total time for which application threads were stopped: 0.0000647 seconds, Stopping threads took: 0.0000256 seconds
[2022-06-16T20:06:58.780+0000][7212][safepoint    ] Application time: 0.0000325 seconds
[2022-06-16T20:06:58.780+0000][7212][safepoint    ] Entering safepoint region: RevokeBias
[2022-06-16T20:06:58.780+0000][7212][safepoint    ] Leaving safepoint region
[2022-06-16T20:06:58.780+0000][7212][safepoint    ] Total time for which application threads were stopped: 0.0000714 seconds, Stopping threads took: 0.0000204 seconds
[2022-06-16T20:06:58.780+0000][7212][safepoint    ] Application time: 0.0000297 seconds
[2022-06-16T20:06:58.780+0000][7212][safepoint    ] Entering safepoint region: RevokeBias
[2022-06-16T20:06:58.780+0000][7212][safepoint    ] Leaving safepoint region
[2022-06-16T20:06:58.780+0000][7212][safepoint    ] Total time for which application threads were stopped: 0.0000634 seconds, Stopping threads took: 0.0000211 seconds
[2022-06-16T20:06:58.780+0000][7212][safepoint    ] Application time: 0.0000579 seconds
[2022-06-16T20:06:58.780+0000][7212][safepoint    ] Entering safepoint region: RevokeBias
[2022-06-16T20:06:58.780+0000][7212][safepoint    ] Leaving safepoint region
[2022-06-16T20:06:58.781+0000][7212][safepoint    ] Total time for which application threads were stopped: 0.0000871 seconds, Stopping threads took: 0.0000405 seconds
[2022-06-16T20:06:58.781+0000][7212][safepoint    ] Application time: 0.0000676 seconds
[2022-06-16T20:06:58.781+0000][7212][safepoint    ] Entering safepoint region: RevokeBias
[2022-06-16T20:06:58.781+0000][7212][safepoint    ] Leaving safepoint region
[2022-06-16T20:06:58.781+0000][7212][safepoint    ] Total time for which application threads were stopped: 0.0000656 seconds, Stopping threads took: 0.0000161 seconds
[2022-06-16T20:06:58.781+0000][7212][safepoint    ] Application time: 0.0001541 seconds
[2022-06-16T20:06:58.781+0000][7212][safepoint    ] Entering safepoint region: RevokeBias
[2022-06-16T20:06:58.781+0000][7212][safepoint    ] Leaving safepoint region
[2022-06-16T20:06:58.781+0000][7212][safepoint    ] Total time for which application threads were stopped: 0.0000608 seconds, Stopping threads took: 0.0000174 seconds
[2022-06-16T20:06:58.781+0000][7212][safepoint    ] Application time: 0.0003938 seconds
[2022-06-16T20:06:58.781+0000][7212][safepoint    ] Entering safepoint region: RevokeBias
[2022-06-16T20:06:58.781+0000][7212][safepoint    ] Leaving safepoint region
[2022-06-16T20:06:58.781+0000][7212][safepoint    ] Total time for which application threads were stopped: 0.0000954 seconds, Stopping threads took: 0.0000377 seconds
[2022-06-16T20:06:58.782+0000][7212][safepoint    ] Application time: 0.0000421 seconds
[2022-06-16T20:06:58.782+0000][7212][safepoint    ] Entering safepoint region: RevokeBias
[2022-06-16T20:06:58.782+0000][7212][safepoint    ] Leaving safepoint region
[2022-06-16T20:06:58.782+0000][7212][safepoint    ] Total time for which application threads were stopped: 0.0000913 seconds, Stopping threads took: 0.0000450 seconds
[2022-06-16T20:06:58.784+0000][7212][safepoint    ] Application time: 0.0020624 seconds
[2022-06-16T20:06:58.784+0000][7212][safepoint    ] Entering safepoint region: RevokeBias
[2022-06-16T20:06:58.784+0000][7212][safepoint    ] Leaving safepoint region
[2022-06-16T20:06:58.784+0000][7212][safepoint    ] Total time for which application threads were stopped: 0.0001182 seconds, Stopping threads took: 0.0000447 seconds
[2022-06-16T20:06:58.784+0000][7212][safepoint    ] Application time: 0.0001380 seconds
[2022-06-16T20:06:58.784+0000][7212][safepoint    ] Entering safepoint region: RevokeBias
[2022-06-16T20:06:58.784+0000][7212][safepoint    ] Leaving safepoint region
[2022-06-16T20:06:58.784+0000][7212][safepoint    ] Total time for which application threads were stopped: 0.0000628 seconds, Stopping threads took: 0.0000184 seconds
[2022-06-16T20:06:58.784+0000][7212][safepoint    ] Application time: 0.0000283 seconds
[2022-06-16T20:06:58.784+0000][7212][safepoint    ] Entering safepoint region: RevokeBias
[2022-06-16T20:06:58.784+0000][7212][safepoint    ] Leaving safepoint region
[2022-06-16T20:06:58.784+0000][7212][safepoint    ] Total time for which application threads were stopped: 0.0000651 seconds, Stopping threads took: 0.0000305 seconds
[2022-06-16T20:06:58.784+0000][7212][safepoint    ] Application time: 0.0001512 seconds
[2022-06-16T20:06:58.784+0000][7212][safepoint    ] Entering safepoint region: RevokeBias
[2022-06-16T20:06:58.784+0000][7212][safepoint    ] Leaving safepoint region
[2022-06-16T20:06:58.784+0000][7212][safepoint    ] Total time for which application threads were stopped: 0.0000404 seconds, Stopping threads took: 0.0000124 seconds
[2022-06-16T20:06:58.799+0000][7212][safepoint    ] Application time: 0.0149791 seconds
[2022-06-16T20:06:58.800+0000][7212][safepoint    ] Entering safepoint region: RevokeBias
[2022-06-16T20:06:58.800+0000][7212][safepoint    ] Leaving safepoint region
[2022-06-16T20:06:58.800+0000][7212][safepoint    ] Total time for which application threads were stopped: 0.0000856 seconds, Stopping threads took: 0.0000180 seconds
[2022-06-16T20:06:58.800+0000][7212][safepoint    ] Application time: 0.0003966 seconds
[2022-06-16T20:06:58.800+0000][7212][safepoint    ] Entering safepoint region: RevokeBias
[2022-06-16T20:06:58.800+0000][7212][safepoint    ] Leaving safepoint region
[2022-06-16T20:06:58.800+0000][7212][safepoint    ] Total time for which application threads were stopped: 0.0000632 seconds, Stopping threads took: 0.0000140 seconds
[2022-06-16T20:06:58.800+0000][7212][safepoint    ] Application time: 0.0000291 seconds
[2022-06-16T20:06:58.800+0000][7212][safepoint    ] Entering safepoint region: RevokeBias
[2022-06-16T20:06:58.800+0000][7212][safepoint    ] Leaving safepoint region
[2022-06-16T20:06:58.800+0000][7212][safepoint    ] Total time for which application threads were stopped: 0.0000453 seconds, Stopping threads took: 0.0000118 seconds
[2022-06-16T20:06:58.800+0000][7212][safepoint    ] Application time: 0.0000905 seconds
[2022-06-16T20:06:58.800+0000][7212][safepoint    ] Entering safepoint region: RevokeBias
[2022-06-16T20:06:58.800+0000][7212][safepoint    ] Leaving safepoint region
[2022-06-16T20:06:58.800+0000][7212][safepoint    ] Total time for which application threads were stopped: 0.0000433 seconds, Stopping threads took: 0.0000114 seconds
[2022-06-16T20:06:58.802+0000][7212][safepoint    ] Application time: 0.0014062 seconds
[2022-06-16T20:06:58.802+0000][7212][safepoint    ] Entering safepoint region: RevokeBias
[2022-06-16T20:06:58.802+0000][7212][safepoint    ] Leaving safepoint region
[2022-06-16T20:06:58.802+0000][7212][safepoint    ] Total time for which application threads were stopped: 0.0000703 seconds, Stopping threads took: 0.0000142 seconds
[2022-06-16T20:06:58.861+0000][7212][safepoint    ] Application time: 0.0587138 seconds
[2022-06-16T20:06:58.861+0000][7212][safepoint    ] Entering safepoint region: RevokeBias
[2022-06-16T20:06:58.861+0000][7212][safepoint    ] Leaving safepoint region
[2022-06-16T20:06:58.861+0000][7212][safepoint    ] Total time for which application threads were stopped: 0.0001324 seconds, Stopping threads took: 0.0000275 seconds
[2022-06-16T20:06:58.861+0000][7212][safepoint    ] Application time: 0.0000198 seconds
[2022-06-16T20:06:58.861+0000][7212][safepoint    ] Entering safepoint region: RevokeBias
[2022-06-16T20:06:58.861+0000][7212][safepoint    ] Leaving safepoint region
[2022-06-16T20:06:58.861+0000][7212][safepoint    ] Total time for which application threads were stopped: 0.0000729 seconds, Stopping threads took: 0.0000196 seconds
[2022-06-16T20:06:58.861+0000][7212][safepoint    ] Application time: 0.0000175 seconds
[2022-06-16T20:06:58.861+0000][7212][safepoint    ] Entering safepoint region: RevokeBias
[2022-06-16T20:06:58.861+0000][7212][safepoint    ] Leaving safepoint region
[2022-06-16T20:06:58.861+0000][7212][safepoint    ] Total time for which application threads were stopped: 0.0000653 seconds, Stopping threads took: 0.0000191 seconds
[2022-06-16T20:06:58.863+0000][7212][safepoint    ] Application time: 0.0014900 seconds
[2022-06-16T20:06:58.863+0000][7212][safepoint    ] Entering safepoint region: RevokeBias
[2022-06-16T20:06:58.863+0000][7212][safepoint    ] Leaving safepoint region
[2022-06-16T20:06:58.863+0000][7212][safepoint    ] Total time for which application threads were stopped: 0.0001022 seconds, Stopping threads took: 0.0000251 seconds
[2022-06-16T20:06:58.863+0000][7212][safepoint    ] Application time: 0.0002312 seconds
[2022-06-16T20:06:58.863+0000][7212][safepoint    ] Entering safepoint region: RevokeBias
[2022-06-16T20:06:58.863+0000][7212][safepoint    ] Leaving safepoint region
[2022-06-16T20:06:58.863+0000][7212][safepoint    ] Total time for which application threads were stopped: 0.0000915 seconds, Stopping threads took: 0.0000246 seconds
[2022-06-16T20:06:58.864+0000][7212][safepoint    ] Application time: 0.0008145 seconds
[2022-06-16T20:06:58.864+0000][7212][safepoint    ] Entering safepoint region: RevokeBias
[2022-06-16T20:06:58.864+0000][7212][safepoint    ] Leaving safepoint region
[2022-06-16T20:06:58.864+0000][7212][safepoint    ] Total time for which application threads were stopped: 0.0000875 seconds, Stopping threads took: 0.0000237 seconds
[2022-06-16T20:06:58.870+0000][7212][safepoint    ] Application time: 0.0057485 seconds
[2022-06-16T20:06:58.870+0000][7212][safepoint    ] Entering safepoint region: RevokeBias
[2022-06-16T20:06:58.870+0000][7212][safepoint    ] Leaving safepoint region
[2022-06-16T20:06:58.870+0000][7212][safepoint    ] Total time for which application threads were stopped: 0.0001067 seconds, Stopping threads took: 0.0000243 seconds
[2022-06-16T20:06:58.870+0000][7212][safepoint    ] Application time: 0.0002087 seconds
[2022-06-16T20:06:58.870+0000][7212][safepoint    ] Entering safepoint region: RevokeBias
[2022-06-16T20:06:58.870+0000][7212][safepoint    ] Leaving safepoint region
[2022-06-16T20:06:58.870+0000][7212][safepoint    ] Total time for which application threads were stopped: 0.0000853 seconds, Stopping threads took: 0.0000220 seconds
[2022-06-16T20:06:58.968+0000][7212][safepoint    ] Application time: 0.0981533 seconds
[2022-06-16T20:06:58.968+0000][7212][safepoint    ] Entering safepoint region: RevokeBias
[2022-06-16T20:06:58.969+0000][7212][safepoint    ] Leaving safepoint region
[2022-06-16T20:06:58.969+0000][7212][safepoint    ] Total time for which application threads were stopped: 0.0001340 seconds, Stopping threads took: 0.0000229 seconds
[2022-06-16T20:06:58.975+0000][7212][safepoint    ] Application time: 0.0068048 seconds
[2022-06-16T20:06:58.975+0000][7212][safepoint    ] Entering safepoint region: RevokeBias
[2022-06-16T20:06:58.976+0000][7212][safepoint    ] Leaving safepoint region
[2022-06-16T20:06:58.976+0000][7212][safepoint    ] Total time for which application threads were stopped: 0.0001575 seconds, Stopping threads took: 0.0000242 seconds
[2022-06-16T20:06:58.997+0000][7212][safepoint    ] Application time: 0.0218096 seconds
[2022-06-16T20:06:58.998+0000][7212][safepoint    ] Entering safepoint region: RevokeBias
[2022-06-16T20:06:58.998+0000][7212][safepoint    ] Leaving safepoint region
[2022-06-16T20:06:58.998+0000][7212][safepoint    ] Total time for which application threads were stopped: 0.0001404 seconds, Stopping threads took: 0.0000501 seconds
[2022-06-16T20:06:59.023+0000][7212][safepoint    ] Application time: 0.0249231 seconds
[2022-06-16T20:06:59.023+0000][7212][safepoint    ] Entering safepoint region: RevokeBias
[2022-06-16T20:06:59.023+0000][7212][safepoint    ] Leaving safepoint region
[2022-06-16T20:06:59.023+0000][7212][safepoint    ] Total time for which application threads were stopped: 0.0001311 seconds, Stopping threads took: 0.0000343 seconds
[2022-06-16T20:06:59.023+0000][7212][safepoint    ] Application time: 0.0000254 seconds
[2022-06-16T20:06:59.023+0000][7212][safepoint    ] Entering safepoint region: RevokeBias
[2022-06-16T20:06:59.023+0000][7212][safepoint    ] Leaving safepoint region
[2022-06-16T20:06:59.023+0000][7212][safepoint    ] Total time for which application threads were stopped: 0.0000765 seconds, Stopping threads took: 0.0000220 seconds
[2022-06-16T20:06:59.023+0000][7212][safepoint    ] Application time: 0.0000191 seconds
[2022-06-16T20:06:59.023+0000][7212][safepoint    ] Entering safepoint region: RevokeBias
[2022-06-16T20:06:59.023+0000][7212][safepoint    ] Leaving safepoint region
[2022-06-16T20:06:59.023+0000][7212][safepoint    ] Total time for which application threads were stopped: 0.0000861 seconds, Stopping threads took: 0.0000296 seconds
[2022-06-16T20:06:59.023+0000][7212][safepoint    ] Application time: 0.0002433 seconds
[2022-06-16T20:06:59.023+0000][7212][safepoint    ] Entering safepoint region: RevokeBias
[2022-06-16T20:06:59.023+0000][7212][safepoint    ] Leaving safepoint region
[2022-06-16T20:06:59.023+0000][7212][safepoint    ] Total time for which application threads were stopped: 0.0001226 seconds, Stopping threads took: 0.0000390 seconds
[2022-06-16T20:06:59.024+0000][7212][safepoint    ] Application time: 0.0001573 seconds
[2022-06-16T20:06:59.024+0000][7212][safepoint    ] Entering safepoint region: RevokeBias
[2022-06-16T20:06:59.024+0000][7212][safepoint    ] Leaving safepoint region
[2022-06-16T20:06:59.024+0000][7212][safepoint    ] Total time for which application threads were stopped: 0.0000924 seconds, Stopping threads took: 0.0000217 seconds
[2022-06-16T20:06:59.034+0000][7212][safepoint    ] Application time: 0.0106766 seconds
[2022-06-16T20:06:59.035+0000][7212][safepoint    ] Entering safepoint region: RevokeBias
[2022-06-16T20:06:59.035+0000][7212][safepoint    ] Leaving safepoint region
[2022-06-16T20:06:59.035+0000][7212][safepoint    ] Total time for which application threads were stopped: 0.0001217 seconds, Stopping threads took: 0.0000372 seconds
[2022-06-16T20:06:59.035+0000][7212][safepoint    ] Application time: 0.0000712 seconds
[2022-06-16T20:06:59.035+0000][7212][safepoint    ] Entering safepoint region: RevokeBias
[2022-06-16T20:06:59.035+0000][7212][safepoint    ] Leaving safepoint region
[2022-06-16T20:06:59.035+0000][7212][safepoint    ] Total time for which application threads were stopped: 0.0000762 seconds, Stopping threads took: 0.0000182 seconds
[2022-06-16T20:06:59.035+0000][7212][safepoint    ] Application time: 0.0000593 seconds
[2022-06-16T20:06:59.035+0000][7212][safepoint    ] Entering safepoint region: RevokeBias
[2022-06-16T20:06:59.035+0000][7212][safepoint    ] Leaving safepoint region
[2022-06-16T20:06:59.035+0000][7212][safepoint    ] Total time for which application threads were stopped: 0.0000680 seconds, Stopping threads took: 0.0000180 seconds
[2022-06-16T20:06:59.035+0000][7212][safepoint    ] Application time: 0.0000610 seconds
[2022-06-16T20:06:59.035+0000][7212][safepoint    ] Entering safepoint region: RevokeBias
[2022-06-16T20:06:59.035+0000][7212][safepoint    ] Leaving safepoint region
[2022-06-16T20:06:59.035+0000][7212][safepoint    ] Total time for which application threads were stopped: 0.0000739 seconds, Stopping threads took: 0.0000185 seconds
[2022-06-16T20:06:59.035+0000][7212][safepoint    ] Application time: 0.0001791 seconds
[2022-06-16T20:06:59.035+0000][7212][safepoint    ] Entering safepoint region: BulkRevokeBias
[2022-06-16T20:06:59.036+0000][7212][safepoint    ] Leaving safepoint region
[2022-06-16T20:06:59.036+0000][7212][safepoint    ] Total time for which application threads were stopped: 0.0003311 seconds, Stopping threads took: 0.0000217 seconds
[2022-06-16T20:06:59.036+0000][7212][safepoint    ] Application time: 0.0000809 seconds
[2022-06-16T20:06:59.036+0000][7212][safepoint    ] Entering safepoint region: RevokeBias
[2022-06-16T20:06:59.036+0000][7212][safepoint    ] Leaving safepoint region
[2022-06-16T20:06:59.036+0000][7212][safepoint    ] Total time for which application threads were stopped: 0.0000785 seconds, Stopping threads took: 0.0000209 seconds
[2022-06-16T20:06:59.036+0000][7212][safepoint    ] Application time: 0.0000611 seconds
[2022-06-16T20:06:59.036+0000][7212][safepoint    ] Entering safepoint region: RevokeBias
[2022-06-16T20:06:59.036+0000][7212][safepoint    ] Leaving safepoint region
[2022-06-16T20:06:59.036+0000][7212][safepoint    ] Total time for which application threads were stopped: 0.0000696 seconds, Stopping threads took: 0.0000213 seconds
[2022-06-16T20:06:59.036+0000][7212][safepoint    ] Application time: 0.0000776 seconds
[2022-06-16T20:06:59.036+0000][7212][safepoint    ] Entering safepoint region: RevokeBias
[2022-06-16T20:06:59.036+0000][7212][safepoint    ] Leaving safepoint region
[2022-06-16T20:06:59.036+0000][7212][safepoint    ] Total time for which application threads were stopped: 0.0000477 seconds, Stopping threads took: 0.0000115 seconds
[2022-06-16T20:06:59.036+0000][7212][safepoint    ] Application time: 0.0000973 seconds
[2022-06-16T20:06:59.036+0000][7212][safepoint    ] Entering safepoint region: BulkRevokeBias
[2022-06-16T20:06:59.037+0000][7212][safepoint    ] Leaving safepoint region
[2022-06-16T20:06:59.037+0000][7212][safepoint    ] Total time for which application threads were stopped: 0.0002081 seconds, Stopping threads took: 0.0000119 seconds
[2022-06-16T20:06:59.037+0000][7212][safepoint    ] Application time: 0.0000523 seconds
[2022-06-16T20:06:59.037+0000][7212][safepoint    ] Entering safepoint region: RevokeBias
[2022-06-16T20:06:59.037+0000][7212][safepoint    ] Leaving safepoint region
[2022-06-16T20:06:59.037+0000][7212][safepoint    ] Total time for which application threads were stopped: 0.0000490 seconds, Stopping threads took: 0.0000120 seconds
[2022-06-16T20:06:59.037+0000][7212][safepoint    ] Application time: 0.0000713 seconds
[2022-06-16T20:06:59.037+0000][7212][safepoint    ] Entering safepoint region: RevokeBias
[2022-06-16T20:06:59.037+0000][7212][safepoint    ] Leaving safepoint region
[2022-06-16T20:06:59.037+0000][7212][safepoint    ] Total time for which application threads were stopped: 0.0000448 seconds, Stopping threads took: 0.0000117 seconds
[2022-06-16T20:06:59.037+0000][7212][safepoint    ] Application time: 0.0001172 seconds
[2022-06-16T20:06:59.037+0000][7212][safepoint    ] Entering safepoint region: RevokeBias
[2022-06-16T20:06:59.037+0000][7212][safepoint    ] Leaving safepoint region
[2022-06-16T20:06:59.037+0000][7212][safepoint    ] Total time for which application threads were stopped: 0.0000395 seconds, Stopping threads took: 0.0000116 seconds
[2022-06-16T20:06:59.037+0000][7212][safepoint    ] Application time: 0.0000636 seconds
[2022-06-16T20:06:59.037+0000][7212][safepoint    ] Entering safepoint region: RevokeBias
[2022-06-16T20:06:59.037+0000][7212][safepoint    ] Leaving safepoint region
[2022-06-16T20:06:59.037+0000][7212][safepoint    ] Total time for which application threads were stopped: 0.0000958 seconds, Stopping threads took: 0.0000539 seconds
[2022-06-16T20:06:59.038+0000][7212][safepoint    ] Application time: 0.0003158 seconds
[2022-06-16T20:06:59.038+0000][7212][safepoint    ] Entering safepoint region: RevokeBias
[2022-06-16T20:06:59.038+0000][7212][safepoint    ] Leaving safepoint region
[2022-06-16T20:06:59.038+0000][7212][safepoint    ] Total time for which application threads were stopped: 0.0000646 seconds, Stopping threads took: 0.0000214 seconds
[2022-06-16T20:06:59.038+0000][7212][safepoint    ] Application time: 0.0002366 seconds
[2022-06-16T20:06:59.038+0000][7212][safepoint    ] Entering safepoint region: RevokeBias
[2022-06-16T20:06:59.038+0000][7212][safepoint    ] Leaving safepoint region
[2022-06-16T20:06:59.038+0000][7212][safepoint    ] Total time for which application threads were stopped: 0.0001030 seconds, Stopping threads took: 0.0000371 seconds
[2022-06-16T20:06:59.038+0000][7212][safepoint    ] Application time: 0.0001486 seconds
[2022-06-16T20:06:59.038+0000][7212][safepoint    ] Entering safepoint region: RevokeBias
[2022-06-16T20:06:59.038+0000][7212][safepoint    ] Leaving safepoint region
[2022-06-16T20:06:59.038+0000][7212][safepoint    ] Total time for which application threads were stopped: 0.0000955 seconds, Stopping threads took: 0.0000158 seconds
[2022-06-16T20:06:59.052+0000][7212][safepoint    ] Application time: 0.0137624 seconds
[2022-06-16T20:06:59.052+0000][7212][safepoint    ] Entering safepoint region: RevokeBias
[2022-06-16T20:06:59.052+0000][7212][safepoint    ] Leaving safepoint region
[2022-06-16T20:06:59.052+0000][7212][safepoint    ] Total time for which application threads were stopped: 0.0000978 seconds, Stopping threads took: 0.0000254 seconds
[2022-06-16T20:06:59.052+0000][7212][safepoint    ] Application time: 0.0001201 seconds
[2022-06-16T20:06:59.052+0000][7212][safepoint    ] Entering safepoint region: RevokeBias
[2022-06-16T20:06:59.052+0000][7212][safepoint    ] Leaving safepoint region
[2022-06-16T20:06:59.052+0000][7212][safepoint    ] Total time for which application threads were stopped: 0.0000642 seconds, Stopping threads took: 0.0000212 seconds
[2022-06-16T20:06:59.053+0000][7212][safepoint    ] Application time: 0.0000796 seconds
[2022-06-16T20:06:59.053+0000][7212][safepoint    ] Entering safepoint region: RevokeBias
[2022-06-16T20:06:59.053+0000][7212][safepoint    ] Leaving safepoint region
[2022-06-16T20:06:59.053+0000][7212][safepoint    ] Total time for which application threads were stopped: 0.0000592 seconds, Stopping threads took: 0.0000205 seconds
[2022-06-16T20:06:59.053+0000][7212][safepoint    ] Application time: 0.0004811 seconds
[2022-06-16T20:06:59.053+0000][7212][safepoint    ] Entering safepoint region: RevokeBias
[2022-06-16T20:06:59.053+0000][7212][safepoint    ] Leaving safepoint region
[2022-06-16T20:06:59.053+0000][7212][safepoint    ] Total time for which application threads were stopped: 0.0000701 seconds, Stopping threads took: 0.0000233 seconds
[2022-06-16T20:06:59.054+0000][7212][safepoint    ] Application time: 0.0005808 seconds
[2022-06-16T20:06:59.054+0000][7212][safepoint    ] Entering safepoint region: RevokeBias
[2022-06-16T20:06:59.054+0000][7212][safepoint    ] Leaving safepoint region
[2022-06-16T20:06:59.054+0000][7212][safepoint    ] Total time for which application threads were stopped: 0.0000748 seconds, Stopping threads took: 0.0000228 seconds
[2022-06-16T20:06:59.054+0000][7212][safepoint    ] Application time: 0.0003203 seconds
[2022-06-16T20:06:59.054+0000][7212][safepoint    ] Entering safepoint region: RevokeBias
[2022-06-16T20:06:59.054+0000][7212][safepoint    ] Leaving safepoint region
[2022-06-16T20:06:59.054+0000][7212][safepoint    ] Total time for which application threads were stopped: 0.0000714 seconds, Stopping threads took: 0.0000230 seconds
[2022-06-16T20:06:59.059+0000][7212][safepoint    ] Application time: 0.0050858 seconds
[2022-06-16T20:06:59.060+0000][7212][safepoint    ] Entering safepoint region: RevokeBias
[2022-06-16T20:06:59.060+0000][7212][safepoint    ] Leaving safepoint region
[2022-06-16T20:06:59.060+0000][7212][safepoint    ] Total time for which application threads were stopped: 0.0000716 seconds, Stopping threads took: 0.0000248 seconds
[2022-06-16T20:06:59.060+0000][7212][safepoint    ] Application time: 0.0001492 seconds
[2022-06-16T20:06:59.060+0000][7212][safepoint    ] Entering safepoint region: RevokeBias
[2022-06-16T20:06:59.060+0000][7212][safepoint    ] Leaving safepoint region
[2022-06-16T20:06:59.060+0000][7212][safepoint    ] Total time for which application threads were stopped: 0.0000878 seconds, Stopping threads took: 0.0000462 seconds
[2022-06-16T20:06:59.063+0000][7212][safepoint    ] Application time: 0.0028303 seconds
[2022-06-16T20:06:59.063+0000][7212][safepoint    ] Entering safepoint region: RevokeBias
[2022-06-16T20:06:59.063+0000][7212][safepoint    ] Leaving safepoint region
[2022-06-16T20:06:59.063+0000][7212][safepoint    ] Total time for which application threads were stopped: 0.0000491 seconds, Stopping threads took: 0.0000198 seconds
