[2022-06-16T20:07:11.803+0000][6268][gc] Using Concurrent Mark Sweep
[2022-06-16T20:07:11.803+0000][6268][gc,heap,coops] Heap address: 0x00000000c0000000, size: 1024 MB, Compressed Oops mode: 32-bit
[2022-06-16T20:07:11.887+0000][6268][safepoint    ] Entering safepoint region: EnableBiasedLocking
[2022-06-16T20:07:11.887+0000][6268][safepoint    ] Leaving safepoint region
[2022-06-16T20:07:11.887+0000][6268][safepoint    ] Total time for which application threads were stopped: 0.0001838 seconds, Stopping threads took: 0.0001084 seconds
[2022-06-16T20:07:12.012+0000][6268][safepoint    ] Application time: 0.1259700 seconds
[2022-06-16T20:07:12.012+0000][6268][safepoint    ] Entering safepoint region: RevokeBias
[2022-06-16T20:07:12.012+0000][6268][safepoint    ] Leaving safepoint region
[2022-06-16T20:07:12.028+0000][6268][safepoint    ] Total time for which application threads were stopped: 0.0003278 seconds, Stopping threads took: 0.0000432 seconds
[2022-06-16T20:07:12.059+0000][6268][safepoint    ] Application time: 0.0413980 seconds
[2022-06-16T20:07:12.059+0000][6268][safepoint    ] Entering safepoint region: Deoptimize
[2022-06-16T20:07:12.059+0000][6268][safepoint    ] Leaving safepoint region
[2022-06-16T20:07:12.059+0000][6268][safepoint    ] Total time for which application threads were stopped: 0.0000935 seconds, Stopping threads took: 0.0000149 seconds
[2022-06-16T20:07:12.059+0000][6268][safepoint    ] Application time: 0.0003741 seconds
[2022-06-16T20:07:12.059+0000][6268][safepoint    ] Entering safepoint region: Deoptimize
[2022-06-16T20:07:12.059+0000][6268][safepoint    ] Leaving safepoint region
[2022-06-16T20:07:12.059+0000][6268][safepoint    ] Total time for which application threads were stopped: 0.0000579 seconds, Stopping threads took: 0.0000127 seconds
[2022-06-16T20:07:12.075+0000][6268][safepoint    ] Application time: 0.0049871 seconds
[2022-06-16T20:07:12.075+0000][6268][safepoint    ] Entering safepoint region: Deoptimize
[2022-06-16T20:07:12.075+0000][6268][safepoint    ] Leaving safepoint region
[2022-06-16T20:07:12.075+0000][6268][safepoint    ] Total time for which application threads were stopped: 0.0000913 seconds, Stopping threads took: 0.0000239 seconds
[2022-06-16T20:07:12.512+0000][6268][safepoint    ] Application time: 0.4408295 seconds
[2022-06-16T20:07:12.512+0000][6268][safepoint    ] Entering safepoint region: Deoptimize
[2022-06-16T20:07:12.512+0000][6268][safepoint    ] Leaving safepoint region
[2022-06-16T20:07:12.512+0000][6268][safepoint    ] Total time for which application threads were stopped: 0.0002035 seconds, Stopping threads took: 0.0000246 seconds
[2022-06-16T20:07:12.512+0000][6268][safepoint    ] Application time: 0.0008170 seconds
[2022-06-16T20:07:12.512+0000][6268][safepoint    ] Entering safepoint region: Deoptimize
[2022-06-16T20:07:12.512+0000][6268][safepoint    ] Leaving safepoint region
[2022-06-16T20:07:12.512+0000][6268][safepoint    ] Total time for which application threads were stopped: 0.0001213 seconds, Stopping threads took: 0.0000227 seconds
[2022-06-16T20:07:12.528+0000][6268][safepoint    ] Application time: 0.0248416 seconds
[2022-06-16T20:07:12.528+0000][6268][safepoint    ] Entering safepoint region: Deoptimize
[2022-06-16T20:07:12.528+0000][6268][safepoint    ] Leaving safepoint region
[2022-06-16T20:07:12.528+0000][6268][safepoint    ] Total time for which application threads were stopped: 0.0001486 seconds, Stopping threads took: 0.0000209 seconds
[2022-06-16T20:07:12.559+0000][6268][safepoint    ] Application time: 0.0177238 seconds
[2022-06-16T20:07:12.559+0000][6268][safepoint    ] Entering safepoint region: Deoptimize
[2022-06-16T20:07:12.559+0000][6268][safepoint    ] Leaving safepoint region
[2022-06-16T20:07:12.559+0000][6268][safepoint    ] Total time for which application threads were stopped: 0.0001526 seconds, Stopping threads took: 0.0000242 seconds
[2022-06-16T20:07:12.668+0000][6268][safepoint    ] Application time: 0.1115838 seconds
[2022-06-16T20:07:12.668+0000][6268][safepoint    ] Entering safepoint region: Deoptimize
[2022-06-16T20:07:12.668+0000][6268][safepoint    ] Leaving safepoint region
[2022-06-16T20:07:12.668+0000][6268][safepoint    ] Total time for which application threads were stopped: 0.0002660 seconds, Stopping threads took: 0.0001060 seconds
[2022-06-16T20:07:12.715+0000][6268][safepoint    ] Application time: 0.0538758 seconds
[2022-06-16T20:07:12.715+0000][6268][safepoint    ] Entering safepoint region: Deoptimize
[2022-06-16T20:07:12.715+0000][6268][safepoint    ] Leaving safepoint region
[2022-06-16T20:07:12.715+0000][6268][safepoint    ] Total time for which application threads were stopped: 0.0001891 seconds, Stopping threads took: 0.0000249 seconds
[2022-06-16T20:07:13.075+0000][6268][safepoint    ] Application time: 0.3534971 seconds
[2022-06-16T20:07:13.075+0000][6268][safepoint    ] Entering safepoint region: RevokeBias
[2022-06-16T20:07:13.075+0000][6268][safepoint    ] Leaving safepoint region
[2022-06-16T20:07:13.075+0000][6268][safepoint    ] Total time for which application threads were stopped: 0.0001578 seconds, Stopping threads took: 0.0000274 seconds
[2022-06-16T20:07:13.090+0000][6268][safepoint    ] Application time: 0.0162480 seconds
[2022-06-16T20:07:13.090+0000][6268][safepoint    ] Entering safepoint region: RevokeBias
[2022-06-16T20:07:13.090+0000][6268][safepoint    ] Leaving safepoint region
[2022-06-16T20:07:13.090+0000][6268][safepoint    ] Total time for which application threads were stopped: 0.0001238 seconds, Stopping threads took: 0.0000604 seconds
[2022-06-16T20:07:13.278+0000][6268][safepoint    ] Application time: 0.1936583 seconds
[2022-06-16T20:07:13.278+0000][6268][safepoint    ] Entering safepoint region: Deoptimize
[2022-06-16T20:07:13.278+0000][6268][safepoint    ] Leaving safepoint region
[2022-06-16T20:07:13.278+0000][6268][safepoint    ] Total time for which application threads were stopped: 0.0002765 seconds, Stopping threads took: 0.0000247 seconds
[2022-06-16T20:07:13.657+0000][6268][safepoint    ] Application time: 0.3752046 seconds
[2022-06-16T20:07:13.657+0000][6268][safepoint    ] Entering safepoint region: Deoptimize
[2022-06-16T20:07:13.657+0000][6268][safepoint    ] Leaving safepoint region
[2022-06-16T20:07:13.657+0000][6268][safepoint    ] Total time for which application threads were stopped: 0.0003291 seconds, Stopping threads took: 0.0000193 seconds
[2022-06-16T20:07:13.735+0000][6268][safepoint    ] Application time: 0.0783278 seconds
[2022-06-16T20:07:13.735+0000][6268][safepoint    ] Entering safepoint region: CollectForMetadataAllocation
[2022-06-16T20:07:13.735+0000][6268][safepoint    ] Leaving safepoint region
[2022-06-16T20:07:13.735+0000][6268][safepoint    ] Total time for which application threads were stopped: 0.0001809 seconds, Stopping threads took: 0.0000230 seconds
[2022-06-16T20:07:13.751+0000][6268][safepoint    ] Application time: 0.0137440 seconds
[2022-06-16T20:07:13.751+0000][6268][safepoint    ] Entering safepoint region: CollectForMetadataAllocation
[2022-06-16T20:07:13.751+0000][6268][safepoint    ] Leaving safepoint region
[2022-06-16T20:07:13.751+0000][6268][safepoint    ] Total time for which application threads were stopped: 0.0001713 seconds, Stopping threads took: 0.0000205 seconds
[2022-06-16T20:07:13.782+0000][6268][safepoint    ] Application time: 0.0237178 seconds
[2022-06-16T20:07:13.782+0000][6268][safepoint    ] Entering safepoint region: CollectForMetadataAllocation
[2022-06-16T20:07:13.782+0000][6268][safepoint    ] Leaving safepoint region
[2022-06-16T20:07:13.782+0000][6268][safepoint    ] Total time for which application threads were stopped: 0.0002654 seconds, Stopping threads took: 0.0000477 seconds
[2022-06-16T20:07:13.782+0000][6268][safepoint    ] Application time: 0.0068650 seconds
[2022-06-16T20:07:13.782+0000][6268][safepoint    ] Entering safepoint region: CollectForMetadataAllocation
[2022-06-16T20:07:13.782+0000][6268][safepoint    ] Leaving safepoint region
[2022-06-16T20:07:13.782+0000][6268][safepoint    ] Total time for which application threads were stopped: 0.0001574 seconds, Stopping threads took: 0.0000200 seconds
[2022-06-16T20:07:13.860+0000][6268][safepoint    ] Application time: 0.0702418 seconds
[2022-06-16T20:07:13.860+0000][6268][safepoint    ] Entering safepoint region: CMS_Initial_Mark
[2022-06-16T20:07:13.860+0000][6268][gc,start     ] GC(0) Pause Initial Mark
[2022-06-16T20:07:13.876+0000][6268][gc           ] GC(0) Pause Initial Mark 69M->69M(1007M) 21.677ms
[2022-06-16T20:07:13.876+0000][6268][gc,cpu       ] GC(0) User=0.02s Sys=0.00s Real=0.02s
[2022-06-16T20:07:13.876+0000][6268][safepoint    ] Leaving safepoint region
[2022-06-16T20:07:13.876+0000][6268][safepoint    ] Total time for which application threads were stopped: 0.0219447 seconds, Stopping threads took: 0.0001334 seconds
[2022-06-16T20:07:13.876+0000][6268][gc           ] GC(0) Concurrent Mark
[2022-06-16T20:07:13.876+0000][6268][gc           ] GC(0) Concurrent Mark 3.858ms
[2022-06-16T20:07:13.876+0000][6268][gc,cpu       ] GC(0) User=0.00s Sys=0.00s Real=0.00s
[2022-06-16T20:07:13.876+0000][6268][gc           ] GC(0) Concurrent Preclean
[2022-06-16T20:07:13.876+0000][6268][gc           ] GC(0) Concurrent Preclean 2.102ms
[2022-06-16T20:07:13.876+0000][6268][gc,cpu       ] GC(0) User=0.00s Sys=0.00s Real=0.00s
[2022-06-16T20:07:13.876+0000][6268][gc           ] GC(0) Concurrent Abortable Preclean
[2022-06-16T20:07:13.923+0000][6268][safepoint    ] Application time: 0.0423346 seconds
[2022-06-16T20:07:13.923+0000][6268][safepoint    ] Entering safepoint region: CollectForMetadataAllocation
[2022-06-16T20:07:13.923+0000][6268][safepoint    ] Leaving safepoint region
[2022-06-16T20:07:13.923+0000][6268][safepoint    ] Total time for which application threads were stopped: 0.0001682 seconds, Stopping threads took: 0.0000259 seconds
[2022-06-16T20:07:13.923+0000][6268][safepoint    ] Application time: 0.0026747 seconds
[2022-06-16T20:07:13.923+0000][6268][safepoint    ] Entering safepoint region: RevokeBias
[2022-06-16T20:07:13.923+0000][6268][safepoint    ] Leaving safepoint region
[2022-06-16T20:07:13.923+0000][6268][safepoint    ] Total time for which application threads were stopped: 0.0000770 seconds, Stopping threads took: 0.0000242 seconds
[2022-06-16T20:07:14.016+0000][6268][safepoint    ] Application time: 0.1041486 seconds
[2022-06-16T20:07:14.016+0000][6268][safepoint    ] Entering safepoint region: CollectForMetadataAllocation
[2022-06-16T20:07:14.016+0000][6268][safepoint    ] Leaving safepoint region
[2022-06-16T20:07:14.016+0000][6268][safepoint    ] Total time for which application threads were stopped: 0.0001597 seconds, Stopping threads took: 0.0000262 seconds
[2022-06-16T20:07:14.563+0000][6268][safepoint    ] Application time: 0.5355201 seconds
[2022-06-16T20:07:14.563+0000][6268][safepoint    ] Entering safepoint region: CollectForMetadataAllocation
[2022-06-16T20:07:14.563+0000][6268][safepoint    ] Leaving safepoint region
[2022-06-16T20:07:14.563+0000][6268][safepoint    ] Total time for which application threads were stopped: 0.0002230 seconds, Stopping threads took: 0.0000240 seconds
[2022-06-16T20:07:14.969+0000][6268][safepoint    ] Application time: 0.4020905 seconds
[2022-06-16T20:07:14.969+0000][6268][safepoint    ] Entering safepoint region: CollectForMetadataAllocation
[2022-06-16T20:07:14.969+0000][6268][safepoint    ] Leaving safepoint region
[2022-06-16T20:07:14.969+0000][6268][safepoint    ] Total time for which application threads were stopped: 0.0002129 seconds, Stopping threads took: 0.0000252 seconds
[2022-06-16T20:07:15.204+0000][6268][safepoint    ] Application time: 0.2433912 seconds
[2022-06-16T20:07:15.204+0000][6268][safepoint    ] Entering safepoint region: GenCollectForAllocation
[2022-06-16T20:07:15.204+0000][6268][gc,start     ] GC(1) Pause Young (Allocation Failure)
[2022-06-16T20:07:15.204+0000][6268][gc,task      ] GC(1) Using 2 workers of 2 for evacuation
[2022-06-16T20:07:15.219+0000][6268][gc,age       ] GC(1) Desired survivor size 8716288 bytes, new threshold 6 (max threshold 6)
[2022-06-16T20:07:15.219+0000][6268][gc,age       ] GC(1) Age table with threshold 6 (max threshold 6)
[2022-06-16T20:07:15.219+0000][6268][gc,age       ] GC(1) - age   1:    8393736 bytes,    8393736 total
[2022-06-16T20:07:15.219+0000][6268][gc,heap      ] GC(1) ParNew: 136320K->8257K(153344K)
[2022-06-16T20:07:15.219+0000][6268][gc,heap      ] GC(1) CMS: 0K->0K(878208K)
[2022-06-16T20:07:15.219+0000][6268][gc,metaspace ] GC(1) Metaspace: 23144K->23144K(1071104K)
[2022-06-16T20:07:15.219+0000][6268][gc           ] GC(1) Pause Young (Allocation Failure) 133M->8M(1007M) 16.504ms
[2022-06-16T20:07:15.219+0000][6268][gc,cpu       ] GC(1) User=0.03s Sys=0.00s Real=0.02s
[2022-06-16T20:07:15.219+0000][6268][safepoint    ] Leaving safepoint region
[2022-06-16T20:07:15.219+0000][6268][safepoint    ] Total time for which application threads were stopped: 0.0167223 seconds, Stopping threads took: 0.0000274 seconds
[2022-06-16T20:07:15.251+0000][6268][safepoint    ] Application time: 0.0239738 seconds
[2022-06-16T20:07:15.251+0000][6268][safepoint    ] Entering safepoint region: RevokeBias
[2022-06-16T20:07:15.251+0000][6268][safepoint    ] Leaving safepoint region
[2022-06-16T20:07:15.251+0000][6268][safepoint    ] Total time for which application threads were stopped: 0.0001124 seconds, Stopping threads took: 0.0000395 seconds
[2022-06-16T20:07:15.251+0000][6268][safepoint    ] Application time: 0.0000399 seconds
[2022-06-16T20:07:15.251+0000][6268][safepoint    ] Entering safepoint region: RevokeBias
[2022-06-16T20:07:15.251+0000][6268][safepoint    ] Leaving safepoint region
[2022-06-16T20:07:15.251+0000][6268][safepoint    ] Total time for which application threads were stopped: 0.0000640 seconds, Stopping threads took: 0.0000140 seconds
[2022-06-16T20:07:15.251+0000][6268][safepoint    ] Application time: 0.0000236 seconds
[2022-06-16T20:07:15.251+0000][6268][safepoint    ] Entering safepoint region: RevokeBias
[2022-06-16T20:07:15.251+0000][6268][safepoint    ] Leaving safepoint region
[2022-06-16T20:07:15.251+0000][6268][safepoint    ] Total time for which application threads were stopped: 0.0000642 seconds, Stopping threads took: 0.0000157 seconds
[2022-06-16T20:07:15.251+0000][6268][safepoint    ] Application time: 0.0000151 seconds
[2022-06-16T20:07:15.251+0000][6268][safepoint    ] Entering safepoint region: RevokeBias
[2022-06-16T20:07:15.251+0000][6268][safepoint    ] Leaving safepoint region
[2022-06-16T20:07:15.251+0000][6268][safepoint    ] Total time for which application threads were stopped: 0.0001135 seconds, Stopping threads took: 0.0000459 seconds
[2022-06-16T20:07:15.251+0000][6268][safepoint    ] Application time: 0.0000643 seconds
[2022-06-16T20:07:15.251+0000][6268][safepoint    ] Entering safepoint region: RevokeBias
[2022-06-16T20:07:15.251+0000][6268][safepoint    ] Leaving safepoint region
[2022-06-16T20:07:15.251+0000][6268][safepoint    ] Total time for which application threads were stopped: 0.0001140 seconds, Stopping threads took: 0.0000155 seconds
[2022-06-16T20:07:15.251+0000][6268][safepoint    ] Application time: 0.0000627 seconds
[2022-06-16T20:07:15.251+0000][6268][safepoint    ] Entering safepoint region: RevokeBias
[2022-06-16T20:07:15.251+0000][6268][safepoint    ] Leaving safepoint region
[2022-06-16T20:07:15.251+0000][6268][safepoint    ] Total time for which application threads were stopped: 0.0000825 seconds, Stopping threads took: 0.0000153 seconds
[2022-06-16T20:07:15.251+0000][6268][safepoint    ] Application time: 0.0000194 seconds
[2022-06-16T20:07:15.251+0000][6268][safepoint    ] Entering safepoint region: RevokeBias
[2022-06-16T20:07:15.251+0000][6268][safepoint    ] Leaving safepoint region
[2022-06-16T20:07:15.251+0000][6268][safepoint    ] Total time for which application threads were stopped: 0.0000782 seconds, Stopping threads took: 0.0000147 seconds
[2022-06-16T20:07:15.251+0000][6268][safepoint    ] Application time: 0.0000152 seconds
[2022-06-16T20:07:15.251+0000][6268][safepoint    ] Entering safepoint region: RevokeBias
[2022-06-16T20:07:15.251+0000][6268][safepoint    ] Leaving safepoint region
[2022-06-16T20:07:15.251+0000][6268][safepoint    ] Total time for which application threads were stopped: 0.0001927 seconds, Stopping threads took: 0.0001098 seconds
[2022-06-16T20:07:15.251+0000][6268][safepoint    ] Application time: 0.0000282 seconds
[2022-06-16T20:07:15.251+0000][6268][safepoint    ] Entering safepoint region: RevokeBias
[2022-06-16T20:07:15.251+0000][6268][safepoint    ] Leaving safepoint region
[2022-06-16T20:07:15.251+0000][6268][safepoint    ] Total time for which application threads were stopped: 0.0001148 seconds, Stopping threads took: 0.0000371 seconds
[2022-06-16T20:07:15.251+0000][6268][safepoint    ] Application time: 0.0000173 seconds
[2022-06-16T20:07:15.251+0000][6268][safepoint    ] Entering safepoint region: RevokeBias
[2022-06-16T20:07:15.251+0000][6268][safepoint    ] Leaving safepoint region
[2022-06-16T20:07:15.251+0000][6268][safepoint    ] Total time for which application threads were stopped: 0.0001049 seconds, Stopping threads took: 0.0000346 seconds
[2022-06-16T20:07:15.251+0000][6268][safepoint    ] Application time: 0.0000221 seconds
[2022-06-16T20:07:15.251+0000][6268][safepoint    ] Entering safepoint region: RevokeBias
[2022-06-16T20:07:15.251+0000][6268][safepoint    ] Leaving safepoint region
[2022-06-16T20:07:15.251+0000][6268][safepoint    ] Total time for which application threads were stopped: 0.0000995 seconds, Stopping threads took: 0.0000329 seconds
[2022-06-16T20:07:15.251+0000][6268][safepoint    ] Application time: 0.0000140 seconds
[2022-06-16T20:07:15.251+0000][6268][safepoint    ] Entering safepoint region: RevokeBias
[2022-06-16T20:07:15.251+0000][6268][safepoint    ] Leaving safepoint region
[2022-06-16T20:07:15.251+0000][6268][safepoint    ] Total time for which application threads were stopped: 0.0001000 seconds, Stopping threads took: 0.0000294 seconds
[2022-06-16T20:07:15.251+0000][6268][safepoint    ] Application time: 0.0000238 seconds
[2022-06-16T20:07:15.251+0000][6268][safepoint    ] Entering safepoint region: RevokeBias
[2022-06-16T20:07:15.251+0000][6268][safepoint    ] Leaving safepoint region
[2022-06-16T20:07:15.251+0000][6268][safepoint    ] Total time for which application threads were stopped: 0.0000898 seconds, Stopping threads took: 0.0000350 seconds
[2022-06-16T20:07:15.251+0000][6268][safepoint    ] Application time: 0.0000148 seconds
[2022-06-16T20:07:15.251+0000][6268][safepoint    ] Entering safepoint region: RevokeBias
[2022-06-16T20:07:15.251+0000][6268][safepoint    ] Leaving safepoint region
[2022-06-16T20:07:15.251+0000][6268][safepoint    ] Total time for which application threads were stopped: 0.0000471 seconds, Stopping threads took: 0.0000150 seconds
[2022-06-16T20:07:15.251+0000][6268][safepoint    ] Application time: 0.0000182 seconds
[2022-06-16T20:07:15.251+0000][6268][safepoint    ] Entering safepoint region: RevokeBias
[2022-06-16T20:07:15.251+0000][6268][safepoint    ] Leaving safepoint region
[2022-06-16T20:07:15.251+0000][6268][safepoint    ] Total time for which application threads were stopped: 0.0000880 seconds, Stopping threads took: 0.0000356 seconds
[2022-06-16T20:07:15.251+0000][6268][safepoint    ] Application time: 0.0000141 seconds
[2022-06-16T20:07:15.251+0000][6268][safepoint    ] Entering safepoint region: RevokeBias
[2022-06-16T20:07:15.251+0000][6268][safepoint    ] Leaving safepoint region
[2022-06-16T20:07:15.251+0000][6268][safepoint    ] Total time for which application threads were stopped: 0.0000861 seconds, Stopping threads took: 0.0000334 seconds
[2022-06-16T20:07:15.251+0000][6268][safepoint    ] Application time: 0.0000268 seconds
[2022-06-16T20:07:15.251+0000][6268][safepoint    ] Entering safepoint region: RevokeBias
[2022-06-16T20:07:15.251+0000][6268][safepoint    ] Leaving safepoint region
[2022-06-16T20:07:15.251+0000][6268][safepoint    ] Total time for which application threads were stopped: 0.0000652 seconds, Stopping threads took: 0.0000151 seconds
[2022-06-16T20:07:15.251+0000][6268][safepoint    ] Application time: 0.0000148 seconds
[2022-06-16T20:07:15.251+0000][6268][safepoint    ] Entering safepoint region: RevokeBias
[2022-06-16T20:07:15.251+0000][6268][safepoint    ] Leaving safepoint region
[2022-06-16T20:07:15.251+0000][6268][safepoint    ] Total time for which application threads were stopped: 0.0000967 seconds, Stopping threads took: 0.0000417 seconds
[2022-06-16T20:07:15.251+0000][6268][safepoint    ] Application time: 0.0000312 seconds
[2022-06-16T20:07:15.251+0000][6268][safepoint    ] Entering safepoint region: RevokeBias
[2022-06-16T20:07:15.251+0000][6268][safepoint    ] Leaving safepoint region
[2022-06-16T20:07:15.251+0000][6268][safepoint    ] Total time for which application threads were stopped: 0.0000528 seconds, Stopping threads took: 0.0000159 seconds
[2022-06-16T20:07:15.251+0000][6268][safepoint    ] Application time: 0.0000144 seconds
[2022-06-16T20:07:15.251+0000][6268][safepoint    ] Entering safepoint region: RevokeBias
[2022-06-16T20:07:15.251+0000][6268][safepoint    ] Leaving safepoint region
[2022-06-16T20:07:15.251+0000][6268][safepoint    ] Total time for which application threads were stopped: 0.0000621 seconds, Stopping threads took: 0.0000236 seconds
[2022-06-16T20:07:15.251+0000][6268][safepoint    ] Application time: 0.0000287 seconds
[2022-06-16T20:07:15.251+0000][6268][safepoint    ] Entering safepoint region: RevokeBias
[2022-06-16T20:07:15.251+0000][6268][safepoint    ] Leaving safepoint region
[2022-06-16T20:07:15.251+0000][6268][safepoint    ] Total time for which application threads were stopped: 0.0001113 seconds, Stopping threads took: 0.0000356 seconds
[2022-06-16T20:07:15.251+0000][6268][safepoint    ] Application time: 0.0000126 seconds
[2022-06-16T20:07:15.251+0000][6268][safepoint    ] Entering safepoint region: RevokeBias
[2022-06-16T20:07:15.251+0000][6268][safepoint    ] Leaving safepoint region
[2022-06-16T20:07:15.251+0000][6268][safepoint    ] Total time for which application threads were stopped: 0.0000791 seconds, Stopping threads took: 0.0000140 seconds
[2022-06-16T20:07:15.251+0000][6268][safepoint    ] Application time: 0.0000214 seconds
[2022-06-16T20:07:15.251+0000][6268][safepoint    ] Entering safepoint region: RevokeBias
[2022-06-16T20:07:15.251+0000][6268][safepoint    ] Leaving safepoint region
[2022-06-16T20:07:15.251+0000][6268][safepoint    ] Total time for which application threads were stopped: 0.0001037 seconds, Stopping threads took: 0.0000396 seconds
[2022-06-16T20:07:15.251+0000][6268][safepoint    ] Application time: 0.0000149 seconds
[2022-06-16T20:07:15.251+0000][6268][safepoint    ] Entering safepoint region: RevokeBias
[2022-06-16T20:07:15.251+0000][6268][safepoint    ] Leaving safepoint region
[2022-06-16T20:07:15.251+0000][6268][safepoint    ] Total time for which application threads were stopped: 0.0001003 seconds, Stopping threads took: 0.0000399 seconds
[2022-06-16T20:07:15.251+0000][6268][safepoint    ] Application time: 0.0000404 seconds
[2022-06-16T20:07:15.251+0000][6268][safepoint    ] Entering safepoint region: RevokeBias
[2022-06-16T20:07:15.251+0000][6268][safepoint    ] Leaving safepoint region
[2022-06-16T20:07:15.251+0000][6268][safepoint    ] Total time for which application threads were stopped: 0.0001014 seconds, Stopping threads took: 0.0000340 seconds
[2022-06-16T20:07:15.251+0000][6268][safepoint    ] Application time: 0.0000141 seconds
[2022-06-16T20:07:15.251+0000][6268][safepoint    ] Entering safepoint region: RevokeBias
[2022-06-16T20:07:15.251+0000][6268][safepoint    ] Leaving safepoint region
[2022-06-16T20:07:15.251+0000][6268][safepoint    ] Total time for which application threads were stopped: 0.0000972 seconds, Stopping threads took: 0.0000351 seconds
[2022-06-16T20:07:15.251+0000][6268][safepoint    ] Application time: 0.0014141 seconds
[2022-06-16T20:07:15.251+0000][6268][safepoint    ] Entering safepoint region: RevokeBias
[2022-06-16T20:07:15.251+0000][6268][safepoint    ] Leaving safepoint region
[2022-06-16T20:07:15.251+0000][6268][safepoint    ] Total time for which application threads were stopped: 0.0000641 seconds, Stopping threads took: 0.0000196 seconds
[2022-06-16T20:07:15.251+0000][6268][safepoint    ] Application time: 0.0000177 seconds
[2022-06-16T20:07:15.251+0000][6268][safepoint    ] Entering safepoint region: RevokeBias
[2022-06-16T20:07:15.251+0000][6268][safepoint    ] Leaving safepoint region
[2022-06-16T20:07:15.251+0000][6268][safepoint    ] Total time for which application threads were stopped: 0.0000596 seconds, Stopping threads took: 0.0000243 seconds
[2022-06-16T20:07:15.360+0000][6268][safepoint    ] Application time: 0.1063223 seconds
[2022-06-16T20:07:15.360+0000][6268][safepoint    ] Entering safepoint region: CollectForMetadataAllocation
[2022-06-16T20:07:15.360+0000][6268][safepoint    ] Leaving safepoint region
[2022-06-16T20:07:15.360+0000][6268][safepoint    ] Total time for which application threads were stopped: 0.0001698 seconds, Stopping threads took: 0.0000255 seconds
[2022-06-16T20:07:15.438+0000][6268][safepoint    ] Application time: 0.0737860 seconds
[2022-06-16T20:07:15.438+0000][6268][safepoint    ] Entering safepoint region: RevokeBias
[2022-06-16T20:07:15.438+0000][6268][safepoint    ] Leaving safepoint region
[2022-06-16T20:07:15.438+0000][6268][safepoint    ] Total time for which application threads were stopped: 0.0000869 seconds, Stopping threads took: 0.0000202 seconds
[2022-06-16T20:07:15.469+0000][6268][safepoint    ] Application time: 0.0364953 seconds
[2022-06-16T20:07:15.469+0000][6268][safepoint    ] Entering safepoint region: CollectForMetadataAllocation
[2022-06-16T20:07:15.469+0000][6268][safepoint    ] Leaving safepoint region
[2022-06-16T20:07:15.469+0000][6268][safepoint    ] Total time for which application threads were stopped: 0.0001646 seconds, Stopping threads took: 0.0000206 seconds
[2022-06-16T20:07:15.889+0000][6268][safepoint    ] Application time: 0.4126344 seconds
[2022-06-16T20:07:15.889+0000][6268][safepoint    ] Entering safepoint region: CollectForMetadataAllocation
[2022-06-16T20:07:15.889+0000][6268][safepoint    ] Leaving safepoint region
[2022-06-16T20:07:15.889+0000][6268][safepoint    ] Total time for which application threads were stopped: 0.0002041 seconds, Stopping threads took: 0.0000269 seconds
[2022-06-16T20:07:15.889+0000][6268][gc           ] GC(0) Concurrent Abortable Preclean 2001.762ms
[2022-06-16T20:07:15.889+0000][6268][gc,cpu       ] GC(0) User=3.39s Sys=0.41s Real=2.01s
[2022-06-16T20:07:15.889+0000][6268][safepoint    ] Application time: 0.0000652 seconds
[2022-06-16T20:07:15.889+0000][6268][safepoint    ] Entering safepoint region: CMS_Final_Remark
[2022-06-16T20:07:15.889+0000][6268][gc,start     ] GC(0) Pause Remark
[2022-06-16T20:07:15.937+0000][6268][gc           ] GC(0) Pause Remark 102M->102M(1007M) 46.815ms
[2022-06-16T20:07:15.937+0000][6268][gc,cpu       ] GC(0) User=0.09s Sys=0.00s Real=0.05s
[2022-06-16T20:07:15.937+0000][6268][safepoint    ] Leaving safepoint region
[2022-06-16T20:07:15.937+0000][6268][safepoint    ] Total time for which application threads were stopped: 0.0470784 seconds, Stopping threads took: 0.0001428 seconds
[2022-06-16T20:07:15.937+0000][6268][gc           ] GC(0) Concurrent Sweep
[2022-06-16T20:07:15.937+0000][6268][gc           ] GC(0) Concurrent Sweep 0.033ms
[2022-06-16T20:07:15.937+0000][6268][gc,cpu       ] GC(0) User=0.00s Sys=0.00s Real=0.00s
[2022-06-16T20:07:15.937+0000][6268][gc           ] GC(0) Concurrent Reset
[2022-06-16T20:07:15.938+0000][6268][gc           ] GC(0) Concurrent Reset 1.166ms
[2022-06-16T20:07:15.938+0000][6268][gc,cpu       ] GC(0) User=0.00s Sys=0.00s Real=0.00s
[2022-06-16T20:07:15.938+0000][6268][gc,heap      ] GC(0) Old: 0K->0K(878208K)
[2022-06-16T20:07:16.194+0000][6268][safepoint    ] Application time: 0.2590017 seconds
[2022-06-16T20:07:16.194+0000][6268][safepoint    ] Entering safepoint region: GenCollectForAllocation
[2022-06-16T20:07:16.194+0000][6268][gc,start     ] GC(2) Pause Young (Allocation Failure)
[2022-06-16T20:07:16.194+0000][6268][gc,task      ] GC(2) Using 2 workers of 2 for evacuation
[2022-06-16T20:07:16.210+0000][6268][gc,age       ] GC(2) Desired survivor size 8716288 bytes, new threshold 2 (max threshold 6)
[2022-06-16T20:07:16.210+0000][6268][gc,age       ] GC(2) Age table with threshold 2 (max threshold 6)
[2022-06-16T20:07:16.210+0000][6268][gc,age       ] GC(2) - age   1:    1708952 bytes,    1708952 total
[2022-06-16T20:07:16.210+0000][6268][gc,age       ] GC(2) - age   2:    8281720 bytes,    9990672 total
[2022-06-16T20:07:16.210+0000][6268][gc,heap      ] GC(2) ParNew: 144577K->14068K(153344K)
[2022-06-16T20:07:16.210+0000][6268][gc,heap      ] GC(2) CMS: 0K->0K(878208K)
[2022-06-16T20:07:16.210+0000][6268][gc,metaspace ] GC(2) Metaspace: 25099K->25099K(1073152K)
[2022-06-16T20:07:16.210+0000][6268][gc           ] GC(2) Pause Young (Allocation Failure) 141M->13M(1007M) 19.939ms
[2022-06-16T20:07:16.210+0000][6268][gc,cpu       ] GC(2) User=0.03s Sys=0.00s Real=0.02s
[2022-06-16T20:07:16.210+0000][6268][safepoint    ] Leaving safepoint region
[2022-06-16T20:07:16.210+0000][6268][safepoint    ] Total time for which application threads were stopped: 0.0201536 seconds, Stopping threads took: 0.0000264 seconds
[2022-06-16T20:07:16.210+0000][6268][safepoint    ] Application time: 0.0001303 seconds
[2022-06-16T20:07:16.210+0000][6268][safepoint    ] Entering safepoint region: BulkRevokeBias
[2022-06-16T20:07:16.210+0000][6268][safepoint    ] Leaving safepoint region
[2022-06-16T20:07:16.210+0000][6268][safepoint    ] Total time for which application threads were stopped: 0.0001111 seconds, Stopping threads took: 0.0000279 seconds
[2022-06-16T20:07:16.210+0000][6268][safepoint    ] Application time: 0.0000712 seconds
[2022-06-16T20:07:16.210+0000][6268][safepoint    ] Entering safepoint region: RevokeBias
[2022-06-16T20:07:16.210+0000][6268][safepoint    ] Leaving safepoint region
[2022-06-16T20:07:16.210+0000][6268][safepoint    ] Total time for which application threads were stopped: 0.0000719 seconds, Stopping threads took: 0.0000193 seconds
[2022-06-16T20:07:16.210+0000][6268][safepoint    ] Application time: 0.0000111 seconds
[2022-06-16T20:07:16.210+0000][6268][safepoint    ] Entering safepoint region: RevokeBias
[2022-06-16T20:07:16.210+0000][6268][safepoint    ] Leaving safepoint region
[2022-06-16T20:07:16.210+0000][6268][safepoint    ] Total time for which application threads were stopped: 0.0000629 seconds, Stopping threads took: 0.0000179 seconds
[2022-06-16T20:07:16.210+0000][6268][safepoint    ] Application time: 0.0000713 seconds
[2022-06-16T20:07:16.210+0000][6268][safepoint    ] Entering safepoint region: RevokeBias
[2022-06-16T20:07:16.210+0000][6268][safepoint    ] Leaving safepoint region
[2022-06-16T20:07:16.210+0000][6268][safepoint    ] Total time for which application threads were stopped: 0.0001680 seconds, Stopping threads took: 0.0001068 seconds
[2022-06-16T20:07:16.210+0000][6268][safepoint    ] Application time: 0.0000128 seconds
[2022-06-16T20:07:16.210+0000][6268][safepoint    ] Entering safepoint region: RevokeBias
[2022-06-16T20:07:16.210+0000][6268][safepoint    ] Leaving safepoint region
[2022-06-16T20:07:16.210+0000][6268][safepoint    ] Total time for which application threads were stopped: 0.0000683 seconds, Stopping threads took: 0.0000187 seconds
[2022-06-16T20:07:16.210+0000][6268][safepoint    ] Application time: 0.0000168 seconds
[2022-06-16T20:07:16.210+0000][6268][safepoint    ] Entering safepoint region: RevokeBias
[2022-06-16T20:07:16.210+0000][6268][safepoint    ] Leaving safepoint region
[2022-06-16T20:07:16.210+0000][6268][safepoint    ] Total time for which application threads were stopped: 0.0000929 seconds, Stopping threads took: 0.0000193 seconds
[2022-06-16T20:07:16.210+0000][6268][safepoint    ] Application time: 0.0000186 seconds
[2022-06-16T20:07:16.210+0000][6268][safepoint    ] Entering safepoint region: RevokeBias
[2022-06-16T20:07:16.210+0000][6268][safepoint    ] Leaving safepoint region
[2022-06-16T20:07:16.210+0000][6268][safepoint    ] Total time for which application threads were stopped: 0.0002094 seconds, Stopping threads took: 0.0001271 seconds
[2022-06-16T20:07:16.210+0000][6268][safepoint    ] Application time: 0.0000165 seconds
[2022-06-16T20:07:16.210+0000][6268][safepoint    ] Entering safepoint region: RevokeBias
[2022-06-16T20:07:16.210+0000][6268][safepoint    ] Leaving safepoint region
[2022-06-16T20:07:16.210+0000][6268][safepoint    ] Total time for which application threads were stopped: 0.0001009 seconds, Stopping threads took: 0.0000204 seconds
[2022-06-16T20:07:16.210+0000][6268][safepoint    ] Application time: 0.0000184 seconds
[2022-06-16T20:07:16.210+0000][6268][safepoint    ] Entering safepoint region: RevokeBias
[2022-06-16T20:07:16.210+0000][6268][safepoint    ] Leaving safepoint region
[2022-06-16T20:07:16.210+0000][6268][safepoint    ] Total time for which application threads were stopped: 0.0000902 seconds, Stopping threads took: 0.0000191 seconds
[2022-06-16T20:07:16.210+0000][6268][safepoint    ] Application time: 0.0000100 seconds
[2022-06-16T20:07:16.210+0000][6268][safepoint    ] Entering safepoint region: RevokeBias
[2022-06-16T20:07:16.210+0000][6268][safepoint    ] Leaving safepoint region
[2022-06-16T20:07:16.210+0000][6268][safepoint    ] Total time for which application threads were stopped: 0.0000879 seconds, Stopping threads took: 0.0000187 seconds
[2022-06-16T20:07:16.210+0000][6268][safepoint    ] Application time: 0.0000135 seconds
[2022-06-16T20:07:16.210+0000][6268][safepoint    ] Entering safepoint region: BulkRevokeBias
[2022-06-16T20:07:16.210+0000][6268][safepoint    ] Leaving safepoint region
[2022-06-16T20:07:16.210+0000][6268][safepoint    ] Total time for which application threads were stopped: 0.0001047 seconds, Stopping threads took: 0.0000190 seconds
[2022-06-16T20:07:16.210+0000][6268][safepoint    ] Application time: 0.0000096 seconds
[2022-06-16T20:07:16.210+0000][6268][safepoint    ] Entering safepoint region: BulkRevokeBias
[2022-06-16T20:07:16.210+0000][6268][safepoint    ] Leaving safepoint region
[2022-06-16T20:07:16.210+0000][6268][safepoint    ] Total time for which application threads were stopped: 0.0001787 seconds, Stopping threads took: 0.0000902 seconds
[2022-06-16T20:07:16.756+0000][6268][safepoint    ] Application time: 0.5438651 seconds
[2022-06-16T20:07:16.756+0000][6268][safepoint    ] Entering safepoint region: Deoptimize
[2022-06-16T20:07:16.756+0000][6268][safepoint    ] Leaving safepoint region
[2022-06-16T20:07:16.756+0000][6268][safepoint    ] Total time for which application threads were stopped: 0.0003844 seconds, Stopping threads took: 0.0000242 seconds
[2022-06-16T20:07:16.772+0000][6268][safepoint    ] Application time: 0.0134652 seconds
[2022-06-16T20:07:16.772+0000][6268][safepoint    ] Entering safepoint region: RevokeBias
[2022-06-16T20:07:16.772+0000][6268][safepoint    ] Leaving safepoint region
[2022-06-16T20:07:16.772+0000][6268][safepoint    ] Total time for which application threads were stopped: 0.0000889 seconds, Stopping threads took: 0.0000245 seconds
[2022-06-16T20:07:17.038+0000][6268][safepoint    ] Application time: 0.2635520 seconds
[2022-06-16T20:07:17.038+0000][6268][safepoint    ] Entering safepoint region: GenCollectForAllocation
[2022-06-16T20:07:17.038+0000][6268][gc,start     ] GC(3) Pause Young (Allocation Failure)
[2022-06-16T20:07:17.038+0000][6268][gc,task      ] GC(3) Using 2 workers of 2 for evacuation
[2022-06-16T20:07:17.069+0000][6268][gc,age       ] GC(3) Desired survivor size 8716288 bytes, new threshold 6 (max threshold 6)
[2022-06-16T20:07:17.069+0000][6268][gc,age       ] GC(3) Age table with threshold 6 (max threshold 6)
[2022-06-16T20:07:17.069+0000][6268][gc,age       ] GC(3) - age   1:    3806704 bytes,    3806704 total
[2022-06-16T20:07:17.069+0000][6268][gc,age       ] GC(3) - age   2:    1678288 bytes,    5484992 total
[2022-06-16T20:07:17.069+0000][6268][gc,heap      ] GC(3) ParNew: 150388K->8724K(153344K)
[2022-06-16T20:07:17.069+0000][6268][gc,heap      ] GC(3) CMS: 0K->8925K(878208K)
[2022-06-16T20:07:17.069+0000][6268][gc,metaspace ] GC(3) Metaspace: 25755K->25755K(1073152K)
[2022-06-16T20:07:17.069+0000][6268][gc           ] GC(3) Pause Young (Allocation Failure) 146M->17M(1007M) 43.421ms
[2022-06-16T20:07:17.069+0000][6268][gc,cpu       ] GC(3) User=0.06s Sys=0.00s Real=0.03s
[2022-06-16T20:07:17.069+0000][6268][safepoint    ] Leaving safepoint region
[2022-06-16T20:07:17.069+0000][6268][safepoint    ] Total time for which application threads were stopped: 0.0436184 seconds, Stopping threads took: 0.0000342 seconds
[2022-06-16T20:07:17.069+0000][6268][safepoint    ] Application time: 0.0001327 seconds
[2022-06-16T20:07:17.069+0000][6268][safepoint    ] Entering safepoint region: RevokeBias
[2022-06-16T20:07:17.069+0000][6268][safepoint    ] Leaving safepoint region
[2022-06-16T20:07:17.069+0000][6268][safepoint    ] Total time for which application threads were stopped: 0.0001149 seconds, Stopping threads took: 0.0000292 seconds
[2022-06-16T20:07:17.069+0000][6268][safepoint    ] Application time: 0.0000237 seconds
[2022-06-16T20:07:17.069+0000][6268][safepoint    ] Entering safepoint region: RevokeBias
[2022-06-16T20:07:17.069+0000][6268][safepoint    ] Leaving safepoint region
[2022-06-16T20:07:17.069+0000][6268][safepoint    ] Total time for which application threads were stopped: 0.0002517 seconds, Stopping threads took: 0.0001667 seconds
[2022-06-16T20:07:17.069+0000][6268][safepoint    ] Application time: 0.0000242 seconds
[2022-06-16T20:07:17.085+0000][6268][safepoint    ] Entering safepoint region: RevokeBias
[2022-06-16T20:07:17.085+0000][6268][safepoint    ] Leaving safepoint region
[2022-06-16T20:07:17.085+0000][6268][safepoint    ] Total time for which application threads were stopped: 0.0011965 seconds, Stopping threads took: 0.0011037 seconds
[2022-06-16T20:07:17.085+0000][6268][safepoint    ] Application time: 0.0000268 seconds
[2022-06-16T20:07:17.085+0000][6268][safepoint    ] Entering safepoint region: RevokeBias
[2022-06-16T20:07:17.085+0000][6268][safepoint    ] Leaving safepoint region
[2022-06-16T20:07:17.085+0000][6268][safepoint    ] Total time for which application threads were stopped: 0.0001460 seconds, Stopping threads took: 0.0000673 seconds
[2022-06-16T20:07:17.085+0000][6268][safepoint    ] Application time: 0.0000235 seconds
[2022-06-16T20:07:17.085+0000][6268][safepoint    ] Entering safepoint region: RevokeBias
[2022-06-16T20:07:17.085+0000][6268][safepoint    ] Leaving safepoint region
[2022-06-16T20:07:17.085+0000][6268][safepoint    ] Total time for which application threads were stopped: 0.0002487 seconds, Stopping threads took: 0.0001991 seconds
[2022-06-16T20:07:17.085+0000][6268][safepoint    ] Application time: 0.0000207 seconds
[2022-06-16T20:07:17.085+0000][6268][safepoint    ] Entering safepoint region: RevokeBias
[2022-06-16T20:07:17.085+0000][6268][safepoint    ] Leaving safepoint region
[2022-06-16T20:07:17.085+0000][6268][safepoint    ] Total time for which application threads were stopped: 0.0021579 seconds, Stopping threads took: 0.0020649 seconds
[2022-06-16T20:07:17.085+0000][6268][safepoint    ] Application time: 0.0000206 seconds
[2022-06-16T20:07:17.085+0000][6268][safepoint    ] Entering safepoint region: RevokeBias
[2022-06-16T20:07:17.085+0000][6268][safepoint    ] Leaving safepoint region
[2022-06-16T20:07:17.085+0000][6268][safepoint    ] Total time for which application threads were stopped: 0.0002271 seconds, Stopping threads took: 0.0001443 seconds
[2022-06-16T20:07:17.085+0000][6268][safepoint    ] Application time: 0.0000203 seconds
[2022-06-16T20:07:17.085+0000][6268][safepoint    ] Entering safepoint region: RevokeBias
[2022-06-16T20:07:17.085+0000][6268][safepoint    ] Leaving safepoint region
[2022-06-16T20:07:17.085+0000][6268][safepoint    ] Total time for which application threads were stopped: 0.0008015 seconds, Stopping threads took: 0.0007100 seconds
[2022-06-16T20:07:17.085+0000][6268][safepoint    ] Application time: 0.0000491 seconds
[2022-06-16T20:07:17.085+0000][6268][safepoint    ] Entering safepoint region: RevokeBias
[2022-06-16T20:07:17.085+0000][6268][safepoint    ] Leaving safepoint region
[2022-06-16T20:07:17.085+0000][6268][safepoint    ] Total time for which application threads were stopped: 0.0026658 seconds, Stopping threads took: 0.0025571 seconds
[2022-06-16T20:07:17.085+0000][6268][safepoint    ] Application time: 0.0000213 seconds
[2022-06-16T20:07:17.085+0000][6268][safepoint    ] Entering safepoint region: RevokeBias
[2022-06-16T20:07:17.085+0000][6268][safepoint    ] Leaving safepoint region
[2022-06-16T20:07:17.085+0000][6268][safepoint    ] Total time for which application threads were stopped: 0.0000930 seconds, Stopping threads took: 0.0000187 seconds
[2022-06-16T20:07:17.085+0000][6268][safepoint    ] Application time: 0.0000110 seconds
[2022-06-16T20:07:17.085+0000][6268][safepoint    ] Entering safepoint region: RevokeBias
[2022-06-16T20:07:17.085+0000][6268][safepoint    ] Leaving safepoint region
[2022-06-16T20:07:17.085+0000][6268][safepoint    ] Total time for which application threads were stopped: 0.0000915 seconds, Stopping threads took: 0.0000176 seconds
[2022-06-16T20:07:17.085+0000][6268][safepoint    ] Application time: 0.0000116 seconds
[2022-06-16T20:07:17.085+0000][6268][safepoint    ] Entering safepoint region: RevokeBias
[2022-06-16T20:07:17.085+0000][6268][safepoint    ] Leaving safepoint region
[2022-06-16T20:07:17.085+0000][6268][safepoint    ] Total time for which application threads were stopped: 0.0000921 seconds, Stopping threads took: 0.0000181 seconds
[2022-06-16T20:07:17.085+0000][6268][safepoint    ] Application time: 0.0000110 seconds
[2022-06-16T20:07:17.085+0000][6268][safepoint    ] Entering safepoint region: RevokeBias
[2022-06-16T20:07:17.085+0000][6268][safepoint    ] Leaving safepoint region
[2022-06-16T20:07:17.085+0000][6268][safepoint    ] Total time for which application threads were stopped: 0.0000879 seconds, Stopping threads took: 0.0000180 seconds
[2022-06-16T20:07:17.085+0000][6268][safepoint    ] Application time: 0.0000105 seconds
[2022-06-16T20:07:17.085+0000][6268][safepoint    ] Entering safepoint region: RevokeBias
[2022-06-16T20:07:17.085+0000][6268][safepoint    ] Leaving safepoint region
[2022-06-16T20:07:17.085+0000][6268][safepoint    ] Total time for which application threads were stopped: 0.0000867 seconds, Stopping threads took: 0.0000175 seconds
[2022-06-16T20:07:17.085+0000][6268][safepoint    ] Application time: 0.0000106 seconds
[2022-06-16T20:07:17.085+0000][6268][safepoint    ] Entering safepoint region: RevokeBias
[2022-06-16T20:07:17.085+0000][6268][safepoint    ] Leaving safepoint region
[2022-06-16T20:07:17.085+0000][6268][safepoint    ] Total time for which application threads were stopped: 0.0000865 seconds, Stopping threads took: 0.0000174 seconds
[2022-06-16T20:07:17.085+0000][6268][safepoint    ] Application time: 0.0000107 seconds
[2022-06-16T20:07:17.085+0000][6268][safepoint    ] Entering safepoint region: RevokeBias
[2022-06-16T20:07:17.085+0000][6268][safepoint    ] Leaving safepoint region
[2022-06-16T20:07:17.085+0000][6268][safepoint    ] Total time for which application threads were stopped: 0.0000895 seconds, Stopping threads took: 0.0000186 seconds
[2022-06-16T20:07:17.085+0000][6268][safepoint    ] Application time: 0.0000119 seconds
[2022-06-16T20:07:17.085+0000][6268][safepoint    ] Entering safepoint region: RevokeBias
[2022-06-16T20:07:17.085+0000][6268][safepoint    ] Leaving safepoint region
[2022-06-16T20:07:17.085+0000][6268][safepoint    ] Total time for which application threads were stopped: 0.0000890 seconds, Stopping threads took: 0.0000168 seconds
[2022-06-16T20:07:17.085+0000][6268][safepoint    ] Application time: 0.0000123 seconds
[2022-06-16T20:07:17.085+0000][6268][safepoint    ] Entering safepoint region: RevokeBias
[2022-06-16T20:07:17.085+0000][6268][safepoint    ] Leaving safepoint region
[2022-06-16T20:07:17.085+0000][6268][safepoint    ] Total time for which application threads were stopped: 0.0000884 seconds, Stopping threads took: 0.0000167 seconds
[2022-06-16T20:07:17.085+0000][6268][safepoint    ] Application time: 0.0000126 seconds
[2022-06-16T20:07:17.085+0000][6268][safepoint    ] Entering safepoint region: RevokeBias
[2022-06-16T20:07:17.085+0000][6268][safepoint    ] Leaving safepoint region
[2022-06-16T20:07:17.085+0000][6268][safepoint    ] Total time for which application threads were stopped: 0.0000898 seconds, Stopping threads took: 0.0000175 seconds
[2022-06-16T20:07:17.085+0000][6268][safepoint    ] Application time: 0.0000116 seconds
[2022-06-16T20:07:17.085+0000][6268][safepoint    ] Entering safepoint region: RevokeBias
[2022-06-16T20:07:17.085+0000][6268][safepoint    ] Leaving safepoint region
[2022-06-16T20:07:17.085+0000][6268][safepoint    ] Total time for which application threads were stopped: 0.0000942 seconds, Stopping threads took: 0.0000181 seconds
[2022-06-16T20:07:17.085+0000][6268][safepoint    ] Application time: 0.0000131 seconds
[2022-06-16T20:07:17.085+0000][6268][safepoint    ] Entering safepoint region: RevokeBias
[2022-06-16T20:07:17.085+0000][6268][safepoint    ] Leaving safepoint region
[2022-06-16T20:07:17.085+0000][6268][safepoint    ] Total time for which application threads were stopped: 0.0000919 seconds, Stopping threads took: 0.0000184 seconds
[2022-06-16T20:07:17.085+0000][6268][safepoint    ] Application time: 0.0000130 seconds
[2022-06-16T20:07:17.085+0000][6268][safepoint    ] Entering safepoint region: RevokeBias
[2022-06-16T20:07:17.085+0000][6268][safepoint    ] Leaving safepoint region
[2022-06-16T20:07:17.085+0000][6268][safepoint    ] Total time for which application threads were stopped: 0.0001067 seconds, Stopping threads took: 0.0000188 seconds
[2022-06-16T20:07:17.085+0000][6268][safepoint    ] Application time: 0.0000724 seconds
[2022-06-16T20:07:17.085+0000][6268][safepoint    ] Entering safepoint region: RevokeBias
[2022-06-16T20:07:17.085+0000][6268][safepoint    ] Leaving safepoint region
[2022-06-16T20:07:17.085+0000][6268][safepoint    ] Total time for which application threads were stopped: 0.0001072 seconds, Stopping threads took: 0.0000175 seconds
[2022-06-16T20:07:17.085+0000][6268][safepoint    ] Application time: 0.0000142 seconds
[2022-06-16T20:07:17.085+0000][6268][safepoint    ] Entering safepoint region: BulkRevokeBias
[2022-06-16T20:07:17.085+0000][6268][safepoint    ] Leaving safepoint region
[2022-06-16T20:07:17.085+0000][6268][safepoint    ] Total time for which application threads were stopped: 0.0001449 seconds, Stopping threads took: 0.0000181 seconds
[2022-06-16T20:07:17.366+0000][6268][safepoint    ] Application time: 0.2731930 seconds
[2022-06-16T20:07:17.366+0000][6268][safepoint    ] Entering safepoint region: GenCollectForAllocation
[2022-06-16T20:07:17.366+0000][6268][gc,start     ] GC(4) Pause Young (Allocation Failure)
[2022-06-16T20:07:17.366+0000][6268][gc,task      ] GC(4) Using 2 workers of 2 for evacuation
[2022-06-16T20:07:17.366+0000][6268][gc,age       ] GC(4) Desired survivor size 8716288 bytes, new threshold 6 (max threshold 6)
[2022-06-16T20:07:17.366+0000][6268][gc,age       ] GC(4) Age table with threshold 6 (max threshold 6)
[2022-06-16T20:07:17.366+0000][6268][gc,age       ] GC(4) - age   1:    2626256 bytes,    2626256 total
[2022-06-16T20:07:17.366+0000][6268][gc,age       ] GC(4) - age   2:    1684008 bytes,    4310264 total
[2022-06-16T20:07:17.366+0000][6268][gc,age       ] GC(4) - age   3:    1678264 bytes,    5988528 total
[2022-06-16T20:07:17.366+0000][6268][gc,heap      ] GC(4) ParNew: 145044K->9297K(153344K)
[2022-06-16T20:07:17.366+0000][6268][gc,heap      ] GC(4) CMS: 8925K->8925K(878208K)
[2022-06-16T20:07:17.366+0000][6268][gc,metaspace ] GC(4) Metaspace: 25876K->25876K(1073152K)
[2022-06-16T20:07:17.366+0000][6268][gc           ] GC(4) Pause Young (Allocation Failure) 150M->17M(1007M) 10.382ms
[2022-06-16T20:07:17.366+0000][6268][gc,cpu       ] GC(4) User=0.00s Sys=0.00s Real=0.00s
[2022-06-16T20:07:17.366+0000][6268][safepoint    ] Leaving safepoint region
[2022-06-16T20:07:17.366+0000][6268][safepoint    ] Total time for which application threads were stopped: 0.0105668 seconds, Stopping threads took: 0.0000261 seconds
[2022-06-16T20:07:17.366+0000][6268][safepoint    ] Application time: 0.0000842 seconds
[2022-06-16T20:07:17.366+0000][6268][safepoint    ] Entering safepoint region: RevokeBias
[2022-06-16T20:07:17.366+0000][6268][safepoint    ] Leaving safepoint region
[2022-06-16T20:07:17.366+0000][6268][safepoint    ] Total time for which application threads were stopped: 0.0001057 seconds, Stopping threads took: 0.0000220 seconds
[2022-06-16T20:07:17.366+0000][6268][safepoint    ] Application time: 0.0000201 seconds
[2022-06-16T20:07:17.366+0000][6268][safepoint    ] Entering safepoint region: RevokeBias
[2022-06-16T20:07:17.366+0000][6268][safepoint    ] Leaving safepoint region
[2022-06-16T20:07:17.366+0000][6268][safepoint    ] Total time for which application threads were stopped: 0.0000694 seconds, Stopping threads took: 0.0000154 seconds
[2022-06-16T20:07:17.366+0000][6268][safepoint    ] Application time: 0.0000147 seconds
[2022-06-16T20:07:17.366+0000][6268][safepoint    ] Entering safepoint region: RevokeBias
[2022-06-16T20:07:17.366+0000][6268][safepoint    ] Leaving safepoint region
[2022-06-16T20:07:17.366+0000][6268][safepoint    ] Total time for which application threads were stopped: 0.0001360 seconds, Stopping threads took: 0.0000503 seconds
[2022-06-16T20:07:18.381+0000][6268][safepoint    ] Application time: 1.0093008 seconds
[2022-06-16T20:07:18.397+0000][6268][safepoint    ] Entering safepoint region: Cleanup
[2022-06-16T20:07:18.397+0000][6268][safepoint    ] Leaving safepoint region
[2022-06-16T20:07:18.397+0000][6268][safepoint    ] Total time for which application threads were stopped: 0.0217655 seconds, Stopping threads took: 0.0216892 seconds
[2022-06-16T20:07:18.475+0000][6268][safepoint    ] Application time: 0.0658025 seconds
[2022-06-16T20:07:18.475+0000][6268][safepoint    ] Entering safepoint region: GenCollectForAllocation
[2022-06-16T20:07:18.475+0000][6268][gc,start     ] GC(5) Pause Young (Allocation Failure)
[2022-06-16T20:07:18.475+0000][6268][gc,task      ] GC(5) Using 2 workers of 2 for evacuation
[2022-06-16T20:07:18.475+0000][6268][gc,age       ] GC(5) Desired survivor size 8716288 bytes, new threshold 6 (max threshold 6)
[2022-06-16T20:07:18.475+0000][6268][gc,age       ] GC(5) Age table with threshold 6 (max threshold 6)
[2022-06-16T20:07:18.475+0000][6268][gc,age       ] GC(5) - age   1:    1933168 bytes,    1933168 total
[2022-06-16T20:07:18.475+0000][6268][gc,age       ] GC(5) - age   2:     290424 bytes,    2223592 total
[2022-06-16T20:07:18.475+0000][6268][gc,age       ] GC(5) - age   3:    1683960 bytes,    3907552 total
[2022-06-16T20:07:18.475+0000][6268][gc,age       ] GC(5) - age   4:    1675840 bytes,    5583392 total
[2022-06-16T20:07:18.475+0000][6268][gc,heap      ] GC(5) ParNew: 145617K->8903K(153344K)
[2022-06-16T20:07:18.475+0000][6268][gc,heap      ] GC(5) CMS: 8925K->8925K(878208K)
[2022-06-16T20:07:18.475+0000][6268][gc,metaspace ] GC(5) Metaspace: 26523K->26523K(1073152K)
[2022-06-16T20:07:18.475+0000][6268][gc           ] GC(5) Pause Young (Allocation Failure) 150M->17M(1007M) 7.635ms
[2022-06-16T20:07:18.475+0000][6268][gc,cpu       ] GC(5) User=0.00s Sys=0.00s Real=0.00s
[2022-06-16T20:07:18.475+0000][6268][safepoint    ] Leaving safepoint region
[2022-06-16T20:07:18.475+0000][6268][safepoint    ] Total time for which application threads were stopped: 0.0077913 seconds, Stopping threads took: 0.0000258 seconds
[2022-06-16T20:07:18.475+0000][6268][safepoint    ] Application time: 0.0000600 seconds
[2022-06-16T20:07:18.475+0000][6268][safepoint    ] Entering safepoint region: RevokeBias
[2022-06-16T20:07:18.475+0000][6268][safepoint    ] Leaving safepoint region
[2022-06-16T20:07:18.475+0000][6268][safepoint    ] Total time for which application threads were stopped: 0.0001489 seconds, Stopping threads took: 0.0000347 seconds
[2022-06-16T20:07:18.475+0000][6268][safepoint    ] Application time: 0.0000237 seconds
[2022-06-16T20:07:18.475+0000][6268][safepoint    ] Entering safepoint region: RevokeBias
[2022-06-16T20:07:18.475+0000][6268][safepoint    ] Leaving safepoint region
[2022-06-16T20:07:18.475+0000][6268][safepoint    ] Total time for which application threads were stopped: 0.0000712 seconds, Stopping threads took: 0.0000203 seconds
[2022-06-16T20:07:18.475+0000][6268][safepoint    ] Application time: 0.0000177 seconds
[2022-06-16T20:07:18.475+0000][6268][safepoint    ] Entering safepoint region: RevokeBias
[2022-06-16T20:07:18.475+0000][6268][safepoint    ] Leaving safepoint region
[2022-06-16T20:07:18.475+0000][6268][safepoint    ] Total time for which application threads were stopped: 0.0001244 seconds, Stopping threads took: 0.0000495 seconds
[2022-06-16T20:07:18.475+0000][6268][safepoint    ] Application time: 0.0000176 seconds
[2022-06-16T20:07:18.475+0000][6268][safepoint    ] Entering safepoint region: RevokeBias
[2022-06-16T20:07:18.475+0000][6268][safepoint    ] Leaving safepoint region
[2022-06-16T20:07:18.475+0000][6268][safepoint    ] Total time for which application threads were stopped: 0.0001049 seconds, Stopping threads took: 0.0000335 seconds
[2022-06-16T20:07:18.475+0000][6268][safepoint    ] Application time: 0.0000169 seconds
[2022-06-16T20:07:18.475+0000][6268][safepoint    ] Entering safepoint region: RevokeBias
[2022-06-16T20:07:18.475+0000][6268][safepoint    ] Leaving safepoint region
[2022-06-16T20:07:18.475+0000][6268][safepoint    ] Total time for which application threads were stopped: 0.0001052 seconds, Stopping threads took: 0.0000337 seconds
[2022-06-16T20:07:18.475+0000][6268][safepoint    ] Application time: 0.0000173 seconds
[2022-06-16T20:07:18.475+0000][6268][safepoint    ] Entering safepoint region: RevokeBias
[2022-06-16T20:07:18.475+0000][6268][safepoint    ] Leaving safepoint region
[2022-06-16T20:07:18.475+0000][6268][safepoint    ] Total time for which application threads were stopped: 0.0001043 seconds, Stopping threads took: 0.0000325 seconds
[2022-06-16T20:07:18.804+0000][6268][safepoint    ] Application time: 0.3341649 seconds
[2022-06-16T20:07:18.804+0000][6268][safepoint    ] Entering safepoint region: GenCollectForAllocation
[2022-06-16T20:07:18.804+0000][6268][gc,start     ] GC(6) Pause Young (Allocation Failure)
[2022-06-16T20:07:18.804+0000][6268][gc,task      ] GC(6) Using 2 workers of 2 for evacuation
[2022-06-16T20:07:18.835+0000][6268][gc,age       ] GC(6) Desired survivor size 8716288 bytes, new threshold 6 (max threshold 6)
[2022-06-16T20:07:18.835+0000][6268][gc,age       ] GC(6) Age table with threshold 6 (max threshold 6)
[2022-06-16T20:07:18.835+0000][6268][gc,age       ] GC(6) - age   1:    2884072 bytes,    2884072 total
[2022-06-16T20:07:18.835+0000][6268][gc,age       ] GC(6) - age   2:    1760640 bytes,    4644712 total
[2022-06-16T20:07:18.835+0000][6268][gc,age       ] GC(6) - age   3:     290424 bytes,    4935136 total
[2022-06-16T20:07:18.835+0000][6268][gc,age       ] GC(6) - age   4:    1683960 bytes,    6619096 total
[2022-06-16T20:07:18.835+0000][6268][gc,age       ] GC(6) - age   5:    1675048 bytes,    8294144 total
[2022-06-16T20:07:18.835+0000][6268][gc,heap      ] GC(6) ParNew: 145223K->11146K(153344K)
[2022-06-16T20:07:18.835+0000][6268][gc,heap      ] GC(6) CMS: 8925K->8925K(878208K)
[2022-06-16T20:07:18.835+0000][6268][gc,metaspace ] GC(6) Metaspace: 26693K->26693K(1073152K)
[2022-06-16T20:07:18.835+0000][6268][gc           ] GC(6) Pause Young (Allocation Failure) 150M->19M(1007M) 21.115ms
[2022-06-16T20:07:18.835+0000][6268][gc,cpu       ] GC(6) User=0.06s Sys=0.00s Real=0.03s
[2022-06-16T20:07:18.835+0000][6268][safepoint    ] Leaving safepoint region
[2022-06-16T20:07:18.835+0000][6268][safepoint    ] Total time for which application threads were stopped: 0.0212966 seconds, Stopping threads took: 0.0000264 seconds
[2022-06-16T20:07:18.835+0000][6268][safepoint    ] Application time: 0.0000641 seconds
[2022-06-16T20:07:18.835+0000][6268][safepoint    ] Entering safepoint region: RevokeBias
[2022-06-16T20:07:18.835+0000][6268][safepoint    ] Leaving safepoint region
[2022-06-16T20:07:18.835+0000][6268][safepoint    ] Total time for which application threads were stopped: 0.0001166 seconds, Stopping threads took: 0.0000329 seconds
[2022-06-16T20:07:18.835+0000][6268][safepoint    ] Application time: 0.0000185 seconds
[2022-06-16T20:07:18.835+0000][6268][safepoint    ] Entering safepoint region: RevokeBias
[2022-06-16T20:07:18.835+0000][6268][safepoint    ] Leaving safepoint region
[2022-06-16T20:07:18.835+0000][6268][safepoint    ] Total time for which application threads were stopped: 0.0000727 seconds, Stopping threads took: 0.0000193 seconds
[2022-06-16T20:07:18.835+0000][6268][safepoint    ] Application time: 0.0000130 seconds
[2022-06-16T20:07:18.835+0000][6268][safepoint    ] Entering safepoint region: RevokeBias
[2022-06-16T20:07:18.835+0000][6268][safepoint    ] Leaving safepoint region
[2022-06-16T20:07:18.835+0000][6268][safepoint    ] Total time for which application threads were stopped: 0.0000698 seconds, Stopping threads took: 0.0000191 seconds
[2022-06-16T20:07:18.835+0000][6268][safepoint    ] Application time: 0.0000123 seconds
[2022-06-16T20:07:18.835+0000][6268][safepoint    ] Entering safepoint region: RevokeBias
[2022-06-16T20:07:18.835+0000][6268][safepoint    ] Leaving safepoint region
[2022-06-16T20:07:18.835+0000][6268][safepoint    ] Total time for which application threads were stopped: 0.0000660 seconds, Stopping threads took: 0.0000180 seconds
[2022-06-16T20:07:18.835+0000][6268][safepoint    ] Application time: 0.0000116 seconds
[2022-06-16T20:07:18.835+0000][6268][safepoint    ] Entering safepoint region: RevokeBias
[2022-06-16T20:07:18.835+0000][6268][safepoint    ] Leaving safepoint region
[2022-06-16T20:07:18.835+0000][6268][safepoint    ] Total time for which application threads were stopped: 0.0000661 seconds, Stopping threads took: 0.0000183 seconds
[2022-06-16T20:07:18.835+0000][6268][safepoint    ] Application time: 0.0000114 seconds
[2022-06-16T20:07:18.835+0000][6268][safepoint    ] Entering safepoint region: RevokeBias
[2022-06-16T20:07:18.835+0000][6268][safepoint    ] Leaving safepoint region
[2022-06-16T20:07:18.835+0000][6268][safepoint    ] Total time for which application threads were stopped: 0.0000643 seconds, Stopping threads took: 0.0000183 seconds
[2022-06-16T20:07:18.835+0000][6268][safepoint    ] Application time: 0.0000128 seconds
[2022-06-16T20:07:18.835+0000][6268][safepoint    ] Entering safepoint region: BulkRevokeBias
[2022-06-16T20:07:18.835+0000][6268][safepoint    ] Leaving safepoint region
[2022-06-16T20:07:18.835+0000][6268][safepoint    ] Total time for which application threads were stopped: 0.0000748 seconds, Stopping threads took: 0.0000185 seconds
[2022-06-16T20:07:19.835+0000][6268][safepoint    ] Application time: 0.9942806 seconds
[2022-06-16T20:07:19.835+0000][6268][safepoint    ] Entering safepoint region: Cleanup
[2022-06-16T20:07:19.835+0000][6268][safepoint    ] Leaving safepoint region
[2022-06-16T20:07:19.835+0000][6268][safepoint    ] Total time for which application threads were stopped: 0.0013284 seconds, Stopping threads took: 0.0012827 seconds
[2022-06-16T20:07:19.851+0000][6268][safepoint    ] Application time: 0.0228307 seconds
[2022-06-16T20:07:19.851+0000][6268][safepoint    ] Entering safepoint region: GenCollectForAllocation
[2022-06-16T20:07:19.851+0000][6268][gc,start     ] GC(7) Pause Young (Allocation Failure)
[2022-06-16T20:07:19.851+0000][6268][gc,task      ] GC(7) Using 2 workers of 2 for evacuation
[2022-06-16T20:07:19.867+0000][6268][gc,age       ] GC(7) Desired survivor size 8716288 bytes, new threshold 6 (max threshold 6)
[2022-06-16T20:07:19.867+0000][6268][gc,age       ] GC(7) Age table with threshold 6 (max threshold 6)
[2022-06-16T20:07:19.867+0000][6268][gc,age       ] GC(7) - age   1:    1544048 bytes,    1544048 total
[2022-06-16T20:07:19.867+0000][6268][gc,age       ] GC(7) - age   2:     545760 bytes,    2089808 total
[2022-06-16T20:07:19.867+0000][6268][gc,age       ] GC(7) - age   3:    1760512 bytes,    3850320 total
[2022-06-16T20:07:19.867+0000][6268][gc,age       ] GC(7) - age   4:     290424 bytes,    4140744 total
[2022-06-16T20:07:19.867+0000][6268][gc,age       ] GC(7) - age   5:    1683816 bytes,    5824560 total
[2022-06-16T20:07:19.867+0000][6268][gc,age       ] GC(7) - age   6:    1675048 bytes,    7499608 total
[2022-06-16T20:07:19.867+0000][6268][gc,heap      ] GC(7) ParNew: 147466K->11202K(153344K)
[2022-06-16T20:07:19.867+0000][6268][gc,heap      ] GC(7) CMS: 8925K->8925K(878208K)
[2022-06-16T20:07:19.867+0000][6268][gc,metaspace ] GC(7) Metaspace: 26778K->26778K(1075200K)
[2022-06-16T20:07:19.867+0000][6268][gc           ] GC(7) Pause Young (Allocation Failure) 152M->19M(1007M) 11.926ms
[2022-06-16T20:07:19.867+0000][6268][gc,cpu       ] GC(7) User=0.02s Sys=0.00s Real=0.02s
[2022-06-16T20:07:19.867+0000][6268][safepoint    ] Leaving safepoint region
[2022-06-16T20:07:19.867+0000][6268][safepoint    ] Total time for which application threads were stopped: 0.0121002 seconds, Stopping threads took: 0.0000282 seconds
[2022-06-16T20:07:20.429+0000][6268][safepoint    ] Application time: 0.5623506 seconds
[2022-06-16T20:07:20.429+0000][6268][safepoint    ] Entering safepoint region: GenCollectForAllocation
[2022-06-16T20:07:20.429+0000][6268][gc,start     ] GC(8) Pause Young (Allocation Failure)
[2022-06-16T20:07:20.429+0000][6268][gc,task      ] GC(8) Using 2 workers of 2 for evacuation
[2022-06-16T20:07:20.445+0000][6268][gc,age       ] GC(8) Desired survivor size 8716288 bytes, new threshold 6 (max threshold 6)
[2022-06-16T20:07:20.445+0000][6268][gc,age       ] GC(8) Age table with threshold 6 (max threshold 6)
[2022-06-16T20:07:20.445+0000][6268][gc,age       ] GC(8) - age   1:    1290176 bytes,    1290176 total
[2022-06-16T20:07:20.445+0000][6268][gc,age       ] GC(8) - age   2:    1526608 bytes,    2816784 total
[2022-06-16T20:07:20.445+0000][6268][gc,age       ] GC(8) - age   3:     545656 bytes,    3362440 total
[2022-06-16T20:07:20.445+0000][6268][gc,age       ] GC(8) - age   4:    1760224 bytes,    5122664 total
[2022-06-16T20:07:20.445+0000][6268][gc,age       ] GC(8) - age   5:     290424 bytes,    5413088 total
[2022-06-16T20:07:20.445+0000][6268][gc,age       ] GC(8) - age   6:    1683816 bytes,    7096904 total
[2022-06-16T20:07:20.445+0000][6268][gc,heap      ] GC(8) ParNew: 147522K->11039K(153344K)
[2022-06-16T20:07:20.445+0000][6268][gc,heap      ] GC(8) CMS: 8925K->10576K(878208K)
[2022-06-16T20:07:20.445+0000][6268][gc,metaspace ] GC(8) Metaspace: 27218K->27218K(1075200K)
[2022-06-16T20:07:20.445+0000][6268][gc           ] GC(8) Pause Young (Allocation Failure) 152M->21M(1007M) 16.035ms
[2022-06-16T20:07:20.445+0000][6268][gc,cpu       ] GC(8) User=0.03s Sys=0.00s Real=0.02s
[2022-06-16T20:07:20.445+0000][6268][safepoint    ] Leaving safepoint region
[2022-06-16T20:07:20.445+0000][6268][safepoint    ] Total time for which application threads were stopped: 0.0162037 seconds, Stopping threads took: 0.0000248 seconds
[2022-06-16T20:07:21.101+0000][6268][safepoint    ] Application time: 0.6565236 seconds
[2022-06-16T20:07:21.101+0000][6268][safepoint    ] Entering safepoint region: GenCollectForAllocation
[2022-06-16T20:07:21.101+0000][6268][gc,start     ] GC(9) Pause Young (Allocation Failure)
[2022-06-16T20:07:21.101+0000][6268][gc,task      ] GC(9) Using 2 workers of 2 for evacuation
[2022-06-16T20:07:21.117+0000][6268][gc,age       ] GC(9) Desired survivor size 8716288 bytes, new threshold 6 (max threshold 6)
[2022-06-16T20:07:21.117+0000][6268][gc,age       ] GC(9) Age table with threshold 6 (max threshold 6)
[2022-06-16T20:07:21.117+0000][6268][gc,age       ] GC(9) - age   1:     750336 bytes,     750336 total
[2022-06-16T20:07:21.117+0000][6268][gc,age       ] GC(9) - age   2:     312824 bytes,    1063160 total
[2022-06-16T20:07:21.117+0000][6268][gc,age       ] GC(9) - age   3:    1526488 bytes,    2589648 total
[2022-06-16T20:07:21.117+0000][6268][gc,age       ] GC(9) - age   4:     545656 bytes,    3135304 total
[2022-06-16T20:07:21.117+0000][6268][gc,age       ] GC(9) - age   5:    1760224 bytes,    4895528 total
[2022-06-16T20:07:21.117+0000][6268][gc,age       ] GC(9) - age   6:     290424 bytes,    5185952 total
[2022-06-16T20:07:21.117+0000][6268][gc,heap      ] GC(9) ParNew: 147359K->7037K(153344K)
[2022-06-16T20:07:21.117+0000][6268][gc,heap      ] GC(9) CMS: 10576K->12234K(878208K)
[2022-06-16T20:07:21.117+0000][6268][gc,metaspace ] GC(9) Metaspace: 27460K->27460K(1075200K)
[2022-06-16T20:07:21.117+0000][6268][gc           ] GC(9) Pause Young (Allocation Failure) 154M->18M(1007M) 9.779ms
[2022-06-16T20:07:21.117+0000][6268][gc,cpu       ] GC(9) User=0.02s Sys=0.00s Real=0.02s
[2022-06-16T20:07:21.117+0000][6268][safepoint    ] Leaving safepoint region
[2022-06-16T20:07:21.117+0000][6268][safepoint    ] Total time for which application threads were stopped: 0.0099610 seconds, Stopping threads took: 0.0000266 seconds
[2022-06-16T20:07:21.742+0000][6268][safepoint    ] Application time: 0.6400918 seconds
[2022-06-16T20:07:21.742+0000][6268][safepoint    ] Entering safepoint region: GenCollectForAllocation
[2022-06-16T20:07:21.757+0000][6268][gc,start     ] GC(10) Pause Young (Allocation Failure)
[2022-06-16T20:07:21.757+0000][6268][gc,task      ] GC(10) Using 2 workers of 2 for evacuation
[2022-06-16T20:07:21.757+0000][6268][gc,age       ] GC(10) Desired survivor size 8716288 bytes, new threshold 6 (max threshold 6)
[2022-06-16T20:07:21.757+0000][6268][gc,age       ] GC(10) Age table with threshold 6 (max threshold 6)
[2022-06-16T20:07:21.757+0000][6268][gc,age       ] GC(10) - age   1:    2045576 bytes,    2045576 total
[2022-06-16T20:07:21.757+0000][6268][gc,age       ] GC(10) - age   2:     193528 bytes,    2239104 total
[2022-06-16T20:07:21.757+0000][6268][gc,age       ] GC(10) - age   3:     312824 bytes,    2551928 total
[2022-06-16T20:07:21.757+0000][6268][gc,age       ] GC(10) - age   4:    1526488 bytes,    4078416 total
[2022-06-16T20:07:21.757+0000][6268][gc,age       ] GC(10) - age   5:     545656 bytes,    4624072 total
[2022-06-16T20:07:21.757+0000][6268][gc,age       ] GC(10) - age   6:    1759240 bytes,    6383312 total
[2022-06-16T20:07:21.757+0000][6268][gc,heap      ] GC(10) ParNew: 143357K->8336K(153344K)
[2022-06-16T20:07:21.757+0000][6268][gc,heap      ] GC(10) CMS: 12234K->12520K(878208K)
[2022-06-16T20:07:21.757+0000][6268][gc,metaspace ] GC(10) Metaspace: 27680K->27680K(1075200K)
[2022-06-16T20:07:21.757+0000][6268][gc           ] GC(10) Pause Young (Allocation Failure) 151M->20M(1007M) 6.644ms
[2022-06-16T20:07:21.757+0000][6268][gc,cpu       ] GC(10) User=0.00s Sys=0.00s Real=0.00s
[2022-06-16T20:07:21.757+0000][6268][safepoint    ] Leaving safepoint region
[2022-06-16T20:07:21.757+0000][6268][safepoint    ] Total time for which application threads were stopped: 0.0068299 seconds, Stopping threads took: 0.0000215 seconds
[2022-06-16T20:07:22.617+0000][6268][safepoint    ] Application time: 0.8614303 seconds
[2022-06-16T20:07:22.617+0000][6268][safepoint    ] Entering safepoint region: GenCollectForAllocation
[2022-06-16T20:07:22.617+0000][6268][gc,start     ] GC(11) Pause Young (Allocation Failure)
[2022-06-16T20:07:22.617+0000][6268][gc,task      ] GC(11) Using 2 workers of 2 for evacuation
[2022-06-16T20:07:22.632+0000][6268][gc,age       ] GC(11) Desired survivor size 8716288 bytes, new threshold 6 (max threshold 6)
[2022-06-16T20:07:22.632+0000][6268][gc,age       ] GC(11) Age table with threshold 6 (max threshold 6)
[2022-06-16T20:07:22.632+0000][6268][gc,age       ] GC(11) - age   1:     679488 bytes,     679488 total
[2022-06-16T20:07:22.632+0000][6268][gc,age       ] GC(11) - age   2:     123728 bytes,     803216 total
[2022-06-16T20:07:22.632+0000][6268][gc,age       ] GC(11) - age   3:     193528 bytes,     996744 total
[2022-06-16T20:07:22.632+0000][6268][gc,age       ] GC(11) - age   4:     312672 bytes,    1309416 total
[2022-06-16T20:07:22.632+0000][6268][gc,age       ] GC(11) - age   5:    1526488 bytes,    2835904 total
[2022-06-16T20:07:22.632+0000][6268][gc,age       ] GC(11) - age   6:     545656 bytes,    3381560 total
[2022-06-16T20:07:22.632+0000][6268][gc,heap      ] GC(11) ParNew: 144656K->6064K(153344K)
[2022-06-16T20:07:22.632+0000][6268][gc,heap      ] GC(11) CMS: 12520K->14246K(878208K)
[2022-06-16T20:07:22.632+0000][6268][gc,metaspace ] GC(11) Metaspace: 27723K->27723K(1075200K)
[2022-06-16T20:07:22.632+0000][6268][gc           ] GC(11) Pause Young (Allocation Failure) 153M->19M(1007M) 11.742ms
[2022-06-16T20:07:22.632+0000][6268][gc,cpu       ] GC(11) User=0.02s Sys=0.00s Real=0.01s
[2022-06-16T20:07:22.632+0000][6268][safepoint    ] Leaving safepoint region
[2022-06-16T20:07:22.632+0000][6268][safepoint    ] Total time for which application threads were stopped: 0.0119149 seconds, Stopping threads took: 0.0000270 seconds
[2022-06-16T20:07:23.179+0000][6268][safepoint    ] Application time: 0.5540617 seconds
[2022-06-16T20:07:23.179+0000][6268][safepoint    ] Entering safepoint region: GenCollectForAllocation
[2022-06-16T20:07:23.179+0000][6268][gc,start     ] GC(12) Pause Young (Allocation Failure)
[2022-06-16T20:07:23.179+0000][6268][gc,task      ] GC(12) Using 2 workers of 2 for evacuation
[2022-06-16T20:07:23.195+0000][6268][gc,age       ] GC(12) Desired survivor size 8716288 bytes, new threshold 6 (max threshold 6)
[2022-06-16T20:07:23.195+0000][6268][gc,age       ] GC(12) Age table with threshold 6 (max threshold 6)
[2022-06-16T20:07:23.195+0000][6268][gc,age       ] GC(12) - age   1:    1620872 bytes,    1620872 total
[2022-06-16T20:07:23.195+0000][6268][gc,age       ] GC(12) - age   2:      81464 bytes,    1702336 total
[2022-06-16T20:07:23.195+0000][6268][gc,age       ] GC(12) - age   3:     123664 bytes,    1826000 total
[2022-06-16T20:07:23.195+0000][6268][gc,age       ] GC(12) - age   4:     193528 bytes,    2019528 total
[2022-06-16T20:07:23.195+0000][6268][gc,age       ] GC(12) - age   5:     312672 bytes,    2332200 total
[2022-06-16T20:07:23.195+0000][6268][gc,age       ] GC(12) - age   6:    1526488 bytes,    3858688 total
[2022-06-16T20:07:23.195+0000][6268][gc,heap      ] GC(12) ParNew: 142384K->5509K(153344K)
[2022-06-16T20:07:23.195+0000][6268][gc,heap      ] GC(12) CMS: 14246K->14781K(878208K)
[2022-06-16T20:07:23.195+0000][6268][gc,metaspace ] GC(12) Metaspace: 27758K->27758K(1075200K)
[2022-06-16T20:07:23.195+0000][6268][gc           ] GC(12) Pause Young (Allocation Failure) 152M->19M(1007M) 7.083ms
[2022-06-16T20:07:23.195+0000][6268][gc,cpu       ] GC(12) User=0.03s Sys=0.00s Real=0.02s
[2022-06-16T20:07:23.195+0000][6268][safepoint    ] Leaving safepoint region
[2022-06-16T20:07:23.195+0000][6268][safepoint    ] Total time for which application threads were stopped: 0.0072607 seconds, Stopping threads took: 0.0000287 seconds
[2022-06-16T20:07:23.351+0000][6268][safepoint    ] Application time: 0.1554781 seconds
[2022-06-16T20:07:23.351+0000][6268][safepoint    ] Entering safepoint region: Deoptimize
[2022-06-16T20:07:23.351+0000][6268][safepoint    ] Leaving safepoint region
[2022-06-16T20:07:23.351+0000][6268][safepoint    ] Total time for which application threads were stopped: 0.0004456 seconds, Stopping threads took: 0.0000246 seconds
[2022-06-16T20:07:23.570+0000][6268][safepoint    ] Application time: 0.2211391 seconds
[2022-06-16T20:07:23.570+0000][6268][safepoint    ] Entering safepoint region: Deoptimize
[2022-06-16T20:07:23.570+0000][6268][safepoint    ] Leaving safepoint region
[2022-06-16T20:07:23.570+0000][6268][safepoint    ] Total time for which application threads were stopped: 0.0005008 seconds, Stopping threads took: 0.0000250 seconds
[2022-06-16T20:07:23.851+0000][6268][safepoint    ] Application time: 0.2788320 seconds
[2022-06-16T20:07:23.851+0000][6268][safepoint    ] Entering safepoint region: GenCollectForAllocation
[2022-06-16T20:07:23.851+0000][6268][gc,start     ] GC(13) Pause Young (Allocation Failure)
[2022-06-16T20:07:23.851+0000][6268][gc,task      ] GC(13) Using 2 workers of 2 for evacuation
[2022-06-16T20:07:23.867+0000][6268][gc,age       ] GC(13) Desired survivor size 8716288 bytes, new threshold 6 (max threshold 6)
[2022-06-16T20:07:23.867+0000][6268][gc,age       ] GC(13) Age table with threshold 6 (max threshold 6)
[2022-06-16T20:07:23.867+0000][6268][gc,age       ] GC(13) - age   1:    3289160 bytes,    3289160 total
[2022-06-16T20:07:23.867+0000][6268][gc,age       ] GC(13) - age   2:     265728 bytes,    3554888 total
[2022-06-16T20:07:23.867+0000][6268][gc,age       ] GC(13) - age   3:      81360 bytes,    3636248 total
[2022-06-16T20:07:23.867+0000][6268][gc,age       ] GC(13) - age   4:     123664 bytes,    3759912 total
[2022-06-16T20:07:23.867+0000][6268][gc,age       ] GC(13) - age   5:     193464 bytes,    3953376 total
[2022-06-16T20:07:23.867+0000][6268][gc,age       ] GC(13) - age   6:     312672 bytes,    4266048 total
[2022-06-16T20:07:23.867+0000][6268][gc,heap      ] GC(13) ParNew: 141829K->5272K(153344K)
[2022-06-16T20:07:23.867+0000][6268][gc,heap      ] GC(13) CMS: 14781K->16274K(878208K)
[2022-06-16T20:07:23.867+0000][6268][gc,metaspace ] GC(13) Metaspace: 29628K->29628K(1077248K)
[2022-06-16T20:07:23.867+0000][6268][gc           ] GC(13) Pause Young (Allocation Failure) 152M->21M(1007M) 17.638ms
[2022-06-16T20:07:23.867+0000][6268][gc,cpu       ] GC(13) User=0.02s Sys=0.00s Real=0.02s
[2022-06-16T20:07:23.867+0000][6268][safepoint    ] Leaving safepoint region
[2022-06-16T20:07:23.867+0000][6268][safepoint    ] Total time for which application threads were stopped: 0.0178458 seconds, Stopping threads took: 0.0000273 seconds
[2022-06-16T20:07:24.179+0000][6268][safepoint    ] Application time: 0.3075190 seconds
[2022-06-16T20:07:24.179+0000][6268][safepoint    ] Entering safepoint region: GenCollectForAllocation
[2022-06-16T20:07:24.179+0000][6268][gc,start     ] GC(14) Pause Young (Allocation Failure)
[2022-06-16T20:07:24.179+0000][6268][gc,task      ] GC(14) Using 2 workers of 2 for evacuation
[2022-06-16T20:07:24.179+0000][6268][gc,age       ] GC(14) Desired survivor size 8716288 bytes, new threshold 6 (max threshold 6)
[2022-06-16T20:07:24.179+0000][6268][gc,age       ] GC(14) Age table with threshold 6 (max threshold 6)
[2022-06-16T20:07:24.179+0000][6268][gc,age       ] GC(14) - age   1:     628304 bytes,     628304 total
[2022-06-16T20:07:24.179+0000][6268][gc,age       ] GC(14) - age   2:    1480976 bytes,    2109280 total
[2022-06-16T20:07:24.179+0000][6268][gc,age       ] GC(14) - age   3:     265728 bytes,    2375008 total
[2022-06-16T20:07:24.179+0000][6268][gc,age       ] GC(14) - age   4:      81360 bytes,    2456368 total
[2022-06-16T20:07:24.179+0000][6268][gc,age       ] GC(14) - age   5:     123664 bytes,    2580032 total
[2022-06-16T20:07:24.179+0000][6268][gc,age       ] GC(14) - age   6:     193464 bytes,    2773496 total
[2022-06-16T20:07:24.179+0000][6268][gc,heap      ] GC(14) ParNew: 141592K->6004K(153344K)
[2022-06-16T20:07:24.179+0000][6268][gc,heap      ] GC(14) CMS: 16274K->16582K(878208K)
[2022-06-16T20:07:24.179+0000][6268][gc,metaspace ] GC(14) Metaspace: 29828K->29828K(1077248K)
[2022-06-16T20:07:24.179+0000][6268][gc           ] GC(14) Pause Young (Allocation Failure) 154M->22M(1007M) 5.551ms
[2022-06-16T20:07:24.179+0000][6268][gc,cpu       ] GC(14) User=0.00s Sys=0.00s Real=0.00s
[2022-06-16T20:07:24.179+0000][6268][safepoint    ] Leaving safepoint region
[2022-06-16T20:07:24.179+0000][6268][safepoint    ] Total time for which application threads were stopped: 0.0057128 seconds, Stopping threads took: 0.0000259 seconds
[2022-06-16T20:07:24.601+0000][6268][safepoint    ] Application time: 0.4245646 seconds
[2022-06-16T20:07:24.601+0000][6268][safepoint    ] Entering safepoint region: GenCollectForAllocation
[2022-06-16T20:07:24.601+0000][6268][gc,start     ] GC(15) Pause Young (Allocation Failure)
[2022-06-16T20:07:24.601+0000][6268][gc,task      ] GC(15) Using 2 workers of 2 for evacuation
[2022-06-16T20:07:24.617+0000][6268][gc,age       ] GC(15) Desired survivor size 8716288 bytes, new threshold 6 (max threshold 6)
[2022-06-16T20:07:24.617+0000][6268][gc,age       ] GC(15) Age table with threshold 6 (max threshold 6)
[2022-06-16T20:07:24.617+0000][6268][gc,age       ] GC(15) - age   1:     784768 bytes,     784768 total
[2022-06-16T20:07:24.617+0000][6268][gc,age       ] GC(15) - age   2:     472480 bytes,    1257248 total
[2022-06-16T20:07:24.617+0000][6268][gc,age       ] GC(15) - age   3:    1480976 bytes,    2738224 total
[2022-06-16T20:07:24.617+0000][6268][gc,age       ] GC(15) - age   4:     265728 bytes,    3003952 total
[2022-06-16T20:07:24.617+0000][6268][gc,age       ] GC(15) - age   5:      81144 bytes,    3085096 total
[2022-06-16T20:07:24.617+0000][6268][gc,age       ] GC(15) - age   6:     123664 bytes,    3208760 total
[2022-06-16T20:07:24.617+0000][6268][gc,heap      ] GC(15) ParNew: 142324K->4148K(153344K)
[2022-06-16T20:07:24.617+0000][6268][gc,heap      ] GC(15) CMS: 16582K->16780K(878208K)
[2022-06-16T20:07:24.617+0000][6268][gc,metaspace ] GC(15) Metaspace: 29903K->29903K(1077248K)
[2022-06-16T20:07:24.617+0000][6268][gc           ] GC(15) Pause Young (Allocation Failure) 155M->20M(1007M) 6.043ms
[2022-06-16T20:07:24.617+0000][6268][gc,cpu       ] GC(15) User=0.03s Sys=0.00s Real=0.02s
[2022-06-16T20:07:24.617+0000][6268][safepoint    ] Leaving safepoint region
[2022-06-16T20:07:24.617+0000][6268][safepoint    ] Total time for which application threads were stopped: 0.0062008 seconds, Stopping threads took: 0.0000258 seconds
[2022-06-16T20:07:25.179+0000][6268][safepoint    ] Application time: 0.5758674 seconds
[2022-06-16T20:07:25.179+0000][6268][safepoint    ] Entering safepoint region: GenCollectForAllocation
[2022-06-16T20:07:25.179+0000][6268][gc,start     ] GC(16) Pause Young (Allocation Failure)
[2022-06-16T20:07:25.179+0000][6268][gc,task      ] GC(16) Using 2 workers of 2 for evacuation
[2022-06-16T20:07:25.195+0000][6268][gc,age       ] GC(16) Desired survivor size 8716288 bytes, new threshold 6 (max threshold 6)
[2022-06-16T20:07:25.195+0000][6268][gc,age       ] GC(16) Age table with threshold 6 (max threshold 6)
[2022-06-16T20:07:25.195+0000][6268][gc,age       ] GC(16) - age   1:    1260728 bytes,    1260728 total
[2022-06-16T20:07:25.195+0000][6268][gc,age       ] GC(16) - age   2:     230464 bytes,    1491192 total
[2022-06-16T20:07:25.195+0000][6268][gc,age       ] GC(16) - age   3:     472480 bytes,    1963672 total
[2022-06-16T20:07:25.195+0000][6268][gc,age       ] GC(16) - age   4:    1480976 bytes,    3444648 total
[2022-06-16T20:07:25.195+0000][6268][gc,age       ] GC(16) - age   5:     265728 bytes,    3710376 total
[2022-06-16T20:07:25.195+0000][6268][gc,age       ] GC(16) - age   6:      81144 bytes,    3791520 total
[2022-06-16T20:07:25.195+0000][6268][gc,heap      ] GC(16) ParNew: 140468K->5707K(153344K)
[2022-06-16T20:07:25.195+0000][6268][gc,heap      ] GC(16) CMS: 16780K->16905K(878208K)
[2022-06-16T20:07:25.195+0000][6268][gc,metaspace ] GC(16) Metaspace: 29915K->29915K(1077248K)
[2022-06-16T20:07:25.195+0000][6268][gc           ] GC(16) Pause Young (Allocation Failure) 153M->22M(1007M) 9.872ms
[2022-06-16T20:07:25.195+0000][6268][gc,cpu       ] GC(16) User=0.02s Sys=0.00s Real=0.02s
[2022-06-16T20:07:25.195+0000][6268][safepoint    ] Leaving safepoint region
[2022-06-16T20:07:25.195+0000][6268][safepoint    ] Total time for which application threads were stopped: 0.0100434 seconds, Stopping threads took: 0.0000275 seconds
[2022-06-16T20:07:25.523+0000][6268][safepoint    ] Application time: 0.3294757 seconds
[2022-06-16T20:07:25.523+0000][6268][safepoint    ] Entering safepoint region: GenCollectForAllocation
[2022-06-16T20:07:25.523+0000][6268][gc,start     ] GC(17) Pause Young (Allocation Failure)
[2022-06-16T20:07:25.523+0000][6268][gc,task      ] GC(17) Using 2 workers of 2 for evacuation
[2022-06-16T20:07:25.538+0000][6268][gc,age       ] GC(17) Desired survivor size 8716288 bytes, new threshold 6 (max threshold 6)
[2022-06-16T20:07:25.538+0000][6268][gc,age       ] GC(17) Age table with threshold 6 (max threshold 6)
[2022-06-16T20:07:25.538+0000][6268][gc,age       ] GC(17) - age   1:    2082024 bytes,    2082024 total
[2022-06-16T20:07:25.538+0000][6268][gc,age       ] GC(17) - age   2:      44504 bytes,    2126528 total
[2022-06-16T20:07:25.538+0000][6268][gc,age       ] GC(17) - age   3:     230464 bytes,    2356992 total
[2022-06-16T20:07:25.538+0000][6268][gc,age       ] GC(17) - age   4:     472480 bytes,    2829472 total
[2022-06-16T20:07:25.538+0000][6268][gc,age       ] GC(17) - age   5:    1480888 bytes,    4310360 total
[2022-06-16T20:07:25.538+0000][6268][gc,age       ] GC(17) - age   6:     265728 bytes,    4576088 total
[2022-06-16T20:07:25.538+0000][6268][gc,heap      ] GC(17) ParNew: 142027K->5181K(153344K)
[2022-06-16T20:07:25.538+0000][6268][gc,heap      ] GC(17) CMS: 16905K->16985K(878208K)
[2022-06-16T20:07:25.538+0000][6268][gc,metaspace ] GC(17) Metaspace: 29967K->29967K(1077248K)
[2022-06-16T20:07:25.538+0000][6268][gc           ] GC(17) Pause Young (Allocation Failure) 155M->21M(1007M) 7.575ms
[2022-06-16T20:07:25.538+0000][6268][gc,cpu       ] GC(17) User=0.03s Sys=0.00s Real=0.02s
[2022-06-16T20:07:25.538+0000][6268][safepoint    ] Leaving safepoint region
[2022-06-16T20:07:25.538+0000][6268][safepoint    ] Total time for which application threads were stopped: 0.0099628 seconds, Stopping threads took: 0.0022476 seconds
[2022-06-16T20:07:26.566+0000][6268][safepoint    ] Application time: 1.0336131 seconds
[2022-06-16T20:07:26.566+0000][6268][safepoint    ] Entering safepoint region: RevokeBias
[2022-06-16T20:07:26.566+0000][6268][safepoint    ] Leaving safepoint region
[2022-06-16T20:07:26.566+0000][6268][safepoint    ] Total time for which application threads were stopped: 0.0000994 seconds, Stopping threads took: 0.0000255 seconds
[2022-06-16T20:07:26.769+0000][6268][safepoint    ] Application time: 0.1982476 seconds
[2022-06-16T20:07:26.769+0000][6268][safepoint    ] Entering safepoint region: Deoptimize
[2022-06-16T20:07:26.769+0000][6268][safepoint    ] Leaving safepoint region
[2022-06-16T20:07:26.769+0000][6268][safepoint    ] Total time for which application threads were stopped: 0.0005899 seconds, Stopping threads took: 0.0000269 seconds
[2022-06-16T20:07:27.785+0000][6268][safepoint    ] Application time: 1.0094482 seconds
[2022-06-16T20:07:27.785+0000][6268][safepoint    ] Entering safepoint region: Cleanup
[2022-06-16T20:07:27.785+0000][6268][safepoint    ] Leaving safepoint region
[2022-06-16T20:07:27.785+0000][6268][safepoint    ] Total time for which application threads were stopped: 0.0048738 seconds, Stopping threads took: 0.0047611 seconds
[2022-06-16T20:07:27.785+0000][6268][safepoint    ] Application time: 0.0003760 seconds
[2022-06-16T20:07:27.785+0000][6268][safepoint    ] Entering safepoint region: RevokeBias
[2022-06-16T20:07:27.785+0000][6268][safepoint    ] Leaving safepoint region
[2022-06-16T20:07:27.785+0000][6268][safepoint    ] Total time for which application threads were stopped: 0.0001399 seconds, Stopping threads took: 0.0000391 seconds
[2022-06-16T20:07:28.082+0000][6268][safepoint    ] Application time: 0.2948331 seconds
[2022-06-16T20:07:28.082+0000][6268][safepoint    ] Entering safepoint region: GenCollectForAllocation
[2022-06-16T20:07:28.082+0000][6268][gc,start     ] GC(18) Pause Young (Allocation Failure)
[2022-06-16T20:07:28.082+0000][6268][gc,task      ] GC(18) Using 2 workers of 2 for evacuation
[2022-06-16T20:07:28.097+0000][6268][gc,age       ] GC(18) Desired survivor size 8716288 bytes, new threshold 6 (max threshold 6)
[2022-06-16T20:07:28.097+0000][6268][gc,age       ] GC(18) Age table with threshold 6 (max threshold 6)
[2022-06-16T20:07:28.097+0000][6268][gc,age       ] GC(18) - age   1:    2090160 bytes,    2090160 total
[2022-06-16T20:07:28.097+0000][6268][gc,age       ] GC(18) - age   2:     286440 bytes,    2376600 total
[2022-06-16T20:07:28.097+0000][6268][gc,age       ] GC(18) - age   3:      44144 bytes,    2420744 total
[2022-06-16T20:07:28.097+0000][6268][gc,age       ] GC(18) - age   4:     230352 bytes,    2651096 total
[2022-06-16T20:07:28.097+0000][6268][gc,age       ] GC(18) - age   5:     471856 bytes,    3122952 total
[2022-06-16T20:07:28.097+0000][6268][gc,age       ] GC(18) - age   6:    1478216 bytes,    4601168 total
[2022-06-16T20:07:28.097+0000][6268][gc,heap      ] GC(18) ParNew: 141501K->8113K(153344K)
[2022-06-16T20:07:28.097+0000][6268][gc,heap      ] GC(18) CMS: 16985K->17246K(878208K)
[2022-06-16T20:07:28.097+0000][6268][gc,metaspace ] GC(18) Metaspace: 35433K->35433K(1083392K)
[2022-06-16T20:07:28.097+0000][6268][gc           ] GC(18) Pause Young (Allocation Failure) 154M->24M(1007M) 18.814ms
[2022-06-16T20:07:28.097+0000][6268][gc,cpu       ] GC(18) User=0.02s Sys=0.00s Real=0.01s
[2022-06-16T20:07:28.097+0000][6268][safepoint    ] Leaving safepoint region
[2022-06-16T20:07:28.097+0000][6268][safepoint    ] Total time for which application threads were stopped: 0.0191077 seconds, Stopping threads took: 0.0000252 seconds
[2022-06-16T20:07:28.097+0000][6268][safepoint    ] Application time: 0.0055919 seconds
[2022-06-16T20:07:28.097+0000][6268][safepoint    ] Entering safepoint region: RevokeBias
[2022-06-16T20:07:28.097+0000][6268][safepoint    ] Leaving safepoint region
[2022-06-16T20:07:28.097+0000][6268][safepoint    ] Total time for which application threads were stopped: 0.0000691 seconds, Stopping threads took: 0.0000205 seconds
[2022-06-16T20:07:28.629+0000][6268][safepoint    ] Application time: 0.5231032 seconds
[2022-06-16T20:07:28.629+0000][6268][safepoint    ] Entering safepoint region: Deoptimize
[2022-06-16T20:07:28.629+0000][6268][safepoint    ] Leaving safepoint region
[2022-06-16T20:07:28.629+0000][6268][safepoint    ] Total time for which application threads were stopped: 0.0004944 seconds, Stopping threads took: 0.0000259 seconds
[2022-06-16T20:07:28.676+0000][6268][safepoint    ] Application time: 0.0461634 seconds
[2022-06-16T20:07:28.676+0000][6268][safepoint    ] Entering safepoint region: CollectForMetadataAllocation
[2022-06-16T20:07:28.676+0000][6268][safepoint    ] Leaving safepoint region
[2022-06-16T20:07:28.676+0000][6268][safepoint    ] Total time for which application threads were stopped: 0.0001927 seconds, Stopping threads took: 0.0000263 seconds
[2022-06-16T20:07:28.676+0000][6268][safepoint    ] Application time: 0.0038517 seconds
[2022-06-16T20:07:28.676+0000][6268][safepoint    ] Entering safepoint region: Deoptimize
[2022-06-16T20:07:28.676+0000][6268][safepoint    ] Leaving safepoint region
[2022-06-16T20:07:28.676+0000][6268][safepoint    ] Total time for which application threads were stopped: 0.0004677 seconds, Stopping threads took: 0.0000241 seconds
[2022-06-16T20:07:28.676+0000][6268][safepoint    ] Application time: 0.0062787 seconds
[2022-06-16T20:07:28.676+0000][6268][safepoint    ] Entering safepoint region: Deoptimize
[2022-06-16T20:07:28.691+0000][6268][safepoint    ] Leaving safepoint region
[2022-06-16T20:07:28.691+0000][6268][safepoint    ] Total time for which application threads were stopped: 0.0004610 seconds, Stopping threads took: 0.0000241 seconds
[2022-06-16T20:07:28.691+0000][6268][safepoint    ] Application time: 0.0084815 seconds
[2022-06-16T20:07:28.691+0000][6268][safepoint    ] Entering safepoint region: CollectForMetadataAllocation
[2022-06-16T20:07:28.691+0000][6268][safepoint    ] Leaving safepoint region
[2022-06-16T20:07:28.691+0000][6268][safepoint    ] Total time for which application threads were stopped: 0.0001640 seconds, Stopping threads took: 0.0000244 seconds
[2022-06-16T20:07:29.004+0000][6268][safepoint    ] Application time: 0.3101847 seconds
[2022-06-16T20:07:29.004+0000][6268][safepoint    ] Entering safepoint region: CollectForMetadataAllocation
[2022-06-16T20:07:29.004+0000][6268][safepoint    ] Leaving safepoint region
[2022-06-16T20:07:29.004+0000][6268][safepoint    ] Total time for which application threads were stopped: 0.0002110 seconds, Stopping threads took: 0.0000305 seconds
[2022-06-16T20:07:29.097+0000][6268][safepoint    ] Application time: 0.0984156 seconds
[2022-06-16T20:07:29.097+0000][6268][safepoint    ] Entering safepoint region: CollectForMetadataAllocation
[2022-06-16T20:07:29.097+0000][6268][safepoint    ] Leaving safepoint region
[2022-06-16T20:07:29.097+0000][6268][safepoint    ] Total time for which application threads were stopped: 0.0001898 seconds, Stopping threads took: 0.0000239 seconds
[2022-06-16T20:07:29.129+0000][6268][safepoint    ] Application time: 0.0236646 seconds
[2022-06-16T20:07:29.129+0000][6268][safepoint    ] Entering safepoint region: CollectForMetadataAllocation
[2022-06-16T20:07:29.129+0000][6268][safepoint    ] Leaving safepoint region
[2022-06-16T20:07:29.129+0000][6268][safepoint    ] Total time for which application threads were stopped: 0.0001680 seconds, Stopping threads took: 0.0000232 seconds
[2022-06-16T20:07:29.129+0000][6268][safepoint    ] Application time: 0.0014246 seconds
[2022-06-16T20:07:29.129+0000][6268][safepoint    ] Entering safepoint region: RevokeBias
[2022-06-16T20:07:29.129+0000][6268][safepoint    ] Leaving safepoint region
[2022-06-16T20:07:29.129+0000][6268][safepoint    ] Total time for which application threads were stopped: 0.0000856 seconds, Stopping threads took: 0.0000249 seconds
[2022-06-16T20:07:30.113+0000][6268][safepoint    ] Application time: 0.9782991 seconds
[2022-06-16T20:07:30.144+0000][6268][safepoint    ] Entering safepoint region: CMS_Initial_Mark
[2022-06-16T20:07:30.144+0000][6268][gc,start     ] GC(19) Pause Initial Mark
[2022-06-16T20:07:30.176+0000][6268][gc           ] GC(19) Pause Initial Mark 90M->90M(1007M) 33.975ms
[2022-06-16T20:07:30.176+0000][6268][gc,cpu       ] GC(19) User=0.06s Sys=0.00s Real=0.03s
[2022-06-16T20:07:30.176+0000][6268][safepoint    ] Leaving safepoint region
[2022-06-16T20:07:30.176+0000][6268][safepoint    ] Total time for which application threads were stopped: 0.0672225 seconds, Stopping threads took: 0.0330397 seconds
[2022-06-16T20:07:30.176+0000][6268][gc           ] GC(19) Concurrent Mark
[2022-06-16T20:07:30.191+0000][6268][gc           ] GC(19) Concurrent Mark 20.926ms
[2022-06-16T20:07:30.191+0000][6268][gc,cpu       ] GC(19) User=0.03s Sys=0.00s Real=0.01s
[2022-06-16T20:07:30.191+0000][6268][gc           ] GC(19) Concurrent Preclean
[2022-06-16T20:07:30.191+0000][6268][gc           ] GC(19) Concurrent Preclean 3.299ms
[2022-06-16T20:07:30.191+0000][6268][gc,cpu       ] GC(19) User=0.00s Sys=0.00s Real=0.00s
[2022-06-16T20:07:30.191+0000][6268][gc           ] GC(19) Concurrent Abortable Preclean
[2022-06-16T20:07:30.285+0000][6268][safepoint    ] Application time: 0.1066569 seconds
[2022-06-16T20:07:30.285+0000][6268][safepoint    ] Entering safepoint region: CollectForMetadataAllocation
[2022-06-16T20:07:30.285+0000][6268][safepoint    ] Leaving safepoint region
[2022-06-16T20:07:30.285+0000][6268][safepoint    ] Total time for which application threads were stopped: 0.0001955 seconds, Stopping threads took: 0.0000259 seconds
[2022-06-16T20:07:32.316+0000][6268][safepoint    ] Application time: 2.0288992 seconds
[2022-06-16T20:07:32.363+0000][6268][safepoint    ] Entering safepoint region: Cleanup
[2022-06-16T20:07:32.363+0000][6268][safepoint    ] Leaving safepoint region
[2022-06-16T20:07:32.363+0000][6268][safepoint    ] Total time for which application threads were stopped: 0.0558109 seconds, Stopping threads took: 0.0557513 seconds
[2022-06-16T20:07:32.894+0000][6268][safepoint    ] Application time: 0.5312005 seconds
[2022-06-16T20:07:32.894+0000][6268][safepoint    ] Entering safepoint region: GenCollectForAllocation
[2022-06-16T20:07:32.894+0000][6268][gc,start     ] GC(20) Pause Young (Allocation Failure)
[2022-06-16T20:07:32.894+0000][6268][gc,task      ] GC(20) Using 2 workers of 2 for evacuation
[2022-06-16T20:07:32.926+0000][6268][gc,age       ] GC(20) Desired survivor size 8716288 bytes, new threshold 1 (max threshold 6)
[2022-06-16T20:07:32.926+0000][6268][gc,age       ] GC(20) Age table with threshold 1 (max threshold 6)
[2022-06-16T20:07:32.926+0000][6268][gc,age       ] GC(20) - age   1:   13691952 bytes,   13691952 total
[2022-06-16T20:07:32.926+0000][6268][gc,age       ] GC(20) - age   2:    2041744 bytes,   15733696 total
[2022-06-16T20:07:32.926+0000][6268][gc,age       ] GC(20) - age   3:     285952 bytes,   16019648 total
[2022-06-16T20:07:32.926+0000][6268][gc,age       ] GC(20) - age   4:      44144 bytes,   16063792 total
[2022-06-16T20:07:32.926+0000][6268][gc,age       ] GC(20) - age   5:     229048 bytes,   16292840 total
[2022-06-16T20:07:32.926+0000][6268][gc,age       ] GC(20) - age   6:     470216 bytes,   16763056 total
[2022-06-16T20:07:32.926+0000][6268][gc,heap      ] GC(20) ParNew: 144433K->17024K(153344K)
[2022-06-16T20:07:32.926+0000][6268][gc,heap      ] GC(20) CMS: 17246K->18698K(878208K)
[2022-06-16T20:07:32.926+0000][6268][gc,metaspace ] GC(20) Metaspace: 40175K->40175K(1087488K)
[2022-06-16T20:07:32.926+0000][6268][gc           ] GC(20) Pause Young (Allocation Failure) 157M->34M(1007M) 34.810ms
[2022-06-16T20:07:32.926+0000][6268][gc,cpu       ] GC(20) User=0.06s Sys=0.00s Real=0.03s
[2022-06-16T20:07:32.926+0000][6268][safepoint    ] Leaving safepoint region
[2022-06-16T20:07:32.926+0000][6268][safepoint    ] Total time for which application threads were stopped: 0.0349880 seconds, Stopping threads took: 0.0000268 seconds
[2022-06-16T20:07:33.347+0000][6268][safepoint    ] Application time: 0.4095544 seconds
[2022-06-16T20:07:33.347+0000][6268][safepoint    ] Entering safepoint region: RevokeBias
[2022-06-16T20:07:33.347+0000][6268][safepoint    ] Leaving safepoint region
[2022-06-16T20:07:33.347+0000][6268][safepoint    ] Total time for which application threads were stopped: 0.0120202 seconds, Stopping threads took: 0.0119275 seconds
[2022-06-16T20:07:33.519+0000][6268][safepoint    ] Application time: 0.1660723 seconds
[2022-06-16T20:07:33.519+0000][6268][safepoint    ] Entering safepoint region: RevokeBias
[2022-06-16T20:07:33.519+0000][6268][safepoint    ] Leaving safepoint region
[2022-06-16T20:07:33.519+0000][6268][safepoint    ] Total time for which application threads were stopped: 0.0001005 seconds, Stopping threads took: 0.0000260 seconds
[2022-06-16T20:07:33.629+0000][6268][safepoint    ] Application time: 0.1041275 seconds
[2022-06-16T20:07:33.629+0000][6268][safepoint    ] Entering safepoint region: RevokeBias
[2022-06-16T20:07:33.629+0000][6268][safepoint    ] Leaving safepoint region
[2022-06-16T20:07:33.629+0000][6268][safepoint    ] Total time for which application threads were stopped: 0.0000828 seconds, Stopping threads took: 0.0000196 seconds
[2022-06-16T20:07:33.629+0000][6268][safepoint    ] Application time: 0.0017901 seconds
[2022-06-16T20:07:33.629+0000][6268][safepoint    ] Entering safepoint region: RevokeBias
[2022-06-16T20:07:33.629+0000][6268][safepoint    ] Leaving safepoint region
[2022-06-16T20:07:33.629+0000][6268][safepoint    ] Total time for which application threads were stopped: 0.0000724 seconds, Stopping threads took: 0.0000185 seconds
[2022-06-16T20:07:33.629+0000][6268][safepoint    ] Application time: 0.0000753 seconds
[2022-06-16T20:07:33.629+0000][6268][safepoint    ] Entering safepoint region: RevokeBias
[2022-06-16T20:07:33.629+0000][6268][safepoint    ] Leaving safepoint region
[2022-06-16T20:07:33.629+0000][6268][safepoint    ] Total time for which application threads were stopped: 0.0000518 seconds, Stopping threads took: 0.0000143 seconds
[2022-06-16T20:07:33.629+0000][6268][safepoint    ] Application time: 0.0001043 seconds
[2022-06-16T20:07:33.629+0000][6268][safepoint    ] Entering safepoint region: RevokeBias
[2022-06-16T20:07:33.629+0000][6268][safepoint    ] Leaving safepoint region
[2022-06-16T20:07:33.629+0000][6268][safepoint    ] Total time for which application threads were stopped: 0.0000558 seconds, Stopping threads took: 0.0000152 seconds
[2022-06-16T20:07:33.629+0000][6268][safepoint    ] Application time: 0.0000467 seconds
[2022-06-16T20:07:33.629+0000][6268][safepoint    ] Entering safepoint region: RevokeBias
[2022-06-16T20:07:33.629+0000][6268][safepoint    ] Leaving safepoint region
[2022-06-16T20:07:33.629+0000][6268][safepoint    ] Total time for which application threads were stopped: 0.0000650 seconds, Stopping threads took: 0.0000168 seconds
[2022-06-16T20:07:33.629+0000][6268][safepoint    ] Application time: 0.0000214 seconds
[2022-06-16T20:07:33.629+0000][6268][safepoint    ] Entering safepoint region: RevokeBias
[2022-06-16T20:07:33.629+0000][6268][safepoint    ] Leaving safepoint region
[2022-06-16T20:07:33.629+0000][6268][safepoint    ] Total time for which application threads were stopped: 0.0000547 seconds, Stopping threads took: 0.0000161 seconds
[2022-06-16T20:07:34.691+0000][6268][safepoint    ] Application time: 1.0581577 seconds
[2022-06-16T20:07:34.785+0000][6268][safepoint    ] Entering safepoint region: Cleanup
[2022-06-16T20:07:34.785+0000][6268][safepoint    ] Leaving safepoint region
[2022-06-16T20:07:34.785+0000][6268][safepoint    ] Total time for which application threads were stopped: 0.1010876 seconds, Stopping threads took: 0.1010285 seconds
[2022-06-16T20:07:35.207+0000][6268][gc           ] GC(19) Concurrent Abortable Preclean 5002.601ms
[2022-06-16T20:07:35.207+0000][6268][gc,cpu       ] GC(19) User=6.97s Sys=0.05s Real=5.02s
[2022-06-16T20:07:35.207+0000][6268][safepoint    ] Application time: 0.4194941 seconds
[2022-06-16T20:07:35.207+0000][6268][safepoint    ] Entering safepoint region: CMS_Final_Remark
[2022-06-16T20:07:35.207+0000][6268][gc,start     ] GC(19) Pause Remark
[2022-06-16T20:07:35.285+0000][6268][gc           ] GC(19) Pause Remark 128M->128M(1007M) 75.939ms
[2022-06-16T20:07:35.285+0000][6268][gc,cpu       ] GC(19) User=0.13s Sys=0.00s Real=0.08s
[2022-06-16T20:07:35.285+0000][6268][safepoint    ] Leaving safepoint region
[2022-06-16T20:07:35.285+0000][6268][safepoint    ] Total time for which application threads were stopped: 0.0761569 seconds, Stopping threads took: 0.0000681 seconds
[2022-06-16T20:07:35.285+0000][6268][gc           ] GC(19) Concurrent Sweep
[2022-06-16T20:07:35.285+0000][6268][gc           ] GC(19) Concurrent Sweep 5.423ms
[2022-06-16T20:07:35.285+0000][6268][gc,cpu       ] GC(19) User=0.00s Sys=0.00s Real=0.00s
[2022-06-16T20:07:35.285+0000][6268][gc           ] GC(19) Concurrent Reset
[2022-06-16T20:07:35.285+0000][6268][gc           ] GC(19) Concurrent Reset 1.199ms
[2022-06-16T20:07:35.285+0000][6268][gc,cpu       ] GC(19) User=0.00s Sys=0.00s Real=0.00s
[2022-06-16T20:07:35.285+0000][6268][gc,heap      ] GC(19) Old: 17246K->18547K(878208K)
[2022-06-16T20:07:36.097+0000][6268][safepoint    ] Application time: 0.8102222 seconds
[2022-06-16T20:07:36.097+0000][6268][safepoint    ] Entering safepoint region: RevokeBias
[2022-06-16T20:07:36.097+0000][6268][safepoint    ] Leaving safepoint region
[2022-06-16T20:07:36.097+0000][6268][safepoint    ] Total time for which application threads were stopped: 0.0001314 seconds, Stopping threads took: 0.0000256 seconds
[2022-06-16T20:07:37.113+0000][6268][safepoint    ] Application time: 1.0144998 seconds
[2022-06-16T20:07:37.113+0000][6268][safepoint    ] Entering safepoint region: Cleanup
[2022-06-16T20:07:37.113+0000][6268][safepoint    ] Leaving safepoint region
[2022-06-16T20:07:37.113+0000][6268][safepoint    ] Total time for which application threads were stopped: 0.0126334 seconds, Stopping threads took: 0.0125330 seconds
[2022-06-16T20:07:37.207+0000][6268][safepoint    ] Application time: 0.0903605 seconds
[2022-06-16T20:07:37.207+0000][6268][safepoint    ] Entering safepoint region: Deoptimize
[2022-06-16T20:07:37.207+0000][6268][safepoint    ] Leaving safepoint region
[2022-06-16T20:07:37.207+0000][6268][safepoint    ] Total time for which application threads were stopped: 0.0005511 seconds, Stopping threads took: 0.0000259 seconds
[2022-06-16T20:07:37.238+0000][6268][safepoint    ] Application time: 0.0285870 seconds
[2022-06-16T20:07:37.238+0000][6268][safepoint    ] Entering safepoint region: GenCollectForAllocation
[2022-06-16T20:07:37.238+0000][6268][gc,start     ] GC(21) Pause Young (Allocation Failure)
[2022-06-16T20:07:37.238+0000][6268][gc,task      ] GC(21) Using 2 workers of 2 for evacuation
[2022-06-16T20:07:37.316+0000][6268][gc,age       ] GC(21) Desired survivor size 8716288 bytes, new threshold 1 (max threshold 6)
[2022-06-16T20:07:37.316+0000][6268][gc,age       ] GC(21) Age table with threshold 1 (max threshold 6)
[2022-06-16T20:07:37.316+0000][6268][gc,age       ] GC(21) - age   1:   11645216 bytes,   11645216 total
[2022-06-16T20:07:37.316+0000][6268][gc,heap      ] GC(21) ParNew: 153344K->17024K(153344K)
[2022-06-16T20:07:37.316+0000][6268][gc,heap      ] GC(21) CMS: 18547K->36782K(878208K)
[2022-06-16T20:07:37.316+0000][6268][gc,metaspace ] GC(21) Metaspace: 43691K->43691K(1089536K)
[2022-06-16T20:07:37.316+0000][6268][gc           ] GC(21) Pause Young (Allocation Failure) 167M->52M(1007M) 71.748ms
[2022-06-16T20:07:37.316+0000][6268][gc,cpu       ] GC(21) User=0.14s Sys=0.00s Real=0.08s
[2022-06-16T20:07:37.316+0000][6268][safepoint    ] Leaving safepoint region
[2022-06-16T20:07:37.316+0000][6268][safepoint    ] Total time for which application threads were stopped: 0.0719068 seconds, Stopping threads took: 0.0000257 seconds
[2022-06-16T20:07:37.316+0000][6268][safepoint    ] Application time: 0.0007611 seconds
[2022-06-16T20:07:37.316+0000][6268][safepoint    ] Entering safepoint region: RevokeBias
[2022-06-16T20:07:37.316+0000][6268][safepoint    ] Leaving safepoint region
[2022-06-16T20:07:37.316+0000][6268][safepoint    ] Total time for which application threads were stopped: 0.0000775 seconds, Stopping threads took: 0.0000248 seconds
[2022-06-16T20:07:38.347+0000][6268][safepoint    ] Application time: 1.0292009 seconds
[2022-06-16T20:07:38.379+0000][6268][safepoint    ] Entering safepoint region: Cleanup
[2022-06-16T20:07:38.379+0000][6268][safepoint    ] Leaving safepoint region
[2022-06-16T20:07:38.379+0000][6268][safepoint    ] Total time for which application threads were stopped: 0.0391068 seconds, Stopping threads took: 0.0389278 seconds
[2022-06-16T20:07:39.379+0000][6268][safepoint    ] Application time: 0.9920571 seconds
[2022-06-16T20:07:39.472+0000][6268][safepoint    ] Entering safepoint region: Cleanup
[2022-06-16T20:07:39.488+0000][6268][safepoint    ] Leaving safepoint region
[2022-06-16T20:07:39.488+0000][6268][safepoint    ] Total time for which application threads were stopped: 0.1093745 seconds, Stopping threads took: 0.1093135 seconds
[2022-06-16T20:07:39.644+0000][6268][safepoint    ] Application time: 0.1661457 seconds
[2022-06-16T20:07:39.644+0000][6268][safepoint    ] Entering safepoint region: GenCollectForAllocation
[2022-06-16T20:07:39.644+0000][6268][gc,start     ] GC(22) Pause Young (Allocation Failure)
[2022-06-16T20:07:39.644+0000][6268][gc,task      ] GC(22) Using 2 workers of 2 for evacuation
[2022-06-16T20:07:39.691+0000][6268][gc,age       ] GC(22) Desired survivor size 8716288 bytes, new threshold 6 (max threshold 6)
[2022-06-16T20:07:39.691+0000][6268][gc,age       ] GC(22) Age table with threshold 6 (max threshold 6)
[2022-06-16T20:07:39.691+0000][6268][gc,age       ] GC(22) - age   1:    4620464 bytes,    4620464 total
[2022-06-16T20:07:39.691+0000][6268][gc,heap      ] GC(22) ParNew: 153344K->11767K(153344K)
[2022-06-16T20:07:39.691+0000][6268][gc,heap      ] GC(22) CMS: 36782K->48198K(878208K)
[2022-06-16T20:07:39.691+0000][6268][gc,metaspace ] GC(22) Metaspace: 55747K->55747K(1101824K)
[2022-06-16T20:07:39.691+0000][6268][gc           ] GC(22) Pause Young (Allocation Failure) 185M->58M(1007M) 39.922ms
[2022-06-16T20:07:39.691+0000][6268][gc,cpu       ] GC(22) User=0.09s Sys=0.00s Real=0.05s
[2022-06-16T20:07:39.691+0000][6268][safepoint    ] Leaving safepoint region
[2022-06-16T20:07:39.691+0000][6268][safepoint    ] Total time for which application threads were stopped: 0.0400823 seconds, Stopping threads took: 0.0000249 seconds
[2022-06-16T20:07:40.347+0000][6268][safepoint    ] Application time: 0.6532813 seconds
[2022-06-16T20:07:40.347+0000][6268][safepoint    ] Entering safepoint region: RevokeBias
[2022-06-16T20:07:40.347+0000][6268][safepoint    ] Leaving safepoint region
[2022-06-16T20:07:40.347+0000][6268][safepoint    ] Total time for which application threads were stopped: 0.0001429 seconds, Stopping threads took: 0.0000246 seconds
[2022-06-16T20:07:40.347+0000][6268][safepoint    ] Application time: 0.0041445 seconds
[2022-06-16T20:07:40.347+0000][6268][safepoint    ] Entering safepoint region: Deoptimize
[2022-06-16T20:07:40.347+0000][6268][safepoint    ] Leaving safepoint region
[2022-06-16T20:07:40.347+0000][6268][safepoint    ] Total time for which application threads were stopped: 0.0005809 seconds, Stopping threads took: 0.0000240 seconds
[2022-06-16T20:07:40.347+0000][6268][safepoint    ] Application time: 0.0065479 seconds
[2022-06-16T20:07:40.347+0000][6268][safepoint    ] Entering safepoint region: Deoptimize
[2022-06-16T20:07:40.347+0000][6268][safepoint    ] Leaving safepoint region
[2022-06-16T20:07:40.347+0000][6268][safepoint    ] Total time for which application threads were stopped: 0.0005101 seconds, Stopping threads took: 0.0000179 seconds
[2022-06-16T20:07:41.285+0000][6268][safepoint    ] Application time: 0.9369770 seconds
[2022-06-16T20:07:41.285+0000][6268][safepoint    ] Entering safepoint region: GenCollectForAllocation
[2022-06-16T20:07:41.285+0000][6268][gc,start     ] GC(23) Pause Young (Allocation Failure)
[2022-06-16T20:07:41.285+0000][6268][gc,task      ] GC(23) Using 2 workers of 2 for evacuation
[2022-06-16T20:07:41.300+0000][6268][gc,age       ] GC(23) Desired survivor size 8716288 bytes, new threshold 6 (max threshold 6)
[2022-06-16T20:07:41.300+0000][6268][gc,age       ] GC(23) Age table with threshold 6 (max threshold 6)
[2022-06-16T20:07:41.300+0000][6268][gc,age       ] GC(23) - age   1:    1844864 bytes,    1844864 total
[2022-06-16T20:07:41.300+0000][6268][gc,age       ] GC(23) - age   2:    4511256 bytes,    6356120 total
[2022-06-16T20:07:41.300+0000][6268][gc,heap      ] GC(23) ParNew: 148087K->8139K(153344K)
[2022-06-16T20:07:41.300+0000][6268][gc,heap      ] GC(23) CMS: 48198K->48198K(878208K)
[2022-06-16T20:07:41.300+0000][6268][gc,metaspace ] GC(23) Metaspace: 62257K->62257K(1107968K)
[2022-06-16T20:07:41.300+0000][6268][gc           ] GC(23) Pause Young (Allocation Failure) 191M->55M(1007M) 15.140ms
[2022-06-16T20:07:41.300+0000][6268][gc,cpu       ] GC(23) User=0.03s Sys=0.00s Real=0.01s
[2022-06-16T20:07:41.300+0000][6268][safepoint    ] Leaving safepoint region
[2022-06-16T20:07:41.300+0000][6268][safepoint    ] Total time for which application threads were stopped: 0.0153741 seconds, Stopping threads took: 0.0000271 seconds
[2022-06-16T20:07:42.302+0000][6268][safepoint    ] Application time: 0.9897834 seconds
[2022-06-16T20:07:42.302+0000][6268][safepoint    ] Entering safepoint region: Cleanup
[2022-06-16T20:07:42.302+0000][6268][safepoint    ] Leaving safepoint region
[2022-06-16T20:07:42.302+0000][6268][safepoint    ] Total time for which application threads were stopped: 0.0001014 seconds, Stopping threads took: 0.0000522 seconds
[2022-06-16T20:07:42.911+0000][6268][safepoint    ] Application time: 0.6235120 seconds
[2022-06-16T20:07:42.911+0000][6268][safepoint    ] Entering safepoint region: RevokeBias
[2022-06-16T20:07:42.911+0000][6268][safepoint    ] Leaving safepoint region
[2022-06-16T20:07:42.911+0000][6268][safepoint    ] Total time for which application threads were stopped: 0.0001793 seconds, Stopping threads took: 0.0000264 seconds
[2022-06-16T20:07:42.927+0000][6268][safepoint    ] Application time: 0.0046730 seconds
[2022-06-16T20:07:42.927+0000][6268][safepoint    ] Entering safepoint region: RevokeBias
[2022-06-16T20:07:42.927+0000][6268][safepoint    ] Leaving safepoint region
[2022-06-16T20:07:42.927+0000][6268][safepoint    ] Total time for which application threads were stopped: 0.0000945 seconds, Stopping threads took: 0.0000253 seconds
[2022-06-16T20:07:43.724+0000][6268][safepoint    ] Application time: 0.8019424 seconds
[2022-06-16T20:07:43.724+0000][6268][safepoint    ] Entering safepoint region: RevokeBias
[2022-06-16T20:07:43.724+0000][6268][safepoint    ] Leaving safepoint region
[2022-06-16T20:07:43.724+0000][6268][safepoint    ] Total time for which application threads were stopped: 0.0001114 seconds, Stopping threads took: 0.0000264 seconds
[2022-06-16T20:07:43.911+0000][6268][safepoint    ] Application time: 0.1908040 seconds
[2022-06-16T20:07:43.911+0000][6268][safepoint    ] Entering safepoint region: GenCollectForAllocation
[2022-06-16T20:07:43.911+0000][6268][gc,start     ] GC(24) Pause Young (Allocation Failure)
[2022-06-16T20:07:43.911+0000][6268][gc,task      ] GC(24) Using 2 workers of 2 for evacuation
[2022-06-16T20:07:43.943+0000][6268][gc,age       ] GC(24) Desired survivor size 8716288 bytes, new threshold 3 (max threshold 6)
[2022-06-16T20:07:43.943+0000][6268][gc,age       ] GC(24) Age table with threshold 3 (max threshold 6)
[2022-06-16T20:07:43.943+0000][6268][gc,age       ] GC(24) - age   1:    2759480 bytes,    2759480 total
[2022-06-16T20:07:43.943+0000][6268][gc,age       ] GC(24) - age   2:    1784024 bytes,    4543504 total
[2022-06-16T20:07:43.943+0000][6268][gc,age       ] GC(24) - age   3:    4508112 bytes,    9051616 total
[2022-06-16T20:07:43.943+0000][6268][gc,heap      ] GC(24) ParNew: 144459K->11352K(153344K)
[2022-06-16T20:07:43.943+0000][6268][gc,heap      ] GC(24) CMS: 48198K->48198K(878208K)
[2022-06-16T20:07:43.943+0000][6268][gc,metaspace ] GC(24) Metaspace: 65906K->65906K(1110016K)
[2022-06-16T20:07:43.943+0000][6268][gc           ] GC(24) Pause Young (Allocation Failure) 188M->58M(1007M) 21.050ms
[2022-06-16T20:07:43.943+0000][6268][gc,cpu       ] GC(24) User=0.06s Sys=0.00s Real=0.03s
[2022-06-16T20:07:43.943+0000][6268][safepoint    ] Leaving safepoint region
[2022-06-16T20:07:43.943+0000][6268][safepoint    ] Total time for which application threads were stopped: 0.0212167 seconds, Stopping threads took: 0.0000264 seconds
[2022-06-16T20:07:43.989+0000][6268][safepoint    ] Application time: 0.0454582 seconds
[2022-06-16T20:07:43.989+0000][6268][safepoint    ] Entering safepoint region: CollectForMetadataAllocation
[2022-06-16T20:07:43.989+0000][6268][safepoint    ] Leaving safepoint region
[2022-06-16T20:07:43.989+0000][6268][safepoint    ] Total time for which application threads were stopped: 0.0002242 seconds, Stopping threads took: 0.0000264 seconds
[2022-06-16T20:07:44.036+0000][6268][safepoint    ] Application time: 0.0457948 seconds
[2022-06-16T20:07:44.036+0000][6268][safepoint    ] Entering safepoint region: Deoptimize
[2022-06-16T20:07:44.036+0000][6268][safepoint    ] Leaving safepoint region
[2022-06-16T20:07:44.036+0000][6268][safepoint    ] Total time for which application threads were stopped: 0.0006316 seconds, Stopping threads took: 0.0000193 seconds
[2022-06-16T20:07:44.036+0000][6268][safepoint    ] Application time: 0.0136116 seconds
[2022-06-16T20:07:44.036+0000][6268][safepoint    ] Entering safepoint region: CollectForMetadataAllocation
[2022-06-16T20:07:44.036+0000][6268][safepoint    ] Leaving safepoint region
[2022-06-16T20:07:44.036+0000][6268][safepoint    ] Total time for which application threads were stopped: 0.0003622 seconds, Stopping threads took: 0.0000237 seconds
[2022-06-16T20:07:44.068+0000][6268][safepoint    ] Application time: 0.0303892 seconds
[2022-06-16T20:07:44.068+0000][6268][safepoint    ] Entering safepoint region: CollectForMetadataAllocation
[2022-06-16T20:07:44.068+0000][6268][safepoint    ] Leaving safepoint region
[2022-06-16T20:07:44.068+0000][6268][safepoint    ] Total time for which application threads were stopped: 0.0007604 seconds, Stopping threads took: 0.0000195 seconds
[2022-06-16T20:07:44.114+0000][6268][safepoint    ] Application time: 0.0358163 seconds
[2022-06-16T20:07:44.114+0000][6268][safepoint    ] Entering safepoint region: CollectForMetadataAllocation
[2022-06-16T20:07:44.114+0000][6268][safepoint    ] Leaving safepoint region
[2022-06-16T20:07:44.114+0000][6268][safepoint    ] Total time for which application threads were stopped: 0.0001969 seconds, Stopping threads took: 0.0000245 seconds
[2022-06-16T20:07:44.130+0000][6268][safepoint    ] Application time: 0.0245812 seconds
[2022-06-16T20:07:44.130+0000][6268][safepoint    ] Entering safepoint region: CollectForMetadataAllocation
[2022-06-16T20:07:44.130+0000][6268][safepoint    ] Leaving safepoint region
[2022-06-16T20:07:44.130+0000][6268][safepoint    ] Total time for which application threads were stopped: 0.0024250 seconds, Stopping threads took: 0.0022553 seconds
[2022-06-16T20:07:44.208+0000][6268][safepoint    ] Application time: 0.0660656 seconds
[2022-06-16T20:07:44.208+0000][6268][safepoint    ] Entering safepoint region: CollectForMetadataAllocation
[2022-06-16T20:07:44.208+0000][6268][safepoint    ] Leaving safepoint region
[2022-06-16T20:07:44.208+0000][6268][safepoint    ] Total time for which application threads were stopped: 0.0036349 seconds, Stopping threads took: 0.0033867 seconds
[2022-06-16T20:07:44.224+0000][6268][safepoint    ] Application time: 0.0225525 seconds
[2022-06-16T20:07:44.224+0000][6268][safepoint    ] Entering safepoint region: CollectForMetadataAllocation
[2022-06-16T20:07:44.224+0000][6268][safepoint    ] Leaving safepoint region
[2022-06-16T20:07:44.224+0000][6268][safepoint    ] Total time for which application threads were stopped: 0.0002130 seconds, Stopping threads took: 0.0000246 seconds
[2022-06-16T20:07:44.271+0000][6268][safepoint    ] Application time: 0.0444045 seconds
[2022-06-16T20:07:44.271+0000][6268][safepoint    ] Entering safepoint region: CollectForMetadataAllocation
[2022-06-16T20:07:44.271+0000][6268][safepoint    ] Leaving safepoint region
[2022-06-16T20:07:44.271+0000][6268][safepoint    ] Total time for which application threads were stopped: 0.0001519 seconds, Stopping threads took: 0.0000208 seconds
[2022-06-16T20:07:44.318+0000][6268][safepoint    ] Application time: 0.0400847 seconds
[2022-06-16T20:07:44.318+0000][6268][safepoint    ] Entering safepoint region: CollectForMetadataAllocation
[2022-06-16T20:07:44.318+0000][6268][safepoint    ] Leaving safepoint region
[2022-06-16T20:07:44.318+0000][6268][safepoint    ] Total time for which application threads were stopped: 0.0001433 seconds, Stopping threads took: 0.0000216 seconds
[2022-06-16T20:07:44.366+0000][6268][safepoint    ] Application time: 0.0456466 seconds
[2022-06-16T20:07:44.366+0000][6268][safepoint    ] Entering safepoint region: CollectForMetadataAllocation
[2022-06-16T20:07:44.366+0000][6268][safepoint    ] Leaving safepoint region
[2022-06-16T20:07:44.366+0000][6268][safepoint    ] Total time for which application threads were stopped: 0.0002143 seconds, Stopping threads took: 0.0000284 seconds
[2022-06-16T20:07:44.382+0000][6268][safepoint    ] Application time: 0.0261311 seconds
[2022-06-16T20:07:44.382+0000][6268][safepoint    ] Entering safepoint region: CollectForMetadataAllocation
[2022-06-16T20:07:44.382+0000][6268][safepoint    ] Leaving safepoint region
[2022-06-16T20:07:44.382+0000][6268][safepoint    ] Total time for which application threads were stopped: 0.0001983 seconds, Stopping threads took: 0.0000201 seconds
[2022-06-16T20:07:44.429+0000][6268][safepoint    ] Application time: 0.0390720 seconds
[2022-06-16T20:07:44.429+0000][6268][safepoint    ] Entering safepoint region: CollectForMetadataAllocation
[2022-06-16T20:07:44.429+0000][6268][safepoint    ] Leaving safepoint region
[2022-06-16T20:07:44.429+0000][6268][safepoint    ] Total time for which application threads were stopped: 0.0002298 seconds, Stopping threads took: 0.0000261 seconds
[2022-06-16T20:07:44.491+0000][6268][safepoint    ] Application time: 0.0688996 seconds
[2022-06-16T20:07:44.491+0000][6268][safepoint    ] Entering safepoint region: CollectForMetadataAllocation
[2022-06-16T20:07:44.491+0000][6268][safepoint    ] Leaving safepoint region
[2022-06-16T20:07:44.491+0000][6268][safepoint    ] Total time for which application threads were stopped: 0.0002129 seconds, Stopping threads took: 0.0000269 seconds
[2022-06-16T20:07:44.538+0000][6268][safepoint    ] Application time: 0.0442221 seconds
[2022-06-16T20:07:44.538+0000][6268][safepoint    ] Entering safepoint region: CollectForMetadataAllocation
[2022-06-16T20:07:44.538+0000][6268][safepoint    ] Leaving safepoint region
[2022-06-16T20:07:44.538+0000][6268][safepoint    ] Total time for which application threads were stopped: 0.0002277 seconds, Stopping threads took: 0.0000328 seconds
[2022-06-16T20:07:44.569+0000][6268][safepoint    ] Application time: 0.0339957 seconds
[2022-06-16T20:07:44.569+0000][6268][safepoint    ] Entering safepoint region: CollectForMetadataAllocation
[2022-06-16T20:07:44.569+0000][6268][safepoint    ] Leaving safepoint region
[2022-06-16T20:07:44.569+0000][6268][safepoint    ] Total time for which application threads were stopped: 0.0001582 seconds, Stopping threads took: 0.0000262 seconds
[2022-06-16T20:07:44.616+0000][6268][safepoint    ] Application time: 0.0397136 seconds
[2022-06-16T20:07:44.616+0000][6268][safepoint    ] Entering safepoint region: CollectForMetadataAllocation
[2022-06-16T20:07:44.616+0000][6268][safepoint    ] Leaving safepoint region
[2022-06-16T20:07:44.616+0000][6268][safepoint    ] Total time for which application threads were stopped: 0.0001518 seconds, Stopping threads took: 0.0000210 seconds
[2022-06-16T20:07:44.632+0000][6268][safepoint    ] Application time: 0.0217998 seconds
[2022-06-16T20:07:44.632+0000][6268][safepoint    ] Entering safepoint region: CollectForMetadataAllocation
[2022-06-16T20:07:44.632+0000][6268][safepoint    ] Leaving safepoint region
[2022-06-16T20:07:44.632+0000][6268][safepoint    ] Total time for which application threads were stopped: 0.0001936 seconds, Stopping threads took: 0.0000199 seconds
[2022-06-16T20:07:44.647+0000][6268][safepoint    ] Application time: 0.0168276 seconds
[2022-06-16T20:07:44.647+0000][6268][safepoint    ] Entering safepoint region: CollectForMetadataAllocation
[2022-06-16T20:07:44.647+0000][6268][safepoint    ] Leaving safepoint region
[2022-06-16T20:07:44.647+0000][6268][safepoint    ] Total time for which application threads were stopped: 0.0001678 seconds, Stopping threads took: 0.0000243 seconds
[2022-06-16T20:07:44.679+0000][6268][safepoint    ] Application time: 0.0204284 seconds
[2022-06-16T20:07:44.679+0000][6268][safepoint    ] Entering safepoint region: CollectForMetadataAllocation
[2022-06-16T20:07:44.679+0000][6268][safepoint    ] Leaving safepoint region
[2022-06-16T20:07:44.679+0000][6268][safepoint    ] Total time for which application threads were stopped: 0.0001816 seconds, Stopping threads took: 0.0000194 seconds
[2022-06-16T20:07:44.710+0000][6268][safepoint    ] Application time: 0.0292595 seconds
[2022-06-16T20:07:44.710+0000][6268][safepoint    ] Entering safepoint region: CollectForMetadataAllocation
[2022-06-16T20:07:44.710+0000][6268][safepoint    ] Leaving safepoint region
[2022-06-16T20:07:44.710+0000][6268][safepoint    ] Total time for which application threads were stopped: 0.0002112 seconds, Stopping threads took: 0.0000212 seconds
[2022-06-16T20:07:44.725+0000][6268][safepoint    ] Application time: 0.0273713 seconds
[2022-06-16T20:07:44.725+0000][6268][safepoint    ] Entering safepoint region: CollectForMetadataAllocation
[2022-06-16T20:07:44.725+0000][6268][safepoint    ] Leaving safepoint region
[2022-06-16T20:07:44.725+0000][6268][safepoint    ] Total time for which application threads were stopped: 0.0005422 seconds, Stopping threads took: 0.0000281 seconds
[2022-06-16T20:07:44.757+0000][6268][safepoint    ] Application time: 0.0225900 seconds
[2022-06-16T20:07:44.757+0000][6268][safepoint    ] Entering safepoint region: CollectForMetadataAllocation
[2022-06-16T20:07:44.757+0000][6268][safepoint    ] Leaving safepoint region
[2022-06-16T20:07:44.757+0000][6268][safepoint    ] Total time for which application threads were stopped: 0.0001534 seconds, Stopping threads took: 0.0000254 seconds
[2022-06-16T20:07:44.788+0000][6268][safepoint    ] Application time: 0.0298699 seconds
[2022-06-16T20:07:44.788+0000][6268][safepoint    ] Entering safepoint region: CollectForMetadataAllocation
[2022-06-16T20:07:44.788+0000][6268][safepoint    ] Leaving safepoint region
[2022-06-16T20:07:44.788+0000][6268][safepoint    ] Total time for which application threads were stopped: 0.0002325 seconds, Stopping threads took: 0.0000311 seconds
[2022-06-16T20:07:44.819+0000][6268][safepoint    ] Application time: 0.0314223 seconds
[2022-06-16T20:07:44.819+0000][6268][safepoint    ] Entering safepoint region: CollectForMetadataAllocation
[2022-06-16T20:07:44.819+0000][6268][safepoint    ] Leaving safepoint region
[2022-06-16T20:07:44.819+0000][6268][safepoint    ] Total time for which application threads were stopped: 0.0002086 seconds, Stopping threads took: 0.0000283 seconds
[2022-06-16T20:07:44.866+0000][6268][safepoint    ] Application time: 0.0473077 seconds
[2022-06-16T20:07:44.866+0000][6268][safepoint    ] Entering safepoint region: CollectForMetadataAllocation
[2022-06-16T20:07:44.866+0000][6268][safepoint    ] Leaving safepoint region
[2022-06-16T20:07:44.866+0000][6268][safepoint    ] Total time for which application threads were stopped: 0.0002206 seconds, Stopping threads took: 0.0000268 seconds
[2022-06-16T20:07:44.913+0000][6268][safepoint    ] Application time: 0.0429323 seconds
[2022-06-16T20:07:44.913+0000][6268][safepoint    ] Entering safepoint region: CollectForMetadataAllocation
[2022-06-16T20:07:44.913+0000][6268][safepoint    ] Leaving safepoint region
[2022-06-16T20:07:44.913+0000][6268][safepoint    ] Total time for which application threads were stopped: 0.0002115 seconds, Stopping threads took: 0.0000275 seconds
[2022-06-16T20:07:44.929+0000][6268][safepoint    ] Application time: 0.0259048 seconds
[2022-06-16T20:07:44.929+0000][6268][safepoint    ] Entering safepoint region: CollectForMetadataAllocation
[2022-06-16T20:07:44.929+0000][6268][safepoint    ] Leaving safepoint region
[2022-06-16T20:07:44.929+0000][6268][safepoint    ] Total time for which application threads were stopped: 0.0002061 seconds, Stopping threads took: 0.0000261 seconds
[2022-06-16T20:07:44.960+0000][6268][safepoint    ] Application time: 0.0278532 seconds
[2022-06-16T20:07:44.960+0000][6268][safepoint    ] Entering safepoint region: CollectForMetadataAllocation
[2022-06-16T20:07:44.960+0000][6268][safepoint    ] Leaving safepoint region
[2022-06-16T20:07:44.960+0000][6268][safepoint    ] Total time for which application threads were stopped: 0.0002075 seconds, Stopping threads took: 0.0000252 seconds
[2022-06-16T20:07:44.991+0000][6268][safepoint    ] Application time: 0.0232218 seconds
[2022-06-16T20:07:44.991+0000][6268][safepoint    ] Entering safepoint region: CollectForMetadataAllocation
[2022-06-16T20:07:44.991+0000][6268][safepoint    ] Leaving safepoint region
[2022-06-16T20:07:44.991+0000][6268][safepoint    ] Total time for which application threads were stopped: 0.0001785 seconds, Stopping threads took: 0.0000267 seconds
[2022-06-16T20:07:44.991+0000][6268][safepoint    ] Application time: 0.0096915 seconds
[2022-06-16T20:07:44.991+0000][6268][safepoint    ] Entering safepoint region: CollectForMetadataAllocation
[2022-06-16T20:07:44.991+0000][6268][safepoint    ] Leaving safepoint region
[2022-06-16T20:07:44.991+0000][6268][safepoint    ] Total time for which application threads were stopped: 0.0002491 seconds, Stopping threads took: 0.0000251 seconds
[2022-06-16T20:07:44.991+0000][6268][safepoint    ] Application time: 0.0015011 seconds
[2022-06-16T20:07:44.991+0000][6268][safepoint    ] Entering safepoint region: Deoptimize
[2022-06-16T20:07:44.991+0000][6268][safepoint    ] Leaving safepoint region
[2022-06-16T20:07:44.991+0000][6268][safepoint    ] Total time for which application threads were stopped: 0.0006103 seconds, Stopping threads took: 0.0000217 seconds
[2022-06-16T20:07:45.054+0000][6268][safepoint    ] Application time: 0.0558046 seconds
[2022-06-16T20:07:45.054+0000][6268][safepoint    ] Entering safepoint region: CollectForMetadataAllocation
[2022-06-16T20:07:45.054+0000][6268][safepoint    ] Leaving safepoint region
[2022-06-16T20:07:45.054+0000][6268][safepoint    ] Total time for which application threads were stopped: 0.0002299 seconds, Stopping threads took: 0.0000261 seconds
[2022-06-16T20:07:45.100+0000][6268][safepoint    ] Application time: 0.0471237 seconds
[2022-06-16T20:07:45.100+0000][6268][safepoint    ] Entering safepoint region: CollectForMetadataAllocation
[2022-06-16T20:07:45.100+0000][6268][safepoint    ] Leaving safepoint region
[2022-06-16T20:07:45.100+0000][6268][safepoint    ] Total time for which application threads were stopped: 0.0002300 seconds, Stopping threads took: 0.0000261 seconds
[2022-06-16T20:07:45.116+0000][6268][safepoint    ] Application time: 0.0204695 seconds
[2022-06-16T20:07:45.116+0000][6268][safepoint    ] Entering safepoint region: CollectForMetadataAllocation
[2022-06-16T20:07:45.116+0000][6268][safepoint    ] Leaving safepoint region
[2022-06-16T20:07:45.116+0000][6268][safepoint    ] Total time for which application threads were stopped: 0.0002043 seconds, Stopping threads took: 0.0000249 seconds
[2022-06-16T20:07:45.163+0000][6268][safepoint    ] Application time: 0.0341391 seconds
[2022-06-16T20:07:45.163+0000][6268][safepoint    ] Entering safepoint region: CollectForMetadataAllocation
[2022-06-16T20:07:45.163+0000][6268][safepoint    ] Leaving safepoint region
[2022-06-16T20:07:45.163+0000][6268][safepoint    ] Total time for which application threads were stopped: 0.0002110 seconds, Stopping threads took: 0.0000267 seconds
[2022-06-16T20:07:45.179+0000][6268][safepoint    ] Application time: 0.0214796 seconds
[2022-06-16T20:07:45.179+0000][6268][safepoint    ] Entering safepoint region: CollectForMetadataAllocation
[2022-06-16T20:07:45.179+0000][6268][safepoint    ] Leaving safepoint region
[2022-06-16T20:07:45.179+0000][6268][safepoint    ] Total time for which application threads were stopped: 0.0002163 seconds, Stopping threads took: 0.0000283 seconds
[2022-06-16T20:07:45.210+0000][6268][safepoint    ] Application time: 0.0333645 seconds
[2022-06-16T20:07:45.210+0000][6268][safepoint    ] Entering safepoint region: CollectForMetadataAllocation
[2022-06-16T20:07:45.210+0000][6268][safepoint    ] Leaving safepoint region
[2022-06-16T20:07:45.210+0000][6268][safepoint    ] Total time for which application threads were stopped: 0.0002191 seconds, Stopping threads took: 0.0000276 seconds
[2022-06-16T20:07:45.257+0000][6268][safepoint    ] Application time: 0.0408951 seconds
[2022-06-16T20:07:45.257+0000][6268][safepoint    ] Entering safepoint region: CollectForMetadataAllocation
[2022-06-16T20:07:45.257+0000][6268][safepoint    ] Leaving safepoint region
[2022-06-16T20:07:45.257+0000][6268][safepoint    ] Total time for which application threads were stopped: 0.0002127 seconds, Stopping threads took: 0.0000206 seconds
[2022-06-16T20:07:45.335+0000][6268][safepoint    ] Application time: 0.0851035 seconds
[2022-06-16T20:07:45.335+0000][6268][safepoint    ] Entering safepoint region: CollectForMetadataAllocation
[2022-06-16T20:07:45.335+0000][6268][safepoint    ] Leaving safepoint region
[2022-06-16T20:07:45.335+0000][6268][safepoint    ] Total time for which application threads were stopped: 0.0002438 seconds, Stopping threads took: 0.0000269 seconds
[2022-06-16T20:07:45.366+0000][6268][safepoint    ] Application time: 0.0249940 seconds
[2022-06-16T20:07:45.366+0000][6268][safepoint    ] Entering safepoint region: CollectForMetadataAllocation
[2022-06-16T20:07:45.366+0000][6268][safepoint    ] Leaving safepoint region
[2022-06-16T20:07:45.366+0000][6268][safepoint    ] Total time for which application threads were stopped: 0.0002407 seconds, Stopping threads took: 0.0000275 seconds
[2022-06-16T20:07:45.413+0000][6268][safepoint    ] Application time: 0.0420453 seconds
[2022-06-16T20:07:45.413+0000][6268][safepoint    ] Entering safepoint region: CollectForMetadataAllocation
[2022-06-16T20:07:45.413+0000][6268][safepoint    ] Leaving safepoint region
[2022-06-16T20:07:45.413+0000][6268][safepoint    ] Total time for which application threads were stopped: 0.0002260 seconds, Stopping threads took: 0.0000361 seconds
[2022-06-16T20:07:45.507+0000][6268][safepoint    ] Application time: 0.0980571 seconds
[2022-06-16T20:07:45.507+0000][6268][safepoint    ] Entering safepoint region: RevokeBias
[2022-06-16T20:07:45.507+0000][6268][safepoint    ] Leaving safepoint region
[2022-06-16T20:07:45.507+0000][6268][safepoint    ] Total time for which application threads were stopped: 0.0001542 seconds, Stopping threads took: 0.0000268 seconds
[2022-06-16T20:07:45.507+0000][6268][safepoint    ] Application time: 0.0000780 seconds
[2022-06-16T20:07:45.507+0000][6268][safepoint    ] Entering safepoint region: RevokeBias
[2022-06-16T20:07:45.507+0000][6268][safepoint    ] Leaving safepoint region
[2022-06-16T20:07:45.507+0000][6268][safepoint    ] Total time for which application threads were stopped: 0.0000886 seconds, Stopping threads took: 0.0000207 seconds
[2022-06-16T20:07:45.507+0000][6268][safepoint    ] Application time: 0.0000922 seconds
[2022-06-16T20:07:45.507+0000][6268][safepoint    ] Entering safepoint region: RevokeBias
[2022-06-16T20:07:45.507+0000][6268][safepoint    ] Leaving safepoint region
[2022-06-16T20:07:45.507+0000][6268][safepoint    ] Total time for which application threads were stopped: 0.0000714 seconds, Stopping threads took: 0.0000205 seconds
[2022-06-16T20:07:45.507+0000][6268][safepoint    ] Application time: 0.0013209 seconds
[2022-06-16T20:07:45.507+0000][6268][safepoint    ] Entering safepoint region: CollectForMetadataAllocation
[2022-06-16T20:07:45.507+0000][6268][safepoint    ] Leaving safepoint region
[2022-06-16T20:07:45.507+0000][6268][safepoint    ] Total time for which application threads were stopped: 0.0002145 seconds, Stopping threads took: 0.0000235 seconds
[2022-06-16T20:07:45.507+0000][6268][safepoint    ] Application time: 0.0018925 seconds
[2022-06-16T20:07:45.507+0000][6268][safepoint    ] Entering safepoint region: RevokeBias
[2022-06-16T20:07:45.507+0000][6268][safepoint    ] Leaving safepoint region
[2022-06-16T20:07:45.507+0000][6268][safepoint    ] Total time for which application threads were stopped: 0.0000813 seconds, Stopping threads took: 0.0000235 seconds
[2022-06-16T20:07:45.538+0000][6268][safepoint    ] Application time: 0.0321367 seconds
[2022-06-16T20:07:45.538+0000][6268][safepoint    ] Entering safepoint region: CollectForMetadataAllocation
[2022-06-16T20:07:45.538+0000][6268][safepoint    ] Leaving safepoint region
[2022-06-16T20:07:45.538+0000][6268][safepoint    ] Total time for which application threads were stopped: 0.0002048 seconds, Stopping threads took: 0.0000259 seconds
[2022-06-16T20:07:45.569+0000][6268][safepoint    ] Application time: 0.0292239 seconds
[2022-06-16T20:07:45.569+0000][6268][safepoint    ] Entering safepoint region: CollectForMetadataAllocation
[2022-06-16T20:07:45.569+0000][6268][safepoint    ] Leaving safepoint region
[2022-06-16T20:07:45.569+0000][6268][safepoint    ] Total time for which application threads were stopped: 0.0002213 seconds, Stopping threads took: 0.0000220 seconds
[2022-06-16T20:07:45.772+0000][6268][safepoint    ] Application time: 0.2031599 seconds
[2022-06-16T20:07:45.772+0000][6268][safepoint    ] Entering safepoint region: CollectForMetadataAllocation
[2022-06-16T20:07:45.772+0000][6268][safepoint    ] Leaving safepoint region
[2022-06-16T20:07:45.772+0000][6268][safepoint    ] Total time for which application threads were stopped: 0.0002199 seconds, Stopping threads took: 0.0000269 seconds
[2022-06-16T20:07:45.944+0000][6268][safepoint    ] Application time: 0.1626446 seconds
[2022-06-16T20:07:45.944+0000][6268][safepoint    ] Entering safepoint region: CMS_Initial_Mark
[2022-06-16T20:07:45.944+0000][6268][gc,start     ] GC(25) Pause Initial Mark
[2022-06-16T20:07:45.960+0000][6268][gc           ] GC(25) Pause Initial Mark 191M->191M(1007M) 26.264ms
[2022-06-16T20:07:45.960+0000][6268][gc,cpu       ] GC(25) User=0.03s Sys=0.00s Real=0.02s
[2022-06-16T20:07:45.960+0000][6268][safepoint    ] Leaving safepoint region
[2022-06-16T20:07:45.960+0000][6268][safepoint    ] Total time for which application threads were stopped: 0.0271334 seconds, Stopping threads took: 0.0003820 seconds
[2022-06-16T20:07:45.960+0000][6268][gc           ] GC(25) Concurrent Mark
[2022-06-16T20:07:46.038+0000][6268][gc           ] GC(25) Concurrent Mark 67.634ms
[2022-06-16T20:07:46.038+0000][6268][gc,cpu       ] GC(25) User=0.08s Sys=0.00s Real=0.08s
[2022-06-16T20:07:46.038+0000][6268][gc           ] GC(25) Concurrent Preclean
[2022-06-16T20:07:46.038+0000][6268][gc           ] GC(25) Concurrent Preclean 4.813ms
[2022-06-16T20:07:46.038+0000][6268][gc,cpu       ] GC(25) User=0.00s Sys=0.00s Real=0.00s
[2022-06-16T20:07:46.038+0000][6268][gc           ] GC(25) Concurrent Abortable Preclean
[2022-06-16T20:07:46.132+0000][6268][safepoint    ] Application time: 0.1605571 seconds
[2022-06-16T20:07:46.132+0000][6268][safepoint    ] Entering safepoint region: CollectForMetadataAllocation
[2022-06-16T20:07:46.132+0000][6268][safepoint    ] Leaving safepoint region
[2022-06-16T20:07:46.132+0000][6268][safepoint    ] Total time for which application threads were stopped: 0.0002317 seconds, Stopping threads took: 0.0000301 seconds
[2022-06-16T20:07:46.210+0000][6268][safepoint    ] Application time: 0.0804276 seconds
[2022-06-16T20:07:46.210+0000][6268][safepoint    ] Entering safepoint region: GenCollectForAllocation
[2022-06-16T20:07:46.210+0000][6268][gc,start     ] GC(26) Pause Young (Allocation Failure)
[2022-06-16T20:07:46.210+0000][6268][gc,task      ] GC(26) Using 2 workers of 2 for evacuation
[2022-06-16T20:07:46.241+0000][6268][gc,age       ] GC(26) Desired survivor size 8716288 bytes, new threshold 3 (max threshold 6)
[2022-06-16T20:07:46.241+0000][6268][gc,age       ] GC(26) Age table with threshold 3 (max threshold 6)
[2022-06-16T20:07:46.241+0000][6268][gc,age       ] GC(26) - age   1:    4267440 bytes,    4267440 total
[2022-06-16T20:07:46.241+0000][6268][gc,age       ] GC(26) - age   2:    2719728 bytes,    6987168 total
[2022-06-16T20:07:46.241+0000][6268][gc,age       ] GC(26) - age   3:    1782248 bytes,    8769416 total
[2022-06-16T20:07:46.241+0000][6268][gc,heap      ] GC(26) ParNew: 147672K->12064K(153344K)
[2022-06-16T20:07:46.241+0000][6268][gc,heap      ] GC(26) CMS: 48198K->52732K(878208K)
[2022-06-16T20:07:46.241+0000][6268][gc,metaspace ] GC(26) Metaspace: 79901K->79901K(1124352K)
[2022-06-16T20:07:46.241+0000][6268][gc           ] GC(26) Pause Young (Allocation Failure) 191M->63M(1007M) 33.568ms
[2022-06-16T20:07:46.241+0000][6268][gc,cpu       ] GC(26) User=0.06s Sys=0.00s Real=0.03s
[2022-06-16T20:07:46.241+0000][6268][safepoint    ] Leaving safepoint region
[2022-06-16T20:07:46.241+0000][6268][safepoint    ] Total time for which application threads were stopped: 0.0337266 seconds, Stopping threads took: 0.0000215 seconds
[2022-06-16T20:07:46.304+0000][6268][safepoint    ] Application time: 0.0668945 seconds
[2022-06-16T20:07:46.304+0000][6268][safepoint    ] Entering safepoint region: CollectForMetadataAllocation
[2022-06-16T20:07:46.304+0000][6268][safepoint    ] Leaving safepoint region
[2022-06-16T20:07:46.304+0000][6268][safepoint    ] Total time for which application threads were stopped: 0.0002117 seconds, Stopping threads took: 0.0000211 seconds
[2022-06-16T20:07:46.397+0000][6268][safepoint    ] Application time: 0.0926059 seconds
[2022-06-16T20:07:46.397+0000][6268][safepoint    ] Entering safepoint region: CollectForMetadataAllocation
[2022-06-16T20:07:46.397+0000][6268][safepoint    ] Leaving safepoint region
[2022-06-16T20:07:46.397+0000][6268][safepoint    ] Total time for which application threads were stopped: 0.0002247 seconds, Stopping threads took: 0.0000269 seconds
[2022-06-16T20:07:46.413+0000][6268][safepoint    ] Application time: 0.0212165 seconds
[2022-06-16T20:07:46.413+0000][6268][safepoint    ] Entering safepoint region: Deoptimize
[2022-06-16T20:07:46.429+0000][6268][safepoint    ] Leaving safepoint region
[2022-06-16T20:07:46.429+0000][6268][safepoint    ] Total time for which application threads were stopped: 0.0007381 seconds, Stopping threads took: 0.0000217 seconds
[2022-06-16T20:07:46.819+0000][6268][safepoint    ] Application time: 0.3910543 seconds
[2022-06-16T20:07:46.819+0000][6268][safepoint    ] Entering safepoint region: CollectForMetadataAllocation
[2022-06-16T20:07:46.819+0000][6268][safepoint    ] Leaving safepoint region
[2022-06-16T20:07:46.819+0000][6268][safepoint    ] Total time for which application threads were stopped: 0.0002359 seconds, Stopping threads took: 0.0000225 seconds
[2022-06-16T20:07:46.913+0000][6268][safepoint    ] Application time: 0.1066115 seconds
[2022-06-16T20:07:46.913+0000][6268][safepoint    ] Entering safepoint region: CollectForMetadataAllocation
[2022-06-16T20:07:46.913+0000][6268][safepoint    ] Leaving safepoint region
[2022-06-16T20:07:46.913+0000][6268][safepoint    ] Total time for which application threads were stopped: 0.0001634 seconds, Stopping threads took: 0.0000206 seconds
[2022-06-16T20:07:47.007+0000][6268][safepoint    ] Application time: 0.0850216 seconds
[2022-06-16T20:07:47.007+0000][6268][safepoint    ] Entering safepoint region: CollectForMetadataAllocation
[2022-06-16T20:07:47.007+0000][6268][safepoint    ] Leaving safepoint region
[2022-06-16T20:07:47.007+0000][6268][safepoint    ] Total time for which application threads were stopped: 0.0002136 seconds, Stopping threads took: 0.0000209 seconds
[2022-06-16T20:07:47.085+0000][6268][safepoint    ] Application time: 0.0776766 seconds
[2022-06-16T20:07:47.085+0000][6268][safepoint    ] Entering safepoint region: CollectForMetadataAllocation
[2022-06-16T20:07:47.085+0000][6268][safepoint    ] Leaving safepoint region
[2022-06-16T20:07:47.085+0000][6268][safepoint    ] Total time for which application threads were stopped: 0.0001861 seconds, Stopping threads took: 0.0000214 seconds
[2022-06-16T20:07:47.100+0000][6268][safepoint    ] Application time: 0.0199869 seconds
[2022-06-16T20:07:47.100+0000][6268][safepoint    ] Entering safepoint region: CollectForMetadataAllocation
[2022-06-16T20:07:47.100+0000][6268][safepoint    ] Leaving safepoint region
[2022-06-16T20:07:47.100+0000][6268][safepoint    ] Total time for which application threads were stopped: 0.0002560 seconds, Stopping threads took: 0.0000267 seconds
[2022-06-16T20:07:47.116+0000][6268][safepoint    ] Application time: 0.0184791 seconds
[2022-06-16T20:07:47.116+0000][6268][safepoint    ] Entering safepoint region: CollectForMetadataAllocation
[2022-06-16T20:07:47.116+0000][6268][safepoint    ] Leaving safepoint region
[2022-06-16T20:07:47.116+0000][6268][safepoint    ] Total time for which application threads were stopped: 0.0001990 seconds, Stopping threads took: 0.0000197 seconds
[2022-06-16T20:07:47.302+0000][6268][safepoint    ] Application time: 0.1738807 seconds
[2022-06-16T20:07:47.302+0000][6268][safepoint    ] Entering safepoint region: CollectForMetadataAllocation
[2022-06-16T20:07:47.302+0000][6268][safepoint    ] Leaving safepoint region
[2022-06-16T20:07:47.302+0000][6268][safepoint    ] Total time for which application threads were stopped: 0.0002432 seconds, Stopping threads took: 0.0000259 seconds
[2022-06-16T20:07:47.426+0000][6268][safepoint    ] Application time: 0.1239145 seconds
[2022-06-16T20:07:47.426+0000][6268][safepoint    ] Entering safepoint region: CollectForMetadataAllocation
[2022-06-16T20:07:47.427+0000][6268][safepoint    ] Leaving safepoint region
[2022-06-16T20:07:47.427+0000][6268][safepoint    ] Total time for which application threads were stopped: 0.0002291 seconds, Stopping threads took: 0.0000239 seconds
[2022-06-16T20:07:47.629+0000][6268][safepoint    ] Application time: 0.2025916 seconds
[2022-06-16T20:07:47.629+0000][6268][safepoint    ] Entering safepoint region: CollectForMetadataAllocation
[2022-06-16T20:07:47.630+0000][6268][safepoint    ] Leaving safepoint region
[2022-06-16T20:07:47.630+0000][6268][safepoint    ] Total time for which application threads were stopped: 0.0002759 seconds, Stopping threads took: 0.0000264 seconds
[2022-06-16T20:07:47.742+0000][6268][safepoint    ] Application time: 0.1123796 seconds
[2022-06-16T20:07:47.742+0000][6268][safepoint    ] Entering safepoint region: CollectForMetadataAllocation
[2022-06-16T20:07:47.742+0000][6268][safepoint    ] Leaving safepoint region
[2022-06-16T20:07:47.742+0000][6268][safepoint    ] Total time for which application threads were stopped: 0.0001583 seconds, Stopping threads took: 0.0000287 seconds
[2022-06-16T20:07:47.800+0000][6268][safepoint    ] Application time: 0.0575490 seconds
[2022-06-16T20:07:47.800+0000][6268][safepoint    ] Entering safepoint region: CollectForMetadataAllocation
[2022-06-16T20:07:47.800+0000][6268][safepoint    ] Leaving safepoint region
[2022-06-16T20:07:47.800+0000][6268][safepoint    ] Total time for which application threads were stopped: 0.0002314 seconds, Stopping threads took: 0.0000232 seconds
[2022-06-16T20:07:47.869+0000][6268][safepoint    ] Application time: 0.0684401 seconds
[2022-06-16T20:07:47.869+0000][6268][safepoint    ] Entering safepoint region: RevokeBias
[2022-06-16T20:07:47.869+0000][6268][safepoint    ] Leaving safepoint region
[2022-06-16T20:07:47.869+0000][6268][safepoint    ] Total time for which application threads were stopped: 0.0001188 seconds, Stopping threads took: 0.0000424 seconds
[2022-06-16T20:07:47.889+0000][6268][safepoint    ] Application time: 0.0201317 seconds
[2022-06-16T20:07:47.889+0000][6268][safepoint    ] Entering safepoint region: CollectForMetadataAllocation
[2022-06-16T20:07:47.889+0000][6268][safepoint    ] Leaving safepoint region
[2022-06-16T20:07:47.889+0000][6268][safepoint    ] Total time for which application threads were stopped: 0.0002246 seconds, Stopping threads took: 0.0000199 seconds
[2022-06-16T20:07:47.907+0000][6268][safepoint    ] Application time: 0.0175912 seconds
[2022-06-16T20:07:47.907+0000][6268][safepoint    ] Entering safepoint region: RevokeBias
[2022-06-16T20:07:47.907+0000][6268][safepoint    ] Leaving safepoint region
[2022-06-16T20:07:47.907+0000][6268][safepoint    ] Total time for which application threads were stopped: 0.0000949 seconds, Stopping threads took: 0.0000376 seconds
[2022-06-16T20:07:47.920+0000][6268][safepoint    ] Application time: 0.0131762 seconds
[2022-06-16T20:07:47.920+0000][6268][safepoint    ] Entering safepoint region: CollectForMetadataAllocation
[2022-06-16T20:07:47.920+0000][6268][safepoint    ] Leaving safepoint region
[2022-06-16T20:07:47.920+0000][6268][safepoint    ] Total time for which application threads were stopped: 0.0001899 seconds, Stopping threads took: 0.0000189 seconds
[2022-06-16T20:07:47.920+0000][6268][safepoint    ] Application time: 0.0000509 seconds
[2022-06-16T20:07:47.920+0000][6268][safepoint    ] Entering safepoint region: RevokeBias
[2022-06-16T20:07:47.921+0000][6268][safepoint    ] Leaving safepoint region
[2022-06-16T20:07:47.921+0000][6268][safepoint    ] Total time for which application threads were stopped: 0.0000943 seconds, Stopping threads took: 0.0000352 seconds
[2022-06-16T20:07:47.957+0000][6268][safepoint    ] Application time: 0.0362205 seconds
[2022-06-16T20:07:47.957+0000][6268][safepoint    ] Entering safepoint region: CollectForMetadataAllocation
[2022-06-16T20:07:47.957+0000][6268][safepoint    ] Leaving safepoint region
[2022-06-16T20:07:47.957+0000][6268][safepoint    ] Total time for which application threads were stopped: 0.0003522 seconds, Stopping threads took: 0.0001686 seconds
[2022-06-16T20:07:47.959+0000][6268][safepoint    ] Application time: 0.0020432 seconds
[2022-06-16T20:07:47.959+0000][6268][safepoint    ] Entering safepoint region: RevokeBias
[2022-06-16T20:07:47.959+0000][6268][safepoint    ] Leaving safepoint region
[2022-06-16T20:07:47.959+0000][6268][safepoint    ] Total time for which application threads were stopped: 0.0001140 seconds, Stopping threads took: 0.0000395 seconds
[2022-06-16T20:07:48.134+0000][6268][safepoint    ] Application time: 0.1746453 seconds
[2022-06-16T20:07:48.134+0000][6268][safepoint    ] Entering safepoint region: CollectForMetadataAllocation
[2022-06-16T20:07:48.134+0000][6268][safepoint    ] Leaving safepoint region
[2022-06-16T20:07:48.134+0000][6268][safepoint    ] Total time for which application threads were stopped: 0.0002193 seconds, Stopping threads took: 0.0000272 seconds
[2022-06-16T20:07:48.259+0000][6268][safepoint    ] Application time: 0.1247588 seconds
[2022-06-16T20:07:48.259+0000][6268][safepoint    ] Entering safepoint region: CollectForMetadataAllocation
[2022-06-16T20:07:48.259+0000][6268][safepoint    ] Leaving safepoint region
[2022-06-16T20:07:48.259+0000][6268][safepoint    ] Total time for which application threads were stopped: 0.0002226 seconds, Stopping threads took: 0.0000217 seconds
[2022-06-16T20:07:48.271+0000][6268][safepoint    ] Application time: 0.0116813 seconds
[2022-06-16T20:07:48.271+0000][6268][safepoint    ] Entering safepoint region: RevokeBias
[2022-06-16T20:07:48.271+0000][6268][safepoint    ] Leaving safepoint region
[2022-06-16T20:07:48.271+0000][6268][safepoint    ] Total time for which application threads were stopped: 0.0000696 seconds, Stopping threads took: 0.0000192 seconds
[2022-06-16T20:07:48.326+0000][6268][safepoint    ] Application time: 0.0550568 seconds
[2022-06-16T20:07:48.326+0000][6268][safepoint    ] Entering safepoint region: CollectForMetadataAllocation
[2022-06-16T20:07:48.327+0000][6268][safepoint    ] Leaving safepoint region
[2022-06-16T20:07:48.327+0000][6268][safepoint    ] Total time for which application threads were stopped: 0.0002321 seconds, Stopping threads took: 0.0000214 seconds
[2022-06-16T20:07:48.340+0000][6268][safepoint    ] Application time: 0.0134015 seconds
[2022-06-16T20:07:48.340+0000][6268][safepoint    ] Entering safepoint region: Deoptimize
[2022-06-16T20:07:48.341+0000][6268][safepoint    ] Leaving safepoint region
[2022-06-16T20:07:48.341+0000][6268][safepoint    ] Total time for which application threads were stopped: 0.0007164 seconds, Stopping threads took: 0.0000198 seconds
[2022-06-16T20:07:48.346+0000][6268][safepoint    ] Application time: 0.0048270 seconds
[2022-06-16T20:07:48.346+0000][6268][safepoint    ] Entering safepoint region: CollectForMetadataAllocation
[2022-06-16T20:07:48.346+0000][6268][safepoint    ] Leaving safepoint region
[2022-06-16T20:07:48.346+0000][6268][safepoint    ] Total time for which application threads were stopped: 0.0001983 seconds, Stopping threads took: 0.0000205 seconds
[2022-06-16T20:07:48.367+0000][6268][safepoint    ] Application time: 0.0211180 seconds
[2022-06-16T20:07:48.367+0000][6268][safepoint    ] Entering safepoint region: CollectForMetadataAllocation
[2022-06-16T20:07:48.367+0000][6268][safepoint    ] Leaving safepoint region
[2022-06-16T20:07:48.367+0000][6268][safepoint    ] Total time for which application threads were stopped: 0.0002566 seconds, Stopping threads took: 0.0000206 seconds
[2022-06-16T20:07:48.554+0000][6268][gc           ] GC(25) Concurrent Abortable Preclean 2510.365ms
[2022-06-16T20:07:48.554+0000][6268][gc,cpu       ] GC(25) User=3.55s Sys=0.09s Real=2.52s
[2022-06-16T20:07:48.554+0000][6268][safepoint    ] Application time: 0.1863375 seconds
[2022-06-16T20:07:48.582+0000][6268][safepoint    ] Entering safepoint region: CMS_Final_Remark
[2022-06-16T20:07:48.582+0000][6268][gc,start     ] GC(25) Pause Remark
[2022-06-16T20:07:48.630+0000][6268][gc           ] GC(25) Pause Remark 132M->132M(1007M) 48.649ms
[2022-06-16T20:07:48.630+0000][6268][gc,cpu       ] GC(25) User=0.08s Sys=0.00s Real=0.05s
[2022-06-16T20:07:48.630+0000][6268][safepoint    ] Leaving safepoint region
[2022-06-16T20:07:48.631+0000][6268][safepoint    ] Total time for which application threads were stopped: 0.0768715 seconds, Stopping threads took: 0.0280465 seconds
[2022-06-16T20:07:48.631+0000][6268][gc           ] GC(25) Concurrent Sweep
[2022-06-16T20:07:48.652+0000][6268][gc           ] GC(25) Concurrent Sweep 21.795ms
[2022-06-16T20:07:48.652+0000][6268][gc,cpu       ] GC(25) User=0.02s Sys=0.00s Real=0.02s
[2022-06-16T20:07:48.652+0000][6268][gc           ] GC(25) Concurrent Reset
[2022-06-16T20:07:48.654+0000][6268][gc           ] GC(25) Concurrent Reset 1.188ms
[2022-06-16T20:07:48.654+0000][6268][gc,cpu       ] GC(25) User=0.00s Sys=0.00s Real=0.00s
[2022-06-16T20:07:48.654+0000][6268][gc,heap      ] GC(25) Old: 48198K->52370K(878208K)
[2022-06-16T20:07:48.658+0000][6268][safepoint    ] Application time: 0.0276717 seconds
[2022-06-16T20:07:48.658+0000][6268][safepoint    ] Entering safepoint region: Deoptimize
[2022-06-16T20:07:48.659+0000][6268][safepoint    ] Leaving safepoint region
[2022-06-16T20:07:48.659+0000][6268][safepoint    ] Total time for which application threads were stopped: 0.0008322 seconds, Stopping threads took: 0.0000390 seconds
[2022-06-16T20:07:48.811+0000][6268][safepoint    ] Application time: 0.1523781 seconds
[2022-06-16T20:07:48.812+0000][6268][safepoint    ] Entering safepoint region: Deoptimize
[2022-06-16T20:07:48.812+0000][6268][safepoint    ] Leaving safepoint region
[2022-06-16T20:07:48.812+0000][6268][safepoint    ] Total time for which application threads were stopped: 0.0009012 seconds, Stopping threads took: 0.0001950 seconds
[2022-06-16T20:07:48.961+0000][6268][safepoint    ] Application time: 0.1488127 seconds
[2022-06-16T20:07:48.961+0000][6268][safepoint    ] Entering safepoint region: RevokeBias
[2022-06-16T20:07:48.962+0000][6268][safepoint    ] Leaving safepoint region
[2022-06-16T20:07:48.962+0000][6268][safepoint    ] Total time for which application threads were stopped: 0.0005108 seconds, Stopping threads took: 0.0000275 seconds
[2022-06-16T20:07:48.962+0000][6268][safepoint    ] Application time: 0.0001786 seconds
[2022-06-16T20:07:48.962+0000][6268][safepoint    ] Entering safepoint region: RevokeBias
[2022-06-16T20:07:48.962+0000][6268][safepoint    ] Leaving safepoint region
[2022-06-16T20:07:48.962+0000][6268][safepoint    ] Total time for which application threads were stopped: 0.0000805 seconds, Stopping threads took: 0.0000228 seconds
[2022-06-16T20:07:48.963+0000][6268][safepoint    ] Application time: 0.0006702 seconds
[2022-06-16T20:07:48.963+0000][6268][safepoint    ] Entering safepoint region: RevokeBias
[2022-06-16T20:07:48.963+0000][6268][safepoint    ] Leaving safepoint region
[2022-06-16T20:07:48.963+0000][6268][safepoint    ] Total time for which application threads were stopped: 0.0000864 seconds, Stopping threads took: 0.0000238 seconds
[2022-06-16T20:07:48.963+0000][6268][safepoint    ] Application time: 0.0000806 seconds
[2022-06-16T20:07:48.963+0000][6268][safepoint    ] Entering safepoint region: RevokeBias
[2022-06-16T20:07:48.963+0000][6268][safepoint    ] Leaving safepoint region
[2022-06-16T20:07:48.963+0000][6268][safepoint    ] Total time for which application threads were stopped: 0.0000727 seconds, Stopping threads took: 0.0000209 seconds
[2022-06-16T20:07:48.968+0000][6268][safepoint    ] Application time: 0.0048463 seconds
[2022-06-16T20:07:48.968+0000][6268][safepoint    ] Entering safepoint region: RevokeBias
[2022-06-16T20:07:48.968+0000][6268][safepoint    ] Leaving safepoint region
[2022-06-16T20:07:48.968+0000][6268][safepoint    ] Total time for which application threads were stopped: 0.0000855 seconds, Stopping threads took: 0.0000239 seconds
[2022-06-16T20:07:48.968+0000][6268][safepoint    ] Application time: 0.0000148 seconds
[2022-06-16T20:07:48.968+0000][6268][safepoint    ] Entering safepoint region: RevokeBias
[2022-06-16T20:07:48.968+0000][6268][safepoint    ] Leaving safepoint region
[2022-06-16T20:07:48.968+0000][6268][safepoint    ] Total time for which application threads were stopped: 0.0000620 seconds, Stopping threads took: 0.0000188 seconds
[2022-06-16T20:07:48.968+0000][6268][safepoint    ] Application time: 0.0000128 seconds
[2022-06-16T20:07:48.968+0000][6268][safepoint    ] Entering safepoint region: RevokeBias
[2022-06-16T20:07:48.968+0000][6268][safepoint    ] Leaving safepoint region
[2022-06-16T20:07:48.968+0000][6268][safepoint    ] Total time for which application threads were stopped: 0.0000597 seconds, Stopping threads took: 0.0000184 seconds
[2022-06-16T20:07:48.968+0000][6268][safepoint    ] Application time: 0.0000104 seconds
[2022-06-16T20:07:48.968+0000][6268][safepoint    ] Entering safepoint region: RevokeBias
[2022-06-16T20:07:48.968+0000][6268][safepoint    ] Leaving safepoint region
[2022-06-16T20:07:48.968+0000][6268][safepoint    ] Total time for which application threads were stopped: 0.0000648 seconds, Stopping threads took: 0.0000223 seconds
[2022-06-16T20:07:48.969+0000][6268][safepoint    ] Application time: 0.0000125 seconds
[2022-06-16T20:07:48.969+0000][6268][safepoint    ] Entering safepoint region: RevokeBias
[2022-06-16T20:07:48.969+0000][6268][safepoint    ] Leaving safepoint region
[2022-06-16T20:07:48.969+0000][6268][safepoint    ] Total time for which application threads were stopped: 0.0000716 seconds, Stopping threads took: 0.0000267 seconds
[2022-06-16T20:07:48.969+0000][6268][safepoint    ] Application time: 0.0000133 seconds
[2022-06-16T20:07:48.969+0000][6268][safepoint    ] Entering safepoint region: RevokeBias
[2022-06-16T20:07:48.969+0000][6268][safepoint    ] Leaving safepoint region
[2022-06-16T20:07:48.969+0000][6268][safepoint    ] Total time for which application threads were stopped: 0.0000598 seconds, Stopping threads took: 0.0000187 seconds
[2022-06-16T20:07:48.969+0000][6268][safepoint    ] Application time: 0.0000119 seconds
[2022-06-16T20:07:48.969+0000][6268][safepoint    ] Entering safepoint region: RevokeBias
[2022-06-16T20:07:48.969+0000][6268][safepoint    ] Leaving safepoint region
[2022-06-16T20:07:48.969+0000][6268][safepoint    ] Total time for which application threads were stopped: 0.0000594 seconds, Stopping threads took: 0.0000185 seconds
[2022-06-16T20:07:48.969+0000][6268][safepoint    ] Application time: 0.0000106 seconds
[2022-06-16T20:07:48.969+0000][6268][safepoint    ] Entering safepoint region: RevokeBias
[2022-06-16T20:07:48.969+0000][6268][safepoint    ] Leaving safepoint region
[2022-06-16T20:07:48.969+0000][6268][safepoint    ] Total time for which application threads were stopped: 0.0000649 seconds, Stopping threads took: 0.0000185 seconds
[2022-06-16T20:07:48.969+0000][6268][safepoint    ] Application time: 0.0000110 seconds
[2022-06-16T20:07:48.969+0000][6268][safepoint    ] Entering safepoint region: RevokeBias
[2022-06-16T20:07:48.969+0000][6268][safepoint    ] Leaving safepoint region
[2022-06-16T20:07:48.969+0000][6268][safepoint    ] Total time for which application threads were stopped: 0.0000604 seconds, Stopping threads took: 0.0000185 seconds
[2022-06-16T20:07:48.969+0000][6268][safepoint    ] Application time: 0.0000103 seconds
[2022-06-16T20:07:48.969+0000][6268][safepoint    ] Entering safepoint region: RevokeBias
[2022-06-16T20:07:48.969+0000][6268][safepoint    ] Leaving safepoint region
[2022-06-16T20:07:48.969+0000][6268][safepoint    ] Total time for which application threads were stopped: 0.0000599 seconds, Stopping threads took: 0.0000189 seconds
[2022-06-16T20:07:48.969+0000][6268][safepoint    ] Application time: 0.0000106 seconds
[2022-06-16T20:07:48.969+0000][6268][safepoint    ] Entering safepoint region: RevokeBias
[2022-06-16T20:07:48.969+0000][6268][safepoint    ] Leaving safepoint region
[2022-06-16T20:07:48.969+0000][6268][safepoint    ] Total time for which application threads were stopped: 0.0000587 seconds, Stopping threads took: 0.0000189 seconds
[2022-06-16T20:07:48.969+0000][6268][safepoint    ] Application time: 0.0000109 seconds
[2022-06-16T20:07:48.969+0000][6268][safepoint    ] Entering safepoint region: RevokeBias
[2022-06-16T20:07:48.969+0000][6268][safepoint    ] Leaving safepoint region
[2022-06-16T20:07:48.969+0000][6268][safepoint    ] Total time for which application threads were stopped: 0.0000596 seconds, Stopping threads took: 0.0000194 seconds
[2022-06-16T20:07:48.969+0000][6268][safepoint    ] Application time: 0.0000104 seconds
[2022-06-16T20:07:48.969+0000][6268][safepoint    ] Entering safepoint region: RevokeBias
[2022-06-16T20:07:48.969+0000][6268][safepoint    ] Leaving safepoint region
[2022-06-16T20:07:48.969+0000][6268][safepoint    ] Total time for which application threads were stopped: 0.0000592 seconds, Stopping threads took: 0.0000190 seconds
[2022-06-16T20:07:48.969+0000][6268][safepoint    ] Application time: 0.0000107 seconds
[2022-06-16T20:07:48.970+0000][6268][safepoint    ] Entering safepoint region: RevokeBias
[2022-06-16T20:07:48.970+0000][6268][safepoint    ] Leaving safepoint region
[2022-06-16T20:07:48.970+0000][6268][safepoint    ] Total time for which application threads were stopped: 0.0000618 seconds, Stopping threads took: 0.0000204 seconds
[2022-06-16T20:07:48.970+0000][6268][safepoint    ] Application time: 0.0000109 seconds
[2022-06-16T20:07:48.970+0000][6268][safepoint    ] Entering safepoint region: RevokeBias
[2022-06-16T20:07:48.970+0000][6268][safepoint    ] Leaving safepoint region
[2022-06-16T20:07:48.970+0000][6268][safepoint    ] Total time for which application threads were stopped: 0.0000619 seconds, Stopping threads took: 0.0000188 seconds
[2022-06-16T20:07:48.970+0000][6268][safepoint    ] Application time: 0.0000112 seconds
[2022-06-16T20:07:48.970+0000][6268][safepoint    ] Entering safepoint region: RevokeBias
[2022-06-16T20:07:48.970+0000][6268][safepoint    ] Leaving safepoint region
[2022-06-16T20:07:48.970+0000][6268][safepoint    ] Total time for which application threads were stopped: 0.0000616 seconds, Stopping threads took: 0.0000185 seconds
[2022-06-16T20:07:48.970+0000][6268][safepoint    ] Application time: 0.0000104 seconds
[2022-06-16T20:07:48.970+0000][6268][safepoint    ] Entering safepoint region: RevokeBias
[2022-06-16T20:07:48.970+0000][6268][safepoint    ] Leaving safepoint region
[2022-06-16T20:07:48.970+0000][6268][safepoint    ] Total time for which application threads were stopped: 0.0000594 seconds, Stopping threads took: 0.0000184 seconds
[2022-06-16T20:07:48.970+0000][6268][safepoint    ] Application time: 0.0000108 seconds
[2022-06-16T20:07:48.970+0000][6268][safepoint    ] Entering safepoint region: BulkRevokeBias
[2022-06-16T20:07:48.970+0000][6268][safepoint    ] Leaving safepoint region
[2022-06-16T20:07:48.970+0000][6268][safepoint    ] Total time for which application threads were stopped: 0.0001388 seconds, Stopping threads took: 0.0000196 seconds
[2022-06-16T20:07:48.970+0000][6268][safepoint    ] Application time: 0.0000545 seconds
[2022-06-16T20:07:48.970+0000][6268][safepoint    ] Entering safepoint region: RevokeBias
[2022-06-16T20:07:48.970+0000][6268][safepoint    ] Leaving safepoint region
[2022-06-16T20:07:48.970+0000][6268][safepoint    ] Total time for which application threads were stopped: 0.0000665 seconds, Stopping threads took: 0.0000193 seconds
[2022-06-16T20:07:48.970+0000][6268][safepoint    ] Application time: 0.0000260 seconds
[2022-06-16T20:07:48.970+0000][6268][safepoint    ] Entering safepoint region: RevokeBias
[2022-06-16T20:07:48.970+0000][6268][safepoint    ] Leaving safepoint region
[2022-06-16T20:07:48.970+0000][6268][safepoint    ] Total time for which application threads were stopped: 0.0000615 seconds, Stopping threads took: 0.0000185 seconds
[2022-06-16T20:07:48.970+0000][6268][safepoint    ] Application time: 0.0000152 seconds
[2022-06-16T20:07:48.970+0000][6268][safepoint    ] Entering safepoint region: RevokeBias
[2022-06-16T20:07:48.970+0000][6268][safepoint    ] Leaving safepoint region
[2022-06-16T20:07:48.970+0000][6268][safepoint    ] Total time for which application threads were stopped: 0.0000653 seconds, Stopping threads took: 0.0000187 seconds
[2022-06-16T20:07:48.971+0000][6268][safepoint    ] Application time: 0.0000693 seconds
[2022-06-16T20:07:48.971+0000][6268][safepoint    ] Entering safepoint region: RevokeBias
[2022-06-16T20:07:48.971+0000][6268][safepoint    ] Leaving safepoint region
[2022-06-16T20:07:48.971+0000][6268][safepoint    ] Total time for which application threads were stopped: 0.0000637 seconds, Stopping threads took: 0.0000195 seconds
[2022-06-16T20:07:48.971+0000][6268][safepoint    ] Application time: 0.0000126 seconds
[2022-06-16T20:07:48.971+0000][6268][safepoint    ] Entering safepoint region: RevokeBias
[2022-06-16T20:07:48.971+0000][6268][safepoint    ] Leaving safepoint region
[2022-06-16T20:07:48.971+0000][6268][safepoint    ] Total time for which application threads were stopped: 0.0000694 seconds, Stopping threads took: 0.0000230 seconds
[2022-06-16T20:07:48.971+0000][6268][safepoint    ] Application time: 0.0001111 seconds
[2022-06-16T20:07:48.971+0000][6268][safepoint    ] Entering safepoint region: RevokeBias
[2022-06-16T20:07:48.971+0000][6268][safepoint    ] Leaving safepoint region
[2022-06-16T20:07:48.971+0000][6268][safepoint    ] Total time for which application threads were stopped: 0.0000710 seconds, Stopping threads took: 0.0000198 seconds
[2022-06-16T20:07:48.971+0000][6268][safepoint    ] Application time: 0.0000235 seconds
[2022-06-16T20:07:48.971+0000][6268][safepoint    ] Entering safepoint region: RevokeBias
[2022-06-16T20:07:48.971+0000][6268][safepoint    ] Leaving safepoint region
[2022-06-16T20:07:48.971+0000][6268][safepoint    ] Total time for which application threads were stopped: 0.0000599 seconds, Stopping threads took: 0.0000187 seconds
[2022-06-16T20:07:48.971+0000][6268][safepoint    ] Application time: 0.0000102 seconds
[2022-06-16T20:07:48.971+0000][6268][safepoint    ] Entering safepoint region: RevokeBias
[2022-06-16T20:07:48.971+0000][6268][safepoint    ] Leaving safepoint region
[2022-06-16T20:07:48.971+0000][6268][safepoint    ] Total time for which application threads were stopped: 0.0000589 seconds, Stopping threads took: 0.0000191 seconds
[2022-06-16T20:07:48.971+0000][6268][safepoint    ] Application time: 0.0000099 seconds
[2022-06-16T20:07:48.971+0000][6268][safepoint    ] Entering safepoint region: RevokeBias
[2022-06-16T20:07:48.971+0000][6268][safepoint    ] Leaving safepoint region
[2022-06-16T20:07:48.971+0000][6268][safepoint    ] Total time for which application threads were stopped: 0.0000589 seconds, Stopping threads took: 0.0000187 seconds
[2022-06-16T20:07:48.971+0000][6268][safepoint    ] Application time: 0.0001648 seconds
[2022-06-16T20:07:48.971+0000][6268][safepoint    ] Entering safepoint region: RevokeBias
[2022-06-16T20:07:48.972+0000][6268][safepoint    ] Leaving safepoint region
[2022-06-16T20:07:48.972+0000][6268][safepoint    ] Total time for which application threads were stopped: 0.0000655 seconds, Stopping threads took: 0.0000212 seconds
[2022-06-16T20:07:48.972+0000][6268][safepoint    ] Application time: 0.0000646 seconds
[2022-06-16T20:07:48.972+0000][6268][safepoint    ] Entering safepoint region: RevokeBias
[2022-06-16T20:07:48.972+0000][6268][safepoint    ] Leaving safepoint region
[2022-06-16T20:07:48.972+0000][6268][safepoint    ] Total time for which application threads were stopped: 0.0000649 seconds, Stopping threads took: 0.0000198 seconds
[2022-06-16T20:07:48.972+0000][6268][safepoint    ] Application time: 0.0000843 seconds
[2022-06-16T20:07:48.972+0000][6268][safepoint    ] Entering safepoint region: RevokeBias
[2022-06-16T20:07:48.972+0000][6268][safepoint    ] Leaving safepoint region
[2022-06-16T20:07:48.972+0000][6268][safepoint    ] Total time for which application threads were stopped: 0.0000631 seconds, Stopping threads took: 0.0000191 seconds
[2022-06-16T20:07:48.972+0000][6268][safepoint    ] Application time: 0.0000144 seconds
[2022-06-16T20:07:48.972+0000][6268][safepoint    ] Entering safepoint region: RevokeBias
[2022-06-16T20:07:48.972+0000][6268][safepoint    ] Leaving safepoint region
[2022-06-16T20:07:48.972+0000][6268][safepoint    ] Total time for which application threads were stopped: 0.0000593 seconds, Stopping threads took: 0.0000181 seconds
[2022-06-16T20:07:48.972+0000][6268][safepoint    ] Application time: 0.0002401 seconds
[2022-06-16T20:07:48.972+0000][6268][safepoint    ] Entering safepoint region: BulkRevokeBias
[2022-06-16T20:07:48.972+0000][6268][safepoint    ] Leaving safepoint region
[2022-06-16T20:07:48.972+0000][6268][safepoint    ] Total time for which application threads were stopped: 0.0001228 seconds, Stopping threads took: 0.0000215 seconds
[2022-06-16T20:07:48.973+0000][6268][safepoint    ] Application time: 0.0003601 seconds
[2022-06-16T20:07:48.973+0000][6268][safepoint    ] Entering safepoint region: RevokeBias
[2022-06-16T20:07:48.973+0000][6268][safepoint    ] Leaving safepoint region
[2022-06-16T20:07:48.973+0000][6268][safepoint    ] Total time for which application threads were stopped: 0.0000698 seconds, Stopping threads took: 0.0000221 seconds
[2022-06-16T20:07:48.974+0000][6268][safepoint    ] Application time: 0.0010552 seconds
[2022-06-16T20:07:48.974+0000][6268][safepoint    ] Entering safepoint region: RevokeBias
[2022-06-16T20:07:48.974+0000][6268][safepoint    ] Leaving safepoint region
[2022-06-16T20:07:48.974+0000][6268][safepoint    ] Total time for which application threads were stopped: 0.0000762 seconds, Stopping threads took: 0.0000232 seconds
[2022-06-16T20:07:48.974+0000][6268][safepoint    ] Application time: 0.0000266 seconds
[2022-06-16T20:07:48.974+0000][6268][safepoint    ] Entering safepoint region: RevokeBias
[2022-06-16T20:07:48.974+0000][6268][safepoint    ] Leaving safepoint region
[2022-06-16T20:07:48.974+0000][6268][safepoint    ] Total time for which application threads were stopped: 0.0000609 seconds, Stopping threads took: 0.0000192 seconds
[2022-06-16T20:07:48.976+0000][6268][safepoint    ] Application time: 0.0013811 seconds
[2022-06-16T20:07:48.976+0000][6268][safepoint    ] Entering safepoint region: RevokeBias
[2022-06-16T20:07:48.976+0000][6268][safepoint    ] Leaving safepoint region
[2022-06-16T20:07:48.976+0000][6268][safepoint    ] Total time for which application threads were stopped: 0.0000677 seconds, Stopping threads took: 0.0000227 seconds
[2022-06-16T20:07:48.976+0000][6268][safepoint    ] Application time: 0.0000134 seconds
[2022-06-16T20:07:48.976+0000][6268][safepoint    ] Entering safepoint region: RevokeBias
[2022-06-16T20:07:48.976+0000][6268][safepoint    ] Leaving safepoint region
[2022-06-16T20:07:48.976+0000][6268][safepoint    ] Total time for which application threads were stopped: 0.0000497 seconds, Stopping threads took: 0.0000187 seconds
[2022-06-16T20:07:48.976+0000][6268][safepoint    ] Application time: 0.0000101 seconds
[2022-06-16T20:07:48.976+0000][6268][safepoint    ] Entering safepoint region: RevokeBias
[2022-06-16T20:07:48.976+0000][6268][safepoint    ] Leaving safepoint region
[2022-06-16T20:07:48.976+0000][6268][safepoint    ] Total time for which application threads were stopped: 0.0000493 seconds, Stopping threads took: 0.0000187 seconds
[2022-06-16T20:07:48.976+0000][6268][safepoint    ] Application time: 0.0000118 seconds
[2022-06-16T20:07:48.976+0000][6268][safepoint    ] Entering safepoint region: RevokeBias
[2022-06-16T20:07:48.976+0000][6268][safepoint    ] Leaving safepoint region
[2022-06-16T20:07:48.976+0000][6268][safepoint    ] Total time for which application threads were stopped: 0.0000506 seconds, Stopping threads took: 0.0000187 seconds
[2022-06-16T20:07:48.976+0000][6268][safepoint    ] Application time: 0.0000104 seconds
[2022-06-16T20:07:48.976+0000][6268][safepoint    ] Entering safepoint region: RevokeBias
[2022-06-16T20:07:48.976+0000][6268][safepoint    ] Leaving safepoint region
[2022-06-16T20:07:48.976+0000][6268][safepoint    ] Total time for which application threads were stopped: 0.0000514 seconds, Stopping threads took: 0.0000185 seconds
[2022-06-16T20:07:48.976+0000][6268][safepoint    ] Application time: 0.0000101 seconds
[2022-06-16T20:07:48.976+0000][6268][safepoint    ] Entering safepoint region: RevokeBias
[2022-06-16T20:07:48.976+0000][6268][safepoint    ] Leaving safepoint region
[2022-06-16T20:07:48.976+0000][6268][safepoint    ] Total time for which application threads were stopped: 0.0000552 seconds, Stopping threads took: 0.0000186 seconds
[2022-06-16T20:07:48.976+0000][6268][safepoint    ] Application time: 0.0000132 seconds
[2022-06-16T20:07:48.976+0000][6268][safepoint    ] Entering safepoint region: RevokeBias
[2022-06-16T20:07:48.976+0000][6268][safepoint    ] Leaving safepoint region
[2022-06-16T20:07:48.976+0000][6268][safepoint    ] Total time for which application threads were stopped: 0.0000566 seconds, Stopping threads took: 0.0000185 seconds
[2022-06-16T20:07:48.976+0000][6268][safepoint    ] Application time: 0.0000103 seconds
[2022-06-16T20:07:48.976+0000][6268][safepoint    ] Entering safepoint region: RevokeBias
[2022-06-16T20:07:48.976+0000][6268][safepoint    ] Leaving safepoint region
[2022-06-16T20:07:48.976+0000][6268][safepoint    ] Total time for which application threads were stopped: 0.0000529 seconds, Stopping threads took: 0.0000188 seconds
[2022-06-16T20:07:48.976+0000][6268][safepoint    ] Application time: 0.0000104 seconds
[2022-06-16T20:07:48.976+0000][6268][safepoint    ] Entering safepoint region: RevokeBias
[2022-06-16T20:07:48.976+0000][6268][safepoint    ] Leaving safepoint region
[2022-06-16T20:07:48.977+0000][6268][safepoint    ] Total time for which application threads were stopped: 0.0000531 seconds, Stopping threads took: 0.0000186 seconds
[2022-06-16T20:07:48.977+0000][6268][safepoint    ] Application time: 0.0000102 seconds
[2022-06-16T20:07:48.977+0000][6268][safepoint    ] Entering safepoint region: RevokeBias
[2022-06-16T20:07:48.977+0000][6268][safepoint    ] Leaving safepoint region
[2022-06-16T20:07:48.977+0000][6268][safepoint    ] Total time for which application threads were stopped: 0.0000536 seconds, Stopping threads took: 0.0000187 seconds
[2022-06-16T20:07:48.977+0000][6268][safepoint    ] Application time: 0.0000120 seconds
[2022-06-16T20:07:48.977+0000][6268][safepoint    ] Entering safepoint region: RevokeBias
[2022-06-16T20:07:48.977+0000][6268][safepoint    ] Leaving safepoint region
[2022-06-16T20:07:48.977+0000][6268][safepoint    ] Total time for which application threads were stopped: 0.0000512 seconds, Stopping threads took: 0.0000185 seconds
[2022-06-16T20:07:48.977+0000][6268][safepoint    ] Application time: 0.0000110 seconds
[2022-06-16T20:07:48.977+0000][6268][safepoint    ] Entering safepoint region: RevokeBias
[2022-06-16T20:07:48.977+0000][6268][safepoint    ] Leaving safepoint region
[2022-06-16T20:07:48.977+0000][6268][safepoint    ] Total time for which application threads were stopped: 0.0000518 seconds, Stopping threads took: 0.0000186 seconds
[2022-06-16T20:07:48.977+0000][6268][safepoint    ] Application time: 0.0000098 seconds
[2022-06-16T20:07:48.977+0000][6268][safepoint    ] Entering safepoint region: RevokeBias
[2022-06-16T20:07:48.977+0000][6268][safepoint    ] Leaving safepoint region
[2022-06-16T20:07:48.977+0000][6268][safepoint    ] Total time for which application threads were stopped: 0.0000486 seconds, Stopping threads took: 0.0000185 seconds
[2022-06-16T20:07:48.977+0000][6268][safepoint    ] Application time: 0.0000100 seconds
[2022-06-16T20:07:48.977+0000][6268][safepoint    ] Entering safepoint region: RevokeBias
[2022-06-16T20:07:48.977+0000][6268][safepoint    ] Leaving safepoint region
[2022-06-16T20:07:48.977+0000][6268][safepoint    ] Total time for which application threads were stopped: 0.0000526 seconds, Stopping threads took: 0.0000184 seconds
[2022-06-16T20:07:48.977+0000][6268][safepoint    ] Application time: 0.0000111 seconds
[2022-06-16T20:07:48.977+0000][6268][safepoint    ] Entering safepoint region: RevokeBias
[2022-06-16T20:07:48.977+0000][6268][safepoint    ] Leaving safepoint region
[2022-06-16T20:07:48.977+0000][6268][safepoint    ] Total time for which application threads were stopped: 0.0000489 seconds, Stopping threads took: 0.0000184 seconds
[2022-06-16T20:07:48.977+0000][6268][safepoint    ] Application time: 0.0000100 seconds
[2022-06-16T20:07:48.977+0000][6268][safepoint    ] Entering safepoint region: RevokeBias
[2022-06-16T20:07:48.977+0000][6268][safepoint    ] Leaving safepoint region
[2022-06-16T20:07:48.977+0000][6268][safepoint    ] Total time for which application threads were stopped: 0.0000483 seconds, Stopping threads took: 0.0000185 seconds
[2022-06-16T20:07:48.977+0000][6268][safepoint    ] Application time: 0.0000098 seconds
[2022-06-16T20:07:48.977+0000][6268][safepoint    ] Entering safepoint region: RevokeBias
[2022-06-16T20:07:48.977+0000][6268][safepoint    ] Leaving safepoint region
[2022-06-16T20:07:48.977+0000][6268][safepoint    ] Total time for which application threads were stopped: 0.0000505 seconds, Stopping threads took: 0.0000205 seconds
[2022-06-16T20:07:48.977+0000][6268][safepoint    ] Application time: 0.0000101 seconds
[2022-06-16T20:07:48.977+0000][6268][safepoint    ] Entering safepoint region: RevokeBias
[2022-06-16T20:07:48.977+0000][6268][safepoint    ] Leaving safepoint region
[2022-06-16T20:07:48.977+0000][6268][safepoint    ] Total time for which application threads were stopped: 0.0000482 seconds, Stopping threads took: 0.0000184 seconds
[2022-06-16T20:07:48.977+0000][6268][safepoint    ] Application time: 0.0000099 seconds
[2022-06-16T20:07:48.977+0000][6268][safepoint    ] Entering safepoint region: RevokeBias
[2022-06-16T20:07:48.977+0000][6268][safepoint    ] Leaving safepoint region
[2022-06-16T20:07:48.977+0000][6268][safepoint    ] Total time for which application threads were stopped: 0.0000485 seconds, Stopping threads took: 0.0000186 seconds
[2022-06-16T20:07:48.978+0000][6268][safepoint    ] Application time: 0.0000355 seconds
[2022-06-16T20:07:48.978+0000][6268][safepoint    ] Entering safepoint region: BulkRevokeBias
[2022-06-16T20:07:48.978+0000][6268][safepoint    ] Leaving safepoint region
[2022-06-16T20:07:48.978+0000][6268][safepoint    ] Total time for which application threads were stopped: 0.0001151 seconds, Stopping threads took: 0.0000186 seconds
[2022-06-16T20:07:48.994+0000][6268][safepoint    ] Application time: 0.0158669 seconds
[2022-06-16T20:07:48.994+0000][6268][safepoint    ] Entering safepoint region: RevokeBias
[2022-06-16T20:07:48.994+0000][6268][safepoint    ] Leaving safepoint region
[2022-06-16T20:07:48.994+0000][6268][safepoint    ] Total time for which application threads were stopped: 0.0000815 seconds, Stopping threads took: 0.0000241 seconds
[2022-06-16T20:07:48.994+0000][6268][safepoint    ] Application time: 0.0000568 seconds
[2022-06-16T20:07:48.994+0000][6268][safepoint    ] Entering safepoint region: RevokeBias
[2022-06-16T20:07:48.994+0000][6268][safepoint    ] Leaving safepoint region
[2022-06-16T20:07:48.994+0000][6268][safepoint    ] Total time for which application threads were stopped: 0.0000584 seconds, Stopping threads took: 0.0000160 seconds
[2022-06-16T20:07:48.994+0000][6268][safepoint    ] Application time: 0.0001397 seconds
[2022-06-16T20:07:48.994+0000][6268][safepoint    ] Entering safepoint region: RevokeBias
[2022-06-16T20:07:48.994+0000][6268][safepoint    ] Leaving safepoint region
[2022-06-16T20:07:48.994+0000][6268][safepoint    ] Total time for which application threads were stopped: 0.0000663 seconds, Stopping threads took: 0.0000182 seconds
[2022-06-16T20:07:48.994+0000][6268][safepoint    ] Application time: 0.0000440 seconds
[2022-06-16T20:07:48.994+0000][6268][safepoint    ] Entering safepoint region: RevokeBias
[2022-06-16T20:07:48.994+0000][6268][safepoint    ] Leaving safepoint region
[2022-06-16T20:07:48.994+0000][6268][safepoint    ] Total time for which application threads were stopped: 0.0000591 seconds, Stopping threads took: 0.0000178 seconds
[2022-06-16T20:07:49.219+0000][6268][safepoint    ] Application time: 0.2247375 seconds
[2022-06-16T20:07:49.223+0000][6268][safepoint    ] Entering safepoint region: Deoptimize
[2022-06-16T20:07:49.224+0000][6268][safepoint    ] Leaving safepoint region
[2022-06-16T20:07:49.224+0000][6268][safepoint    ] Total time for which application threads were stopped: 0.0045886 seconds, Stopping threads took: 0.0037674 seconds
[2022-06-16T20:07:49.497+0000][6268][safepoint    ] Application time: 0.2738375 seconds
[2022-06-16T20:07:49.503+0000][6268][safepoint    ] Entering safepoint region: RevokeBias
[2022-06-16T20:07:49.503+0000][6268][safepoint    ] Leaving safepoint region
[2022-06-16T20:07:49.503+0000][6268][safepoint    ] Total time for which application threads were stopped: 0.0053837 seconds, Stopping threads took: 0.0052480 seconds
[2022-06-16T20:07:49.503+0000][6268][safepoint    ] Application time: 0.0000423 seconds
[2022-06-16T20:07:49.503+0000][6268][safepoint    ] Entering safepoint region: RevokeBias
[2022-06-16T20:07:49.503+0000][6268][safepoint    ] Leaving safepoint region
[2022-06-16T20:07:49.503+0000][6268][safepoint    ] Total time for which application threads were stopped: 0.0000768 seconds, Stopping threads took: 0.0000198 seconds
[2022-06-16T20:07:49.503+0000][6268][safepoint    ] Application time: 0.0000165 seconds
[2022-06-16T20:07:49.503+0000][6268][safepoint    ] Entering safepoint region: RevokeBias
[2022-06-16T20:07:49.503+0000][6268][safepoint    ] Leaving safepoint region
[2022-06-16T20:07:49.503+0000][6268][safepoint    ] Total time for which application threads were stopped: 0.0000688 seconds, Stopping threads took: 0.0000194 seconds
[2022-06-16T20:07:49.503+0000][6268][safepoint    ] Application time: 0.0000151 seconds
[2022-06-16T20:07:49.503+0000][6268][safepoint    ] Entering safepoint region: RevokeBias
[2022-06-16T20:07:49.503+0000][6268][safepoint    ] Leaving safepoint region
[2022-06-16T20:07:49.503+0000][6268][safepoint    ] Total time for which application threads were stopped: 0.0000677 seconds, Stopping threads took: 0.0000194 seconds
[2022-06-16T20:07:49.503+0000][6268][safepoint    ] Application time: 0.0000145 seconds
[2022-06-16T20:07:49.503+0000][6268][safepoint    ] Entering safepoint region: RevokeBias
[2022-06-16T20:07:49.503+0000][6268][safepoint    ] Leaving safepoint region
[2022-06-16T20:07:49.503+0000][6268][safepoint    ] Total time for which application threads were stopped: 0.0000668 seconds, Stopping threads took: 0.0000191 seconds
[2022-06-16T20:07:49.503+0000][6268][safepoint    ] Application time: 0.0000177 seconds
[2022-06-16T20:07:49.503+0000][6268][safepoint    ] Entering safepoint region: RevokeBias
[2022-06-16T20:07:49.504+0000][6268][safepoint    ] Leaving safepoint region
[2022-06-16T20:07:49.504+0000][6268][safepoint    ] Total time for which application threads were stopped: 0.0000662 seconds, Stopping threads took: 0.0000188 seconds
[2022-06-16T20:07:49.504+0000][6268][safepoint    ] Application time: 0.0000167 seconds
[2022-06-16T20:07:49.504+0000][6268][safepoint    ] Entering safepoint region: RevokeBias
[2022-06-16T20:07:49.504+0000][6268][safepoint    ] Leaving safepoint region
[2022-06-16T20:07:49.504+0000][6268][safepoint    ] Total time for which application threads were stopped: 0.0000690 seconds, Stopping threads took: 0.0000188 seconds
[2022-06-16T20:07:49.504+0000][6268][safepoint    ] Application time: 0.0000144 seconds
[2022-06-16T20:07:49.504+0000][6268][safepoint    ] Entering safepoint region: RevokeBias
[2022-06-16T20:07:49.504+0000][6268][safepoint    ] Leaving safepoint region
[2022-06-16T20:07:49.504+0000][6268][safepoint    ] Total time for which application threads were stopped: 0.0000675 seconds, Stopping threads took: 0.0000189 seconds
[2022-06-16T20:07:49.694+0000][6268][safepoint    ] Application time: 0.1905750 seconds
[2022-06-16T20:07:49.694+0000][6268][safepoint    ] Entering safepoint region: Deoptimize
[2022-06-16T20:07:49.695+0000][6268][safepoint    ] Leaving safepoint region
[2022-06-16T20:07:49.695+0000][6268][safepoint    ] Total time for which application threads were stopped: 0.0008229 seconds, Stopping threads took: 0.0000216 seconds
[2022-06-16T20:07:49.870+0000][6268][safepoint    ] Application time: 0.1744074 seconds
[2022-06-16T20:07:49.870+0000][6268][safepoint    ] Entering safepoint region: RevokeBias
[2022-06-16T20:07:49.870+0000][6268][safepoint    ] Leaving safepoint region
[2022-06-16T20:07:49.870+0000][6268][safepoint    ] Total time for which application threads were stopped: 0.0001234 seconds, Stopping threads took: 0.0000237 seconds
[2022-06-16T20:07:49.887+0000][6268][safepoint    ] Application time: 0.0171888 seconds
[2022-06-16T20:07:49.887+0000][6268][safepoint    ] Entering safepoint region: RevokeBias
[2022-06-16T20:07:49.887+0000][6268][safepoint    ] Leaving safepoint region
[2022-06-16T20:07:49.887+0000][6268][safepoint    ] Total time for which application threads were stopped: 0.0001687 seconds, Stopping threads took: 0.0000426 seconds
[2022-06-16T20:07:49.893+0000][6268][safepoint    ] Application time: 0.0059718 seconds
[2022-06-16T20:07:49.894+0000][6268][safepoint    ] Entering safepoint region: RevokeBias
[2022-06-16T20:07:49.894+0000][6268][safepoint    ] Leaving safepoint region
[2022-06-16T20:07:49.894+0000][6268][safepoint    ] Total time for which application threads were stopped: 0.0006778 seconds, Stopping threads took: 0.0006214 seconds
[2022-06-16T20:07:49.899+0000][6268][safepoint    ] Application time: 0.0052176 seconds
[2022-06-16T20:07:49.899+0000][6268][safepoint    ] Entering safepoint region: RevokeBias
[2022-06-16T20:07:49.899+0000][6268][safepoint    ] Leaving safepoint region
[2022-06-16T20:07:49.900+0000][6268][safepoint    ] Total time for which application threads were stopped: 0.0002600 seconds, Stopping threads took: 0.0001743 seconds
[2022-06-16T20:07:49.900+0000][6268][safepoint    ] Application time: 0.0002149 seconds
[2022-06-16T20:07:49.900+0000][6268][safepoint    ] Entering safepoint region: RevokeBias
[2022-06-16T20:07:49.900+0000][6268][safepoint    ] Leaving safepoint region
[2022-06-16T20:07:49.900+0000][6268][safepoint    ] Total time for which application threads were stopped: 0.0001376 seconds, Stopping threads took: 0.0000543 seconds
[2022-06-16T20:07:49.900+0000][6268][safepoint    ] Application time: 0.0002593 seconds
[2022-06-16T20:07:49.900+0000][6268][safepoint    ] Entering safepoint region: RevokeBias
[2022-06-16T20:07:49.900+0000][6268][safepoint    ] Leaving safepoint region
[2022-06-16T20:07:49.900+0000][6268][safepoint    ] Total time for which application threads were stopped: 0.0001594 seconds, Stopping threads took: 0.0001025 seconds
[2022-06-16T20:07:49.902+0000][6268][safepoint    ] Application time: 0.0012026 seconds
[2022-06-16T20:07:49.902+0000][6268][safepoint    ] Entering safepoint region: RevokeBias
[2022-06-16T20:07:49.902+0000][6268][safepoint    ] Leaving safepoint region
[2022-06-16T20:07:49.902+0000][6268][safepoint    ] Total time for which application threads were stopped: 0.0001262 seconds, Stopping threads took: 0.0000678 seconds
[2022-06-16T20:07:49.903+0000][6268][safepoint    ] Application time: 0.0012868 seconds
[2022-06-16T20:07:49.903+0000][6268][safepoint    ] Entering safepoint region: RevokeBias
[2022-06-16T20:07:49.903+0000][6268][safepoint    ] Leaving safepoint region
[2022-06-16T20:07:49.903+0000][6268][safepoint    ] Total time for which application threads were stopped: 0.0002261 seconds, Stopping threads took: 0.0001701 seconds
[2022-06-16T20:07:49.906+0000][6268][safepoint    ] Application time: 0.0024633 seconds
[2022-06-16T20:07:49.906+0000][6268][safepoint    ] Entering safepoint region: RevokeBias
[2022-06-16T20:07:49.906+0000][6268][safepoint    ] Leaving safepoint region
[2022-06-16T20:07:49.906+0000][6268][safepoint    ] Total time for which application threads were stopped: 0.0004809 seconds, Stopping threads took: 0.0004143 seconds
[2022-06-16T20:07:49.908+0000][6268][safepoint    ] Application time: 0.0015647 seconds
[2022-06-16T20:07:49.908+0000][6268][safepoint    ] Entering safepoint region: RevokeBias
[2022-06-16T20:07:49.908+0000][6268][safepoint    ] Leaving safepoint region
[2022-06-16T20:07:49.908+0000][6268][safepoint    ] Total time for which application threads were stopped: 0.0005119 seconds, Stopping threads took: 0.0004443 seconds
[2022-06-16T20:07:49.909+0000][6268][safepoint    ] Application time: 0.0002928 seconds
[2022-06-16T20:07:49.909+0000][6268][safepoint    ] Entering safepoint region: RevokeBias
[2022-06-16T20:07:49.909+0000][6268][safepoint    ] Leaving safepoint region
[2022-06-16T20:07:49.909+0000][6268][safepoint    ] Total time for which application threads were stopped: 0.0000939 seconds, Stopping threads took: 0.0000232 seconds
[2022-06-16T20:07:49.911+0000][6268][safepoint    ] Application time: 0.0019928 seconds
[2022-06-16T20:07:49.911+0000][6268][safepoint    ] Entering safepoint region: RevokeBias
[2022-06-16T20:07:49.911+0000][6268][safepoint    ] Leaving safepoint region
[2022-06-16T20:07:49.911+0000][6268][safepoint    ] Total time for which application threads were stopped: 0.0001200 seconds, Stopping threads took: 0.0000286 seconds
[2022-06-16T20:07:49.911+0000][6268][safepoint    ] Application time: 0.0003013 seconds
[2022-06-16T20:07:49.911+0000][6268][safepoint    ] Entering safepoint region: RevokeBias
[2022-06-16T20:07:49.912+0000][6268][safepoint    ] Leaving safepoint region
[2022-06-16T20:07:49.912+0000][6268][safepoint    ] Total time for which application threads were stopped: 0.0005180 seconds, Stopping threads took: 0.0000236 seconds
[2022-06-16T20:07:49.929+0000][6268][safepoint    ] Application time: 0.0168252 seconds
[2022-06-16T20:07:49.929+0000][6268][safepoint    ] Entering safepoint region: RevokeBias
[2022-06-16T20:07:49.930+0000][6268][safepoint    ] Leaving safepoint region
[2022-06-16T20:07:49.930+0000][6268][safepoint    ] Total time for which application threads were stopped: 0.0007293 seconds, Stopping threads took: 0.0006223 seconds
[2022-06-16T20:07:49.932+0000][6268][safepoint    ] Application time: 0.0022813 seconds
[2022-06-16T20:07:49.932+0000][6268][safepoint    ] Entering safepoint region: RevokeBias
[2022-06-16T20:07:49.932+0000][6268][safepoint    ] Leaving safepoint region
[2022-06-16T20:07:49.932+0000][6268][safepoint    ] Total time for which application threads were stopped: 0.0001827 seconds, Stopping threads took: 0.0000876 seconds
[2022-06-16T20:07:49.933+0000][6268][safepoint    ] Application time: 0.0006585 seconds
[2022-06-16T20:07:49.933+0000][6268][safepoint    ] Entering safepoint region: RevokeBias
[2022-06-16T20:07:49.933+0000][6268][safepoint    ] Leaving safepoint region
[2022-06-16T20:07:49.933+0000][6268][safepoint    ] Total time for which application threads were stopped: 0.0002430 seconds, Stopping threads took: 0.0001595 seconds
[2022-06-16T20:07:49.933+0000][6268][safepoint    ] Application time: 0.0002307 seconds
[2022-06-16T20:07:49.933+0000][6268][safepoint    ] Entering safepoint region: RevokeBias
[2022-06-16T20:07:49.933+0000][6268][safepoint    ] Leaving safepoint region
[2022-06-16T20:07:49.933+0000][6268][safepoint    ] Total time for which application threads were stopped: 0.0000918 seconds, Stopping threads took: 0.0000195 seconds
[2022-06-16T20:07:49.936+0000][6268][safepoint    ] Application time: 0.0023573 seconds
[2022-06-16T20:07:49.936+0000][6268][safepoint    ] Entering safepoint region: RevokeBias
[2022-06-16T20:07:49.936+0000][6268][safepoint    ] Leaving safepoint region
[2022-06-16T20:07:49.936+0000][6268][safepoint    ] Total time for which application threads were stopped: 0.0004583 seconds, Stopping threads took: 0.0003228 seconds
[2022-06-16T20:07:49.944+0000][6268][safepoint    ] Application time: 0.0077938 seconds
[2022-06-16T20:07:49.944+0000][6268][safepoint    ] Entering safepoint region: RevokeBias
[2022-06-16T20:07:49.944+0000][6268][safepoint    ] Leaving safepoint region
[2022-06-16T20:07:49.944+0000][6268][safepoint    ] Total time for which application threads were stopped: 0.0002795 seconds, Stopping threads took: 0.0001581 seconds
[2022-06-16T20:07:49.947+0000][6268][safepoint    ] Application time: 0.0024169 seconds
[2022-06-16T20:07:49.947+0000][6268][safepoint    ] Entering safepoint region: RevokeBias
[2022-06-16T20:07:49.947+0000][6268][safepoint    ] Leaving safepoint region
[2022-06-16T20:07:49.947+0000][6268][safepoint    ] Total time for which application threads were stopped: 0.0001369 seconds, Stopping threads took: 0.0000651 seconds
[2022-06-16T20:07:49.950+0000][6268][safepoint    ] Application time: 0.0032454 seconds
[2022-06-16T20:07:49.950+0000][6268][safepoint    ] Entering safepoint region: RevokeBias
[2022-06-16T20:07:49.950+0000][6268][safepoint    ] Leaving safepoint region
[2022-06-16T20:07:49.950+0000][6268][safepoint    ] Total time for which application threads were stopped: 0.0001085 seconds, Stopping threads took: 0.0000199 seconds
[2022-06-16T20:07:49.951+0000][6268][safepoint    ] Application time: 0.0002685 seconds
[2022-06-16T20:07:49.951+0000][6268][safepoint    ] Entering safepoint region: RevokeBias
[2022-06-16T20:07:49.951+0000][6268][safepoint    ] Leaving safepoint region
[2022-06-16T20:07:49.951+0000][6268][safepoint    ] Total time for which application threads were stopped: 0.0001306 seconds, Stopping threads took: 0.0000701 seconds
[2022-06-16T20:07:49.951+0000][6268][safepoint    ] Application time: 0.0000554 seconds
[2022-06-16T20:07:49.951+0000][6268][safepoint    ] Entering safepoint region: RevokeBias
[2022-06-16T20:07:49.951+0000][6268][safepoint    ] Leaving safepoint region
[2022-06-16T20:07:49.951+0000][6268][safepoint    ] Total time for which application threads were stopped: 0.0000766 seconds, Stopping threads took: 0.0000254 seconds
[2022-06-16T20:07:49.951+0000][6268][safepoint    ] Application time: 0.0000675 seconds
[2022-06-16T20:07:49.951+0000][6268][safepoint    ] Entering safepoint region: RevokeBias
[2022-06-16T20:07:49.951+0000][6268][safepoint    ] Leaving safepoint region
[2022-06-16T20:07:49.951+0000][6268][safepoint    ] Total time for which application threads were stopped: 0.0000688 seconds, Stopping threads took: 0.0000197 seconds
[2022-06-16T20:07:49.952+0000][6268][safepoint    ] Application time: 0.0003633 seconds
[2022-06-16T20:07:49.952+0000][6268][safepoint    ] Entering safepoint region: RevokeBias
[2022-06-16T20:07:49.952+0000][6268][safepoint    ] Leaving safepoint region
[2022-06-16T20:07:49.952+0000][6268][safepoint    ] Total time for which application threads were stopped: 0.0000835 seconds, Stopping threads took: 0.0000226 seconds
[2022-06-16T20:07:49.952+0000][6268][safepoint    ] Application time: 0.0000278 seconds
[2022-06-16T20:07:49.952+0000][6268][safepoint    ] Entering safepoint region: RevokeBias
[2022-06-16T20:07:49.952+0000][6268][safepoint    ] Leaving safepoint region
[2022-06-16T20:07:49.952+0000][6268][safepoint    ] Total time for which application threads were stopped: 0.0000951 seconds, Stopping threads took: 0.0000197 seconds
[2022-06-16T20:07:49.952+0000][6268][safepoint    ] Application time: 0.0000172 seconds
[2022-06-16T20:07:49.952+0000][6268][safepoint    ] Entering safepoint region: RevokeBias
[2022-06-16T20:07:49.952+0000][6268][safepoint    ] Leaving safepoint region
[2022-06-16T20:07:49.952+0000][6268][safepoint    ] Total time for which application threads were stopped: 0.0000750 seconds, Stopping threads took: 0.0000202 seconds
[2022-06-16T20:07:49.952+0000][6268][safepoint    ] Application time: 0.0004804 seconds
[2022-06-16T20:07:49.953+0000][6268][safepoint    ] Entering safepoint region: RevokeBias
[2022-06-16T20:07:49.953+0000][6268][safepoint    ] Leaving safepoint region
[2022-06-16T20:07:49.953+0000][6268][safepoint    ] Total time for which application threads were stopped: 0.0000779 seconds, Stopping threads took: 0.0000227 seconds
[2022-06-16T20:07:49.953+0000][6268][safepoint    ] Application time: 0.0003658 seconds
[2022-06-16T20:07:49.953+0000][6268][safepoint    ] Entering safepoint region: RevokeBias
[2022-06-16T20:07:49.953+0000][6268][safepoint    ] Leaving safepoint region
[2022-06-16T20:07:49.953+0000][6268][safepoint    ] Total time for which application threads were stopped: 0.0000807 seconds, Stopping threads took: 0.0000228 seconds
[2022-06-16T20:07:49.953+0000][6268][safepoint    ] Application time: 0.0002296 seconds
[2022-06-16T20:07:49.953+0000][6268][safepoint    ] Entering safepoint region: RevokeBias
[2022-06-16T20:07:49.953+0000][6268][safepoint    ] Leaving safepoint region
[2022-06-16T20:07:49.953+0000][6268][safepoint    ] Total time for which application threads were stopped: 0.0001061 seconds, Stopping threads took: 0.0000243 seconds
[2022-06-16T20:07:49.954+0000][6268][safepoint    ] Application time: 0.0000690 seconds
[2022-06-16T20:07:49.954+0000][6268][safepoint    ] Entering safepoint region: RevokeBias
[2022-06-16T20:07:49.954+0000][6268][safepoint    ] Leaving safepoint region
[2022-06-16T20:07:49.954+0000][6268][safepoint    ] Total time for which application threads were stopped: 0.0003484 seconds, Stopping threads took: 0.0002852 seconds
[2022-06-16T20:07:49.954+0000][6268][safepoint    ] Application time: 0.0000327 seconds
[2022-06-16T20:07:49.954+0000][6268][safepoint    ] Entering safepoint region: RevokeBias
[2022-06-16T20:07:49.954+0000][6268][safepoint    ] Leaving safepoint region
[2022-06-16T20:07:49.955+0000][6268][safepoint    ] Total time for which application threads were stopped: 0.0003356 seconds, Stopping threads took: 0.0002739 seconds
[2022-06-16T20:07:49.955+0000][6268][safepoint    ] Application time: 0.0003467 seconds
[2022-06-16T20:07:49.955+0000][6268][safepoint    ] Entering safepoint region: RevokeBias
[2022-06-16T20:07:49.955+0000][6268][safepoint    ] Leaving safepoint region
[2022-06-16T20:07:49.955+0000][6268][safepoint    ] Total time for which application threads were stopped: 0.0001442 seconds, Stopping threads took: 0.0000194 seconds
[2022-06-16T20:07:49.955+0000][6268][safepoint    ] Application time: 0.0000709 seconds
[2022-06-16T20:07:49.955+0000][6268][safepoint    ] Entering safepoint region: RevokeBias
[2022-06-16T20:07:49.955+0000][6268][safepoint    ] Leaving safepoint region
[2022-06-16T20:07:49.955+0000][6268][safepoint    ] Total time for which application threads were stopped: 0.0000788 seconds, Stopping threads took: 0.0000209 seconds
[2022-06-16T20:07:49.955+0000][6268][safepoint    ] Application time: 0.0000138 seconds
[2022-06-16T20:07:49.955+0000][6268][safepoint    ] Entering safepoint region: RevokeBias
[2022-06-16T20:07:49.955+0000][6268][safepoint    ] Leaving safepoint region
[2022-06-16T20:07:49.955+0000][6268][safepoint    ] Total time for which application threads were stopped: 0.0001120 seconds, Stopping threads took: 0.0000196 seconds
[2022-06-16T20:07:49.956+0000][6268][safepoint    ] Application time: 0.0001110 seconds
[2022-06-16T20:07:49.956+0000][6268][safepoint    ] Entering safepoint region: RevokeBias
[2022-06-16T20:07:49.956+0000][6268][safepoint    ] Leaving safepoint region
[2022-06-16T20:07:49.956+0000][6268][safepoint    ] Total time for which application threads were stopped: 0.0000786 seconds, Stopping threads took: 0.0000213 seconds
[2022-06-16T20:07:49.956+0000][6268][safepoint    ] Application time: 0.0007449 seconds
[2022-06-16T20:07:49.956+0000][6268][safepoint    ] Entering safepoint region: RevokeBias
[2022-06-16T20:07:49.957+0000][6268][safepoint    ] Leaving safepoint region
[2022-06-16T20:07:49.957+0000][6268][safepoint    ] Total time for which application threads were stopped: 0.0001049 seconds, Stopping threads took: 0.0000279 seconds
[2022-06-16T20:07:49.958+0000][6268][safepoint    ] Application time: 0.0016231 seconds
[2022-06-16T20:07:49.959+0000][6268][safepoint    ] Entering safepoint region: RevokeBias
[2022-06-16T20:07:49.959+0000][6268][safepoint    ] Leaving safepoint region
[2022-06-16T20:07:49.959+0000][6268][safepoint    ] Total time for which application threads were stopped: 0.0004291 seconds, Stopping threads took: 0.0003193 seconds
[2022-06-16T20:07:49.959+0000][6268][safepoint    ] Application time: 0.0000184 seconds
[2022-06-16T20:07:49.959+0000][6268][safepoint    ] Entering safepoint region: RevokeBias
[2022-06-16T20:07:49.959+0000][6268][safepoint    ] Leaving safepoint region
[2022-06-16T20:07:49.959+0000][6268][safepoint    ] Total time for which application threads were stopped: 0.0003635 seconds, Stopping threads took: 0.0002811 seconds
[2022-06-16T20:07:49.959+0000][6268][safepoint    ] Application time: 0.0001236 seconds
[2022-06-16T20:07:49.959+0000][6268][safepoint    ] Entering safepoint region: RevokeBias
[2022-06-16T20:07:49.960+0000][6268][safepoint    ] Leaving safepoint region
[2022-06-16T20:07:49.960+0000][6268][safepoint    ] Total time for which application threads were stopped: 0.0003498 seconds, Stopping threads took: 0.0002673 seconds
[2022-06-16T20:07:49.960+0000][6268][safepoint    ] Application time: 0.0000470 seconds
[2022-06-16T20:07:49.960+0000][6268][safepoint    ] Entering safepoint region: RevokeBias
[2022-06-16T20:07:49.960+0000][6268][safepoint    ] Leaving safepoint region
[2022-06-16T20:07:49.960+0000][6268][safepoint    ] Total time for which application threads were stopped: 0.0003351 seconds, Stopping threads took: 0.0002699 seconds
[2022-06-16T20:07:49.961+0000][6268][safepoint    ] Application time: 0.0008796 seconds
[2022-06-16T20:07:49.961+0000][6268][safepoint    ] Entering safepoint region: RevokeBias
[2022-06-16T20:07:49.961+0000][6268][safepoint    ] Leaving safepoint region
[2022-06-16T20:07:49.961+0000][6268][safepoint    ] Total time for which application threads were stopped: 0.0001090 seconds, Stopping threads took: 0.0000281 seconds
[2022-06-16T20:07:49.961+0000][6268][safepoint    ] Application time: 0.0003319 seconds
[2022-06-16T20:07:49.961+0000][6268][safepoint    ] Entering safepoint region: RevokeBias
[2022-06-16T20:07:49.961+0000][6268][safepoint    ] Leaving safepoint region
[2022-06-16T20:07:49.962+0000][6268][safepoint    ] Total time for which application threads were stopped: 0.0000934 seconds, Stopping threads took: 0.0000239 seconds
[2022-06-16T20:07:49.963+0000][6268][safepoint    ] Application time: 0.0013370 seconds
[2022-06-16T20:07:49.963+0000][6268][safepoint    ] Entering safepoint region: RevokeBias
[2022-06-16T20:07:49.963+0000][6268][safepoint    ] Leaving safepoint region
[2022-06-16T20:07:49.963+0000][6268][safepoint    ] Total time for which application threads were stopped: 0.0004187 seconds, Stopping threads took: 0.0003206 seconds
[2022-06-16T20:07:49.967+0000][6268][safepoint    ] Application time: 0.0034693 seconds
[2022-06-16T20:07:49.971+0000][6268][safepoint    ] Entering safepoint region: RevokeBias
[2022-06-16T20:07:49.971+0000][6268][safepoint    ] Leaving safepoint region
[2022-06-16T20:07:49.971+0000][6268][safepoint    ] Total time for which application threads were stopped: 0.0040198 seconds, Stopping threads took: 0.0039410 seconds
[2022-06-16T20:07:49.971+0000][6268][safepoint    ] Application time: 0.0003439 seconds
[2022-06-16T20:07:49.971+0000][6268][safepoint    ] Entering safepoint region: RevokeBias
[2022-06-16T20:07:49.971+0000][6268][safepoint    ] Leaving safepoint region
[2022-06-16T20:07:49.971+0000][6268][safepoint    ] Total time for which application threads were stopped: 0.0000864 seconds, Stopping threads took: 0.0000232 seconds
[2022-06-16T20:07:49.973+0000][6268][safepoint    ] Application time: 0.0016225 seconds
[2022-06-16T20:07:49.973+0000][6268][safepoint    ] Entering safepoint region: RevokeBias
[2022-06-16T20:07:49.973+0000][6268][safepoint    ] Leaving safepoint region
[2022-06-16T20:07:49.973+0000][6268][safepoint    ] Total time for which application threads were stopped: 0.0002348 seconds, Stopping threads took: 0.0001463 seconds
[2022-06-16T20:07:49.974+0000][6268][safepoint    ] Application time: 0.0007624 seconds
[2022-06-16T20:07:49.974+0000][6268][safepoint    ] Entering safepoint region: RevokeBias
[2022-06-16T20:07:49.974+0000][6268][safepoint    ] Leaving safepoint region
[2022-06-16T20:07:49.974+0000][6268][safepoint    ] Total time for which application threads were stopped: 0.0000768 seconds, Stopping threads took: 0.0000198 seconds
[2022-06-16T20:07:49.974+0000][6268][safepoint    ] Application time: 0.0000917 seconds
[2022-06-16T20:07:49.974+0000][6268][safepoint    ] Entering safepoint region: RevokeBias
[2022-06-16T20:07:49.974+0000][6268][safepoint    ] Leaving safepoint region
[2022-06-16T20:07:49.974+0000][6268][safepoint    ] Total time for which application threads were stopped: 0.0000693 seconds, Stopping threads took: 0.0000204 seconds
[2022-06-16T20:07:49.975+0000][6268][safepoint    ] Application time: 0.0001709 seconds
[2022-06-16T20:07:49.975+0000][6268][safepoint    ] Entering safepoint region: RevokeBias
[2022-06-16T20:07:49.975+0000][6268][safepoint    ] Leaving safepoint region
[2022-06-16T20:07:49.975+0000][6268][safepoint    ] Total time for which application threads were stopped: 0.0000898 seconds, Stopping threads took: 0.0000266 seconds
[2022-06-16T20:07:49.975+0000][6268][safepoint    ] Application time: 0.0000240 seconds
[2022-06-16T20:07:49.975+0000][6268][safepoint    ] Entering safepoint region: RevokeBias
[2022-06-16T20:07:49.975+0000][6268][safepoint    ] Leaving safepoint region
[2022-06-16T20:07:49.975+0000][6268][safepoint    ] Total time for which application threads were stopped: 0.0000949 seconds, Stopping threads took: 0.0000195 seconds
[2022-06-16T20:07:49.975+0000][6268][safepoint    ] Application time: 0.0000170 seconds
[2022-06-16T20:07:49.975+0000][6268][safepoint    ] Entering safepoint region: RevokeBias
[2022-06-16T20:07:49.975+0000][6268][safepoint    ] Leaving safepoint region
[2022-06-16T20:07:49.975+0000][6268][safepoint    ] Total time for which application threads were stopped: 0.0000708 seconds, Stopping threads took: 0.0000196 seconds
[2022-06-16T20:07:49.986+0000][6268][safepoint    ] Application time: 0.0110945 seconds
[2022-06-16T20:07:49.986+0000][6268][safepoint    ] Entering safepoint region: RevokeBias
[2022-06-16T20:07:49.986+0000][6268][safepoint    ] Leaving safepoint region
[2022-06-16T20:07:49.986+0000][6268][safepoint    ] Total time for which application threads were stopped: 0.0000894 seconds, Stopping threads took: 0.0000251 seconds
[2022-06-16T20:07:49.987+0000][6268][safepoint    ] Application time: 0.0007275 seconds
[2022-06-16T20:07:49.987+0000][6268][safepoint    ] Entering safepoint region: RevokeBias
[2022-06-16T20:07:49.987+0000][6268][safepoint    ] Leaving safepoint region
[2022-06-16T20:07:49.988+0000][6268][safepoint    ] Total time for which application threads were stopped: 0.0005641 seconds, Stopping threads took: 0.0004865 seconds
[2022-06-16T20:07:49.988+0000][6268][safepoint    ] Application time: 0.0000433 seconds
[2022-06-16T20:07:49.988+0000][6268][safepoint    ] Entering safepoint region: RevokeBias
[2022-06-16T20:07:49.988+0000][6268][safepoint    ] Leaving safepoint region
[2022-06-16T20:07:49.988+0000][6268][safepoint    ] Total time for which application threads were stopped: 0.0000694 seconds, Stopping threads took: 0.0000202 seconds
[2022-06-16T20:07:49.988+0000][6268][safepoint    ] Application time: 0.0000692 seconds
[2022-06-16T20:07:49.988+0000][6268][safepoint    ] Entering safepoint region: RevokeBias
[2022-06-16T20:07:49.988+0000][6268][safepoint    ] Leaving safepoint region
[2022-06-16T20:07:49.988+0000][6268][safepoint    ] Total time for which application threads were stopped: 0.0000687 seconds, Stopping threads took: 0.0000195 seconds
[2022-06-16T20:07:49.988+0000][6268][safepoint    ] Application time: 0.0000185 seconds
[2022-06-16T20:07:49.988+0000][6268][safepoint    ] Entering safepoint region: RevokeBias
[2022-06-16T20:07:49.988+0000][6268][safepoint    ] Leaving safepoint region
[2022-06-16T20:07:49.988+0000][6268][safepoint    ] Total time for which application threads were stopped: 0.0000677 seconds, Stopping threads took: 0.0000192 seconds
[2022-06-16T20:07:49.993+0000][6268][safepoint    ] Application time: 0.0047462 seconds
[2022-06-16T20:07:49.993+0000][6268][safepoint    ] Entering safepoint region: RevokeBias
[2022-06-16T20:07:49.993+0000][6268][safepoint    ] Leaving safepoint region
[2022-06-16T20:07:49.993+0000][6268][safepoint    ] Total time for which application threads were stopped: 0.0000926 seconds, Stopping threads took: 0.0000258 seconds
[2022-06-16T20:07:49.993+0000][6268][safepoint    ] Application time: 0.0000489 seconds
[2022-06-16T20:07:49.993+0000][6268][safepoint    ] Entering safepoint region: RevokeBias
[2022-06-16T20:07:49.993+0000][6268][safepoint    ] Leaving safepoint region
[2022-06-16T20:07:49.993+0000][6268][safepoint    ] Total time for which application threads were stopped: 0.0000761 seconds, Stopping threads took: 0.0000200 seconds
[2022-06-16T20:07:49.993+0000][6268][safepoint    ] Application time: 0.0000680 seconds
[2022-06-16T20:07:49.993+0000][6268][safepoint    ] Entering safepoint region: RevokeBias
[2022-06-16T20:07:49.993+0000][6268][safepoint    ] Leaving safepoint region
[2022-06-16T20:07:49.993+0000][6268][safepoint    ] Total time for which application threads were stopped: 0.0000701 seconds, Stopping threads took: 0.0000203 seconds
[2022-06-16T20:07:49.993+0000][6268][safepoint    ] Application time: 0.0000285 seconds
[2022-06-16T20:07:49.993+0000][6268][safepoint    ] Entering safepoint region: RevokeBias
[2022-06-16T20:07:49.993+0000][6268][safepoint    ] Leaving safepoint region
[2022-06-16T20:07:49.993+0000][6268][safepoint    ] Total time for which application threads were stopped: 0.0000650 seconds, Stopping threads took: 0.0000195 seconds
[2022-06-16T20:07:49.993+0000][6268][safepoint    ] Application time: 0.0000653 seconds
[2022-06-16T20:07:49.993+0000][6268][safepoint    ] Entering safepoint region: RevokeBias
[2022-06-16T20:07:49.993+0000][6268][safepoint    ] Leaving safepoint region
[2022-06-16T20:07:49.994+0000][6268][safepoint    ] Total time for which application threads were stopped: 0.0000799 seconds, Stopping threads took: 0.0000198 seconds
[2022-06-16T20:07:49.994+0000][6268][safepoint    ] Application time: 0.0000188 seconds
[2022-06-16T20:07:49.994+0000][6268][safepoint    ] Entering safepoint region: RevokeBias
[2022-06-16T20:07:49.994+0000][6268][safepoint    ] Leaving safepoint region
[2022-06-16T20:07:49.994+0000][6268][safepoint    ] Total time for which application threads were stopped: 0.0000652 seconds, Stopping threads took: 0.0000192 seconds
[2022-06-16T20:07:49.994+0000][6268][safepoint    ] Application time: 0.0002162 seconds
[2022-06-16T20:07:49.994+0000][6268][safepoint    ] Entering safepoint region: RevokeBias
[2022-06-16T20:07:49.994+0000][6268][safepoint    ] Leaving safepoint region
[2022-06-16T20:07:49.994+0000][6268][safepoint    ] Total time for which application threads were stopped: 0.0000734 seconds, Stopping threads took: 0.0000216 seconds
[2022-06-16T20:07:49.994+0000][6268][safepoint    ] Application time: 0.0000605 seconds
[2022-06-16T20:07:49.994+0000][6268][safepoint    ] Entering safepoint region: BulkRevokeBias
[2022-06-16T20:07:49.994+0000][6268][safepoint    ] Leaving safepoint region
[2022-06-16T20:07:49.994+0000][6268][safepoint    ] Total time for which application threads were stopped: 0.0002756 seconds, Stopping threads took: 0.0000200 seconds
[2022-06-16T20:07:49.994+0000][6268][safepoint    ] Application time: 0.0000305 seconds
[2022-06-16T20:07:49.994+0000][6268][safepoint    ] Entering safepoint region: RevokeBias
[2022-06-16T20:07:49.994+0000][6268][safepoint    ] Leaving safepoint region
[2022-06-16T20:07:49.994+0000][6268][safepoint    ] Total time for which application threads were stopped: 0.0000688 seconds, Stopping threads took: 0.0000199 seconds
[2022-06-16T20:07:49.995+0000][6268][safepoint    ] Application time: 0.0000263 seconds
[2022-06-16T20:07:49.995+0000][6268][safepoint    ] Entering safepoint region: RevokeBias
[2022-06-16T20:07:49.995+0000][6268][safepoint    ] Leaving safepoint region
[2022-06-16T20:07:49.995+0000][6268][safepoint    ] Total time for which application threads were stopped: 0.0000710 seconds, Stopping threads took: 0.0000202 seconds
[2022-06-16T20:07:49.996+0000][6268][safepoint    ] Application time: 0.0009761 seconds
[2022-06-16T20:07:49.996+0000][6268][safepoint    ] Entering safepoint region: RevokeBias
[2022-06-16T20:07:49.996+0000][6268][safepoint    ] Leaving safepoint region
[2022-06-16T20:07:49.996+0000][6268][safepoint    ] Total time for which application threads were stopped: 0.0000837 seconds, Stopping threads took: 0.0000236 seconds
[2022-06-16T20:07:49.996+0000][6268][safepoint    ] Application time: 0.0000715 seconds
[2022-06-16T20:07:49.996+0000][6268][safepoint    ] Entering safepoint region: RevokeBias
[2022-06-16T20:07:49.996+0000][6268][safepoint    ] Leaving safepoint region
[2022-06-16T20:07:49.996+0000][6268][safepoint    ] Total time for which application threads were stopped: 0.0000719 seconds, Stopping threads took: 0.0000200 seconds
[2022-06-16T20:07:49.996+0000][6268][safepoint    ] Application time: 0.0001362 seconds
[2022-06-16T20:07:49.996+0000][6268][safepoint    ] Entering safepoint region: RevokeBias
[2022-06-16T20:07:49.996+0000][6268][safepoint    ] Leaving safepoint region
[2022-06-16T20:07:49.996+0000][6268][safepoint    ] Total time for which application threads were stopped: 0.0000731 seconds, Stopping threads took: 0.0000215 seconds
[2022-06-16T20:07:49.996+0000][6268][safepoint    ] Application time: 0.0001923 seconds
[2022-06-16T20:07:49.996+0000][6268][safepoint    ] Entering safepoint region: RevokeBias
[2022-06-16T20:07:49.996+0000][6268][safepoint    ] Leaving safepoint region
[2022-06-16T20:07:49.996+0000][6268][safepoint    ] Total time for which application threads were stopped: 0.0000729 seconds, Stopping threads took: 0.0000212 seconds
[2022-06-16T20:07:49.997+0000][6268][safepoint    ] Application time: 0.0000883 seconds
[2022-06-16T20:07:49.997+0000][6268][safepoint    ] Entering safepoint region: RevokeBias
[2022-06-16T20:07:49.997+0000][6268][safepoint    ] Leaving safepoint region
[2022-06-16T20:07:49.997+0000][6268][safepoint    ] Total time for which application threads were stopped: 0.0000728 seconds, Stopping threads took: 0.0000212 seconds
[2022-06-16T20:07:49.997+0000][6268][safepoint    ] Application time: 0.0000197 seconds
[2022-06-16T20:07:49.997+0000][6268][safepoint    ] Entering safepoint region: RevokeBias
[2022-06-16T20:07:49.997+0000][6268][safepoint    ] Leaving safepoint region
[2022-06-16T20:07:49.997+0000][6268][safepoint    ] Total time for which application threads were stopped: 0.0000644 seconds, Stopping threads took: 0.0000192 seconds
[2022-06-16T20:07:49.997+0000][6268][safepoint    ] Application time: 0.0002135 seconds
[2022-06-16T20:07:49.997+0000][6268][safepoint    ] Entering safepoint region: RevokeBias
[2022-06-16T20:07:49.997+0000][6268][safepoint    ] Leaving safepoint region
[2022-06-16T20:07:49.997+0000][6268][safepoint    ] Total time for which application threads were stopped: 0.0000733 seconds, Stopping threads took: 0.0000219 seconds
[2022-06-16T20:07:49.999+0000][6268][safepoint    ] Application time: 0.0018962 seconds
[2022-06-16T20:07:49.999+0000][6268][safepoint    ] Entering safepoint region: RevokeBias
[2022-06-16T20:07:49.999+0000][6268][safepoint    ] Leaving safepoint region
[2022-06-16T20:07:49.999+0000][6268][safepoint    ] Total time for which application threads were stopped: 0.0000799 seconds, Stopping threads took: 0.0000243 seconds
[2022-06-16T20:07:50.000+0000][6268][safepoint    ] Application time: 0.0003616 seconds
[2022-06-16T20:07:50.000+0000][6268][safepoint    ] Entering safepoint region: RevokeBias
[2022-06-16T20:07:50.000+0000][6268][safepoint    ] Leaving safepoint region
[2022-06-16T20:07:50.000+0000][6268][safepoint    ] Total time for which application threads were stopped: 0.0000790 seconds, Stopping threads took: 0.0000231 seconds
[2022-06-16T20:07:50.000+0000][6268][safepoint    ] Application time: 0.0002645 seconds
[2022-06-16T20:07:50.000+0000][6268][safepoint    ] Entering safepoint region: RevokeBias
[2022-06-16T20:07:50.000+0000][6268][safepoint    ] Leaving safepoint region
[2022-06-16T20:07:50.000+0000][6268][safepoint    ] Total time for which application threads were stopped: 0.0000788 seconds, Stopping threads took: 0.0000227 seconds
[2022-06-16T20:07:50.000+0000][6268][safepoint    ] Application time: 0.0002250 seconds
[2022-06-16T20:07:50.000+0000][6268][safepoint    ] Entering safepoint region: RevokeBias
[2022-06-16T20:07:50.000+0000][6268][safepoint    ] Leaving safepoint region
[2022-06-16T20:07:50.000+0000][6268][safepoint    ] Total time for which application threads were stopped: 0.0000766 seconds, Stopping threads took: 0.0000223 seconds
[2022-06-16T20:07:50.001+0000][6268][safepoint    ] Application time: 0.0003576 seconds
[2022-06-16T20:07:50.001+0000][6268][safepoint    ] Entering safepoint region: RevokeBias
[2022-06-16T20:07:50.001+0000][6268][safepoint    ] Leaving safepoint region
[2022-06-16T20:07:50.001+0000][6268][safepoint    ] Total time for which application threads were stopped: 0.0000807 seconds, Stopping threads took: 0.0000250 seconds
[2022-06-16T20:07:50.018+0000][6268][safepoint    ] Application time: 0.0173483 seconds
[2022-06-16T20:07:50.018+0000][6268][safepoint    ] Entering safepoint region: RevokeBias
[2022-06-16T20:07:50.018+0000][6268][safepoint    ] Leaving safepoint region
[2022-06-16T20:07:50.018+0000][6268][safepoint    ] Total time for which application threads were stopped: 0.0001025 seconds, Stopping threads took: 0.0000265 seconds
[2022-06-16T20:07:50.019+0000][6268][safepoint    ] Application time: 0.0006241 seconds
[2022-06-16T20:07:50.019+0000][6268][safepoint    ] Entering safepoint region: RevokeBias
[2022-06-16T20:07:50.019+0000][6268][safepoint    ] Leaving safepoint region
[2022-06-16T20:07:50.019+0000][6268][safepoint    ] Total time for which application threads were stopped: 0.0002067 seconds, Stopping threads took: 0.0001399 seconds
[2022-06-16T20:07:50.020+0000][6268][safepoint    ] Application time: 0.0007002 seconds
[2022-06-16T20:07:50.020+0000][6268][safepoint    ] Entering safepoint region: RevokeBias
[2022-06-16T20:07:50.021+0000][6268][safepoint    ] Leaving safepoint region
[2022-06-16T20:07:50.021+0000][6268][safepoint    ] Total time for which application threads were stopped: 0.0005441 seconds, Stopping threads took: 0.0004750 seconds
[2022-06-16T20:07:50.022+0000][6268][safepoint    ] Application time: 0.0018003 seconds
[2022-06-16T20:07:50.022+0000][6268][safepoint    ] Entering safepoint region: RevokeBias
[2022-06-16T20:07:50.023+0000][6268][safepoint    ] Leaving safepoint region
[2022-06-16T20:07:50.023+0000][6268][safepoint    ] Total time for which application threads were stopped: 0.0001153 seconds, Stopping threads took: 0.0000519 seconds
[2022-06-16T20:07:50.024+0000][6268][safepoint    ] Application time: 0.0013279 seconds
[2022-06-16T20:07:50.024+0000][6268][safepoint    ] Entering safepoint region: RevokeBias
[2022-06-16T20:07:50.024+0000][6268][safepoint    ] Leaving safepoint region
[2022-06-16T20:07:50.024+0000][6268][safepoint    ] Total time for which application threads were stopped: 0.0001219 seconds, Stopping threads took: 0.0000550 seconds
[2022-06-16T20:07:50.026+0000][6268][safepoint    ] Application time: 0.0017538 seconds
[2022-06-16T20:07:50.026+0000][6268][safepoint    ] Entering safepoint region: RevokeBias
[2022-06-16T20:07:50.026+0000][6268][safepoint    ] Leaving safepoint region
[2022-06-16T20:07:50.026+0000][6268][safepoint    ] Total time for which application threads were stopped: 0.0000917 seconds, Stopping threads took: 0.0000277 seconds
[2022-06-16T20:07:50.027+0000][6268][safepoint    ] Application time: 0.0011495 seconds
[2022-06-16T20:07:50.027+0000][6268][safepoint    ] Entering safepoint region: RevokeBias
[2022-06-16T20:07:50.027+0000][6268][safepoint    ] Leaving safepoint region
[2022-06-16T20:07:50.027+0000][6268][safepoint    ] Total time for which application threads were stopped: 0.0001299 seconds, Stopping threads took: 0.0000684 seconds
[2022-06-16T20:07:50.034+0000][6268][safepoint    ] Application time: 0.0064598 seconds
[2022-06-16T20:07:50.034+0000][6268][safepoint    ] Entering safepoint region: RevokeBias
[2022-06-16T20:07:50.034+0000][6268][safepoint    ] Leaving safepoint region
[2022-06-16T20:07:50.034+0000][6268][safepoint    ] Total time for which application threads were stopped: 0.0002411 seconds, Stopping threads took: 0.0001722 seconds
[2022-06-16T20:07:50.034+0000][6268][safepoint    ] Application time: 0.0000698 seconds
[2022-06-16T20:07:50.034+0000][6268][safepoint    ] Entering safepoint region: RevokeBias
[2022-06-16T20:07:50.034+0000][6268][safepoint    ] Leaving safepoint region
[2022-06-16T20:07:50.034+0000][6268][safepoint    ] Total time for which application threads were stopped: 0.0001756 seconds, Stopping threads took: 0.0001155 seconds
[2022-06-16T20:07:50.036+0000][6268][safepoint    ] Application time: 0.0014281 seconds
[2022-06-16T20:07:50.036+0000][6268][safepoint    ] Entering safepoint region: RevokeBias
[2022-06-16T20:07:50.036+0000][6268][safepoint    ] Leaving safepoint region
[2022-06-16T20:07:50.036+0000][6268][safepoint    ] Total time for which application threads were stopped: 0.0001661 seconds, Stopping threads took: 0.0001058 seconds
[2022-06-16T20:07:50.037+0000][6268][safepoint    ] Application time: 0.0014052 seconds
[2022-06-16T20:07:50.037+0000][6268][safepoint    ] Entering safepoint region: RevokeBias
[2022-06-16T20:07:50.038+0000][6268][safepoint    ] Leaving safepoint region
[2022-06-16T20:07:50.038+0000][6268][safepoint    ] Total time for which application threads were stopped: 0.0000988 seconds, Stopping threads took: 0.0000408 seconds
[2022-06-16T20:07:50.042+0000][6268][safepoint    ] Application time: 0.0045735 seconds
[2022-06-16T20:07:50.042+0000][6268][safepoint    ] Entering safepoint region: RevokeBias
[2022-06-16T20:07:50.042+0000][6268][safepoint    ] Leaving safepoint region
[2022-06-16T20:07:50.042+0000][6268][safepoint    ] Total time for which application threads were stopped: 0.0001670 seconds, Stopping threads took: 0.0001046 seconds
[2022-06-16T20:07:50.043+0000][6268][safepoint    ] Application time: 0.0003029 seconds
[2022-06-16T20:07:50.043+0000][6268][safepoint    ] Entering safepoint region: RevokeBias
[2022-06-16T20:07:50.043+0000][6268][safepoint    ] Leaving safepoint region
[2022-06-16T20:07:50.043+0000][6268][safepoint    ] Total time for which application threads were stopped: 0.0000875 seconds, Stopping threads took: 0.0000232 seconds
[2022-06-16T20:07:50.043+0000][6268][safepoint    ] Application time: 0.0002822 seconds
[2022-06-16T20:07:50.043+0000][6268][safepoint    ] Entering safepoint region: RevokeBias
[2022-06-16T20:07:50.043+0000][6268][safepoint    ] Leaving safepoint region
[2022-06-16T20:07:50.043+0000][6268][safepoint    ] Total time for which application threads were stopped: 0.0001927 seconds, Stopping threads took: 0.0001375 seconds
[2022-06-16T20:07:50.045+0000][6268][safepoint    ] Application time: 0.0019394 seconds
[2022-06-16T20:07:50.045+0000][6268][safepoint    ] Entering safepoint region: RevokeBias
[2022-06-16T20:07:50.045+0000][6268][safepoint    ] Leaving safepoint region
[2022-06-16T20:07:50.045+0000][6268][safepoint    ] Total time for which application threads were stopped: 0.0001490 seconds, Stopping threads took: 0.0000896 seconds
[2022-06-16T20:07:50.046+0000][6268][safepoint    ] Application time: 0.0005653 seconds
[2022-06-16T20:07:50.046+0000][6268][safepoint    ] Entering safepoint region: RevokeBias
[2022-06-16T20:07:50.046+0000][6268][safepoint    ] Leaving safepoint region
[2022-06-16T20:07:50.046+0000][6268][safepoint    ] Total time for which application threads were stopped: 0.0001330 seconds, Stopping threads took: 0.0000659 seconds
[2022-06-16T20:07:50.046+0000][6268][safepoint    ] Application time: 0.0000249 seconds
[2022-06-16T20:07:50.046+0000][6268][safepoint    ] Entering safepoint region: RevokeBias
[2022-06-16T20:07:50.046+0000][6268][safepoint    ] Leaving safepoint region
[2022-06-16T20:07:50.046+0000][6268][safepoint    ] Total time for which application threads were stopped: 0.0000993 seconds, Stopping threads took: 0.0000454 seconds
[2022-06-16T20:07:50.048+0000][6268][safepoint    ] Application time: 0.0014129 seconds
[2022-06-16T20:07:50.048+0000][6268][safepoint    ] Entering safepoint region: BulkRevokeBias
[2022-06-16T20:07:50.048+0000][6268][safepoint    ] Leaving safepoint region
[2022-06-16T20:07:50.048+0000][6268][safepoint    ] Total time for which application threads were stopped: 0.0004345 seconds, Stopping threads took: 0.0001257 seconds
[2022-06-16T20:07:50.051+0000][6268][safepoint    ] Application time: 0.0024894 seconds
[2022-06-16T20:07:50.051+0000][6268][safepoint    ] Entering safepoint region: RevokeBias
[2022-06-16T20:07:50.051+0000][6268][safepoint    ] Leaving safepoint region
[2022-06-16T20:07:50.051+0000][6268][safepoint    ] Total time for which application threads were stopped: 0.0001068 seconds, Stopping threads took: 0.0000406 seconds
[2022-06-16T20:07:50.054+0000][6268][safepoint    ] Application time: 0.0030668 seconds
[2022-06-16T20:07:50.054+0000][6268][safepoint    ] Entering safepoint region: RevokeBias
[2022-06-16T20:07:50.054+0000][6268][safepoint    ] Leaving safepoint region
[2022-06-16T20:07:50.054+0000][6268][safepoint    ] Total time for which application threads were stopped: 0.0001176 seconds, Stopping threads took: 0.0000553 seconds
[2022-06-16T20:07:50.074+0000][6268][safepoint    ] Application time: 0.0202073 seconds
[2022-06-16T20:07:50.074+0000][6268][safepoint    ] Entering safepoint region: RevokeBias
[2022-06-16T20:07:50.075+0000][6268][safepoint    ] Leaving safepoint region
[2022-06-16T20:07:50.075+0000][6268][safepoint    ] Total time for which application threads were stopped: 0.0001118 seconds, Stopping threads took: 0.0000260 seconds
[2022-06-16T20:07:50.079+0000][6268][safepoint    ] Application time: 0.0049210 seconds
[2022-06-16T20:07:50.080+0000][6268][safepoint    ] Entering safepoint region: RevokeBias
[2022-06-16T20:07:50.080+0000][6268][safepoint    ] Leaving safepoint region
[2022-06-16T20:07:50.080+0000][6268][safepoint    ] Total time for which application threads were stopped: 0.0001501 seconds, Stopping threads took: 0.0000527 seconds
[2022-06-16T20:07:50.089+0000][6268][safepoint    ] Application time: 0.0090843 seconds
[2022-06-16T20:07:50.089+0000][6268][safepoint    ] Entering safepoint region: RevokeBias
[2022-06-16T20:07:50.089+0000][6268][safepoint    ] Leaving safepoint region
[2022-06-16T20:07:50.089+0000][6268][safepoint    ] Total time for which application threads were stopped: 0.0001005 seconds, Stopping threads took: 0.0000250 seconds
[2022-06-16T20:07:50.104+0000][6268][safepoint    ] Application time: 0.0150840 seconds
[2022-06-16T20:07:50.104+0000][6268][safepoint    ] Entering safepoint region: RevokeBias
[2022-06-16T20:07:50.104+0000][6268][safepoint    ] Leaving safepoint region
[2022-06-16T20:07:50.104+0000][6268][safepoint    ] Total time for which application threads were stopped: 0.0001350 seconds, Stopping threads took: 0.0000361 seconds
[2022-06-16T20:07:50.104+0000][6268][safepoint    ] Application time: 0.0000649 seconds
[2022-06-16T20:07:50.104+0000][6268][safepoint    ] Entering safepoint region: RevokeBias
[2022-06-16T20:07:50.104+0000][6268][safepoint    ] Leaving safepoint region
[2022-06-16T20:07:50.104+0000][6268][safepoint    ] Total time for which application threads were stopped: 0.0001151 seconds, Stopping threads took: 0.0000293 seconds
[2022-06-16T20:07:50.104+0000][6268][safepoint    ] Application time: 0.0000249 seconds
[2022-06-16T20:07:50.104+0000][6268][safepoint    ] Entering safepoint region: RevokeBias
[2022-06-16T20:07:50.105+0000][6268][safepoint    ] Leaving safepoint region
[2022-06-16T20:07:50.105+0000][6268][safepoint    ] Total time for which application threads were stopped: 0.0002402 seconds, Stopping threads took: 0.0001414 seconds
[2022-06-16T20:07:50.105+0000][6268][safepoint    ] Application time: 0.0003402 seconds
[2022-06-16T20:07:50.105+0000][6268][safepoint    ] Entering safepoint region: RevokeBias
[2022-06-16T20:07:50.105+0000][6268][safepoint    ] Leaving safepoint region
[2022-06-16T20:07:50.105+0000][6268][safepoint    ] Total time for which application threads were stopped: 0.0001003 seconds, Stopping threads took: 0.0000348 seconds
[2022-06-16T20:07:50.106+0000][6268][safepoint    ] Application time: 0.0010143 seconds
[2022-06-16T20:07:50.106+0000][6268][safepoint    ] Entering safepoint region: RevokeBias
[2022-06-16T20:07:50.106+0000][6268][safepoint    ] Leaving safepoint region
[2022-06-16T20:07:50.106+0000][6268][safepoint    ] Total time for which application threads were stopped: 0.0000850 seconds, Stopping threads took: 0.0000233 seconds
[2022-06-16T20:07:50.107+0000][6268][safepoint    ] Application time: 0.0006620 seconds
[2022-06-16T20:07:50.107+0000][6268][safepoint    ] Entering safepoint region: RevokeBias
[2022-06-16T20:07:50.107+0000][6268][safepoint    ] Leaving safepoint region
[2022-06-16T20:07:50.107+0000][6268][safepoint    ] Total time for which application threads were stopped: 0.0000880 seconds, Stopping threads took: 0.0000251 seconds
[2022-06-16T20:07:50.109+0000][6268][safepoint    ] Application time: 0.0021140 seconds
[2022-06-16T20:07:50.109+0000][6268][safepoint    ] Entering safepoint region: RevokeBias
[2022-06-16T20:07:50.109+0000][6268][safepoint    ] Leaving safepoint region
[2022-06-16T20:07:50.110+0000][6268][safepoint    ] Total time for which application threads were stopped: 0.0000916 seconds, Stopping threads took: 0.0000209 seconds
[2022-06-16T20:07:50.110+0000][6268][safepoint    ] Application time: 0.0005617 seconds
[2022-06-16T20:07:50.110+0000][6268][safepoint    ] Entering safepoint region: RevokeBias
[2022-06-16T20:07:50.110+0000][6268][safepoint    ] Leaving safepoint region
[2022-06-16T20:07:50.110+0000][6268][safepoint    ] Total time for which application threads were stopped: 0.0000819 seconds, Stopping threads took: 0.0000235 seconds
[2022-06-16T20:07:50.111+0000][6268][safepoint    ] Application time: 0.0004337 seconds
[2022-06-16T20:07:50.111+0000][6268][safepoint    ] Entering safepoint region: RevokeBias
[2022-06-16T20:07:50.111+0000][6268][safepoint    ] Leaving safepoint region
[2022-06-16T20:07:50.111+0000][6268][safepoint    ] Total time for which application threads were stopped: 0.0000802 seconds, Stopping threads took: 0.0000201 seconds
[2022-06-16T20:07:50.158+0000][6268][safepoint    ] Application time: 0.0469570 seconds
[2022-06-16T20:07:50.158+0000][6268][safepoint    ] Entering safepoint region: RevokeBias
[2022-06-16T20:07:50.158+0000][6268][safepoint    ] Leaving safepoint region
[2022-06-16T20:07:50.158+0000][6268][safepoint    ] Total time for which application threads were stopped: 0.0001406 seconds, Stopping threads took: 0.0000423 seconds
[2022-06-16T20:07:50.179+0000][6268][safepoint    ] Application time: 0.0213123 seconds
[2022-06-16T20:07:50.179+0000][6268][safepoint    ] Entering safepoint region: RevokeBias
[2022-06-16T20:07:50.179+0000][6268][safepoint    ] Leaving safepoint region
[2022-06-16T20:07:50.180+0000][6268][safepoint    ] Total time for which application threads were stopped: 0.0001516 seconds, Stopping threads took: 0.0000295 seconds
[2022-06-16T20:07:50.255+0000][6268][safepoint    ] Application time: 0.0754992 seconds
[2022-06-16T20:07:50.255+0000][6268][safepoint    ] Entering safepoint region: RevokeBias
[2022-06-16T20:07:50.255+0000][6268][safepoint    ] Leaving safepoint region
[2022-06-16T20:07:50.255+0000][6268][safepoint    ] Total time for which application threads were stopped: 0.0001525 seconds, Stopping threads took: 0.0000405 seconds
[2022-06-16T20:07:50.311+0000][6268][safepoint    ] Application time: 0.0554804 seconds
[2022-06-16T20:07:50.311+0000][6268][safepoint    ] Entering safepoint region: RevokeBias
[2022-06-16T20:07:50.311+0000][6268][safepoint    ] Leaving safepoint region
[2022-06-16T20:07:50.311+0000][6268][safepoint    ] Total time for which application threads were stopped: 0.0001321 seconds, Stopping threads took: 0.0000232 seconds
[2022-06-16T20:07:50.311+0000][6268][safepoint    ] Application time: 0.0000270 seconds
[2022-06-16T20:07:50.311+0000][6268][safepoint    ] Entering safepoint region: RevokeBias
[2022-06-16T20:07:50.311+0000][6268][safepoint    ] Leaving safepoint region
[2022-06-16T20:07:50.311+0000][6268][safepoint    ] Total time for which application threads were stopped: 0.0000825 seconds, Stopping threads took: 0.0000184 seconds
[2022-06-16T20:07:50.319+0000][6268][safepoint    ] Application time: 0.0083071 seconds
[2022-06-16T20:07:50.319+0000][6268][safepoint    ] Entering safepoint region: RevokeBias
[2022-06-16T20:07:50.320+0000][6268][safepoint    ] Leaving safepoint region
[2022-06-16T20:07:50.320+0000][6268][safepoint    ] Total time for which application threads were stopped: 0.0001313 seconds, Stopping threads took: 0.0000284 seconds
[2022-06-16T20:07:50.327+0000][6268][safepoint    ] Application time: 0.0072382 seconds
[2022-06-16T20:07:50.327+0000][6268][safepoint    ] Entering safepoint region: Deoptimize
[2022-06-16T20:07:50.328+0000][6268][safepoint    ] Leaving safepoint region
[2022-06-16T20:07:50.328+0000][6268][safepoint    ] Total time for which application threads were stopped: 0.0011086 seconds, Stopping threads took: 0.0003149 seconds
[2022-06-16T20:07:50.329+0000][6268][safepoint    ] Application time: 0.0010642 seconds
[2022-06-16T20:07:50.329+0000][6268][safepoint    ] Entering safepoint region: RevokeBias
[2022-06-16T20:07:50.329+0000][6268][safepoint    ] Leaving safepoint region
[2022-06-16T20:07:50.329+0000][6268][safepoint    ] Total time for which application threads were stopped: 0.0001378 seconds, Stopping threads took: 0.0000468 seconds
[2022-06-16T20:07:50.330+0000][6268][safepoint    ] Application time: 0.0009491 seconds
[2022-06-16T20:07:50.330+0000][6268][safepoint    ] Entering safepoint region: RevokeBias
[2022-06-16T20:07:50.330+0000][6268][safepoint    ] Leaving safepoint region
[2022-06-16T20:07:50.330+0000][6268][safepoint    ] Total time for which application threads were stopped: 0.0001121 seconds, Stopping threads took: 0.0000417 seconds
[2022-06-16T20:07:50.339+0000][6268][safepoint    ] Application time: 0.0081754 seconds
[2022-06-16T20:07:50.340+0000][6268][safepoint    ] Entering safepoint region: RevokeBias
[2022-06-16T20:07:50.340+0000][6268][safepoint    ] Leaving safepoint region
[2022-06-16T20:07:50.340+0000][6268][safepoint    ] Total time for which application threads were stopped: 0.0018619 seconds, Stopping threads took: 0.0017756 seconds
[2022-06-16T20:07:50.359+0000][6268][safepoint    ] Application time: 0.0180786 seconds
[2022-06-16T20:07:50.359+0000][6268][safepoint    ] Entering safepoint region: RevokeBias
[2022-06-16T20:07:50.360+0000][6268][safepoint    ] Leaving safepoint region
[2022-06-16T20:07:50.360+0000][6268][safepoint    ] Total time for which application threads were stopped: 0.0010360 seconds, Stopping threads took: 0.0009185 seconds
[2022-06-16T20:07:50.371+0000][6268][safepoint    ] Application time: 0.0114612 seconds
[2022-06-16T20:07:50.371+0000][6268][safepoint    ] Entering safepoint region: RevokeBias
[2022-06-16T20:07:50.371+0000][6268][safepoint    ] Leaving safepoint region
[2022-06-16T20:07:50.371+0000][6268][safepoint    ] Total time for which application threads were stopped: 0.0001492 seconds, Stopping threads took: 0.0000517 seconds
[2022-06-16T20:07:50.377+0000][6268][safepoint    ] Application time: 0.0058023 seconds
[2022-06-16T20:07:50.377+0000][6268][safepoint    ] Entering safepoint region: RevokeBias
[2022-06-16T20:07:50.377+0000][6268][safepoint    ] Leaving safepoint region
[2022-06-16T20:07:50.377+0000][6268][safepoint    ] Total time for which application threads were stopped: 0.0001634 seconds, Stopping threads took: 0.0000683 seconds
[2022-06-16T20:07:50.391+0000][6268][safepoint    ] Application time: 0.0137789 seconds
[2022-06-16T20:07:50.391+0000][6268][safepoint    ] Entering safepoint region: RevokeBias
[2022-06-16T20:07:50.391+0000][6268][safepoint    ] Leaving safepoint region
[2022-06-16T20:07:50.391+0000][6268][safepoint    ] Total time for which application threads were stopped: 0.0001516 seconds, Stopping threads took: 0.0000493 seconds
[2022-06-16T20:07:50.395+0000][6268][safepoint    ] Application time: 0.0033931 seconds
[2022-06-16T20:07:50.395+0000][6268][safepoint    ] Entering safepoint region: RevokeBias
[2022-06-16T20:07:50.395+0000][6268][safepoint    ] Leaving safepoint region
[2022-06-16T20:07:50.395+0000][6268][safepoint    ] Total time for which application threads were stopped: 0.0001072 seconds, Stopping threads took: 0.0000242 seconds
[2022-06-16T20:07:50.395+0000][6268][safepoint    ] Application time: 0.0004031 seconds
[2022-06-16T20:07:50.395+0000][6268][safepoint    ] Entering safepoint region: RevokeBias
[2022-06-16T20:07:50.395+0000][6268][safepoint    ] Leaving safepoint region
[2022-06-16T20:07:50.395+0000][6268][safepoint    ] Total time for which application threads were stopped: 0.0001049 seconds, Stopping threads took: 0.0000300 seconds
[2022-06-16T20:07:50.414+0000][6268][safepoint    ] Application time: 0.0185628 seconds
[2022-06-16T20:07:50.414+0000][6268][safepoint    ] Entering safepoint region: RevokeBias
[2022-06-16T20:07:50.414+0000][6268][safepoint    ] Leaving safepoint region
[2022-06-16T20:07:50.414+0000][6268][safepoint    ] Total time for which application threads were stopped: 0.0001034 seconds, Stopping threads took: 0.0000311 seconds
[2022-06-16T20:07:50.414+0000][6268][safepoint    ] Application time: 0.0000344 seconds
[2022-06-16T20:07:50.414+0000][6268][safepoint    ] Entering safepoint region: RevokeBias
[2022-06-16T20:07:50.414+0000][6268][safepoint    ] Leaving safepoint region
[2022-06-16T20:07:50.414+0000][6268][safepoint    ] Total time for which application threads were stopped: 0.0000882 seconds, Stopping threads took: 0.0000222 seconds
[2022-06-16T20:07:50.459+0000][6268][safepoint    ] Application time: 0.0442389 seconds
[2022-06-16T20:07:50.461+0000][6268][safepoint    ] Entering safepoint region: RevokeBias
[2022-06-16T20:07:50.461+0000][6268][safepoint    ] Leaving safepoint region
[2022-06-16T20:07:50.461+0000][6268][safepoint    ] Total time for which application threads were stopped: 0.0022170 seconds, Stopping threads took: 0.0020912 seconds
[2022-06-16T20:07:50.464+0000][6268][safepoint    ] Application time: 0.0034323 seconds
[2022-06-16T20:07:50.466+0000][6268][safepoint    ] Entering safepoint region: RevokeBias
[2022-06-16T20:07:50.466+0000][6268][safepoint    ] Leaving safepoint region
[2022-06-16T20:07:50.466+0000][6268][safepoint    ] Total time for which application threads were stopped: 0.0021289 seconds, Stopping threads took: 0.0020391 seconds
[2022-06-16T20:07:50.486+0000][6268][safepoint    ] Application time: 0.0196331 seconds
[2022-06-16T20:07:50.487+0000][6268][safepoint    ] Entering safepoint region: RevokeBias
[2022-06-16T20:07:50.487+0000][6268][safepoint    ] Leaving safepoint region
[2022-06-16T20:07:50.487+0000][6268][safepoint    ] Total time for which application threads were stopped: 0.0007372 seconds, Stopping threads took: 0.0005633 seconds
[2022-06-16T20:07:50.488+0000][6268][safepoint    ] Application time: 0.0009114 seconds
[2022-06-16T20:07:50.488+0000][6268][safepoint    ] Entering safepoint region: RevokeBias
[2022-06-16T20:07:50.489+0000][6268][safepoint    ] Leaving safepoint region
[2022-06-16T20:07:50.489+0000][6268][safepoint    ] Total time for which application threads were stopped: 0.0007713 seconds, Stopping threads took: 0.0006800 seconds
[2022-06-16T20:07:50.490+0000][6268][safepoint    ] Application time: 0.0014918 seconds
[2022-06-16T20:07:50.490+0000][6268][safepoint    ] Entering safepoint region: RevokeBias
[2022-06-16T20:07:50.490+0000][6268][safepoint    ] Leaving safepoint region
[2022-06-16T20:07:50.490+0000][6268][safepoint    ] Total time for which application threads were stopped: 0.0000970 seconds, Stopping threads took: 0.0000260 seconds
[2022-06-16T20:07:50.495+0000][6268][safepoint    ] Application time: 0.0045438 seconds
[2022-06-16T20:07:50.495+0000][6268][safepoint    ] Entering safepoint region: RevokeBias
[2022-06-16T20:07:50.495+0000][6268][safepoint    ] Leaving safepoint region
[2022-06-16T20:07:50.495+0000][6268][safepoint    ] Total time for which application threads were stopped: 0.0000974 seconds, Stopping threads took: 0.0000252 seconds
[2022-06-16T20:07:50.495+0000][6268][safepoint    ] Application time: 0.0000253 seconds
[2022-06-16T20:07:50.495+0000][6268][safepoint    ] Entering safepoint region: RevokeBias
[2022-06-16T20:07:50.495+0000][6268][safepoint    ] Leaving safepoint region
[2022-06-16T20:07:50.495+0000][6268][safepoint    ] Total time for which application threads were stopped: 0.0000796 seconds, Stopping threads took: 0.0000202 seconds
[2022-06-16T20:07:50.495+0000][6268][safepoint    ] Application time: 0.0000153 seconds
[2022-06-16T20:07:50.495+0000][6268][safepoint    ] Entering safepoint region: RevokeBias
[2022-06-16T20:07:50.495+0000][6268][safepoint    ] Leaving safepoint region
[2022-06-16T20:07:50.495+0000][6268][safepoint    ] Total time for which application threads were stopped: 0.0000780 seconds, Stopping threads took: 0.0000197 seconds
[2022-06-16T20:07:50.495+0000][6268][safepoint    ] Application time: 0.0002156 seconds
[2022-06-16T20:07:50.496+0000][6268][safepoint    ] Entering safepoint region: RevokeBias
[2022-06-16T20:07:50.496+0000][6268][safepoint    ] Leaving safepoint region
[2022-06-16T20:07:50.496+0000][6268][safepoint    ] Total time for which application threads were stopped: 0.0001034 seconds, Stopping threads took: 0.0000354 seconds
[2022-06-16T20:07:50.551+0000][6268][safepoint    ] Application time: 0.0554775 seconds
[2022-06-16T20:07:50.552+0000][6268][safepoint    ] Entering safepoint region: RevokeBias
[2022-06-16T20:07:50.552+0000][6268][safepoint    ] Leaving safepoint region
[2022-06-16T20:07:50.552+0000][6268][safepoint    ] Total time for which application threads were stopped: 0.0008291 seconds, Stopping threads took: 0.0006966 seconds
[2022-06-16T20:07:50.554+0000][6268][safepoint    ] Application time: 0.0023530 seconds
[2022-06-16T20:07:50.555+0000][6268][safepoint    ] Entering safepoint region: RevokeBias
[2022-06-16T20:07:50.555+0000][6268][safepoint    ] Leaving safepoint region
[2022-06-16T20:07:50.555+0000][6268][safepoint    ] Total time for which application threads were stopped: 0.0009447 seconds, Stopping threads took: 0.0008235 seconds
[2022-06-16T20:07:50.556+0000][6268][safepoint    ] Application time: 0.0008067 seconds
[2022-06-16T20:07:50.556+0000][6268][safepoint    ] Entering safepoint region: RevokeBias
[2022-06-16T20:07:50.556+0000][6268][safepoint    ] Leaving safepoint region
[2022-06-16T20:07:50.556+0000][6268][safepoint    ] Total time for which application threads were stopped: 0.0001240 seconds, Stopping threads took: 0.0000293 seconds
[2022-06-16T20:07:50.557+0000][6268][safepoint    ] Application time: 0.0011413 seconds
[2022-06-16T20:07:50.558+0000][6268][safepoint    ] Entering safepoint region: RevokeBias
[2022-06-16T20:07:50.558+0000][6268][safepoint    ] Leaving safepoint region
[2022-06-16T20:07:50.558+0000][6268][safepoint    ] Total time for which application threads were stopped: 0.0001109 seconds, Stopping threads took: 0.0000261 seconds
[2022-06-16T20:07:50.558+0000][6268][safepoint    ] Application time: 0.0001966 seconds
[2022-06-16T20:07:50.558+0000][6268][safepoint    ] Entering safepoint region: RevokeBias
[2022-06-16T20:07:50.558+0000][6268][safepoint    ] Leaving safepoint region
[2022-06-16T20:07:50.558+0000][6268][safepoint    ] Total time for which application threads were stopped: 0.0000951 seconds, Stopping threads took: 0.0000211 seconds
[2022-06-16T20:07:50.558+0000][6268][safepoint    ] Application time: 0.0003195 seconds
[2022-06-16T20:07:50.558+0000][6268][safepoint    ] Entering safepoint region: RevokeBias
[2022-06-16T20:07:50.558+0000][6268][safepoint    ] Leaving safepoint region
[2022-06-16T20:07:50.558+0000][6268][safepoint    ] Total time for which application threads were stopped: 0.0001535 seconds, Stopping threads took: 0.0000620 seconds
[2022-06-16T20:07:50.559+0000][6268][safepoint    ] Application time: 0.0000992 seconds
[2022-06-16T20:07:50.559+0000][6268][safepoint    ] Entering safepoint region: RevokeBias
[2022-06-16T20:07:50.559+0000][6268][safepoint    ] Leaving safepoint region
[2022-06-16T20:07:50.559+0000][6268][safepoint    ] Total time for which application threads were stopped: 0.0001100 seconds, Stopping threads took: 0.0000432 seconds
[2022-06-16T20:07:50.559+0000][6268][safepoint    ] Application time: 0.0006182 seconds
[2022-06-16T20:07:50.559+0000][6268][safepoint    ] Entering safepoint region: RevokeBias
[2022-06-16T20:07:50.560+0000][6268][safepoint    ] Leaving safepoint region
[2022-06-16T20:07:50.560+0000][6268][safepoint    ] Total time for which application threads were stopped: 0.0001312 seconds, Stopping threads took: 0.0000413 seconds
[2022-06-16T20:07:50.560+0000][6268][safepoint    ] Application time: 0.0001248 seconds
[2022-06-16T20:07:50.560+0000][6268][safepoint    ] Entering safepoint region: RevokeBias
[2022-06-16T20:07:50.560+0000][6268][safepoint    ] Leaving safepoint region
[2022-06-16T20:07:50.560+0000][6268][safepoint    ] Total time for which application threads were stopped: 0.0001021 seconds, Stopping threads took: 0.0000249 seconds
[2022-06-16T20:07:50.560+0000][6268][safepoint    ] Application time: 0.0003087 seconds
[2022-06-16T20:07:50.560+0000][6268][safepoint    ] Entering safepoint region: RevokeBias
[2022-06-16T20:07:50.560+0000][6268][safepoint    ] Leaving safepoint region
[2022-06-16T20:07:50.560+0000][6268][safepoint    ] Total time for which application threads were stopped: 0.0000986 seconds, Stopping threads took: 0.0000237 seconds
[2022-06-16T20:07:50.561+0000][6268][safepoint    ] Application time: 0.0004927 seconds
[2022-06-16T20:07:50.561+0000][6268][safepoint    ] Entering safepoint region: RevokeBias
[2022-06-16T20:07:50.561+0000][6268][safepoint    ] Leaving safepoint region
[2022-06-16T20:07:50.561+0000][6268][safepoint    ] Total time for which application threads were stopped: 0.0001104 seconds, Stopping threads took: 0.0000314 seconds
[2022-06-16T20:07:50.562+0000][6268][safepoint    ] Application time: 0.0010855 seconds
[2022-06-16T20:07:50.562+0000][6268][safepoint    ] Entering safepoint region: RevokeBias
[2022-06-16T20:07:50.562+0000][6268][safepoint    ] Leaving safepoint region
[2022-06-16T20:07:50.562+0000][6268][safepoint    ] Total time for which application threads were stopped: 0.0000964 seconds, Stopping threads took: 0.0000254 seconds
[2022-06-16T20:07:50.563+0000][6268][safepoint    ] Application time: 0.0012843 seconds
[2022-06-16T20:07:50.564+0000][6268][safepoint    ] Entering safepoint region: RevokeBias
[2022-06-16T20:07:50.564+0000][6268][safepoint    ] Leaving safepoint region
[2022-06-16T20:07:50.564+0000][6268][safepoint    ] Total time for which application threads were stopped: 0.0001009 seconds, Stopping threads took: 0.0000263 seconds
[2022-06-16T20:07:50.579+0000][6268][safepoint    ] Application time: 0.0155831 seconds
[2022-06-16T20:07:50.579+0000][6268][safepoint    ] Entering safepoint region: RevokeBias
[2022-06-16T20:07:50.579+0000][6268][safepoint    ] Leaving safepoint region
[2022-06-16T20:07:50.579+0000][6268][safepoint    ] Total time for which application threads were stopped: 0.0001142 seconds, Stopping threads took: 0.0000277 seconds
[2022-06-16T20:07:50.579+0000][6268][safepoint    ] Application time: 0.0000318 seconds
[2022-06-16T20:07:50.579+0000][6268][safepoint    ] Entering safepoint region: RevokeBias
[2022-06-16T20:07:50.580+0000][6268][safepoint    ] Leaving safepoint region
[2022-06-16T20:07:50.580+0000][6268][safepoint    ] Total time for which application threads were stopped: 0.0001082 seconds, Stopping threads took: 0.0000223 seconds
[2022-06-16T20:07:50.610+0000][6268][safepoint    ] Application time: 0.0299680 seconds
[2022-06-16T20:07:50.610+0000][6268][safepoint    ] Entering safepoint region: GenCollectForAllocation
[2022-06-16T20:07:50.610+0000][6268][gc,start     ] GC(27) Pause Young (Allocation Failure)
[2022-06-16T20:07:50.610+0000][6268][gc,task      ] GC(27) Using 2 workers of 2 for evacuation
[2022-06-16T20:07:50.647+0000][6268][gc,age       ] GC(27) Desired survivor size 8716288 bytes, new threshold 2 (max threshold 6)
[2022-06-16T20:07:50.647+0000][6268][gc,age       ] GC(27) Age table with threshold 2 (max threshold 6)
[2022-06-16T20:07:50.647+0000][6268][gc,age       ] GC(27) - age   1:    5121312 bytes,    5121312 total
[2022-06-16T20:07:50.647+0000][6268][gc,age       ] GC(27) - age   2:    3855296 bytes,    8976608 total
[2022-06-16T20:07:50.647+0000][6268][gc,age       ] GC(27) - age   3:    2706056 bytes,   11682664 total
[2022-06-16T20:07:50.647+0000][6268][gc,heap      ] GC(27) ParNew: 148384K->16862K(153344K)
[2022-06-16T20:07:50.647+0000][6268][gc,heap      ] GC(27) CMS: 52370K->54135K(878208K)
[2022-06-16T20:07:50.647+0000][6268][gc,metaspace ] GC(27) Metaspace: 93971K->93971K(1136640K)
[2022-06-16T20:07:50.647+0000][6268][gc           ] GC(27) Pause Young (Allocation Failure) 196M->69M(1007M) 37.279ms
[2022-06-16T20:07:50.647+0000][6268][gc,cpu       ] GC(27) User=0.08s Sys=0.00s Real=0.04s
[2022-06-16T20:07:50.647+0000][6268][safepoint    ] Leaving safepoint region
[2022-06-16T20:07:50.647+0000][6268][safepoint    ] Total time for which application threads were stopped: 0.0375261 seconds, Stopping threads took: 0.0000261 seconds
[2022-06-16T20:07:50.686+0000][6268][safepoint    ] Application time: 0.0390813 seconds
[2022-06-16T20:07:50.686+0000][6268][safepoint    ] Entering safepoint region: Deoptimize
[2022-06-16T20:07:50.687+0000][6268][safepoint    ] Leaving safepoint region
[2022-06-16T20:07:50.687+0000][6268][safepoint    ] Total time for which application threads were stopped: 0.0008810 seconds, Stopping threads took: 0.0000412 seconds
[2022-06-16T20:07:50.893+0000][6268][safepoint    ] Application time: 0.2060638 seconds
[2022-06-16T20:07:50.893+0000][6268][safepoint    ] Entering safepoint region: RevokeBias
[2022-06-16T20:07:50.893+0000][6268][safepoint    ] Leaving safepoint region
[2022-06-16T20:07:50.893+0000][6268][safepoint    ] Total time for which application threads were stopped: 0.0001742 seconds, Stopping threads took: 0.0000308 seconds
[2022-06-16T20:07:50.894+0000][6268][safepoint    ] Application time: 0.0000244 seconds
[2022-06-16T20:07:50.894+0000][6268][safepoint    ] Entering safepoint region: RevokeBias
[2022-06-16T20:07:50.894+0000][6268][safepoint    ] Leaving safepoint region
[2022-06-16T20:07:50.894+0000][6268][safepoint    ] Total time for which application threads were stopped: 0.0000723 seconds, Stopping threads took: 0.0000202 seconds
[2022-06-16T20:07:50.898+0000][6268][safepoint    ] Application time: 0.0040886 seconds
[2022-06-16T20:07:50.898+0000][6268][safepoint    ] Entering safepoint region: RevokeBias
[2022-06-16T20:07:50.898+0000][6268][safepoint    ] Leaving safepoint region
[2022-06-16T20:07:50.898+0000][6268][safepoint    ] Total time for which application threads were stopped: 0.0001050 seconds, Stopping threads took: 0.0000268 seconds
[2022-06-16T20:07:50.898+0000][6268][safepoint    ] Application time: 0.0000193 seconds
[2022-06-16T20:07:50.898+0000][6268][safepoint    ] Entering safepoint region: RevokeBias
[2022-06-16T20:07:50.898+0000][6268][safepoint    ] Leaving safepoint region
[2022-06-16T20:07:50.898+0000][6268][safepoint    ] Total time for which application threads were stopped: 0.0000621 seconds, Stopping threads took: 0.0000190 seconds
[2022-06-16T20:07:50.916+0000][6268][safepoint    ] Application time: 0.0184502 seconds
[2022-06-16T20:07:50.917+0000][6268][safepoint    ] Entering safepoint region: RevokeBias
[2022-06-16T20:07:50.917+0000][6268][safepoint    ] Leaving safepoint region
[2022-06-16T20:07:50.917+0000][6268][safepoint    ] Total time for which application threads were stopped: 0.0001267 seconds, Stopping threads took: 0.0000342 seconds
[2022-06-16T20:07:50.917+0000][6268][safepoint    ] Application time: 0.0000350 seconds
[2022-06-16T20:07:50.917+0000][6268][safepoint    ] Entering safepoint region: RevokeBias
[2022-06-16T20:07:50.917+0000][6268][safepoint    ] Leaving safepoint region
[2022-06-16T20:07:50.917+0000][6268][safepoint    ] Total time for which application threads were stopped: 0.0000731 seconds, Stopping threads took: 0.0000224 seconds
[2022-06-16T20:07:50.917+0000][6268][safepoint    ] Application time: 0.0000163 seconds
[2022-06-16T20:07:50.917+0000][6268][safepoint    ] Entering safepoint region: RevokeBias
[2022-06-16T20:07:50.917+0000][6268][safepoint    ] Leaving safepoint region
[2022-06-16T20:07:50.917+0000][6268][safepoint    ] Total time for which application threads were stopped: 0.0000627 seconds, Stopping threads took: 0.0000187 seconds
[2022-06-16T20:07:50.917+0000][6268][safepoint    ] Application time: 0.0004414 seconds
[2022-06-16T20:07:50.917+0000][6268][safepoint    ] Entering safepoint region: RevokeBias
[2022-06-16T20:07:50.917+0000][6268][safepoint    ] Leaving safepoint region
[2022-06-16T20:07:50.917+0000][6268][safepoint    ] Total time for which application threads were stopped: 0.0000860 seconds, Stopping threads took: 0.0000241 seconds
[2022-06-16T20:07:50.924+0000][6268][safepoint    ] Application time: 0.0066542 seconds
[2022-06-16T20:07:50.924+0000][6268][safepoint    ] Entering safepoint region: RevokeBias
[2022-06-16T20:07:50.924+0000][6268][safepoint    ] Leaving safepoint region
[2022-06-16T20:07:50.924+0000][6268][safepoint    ] Total time for which application threads were stopped: 0.0000939 seconds, Stopping threads took: 0.0000264 seconds
[2022-06-16T20:07:50.924+0000][6268][safepoint    ] Application time: 0.0000160 seconds
[2022-06-16T20:07:50.924+0000][6268][safepoint    ] Entering safepoint region: RevokeBias
[2022-06-16T20:07:50.924+0000][6268][safepoint    ] Leaving safepoint region
[2022-06-16T20:07:50.924+0000][6268][safepoint    ] Total time for which application threads were stopped: 0.0000646 seconds, Stopping threads took: 0.0000200 seconds
[2022-06-16T20:07:50.924+0000][6268][safepoint    ] Application time: 0.0000116 seconds
[2022-06-16T20:07:50.924+0000][6268][safepoint    ] Entering safepoint region: RevokeBias
[2022-06-16T20:07:50.924+0000][6268][safepoint    ] Leaving safepoint region
[2022-06-16T20:07:50.925+0000][6268][safepoint    ] Total time for which application threads were stopped: 0.0000648 seconds, Stopping threads took: 0.0000189 seconds
[2022-06-16T20:07:50.925+0000][6268][safepoint    ] Application time: 0.0004871 seconds
[2022-06-16T20:07:50.925+0000][6268][safepoint    ] Entering safepoint region: RevokeBias
[2022-06-16T20:07:50.925+0000][6268][safepoint    ] Leaving safepoint region
[2022-06-16T20:07:50.925+0000][6268][safepoint    ] Total time for which application threads were stopped: 0.0000858 seconds, Stopping threads took: 0.0000247 seconds
[2022-06-16T20:07:50.925+0000][6268][safepoint    ] Application time: 0.0000170 seconds
[2022-06-16T20:07:50.925+0000][6268][safepoint    ] Entering safepoint region: RevokeBias
[2022-06-16T20:07:50.925+0000][6268][safepoint    ] Leaving safepoint region
[2022-06-16T20:07:50.925+0000][6268][safepoint    ] Total time for which application threads were stopped: 0.0000592 seconds, Stopping threads took: 0.0000191 seconds
[2022-06-16T20:07:51.014+0000][6268][safepoint    ] Application time: 0.0890432 seconds
[2022-06-16T20:07:51.015+0000][6268][safepoint    ] Entering safepoint region: RevokeBias
[2022-06-16T20:07:51.015+0000][6268][safepoint    ] Leaving safepoint region
[2022-06-16T20:07:51.015+0000][6268][safepoint    ] Total time for which application threads were stopped: 0.0008099 seconds, Stopping threads took: 0.0007093 seconds
[2022-06-16T20:07:51.015+0000][6268][safepoint    ] Application time: 0.0001779 seconds
[2022-06-16T20:07:51.015+0000][6268][safepoint    ] Entering safepoint region: RevokeBias
[2022-06-16T20:07:51.015+0000][6268][safepoint    ] Leaving safepoint region
[2022-06-16T20:07:51.015+0000][6268][safepoint    ] Total time for which application threads were stopped: 0.0000905 seconds, Stopping threads took: 0.0000236 seconds
[2022-06-16T20:07:51.016+0000][6268][safepoint    ] Application time: 0.0000643 seconds
[2022-06-16T20:07:51.016+0000][6268][safepoint    ] Entering safepoint region: RevokeBias
[2022-06-16T20:07:51.016+0000][6268][safepoint    ] Leaving safepoint region
[2022-06-16T20:07:51.016+0000][6268][safepoint    ] Total time for which application threads were stopped: 0.0000723 seconds, Stopping threads took: 0.0000207 seconds
[2022-06-16T20:07:51.016+0000][6268][safepoint    ] Application time: 0.0000183 seconds
[2022-06-16T20:07:51.016+0000][6268][safepoint    ] Entering safepoint region: RevokeBias
[2022-06-16T20:07:51.016+0000][6268][safepoint    ] Leaving safepoint region
[2022-06-16T20:07:51.016+0000][6268][safepoint    ] Total time for which application threads were stopped: 0.0000769 seconds, Stopping threads took: 0.0000274 seconds
[2022-06-16T20:07:51.016+0000][6268][safepoint    ] Application time: 0.0000145 seconds
[2022-06-16T20:07:51.016+0000][6268][safepoint    ] Entering safepoint region: RevokeBias
[2022-06-16T20:07:51.016+0000][6268][safepoint    ] Leaving safepoint region
[2022-06-16T20:07:51.016+0000][6268][safepoint    ] Total time for which application threads were stopped: 0.0000649 seconds, Stopping threads took: 0.0000197 seconds
[2022-06-16T20:07:51.016+0000][6268][safepoint    ] Application time: 0.0000153 seconds
[2022-06-16T20:07:51.016+0000][6268][safepoint    ] Entering safepoint region: RevokeBias
[2022-06-16T20:07:51.016+0000][6268][safepoint    ] Leaving safepoint region
[2022-06-16T20:07:51.016+0000][6268][safepoint    ] Total time for which application threads were stopped: 0.0000639 seconds, Stopping threads took: 0.0000200 seconds
[2022-06-16T20:07:51.016+0000][6268][safepoint    ] Application time: 0.0000148 seconds
[2022-06-16T20:07:51.016+0000][6268][safepoint    ] Entering safepoint region: RevokeBias
[2022-06-16T20:07:51.016+0000][6268][safepoint    ] Leaving safepoint region
[2022-06-16T20:07:51.016+0000][6268][safepoint    ] Total time for which application threads were stopped: 0.0000634 seconds, Stopping threads took: 0.0000196 seconds
[2022-06-16T20:07:51.016+0000][6268][safepoint    ] Application time: 0.0000134 seconds
[2022-06-16T20:07:51.016+0000][6268][safepoint    ] Entering safepoint region: RevokeBias
[2022-06-16T20:07:51.016+0000][6268][safepoint    ] Leaving safepoint region
[2022-06-16T20:07:51.016+0000][6268][safepoint    ] Total time for which application threads were stopped: 0.0000631 seconds, Stopping threads took: 0.0000198 seconds
[2022-06-16T20:07:51.065+0000][6268][safepoint    ] Application time: 0.0483599 seconds
[2022-06-16T20:07:51.065+0000][6268][safepoint    ] Entering safepoint region: RevokeBias
[2022-06-16T20:07:51.065+0000][6268][safepoint    ] Leaving safepoint region
[2022-06-16T20:07:51.065+0000][6268][safepoint    ] Total time for which application threads were stopped: 0.0001157 seconds, Stopping threads took: 0.0000297 seconds
[2022-06-16T20:07:51.075+0000][6268][safepoint    ] Application time: 0.0099965 seconds
[2022-06-16T20:07:51.075+0000][6268][safepoint    ] Entering safepoint region: RevokeBias
[2022-06-16T20:07:51.075+0000][6268][safepoint    ] Leaving safepoint region
[2022-06-16T20:07:51.075+0000][6268][safepoint    ] Total time for which application threads were stopped: 0.0005917 seconds, Stopping threads took: 0.0004901 seconds
[2022-06-16T20:07:51.076+0000][6268][safepoint    ] Application time: 0.0000464 seconds
[2022-06-16T20:07:51.076+0000][6268][safepoint    ] Entering safepoint region: BulkRevokeBias
[2022-06-16T20:07:51.076+0000][6268][safepoint    ] Leaving safepoint region
[2022-06-16T20:07:51.076+0000][6268][safepoint    ] Total time for which application threads were stopped: 0.0004745 seconds, Stopping threads took: 0.0000216 seconds
[2022-06-16T20:07:51.076+0000][6268][safepoint    ] Application time: 0.0000294 seconds
[2022-06-16T20:07:51.076+0000][6268][safepoint    ] Entering safepoint region: RevokeBias
[2022-06-16T20:07:51.076+0000][6268][safepoint    ] Leaving safepoint region
[2022-06-16T20:07:51.076+0000][6268][safepoint    ] Total time for which application threads were stopped: 0.0000894 seconds, Stopping threads took: 0.0000238 seconds
[2022-06-16T20:07:51.077+0000][6268][safepoint    ] Application time: 0.0009621 seconds
[2022-06-16T20:07:51.077+0000][6268][safepoint    ] Entering safepoint region: RevokeBias
[2022-06-16T20:07:51.077+0000][6268][safepoint    ] Leaving safepoint region
[2022-06-16T20:07:51.077+0000][6268][safepoint    ] Total time for which application threads were stopped: 0.0000876 seconds, Stopping threads took: 0.0000269 seconds
[2022-06-16T20:07:51.262+0000][6268][safepoint    ] Application time: 0.1842739 seconds
[2022-06-16T20:07:51.262+0000][6268][safepoint    ] Entering safepoint region: RevokeBias
[2022-06-16T20:07:51.262+0000][6268][safepoint    ] Leaving safepoint region
[2022-06-16T20:07:51.262+0000][6268][safepoint    ] Total time for which application threads were stopped: 0.0001407 seconds, Stopping threads took: 0.0000364 seconds
[2022-06-16T20:07:51.262+0000][6268][safepoint    ] Application time: 0.0000301 seconds
[2022-06-16T20:07:51.262+0000][6268][safepoint    ] Entering safepoint region: RevokeBias
[2022-06-16T20:07:51.262+0000][6268][safepoint    ] Leaving safepoint region
[2022-06-16T20:07:51.262+0000][6268][safepoint    ] Total time for which application threads were stopped: 0.0000725 seconds, Stopping threads took: 0.0000215 seconds
[2022-06-16T20:07:51.306+0000][6268][safepoint    ] Application time: 0.0440171 seconds
[2022-06-16T20:07:51.306+0000][6268][safepoint    ] Entering safepoint region: BulkRevokeBias
[2022-06-16T20:07:51.307+0000][6268][safepoint    ] Leaving safepoint region
[2022-06-16T20:07:51.307+0000][6268][safepoint    ] Total time for which application threads were stopped: 0.0004773 seconds, Stopping threads took: 0.0000286 seconds
[2022-06-16T20:07:51.386+0000][6268][safepoint    ] Application time: 0.0793328 seconds
[2022-06-16T20:07:51.386+0000][6268][safepoint    ] Entering safepoint region: RevokeBias
[2022-06-16T20:07:51.386+0000][6268][safepoint    ] Leaving safepoint region
[2022-06-16T20:07:51.386+0000][6268][safepoint    ] Total time for which application threads were stopped: 0.0001233 seconds, Stopping threads took: 0.0000293 seconds
[2022-06-16T20:07:51.425+0000][6268][safepoint    ] Application time: 0.0390496 seconds
[2022-06-16T20:07:51.425+0000][6268][safepoint    ] Entering safepoint region: RevokeBias
[2022-06-16T20:07:51.425+0000][6268][safepoint    ] Leaving safepoint region
[2022-06-16T20:07:51.425+0000][6268][safepoint    ] Total time for which application threads were stopped: 0.0001223 seconds, Stopping threads took: 0.0000298 seconds
[2022-06-16T20:07:51.426+0000][6268][safepoint    ] Application time: 0.0006697 seconds
[2022-06-16T20:07:51.426+0000][6268][safepoint    ] Entering safepoint region: RevokeBias
[2022-06-16T20:07:51.426+0000][6268][safepoint    ] Leaving safepoint region
[2022-06-16T20:07:51.426+0000][6268][safepoint    ] Total time for which application threads were stopped: 0.0001120 seconds, Stopping threads took: 0.0000256 seconds
[2022-06-16T20:07:51.463+0000][6268][safepoint    ] Application time: 0.0364020 seconds
[2022-06-16T20:07:51.463+0000][6268][safepoint    ] Entering safepoint region: RevokeBias
[2022-06-16T20:07:51.463+0000][6268][safepoint    ] Leaving safepoint region
[2022-06-16T20:07:51.463+0000][6268][safepoint    ] Total time for which application threads were stopped: 0.0001234 seconds, Stopping threads took: 0.0000303 seconds
[2022-06-16T20:07:51.711+0000][6268][safepoint    ] Application time: 0.2483021 seconds
[2022-06-16T20:07:51.729+0000][6268][safepoint    ] Entering safepoint region: RevokeBias
[2022-06-16T20:07:51.730+0000][6268][safepoint    ] Leaving safepoint region
[2022-06-16T20:07:51.730+0000][6268][safepoint    ] Total time for which application threads were stopped: 0.0183727 seconds, Stopping threads took: 0.0182070 seconds
[2022-06-16T20:07:51.752+0000][6268][safepoint    ] Application time: 0.0222051 seconds
[2022-06-16T20:07:51.752+0000][6268][safepoint    ] Entering safepoint region: RevokeBias
[2022-06-16T20:07:51.752+0000][6268][safepoint    ] Leaving safepoint region
[2022-06-16T20:07:51.752+0000][6268][safepoint    ] Total time for which application threads were stopped: 0.0001533 seconds, Stopping threads took: 0.0000298 seconds
[2022-06-16T20:07:51.753+0000][6268][safepoint    ] Application time: 0.0010196 seconds
[2022-06-16T20:07:51.753+0000][6268][safepoint    ] Entering safepoint region: RevokeBias
[2022-06-16T20:07:51.753+0000][6268][safepoint    ] Leaving safepoint region
[2022-06-16T20:07:51.753+0000][6268][safepoint    ] Total time for which application threads were stopped: 0.0001989 seconds, Stopping threads took: 0.0000958 seconds
[2022-06-16T20:07:51.766+0000][6268][safepoint    ] Application time: 0.0128892 seconds
[2022-06-16T20:07:51.766+0000][6268][safepoint    ] Entering safepoint region: RevokeBias
[2022-06-16T20:07:51.766+0000][6268][safepoint    ] Leaving safepoint region
[2022-06-16T20:07:51.766+0000][6268][safepoint    ] Total time for which application threads were stopped: 0.0001388 seconds, Stopping threads took: 0.0000348 seconds
[2022-06-16T20:07:51.771+0000][6268][safepoint    ] Application time: 0.0048223 seconds
[2022-06-16T20:07:51.771+0000][6268][safepoint    ] Entering safepoint region: RevokeBias
[2022-06-16T20:07:51.771+0000][6268][safepoint    ] Leaving safepoint region
[2022-06-16T20:07:51.771+0000][6268][safepoint    ] Total time for which application threads were stopped: 0.0001520 seconds, Stopping threads took: 0.0000594 seconds
[2022-06-16T20:07:51.822+0000][6268][safepoint    ] Application time: 0.0504303 seconds
[2022-06-16T20:07:51.822+0000][6268][safepoint    ] Entering safepoint region: RevokeBias
[2022-06-16T20:07:51.822+0000][6268][safepoint    ] Leaving safepoint region
[2022-06-16T20:07:51.822+0000][6268][safepoint    ] Total time for which application threads were stopped: 0.0001398 seconds, Stopping threads took: 0.0000274 seconds
[2022-06-16T20:07:51.845+0000][6268][safepoint    ] Application time: 0.0230598 seconds
[2022-06-16T20:07:51.845+0000][6268][safepoint    ] Entering safepoint region: RevokeBias
[2022-06-16T20:07:51.845+0000][6268][safepoint    ] Leaving safepoint region
[2022-06-16T20:07:51.845+0000][6268][safepoint    ] Total time for which application threads were stopped: 0.0001613 seconds, Stopping threads took: 0.0000385 seconds
[2022-06-16T20:07:51.906+0000][6268][safepoint    ] Application time: 0.0609050 seconds
[2022-06-16T20:07:51.911+0000][6268][safepoint    ] Entering safepoint region: RevokeBias
[2022-06-16T20:07:51.911+0000][6268][safepoint    ] Leaving safepoint region
[2022-06-16T20:07:51.911+0000][6268][safepoint    ] Total time for which application threads were stopped: 0.0045898 seconds, Stopping threads took: 0.0044546 seconds
[2022-06-16T20:07:51.957+0000][6268][safepoint    ] Application time: 0.0461035 seconds
[2022-06-16T20:07:51.969+0000][6268][safepoint    ] Entering safepoint region: RevokeBias
[2022-06-16T20:07:51.970+0000][6268][safepoint    ] Leaving safepoint region
[2022-06-16T20:07:51.970+0000][6268][safepoint    ] Total time for which application threads were stopped: 0.0125414 seconds, Stopping threads took: 0.0123934 seconds
[2022-06-16T20:07:51.983+0000][6268][safepoint    ] Application time: 0.0136669 seconds
[2022-06-16T20:07:52.012+0000][6268][safepoint    ] Entering safepoint region: RevokeBias
[2022-06-16T20:07:52.012+0000][6268][safepoint    ] Leaving safepoint region
[2022-06-16T20:07:52.012+0000][6268][safepoint    ] Total time for which application threads were stopped: 0.0289151 seconds, Stopping threads took: 0.0287990 seconds
[2022-06-16T20:07:52.064+0000][6268][safepoint    ] Application time: 0.0517112 seconds
[2022-06-16T20:07:52.068+0000][6268][safepoint    ] Entering safepoint region: RevokeBias
[2022-06-16T20:07:52.068+0000][6268][safepoint    ] Leaving safepoint region
[2022-06-16T20:07:52.068+0000][6268][safepoint    ] Total time for which application threads were stopped: 0.0038850 seconds, Stopping threads took: 0.0037463 seconds
[2022-06-16T20:07:52.080+0000][6268][safepoint    ] Application time: 0.0125422 seconds
[2022-06-16T20:07:52.081+0000][6268][safepoint    ] Entering safepoint region: RevokeBias
[2022-06-16T20:07:52.081+0000][6268][safepoint    ] Leaving safepoint region
[2022-06-16T20:07:52.081+0000][6268][safepoint    ] Total time for which application threads were stopped: 0.0001307 seconds, Stopping threads took: 0.0000263 seconds
[2022-06-16T20:07:52.096+0000][6268][safepoint    ] Application time: 0.0151169 seconds
[2022-06-16T20:07:52.096+0000][6268][safepoint    ] Entering safepoint region: RevokeBias
[2022-06-16T20:07:52.096+0000][6268][safepoint    ] Leaving safepoint region
[2022-06-16T20:07:52.097+0000][6268][safepoint    ] Total time for which application threads were stopped: 0.0006860 seconds, Stopping threads took: 0.0005795 seconds
[2022-06-16T20:07:52.131+0000][6268][safepoint    ] Application time: 0.0349198 seconds
[2022-06-16T20:07:52.132+0000][6268][safepoint    ] Entering safepoint region: RevokeBias
[2022-06-16T20:07:52.132+0000][6268][safepoint    ] Leaving safepoint region
[2022-06-16T20:07:52.132+0000][6268][safepoint    ] Total time for which application threads were stopped: 0.0001789 seconds, Stopping threads took: 0.0000654 seconds
[2022-06-16T20:07:52.133+0000][6268][safepoint    ] Application time: 0.0011535 seconds
[2022-06-16T20:07:52.133+0000][6268][safepoint    ] Entering safepoint region: RevokeBias
[2022-06-16T20:07:52.133+0000][6268][safepoint    ] Leaving safepoint region
[2022-06-16T20:07:52.133+0000][6268][safepoint    ] Total time for which application threads were stopped: 0.0004719 seconds, Stopping threads took: 0.0003485 seconds
[2022-06-16T20:07:52.186+0000][6268][safepoint    ] Application time: 0.0526574 seconds
[2022-06-16T20:07:52.186+0000][6268][safepoint    ] Entering safepoint region: RevokeBias
[2022-06-16T20:07:52.186+0000][6268][safepoint    ] Leaving safepoint region
[2022-06-16T20:07:52.186+0000][6268][safepoint    ] Total time for which application threads were stopped: 0.0001346 seconds, Stopping threads took: 0.0000312 seconds
[2022-06-16T20:07:52.198+0000][6268][safepoint    ] Application time: 0.0118073 seconds
[2022-06-16T20:07:52.198+0000][6268][safepoint    ] Entering safepoint region: RevokeBias
[2022-06-16T20:07:52.198+0000][6268][safepoint    ] Leaving safepoint region
[2022-06-16T20:07:52.198+0000][6268][safepoint    ] Total time for which application threads were stopped: 0.0001352 seconds, Stopping threads took: 0.0000313 seconds
[2022-06-16T20:07:52.363+0000][6268][safepoint    ] Application time: 0.1644815 seconds
[2022-06-16T20:07:52.363+0000][6268][safepoint    ] Entering safepoint region: RevokeBias
[2022-06-16T20:07:52.363+0000][6268][safepoint    ] Leaving safepoint region
[2022-06-16T20:07:52.363+0000][6268][safepoint    ] Total time for which application threads were stopped: 0.0001601 seconds, Stopping threads took: 0.0000287 seconds
[2022-06-16T20:07:52.375+0000][6268][safepoint    ] Application time: 0.0119522 seconds
[2022-06-16T20:07:52.375+0000][6268][safepoint    ] Entering safepoint region: RevokeBias
[2022-06-16T20:07:52.375+0000][6268][safepoint    ] Leaving safepoint region
[2022-06-16T20:07:52.375+0000][6268][safepoint    ] Total time for which application threads were stopped: 0.0001367 seconds, Stopping threads took: 0.0000310 seconds
[2022-06-16T20:07:52.381+0000][6268][safepoint    ] Application time: 0.0054169 seconds
[2022-06-16T20:07:52.381+0000][6268][safepoint    ] Entering safepoint region: RevokeBias
[2022-06-16T20:07:52.381+0000][6268][safepoint    ] Leaving safepoint region
[2022-06-16T20:07:52.381+0000][6268][safepoint    ] Total time for which application threads were stopped: 0.0001292 seconds, Stopping threads took: 0.0000281 seconds
[2022-06-16T20:07:52.512+0000][6268][safepoint    ] Application time: 0.1315693 seconds
[2022-06-16T20:07:52.512+0000][6268][safepoint    ] Entering safepoint region: RevokeBias
[2022-06-16T20:07:52.513+0000][6268][safepoint    ] Leaving safepoint region
[2022-06-16T20:07:52.513+0000][6268][safepoint    ] Total time for which application threads were stopped: 0.0001836 seconds, Stopping threads took: 0.0000318 seconds
[2022-06-16T20:07:52.514+0000][6268][safepoint    ] Application time: 0.0012682 seconds
[2022-06-16T20:07:52.514+0000][6268][safepoint    ] Entering safepoint region: RevokeBias
[2022-06-16T20:07:52.514+0000][6268][safepoint    ] Leaving safepoint region
[2022-06-16T20:07:52.514+0000][6268][safepoint    ] Total time for which application threads were stopped: 0.0001217 seconds, Stopping threads took: 0.0000262 seconds
[2022-06-16T20:07:52.514+0000][6268][safepoint    ] Application time: 0.0000397 seconds
[2022-06-16T20:07:52.514+0000][6268][safepoint    ] Entering safepoint region: RevokeBias
[2022-06-16T20:07:52.514+0000][6268][safepoint    ] Leaving safepoint region
[2022-06-16T20:07:52.514+0000][6268][safepoint    ] Total time for which application threads were stopped: 0.0000827 seconds, Stopping threads took: 0.0000202 seconds
[2022-06-16T20:07:52.514+0000][6268][safepoint    ] Application time: 0.0000140 seconds
[2022-06-16T20:07:52.514+0000][6268][safepoint    ] Entering safepoint region: RevokeBias
[2022-06-16T20:07:52.514+0000][6268][safepoint    ] Leaving safepoint region
[2022-06-16T20:07:52.514+0000][6268][safepoint    ] Total time for which application threads were stopped: 0.0000698 seconds, Stopping threads took: 0.0000193 seconds
[2022-06-16T20:07:52.514+0000][6268][safepoint    ] Application time: 0.0000120 seconds
[2022-06-16T20:07:52.514+0000][6268][safepoint    ] Entering safepoint region: RevokeBias
[2022-06-16T20:07:52.514+0000][6268][safepoint    ] Leaving safepoint region
[2022-06-16T20:07:52.514+0000][6268][safepoint    ] Total time for which application threads were stopped: 0.0000702 seconds, Stopping threads took: 0.0000197 seconds
[2022-06-16T20:07:52.535+0000][6268][safepoint    ] Application time: 0.0202262 seconds
[2022-06-16T20:07:52.535+0000][6268][safepoint    ] Entering safepoint region: RevokeBias
[2022-06-16T20:07:52.535+0000][6268][safepoint    ] Leaving safepoint region
[2022-06-16T20:07:52.535+0000][6268][safepoint    ] Total time for which application threads were stopped: 0.0001539 seconds, Stopping threads took: 0.0000347 seconds
[2022-06-16T20:07:52.535+0000][6268][safepoint    ] Application time: 0.0000767 seconds
[2022-06-16T20:07:52.535+0000][6268][safepoint    ] Entering safepoint region: RevokeBias
[2022-06-16T20:07:52.535+0000][6268][safepoint    ] Leaving safepoint region
[2022-06-16T20:07:52.535+0000][6268][safepoint    ] Total time for which application threads were stopped: 0.0001025 seconds, Stopping threads took: 0.0000219 seconds
[2022-06-16T20:07:52.535+0000][6268][safepoint    ] Application time: 0.0000365 seconds
[2022-06-16T20:07:52.535+0000][6268][safepoint    ] Entering safepoint region: RevokeBias
[2022-06-16T20:07:52.535+0000][6268][safepoint    ] Leaving safepoint region
[2022-06-16T20:07:52.535+0000][6268][safepoint    ] Total time for which application threads were stopped: 0.0000775 seconds, Stopping threads took: 0.0000199 seconds
[2022-06-16T20:07:52.535+0000][6268][safepoint    ] Application time: 0.0000146 seconds
[2022-06-16T20:07:52.535+0000][6268][safepoint    ] Entering safepoint region: RevokeBias
[2022-06-16T20:07:52.535+0000][6268][safepoint    ] Leaving safepoint region
[2022-06-16T20:07:52.535+0000][6268][safepoint    ] Total time for which application threads were stopped: 0.0000714 seconds, Stopping threads took: 0.0000190 seconds
[2022-06-16T20:07:52.535+0000][6268][safepoint    ] Application time: 0.0000131 seconds
[2022-06-16T20:07:52.535+0000][6268][safepoint    ] Entering safepoint region: RevokeBias
[2022-06-16T20:07:52.535+0000][6268][safepoint    ] Leaving safepoint region
[2022-06-16T20:07:52.535+0000][6268][safepoint    ] Total time for which application threads were stopped: 0.0000689 seconds, Stopping threads took: 0.0000188 seconds
[2022-06-16T20:07:52.535+0000][6268][safepoint    ] Application time: 0.0000117 seconds
[2022-06-16T20:07:52.535+0000][6268][safepoint    ] Entering safepoint region: RevokeBias
[2022-06-16T20:07:52.536+0000][6268][safepoint    ] Leaving safepoint region
[2022-06-16T20:07:52.536+0000][6268][safepoint    ] Total time for which application threads were stopped: 0.0001048 seconds, Stopping threads took: 0.0000314 seconds
[2022-06-16T20:07:52.536+0000][6268][safepoint    ] Application time: 0.0000572 seconds
[2022-06-16T20:07:52.536+0000][6268][safepoint    ] Entering safepoint region: RevokeBias
[2022-06-16T20:07:52.536+0000][6268][safepoint    ] Leaving safepoint region
[2022-06-16T20:07:52.536+0000][6268][safepoint    ] Total time for which application threads were stopped: 0.0001479 seconds, Stopping threads took: 0.0000691 seconds
[2022-06-16T20:07:52.567+0000][6268][safepoint    ] Application time: 0.0308458 seconds
[2022-06-16T20:07:52.567+0000][6268][safepoint    ] Entering safepoint region: RevokeBias
[2022-06-16T20:07:52.567+0000][6268][safepoint    ] Leaving safepoint region
[2022-06-16T20:07:52.567+0000][6268][safepoint    ] Total time for which application threads were stopped: 0.0002788 seconds, Stopping threads took: 0.0000342 seconds
[2022-06-16T20:07:52.567+0000][6268][safepoint    ] Application time: 0.0001174 seconds
[2022-06-16T20:07:52.567+0000][6268][safepoint    ] Entering safepoint region: RevokeBias
[2022-06-16T20:07:52.567+0000][6268][safepoint    ] Leaving safepoint region
[2022-06-16T20:07:52.567+0000][6268][safepoint    ] Total time for which application threads were stopped: 0.0000925 seconds, Stopping threads took: 0.0000228 seconds
[2022-06-16T20:07:52.567+0000][6268][safepoint    ] Application time: 0.0000317 seconds
[2022-06-16T20:07:52.567+0000][6268][safepoint    ] Entering safepoint region: RevokeBias
[2022-06-16T20:07:52.567+0000][6268][safepoint    ] Leaving safepoint region
[2022-06-16T20:07:52.567+0000][6268][safepoint    ] Total time for which application threads were stopped: 0.0000771 seconds, Stopping threads took: 0.0000198 seconds
[2022-06-16T20:07:52.567+0000][6268][safepoint    ] Application time: 0.0000136 seconds
[2022-06-16T20:07:52.567+0000][6268][safepoint    ] Entering safepoint region: RevokeBias
[2022-06-16T20:07:52.568+0000][6268][safepoint    ] Leaving safepoint region
[2022-06-16T20:07:52.568+0000][6268][safepoint    ] Total time for which application threads were stopped: 0.0000690 seconds, Stopping threads took: 0.0000194 seconds
[2022-06-16T20:07:52.992+0000][6268][safepoint    ] Application time: 0.4245391 seconds
[2022-06-16T20:07:52.992+0000][6268][safepoint    ] Entering safepoint region: RevokeBias
[2022-06-16T20:07:52.992+0000][6268][safepoint    ] Leaving safepoint region
[2022-06-16T20:07:52.992+0000][6268][safepoint    ] Total time for which application threads were stopped: 0.0001414 seconds, Stopping threads took: 0.0000305 seconds
[2022-06-16T20:07:52.992+0000][6268][safepoint    ] Application time: 0.0000456 seconds
[2022-06-16T20:07:52.992+0000][6268][safepoint    ] Entering safepoint region: RevokeBias
[2022-06-16T20:07:52.992+0000][6268][safepoint    ] Leaving safepoint region
[2022-06-16T20:07:52.992+0000][6268][safepoint    ] Total time for which application threads were stopped: 0.0000796 seconds, Stopping threads took: 0.0000195 seconds
[2022-06-16T20:07:52.992+0000][6268][safepoint    ] Application time: 0.0000180 seconds
[2022-06-16T20:07:52.993+0000][6268][safepoint    ] Entering safepoint region: RevokeBias
[2022-06-16T20:07:52.993+0000][6268][safepoint    ] Leaving safepoint region
[2022-06-16T20:07:52.993+0000][6268][safepoint    ] Total time for which application threads were stopped: 0.0000742 seconds, Stopping threads took: 0.0000190 seconds
[2022-06-16T20:07:55.996+0000][6268][safepoint    ] Application time: 3.0026500 seconds
[2022-06-16T20:07:55.996+0000][6268][safepoint    ] Entering safepoint region: Cleanup
[2022-06-16T20:07:55.996+0000][6268][safepoint    ] Leaving safepoint region
[2022-06-16T20:07:55.996+0000][6268][safepoint    ] Total time for which application threads were stopped: 0.0000974 seconds, Stopping threads took: 0.0000211 seconds
[2022-06-16T20:07:56.996+0000][6268][safepoint    ] Application time: 1.0000651 seconds
[2022-06-16T20:07:56.996+0000][6268][safepoint    ] Entering safepoint region: Cleanup
[2022-06-16T20:07:56.996+0000][6268][safepoint    ] Leaving safepoint region
[2022-06-16T20:07:56.996+0000][6268][safepoint    ] Total time for which application threads were stopped: 0.0000989 seconds, Stopping threads took: 0.0000215 seconds
[2022-06-16T20:07:57.997+0000][6268][safepoint    ] Application time: 1.0007378 seconds
[2022-06-16T20:07:57.997+0000][6268][safepoint    ] Entering safepoint region: Cleanup
[2022-06-16T20:07:57.997+0000][6268][safepoint    ] Leaving safepoint region
[2022-06-16T20:07:57.997+0000][6268][safepoint    ] Total time for which application threads were stopped: 0.0000928 seconds, Stopping threads took: 0.0000198 seconds
[2022-06-16T20:08:05.001+0000][6268][safepoint    ] Application time: 7.0042011 seconds
[2022-06-16T20:08:05.002+0000][6268][safepoint    ] Entering safepoint region: Cleanup
[2022-06-16T20:08:05.002+0000][6268][safepoint    ] Leaving safepoint region
[2022-06-16T20:08:05.002+0000][6268][safepoint    ] Total time for which application threads were stopped: 0.0001306 seconds, Stopping threads took: 0.0000299 seconds
[2022-06-16T20:08:08.003+0000][6268][safepoint    ] Application time: 3.0017203 seconds
[2022-06-16T20:08:08.003+0000][6268][safepoint    ] Entering safepoint region: Cleanup
[2022-06-16T20:08:08.003+0000][6268][safepoint    ] Leaving safepoint region
[2022-06-16T20:08:08.003+0000][6268][safepoint    ] Total time for which application threads were stopped: 0.0001745 seconds, Stopping threads took: 0.0000547 seconds
[2022-06-16T20:08:09.004+0000][6268][safepoint    ] Application time: 1.0006637 seconds
[2022-06-16T20:08:09.004+0000][6268][safepoint    ] Entering safepoint region: Cleanup
[2022-06-16T20:08:09.004+0000][6268][safepoint    ] Leaving safepoint region
[2022-06-16T20:08:09.004+0000][6268][safepoint    ] Total time for which application threads were stopped: 0.0001370 seconds, Stopping threads took: 0.0000312 seconds
[2022-06-16T20:08:18.009+0000][6268][safepoint    ] Application time: 9.0045122 seconds
[2022-06-16T20:08:18.009+0000][6268][safepoint    ] Entering safepoint region: Cleanup
[2022-06-16T20:08:18.009+0000][6268][safepoint    ] Leaving safepoint region
[2022-06-16T20:08:18.009+0000][6268][safepoint    ] Total time for which application threads were stopped: 0.0000975 seconds, Stopping threads took: 0.0000196 seconds
[2022-06-16T20:08:20.010+0000][6268][safepoint    ] Application time: 2.0009161 seconds
[2022-06-16T20:08:20.010+0000][6268][safepoint    ] Entering safepoint region: Cleanup
[2022-06-16T20:08:20.010+0000][6268][safepoint    ] Leaving safepoint region
[2022-06-16T20:08:20.010+0000][6268][safepoint    ] Total time for which application threads were stopped: 0.0001116 seconds, Stopping threads took: 0.0000225 seconds
[2022-06-16T20:08:20.376+0000][6268][safepoint    ] Application time: 0.3668225 seconds
[2022-06-16T20:08:20.376+0000][6268][safepoint    ] Entering safepoint region: RevokeBias
[2022-06-16T20:08:20.377+0000][6268][safepoint    ] Leaving safepoint region
[2022-06-16T20:08:20.377+0000][6268][safepoint    ] Total time for which application threads were stopped: 0.0001936 seconds, Stopping threads took: 0.0000794 seconds
[2022-06-16T20:08:20.394+0000][6268][safepoint    ] Application time: 0.0174771 seconds
[2022-06-16T20:08:20.394+0000][6268][safepoint    ] Entering safepoint region: RevokeBias
[2022-06-16T20:08:20.394+0000][6268][safepoint    ] Leaving safepoint region
[2022-06-16T20:08:20.394+0000][6268][safepoint    ] Total time for which application threads were stopped: 0.0001513 seconds, Stopping threads took: 0.0000314 seconds
[2022-06-16T20:08:20.398+0000][6268][safepoint    ] Application time: 0.0039349 seconds
[2022-06-16T20:08:20.398+0000][6268][safepoint    ] Entering safepoint region: RevokeBias
[2022-06-16T20:08:20.398+0000][6268][safepoint    ] Leaving safepoint region
[2022-06-16T20:08:20.398+0000][6268][safepoint    ] Total time for which application threads were stopped: 0.0001458 seconds, Stopping threads took: 0.0000300 seconds
[2022-06-16T20:08:20.400+0000][6268][safepoint    ] Application time: 0.0011515 seconds
[2022-06-16T20:08:20.400+0000][6268][safepoint    ] Entering safepoint region: RevokeBias
[2022-06-16T20:08:20.400+0000][6268][safepoint    ] Leaving safepoint region
[2022-06-16T20:08:20.400+0000][6268][safepoint    ] Total time for which application threads were stopped: 0.0001049 seconds, Stopping threads took: 0.0000265 seconds
[2022-06-16T20:08:20.401+0000][6268][safepoint    ] Application time: 0.0013671 seconds
[2022-06-16T20:08:20.401+0000][6268][safepoint    ] Entering safepoint region: RevokeBias
[2022-06-16T20:08:20.401+0000][6268][safepoint    ] Leaving safepoint region
[2022-06-16T20:08:20.401+0000][6268][safepoint    ] Total time for which application threads were stopped: 0.0000999 seconds, Stopping threads took: 0.0000263 seconds
[2022-06-16T20:08:21.402+0000][6268][safepoint    ] Application time: 0.9998533 seconds
[2022-06-16T20:08:21.402+0000][6268][safepoint    ] Entering safepoint region: Cleanup
[2022-06-16T20:08:21.402+0000][6268][safepoint    ] Leaving safepoint region
[2022-06-16T20:08:21.402+0000][6268][safepoint    ] Total time for which application threads were stopped: 0.0001096 seconds, Stopping threads took: 0.0000221 seconds
[2022-06-16T20:08:21.514+0000][6268][safepoint    ] Application time: 0.1123501 seconds
[2022-06-16T20:08:21.514+0000][6268][safepoint    ] Entering safepoint region: RevokeBias
[2022-06-16T20:08:21.514+0000][6268][safepoint    ] Leaving safepoint region
[2022-06-16T20:08:21.514+0000][6268][safepoint    ] Total time for which application threads were stopped: 0.0001215 seconds, Stopping threads took: 0.0000190 seconds
[2022-06-16T20:08:21.516+0000][6268][safepoint    ] Application time: 0.0019716 seconds
[2022-06-16T20:08:21.516+0000][6268][safepoint    ] Entering safepoint region: RevokeBias
[2022-06-16T20:08:21.516+0000][6268][safepoint    ] Leaving safepoint region
[2022-06-16T20:08:21.516+0000][6268][safepoint    ] Total time for which application threads were stopped: 0.0001271 seconds, Stopping threads took: 0.0000492 seconds
[2022-06-16T20:08:21.516+0000][6268][safepoint    ] Application time: 0.0002926 seconds
[2022-06-16T20:08:21.516+0000][6268][safepoint    ] Entering safepoint region: RevokeBias
[2022-06-16T20:08:21.516+0000][6268][safepoint    ] Leaving safepoint region
[2022-06-16T20:08:21.516+0000][6268][safepoint    ] Total time for which application threads were stopped: 0.0001094 seconds, Stopping threads took: 0.0000405 seconds
[2022-06-16T20:08:21.556+0000][6268][safepoint    ] Application time: 0.0391320 seconds
[2022-06-16T20:08:21.556+0000][6268][safepoint    ] Entering safepoint region: RevokeBias
[2022-06-16T20:08:21.556+0000][6268][safepoint    ] Leaving safepoint region
[2022-06-16T20:08:21.556+0000][6268][safepoint    ] Total time for which application threads were stopped: 0.0008031 seconds, Stopping threads took: 0.0006593 seconds
[2022-06-16T20:08:21.570+0000][6268][safepoint    ] Application time: 0.0133188 seconds
[2022-06-16T20:08:21.570+0000][6268][safepoint    ] Entering safepoint region: RevokeBias
[2022-06-16T20:08:21.570+0000][6268][safepoint    ] Leaving safepoint region
[2022-06-16T20:08:21.570+0000][6268][safepoint    ] Total time for which application threads were stopped: 0.0001681 seconds, Stopping threads took: 0.0000329 seconds
[2022-06-16T20:08:21.574+0000][6268][safepoint    ] Application time: 0.0035549 seconds
[2022-06-16T20:08:21.574+0000][6268][safepoint    ] Entering safepoint region: RevokeBias
[2022-06-16T20:08:21.574+0000][6268][safepoint    ] Leaving safepoint region
[2022-06-16T20:08:21.574+0000][6268][safepoint    ] Total time for which application threads were stopped: 0.0001254 seconds, Stopping threads took: 0.0000290 seconds
[2022-06-16T20:08:21.574+0000][6268][safepoint    ] Application time: 0.0003578 seconds
[2022-06-16T20:08:21.574+0000][6268][safepoint    ] Entering safepoint region: RevokeBias
[2022-06-16T20:08:21.574+0000][6268][safepoint    ] Leaving safepoint region
[2022-06-16T20:08:21.574+0000][6268][safepoint    ] Total time for which application threads were stopped: 0.0001003 seconds, Stopping threads took: 0.0000259 seconds
[2022-06-16T20:08:21.581+0000][6268][safepoint    ] Application time: 0.0067213 seconds
[2022-06-16T20:08:21.581+0000][6268][safepoint    ] Entering safepoint region: RevokeBias
[2022-06-16T20:08:21.581+0000][6268][safepoint    ] Leaving safepoint region
[2022-06-16T20:08:21.581+0000][6268][safepoint    ] Total time for which application threads were stopped: 0.0001107 seconds, Stopping threads took: 0.0000309 seconds
[2022-06-16T20:08:21.581+0000][6268][safepoint    ] Application time: 0.0001911 seconds
[2022-06-16T20:08:21.581+0000][6268][safepoint    ] Entering safepoint region: RevokeBias
[2022-06-16T20:08:21.582+0000][6268][safepoint    ] Leaving safepoint region
[2022-06-16T20:08:21.582+0000][6268][safepoint    ] Total time for which application threads were stopped: 0.0002138 seconds, Stopping threads took: 0.0001293 seconds
[2022-06-16T20:08:21.582+0000][6268][safepoint    ] Application time: 0.0000515 seconds
[2022-06-16T20:08:21.582+0000][6268][safepoint    ] Entering safepoint region: RevokeBias
[2022-06-16T20:08:21.582+0000][6268][safepoint    ] Leaving safepoint region
[2022-06-16T20:08:21.582+0000][6268][safepoint    ] Total time for which application threads were stopped: 0.0001953 seconds, Stopping threads took: 0.0000848 seconds
[2022-06-16T20:08:21.582+0000][6268][safepoint    ] Application time: 0.0000365 seconds
[2022-06-16T20:08:21.582+0000][6268][safepoint    ] Entering safepoint region: RevokeBias
[2022-06-16T20:08:21.582+0000][6268][safepoint    ] Leaving safepoint region
[2022-06-16T20:08:21.582+0000][6268][safepoint    ] Total time for which application threads were stopped: 0.0000815 seconds, Stopping threads took: 0.0000256 seconds
[2022-06-16T20:08:22.583+0000][6268][safepoint    ] Application time: 1.0002159 seconds
[2022-06-16T20:08:22.583+0000][6268][safepoint    ] Entering safepoint region: Cleanup
[2022-06-16T20:08:22.583+0000][6268][safepoint    ] Leaving safepoint region
[2022-06-16T20:08:22.583+0000][6268][safepoint    ] Total time for which application threads were stopped: 0.0001468 seconds, Stopping threads took: 0.0000450 seconds
[2022-06-16T20:08:31.588+0000][6268][safepoint    ] Application time: 9.0050131 seconds
[2022-06-16T20:08:31.588+0000][6268][safepoint    ] Entering safepoint region: Cleanup
[2022-06-16T20:08:31.588+0000][6268][safepoint    ] Leaving safepoint region
[2022-06-16T20:08:31.588+0000][6268][safepoint    ] Total time for which application threads were stopped: 0.0001012 seconds, Stopping threads took: 0.0000216 seconds
[2022-06-16T20:08:33.589+0000][6268][safepoint    ] Application time: 2.0000668 seconds
[2022-06-16T20:08:33.589+0000][6268][safepoint    ] Entering safepoint region: Cleanup
[2022-06-16T20:08:33.589+0000][6268][safepoint    ] Leaving safepoint region
[2022-06-16T20:08:33.589+0000][6268][safepoint    ] Total time for which application threads were stopped: 0.0001041 seconds, Stopping threads took: 0.0000215 seconds
[2022-06-16T20:08:35.589+0000][6268][safepoint    ] Application time: 2.0001997 seconds
[2022-06-16T20:08:35.589+0000][6268][safepoint    ] Entering safepoint region: Cleanup
[2022-06-16T20:08:35.589+0000][6268][safepoint    ] Leaving safepoint region
[2022-06-16T20:08:35.589+0000][6268][safepoint    ] Total time for which application threads were stopped: 0.0001035 seconds, Stopping threads took: 0.0000221 seconds
[2022-06-16T20:08:38.590+0000][6268][safepoint    ] Application time: 3.0004618 seconds
[2022-06-16T20:08:38.590+0000][6268][safepoint    ] Entering safepoint region: Cleanup
[2022-06-16T20:08:38.590+0000][6268][safepoint    ] Leaving safepoint region
[2022-06-16T20:08:38.590+0000][6268][safepoint    ] Total time for which application threads were stopped: 0.0001103 seconds, Stopping threads took: 0.0000225 seconds
[2022-06-16T20:08:40.591+0000][6268][safepoint    ] Application time: 2.0014678 seconds
[2022-06-16T20:08:40.591+0000][6268][safepoint    ] Entering safepoint region: Cleanup
[2022-06-16T20:08:40.591+0000][6268][safepoint    ] Leaving safepoint region
[2022-06-16T20:08:40.591+0000][6268][safepoint    ] Total time for which application threads were stopped: 0.0001078 seconds, Stopping threads took: 0.0000220 seconds
[2022-06-16T20:08:41.594+0000][6268][safepoint    ] Application time: 1.0033649 seconds
[2022-06-16T20:08:41.594+0000][6268][safepoint    ] Entering safepoint region: Cleanup
[2022-06-16T20:08:41.594+0000][6268][safepoint    ] Leaving safepoint region
[2022-06-16T20:08:41.594+0000][6268][safepoint    ] Total time for which application threads were stopped: 0.0001313 seconds, Stopping threads took: 0.0000360 seconds
[2022-06-16T20:08:44.106+0000][6268][safepoint    ] Application time: 2.5120823 seconds
[2022-06-16T20:08:44.106+0000][6268][safepoint    ] Entering safepoint region: RevokeBias
[2022-06-16T20:08:44.106+0000][6268][safepoint    ] Leaving safepoint region
[2022-06-16T20:08:44.106+0000][6268][safepoint    ] Total time for which application threads were stopped: 0.0001381 seconds, Stopping threads took: 0.0000344 seconds
[2022-06-16T20:08:48.248+0000][6268][safepoint    ] Application time: 4.1413737 seconds
[2022-06-16T20:08:48.385+0000][6268][safepoint    ] Entering safepoint region: RevokeBias
[2022-06-16T20:08:48.385+0000][6268][safepoint    ] Leaving safepoint region
[2022-06-16T20:08:48.385+0000][6268][safepoint    ] Total time for which application threads were stopped: 0.1368971 seconds, Stopping threads took: 0.1367694 seconds
[2022-06-16T20:08:49.928+0000][6268][safepoint    ] Application time: 1.5422713 seconds
[2022-06-16T20:08:49.928+0000][6268][safepoint    ] Entering safepoint region: RevokeBias
[2022-06-16T20:08:49.928+0000][6268][safepoint    ] Leaving safepoint region
[2022-06-16T20:08:49.928+0000][6268][safepoint    ] Total time for which application threads were stopped: 0.0001462 seconds, Stopping threads took: 0.0000333 seconds
[2022-06-16T20:08:49.928+0000][6268][safepoint    ] Application time: 0.0000528 seconds
[2022-06-16T20:08:49.928+0000][6268][safepoint    ] Entering safepoint region: RevokeBias
[2022-06-16T20:08:49.928+0000][6268][safepoint    ] Leaving safepoint region
[2022-06-16T20:08:49.928+0000][6268][safepoint    ] Total time for which application threads were stopped: 0.0001254 seconds, Stopping threads took: 0.0000455 seconds
[2022-06-16T20:08:49.928+0000][6268][safepoint    ] Application time: 0.0001522 seconds
[2022-06-16T20:08:49.928+0000][6268][safepoint    ] Entering safepoint region: RevokeBias
[2022-06-16T20:08:49.928+0000][6268][safepoint    ] Leaving safepoint region
[2022-06-16T20:08:49.928+0000][6268][safepoint    ] Total time for which application threads were stopped: 0.0001055 seconds, Stopping threads took: 0.0000230 seconds
[2022-06-16T20:08:49.929+0000][6268][safepoint    ] Application time: 0.0002879 seconds
[2022-06-16T20:08:49.929+0000][6268][safepoint    ] Entering safepoint region: RevokeBias
[2022-06-16T20:08:49.929+0000][6268][safepoint    ] Leaving safepoint region
[2022-06-16T20:08:49.929+0000][6268][safepoint    ] Total time for which application threads were stopped: 0.0001050 seconds, Stopping threads took: 0.0000284 seconds
[2022-06-16T20:08:49.929+0000][6268][safepoint    ] Application time: 0.0001714 seconds
[2022-06-16T20:08:49.929+0000][6268][safepoint    ] Entering safepoint region: RevokeBias
[2022-06-16T20:08:49.929+0000][6268][safepoint    ] Leaving safepoint region
[2022-06-16T20:08:49.929+0000][6268][safepoint    ] Total time for which application threads were stopped: 0.0000893 seconds, Stopping threads took: 0.0000207 seconds
[2022-06-16T20:08:49.929+0000][6268][safepoint    ] Application time: 0.0001592 seconds
[2022-06-16T20:08:49.929+0000][6268][safepoint    ] Entering safepoint region: RevokeBias
[2022-06-16T20:08:49.929+0000][6268][safepoint    ] Leaving safepoint region
[2022-06-16T20:08:49.929+0000][6268][safepoint    ] Total time for which application threads were stopped: 0.0000912 seconds, Stopping threads took: 0.0000205 seconds
[2022-06-16T20:08:49.930+0000][6268][safepoint    ] Application time: 0.0001473 seconds
[2022-06-16T20:08:49.930+0000][6268][safepoint    ] Entering safepoint region: RevokeBias
[2022-06-16T20:08:49.930+0000][6268][safepoint    ] Leaving safepoint region
[2022-06-16T20:08:49.930+0000][6268][safepoint    ] Total time for which application threads were stopped: 0.0000852 seconds, Stopping threads took: 0.0000197 seconds
[2022-06-16T20:08:49.930+0000][6268][safepoint    ] Application time: 0.0001331 seconds
[2022-06-16T20:08:49.930+0000][6268][safepoint    ] Entering safepoint region: RevokeBias
[2022-06-16T20:08:49.930+0000][6268][safepoint    ] Leaving safepoint region
[2022-06-16T20:08:49.930+0000][6268][safepoint    ] Total time for which application threads were stopped: 0.0000785 seconds, Stopping threads took: 0.0000183 seconds
[2022-06-16T20:08:49.930+0000][6268][safepoint    ] Application time: 0.0001423 seconds
[2022-06-16T20:08:49.930+0000][6268][safepoint    ] Entering safepoint region: RevokeBias
[2022-06-16T20:08:49.930+0000][6268][safepoint    ] Leaving safepoint region
[2022-06-16T20:08:49.930+0000][6268][safepoint    ] Total time for which application threads were stopped: 0.0000750 seconds, Stopping threads took: 0.0000175 seconds
[2022-06-16T20:08:49.956+0000][6268][safepoint    ] Application time: 0.0255013 seconds
[2022-06-16T20:08:49.956+0000][6268][safepoint    ] Entering safepoint region: RevokeBias
[2022-06-16T20:08:49.956+0000][6268][safepoint    ] Leaving safepoint region
[2022-06-16T20:08:49.956+0000][6268][safepoint    ] Total time for which application threads were stopped: 0.0001304 seconds, Stopping threads took: 0.0000358 seconds
[2022-06-16T20:08:50.157+0000][6268][safepoint    ] Application time: 0.2013099 seconds
[2022-06-16T20:08:50.158+0000][6268][safepoint    ] Entering safepoint region: RevokeBias
[2022-06-16T20:08:50.158+0000][6268][safepoint    ] Leaving safepoint region
[2022-06-16T20:08:50.158+0000][6268][safepoint    ] Total time for which application threads were stopped: 0.0005470 seconds, Stopping threads took: 0.0004353 seconds
[2022-06-16T20:08:50.194+0000][6268][safepoint    ] Application time: 0.0356107 seconds
[2022-06-16T20:08:50.194+0000][6268][safepoint    ] Entering safepoint region: RevokeBias
[2022-06-16T20:08:50.194+0000][6268][safepoint    ] Leaving safepoint region
[2022-06-16T20:08:50.194+0000][6268][safepoint    ] Total time for which application threads were stopped: 0.0001440 seconds, Stopping threads took: 0.0000390 seconds
[2022-06-16T20:08:50.431+0000][6268][safepoint    ] Application time: 0.2374574 seconds
[2022-06-16T20:08:50.432+0000][6268][safepoint    ] Entering safepoint region: RevokeBias
[2022-06-16T20:08:50.432+0000][6268][safepoint    ] Leaving safepoint region
[2022-06-16T20:08:50.432+0000][6268][safepoint    ] Total time for which application threads were stopped: 0.0006613 seconds, Stopping threads took: 0.0005201 seconds
[2022-06-16T20:08:50.434+0000][6268][safepoint    ] Application time: 0.0018280 seconds
[2022-06-16T20:08:50.434+0000][6268][safepoint    ] Entering safepoint region: RevokeBias
[2022-06-16T20:08:50.434+0000][6268][safepoint    ] Leaving safepoint region
[2022-06-16T20:08:50.434+0000][6268][safepoint    ] Total time for which application threads were stopped: 0.0002313 seconds, Stopping threads took: 0.0001267 seconds
[2022-06-16T20:08:51.435+0000][6268][safepoint    ] Application time: 1.0004815 seconds
[2022-06-16T20:08:51.435+0000][6268][safepoint    ] Entering safepoint region: Cleanup
[2022-06-16T20:08:51.435+0000][6268][safepoint    ] Leaving safepoint region
[2022-06-16T20:08:51.435+0000][6268][safepoint    ] Total time for which application threads were stopped: 0.0001459 seconds, Stopping threads took: 0.0000344 seconds
[2022-06-16T20:08:52.436+0000][6268][safepoint    ] Application time: 1.0007601 seconds
[2022-06-16T20:08:52.436+0000][6268][safepoint    ] Entering safepoint region: Cleanup
[2022-06-16T20:08:52.436+0000][6268][safepoint    ] Leaving safepoint region
[2022-06-16T20:08:52.436+0000][6268][safepoint    ] Total time for which application threads were stopped: 0.0001099 seconds, Stopping threads took: 0.0000264 seconds
[2022-06-16T20:08:53.436+0000][6268][safepoint    ] Application time: 0.9998145 seconds
[2022-06-16T20:08:53.436+0000][6268][safepoint    ] Entering safepoint region: Cleanup
[2022-06-16T20:08:53.436+0000][6268][safepoint    ] Leaving safepoint region
[2022-06-16T20:08:53.436+0000][6268][safepoint    ] Total time for which application threads were stopped: 0.0001272 seconds, Stopping threads took: 0.0000350 seconds
[2022-06-16T20:08:57.438+0000][6268][safepoint    ] Application time: 4.0019777 seconds
[2022-06-16T20:08:57.438+0000][6268][safepoint    ] Entering safepoint region: Cleanup
[2022-06-16T20:08:57.438+0000][6268][safepoint    ] Leaving safepoint region
[2022-06-16T20:08:57.438+0000][6268][safepoint    ] Total time for which application threads were stopped: 0.0001441 seconds, Stopping threads took: 0.0000259 seconds
[2022-06-16T20:08:58.438+0000][6268][safepoint    ] Application time: 0.9997012 seconds
[2022-06-16T20:08:58.438+0000][6268][safepoint    ] Entering safepoint region: Cleanup
[2022-06-16T20:08:58.438+0000][6268][safepoint    ] Leaving safepoint region
[2022-06-16T20:08:58.438+0000][6268][safepoint    ] Total time for which application threads were stopped: 0.0001203 seconds, Stopping threads took: 0.0000293 seconds
[2022-06-16T20:08:59.438+0000][6268][safepoint    ] Application time: 0.9998069 seconds
[2022-06-16T20:08:59.438+0000][6268][safepoint    ] Entering safepoint region: Cleanup
[2022-06-16T20:08:59.438+0000][6268][safepoint    ] Leaving safepoint region
[2022-06-16T20:08:59.438+0000][6268][safepoint    ] Total time for which application threads were stopped: 0.0001219 seconds, Stopping threads took: 0.0000303 seconds
[2022-06-16T20:09:13.470+0000][6268][safepoint    ] Application time: 14.0317964 seconds
[2022-06-16T20:09:13.650+0000][6268][safepoint    ] Entering safepoint region: Cleanup
[2022-06-16T20:09:13.651+0000][6268][safepoint    ] Leaving safepoint region
[2022-06-16T20:09:13.651+0000][6268][safepoint    ] Total time for which application threads were stopped: 0.1809807 seconds, Stopping threads took: 0.1808780 seconds
[2022-06-16T20:09:14.651+0000][6268][safepoint    ] Application time: 0.9999328 seconds
[2022-06-16T20:09:14.651+0000][6268][safepoint    ] Entering safepoint region: Cleanup
[2022-06-16T20:09:14.651+0000][6268][safepoint    ] Leaving safepoint region
[2022-06-16T20:09:14.651+0000][6268][safepoint    ] Total time for which application threads were stopped: 0.0001141 seconds, Stopping threads took: 0.0000278 seconds
[2022-06-16T20:09:15.656+0000][6268][safepoint    ] Application time: 1.0058580 seconds
[2022-06-16T20:09:15.751+0000][6268][safepoint    ] Entering safepoint region: Cleanup
[2022-06-16T20:09:15.751+0000][6268][safepoint    ] Leaving safepoint region
[2022-06-16T20:09:15.751+0000][6268][safepoint    ] Total time for which application threads were stopped: 0.0958511 seconds, Stopping threads took: 0.0957487 seconds
[2022-06-16T20:09:16.666+0000][6268][safepoint    ] Application time: 0.9145933 seconds
[2022-06-16T20:09:16.666+0000][6268][safepoint    ] Entering safepoint region: RevokeBias
[2022-06-16T20:09:16.666+0000][6268][safepoint    ] Leaving safepoint region
[2022-06-16T20:09:16.666+0000][6268][safepoint    ] Total time for which application threads were stopped: 0.0001347 seconds, Stopping threads took: 0.0000311 seconds
[2022-06-16T20:09:16.669+0000][6268][safepoint    ] Application time: 0.0028820 seconds
[2022-06-16T20:09:16.669+0000][6268][safepoint    ] Entering safepoint region: RevokeBias
[2022-06-16T20:09:16.669+0000][6268][safepoint    ] Leaving safepoint region
[2022-06-16T20:09:16.669+0000][6268][safepoint    ] Total time for which application threads were stopped: 0.0001052 seconds, Stopping threads took: 0.0000279 seconds
[2022-06-16T20:09:16.677+0000][6268][safepoint    ] Application time: 0.0074830 seconds
[2022-06-16T20:09:16.677+0000][6268][safepoint    ] Entering safepoint region: RevokeBias
[2022-06-16T20:09:16.677+0000][6268][safepoint    ] Leaving safepoint region
[2022-06-16T20:09:16.677+0000][6268][safepoint    ] Total time for which application threads were stopped: 0.0001137 seconds, Stopping threads took: 0.0000274 seconds
[2022-06-16T20:09:16.715+0000][6268][safepoint    ] Application time: 0.0376986 seconds
[2022-06-16T20:09:16.715+0000][6268][safepoint    ] Entering safepoint region: Deoptimize
[2022-06-16T20:09:16.716+0000][6268][safepoint    ] Leaving safepoint region
[2022-06-16T20:09:16.716+0000][6268][safepoint    ] Total time for which application threads were stopped: 0.0009239 seconds, Stopping threads took: 0.0000254 seconds
[2022-06-16T20:09:16.820+0000][6268][safepoint    ] Application time: 0.1043602 seconds
[2022-06-16T20:09:16.820+0000][6268][safepoint    ] Entering safepoint region: RevokeBias
[2022-06-16T20:09:16.820+0000][6268][safepoint    ] Leaving safepoint region
[2022-06-16T20:09:16.820+0000][6268][safepoint    ] Total time for which application threads were stopped: 0.0001150 seconds, Stopping threads took: 0.0000270 seconds
[2022-06-16T20:09:17.834+0000][6268][safepoint    ] Application time: 1.0139522 seconds
[2022-06-16T20:09:17.834+0000][6268][safepoint    ] Entering safepoint region: Cleanup
[2022-06-16T20:09:17.834+0000][6268][safepoint    ] Leaving safepoint region
[2022-06-16T20:09:17.834+0000][6268][safepoint    ] Total time for which application threads were stopped: 0.0001461 seconds, Stopping threads took: 0.0000295 seconds
[2022-06-16T20:09:18.582+0000][6268][safepoint    ] Application time: 0.7479328 seconds
[2022-06-16T20:09:18.582+0000][6268][safepoint    ] Entering safepoint region: BulkRevokeBias
[2022-06-16T20:09:18.583+0000][6268][safepoint    ] Leaving safepoint region
[2022-06-16T20:09:18.583+0000][6268][safepoint    ] Total time for which application threads were stopped: 0.0006188 seconds, Stopping threads took: 0.0000523 seconds
[2022-06-16T20:09:19.584+0000][6268][safepoint    ] Application time: 1.0004661 seconds
[2022-06-16T20:09:19.707+0000][6268][safepoint    ] Entering safepoint region: Cleanup
[2022-06-16T20:09:19.707+0000][6268][safepoint    ] Leaving safepoint region
[2022-06-16T20:09:19.707+0000][6268][safepoint    ] Total time for which application threads were stopped: 0.1236704 seconds, Stopping threads took: 0.1235659 seconds
[2022-06-16T20:09:20.517+0000][6268][safepoint    ] Application time: 0.8097033 seconds
[2022-06-16T20:09:20.534+0000][6268][safepoint    ] Entering safepoint region: RevokeBias
[2022-06-16T20:09:20.534+0000][6268][safepoint    ] Leaving safepoint region
[2022-06-16T20:09:20.534+0000][6268][safepoint    ] Total time for which application threads were stopped: 0.0167458 seconds, Stopping threads took: 0.0165886 seconds
[2022-06-16T20:09:20.537+0000][6268][safepoint    ] Application time: 0.0035025 seconds
[2022-06-16T20:09:20.538+0000][6268][safepoint    ] Entering safepoint region: RevokeBias
[2022-06-16T20:09:20.538+0000][6268][safepoint    ] Leaving safepoint region
[2022-06-16T20:09:20.538+0000][6268][safepoint    ] Total time for which application threads were stopped: 0.0004748 seconds, Stopping threads took: 0.0003882 seconds
[2022-06-16T20:09:21.539+0000][6268][safepoint    ] Application time: 1.0006218 seconds
[2022-06-16T20:09:21.539+0000][6268][safepoint    ] Entering safepoint region: Cleanup
[2022-06-16T20:09:21.539+0000][6268][safepoint    ] Leaving safepoint region
[2022-06-16T20:09:21.539+0000][6268][safepoint    ] Total time for which application threads were stopped: 0.0001150 seconds, Stopping threads took: 0.0000298 seconds
[2022-06-16T20:09:22.556+0000][6268][safepoint    ] Application time: 1.0175268 seconds
[2022-06-16T20:09:22.556+0000][6268][safepoint    ] Entering safepoint region: Cleanup
[2022-06-16T20:09:22.556+0000][6268][safepoint    ] Leaving safepoint region
[2022-06-16T20:09:22.556+0000][6268][safepoint    ] Total time for which application threads were stopped: 0.0001258 seconds, Stopping threads took: 0.0000302 seconds
[2022-06-16T20:09:23.292+0000][6268][safepoint    ] Application time: 0.7358545 seconds
[2022-06-16T20:09:23.292+0000][6268][safepoint    ] Entering safepoint region: RevokeBias
[2022-06-16T20:09:23.292+0000][6268][safepoint    ] Leaving safepoint region
[2022-06-16T20:09:23.293+0000][6268][safepoint    ] Total time for which application threads were stopped: 0.0001339 seconds, Stopping threads took: 0.0000306 seconds
[2022-06-16T20:09:23.293+0000][6268][safepoint    ] Application time: 0.0007191 seconds
[2022-06-16T20:09:23.293+0000][6268][safepoint    ] Entering safepoint region: RevokeBias
[2022-06-16T20:09:23.293+0000][6268][safepoint    ] Leaving safepoint region
[2022-06-16T20:09:23.293+0000][6268][safepoint    ] Total time for which application threads were stopped: 0.0000857 seconds, Stopping threads took: 0.0000231 seconds
[2022-06-16T20:09:23.565+0000][6268][safepoint    ] Application time: 0.2720650 seconds
[2022-06-16T20:09:23.566+0000][6268][safepoint    ] Entering safepoint region: Deoptimize
[2022-06-16T20:09:23.566+0000][6268][safepoint    ] Leaving safepoint region
[2022-06-16T20:09:23.566+0000][6268][safepoint    ] Total time for which application threads were stopped: 0.0008805 seconds, Stopping threads took: 0.0000196 seconds
[2022-06-16T20:09:23.586+0000][6268][safepoint    ] Application time: 0.0195968 seconds
[2022-06-16T20:09:23.586+0000][6268][safepoint    ] Entering safepoint region: RevokeBias
[2022-06-16T20:09:23.586+0000][6268][safepoint    ] Leaving safepoint region
[2022-06-16T20:09:23.586+0000][6268][safepoint    ] Total time for which application threads were stopped: 0.0000836 seconds, Stopping threads took: 0.0000173 seconds
[2022-06-16T20:09:23.586+0000][6268][safepoint    ] Application time: 0.0000171 seconds
[2022-06-16T20:09:23.586+0000][6268][safepoint    ] Entering safepoint region: RevokeBias
[2022-06-16T20:09:23.586+0000][6268][safepoint    ] Leaving safepoint region
[2022-06-16T20:09:23.586+0000][6268][safepoint    ] Total time for which application threads were stopped: 0.0000347 seconds, Stopping threads took: 0.0000109 seconds
[2022-06-16T20:09:23.624+0000][6268][safepoint    ] Application time: 0.0379810 seconds
[2022-06-16T20:09:23.624+0000][6268][safepoint    ] Entering safepoint region: RevokeBias
[2022-06-16T20:09:23.624+0000][6268][safepoint    ] Leaving safepoint region
[2022-06-16T20:09:23.624+0000][6268][safepoint    ] Total time for which application threads were stopped: 0.0001002 seconds, Stopping threads took: 0.0000295 seconds
[2022-06-16T20:09:23.626+0000][6268][safepoint    ] Application time: 0.0014786 seconds
[2022-06-16T20:09:23.626+0000][6268][safepoint    ] Entering safepoint region: RevokeBias
[2022-06-16T20:09:23.626+0000][6268][safepoint    ] Leaving safepoint region
[2022-06-16T20:09:23.626+0000][6268][safepoint    ] Total time for which application threads were stopped: 0.0001267 seconds, Stopping threads took: 0.0000274 seconds
[2022-06-16T20:09:23.631+0000][6268][safepoint    ] Application time: 0.0050227 seconds
[2022-06-16T20:09:23.631+0000][6268][safepoint    ] Entering safepoint region: RevokeBias
[2022-06-16T20:09:23.631+0000][6268][safepoint    ] Leaving safepoint region
[2022-06-16T20:09:23.631+0000][6268][safepoint    ] Total time for which application threads were stopped: 0.0000975 seconds, Stopping threads took: 0.0000269 seconds
[2022-06-16T20:09:23.638+0000][6268][safepoint    ] Application time: 0.0068669 seconds
[2022-06-16T20:09:23.638+0000][6268][safepoint    ] Entering safepoint region: RevokeBias
[2022-06-16T20:09:23.638+0000][6268][safepoint    ] Leaving safepoint region
[2022-06-16T20:09:23.638+0000][6268][safepoint    ] Total time for which application threads were stopped: 0.0000885 seconds, Stopping threads took: 0.0000243 seconds
[2022-06-16T20:09:23.638+0000][6268][safepoint    ] Application time: 0.0000162 seconds
[2022-06-16T20:09:23.638+0000][6268][safepoint    ] Entering safepoint region: RevokeBias
[2022-06-16T20:09:23.638+0000][6268][safepoint    ] Leaving safepoint region
[2022-06-16T20:09:23.638+0000][6268][safepoint    ] Total time for which application threads were stopped: 0.0000665 seconds, Stopping threads took: 0.0000196 seconds
[2022-06-16T20:09:23.640+0000][6268][safepoint    ] Application time: 0.0019658 seconds
[2022-06-16T20:09:23.640+0000][6268][safepoint    ] Entering safepoint region: RevokeBias
[2022-06-16T20:09:23.640+0000][6268][safepoint    ] Leaving safepoint region
[2022-06-16T20:09:23.640+0000][6268][safepoint    ] Total time for which application threads were stopped: 0.0000898 seconds, Stopping threads took: 0.0000277 seconds
[2022-06-16T20:09:23.642+0000][6268][safepoint    ] Application time: 0.0017227 seconds
[2022-06-16T20:09:23.642+0000][6268][safepoint    ] Entering safepoint region: RevokeBias
[2022-06-16T20:09:23.642+0000][6268][safepoint    ] Leaving safepoint region
[2022-06-16T20:09:23.642+0000][6268][safepoint    ] Total time for which application threads were stopped: 0.0000905 seconds, Stopping threads took: 0.0000250 seconds
[2022-06-16T20:09:23.758+0000][6268][safepoint    ] Application time: 0.1156295 seconds
[2022-06-16T20:09:23.758+0000][6268][safepoint    ] Entering safepoint region: RevokeBias
[2022-06-16T20:09:23.758+0000][6268][safepoint    ] Leaving safepoint region
[2022-06-16T20:09:23.758+0000][6268][safepoint    ] Total time for which application threads were stopped: 0.0001791 seconds, Stopping threads took: 0.0000286 seconds
[2022-06-16T20:09:23.761+0000][6268][safepoint    ] Application time: 0.0029743 seconds
[2022-06-16T20:09:23.761+0000][6268][safepoint    ] Entering safepoint region: RevokeBias
[2022-06-16T20:09:23.761+0000][6268][safepoint    ] Leaving safepoint region
[2022-06-16T20:09:23.761+0000][6268][safepoint    ] Total time for which application threads were stopped: 0.0000771 seconds, Stopping threads took: 0.0000152 seconds
[2022-06-16T20:09:23.765+0000][6268][safepoint    ] Application time: 0.0035655 seconds
[2022-06-16T20:09:23.765+0000][6268][safepoint    ] Entering safepoint region: RevokeBias
[2022-06-16T20:09:23.765+0000][6268][safepoint    ] Leaving safepoint region
[2022-06-16T20:09:23.765+0000][6268][safepoint    ] Total time for which application threads were stopped: 0.0000847 seconds, Stopping threads took: 0.0000356 seconds
[2022-06-16T20:09:23.765+0000][6268][safepoint    ] Application time: 0.0001721 seconds
[2022-06-16T20:09:23.765+0000][6268][safepoint    ] Entering safepoint region: RevokeBias
[2022-06-16T20:09:23.765+0000][6268][safepoint    ] Leaving safepoint region
[2022-06-16T20:09:23.765+0000][6268][safepoint    ] Total time for which application threads were stopped: 0.0000560 seconds, Stopping threads took: 0.0000131 seconds
[2022-06-16T20:09:23.769+0000][6268][safepoint    ] Application time: 0.0038190 seconds
[2022-06-16T20:09:23.769+0000][6268][safepoint    ] Entering safepoint region: RevokeBias
[2022-06-16T20:09:23.769+0000][6268][safepoint    ] Leaving safepoint region
[2022-06-16T20:09:23.769+0000][6268][safepoint    ] Total time for which application threads were stopped: 0.0001645 seconds, Stopping threads took: 0.0000563 seconds
[2022-06-16T20:09:24.781+0000][6268][safepoint    ] Application time: 1.0117327 seconds
[2022-06-16T20:09:24.781+0000][6268][safepoint    ] Entering safepoint region: Cleanup
[2022-06-16T20:09:24.781+0000][6268][safepoint    ] Leaving safepoint region
[2022-06-16T20:09:24.781+0000][6268][safepoint    ] Total time for which application threads were stopped: 0.0001096 seconds, Stopping threads took: 0.0000266 seconds
[2022-06-16T20:09:30.800+0000][6268][safepoint    ] Application time: 6.0186037 seconds
[2022-06-16T20:09:30.800+0000][6268][safepoint    ] Entering safepoint region: Cleanup
[2022-06-16T20:09:30.800+0000][6268][safepoint    ] Leaving safepoint region
[2022-06-16T20:09:30.800+0000][6268][safepoint    ] Total time for which application threads were stopped: 0.0000968 seconds, Stopping threads took: 0.0000229 seconds
[2022-06-16T20:09:34.831+0000][6268][safepoint    ] Application time: 4.0311588 seconds
[2022-06-16T20:09:34.831+0000][6268][safepoint    ] Entering safepoint region: Cleanup
[2022-06-16T20:09:34.831+0000][6268][safepoint    ] Leaving safepoint region
[2022-06-16T20:09:34.831+0000][6268][safepoint    ] Total time for which application threads were stopped: 0.0000934 seconds, Stopping threads took: 0.0000217 seconds
[2022-06-16T20:09:37.858+0000][6268][safepoint    ] Application time: 3.0277195 seconds
[2022-06-16T20:09:37.858+0000][6268][safepoint    ] Entering safepoint region: Cleanup
[2022-06-16T20:09:37.858+0000][6268][safepoint    ] Leaving safepoint region
[2022-06-16T20:09:37.858+0000][6268][safepoint    ] Total time for which application threads were stopped: 0.0001249 seconds, Stopping threads took: 0.0000310 seconds
[2022-06-16T20:09:39.858+0000][6268][safepoint    ] Application time: 1.9979984 seconds
[2022-06-16T20:09:39.858+0000][6268][safepoint    ] Entering safepoint region: Cleanup
[2022-06-16T20:09:39.858+0000][6268][safepoint    ] Leaving safepoint region
[2022-06-16T20:09:39.858+0000][6268][safepoint    ] Total time for which application threads were stopped: 0.0001151 seconds, Stopping threads took: 0.0000274 seconds
[2022-06-16T20:09:44.108+0000][6268][safepoint    ] Application time: 4.2505675 seconds
[2022-06-16T20:09:44.108+0000][6268][safepoint    ] Entering safepoint region: RevokeBias
[2022-06-16T20:09:44.108+0000][6268][safepoint    ] Leaving safepoint region
[2022-06-16T20:09:44.108+0000][6268][safepoint    ] Total time for which application threads were stopped: 0.0000970 seconds, Stopping threads took: 0.0000190 seconds
[2022-06-16T20:09:45.121+0000][6268][safepoint    ] Application time: 1.0125348 seconds
[2022-06-16T20:09:45.121+0000][6268][safepoint    ] Entering safepoint region: Cleanup
[2022-06-16T20:09:45.121+0000][6268][safepoint    ] Leaving safepoint region
[2022-06-16T20:09:45.121+0000][6268][safepoint    ] Total time for which application threads were stopped: 0.0000933 seconds, Stopping threads took: 0.0000221 seconds
[2022-06-16T20:09:46.131+0000][6268][safepoint    ] Application time: 1.0097578 seconds
[2022-06-16T20:09:46.131+0000][6268][safepoint    ] Entering safepoint region: Cleanup
[2022-06-16T20:09:46.131+0000][6268][safepoint    ] Leaving safepoint region
[2022-06-16T20:09:46.131+0000][6268][safepoint    ] Total time for which application threads were stopped: 0.0000956 seconds, Stopping threads took: 0.0000236 seconds
[2022-06-16T20:09:49.154+0000][6268][safepoint    ] Application time: 3.0228636 seconds
[2022-06-16T20:09:49.154+0000][6268][safepoint    ] Entering safepoint region: Cleanup
[2022-06-16T20:09:49.154+0000][6268][safepoint    ] Leaving safepoint region
[2022-06-16T20:09:49.154+0000][6268][safepoint    ] Total time for which application threads were stopped: 0.0000905 seconds, Stopping threads took: 0.0000209 seconds
[2022-06-16T20:09:50.541+0000][6268][safepoint    ] Application time: 1.3881106 seconds
[2022-06-16T20:09:50.541+0000][6268][safepoint    ] Entering safepoint region: RevokeBias
[2022-06-16T20:09:50.541+0000][6268][safepoint    ] Leaving safepoint region
[2022-06-16T20:09:50.541+0000][6268][safepoint    ] Total time for which application threads were stopped: 0.0001163 seconds, Stopping threads took: 0.0000243 seconds
[2022-06-16T20:09:50.541+0000][6268][safepoint    ] Application time: 0.0002419 seconds
[2022-06-16T20:09:50.541+0000][6268][safepoint    ] Entering safepoint region: RevokeBias
[2022-06-16T20:09:50.541+0000][6268][safepoint    ] Leaving safepoint region
[2022-06-16T20:09:50.541+0000][6268][safepoint    ] Total time for which application threads were stopped: 0.0000574 seconds, Stopping threads took: 0.0000139 seconds
[2022-06-16T20:09:50.541+0000][6268][safepoint    ] Application time: 0.0011813 seconds
[2022-06-16T20:09:50.541+0000][6268][safepoint    ] Entering safepoint region: RevokeBias
[2022-06-16T20:09:50.541+0000][6268][safepoint    ] Leaving safepoint region
[2022-06-16T20:09:50.541+0000][6268][safepoint    ] Total time for which application threads were stopped: 0.0000589 seconds, Stopping threads took: 0.0000141 seconds
[2022-06-16T20:09:50.541+0000][6268][safepoint    ] Application time: 0.0001078 seconds
[2022-06-16T20:09:50.541+0000][6268][safepoint    ] Entering safepoint region: RevokeBias
[2022-06-16T20:09:50.541+0000][6268][safepoint    ] Leaving safepoint region
[2022-06-16T20:09:50.541+0000][6268][safepoint    ] Total time for which application threads were stopped: 0.0000552 seconds, Stopping threads took: 0.0000123 seconds
[2022-06-16T20:09:51.556+0000][6268][safepoint    ] Application time: 1.0117528 seconds
[2022-06-16T20:09:51.556+0000][6268][safepoint    ] Entering safepoint region: Cleanup
[2022-06-16T20:09:51.556+0000][6268][safepoint    ] Leaving safepoint region
[2022-06-16T20:09:51.556+0000][6268][safepoint    ] Total time for which application threads were stopped: 0.0004852 seconds, Stopping threads took: 0.0003746 seconds
[2022-06-16T20:09:52.569+0000][6268][safepoint    ] Application time: 1.0121344 seconds
[2022-06-16T20:09:52.569+0000][6268][safepoint    ] Entering safepoint region: Cleanup
[2022-06-16T20:09:52.569+0000][6268][safepoint    ] Leaving safepoint region
[2022-06-16T20:09:52.569+0000][6268][safepoint    ] Total time for which application threads were stopped: 0.0001000 seconds, Stopping threads took: 0.0000207 seconds
[2022-06-16T20:09:57.592+0000][6268][safepoint    ] Application time: 5.0229471 seconds
[2022-06-16T20:09:57.592+0000][6268][safepoint    ] Entering safepoint region: Cleanup
[2022-06-16T20:09:57.592+0000][6268][safepoint    ] Leaving safepoint region
[2022-06-16T20:09:57.592+0000][6268][safepoint    ] Total time for which application threads were stopped: 0.0001245 seconds, Stopping threads took: 0.0000290 seconds
[2022-06-16T20:10:01.618+0000][6268][safepoint    ] Application time: 4.0260259 seconds
[2022-06-16T20:10:01.618+0000][6268][safepoint    ] Entering safepoint region: Cleanup
[2022-06-16T20:10:01.618+0000][6268][safepoint    ] Leaving safepoint region
[2022-06-16T20:10:01.618+0000][6268][safepoint    ] Total time for which application threads were stopped: 0.0001634 seconds, Stopping threads took: 0.0000301 seconds
[2022-06-16T20:10:02.626+0000][6268][safepoint    ] Application time: 1.0073336 seconds
[2022-06-16T20:10:02.626+0000][6268][safepoint    ] Entering safepoint region: Cleanup
[2022-06-16T20:10:02.626+0000][6268][safepoint    ] Leaving safepoint region
[2022-06-16T20:10:02.626+0000][6268][safepoint    ] Total time for which application threads were stopped: 0.0001280 seconds, Stopping threads took: 0.0000319 seconds
[2022-06-16T20:10:10.677+0000][6268][safepoint    ] Application time: 8.0504741 seconds
[2022-06-16T20:10:10.677+0000][6268][safepoint    ] Entering safepoint region: Cleanup
[2022-06-16T20:10:10.677+0000][6268][safepoint    ] Leaving safepoint region
[2022-06-16T20:10:10.677+0000][6268][safepoint    ] Total time for which application threads were stopped: 0.0000952 seconds, Stopping threads took: 0.0000217 seconds
[2022-06-16T20:10:14.710+0000][6268][safepoint    ] Application time: 4.0329164 seconds
[2022-06-16T20:10:14.710+0000][6268][safepoint    ] Entering safepoint region: Cleanup
[2022-06-16T20:10:14.710+0000][6268][safepoint    ] Leaving safepoint region
[2022-06-16T20:10:14.710+0000][6268][safepoint    ] Total time for which application threads were stopped: 0.0001323 seconds, Stopping threads took: 0.0000298 seconds
[2022-06-16T20:10:20.556+0000][6268][safepoint    ] Application time: 5.8465232 seconds
[2022-06-16T20:10:20.556+0000][6268][safepoint    ] Entering safepoint region: RevokeBias
[2022-06-16T20:10:20.556+0000][6268][safepoint    ] Leaving safepoint region
[2022-06-16T20:10:20.556+0000][6268][safepoint    ] Total time for which application threads were stopped: 0.0001664 seconds, Stopping threads took: 0.0000328 seconds
[2022-06-16T20:10:20.556+0000][6268][safepoint    ] Application time: 0.0025278 seconds
[2022-06-16T20:10:20.556+0000][6268][safepoint    ] Entering safepoint region: RevokeBias
[2022-06-16T20:10:20.556+0000][6268][safepoint    ] Leaving safepoint region
[2022-06-16T20:10:20.556+0000][6268][safepoint    ] Total time for which application threads were stopped: 0.0001495 seconds, Stopping threads took: 0.0000307 seconds
[2022-06-16T20:10:22.572+0000][6268][safepoint    ] Application time: 2.0117760 seconds
[2022-06-16T20:10:22.572+0000][6268][safepoint    ] Entering safepoint region: Cleanup
[2022-06-16T20:10:22.572+0000][6268][safepoint    ] Leaving safepoint region
[2022-06-16T20:10:22.572+0000][6268][safepoint    ] Total time for which application threads were stopped: 0.0000976 seconds, Stopping threads took: 0.0000271 seconds
[2022-06-16T20:10:23.587+0000][6268][safepoint    ] Application time: 1.0153021 seconds
[2022-06-16T20:10:23.587+0000][6268][safepoint    ] Entering safepoint region: Cleanup
[2022-06-16T20:10:23.587+0000][6268][safepoint    ] Leaving safepoint region
[2022-06-16T20:10:23.587+0000][6268][safepoint    ] Total time for which application threads were stopped: 0.0000892 seconds, Stopping threads took: 0.0000208 seconds
[2022-06-16T20:10:28.627+0000][6268][safepoint    ] Application time: 5.0395583 seconds
[2022-06-16T20:10:28.627+0000][6268][safepoint    ] Entering safepoint region: Cleanup
[2022-06-16T20:10:28.627+0000][6268][safepoint    ] Leaving safepoint region
[2022-06-16T20:10:28.627+0000][6268][safepoint    ] Total time for which application threads were stopped: 0.0001058 seconds, Stopping threads took: 0.0000320 seconds
[2022-06-16T20:10:29.642+0000][6268][safepoint    ] Application time: 1.0146873 seconds
[2022-06-16T20:10:29.642+0000][6268][safepoint    ] Entering safepoint region: Cleanup
[2022-06-16T20:10:29.642+0000][6268][safepoint    ] Leaving safepoint region
[2022-06-16T20:10:29.642+0000][6268][safepoint    ] Total time for which application threads were stopped: 0.0000981 seconds, Stopping threads took: 0.0000219 seconds
[2022-06-16T20:10:31.663+0000][6268][safepoint    ] Application time: 2.0212718 seconds
[2022-06-16T20:10:31.663+0000][6268][safepoint    ] Entering safepoint region: Cleanup
[2022-06-16T20:10:31.663+0000][6268][safepoint    ] Leaving safepoint region
[2022-06-16T20:10:31.663+0000][6268][safepoint    ] Total time for which application threads were stopped: 0.0000907 seconds, Stopping threads took: 0.0000207 seconds
[2022-06-16T20:10:35.700+0000][6268][safepoint    ] Application time: 4.0368676 seconds
[2022-06-16T20:10:35.700+0000][6268][safepoint    ] Entering safepoint region: Cleanup
[2022-06-16T20:10:35.700+0000][6268][safepoint    ] Leaving safepoint region
[2022-06-16T20:10:35.700+0000][6268][safepoint    ] Total time for which application threads were stopped: 0.0001030 seconds, Stopping threads took: 0.0000323 seconds
[2022-06-16T20:10:45.753+0000][6268][safepoint    ] Application time: 10.0530524 seconds
[2022-06-16T20:10:45.753+0000][6268][safepoint    ] Entering safepoint region: Cleanup
[2022-06-16T20:10:45.753+0000][6268][safepoint    ] Leaving safepoint region
[2022-06-16T20:10:45.753+0000][6268][safepoint    ] Total time for which application threads were stopped: 0.0001223 seconds, Stopping threads took: 0.0000291 seconds
[2022-06-16T20:10:48.768+0000][6268][safepoint    ] Application time: 3.0144857 seconds
[2022-06-16T20:10:48.768+0000][6268][safepoint    ] Entering safepoint region: Cleanup
[2022-06-16T20:10:48.768+0000][6268][safepoint    ] Leaving safepoint region
[2022-06-16T20:10:48.768+0000][6268][safepoint    ] Total time for which application threads were stopped: 0.0000915 seconds, Stopping threads took: 0.0000209 seconds
[2022-06-16T20:10:50.576+0000][6268][safepoint    ] Application time: 1.8082225 seconds
[2022-06-16T20:10:50.576+0000][6268][safepoint    ] Entering safepoint region: RevokeBias
[2022-06-16T20:10:50.576+0000][6268][safepoint    ] Leaving safepoint region
[2022-06-16T20:10:50.576+0000][6268][safepoint    ] Total time for which application threads were stopped: 0.0001857 seconds, Stopping threads took: 0.0000666 seconds
[2022-06-16T20:10:50.576+0000][6268][safepoint    ] Application time: 0.0012558 seconds
[2022-06-16T20:10:50.576+0000][6268][safepoint    ] Entering safepoint region: RevokeBias
[2022-06-16T20:10:50.576+0000][6268][safepoint    ] Leaving safepoint region
[2022-06-16T20:10:50.576+0000][6268][safepoint    ] Total time for which application threads were stopped: 0.0000654 seconds, Stopping threads took: 0.0000144 seconds
[2022-06-16T20:10:52.592+0000][6268][safepoint    ] Application time: 2.0140006 seconds
[2022-06-16T20:10:52.592+0000][6268][safepoint    ] Entering safepoint region: Cleanup
[2022-06-16T20:10:52.592+0000][6268][safepoint    ] Leaving safepoint region
[2022-06-16T20:10:52.592+0000][6268][safepoint    ] Total time for which application threads were stopped: 0.0000963 seconds, Stopping threads took: 0.0000232 seconds
[2022-06-16T20:10:55.631+0000][6268][safepoint    ] Application time: 3.0384486 seconds
[2022-06-16T20:10:55.631+0000][6268][safepoint    ] Entering safepoint region: Cleanup
[2022-06-16T20:10:55.631+0000][6268][safepoint    ] Leaving safepoint region
[2022-06-16T20:10:55.631+0000][6268][safepoint    ] Total time for which application threads were stopped: 0.0001194 seconds, Stopping threads took: 0.0000288 seconds
[2022-06-16T20:10:59.403+0000][6268][safepoint    ] Application time: 3.7722770 seconds
[2022-06-16T20:10:59.403+0000][6268][safepoint    ] Entering safepoint region: RevokeBias
[2022-06-16T20:10:59.403+0000][6268][safepoint    ] Leaving safepoint region
[2022-06-16T20:10:59.403+0000][6268][safepoint    ] Total time for which application threads were stopped: 0.0001427 seconds, Stopping threads took: 0.0000765 seconds
[2022-06-16T20:10:59.404+0000][6268][safepoint    ] Application time: 0.0005291 seconds
[2022-06-16T20:10:59.404+0000][6268][safepoint    ] Entering safepoint region: RevokeBias
[2022-06-16T20:10:59.404+0000][6268][safepoint    ] Leaving safepoint region
[2022-06-16T20:10:59.404+0000][6268][safepoint    ] Total time for which application threads were stopped: 0.0000858 seconds, Stopping threads took: 0.0000357 seconds
[2022-06-16T20:10:59.404+0000][6268][safepoint    ] Application time: 0.0007909 seconds
[2022-06-16T20:10:59.404+0000][6268][safepoint    ] Entering safepoint region: RevokeBias
[2022-06-16T20:10:59.405+0000][6268][safepoint    ] Leaving safepoint region
[2022-06-16T20:10:59.405+0000][6268][safepoint    ] Total time for which application threads were stopped: 0.0000877 seconds, Stopping threads took: 0.0000250 seconds
[2022-06-16T20:10:59.405+0000][6268][safepoint    ] Application time: 0.0003017 seconds
[2022-06-16T20:10:59.405+0000][6268][safepoint    ] Entering safepoint region: RevokeBias
[2022-06-16T20:10:59.405+0000][6268][safepoint    ] Leaving safepoint region
[2022-06-16T20:10:59.405+0000][6268][safepoint    ] Total time for which application threads were stopped: 0.0000774 seconds, Stopping threads took: 0.0000264 seconds
[2022-06-16T20:10:59.405+0000][6268][safepoint    ] Application time: 0.0003213 seconds
[2022-06-16T20:10:59.405+0000][6268][safepoint    ] Entering safepoint region: RevokeBias
[2022-06-16T20:10:59.405+0000][6268][safepoint    ] Leaving safepoint region
[2022-06-16T20:10:59.405+0000][6268][safepoint    ] Total time for which application threads were stopped: 0.0000735 seconds, Stopping threads took: 0.0000366 seconds
[2022-06-16T20:10:59.405+0000][6268][safepoint    ] Application time: 0.0000398 seconds
[2022-06-16T20:10:59.406+0000][6268][safepoint    ] Entering safepoint region: RevokeBias
[2022-06-16T20:10:59.406+0000][6268][safepoint    ] Leaving safepoint region
[2022-06-16T20:10:59.406+0000][6268][safepoint    ] Total time for which application threads were stopped: 0.0000716 seconds, Stopping threads took: 0.0000299 seconds
[2022-06-16T20:10:59.406+0000][6268][safepoint    ] Application time: 0.0000370 seconds
[2022-06-16T20:10:59.406+0000][6268][safepoint    ] Entering safepoint region: RevokeBias
[2022-06-16T20:10:59.406+0000][6268][safepoint    ] Leaving safepoint region
[2022-06-16T20:10:59.406+0000][6268][safepoint    ] Total time for which application threads were stopped: 0.0000541 seconds, Stopping threads took: 0.0000266 seconds
[2022-06-16T20:10:59.406+0000][6268][safepoint    ] Application time: 0.0000367 seconds
[2022-06-16T20:10:59.406+0000][6268][safepoint    ] Entering safepoint region: RevokeBias
[2022-06-16T20:10:59.406+0000][6268][safepoint    ] Leaving safepoint region
[2022-06-16T20:10:59.406+0000][6268][safepoint    ] Total time for which application threads were stopped: 0.0000558 seconds, Stopping threads took: 0.0000205 seconds
[2022-06-16T20:10:59.406+0000][6268][safepoint    ] Application time: 0.0004574 seconds
[2022-06-16T20:10:59.406+0000][6268][safepoint    ] Entering safepoint region: RevokeBias
[2022-06-16T20:10:59.406+0000][6268][safepoint    ] Leaving safepoint region
[2022-06-16T20:10:59.406+0000][6268][safepoint    ] Total time for which application threads were stopped: 0.0000752 seconds, Stopping threads took: 0.0000237 seconds
[2022-06-16T20:10:59.406+0000][6268][safepoint    ] Application time: 0.0000201 seconds
[2022-06-16T20:10:59.406+0000][6268][safepoint    ] Entering safepoint region: RevokeBias
[2022-06-16T20:10:59.407+0000][6268][safepoint    ] Leaving safepoint region
[2022-06-16T20:10:59.407+0000][6268][safepoint    ] Total time for which application threads were stopped: 0.0000588 seconds, Stopping threads took: 0.0000192 seconds
[2022-06-16T20:10:59.407+0000][6268][safepoint    ] Application time: 0.0000225 seconds
[2022-06-16T20:10:59.407+0000][6268][safepoint    ] Entering safepoint region: RevokeBias
[2022-06-16T20:10:59.407+0000][6268][safepoint    ] Leaving safepoint region
[2022-06-16T20:10:59.407+0000][6268][safepoint    ] Total time for which application threads were stopped: 0.0000579 seconds, Stopping threads took: 0.0000196 seconds
[2022-06-16T20:10:59.407+0000][6268][safepoint    ] Application time: 0.0001286 seconds
[2022-06-16T20:10:59.407+0000][6268][safepoint    ] Entering safepoint region: RevokeBias
[2022-06-16T20:10:59.407+0000][6268][safepoint    ] Leaving safepoint region
[2022-06-16T20:10:59.407+0000][6268][safepoint    ] Total time for which application threads were stopped: 0.0000628 seconds, Stopping threads took: 0.0000208 seconds
[2022-06-16T20:10:59.407+0000][6268][safepoint    ] Application time: 0.0000595 seconds
[2022-06-16T20:10:59.407+0000][6268][safepoint    ] Entering safepoint region: RevokeBias
[2022-06-16T20:10:59.407+0000][6268][safepoint    ] Leaving safepoint region
[2022-06-16T20:10:59.407+0000][6268][safepoint    ] Total time for which application threads were stopped: 0.0000589 seconds, Stopping threads took: 0.0000202 seconds
[2022-06-16T20:10:59.407+0000][6268][safepoint    ] Application time: 0.0000136 seconds
[2022-06-16T20:10:59.407+0000][6268][safepoint    ] Entering safepoint region: RevokeBias
[2022-06-16T20:10:59.407+0000][6268][safepoint    ] Leaving safepoint region
[2022-06-16T20:10:59.407+0000][6268][safepoint    ] Total time for which application threads were stopped: 0.0000547 seconds, Stopping threads took: 0.0000190 seconds
[2022-06-16T20:10:59.407+0000][6268][safepoint    ] Application time: 0.0000116 seconds
[2022-06-16T20:10:59.407+0000][6268][safepoint    ] Entering safepoint region: RevokeBias
[2022-06-16T20:10:59.407+0000][6268][safepoint    ] Leaving safepoint region
[2022-06-16T20:10:59.407+0000][6268][safepoint    ] Total time for which application threads were stopped: 0.0000546 seconds, Stopping threads took: 0.0000190 seconds
[2022-06-16T20:10:59.408+0000][6268][safepoint    ] Application time: 0.0004268 seconds
[2022-06-16T20:10:59.408+0000][6268][safepoint    ] Entering safepoint region: RevokeBias
[2022-06-16T20:10:59.408+0000][6268][safepoint    ] Leaving safepoint region
[2022-06-16T20:10:59.408+0000][6268][safepoint    ] Total time for which application threads were stopped: 0.0000678 seconds, Stopping threads took: 0.0000217 seconds
[2022-06-16T20:10:59.408+0000][6268][safepoint    ] Application time: 0.0000150 seconds
[2022-06-16T20:10:59.408+0000][6268][safepoint    ] Entering safepoint region: RevokeBias
[2022-06-16T20:10:59.408+0000][6268][safepoint    ] Leaving safepoint region
[2022-06-16T20:10:59.408+0000][6268][safepoint    ] Total time for which application threads were stopped: 0.0000549 seconds, Stopping threads took: 0.0000191 seconds
[2022-06-16T20:10:59.408+0000][6268][safepoint    ] Application time: 0.0003298 seconds
[2022-06-16T20:10:59.408+0000][6268][safepoint    ] Entering safepoint region: RevokeBias
[2022-06-16T20:10:59.408+0000][6268][safepoint    ] Leaving safepoint region
[2022-06-16T20:10:59.408+0000][6268][safepoint    ] Total time for which application threads were stopped: 0.0000714 seconds, Stopping threads took: 0.0000259 seconds
[2022-06-16T20:10:59.408+0000][6268][safepoint    ] Application time: 0.0000239 seconds
[2022-06-16T20:10:59.408+0000][6268][safepoint    ] Entering safepoint region: RevokeBias
[2022-06-16T20:10:59.408+0000][6268][safepoint    ] Leaving safepoint region
[2022-06-16T20:10:59.408+0000][6268][safepoint    ] Total time for which application threads were stopped: 0.0000566 seconds, Stopping threads took: 0.0000196 seconds
[2022-06-16T20:10:59.408+0000][6268][safepoint    ] Application time: 0.0000220 seconds
[2022-06-16T20:10:59.409+0000][6268][safepoint    ] Entering safepoint region: RevokeBias
[2022-06-16T20:10:59.409+0000][6268][safepoint    ] Leaving safepoint region
[2022-06-16T20:10:59.409+0000][6268][safepoint    ] Total time for which application threads were stopped: 0.0000564 seconds, Stopping threads took: 0.0000192 seconds
[2022-06-16T20:10:59.409+0000][6268][safepoint    ] Application time: 0.0000147 seconds
[2022-06-16T20:10:59.409+0000][6268][safepoint    ] Entering safepoint region: RevokeBias
[2022-06-16T20:10:59.409+0000][6268][safepoint    ] Leaving safepoint region
[2022-06-16T20:10:59.409+0000][6268][safepoint    ] Total time for which application threads were stopped: 0.0000557 seconds, Stopping threads took: 0.0000195 seconds
[2022-06-16T20:10:59.409+0000][6268][safepoint    ] Application time: 0.0000219 seconds
[2022-06-16T20:10:59.409+0000][6268][safepoint    ] Entering safepoint region: RevokeBias
[2022-06-16T20:10:59.409+0000][6268][safepoint    ] Leaving safepoint region
[2022-06-16T20:10:59.409+0000][6268][safepoint    ] Total time for which application threads were stopped: 0.0000554 seconds, Stopping threads took: 0.0000195 seconds
[2022-06-16T20:10:59.409+0000][6268][safepoint    ] Application time: 0.0000304 seconds
[2022-06-16T20:10:59.409+0000][6268][safepoint    ] Entering safepoint region: RevokeBias
[2022-06-16T20:10:59.409+0000][6268][safepoint    ] Leaving safepoint region
[2022-06-16T20:10:59.409+0000][6268][safepoint    ] Total time for which application threads were stopped: 0.0000549 seconds, Stopping threads took: 0.0000188 seconds
[2022-06-16T20:10:59.409+0000][6268][safepoint    ] Application time: 0.0000226 seconds
[2022-06-16T20:10:59.409+0000][6268][safepoint    ] Entering safepoint region: RevokeBias
[2022-06-16T20:10:59.409+0000][6268][safepoint    ] Leaving safepoint region
[2022-06-16T20:10:59.409+0000][6268][safepoint    ] Total time for which application threads were stopped: 0.0000569 seconds, Stopping threads took: 0.0000201 seconds
[2022-06-16T20:10:59.409+0000][6268][safepoint    ] Application time: 0.0004011 seconds
[2022-06-16T20:10:59.409+0000][6268][safepoint    ] Entering safepoint region: RevokeBias
[2022-06-16T20:10:59.410+0000][6268][safepoint    ] Leaving safepoint region
[2022-06-16T20:10:59.410+0000][6268][safepoint    ] Total time for which application threads were stopped: 0.0000662 seconds, Stopping threads took: 0.0000219 seconds
[2022-06-16T20:10:59.410+0000][6268][safepoint    ] Application time: 0.0000431 seconds
[2022-06-16T20:10:59.410+0000][6268][safepoint    ] Entering safepoint region: BulkRevokeBias
[2022-06-16T20:10:59.410+0000][6268][safepoint    ] Leaving safepoint region
[2022-06-16T20:10:59.410+0000][6268][safepoint    ] Total time for which application threads were stopped: 0.0005183 seconds, Stopping threads took: 0.0002906 seconds
[2022-06-16T20:10:59.411+0000][6268][safepoint    ] Application time: 0.0009180 seconds
[2022-06-16T20:10:59.411+0000][6268][safepoint    ] Entering safepoint region: RevokeBias
[2022-06-16T20:10:59.411+0000][6268][safepoint    ] Leaving safepoint region
[2022-06-16T20:10:59.411+0000][6268][safepoint    ] Total time for which application threads were stopped: 0.0000720 seconds, Stopping threads took: 0.0000266 seconds
[2022-06-16T20:10:59.412+0000][6268][safepoint    ] Application time: 0.0003552 seconds
[2022-06-16T20:10:59.412+0000][6268][safepoint    ] Entering safepoint region: RevokeBias
[2022-06-16T20:10:59.412+0000][6268][safepoint    ] Leaving safepoint region
[2022-06-16T20:10:59.412+0000][6268][safepoint    ] Total time for which application threads were stopped: 0.0000736 seconds, Stopping threads took: 0.0000252 seconds
[2022-06-16T20:10:59.415+0000][6268][safepoint    ] Application time: 0.0032926 seconds
[2022-06-16T20:10:59.415+0000][6268][safepoint    ] Entering safepoint region: RevokeBias
[2022-06-16T20:10:59.415+0000][6268][safepoint    ] Leaving safepoint region
[2022-06-16T20:10:59.415+0000][6268][safepoint    ] Total time for which application threads were stopped: 0.0001502 seconds, Stopping threads took: 0.0001085 seconds
[2022-06-16T20:10:59.417+0000][6268][safepoint    ] Application time: 0.0013579 seconds
[2022-06-16T20:10:59.417+0000][6268][safepoint    ] Entering safepoint region: RevokeBias
[2022-06-16T20:10:59.417+0000][6268][safepoint    ] Leaving safepoint region
[2022-06-16T20:10:59.417+0000][6268][safepoint    ] Total time for which application threads were stopped: 0.0000702 seconds, Stopping threads took: 0.0000224 seconds
[2022-06-16T20:10:59.417+0000][6268][safepoint    ] Application time: 0.0000197 seconds
[2022-06-16T20:10:59.417+0000][6268][safepoint    ] Entering safepoint region: RevokeBias
[2022-06-16T20:10:59.417+0000][6268][safepoint    ] Leaving safepoint region
[2022-06-16T20:10:59.417+0000][6268][safepoint    ] Total time for which application threads were stopped: 0.0000490 seconds, Stopping threads took: 0.0000167 seconds
[2022-06-16T20:10:59.417+0000][6268][safepoint    ] Application time: 0.0004192 seconds
[2022-06-16T20:10:59.417+0000][6268][safepoint    ] Entering safepoint region: RevokeBias
[2022-06-16T20:10:59.417+0000][6268][safepoint    ] Leaving safepoint region
[2022-06-16T20:10:59.417+0000][6268][safepoint    ] Total time for which application threads were stopped: 0.0000667 seconds, Stopping threads took: 0.0000229 seconds
[2022-06-16T20:10:59.417+0000][6268][safepoint    ] Application time: 0.0000546 seconds
[2022-06-16T20:10:59.417+0000][6268][safepoint    ] Entering safepoint region: RevokeBias
[2022-06-16T20:10:59.417+0000][6268][safepoint    ] Leaving safepoint region
[2022-06-16T20:10:59.417+0000][6268][safepoint    ] Total time for which application threads were stopped: 0.0000654 seconds, Stopping threads took: 0.0000216 seconds
[2022-06-16T20:10:59.418+0000][6268][safepoint    ] Application time: 0.0008635 seconds
[2022-06-16T20:10:59.418+0000][6268][safepoint    ] Entering safepoint region: RevokeBias
[2022-06-16T20:10:59.418+0000][6268][safepoint    ] Leaving safepoint region
[2022-06-16T20:10:59.418+0000][6268][safepoint    ] Total time for which application threads were stopped: 0.0000739 seconds, Stopping threads took: 0.0000218 seconds
[2022-06-16T20:10:59.420+0000][6268][safepoint    ] Application time: 0.0012595 seconds
[2022-06-16T20:10:59.420+0000][6268][safepoint    ] Entering safepoint region: RevokeBias
[2022-06-16T20:10:59.420+0000][6268][safepoint    ] Leaving safepoint region
[2022-06-16T20:10:59.420+0000][6268][safepoint    ] Total time for which application threads were stopped: 0.0000473 seconds, Stopping threads took: 0.0000133 seconds
[2022-06-16T20:10:59.420+0000][6268][safepoint    ] Application time: 0.0000404 seconds
[2022-06-16T20:10:59.420+0000][6268][safepoint    ] Entering safepoint region: RevokeBias
[2022-06-16T20:10:59.420+0000][6268][safepoint    ] Leaving safepoint region
[2022-06-16T20:10:59.420+0000][6268][safepoint    ] Total time for which application threads were stopped: 0.0000394 seconds, Stopping threads took: 0.0000118 seconds
[2022-06-16T20:10:59.420+0000][6268][safepoint    ] Application time: 0.0000412 seconds
[2022-06-16T20:10:59.420+0000][6268][safepoint    ] Entering safepoint region: RevokeBias
[2022-06-16T20:10:59.420+0000][6268][safepoint    ] Leaving safepoint region
[2022-06-16T20:10:59.420+0000][6268][safepoint    ] Total time for which application threads were stopped: 0.0000417 seconds, Stopping threads took: 0.0000148 seconds
[2022-06-16T20:10:59.420+0000][6268][safepoint    ] Application time: 0.0000406 seconds
[2022-06-16T20:10:59.420+0000][6268][safepoint    ] Entering safepoint region: RevokeBias
[2022-06-16T20:10:59.420+0000][6268][safepoint    ] Leaving safepoint region
[2022-06-16T20:10:59.420+0000][6268][safepoint    ] Total time for which application threads were stopped: 0.0000533 seconds, Stopping threads took: 0.0000286 seconds
[2022-06-16T20:10:59.420+0000][6268][safepoint    ] Application time: 0.0000829 seconds
[2022-06-16T20:10:59.420+0000][6268][safepoint    ] Entering safepoint region: RevokeBias
[2022-06-16T20:10:59.420+0000][6268][safepoint    ] Leaving safepoint region
[2022-06-16T20:10:59.420+0000][6268][safepoint    ] Total time for which application threads were stopped: 0.0000560 seconds, Stopping threads took: 0.0000203 seconds
[2022-06-16T20:10:59.420+0000][6268][safepoint    ] Application time: 0.0000301 seconds
[2022-06-16T20:10:59.420+0000][6268][safepoint    ] Entering safepoint region: RevokeBias
[2022-06-16T20:10:59.420+0000][6268][safepoint    ] Leaving safepoint region
[2022-06-16T20:10:59.420+0000][6268][safepoint    ] Total time for which application threads were stopped: 0.0000362 seconds, Stopping threads took: 0.0000116 seconds
[2022-06-16T20:10:59.427+0000][6268][safepoint    ] Application time: 0.0064311 seconds
[2022-06-16T20:10:59.427+0000][6268][safepoint    ] Entering safepoint region: RevokeBias
[2022-06-16T20:10:59.427+0000][6268][safepoint    ] Leaving safepoint region
[2022-06-16T20:10:59.427+0000][6268][safepoint    ] Total time for which application threads were stopped: 0.0001895 seconds, Stopping threads took: 0.0001527 seconds
[2022-06-16T20:10:59.428+0000][6268][safepoint    ] Application time: 0.0004793 seconds
[2022-06-16T20:10:59.428+0000][6268][safepoint    ] Entering safepoint region: RevokeBias
[2022-06-16T20:10:59.428+0000][6268][safepoint    ] Leaving safepoint region
[2022-06-16T20:10:59.428+0000][6268][safepoint    ] Total time for which application threads were stopped: 0.0000781 seconds, Stopping threads took: 0.0000272 seconds
[2022-06-16T20:10:59.428+0000][6268][safepoint    ] Application time: 0.0000762 seconds
[2022-06-16T20:10:59.428+0000][6268][safepoint    ] Entering safepoint region: RevokeBias
[2022-06-16T20:10:59.428+0000][6268][safepoint    ] Leaving safepoint region
[2022-06-16T20:10:59.428+0000][6268][safepoint    ] Total time for which application threads were stopped: 0.0000717 seconds, Stopping threads took: 0.0000182 seconds
[2022-06-16T20:10:59.428+0000][6268][safepoint    ] Application time: 0.0000584 seconds
[2022-06-16T20:10:59.428+0000][6268][safepoint    ] Entering safepoint region: RevokeBias
[2022-06-16T20:10:59.428+0000][6268][safepoint    ] Leaving safepoint region
[2022-06-16T20:10:59.428+0000][6268][safepoint    ] Total time for which application threads were stopped: 0.0000735 seconds, Stopping threads took: 0.0000215 seconds
[2022-06-16T20:10:59.429+0000][6268][safepoint    ] Application time: 0.0014247 seconds
[2022-06-16T20:10:59.429+0000][6268][safepoint    ] Entering safepoint region: RevokeBias
[2022-06-16T20:10:59.430+0000][6268][safepoint    ] Leaving safepoint region
[2022-06-16T20:10:59.430+0000][6268][safepoint    ] Total time for which application threads were stopped: 0.0001149 seconds, Stopping threads took: 0.0000504 seconds
[2022-06-16T20:10:59.430+0000][6268][safepoint    ] Application time: 0.0000607 seconds
[2022-06-16T20:10:59.430+0000][6268][safepoint    ] Entering safepoint region: RevokeBias
[2022-06-16T20:10:59.430+0000][6268][safepoint    ] Leaving safepoint region
[2022-06-16T20:10:59.430+0000][6268][safepoint    ] Total time for which application threads were stopped: 0.0000605 seconds, Stopping threads took: 0.0000228 seconds
[2022-06-16T20:10:59.430+0000][6268][safepoint    ] Application time: 0.0000269 seconds
[2022-06-16T20:10:59.430+0000][6268][safepoint    ] Entering safepoint region: RevokeBias
[2022-06-16T20:10:59.430+0000][6268][safepoint    ] Leaving safepoint region
[2022-06-16T20:10:59.430+0000][6268][safepoint    ] Total time for which application threads were stopped: 0.0000590 seconds, Stopping threads took: 0.0000243 seconds
[2022-06-16T20:10:59.434+0000][6268][safepoint    ] Application time: 0.0040659 seconds
[2022-06-16T20:10:59.434+0000][6268][safepoint    ] Entering safepoint region: RevokeBias
[2022-06-16T20:10:59.434+0000][6268][safepoint    ] Leaving safepoint region
[2022-06-16T20:10:59.434+0000][6268][safepoint    ] Total time for which application threads were stopped: 0.0000961 seconds, Stopping threads took: 0.0000251 seconds
[2022-06-16T20:10:59.434+0000][6268][safepoint    ] Application time: 0.0000637 seconds
[2022-06-16T20:10:59.434+0000][6268][safepoint    ] Entering safepoint region: RevokeBias
[2022-06-16T20:10:59.434+0000][6268][safepoint    ] Leaving safepoint region
[2022-06-16T20:10:59.434+0000][6268][safepoint    ] Total time for which application threads were stopped: 0.0000730 seconds, Stopping threads took: 0.0000176 seconds
[2022-06-16T20:10:59.434+0000][6268][safepoint    ] Application time: 0.0000424 seconds
[2022-06-16T20:10:59.434+0000][6268][safepoint    ] Entering safepoint region: RevokeBias
[2022-06-16T20:10:59.434+0000][6268][safepoint    ] Leaving safepoint region
[2022-06-16T20:10:59.434+0000][6268][safepoint    ] Total time for which application threads were stopped: 0.0000682 seconds, Stopping threads took: 0.0000199 seconds
[2022-06-16T20:10:59.434+0000][6268][safepoint    ] Application time: 0.0000155 seconds
[2022-06-16T20:10:59.434+0000][6268][safepoint    ] Entering safepoint region: RevokeBias
[2022-06-16T20:10:59.435+0000][6268][safepoint    ] Leaving safepoint region
[2022-06-16T20:10:59.435+0000][6268][safepoint    ] Total time for which application threads were stopped: 0.0000675 seconds, Stopping threads took: 0.0000193 seconds
[2022-06-16T20:10:59.435+0000][6268][safepoint    ] Application time: 0.0000333 seconds
[2022-06-16T20:10:59.435+0000][6268][safepoint    ] Entering safepoint region: RevokeBias
[2022-06-16T20:10:59.435+0000][6268][safepoint    ] Leaving safepoint region
[2022-06-16T20:10:59.435+0000][6268][safepoint    ] Total time for which application threads were stopped: 0.0000688 seconds, Stopping threads took: 0.0000200 seconds
[2022-06-16T20:10:59.435+0000][6268][safepoint    ] Application time: 0.0002262 seconds
[2022-06-16T20:10:59.435+0000][6268][safepoint    ] Entering safepoint region: RevokeBias
[2022-06-16T20:10:59.435+0000][6268][safepoint    ] Leaving safepoint region
[2022-06-16T20:10:59.435+0000][6268][safepoint    ] Total time for which application threads were stopped: 0.0000849 seconds, Stopping threads took: 0.0000229 seconds
[2022-06-16T20:10:59.435+0000][6268][safepoint    ] Application time: 0.0000157 seconds
[2022-06-16T20:10:59.435+0000][6268][safepoint    ] Entering safepoint region: RevokeBias
[2022-06-16T20:10:59.435+0000][6268][safepoint    ] Leaving safepoint region
[2022-06-16T20:10:59.435+0000][6268][safepoint    ] Total time for which application threads were stopped: 0.0000689 seconds, Stopping threads took: 0.0000203 seconds
[2022-06-16T20:10:59.435+0000][6268][safepoint    ] Application time: 0.0000182 seconds
[2022-06-16T20:10:59.435+0000][6268][safepoint    ] Entering safepoint region: RevokeBias
[2022-06-16T20:10:59.435+0000][6268][safepoint    ] Leaving safepoint region
[2022-06-16T20:10:59.435+0000][6268][safepoint    ] Total time for which application threads were stopped: 0.0000771 seconds, Stopping threads took: 0.0000267 seconds
[2022-06-16T20:10:59.436+0000][6268][safepoint    ] Application time: 0.0002043 seconds
[2022-06-16T20:10:59.436+0000][6268][safepoint    ] Entering safepoint region: RevokeBias
[2022-06-16T20:10:59.436+0000][6268][safepoint    ] Leaving safepoint region
[2022-06-16T20:10:59.436+0000][6268][safepoint    ] Total time for which application threads were stopped: 0.0000877 seconds, Stopping threads took: 0.0000237 seconds
[2022-06-16T20:10:59.436+0000][6268][safepoint    ] Application time: 0.0000210 seconds
[2022-06-16T20:10:59.436+0000][6268][safepoint    ] Entering safepoint region: RevokeBias
[2022-06-16T20:10:59.436+0000][6268][safepoint    ] Leaving safepoint region
[2022-06-16T20:10:59.436+0000][6268][safepoint    ] Total time for which application threads were stopped: 0.0000692 seconds, Stopping threads took: 0.0000196 seconds
[2022-06-16T20:10:59.436+0000][6268][safepoint    ] Application time: 0.0000128 seconds
[2022-06-16T20:10:59.436+0000][6268][safepoint    ] Entering safepoint region: RevokeBias
[2022-06-16T20:10:59.436+0000][6268][safepoint    ] Leaving safepoint region
[2022-06-16T20:10:59.436+0000][6268][safepoint    ] Total time for which application threads were stopped: 0.0000675 seconds, Stopping threads took: 0.0000192 seconds
[2022-06-16T20:10:59.436+0000][6268][safepoint    ] Application time: 0.0000123 seconds
[2022-06-16T20:10:59.436+0000][6268][safepoint    ] Entering safepoint region: RevokeBias
[2022-06-16T20:10:59.436+0000][6268][safepoint    ] Leaving safepoint region
[2022-06-16T20:10:59.436+0000][6268][safepoint    ] Total time for which application threads were stopped: 0.0000712 seconds, Stopping threads took: 0.0000200 seconds
[2022-06-16T20:10:59.436+0000][6268][safepoint    ] Application time: 0.0003193 seconds
[2022-06-16T20:10:59.436+0000][6268][safepoint    ] Entering safepoint region: RevokeBias
[2022-06-16T20:10:59.436+0000][6268][safepoint    ] Leaving safepoint region
[2022-06-16T20:10:59.436+0000][6268][safepoint    ] Total time for which application threads were stopped: 0.0000842 seconds, Stopping threads took: 0.0000225 seconds
[2022-06-16T20:10:59.437+0000][6268][safepoint    ] Application time: 0.0001923 seconds
[2022-06-16T20:10:59.437+0000][6268][safepoint    ] Entering safepoint region: RevokeBias
[2022-06-16T20:10:59.437+0000][6268][safepoint    ] Leaving safepoint region
[2022-06-16T20:10:59.437+0000][6268][safepoint    ] Total time for which application threads were stopped: 0.0000819 seconds, Stopping threads took: 0.0000233 seconds
[2022-06-16T20:10:59.437+0000][6268][safepoint    ] Application time: 0.0000952 seconds
[2022-06-16T20:10:59.437+0000][6268][safepoint    ] Entering safepoint region: RevokeBias
[2022-06-16T20:10:59.437+0000][6268][safepoint    ] Leaving safepoint region
[2022-06-16T20:10:59.437+0000][6268][safepoint    ] Total time for which application threads were stopped: 0.0000791 seconds, Stopping threads took: 0.0000225 seconds
[2022-06-16T20:10:59.437+0000][6268][safepoint    ] Application time: 0.0000143 seconds
[2022-06-16T20:10:59.437+0000][6268][safepoint    ] Entering safepoint region: RevokeBias
[2022-06-16T20:10:59.437+0000][6268][safepoint    ] Leaving safepoint region
[2022-06-16T20:10:59.437+0000][6268][safepoint    ] Total time for which application threads were stopped: 0.0000692 seconds, Stopping threads took: 0.0000197 seconds
[2022-06-16T20:10:59.437+0000][6268][safepoint    ] Application time: 0.0000318 seconds
[2022-06-16T20:10:59.437+0000][6268][safepoint    ] Entering safepoint region: RevokeBias
[2022-06-16T20:10:59.437+0000][6268][safepoint    ] Leaving safepoint region
[2022-06-16T20:10:59.437+0000][6268][safepoint    ] Total time for which application threads were stopped: 0.0000684 seconds, Stopping threads took: 0.0000192 seconds
[2022-06-16T20:10:59.437+0000][6268][safepoint    ] Application time: 0.0001975 seconds
[2022-06-16T20:10:59.438+0000][6268][safepoint    ] Entering safepoint region: RevokeBias
[2022-06-16T20:10:59.438+0000][6268][safepoint    ] Leaving safepoint region
[2022-06-16T20:10:59.438+0000][6268][safepoint    ] Total time for which application threads were stopped: 0.0000906 seconds, Stopping threads took: 0.0000350 seconds
[2022-06-16T20:10:59.438+0000][6268][safepoint    ] Application time: 0.0006428 seconds
[2022-06-16T20:10:59.439+0000][6268][safepoint    ] Entering safepoint region: RevokeBias
[2022-06-16T20:10:59.439+0000][6268][safepoint    ] Leaving safepoint region
[2022-06-16T20:10:59.439+0000][6268][safepoint    ] Total time for which application threads were stopped: 0.0004165 seconds, Stopping threads took: 0.0003413 seconds
[2022-06-16T20:10:59.439+0000][6268][safepoint    ] Application time: 0.0000276 seconds
[2022-06-16T20:10:59.439+0000][6268][safepoint    ] Entering safepoint region: RevokeBias
[2022-06-16T20:10:59.439+0000][6268][safepoint    ] Leaving safepoint region
[2022-06-16T20:10:59.439+0000][6268][safepoint    ] Total time for which application threads were stopped: 0.0000722 seconds, Stopping threads took: 0.0000212 seconds
[2022-06-16T20:10:59.439+0000][6268][safepoint    ] Application time: 0.0003700 seconds
[2022-06-16T20:10:59.439+0000][6268][safepoint    ] Entering safepoint region: RevokeBias
[2022-06-16T20:10:59.439+0000][6268][safepoint    ] Leaving safepoint region
[2022-06-16T20:10:59.439+0000][6268][safepoint    ] Total time for which application threads were stopped: 0.0001185 seconds, Stopping threads took: 0.0000542 seconds
[2022-06-16T20:10:59.439+0000][6268][safepoint    ] Application time: 0.0000668 seconds
[2022-06-16T20:10:59.439+0000][6268][safepoint    ] Entering safepoint region: RevokeBias
[2022-06-16T20:10:59.440+0000][6268][safepoint    ] Leaving safepoint region
[2022-06-16T20:10:59.440+0000][6268][safepoint    ] Total time for which application threads were stopped: 0.0000796 seconds, Stopping threads took: 0.0000197 seconds
[2022-06-16T20:10:59.440+0000][6268][safepoint    ] Application time: 0.0000534 seconds
[2022-06-16T20:10:59.440+0000][6268][safepoint    ] Entering safepoint region: RevokeBias
[2022-06-16T20:10:59.440+0000][6268][safepoint    ] Leaving safepoint region
[2022-06-16T20:10:59.440+0000][6268][safepoint    ] Total time for which application threads were stopped: 0.0000711 seconds, Stopping threads took: 0.0000209 seconds
[2022-06-16T20:10:59.440+0000][6268][safepoint    ] Application time: 0.0000711 seconds
[2022-06-16T20:10:59.440+0000][6268][safepoint    ] Entering safepoint region: RevokeBias
[2022-06-16T20:10:59.440+0000][6268][safepoint    ] Leaving safepoint region
[2022-06-16T20:10:59.440+0000][6268][safepoint    ] Total time for which application threads were stopped: 0.0000762 seconds, Stopping threads took: 0.0000217 seconds
[2022-06-16T20:10:59.440+0000][6268][safepoint    ] Application time: 0.0001070 seconds
[2022-06-16T20:10:59.440+0000][6268][safepoint    ] Entering safepoint region: RevokeBias
[2022-06-16T20:10:59.440+0000][6268][safepoint    ] Leaving safepoint region
[2022-06-16T20:10:59.440+0000][6268][safepoint    ] Total time for which application threads were stopped: 0.0000678 seconds, Stopping threads took: 0.0000199 seconds
[2022-06-16T20:10:59.440+0000][6268][safepoint    ] Application time: 0.0000554 seconds
[2022-06-16T20:10:59.440+0000][6268][safepoint    ] Entering safepoint region: RevokeBias
[2022-06-16T20:10:59.440+0000][6268][safepoint    ] Leaving safepoint region
[2022-06-16T20:10:59.440+0000][6268][safepoint    ] Total time for which application threads were stopped: 0.0000742 seconds, Stopping threads took: 0.0000215 seconds
[2022-06-16T20:10:59.441+0000][6268][safepoint    ] Application time: 0.0009277 seconds
[2022-06-16T20:10:59.441+0000][6268][safepoint    ] Entering safepoint region: RevokeBias
[2022-06-16T20:10:59.441+0000][6268][safepoint    ] Leaving safepoint region
[2022-06-16T20:10:59.441+0000][6268][safepoint    ] Total time for which application threads were stopped: 0.0000841 seconds, Stopping threads took: 0.0000243 seconds
[2022-06-16T20:10:59.447+0000][6268][safepoint    ] Application time: 0.0051293 seconds
[2022-06-16T20:10:59.447+0000][6268][safepoint    ] Entering safepoint region: RevokeBias
[2022-06-16T20:10:59.447+0000][6268][safepoint    ] Leaving safepoint region
[2022-06-16T20:10:59.447+0000][6268][safepoint    ] Total time for which application threads were stopped: 0.0000904 seconds, Stopping threads took: 0.0000248 seconds
[2022-06-16T20:10:59.447+0000][6268][safepoint    ] Application time: 0.0000275 seconds
[2022-06-16T20:10:59.447+0000][6268][safepoint    ] Entering safepoint region: RevokeBias
[2022-06-16T20:10:59.447+0000][6268][safepoint    ] Leaving safepoint region
[2022-06-16T20:10:59.447+0000][6268][safepoint    ] Total time for which application threads were stopped: 0.0000695 seconds, Stopping threads took: 0.0000197 seconds
[2022-06-16T20:10:59.447+0000][6268][safepoint    ] Application time: 0.0000302 seconds
[2022-06-16T20:10:59.447+0000][6268][safepoint    ] Entering safepoint region: RevokeBias
[2022-06-16T20:10:59.447+0000][6268][safepoint    ] Leaving safepoint region
[2022-06-16T20:10:59.447+0000][6268][safepoint    ] Total time for which application threads were stopped: 0.0000727 seconds, Stopping threads took: 0.0000222 seconds
[2022-06-16T20:10:59.447+0000][6268][safepoint    ] Application time: 0.0000705 seconds
[2022-06-16T20:10:59.451+0000][6268][safepoint    ] Entering safepoint region: RevokeBias
[2022-06-16T20:10:59.451+0000][6268][safepoint    ] Leaving safepoint region
[2022-06-16T20:10:59.451+0000][6268][safepoint    ] Total time for which application threads were stopped: 0.0044445 seconds, Stopping threads took: 0.0043714 seconds
[2022-06-16T20:10:59.452+0000][6268][safepoint    ] Application time: 0.0000549 seconds
[2022-06-16T20:10:59.452+0000][6268][safepoint    ] Entering safepoint region: RevokeBias
[2022-06-16T20:10:59.452+0000][6268][safepoint    ] Leaving safepoint region
[2022-06-16T20:10:59.452+0000][6268][safepoint    ] Total time for which application threads were stopped: 0.0000739 seconds, Stopping threads took: 0.0000220 seconds
[2022-06-16T20:10:59.452+0000][6268][safepoint    ] Application time: 0.0000328 seconds
[2022-06-16T20:10:59.452+0000][6268][safepoint    ] Entering safepoint region: RevokeBias
[2022-06-16T20:10:59.452+0000][6268][safepoint    ] Leaving safepoint region
[2022-06-16T20:10:59.452+0000][6268][safepoint    ] Total time for which application threads were stopped: 0.0000703 seconds, Stopping threads took: 0.0000195 seconds
[2022-06-16T20:10:59.452+0000][6268][safepoint    ] Application time: 0.0001395 seconds
[2022-06-16T20:10:59.452+0000][6268][safepoint    ] Entering safepoint region: RevokeBias
[2022-06-16T20:10:59.452+0000][6268][safepoint    ] Leaving safepoint region
[2022-06-16T20:10:59.452+0000][6268][safepoint    ] Total time for which application threads were stopped: 0.0000784 seconds, Stopping threads took: 0.0000221 seconds
[2022-06-16T20:10:59.452+0000][6268][safepoint    ] Application time: 0.0001562 seconds
[2022-06-16T20:10:59.452+0000][6268][safepoint    ] Entering safepoint region: RevokeBias
[2022-06-16T20:10:59.452+0000][6268][safepoint    ] Leaving safepoint region
[2022-06-16T20:10:59.452+0000][6268][safepoint    ] Total time for which application threads were stopped: 0.0000630 seconds, Stopping threads took: 0.0000204 seconds
[2022-06-16T20:10:59.453+0000][6268][safepoint    ] Application time: 0.0004699 seconds
[2022-06-16T20:10:59.453+0000][6268][safepoint    ] Entering safepoint region: RevokeBias
[2022-06-16T20:10:59.453+0000][6268][safepoint    ] Leaving safepoint region
[2022-06-16T20:10:59.453+0000][6268][safepoint    ] Total time for which application threads were stopped: 0.0003257 seconds, Stopping threads took: 0.0002633 seconds
[2022-06-16T20:10:59.456+0000][6268][safepoint    ] Application time: 0.0031811 seconds
[2022-06-16T20:10:59.456+0000][6268][safepoint    ] Entering safepoint region: RevokeBias
[2022-06-16T20:10:59.456+0000][6268][safepoint    ] Leaving safepoint region
[2022-06-16T20:10:59.456+0000][6268][safepoint    ] Total time for which application threads were stopped: 0.0000749 seconds, Stopping threads took: 0.0000238 seconds
[2022-06-16T20:10:59.458+0000][6268][safepoint    ] Application time: 0.0018422 seconds
[2022-06-16T20:10:59.458+0000][6268][safepoint    ] Entering safepoint region: RevokeBias
[2022-06-16T20:10:59.458+0000][6268][safepoint    ] Leaving safepoint region
[2022-06-16T20:10:59.458+0000][6268][safepoint    ] Total time for which application threads were stopped: 0.0001082 seconds, Stopping threads took: 0.0000386 seconds
[2022-06-16T20:10:59.459+0000][6268][safepoint    ] Application time: 0.0000802 seconds
[2022-06-16T20:10:59.459+0000][6268][safepoint    ] Entering safepoint region: RevokeBias
[2022-06-16T20:10:59.459+0000][6268][safepoint    ] Leaving safepoint region
[2022-06-16T20:10:59.459+0000][6268][safepoint    ] Total time for which application threads were stopped: 0.0000734 seconds, Stopping threads took: 0.0000208 seconds
[2022-06-16T20:10:59.459+0000][6268][safepoint    ] Application time: 0.0000617 seconds
[2022-06-16T20:10:59.459+0000][6268][safepoint    ] Entering safepoint region: RevokeBias
[2022-06-16T20:10:59.459+0000][6268][safepoint    ] Leaving safepoint region
[2022-06-16T20:10:59.459+0000][6268][safepoint    ] Total time for which application threads were stopped: 0.0000689 seconds, Stopping threads took: 0.0000201 seconds
[2022-06-16T20:10:59.459+0000][6268][safepoint    ] Application time: 0.0000468 seconds
[2022-06-16T20:10:59.459+0000][6268][safepoint    ] Entering safepoint region: RevokeBias
[2022-06-16T20:10:59.459+0000][6268][safepoint    ] Leaving safepoint region
[2022-06-16T20:10:59.459+0000][6268][safepoint    ] Total time for which application threads were stopped: 0.0000658 seconds, Stopping threads took: 0.0000198 seconds
[2022-06-16T20:10:59.459+0000][6268][safepoint    ] Application time: 0.0000196 seconds
[2022-06-16T20:10:59.459+0000][6268][safepoint    ] Entering safepoint region: RevokeBias
[2022-06-16T20:10:59.459+0000][6268][safepoint    ] Leaving safepoint region
[2022-06-16T20:10:59.459+0000][6268][safepoint    ] Total time for which application threads were stopped: 0.0000634 seconds, Stopping threads took: 0.0000194 seconds
[2022-06-16T20:10:59.459+0000][6268][safepoint    ] Application time: 0.0000279 seconds
[2022-06-16T20:10:59.459+0000][6268][safepoint    ] Entering safepoint region: RevokeBias
[2022-06-16T20:10:59.459+0000][6268][safepoint    ] Leaving safepoint region
[2022-06-16T20:10:59.459+0000][6268][safepoint    ] Total time for which application threads were stopped: 0.0000654 seconds, Stopping threads took: 0.0000192 seconds
[2022-06-16T20:10:59.459+0000][6268][safepoint    ] Application time: 0.0000214 seconds
[2022-06-16T20:10:59.459+0000][6268][safepoint    ] Entering safepoint region: RevokeBias
[2022-06-16T20:10:59.459+0000][6268][safepoint    ] Leaving safepoint region
[2022-06-16T20:10:59.459+0000][6268][safepoint    ] Total time for which application threads were stopped: 0.0000646 seconds, Stopping threads took: 0.0000195 seconds
[2022-06-16T20:10:59.459+0000][6268][safepoint    ] Application time: 0.0000230 seconds
[2022-06-16T20:10:59.459+0000][6268][safepoint    ] Entering safepoint region: RevokeBias
[2022-06-16T20:10:59.459+0000][6268][safepoint    ] Leaving safepoint region
[2022-06-16T20:10:59.460+0000][6268][safepoint    ] Total time for which application threads were stopped: 0.0000666 seconds, Stopping threads took: 0.0000192 seconds
[2022-06-16T20:10:59.460+0000][6268][safepoint    ] Application time: 0.0000861 seconds
[2022-06-16T20:10:59.460+0000][6268][safepoint    ] Entering safepoint region: RevokeBias
[2022-06-16T20:10:59.460+0000][6268][safepoint    ] Leaving safepoint region
[2022-06-16T20:10:59.460+0000][6268][safepoint    ] Total time for which application threads were stopped: 0.0000686 seconds, Stopping threads took: 0.0000202 seconds
[2022-06-16T20:10:59.460+0000][6268][safepoint    ] Application time: 0.0000475 seconds
[2022-06-16T20:10:59.460+0000][6268][safepoint    ] Entering safepoint region: RevokeBias
[2022-06-16T20:10:59.460+0000][6268][safepoint    ] Leaving safepoint region
[2022-06-16T20:10:59.460+0000][6268][safepoint    ] Total time for which application threads were stopped: 0.0000553 seconds, Stopping threads took: 0.0000190 seconds
[2022-06-16T20:10:59.460+0000][6268][safepoint    ] Application time: 0.0000989 seconds
[2022-06-16T20:10:59.460+0000][6268][safepoint    ] Entering safepoint region: RevokeBias
[2022-06-16T20:10:59.460+0000][6268][safepoint    ] Leaving safepoint region
[2022-06-16T20:10:59.460+0000][6268][safepoint    ] Total time for which application threads were stopped: 0.0000670 seconds, Stopping threads took: 0.0000196 seconds
[2022-06-16T20:10:59.460+0000][6268][safepoint    ] Application time: 0.0001247 seconds
[2022-06-16T20:10:59.460+0000][6268][safepoint    ] Entering safepoint region: RevokeBias
[2022-06-16T20:10:59.460+0000][6268][safepoint    ] Leaving safepoint region
[2022-06-16T20:10:59.460+0000][6268][safepoint    ] Total time for which application threads were stopped: 0.0000627 seconds, Stopping threads took: 0.0000186 seconds
[2022-06-16T20:10:59.460+0000][6268][safepoint    ] Application time: 0.0000228 seconds
[2022-06-16T20:10:59.460+0000][6268][safepoint    ] Entering safepoint region: RevokeBias
[2022-06-16T20:10:59.460+0000][6268][safepoint    ] Leaving safepoint region
[2022-06-16T20:10:59.460+0000][6268][safepoint    ] Total time for which application threads were stopped: 0.0000671 seconds, Stopping threads took: 0.0000192 seconds
[2022-06-16T20:10:59.461+0000][6268][safepoint    ] Application time: 0.0001946 seconds
[2022-06-16T20:10:59.461+0000][6268][safepoint    ] Entering safepoint region: RevokeBias
[2022-06-16T20:10:59.461+0000][6268][safepoint    ] Leaving safepoint region
[2022-06-16T20:10:59.461+0000][6268][safepoint    ] Total time for which application threads were stopped: 0.0000677 seconds, Stopping threads took: 0.0000222 seconds
[2022-06-16T20:10:59.522+0000][6268][safepoint    ] Application time: 0.0610111 seconds
[2022-06-16T20:10:59.522+0000][6268][safepoint    ] Entering safepoint region: RevokeBias
[2022-06-16T20:10:59.522+0000][6268][safepoint    ] Leaving safepoint region
[2022-06-16T20:10:59.522+0000][6268][safepoint    ] Total time for which application threads were stopped: 0.0000829 seconds, Stopping threads took: 0.0000169 seconds
[2022-06-16T20:10:59.522+0000][6268][safepoint    ] Application time: 0.0004549 seconds
[2022-06-16T20:10:59.522+0000][6268][safepoint    ] Entering safepoint region: RevokeBias
[2022-06-16T20:10:59.522+0000][6268][safepoint    ] Leaving safepoint region
[2022-06-16T20:10:59.522+0000][6268][safepoint    ] Total time for which application threads were stopped: 0.0000640 seconds, Stopping threads took: 0.0000136 seconds
[2022-06-16T20:10:59.522+0000][6268][safepoint    ] Application time: 0.0000297 seconds
[2022-06-16T20:10:59.522+0000][6268][safepoint    ] Entering safepoint region: RevokeBias
[2022-06-16T20:10:59.523+0000][6268][safepoint    ] Leaving safepoint region
[2022-06-16T20:10:59.523+0000][6268][safepoint    ] Total time for which application threads were stopped: 0.0000547 seconds, Stopping threads took: 0.0000113 seconds
[2022-06-16T20:10:59.523+0000][6268][safepoint    ] Application time: 0.0000932 seconds
[2022-06-16T20:10:59.523+0000][6268][safepoint    ] Entering safepoint region: RevokeBias
[2022-06-16T20:10:59.523+0000][6268][safepoint    ] Leaving safepoint region
[2022-06-16T20:10:59.523+0000][6268][safepoint    ] Total time for which application threads were stopped: 0.0000436 seconds, Stopping threads took: 0.0000113 seconds
[2022-06-16T20:10:59.524+0000][6268][safepoint    ] Application time: 0.0014941 seconds
[2022-06-16T20:10:59.524+0000][6268][safepoint    ] Entering safepoint region: RevokeBias
[2022-06-16T20:10:59.524+0000][6268][safepoint    ] Leaving safepoint region
[2022-06-16T20:10:59.524+0000][6268][safepoint    ] Total time for which application threads were stopped: 0.0000655 seconds, Stopping threads took: 0.0000145 seconds
[2022-06-16T20:10:59.563+0000][6268][safepoint    ] Application time: 0.0383934 seconds
[2022-06-16T20:10:59.563+0000][6268][safepoint    ] Entering safepoint region: RevokeBias
[2022-06-16T20:10:59.563+0000][6268][safepoint    ] Leaving safepoint region
[2022-06-16T20:10:59.563+0000][6268][safepoint    ] Total time for which application threads were stopped: 0.0001396 seconds, Stopping threads took: 0.0000285 seconds
[2022-06-16T20:10:59.563+0000][6268][safepoint    ] Application time: 0.0000201 seconds
[2022-06-16T20:10:59.563+0000][6268][safepoint    ] Entering safepoint region: RevokeBias
[2022-06-16T20:10:59.563+0000][6268][safepoint    ] Leaving safepoint region
[2022-06-16T20:10:59.563+0000][6268][safepoint    ] Total time for which application threads were stopped: 0.0000704 seconds, Stopping threads took: 0.0000197 seconds
[2022-06-16T20:10:59.563+0000][6268][safepoint    ] Application time: 0.0000193 seconds
[2022-06-16T20:10:59.563+0000][6268][safepoint    ] Entering safepoint region: RevokeBias
[2022-06-16T20:10:59.563+0000][6268][safepoint    ] Leaving safepoint region
[2022-06-16T20:10:59.563+0000][6268][safepoint    ] Total time for which application threads were stopped: 0.0000660 seconds, Stopping threads took: 0.0000191 seconds
[2022-06-16T20:10:59.565+0000][6268][safepoint    ] Application time: 0.0017480 seconds
[2022-06-16T20:10:59.565+0000][6268][safepoint    ] Entering safepoint region: RevokeBias
[2022-06-16T20:10:59.565+0000][6268][safepoint    ] Leaving safepoint region
[2022-06-16T20:10:59.565+0000][6268][safepoint    ] Total time for which application threads were stopped: 0.0001163 seconds, Stopping threads took: 0.0000264 seconds
[2022-06-16T20:10:59.565+0000][6268][safepoint    ] Application time: 0.0002354 seconds
[2022-06-16T20:10:59.565+0000][6268][safepoint    ] Entering safepoint region: RevokeBias
[2022-06-16T20:10:59.565+0000][6268][safepoint    ] Leaving safepoint region
[2022-06-16T20:10:59.565+0000][6268][safepoint    ] Total time for which application threads were stopped: 0.0000930 seconds, Stopping threads took: 0.0000229 seconds
[2022-06-16T20:10:59.566+0000][6268][safepoint    ] Application time: 0.0009423 seconds
[2022-06-16T20:10:59.566+0000][6268][safepoint    ] Entering safepoint region: RevokeBias
[2022-06-16T20:10:59.567+0000][6268][safepoint    ] Leaving safepoint region
[2022-06-16T20:10:59.567+0000][6268][safepoint    ] Total time for which application threads were stopped: 0.0000948 seconds, Stopping threads took: 0.0000253 seconds
[2022-06-16T20:10:59.580+0000][6268][safepoint    ] Application time: 0.0132210 seconds
[2022-06-16T20:10:59.580+0000][6268][safepoint    ] Entering safepoint region: RevokeBias
[2022-06-16T20:10:59.580+0000][6268][safepoint    ] Leaving safepoint region
[2022-06-16T20:10:59.580+0000][6268][safepoint    ] Total time for which application threads were stopped: 0.0001045 seconds, Stopping threads took: 0.0000220 seconds
[2022-06-16T20:10:59.580+0000][6268][safepoint    ] Application time: 0.0002106 seconds
[2022-06-16T20:10:59.580+0000][6268][safepoint    ] Entering safepoint region: RevokeBias
[2022-06-16T20:10:59.580+0000][6268][safepoint    ] Leaving safepoint region
[2022-06-16T20:10:59.580+0000][6268][safepoint    ] Total time for which application threads were stopped: 0.0000843 seconds, Stopping threads took: 0.0000177 seconds
[2022-06-16T20:10:59.669+0000][6268][safepoint    ] Application time: 0.0887663 seconds
[2022-06-16T20:10:59.669+0000][6268][safepoint    ] Entering safepoint region: RevokeBias
[2022-06-16T20:10:59.669+0000][6268][safepoint    ] Leaving safepoint region
[2022-06-16T20:10:59.669+0000][6268][safepoint    ] Total time for which application threads were stopped: 0.0001402 seconds, Stopping threads took: 0.0000262 seconds
[2022-06-16T20:10:59.677+0000][6268][safepoint    ] Application time: 0.0073435 seconds
[2022-06-16T20:10:59.677+0000][6268][safepoint    ] Entering safepoint region: RevokeBias
[2022-06-16T20:10:59.677+0000][6268][safepoint    ] Leaving safepoint region
[2022-06-16T20:10:59.677+0000][6268][safepoint    ] Total time for which application threads were stopped: 0.0001161 seconds, Stopping threads took: 0.0000245 seconds
[2022-06-16T20:10:59.701+0000][6268][safepoint    ] Application time: 0.0241068 seconds
[2022-06-16T20:10:59.701+0000][6268][safepoint    ] Entering safepoint region: RevokeBias
[2022-06-16T20:10:59.701+0000][6268][safepoint    ] Leaving safepoint region
[2022-06-16T20:10:59.701+0000][6268][safepoint    ] Total time for which application threads were stopped: 0.0000936 seconds, Stopping threads took: 0.0000189 seconds
[2022-06-16T20:10:59.744+0000][6268][safepoint    ] Application time: 0.0427924 seconds
[2022-06-16T20:10:59.744+0000][6268][safepoint    ] Entering safepoint region: RevokeBias
[2022-06-16T20:10:59.744+0000][6268][safepoint    ] Leaving safepoint region
[2022-06-16T20:10:59.744+0000][6268][safepoint    ] Total time for which application threads were stopped: 0.0001294 seconds, Stopping threads took: 0.0000303 seconds
[2022-06-16T20:10:59.744+0000][6268][safepoint    ] Application time: 0.0000249 seconds
[2022-06-16T20:10:59.744+0000][6268][safepoint    ] Entering safepoint region: RevokeBias
[2022-06-16T20:10:59.744+0000][6268][safepoint    ] Leaving safepoint region
[2022-06-16T20:10:59.744+0000][6268][safepoint    ] Total time for which application threads were stopped: 0.0000698 seconds, Stopping threads took: 0.0000202 seconds
[2022-06-16T20:10:59.744+0000][6268][safepoint    ] Application time: 0.0000162 seconds
[2022-06-16T20:10:59.744+0000][6268][safepoint    ] Entering safepoint region: RevokeBias
[2022-06-16T20:10:59.744+0000][6268][safepoint    ] Leaving safepoint region
[2022-06-16T20:10:59.744+0000][6268][safepoint    ] Total time for which application threads were stopped: 0.0000799 seconds, Stopping threads took: 0.0000281 seconds
[2022-06-16T20:10:59.744+0000][6268][safepoint    ] Application time: 0.0000172 seconds
[2022-06-16T20:10:59.744+0000][6268][safepoint    ] Entering safepoint region: RevokeBias
[2022-06-16T20:10:59.744+0000][6268][safepoint    ] Leaving safepoint region
[2022-06-16T20:10:59.744+0000][6268][safepoint    ] Total time for which application threads were stopped: 0.0000642 seconds, Stopping threads took: 0.0000191 seconds
[2022-06-16T20:10:59.745+0000][6268][safepoint    ] Application time: 0.0003055 seconds
[2022-06-16T20:10:59.745+0000][6268][safepoint    ] Entering safepoint region: RevokeBias
[2022-06-16T20:10:59.745+0000][6268][safepoint    ] Leaving safepoint region
[2022-06-16T20:10:59.745+0000][6268][safepoint    ] Total time for which application threads were stopped: 0.0001180 seconds, Stopping threads took: 0.0000461 seconds
[2022-06-16T20:10:59.745+0000][6268][safepoint    ] Application time: 0.0001499 seconds
[2022-06-16T20:10:59.745+0000][6268][safepoint    ] Entering safepoint region: RevokeBias
[2022-06-16T20:10:59.745+0000][6268][safepoint    ] Leaving safepoint region
[2022-06-16T20:10:59.745+0000][6268][safepoint    ] Total time for which application threads were stopped: 0.0000816 seconds, Stopping threads took: 0.0000221 seconds
[2022-06-16T20:10:59.769+0000][6268][safepoint    ] Application time: 0.0239464 seconds
[2022-06-16T20:10:59.769+0000][6268][safepoint    ] Entering safepoint region: RevokeBias
[2022-06-16T20:10:59.769+0000][6268][safepoint    ] Leaving safepoint region
[2022-06-16T20:10:59.769+0000][6268][safepoint    ] Total time for which application threads were stopped: 0.0001287 seconds, Stopping threads took: 0.0000246 seconds
[2022-06-16T20:10:59.769+0000][6268][safepoint    ] Application time: 0.0000780 seconds
[2022-06-16T20:10:59.769+0000][6268][safepoint    ] Entering safepoint region: RevokeBias
[2022-06-16T20:10:59.769+0000][6268][safepoint    ] Leaving safepoint region
[2022-06-16T20:10:59.769+0000][6268][safepoint    ] Total time for which application threads were stopped: 0.0000750 seconds, Stopping threads took: 0.0000184 seconds
[2022-06-16T20:10:59.770+0000][6268][safepoint    ] Application time: 0.0000679 seconds
[2022-06-16T20:10:59.770+0000][6268][safepoint    ] Entering safepoint region: RevokeBias
[2022-06-16T20:10:59.770+0000][6268][safepoint    ] Leaving safepoint region
[2022-06-16T20:10:59.770+0000][6268][safepoint    ] Total time for which application threads were stopped: 0.0000672 seconds, Stopping threads took: 0.0000180 seconds
[2022-06-16T20:10:59.770+0000][6268][safepoint    ] Application time: 0.0000861 seconds
[2022-06-16T20:10:59.770+0000][6268][safepoint    ] Entering safepoint region: RevokeBias
[2022-06-16T20:10:59.770+0000][6268][safepoint    ] Leaving safepoint region
[2022-06-16T20:10:59.770+0000][6268][safepoint    ] Total time for which application threads were stopped: 0.0000924 seconds, Stopping threads took: 0.0000341 seconds
[2022-06-16T20:10:59.770+0000][6268][safepoint    ] Application time: 0.0004099 seconds
[2022-06-16T20:10:59.770+0000][6268][safepoint    ] Entering safepoint region: RevokeBias
[2022-06-16T20:10:59.770+0000][6268][safepoint    ] Leaving safepoint region
[2022-06-16T20:10:59.770+0000][6268][safepoint    ] Total time for which application threads were stopped: 0.0000909 seconds, Stopping threads took: 0.0000220 seconds
[2022-06-16T20:10:59.771+0000][6268][safepoint    ] Application time: 0.0000838 seconds
[2022-06-16T20:10:59.771+0000][6268][safepoint    ] Entering safepoint region: RevokeBias
[2022-06-16T20:10:59.771+0000][6268][safepoint    ] Leaving safepoint region
[2022-06-16T20:10:59.771+0000][6268][safepoint    ] Total time for which application threads were stopped: 0.0000725 seconds, Stopping threads took: 0.0000180 seconds
[2022-06-16T20:10:59.771+0000][6268][safepoint    ] Application time: 0.0000671 seconds
[2022-06-16T20:10:59.771+0000][6268][safepoint    ] Entering safepoint region: RevokeBias
[2022-06-16T20:10:59.771+0000][6268][safepoint    ] Leaving safepoint region
[2022-06-16T20:10:59.771+0000][6268][safepoint    ] Total time for which application threads were stopped: 0.0000721 seconds, Stopping threads took: 0.0000184 seconds
[2022-06-16T20:10:59.771+0000][6268][safepoint    ] Application time: 0.0000567 seconds
[2022-06-16T20:10:59.771+0000][6268][safepoint    ] Entering safepoint region: BulkRevokeBias
[2022-06-16T20:10:59.771+0000][6268][safepoint    ] Leaving safepoint region
[2022-06-16T20:10:59.771+0000][6268][safepoint    ] Total time for which application threads were stopped: 0.0002982 seconds, Stopping threads took: 0.0000185 seconds
[2022-06-16T20:10:59.771+0000][6268][safepoint    ] Application time: 0.0001503 seconds
[2022-06-16T20:10:59.771+0000][6268][safepoint    ] Entering safepoint region: BulkRevokeBias
[2022-06-16T20:10:59.772+0000][6268][safepoint    ] Leaving safepoint region
[2022-06-16T20:10:59.772+0000][6268][safepoint    ] Total time for which application threads were stopped: 0.0003063 seconds, Stopping threads took: 0.0000194 seconds
[2022-06-16T20:10:59.772+0000][6268][safepoint    ] Application time: 0.0001009 seconds
[2022-06-16T20:10:59.772+0000][6268][safepoint    ] Entering safepoint region: RevokeBias
[2022-06-16T20:10:59.772+0000][6268][safepoint    ] Leaving safepoint region
[2022-06-16T20:10:59.772+0000][6268][safepoint    ] Total time for which application threads were stopped: 0.0000767 seconds, Stopping threads took: 0.0000194 seconds
[2022-06-16T20:10:59.772+0000][6268][safepoint    ] Application time: 0.0002133 seconds
[2022-06-16T20:10:59.772+0000][6268][safepoint    ] Entering safepoint region: RevokeBias
[2022-06-16T20:10:59.772+0000][6268][safepoint    ] Leaving safepoint region
[2022-06-16T20:10:59.772+0000][6268][safepoint    ] Total time for which application threads were stopped: 0.0000750 seconds, Stopping threads took: 0.0000192 seconds
[2022-06-16T20:10:59.772+0000][6268][safepoint    ] Application time: 0.0000818 seconds
[2022-06-16T20:10:59.772+0000][6268][safepoint    ] Entering safepoint region: RevokeBias
[2022-06-16T20:10:59.772+0000][6268][safepoint    ] Leaving safepoint region
[2022-06-16T20:10:59.772+0000][6268][safepoint    ] Total time for which application threads were stopped: 0.0000719 seconds, Stopping threads took: 0.0000182 seconds
[2022-06-16T20:10:59.773+0000][6268][safepoint    ] Application time: 0.0001381 seconds
[2022-06-16T20:10:59.773+0000][6268][safepoint    ] Entering safepoint region: RevokeBias
[2022-06-16T20:10:59.773+0000][6268][safepoint    ] Leaving safepoint region
[2022-06-16T20:10:59.773+0000][6268][safepoint    ] Total time for which application threads were stopped: 0.0000694 seconds, Stopping threads took: 0.0000222 seconds
[2022-06-16T20:10:59.773+0000][6268][safepoint    ] Application time: 0.0000736 seconds
[2022-06-16T20:10:59.773+0000][6268][safepoint    ] Entering safepoint region: RevokeBias
[2022-06-16T20:10:59.773+0000][6268][safepoint    ] Leaving safepoint region
[2022-06-16T20:10:59.773+0000][6268][safepoint    ] Total time for which application threads were stopped: 0.0000700 seconds, Stopping threads took: 0.0000176 seconds
[2022-06-16T20:10:59.773+0000][6268][safepoint    ] Application time: 0.0003097 seconds
[2022-06-16T20:10:59.773+0000][6268][safepoint    ] Entering safepoint region: RevokeBias
[2022-06-16T20:10:59.773+0000][6268][safepoint    ] Leaving safepoint region
[2022-06-16T20:10:59.773+0000][6268][safepoint    ] Total time for which application threads were stopped: 0.0000610 seconds, Stopping threads took: 0.0000218 seconds
[2022-06-16T20:10:59.774+0000][6268][safepoint    ] Application time: 0.0005144 seconds
[2022-06-16T20:10:59.774+0000][6268][safepoint    ] Entering safepoint region: RevokeBias
[2022-06-16T20:10:59.774+0000][6268][safepoint    ] Leaving safepoint region
[2022-06-16T20:10:59.774+0000][6268][safepoint    ] Total time for which application threads were stopped: 0.0000989 seconds, Stopping threads took: 0.0000182 seconds
[2022-06-16T20:10:59.774+0000][6268][safepoint    ] Application time: 0.0000244 seconds
[2022-06-16T20:10:59.774+0000][6268][safepoint    ] Entering safepoint region: RevokeBias
[2022-06-16T20:10:59.774+0000][6268][safepoint    ] Leaving safepoint region
[2022-06-16T20:10:59.774+0000][6268][safepoint    ] Total time for which application threads were stopped: 0.0000731 seconds, Stopping threads took: 0.0000157 seconds
[2022-06-16T20:10:59.783+0000][6268][safepoint    ] Application time: 0.0092676 seconds
[2022-06-16T20:10:59.783+0000][6268][safepoint    ] Entering safepoint region: RevokeBias
[2022-06-16T20:10:59.783+0000][6268][safepoint    ] Leaving safepoint region
[2022-06-16T20:10:59.783+0000][6268][safepoint    ] Total time for which application threads were stopped: 0.0000879 seconds, Stopping threads took: 0.0000267 seconds
[2022-06-16T20:10:59.784+0000][6268][safepoint    ] Application time: 0.0000394 seconds
[2022-06-16T20:10:59.784+0000][6268][safepoint    ] Entering safepoint region: RevokeBias
[2022-06-16T20:10:59.784+0000][6268][safepoint    ] Leaving safepoint region
[2022-06-16T20:10:59.784+0000][6268][safepoint    ] Total time for which application threads were stopped: 0.0000650 seconds, Stopping threads took: 0.0000205 seconds
[2022-06-16T20:10:59.784+0000][6268][safepoint    ] Application time: 0.0001525 seconds
[2022-06-16T20:10:59.784+0000][6268][safepoint    ] Entering safepoint region: RevokeBias
[2022-06-16T20:10:59.784+0000][6268][safepoint    ] Leaving safepoint region
[2022-06-16T20:10:59.784+0000][6268][safepoint    ] Total time for which application threads were stopped: 0.0000629 seconds, Stopping threads took: 0.0000212 seconds
[2022-06-16T20:10:59.784+0000][6268][safepoint    ] Application time: 0.0000704 seconds
[2022-06-16T20:10:59.784+0000][6268][safepoint    ] Entering safepoint region: RevokeBias
[2022-06-16T20:10:59.784+0000][6268][safepoint    ] Leaving safepoint region
[2022-06-16T20:10:59.784+0000][6268][safepoint    ] Total time for which application threads were stopped: 0.0000582 seconds, Stopping threads took: 0.0000205 seconds
[2022-06-16T20:10:59.785+0000][6268][safepoint    ] Application time: 0.0006208 seconds
[2022-06-16T20:10:59.785+0000][6268][safepoint    ] Entering safepoint region: RevokeBias
[2022-06-16T20:10:59.785+0000][6268][safepoint    ] Leaving safepoint region
[2022-06-16T20:10:59.785+0000][6268][safepoint    ] Total time for which application threads were stopped: 0.0000721 seconds, Stopping threads took: 0.0000238 seconds
[2022-06-16T20:10:59.785+0000][6268][safepoint    ] Application time: 0.0005613 seconds
[2022-06-16T20:10:59.785+0000][6268][safepoint    ] Entering safepoint region: RevokeBias
[2022-06-16T20:10:59.786+0000][6268][safepoint    ] Leaving safepoint region
[2022-06-16T20:10:59.786+0000][6268][safepoint    ] Total time for which application threads were stopped: 0.0000854 seconds, Stopping threads took: 0.0000331 seconds
[2022-06-16T20:10:59.786+0000][6268][safepoint    ] Application time: 0.0003482 seconds
[2022-06-16T20:10:59.786+0000][6268][safepoint    ] Entering safepoint region: RevokeBias
[2022-06-16T20:10:59.786+0000][6268][safepoint    ] Leaving safepoint region
[2022-06-16T20:10:59.786+0000][6268][safepoint    ] Total time for which application threads were stopped: 0.0000721 seconds, Stopping threads took: 0.0000236 seconds
[2022-06-16T20:10:59.792+0000][6268][safepoint    ] Application time: 0.0056476 seconds
[2022-06-16T20:10:59.792+0000][6268][safepoint    ] Entering safepoint region: RevokeBias
[2022-06-16T20:10:59.792+0000][6268][safepoint    ] Leaving safepoint region
[2022-06-16T20:10:59.792+0000][6268][safepoint    ] Total time for which application threads were stopped: 0.0000713 seconds, Stopping threads took: 0.0000246 seconds
[2022-06-16T20:10:59.792+0000][6268][safepoint    ] Application time: 0.0002537 seconds
[2022-06-16T20:10:59.792+0000][6268][safepoint    ] Entering safepoint region: RevokeBias
[2022-06-16T20:10:59.792+0000][6268][safepoint    ] Leaving safepoint region
[2022-06-16T20:10:59.792+0000][6268][safepoint    ] Total time for which application threads were stopped: 0.0000662 seconds, Stopping threads took: 0.0000229 seconds
