[2022-06-16T20:11:21.556+0000][6424][gc] Using Concurrent Mark Sweep
[2022-06-16T20:11:21.556+0000][6424][gc,heap,coops] Heap address: 0x00000000c0000000, size: 1024 MB, Compressed Oops mode: 32-bit
[2022-06-16T20:11:21.678+0000][6424][safepoint    ] Entering safepoint region: EnableBiasedLocking
[2022-06-16T20:11:21.678+0000][6424][safepoint    ] Leaving safepoint region
[2022-06-16T20:11:21.678+0000][6424][safepoint    ] Total time for which application threads were stopped: 0.0007998 seconds, Stopping threads took: 0.0007273 seconds
[2022-06-16T20:11:21.834+0000][6424][safepoint    ] Application time: 0.1562279 seconds
[2022-06-16T20:11:21.834+0000][6424][safepoint    ] Entering safepoint region: RevokeBias
[2022-06-16T20:11:21.834+0000][6424][safepoint    ] Leaving safepoint region
[2022-06-16T20:11:21.834+0000][6424][safepoint    ] Total time for which application threads were stopped: 0.0004011 seconds, Stopping threads took: 0.0000436 seconds
[2022-06-16T20:11:21.897+0000][6424][safepoint    ] Application time: 0.0513555 seconds
[2022-06-16T20:11:21.897+0000][6424][safepoint    ] Entering safepoint region: Deoptimize
[2022-06-16T20:11:21.897+0000][6424][safepoint    ] Leaving safepoint region
[2022-06-16T20:11:21.897+0000][6424][safepoint    ] Total time for which application threads were stopped: 0.0001161 seconds, Stopping threads took: 0.0000219 seconds
[2022-06-16T20:11:21.897+0000][6424][safepoint    ] Application time: 0.0003481 seconds
[2022-06-16T20:11:21.897+0000][6424][safepoint    ] Entering safepoint region: Deoptimize
[2022-06-16T20:11:21.897+0000][6424][safepoint    ] Leaving safepoint region
[2022-06-16T20:11:21.897+0000][6424][safepoint    ] Total time for which application threads were stopped: 0.0000816 seconds, Stopping threads took: 0.0000193 seconds
[2022-06-16T20:11:21.897+0000][6424][safepoint    ] Application time: 0.0066159 seconds
[2022-06-16T20:11:21.897+0000][6424][safepoint    ] Entering safepoint region: Deoptimize
[2022-06-16T20:11:21.897+0000][6424][safepoint    ] Leaving safepoint region
[2022-06-16T20:11:21.897+0000][6424][safepoint    ] Total time for which application threads were stopped: 0.0000943 seconds, Stopping threads took: 0.0000317 seconds
[2022-06-16T20:11:22.334+0000][6424][safepoint    ] Application time: 0.4292650 seconds
[2022-06-16T20:11:22.334+0000][6424][safepoint    ] Entering safepoint region: Deoptimize
[2022-06-16T20:11:22.334+0000][6424][safepoint    ] Leaving safepoint region
[2022-06-16T20:11:22.334+0000][6424][safepoint    ] Total time for which application threads were stopped: 0.0002131 seconds, Stopping threads took: 0.0000221 seconds
[2022-06-16T20:11:22.334+0000][6424][safepoint    ] Application time: 0.0007979 seconds
[2022-06-16T20:11:22.334+0000][6424][safepoint    ] Entering safepoint region: Deoptimize
[2022-06-16T20:11:22.334+0000][6424][safepoint    ] Leaving safepoint region
[2022-06-16T20:11:22.334+0000][6424][safepoint    ] Total time for which application threads were stopped: 0.0001209 seconds, Stopping threads took: 0.0000200 seconds
[2022-06-16T20:11:22.350+0000][6424][safepoint    ] Application time: 0.0205420 seconds
[2022-06-16T20:11:22.350+0000][6424][safepoint    ] Entering safepoint region: Deoptimize
[2022-06-16T20:11:22.350+0000][6424][safepoint    ] Leaving safepoint region
[2022-06-16T20:11:22.350+0000][6424][safepoint    ] Total time for which application threads were stopped: 0.0001471 seconds, Stopping threads took: 0.0000201 seconds
[2022-06-16T20:11:22.365+0000][6424][safepoint    ] Application time: 0.0155585 seconds
[2022-06-16T20:11:22.365+0000][6424][safepoint    ] Entering safepoint region: Deoptimize
[2022-06-16T20:11:22.365+0000][6424][safepoint    ] Leaving safepoint region
[2022-06-16T20:11:22.365+0000][6424][safepoint    ] Total time for which application threads were stopped: 0.0001443 seconds, Stopping threads took: 0.0000253 seconds
[2022-06-16T20:11:22.490+0000][6424][safepoint    ] Application time: 0.1248571 seconds
[2022-06-16T20:11:22.490+0000][6424][safepoint    ] Entering safepoint region: Deoptimize
[2022-06-16T20:11:22.490+0000][6424][safepoint    ] Leaving safepoint region
[2022-06-16T20:11:22.490+0000][6424][safepoint    ] Total time for which application threads were stopped: 0.0002805 seconds, Stopping threads took: 0.0001130 seconds
[2022-06-16T20:11:22.569+0000][6424][safepoint    ] Application time: 0.0731679 seconds
[2022-06-16T20:11:22.569+0000][6424][safepoint    ] Entering safepoint region: Deoptimize
[2022-06-16T20:11:22.569+0000][6424][safepoint    ] Leaving safepoint region
[2022-06-16T20:11:22.569+0000][6424][safepoint    ] Total time for which application threads were stopped: 0.0001884 seconds, Stopping threads took: 0.0000254 seconds
[2022-06-16T20:11:23.162+0000][6424][safepoint    ] Application time: 0.5927497 seconds
[2022-06-16T20:11:23.162+0000][6424][safepoint    ] Entering safepoint region: RevokeBias
[2022-06-16T20:11:23.162+0000][6424][safepoint    ] Leaving safepoint region
[2022-06-16T20:11:23.162+0000][6424][safepoint    ] Total time for which application threads were stopped: 0.0001735 seconds, Stopping threads took: 0.0000237 seconds
[2022-06-16T20:11:23.209+0000][6424][safepoint    ] Application time: 0.0490384 seconds
[2022-06-16T20:11:23.209+0000][6424][safepoint    ] Entering safepoint region: Deoptimize
[2022-06-16T20:11:23.209+0000][6424][safepoint    ] Leaving safepoint region
[2022-06-16T20:11:23.209+0000][6424][safepoint    ] Total time for which application threads were stopped: 0.0002420 seconds, Stopping threads took: 0.0000271 seconds
[2022-06-16T20:11:23.819+0000][6424][safepoint    ] Application time: 0.6128155 seconds
[2022-06-16T20:11:23.819+0000][6424][safepoint    ] Entering safepoint region: Deoptimize
[2022-06-16T20:11:23.819+0000][6424][safepoint    ] Leaving safepoint region
[2022-06-16T20:11:23.819+0000][6424][safepoint    ] Total time for which application threads were stopped: 0.0003438 seconds, Stopping threads took: 0.0000213 seconds
[2022-06-16T20:11:23.897+0000][6424][safepoint    ] Application time: 0.0718220 seconds
[2022-06-16T20:11:23.897+0000][6424][safepoint    ] Entering safepoint region: CollectForMetadataAllocation
[2022-06-16T20:11:23.897+0000][6424][safepoint    ] Leaving safepoint region
[2022-06-16T20:11:23.897+0000][6424][safepoint    ] Total time for which application threads were stopped: 0.0001944 seconds, Stopping threads took: 0.0000260 seconds
[2022-06-16T20:11:23.975+0000][6424][safepoint    ] Application time: 0.0833283 seconds
[2022-06-16T20:11:23.975+0000][6424][safepoint    ] Entering safepoint region: CollectForMetadataAllocation
[2022-06-16T20:11:23.975+0000][6424][safepoint    ] Leaving safepoint region
[2022-06-16T20:11:23.975+0000][6424][safepoint    ] Total time for which application threads were stopped: 0.0001929 seconds, Stopping threads took: 0.0000215 seconds
[2022-06-16T20:11:23.975+0000][6424][safepoint    ] Application time: 0.0000330 seconds
[2022-06-16T20:11:23.975+0000][6424][safepoint    ] Entering safepoint region: CollectForMetadataAllocation
[2022-06-16T20:11:23.975+0000][6424][safepoint    ] Leaving safepoint region
[2022-06-16T20:11:23.975+0000][6424][safepoint    ] Total time for which application threads were stopped: 0.0001013 seconds, Stopping threads took: 0.0000707 seconds
[2022-06-16T20:11:23.990+0000][6424][safepoint    ] Application time: 0.0190334 seconds
[2022-06-16T20:11:23.990+0000][6424][safepoint    ] Entering safepoint region: CollectForMetadataAllocation
[2022-06-16T20:11:23.990+0000][6424][safepoint    ] Leaving safepoint region
[2022-06-16T20:11:23.990+0000][6424][safepoint    ] Total time for which application threads were stopped: 0.0001587 seconds, Stopping threads took: 0.0000219 seconds
[2022-06-16T20:11:24.006+0000][6424][safepoint    ] Application time: 0.0070599 seconds
[2022-06-16T20:11:24.006+0000][6424][safepoint    ] Entering safepoint region: CollectForMetadataAllocation
[2022-06-16T20:11:24.006+0000][6424][safepoint    ] Leaving safepoint region
[2022-06-16T20:11:24.006+0000][6424][safepoint    ] Total time for which application threads were stopped: 0.0001593 seconds, Stopping threads took: 0.0000226 seconds
[2022-06-16T20:11:24.115+0000][6424][safepoint    ] Application time: 0.1073097 seconds
[2022-06-16T20:11:24.115+0000][6424][safepoint    ] Entering safepoint region: CollectForMetadataAllocation
[2022-06-16T20:11:24.115+0000][6424][safepoint    ] Leaving safepoint region
[2022-06-16T20:11:24.115+0000][6424][safepoint    ] Total time for which application threads were stopped: 0.0001901 seconds, Stopping threads took: 0.0000282 seconds
[2022-06-16T20:11:24.115+0000][6424][safepoint    ] Application time: 0.0031796 seconds
[2022-06-16T20:11:24.115+0000][6424][safepoint    ] Entering safepoint region: RevokeBias
[2022-06-16T20:11:24.115+0000][6424][safepoint    ] Leaving safepoint region
[2022-06-16T20:11:24.115+0000][6424][safepoint    ] Total time for which application threads were stopped: 0.0000798 seconds, Stopping threads took: 0.0000183 seconds
[2022-06-16T20:11:24.225+0000][6424][safepoint    ] Application time: 0.1064860 seconds
[2022-06-16T20:11:24.225+0000][6424][safepoint    ] Entering safepoint region: CollectForMetadataAllocation
[2022-06-16T20:11:24.225+0000][6424][safepoint    ] Leaving safepoint region
[2022-06-16T20:11:24.225+0000][6424][safepoint    ] Total time for which application threads were stopped: 0.0001647 seconds, Stopping threads took: 0.0000274 seconds
[2022-06-16T20:11:25.022+0000][6424][safepoint    ] Application time: 0.8083400 seconds
[2022-06-16T20:11:25.022+0000][6424][safepoint    ] Entering safepoint region: CollectForMetadataAllocation
[2022-06-16T20:11:25.022+0000][6424][safepoint    ] Leaving safepoint region
[2022-06-16T20:11:25.022+0000][6424][safepoint    ] Total time for which application threads were stopped: 0.0002077 seconds, Stopping threads took: 0.0000284 seconds
[2022-06-16T20:11:25.615+0000][6424][safepoint    ] Application time: 0.5783585 seconds
[2022-06-16T20:11:25.615+0000][6424][safepoint    ] Entering safepoint region: CMS_Initial_Mark
[2022-06-16T20:11:25.615+0000][6424][gc,start     ] GC(0) Pause Initial Mark
[2022-06-16T20:11:25.647+0000][6424][gc           ] GC(0) Pause Initial Mark 90M->90M(1007M) 32.386ms
[2022-06-16T20:11:25.647+0000][6424][gc,cpu       ] GC(0) User=0.05s Sys=0.00s Real=0.03s
[2022-06-16T20:11:25.647+0000][6424][safepoint    ] Leaving safepoint region
[2022-06-16T20:11:25.647+0000][6424][safepoint    ] Total time for which application threads were stopped: 0.0326903 seconds, Stopping threads took: 0.0001348 seconds
[2022-06-16T20:11:25.647+0000][6424][gc           ] GC(0) Concurrent Mark
[2022-06-16T20:11:25.647+0000][6424][gc           ] GC(0) Concurrent Mark 4.577ms
[2022-06-16T20:11:25.647+0000][6424][gc,cpu       ] GC(0) User=0.00s Sys=0.00s Real=0.00s
[2022-06-16T20:11:25.647+0000][6424][gc           ] GC(0) Concurrent Preclean
[2022-06-16T20:11:25.647+0000][6424][gc           ] GC(0) Concurrent Preclean 1.930ms
[2022-06-16T20:11:25.647+0000][6424][gc,cpu       ] GC(0) User=0.00s Sys=0.00s Real=0.00s
[2022-06-16T20:11:25.647+0000][6424][gc           ] GC(0) Concurrent Abortable Preclean
[2022-06-16T20:11:26.662+0000][6424][safepoint    ] Application time: 1.0190425 seconds
[2022-06-16T20:11:26.959+0000][6424][safepoint    ] Entering safepoint region: Cleanup
[2022-06-16T20:11:26.959+0000][6424][safepoint    ] Leaving safepoint region
[2022-06-16T20:11:26.959+0000][6424][safepoint    ] Total time for which application threads were stopped: 0.3039954 seconds, Stopping threads took: 0.3039036 seconds
[2022-06-16T20:11:26.975+0000][6424][safepoint    ] Application time: 0.0150804 seconds
[2022-06-16T20:11:26.975+0000][6424][safepoint    ] Entering safepoint region: CollectForMetadataAllocation
[2022-06-16T20:11:26.975+0000][6424][safepoint    ] Leaving safepoint region
[2022-06-16T20:11:26.975+0000][6424][safepoint    ] Total time for which application threads were stopped: 0.0001840 seconds, Stopping threads took: 0.0000258 seconds
[2022-06-16T20:11:27.553+0000][6424][safepoint    ] Application time: 0.5805716 seconds
[2022-06-16T20:11:27.553+0000][6424][safepoint    ] Entering safepoint region: GenCollectForAllocation
[2022-06-16T20:11:27.553+0000][6424][gc,start     ] GC(1) Pause Young (Allocation Failure)
[2022-06-16T20:11:27.553+0000][6424][gc,task      ] GC(1) Using 2 workers of 2 for evacuation
[2022-06-16T20:11:27.631+0000][6424][gc           ] GC(0) Concurrent Abortable Preclean 1976.166ms
[2022-06-16T20:11:27.631+0000][6424][gc,cpu       ] GC(0) User=1.45s Sys=0.28s Real=1.98s
[2022-06-16T20:11:27.662+0000][6424][gc,age       ] GC(1) Desired survivor size 8716288 bytes, new threshold 6 (max threshold 6)
[2022-06-16T20:11:27.662+0000][6424][gc,age       ] GC(1) Age table with threshold 6 (max threshold 6)
[2022-06-16T20:11:27.662+0000][6424][gc,age       ] GC(1) - age   1:    8394680 bytes,    8394680 total
[2022-06-16T20:11:27.662+0000][6424][gc,heap      ] GC(1) ParNew: 136320K->8256K(153344K)
[2022-06-16T20:11:27.662+0000][6424][gc,heap      ] GC(1) CMS: 0K->0K(878208K)
[2022-06-16T20:11:27.662+0000][6424][gc,metaspace ] GC(1) Metaspace: 23161K->23161K(1071104K)
[2022-06-16T20:11:27.662+0000][6424][gc           ] GC(1) Pause Young (Allocation Failure) 133M->8M(1007M) 106.463ms
[2022-06-16T20:11:27.662+0000][6424][gc,cpu       ] GC(1) User=0.03s Sys=0.00s Real=0.11s
[2022-06-16T20:11:27.662+0000][6424][safepoint    ] Leaving safepoint region
[2022-06-16T20:11:27.662+0000][6424][safepoint    ] Total time for which application threads were stopped: 0.1067066 seconds, Stopping threads took: 0.0000312 seconds
[2022-06-16T20:11:27.662+0000][6424][safepoint    ] Application time: 0.0000461 seconds
[2022-06-16T20:11:27.662+0000][6424][safepoint    ] Entering safepoint region: CMS_Final_Remark
[2022-06-16T20:11:27.662+0000][6424][gc,start     ] GC(0) Pause Remark
[2022-06-16T20:11:27.678+0000][6424][gc           ] GC(0) Pause Remark 8M->8M(1007M) 9.454ms
[2022-06-16T20:11:27.678+0000][6424][gc,cpu       ] GC(0) User=0.03s Sys=0.00s Real=0.02s
[2022-06-16T20:11:27.678+0000][6424][safepoint    ] Leaving safepoint region
[2022-06-16T20:11:27.678+0000][6424][safepoint    ] Total time for which application threads were stopped: 0.0096186 seconds, Stopping threads took: 0.0000316 seconds
[2022-06-16T20:11:27.678+0000][6424][gc           ] GC(0) Concurrent Sweep
[2022-06-16T20:11:27.678+0000][6424][gc           ] GC(0) Concurrent Sweep 0.042ms
[2022-06-16T20:11:27.678+0000][6424][gc,cpu       ] GC(0) User=0.00s Sys=0.00s Real=0.00s
[2022-06-16T20:11:27.678+0000][6424][gc           ] GC(0) Concurrent Reset
[2022-06-16T20:11:27.678+0000][6424][gc           ] GC(0) Concurrent Reset 1.186ms
[2022-06-16T20:11:27.678+0000][6424][gc,cpu       ] GC(0) User=0.00s Sys=0.00s Real=0.00s
[2022-06-16T20:11:27.678+0000][6424][gc,heap      ] GC(0) Old: 0K->0K(878208K)
[2022-06-16T20:11:27.678+0000][6424][safepoint    ] Application time: 0.0014759 seconds
[2022-06-16T20:11:27.678+0000][6424][safepoint    ] Entering safepoint region: RevokeBias
[2022-06-16T20:11:27.678+0000][6424][safepoint    ] Leaving safepoint region
[2022-06-16T20:11:27.678+0000][6424][safepoint    ] Total time for which application threads were stopped: 0.0001243 seconds, Stopping threads took: 0.0000178 seconds
[2022-06-16T20:11:27.678+0000][6424][safepoint    ] Application time: 0.0000217 seconds
[2022-06-16T20:11:27.678+0000][6424][safepoint    ] Entering safepoint region: RevokeBias
[2022-06-16T20:11:27.678+0000][6424][safepoint    ] Leaving safepoint region
[2022-06-16T20:11:27.678+0000][6424][safepoint    ] Total time for which application threads were stopped: 0.0000949 seconds, Stopping threads took: 0.0000322 seconds
[2022-06-16T20:11:27.678+0000][6424][safepoint    ] Application time: 0.0000339 seconds
[2022-06-16T20:11:27.678+0000][6424][safepoint    ] Entering safepoint region: RevokeBias
[2022-06-16T20:11:27.678+0000][6424][safepoint    ] Leaving safepoint region
[2022-06-16T20:11:27.678+0000][6424][safepoint    ] Total time for which application threads were stopped: 0.0001513 seconds, Stopping threads took: 0.0000974 seconds
[2022-06-16T20:11:27.678+0000][6424][safepoint    ] Application time: 0.0000189 seconds
[2022-06-16T20:11:27.678+0000][6424][safepoint    ] Entering safepoint region: RevokeBias
[2022-06-16T20:11:27.678+0000][6424][safepoint    ] Leaving safepoint region
[2022-06-16T20:11:27.678+0000][6424][safepoint    ] Total time for which application threads were stopped: 0.0000737 seconds, Stopping threads took: 0.0000173 seconds
[2022-06-16T20:11:27.678+0000][6424][safepoint    ] Application time: 0.0000272 seconds
[2022-06-16T20:11:27.678+0000][6424][safepoint    ] Entering safepoint region: RevokeBias
[2022-06-16T20:11:27.678+0000][6424][safepoint    ] Leaving safepoint region
[2022-06-16T20:11:27.678+0000][6424][safepoint    ] Total time for which application threads were stopped: 0.0000681 seconds, Stopping threads took: 0.0000169 seconds
[2022-06-16T20:11:27.678+0000][6424][safepoint    ] Application time: 0.0000145 seconds
[2022-06-16T20:11:27.678+0000][6424][safepoint    ] Entering safepoint region: RevokeBias
[2022-06-16T20:11:27.678+0000][6424][safepoint    ] Leaving safepoint region
[2022-06-16T20:11:27.678+0000][6424][safepoint    ] Total time for which application threads were stopped: 0.0000641 seconds, Stopping threads took: 0.0000165 seconds
[2022-06-16T20:11:27.678+0000][6424][safepoint    ] Application time: 0.0000213 seconds
[2022-06-16T20:11:27.678+0000][6424][safepoint    ] Entering safepoint region: RevokeBias
[2022-06-16T20:11:27.678+0000][6424][safepoint    ] Leaving safepoint region
[2022-06-16T20:11:27.678+0000][6424][safepoint    ] Total time for which application threads were stopped: 0.0001122 seconds, Stopping threads took: 0.0000443 seconds
[2022-06-16T20:11:27.678+0000][6424][safepoint    ] Application time: 0.0000177 seconds
[2022-06-16T20:11:27.678+0000][6424][safepoint    ] Entering safepoint region: RevokeBias
[2022-06-16T20:11:27.678+0000][6424][safepoint    ] Leaving safepoint region
[2022-06-16T20:11:27.678+0000][6424][safepoint    ] Total time for which application threads were stopped: 0.0001072 seconds, Stopping threads took: 0.0000332 seconds
[2022-06-16T20:11:27.678+0000][6424][safepoint    ] Application time: 0.0000212 seconds
[2022-06-16T20:11:27.678+0000][6424][safepoint    ] Entering safepoint region: RevokeBias
[2022-06-16T20:11:27.678+0000][6424][safepoint    ] Leaving safepoint region
[2022-06-16T20:11:27.678+0000][6424][safepoint    ] Total time for which application threads were stopped: 0.0001144 seconds, Stopping threads took: 0.0000381 seconds
[2022-06-16T20:11:27.678+0000][6424][safepoint    ] Application time: 0.0000150 seconds
[2022-06-16T20:11:27.678+0000][6424][safepoint    ] Entering safepoint region: RevokeBias
[2022-06-16T20:11:27.678+0000][6424][safepoint    ] Leaving safepoint region
[2022-06-16T20:11:27.678+0000][6424][safepoint    ] Total time for which application threads were stopped: 0.0001085 seconds, Stopping threads took: 0.0000353 seconds
[2022-06-16T20:11:27.678+0000][6424][safepoint    ] Application time: 0.0000229 seconds
[2022-06-16T20:11:27.678+0000][6424][safepoint    ] Entering safepoint region: RevokeBias
[2022-06-16T20:11:27.678+0000][6424][safepoint    ] Leaving safepoint region
[2022-06-16T20:11:27.678+0000][6424][safepoint    ] Total time for which application threads were stopped: 0.0001073 seconds, Stopping threads took: 0.0000345 seconds
[2022-06-16T20:11:27.678+0000][6424][safepoint    ] Application time: 0.0000167 seconds
[2022-06-16T20:11:27.678+0000][6424][safepoint    ] Entering safepoint region: RevokeBias
[2022-06-16T20:11:27.678+0000][6424][safepoint    ] Leaving safepoint region
[2022-06-16T20:11:27.678+0000][6424][safepoint    ] Total time for which application threads were stopped: 0.0001166 seconds, Stopping threads took: 0.0000367 seconds
[2022-06-16T20:11:27.678+0000][6424][safepoint    ] Application time: 0.0000256 seconds
[2022-06-16T20:11:27.678+0000][6424][safepoint    ] Entering safepoint region: RevokeBias
[2022-06-16T20:11:27.678+0000][6424][safepoint    ] Leaving safepoint region
[2022-06-16T20:11:27.678+0000][6424][safepoint    ] Total time for which application threads were stopped: 0.0000595 seconds, Stopping threads took: 0.0000167 seconds
[2022-06-16T20:11:27.678+0000][6424][safepoint    ] Application time: 0.0000190 seconds
[2022-06-16T20:11:27.678+0000][6424][safepoint    ] Entering safepoint region: RevokeBias
[2022-06-16T20:11:27.678+0000][6424][safepoint    ] Leaving safepoint region
[2022-06-16T20:11:27.678+0000][6424][safepoint    ] Total time for which application threads were stopped: 0.0000531 seconds, Stopping threads took: 0.0000160 seconds
[2022-06-16T20:11:27.678+0000][6424][safepoint    ] Application time: 0.0000230 seconds
[2022-06-16T20:11:27.678+0000][6424][safepoint    ] Entering safepoint region: RevokeBias
[2022-06-16T20:11:27.678+0000][6424][safepoint    ] Leaving safepoint region
[2022-06-16T20:11:27.678+0000][6424][safepoint    ] Total time for which application threads were stopped: 0.0000536 seconds, Stopping threads took: 0.0000174 seconds
[2022-06-16T20:11:27.678+0000][6424][safepoint    ] Application time: 0.0000158 seconds
[2022-06-16T20:11:27.678+0000][6424][safepoint    ] Entering safepoint region: RevokeBias
[2022-06-16T20:11:27.678+0000][6424][safepoint    ] Leaving safepoint region
[2022-06-16T20:11:27.678+0000][6424][safepoint    ] Total time for which application threads were stopped: 0.0000949 seconds, Stopping threads took: 0.0000412 seconds
[2022-06-16T20:11:27.678+0000][6424][safepoint    ] Application time: 0.0000282 seconds
[2022-06-16T20:11:27.678+0000][6424][safepoint    ] Entering safepoint region: RevokeBias
[2022-06-16T20:11:27.678+0000][6424][safepoint    ] Leaving safepoint region
[2022-06-16T20:11:27.678+0000][6424][safepoint    ] Total time for which application threads were stopped: 0.0000693 seconds, Stopping threads took: 0.0000166 seconds
[2022-06-16T20:11:27.678+0000][6424][safepoint    ] Application time: 0.0000150 seconds
[2022-06-16T20:11:27.678+0000][6424][safepoint    ] Entering safepoint region: RevokeBias
[2022-06-16T20:11:27.678+0000][6424][safepoint    ] Leaving safepoint region
[2022-06-16T20:11:27.678+0000][6424][safepoint    ] Total time for which application threads were stopped: 0.0000983 seconds, Stopping threads took: 0.0000312 seconds
[2022-06-16T20:11:27.678+0000][6424][safepoint    ] Application time: 0.0000324 seconds
[2022-06-16T20:11:27.678+0000][6424][safepoint    ] Entering safepoint region: RevokeBias
[2022-06-16T20:11:27.678+0000][6424][safepoint    ] Leaving safepoint region
[2022-06-16T20:11:27.678+0000][6424][safepoint    ] Total time for which application threads were stopped: 0.0001025 seconds, Stopping threads took: 0.0000385 seconds
[2022-06-16T20:11:27.678+0000][6424][safepoint    ] Application time: 0.0000167 seconds
[2022-06-16T20:11:27.678+0000][6424][safepoint    ] Entering safepoint region: RevokeBias
[2022-06-16T20:11:27.678+0000][6424][safepoint    ] Leaving safepoint region
[2022-06-16T20:11:27.678+0000][6424][safepoint    ] Total time for which application threads were stopped: 0.0000971 seconds, Stopping threads took: 0.0000297 seconds
[2022-06-16T20:11:27.678+0000][6424][safepoint    ] Application time: 0.0000345 seconds
[2022-06-16T20:11:27.678+0000][6424][safepoint    ] Entering safepoint region: RevokeBias
[2022-06-16T20:11:27.678+0000][6424][safepoint    ] Leaving safepoint region
[2022-06-16T20:11:27.678+0000][6424][safepoint    ] Total time for which application threads were stopped: 0.0000843 seconds, Stopping threads took: 0.0000167 seconds
[2022-06-16T20:11:27.678+0000][6424][safepoint    ] Application time: 0.0000156 seconds
[2022-06-16T20:11:27.678+0000][6424][safepoint    ] Entering safepoint region: RevokeBias
[2022-06-16T20:11:27.678+0000][6424][safepoint    ] Leaving safepoint region
[2022-06-16T20:11:27.678+0000][6424][safepoint    ] Total time for which application threads were stopped: 0.0000842 seconds, Stopping threads took: 0.0000155 seconds
[2022-06-16T20:11:27.678+0000][6424][safepoint    ] Application time: 0.0000246 seconds
[2022-06-16T20:11:27.678+0000][6424][safepoint    ] Entering safepoint region: RevokeBias
[2022-06-16T20:11:27.678+0000][6424][safepoint    ] Leaving safepoint region
[2022-06-16T20:11:27.678+0000][6424][safepoint    ] Total time for which application threads were stopped: 0.0000906 seconds, Stopping threads took: 0.0000185 seconds
[2022-06-16T20:11:27.678+0000][6424][safepoint    ] Application time: 0.0000185 seconds
[2022-06-16T20:11:27.678+0000][6424][safepoint    ] Entering safepoint region: RevokeBias
[2022-06-16T20:11:27.678+0000][6424][safepoint    ] Leaving safepoint region
[2022-06-16T20:11:27.678+0000][6424][safepoint    ] Total time for which application threads were stopped: 0.0000855 seconds, Stopping threads took: 0.0000174 seconds
[2022-06-16T20:11:27.678+0000][6424][safepoint    ] Application time: 0.0000423 seconds
[2022-06-16T20:11:27.678+0000][6424][safepoint    ] Entering safepoint region: RevokeBias
[2022-06-16T20:11:27.678+0000][6424][safepoint    ] Leaving safepoint region
[2022-06-16T20:11:27.678+0000][6424][safepoint    ] Total time for which application threads were stopped: 0.0000827 seconds, Stopping threads took: 0.0000155 seconds
[2022-06-16T20:11:27.678+0000][6424][safepoint    ] Application time: 0.0000171 seconds
[2022-06-16T20:11:27.678+0000][6424][safepoint    ] Entering safepoint region: RevokeBias
[2022-06-16T20:11:27.678+0000][6424][safepoint    ] Leaving safepoint region
[2022-06-16T20:11:27.678+0000][6424][safepoint    ] Total time for which application threads were stopped: 0.0000849 seconds, Stopping threads took: 0.0000161 seconds
[2022-06-16T20:11:27.678+0000][6424][safepoint    ] Application time: 0.0001835 seconds
[2022-06-16T20:11:27.678+0000][6424][safepoint    ] Entering safepoint region: RevokeBias
[2022-06-16T20:11:27.678+0000][6424][safepoint    ] Leaving safepoint region
[2022-06-16T20:11:27.678+0000][6424][safepoint    ] Total time for which application threads were stopped: 0.0001036 seconds, Stopping threads took: 0.0000319 seconds
[2022-06-16T20:11:27.678+0000][6424][safepoint    ] Application time: 0.0000198 seconds
[2022-06-16T20:11:27.678+0000][6424][safepoint    ] Entering safepoint region: RevokeBias
[2022-06-16T20:11:27.678+0000][6424][safepoint    ] Leaving safepoint region
[2022-06-16T20:11:27.678+0000][6424][safepoint    ] Total time for which application threads were stopped: 0.0000867 seconds, Stopping threads took: 0.0000191 seconds
[2022-06-16T20:11:28.037+0000][6424][safepoint    ] Application time: 0.3554566 seconds
[2022-06-16T20:11:28.037+0000][6424][safepoint    ] Entering safepoint region: RevokeBias
[2022-06-16T20:11:28.037+0000][6424][safepoint    ] Leaving safepoint region
[2022-06-16T20:11:28.037+0000][6424][safepoint    ] Total time for which application threads were stopped: 0.0001075 seconds, Stopping threads took: 0.0000208 seconds
[2022-06-16T20:11:29.053+0000][6424][safepoint    ] Application time: 1.0076286 seconds
[2022-06-16T20:11:29.053+0000][6424][safepoint    ] Entering safepoint region: Cleanup
[2022-06-16T20:11:29.053+0000][6424][safepoint    ] Leaving safepoint region
[2022-06-16T20:11:29.053+0000][6424][safepoint    ] Total time for which application threads were stopped: 0.0001769 seconds, Stopping threads took: 0.0000714 seconds
[2022-06-16T20:11:29.334+0000][6424][safepoint    ] Application time: 0.2881301 seconds
[2022-06-16T20:11:29.334+0000][6424][safepoint    ] Entering safepoint region: GenCollectForAllocation
[2022-06-16T20:11:29.334+0000][6424][gc,start     ] GC(2) Pause Young (Allocation Failure)
[2022-06-16T20:11:29.334+0000][6424][gc,task      ] GC(2) Using 2 workers of 2 for evacuation
[2022-06-16T20:11:29.350+0000][6424][gc,age       ] GC(2) Desired survivor size 8716288 bytes, new threshold 2 (max threshold 6)
[2022-06-16T20:11:29.350+0000][6424][gc,age       ] GC(2) Age table with threshold 2 (max threshold 6)
[2022-06-16T20:11:29.350+0000][6424][gc,age       ] GC(2) - age   1:    1708168 bytes,    1708168 total
[2022-06-16T20:11:29.350+0000][6424][gc,age       ] GC(2) - age   2:    8282600 bytes,    9990768 total
[2022-06-16T20:11:29.350+0000][6424][gc,heap      ] GC(2) ParNew: 144576K->11202K(153344K)
[2022-06-16T20:11:29.350+0000][6424][gc,heap      ] GC(2) CMS: 0K->0K(878208K)
[2022-06-16T20:11:29.350+0000][6424][gc,metaspace ] GC(2) Metaspace: 25116K->25116K(1073152K)
[2022-06-16T20:11:29.350+0000][6424][gc           ] GC(2) Pause Young (Allocation Failure) 141M->10M(1007M) 17.136ms
[2022-06-16T20:11:29.350+0000][6424][gc,cpu       ] GC(2) User=0.03s Sys=0.00s Real=0.02s
[2022-06-16T20:11:29.350+0000][6424][safepoint    ] Leaving safepoint region
[2022-06-16T20:11:29.350+0000][6424][safepoint    ] Total time for which application threads were stopped: 0.0173225 seconds, Stopping threads took: 0.0000248 seconds
[2022-06-16T20:11:29.350+0000][6424][safepoint    ] Application time: 0.0004354 seconds
[2022-06-16T20:11:29.350+0000][6424][safepoint    ] Entering safepoint region: BulkRevokeBias
[2022-06-16T20:11:29.350+0000][6424][safepoint    ] Leaving safepoint region
[2022-06-16T20:11:29.350+0000][6424][safepoint    ] Total time for which application threads were stopped: 0.0001121 seconds, Stopping threads took: 0.0000274 seconds
[2022-06-16T20:11:29.350+0000][6424][safepoint    ] Application time: 0.0000594 seconds
[2022-06-16T20:11:29.350+0000][6424][safepoint    ] Entering safepoint region: RevokeBias
[2022-06-16T20:11:29.350+0000][6424][safepoint    ] Leaving safepoint region
[2022-06-16T20:11:29.350+0000][6424][safepoint    ] Total time for which application threads were stopped: 0.0000685 seconds, Stopping threads took: 0.0000181 seconds
[2022-06-16T20:11:29.350+0000][6424][safepoint    ] Application time: 0.0000111 seconds
[2022-06-16T20:11:29.350+0000][6424][safepoint    ] Entering safepoint region: RevokeBias
[2022-06-16T20:11:29.350+0000][6424][safepoint    ] Leaving safepoint region
[2022-06-16T20:11:29.350+0000][6424][safepoint    ] Total time for which application threads were stopped: 0.0000602 seconds, Stopping threads took: 0.0000173 seconds
[2022-06-16T20:11:29.350+0000][6424][safepoint    ] Application time: 0.0000870 seconds
[2022-06-16T20:11:29.350+0000][6424][safepoint    ] Entering safepoint region: RevokeBias
[2022-06-16T20:11:29.350+0000][6424][safepoint    ] Leaving safepoint region
[2022-06-16T20:11:29.350+0000][6424][safepoint    ] Total time for which application threads were stopped: 0.0000665 seconds, Stopping threads took: 0.0000183 seconds
[2022-06-16T20:11:29.350+0000][6424][safepoint    ] Application time: 0.0000111 seconds
[2022-06-16T20:11:29.350+0000][6424][safepoint    ] Entering safepoint region: RevokeBias
[2022-06-16T20:11:29.350+0000][6424][safepoint    ] Leaving safepoint region
[2022-06-16T20:11:29.350+0000][6424][safepoint    ] Total time for which application threads were stopped: 0.0000688 seconds, Stopping threads took: 0.0000174 seconds
[2022-06-16T20:11:29.350+0000][6424][safepoint    ] Application time: 0.0000151 seconds
[2022-06-16T20:11:29.350+0000][6424][safepoint    ] Entering safepoint region: RevokeBias
[2022-06-16T20:11:29.350+0000][6424][safepoint    ] Leaving safepoint region
[2022-06-16T20:11:29.350+0000][6424][safepoint    ] Total time for which application threads were stopped: 0.0000626 seconds, Stopping threads took: 0.0000181 seconds
[2022-06-16T20:11:29.350+0000][6424][safepoint    ] Application time: 0.0000135 seconds
[2022-06-16T20:11:29.350+0000][6424][safepoint    ] Entering safepoint region: RevokeBias
[2022-06-16T20:11:29.350+0000][6424][safepoint    ] Leaving safepoint region
[2022-06-16T20:11:29.350+0000][6424][safepoint    ] Total time for which application threads were stopped: 0.0000641 seconds, Stopping threads took: 0.0000190 seconds
[2022-06-16T20:11:29.350+0000][6424][safepoint    ] Application time: 0.0000100 seconds
[2022-06-16T20:11:29.350+0000][6424][safepoint    ] Entering safepoint region: RevokeBias
[2022-06-16T20:11:29.350+0000][6424][safepoint    ] Leaving safepoint region
[2022-06-16T20:11:29.350+0000][6424][safepoint    ] Total time for which application threads were stopped: 0.0000617 seconds, Stopping threads took: 0.0000182 seconds
[2022-06-16T20:11:29.350+0000][6424][safepoint    ] Application time: 0.0000194 seconds
[2022-06-16T20:11:29.350+0000][6424][safepoint    ] Entering safepoint region: RevokeBias
[2022-06-16T20:11:29.350+0000][6424][safepoint    ] Leaving safepoint region
[2022-06-16T20:11:29.350+0000][6424][safepoint    ] Total time for which application threads were stopped: 0.0000665 seconds, Stopping threads took: 0.0000192 seconds
[2022-06-16T20:11:29.350+0000][6424][safepoint    ] Application time: 0.0000105 seconds
[2022-06-16T20:11:29.350+0000][6424][safepoint    ] Entering safepoint region: RevokeBias
[2022-06-16T20:11:29.350+0000][6424][safepoint    ] Leaving safepoint region
[2022-06-16T20:11:29.350+0000][6424][safepoint    ] Total time for which application threads were stopped: 0.0000614 seconds, Stopping threads took: 0.0000184 seconds
[2022-06-16T20:11:29.350+0000][6424][safepoint    ] Application time: 0.0000130 seconds
[2022-06-16T20:11:29.350+0000][6424][safepoint    ] Entering safepoint region: BulkRevokeBias
[2022-06-16T20:11:29.350+0000][6424][safepoint    ] Leaving safepoint region
[2022-06-16T20:11:29.350+0000][6424][safepoint    ] Total time for which application threads were stopped: 0.0000777 seconds, Stopping threads took: 0.0000184 seconds
[2022-06-16T20:11:29.350+0000][6424][safepoint    ] Application time: 0.0000109 seconds
[2022-06-16T20:11:29.350+0000][6424][safepoint    ] Entering safepoint region: BulkRevokeBias
[2022-06-16T20:11:29.350+0000][6424][safepoint    ] Leaving safepoint region
[2022-06-16T20:11:29.350+0000][6424][safepoint    ] Total time for which application threads were stopped: 0.0000760 seconds, Stopping threads took: 0.0000183 seconds
[2022-06-16T20:11:29.975+0000][6424][safepoint    ] Application time: 0.6229476 seconds
[2022-06-16T20:11:29.975+0000][6424][safepoint    ] Entering safepoint region: Deoptimize
[2022-06-16T20:11:29.975+0000][6424][safepoint    ] Leaving safepoint region
[2022-06-16T20:11:29.975+0000][6424][safepoint    ] Total time for which application threads were stopped: 0.0004138 seconds, Stopping threads took: 0.0000260 seconds
[2022-06-16T20:11:29.990+0000][6424][safepoint    ] Application time: 0.0144840 seconds
[2022-06-16T20:11:29.990+0000][6424][safepoint    ] Entering safepoint region: RevokeBias
[2022-06-16T20:11:29.990+0000][6424][safepoint    ] Leaving safepoint region
[2022-06-16T20:11:29.990+0000][6424][safepoint    ] Total time for which application threads were stopped: 0.0000963 seconds, Stopping threads took: 0.0000252 seconds
[2022-06-16T20:11:30.381+0000][6424][safepoint    ] Application time: 0.3935128 seconds
[2022-06-16T20:11:30.381+0000][6424][safepoint    ] Entering safepoint region: GenCollectForAllocation
[2022-06-16T20:11:30.381+0000][6424][gc,start     ] GC(3) Pause Young (Allocation Failure)
[2022-06-16T20:11:30.381+0000][6424][gc,task      ] GC(3) Using 2 workers of 2 for evacuation
[2022-06-16T20:11:30.428+0000][6424][gc,age       ] GC(3) Desired survivor size 8716288 bytes, new threshold 6 (max threshold 6)
[2022-06-16T20:11:30.428+0000][6424][gc,age       ] GC(3) Age table with threshold 6 (max threshold 6)
[2022-06-16T20:11:30.428+0000][6424][gc,age       ] GC(3) - age   1:    3790560 bytes,    3790560 total
[2022-06-16T20:11:30.428+0000][6424][gc,age       ] GC(3) - age   2:    1678712 bytes,    5469272 total
[2022-06-16T20:11:30.428+0000][6424][gc,heap      ] GC(3) ParNew: 147522K->8717K(153344K)
[2022-06-16T20:11:30.428+0000][6424][gc,heap      ] GC(3) CMS: 0K->8928K(878208K)
[2022-06-16T20:11:30.428+0000][6424][gc,metaspace ] GC(3) Metaspace: 25779K->25779K(1073152K)
[2022-06-16T20:11:30.428+0000][6424][gc           ] GC(3) Pause Young (Allocation Failure) 144M->17M(1007M) 42.732ms
[2022-06-16T20:11:30.428+0000][6424][gc,cpu       ] GC(3) User=0.09s Sys=0.00s Real=0.05s
[2022-06-16T20:11:30.428+0000][6424][safepoint    ] Leaving safepoint region
[2022-06-16T20:11:30.428+0000][6424][safepoint    ] Total time for which application threads were stopped: 0.0429407 seconds, Stopping threads took: 0.0000374 seconds
[2022-06-16T20:11:30.428+0000][6424][safepoint    ] Application time: 0.0000852 seconds
[2022-06-16T20:11:30.428+0000][6424][safepoint    ] Entering safepoint region: RevokeBias
[2022-06-16T20:11:30.428+0000][6424][safepoint    ] Leaving safepoint region
[2022-06-16T20:11:30.428+0000][6424][safepoint    ] Total time for which application threads were stopped: 0.0001493 seconds, Stopping threads took: 0.0000680 seconds
[2022-06-16T20:11:30.428+0000][6424][safepoint    ] Application time: 0.0000275 seconds
[2022-06-16T20:11:30.428+0000][6424][safepoint    ] Entering safepoint region: RevokeBias
[2022-06-16T20:11:30.428+0000][6424][safepoint    ] Leaving safepoint region
[2022-06-16T20:11:30.428+0000][6424][safepoint    ] Total time for which application threads were stopped: 0.0000633 seconds, Stopping threads took: 0.0000170 seconds
[2022-06-16T20:11:30.428+0000][6424][safepoint    ] Application time: 0.0000245 seconds
[2022-06-16T20:11:30.428+0000][6424][safepoint    ] Entering safepoint region: RevokeBias
[2022-06-16T20:11:30.428+0000][6424][safepoint    ] Leaving safepoint region
[2022-06-16T20:11:30.428+0000][6424][safepoint    ] Total time for which application threads were stopped: 0.0001791 seconds, Stopping threads took: 0.0001153 seconds
[2022-06-16T20:11:30.428+0000][6424][safepoint    ] Application time: 0.0000269 seconds
[2022-06-16T20:11:30.428+0000][6424][safepoint    ] Entering safepoint region: RevokeBias
[2022-06-16T20:11:30.428+0000][6424][safepoint    ] Leaving safepoint region
[2022-06-16T20:11:30.428+0000][6424][safepoint    ] Total time for which application threads were stopped: 0.0000688 seconds, Stopping threads took: 0.0000171 seconds
[2022-06-16T20:11:30.428+0000][6424][safepoint    ] Application time: 0.0000166 seconds
[2022-06-16T20:11:30.428+0000][6424][safepoint    ] Entering safepoint region: RevokeBias
[2022-06-16T20:11:30.428+0000][6424][safepoint    ] Leaving safepoint region
[2022-06-16T20:11:30.428+0000][6424][safepoint    ] Total time for which application threads were stopped: 0.0000635 seconds, Stopping threads took: 0.0000170 seconds
[2022-06-16T20:11:30.428+0000][6424][safepoint    ] Application time: 0.0000212 seconds
[2022-06-16T20:11:30.428+0000][6424][safepoint    ] Entering safepoint region: RevokeBias
[2022-06-16T20:11:30.428+0000][6424][safepoint    ] Leaving safepoint region
[2022-06-16T20:11:30.428+0000][6424][safepoint    ] Total time for which application threads were stopped: 0.0000597 seconds, Stopping threads took: 0.0000166 seconds
[2022-06-16T20:11:30.428+0000][6424][safepoint    ] Application time: 0.0000176 seconds
[2022-06-16T20:11:30.428+0000][6424][safepoint    ] Entering safepoint region: RevokeBias
[2022-06-16T20:11:30.428+0000][6424][safepoint    ] Leaving safepoint region
[2022-06-16T20:11:30.428+0000][6424][safepoint    ] Total time for which application threads were stopped: 0.0001625 seconds, Stopping threads took: 0.0000991 seconds
[2022-06-16T20:11:30.428+0000][6424][safepoint    ] Application time: 0.0000666 seconds
[2022-06-16T20:11:30.428+0000][6424][safepoint    ] Entering safepoint region: RevokeBias
[2022-06-16T20:11:30.428+0000][6424][safepoint    ] Leaving safepoint region
[2022-06-16T20:11:30.428+0000][6424][safepoint    ] Total time for which application threads were stopped: 0.0001283 seconds, Stopping threads took: 0.0000616 seconds
[2022-06-16T20:11:30.428+0000][6424][safepoint    ] Application time: 0.0000281 seconds
[2022-06-16T20:11:30.428+0000][6424][safepoint    ] Entering safepoint region: RevokeBias
[2022-06-16T20:11:30.428+0000][6424][safepoint    ] Leaving safepoint region
[2022-06-16T20:11:30.428+0000][6424][safepoint    ] Total time for which application threads were stopped: 0.0001077 seconds, Stopping threads took: 0.0000513 seconds
[2022-06-16T20:11:30.428+0000][6424][safepoint    ] Application time: 0.0000187 seconds
[2022-06-16T20:11:30.428+0000][6424][safepoint    ] Entering safepoint region: RevokeBias
[2022-06-16T20:11:30.428+0000][6424][safepoint    ] Leaving safepoint region
[2022-06-16T20:11:30.428+0000][6424][safepoint    ] Total time for which application threads were stopped: 0.0000755 seconds, Stopping threads took: 0.0000213 seconds
[2022-06-16T20:11:30.428+0000][6424][safepoint    ] Application time: 0.0000226 seconds
[2022-06-16T20:11:30.428+0000][6424][safepoint    ] Entering safepoint region: RevokeBias
[2022-06-16T20:11:30.428+0000][6424][safepoint    ] Leaving safepoint region
[2022-06-16T20:11:30.428+0000][6424][safepoint    ] Total time for which application threads were stopped: 0.0001500 seconds, Stopping threads took: 0.0000921 seconds
[2022-06-16T20:11:30.428+0000][6424][safepoint    ] Application time: 0.0000235 seconds
[2022-06-16T20:11:30.428+0000][6424][safepoint    ] Entering safepoint region: RevokeBias
[2022-06-16T20:11:30.428+0000][6424][safepoint    ] Leaving safepoint region
[2022-06-16T20:11:30.428+0000][6424][safepoint    ] Total time for which application threads were stopped: 0.0001066 seconds, Stopping threads took: 0.0000511 seconds
[2022-06-16T20:11:30.428+0000][6424][safepoint    ] Application time: 0.0000314 seconds
[2022-06-16T20:11:30.428+0000][6424][safepoint    ] Entering safepoint region: RevokeBias
[2022-06-16T20:11:30.428+0000][6424][safepoint    ] Leaving safepoint region
[2022-06-16T20:11:30.428+0000][6424][safepoint    ] Total time for which application threads were stopped: 0.0000739 seconds, Stopping threads took: 0.0000300 seconds
[2022-06-16T20:11:30.428+0000][6424][safepoint    ] Application time: 0.0000203 seconds
[2022-06-16T20:11:30.428+0000][6424][safepoint    ] Entering safepoint region: RevokeBias
[2022-06-16T20:11:30.428+0000][6424][safepoint    ] Leaving safepoint region
[2022-06-16T20:11:30.428+0000][6424][safepoint    ] Total time for which application threads were stopped: 0.0001219 seconds, Stopping threads took: 0.0000652 seconds
[2022-06-16T20:11:30.428+0000][6424][safepoint    ] Application time: 0.0000215 seconds
[2022-06-16T20:11:30.428+0000][6424][safepoint    ] Entering safepoint region: RevokeBias
[2022-06-16T20:11:30.428+0000][6424][safepoint    ] Leaving safepoint region
[2022-06-16T20:11:30.428+0000][6424][safepoint    ] Total time for which application threads were stopped: 0.0001515 seconds, Stopping threads took: 0.0000973 seconds
[2022-06-16T20:11:30.428+0000][6424][safepoint    ] Application time: 0.0000133 seconds
[2022-06-16T20:11:30.428+0000][6424][safepoint    ] Entering safepoint region: RevokeBias
[2022-06-16T20:11:30.428+0000][6424][safepoint    ] Leaving safepoint region
[2022-06-16T20:11:30.428+0000][6424][safepoint    ] Total time for which application threads were stopped: 0.0000656 seconds, Stopping threads took: 0.0000175 seconds
[2022-06-16T20:11:30.428+0000][6424][safepoint    ] Application time: 0.0000364 seconds
[2022-06-16T20:11:30.428+0000][6424][safepoint    ] Entering safepoint region: RevokeBias
[2022-06-16T20:11:30.428+0000][6424][safepoint    ] Leaving safepoint region
[2022-06-16T20:11:30.428+0000][6424][safepoint    ] Total time for which application threads were stopped: 0.0000898 seconds, Stopping threads took: 0.0000385 seconds
[2022-06-16T20:11:30.428+0000][6424][safepoint    ] Application time: 0.0000189 seconds
[2022-06-16T20:11:30.428+0000][6424][safepoint    ] Entering safepoint region: RevokeBias
[2022-06-16T20:11:30.428+0000][6424][safepoint    ] Leaving safepoint region
[2022-06-16T20:11:30.428+0000][6424][safepoint    ] Total time for which application threads were stopped: 0.0000938 seconds, Stopping threads took: 0.0000366 seconds
[2022-06-16T20:11:30.428+0000][6424][safepoint    ] Application time: 0.0000179 seconds
[2022-06-16T20:11:30.428+0000][6424][safepoint    ] Entering safepoint region: RevokeBias
[2022-06-16T20:11:30.428+0000][6424][safepoint    ] Leaving safepoint region
[2022-06-16T20:11:30.428+0000][6424][safepoint    ] Total time for which application threads were stopped: 0.0000863 seconds, Stopping threads took: 0.0000360 seconds
[2022-06-16T20:11:30.428+0000][6424][safepoint    ] Application time: 0.0000134 seconds
[2022-06-16T20:11:30.428+0000][6424][safepoint    ] Entering safepoint region: RevokeBias
[2022-06-16T20:11:30.428+0000][6424][safepoint    ] Leaving safepoint region
[2022-06-16T20:11:30.428+0000][6424][safepoint    ] Total time for which application threads were stopped: 0.0000606 seconds, Stopping threads took: 0.0000176 seconds
[2022-06-16T20:11:30.428+0000][6424][safepoint    ] Application time: 0.0000550 seconds
[2022-06-16T20:11:30.428+0000][6424][safepoint    ] Entering safepoint region: RevokeBias
[2022-06-16T20:11:30.428+0000][6424][safepoint    ] Leaving safepoint region
[2022-06-16T20:11:30.428+0000][6424][safepoint    ] Total time for which application threads were stopped: 0.0000607 seconds, Stopping threads took: 0.0000172 seconds
[2022-06-16T20:11:30.428+0000][6424][safepoint    ] Application time: 0.0000109 seconds
[2022-06-16T20:11:30.428+0000][6424][safepoint    ] Entering safepoint region: RevokeBias
[2022-06-16T20:11:30.428+0000][6424][safepoint    ] Leaving safepoint region
[2022-06-16T20:11:30.428+0000][6424][safepoint    ] Total time for which application threads were stopped: 0.0000606 seconds, Stopping threads took: 0.0000174 seconds
[2022-06-16T20:11:30.428+0000][6424][safepoint    ] Application time: 0.0000110 seconds
[2022-06-16T20:11:30.428+0000][6424][safepoint    ] Entering safepoint region: RevokeBias
[2022-06-16T20:11:30.428+0000][6424][safepoint    ] Leaving safepoint region
[2022-06-16T20:11:30.428+0000][6424][safepoint    ] Total time for which application threads were stopped: 0.0000616 seconds, Stopping threads took: 0.0000181 seconds
[2022-06-16T20:11:30.428+0000][6424][safepoint    ] Application time: 0.0000097 seconds
[2022-06-16T20:11:30.428+0000][6424][safepoint    ] Entering safepoint region: BulkRevokeBias
[2022-06-16T20:11:30.428+0000][6424][safepoint    ] Leaving safepoint region
[2022-06-16T20:11:30.428+0000][6424][safepoint    ] Total time for which application threads were stopped: 0.0000741 seconds, Stopping threads took: 0.0000169 seconds
[2022-06-16T20:11:30.849+0000][6424][safepoint    ] Application time: 0.4139254 seconds
[2022-06-16T20:11:30.849+0000][6424][safepoint    ] Entering safepoint region: GenCollectForAllocation
[2022-06-16T20:11:30.849+0000][6424][gc,start     ] GC(4) Pause Young (Allocation Failure)
[2022-06-16T20:11:30.849+0000][6424][gc,task      ] GC(4) Using 2 workers of 2 for evacuation
[2022-06-16T20:11:30.849+0000][6424][gc,age       ] GC(4) Desired survivor size 8716288 bytes, new threshold 6 (max threshold 6)
[2022-06-16T20:11:30.849+0000][6424][gc,age       ] GC(4) Age table with threshold 6 (max threshold 6)
[2022-06-16T20:11:30.849+0000][6424][gc,age       ] GC(4) - age   1:    2607240 bytes,    2607240 total
[2022-06-16T20:11:30.849+0000][6424][gc,age       ] GC(4) - age   2:    1683960 bytes,    4291200 total
[2022-06-16T20:11:30.849+0000][6424][gc,age       ] GC(4) - age   3:    1678688 bytes,    5969888 total
[2022-06-16T20:11:30.849+0000][6424][gc,heap      ] GC(4) ParNew: 145037K->9277K(153344K)
[2022-06-16T20:11:30.849+0000][6424][gc,heap      ] GC(4) CMS: 8928K->8928K(878208K)
[2022-06-16T20:11:30.849+0000][6424][gc,metaspace ] GC(4) Metaspace: 25899K->25899K(1073152K)
[2022-06-16T20:11:30.849+0000][6424][gc           ] GC(4) Pause Young (Allocation Failure) 150M->17M(1007M) 10.402ms
[2022-06-16T20:11:30.849+0000][6424][gc,cpu       ] GC(4) User=0.00s Sys=0.00s Real=0.00s
[2022-06-16T20:11:30.849+0000][6424][safepoint    ] Leaving safepoint region
[2022-06-16T20:11:30.849+0000][6424][safepoint    ] Total time for which application threads were stopped: 0.0105760 seconds, Stopping threads took: 0.0000222 seconds
[2022-06-16T20:11:30.849+0000][6424][safepoint    ] Application time: 0.0000743 seconds
[2022-06-16T20:11:30.849+0000][6424][safepoint    ] Entering safepoint region: RevokeBias
[2022-06-16T20:11:30.849+0000][6424][safepoint    ] Leaving safepoint region
[2022-06-16T20:11:30.849+0000][6424][safepoint    ] Total time for which application threads were stopped: 0.0000871 seconds, Stopping threads took: 0.0000293 seconds
[2022-06-16T20:11:30.849+0000][6424][safepoint    ] Application time: 0.0000179 seconds
[2022-06-16T20:11:30.849+0000][6424][safepoint    ] Entering safepoint region: RevokeBias
[2022-06-16T20:11:30.849+0000][6424][safepoint    ] Leaving safepoint region
[2022-06-16T20:11:30.849+0000][6424][safepoint    ] Total time for which application threads were stopped: 0.0000695 seconds, Stopping threads took: 0.0000300 seconds
[2022-06-16T20:11:30.849+0000][6424][safepoint    ] Application time: 0.0000126 seconds
[2022-06-16T20:11:30.849+0000][6424][safepoint    ] Entering safepoint region: RevokeBias
[2022-06-16T20:11:30.849+0000][6424][safepoint    ] Leaving safepoint region
[2022-06-16T20:11:30.849+0000][6424][safepoint    ] Total time for which application threads were stopped: 0.0000526 seconds, Stopping threads took: 0.0000171 seconds
[2022-06-16T20:11:31.376+0000][6424][safepoint    ] Application time: 0.5243860 seconds
[2022-06-16T20:11:31.376+0000][6424][safepoint    ] Entering safepoint region: GenCollectForAllocation
[2022-06-16T20:11:31.376+0000][6424][gc,start     ] GC(5) Pause Young (Allocation Failure)
[2022-06-16T20:11:31.376+0000][6424][gc,task      ] GC(5) Using 2 workers of 2 for evacuation
[2022-06-16T20:11:31.391+0000][6424][gc,age       ] GC(5) Desired survivor size 8716288 bytes, new threshold 6 (max threshold 6)
[2022-06-16T20:11:31.391+0000][6424][gc,age       ] GC(5) Age table with threshold 6 (max threshold 6)
[2022-06-16T20:11:31.391+0000][6424][gc,age       ] GC(5) - age   1:    1782600 bytes,    1782600 total
[2022-06-16T20:11:31.391+0000][6424][gc,age       ] GC(5) - age   2:     290896 bytes,    2073496 total
[2022-06-16T20:11:31.391+0000][6424][gc,age       ] GC(5) - age   3:    1683912 bytes,    3757408 total
[2022-06-16T20:11:31.391+0000][6424][gc,age       ] GC(5) - age   4:    1676264 bytes,    5433672 total
[2022-06-16T20:11:31.391+0000][6424][gc,heap      ] GC(5) ParNew: 145597K->5918K(153344K)
[2022-06-16T20:11:31.391+0000][6424][gc,heap      ] GC(5) CMS: 8928K->8928K(878208K)
[2022-06-16T20:11:31.391+0000][6424][gc,metaspace ] GC(5) Metaspace: 26554K->26554K(1073152K)
[2022-06-16T20:11:31.391+0000][6424][gc           ] GC(5) Pause Young (Allocation Failure) 150M->14M(1007M) 7.572ms
[2022-06-16T20:11:31.391+0000][6424][gc,cpu       ] GC(5) User=0.03s Sys=0.00s Real=0.02s
[2022-06-16T20:11:31.391+0000][6424][safepoint    ] Leaving safepoint region
[2022-06-16T20:11:31.391+0000][6424][safepoint    ] Total time for which application threads were stopped: 0.0077543 seconds, Stopping threads took: 0.0000268 seconds
[2022-06-16T20:11:31.391+0000][6424][safepoint    ] Application time: 0.0000765 seconds
[2022-06-16T20:11:31.391+0000][6424][safepoint    ] Entering safepoint region: RevokeBias
[2022-06-16T20:11:31.391+0000][6424][safepoint    ] Leaving safepoint region
[2022-06-16T20:11:31.391+0000][6424][safepoint    ] Total time for which application threads were stopped: 0.0001981 seconds, Stopping threads took: 0.0000523 seconds
[2022-06-16T20:11:31.391+0000][6424][safepoint    ] Application time: 0.0000849 seconds
[2022-06-16T20:11:31.391+0000][6424][safepoint    ] Entering safepoint region: RevokeBias
[2022-06-16T20:11:31.391+0000][6424][safepoint    ] Leaving safepoint region
[2022-06-16T20:11:31.391+0000][6424][safepoint    ] Total time for which application threads were stopped: 0.0000952 seconds, Stopping threads took: 0.0000201 seconds
[2022-06-16T20:11:31.391+0000][6424][safepoint    ] Application time: 0.0000256 seconds
[2022-06-16T20:11:31.391+0000][6424][safepoint    ] Entering safepoint region: RevokeBias
[2022-06-16T20:11:31.391+0000][6424][safepoint    ] Leaving safepoint region
[2022-06-16T20:11:31.391+0000][6424][safepoint    ] Total time for which application threads were stopped: 0.0001978 seconds, Stopping threads took: 0.0001213 seconds
[2022-06-16T20:11:31.391+0000][6424][safepoint    ] Application time: 0.0000228 seconds
[2022-06-16T20:11:31.391+0000][6424][safepoint    ] Entering safepoint region: RevokeBias
[2022-06-16T20:11:31.391+0000][6424][safepoint    ] Leaving safepoint region
[2022-06-16T20:11:31.391+0000][6424][safepoint    ] Total time for which application threads were stopped: 0.0000932 seconds, Stopping threads took: 0.0000196 seconds
[2022-06-16T20:11:31.391+0000][6424][safepoint    ] Application time: 0.0000185 seconds
[2022-06-16T20:11:31.391+0000][6424][safepoint    ] Entering safepoint region: RevokeBias
[2022-06-16T20:11:31.391+0000][6424][safepoint    ] Leaving safepoint region
[2022-06-16T20:11:31.391+0000][6424][safepoint    ] Total time for which application threads were stopped: 0.0001091 seconds, Stopping threads took: 0.0000387 seconds
[2022-06-16T20:11:31.391+0000][6424][safepoint    ] Application time: 0.0000174 seconds
[2022-06-16T20:11:31.391+0000][6424][safepoint    ] Entering safepoint region: RevokeBias
[2022-06-16T20:11:31.391+0000][6424][safepoint    ] Leaving safepoint region
[2022-06-16T20:11:31.391+0000][6424][safepoint    ] Total time for which application threads were stopped: 0.0001057 seconds, Stopping threads took: 0.0000351 seconds
[2022-06-16T20:11:32.407+0000][6424][safepoint    ] Application time: 1.0093475 seconds
[2022-06-16T20:11:32.407+0000][6424][safepoint    ] Entering safepoint region: Cleanup
[2022-06-16T20:11:32.407+0000][6424][safepoint    ] Leaving safepoint region
[2022-06-16T20:11:32.407+0000][6424][safepoint    ] Total time for which application threads were stopped: 0.0000793 seconds, Stopping threads took: 0.0000249 seconds
[2022-06-16T20:11:33.329+0000][6424][safepoint    ] Application time: 0.9372218 seconds
[2022-06-16T20:11:33.329+0000][6424][safepoint    ] Entering safepoint region: GenCollectForAllocation
[2022-06-16T20:11:33.345+0000][6424][gc,start     ] GC(6) Pause Young (Allocation Failure)
[2022-06-16T20:11:33.345+0000][6424][gc,task      ] GC(6) Using 2 workers of 2 for evacuation
[2022-06-16T20:11:33.345+0000][6424][gc,age       ] GC(6) Desired survivor size 8716288 bytes, new threshold 6 (max threshold 6)
[2022-06-16T20:11:33.345+0000][6424][gc,age       ] GC(6) Age table with threshold 6 (max threshold 6)
[2022-06-16T20:11:33.345+0000][6424][gc,age       ] GC(6) - age   1:    2794056 bytes,    2794056 total
[2022-06-16T20:11:33.345+0000][6424][gc,age       ] GC(6) - age   2:    1760320 bytes,    4554376 total
[2022-06-16T20:11:33.345+0000][6424][gc,age       ] GC(6) - age   3:     290896 bytes,    4845272 total
[2022-06-16T20:11:33.345+0000][6424][gc,age       ] GC(6) - age   4:    1683912 bytes,    6529184 total
[2022-06-16T20:11:33.345+0000][6424][gc,age       ] GC(6) - age   5:    1675472 bytes,    8204656 total
[2022-06-16T20:11:33.345+0000][6424][gc,heap      ] GC(6) ParNew: 142238K->10918K(153344K)
[2022-06-16T20:11:33.345+0000][6424][gc,heap      ] GC(6) CMS: 8928K->8928K(878208K)
[2022-06-16T20:11:33.345+0000][6424][gc,metaspace ] GC(6) Metaspace: 26723K->26723K(1075200K)
[2022-06-16T20:11:33.345+0000][6424][gc           ] GC(6) Pause Young (Allocation Failure) 147M->19M(1007M) 11.070ms
[2022-06-16T20:11:33.345+0000][6424][gc,cpu       ] GC(6) User=0.00s Sys=0.00s Real=0.00s
[2022-06-16T20:11:33.345+0000][6424][safepoint    ] Leaving safepoint region
[2022-06-16T20:11:33.345+0000][6424][safepoint    ] Total time for which application threads were stopped: 0.0112429 seconds, Stopping threads took: 0.0000281 seconds
[2022-06-16T20:11:33.345+0000][6424][safepoint    ] Application time: 0.0000699 seconds
[2022-06-16T20:11:33.345+0000][6424][safepoint    ] Entering safepoint region: RevokeBias
[2022-06-16T20:11:33.345+0000][6424][safepoint    ] Leaving safepoint region
[2022-06-16T20:11:33.345+0000][6424][safepoint    ] Total time for which application threads were stopped: 0.0001128 seconds, Stopping threads took: 0.0000260 seconds
[2022-06-16T20:11:33.345+0000][6424][safepoint    ] Application time: 0.0000303 seconds
[2022-06-16T20:11:33.345+0000][6424][safepoint    ] Entering safepoint region: RevokeBias
[2022-06-16T20:11:33.345+0000][6424][safepoint    ] Leaving safepoint region
[2022-06-16T20:11:33.345+0000][6424][safepoint    ] Total time for which application threads were stopped: 0.0001689 seconds, Stopping threads took: 0.0000984 seconds
[2022-06-16T20:11:33.345+0000][6424][safepoint    ] Application time: 0.0000227 seconds
[2022-06-16T20:11:33.345+0000][6424][safepoint    ] Entering safepoint region: RevokeBias
[2022-06-16T20:11:33.345+0000][6424][safepoint    ] Leaving safepoint region
[2022-06-16T20:11:33.345+0000][6424][safepoint    ] Total time for which application threads were stopped: 0.0001588 seconds, Stopping threads took: 0.0000696 seconds
[2022-06-16T20:11:33.345+0000][6424][safepoint    ] Application time: 0.0000185 seconds
[2022-06-16T20:11:33.345+0000][6424][safepoint    ] Entering safepoint region: RevokeBias
[2022-06-16T20:11:33.345+0000][6424][safepoint    ] Leaving safepoint region
[2022-06-16T20:11:33.345+0000][6424][safepoint    ] Total time for which application threads were stopped: 0.0000937 seconds, Stopping threads took: 0.0000176 seconds
[2022-06-16T20:11:33.345+0000][6424][safepoint    ] Application time: 0.0000150 seconds
[2022-06-16T20:11:33.345+0000][6424][safepoint    ] Entering safepoint region: RevokeBias
[2022-06-16T20:11:33.345+0000][6424][safepoint    ] Leaving safepoint region
[2022-06-16T20:11:33.345+0000][6424][safepoint    ] Total time for which application threads were stopped: 0.0000936 seconds, Stopping threads took: 0.0000152 seconds
[2022-06-16T20:11:33.345+0000][6424][safepoint    ] Application time: 0.0000133 seconds
[2022-06-16T20:11:33.345+0000][6424][safepoint    ] Entering safepoint region: RevokeBias
[2022-06-16T20:11:33.345+0000][6424][safepoint    ] Leaving safepoint region
[2022-06-16T20:11:33.345+0000][6424][safepoint    ] Total time for which application threads were stopped: 0.0000940 seconds, Stopping threads took: 0.0000177 seconds
[2022-06-16T20:11:33.345+0000][6424][safepoint    ] Application time: 0.0000293 seconds
[2022-06-16T20:11:33.345+0000][6424][safepoint    ] Entering safepoint region: BulkRevokeBias
[2022-06-16T20:11:33.345+0000][6424][safepoint    ] Leaving safepoint region
[2022-06-16T20:11:33.345+0000][6424][safepoint    ] Total time for which application threads were stopped: 0.0001775 seconds, Stopping threads took: 0.0000697 seconds
[2022-06-16T20:11:34.345+0000][6424][safepoint    ] Application time: 0.9874547 seconds
[2022-06-16T20:11:34.345+0000][6424][safepoint    ] Entering safepoint region: Cleanup
[2022-06-16T20:11:34.345+0000][6424][safepoint    ] Leaving safepoint region
[2022-06-16T20:11:34.345+0000][6424][safepoint    ] Total time for which application threads were stopped: 0.0000825 seconds, Stopping threads took: 0.0000275 seconds
[2022-06-16T20:11:35.063+0000][6424][safepoint    ] Application time: 0.7201502 seconds
[2022-06-16T20:11:35.063+0000][6424][safepoint    ] Entering safepoint region: GenCollectForAllocation
[2022-06-16T20:11:35.063+0000][6424][gc,start     ] GC(7) Pause Young (Allocation Failure)
[2022-06-16T20:11:35.063+0000][6424][gc,task      ] GC(7) Using 2 workers of 2 for evacuation
[2022-06-16T20:11:35.079+0000][6424][gc,age       ] GC(7) Desired survivor size 8716288 bytes, new threshold 6 (max threshold 6)
[2022-06-16T20:11:35.079+0000][6424][gc,age       ] GC(7) Age table with threshold 6 (max threshold 6)
[2022-06-16T20:11:35.079+0000][6424][gc,age       ] GC(7) - age   1:    1541416 bytes,    1541416 total
[2022-06-16T20:11:35.079+0000][6424][gc,age       ] GC(7) - age   2:     545904 bytes,    2087320 total
[2022-06-16T20:11:35.079+0000][6424][gc,age       ] GC(7) - age   3:    1760192 bytes,    3847512 total
[2022-06-16T20:11:35.079+0000][6424][gc,age       ] GC(7) - age   4:     290896 bytes,    4138408 total
[2022-06-16T20:11:35.079+0000][6424][gc,age       ] GC(7) - age   5:    1683768 bytes,    5822176 total
[2022-06-16T20:11:35.079+0000][6424][gc,age       ] GC(7) - age   6:    1675472 bytes,    7497648 total
[2022-06-16T20:11:35.079+0000][6424][gc,heap      ] GC(7) ParNew: 147238K->7374K(153344K)
[2022-06-16T20:11:35.079+0000][6424][gc,heap      ] GC(7) CMS: 8928K->8928K(878208K)
[2022-06-16T20:11:35.079+0000][6424][gc,metaspace ] GC(7) Metaspace: 26808K->26808K(1075200K)
[2022-06-16T20:11:35.079+0000][6424][gc           ] GC(7) Pause Young (Allocation Failure) 152M->15M(1007M) 18.119ms
[2022-06-16T20:11:35.079+0000][6424][gc,cpu       ] GC(7) User=0.02s Sys=0.00s Real=0.02s
[2022-06-16T20:11:35.079+0000][6424][safepoint    ] Leaving safepoint region
[2022-06-16T20:11:35.079+0000][6424][safepoint    ] Total time for which application threads were stopped: 0.0182886 seconds, Stopping threads took: 0.0000259 seconds
[2022-06-16T20:11:36.095+0000][6424][safepoint    ] Application time: 1.0113253 seconds
[2022-06-16T20:11:36.095+0000][6424][safepoint    ] Entering safepoint region: Cleanup
[2022-06-16T20:11:36.095+0000][6424][safepoint    ] Leaving safepoint region
[2022-06-16T20:11:36.095+0000][6424][safepoint    ] Total time for which application threads were stopped: 0.0025680 seconds, Stopping threads took: 0.0025163 seconds
[2022-06-16T20:11:36.829+0000][6424][safepoint    ] Application time: 0.7448925 seconds
[2022-06-16T20:11:36.829+0000][6424][safepoint    ] Entering safepoint region: GenCollectForAllocation
[2022-06-16T20:11:36.829+0000][6424][gc,start     ] GC(8) Pause Young (Allocation Failure)
[2022-06-16T20:11:36.829+0000][6424][gc,task      ] GC(8) Using 2 workers of 2 for evacuation
[2022-06-16T20:11:36.845+0000][6424][gc,age       ] GC(8) Desired survivor size 8716288 bytes, new threshold 6 (max threshold 6)
[2022-06-16T20:11:36.845+0000][6424][gc,age       ] GC(8) Age table with threshold 6 (max threshold 6)
[2022-06-16T20:11:36.845+0000][6424][gc,age       ] GC(8) - age   1:    1164696 bytes,    1164696 total
[2022-06-16T20:11:36.845+0000][6424][gc,age       ] GC(8) - age   2:    1526680 bytes,    2691376 total
[2022-06-16T20:11:36.845+0000][6424][gc,age       ] GC(8) - age   3:     545800 bytes,    3237176 total
[2022-06-16T20:11:36.845+0000][6424][gc,age       ] GC(8) - age   4:    1759904 bytes,    4997080 total
[2022-06-16T20:11:36.845+0000][6424][gc,age       ] GC(8) - age   5:     290896 bytes,    5287976 total
[2022-06-16T20:11:36.845+0000][6424][gc,age       ] GC(8) - age   6:    1683768 bytes,    6971744 total
[2022-06-16T20:11:36.845+0000][6424][gc,heap      ] GC(8) ParNew: 143694K->11002K(153344K)
[2022-06-16T20:11:36.845+0000][6424][gc,heap      ] GC(8) CMS: 8928K->10579K(878208K)
[2022-06-16T20:11:36.845+0000][6424][gc,metaspace ] GC(8) Metaspace: 27246K->27246K(1075200K)
[2022-06-16T20:11:36.845+0000][6424][gc           ] GC(8) Pause Young (Allocation Failure) 149M->21M(1007M) 10.095ms
[2022-06-16T20:11:36.845+0000][6424][gc,cpu       ] GC(8) User=0.03s Sys=0.00s Real=0.02s
[2022-06-16T20:11:36.845+0000][6424][safepoint    ] Leaving safepoint region
[2022-06-16T20:11:36.845+0000][6424][safepoint    ] Total time for which application threads were stopped: 0.0102639 seconds, Stopping threads took: 0.0000235 seconds
[2022-06-16T20:11:37.298+0000][6424][safepoint    ] Application time: 0.4500417 seconds
[2022-06-16T20:11:37.298+0000][6424][safepoint    ] Entering safepoint region: GenCollectForAllocation
[2022-06-16T20:11:37.298+0000][6424][gc,start     ] GC(9) Pause Young (Allocation Failure)
[2022-06-16T20:11:37.298+0000][6424][gc,task      ] GC(9) Using 2 workers of 2 for evacuation
[2022-06-16T20:11:37.298+0000][6424][gc,age       ] GC(9) Desired survivor size 8716288 bytes, new threshold 6 (max threshold 6)
[2022-06-16T20:11:37.298+0000][6424][gc,age       ] GC(9) Age table with threshold 6 (max threshold 6)
[2022-06-16T20:11:37.298+0000][6424][gc,age       ] GC(9) - age   1:     559416 bytes,     559416 total
[2022-06-16T20:11:37.298+0000][6424][gc,age       ] GC(9) - age   2:     312552 bytes,     871968 total
[2022-06-16T20:11:37.298+0000][6424][gc,age       ] GC(9) - age   3:    1526560 bytes,    2398528 total
[2022-06-16T20:11:37.298+0000][6424][gc,age       ] GC(9) - age   4:     545800 bytes,    2944328 total
[2022-06-16T20:11:37.298+0000][6424][gc,age       ] GC(9) - age   5:    1759904 bytes,    4704232 total
[2022-06-16T20:11:37.298+0000][6424][gc,age       ] GC(9) - age   6:     290896 bytes,    4995128 total
[2022-06-16T20:11:37.298+0000][6424][gc,heap      ] GC(9) ParNew: 147322K->6940K(153344K)
[2022-06-16T20:11:37.298+0000][6424][gc,heap      ] GC(9) CMS: 10579K->12238K(878208K)
[2022-06-16T20:11:37.298+0000][6424][gc,metaspace ] GC(9) Metaspace: 27497K->27497K(1075200K)
[2022-06-16T20:11:37.298+0000][6424][gc           ] GC(9) Pause Young (Allocation Failure) 154M->18M(1007M) 9.279ms
[2022-06-16T20:11:37.298+0000][6424][gc,cpu       ] GC(9) User=0.00s Sys=0.00s Real=0.00s
[2022-06-16T20:11:37.298+0000][6424][safepoint    ] Leaving safepoint region
[2022-06-16T20:11:37.298+0000][6424][safepoint    ] Total time for which application threads were stopped: 0.0094488 seconds, Stopping threads took: 0.0000264 seconds
[2022-06-16T20:11:37.782+0000][6424][safepoint    ] Application time: 0.4759751 seconds
[2022-06-16T20:11:37.782+0000][6424][safepoint    ] Entering safepoint region: GenCollectForAllocation
[2022-06-16T20:11:37.782+0000][6424][gc,start     ] GC(10) Pause Young (Allocation Failure)
[2022-06-16T20:11:37.782+0000][6424][gc,task      ] GC(10) Using 2 workers of 2 for evacuation
[2022-06-16T20:11:37.782+0000][6424][gc,age       ] GC(10) Desired survivor size 8716288 bytes, new threshold 6 (max threshold 6)
[2022-06-16T20:11:37.782+0000][6424][gc,age       ] GC(10) Age table with threshold 6 (max threshold 6)
[2022-06-16T20:11:37.782+0000][6424][gc,age       ] GC(10) - age   1:     939864 bytes,     939864 total
[2022-06-16T20:11:37.782+0000][6424][gc,age       ] GC(10) - age   2:     192280 bytes,    1132144 total
[2022-06-16T20:11:37.782+0000][6424][gc,age       ] GC(10) - age   3:     312552 bytes,    1444696 total
[2022-06-16T20:11:37.782+0000][6424][gc,age       ] GC(10) - age   4:    1526560 bytes,    2971256 total
[2022-06-16T20:11:37.782+0000][6424][gc,age       ] GC(10) - age   5:     545800 bytes,    3517056 total
[2022-06-16T20:11:37.782+0000][6424][gc,age       ] GC(10) - age   6:    1758920 bytes,    5275976 total
[2022-06-16T20:11:37.782+0000][6424][gc,heap      ] GC(10) ParNew: 143260K->8090K(153344K)
[2022-06-16T20:11:37.782+0000][6424][gc,heap      ] GC(10) CMS: 12238K->12524K(878208K)
[2022-06-16T20:11:37.782+0000][6424][gc,metaspace ] GC(10) Metaspace: 27719K->27719K(1075200K)
[2022-06-16T20:11:37.782+0000][6424][gc           ] GC(10) Pause Young (Allocation Failure) 151M->20M(1007M) 6.337ms
[2022-06-16T20:11:37.782+0000][6424][gc,cpu       ] GC(10) User=0.00s Sys=0.00s Real=0.00s
[2022-06-16T20:11:37.782+0000][6424][safepoint    ] Leaving safepoint region
[2022-06-16T20:11:37.782+0000][6424][safepoint    ] Total time for which application threads were stopped: 0.0065139 seconds, Stopping threads took: 0.0000269 seconds
[2022-06-16T20:11:38.220+0000][6424][safepoint    ] Application time: 0.4398504 seconds
[2022-06-16T20:11:38.220+0000][6424][safepoint    ] Entering safepoint region: GenCollectForAllocation
[2022-06-16T20:11:38.220+0000][6424][gc,start     ] GC(11) Pause Young (Allocation Failure)
[2022-06-16T20:11:38.220+0000][6424][gc,task      ] GC(11) Using 2 workers of 2 for evacuation
[2022-06-16T20:11:38.235+0000][6424][gc,age       ] GC(11) Desired survivor size 8716288 bytes, new threshold 6 (max threshold 6)
[2022-06-16T20:11:38.235+0000][6424][gc,age       ] GC(11) Age table with threshold 6 (max threshold 6)
[2022-06-16T20:11:38.235+0000][6424][gc,age       ] GC(11) - age   1:     344280 bytes,     344280 total
[2022-06-16T20:11:38.235+0000][6424][gc,age       ] GC(11) - age   2:     123728 bytes,     468008 total
[2022-06-16T20:11:38.235+0000][6424][gc,age       ] GC(11) - age   3:     192280 bytes,     660288 total
[2022-06-16T20:11:38.235+0000][6424][gc,age       ] GC(11) - age   4:     312400 bytes,     972688 total
[2022-06-16T20:11:38.235+0000][6424][gc,age       ] GC(11) - age   5:    1526560 bytes,    2499248 total
[2022-06-16T20:11:38.235+0000][6424][gc,age       ] GC(11) - age   6:     545800 bytes,    3045048 total
[2022-06-16T20:11:38.235+0000][6424][gc,heap      ] GC(11) ParNew: 144410K->7818K(153344K)
[2022-06-16T20:11:38.235+0000][6424][gc,heap      ] GC(11) CMS: 12524K->14250K(878208K)
[2022-06-16T20:11:38.235+0000][6424][gc,metaspace ] GC(11) Metaspace: 27762K->27762K(1075200K)
[2022-06-16T20:11:38.235+0000][6424][gc           ] GC(11) Pause Young (Allocation Failure) 153M->21M(1007M) 7.865ms
[2022-06-16T20:11:38.235+0000][6424][gc,cpu       ] GC(11) User=0.03s Sys=0.00s Real=0.01s
[2022-06-16T20:11:38.235+0000][6424][safepoint    ] Leaving safepoint region
[2022-06-16T20:11:38.235+0000][6424][safepoint    ] Total time for which application threads were stopped: 0.0080385 seconds, Stopping threads took: 0.0000282 seconds
[2022-06-16T20:11:39.173+0000][6424][safepoint    ] Application time: 0.9434721 seconds
[2022-06-16T20:11:39.173+0000][6424][safepoint    ] Entering safepoint region: GenCollectForAllocation
[2022-06-16T20:11:39.173+0000][6424][gc,start     ] GC(12) Pause Young (Allocation Failure)
[2022-06-16T20:11:39.173+0000][6424][gc,task      ] GC(12) Using 2 workers of 2 for evacuation
[2022-06-16T20:11:39.188+0000][6424][gc,age       ] GC(12) Desired survivor size 8716288 bytes, new threshold 6 (max threshold 6)
[2022-06-16T20:11:39.188+0000][6424][gc,age       ] GC(12) Age table with threshold 6 (max threshold 6)
[2022-06-16T20:11:39.188+0000][6424][gc,age       ] GC(12) - age   1:    1504024 bytes,    1504024 total
[2022-06-16T20:11:39.188+0000][6424][gc,age       ] GC(12) - age   2:      81464 bytes,    1585488 total
[2022-06-16T20:11:39.188+0000][6424][gc,age       ] GC(12) - age   3:     123664 bytes,    1709152 total
[2022-06-16T20:11:39.188+0000][6424][gc,age       ] GC(12) - age   4:     192280 bytes,    1901432 total
[2022-06-16T20:11:39.188+0000][6424][gc,age       ] GC(12) - age   5:     312400 bytes,    2213832 total
[2022-06-16T20:11:39.188+0000][6424][gc,age       ] GC(12) - age   6:    1526560 bytes,    3740392 total
[2022-06-16T20:11:39.188+0000][6424][gc,heap      ] GC(12) ParNew: 144138K->4520K(153344K)
[2022-06-16T20:11:39.188+0000][6424][gc,heap      ] GC(12) CMS: 14250K->14785K(878208K)
[2022-06-16T20:11:39.188+0000][6424][gc,metaspace ] GC(12) Metaspace: 27797K->27797K(1075200K)
[2022-06-16T20:11:39.188+0000][6424][gc           ] GC(12) Pause Young (Allocation Failure) 154M->18M(1007M) 6.602ms
[2022-06-16T20:11:39.188+0000][6424][gc,cpu       ] GC(12) User=0.03s Sys=0.00s Real=0.01s
[2022-06-16T20:11:39.188+0000][6424][safepoint    ] Leaving safepoint region
[2022-06-16T20:11:39.188+0000][6424][safepoint    ] Total time for which application threads were stopped: 0.0067848 seconds, Stopping threads took: 0.0000273 seconds
[2022-06-16T20:11:39.891+0000][6424][safepoint    ] Application time: 0.7004293 seconds
[2022-06-16T20:11:39.891+0000][6424][safepoint    ] Entering safepoint region: Deoptimize
[2022-06-16T20:11:39.891+0000][6424][safepoint    ] Leaving safepoint region
[2022-06-16T20:11:39.891+0000][6424][safepoint    ] Total time for which application threads were stopped: 0.0004638 seconds, Stopping threads took: 0.0000219 seconds
[2022-06-16T20:11:39.970+0000][6424][safepoint    ] Application time: 0.0766021 seconds
[2022-06-16T20:11:39.970+0000][6424][safepoint    ] Entering safepoint region: Deoptimize
[2022-06-16T20:11:39.970+0000][6424][safepoint    ] Leaving safepoint region
[2022-06-16T20:11:39.970+0000][6424][safepoint    ] Total time for which application threads were stopped: 0.0004827 seconds, Stopping threads took: 0.0000257 seconds
[2022-06-16T20:11:40.345+0000][6424][safepoint    ] Application time: 0.3848431 seconds
[2022-06-16T20:11:40.345+0000][6424][safepoint    ] Entering safepoint region: GenCollectForAllocation
[2022-06-16T20:11:40.345+0000][6424][gc,start     ] GC(13) Pause Young (Allocation Failure)
[2022-06-16T20:11:40.345+0000][6424][gc,task      ] GC(13) Using 2 workers of 2 for evacuation
[2022-06-16T20:11:40.360+0000][6424][gc,age       ] GC(13) Desired survivor size 8716288 bytes, new threshold 6 (max threshold 6)
[2022-06-16T20:11:40.360+0000][6424][gc,age       ] GC(13) Age table with threshold 6 (max threshold 6)
[2022-06-16T20:11:40.360+0000][6424][gc,age       ] GC(13) - age   1:    3777344 bytes,    3777344 total
[2022-06-16T20:11:40.360+0000][6424][gc,age       ] GC(13) - age   2:     265728 bytes,    4043072 total
[2022-06-16T20:11:40.360+0000][6424][gc,age       ] GC(13) - age   3:      81360 bytes,    4124432 total
[2022-06-16T20:11:40.360+0000][6424][gc,age       ] GC(13) - age   4:     123664 bytes,    4248096 total
[2022-06-16T20:11:40.360+0000][6424][gc,age       ] GC(13) - age   5:     192216 bytes,    4440312 total
[2022-06-16T20:11:40.360+0000][6424][gc,age       ] GC(13) - age   6:     312400 bytes,    4752712 total
[2022-06-16T20:11:40.360+0000][6424][gc,heap      ] GC(13) ParNew: 140840K->5223K(153344K)
[2022-06-16T20:11:40.360+0000][6424][gc,heap      ] GC(13) CMS: 14785K->16278K(878208K)
[2022-06-16T20:11:40.360+0000][6424][gc,metaspace ] GC(13) Metaspace: 29663K->29663K(1077248K)
[2022-06-16T20:11:40.360+0000][6424][gc           ] GC(13) Pause Young (Allocation Failure) 151M->20M(1007M) 8.023ms
[2022-06-16T20:11:40.360+0000][6424][gc,cpu       ] GC(13) User=0.03s Sys=0.00s Real=0.01s
[2022-06-16T20:11:40.360+0000][6424][safepoint    ] Leaving safepoint region
[2022-06-16T20:11:40.360+0000][6424][safepoint    ] Total time for which application threads were stopped: 0.0082171 seconds, Stopping threads took: 0.0000230 seconds
[2022-06-16T20:11:40.813+0000][6424][safepoint    ] Application time: 0.4558344 seconds
[2022-06-16T20:11:40.813+0000][6424][safepoint    ] Entering safepoint region: GenCollectForAllocation
[2022-06-16T20:11:40.813+0000][6424][gc,start     ] GC(14) Pause Young (Allocation Failure)
[2022-06-16T20:11:40.813+0000][6424][gc,task      ] GC(14) Using 2 workers of 2 for evacuation
[2022-06-16T20:11:40.813+0000][6424][gc,age       ] GC(14) Desired survivor size 8716288 bytes, new threshold 6 (max threshold 6)
[2022-06-16T20:11:40.813+0000][6424][gc,age       ] GC(14) Age table with threshold 6 (max threshold 6)
[2022-06-16T20:11:40.813+0000][6424][gc,age       ] GC(14) - age   1:    1288064 bytes,    1288064 total
[2022-06-16T20:11:40.813+0000][6424][gc,age       ] GC(14) - age   2:    1480672 bytes,    2768736 total
[2022-06-16T20:11:40.813+0000][6424][gc,age       ] GC(14) - age   3:     265728 bytes,    3034464 total
[2022-06-16T20:11:40.813+0000][6424][gc,age       ] GC(14) - age   4:      81360 bytes,    3115824 total
[2022-06-16T20:11:40.813+0000][6424][gc,age       ] GC(14) - age   5:     123664 bytes,    3239488 total
[2022-06-16T20:11:40.813+0000][6424][gc,age       ] GC(14) - age   6:     192216 bytes,    3431704 total
[2022-06-16T20:11:40.813+0000][6424][gc,heap      ] GC(14) ParNew: 141543K->5390K(153344K)
[2022-06-16T20:11:40.813+0000][6424][gc,heap      ] GC(14) CMS: 16278K->16586K(878208K)
[2022-06-16T20:11:40.813+0000][6424][gc,metaspace ] GC(14) Metaspace: 29863K->29863K(1077248K)
[2022-06-16T20:11:40.813+0000][6424][gc           ] GC(14) Pause Young (Allocation Failure) 154M->21M(1007M) 6.464ms
[2022-06-16T20:11:40.813+0000][6424][gc,cpu       ] GC(14) User=0.00s Sys=0.00s Real=0.00s
[2022-06-16T20:11:40.813+0000][6424][safepoint    ] Leaving safepoint region
[2022-06-16T20:11:40.813+0000][6424][safepoint    ] Total time for which application threads were stopped: 0.0066277 seconds, Stopping threads took: 0.0000228 seconds
[2022-06-16T20:11:41.829+0000][6424][safepoint    ] Application time: 1.0067864 seconds
[2022-06-16T20:11:41.829+0000][6424][safepoint    ] Entering safepoint region: Cleanup
[2022-06-16T20:11:41.829+0000][6424][safepoint    ] Leaving safepoint region
[2022-06-16T20:11:41.829+0000][6424][safepoint    ] Total time for which application threads were stopped: 0.0001843 seconds, Stopping threads took: 0.0000253 seconds
[2022-06-16T20:11:42.298+0000][6424][safepoint    ] Application time: 0.4679444 seconds
[2022-06-16T20:11:42.298+0000][6424][safepoint    ] Entering safepoint region: GenCollectForAllocation
[2022-06-16T20:11:42.298+0000][6424][gc,start     ] GC(15) Pause Young (Allocation Failure)
[2022-06-16T20:11:42.298+0000][6424][gc,task      ] GC(15) Using 2 workers of 2 for evacuation
[2022-06-16T20:11:42.298+0000][6424][gc,age       ] GC(15) Desired survivor size 8716288 bytes, new threshold 6 (max threshold 6)
[2022-06-16T20:11:42.298+0000][6424][gc,age       ] GC(15) Age table with threshold 6 (max threshold 6)
[2022-06-16T20:11:42.298+0000][6424][gc,age       ] GC(15) - age   1:     477752 bytes,     477752 total
[2022-06-16T20:11:42.298+0000][6424][gc,age       ] GC(15) - age   2:     472392 bytes,     950144 total
[2022-06-16T20:11:42.298+0000][6424][gc,age       ] GC(15) - age   3:    1480672 bytes,    2430816 total
[2022-06-16T20:11:42.298+0000][6424][gc,age       ] GC(15) - age   4:     265728 bytes,    2696544 total
[2022-06-16T20:11:42.298+0000][6424][gc,age       ] GC(15) - age   5:      81144 bytes,    2777688 total
[2022-06-16T20:11:42.298+0000][6424][gc,age       ] GC(15) - age   6:     123664 bytes,    2901352 total
[2022-06-16T20:11:42.298+0000][6424][gc,heap      ] GC(15) ParNew: 141710K->5117K(153344K)
[2022-06-16T20:11:42.298+0000][6424][gc,heap      ] GC(15) CMS: 16586K->16783K(878208K)
[2022-06-16T20:11:42.298+0000][6424][gc,metaspace ] GC(15) Metaspace: 29938K->29938K(1077248K)
[2022-06-16T20:11:42.298+0000][6424][gc           ] GC(15) Pause Young (Allocation Failure) 154M->21M(1007M) 5.862ms
[2022-06-16T20:11:42.298+0000][6424][gc,cpu       ] GC(15) User=0.00s Sys=0.00s Real=0.00s
[2022-06-16T20:11:42.298+0000][6424][safepoint    ] Leaving safepoint region
[2022-06-16T20:11:42.298+0000][6424][safepoint    ] Total time for which application threads were stopped: 0.0060282 seconds, Stopping threads took: 0.0000345 seconds
[2022-06-16T20:11:43.313+0000][6424][safepoint    ] Application time: 1.0054121 seconds
[2022-06-16T20:11:43.313+0000][6424][safepoint    ] Entering safepoint region: Cleanup
[2022-06-16T20:11:43.313+0000][6424][safepoint    ] Leaving safepoint region
[2022-06-16T20:11:43.313+0000][6424][safepoint    ] Total time for which application threads were stopped: 0.0000762 seconds, Stopping threads took: 0.0000264 seconds
[2022-06-16T20:11:43.313+0000][6424][safepoint    ] Application time: 0.0101421 seconds
[2022-06-16T20:11:43.313+0000][6424][safepoint    ] Entering safepoint region: GenCollectForAllocation
[2022-06-16T20:11:43.313+0000][6424][gc,start     ] GC(16) Pause Young (Allocation Failure)
[2022-06-16T20:11:43.313+0000][6424][gc,task      ] GC(16) Using 2 workers of 2 for evacuation
[2022-06-16T20:11:43.329+0000][6424][gc,age       ] GC(16) Desired survivor size 8716288 bytes, new threshold 6 (max threshold 6)
[2022-06-16T20:11:43.329+0000][6424][gc,age       ] GC(16) Age table with threshold 6 (max threshold 6)
[2022-06-16T20:11:43.329+0000][6424][gc,age       ] GC(16) - age   1:    1053928 bytes,    1053928 total
[2022-06-16T20:11:43.329+0000][6424][gc,age       ] GC(16) - age   2:     230368 bytes,    1284296 total
[2022-06-16T20:11:43.329+0000][6424][gc,age       ] GC(16) - age   3:     472392 bytes,    1756688 total
[2022-06-16T20:11:43.329+0000][6424][gc,age       ] GC(16) - age   4:    1480672 bytes,    3237360 total
[2022-06-16T20:11:43.329+0000][6424][gc,age       ] GC(16) - age   5:     265728 bytes,    3503088 total
[2022-06-16T20:11:43.329+0000][6424][gc,age       ] GC(16) - age   6:      81144 bytes,    3584232 total
[2022-06-16T20:11:43.329+0000][6424][gc,heap      ] GC(16) ParNew: 141437K->4904K(153344K)
[2022-06-16T20:11:43.329+0000][6424][gc,heap      ] GC(16) CMS: 16783K->16907K(878208K)
[2022-06-16T20:11:43.329+0000][6424][gc,metaspace ] GC(16) Metaspace: 29952K->29952K(1077248K)
[2022-06-16T20:11:43.329+0000][6424][gc           ] GC(16) Pause Young (Allocation Failure) 154M->21M(1007M) 6.673ms
[2022-06-16T20:11:43.329+0000][6424][gc,cpu       ] GC(16) User=0.03s Sys=0.00s Real=0.02s
[2022-06-16T20:11:43.329+0000][6424][safepoint    ] Leaving safepoint region
[2022-06-16T20:11:43.329+0000][6424][safepoint    ] Total time for which application threads were stopped: 0.0068347 seconds, Stopping threads took: 0.0000245 seconds
[2022-06-16T20:11:44.345+0000][6424][safepoint    ] Application time: 1.0140863 seconds
[2022-06-16T20:11:44.345+0000][6424][safepoint    ] Entering safepoint region: Cleanup
[2022-06-16T20:11:44.345+0000][6424][safepoint    ] Leaving safepoint region
[2022-06-16T20:11:44.345+0000][6424][safepoint    ] Total time for which application threads were stopped: 0.0000755 seconds, Stopping threads took: 0.0000250 seconds
[2022-06-16T20:11:46.673+0000][6424][safepoint    ] Application time: 2.3302518 seconds
[2022-06-16T20:11:46.673+0000][6424][safepoint    ] Entering safepoint region: GenCollectForAllocation
[2022-06-16T20:11:46.673+0000][6424][gc,start     ] GC(17) Pause Young (Allocation Failure)
[2022-06-16T20:11:46.673+0000][6424][gc,task      ] GC(17) Using 2 workers of 2 for evacuation
[2022-06-16T20:11:46.673+0000][6424][gc,age       ] GC(17) Desired survivor size 8716288 bytes, new threshold 6 (max threshold 6)
[2022-06-16T20:11:46.673+0000][6424][gc,age       ] GC(17) Age table with threshold 6 (max threshold 6)
[2022-06-16T20:11:46.673+0000][6424][gc,age       ] GC(17) - age   1:    2594032 bytes,    2594032 total
[2022-06-16T20:11:46.673+0000][6424][gc,age       ] GC(17) - age   2:      44616 bytes,    2638648 total
[2022-06-16T20:11:46.673+0000][6424][gc,age       ] GC(17) - age   3:     230368 bytes,    2869016 total
[2022-06-16T20:11:46.673+0000][6424][gc,age       ] GC(17) - age   4:     472392 bytes,    3341408 total
[2022-06-16T20:11:46.673+0000][6424][gc,age       ] GC(17) - age   5:    1480584 bytes,    4821992 total
[2022-06-16T20:11:46.673+0000][6424][gc,age       ] GC(17) - age   6:     265728 bytes,    5087720 total
[2022-06-16T20:11:46.673+0000][6424][gc,heap      ] GC(17) ParNew: 141224K->7738K(153344K)
[2022-06-16T20:11:46.673+0000][6424][gc,heap      ] GC(17) CMS: 16907K->16988K(878208K)
[2022-06-16T20:11:46.673+0000][6424][gc,metaspace ] GC(17) Metaspace: 30004K->30004K(1077248K)
[2022-06-16T20:11:46.673+0000][6424][gc           ] GC(17) Pause Young (Allocation Failure) 154M->24M(1007M) 6.927ms
[2022-06-16T20:11:46.673+0000][6424][gc,cpu       ] GC(17) User=0.00s Sys=0.00s Real=0.00s
[2022-06-16T20:11:46.673+0000][6424][safepoint    ] Leaving safepoint region
[2022-06-16T20:11:46.673+0000][6424][safepoint    ] Total time for which application threads were stopped: 0.0070811 seconds, Stopping threads took: 0.0000259 seconds
[2022-06-16T20:11:47.845+0000][6424][safepoint    ] Application time: 1.1642948 seconds
[2022-06-16T20:11:47.845+0000][6424][safepoint    ] Entering safepoint region: RevokeBias
[2022-06-16T20:11:47.845+0000][6424][safepoint    ] Leaving safepoint region
[2022-06-16T20:11:47.845+0000][6424][safepoint    ] Total time for which application threads were stopped: 0.0000964 seconds, Stopping threads took: 0.0000253 seconds
[2022-06-16T20:11:47.845+0000][6424][safepoint    ] Application time: 0.0086435 seconds
[2022-06-16T20:11:47.845+0000][6424][safepoint    ] Entering safepoint region: RevokeBias
[2022-06-16T20:11:47.845+0000][6424][safepoint    ] Leaving safepoint region
[2022-06-16T20:11:47.845+0000][6424][safepoint    ] Total time for which application threads were stopped: 0.0000850 seconds, Stopping threads took: 0.0000249 seconds
[2022-06-16T20:11:48.126+0000][6424][safepoint    ] Application time: 0.2746964 seconds
[2022-06-16T20:11:48.126+0000][6424][safepoint    ] Entering safepoint region: Deoptimize
[2022-06-16T20:11:48.126+0000][6424][safepoint    ] Leaving safepoint region
[2022-06-16T20:11:48.126+0000][6424][safepoint    ] Total time for which application threads were stopped: 0.0004690 seconds, Stopping threads took: 0.0000255 seconds
[2022-06-16T20:11:49.126+0000][6424][safepoint    ] Application time: 0.9964352 seconds
[2022-06-16T20:11:49.126+0000][6424][safepoint    ] Entering safepoint region: Cleanup
[2022-06-16T20:11:49.126+0000][6424][safepoint    ] Leaving safepoint region
[2022-06-16T20:11:49.126+0000][6424][safepoint    ] Total time for which application threads were stopped: 0.0130737 seconds, Stopping threads took: 0.0130087 seconds
[2022-06-16T20:11:50.126+0000][6424][safepoint    ] Application time: 0.9856162 seconds
[2022-06-16T20:11:50.126+0000][6424][safepoint    ] Entering safepoint region: Cleanup
[2022-06-16T20:11:50.126+0000][6424][safepoint    ] Leaving safepoint region
[2022-06-16T20:11:50.126+0000][6424][safepoint    ] Total time for which application threads were stopped: 0.0001674 seconds, Stopping threads took: 0.0000919 seconds
[2022-06-16T20:11:50.970+0000][6424][safepoint    ] Application time: 0.8567070 seconds
[2022-06-16T20:11:51.001+0000][6424][safepoint    ] Entering safepoint region: GenCollectForAllocation
[2022-06-16T20:11:51.001+0000][6424][gc,start     ] GC(18) Pause Young (Allocation Failure)
[2022-06-16T20:11:51.001+0000][6424][gc,task      ] GC(18) Using 2 workers of 2 for evacuation
[2022-06-16T20:11:51.001+0000][6424][gc,age       ] GC(18) Desired survivor size 8716288 bytes, new threshold 6 (max threshold 6)
[2022-06-16T20:11:51.001+0000][6424][gc,age       ] GC(18) Age table with threshold 6 (max threshold 6)
[2022-06-16T20:11:51.001+0000][6424][gc,age       ] GC(18) - age   1:    2129600 bytes,    2129600 total
[2022-06-16T20:11:51.001+0000][6424][gc,age       ] GC(18) - age   2:     286440 bytes,    2416040 total
[2022-06-16T20:11:51.001+0000][6424][gc,age       ] GC(18) - age   3:      44256 bytes,    2460296 total
[2022-06-16T20:11:51.001+0000][6424][gc,age       ] GC(18) - age   4:     230256 bytes,    2690552 total
[2022-06-16T20:11:51.001+0000][6424][gc,age       ] GC(18) - age   5:     471768 bytes,    3162320 total
[2022-06-16T20:11:51.001+0000][6424][gc,age       ] GC(18) - age   6:    1477800 bytes,    4640120 total
[2022-06-16T20:11:51.001+0000][6424][gc,heap      ] GC(18) ParNew: 144058K->6500K(153344K)
[2022-06-16T20:11:51.001+0000][6424][gc,heap      ] GC(18) CMS: 16988K->17248K(878208K)
[2022-06-16T20:11:51.001+0000][6424][gc,metaspace ] GC(18) Metaspace: 35581K->35581K(1083392K)
[2022-06-16T20:11:51.001+0000][6424][gc           ] GC(18) Pause Young (Allocation Failure) 157M->23M(1007M) 9.440ms
[2022-06-16T20:11:51.001+0000][6424][gc,cpu       ] GC(18) User=0.00s Sys=0.00s Real=0.00s
[2022-06-16T20:11:51.001+0000][6424][safepoint    ] Leaving safepoint region
[2022-06-16T20:11:51.001+0000][6424][safepoint    ] Total time for which application threads were stopped: 0.0321805 seconds, Stopping threads took: 0.0224352 seconds
[2022-06-16T20:11:51.235+0000][6424][safepoint    ] Application time: 0.2209182 seconds
[2022-06-16T20:11:51.235+0000][6424][safepoint    ] Entering safepoint region: RevokeBias
[2022-06-16T20:11:51.235+0000][6424][safepoint    ] Leaving safepoint region
[2022-06-16T20:11:51.235+0000][6424][safepoint    ] Total time for which application threads were stopped: 0.0002109 seconds, Stopping threads took: 0.0001159 seconds
[2022-06-16T20:11:51.251+0000][6424][safepoint    ] Application time: 0.0265190 seconds
[2022-06-16T20:11:51.251+0000][6424][safepoint    ] Entering safepoint region: CollectForMetadataAllocation
[2022-06-16T20:11:51.251+0000][6424][safepoint    ] Leaving safepoint region
[2022-06-16T20:11:51.251+0000][6424][safepoint    ] Total time for which application threads were stopped: 0.0001463 seconds, Stopping threads took: 0.0000215 seconds
[2022-06-16T20:11:51.266+0000][6424][safepoint    ] Application time: 0.0107485 seconds
[2022-06-16T20:11:51.266+0000][6424][safepoint    ] Entering safepoint region: CollectForMetadataAllocation
[2022-06-16T20:11:51.266+0000][6424][safepoint    ] Leaving safepoint region
[2022-06-16T20:11:51.266+0000][6424][safepoint    ] Total time for which application threads were stopped: 0.0002189 seconds, Stopping threads took: 0.0000348 seconds
[2022-06-16T20:11:51.282+0000][6424][safepoint    ] Application time: 0.0219765 seconds
[2022-06-16T20:11:51.282+0000][6424][safepoint    ] Entering safepoint region: CollectForMetadataAllocation
[2022-06-16T20:11:51.282+0000][6424][safepoint    ] Leaving safepoint region
[2022-06-16T20:11:51.282+0000][6424][safepoint    ] Total time for which application threads were stopped: 0.0002815 seconds, Stopping threads took: 0.0000324 seconds
[2022-06-16T20:11:51.313+0000][6424][safepoint    ] Application time: 0.0228353 seconds
[2022-06-16T20:11:51.313+0000][6424][safepoint    ] Entering safepoint region: CollectForMetadataAllocation
[2022-06-16T20:11:51.313+0000][6424][safepoint    ] Leaving safepoint region
[2022-06-16T20:11:51.313+0000][6424][safepoint    ] Total time for which application threads were stopped: 0.0002027 seconds, Stopping threads took: 0.0000244 seconds
[2022-06-16T20:11:51.329+0000][6424][safepoint    ] Application time: 0.0171457 seconds
[2022-06-16T20:11:51.329+0000][6424][safepoint    ] Entering safepoint region: CollectForMetadataAllocation
[2022-06-16T20:11:51.329+0000][6424][safepoint    ] Leaving safepoint region
[2022-06-16T20:11:51.329+0000][6424][safepoint    ] Total time for which application threads were stopped: 0.0001968 seconds, Stopping threads took: 0.0000249 seconds
[2022-06-16T20:11:51.579+0000][6424][safepoint    ] Application time: 0.2480496 seconds
[2022-06-16T20:11:51.579+0000][6424][safepoint    ] Entering safepoint region: CollectForMetadataAllocation
[2022-06-16T20:11:51.579+0000][6424][safepoint    ] Leaving safepoint region
[2022-06-16T20:11:51.579+0000][6424][safepoint    ] Total time for which application threads were stopped: 0.0002176 seconds, Stopping threads took: 0.0000266 seconds
[2022-06-16T20:11:51.579+0000][6424][safepoint    ] Application time: 0.0011489 seconds
[2022-06-16T20:11:51.579+0000][6424][safepoint    ] Entering safepoint region: Deoptimize
[2022-06-16T20:11:51.579+0000][6424][safepoint    ] Leaving safepoint region
[2022-06-16T20:11:51.579+0000][6424][safepoint    ] Total time for which application threads were stopped: 0.0004716 seconds, Stopping threads took: 0.0000247 seconds
[2022-06-16T20:11:51.595+0000][6424][safepoint    ] Application time: 0.0177814 seconds
[2022-06-16T20:11:51.595+0000][6424][safepoint    ] Entering safepoint region: CollectForMetadataAllocation
[2022-06-16T20:11:51.595+0000][6424][safepoint    ] Leaving safepoint region
[2022-06-16T20:11:51.595+0000][6424][safepoint    ] Total time for which application threads were stopped: 0.0002174 seconds, Stopping threads took: 0.0000249 seconds
[2022-06-16T20:11:51.595+0000][6424][safepoint    ] Application time: 0.0037562 seconds
[2022-06-16T20:11:51.595+0000][6424][safepoint    ] Entering safepoint region: Deoptimize
[2022-06-16T20:11:51.595+0000][6424][safepoint    ] Leaving safepoint region
[2022-06-16T20:11:51.595+0000][6424][safepoint    ] Total time for which application threads were stopped: 0.0004717 seconds, Stopping threads took: 0.0000237 seconds
[2022-06-16T20:11:51.610+0000][6424][safepoint    ] Application time: 0.0064606 seconds
[2022-06-16T20:11:51.610+0000][6424][safepoint    ] Entering safepoint region: Deoptimize
[2022-06-16T20:11:51.610+0000][6424][safepoint    ] Leaving safepoint region
[2022-06-16T20:11:51.610+0000][6424][safepoint    ] Total time for which application threads were stopped: 0.0004160 seconds, Stopping threads took: 0.0000239 seconds
[2022-06-16T20:11:51.610+0000][6424][safepoint    ] Application time: 0.0091779 seconds
[2022-06-16T20:11:51.610+0000][6424][safepoint    ] Entering safepoint region: CollectForMetadataAllocation
[2022-06-16T20:11:51.610+0000][6424][safepoint    ] Leaving safepoint region
[2022-06-16T20:11:51.610+0000][6424][safepoint    ] Total time for which application threads were stopped: 0.0001986 seconds, Stopping threads took: 0.0000248 seconds
[2022-06-16T20:11:51.688+0000][6424][safepoint    ] Application time: 0.0762469 seconds
[2022-06-16T20:11:51.688+0000][6424][safepoint    ] Entering safepoint region: RevokeBias
[2022-06-16T20:11:51.688+0000][6424][safepoint    ] Leaving safepoint region
[2022-06-16T20:11:51.688+0000][6424][safepoint    ] Total time for which application threads were stopped: 0.0000938 seconds, Stopping threads took: 0.0000265 seconds
[2022-06-16T20:11:52.126+0000][6424][safepoint    ] Application time: 0.4281039 seconds
[2022-06-16T20:11:52.126+0000][6424][safepoint    ] Entering safepoint region: CollectForMetadataAllocation
[2022-06-16T20:11:52.126+0000][6424][safepoint    ] Leaving safepoint region
[2022-06-16T20:11:52.126+0000][6424][safepoint    ] Total time for which application threads were stopped: 0.0001663 seconds, Stopping threads took: 0.0000297 seconds
[2022-06-16T20:11:52.376+0000][6424][safepoint    ] Application time: 0.2464498 seconds
[2022-06-16T20:11:52.376+0000][6424][safepoint    ] Entering safepoint region: CollectForMetadataAllocation
[2022-06-16T20:11:52.376+0000][6424][safepoint    ] Leaving safepoint region
[2022-06-16T20:11:52.376+0000][6424][safepoint    ] Total time for which application threads were stopped: 0.0002174 seconds, Stopping threads took: 0.0000260 seconds
[2022-06-16T20:11:53.016+0000][6424][safepoint    ] Application time: 0.6456397 seconds
[2022-06-16T20:11:53.016+0000][6424][safepoint    ] Entering safepoint region: CMS_Initial_Mark
[2022-06-16T20:11:53.016+0000][6424][gc,start     ] GC(19) Pause Initial Mark
[2022-06-16T20:11:53.048+0000][6424][gc           ] GC(19) Pause Initial Mark 78M->78M(1007M) 25.107ms
[2022-06-16T20:11:53.048+0000][6424][gc,cpu       ] GC(19) User=0.05s Sys=0.00s Real=0.03s
[2022-06-16T20:11:53.048+0000][6424][safepoint    ] Leaving safepoint region
[2022-06-16T20:11:53.048+0000][6424][safepoint    ] Total time for which application threads were stopped: 0.0253516 seconds, Stopping threads took: 0.0000304 seconds
[2022-06-16T20:11:53.048+0000][6424][gc           ] GC(19) Concurrent Mark
[2022-06-16T20:11:53.063+0000][6424][gc           ] GC(19) Concurrent Mark 21.188ms
[2022-06-16T20:11:53.063+0000][6424][gc,cpu       ] GC(19) User=0.02s Sys=0.00s Real=0.01s
[2022-06-16T20:11:53.063+0000][6424][gc           ] GC(19) Concurrent Preclean
[2022-06-16T20:11:53.063+0000][6424][gc           ] GC(19) Concurrent Preclean 3.285ms
[2022-06-16T20:11:53.063+0000][6424][gc,cpu       ] GC(19) User=0.00s Sys=0.00s Real=0.00s
[2022-06-16T20:11:53.063+0000][6424][gc           ] GC(19) Concurrent Abortable Preclean
[2022-06-16T20:11:53.313+0000][6424][safepoint    ] Application time: 0.2677950 seconds
[2022-06-16T20:11:53.313+0000][6424][safepoint    ] Entering safepoint region: CollectForMetadataAllocation
[2022-06-16T20:11:53.313+0000][6424][safepoint    ] Leaving safepoint region
[2022-06-16T20:11:53.313+0000][6424][safepoint    ] Total time for which application threads were stopped: 0.0002108 seconds, Stopping threads took: 0.0000259 seconds
[2022-06-16T20:11:53.673+0000][6424][safepoint    ] Application time: 0.3670946 seconds
[2022-06-16T20:11:53.673+0000][6424][safepoint    ] Entering safepoint region: CollectForMetadataAllocation
[2022-06-16T20:11:53.673+0000][6424][safepoint    ] Leaving safepoint region
[2022-06-16T20:11:53.673+0000][6424][safepoint    ] Total time for which application threads were stopped: 0.0002152 seconds, Stopping threads took: 0.0000290 seconds
[2022-06-16T20:11:53.970+0000][6424][safepoint    ] Application time: 0.3003164 seconds
[2022-06-16T20:11:53.970+0000][6424][safepoint    ] Entering safepoint region: GenCollectForAllocation
[2022-06-16T20:11:53.970+0000][6424][gc,start     ] GC(20) Pause Young (Allocation Failure)
[2022-06-16T20:11:53.970+0000][6424][gc,task      ] GC(20) Using 2 workers of 2 for evacuation
[2022-06-16T20:11:54.016+0000][6424][gc,age       ] GC(20) Desired survivor size 8716288 bytes, new threshold 1 (max threshold 6)
[2022-06-16T20:11:54.016+0000][6424][gc,age       ] GC(20) Age table with threshold 1 (max threshold 6)
[2022-06-16T20:11:54.016+0000][6424][gc,age       ] GC(20) - age   1:   13340904 bytes,   13340904 total
[2022-06-16T20:11:54.016+0000][6424][gc,age       ] GC(20) - age   2:    2049032 bytes,   15389936 total
[2022-06-16T20:11:54.016+0000][6424][gc,age       ] GC(20) - age   3:     285952 bytes,   15675888 total
[2022-06-16T20:11:54.016+0000][6424][gc,age       ] GC(20) - age   4:      44256 bytes,   15720144 total
[2022-06-16T20:11:54.016+0000][6424][gc,age       ] GC(20) - age   5:     228952 bytes,   15949096 total
[2022-06-16T20:11:54.016+0000][6424][gc,age       ] GC(20) - age   6:     470128 bytes,   16419224 total
[2022-06-16T20:11:54.016+0000][6424][gc,heap      ] GC(20) ParNew: 142820K->17024K(153344K)
[2022-06-16T20:11:54.016+0000][6424][gc,heap      ] GC(20) CMS: 17248K->18700K(878208K)
[2022-06-16T20:11:54.016+0000][6424][gc,metaspace ] GC(20) Metaspace: 40186K->40186K(1087488K)
[2022-06-16T20:11:54.016+0000][6424][gc           ] GC(20) Pause Young (Allocation Failure) 156M->34M(1007M) 34.560ms
[2022-06-16T20:11:54.016+0000][6424][gc,cpu       ] GC(20) User=0.09s Sys=0.00s Real=0.05s
[2022-06-16T20:11:54.016+0000][6424][safepoint    ] Leaving safepoint region
[2022-06-16T20:11:54.016+0000][6424][safepoint    ] Total time for which application threads were stopped: 0.0347415 seconds, Stopping threads took: 0.0000293 seconds
[2022-06-16T20:11:55.360+0000][6424][safepoint    ] Application time: 1.3414060 seconds
[2022-06-16T20:11:55.360+0000][6424][safepoint    ] Entering safepoint region: Cleanup
[2022-06-16T20:11:55.360+0000][6424][safepoint    ] Leaving safepoint region
[2022-06-16T20:11:55.360+0000][6424][safepoint    ] Total time for which application threads were stopped: 0.0002367 seconds, Stopping threads took: 0.0001703 seconds
[2022-06-16T20:11:55.470+0000][6424][gc           ] GC(19) Concurrent Abortable Preclean 2396.747ms
[2022-06-16T20:11:55.470+0000][6424][gc,cpu       ] GC(19) User=4.53s Sys=0.13s Real=2.41s
[2022-06-16T20:11:55.470+0000][6424][safepoint    ] Application time: 0.1091665 seconds
[2022-06-16T20:11:55.470+0000][6424][safepoint    ] Entering safepoint region: CMS_Final_Remark
[2022-06-16T20:11:55.470+0000][6424][gc,start     ] GC(19) Pause Remark
[2022-06-16T20:11:55.532+0000][6424][gc           ] GC(19) Pause Remark 126M->126M(1007M) 74.792ms
[2022-06-16T20:11:55.532+0000][6424][gc,cpu       ] GC(19) User=0.13s Sys=0.00s Real=0.06s
[2022-06-16T20:11:55.532+0000][6424][safepoint    ] Leaving safepoint region
[2022-06-16T20:11:55.532+0000][6424][safepoint    ] Total time for which application threads were stopped: 0.0749801 seconds, Stopping threads took: 0.0000263 seconds
[2022-06-16T20:11:55.532+0000][6424][gc           ] GC(19) Concurrent Sweep
[2022-06-16T20:11:55.548+0000][6424][gc           ] GC(19) Concurrent Sweep 5.234ms
[2022-06-16T20:11:55.548+0000][6424][gc,cpu       ] GC(19) User=0.03s Sys=0.00s Real=0.02s
[2022-06-16T20:11:55.548+0000][6424][gc           ] GC(19) Concurrent Reset
[2022-06-16T20:11:55.548+0000][6424][gc           ] GC(19) Concurrent Reset 1.148ms
[2022-06-16T20:11:55.548+0000][6424][gc,cpu       ] GC(19) User=0.00s Sys=0.00s Real=0.00s
[2022-06-16T20:11:55.548+0000][6424][gc,heap      ] GC(19) Old: 17248K->18549K(878208K)
[2022-06-16T20:11:55.704+0000][6424][safepoint    ] Application time: 0.1661156 seconds
[2022-06-16T20:11:55.704+0000][6424][safepoint    ] Entering safepoint region: RevokeBias
[2022-06-16T20:11:55.704+0000][6424][safepoint    ] Leaving safepoint region
[2022-06-16T20:11:55.704+0000][6424][safepoint    ] Total time for which application threads were stopped: 0.0001239 seconds, Stopping threads took: 0.0000276 seconds
[2022-06-16T20:11:55.704+0000][6424][safepoint    ] Application time: 0.0004531 seconds
[2022-06-16T20:11:55.704+0000][6424][safepoint    ] Entering safepoint region: RevokeBias
[2022-06-16T20:11:55.704+0000][6424][safepoint    ] Leaving safepoint region
[2022-06-16T20:11:55.704+0000][6424][safepoint    ] Total time for which application threads were stopped: 0.0000740 seconds, Stopping threads took: 0.0000225 seconds
[2022-06-16T20:11:55.704+0000][6424][safepoint    ] Application time: 0.0001028 seconds
[2022-06-16T20:11:55.704+0000][6424][safepoint    ] Entering safepoint region: RevokeBias
[2022-06-16T20:11:55.704+0000][6424][safepoint    ] Leaving safepoint region
[2022-06-16T20:11:55.704+0000][6424][safepoint    ] Total time for which application threads were stopped: 0.0000672 seconds, Stopping threads took: 0.0000201 seconds
[2022-06-16T20:11:55.704+0000][6424][safepoint    ] Application time: 0.0003770 seconds
[2022-06-16T20:11:55.704+0000][6424][safepoint    ] Entering safepoint region: RevokeBias
[2022-06-16T20:11:55.704+0000][6424][safepoint    ] Leaving safepoint region
[2022-06-16T20:11:55.704+0000][6424][safepoint    ] Total time for which application threads were stopped: 0.0000754 seconds, Stopping threads took: 0.0000211 seconds
[2022-06-16T20:11:55.704+0000][6424][safepoint    ] Application time: 0.0004006 seconds
[2022-06-16T20:11:55.704+0000][6424][safepoint    ] Entering safepoint region: RevokeBias
[2022-06-16T20:11:55.704+0000][6424][safepoint    ] Leaving safepoint region
[2022-06-16T20:11:55.704+0000][6424][safepoint    ] Total time for which application threads were stopped: 0.0000712 seconds, Stopping threads took: 0.0000226 seconds
[2022-06-16T20:11:55.704+0000][6424][safepoint    ] Application time: 0.0000215 seconds
[2022-06-16T20:11:55.704+0000][6424][safepoint    ] Entering safepoint region: RevokeBias
[2022-06-16T20:11:55.704+0000][6424][safepoint    ] Leaving safepoint region
[2022-06-16T20:11:55.704+0000][6424][safepoint    ] Total time for which application threads were stopped: 0.0000550 seconds, Stopping threads took: 0.0000184 seconds
[2022-06-16T20:11:55.704+0000][6424][safepoint    ] Application time: 0.0000671 seconds
[2022-06-16T20:11:55.704+0000][6424][safepoint    ] Entering safepoint region: RevokeBias
[2022-06-16T20:11:55.704+0000][6424][safepoint    ] Leaving safepoint region
[2022-06-16T20:11:55.704+0000][6424][safepoint    ] Total time for which application threads were stopped: 0.0000586 seconds, Stopping threads took: 0.0000186 seconds
[2022-06-16T20:11:55.704+0000][6424][safepoint    ] Application time: 0.0001022 seconds
[2022-06-16T20:11:55.704+0000][6424][safepoint    ] Entering safepoint region: RevokeBias
[2022-06-16T20:11:55.704+0000][6424][safepoint    ] Leaving safepoint region
[2022-06-16T20:11:55.704+0000][6424][safepoint    ] Total time for which application threads were stopped: 0.0000658 seconds, Stopping threads took: 0.0000196 seconds
[2022-06-16T20:11:55.704+0000][6424][safepoint    ] Application time: 0.0000392 seconds
[2022-06-16T20:11:55.704+0000][6424][safepoint    ] Entering safepoint region: RevokeBias
[2022-06-16T20:11:55.704+0000][6424][safepoint    ] Leaving safepoint region
[2022-06-16T20:11:55.704+0000][6424][safepoint    ] Total time for which application threads were stopped: 0.0000601 seconds, Stopping threads took: 0.0000182 seconds
[2022-06-16T20:11:55.704+0000][6424][safepoint    ] Application time: 0.0000189 seconds
[2022-06-16T20:11:55.704+0000][6424][safepoint    ] Entering safepoint region: RevokeBias
[2022-06-16T20:11:55.704+0000][6424][safepoint    ] Leaving safepoint region
[2022-06-16T20:11:55.704+0000][6424][safepoint    ] Total time for which application threads were stopped: 0.0000569 seconds, Stopping threads took: 0.0000178 seconds
[2022-06-16T20:11:56.095+0000][6424][safepoint    ] Application time: 0.3938430 seconds
[2022-06-16T20:11:56.095+0000][6424][safepoint    ] Entering safepoint region: RevokeBias
[2022-06-16T20:11:56.095+0000][6424][safepoint    ] Leaving safepoint region
[2022-06-16T20:11:56.095+0000][6424][safepoint    ] Total time for which application threads were stopped: 0.0001153 seconds, Stopping threads took: 0.0000259 seconds
[2022-06-16T20:11:57.094+0000][6424][safepoint    ] Application time: 0.9869561 seconds
[2022-06-16T20:11:57.110+0000][6424][safepoint    ] Entering safepoint region: Cleanup
[2022-06-16T20:11:57.110+0000][6424][safepoint    ] Leaving safepoint region
[2022-06-16T20:11:57.110+0000][6424][safepoint    ] Total time for which application threads were stopped: 0.0265181 seconds, Stopping threads took: 0.0264190 seconds
[2022-06-16T20:11:57.407+0000][6424][safepoint    ] Application time: 0.3003096 seconds
[2022-06-16T20:11:57.407+0000][6424][safepoint    ] Entering safepoint region: GenCollectForAllocation
[2022-06-16T20:11:57.407+0000][6424][gc,start     ] GC(21) Pause Young (Allocation Failure)
[2022-06-16T20:11:57.407+0000][6424][gc,task      ] GC(21) Using 2 workers of 2 for evacuation
[2022-06-16T20:11:57.485+0000][6424][gc,age       ] GC(21) Desired survivor size 8716288 bytes, new threshold 1 (max threshold 6)
[2022-06-16T20:11:57.485+0000][6424][gc,age       ] GC(21) Age table with threshold 1 (max threshold 6)
[2022-06-16T20:11:57.485+0000][6424][gc,age       ] GC(21) - age   1:   11969568 bytes,   11969568 total
[2022-06-16T20:11:57.485+0000][6424][gc,heap      ] GC(21) ParNew: 153344K->17024K(153344K)
[2022-06-16T20:11:57.485+0000][6424][gc,heap      ] GC(21) CMS: 18549K->36184K(878208K)
[2022-06-16T20:11:57.485+0000][6424][gc,metaspace ] GC(21) Metaspace: 43180K->43180K(1089536K)
[2022-06-16T20:11:57.485+0000][6424][gc           ] GC(21) Pause Young (Allocation Failure) 167M->51M(1007M) 76.349ms
[2022-06-16T20:11:57.485+0000][6424][gc,cpu       ] GC(21) User=0.16s Sys=0.00s Real=0.08s
[2022-06-16T20:11:57.485+0000][6424][safepoint    ] Leaving safepoint region
[2022-06-16T20:11:57.485+0000][6424][safepoint    ] Total time for which application threads were stopped: 0.0765493 seconds, Stopping threads took: 0.0000332 seconds
[2022-06-16T20:11:57.501+0000][6424][safepoint    ] Application time: 0.0182355 seconds
[2022-06-16T20:11:57.516+0000][6424][safepoint    ] Entering safepoint region: Deoptimize
[2022-06-16T20:11:57.516+0000][6424][safepoint    ] Leaving safepoint region
[2022-06-16T20:11:57.516+0000][6424][safepoint    ] Total time for which application threads were stopped: 0.0005179 seconds, Stopping threads took: 0.0000224 seconds
[2022-06-16T20:11:57.516+0000][6424][safepoint    ] Application time: 0.0113193 seconds
[2022-06-16T20:11:57.516+0000][6424][safepoint    ] Entering safepoint region: RevokeBias
[2022-06-16T20:11:57.516+0000][6424][safepoint    ] Leaving safepoint region
[2022-06-16T20:11:57.516+0000][6424][safepoint    ] Total time for which application threads were stopped: 0.0000768 seconds, Stopping threads took: 0.0000215 seconds
[2022-06-16T20:11:58.438+0000][6424][safepoint    ] Application time: 0.9143014 seconds
[2022-06-16T20:11:58.438+0000][6424][safepoint    ] Entering safepoint region: RevokeBias
[2022-06-16T20:11:58.438+0000][6424][safepoint    ] Leaving safepoint region
[2022-06-16T20:11:58.438+0000][6424][safepoint    ] Total time for which application threads were stopped: 0.0002111 seconds, Stopping threads took: 0.0000277 seconds
[2022-06-16T20:11:59.438+0000][6424][safepoint    ] Application time: 0.9953040 seconds
[2022-06-16T20:11:59.438+0000][6424][safepoint    ] Entering safepoint region: Cleanup
[2022-06-16T20:11:59.438+0000][6424][safepoint    ] Leaving safepoint region
[2022-06-16T20:11:59.438+0000][6424][safepoint    ] Total time for which application threads were stopped: 0.0139449 seconds, Stopping threads took: 0.0138647 seconds
[2022-06-16T20:11:59.900+0000][6424][safepoint    ] Application time: 0.4545151 seconds
[2022-06-16T20:11:59.900+0000][6424][safepoint    ] Entering safepoint region: GenCollectForAllocation
[2022-06-16T20:11:59.900+0000][6424][gc,start     ] GC(22) Pause Young (Allocation Failure)
[2022-06-16T20:11:59.900+0000][6424][gc,task      ] GC(22) Using 2 workers of 2 for evacuation
[2022-06-16T20:11:59.947+0000][6424][gc,age       ] GC(22) Desired survivor size 8716288 bytes, new threshold 6 (max threshold 6)
[2022-06-16T20:11:59.947+0000][6424][gc,age       ] GC(22) Age table with threshold 6 (max threshold 6)
[2022-06-16T20:11:59.947+0000][6424][gc,age       ] GC(22) - age   1:    4558656 bytes,    4558656 total
[2022-06-16T20:11:59.947+0000][6424][gc,heap      ] GC(22) ParNew: 153344K->12053K(153344K)
[2022-06-16T20:11:59.947+0000][6424][gc,heap      ] GC(22) CMS: 36184K->48006K(878208K)
[2022-06-16T20:11:59.947+0000][6424][gc,metaspace ] GC(22) Metaspace: 54802K->54802K(1101824K)
[2022-06-16T20:11:59.947+0000][6424][gc           ] GC(22) Pause Young (Allocation Failure) 185M->58M(1007M) 42.823ms
[2022-06-16T20:11:59.947+0000][6424][gc,cpu       ] GC(22) User=0.08s Sys=0.00s Real=0.05s
[2022-06-16T20:11:59.947+0000][6424][safepoint    ] Leaving safepoint region
[2022-06-16T20:11:59.947+0000][6424][safepoint    ] Total time for which application threads were stopped: 0.0430169 seconds, Stopping threads took: 0.0000350 seconds
[2022-06-16T20:12:00.415+0000][6424][safepoint    ] Application time: 0.4715821 seconds
[2022-06-16T20:12:00.415+0000][6424][safepoint    ] Entering safepoint region: Deoptimize
[2022-06-16T20:12:00.415+0000][6424][safepoint    ] Leaving safepoint region
[2022-06-16T20:12:00.415+0000][6424][safepoint    ] Total time for which application threads were stopped: 0.0006273 seconds, Stopping threads took: 0.0000255 seconds
[2022-06-16T20:12:00.415+0000][6424][safepoint    ] Application time: 0.0086494 seconds
[2022-06-16T20:12:00.415+0000][6424][safepoint    ] Entering safepoint region: Deoptimize
[2022-06-16T20:12:00.431+0000][6424][safepoint    ] Leaving safepoint region
[2022-06-16T20:12:00.431+0000][6424][safepoint    ] Total time for which application threads were stopped: 0.0044933 seconds, Stopping threads took: 0.0000249 seconds
[2022-06-16T20:12:00.478+0000][6424][safepoint    ] Application time: 0.0573867 seconds
[2022-06-16T20:12:00.478+0000][6424][safepoint    ] Entering safepoint region: RevokeBias
[2022-06-16T20:12:00.478+0000][6424][safepoint    ] Leaving safepoint region
[2022-06-16T20:12:00.478+0000][6424][safepoint    ] Total time for which application threads were stopped: 0.0001705 seconds, Stopping threads took: 0.0000434 seconds
[2022-06-16T20:12:00.494+0000][6424][safepoint    ] Application time: 0.0160891 seconds
[2022-06-16T20:12:00.494+0000][6424][safepoint    ] Entering safepoint region: RevokeBias
[2022-06-16T20:12:00.509+0000][6424][safepoint    ] Leaving safepoint region
[2022-06-16T20:12:00.509+0000][6424][safepoint    ] Total time for which application threads were stopped: 0.0001645 seconds, Stopping threads took: 0.0000432 seconds
[2022-06-16T20:12:00.509+0000][6424][safepoint    ] Application time: 0.0043156 seconds
[2022-06-16T20:12:00.509+0000][6424][safepoint    ] Entering safepoint region: RevokeBias
[2022-06-16T20:12:00.509+0000][6424][safepoint    ] Leaving safepoint region
[2022-06-16T20:12:00.509+0000][6424][safepoint    ] Total time for which application threads were stopped: 0.0001175 seconds, Stopping threads took: 0.0000265 seconds
[2022-06-16T20:12:01.509+0000][6424][safepoint    ] Application time: 0.9953495 seconds
[2022-06-16T20:12:01.509+0000][6424][safepoint    ] Entering safepoint region: Cleanup
[2022-06-16T20:12:01.509+0000][6424][safepoint    ] Leaving safepoint region
[2022-06-16T20:12:01.509+0000][6424][safepoint    ] Total time for which application threads were stopped: 0.0002967 seconds, Stopping threads took: 0.0001793 seconds
[2022-06-16T20:12:01.744+0000][6424][safepoint    ] Application time: 0.2378372 seconds
[2022-06-16T20:12:01.744+0000][6424][safepoint    ] Entering safepoint region: GenCollectForAllocation
[2022-06-16T20:12:01.744+0000][6424][gc,start     ] GC(23) Pause Young (Allocation Failure)
[2022-06-16T20:12:01.744+0000][6424][gc,task      ] GC(23) Using 2 workers of 2 for evacuation
[2022-06-16T20:12:01.759+0000][6424][gc,age       ] GC(23) Desired survivor size 8716288 bytes, new threshold 6 (max threshold 6)
[2022-06-16T20:12:01.759+0000][6424][gc,age       ] GC(23) Age table with threshold 6 (max threshold 6)
[2022-06-16T20:12:01.759+0000][6424][gc,age       ] GC(23) - age   1:    2113416 bytes,    2113416 total
[2022-06-16T20:12:01.759+0000][6424][gc,age       ] GC(23) - age   2:    4462192 bytes,    6575608 total
[2022-06-16T20:12:01.759+0000][6424][gc,heap      ] GC(23) ParNew: 148373K->8252K(153344K)
[2022-06-16T20:12:01.759+0000][6424][gc,heap      ] GC(23) CMS: 48006K->48006K(878208K)
[2022-06-16T20:12:01.759+0000][6424][gc,metaspace ] GC(23) Metaspace: 62253K->62253K(1107968K)
[2022-06-16T20:12:01.759+0000][6424][gc           ] GC(23) Pause Young (Allocation Failure) 191M->54M(1007M) 15.135ms
[2022-06-16T20:12:01.759+0000][6424][gc,cpu       ] GC(23) User=0.03s Sys=0.00s Real=0.02s
[2022-06-16T20:12:01.759+0000][6424][safepoint    ] Leaving safepoint region
[2022-06-16T20:12:01.759+0000][6424][safepoint    ] Total time for which application threads were stopped: 0.0154362 seconds, Stopping threads took: 0.0000275 seconds
[2022-06-16T20:12:02.759+0000][6424][safepoint    ] Application time: 0.9962441 seconds
[2022-06-16T20:12:02.759+0000][6424][safepoint    ] Entering safepoint region: Cleanup
[2022-06-16T20:12:02.759+0000][6424][safepoint    ] Leaving safepoint region
[2022-06-16T20:12:02.759+0000][6424][safepoint    ] Total time for which application threads were stopped: 0.0002960 seconds, Stopping threads took: 0.0002041 seconds
[2022-06-16T20:12:03.775+0000][6424][safepoint    ] Application time: 1.0152484 seconds
[2022-06-16T20:12:03.775+0000][6424][safepoint    ] Entering safepoint region: Cleanup
[2022-06-16T20:12:03.775+0000][6424][safepoint    ] Leaving safepoint region
[2022-06-16T20:12:03.775+0000][6424][safepoint    ] Total time for which application threads were stopped: 0.0001070 seconds, Stopping threads took: 0.0000210 seconds
[2022-06-16T20:12:03.962+0000][6424][safepoint    ] Application time: 0.2015110 seconds
[2022-06-16T20:12:03.962+0000][6424][safepoint    ] Entering safepoint region: RevokeBias
[2022-06-16T20:12:03.962+0000][6424][safepoint    ] Leaving safepoint region
[2022-06-16T20:12:03.962+0000][6424][safepoint    ] Total time for which application threads were stopped: 0.0001527 seconds, Stopping threads took: 0.0000253 seconds
[2022-06-16T20:12:03.978+0000][6424][safepoint    ] Application time: 0.0042737 seconds
[2022-06-16T20:12:03.978+0000][6424][safepoint    ] Entering safepoint region: RevokeBias
[2022-06-16T20:12:03.978+0000][6424][safepoint    ] Leaving safepoint region
[2022-06-16T20:12:03.978+0000][6424][safepoint    ] Total time for which application threads were stopped: 0.0000904 seconds, Stopping threads took: 0.0000216 seconds
[2022-06-16T20:12:04.072+0000][6424][safepoint    ] Application time: 0.0979849 seconds
[2022-06-16T20:12:04.072+0000][6424][safepoint    ] Entering safepoint region: RevokeBias
[2022-06-16T20:12:04.072+0000][6424][safepoint    ] Leaving safepoint region
[2022-06-16T20:12:04.072+0000][6424][safepoint    ] Total time for which application threads were stopped: 0.0001105 seconds, Stopping threads took: 0.0000265 seconds
[2022-06-16T20:12:04.072+0000][6424][safepoint    ] Application time: 0.0003694 seconds
[2022-06-16T20:12:04.072+0000][6424][safepoint    ] Entering safepoint region: RevokeBias
[2022-06-16T20:12:04.072+0000][6424][safepoint    ] Leaving safepoint region
[2022-06-16T20:12:04.072+0000][6424][safepoint    ] Total time for which application threads were stopped: 0.0000560 seconds, Stopping threads took: 0.0000171 seconds
[2022-06-16T20:12:04.072+0000][6424][safepoint    ] Application time: 0.0000487 seconds
[2022-06-16T20:12:04.072+0000][6424][safepoint    ] Entering safepoint region: RevokeBias
[2022-06-16T20:12:04.072+0000][6424][safepoint    ] Leaving safepoint region
[2022-06-16T20:12:04.072+0000][6424][safepoint    ] Total time for which application threads were stopped: 0.0000491 seconds, Stopping threads took: 0.0000163 seconds
[2022-06-16T20:12:04.134+0000][6424][safepoint    ] Application time: 0.0572768 seconds
[2022-06-16T20:12:04.134+0000][6424][safepoint    ] Entering safepoint region: GenCollectForAllocation
[2022-06-16T20:12:04.134+0000][6424][gc,start     ] GC(24) Pause Young (Allocation Failure)
[2022-06-16T20:12:04.134+0000][6424][gc,task      ] GC(24) Using 2 workers of 2 for evacuation
[2022-06-16T20:12:04.150+0000][6424][gc,age       ] GC(24) Desired survivor size 8716288 bytes, new threshold 3 (max threshold 6)
[2022-06-16T20:12:04.150+0000][6424][gc,age       ] GC(24) Age table with threshold 3 (max threshold 6)
[2022-06-16T20:12:04.150+0000][6424][gc,age       ] GC(24) - age   1:    2699496 bytes,    2699496 total
[2022-06-16T20:12:04.150+0000][6424][gc,age       ] GC(24) - age   2:    2004680 bytes,    4704176 total
[2022-06-16T20:12:04.150+0000][6424][gc,age       ] GC(24) - age   3:    4459184 bytes,    9163360 total
[2022-06-16T20:12:04.150+0000][6424][gc,heap      ] GC(24) ParNew: 144572K->11702K(153344K)
[2022-06-16T20:12:04.150+0000][6424][gc,heap      ] GC(24) CMS: 48006K->48006K(878208K)
[2022-06-16T20:12:04.150+0000][6424][gc,metaspace ] GC(24) Metaspace: 65532K->65532K(1110016K)
[2022-06-16T20:12:04.150+0000][6424][gc           ] GC(24) Pause Young (Allocation Failure) 188M->58M(1007M) 19.364ms
[2022-06-16T20:12:04.150+0000][6424][gc,cpu       ] GC(24) User=0.03s Sys=0.00s Real=0.02s
[2022-06-16T20:12:04.150+0000][6424][safepoint    ] Leaving safepoint region
[2022-06-16T20:12:04.150+0000][6424][safepoint    ] Total time for which application threads were stopped: 0.0195330 seconds, Stopping threads took: 0.0000257 seconds
[2022-06-16T20:12:04.259+0000][6424][safepoint    ] Application time: 0.1065197 seconds
[2022-06-16T20:12:04.259+0000][6424][safepoint    ] Entering safepoint region: Deoptimize
[2022-06-16T20:12:04.259+0000][6424][safepoint    ] Leaving safepoint region
[2022-06-16T20:12:04.259+0000][6424][safepoint    ] Total time for which application threads were stopped: 0.0006654 seconds, Stopping threads took: 0.0000202 seconds
[2022-06-16T20:12:04.259+0000][6424][safepoint    ] Application time: 0.0070566 seconds
[2022-06-16T20:12:04.259+0000][6424][safepoint    ] Entering safepoint region: CollectForMetadataAllocation
[2022-06-16T20:12:04.259+0000][6424][safepoint    ] Leaving safepoint region
[2022-06-16T20:12:04.259+0000][6424][safepoint    ] Total time for which application threads were stopped: 0.0002101 seconds, Stopping threads took: 0.0000257 seconds
[2022-06-16T20:12:04.290+0000][6424][safepoint    ] Application time: 0.0343884 seconds
[2022-06-16T20:12:04.290+0000][6424][safepoint    ] Entering safepoint region: CollectForMetadataAllocation
[2022-06-16T20:12:04.306+0000][6424][safepoint    ] Leaving safepoint region
[2022-06-16T20:12:04.306+0000][6424][safepoint    ] Total time for which application threads were stopped: 0.0008502 seconds, Stopping threads took: 0.0000271 seconds
[2022-06-16T20:12:04.353+0000][6424][safepoint    ] Application time: 0.0594119 seconds
[2022-06-16T20:12:04.353+0000][6424][safepoint    ] Entering safepoint region: CollectForMetadataAllocation
[2022-06-16T20:12:04.353+0000][6424][safepoint    ] Leaving safepoint region
[2022-06-16T20:12:04.353+0000][6424][safepoint    ] Total time for which application threads were stopped: 0.0002385 seconds, Stopping threads took: 0.0000222 seconds
[2022-06-16T20:12:04.384+0000][6424][safepoint    ] Application time: 0.0233691 seconds
[2022-06-16T20:12:04.415+0000][6424][safepoint    ] Entering safepoint region: CollectForMetadataAllocation
[2022-06-16T20:12:04.415+0000][6424][safepoint    ] Leaving safepoint region
[2022-06-16T20:12:04.415+0000][6424][safepoint    ] Total time for which application threads were stopped: 0.0382844 seconds, Stopping threads took: 0.0380653 seconds
[2022-06-16T20:12:04.619+0000][6424][safepoint    ] Application time: 0.1958745 seconds
[2022-06-16T20:12:04.619+0000][6424][safepoint    ] Entering safepoint region: CollectForMetadataAllocation
[2022-06-16T20:12:04.619+0000][6424][safepoint    ] Leaving safepoint region
[2022-06-16T20:12:04.619+0000][6424][safepoint    ] Total time for which application threads were stopped: 0.0002240 seconds, Stopping threads took: 0.0000199 seconds
[2022-06-16T20:12:04.650+0000][6424][safepoint    ] Application time: 0.0382478 seconds
[2022-06-16T20:12:04.650+0000][6424][safepoint    ] Entering safepoint region: CollectForMetadataAllocation
[2022-06-16T20:12:04.650+0000][6424][safepoint    ] Leaving safepoint region
[2022-06-16T20:12:04.650+0000][6424][safepoint    ] Total time for which application threads were stopped: 0.0002390 seconds, Stopping threads took: 0.0000274 seconds
[2022-06-16T20:12:04.697+0000][6424][safepoint    ] Application time: 0.0485779 seconds
[2022-06-16T20:12:04.697+0000][6424][safepoint    ] Entering safepoint region: CollectForMetadataAllocation
[2022-06-16T20:12:04.697+0000][6424][safepoint    ] Leaving safepoint region
[2022-06-16T20:12:04.697+0000][6424][safepoint    ] Total time for which application threads were stopped: 0.0004148 seconds, Stopping threads took: 0.0000237 seconds
[2022-06-16T20:12:04.728+0000][6424][safepoint    ] Application time: 0.0309356 seconds
[2022-06-16T20:12:04.728+0000][6424][safepoint    ] Entering safepoint region: CollectForMetadataAllocation
[2022-06-16T20:12:04.728+0000][6424][safepoint    ] Leaving safepoint region
[2022-06-16T20:12:04.728+0000][6424][safepoint    ] Total time for which application threads were stopped: 0.0002241 seconds, Stopping threads took: 0.0000225 seconds
[2022-06-16T20:12:04.775+0000][6424][safepoint    ] Application time: 0.0372507 seconds
[2022-06-16T20:12:04.775+0000][6424][safepoint    ] Entering safepoint region: CollectForMetadataAllocation
[2022-06-16T20:12:04.775+0000][6424][safepoint    ] Leaving safepoint region
[2022-06-16T20:12:04.775+0000][6424][safepoint    ] Total time for which application threads were stopped: 0.0002258 seconds, Stopping threads took: 0.0000219 seconds
[2022-06-16T20:12:04.790+0000][6424][safepoint    ] Application time: 0.0251035 seconds
[2022-06-16T20:12:04.790+0000][6424][safepoint    ] Entering safepoint region: CollectForMetadataAllocation
[2022-06-16T20:12:04.806+0000][6424][safepoint    ] Leaving safepoint region
[2022-06-16T20:12:04.806+0000][6424][safepoint    ] Total time for which application threads were stopped: 0.0002230 seconds, Stopping threads took: 0.0000210 seconds
[2022-06-16T20:12:04.846+0000][6424][safepoint    ] Application time: 0.0517843 seconds
[2022-06-16T20:12:04.846+0000][6424][safepoint    ] Entering safepoint region: CollectForMetadataAllocation
[2022-06-16T20:12:04.846+0000][6424][safepoint    ] Leaving safepoint region
[2022-06-16T20:12:04.846+0000][6424][safepoint    ] Total time for which application threads were stopped: 0.0002264 seconds, Stopping threads took: 0.0000286 seconds
[2022-06-16T20:12:04.955+0000][6424][safepoint    ] Application time: 0.1032705 seconds
[2022-06-16T20:12:04.955+0000][6424][safepoint    ] Entering safepoint region: CollectForMetadataAllocation
[2022-06-16T20:12:04.955+0000][6424][safepoint    ] Leaving safepoint region
[2022-06-16T20:12:04.955+0000][6424][safepoint    ] Total time for which application threads were stopped: 0.0002307 seconds, Stopping threads took: 0.0000273 seconds
[2022-06-16T20:12:05.111+0000][6424][safepoint    ] Application time: 0.1537281 seconds
[2022-06-16T20:12:05.111+0000][6424][safepoint    ] Entering safepoint region: CollectForMetadataAllocation
[2022-06-16T20:12:05.111+0000][6424][safepoint    ] Leaving safepoint region
[2022-06-16T20:12:05.111+0000][6424][safepoint    ] Total time for which application threads were stopped: 0.0002181 seconds, Stopping threads took: 0.0000406 seconds
[2022-06-16T20:12:05.142+0000][6424][safepoint    ] Application time: 0.0278425 seconds
[2022-06-16T20:12:05.142+0000][6424][safepoint    ] Entering safepoint region: CollectForMetadataAllocation
[2022-06-16T20:12:05.142+0000][6424][safepoint    ] Leaving safepoint region
[2022-06-16T20:12:05.142+0000][6424][safepoint    ] Total time for which application threads were stopped: 0.0002243 seconds, Stopping threads took: 0.0000263 seconds
[2022-06-16T20:12:05.160+0000][6424][safepoint    ] Application time: 0.0173796 seconds
[2022-06-16T20:12:05.161+0000][6424][safepoint    ] Entering safepoint region: CollectForMetadataAllocation
[2022-06-16T20:12:05.161+0000][6424][safepoint    ] Leaving safepoint region
[2022-06-16T20:12:05.161+0000][6424][safepoint    ] Total time for which application threads were stopped: 0.0002525 seconds, Stopping threads took: 0.0000680 seconds
[2022-06-16T20:12:05.189+0000][6424][safepoint    ] Application time: 0.0283836 seconds
[2022-06-16T20:12:05.189+0000][6424][safepoint    ] Entering safepoint region: CollectForMetadataAllocation
[2022-06-16T20:12:05.189+0000][6424][safepoint    ] Leaving safepoint region
[2022-06-16T20:12:05.189+0000][6424][safepoint    ] Total time for which application threads were stopped: 0.0002147 seconds, Stopping threads took: 0.0000292 seconds
[2022-06-16T20:12:05.358+0000][6424][safepoint    ] Application time: 0.1687366 seconds
[2022-06-16T20:12:05.358+0000][6424][safepoint    ] Entering safepoint region: CollectForMetadataAllocation
[2022-06-16T20:12:05.358+0000][6424][safepoint    ] Leaving safepoint region
[2022-06-16T20:12:05.358+0000][6424][safepoint    ] Total time for which application threads were stopped: 0.0002317 seconds, Stopping threads took: 0.0000272 seconds
[2022-06-16T20:12:05.382+0000][6424][safepoint    ] Application time: 0.0236439 seconds
[2022-06-16T20:12:05.382+0000][6424][safepoint    ] Entering safepoint region: CollectForMetadataAllocation
[2022-06-16T20:12:05.382+0000][6424][safepoint    ] Leaving safepoint region
[2022-06-16T20:12:05.382+0000][6424][safepoint    ] Total time for which application threads were stopped: 0.0002325 seconds, Stopping threads took: 0.0000269 seconds
[2022-06-16T20:12:05.422+0000][6424][safepoint    ] Application time: 0.0391215 seconds
[2022-06-16T20:12:05.422+0000][6424][safepoint    ] Entering safepoint region: CollectForMetadataAllocation
[2022-06-16T20:12:05.422+0000][6424][safepoint    ] Leaving safepoint region
[2022-06-16T20:12:05.422+0000][6424][safepoint    ] Total time for which application threads were stopped: 0.0001623 seconds, Stopping threads took: 0.0000283 seconds
[2022-06-16T20:12:05.470+0000][6424][safepoint    ] Application time: 0.0476290 seconds
[2022-06-16T20:12:05.470+0000][6424][safepoint    ] Entering safepoint region: CollectForMetadataAllocation
[2022-06-16T20:12:05.470+0000][6424][safepoint    ] Leaving safepoint region
[2022-06-16T20:12:05.470+0000][6424][safepoint    ] Total time for which application threads were stopped: 0.0005335 seconds, Stopping threads took: 0.0000258 seconds
[2022-06-16T20:12:05.497+0000][6424][safepoint    ] Application time: 0.0266105 seconds
[2022-06-16T20:12:05.497+0000][6424][safepoint    ] Entering safepoint region: CollectForMetadataAllocation
[2022-06-16T20:12:05.497+0000][6424][safepoint    ] Leaving safepoint region
[2022-06-16T20:12:05.497+0000][6424][safepoint    ] Total time for which application threads were stopped: 0.0002271 seconds, Stopping threads took: 0.0000278 seconds
[2022-06-16T20:12:05.569+0000][6424][safepoint    ] Application time: 0.0722696 seconds
[2022-06-16T20:12:05.569+0000][6424][safepoint    ] Entering safepoint region: CollectForMetadataAllocation
[2022-06-16T20:12:05.570+0000][6424][safepoint    ] Leaving safepoint region
[2022-06-16T20:12:05.570+0000][6424][safepoint    ] Total time for which application threads were stopped: 0.0002263 seconds, Stopping threads took: 0.0000266 seconds
[2022-06-16T20:12:05.708+0000][6424][safepoint    ] Application time: 0.1382942 seconds
[2022-06-16T20:12:05.708+0000][6424][safepoint    ] Entering safepoint region: CollectForMetadataAllocation
[2022-06-16T20:12:05.708+0000][6424][safepoint    ] Leaving safepoint region
[2022-06-16T20:12:05.708+0000][6424][safepoint    ] Total time for which application threads were stopped: 0.0002873 seconds, Stopping threads took: 0.0000288 seconds
[2022-06-16T20:12:05.742+0000][6424][safepoint    ] Application time: 0.0340144 seconds
[2022-06-16T20:12:05.742+0000][6424][safepoint    ] Entering safepoint region: CollectForMetadataAllocation
[2022-06-16T20:12:05.743+0000][6424][safepoint    ] Leaving safepoint region
[2022-06-16T20:12:05.743+0000][6424][safepoint    ] Total time for which application threads were stopped: 0.0002399 seconds, Stopping threads took: 0.0000278 seconds
[2022-06-16T20:12:05.779+0000][6424][safepoint    ] Application time: 0.0368123 seconds
[2022-06-16T20:12:05.780+0000][6424][safepoint    ] Entering safepoint region: CollectForMetadataAllocation
[2022-06-16T20:12:05.780+0000][6424][safepoint    ] Leaving safepoint region
[2022-06-16T20:12:05.780+0000][6424][safepoint    ] Total time for which application threads were stopped: 0.0003061 seconds, Stopping threads took: 0.0000296 seconds
[2022-06-16T20:12:05.810+0000][6424][safepoint    ] Application time: 0.0302406 seconds
[2022-06-16T20:12:05.810+0000][6424][safepoint    ] Entering safepoint region: CollectForMetadataAllocation
[2022-06-16T20:12:05.810+0000][6424][safepoint    ] Leaving safepoint region
[2022-06-16T20:12:05.810+0000][6424][safepoint    ] Total time for which application threads were stopped: 0.0002357 seconds, Stopping threads took: 0.0000265 seconds
[2022-06-16T20:12:05.836+0000][6424][safepoint    ] Application time: 0.0257116 seconds
[2022-06-16T20:12:05.836+0000][6424][safepoint    ] Entering safepoint region: CollectForMetadataAllocation
[2022-06-16T20:12:05.836+0000][6424][safepoint    ] Leaving safepoint region
[2022-06-16T20:12:05.836+0000][6424][safepoint    ] Total time for which application threads were stopped: 0.0002593 seconds, Stopping threads took: 0.0000266 seconds
[2022-06-16T20:12:05.849+0000][6424][safepoint    ] Application time: 0.0122442 seconds
[2022-06-16T20:12:05.849+0000][6424][safepoint    ] Entering safepoint region: CollectForMetadataAllocation
[2022-06-16T20:12:05.849+0000][6424][safepoint    ] Leaving safepoint region
[2022-06-16T20:12:05.849+0000][6424][safepoint    ] Total time for which application threads were stopped: 0.0002687 seconds, Stopping threads took: 0.0000244 seconds
[2022-06-16T20:12:05.861+0000][6424][safepoint    ] Application time: 0.0121647 seconds
[2022-06-16T20:12:05.861+0000][6424][safepoint    ] Entering safepoint region: Deoptimize
[2022-06-16T20:12:05.862+0000][6424][safepoint    ] Leaving safepoint region
[2022-06-16T20:12:05.862+0000][6424][safepoint    ] Total time for which application threads were stopped: 0.0007111 seconds, Stopping threads took: 0.0000264 seconds
[2022-06-16T20:12:06.116+0000][6424][safepoint    ] Application time: 0.2544599 seconds
[2022-06-16T20:12:06.116+0000][6424][safepoint    ] Entering safepoint region: RevokeBias
[2022-06-16T20:12:06.117+0000][6424][safepoint    ] Leaving safepoint region
[2022-06-16T20:12:06.117+0000][6424][safepoint    ] Total time for which application threads were stopped: 0.0001301 seconds, Stopping threads took: 0.0000264 seconds
[2022-06-16T20:12:06.117+0000][6424][safepoint    ] Application time: 0.0000278 seconds
[2022-06-16T20:12:06.117+0000][6424][safepoint    ] Entering safepoint region: RevokeBias
[2022-06-16T20:12:06.117+0000][6424][safepoint    ] Leaving safepoint region
[2022-06-16T20:12:06.117+0000][6424][safepoint    ] Total time for which application threads were stopped: 0.0000921 seconds, Stopping threads took: 0.0000201 seconds
[2022-06-16T20:12:06.117+0000][6424][safepoint    ] Application time: 0.0000431 seconds
[2022-06-16T20:12:06.117+0000][6424][safepoint    ] Entering safepoint region: RevokeBias
[2022-06-16T20:12:06.117+0000][6424][safepoint    ] Leaving safepoint region
[2022-06-16T20:12:06.117+0000][6424][safepoint    ] Total time for which application threads were stopped: 0.0000790 seconds, Stopping threads took: 0.0000191 seconds
[2022-06-16T20:12:06.159+0000][6424][safepoint    ] Application time: 0.0416239 seconds
[2022-06-16T20:12:06.159+0000][6424][safepoint    ] Entering safepoint region: CMS_Initial_Mark
[2022-06-16T20:12:06.159+0000][6424][gc,start     ] GC(25) Pause Initial Mark
[2022-06-16T20:12:06.182+0000][6424][gc           ] GC(25) Pause Initial Mark 166M->166M(1007M) 23.697ms
[2022-06-16T20:12:06.182+0000][6424][gc,cpu       ] GC(25) User=0.06s Sys=0.00s Real=0.02s
[2022-06-16T20:12:06.182+0000][6424][safepoint    ] Leaving safepoint region
[2022-06-16T20:12:06.182+0000][6424][safepoint    ] Total time for which application threads were stopped: 0.0238759 seconds, Stopping threads took: 0.0000245 seconds
[2022-06-16T20:12:06.183+0000][6424][gc           ] GC(25) Concurrent Mark
[2022-06-16T20:12:06.252+0000][6424][gc           ] GC(25) Concurrent Mark 69.265ms
[2022-06-16T20:12:06.252+0000][6424][gc,cpu       ] GC(25) User=0.09s Sys=0.00s Real=0.07s
[2022-06-16T20:12:06.252+0000][6424][gc           ] GC(25) Concurrent Preclean
[2022-06-16T20:12:06.256+0000][6424][gc           ] GC(25) Concurrent Preclean 4.188ms
[2022-06-16T20:12:06.256+0000][6424][gc,cpu       ] GC(25) User=0.02s Sys=0.00s Real=0.00s
[2022-06-16T20:12:06.256+0000][6424][gc           ] GC(25) Concurrent Abortable Preclean
[2022-06-16T20:12:06.428+0000][6424][safepoint    ] Application time: 0.2452254 seconds
[2022-06-16T20:12:06.428+0000][6424][safepoint    ] Entering safepoint region: CollectForMetadataAllocation
[2022-06-16T20:12:06.428+0000][6424][safepoint    ] Leaving safepoint region
[2022-06-16T20:12:06.428+0000][6424][safepoint    ] Total time for which application threads were stopped: 0.0002258 seconds, Stopping threads took: 0.0000286 seconds
[2022-06-16T20:12:06.551+0000][6424][safepoint    ] Application time: 0.1227442 seconds
[2022-06-16T20:12:06.551+0000][6424][safepoint    ] Entering safepoint region: CollectForMetadataAllocation
[2022-06-16T20:12:06.551+0000][6424][safepoint    ] Leaving safepoint region
[2022-06-16T20:12:06.551+0000][6424][safepoint    ] Total time for which application threads were stopped: 0.0002240 seconds, Stopping threads took: 0.0000254 seconds
[2022-06-16T20:12:06.672+0000][6424][safepoint    ] Application time: 0.1207088 seconds
[2022-06-16T20:12:06.672+0000][6424][safepoint    ] Entering safepoint region: CollectForMetadataAllocation
[2022-06-16T20:12:06.672+0000][6424][safepoint    ] Leaving safepoint region
[2022-06-16T20:12:06.672+0000][6424][safepoint    ] Total time for which application threads were stopped: 0.0002158 seconds, Stopping threads took: 0.0000263 seconds
[2022-06-16T20:12:06.720+0000][6424][safepoint    ] Application time: 0.0480118 seconds
[2022-06-16T20:12:06.720+0000][6424][safepoint    ] Entering safepoint region: CollectForMetadataAllocation
[2022-06-16T20:12:06.720+0000][6424][safepoint    ] Leaving safepoint region
[2022-06-16T20:12:06.720+0000][6424][safepoint    ] Total time for which application threads were stopped: 0.0002160 seconds, Stopping threads took: 0.0000209 seconds
[2022-06-16T20:12:06.982+0000][6424][safepoint    ] Application time: 0.2617867 seconds
[2022-06-16T20:12:06.982+0000][6424][safepoint    ] Entering safepoint region: CollectForMetadataAllocation
[2022-06-16T20:12:06.982+0000][6424][safepoint    ] Leaving safepoint region
[2022-06-16T20:12:06.982+0000][6424][safepoint    ] Total time for which application threads were stopped: 0.0002347 seconds, Stopping threads took: 0.0000216 seconds
[2022-06-16T20:12:07.045+0000][6424][safepoint    ] Application time: 0.0625603 seconds
[2022-06-16T20:12:07.045+0000][6424][safepoint    ] Entering safepoint region: CollectForMetadataAllocation
[2022-06-16T20:12:07.045+0000][6424][safepoint    ] Leaving safepoint region
[2022-06-16T20:12:07.045+0000][6424][safepoint    ] Total time for which application threads were stopped: 0.0002099 seconds, Stopping threads took: 0.0000226 seconds
[2022-06-16T20:12:07.069+0000][6424][safepoint    ] Application time: 0.0240975 seconds
[2022-06-16T20:12:07.069+0000][6424][safepoint    ] Entering safepoint region: CollectForMetadataAllocation
[2022-06-16T20:12:07.070+0000][6424][safepoint    ] Leaving safepoint region
[2022-06-16T20:12:07.070+0000][6424][safepoint    ] Total time for which application threads were stopped: 0.0002428 seconds, Stopping threads took: 0.0000198 seconds
[2022-06-16T20:12:07.142+0000][6424][safepoint    ] Application time: 0.0720591 seconds
[2022-06-16T20:12:07.142+0000][6424][safepoint    ] Entering safepoint region: CollectForMetadataAllocation
[2022-06-16T20:12:07.142+0000][6424][safepoint    ] Leaving safepoint region
[2022-06-16T20:12:07.142+0000][6424][safepoint    ] Total time for which application threads were stopped: 0.0002092 seconds, Stopping threads took: 0.0000230 seconds
[2022-06-16T20:12:07.225+0000][6424][safepoint    ] Application time: 0.0905680 seconds
[2022-06-16T20:12:07.225+0000][6424][safepoint    ] Entering safepoint region: CollectForMetadataAllocation
[2022-06-16T20:12:07.225+0000][6424][safepoint    ] Leaving safepoint region
[2022-06-16T20:12:07.225+0000][6424][safepoint    ] Total time for which application threads were stopped: 0.0002264 seconds, Stopping threads took: 0.0000252 seconds
[2022-06-16T20:12:07.256+0000][6424][safepoint    ] Application time: 0.0284004 seconds
[2022-06-16T20:12:07.256+0000][6424][safepoint    ] Entering safepoint region: CollectForMetadataAllocation
[2022-06-16T20:12:07.256+0000][6424][safepoint    ] Leaving safepoint region
[2022-06-16T20:12:07.256+0000][6424][safepoint    ] Total time for which application threads were stopped: 0.0002237 seconds, Stopping threads took: 0.0000248 seconds
[2022-06-16T20:12:07.287+0000][6424][safepoint    ] Application time: 0.0341652 seconds
[2022-06-16T20:12:07.287+0000][6424][safepoint    ] Entering safepoint region: CollectForMetadataAllocation
[2022-06-16T20:12:07.287+0000][6424][safepoint    ] Leaving safepoint region
[2022-06-16T20:12:07.287+0000][6424][safepoint    ] Total time for which application threads were stopped: 0.0002018 seconds, Stopping threads took: 0.0000212 seconds
[2022-06-16T20:12:07.442+0000][6424][safepoint    ] Application time: 0.1456093 seconds
[2022-06-16T20:12:07.443+0000][6424][safepoint    ] Entering safepoint region: CollectForMetadataAllocation
[2022-06-16T20:12:07.443+0000][6424][safepoint    ] Leaving safepoint region
[2022-06-16T20:12:07.443+0000][6424][safepoint    ] Total time for which application threads were stopped: 0.0001711 seconds, Stopping threads took: 0.0000333 seconds
[2022-06-16T20:12:07.558+0000][6424][safepoint    ] Application time: 0.1249962 seconds
[2022-06-16T20:12:07.558+0000][6424][safepoint    ] Entering safepoint region: RevokeBias
[2022-06-16T20:12:07.558+0000][6424][safepoint    ] Leaving safepoint region
[2022-06-16T20:12:07.558+0000][6424][safepoint    ] Total time for which application threads were stopped: 0.0001239 seconds, Stopping threads took: 0.0000272 seconds
[2022-06-16T20:12:07.652+0000][6424][safepoint    ] Application time: 0.0886663 seconds
[2022-06-16T20:12:07.652+0000][6424][safepoint    ] Entering safepoint region: RevokeBias
[2022-06-16T20:12:07.652+0000][6424][safepoint    ] Leaving safepoint region
[2022-06-16T20:12:07.652+0000][6424][safepoint    ] Total time for which application threads were stopped: 0.0001015 seconds, Stopping threads took: 0.0000257 seconds
[2022-06-16T20:12:07.745+0000][6424][safepoint    ] Application time: 0.0890327 seconds
[2022-06-16T20:12:07.745+0000][6424][safepoint    ] Entering safepoint region: RevokeBias
[2022-06-16T20:12:07.745+0000][6424][safepoint    ] Leaving safepoint region
[2022-06-16T20:12:07.745+0000][6424][safepoint    ] Total time for which application threads were stopped: 0.0001110 seconds, Stopping threads took: 0.0000261 seconds
[2022-06-16T20:12:07.807+0000][6424][safepoint    ] Application time: 0.0613321 seconds
[2022-06-16T20:12:07.807+0000][6424][safepoint    ] Entering safepoint region: RevokeBias
[2022-06-16T20:12:07.808+0000][6424][safepoint    ] Leaving safepoint region
[2022-06-16T20:12:07.808+0000][6424][safepoint    ] Total time for which application threads were stopped: 0.0001300 seconds, Stopping threads took: 0.0000197 seconds
[2022-06-16T20:12:07.865+0000][6424][safepoint    ] Application time: 0.0576280 seconds
[2022-06-16T20:12:07.865+0000][6424][safepoint    ] Entering safepoint region: CollectForMetadataAllocation
[2022-06-16T20:12:07.865+0000][6424][safepoint    ] Leaving safepoint region
[2022-06-16T20:12:07.865+0000][6424][safepoint    ] Total time for which application threads were stopped: 0.0001978 seconds, Stopping threads took: 0.0000210 seconds
[2022-06-16T20:12:07.955+0000][6424][safepoint    ] Application time: 0.0891498 seconds
[2022-06-16T20:12:07.955+0000][6424][safepoint    ] Entering safepoint region: CollectForMetadataAllocation
[2022-06-16T20:12:07.955+0000][6424][safepoint    ] Leaving safepoint region
[2022-06-16T20:12:07.955+0000][6424][safepoint    ] Total time for which application threads were stopped: 0.0002429 seconds, Stopping threads took: 0.0000296 seconds
[2022-06-16T20:12:08.032+0000][6424][safepoint    ] Application time: 0.0766304 seconds
[2022-06-16T20:12:08.032+0000][6424][safepoint    ] Entering safepoint region: GenCollectForAllocation
[2022-06-16T20:12:08.032+0000][6424][gc,start     ] GC(26) Pause Young (Allocation Failure)
[2022-06-16T20:12:08.032+0000][6424][gc,task      ] GC(26) Using 2 workers of 2 for evacuation
[2022-06-16T20:12:08.064+0000][6424][gc,age       ] GC(26) Desired survivor size 8716288 bytes, new threshold 6 (max threshold 6)
[2022-06-16T20:12:08.064+0000][6424][gc,age       ] GC(26) Age table with threshold 6 (max threshold 6)
[2022-06-16T20:12:08.064+0000][6424][gc,age       ] GC(26) - age   1:    3905392 bytes,    3905392 total
[2022-06-16T20:12:08.064+0000][6424][gc,age       ] GC(26) - age   2:    2659472 bytes,    6564864 total
[2022-06-16T20:12:08.064+0000][6424][gc,age       ] GC(26) - age   3:    2001968 bytes,    8566832 total
[2022-06-16T20:12:08.064+0000][6424][gc,heap      ] GC(26) ParNew: 148022K->12252K(153344K)
[2022-06-16T20:12:08.064+0000][6424][gc,heap      ] GC(26) CMS: 48006K->52489K(878208K)
[2022-06-16T20:12:08.064+0000][6424][gc,metaspace ] GC(26) Metaspace: 79352K->79352K(1124352K)
[2022-06-16T20:12:08.064+0000][6424][gc           ] GC(26) Pause Young (Allocation Failure) 191M->63M(1007M) 32.598ms
[2022-06-16T20:12:08.064+0000][6424][gc,cpu       ] GC(26) User=0.06s Sys=0.00s Real=0.03s
[2022-06-16T20:12:08.064+0000][6424][safepoint    ] Leaving safepoint region
[2022-06-16T20:12:08.064+0000][6424][safepoint    ] Total time for which application threads were stopped: 0.0327577 seconds, Stopping threads took: 0.0000201 seconds
[2022-06-16T20:12:08.116+0000][6424][safepoint    ] Application time: 0.0513791 seconds
[2022-06-16T20:12:08.116+0000][6424][safepoint    ] Entering safepoint region: CollectForMetadataAllocation
[2022-06-16T20:12:08.116+0000][6424][safepoint    ] Leaving safepoint region
[2022-06-16T20:12:08.117+0000][6424][safepoint    ] Total time for which application threads were stopped: 0.0005802 seconds, Stopping threads took: 0.0000211 seconds
[2022-06-16T20:12:08.199+0000][6424][safepoint    ] Application time: 0.0821260 seconds
[2022-06-16T20:12:08.199+0000][6424][safepoint    ] Entering safepoint region: CollectForMetadataAllocation
[2022-06-16T20:12:08.199+0000][6424][safepoint    ] Leaving safepoint region
[2022-06-16T20:12:08.199+0000][6424][safepoint    ] Total time for which application threads were stopped: 0.0002357 seconds, Stopping threads took: 0.0000273 seconds
[2022-06-16T20:12:08.348+0000][6424][safepoint    ] Application time: 0.1490214 seconds
[2022-06-16T20:12:08.348+0000][6424][safepoint    ] Entering safepoint region: CollectForMetadataAllocation
[2022-06-16T20:12:08.348+0000][6424][safepoint    ] Leaving safepoint region
[2022-06-16T20:12:08.348+0000][6424][safepoint    ] Total time for which application threads were stopped: 0.0002917 seconds, Stopping threads took: 0.0000272 seconds
[2022-06-16T20:12:08.529+0000][6424][safepoint    ] Application time: 0.1816455 seconds
[2022-06-16T20:12:08.529+0000][6424][safepoint    ] Entering safepoint region: Deoptimize
[2022-06-16T20:12:08.530+0000][6424][safepoint    ] Leaving safepoint region
[2022-06-16T20:12:08.530+0000][6424][safepoint    ] Total time for which application threads were stopped: 0.0007498 seconds, Stopping threads took: 0.0000414 seconds
[2022-06-16T20:12:08.630+0000][6424][safepoint    ] Application time: 0.0997436 seconds
[2022-06-16T20:12:08.630+0000][6424][safepoint    ] Entering safepoint region: CollectForMetadataAllocation
[2022-06-16T20:12:08.630+0000][6424][safepoint    ] Leaving safepoint region
[2022-06-16T20:12:08.630+0000][6424][safepoint    ] Total time for which application threads were stopped: 0.0002216 seconds, Stopping threads took: 0.0000272 seconds
[2022-06-16T20:12:08.940+0000][6424][safepoint    ] Application time: 0.3093083 seconds
[2022-06-16T20:12:08.940+0000][6424][safepoint    ] Entering safepoint region: RevokeBias
[2022-06-16T20:12:08.940+0000][6424][safepoint    ] Leaving safepoint region
[2022-06-16T20:12:08.940+0000][6424][safepoint    ] Total time for which application threads were stopped: 0.0001438 seconds, Stopping threads took: 0.0000260 seconds
[2022-06-16T20:12:08.940+0000][6424][safepoint    ] Application time: 0.0000344 seconds
[2022-06-16T20:12:08.940+0000][6424][safepoint    ] Entering safepoint region: RevokeBias
[2022-06-16T20:12:08.940+0000][6424][safepoint    ] Leaving safepoint region
[2022-06-16T20:12:08.940+0000][6424][safepoint    ] Total time for which application threads were stopped: 0.0000944 seconds, Stopping threads took: 0.0000178 seconds
[2022-06-16T20:12:08.940+0000][6424][safepoint    ] Application time: 0.0000581 seconds
[2022-06-16T20:12:08.940+0000][6424][safepoint    ] Entering safepoint region: RevokeBias
[2022-06-16T20:12:08.940+0000][6424][safepoint    ] Leaving safepoint region
[2022-06-16T20:12:08.940+0000][6424][safepoint    ] Total time for which application threads were stopped: 0.0000906 seconds, Stopping threads took: 0.0000171 seconds
[2022-06-16T20:12:08.940+0000][6424][safepoint    ] Application time: 0.0000898 seconds
[2022-06-16T20:12:08.940+0000][6424][safepoint    ] Entering safepoint region: RevokeBias
[2022-06-16T20:12:08.940+0000][6424][safepoint    ] Leaving safepoint region
[2022-06-16T20:12:08.941+0000][6424][safepoint    ] Total time for which application threads were stopped: 0.0000889 seconds, Stopping threads took: 0.0000166 seconds
[2022-06-16T20:12:08.941+0000][6424][safepoint    ] Application time: 0.0006016 seconds
[2022-06-16T20:12:08.941+0000][6424][safepoint    ] Entering safepoint region: BulkRevokeBias
[2022-06-16T20:12:08.941+0000][6424][safepoint    ] Leaving safepoint region
[2022-06-16T20:12:08.941+0000][6424][safepoint    ] Total time for which application threads were stopped: 0.0001604 seconds, Stopping threads took: 0.0000200 seconds
[2022-06-16T20:12:09.042+0000][6424][safepoint    ] Application time: 0.1010515 seconds
[2022-06-16T20:12:09.042+0000][6424][safepoint    ] Entering safepoint region: CollectForMetadataAllocation
[2022-06-16T20:12:09.043+0000][6424][safepoint    ] Leaving safepoint region
[2022-06-16T20:12:09.043+0000][6424][safepoint    ] Total time for which application threads were stopped: 0.0002211 seconds, Stopping threads took: 0.0000223 seconds
[2022-06-16T20:12:09.093+0000][6424][safepoint    ] Application time: 0.0502721 seconds
[2022-06-16T20:12:09.093+0000][6424][safepoint    ] Entering safepoint region: CollectForMetadataAllocation
[2022-06-16T20:12:09.094+0000][6424][safepoint    ] Leaving safepoint region
[2022-06-16T20:12:09.094+0000][6424][safepoint    ] Total time for which application threads were stopped: 0.0001653 seconds, Stopping threads took: 0.0000203 seconds
[2022-06-16T20:12:09.156+0000][6424][safepoint    ] Application time: 0.0737714 seconds
[2022-06-16T20:12:09.156+0000][6424][safepoint    ] Entering safepoint region: CollectForMetadataAllocation
[2022-06-16T20:12:09.156+0000][6424][safepoint    ] Leaving safepoint region
[2022-06-16T20:12:09.156+0000][6424][safepoint    ] Total time for which application threads were stopped: 0.0001580 seconds, Stopping threads took: 0.0000215 seconds
[2022-06-16T20:12:09.234+0000][6424][safepoint    ] Application time: 0.0772271 seconds
[2022-06-16T20:12:09.234+0000][6424][safepoint    ] Entering safepoint region: CollectForMetadataAllocation
[2022-06-16T20:12:09.234+0000][6424][safepoint    ] Leaving safepoint region
[2022-06-16T20:12:09.234+0000][6424][safepoint    ] Total time for which application threads were stopped: 0.0002348 seconds, Stopping threads took: 0.0000201 seconds
[2022-06-16T20:12:09.297+0000][6424][safepoint    ] Application time: 0.0649855 seconds
[2022-06-16T20:12:09.297+0000][6424][safepoint    ] Entering safepoint region: CollectForMetadataAllocation
[2022-06-16T20:12:09.310+0000][6424][safepoint    ] Leaving safepoint region
[2022-06-16T20:12:09.310+0000][6424][safepoint    ] Total time for which application threads were stopped: 0.0003517 seconds, Stopping threads took: 0.0000304 seconds
[2022-06-16T20:12:09.333+0000][6424][safepoint    ] Application time: 0.0228472 seconds
[2022-06-16T20:12:09.333+0000][6424][safepoint    ] Entering safepoint region: CollectForMetadataAllocation
[2022-06-16T20:12:09.333+0000][6424][safepoint    ] Leaving safepoint region
[2022-06-16T20:12:09.333+0000][6424][safepoint    ] Total time for which application threads were stopped: 0.0001450 seconds, Stopping threads took: 0.0000203 seconds
[2022-06-16T20:12:09.423+0000][6424][safepoint    ] Application time: 0.0956232 seconds
[2022-06-16T20:12:09.423+0000][6424][safepoint    ] Entering safepoint region: CollectForMetadataAllocation
[2022-06-16T20:12:09.423+0000][6424][safepoint    ] Leaving safepoint region
[2022-06-16T20:12:09.423+0000][6424][safepoint    ] Total time for which application threads were stopped: 0.0002275 seconds, Stopping threads took: 0.0000228 seconds
[2022-06-16T20:12:09.564+0000][6424][safepoint    ] Application time: 0.1340766 seconds
[2022-06-16T20:12:09.564+0000][6424][safepoint    ] Entering safepoint region: CollectForMetadataAllocation
[2022-06-16T20:12:09.564+0000][6424][safepoint    ] Leaving safepoint region
[2022-06-16T20:12:09.564+0000][6424][safepoint    ] Total time for which application threads were stopped: 0.0003747 seconds, Stopping threads took: 0.0001638 seconds
[2022-06-16T20:12:09.689+0000][6424][safepoint    ] Application time: 0.1338946 seconds
[2022-06-16T20:12:09.689+0000][6424][safepoint    ] Entering safepoint region: CollectForMetadataAllocation
[2022-06-16T20:12:09.689+0000][6424][safepoint    ] Leaving safepoint region
[2022-06-16T20:12:09.689+0000][6424][safepoint    ] Total time for which application threads were stopped: 0.0002337 seconds, Stopping threads took: 0.0000256 seconds
[2022-06-16T20:12:09.751+0000][6424][safepoint    ] Application time: 0.0665613 seconds
[2022-06-16T20:12:09.751+0000][6424][safepoint    ] Entering safepoint region: CollectForMetadataAllocation
[2022-06-16T20:12:09.751+0000][6424][safepoint    ] Leaving safepoint region
[2022-06-16T20:12:09.751+0000][6424][safepoint    ] Total time for which application threads were stopped: 0.0002111 seconds, Stopping threads took: 0.0000209 seconds
[2022-06-16T20:12:09.782+0000][6424][safepoint    ] Application time: 0.0321293 seconds
[2022-06-16T20:12:09.782+0000][6424][safepoint    ] Entering safepoint region: CollectForMetadataAllocation
[2022-06-16T20:12:09.782+0000][6424][safepoint    ] Leaving safepoint region
[2022-06-16T20:12:09.782+0000][6424][safepoint    ] Total time for which application threads were stopped: 0.0002329 seconds, Stopping threads took: 0.0000234 seconds
[2022-06-16T20:12:09.860+0000][6424][safepoint    ] Application time: 0.0630211 seconds
[2022-06-16T20:12:09.860+0000][6424][safepoint    ] Entering safepoint region: CollectForMetadataAllocation
[2022-06-16T20:12:09.860+0000][6424][safepoint    ] Leaving safepoint region
[2022-06-16T20:12:09.860+0000][6424][safepoint    ] Total time for which application threads were stopped: 0.0001386 seconds, Stopping threads took: 0.0000222 seconds
[2022-06-16T20:12:09.876+0000][6424][safepoint    ] Application time: 0.0270847 seconds
[2022-06-16T20:12:09.876+0000][6424][safepoint    ] Entering safepoint region: CollectForMetadataAllocation
[2022-06-16T20:12:09.876+0000][6424][safepoint    ] Leaving safepoint region
[2022-06-16T20:12:09.876+0000][6424][safepoint    ] Total time for which application threads were stopped: 0.0001954 seconds, Stopping threads took: 0.0000203 seconds
[2022-06-16T20:12:09.907+0000][6424][safepoint    ] Application time: 0.0307483 seconds
[2022-06-16T20:12:09.907+0000][6424][safepoint    ] Entering safepoint region: CollectForMetadataAllocation
[2022-06-16T20:12:09.907+0000][6424][safepoint    ] Leaving safepoint region
[2022-06-16T20:12:09.907+0000][6424][safepoint    ] Total time for which application threads were stopped: 0.0002049 seconds, Stopping threads took: 0.0000203 seconds
[2022-06-16T20:12:09.939+0000][6424][gc           ] GC(25) Concurrent Abortable Preclean 3682.907ms
[2022-06-16T20:12:09.939+0000][6424][gc,cpu       ] GC(25) User=5.67s Sys=0.13s Real=3.68s
[2022-06-16T20:12:09.939+0000][6424][safepoint    ] Application time: 0.0208878 seconds
[2022-06-16T20:12:09.939+0000][6424][safepoint    ] Entering safepoint region: CMS_Final_Remark
[2022-06-16T20:12:09.939+0000][6424][gc,start     ] GC(25) Pause Remark
[2022-06-16T20:12:09.985+0000][6424][gc           ] GC(25) Pause Remark 130M->130M(1007M) 49.433ms
[2022-06-16T20:12:09.985+0000][6424][gc,cpu       ] GC(25) User=0.08s Sys=0.00s Real=0.05s
[2022-06-16T20:12:09.985+0000][6424][safepoint    ] Leaving safepoint region
[2022-06-16T20:12:09.985+0000][6424][safepoint    ] Total time for which application threads were stopped: 0.0496880 seconds, Stopping threads took: 0.0001005 seconds
[2022-06-16T20:12:09.985+0000][6424][gc           ] GC(25) Concurrent Sweep
[2022-06-16T20:12:09.985+0000][6424][safepoint    ] Application time: 0.0082742 seconds
[2022-06-16T20:12:09.985+0000][6424][safepoint    ] Entering safepoint region: CollectForMetadataAllocation
[2022-06-16T20:12:09.985+0000][6424][safepoint    ] Leaving safepoint region
[2022-06-16T20:12:09.985+0000][6424][safepoint    ] Total time for which application threads were stopped: 0.0001468 seconds, Stopping threads took: 0.0000208 seconds
[2022-06-16T20:12:10.001+0000][6424][gc           ] GC(25) Concurrent Sweep 20.481ms
[2022-06-16T20:12:10.001+0000][6424][gc,cpu       ] GC(25) User=0.03s Sys=0.00s Real=0.02s
[2022-06-16T20:12:10.001+0000][6424][gc           ] GC(25) Concurrent Reset
[2022-06-16T20:12:10.001+0000][6424][gc           ] GC(25) Concurrent Reset 1.149ms
[2022-06-16T20:12:10.001+0000][6424][gc,cpu       ] GC(25) User=0.00s Sys=0.00s Real=0.00s
[2022-06-16T20:12:10.001+0000][6424][gc,heap      ] GC(25) Old: 48006K->52146K(878208K)
[2022-06-16T20:12:10.080+0000][6424][safepoint    ] Application time: 0.0901665 seconds
[2022-06-16T20:12:10.080+0000][6424][safepoint    ] Entering safepoint region: RevokeBias
[2022-06-16T20:12:10.080+0000][6424][safepoint    ] Leaving safepoint region
[2022-06-16T20:12:10.080+0000][6424][safepoint    ] Total time for which application threads were stopped: 0.0000952 seconds, Stopping threads took: 0.0000223 seconds
[2022-06-16T20:12:10.111+0000][6424][safepoint    ] Application time: 0.0315319 seconds
[2022-06-16T20:12:10.111+0000][6424][safepoint    ] Entering safepoint region: Deoptimize
[2022-06-16T20:12:10.111+0000][6424][safepoint    ] Leaving safepoint region
[2022-06-16T20:12:10.111+0000][6424][safepoint    ] Total time for which application threads were stopped: 0.0007453 seconds, Stopping threads took: 0.0000209 seconds
[2022-06-16T20:12:10.174+0000][6424][safepoint    ] Application time: 0.0659237 seconds
[2022-06-16T20:12:10.174+0000][6424][safepoint    ] Entering safepoint region: Deoptimize
[2022-06-16T20:12:10.174+0000][6424][safepoint    ] Leaving safepoint region
[2022-06-16T20:12:10.174+0000][6424][safepoint    ] Total time for which application threads were stopped: 0.0007412 seconds, Stopping threads took: 0.0000211 seconds
[2022-06-16T20:12:10.268+0000][6424][safepoint    ] Application time: 0.0927561 seconds
[2022-06-16T20:12:10.268+0000][6424][safepoint    ] Entering safepoint region: Deoptimize
[2022-06-16T20:12:10.268+0000][6424][safepoint    ] Leaving safepoint region
[2022-06-16T20:12:10.268+0000][6424][safepoint    ] Total time for which application threads were stopped: 0.0007085 seconds, Stopping threads took: 0.0000214 seconds
[2022-06-16T20:12:10.424+0000][6424][safepoint    ] Application time: 0.1538125 seconds
[2022-06-16T20:12:10.424+0000][6424][safepoint    ] Entering safepoint region: RevokeBias
[2022-06-16T20:12:10.424+0000][6424][safepoint    ] Leaving safepoint region
[2022-06-16T20:12:10.424+0000][6424][safepoint    ] Total time for which application threads were stopped: 0.0005042 seconds, Stopping threads took: 0.0000225 seconds
[2022-06-16T20:12:10.424+0000][6424][safepoint    ] Application time: 0.0007658 seconds
[2022-06-16T20:12:10.424+0000][6424][safepoint    ] Entering safepoint region: RevokeBias
[2022-06-16T20:12:10.424+0000][6424][safepoint    ] Leaving safepoint region
[2022-06-16T20:12:10.424+0000][6424][safepoint    ] Total time for which application threads were stopped: 0.0000809 seconds, Stopping threads took: 0.0000212 seconds
[2022-06-16T20:12:10.424+0000][6424][safepoint    ] Application time: 0.0004811 seconds
[2022-06-16T20:12:10.424+0000][6424][safepoint    ] Entering safepoint region: RevokeBias
[2022-06-16T20:12:10.424+0000][6424][safepoint    ] Leaving safepoint region
[2022-06-16T20:12:10.424+0000][6424][safepoint    ] Total time for which application threads were stopped: 0.0000842 seconds, Stopping threads took: 0.0000203 seconds
[2022-06-16T20:12:10.424+0000][6424][safepoint    ] Application time: 0.0000230 seconds
[2022-06-16T20:12:10.424+0000][6424][safepoint    ] Entering safepoint region: RevokeBias
[2022-06-16T20:12:10.424+0000][6424][safepoint    ] Leaving safepoint region
[2022-06-16T20:12:10.424+0000][6424][safepoint    ] Total time for which application threads were stopped: 0.0000668 seconds, Stopping threads took: 0.0000178 seconds
[2022-06-16T20:12:10.424+0000][6424][safepoint    ] Application time: 0.0000204 seconds
[2022-06-16T20:12:10.424+0000][6424][safepoint    ] Entering safepoint region: RevokeBias
[2022-06-16T20:12:10.424+0000][6424][safepoint    ] Leaving safepoint region
[2022-06-16T20:12:10.424+0000][6424][safepoint    ] Total time for which application threads were stopped: 0.0000630 seconds, Stopping threads took: 0.0000172 seconds
[2022-06-16T20:12:10.424+0000][6424][safepoint    ] Application time: 0.0000164 seconds
[2022-06-16T20:12:10.424+0000][6424][safepoint    ] Entering safepoint region: RevokeBias
[2022-06-16T20:12:10.424+0000][6424][safepoint    ] Leaving safepoint region
[2022-06-16T20:12:10.424+0000][6424][safepoint    ] Total time for which application threads were stopped: 0.0000612 seconds, Stopping threads took: 0.0000165 seconds
[2022-06-16T20:12:10.424+0000][6424][safepoint    ] Application time: 0.0000172 seconds
[2022-06-16T20:12:10.424+0000][6424][safepoint    ] Entering safepoint region: RevokeBias
[2022-06-16T20:12:10.424+0000][6424][safepoint    ] Leaving safepoint region
[2022-06-16T20:12:10.424+0000][6424][safepoint    ] Total time for which application threads were stopped: 0.0000692 seconds, Stopping threads took: 0.0000237 seconds
[2022-06-16T20:12:10.424+0000][6424][safepoint    ] Application time: 0.0000214 seconds
[2022-06-16T20:12:10.424+0000][6424][safepoint    ] Entering safepoint region: RevokeBias
[2022-06-16T20:12:10.424+0000][6424][safepoint    ] Leaving safepoint region
[2022-06-16T20:12:10.424+0000][6424][safepoint    ] Total time for which application threads were stopped: 0.0000648 seconds, Stopping threads took: 0.0000175 seconds
[2022-06-16T20:12:10.424+0000][6424][safepoint    ] Application time: 0.0000197 seconds
[2022-06-16T20:12:10.424+0000][6424][safepoint    ] Entering safepoint region: RevokeBias
[2022-06-16T20:12:10.424+0000][6424][safepoint    ] Leaving safepoint region
[2022-06-16T20:12:10.424+0000][6424][safepoint    ] Total time for which application threads were stopped: 0.0000630 seconds, Stopping threads took: 0.0000167 seconds
[2022-06-16T20:12:10.424+0000][6424][safepoint    ] Application time: 0.0000270 seconds
[2022-06-16T20:12:10.424+0000][6424][safepoint    ] Entering safepoint region: RevokeBias
[2022-06-16T20:12:10.424+0000][6424][safepoint    ] Leaving safepoint region
[2022-06-16T20:12:10.424+0000][6424][safepoint    ] Total time for which application threads were stopped: 0.0000615 seconds, Stopping threads took: 0.0000173 seconds
[2022-06-16T20:12:10.424+0000][6424][safepoint    ] Application time: 0.0000156 seconds
[2022-06-16T20:12:10.424+0000][6424][safepoint    ] Entering safepoint region: RevokeBias
[2022-06-16T20:12:10.424+0000][6424][safepoint    ] Leaving safepoint region
[2022-06-16T20:12:10.424+0000][6424][safepoint    ] Total time for which application threads were stopped: 0.0000681 seconds, Stopping threads took: 0.0000219 seconds
[2022-06-16T20:12:10.424+0000][6424][safepoint    ] Application time: 0.0000167 seconds
[2022-06-16T20:12:10.424+0000][6424][safepoint    ] Entering safepoint region: RevokeBias
[2022-06-16T20:12:10.424+0000][6424][safepoint    ] Leaving safepoint region
[2022-06-16T20:12:10.424+0000][6424][safepoint    ] Total time for which application threads were stopped: 0.0000623 seconds, Stopping threads took: 0.0000160 seconds
[2022-06-16T20:12:10.424+0000][6424][safepoint    ] Application time: 0.0000168 seconds
[2022-06-16T20:12:10.424+0000][6424][safepoint    ] Entering safepoint region: RevokeBias
[2022-06-16T20:12:10.424+0000][6424][safepoint    ] Leaving safepoint region
[2022-06-16T20:12:10.424+0000][6424][safepoint    ] Total time for which application threads were stopped: 0.0000643 seconds, Stopping threads took: 0.0000170 seconds
[2022-06-16T20:12:10.424+0000][6424][safepoint    ] Application time: 0.0000165 seconds
[2022-06-16T20:12:10.424+0000][6424][safepoint    ] Entering safepoint region: RevokeBias
[2022-06-16T20:12:10.424+0000][6424][safepoint    ] Leaving safepoint region
[2022-06-16T20:12:10.424+0000][6424][safepoint    ] Total time for which application threads were stopped: 0.0000604 seconds, Stopping threads took: 0.0000155 seconds
[2022-06-16T20:12:10.424+0000][6424][safepoint    ] Application time: 0.0000170 seconds
[2022-06-16T20:12:10.424+0000][6424][safepoint    ] Entering safepoint region: RevokeBias
[2022-06-16T20:12:10.424+0000][6424][safepoint    ] Leaving safepoint region
[2022-06-16T20:12:10.424+0000][6424][safepoint    ] Total time for which application threads were stopped: 0.0000602 seconds, Stopping threads took: 0.0000174 seconds
[2022-06-16T20:12:10.424+0000][6424][safepoint    ] Application time: 0.0000169 seconds
[2022-06-16T20:12:10.424+0000][6424][safepoint    ] Entering safepoint region: RevokeBias
[2022-06-16T20:12:10.424+0000][6424][safepoint    ] Leaving safepoint region
[2022-06-16T20:12:10.424+0000][6424][safepoint    ] Total time for which application threads were stopped: 0.0000620 seconds, Stopping threads took: 0.0000177 seconds
[2022-06-16T20:12:10.424+0000][6424][safepoint    ] Application time: 0.0000165 seconds
[2022-06-16T20:12:10.424+0000][6424][safepoint    ] Entering safepoint region: RevokeBias
[2022-06-16T20:12:10.424+0000][6424][safepoint    ] Leaving safepoint region
[2022-06-16T20:12:10.424+0000][6424][safepoint    ] Total time for which application threads were stopped: 0.0000617 seconds, Stopping threads took: 0.0000165 seconds
[2022-06-16T20:12:10.424+0000][6424][safepoint    ] Application time: 0.0000185 seconds
[2022-06-16T20:12:10.424+0000][6424][safepoint    ] Entering safepoint region: RevokeBias
[2022-06-16T20:12:10.424+0000][6424][safepoint    ] Leaving safepoint region
[2022-06-16T20:12:10.424+0000][6424][safepoint    ] Total time for which application threads were stopped: 0.0000634 seconds, Stopping threads took: 0.0000167 seconds
[2022-06-16T20:12:10.424+0000][6424][safepoint    ] Application time: 0.0000167 seconds
[2022-06-16T20:12:10.424+0000][6424][safepoint    ] Entering safepoint region: RevokeBias
[2022-06-16T20:12:10.424+0000][6424][safepoint    ] Leaving safepoint region
[2022-06-16T20:12:10.424+0000][6424][safepoint    ] Total time for which application threads were stopped: 0.0000597 seconds, Stopping threads took: 0.0000159 seconds
[2022-06-16T20:12:10.424+0000][6424][safepoint    ] Application time: 0.0000131 seconds
[2022-06-16T20:12:10.424+0000][6424][safepoint    ] Entering safepoint region: BulkRevokeBias
[2022-06-16T20:12:10.424+0000][6424][safepoint    ] Leaving safepoint region
[2022-06-16T20:12:10.424+0000][6424][safepoint    ] Total time for which application threads were stopped: 0.0001340 seconds, Stopping threads took: 0.0000149 seconds
[2022-06-16T20:12:10.424+0000][6424][safepoint    ] Application time: 0.0000851 seconds
[2022-06-16T20:12:10.424+0000][6424][safepoint    ] Entering safepoint region: RevokeBias
[2022-06-16T20:12:10.424+0000][6424][safepoint    ] Leaving safepoint region
[2022-06-16T20:12:10.424+0000][6424][safepoint    ] Total time for which application threads were stopped: 0.0000725 seconds, Stopping threads took: 0.0000182 seconds
[2022-06-16T20:12:10.440+0000][6424][safepoint    ] Application time: 0.0000508 seconds
[2022-06-16T20:12:10.440+0000][6424][safepoint    ] Entering safepoint region: RevokeBias
[2022-06-16T20:12:10.440+0000][6424][safepoint    ] Leaving safepoint region
[2022-06-16T20:12:10.440+0000][6424][safepoint    ] Total time for which application threads were stopped: 0.0000671 seconds, Stopping threads took: 0.0000171 seconds
[2022-06-16T20:12:10.440+0000][6424][safepoint    ] Application time: 0.0000217 seconds
[2022-06-16T20:12:10.440+0000][6424][safepoint    ] Entering safepoint region: RevokeBias
[2022-06-16T20:12:10.440+0000][6424][safepoint    ] Leaving safepoint region
[2022-06-16T20:12:10.440+0000][6424][safepoint    ] Total time for which application threads were stopped: 0.0000643 seconds, Stopping threads took: 0.0000166 seconds
[2022-06-16T20:12:10.440+0000][6424][safepoint    ] Application time: 0.0000793 seconds
[2022-06-16T20:12:10.440+0000][6424][safepoint    ] Entering safepoint region: RevokeBias
[2022-06-16T20:12:10.440+0000][6424][safepoint    ] Leaving safepoint region
[2022-06-16T20:12:10.440+0000][6424][safepoint    ] Total time for which application threads were stopped: 0.0000658 seconds, Stopping threads took: 0.0000172 seconds
[2022-06-16T20:12:10.440+0000][6424][safepoint    ] Application time: 0.0000213 seconds
[2022-06-16T20:12:10.440+0000][6424][safepoint    ] Entering safepoint region: RevokeBias
[2022-06-16T20:12:10.440+0000][6424][safepoint    ] Leaving safepoint region
[2022-06-16T20:12:10.440+0000][6424][safepoint    ] Total time for which application threads were stopped: 0.0000634 seconds, Stopping threads took: 0.0000164 seconds
[2022-06-16T20:12:10.440+0000][6424][safepoint    ] Application time: 0.0001311 seconds
[2022-06-16T20:12:10.440+0000][6424][safepoint    ] Entering safepoint region: RevokeBias
[2022-06-16T20:12:10.440+0000][6424][safepoint    ] Leaving safepoint region
[2022-06-16T20:12:10.440+0000][6424][safepoint    ] Total time for which application threads were stopped: 0.0000654 seconds, Stopping threads took: 0.0000166 seconds
[2022-06-16T20:12:10.440+0000][6424][safepoint    ] Application time: 0.0000354 seconds
[2022-06-16T20:12:10.440+0000][6424][safepoint    ] Entering safepoint region: RevokeBias
[2022-06-16T20:12:10.440+0000][6424][safepoint    ] Leaving safepoint region
[2022-06-16T20:12:10.440+0000][6424][safepoint    ] Total time for which application threads were stopped: 0.0000598 seconds, Stopping threads took: 0.0000148 seconds
[2022-06-16T20:12:10.440+0000][6424][safepoint    ] Application time: 0.0000160 seconds
[2022-06-16T20:12:10.440+0000][6424][safepoint    ] Entering safepoint region: RevokeBias
[2022-06-16T20:12:10.440+0000][6424][safepoint    ] Leaving safepoint region
[2022-06-16T20:12:10.440+0000][6424][safepoint    ] Total time for which application threads were stopped: 0.0000612 seconds, Stopping threads took: 0.0000172 seconds
[2022-06-16T20:12:10.440+0000][6424][safepoint    ] Application time: 0.0000151 seconds
[2022-06-16T20:12:10.440+0000][6424][safepoint    ] Entering safepoint region: RevokeBias
[2022-06-16T20:12:10.440+0000][6424][safepoint    ] Leaving safepoint region
[2022-06-16T20:12:10.440+0000][6424][safepoint    ] Total time for which application threads were stopped: 0.0000600 seconds, Stopping threads took: 0.0000166 seconds
[2022-06-16T20:12:10.440+0000][6424][safepoint    ] Application time: 0.0002005 seconds
[2022-06-16T20:12:10.440+0000][6424][safepoint    ] Entering safepoint region: RevokeBias
[2022-06-16T20:12:10.440+0000][6424][safepoint    ] Leaving safepoint region
[2022-06-16T20:12:10.440+0000][6424][safepoint    ] Total time for which application threads were stopped: 0.0000721 seconds, Stopping threads took: 0.0000190 seconds
[2022-06-16T20:12:10.440+0000][6424][safepoint    ] Application time: 0.0001696 seconds
[2022-06-16T20:12:10.440+0000][6424][safepoint    ] Entering safepoint region: RevokeBias
[2022-06-16T20:12:10.440+0000][6424][safepoint    ] Leaving safepoint region
[2022-06-16T20:12:10.440+0000][6424][safepoint    ] Total time for which application threads were stopped: 0.0000691 seconds, Stopping threads took: 0.0000172 seconds
[2022-06-16T20:12:10.440+0000][6424][safepoint    ] Application time: 0.0000229 seconds
[2022-06-16T20:12:10.440+0000][6424][safepoint    ] Entering safepoint region: RevokeBias
[2022-06-16T20:12:10.440+0000][6424][safepoint    ] Leaving safepoint region
[2022-06-16T20:12:10.440+0000][6424][safepoint    ] Total time for which application threads were stopped: 0.0000629 seconds, Stopping threads took: 0.0000170 seconds
[2022-06-16T20:12:10.440+0000][6424][safepoint    ] Application time: 0.0002653 seconds
[2022-06-16T20:12:10.440+0000][6424][safepoint    ] Entering safepoint region: RevokeBias
[2022-06-16T20:12:10.440+0000][6424][safepoint    ] Leaving safepoint region
[2022-06-16T20:12:10.440+0000][6424][safepoint    ] Total time for which application threads were stopped: 0.0000692 seconds, Stopping threads took: 0.0000182 seconds
[2022-06-16T20:12:10.440+0000][6424][safepoint    ] Application time: 0.0004056 seconds
[2022-06-16T20:12:10.440+0000][6424][safepoint    ] Entering safepoint region: RevokeBias
[2022-06-16T20:12:10.440+0000][6424][safepoint    ] Leaving safepoint region
[2022-06-16T20:12:10.440+0000][6424][safepoint    ] Total time for which application threads were stopped: 0.0000689 seconds, Stopping threads took: 0.0000197 seconds
[2022-06-16T20:12:10.440+0000][6424][safepoint    ] Application time: 0.0011633 seconds
[2022-06-16T20:12:10.440+0000][6424][safepoint    ] Entering safepoint region: RevokeBias
[2022-06-16T20:12:10.440+0000][6424][safepoint    ] Leaving safepoint region
[2022-06-16T20:12:10.440+0000][6424][safepoint    ] Total time for which application threads were stopped: 0.0000744 seconds, Stopping threads took: 0.0000187 seconds
[2022-06-16T20:12:10.440+0000][6424][safepoint    ] Application time: 0.0005919 seconds
[2022-06-16T20:12:10.440+0000][6424][safepoint    ] Entering safepoint region: RevokeBias
[2022-06-16T20:12:10.440+0000][6424][safepoint    ] Leaving safepoint region
[2022-06-16T20:12:10.440+0000][6424][safepoint    ] Total time for which application threads were stopped: 0.0001317 seconds, Stopping threads took: 0.0000734 seconds
[2022-06-16T20:12:10.440+0000][6424][safepoint    ] Application time: 0.0000206 seconds
[2022-06-16T20:12:10.440+0000][6424][safepoint    ] Entering safepoint region: RevokeBias
[2022-06-16T20:12:10.440+0000][6424][safepoint    ] Leaving safepoint region
[2022-06-16T20:12:10.440+0000][6424][safepoint    ] Total time for which application threads were stopped: 0.0000782 seconds, Stopping threads took: 0.0000408 seconds
[2022-06-16T20:12:10.440+0000][6424][safepoint    ] Application time: 0.0000184 seconds
[2022-06-16T20:12:10.440+0000][6424][safepoint    ] Entering safepoint region: RevokeBias
[2022-06-16T20:12:10.440+0000][6424][safepoint    ] Leaving safepoint region
[2022-06-16T20:12:10.440+0000][6424][safepoint    ] Total time for which application threads were stopped: 0.0000655 seconds, Stopping threads took: 0.0000227 seconds
[2022-06-16T20:12:10.440+0000][6424][safepoint    ] Application time: 0.0000218 seconds
[2022-06-16T20:12:10.440+0000][6424][safepoint    ] Entering safepoint region: RevokeBias
[2022-06-16T20:12:10.440+0000][6424][safepoint    ] Leaving safepoint region
[2022-06-16T20:12:10.440+0000][6424][safepoint    ] Total time for which application threads were stopped: 0.0000629 seconds, Stopping threads took: 0.0000164 seconds
[2022-06-16T20:12:10.440+0000][6424][safepoint    ] Application time: 0.0000166 seconds
[2022-06-16T20:12:10.440+0000][6424][safepoint    ] Entering safepoint region: RevokeBias
[2022-06-16T20:12:10.440+0000][6424][safepoint    ] Leaving safepoint region
[2022-06-16T20:12:10.440+0000][6424][safepoint    ] Total time for which application threads were stopped: 0.0000611 seconds, Stopping threads took: 0.0000201 seconds
[2022-06-16T20:12:10.440+0000][6424][safepoint    ] Application time: 0.0000163 seconds
[2022-06-16T20:12:10.440+0000][6424][safepoint    ] Entering safepoint region: RevokeBias
[2022-06-16T20:12:10.440+0000][6424][safepoint    ] Leaving safepoint region
[2022-06-16T20:12:10.440+0000][6424][safepoint    ] Total time for which application threads were stopped: 0.0000544 seconds, Stopping threads took: 0.0000150 seconds
[2022-06-16T20:12:10.440+0000][6424][safepoint    ] Application time: 0.0000186 seconds
[2022-06-16T20:12:10.440+0000][6424][safepoint    ] Entering safepoint region: RevokeBias
[2022-06-16T20:12:10.440+0000][6424][safepoint    ] Leaving safepoint region
[2022-06-16T20:12:10.440+0000][6424][safepoint    ] Total time for which application threads were stopped: 0.0000558 seconds, Stopping threads took: 0.0000169 seconds
[2022-06-16T20:12:10.440+0000][6424][safepoint    ] Application time: 0.0000164 seconds
[2022-06-16T20:12:10.440+0000][6424][safepoint    ] Entering safepoint region: RevokeBias
[2022-06-16T20:12:10.440+0000][6424][safepoint    ] Leaving safepoint region
[2022-06-16T20:12:10.440+0000][6424][safepoint    ] Total time for which application threads were stopped: 0.0000563 seconds, Stopping threads took: 0.0000159 seconds
[2022-06-16T20:12:10.440+0000][6424][safepoint    ] Application time: 0.0000157 seconds
[2022-06-16T20:12:10.440+0000][6424][safepoint    ] Entering safepoint region: RevokeBias
[2022-06-16T20:12:10.440+0000][6424][safepoint    ] Leaving safepoint region
[2022-06-16T20:12:10.440+0000][6424][safepoint    ] Total time for which application threads were stopped: 0.0000549 seconds, Stopping threads took: 0.0000164 seconds
[2022-06-16T20:12:10.440+0000][6424][safepoint    ] Application time: 0.0000173 seconds
[2022-06-16T20:12:10.440+0000][6424][safepoint    ] Entering safepoint region: RevokeBias
[2022-06-16T20:12:10.440+0000][6424][safepoint    ] Leaving safepoint region
[2022-06-16T20:12:10.440+0000][6424][safepoint    ] Total time for which application threads were stopped: 0.0000573 seconds, Stopping threads took: 0.0000181 seconds
[2022-06-16T20:12:10.440+0000][6424][safepoint    ] Application time: 0.0000191 seconds
[2022-06-16T20:12:10.440+0000][6424][safepoint    ] Entering safepoint region: RevokeBias
[2022-06-16T20:12:10.440+0000][6424][safepoint    ] Leaving safepoint region
[2022-06-16T20:12:10.440+0000][6424][safepoint    ] Total time for which application threads were stopped: 0.0000563 seconds, Stopping threads took: 0.0000171 seconds
[2022-06-16T20:12:10.440+0000][6424][safepoint    ] Application time: 0.0000175 seconds
[2022-06-16T20:12:10.440+0000][6424][safepoint    ] Entering safepoint region: RevokeBias
[2022-06-16T20:12:10.440+0000][6424][safepoint    ] Leaving safepoint region
[2022-06-16T20:12:10.440+0000][6424][safepoint    ] Total time for which application threads were stopped: 0.0000548 seconds, Stopping threads took: 0.0000169 seconds
[2022-06-16T20:12:10.440+0000][6424][safepoint    ] Application time: 0.0000147 seconds
[2022-06-16T20:12:10.440+0000][6424][safepoint    ] Entering safepoint region: RevokeBias
[2022-06-16T20:12:10.440+0000][6424][safepoint    ] Leaving safepoint region
[2022-06-16T20:12:10.440+0000][6424][safepoint    ] Total time for which application threads were stopped: 0.0000507 seconds, Stopping threads took: 0.0000158 seconds
[2022-06-16T20:12:10.440+0000][6424][safepoint    ] Application time: 0.0000153 seconds
[2022-06-16T20:12:10.440+0000][6424][safepoint    ] Entering safepoint region: RevokeBias
[2022-06-16T20:12:10.440+0000][6424][safepoint    ] Leaving safepoint region
[2022-06-16T20:12:10.440+0000][6424][safepoint    ] Total time for which application threads were stopped: 0.0000550 seconds, Stopping threads took: 0.0000168 seconds
[2022-06-16T20:12:10.440+0000][6424][safepoint    ] Application time: 0.0000167 seconds
[2022-06-16T20:12:10.440+0000][6424][safepoint    ] Entering safepoint region: RevokeBias
[2022-06-16T20:12:10.440+0000][6424][safepoint    ] Leaving safepoint region
[2022-06-16T20:12:10.440+0000][6424][safepoint    ] Total time for which application threads were stopped: 0.0000503 seconds, Stopping threads took: 0.0000152 seconds
[2022-06-16T20:12:10.440+0000][6424][safepoint    ] Application time: 0.0000161 seconds
[2022-06-16T20:12:10.440+0000][6424][safepoint    ] Entering safepoint region: RevokeBias
[2022-06-16T20:12:10.440+0000][6424][safepoint    ] Leaving safepoint region
[2022-06-16T20:12:10.440+0000][6424][safepoint    ] Total time for which application threads were stopped: 0.0000560 seconds, Stopping threads took: 0.0000168 seconds
[2022-06-16T20:12:10.440+0000][6424][safepoint    ] Application time: 0.0000151 seconds
[2022-06-16T20:12:10.440+0000][6424][safepoint    ] Entering safepoint region: RevokeBias
[2022-06-16T20:12:10.440+0000][6424][safepoint    ] Leaving safepoint region
[2022-06-16T20:12:10.440+0000][6424][safepoint    ] Total time for which application threads were stopped: 0.0000501 seconds, Stopping threads took: 0.0000152 seconds
[2022-06-16T20:12:10.440+0000][6424][safepoint    ] Application time: 0.0000159 seconds
[2022-06-16T20:12:10.440+0000][6424][safepoint    ] Entering safepoint region: RevokeBias
[2022-06-16T20:12:10.440+0000][6424][safepoint    ] Leaving safepoint region
[2022-06-16T20:12:10.440+0000][6424][safepoint    ] Total time for which application threads were stopped: 0.0000554 seconds, Stopping threads took: 0.0000170 seconds
[2022-06-16T20:12:10.440+0000][6424][safepoint    ] Application time: 0.0000156 seconds
[2022-06-16T20:12:10.440+0000][6424][safepoint    ] Entering safepoint region: RevokeBias
[2022-06-16T20:12:10.440+0000][6424][safepoint    ] Leaving safepoint region
[2022-06-16T20:12:10.440+0000][6424][safepoint    ] Total time for which application threads were stopped: 0.0000507 seconds, Stopping threads took: 0.0000153 seconds
[2022-06-16T20:12:10.440+0000][6424][safepoint    ] Application time: 0.0000474 seconds
[2022-06-16T20:12:10.440+0000][6424][safepoint    ] Entering safepoint region: BulkRevokeBias
[2022-06-16T20:12:10.440+0000][6424][safepoint    ] Leaving safepoint region
[2022-06-16T20:12:10.440+0000][6424][safepoint    ] Total time for which application threads were stopped: 0.0001671 seconds, Stopping threads took: 0.0000429 seconds
[2022-06-16T20:12:10.440+0000][6424][safepoint    ] Application time: 0.0037435 seconds
[2022-06-16T20:12:10.440+0000][6424][safepoint    ] Entering safepoint region: RevokeBias
[2022-06-16T20:12:10.440+0000][6424][safepoint    ] Leaving safepoint region
[2022-06-16T20:12:10.440+0000][6424][safepoint    ] Total time for which application threads were stopped: 0.0000851 seconds, Stopping threads took: 0.0000244 seconds
[2022-06-16T20:12:10.440+0000][6424][safepoint    ] Application time: 0.0000614 seconds
[2022-06-16T20:12:10.440+0000][6424][safepoint    ] Entering safepoint region: RevokeBias
[2022-06-16T20:12:10.440+0000][6424][safepoint    ] Leaving safepoint region
[2022-06-16T20:12:10.440+0000][6424][safepoint    ] Total time for which application threads were stopped: 0.0000646 seconds, Stopping threads took: 0.0000182 seconds
[2022-06-16T20:12:10.440+0000][6424][safepoint    ] Application time: 0.0001410 seconds
[2022-06-16T20:12:10.440+0000][6424][safepoint    ] Entering safepoint region: RevokeBias
[2022-06-16T20:12:10.440+0000][6424][safepoint    ] Leaving safepoint region
[2022-06-16T20:12:10.440+0000][6424][safepoint    ] Total time for which application threads were stopped: 0.0000669 seconds, Stopping threads took: 0.0000187 seconds
[2022-06-16T20:12:10.440+0000][6424][safepoint    ] Application time: 0.0000441 seconds
[2022-06-16T20:12:10.440+0000][6424][safepoint    ] Entering safepoint region: RevokeBias
[2022-06-16T20:12:10.440+0000][6424][safepoint    ] Leaving safepoint region
[2022-06-16T20:12:10.440+0000][6424][safepoint    ] Total time for which application threads were stopped: 0.0000716 seconds, Stopping threads took: 0.0000226 seconds
[2022-06-16T20:12:10.611+0000][6424][safepoint    ] Application time: 0.1669280 seconds
[2022-06-16T20:12:10.611+0000][6424][safepoint    ] Entering safepoint region: Deoptimize
[2022-06-16T20:12:10.611+0000][6424][safepoint    ] Leaving safepoint region
[2022-06-16T20:12:10.611+0000][6424][safepoint    ] Total time for which application threads were stopped: 0.0008166 seconds, Stopping threads took: 0.0000236 seconds
[2022-06-16T20:12:10.846+0000][6424][safepoint    ] Application time: 0.2325143 seconds
[2022-06-16T20:12:10.846+0000][6424][safepoint    ] Entering safepoint region: Deoptimize
[2022-06-16T20:12:10.846+0000][6424][safepoint    ] Leaving safepoint region
[2022-06-16T20:12:10.846+0000][6424][safepoint    ] Total time for which application threads were stopped: 0.0008612 seconds, Stopping threads took: 0.0000291 seconds
[2022-06-16T20:12:10.877+0000][6424][safepoint    ] Application time: 0.0268730 seconds
[2022-06-16T20:12:10.877+0000][6424][safepoint    ] Entering safepoint region: RevokeBias
[2022-06-16T20:12:10.877+0000][6424][safepoint    ] Leaving safepoint region
[2022-06-16T20:12:10.877+0000][6424][safepoint    ] Total time for which application threads were stopped: 0.0000970 seconds, Stopping threads took: 0.0000271 seconds
[2022-06-16T20:12:11.018+0000][6424][safepoint    ] Application time: 0.1504867 seconds
[2022-06-16T20:12:11.018+0000][6424][safepoint    ] Entering safepoint region: RevokeBias
[2022-06-16T20:12:11.018+0000][6424][safepoint    ] Leaving safepoint region
[2022-06-16T20:12:11.018+0000][6424][safepoint    ] Total time for which application threads were stopped: 0.0001119 seconds, Stopping threads took: 0.0000272 seconds
[2022-06-16T20:12:11.158+0000][6424][safepoint    ] Application time: 0.1283816 seconds
[2022-06-16T20:12:11.158+0000][6424][safepoint    ] Entering safepoint region: RevokeBias
[2022-06-16T20:12:11.158+0000][6424][safepoint    ] Leaving safepoint region
[2022-06-16T20:12:11.158+0000][6424][safepoint    ] Total time for which application threads were stopped: 0.0001222 seconds, Stopping threads took: 0.0000265 seconds
[2022-06-16T20:12:11.158+0000][6424][safepoint    ] Application time: 0.0000405 seconds
[2022-06-16T20:12:11.158+0000][6424][safepoint    ] Entering safepoint region: RevokeBias
[2022-06-16T20:12:11.158+0000][6424][safepoint    ] Leaving safepoint region
[2022-06-16T20:12:11.158+0000][6424][safepoint    ] Total time for which application threads were stopped: 0.0000858 seconds, Stopping threads took: 0.0000199 seconds
[2022-06-16T20:12:11.158+0000][6424][safepoint    ] Application time: 0.0000297 seconds
[2022-06-16T20:12:11.158+0000][6424][safepoint    ] Entering safepoint region: RevokeBias
[2022-06-16T20:12:11.158+0000][6424][safepoint    ] Leaving safepoint region
[2022-06-16T20:12:11.158+0000][6424][safepoint    ] Total time for which application threads were stopped: 0.0000716 seconds, Stopping threads took: 0.0000173 seconds
[2022-06-16T20:12:11.158+0000][6424][safepoint    ] Application time: 0.0000265 seconds
[2022-06-16T20:12:11.158+0000][6424][safepoint    ] Entering safepoint region: RevokeBias
[2022-06-16T20:12:11.158+0000][6424][safepoint    ] Leaving safepoint region
[2022-06-16T20:12:11.158+0000][6424][safepoint    ] Total time for which application threads were stopped: 0.0000733 seconds, Stopping threads took: 0.0000184 seconds
[2022-06-16T20:12:11.158+0000][6424][safepoint    ] Application time: 0.0000268 seconds
[2022-06-16T20:12:11.158+0000][6424][safepoint    ] Entering safepoint region: RevokeBias
[2022-06-16T20:12:11.158+0000][6424][safepoint    ] Leaving safepoint region
[2022-06-16T20:12:11.158+0000][6424][safepoint    ] Total time for which application threads were stopped: 0.0000754 seconds, Stopping threads took: 0.0000184 seconds
[2022-06-16T20:12:11.158+0000][6424][safepoint    ] Application time: 0.0000289 seconds
[2022-06-16T20:12:11.158+0000][6424][safepoint    ] Entering safepoint region: RevokeBias
[2022-06-16T20:12:11.158+0000][6424][safepoint    ] Leaving safepoint region
[2022-06-16T20:12:11.158+0000][6424][safepoint    ] Total time for which application threads were stopped: 0.0000781 seconds, Stopping threads took: 0.0000213 seconds
[2022-06-16T20:12:11.158+0000][6424][safepoint    ] Application time: 0.0000261 seconds
[2022-06-16T20:12:11.158+0000][6424][safepoint    ] Entering safepoint region: RevokeBias
[2022-06-16T20:12:11.158+0000][6424][safepoint    ] Leaving safepoint region
[2022-06-16T20:12:11.158+0000][6424][safepoint    ] Total time for which application threads were stopped: 0.0000728 seconds, Stopping threads took: 0.0000184 seconds
[2022-06-16T20:12:11.158+0000][6424][safepoint    ] Application time: 0.0000271 seconds
[2022-06-16T20:12:11.158+0000][6424][safepoint    ] Entering safepoint region: RevokeBias
[2022-06-16T20:12:11.158+0000][6424][safepoint    ] Leaving safepoint region
[2022-06-16T20:12:11.158+0000][6424][safepoint    ] Total time for which application threads were stopped: 0.0000691 seconds, Stopping threads took: 0.0000157 seconds
[2022-06-16T20:12:11.268+0000][6424][safepoint    ] Application time: 0.1128804 seconds
[2022-06-16T20:12:11.268+0000][6424][safepoint    ] Entering safepoint region: RevokeBias
[2022-06-16T20:12:11.268+0000][6424][safepoint    ] Leaving safepoint region
[2022-06-16T20:12:11.268+0000][6424][safepoint    ] Total time for which application threads were stopped: 0.0004866 seconds, Stopping threads took: 0.0004056 seconds
[2022-06-16T20:12:11.268+0000][6424][safepoint    ] Application time: 0.0002381 seconds
[2022-06-16T20:12:11.268+0000][6424][safepoint    ] Entering safepoint region: RevokeBias
[2022-06-16T20:12:11.268+0000][6424][safepoint    ] Leaving safepoint region
[2022-06-16T20:12:11.268+0000][6424][safepoint    ] Total time for which application threads were stopped: 0.0000984 seconds, Stopping threads took: 0.0000332 seconds
[2022-06-16T20:12:11.268+0000][6424][safepoint    ] Application time: 0.0000980 seconds
[2022-06-16T20:12:11.268+0000][6424][safepoint    ] Entering safepoint region: RevokeBias
[2022-06-16T20:12:11.268+0000][6424][safepoint    ] Leaving safepoint region
[2022-06-16T20:12:11.268+0000][6424][safepoint    ] Total time for which application threads were stopped: 0.0001608 seconds, Stopping threads took: 0.0001101 seconds
[2022-06-16T20:12:11.268+0000][6424][safepoint    ] Application time: 0.0076104 seconds
[2022-06-16T20:12:11.268+0000][6424][safepoint    ] Entering safepoint region: RevokeBias
[2022-06-16T20:12:11.268+0000][6424][safepoint    ] Leaving safepoint region
[2022-06-16T20:12:11.268+0000][6424][safepoint    ] Total time for which application threads were stopped: 0.0001939 seconds, Stopping threads took: 0.0001189 seconds
[2022-06-16T20:12:11.268+0000][6424][safepoint    ] Application time: 0.0004996 seconds
[2022-06-16T20:12:11.268+0000][6424][safepoint    ] Entering safepoint region: RevokeBias
[2022-06-16T20:12:11.268+0000][6424][safepoint    ] Leaving safepoint region
[2022-06-16T20:12:11.268+0000][6424][safepoint    ] Total time for which application threads were stopped: 0.0000804 seconds, Stopping threads took: 0.0000219 seconds
[2022-06-16T20:12:11.283+0000][6424][safepoint    ] Application time: 0.0050564 seconds
[2022-06-16T20:12:11.283+0000][6424][safepoint    ] Entering safepoint region: RevokeBias
[2022-06-16T20:12:11.283+0000][6424][safepoint    ] Leaving safepoint region
[2022-06-16T20:12:11.283+0000][6424][safepoint    ] Total time for which application threads were stopped: 0.0010919 seconds, Stopping threads took: 0.0010302 seconds
[2022-06-16T20:12:11.283+0000][6424][safepoint    ] Application time: 0.0026370 seconds
[2022-06-16T20:12:11.283+0000][6424][safepoint    ] Entering safepoint region: RevokeBias
[2022-06-16T20:12:11.283+0000][6424][safepoint    ] Leaving safepoint region
[2022-06-16T20:12:11.283+0000][6424][safepoint    ] Total time for which application threads were stopped: 0.0002894 seconds, Stopping threads took: 0.0001854 seconds
[2022-06-16T20:12:11.283+0000][6424][safepoint    ] Application time: 0.0003423 seconds
[2022-06-16T20:12:11.283+0000][6424][safepoint    ] Entering safepoint region: RevokeBias
[2022-06-16T20:12:11.283+0000][6424][safepoint    ] Leaving safepoint region
[2022-06-16T20:12:11.283+0000][6424][safepoint    ] Total time for which application threads were stopped: 0.0000960 seconds, Stopping threads took: 0.0000269 seconds
[2022-06-16T20:12:11.283+0000][6424][safepoint    ] Application time: 0.0004347 seconds
[2022-06-16T20:12:11.283+0000][6424][safepoint    ] Entering safepoint region: RevokeBias
[2022-06-16T20:12:11.283+0000][6424][safepoint    ] Leaving safepoint region
[2022-06-16T20:12:11.283+0000][6424][safepoint    ] Total time for which application threads were stopped: 0.0003082 seconds, Stopping threads took: 0.0001969 seconds
[2022-06-16T20:12:11.283+0000][6424][safepoint    ] Application time: 0.0002385 seconds
[2022-06-16T20:12:11.283+0000][6424][safepoint    ] Entering safepoint region: RevokeBias
[2022-06-16T20:12:11.283+0000][6424][safepoint    ] Leaving safepoint region
[2022-06-16T20:12:11.283+0000][6424][safepoint    ] Total time for which application threads were stopped: 0.0005643 seconds, Stopping threads took: 0.0001411 seconds
[2022-06-16T20:12:11.283+0000][6424][safepoint    ] Application time: 0.0005375 seconds
[2022-06-16T20:12:11.283+0000][6424][safepoint    ] Entering safepoint region: RevokeBias
[2022-06-16T20:12:11.283+0000][6424][safepoint    ] Leaving safepoint region
[2022-06-16T20:12:11.283+0000][6424][safepoint    ] Total time for which application threads were stopped: 0.0001439 seconds, Stopping threads took: 0.0000789 seconds
[2022-06-16T20:12:11.283+0000][6424][safepoint    ] Application time: 0.0021249 seconds
[2022-06-16T20:12:11.283+0000][6424][safepoint    ] Entering safepoint region: RevokeBias
[2022-06-16T20:12:11.283+0000][6424][safepoint    ] Leaving safepoint region
[2022-06-16T20:12:11.283+0000][6424][safepoint    ] Total time for which application threads were stopped: 0.0001769 seconds, Stopping threads took: 0.0000786 seconds
[2022-06-16T20:12:11.283+0000][6424][safepoint    ] Application time: 0.0001134 seconds
[2022-06-16T20:12:11.283+0000][6424][safepoint    ] Entering safepoint region: RevokeBias
[2022-06-16T20:12:11.283+0000][6424][safepoint    ] Leaving safepoint region
[2022-06-16T20:12:11.283+0000][6424][safepoint    ] Total time for which application threads were stopped: 0.0000847 seconds, Stopping threads took: 0.0000177 seconds
[2022-06-16T20:12:11.283+0000][6424][safepoint    ] Application time: 0.0008708 seconds
[2022-06-16T20:12:11.283+0000][6424][safepoint    ] Entering safepoint region: RevokeBias
[2022-06-16T20:12:11.283+0000][6424][safepoint    ] Leaving safepoint region
[2022-06-16T20:12:11.283+0000][6424][safepoint    ] Total time for which application threads were stopped: 0.0005684 seconds, Stopping threads took: 0.0004861 seconds
[2022-06-16T20:12:11.283+0000][6424][safepoint    ] Application time: 0.0000543 seconds
[2022-06-16T20:12:11.283+0000][6424][safepoint    ] Entering safepoint region: RevokeBias
[2022-06-16T20:12:11.283+0000][6424][safepoint    ] Leaving safepoint region
[2022-06-16T20:12:11.283+0000][6424][safepoint    ] Total time for which application threads were stopped: 0.0000975 seconds, Stopping threads took: 0.0000281 seconds
[2022-06-16T20:12:11.283+0000][6424][safepoint    ] Application time: 0.0000908 seconds
[2022-06-16T20:12:11.283+0000][6424][safepoint    ] Entering safepoint region: BulkRevokeBias
[2022-06-16T20:12:11.299+0000][6424][safepoint    ] Leaving safepoint region
[2022-06-16T20:12:11.299+0000][6424][safepoint    ] Total time for which application threads were stopped: 0.0004682 seconds, Stopping threads took: 0.0000229 seconds
[2022-06-16T20:12:11.299+0000][6424][safepoint    ] Application time: 0.0014175 seconds
[2022-06-16T20:12:11.299+0000][6424][safepoint    ] Entering safepoint region: RevokeBias
[2022-06-16T20:12:11.299+0000][6424][safepoint    ] Leaving safepoint region
[2022-06-16T20:12:11.299+0000][6424][safepoint    ] Total time for which application threads were stopped: 0.0002724 seconds, Stopping threads took: 0.0001523 seconds
[2022-06-16T20:12:11.299+0000][6424][safepoint    ] Application time: 0.0009936 seconds
[2022-06-16T20:12:11.299+0000][6424][safepoint    ] Entering safepoint region: RevokeBias
[2022-06-16T20:12:11.299+0000][6424][safepoint    ] Leaving safepoint region
[2022-06-16T20:12:11.299+0000][6424][safepoint    ] Total time for which application threads were stopped: 0.0003158 seconds, Stopping threads took: 0.0001941 seconds
[2022-06-16T20:12:11.299+0000][6424][safepoint    ] Application time: 0.0025197 seconds
[2022-06-16T20:12:11.299+0000][6424][safepoint    ] Entering safepoint region: RevokeBias
[2022-06-16T20:12:11.299+0000][6424][safepoint    ] Leaving safepoint region
[2022-06-16T20:12:11.299+0000][6424][safepoint    ] Total time for which application threads were stopped: 0.0005172 seconds, Stopping threads took: 0.0003533 seconds
[2022-06-16T20:12:11.299+0000][6424][safepoint    ] Application time: 0.0034964 seconds
[2022-06-16T20:12:11.299+0000][6424][safepoint    ] Entering safepoint region: RevokeBias
[2022-06-16T20:12:11.299+0000][6424][safepoint    ] Leaving safepoint region
[2022-06-16T20:12:11.299+0000][6424][safepoint    ] Total time for which application threads were stopped: 0.0001248 seconds, Stopping threads took: 0.0000455 seconds
[2022-06-16T20:12:11.299+0000][6424][safepoint    ] Application time: 0.0002093 seconds
[2022-06-16T20:12:11.299+0000][6424][safepoint    ] Entering safepoint region: RevokeBias
[2022-06-16T20:12:11.299+0000][6424][safepoint    ] Leaving safepoint region
[2022-06-16T20:12:11.299+0000][6424][safepoint    ] Total time for which application threads were stopped: 0.0001569 seconds, Stopping threads took: 0.0000528 seconds
[2022-06-16T20:12:11.299+0000][6424][safepoint    ] Application time: 0.0000532 seconds
[2022-06-16T20:12:11.299+0000][6424][safepoint    ] Entering safepoint region: RevokeBias
[2022-06-16T20:12:11.299+0000][6424][safepoint    ] Leaving safepoint region
[2022-06-16T20:12:11.299+0000][6424][safepoint    ] Total time for which application threads were stopped: 0.0000876 seconds, Stopping threads took: 0.0000266 seconds
[2022-06-16T20:12:11.299+0000][6424][safepoint    ] Application time: 0.0003659 seconds
[2022-06-16T20:12:11.299+0000][6424][safepoint    ] Entering safepoint region: RevokeBias
[2022-06-16T20:12:11.299+0000][6424][safepoint    ] Leaving safepoint region
[2022-06-16T20:12:11.299+0000][6424][safepoint    ] Total time for which application threads were stopped: 0.0000942 seconds, Stopping threads took: 0.0000199 seconds
[2022-06-16T20:12:11.299+0000][6424][safepoint    ] Application time: 0.0000402 seconds
[2022-06-16T20:12:11.299+0000][6424][safepoint    ] Entering safepoint region: RevokeBias
[2022-06-16T20:12:11.299+0000][6424][safepoint    ] Leaving safepoint region
[2022-06-16T20:12:11.299+0000][6424][safepoint    ] Total time for which application threads were stopped: 0.0000858 seconds, Stopping threads took: 0.0000309 seconds
[2022-06-16T20:12:11.299+0000][6424][safepoint    ] Application time: 0.0000683 seconds
[2022-06-16T20:12:11.299+0000][6424][safepoint    ] Entering safepoint region: BulkRevokeBias
[2022-06-16T20:12:11.299+0000][6424][safepoint    ] Leaving safepoint region
[2022-06-16T20:12:11.299+0000][6424][safepoint    ] Total time for which application threads were stopped: 0.0003730 seconds, Stopping threads took: 0.0000285 seconds
[2022-06-16T20:12:11.299+0000][6424][safepoint    ] Application time: 0.0001103 seconds
[2022-06-16T20:12:11.299+0000][6424][safepoint    ] Entering safepoint region: RevokeBias
[2022-06-16T20:12:11.299+0000][6424][safepoint    ] Leaving safepoint region
[2022-06-16T20:12:11.299+0000][6424][safepoint    ] Total time for which application threads were stopped: 0.0000984 seconds, Stopping threads took: 0.0000340 seconds
[2022-06-16T20:12:11.299+0000][6424][safepoint    ] Application time: 0.0000268 seconds
[2022-06-16T20:12:11.299+0000][6424][safepoint    ] Entering safepoint region: RevokeBias
[2022-06-16T20:12:11.299+0000][6424][safepoint    ] Leaving safepoint region
[2022-06-16T20:12:11.299+0000][6424][safepoint    ] Total time for which application threads were stopped: 0.0000928 seconds, Stopping threads took: 0.0000325 seconds
[2022-06-16T20:12:11.299+0000][6424][safepoint    ] Application time: 0.0001168 seconds
[2022-06-16T20:12:11.299+0000][6424][safepoint    ] Entering safepoint region: RevokeBias
[2022-06-16T20:12:11.299+0000][6424][safepoint    ] Leaving safepoint region
[2022-06-16T20:12:11.299+0000][6424][safepoint    ] Total time for which application threads were stopped: 0.0001105 seconds, Stopping threads took: 0.0000464 seconds
[2022-06-16T20:12:11.299+0000][6424][safepoint    ] Application time: 0.0000232 seconds
[2022-06-16T20:12:11.299+0000][6424][safepoint    ] Entering safepoint region: RevokeBias
[2022-06-16T20:12:11.299+0000][6424][safepoint    ] Leaving safepoint region
[2022-06-16T20:12:11.299+0000][6424][safepoint    ] Total time for which application threads were stopped: 0.0003776 seconds, Stopping threads took: 0.0003117 seconds
[2022-06-16T20:12:11.299+0000][6424][safepoint    ] Application time: 0.0010856 seconds
[2022-06-16T20:12:11.299+0000][6424][safepoint    ] Entering safepoint region: RevokeBias
[2022-06-16T20:12:11.299+0000][6424][safepoint    ] Leaving safepoint region
[2022-06-16T20:12:11.299+0000][6424][safepoint    ] Total time for which application threads were stopped: 0.0001055 seconds, Stopping threads took: 0.0000325 seconds
[2022-06-16T20:12:11.299+0000][6424][safepoint    ] Application time: 0.0000337 seconds
[2022-06-16T20:12:11.299+0000][6424][safepoint    ] Entering safepoint region: RevokeBias
[2022-06-16T20:12:11.299+0000][6424][safepoint    ] Leaving safepoint region
[2022-06-16T20:12:11.299+0000][6424][safepoint    ] Total time for which application threads were stopped: 0.0001060 seconds, Stopping threads took: 0.0000425 seconds
[2022-06-16T20:12:11.315+0000][6424][safepoint    ] Application time: 0.0030739 seconds
[2022-06-16T20:12:11.315+0000][6424][safepoint    ] Entering safepoint region: RevokeBias
[2022-06-16T20:12:11.315+0000][6424][safepoint    ] Leaving safepoint region
[2022-06-16T20:12:11.315+0000][6424][safepoint    ] Total time for which application threads were stopped: 0.0000878 seconds, Stopping threads took: 0.0000201 seconds
[2022-06-16T20:12:11.315+0000][6424][safepoint    ] Application time: 0.0002805 seconds
[2022-06-16T20:12:11.315+0000][6424][safepoint    ] Entering safepoint region: RevokeBias
[2022-06-16T20:12:11.315+0000][6424][safepoint    ] Leaving safepoint region
[2022-06-16T20:12:11.315+0000][6424][safepoint    ] Total time for which application threads were stopped: 0.0000977 seconds, Stopping threads took: 0.0000314 seconds
[2022-06-16T20:12:11.315+0000][6424][safepoint    ] Application time: 0.0083915 seconds
[2022-06-16T20:12:11.315+0000][6424][safepoint    ] Entering safepoint region: RevokeBias
[2022-06-16T20:12:11.315+0000][6424][safepoint    ] Leaving safepoint region
[2022-06-16T20:12:11.315+0000][6424][safepoint    ] Total time for which application threads were stopped: 0.0001110 seconds, Stopping threads took: 0.0000342 seconds
[2022-06-16T20:12:11.315+0000][6424][safepoint    ] Application time: 0.0001323 seconds
[2022-06-16T20:12:11.315+0000][6424][safepoint    ] Entering safepoint region: RevokeBias
[2022-06-16T20:12:11.315+0000][6424][safepoint    ] Leaving safepoint region
[2022-06-16T20:12:11.315+0000][6424][safepoint    ] Total time for which application threads were stopped: 0.0001563 seconds, Stopping threads took: 0.0000950 seconds
[2022-06-16T20:12:11.315+0000][6424][safepoint    ] Application time: 0.0001830 seconds
[2022-06-16T20:12:11.315+0000][6424][safepoint    ] Entering safepoint region: RevokeBias
[2022-06-16T20:12:11.315+0000][6424][safepoint    ] Leaving safepoint region
[2022-06-16T20:12:11.315+0000][6424][safepoint    ] Total time for which application threads were stopped: 0.0001366 seconds, Stopping threads took: 0.0000626 seconds
[2022-06-16T20:12:11.315+0000][6424][safepoint    ] Application time: 0.0000350 seconds
[2022-06-16T20:12:11.315+0000][6424][safepoint    ] Entering safepoint region: RevokeBias
[2022-06-16T20:12:11.315+0000][6424][safepoint    ] Leaving safepoint region
[2022-06-16T20:12:11.315+0000][6424][safepoint    ] Total time for which application threads were stopped: 0.0000986 seconds, Stopping threads took: 0.0000199 seconds
[2022-06-16T20:12:11.315+0000][6424][safepoint    ] Application time: 0.0000266 seconds
[2022-06-16T20:12:11.315+0000][6424][safepoint    ] Entering safepoint region: RevokeBias
[2022-06-16T20:12:11.315+0000][6424][safepoint    ] Leaving safepoint region
[2022-06-16T20:12:11.315+0000][6424][safepoint    ] Total time for which application threads were stopped: 0.0001381 seconds, Stopping threads took: 0.0000725 seconds
[2022-06-16T20:12:11.315+0000][6424][safepoint    ] Application time: 0.0025525 seconds
[2022-06-16T20:12:11.315+0000][6424][safepoint    ] Entering safepoint region: RevokeBias
[2022-06-16T20:12:11.315+0000][6424][safepoint    ] Leaving safepoint region
[2022-06-16T20:12:11.315+0000][6424][safepoint    ] Total time for which application threads were stopped: 0.0001580 seconds, Stopping threads took: 0.0000925 seconds
[2022-06-16T20:12:11.330+0000][6424][safepoint    ] Application time: 0.0008126 seconds
[2022-06-16T20:12:11.330+0000][6424][safepoint    ] Entering safepoint region: RevokeBias
[2022-06-16T20:12:11.330+0000][6424][safepoint    ] Leaving safepoint region
[2022-06-16T20:12:11.330+0000][6424][safepoint    ] Total time for which application threads were stopped: 0.0002021 seconds, Stopping threads took: 0.0001456 seconds
[2022-06-16T20:12:11.330+0000][6424][safepoint    ] Application time: 0.0000361 seconds
[2022-06-16T20:12:11.330+0000][6424][safepoint    ] Entering safepoint region: RevokeBias
[2022-06-16T20:12:11.330+0000][6424][safepoint    ] Leaving safepoint region
[2022-06-16T20:12:11.330+0000][6424][safepoint    ] Total time for which application threads were stopped: 0.0002723 seconds, Stopping threads took: 0.0002116 seconds
[2022-06-16T20:12:11.330+0000][6424][safepoint    ] Application time: 0.0000948 seconds
[2022-06-16T20:12:11.330+0000][6424][safepoint    ] Entering safepoint region: RevokeBias
[2022-06-16T20:12:11.330+0000][6424][safepoint    ] Leaving safepoint region
[2022-06-16T20:12:11.330+0000][6424][safepoint    ] Total time for which application threads were stopped: 0.0003578 seconds, Stopping threads took: 0.0003009 seconds
[2022-06-16T20:12:11.330+0000][6424][safepoint    ] Application time: 0.0000391 seconds
[2022-06-16T20:12:11.330+0000][6424][safepoint    ] Entering safepoint region: RevokeBias
[2022-06-16T20:12:11.330+0000][6424][safepoint    ] Leaving safepoint region
[2022-06-16T20:12:11.330+0000][6424][safepoint    ] Total time for which application threads were stopped: 0.0000693 seconds, Stopping threads took: 0.0000201 seconds
[2022-06-16T20:12:11.330+0000][6424][safepoint    ] Application time: 0.0048264 seconds
[2022-06-16T20:12:11.330+0000][6424][safepoint    ] Entering safepoint region: RevokeBias
[2022-06-16T20:12:11.330+0000][6424][safepoint    ] Leaving safepoint region
[2022-06-16T20:12:11.330+0000][6424][safepoint    ] Total time for which application threads were stopped: 0.0000839 seconds, Stopping threads took: 0.0000252 seconds
[2022-06-16T20:12:11.330+0000][6424][safepoint    ] Application time: 0.0000935 seconds
[2022-06-16T20:12:11.330+0000][6424][safepoint    ] Entering safepoint region: RevokeBias
[2022-06-16T20:12:11.330+0000][6424][safepoint    ] Leaving safepoint region
[2022-06-16T20:12:11.330+0000][6424][safepoint    ] Total time for which application threads were stopped: 0.0000707 seconds, Stopping threads took: 0.0000207 seconds
[2022-06-16T20:12:11.330+0000][6424][safepoint    ] Application time: 0.0000376 seconds
[2022-06-16T20:12:11.330+0000][6424][safepoint    ] Entering safepoint region: RevokeBias
[2022-06-16T20:12:11.330+0000][6424][safepoint    ] Leaving safepoint region
[2022-06-16T20:12:11.330+0000][6424][safepoint    ] Total time for which application threads were stopped: 0.0000786 seconds, Stopping threads took: 0.0000292 seconds
[2022-06-16T20:12:11.330+0000][6424][safepoint    ] Application time: 0.0004053 seconds
[2022-06-16T20:12:11.330+0000][6424][safepoint    ] Entering safepoint region: RevokeBias
[2022-06-16T20:12:11.330+0000][6424][safepoint    ] Leaving safepoint region
[2022-06-16T20:12:11.330+0000][6424][safepoint    ] Total time for which application threads were stopped: 0.0000769 seconds, Stopping threads took: 0.0000227 seconds
[2022-06-16T20:12:11.330+0000][6424][safepoint    ] Application time: 0.0000797 seconds
[2022-06-16T20:12:11.330+0000][6424][safepoint    ] Entering safepoint region: RevokeBias
[2022-06-16T20:12:11.330+0000][6424][safepoint    ] Leaving safepoint region
[2022-06-16T20:12:11.330+0000][6424][safepoint    ] Total time for which application threads were stopped: 0.0000709 seconds, Stopping threads took: 0.0000204 seconds
[2022-06-16T20:12:11.330+0000][6424][safepoint    ] Application time: 0.0000228 seconds
[2022-06-16T20:12:11.330+0000][6424][safepoint    ] Entering safepoint region: RevokeBias
[2022-06-16T20:12:11.330+0000][6424][safepoint    ] Leaving safepoint region
[2022-06-16T20:12:11.330+0000][6424][safepoint    ] Total time for which application threads were stopped: 0.0000672 seconds, Stopping threads took: 0.0000195 seconds
[2022-06-16T20:12:11.330+0000][6424][safepoint    ] Application time: 0.0002604 seconds
[2022-06-16T20:12:11.330+0000][6424][safepoint    ] Entering safepoint region: RevokeBias
[2022-06-16T20:12:11.330+0000][6424][safepoint    ] Leaving safepoint region
[2022-06-16T20:12:11.330+0000][6424][safepoint    ] Total time for which application threads were stopped: 0.0000792 seconds, Stopping threads took: 0.0000234 seconds
[2022-06-16T20:12:11.330+0000][6424][safepoint    ] Application time: 0.0002650 seconds
[2022-06-16T20:12:11.330+0000][6424][safepoint    ] Entering safepoint region: RevokeBias
[2022-06-16T20:12:11.330+0000][6424][safepoint    ] Leaving safepoint region
[2022-06-16T20:12:11.330+0000][6424][safepoint    ] Total time for which application threads were stopped: 0.0000896 seconds, Stopping threads took: 0.0000314 seconds
[2022-06-16T20:12:11.330+0000][6424][safepoint    ] Application time: 0.0000388 seconds
[2022-06-16T20:12:11.330+0000][6424][safepoint    ] Entering safepoint region: RevokeBias
[2022-06-16T20:12:11.330+0000][6424][safepoint    ] Leaving safepoint region
[2022-06-16T20:12:11.330+0000][6424][safepoint    ] Total time for which application threads were stopped: 0.0003880 seconds, Stopping threads took: 0.0003289 seconds
[2022-06-16T20:12:11.330+0000][6424][safepoint    ] Application time: 0.0002089 seconds
[2022-06-16T20:12:11.330+0000][6424][safepoint    ] Entering safepoint region: RevokeBias
[2022-06-16T20:12:11.330+0000][6424][safepoint    ] Leaving safepoint region
[2022-06-16T20:12:11.330+0000][6424][safepoint    ] Total time for which application threads were stopped: 0.0000794 seconds, Stopping threads took: 0.0000229 seconds
[2022-06-16T20:12:11.330+0000][6424][safepoint    ] Application time: 0.0018926 seconds
[2022-06-16T20:12:11.330+0000][6424][safepoint    ] Entering safepoint region: RevokeBias
[2022-06-16T20:12:11.330+0000][6424][safepoint    ] Leaving safepoint region
[2022-06-16T20:12:11.330+0000][6424][safepoint    ] Total time for which application threads were stopped: 0.0000834 seconds, Stopping threads took: 0.0000256 seconds
[2022-06-16T20:12:11.330+0000][6424][safepoint    ] Application time: 0.0003659 seconds
[2022-06-16T20:12:11.330+0000][6424][safepoint    ] Entering safepoint region: RevokeBias
[2022-06-16T20:12:11.330+0000][6424][safepoint    ] Leaving safepoint region
[2022-06-16T20:12:11.330+0000][6424][safepoint    ] Total time for which application threads were stopped: 0.0000825 seconds, Stopping threads took: 0.0000247 seconds
[2022-06-16T20:12:11.330+0000][6424][safepoint    ] Application time: 0.0002700 seconds
[2022-06-16T20:12:11.330+0000][6424][safepoint    ] Entering safepoint region: RevokeBias
[2022-06-16T20:12:11.330+0000][6424][safepoint    ] Leaving safepoint region
[2022-06-16T20:12:11.330+0000][6424][safepoint    ] Total time for which application threads were stopped: 0.0000819 seconds, Stopping threads took: 0.0000236 seconds
[2022-06-16T20:12:11.330+0000][6424][safepoint    ] Application time: 0.0003578 seconds
[2022-06-16T20:12:11.330+0000][6424][safepoint    ] Entering safepoint region: RevokeBias
[2022-06-16T20:12:11.330+0000][6424][safepoint    ] Leaving safepoint region
[2022-06-16T20:12:11.330+0000][6424][safepoint    ] Total time for which application threads were stopped: 0.0000821 seconds, Stopping threads took: 0.0000236 seconds
[2022-06-16T20:12:11.330+0000][6424][safepoint    ] Application time: 0.0002413 seconds
[2022-06-16T20:12:11.330+0000][6424][safepoint    ] Entering safepoint region: RevokeBias
[2022-06-16T20:12:11.330+0000][6424][safepoint    ] Leaving safepoint region
[2022-06-16T20:12:11.330+0000][6424][safepoint    ] Total time for which application threads were stopped: 0.0000799 seconds, Stopping threads took: 0.0000237 seconds
[2022-06-16T20:12:11.330+0000][6424][safepoint    ] Application time: 0.0019271 seconds
[2022-06-16T20:12:11.330+0000][6424][safepoint    ] Entering safepoint region: RevokeBias
[2022-06-16T20:12:11.330+0000][6424][safepoint    ] Leaving safepoint region
[2022-06-16T20:12:11.330+0000][6424][safepoint    ] Total time for which application threads were stopped: 0.0003737 seconds, Stopping threads took: 0.0003124 seconds
[2022-06-16T20:12:11.346+0000][6424][safepoint    ] Application time: 0.0017119 seconds
[2022-06-16T20:12:11.346+0000][6424][safepoint    ] Entering safepoint region: RevokeBias
[2022-06-16T20:12:11.346+0000][6424][safepoint    ] Leaving safepoint region
[2022-06-16T20:12:11.346+0000][6424][safepoint    ] Total time for which application threads were stopped: 0.0005277 seconds, Stopping threads took: 0.0004591 seconds
[2022-06-16T20:12:11.346+0000][6424][safepoint    ] Application time: 0.0000800 seconds
[2022-06-16T20:12:11.346+0000][6424][safepoint    ] Entering safepoint region: RevokeBias
[2022-06-16T20:12:11.346+0000][6424][safepoint    ] Leaving safepoint region
[2022-06-16T20:12:11.346+0000][6424][safepoint    ] Total time for which application threads were stopped: 0.0000741 seconds, Stopping threads took: 0.0000207 seconds
[2022-06-16T20:12:11.346+0000][6424][safepoint    ] Application time: 0.0000224 seconds
[2022-06-16T20:12:11.346+0000][6424][safepoint    ] Entering safepoint region: RevokeBias
[2022-06-16T20:12:11.346+0000][6424][safepoint    ] Leaving safepoint region
[2022-06-16T20:12:11.346+0000][6424][safepoint    ] Total time for which application threads were stopped: 0.0000673 seconds, Stopping threads took: 0.0000193 seconds
[2022-06-16T20:12:11.346+0000][6424][safepoint    ] Application time: 0.0001897 seconds
[2022-06-16T20:12:11.346+0000][6424][safepoint    ] Entering safepoint region: RevokeBias
[2022-06-16T20:12:11.346+0000][6424][safepoint    ] Leaving safepoint region
[2022-06-16T20:12:11.346+0000][6424][safepoint    ] Total time for which application threads were stopped: 0.0000803 seconds, Stopping threads took: 0.0000225 seconds
[2022-06-16T20:12:11.346+0000][6424][safepoint    ] Application time: 0.0000702 seconds
[2022-06-16T20:12:11.346+0000][6424][safepoint    ] Entering safepoint region: RevokeBias
[2022-06-16T20:12:11.346+0000][6424][safepoint    ] Leaving safepoint region
[2022-06-16T20:12:11.346+0000][6424][safepoint    ] Total time for which application threads were stopped: 0.0000784 seconds, Stopping threads took: 0.0000206 seconds
[2022-06-16T20:12:11.346+0000][6424][safepoint    ] Application time: 0.0067673 seconds
[2022-06-16T20:12:11.346+0000][6424][safepoint    ] Entering safepoint region: RevokeBias
[2022-06-16T20:12:11.346+0000][6424][safepoint    ] Leaving safepoint region
[2022-06-16T20:12:11.346+0000][6424][safepoint    ] Total time for which application threads were stopped: 0.0001050 seconds, Stopping threads took: 0.0000400 seconds
[2022-06-16T20:12:11.346+0000][6424][safepoint    ] Application time: 0.0014570 seconds
[2022-06-16T20:12:11.346+0000][6424][safepoint    ] Entering safepoint region: RevokeBias
[2022-06-16T20:12:11.346+0000][6424][safepoint    ] Leaving safepoint region
[2022-06-16T20:12:11.346+0000][6424][safepoint    ] Total time for which application threads were stopped: 0.0001182 seconds, Stopping threads took: 0.0000619 seconds
[2022-06-16T20:12:11.346+0000][6424][safepoint    ] Application time: 0.0022710 seconds
[2022-06-16T20:12:11.346+0000][6424][safepoint    ] Entering safepoint region: RevokeBias
[2022-06-16T20:12:11.346+0000][6424][safepoint    ] Leaving safepoint region
[2022-06-16T20:12:11.346+0000][6424][safepoint    ] Total time for which application threads were stopped: 0.0001056 seconds, Stopping threads took: 0.0000458 seconds
[2022-06-16T20:12:11.361+0000][6424][safepoint    ] Application time: 0.0027854 seconds
[2022-06-16T20:12:11.361+0000][6424][safepoint    ] Entering safepoint region: RevokeBias
[2022-06-16T20:12:11.361+0000][6424][safepoint    ] Leaving safepoint region
[2022-06-16T20:12:11.361+0000][6424][safepoint    ] Total time for which application threads were stopped: 0.0000988 seconds, Stopping threads took: 0.0000353 seconds
[2022-06-16T20:12:11.361+0000][6424][safepoint    ] Application time: 0.0067697 seconds
[2022-06-16T20:12:11.361+0000][6424][safepoint    ] Entering safepoint region: RevokeBias
[2022-06-16T20:12:11.361+0000][6424][safepoint    ] Leaving safepoint region
[2022-06-16T20:12:11.361+0000][6424][safepoint    ] Total time for which application threads were stopped: 0.0001291 seconds, Stopping threads took: 0.0000660 seconds
[2022-06-16T20:12:11.361+0000][6424][safepoint    ] Application time: 0.0058650 seconds
[2022-06-16T20:12:11.361+0000][6424][safepoint    ] Entering safepoint region: RevokeBias
[2022-06-16T20:12:11.361+0000][6424][safepoint    ] Leaving safepoint region
[2022-06-16T20:12:11.361+0000][6424][safepoint    ] Total time for which application threads were stopped: 0.0001378 seconds, Stopping threads took: 0.0000770 seconds
[2022-06-16T20:12:11.377+0000][6424][safepoint    ] Application time: 0.0128861 seconds
[2022-06-16T20:12:11.377+0000][6424][safepoint    ] Entering safepoint region: RevokeBias
[2022-06-16T20:12:11.377+0000][6424][safepoint    ] Leaving safepoint region
[2022-06-16T20:12:11.377+0000][6424][safepoint    ] Total time for which application threads were stopped: 0.0003539 seconds, Stopping threads took: 0.0002928 seconds
[2022-06-16T20:12:11.377+0000][6424][safepoint    ] Application time: 0.0006865 seconds
[2022-06-16T20:12:11.377+0000][6424][safepoint    ] Entering safepoint region: RevokeBias
[2022-06-16T20:12:11.377+0000][6424][safepoint    ] Leaving safepoint region
[2022-06-16T20:12:11.377+0000][6424][safepoint    ] Total time for which application threads were stopped: 0.0000856 seconds, Stopping threads took: 0.0000240 seconds
[2022-06-16T20:12:11.377+0000][6424][safepoint    ] Application time: 0.0013400 seconds
[2022-06-16T20:12:11.377+0000][6424][safepoint    ] Entering safepoint region: RevokeBias
[2022-06-16T20:12:11.377+0000][6424][safepoint    ] Leaving safepoint region
[2022-06-16T20:12:11.377+0000][6424][safepoint    ] Total time for which application threads were stopped: 0.0000810 seconds, Stopping threads took: 0.0000241 seconds
[2022-06-16T20:12:11.377+0000][6424][safepoint    ] Application time: 0.0002436 seconds
[2022-06-16T20:12:11.377+0000][6424][safepoint    ] Entering safepoint region: RevokeBias
[2022-06-16T20:12:11.377+0000][6424][safepoint    ] Leaving safepoint region
[2022-06-16T20:12:11.377+0000][6424][safepoint    ] Total time for which application threads were stopped: 0.0000807 seconds, Stopping threads took: 0.0000235 seconds
[2022-06-16T20:12:11.393+0000][6424][safepoint    ] Application time: 0.0154624 seconds
[2022-06-16T20:12:11.393+0000][6424][safepoint    ] Entering safepoint region: RevokeBias
[2022-06-16T20:12:11.393+0000][6424][safepoint    ] Leaving safepoint region
[2022-06-16T20:12:11.393+0000][6424][safepoint    ] Total time for which application threads were stopped: 0.0000994 seconds, Stopping threads took: 0.0000247 seconds
[2022-06-16T20:12:11.408+0000][6424][safepoint    ] Application time: 0.0106440 seconds
[2022-06-16T20:12:11.408+0000][6424][safepoint    ] Entering safepoint region: RevokeBias
[2022-06-16T20:12:11.408+0000][6424][safepoint    ] Leaving safepoint region
[2022-06-16T20:12:11.408+0000][6424][safepoint    ] Total time for which application threads were stopped: 0.0001043 seconds, Stopping threads took: 0.0000237 seconds
[2022-06-16T20:12:11.424+0000][6424][safepoint    ] Application time: 0.0062988 seconds
[2022-06-16T20:12:11.424+0000][6424][safepoint    ] Entering safepoint region: RevokeBias
[2022-06-16T20:12:11.424+0000][6424][safepoint    ] Leaving safepoint region
[2022-06-16T20:12:11.424+0000][6424][safepoint    ] Total time for which application threads were stopped: 0.0000971 seconds, Stopping threads took: 0.0000230 seconds
[2022-06-16T20:12:11.424+0000][6424][safepoint    ] Application time: 0.0136445 seconds
[2022-06-16T20:12:11.424+0000][6424][safepoint    ] Entering safepoint region: RevokeBias
[2022-06-16T20:12:11.424+0000][6424][safepoint    ] Leaving safepoint region
[2022-06-16T20:12:11.424+0000][6424][safepoint    ] Total time for which application threads were stopped: 0.0000984 seconds, Stopping threads took: 0.0000230 seconds
[2022-06-16T20:12:11.424+0000][6424][safepoint    ] Application time: 0.0000560 seconds
[2022-06-16T20:12:11.424+0000][6424][safepoint    ] Entering safepoint region: RevokeBias
[2022-06-16T20:12:11.424+0000][6424][safepoint    ] Leaving safepoint region
[2022-06-16T20:12:11.424+0000][6424][safepoint    ] Total time for which application threads were stopped: 0.0000777 seconds, Stopping threads took: 0.0000195 seconds
[2022-06-16T20:12:11.424+0000][6424][safepoint    ] Application time: 0.0000204 seconds
[2022-06-16T20:12:11.424+0000][6424][safepoint    ] Entering safepoint region: RevokeBias
[2022-06-16T20:12:11.424+0000][6424][safepoint    ] Leaving safepoint region
[2022-06-16T20:12:11.424+0000][6424][safepoint    ] Total time for which application threads were stopped: 0.0000696 seconds, Stopping threads took: 0.0000169 seconds
[2022-06-16T20:12:11.424+0000][6424][safepoint    ] Application time: 0.0001821 seconds
[2022-06-16T20:12:11.424+0000][6424][safepoint    ] Entering safepoint region: RevokeBias
[2022-06-16T20:12:11.424+0000][6424][safepoint    ] Leaving safepoint region
[2022-06-16T20:12:11.424+0000][6424][safepoint    ] Total time for which application threads were stopped: 0.0000819 seconds, Stopping threads took: 0.0000198 seconds
[2022-06-16T20:12:11.424+0000][6424][safepoint    ] Application time: 0.0006982 seconds
[2022-06-16T20:12:11.424+0000][6424][safepoint    ] Entering safepoint region: RevokeBias
[2022-06-16T20:12:11.440+0000][6424][safepoint    ] Leaving safepoint region
[2022-06-16T20:12:11.440+0000][6424][safepoint    ] Total time for which application threads were stopped: 0.0001001 seconds, Stopping threads took: 0.0000235 seconds
[2022-06-16T20:12:11.440+0000][6424][safepoint    ] Application time: 0.0004440 seconds
[2022-06-16T20:12:11.440+0000][6424][safepoint    ] Entering safepoint region: RevokeBias
[2022-06-16T20:12:11.440+0000][6424][safepoint    ] Leaving safepoint region
[2022-06-16T20:12:11.440+0000][6424][safepoint    ] Total time for which application threads were stopped: 0.0000876 seconds, Stopping threads took: 0.0000202 seconds
[2022-06-16T20:12:11.440+0000][6424][safepoint    ] Application time: 0.0021669 seconds
[2022-06-16T20:12:11.440+0000][6424][safepoint    ] Entering safepoint region: RevokeBias
[2022-06-16T20:12:11.440+0000][6424][safepoint    ] Leaving safepoint region
[2022-06-16T20:12:11.440+0000][6424][safepoint    ] Total time for which application threads were stopped: 0.0000920 seconds, Stopping threads took: 0.0000228 seconds
[2022-06-16T20:12:11.440+0000][6424][safepoint    ] Application time: 0.0057293 seconds
[2022-06-16T20:12:11.440+0000][6424][safepoint    ] Entering safepoint region: RevokeBias
[2022-06-16T20:12:11.440+0000][6424][safepoint    ] Leaving safepoint region
[2022-06-16T20:12:11.440+0000][6424][safepoint    ] Total time for which application threads were stopped: 0.0000798 seconds, Stopping threads took: 0.0000206 seconds
[2022-06-16T20:12:11.440+0000][6424][safepoint    ] Application time: 0.0008521 seconds
[2022-06-16T20:12:11.440+0000][6424][safepoint    ] Entering safepoint region: RevokeBias
[2022-06-16T20:12:11.440+0000][6424][safepoint    ] Leaving safepoint region
[2022-06-16T20:12:11.440+0000][6424][safepoint    ] Total time for which application threads were stopped: 0.0000818 seconds, Stopping threads took: 0.0000212 seconds
[2022-06-16T20:12:11.486+0000][6424][safepoint    ] Application time: 0.0428026 seconds
[2022-06-16T20:12:11.486+0000][6424][safepoint    ] Entering safepoint region: RevokeBias
[2022-06-16T20:12:11.486+0000][6424][safepoint    ] Leaving safepoint region
[2022-06-16T20:12:11.486+0000][6424][safepoint    ] Total time for which application threads were stopped: 0.0001293 seconds, Stopping threads took: 0.0000295 seconds
[2022-06-16T20:12:11.486+0000][6424][safepoint    ] Application time: 0.0092359 seconds
[2022-06-16T20:12:11.486+0000][6424][safepoint    ] Entering safepoint region: RevokeBias
[2022-06-16T20:12:11.486+0000][6424][safepoint    ] Leaving safepoint region
[2022-06-16T20:12:11.486+0000][6424][safepoint    ] Total time for which application threads were stopped: 0.0001644 seconds, Stopping threads took: 0.0000548 seconds
[2022-06-16T20:12:11.549+0000][6424][safepoint    ] Application time: 0.0622007 seconds
[2022-06-16T20:12:11.549+0000][6424][safepoint    ] Entering safepoint region: RevokeBias
[2022-06-16T20:12:11.549+0000][6424][safepoint    ] Leaving safepoint region
[2022-06-16T20:12:11.549+0000][6424][safepoint    ] Total time for which application threads were stopped: 0.0001345 seconds, Stopping threads took: 0.0000291 seconds
[2022-06-16T20:12:11.596+0000][6424][safepoint    ] Application time: 0.0436168 seconds
[2022-06-16T20:12:11.596+0000][6424][safepoint    ] Entering safepoint region: RevokeBias
[2022-06-16T20:12:11.596+0000][6424][safepoint    ] Leaving safepoint region
[2022-06-16T20:12:11.596+0000][6424][safepoint    ] Total time for which application threads were stopped: 0.0001363 seconds, Stopping threads took: 0.0000299 seconds
[2022-06-16T20:12:11.596+0000][6424][safepoint    ] Application time: 0.0000221 seconds
[2022-06-16T20:12:11.596+0000][6424][safepoint    ] Entering safepoint region: RevokeBias
[2022-06-16T20:12:11.596+0000][6424][safepoint    ] Leaving safepoint region
[2022-06-16T20:12:11.596+0000][6424][safepoint    ] Total time for which application threads were stopped: 0.0000750 seconds, Stopping threads took: 0.0000205 seconds
[2022-06-16T20:12:11.627+0000][6424][safepoint    ] Application time: 0.0230002 seconds
[2022-06-16T20:12:11.627+0000][6424][safepoint    ] Entering safepoint region: RevokeBias
[2022-06-16T20:12:11.627+0000][6424][safepoint    ] Leaving safepoint region
[2022-06-16T20:12:11.627+0000][6424][safepoint    ] Total time for which application threads were stopped: 0.0001359 seconds, Stopping threads took: 0.0000320 seconds
[2022-06-16T20:12:11.627+0000][6424][safepoint    ] Application time: 0.0062998 seconds
[2022-06-16T20:12:11.690+0000][6424][safepoint    ] Entering safepoint region: Deoptimize
[2022-06-16T20:12:11.690+0000][6424][safepoint    ] Leaving safepoint region
[2022-06-16T20:12:11.690+0000][6424][safepoint    ] Total time for which application threads were stopped: 0.0624577 seconds, Stopping threads took: 0.0616682 seconds
[2022-06-16T20:12:11.690+0000][6424][safepoint    ] Application time: 0.0039103 seconds
[2022-06-16T20:12:11.690+0000][6424][safepoint    ] Entering safepoint region: RevokeBias
[2022-06-16T20:12:11.690+0000][6424][safepoint    ] Leaving safepoint region
[2022-06-16T20:12:11.690+0000][6424][safepoint    ] Total time for which application threads were stopped: 0.0002167 seconds, Stopping threads took: 0.0000474 seconds
[2022-06-16T20:12:11.705+0000][6424][safepoint    ] Application time: 0.0014078 seconds
[2022-06-16T20:12:11.705+0000][6424][safepoint    ] Entering safepoint region: RevokeBias
[2022-06-16T20:12:11.705+0000][6424][safepoint    ] Leaving safepoint region
[2022-06-16T20:12:11.705+0000][6424][safepoint    ] Total time for which application threads were stopped: 0.0001475 seconds, Stopping threads took: 0.0000599 seconds
[2022-06-16T20:12:11.705+0000][6424][safepoint    ] Application time: 0.0092441 seconds
[2022-06-16T20:12:11.705+0000][6424][safepoint    ] Entering safepoint region: RevokeBias
[2022-06-16T20:12:11.705+0000][6424][safepoint    ] Leaving safepoint region
[2022-06-16T20:12:11.705+0000][6424][safepoint    ] Total time for which application threads were stopped: 0.0003785 seconds, Stopping threads took: 0.0002741 seconds
[2022-06-16T20:12:11.721+0000][6424][safepoint    ] Application time: 0.0051154 seconds
[2022-06-16T20:12:11.721+0000][6424][safepoint    ] Entering safepoint region: RevokeBias
[2022-06-16T20:12:11.721+0000][6424][safepoint    ] Leaving safepoint region
[2022-06-16T20:12:11.721+0000][6424][safepoint    ] Total time for which application threads were stopped: 0.0039499 seconds, Stopping threads took: 0.0038630 seconds
[2022-06-16T20:12:11.736+0000][6424][safepoint    ] Application time: 0.0145900 seconds
[2022-06-16T20:12:11.736+0000][6424][safepoint    ] Entering safepoint region: RevokeBias
[2022-06-16T20:12:11.736+0000][6424][safepoint    ] Leaving safepoint region
[2022-06-16T20:12:11.736+0000][6424][safepoint    ] Total time for which application threads were stopped: 0.0021106 seconds, Stopping threads took: 0.0020116 seconds
[2022-06-16T20:12:11.736+0000][6424][safepoint    ] Application time: 0.0024830 seconds
[2022-06-16T20:12:11.736+0000][6424][safepoint    ] Entering safepoint region: RevokeBias
[2022-06-16T20:12:11.736+0000][6424][safepoint    ] Leaving safepoint region
[2022-06-16T20:12:11.736+0000][6424][safepoint    ] Total time for which application threads were stopped: 0.0011731 seconds, Stopping threads took: 0.0010774 seconds
[2022-06-16T20:12:11.736+0000][6424][safepoint    ] Application time: 0.0000402 seconds
[2022-06-16T20:12:11.736+0000][6424][safepoint    ] Entering safepoint region: RevokeBias
[2022-06-16T20:12:11.736+0000][6424][safepoint    ] Leaving safepoint region
[2022-06-16T20:12:11.736+0000][6424][safepoint    ] Total time for which application threads were stopped: 0.0000826 seconds, Stopping threads took: 0.0000198 seconds
[2022-06-16T20:12:11.736+0000][6424][safepoint    ] Application time: 0.0000260 seconds
[2022-06-16T20:12:11.736+0000][6424][safepoint    ] Entering safepoint region: RevokeBias
[2022-06-16T20:12:11.736+0000][6424][safepoint    ] Leaving safepoint region
[2022-06-16T20:12:11.736+0000][6424][safepoint    ] Total time for which application threads were stopped: 0.0055338 seconds, Stopping threads took: 0.0054499 seconds
[2022-06-16T20:12:11.736+0000][6424][safepoint    ] Application time: 0.0004405 seconds
[2022-06-16T20:12:11.736+0000][6424][safepoint    ] Entering safepoint region: RevokeBias
[2022-06-16T20:12:11.736+0000][6424][safepoint    ] Leaving safepoint region
[2022-06-16T20:12:11.736+0000][6424][safepoint    ] Total time for which application threads were stopped: 0.0000950 seconds, Stopping threads took: 0.0000215 seconds
[2022-06-16T20:12:11.752+0000][6424][safepoint    ] Application time: 0.0144951 seconds
[2022-06-16T20:12:11.752+0000][6424][safepoint    ] Entering safepoint region: RevokeBias
[2022-06-16T20:12:11.752+0000][6424][safepoint    ] Leaving safepoint region
[2022-06-16T20:12:11.752+0000][6424][safepoint    ] Total time for which application threads were stopped: 0.0001123 seconds, Stopping threads took: 0.0000276 seconds
[2022-06-16T20:12:11.752+0000][6424][safepoint    ] Application time: 0.0000181 seconds
[2022-06-16T20:12:11.752+0000][6424][safepoint    ] Entering safepoint region: RevokeBias
[2022-06-16T20:12:11.752+0000][6424][safepoint    ] Leaving safepoint region
[2022-06-16T20:12:11.752+0000][6424][safepoint    ] Total time for which application threads were stopped: 0.0000780 seconds, Stopping threads took: 0.0000196 seconds
[2022-06-16T20:12:11.815+0000][6424][safepoint    ] Application time: 0.0529872 seconds
[2022-06-16T20:12:11.846+0000][6424][safepoint    ] Entering safepoint region: RevokeBias
[2022-06-16T20:12:11.846+0000][6424][safepoint    ] Leaving safepoint region
[2022-06-16T20:12:11.846+0000][6424][safepoint    ] Total time for which application threads were stopped: 0.0356147 seconds, Stopping threads took: 0.0354797 seconds
[2022-06-16T20:12:11.846+0000][6424][safepoint    ] Application time: 0.0040191 seconds
[2022-06-16T20:12:11.846+0000][6424][safepoint    ] Entering safepoint region: RevokeBias
[2022-06-16T20:12:11.846+0000][6424][safepoint    ] Leaving safepoint region
[2022-06-16T20:12:11.846+0000][6424][safepoint    ] Total time for which application threads were stopped: 0.0001306 seconds, Stopping threads took: 0.0000244 seconds
[2022-06-16T20:12:11.861+0000][6424][safepoint    ] Application time: 0.0029069 seconds
[2022-06-16T20:12:11.861+0000][6424][safepoint    ] Entering safepoint region: RevokeBias
[2022-06-16T20:12:11.861+0000][6424][safepoint    ] Leaving safepoint region
[2022-06-16T20:12:11.861+0000][6424][safepoint    ] Total time for which application threads were stopped: 0.0001255 seconds, Stopping threads took: 0.0000241 seconds
[2022-06-16T20:12:11.861+0000][6424][safepoint    ] Application time: 0.0053232 seconds
[2022-06-16T20:12:11.861+0000][6424][safepoint    ] Entering safepoint region: RevokeBias
[2022-06-16T20:12:11.861+0000][6424][safepoint    ] Leaving safepoint region
[2022-06-16T20:12:11.861+0000][6424][safepoint    ] Total time for which application threads were stopped: 0.0001526 seconds, Stopping threads took: 0.0000470 seconds
[2022-06-16T20:12:11.893+0000][6424][safepoint    ] Application time: 0.0308105 seconds
[2022-06-16T20:12:11.908+0000][6424][safepoint    ] Entering safepoint region: RevokeBias
[2022-06-16T20:12:11.908+0000][6424][safepoint    ] Leaving safepoint region
[2022-06-16T20:12:11.908+0000][6424][safepoint    ] Total time for which application threads were stopped: 0.0104042 seconds, Stopping threads took: 0.0102611 seconds
[2022-06-16T20:12:11.908+0000][6424][safepoint    ] Application time: 0.0026476 seconds
[2022-06-16T20:12:11.908+0000][6424][safepoint    ] Entering safepoint region: RevokeBias
[2022-06-16T20:12:11.908+0000][6424][safepoint    ] Leaving safepoint region
[2022-06-16T20:12:11.908+0000][6424][safepoint    ] Total time for which application threads were stopped: 0.0004924 seconds, Stopping threads took: 0.0003739 seconds
[2022-06-16T20:12:11.908+0000][6424][safepoint    ] Application time: 0.0002801 seconds
[2022-06-16T20:12:11.908+0000][6424][safepoint    ] Entering safepoint region: RevokeBias
[2022-06-16T20:12:11.908+0000][6424][safepoint    ] Leaving safepoint region
[2022-06-16T20:12:11.908+0000][6424][safepoint    ] Total time for which application threads were stopped: 0.0001767 seconds, Stopping threads took: 0.0000689 seconds
[2022-06-16T20:12:11.924+0000][6424][safepoint    ] Application time: 0.0160344 seconds
[2022-06-16T20:12:11.924+0000][6424][safepoint    ] Entering safepoint region: RevokeBias
[2022-06-16T20:12:11.924+0000][6424][safepoint    ] Leaving safepoint region
[2022-06-16T20:12:11.924+0000][6424][safepoint    ] Total time for which application threads were stopped: 0.0001966 seconds, Stopping threads took: 0.0001067 seconds
[2022-06-16T20:12:11.924+0000][6424][safepoint    ] Application time: 0.0071021 seconds
[2022-06-16T20:12:11.924+0000][6424][safepoint    ] Entering safepoint region: RevokeBias
[2022-06-16T20:12:11.924+0000][6424][safepoint    ] Leaving safepoint region
[2022-06-16T20:12:11.924+0000][6424][safepoint    ] Total time for which application threads were stopped: 0.0001761 seconds, Stopping threads took: 0.0000834 seconds
[2022-06-16T20:12:11.940+0000][6424][safepoint    ] Application time: 0.0111050 seconds
[2022-06-16T20:12:11.940+0000][6424][safepoint    ] Entering safepoint region: RevokeBias
[2022-06-16T20:12:11.940+0000][6424][gc,start     ] GC(27) Pause Young (Allocation Failure)
[2022-06-16T20:12:11.940+0000][6424][gc,task      ] GC(27) Using 2 workers of 2 for evacuation
[2022-06-16T20:12:11.971+0000][6424][gc,age       ] GC(27) Desired survivor size 8716288 bytes, new threshold 2 (max threshold 6)
[2022-06-16T20:12:11.971+0000][6424][gc,age       ] GC(27) Age table with threshold 2 (max threshold 6)
[2022-06-16T20:12:11.971+0000][6424][gc,age       ] GC(27) - age   1:    5302552 bytes,    5302552 total
[2022-06-16T20:12:11.971+0000][6424][gc,age       ] GC(27) - age   2:    3501280 bytes,    8803832 total
[2022-06-16T20:12:11.971+0000][6424][gc,age       ] GC(27) - age   3:    2643864 bytes,   11447696 total
[2022-06-16T20:12:11.971+0000][6424][gc,age       ] GC(27) - age   4:    1974488 bytes,   13422184 total
[2022-06-16T20:12:11.971+0000][6424][gc,heap      ] GC(27) ParNew: 148572K->16633K(153344K)
[2022-06-16T20:12:11.971+0000][6424][gc,heap      ] GC(27) CMS: 52146K->52146K(878208K)
[2022-06-16T20:12:11.971+0000][6424][gc,metaspace ] GC(27) Metaspace: 93450K->93450K(1136640K)
[2022-06-16T20:12:11.971+0000][6424][gc           ] GC(27) Pause Young (Allocation Failure) 196M->67M(1007M) 30.708ms
[2022-06-16T20:12:11.971+0000][6424][gc,cpu       ] GC(27) User=0.06s Sys=0.00s Real=0.03s
[2022-06-16T20:12:11.971+0000][6424][safepoint    ] Leaving safepoint region
[2022-06-16T20:12:11.971+0000][6424][safepoint    ] Total time for which application threads were stopped: 0.0309289 seconds, Stopping threads took: 0.0000242 seconds
[2022-06-16T20:12:11.986+0000][6424][safepoint    ] Application time: 0.0161285 seconds
[2022-06-16T20:12:11.986+0000][6424][safepoint    ] Entering safepoint region: RevokeBias
[2022-06-16T20:12:11.986+0000][6424][safepoint    ] Leaving safepoint region
[2022-06-16T20:12:11.986+0000][6424][safepoint    ] Total time for which application threads were stopped: 0.0029580 seconds, Stopping threads took: 0.0028404 seconds
[2022-06-16T20:12:11.986+0000][6424][safepoint    ] Application time: 0.0041412 seconds
[2022-06-16T20:12:12.002+0000][6424][safepoint    ] Entering safepoint region: RevokeBias
[2022-06-16T20:12:12.002+0000][6424][safepoint    ] Leaving safepoint region
[2022-06-16T20:12:12.002+0000][6424][safepoint    ] Total time for which application threads were stopped: 0.0001488 seconds, Stopping threads took: 0.0000330 seconds
[2022-06-16T20:12:12.002+0000][6424][safepoint    ] Application time: 0.0006655 seconds
[2022-06-16T20:12:12.002+0000][6424][safepoint    ] Entering safepoint region: RevokeBias
[2022-06-16T20:12:12.002+0000][6424][safepoint    ] Leaving safepoint region
[2022-06-16T20:12:12.002+0000][6424][safepoint    ] Total time for which application threads were stopped: 0.0001161 seconds, Stopping threads took: 0.0000245 seconds
[2022-06-16T20:12:12.002+0000][6424][safepoint    ] Application time: 0.0002124 seconds
[2022-06-16T20:12:12.002+0000][6424][safepoint    ] Entering safepoint region: RevokeBias
[2022-06-16T20:12:12.002+0000][6424][safepoint    ] Leaving safepoint region
[2022-06-16T20:12:12.002+0000][6424][safepoint    ] Total time for which application threads were stopped: 0.0001271 seconds, Stopping threads took: 0.0000229 seconds
[2022-06-16T20:12:12.002+0000][6424][safepoint    ] Application time: 0.0003866 seconds
[2022-06-16T20:12:12.002+0000][6424][safepoint    ] Entering safepoint region: RevokeBias
[2022-06-16T20:12:12.002+0000][6424][safepoint    ] Leaving safepoint region
[2022-06-16T20:12:12.002+0000][6424][safepoint    ] Total time for which application threads were stopped: 0.0001317 seconds, Stopping threads took: 0.0000530 seconds
[2022-06-16T20:12:12.002+0000][6424][safepoint    ] Application time: 0.0000341 seconds
[2022-06-16T20:12:12.002+0000][6424][safepoint    ] Entering safepoint region: RevokeBias
[2022-06-16T20:12:12.002+0000][6424][safepoint    ] Leaving safepoint region
[2022-06-16T20:12:12.002+0000][6424][safepoint    ] Total time for which application threads were stopped: 0.0001226 seconds, Stopping threads took: 0.0000356 seconds
[2022-06-16T20:12:12.002+0000][6424][safepoint    ] Application time: 0.0007223 seconds
[2022-06-16T20:12:12.002+0000][6424][safepoint    ] Entering safepoint region: RevokeBias
[2022-06-16T20:12:12.002+0000][6424][safepoint    ] Leaving safepoint region
[2022-06-16T20:12:12.002+0000][6424][safepoint    ] Total time for which application threads were stopped: 0.0001142 seconds, Stopping threads took: 0.0000240 seconds
[2022-06-16T20:12:12.002+0000][6424][safepoint    ] Application time: 0.0003031 seconds
[2022-06-16T20:12:12.002+0000][6424][safepoint    ] Entering safepoint region: RevokeBias
[2022-06-16T20:12:12.002+0000][6424][safepoint    ] Leaving safepoint region
[2022-06-16T20:12:12.002+0000][6424][safepoint    ] Total time for which application threads were stopped: 0.0001107 seconds, Stopping threads took: 0.0000234 seconds
[2022-06-16T20:12:12.002+0000][6424][safepoint    ] Application time: 0.0030718 seconds
[2022-06-16T20:12:12.002+0000][6424][safepoint    ] Entering safepoint region: RevokeBias
[2022-06-16T20:12:12.002+0000][6424][safepoint    ] Leaving safepoint region
[2022-06-16T20:12:12.002+0000][6424][safepoint    ] Total time for which application threads were stopped: 0.0001310 seconds, Stopping threads took: 0.0000245 seconds
[2022-06-16T20:12:12.002+0000][6424][safepoint    ] Application time: 0.0007637 seconds
[2022-06-16T20:12:12.002+0000][6424][safepoint    ] Entering safepoint region: RevokeBias
[2022-06-16T20:12:12.002+0000][6424][safepoint    ] Leaving safepoint region
[2022-06-16T20:12:12.002+0000][6424][safepoint    ] Total time for which application threads were stopped: 0.0000977 seconds, Stopping threads took: 0.0000244 seconds
[2022-06-16T20:12:12.018+0000][6424][safepoint    ] Application time: 0.0083798 seconds
[2022-06-16T20:12:12.018+0000][6424][safepoint    ] Entering safepoint region: RevokeBias
[2022-06-16T20:12:12.018+0000][6424][safepoint    ] Leaving safepoint region
[2022-06-16T20:12:12.018+0000][6424][safepoint    ] Total time for which application threads were stopped: 0.0001023 seconds, Stopping threads took: 0.0000238 seconds
[2022-06-16T20:12:12.018+0000][6424][safepoint    ] Application time: 0.0000204 seconds
[2022-06-16T20:12:12.018+0000][6424][safepoint    ] Entering safepoint region: RevokeBias
[2022-06-16T20:12:12.018+0000][6424][safepoint    ] Leaving safepoint region
[2022-06-16T20:12:12.018+0000][6424][safepoint    ] Total time for which application threads were stopped: 0.0000828 seconds, Stopping threads took: 0.0000193 seconds
[2022-06-16T20:12:12.080+0000][6424][safepoint    ] Application time: 0.0640966 seconds
[2022-06-16T20:12:12.080+0000][6424][safepoint    ] Entering safepoint region: Deoptimize
[2022-06-16T20:12:12.080+0000][6424][safepoint    ] Leaving safepoint region
[2022-06-16T20:12:12.080+0000][6424][safepoint    ] Total time for which application threads were stopped: 0.0008489 seconds, Stopping threads took: 0.0000302 seconds
[2022-06-16T20:12:12.221+0000][6424][safepoint    ] Application time: 0.1432114 seconds
[2022-06-16T20:12:12.283+0000][6424][safepoint    ] Entering safepoint region: RevokeBias
[2022-06-16T20:12:12.283+0000][6424][safepoint    ] Leaving safepoint region
[2022-06-16T20:12:12.283+0000][6424][safepoint    ] Total time for which application threads were stopped: 0.0604154 seconds, Stopping threads took: 0.0602266 seconds
[2022-06-16T20:12:12.299+0000][6424][safepoint    ] Application time: 0.0221852 seconds
[2022-06-16T20:12:12.299+0000][6424][safepoint    ] Entering safepoint region: RevokeBias
[2022-06-16T20:12:12.299+0000][6424][safepoint    ] Leaving safepoint region
[2022-06-16T20:12:12.299+0000][6424][safepoint    ] Total time for which application threads were stopped: 0.0047427 seconds, Stopping threads took: 0.0046093 seconds
[2022-06-16T20:12:12.315+0000][6424][safepoint    ] Application time: 0.0038127 seconds
[2022-06-16T20:12:12.315+0000][6424][safepoint    ] Entering safepoint region: RevokeBias
[2022-06-16T20:12:12.315+0000][6424][safepoint    ] Leaving safepoint region
[2022-06-16T20:12:12.315+0000][6424][safepoint    ] Total time for which application threads were stopped: 0.0001191 seconds, Stopping threads took: 0.0000242 seconds
[2022-06-16T20:12:12.315+0000][6424][safepoint    ] Application time: 0.0000259 seconds
[2022-06-16T20:12:12.315+0000][6424][safepoint    ] Entering safepoint region: RevokeBias
[2022-06-16T20:12:12.315+0000][6424][safepoint    ] Leaving safepoint region
[2022-06-16T20:12:12.315+0000][6424][safepoint    ] Total time for which application threads were stopped: 0.0000914 seconds, Stopping threads took: 0.0000196 seconds
[2022-06-16T20:12:12.315+0000][6424][safepoint    ] Application time: 0.0057376 seconds
[2022-06-16T20:12:12.315+0000][6424][safepoint    ] Entering safepoint region: RevokeBias
[2022-06-16T20:12:12.315+0000][6424][safepoint    ] Leaving safepoint region
[2022-06-16T20:12:12.315+0000][6424][safepoint    ] Total time for which application threads were stopped: 0.0008175 seconds, Stopping threads took: 0.0007062 seconds
[2022-06-16T20:12:12.315+0000][6424][safepoint    ] Application time: 0.0000410 seconds
[2022-06-16T20:12:12.315+0000][6424][safepoint    ] Entering safepoint region: RevokeBias
[2022-06-16T20:12:12.315+0000][6424][safepoint    ] Leaving safepoint region
[2022-06-16T20:12:12.315+0000][6424][safepoint    ] Total time for which application threads were stopped: 0.0001161 seconds, Stopping threads took: 0.0000316 seconds
[2022-06-16T20:12:12.315+0000][6424][safepoint    ] Application time: 0.0000228 seconds
[2022-06-16T20:12:12.315+0000][6424][safepoint    ] Entering safepoint region: RevokeBias
[2022-06-16T20:12:12.315+0000][6424][safepoint    ] Leaving safepoint region
[2022-06-16T20:12:12.315+0000][6424][safepoint    ] Total time for which application threads were stopped: 0.0001560 seconds, Stopping threads took: 0.0000347 seconds
[2022-06-16T20:12:12.315+0000][6424][safepoint    ] Application time: 0.0003423 seconds
[2022-06-16T20:12:12.315+0000][6424][safepoint    ] Entering safepoint region: RevokeBias
[2022-06-16T20:12:12.315+0000][6424][safepoint    ] Leaving safepoint region
[2022-06-16T20:12:12.315+0000][6424][safepoint    ] Total time for which application threads were stopped: 0.0001113 seconds, Stopping threads took: 0.0000361 seconds
[2022-06-16T20:12:12.330+0000][6424][safepoint    ] Application time: 0.0063633 seconds
[2022-06-16T20:12:12.330+0000][6424][safepoint    ] Entering safepoint region: RevokeBias
[2022-06-16T20:12:12.330+0000][6424][safepoint    ] Leaving safepoint region
[2022-06-16T20:12:12.330+0000][6424][safepoint    ] Total time for which application threads were stopped: 0.0005361 seconds, Stopping threads took: 0.0004656 seconds
[2022-06-16T20:12:12.330+0000][6424][safepoint    ] Application time: 0.0000248 seconds
[2022-06-16T20:12:12.330+0000][6424][safepoint    ] Entering safepoint region: RevokeBias
[2022-06-16T20:12:12.330+0000][6424][safepoint    ] Leaving safepoint region
[2022-06-16T20:12:12.330+0000][6424][safepoint    ] Total time for which application threads were stopped: 0.0001052 seconds, Stopping threads took: 0.0000553 seconds
[2022-06-16T20:12:12.330+0000][6424][safepoint    ] Application time: 0.0000159 seconds
[2022-06-16T20:12:12.330+0000][6424][safepoint    ] Entering safepoint region: RevokeBias
[2022-06-16T20:12:12.330+0000][6424][safepoint    ] Leaving safepoint region
[2022-06-16T20:12:12.330+0000][6424][safepoint    ] Total time for which application threads were stopped: 0.0000982 seconds, Stopping threads took: 0.0000465 seconds
[2022-06-16T20:12:12.330+0000][6424][safepoint    ] Application time: 0.0004499 seconds
[2022-06-16T20:12:12.330+0000][6424][safepoint    ] Entering safepoint region: BulkRevokeBias
[2022-06-16T20:12:12.330+0000][6424][safepoint    ] Leaving safepoint region
[2022-06-16T20:12:12.330+0000][6424][safepoint    ] Total time for which application threads were stopped: 0.0003749 seconds, Stopping threads took: 0.0000219 seconds
[2022-06-16T20:12:12.330+0000][6424][safepoint    ] Application time: 0.0000276 seconds
[2022-06-16T20:12:12.330+0000][6424][safepoint    ] Entering safepoint region: RevokeBias
[2022-06-16T20:12:12.330+0000][6424][safepoint    ] Leaving safepoint region
[2022-06-16T20:12:12.330+0000][6424][safepoint    ] Total time for which application threads were stopped: 0.0000686 seconds, Stopping threads took: 0.0000185 seconds
[2022-06-16T20:12:12.361+0000][6424][safepoint    ] Application time: 0.0412427 seconds
[2022-06-16T20:12:12.377+0000][6424][safepoint    ] Entering safepoint region: RevokeBias
[2022-06-16T20:12:12.377+0000][6424][safepoint    ] Leaving safepoint region
[2022-06-16T20:12:12.377+0000][6424][safepoint    ] Total time for which application threads were stopped: 0.0094791 seconds, Stopping threads took: 0.0093713 seconds
[2022-06-16T20:12:12.377+0000][6424][safepoint    ] Application time: 0.0001753 seconds
[2022-06-16T20:12:12.377+0000][6424][safepoint    ] Entering safepoint region: RevokeBias
[2022-06-16T20:12:12.377+0000][6424][safepoint    ] Leaving safepoint region
[2022-06-16T20:12:12.377+0000][6424][safepoint    ] Total time for which application threads were stopped: 0.0002653 seconds, Stopping threads took: 0.0001886 seconds
[2022-06-16T20:12:12.377+0000][6424][safepoint    ] Application time: 0.0003457 seconds
[2022-06-16T20:12:12.377+0000][6424][safepoint    ] Entering safepoint region: RevokeBias
[2022-06-16T20:12:12.377+0000][6424][safepoint    ] Leaving safepoint region
[2022-06-16T20:12:12.377+0000][6424][safepoint    ] Total time for which application threads were stopped: 0.0011318 seconds, Stopping threads took: 0.0010580 seconds
[2022-06-16T20:12:12.377+0000][6424][safepoint    ] Application time: 0.0000247 seconds
[2022-06-16T20:12:12.377+0000][6424][safepoint    ] Entering safepoint region: RevokeBias
[2022-06-16T20:12:12.377+0000][6424][safepoint    ] Leaving safepoint region
[2022-06-16T20:12:12.377+0000][6424][safepoint    ] Total time for which application threads were stopped: 0.0001949 seconds, Stopping threads took: 0.0001428 seconds
[2022-06-16T20:12:12.377+0000][6424][safepoint    ] Application time: 0.0000152 seconds
[2022-06-16T20:12:12.377+0000][6424][safepoint    ] Entering safepoint region: RevokeBias
[2022-06-16T20:12:12.377+0000][6424][safepoint    ] Leaving safepoint region
[2022-06-16T20:12:12.377+0000][6424][safepoint    ] Total time for which application threads were stopped: 0.0000617 seconds, Stopping threads took: 0.0000182 seconds
[2022-06-16T20:12:12.377+0000][6424][safepoint    ] Application time: 0.0000149 seconds
[2022-06-16T20:12:12.377+0000][6424][safepoint    ] Entering safepoint region: RevokeBias
[2022-06-16T20:12:12.377+0000][6424][safepoint    ] Leaving safepoint region
[2022-06-16T20:12:12.377+0000][6424][safepoint    ] Total time for which application threads were stopped: 0.0000779 seconds, Stopping threads took: 0.0000312 seconds
[2022-06-16T20:12:12.377+0000][6424][safepoint    ] Application time: 0.0000133 seconds
[2022-06-16T20:12:12.377+0000][6424][safepoint    ] Entering safepoint region: RevokeBias
[2022-06-16T20:12:12.377+0000][6424][safepoint    ] Leaving safepoint region
[2022-06-16T20:12:12.377+0000][6424][safepoint    ] Total time for which application threads were stopped: 0.0001190 seconds, Stopping threads took: 0.0000721 seconds
[2022-06-16T20:12:12.377+0000][6424][safepoint    ] Application time: 0.0000511 seconds
[2022-06-16T20:12:12.377+0000][6424][safepoint    ] Entering safepoint region: RevokeBias
[2022-06-16T20:12:12.377+0000][6424][safepoint    ] Leaving safepoint region
[2022-06-16T20:12:12.377+0000][6424][safepoint    ] Total time for which application threads were stopped: 0.0000686 seconds, Stopping threads took: 0.0000208 seconds
[2022-06-16T20:12:12.424+0000][6424][safepoint    ] Application time: 0.0390537 seconds
[2022-06-16T20:12:12.424+0000][6424][safepoint    ] Entering safepoint region: RevokeBias
[2022-06-16T20:12:12.424+0000][6424][safepoint    ] Leaving safepoint region
[2022-06-16T20:12:12.424+0000][6424][safepoint    ] Total time for which application threads were stopped: 0.0001188 seconds, Stopping threads took: 0.0000319 seconds
[2022-06-16T20:12:12.830+0000][6424][safepoint    ] Application time: 0.4184429 seconds
[2022-06-16T20:12:12.846+0000][6424][safepoint    ] Entering safepoint region: RevokeBias
[2022-06-16T20:12:12.846+0000][6424][safepoint    ] Leaving safepoint region
[2022-06-16T20:12:12.846+0000][6424][safepoint    ] Total time for which application threads were stopped: 0.0006273 seconds, Stopping threads took: 0.0005285 seconds
[2022-06-16T20:12:12.846+0000][6424][safepoint    ] Application time: 0.0000424 seconds
[2022-06-16T20:12:12.846+0000][6424][safepoint    ] Entering safepoint region: RevokeBias
[2022-06-16T20:12:12.846+0000][6424][safepoint    ] Leaving safepoint region
[2022-06-16T20:12:12.846+0000][6424][safepoint    ] Total time for which application threads were stopped: 0.0000884 seconds, Stopping threads took: 0.0000330 seconds
[2022-06-16T20:12:12.846+0000][6424][safepoint    ] Application time: 0.0009251 seconds
[2022-06-16T20:12:12.846+0000][6424][safepoint    ] Entering safepoint region: RevokeBias
[2022-06-16T20:12:12.846+0000][6424][safepoint    ] Leaving safepoint region
[2022-06-16T20:12:12.846+0000][6424][safepoint    ] Total time for which application threads were stopped: 0.0000992 seconds, Stopping threads took: 0.0000267 seconds
[2022-06-16T20:12:13.002+0000][6424][safepoint    ] Application time: 0.1548113 seconds
[2022-06-16T20:12:13.002+0000][6424][safepoint    ] Entering safepoint region: RevokeBias
[2022-06-16T20:12:13.002+0000][6424][safepoint    ] Leaving safepoint region
[2022-06-16T20:12:13.002+0000][6424][safepoint    ] Total time for which application threads were stopped: 0.0001413 seconds, Stopping threads took: 0.0000313 seconds
[2022-06-16T20:12:13.002+0000][6424][safepoint    ] Application time: 0.0000195 seconds
[2022-06-16T20:12:13.002+0000][6424][safepoint    ] Entering safepoint region: RevokeBias
[2022-06-16T20:12:13.002+0000][6424][safepoint    ] Leaving safepoint region
[2022-06-16T20:12:13.002+0000][6424][safepoint    ] Total time for which application threads were stopped: 0.0000708 seconds, Stopping threads took: 0.0000219 seconds
[2022-06-16T20:12:13.033+0000][6424][safepoint    ] Application time: 0.0356749 seconds
[2022-06-16T20:12:13.033+0000][6424][safepoint    ] Entering safepoint region: BulkRevokeBias
[2022-06-16T20:12:13.033+0000][6424][safepoint    ] Leaving safepoint region
[2022-06-16T20:12:13.033+0000][6424][safepoint    ] Total time for which application threads were stopped: 0.0005036 seconds, Stopping threads took: 0.0000306 seconds
[2022-06-16T20:12:13.096+0000][6424][safepoint    ] Application time: 0.0603445 seconds
[2022-06-16T20:12:13.096+0000][6424][safepoint    ] Entering safepoint region: RevokeBias
[2022-06-16T20:12:13.096+0000][6424][safepoint    ] Leaving safepoint region
[2022-06-16T20:12:13.096+0000][6424][safepoint    ] Total time for which application threads were stopped: 0.0001222 seconds, Stopping threads took: 0.0000306 seconds
[2022-06-16T20:12:13.127+0000][6424][safepoint    ] Application time: 0.0314717 seconds
[2022-06-16T20:12:13.127+0000][6424][safepoint    ] Entering safepoint region: RevokeBias
[2022-06-16T20:12:13.127+0000][6424][safepoint    ] Leaving safepoint region
[2022-06-16T20:12:13.127+0000][6424][safepoint    ] Total time for which application threads were stopped: 0.0001339 seconds, Stopping threads took: 0.0000311 seconds
[2022-06-16T20:12:13.127+0000][6424][safepoint    ] Application time: 0.0002802 seconds
[2022-06-16T20:12:13.127+0000][6424][safepoint    ] Entering safepoint region: RevokeBias
[2022-06-16T20:12:13.127+0000][6424][safepoint    ] Leaving safepoint region
[2022-06-16T20:12:13.127+0000][6424][safepoint    ] Total time for which application threads were stopped: 0.0001169 seconds, Stopping threads took: 0.0000330 seconds
[2022-06-16T20:12:13.143+0000][6424][safepoint    ] Application time: 0.0247602 seconds
[2022-06-16T20:12:13.143+0000][6424][safepoint    ] Entering safepoint region: RevokeBias
[2022-06-16T20:12:13.143+0000][6424][safepoint    ] Leaving safepoint region
[2022-06-16T20:12:13.143+0000][6424][safepoint    ] Total time for which application threads were stopped: 0.0001208 seconds, Stopping threads took: 0.0000309 seconds
[2022-06-16T20:12:13.315+0000][6424][safepoint    ] Application time: 0.1681191 seconds
[2022-06-16T20:12:13.315+0000][6424][safepoint    ] Entering safepoint region: RevokeBias
[2022-06-16T20:12:13.315+0000][6424][safepoint    ] Leaving safepoint region
[2022-06-16T20:12:13.315+0000][6424][safepoint    ] Total time for which application threads were stopped: 0.0002506 seconds, Stopping threads took: 0.0000738 seconds
[2022-06-16T20:12:13.315+0000][6424][safepoint    ] Application time: 0.0036515 seconds
[2022-06-16T20:12:13.315+0000][6424][safepoint    ] Entering safepoint region: RevokeBias
[2022-06-16T20:12:13.315+0000][6424][safepoint    ] Leaving safepoint region
[2022-06-16T20:12:13.315+0000][6424][safepoint    ] Total time for which application threads were stopped: 0.0001248 seconds, Stopping threads took: 0.0000282 seconds
[2022-06-16T20:12:13.330+0000][6424][safepoint    ] Application time: 0.0048326 seconds
[2022-06-16T20:12:13.330+0000][6424][safepoint    ] Entering safepoint region: RevokeBias
[2022-06-16T20:12:13.330+0000][6424][safepoint    ] Leaving safepoint region
[2022-06-16T20:12:13.330+0000][6424][safepoint    ] Total time for which application threads were stopped: 0.0001403 seconds, Stopping threads took: 0.0000292 seconds
[2022-06-16T20:12:13.346+0000][6424][safepoint    ] Application time: 0.0129979 seconds
[2022-06-16T20:12:13.346+0000][6424][safepoint    ] Entering safepoint region: RevokeBias
[2022-06-16T20:12:13.346+0000][6424][safepoint    ] Leaving safepoint region
[2022-06-16T20:12:13.346+0000][6424][safepoint    ] Total time for which application threads were stopped: 0.0028854 seconds, Stopping threads took: 0.0027569 seconds
[2022-06-16T20:12:13.377+0000][6424][safepoint    ] Application time: 0.0355801 seconds
[2022-06-16T20:12:13.377+0000][6424][safepoint    ] Entering safepoint region: RevokeBias
[2022-06-16T20:12:13.377+0000][6424][safepoint    ] Leaving safepoint region
[2022-06-16T20:12:13.377+0000][6424][safepoint    ] Total time for which application threads were stopped: 0.0041016 seconds, Stopping threads took: 0.0039910 seconds
[2022-06-16T20:12:13.408+0000][6424][safepoint    ] Application time: 0.0318704 seconds
[2022-06-16T20:12:13.408+0000][6424][safepoint    ] Entering safepoint region: RevokeBias
[2022-06-16T20:12:13.408+0000][6424][safepoint    ] Leaving safepoint region
[2022-06-16T20:12:13.408+0000][6424][safepoint    ] Total time for which application threads were stopped: 0.0001789 seconds, Stopping threads took: 0.0000612 seconds
[2022-06-16T20:12:13.424+0000][6424][safepoint    ] Application time: 0.0114374 seconds
[2022-06-16T20:12:13.424+0000][6424][safepoint    ] Entering safepoint region: RevokeBias
[2022-06-16T20:12:13.424+0000][6424][safepoint    ] Leaving safepoint region
[2022-06-16T20:12:13.424+0000][6424][safepoint    ] Total time for which application threads were stopped: 0.0001453 seconds, Stopping threads took: 0.0000261 seconds
[2022-06-16T20:12:13.471+0000][6424][safepoint    ] Application time: 0.0481120 seconds
[2022-06-16T20:12:13.471+0000][6424][safepoint    ] Entering safepoint region: RevokeBias
[2022-06-16T20:12:13.471+0000][6424][safepoint    ] Leaving safepoint region
[2022-06-16T20:12:13.471+0000][6424][safepoint    ] Total time for which application threads were stopped: 0.0002139 seconds, Stopping threads took: 0.0000815 seconds
[2022-06-16T20:12:13.643+0000][6424][safepoint    ] Application time: 0.1751955 seconds
[2022-06-16T20:12:13.658+0000][6424][safepoint    ] Entering safepoint region: RevokeBias
[2022-06-16T20:12:13.658+0000][6424][safepoint    ] Leaving safepoint region
[2022-06-16T20:12:13.658+0000][6424][safepoint    ] Total time for which application threads were stopped: 0.0044118 seconds, Stopping threads took: 0.0042580 seconds
[2022-06-16T20:12:13.674+0000][6424][safepoint    ] Application time: 0.0261567 seconds
[2022-06-16T20:12:13.690+0000][6424][safepoint    ] Entering safepoint region: RevokeBias
[2022-06-16T20:12:13.690+0000][6424][safepoint    ] Leaving safepoint region
[2022-06-16T20:12:13.690+0000][6424][safepoint    ] Total time for which application threads were stopped: 0.0076906 seconds, Stopping threads took: 0.0075922 seconds
[2022-06-16T20:12:13.721+0000][6424][safepoint    ] Application time: 0.0403578 seconds
[2022-06-16T20:12:13.736+0000][6424][safepoint    ] Entering safepoint region: RevokeBias
[2022-06-16T20:12:13.736+0000][6424][safepoint    ] Leaving safepoint region
[2022-06-16T20:12:13.736+0000][6424][safepoint    ] Total time for which application threads were stopped: 0.0152167 seconds, Stopping threads took: 0.0150977 seconds
[2022-06-16T20:12:13.768+0000][6424][safepoint    ] Application time: 0.0264165 seconds
[2022-06-16T20:12:13.814+0000][6424][safepoint    ] Entering safepoint region: RevokeBias
[2022-06-16T20:12:13.814+0000][6424][safepoint    ] Leaving safepoint region
[2022-06-16T20:12:13.814+0000][6424][safepoint    ] Total time for which application threads were stopped: 0.0420709 seconds, Stopping threads took: 0.0419461 seconds
[2022-06-16T20:12:13.861+0000][6424][safepoint    ] Application time: 0.0528442 seconds
[2022-06-16T20:12:13.877+0000][6424][safepoint    ] Entering safepoint region: RevokeBias
[2022-06-16T20:12:13.877+0000][6424][safepoint    ] Leaving safepoint region
[2022-06-16T20:12:13.877+0000][6424][safepoint    ] Total time for which application threads were stopped: 0.0053553 seconds, Stopping threads took: 0.0052241 seconds
[2022-06-16T20:12:13.893+0000][6424][safepoint    ] Application time: 0.0237752 seconds
[2022-06-16T20:12:13.893+0000][6424][safepoint    ] Entering safepoint region: RevokeBias
[2022-06-16T20:12:13.893+0000][6424][safepoint    ] Leaving safepoint region
[2022-06-16T20:12:13.893+0000][6424][safepoint    ] Total time for which application threads were stopped: 0.0001349 seconds, Stopping threads took: 0.0000347 seconds
[2022-06-16T20:12:13.908+0000][6424][safepoint    ] Application time: 0.0102199 seconds
[2022-06-16T20:12:13.908+0000][6424][safepoint    ] Entering safepoint region: RevokeBias
[2022-06-16T20:12:13.908+0000][6424][safepoint    ] Leaving safepoint region
[2022-06-16T20:12:13.908+0000][6424][safepoint    ] Total time for which application threads were stopped: 0.0001289 seconds, Stopping threads took: 0.0000328 seconds
[2022-06-16T20:12:13.908+0000][6424][safepoint    ] Application time: 0.0048872 seconds
[2022-06-16T20:12:13.908+0000][6424][safepoint    ] Entering safepoint region: RevokeBias
[2022-06-16T20:12:13.908+0000][6424][safepoint    ] Leaving safepoint region
[2022-06-16T20:12:13.908+0000][6424][safepoint    ] Total time for which application threads were stopped: 0.0001104 seconds, Stopping threads took: 0.0000285 seconds
[2022-06-16T20:12:13.924+0000][6424][safepoint    ] Application time: 0.0180443 seconds
[2022-06-16T20:12:13.924+0000][6424][safepoint    ] Entering safepoint region: RevokeBias
[2022-06-16T20:12:13.924+0000][6424][safepoint    ] Leaving safepoint region
[2022-06-16T20:12:13.924+0000][6424][safepoint    ] Total time for which application threads were stopped: 0.0001257 seconds, Stopping threads took: 0.0000341 seconds
[2022-06-16T20:12:14.080+0000][6424][safepoint    ] Application time: 0.1506122 seconds
[2022-06-16T20:12:14.080+0000][6424][safepoint    ] Entering safepoint region: RevokeBias
[2022-06-16T20:12:14.080+0000][6424][safepoint    ] Leaving safepoint region
[2022-06-16T20:12:14.080+0000][6424][safepoint    ] Total time for which application threads were stopped: 0.0002802 seconds, Stopping threads took: 0.0001432 seconds
[2022-06-16T20:12:14.080+0000][6424][safepoint    ] Application time: 0.0000583 seconds
[2022-06-16T20:12:14.080+0000][6424][safepoint    ] Entering safepoint region: RevokeBias
[2022-06-16T20:12:14.080+0000][6424][safepoint    ] Leaving safepoint region
[2022-06-16T20:12:14.080+0000][6424][safepoint    ] Total time for which application threads were stopped: 0.0000900 seconds, Stopping threads took: 0.0000193 seconds
[2022-06-16T20:12:14.080+0000][6424][safepoint    ] Application time: 0.0000316 seconds
[2022-06-16T20:12:14.080+0000][6424][safepoint    ] Entering safepoint region: RevokeBias
[2022-06-16T20:12:14.080+0000][6424][safepoint    ] Leaving safepoint region
[2022-06-16T20:12:14.080+0000][6424][safepoint    ] Total time for which application threads were stopped: 0.0072923 seconds, Stopping threads took: 0.0071964 seconds
[2022-06-16T20:12:14.158+0000][6424][safepoint    ] Application time: 0.0675988 seconds
[2022-06-16T20:12:14.158+0000][6424][safepoint    ] Entering safepoint region: RevokeBias
[2022-06-16T20:12:14.158+0000][6424][safepoint    ] Leaving safepoint region
[2022-06-16T20:12:14.158+0000][6424][safepoint    ] Total time for which application threads were stopped: 0.0013666 seconds, Stopping threads took: 0.0012310 seconds
[2022-06-16T20:12:14.158+0000][6424][safepoint    ] Application time: 0.0097759 seconds
[2022-06-16T20:12:14.158+0000][6424][safepoint    ] Entering safepoint region: RevokeBias
[2022-06-16T20:12:14.158+0000][6424][safepoint    ] Leaving safepoint region
[2022-06-16T20:12:14.158+0000][6424][safepoint    ] Total time for which application threads were stopped: 0.0001515 seconds, Stopping threads took: 0.0000484 seconds
[2022-06-16T20:12:14.158+0000][6424][safepoint    ] Application time: 0.0007614 seconds
[2022-06-16T20:12:14.158+0000][6424][safepoint    ] Entering safepoint region: RevokeBias
[2022-06-16T20:12:14.158+0000][6424][safepoint    ] Leaving safepoint region
[2022-06-16T20:12:14.158+0000][6424][safepoint    ] Total time for which application threads were stopped: 0.0001147 seconds, Stopping threads took: 0.0000356 seconds
[2022-06-16T20:12:14.236+0000][6424][safepoint    ] Application time: 0.0745103 seconds
[2022-06-16T20:12:14.236+0000][6424][safepoint    ] Entering safepoint region: RevokeBias
[2022-06-16T20:12:14.236+0000][6424][safepoint    ] Leaving safepoint region
[2022-06-16T20:12:14.236+0000][6424][safepoint    ] Total time for which application threads were stopped: 0.0001447 seconds, Stopping threads took: 0.0000289 seconds
[2022-06-16T20:12:14.236+0000][6424][safepoint    ] Application time: 0.0012707 seconds
[2022-06-16T20:12:14.236+0000][6424][safepoint    ] Entering safepoint region: RevokeBias
[2022-06-16T20:12:14.236+0000][6424][safepoint    ] Leaving safepoint region
[2022-06-16T20:12:14.236+0000][6424][safepoint    ] Total time for which application threads were stopped: 0.0001067 seconds, Stopping threads took: 0.0000244 seconds
[2022-06-16T20:12:14.236+0000][6424][safepoint    ] Application time: 0.0000432 seconds
[2022-06-16T20:12:14.236+0000][6424][safepoint    ] Entering safepoint region: RevokeBias
[2022-06-16T20:12:14.236+0000][6424][safepoint    ] Leaving safepoint region
[2022-06-16T20:12:14.236+0000][6424][safepoint    ] Total time for which application threads were stopped: 0.0000749 seconds, Stopping threads took: 0.0000188 seconds
[2022-06-16T20:12:14.236+0000][6424][safepoint    ] Application time: 0.0000213 seconds
[2022-06-16T20:12:14.236+0000][6424][safepoint    ] Entering safepoint region: RevokeBias
[2022-06-16T20:12:14.236+0000][6424][safepoint    ] Leaving safepoint region
[2022-06-16T20:12:14.236+0000][6424][safepoint    ] Total time for which application threads were stopped: 0.0000688 seconds, Stopping threads took: 0.0000176 seconds
[2022-06-16T20:12:14.236+0000][6424][safepoint    ] Application time: 0.0000188 seconds
[2022-06-16T20:12:14.236+0000][6424][safepoint    ] Entering safepoint region: RevokeBias
[2022-06-16T20:12:14.236+0000][6424][safepoint    ] Leaving safepoint region
[2022-06-16T20:12:14.236+0000][6424][safepoint    ] Total time for which application threads were stopped: 0.0000655 seconds, Stopping threads took: 0.0000180 seconds
[2022-06-16T20:12:14.236+0000][6424][safepoint    ] Application time: 0.0001714 seconds
[2022-06-16T20:12:14.236+0000][6424][safepoint    ] Entering safepoint region: RevokeBias
[2022-06-16T20:12:14.236+0000][6424][safepoint    ] Leaving safepoint region
[2022-06-16T20:12:14.236+0000][6424][safepoint    ] Total time for which application threads were stopped: 0.0000842 seconds, Stopping threads took: 0.0000193 seconds
[2022-06-16T20:12:14.236+0000][6424][safepoint    ] Application time: 0.0000558 seconds
[2022-06-16T20:12:14.236+0000][6424][safepoint    ] Entering safepoint region: RevokeBias
[2022-06-16T20:12:14.236+0000][6424][safepoint    ] Leaving safepoint region
[2022-06-16T20:12:14.236+0000][6424][safepoint    ] Total time for which application threads were stopped: 0.0000741 seconds, Stopping threads took: 0.0000184 seconds
[2022-06-16T20:12:14.236+0000][6424][safepoint    ] Application time: 0.0000329 seconds
[2022-06-16T20:12:14.236+0000][6424][safepoint    ] Entering safepoint region: RevokeBias
[2022-06-16T20:12:14.236+0000][6424][safepoint    ] Leaving safepoint region
[2022-06-16T20:12:14.236+0000][6424][safepoint    ] Total time for which application threads were stopped: 0.0000725 seconds, Stopping threads took: 0.0000186 seconds
[2022-06-16T20:12:14.236+0000][6424][safepoint    ] Application time: 0.0000186 seconds
[2022-06-16T20:12:14.236+0000][6424][safepoint    ] Entering safepoint region: RevokeBias
[2022-06-16T20:12:14.236+0000][6424][safepoint    ] Leaving safepoint region
[2022-06-16T20:12:14.236+0000][6424][safepoint    ] Total time for which application threads were stopped: 0.0000651 seconds, Stopping threads took: 0.0000168 seconds
[2022-06-16T20:12:14.236+0000][6424][safepoint    ] Application time: 0.0000172 seconds
[2022-06-16T20:12:14.236+0000][6424][safepoint    ] Entering safepoint region: RevokeBias
[2022-06-16T20:12:14.236+0000][6424][safepoint    ] Leaving safepoint region
[2022-06-16T20:12:14.236+0000][6424][safepoint    ] Total time for which application threads were stopped: 0.0000702 seconds, Stopping threads took: 0.0000199 seconds
[2022-06-16T20:12:14.236+0000][6424][safepoint    ] Application time: 0.0000130 seconds
[2022-06-16T20:12:14.236+0000][6424][safepoint    ] Entering safepoint region: RevokeBias
[2022-06-16T20:12:14.236+0000][6424][safepoint    ] Leaving safepoint region
[2022-06-16T20:12:14.236+0000][6424][safepoint    ] Total time for which application threads were stopped: 0.0000721 seconds, Stopping threads took: 0.0000206 seconds
[2022-06-16T20:12:14.236+0000][6424][safepoint    ] Application time: 0.0000119 seconds
[2022-06-16T20:12:14.236+0000][6424][safepoint    ] Entering safepoint region: RevokeBias
[2022-06-16T20:12:14.236+0000][6424][safepoint    ] Leaving safepoint region
[2022-06-16T20:12:14.236+0000][6424][safepoint    ] Total time for which application threads were stopped: 0.0000689 seconds, Stopping threads took: 0.0000207 seconds
[2022-06-16T20:12:14.236+0000][6424][safepoint    ] Application time: 0.0000113 seconds
[2022-06-16T20:12:14.236+0000][6424][safepoint    ] Entering safepoint region: RevokeBias
[2022-06-16T20:12:14.236+0000][6424][safepoint    ] Leaving safepoint region
[2022-06-16T20:12:14.236+0000][6424][safepoint    ] Total time for which application threads were stopped: 0.0000685 seconds, Stopping threads took: 0.0000194 seconds
[2022-06-16T20:12:14.252+0000][6424][safepoint    ] Application time: 0.0005522 seconds
[2022-06-16T20:12:14.252+0000][6424][safepoint    ] Entering safepoint region: RevokeBias
[2022-06-16T20:12:14.252+0000][6424][safepoint    ] Leaving safepoint region
[2022-06-16T20:12:14.252+0000][6424][safepoint    ] Total time for which application threads were stopped: 0.0000896 seconds, Stopping threads took: 0.0000261 seconds
[2022-06-16T20:12:14.252+0000][6424][safepoint    ] Application time: 0.0000453 seconds
[2022-06-16T20:12:14.252+0000][6424][safepoint    ] Entering safepoint region: RevokeBias
[2022-06-16T20:12:14.252+0000][6424][safepoint    ] Leaving safepoint region
[2022-06-16T20:12:14.252+0000][6424][safepoint    ] Total time for which application threads were stopped: 0.0000735 seconds, Stopping threads took: 0.0000210 seconds
[2022-06-16T20:12:14.252+0000][6424][safepoint    ] Application time: 0.0000242 seconds
[2022-06-16T20:12:14.252+0000][6424][safepoint    ] Entering safepoint region: RevokeBias
[2022-06-16T20:12:14.252+0000][6424][safepoint    ] Leaving safepoint region
[2022-06-16T20:12:14.252+0000][6424][safepoint    ] Total time for which application threads were stopped: 0.0000679 seconds, Stopping threads took: 0.0000200 seconds
[2022-06-16T20:12:14.252+0000][6424][safepoint    ] Application time: 0.0000122 seconds
[2022-06-16T20:12:14.252+0000][6424][safepoint    ] Entering safepoint region: RevokeBias
[2022-06-16T20:12:14.252+0000][6424][safepoint    ] Leaving safepoint region
[2022-06-16T20:12:14.252+0000][6424][safepoint    ] Total time for which application threads were stopped: 0.0000680 seconds, Stopping threads took: 0.0000195 seconds
[2022-06-16T20:12:15.268+0000][6424][safepoint    ] Application time: 1.0149503 seconds
[2022-06-16T20:12:15.268+0000][6424][safepoint    ] Entering safepoint region: Cleanup
[2022-06-16T20:12:15.268+0000][6424][safepoint    ] Leaving safepoint region
[2022-06-16T20:12:15.268+0000][6424][safepoint    ] Total time for which application threads were stopped: 0.0001300 seconds, Stopping threads took: 0.0000301 seconds
[2022-06-16T20:12:16.268+0000][6424][safepoint    ] Application time: 0.9997906 seconds
[2022-06-16T20:12:16.268+0000][6424][safepoint    ] Entering safepoint region: Cleanup
[2022-06-16T20:12:16.268+0000][6424][safepoint    ] Leaving safepoint region
[2022-06-16T20:12:16.268+0000][6424][safepoint    ] Total time for which application threads were stopped: 0.0001311 seconds, Stopping threads took: 0.0000323 seconds
[2022-06-16T20:12:19.291+0000][6424][safepoint    ] Application time: 3.0231647 seconds
[2022-06-16T20:12:19.291+0000][6424][safepoint    ] Entering safepoint region: Cleanup
[2022-06-16T20:12:19.291+0000][6424][safepoint    ] Leaving safepoint region
[2022-06-16T20:12:19.291+0000][6424][safepoint    ] Total time for which application threads were stopped: 0.0001335 seconds, Stopping threads took: 0.0000314 seconds
[2022-06-16T20:12:20.301+0000][6424][safepoint    ] Application time: 1.0102284 seconds
[2022-06-16T20:12:20.301+0000][6424][safepoint    ] Entering safepoint region: Cleanup
[2022-06-16T20:12:20.301+0000][6424][safepoint    ] Leaving safepoint region
[2022-06-16T20:12:20.301+0000][6424][safepoint    ] Total time for which application threads were stopped: 0.0001268 seconds, Stopping threads took: 0.0000325 seconds
[2022-06-16T20:12:27.356+0000][6424][safepoint    ] Application time: 7.0548295 seconds
[2022-06-16T20:12:27.356+0000][6424][safepoint    ] Entering safepoint region: Cleanup
[2022-06-16T20:12:27.356+0000][6424][safepoint    ] Leaving safepoint region
[2022-06-16T20:12:27.356+0000][6424][safepoint    ] Total time for which application threads were stopped: 0.0001354 seconds, Stopping threads took: 0.0000318 seconds
[2022-06-16T20:12:30.403+0000][6424][safepoint    ] Application time: 3.0466457 seconds
[2022-06-16T20:12:30.403+0000][6424][safepoint    ] Entering safepoint region: Cleanup
[2022-06-16T20:12:30.403+0000][6424][safepoint    ] Leaving safepoint region
[2022-06-16T20:12:30.403+0000][6424][safepoint    ] Total time for which application threads were stopped: 0.0001368 seconds, Stopping threads took: 0.0000314 seconds
[2022-06-16T20:12:31.403+0000][6424][safepoint    ] Application time: 0.9997765 seconds
[2022-06-16T20:12:31.403+0000][6424][safepoint    ] Entering safepoint region: Cleanup
[2022-06-16T20:12:31.403+0000][6424][safepoint    ] Leaving safepoint region
[2022-06-16T20:12:31.403+0000][6424][safepoint    ] Total time for which application threads were stopped: 0.0001333 seconds, Stopping threads took: 0.0000327 seconds
[2022-06-16T20:12:40.436+0000][6424][safepoint    ] Application time: 9.0323717 seconds
[2022-06-16T20:12:40.436+0000][6424][safepoint    ] Entering safepoint region: Cleanup
[2022-06-16T20:12:40.436+0000][6424][safepoint    ] Leaving safepoint region
[2022-06-16T20:12:40.436+0000][6424][safepoint    ] Total time for which application threads were stopped: 0.0001278 seconds, Stopping threads took: 0.0000292 seconds
[2022-06-16T20:12:41.737+0000][6424][safepoint    ] Application time: 1.3019402 seconds
[2022-06-16T20:12:41.737+0000][6424][safepoint    ] Entering safepoint region: RevokeBias
[2022-06-16T20:12:41.737+0000][6424][safepoint    ] Leaving safepoint region
[2022-06-16T20:12:41.737+0000][6424][safepoint    ] Total time for which application threads were stopped: 0.0001866 seconds, Stopping threads took: 0.0000378 seconds
[2022-06-16T20:12:41.737+0000][6424][safepoint    ] Application time: 0.0092344 seconds
[2022-06-16T20:12:41.737+0000][6424][safepoint    ] Entering safepoint region: RevokeBias
[2022-06-16T20:12:41.737+0000][6424][safepoint    ] Leaving safepoint region
[2022-06-16T20:12:41.737+0000][6424][safepoint    ] Total time for which application threads were stopped: 0.0001448 seconds, Stopping threads took: 0.0000310 seconds
[2022-06-16T20:12:41.737+0000][6424][safepoint    ] Application time: 0.0032283 seconds
[2022-06-16T20:12:41.737+0000][6424][safepoint    ] Entering safepoint region: RevokeBias
[2022-06-16T20:12:41.737+0000][6424][safepoint    ] Leaving safepoint region
[2022-06-16T20:12:41.737+0000][6424][safepoint    ] Total time for which application threads were stopped: 0.0001269 seconds, Stopping threads took: 0.0000288 seconds
[2022-06-16T20:12:41.737+0000][6424][safepoint    ] Application time: 0.0012282 seconds
[2022-06-16T20:12:41.737+0000][6424][safepoint    ] Entering safepoint region: RevokeBias
[2022-06-16T20:12:41.737+0000][6424][safepoint    ] Leaving safepoint region
[2022-06-16T20:12:41.752+0000][6424][safepoint    ] Total time for which application threads were stopped: 0.0001135 seconds, Stopping threads took: 0.0000279 seconds
[2022-06-16T20:12:41.752+0000][6424][safepoint    ] Application time: 0.0011000 seconds
[2022-06-16T20:12:41.752+0000][6424][safepoint    ] Entering safepoint region: RevokeBias
[2022-06-16T20:12:41.752+0000][6424][safepoint    ] Leaving safepoint region
[2022-06-16T20:12:41.752+0000][6424][safepoint    ] Total time for which application threads were stopped: 0.0001041 seconds, Stopping threads took: 0.0000273 seconds
[2022-06-16T20:12:42.768+0000][6424][safepoint    ] Application time: 1.0143578 seconds
[2022-06-16T20:12:42.909+0000][6424][safepoint    ] Entering safepoint region: Cleanup
[2022-06-16T20:12:42.909+0000][6424][safepoint    ] Leaving safepoint region
[2022-06-16T20:12:42.909+0000][6424][safepoint    ] Total time for which application threads were stopped: 0.1416693 seconds, Stopping threads took: 0.1415488 seconds
[2022-06-16T20:12:43.206+0000][6424][safepoint    ] Application time: 0.3073258 seconds
[2022-06-16T20:12:43.206+0000][6424][safepoint    ] Entering safepoint region: RevokeBias
[2022-06-16T20:12:43.206+0000][6424][safepoint    ] Leaving safepoint region
[2022-06-16T20:12:43.206+0000][6424][safepoint    ] Total time for which application threads were stopped: 0.0001480 seconds, Stopping threads took: 0.0000333 seconds
[2022-06-16T20:12:43.206+0000][6424][safepoint    ] Application time: 0.0019699 seconds
[2022-06-16T20:12:43.206+0000][6424][safepoint    ] Entering safepoint region: RevokeBias
[2022-06-16T20:12:43.206+0000][6424][safepoint    ] Leaving safepoint region
[2022-06-16T20:12:43.206+0000][6424][safepoint    ] Total time for which application threads were stopped: 0.0001445 seconds, Stopping threads took: 0.0000447 seconds
[2022-06-16T20:12:43.268+0000][6424][safepoint    ] Application time: 0.0586765 seconds
[2022-06-16T20:12:43.268+0000][6424][safepoint    ] Entering safepoint region: RevokeBias
[2022-06-16T20:12:43.268+0000][6424][safepoint    ] Leaving safepoint region
[2022-06-16T20:12:43.268+0000][6424][safepoint    ] Total time for which application threads were stopped: 0.0001649 seconds, Stopping threads took: 0.0000320 seconds
[2022-06-16T20:12:43.284+0000][6424][safepoint    ] Application time: 0.0069205 seconds
[2022-06-16T20:12:43.440+0000][6424][safepoint    ] Entering safepoint region: RevokeBias
[2022-06-16T20:12:43.440+0000][6424][safepoint    ] Leaving safepoint region
[2022-06-16T20:12:43.440+0000][6424][safepoint    ] Total time for which application threads were stopped: 0.1648349 seconds, Stopping threads took: 0.1647136 seconds
[2022-06-16T20:12:43.440+0000][6424][safepoint    ] Application time: 0.0006467 seconds
[2022-06-16T20:12:43.799+0000][6424][safepoint    ] Entering safepoint region: RevokeBias
[2022-06-16T20:12:43.799+0000][6424][safepoint    ] Leaving safepoint region
[2022-06-16T20:12:43.799+0000][6424][safepoint    ] Total time for which application threads were stopped: 0.3503342 seconds, Stopping threads took: 0.3501985 seconds
[2022-06-16T20:12:43.799+0000][6424][safepoint    ] Application time: 0.0129373 seconds
[2022-06-16T20:12:43.831+0000][6424][safepoint    ] Entering safepoint region: RevokeBias
[2022-06-16T20:12:43.831+0000][6424][safepoint    ] Leaving safepoint region
[2022-06-16T20:12:43.831+0000][6424][safepoint    ] Total time for which application threads were stopped: 0.0314026 seconds, Stopping threads took: 0.0312614 seconds
[2022-06-16T20:12:43.846+0000][6424][safepoint    ] Application time: 0.0008810 seconds
[2022-06-16T20:12:43.846+0000][6424][safepoint    ] Entering safepoint region: RevokeBias
[2022-06-16T20:12:43.846+0000][6424][safepoint    ] Leaving safepoint region
[2022-06-16T20:12:43.846+0000][6424][safepoint    ] Total time for which application threads were stopped: 0.0001257 seconds, Stopping threads took: 0.0000290 seconds
[2022-06-16T20:12:43.846+0000][6424][safepoint    ] Application time: 0.0000289 seconds
[2022-06-16T20:12:43.846+0000][6424][safepoint    ] Entering safepoint region: RevokeBias
[2022-06-16T20:12:43.846+0000][6424][safepoint    ] Leaving safepoint region
[2022-06-16T20:12:43.846+0000][6424][safepoint    ] Total time for which application threads were stopped: 0.0000804 seconds, Stopping threads took: 0.0000203 seconds
[2022-06-16T20:12:55.854+0000][6424][safepoint    ] Application time: 12.0074126 seconds
[2022-06-16T20:12:55.854+0000][6424][safepoint    ] Entering safepoint region: RevokeBias
[2022-06-16T20:12:55.854+0000][6424][safepoint    ] Leaving safepoint region
[2022-06-16T20:12:55.854+0000][6424][safepoint    ] Total time for which application threads were stopped: 0.0001453 seconds, Stopping threads took: 0.0000350 seconds
[2022-06-16T20:12:55.916+0000][6424][safepoint    ] Application time: 0.0683649 seconds
[2022-06-16T20:12:55.916+0000][6424][safepoint    ] Entering safepoint region: Deoptimize
[2022-06-16T20:12:55.916+0000][6424][safepoint    ] Leaving safepoint region
[2022-06-16T20:12:55.916+0000][6424][safepoint    ] Total time for which application threads were stopped: 0.0008309 seconds, Stopping threads took: 0.0000185 seconds
[2022-06-16T20:12:55.963+0000][6424][safepoint    ] Application time: 0.0437327 seconds
[2022-06-16T20:12:55.963+0000][6424][safepoint    ] Entering safepoint region: RevokeBias
[2022-06-16T20:12:55.963+0000][6424][safepoint    ] Leaving safepoint region
[2022-06-16T20:12:55.963+0000][6424][safepoint    ] Total time for which application threads were stopped: 0.0001384 seconds, Stopping threads took: 0.0000282 seconds
[2022-06-16T20:12:56.963+0000][6424][safepoint    ] Application time: 0.9952579 seconds
[2022-06-16T20:12:56.963+0000][6424][safepoint    ] Entering safepoint region: Cleanup
[2022-06-16T20:12:56.963+0000][6424][safepoint    ] Leaving safepoint region
[2022-06-16T20:12:56.963+0000][6424][safepoint    ] Total time for which application threads were stopped: 0.0001393 seconds, Stopping threads took: 0.0000297 seconds
[2022-06-16T20:12:57.973+0000][6424][safepoint    ] Application time: 1.0095013 seconds
[2022-06-16T20:12:57.973+0000][6424][safepoint    ] Entering safepoint region: Cleanup
[2022-06-16T20:12:57.973+0000][6424][safepoint    ] Leaving safepoint region
[2022-06-16T20:12:57.973+0000][6424][safepoint    ] Total time for which application threads were stopped: 0.0001410 seconds, Stopping threads took: 0.0000324 seconds
[2022-06-16T20:12:59.561+0000][6424][safepoint    ] Application time: 1.5914383 seconds
[2022-06-16T20:12:59.561+0000][6424][safepoint    ] Entering safepoint region: RevokeBias
[2022-06-16T20:12:59.561+0000][6424][safepoint    ] Leaving safepoint region
[2022-06-16T20:12:59.561+0000][6424][safepoint    ] Total time for which application threads were stopped: 0.0001356 seconds, Stopping threads took: 0.0000264 seconds
[2022-06-16T20:12:59.561+0000][6424][safepoint    ] Application time: 0.0002754 seconds
[2022-06-16T20:12:59.561+0000][6424][safepoint    ] Entering safepoint region: RevokeBias
[2022-06-16T20:12:59.561+0000][6424][safepoint    ] Leaving safepoint region
[2022-06-16T20:12:59.561+0000][6424][safepoint    ] Total time for which application threads were stopped: 0.0001066 seconds, Stopping threads took: 0.0000230 seconds
[2022-06-16T20:12:59.827+0000][6424][safepoint    ] Application time: 0.2678667 seconds
[2022-06-16T20:12:59.827+0000][6424][safepoint    ] Entering safepoint region: Deoptimize
[2022-06-16T20:12:59.827+0000][6424][safepoint    ] Leaving safepoint region
[2022-06-16T20:12:59.827+0000][6424][safepoint    ] Total time for which application threads were stopped: 0.0010514 seconds, Stopping threads took: 0.0000371 seconds
[2022-06-16T20:12:59.842+0000][6424][safepoint    ] Application time: 0.0229517 seconds
[2022-06-16T20:12:59.842+0000][6424][safepoint    ] Entering safepoint region: RevokeBias
[2022-06-16T20:12:59.842+0000][6424][safepoint    ] Leaving safepoint region
[2022-06-16T20:12:59.842+0000][6424][safepoint    ] Total time for which application threads were stopped: 0.0001385 seconds, Stopping threads took: 0.0000305 seconds
[2022-06-16T20:12:59.842+0000][6424][safepoint    ] Application time: 0.0000181 seconds
[2022-06-16T20:12:59.842+0000][6424][safepoint    ] Entering safepoint region: RevokeBias
[2022-06-16T20:12:59.842+0000][6424][safepoint    ] Leaving safepoint region
[2022-06-16T20:12:59.842+0000][6424][safepoint    ] Total time for which application threads were stopped: 0.0000732 seconds, Stopping threads took: 0.0000204 seconds
[2022-06-16T20:12:59.905+0000][6424][safepoint    ] Application time: 0.0490412 seconds
[2022-06-16T20:12:59.905+0000][6424][safepoint    ] Entering safepoint region: RevokeBias
[2022-06-16T20:12:59.905+0000][6424][safepoint    ] Leaving safepoint region
[2022-06-16T20:12:59.905+0000][6424][safepoint    ] Total time for which application threads were stopped: 0.0001465 seconds, Stopping threads took: 0.0000314 seconds
[2022-06-16T20:12:59.905+0000][6424][safepoint    ] Application time: 0.0011028 seconds
[2022-06-16T20:12:59.905+0000][6424][safepoint    ] Entering safepoint region: RevokeBias
[2022-06-16T20:12:59.905+0000][6424][safepoint    ] Leaving safepoint region
[2022-06-16T20:12:59.905+0000][6424][safepoint    ] Total time for which application threads were stopped: 0.0001199 seconds, Stopping threads took: 0.0000281 seconds
[2022-06-16T20:12:59.905+0000][6424][safepoint    ] Application time: 0.0018151 seconds
[2022-06-16T20:12:59.905+0000][6424][safepoint    ] Entering safepoint region: RevokeBias
[2022-06-16T20:12:59.905+0000][6424][safepoint    ] Leaving safepoint region
[2022-06-16T20:12:59.905+0000][6424][safepoint    ] Total time for which application threads were stopped: 0.0001111 seconds, Stopping threads took: 0.0000266 seconds
[2022-06-16T20:12:59.905+0000][6424][safepoint    ] Application time: 0.0063802 seconds
[2022-06-16T20:12:59.905+0000][6424][safepoint    ] Entering safepoint region: RevokeBias
[2022-06-16T20:12:59.905+0000][6424][safepoint    ] Leaving safepoint region
[2022-06-16T20:12:59.905+0000][6424][safepoint    ] Total time for which application threads were stopped: 0.0001055 seconds, Stopping threads took: 0.0000315 seconds
[2022-06-16T20:12:59.905+0000][6424][safepoint    ] Application time: 0.0000154 seconds
[2022-06-16T20:12:59.905+0000][6424][safepoint    ] Entering safepoint region: RevokeBias
[2022-06-16T20:12:59.905+0000][6424][safepoint    ] Leaving safepoint region
[2022-06-16T20:12:59.905+0000][6424][safepoint    ] Total time for which application threads were stopped: 0.0000828 seconds, Stopping threads took: 0.0000204 seconds
[2022-06-16T20:12:59.905+0000][6424][safepoint    ] Application time: 0.0019199 seconds
[2022-06-16T20:12:59.905+0000][6424][safepoint    ] Entering safepoint region: RevokeBias
[2022-06-16T20:12:59.905+0000][6424][safepoint    ] Leaving safepoint region
[2022-06-16T20:12:59.905+0000][6424][safepoint    ] Total time for which application threads were stopped: 0.0000991 seconds, Stopping threads took: 0.0000251 seconds
[2022-06-16T20:12:59.905+0000][6424][safepoint    ] Application time: 0.0018445 seconds
[2022-06-16T20:12:59.905+0000][6424][safepoint    ] Entering safepoint region: RevokeBias
[2022-06-16T20:12:59.905+0000][6424][safepoint    ] Leaving safepoint region
[2022-06-16T20:12:59.905+0000][6424][safepoint    ] Total time for which application threads were stopped: 0.0001020 seconds, Stopping threads took: 0.0000261 seconds
[2022-06-16T20:13:00.046+0000][6424][safepoint    ] Application time: 0.1396947 seconds
[2022-06-16T20:13:00.046+0000][6424][safepoint    ] Entering safepoint region: RevokeBias
[2022-06-16T20:13:00.046+0000][6424][safepoint    ] Leaving safepoint region
[2022-06-16T20:13:00.046+0000][6424][safepoint    ] Total time for which application threads were stopped: 0.0002164 seconds, Stopping threads took: 0.0000312 seconds
[2022-06-16T20:13:00.061+0000][6424][safepoint    ] Application time: 0.0091915 seconds
[2022-06-16T20:13:00.061+0000][6424][safepoint    ] Entering safepoint region: RevokeBias
[2022-06-16T20:13:00.061+0000][6424][safepoint    ] Leaving safepoint region
[2022-06-16T20:13:00.061+0000][6424][safepoint    ] Total time for which application threads were stopped: 0.0001462 seconds, Stopping threads took: 0.0000316 seconds
[2022-06-16T20:13:00.061+0000][6424][safepoint    ] Application time: 0.0060679 seconds
[2022-06-16T20:13:00.061+0000][6424][safepoint    ] Entering safepoint region: RevokeBias
[2022-06-16T20:13:00.061+0000][6424][safepoint    ] Leaving safepoint region
[2022-06-16T20:13:00.061+0000][6424][safepoint    ] Total time for which application threads were stopped: 0.0001302 seconds, Stopping threads took: 0.0000290 seconds
[2022-06-16T20:13:00.061+0000][6424][safepoint    ] Application time: 0.0001998 seconds
[2022-06-16T20:13:00.061+0000][6424][safepoint    ] Entering safepoint region: RevokeBias
[2022-06-16T20:13:00.061+0000][6424][safepoint    ] Leaving safepoint region
[2022-06-16T20:13:00.061+0000][6424][safepoint    ] Total time for which application threads were stopped: 0.0001079 seconds, Stopping threads took: 0.0000251 seconds
[2022-06-16T20:13:00.077+0000][6424][safepoint    ] Application time: 0.0118414 seconds
[2022-06-16T20:13:00.077+0000][6424][safepoint    ] Entering safepoint region: RevokeBias
[2022-06-16T20:13:00.077+0000][6424][safepoint    ] Leaving safepoint region
[2022-06-16T20:13:00.077+0000][6424][safepoint    ] Total time for which application threads were stopped: 0.0006758 seconds, Stopping threads took: 0.0005270 seconds
[2022-06-16T20:13:00.436+0000][6424][safepoint    ] Application time: 0.3586285 seconds
[2022-06-16T20:13:00.436+0000][6424][safepoint    ] Entering safepoint region: RevokeBias
[2022-06-16T20:13:00.436+0000][6424][safepoint    ] Leaving safepoint region
[2022-06-16T20:13:00.436+0000][6424][safepoint    ] Total time for which application threads were stopped: 0.0001565 seconds, Stopping threads took: 0.0000312 seconds
[2022-06-16T20:13:00.436+0000][6424][safepoint    ] Application time: 0.0030292 seconds
[2022-06-16T20:13:00.436+0000][6424][safepoint    ] Entering safepoint region: RevokeBias
[2022-06-16T20:13:00.436+0000][6424][safepoint    ] Leaving safepoint region
[2022-06-16T20:13:00.436+0000][6424][safepoint    ] Total time for which application threads were stopped: 0.0001297 seconds, Stopping threads took: 0.0000281 seconds
[2022-06-16T20:13:00.499+0000][6424][safepoint    ] Application time: 0.0592949 seconds
[2022-06-16T20:13:00.499+0000][6424][safepoint    ] Entering safepoint region: RevokeBias
[2022-06-16T20:13:00.499+0000][6424][safepoint    ] Leaving safepoint region
[2022-06-16T20:13:00.499+0000][6424][safepoint    ] Total time for which application threads were stopped: 0.0002030 seconds, Stopping threads took: 0.0000328 seconds
[2022-06-16T20:13:01.500+0000][6424][safepoint    ] Application time: 0.9890891 seconds
[2022-06-16T20:13:01.500+0000][6424][safepoint    ] Entering safepoint region: Cleanup
[2022-06-16T20:13:01.500+0000][6424][safepoint    ] Leaving safepoint region
[2022-06-16T20:13:01.500+0000][6424][safepoint    ] Total time for which application threads were stopped: 0.0001170 seconds, Stopping threads took: 0.0000253 seconds
[2022-06-16T20:13:02.501+0000][6424][safepoint    ] Application time: 1.0006546 seconds
[2022-06-16T20:13:02.501+0000][6424][safepoint    ] Entering safepoint region: Cleanup
[2022-06-16T20:13:02.501+0000][6424][safepoint    ] Leaving safepoint region
[2022-06-16T20:13:02.501+0000][6424][safepoint    ] Total time for which application threads were stopped: 0.0001408 seconds, Stopping threads took: 0.0000490 seconds
[2022-06-16T20:13:03.510+0000][6424][safepoint    ] Application time: 1.0079367 seconds
[2022-06-16T20:13:03.510+0000][6424][safepoint    ] Entering safepoint region: Cleanup
[2022-06-16T20:13:03.510+0000][6424][safepoint    ] Leaving safepoint region
[2022-06-16T20:13:03.510+0000][6424][safepoint    ] Total time for which application threads were stopped: 0.0001547 seconds, Stopping threads took: 0.0000413 seconds
[2022-06-16T20:13:04.354+0000][6424][safepoint    ] Application time: 0.8442391 seconds
[2022-06-16T20:13:04.354+0000][6424][safepoint    ] Entering safepoint region: RevokeBias
[2022-06-16T20:13:04.354+0000][6424][safepoint    ] Leaving safepoint region
[2022-06-16T20:13:04.354+0000][6424][safepoint    ] Total time for which application threads were stopped: 0.0001018 seconds, Stopping threads took: 0.0000197 seconds
[2022-06-16T20:13:05.355+0000][6424][safepoint    ] Application time: 1.0008626 seconds
[2022-06-16T20:13:05.355+0000][6424][safepoint    ] Entering safepoint region: Cleanup
[2022-06-16T20:13:05.355+0000][6424][safepoint    ] Leaving safepoint region
[2022-06-16T20:13:05.355+0000][6424][safepoint    ] Total time for which application threads were stopped: 0.0001147 seconds, Stopping threads took: 0.0000266 seconds
[2022-06-16T20:13:10.072+0000][6424][safepoint    ] Application time: 4.7169921 seconds
[2022-06-16T20:13:10.072+0000][6424][safepoint    ] Entering safepoint region: RevokeBias
[2022-06-16T20:13:10.072+0000][6424][safepoint    ] Leaving safepoint region
[2022-06-16T20:13:10.072+0000][6424][safepoint    ] Total time for which application threads were stopped: 0.0001301 seconds, Stopping threads took: 0.0000423 seconds
[2022-06-16T20:13:11.280+0000][6424][safepoint    ] Application time: 1.2073067 seconds
[2022-06-16T20:13:11.280+0000][6424][safepoint    ] Entering safepoint region: RevokeBias
[2022-06-16T20:13:11.280+0000][6424][safepoint    ] Leaving safepoint region
[2022-06-16T20:13:11.280+0000][6424][safepoint    ] Total time for which application threads were stopped: 0.0001582 seconds, Stopping threads took: 0.0000336 seconds
[2022-06-16T20:13:11.280+0000][6424][safepoint    ] Application time: 0.0003831 seconds
[2022-06-16T20:13:11.280+0000][6424][safepoint    ] Entering safepoint region: RevokeBias
[2022-06-16T20:13:11.280+0000][6424][safepoint    ] Leaving safepoint region
[2022-06-16T20:13:11.280+0000][6424][safepoint    ] Total time for which application threads were stopped: 0.0001281 seconds, Stopping threads took: 0.0000286 seconds
[2022-06-16T20:13:11.280+0000][6424][safepoint    ] Application time: 0.0001692 seconds
[2022-06-16T20:13:11.280+0000][6424][safepoint    ] Entering safepoint region: RevokeBias
[2022-06-16T20:13:11.280+0000][6424][safepoint    ] Leaving safepoint region
[2022-06-16T20:13:11.280+0000][6424][safepoint    ] Total time for which application threads were stopped: 0.0001023 seconds, Stopping threads took: 0.0000320 seconds
[2022-06-16T20:13:11.280+0000][6424][safepoint    ] Application time: 0.0000481 seconds
[2022-06-16T20:13:11.280+0000][6424][safepoint    ] Entering safepoint region: RevokeBias
[2022-06-16T20:13:11.280+0000][6424][safepoint    ] Leaving safepoint region
[2022-06-16T20:13:11.280+0000][6424][safepoint    ] Total time for which application threads were stopped: 0.0000836 seconds, Stopping threads took: 0.0000196 seconds
[2022-06-16T20:13:11.280+0000][6424][safepoint    ] Application time: 0.0001246 seconds
[2022-06-16T20:13:11.280+0000][6424][safepoint    ] Entering safepoint region: RevokeBias
[2022-06-16T20:13:11.280+0000][6424][safepoint    ] Leaving safepoint region
[2022-06-16T20:13:11.280+0000][6424][safepoint    ] Total time for which application threads were stopped: 0.0000794 seconds, Stopping threads took: 0.0000134 seconds
[2022-06-16T20:13:11.405+0000][6424][safepoint    ] Application time: 0.1231831 seconds
[2022-06-16T20:13:11.405+0000][6424][safepoint    ] Entering safepoint region: RevokeBias
[2022-06-16T20:13:11.405+0000][6424][safepoint    ] Leaving safepoint region
[2022-06-16T20:13:11.405+0000][6424][safepoint    ] Total time for which application threads were stopped: 0.0001580 seconds, Stopping threads took: 0.0000624 seconds
[2022-06-16T20:13:11.405+0000][6424][safepoint    ] Application time: 0.0000713 seconds
[2022-06-16T20:13:11.405+0000][6424][safepoint    ] Entering safepoint region: BulkRevokeBias
[2022-06-16T20:13:11.405+0000][6424][safepoint    ] Leaving safepoint region
[2022-06-16T20:13:11.405+0000][6424][safepoint    ] Total time for which application threads were stopped: 0.0005476 seconds, Stopping threads took: 0.0000169 seconds
[2022-06-16T20:13:11.764+0000][6424][safepoint    ] Application time: 0.3592318 seconds
[2022-06-16T20:13:11.764+0000][6424][safepoint    ] Entering safepoint region: RevokeBias
[2022-06-16T20:13:11.764+0000][6424][safepoint    ] Leaving safepoint region
[2022-06-16T20:13:11.764+0000][6424][safepoint    ] Total time for which application threads were stopped: 0.0001413 seconds, Stopping threads took: 0.0000395 seconds
[2022-06-16T20:13:11.764+0000][6424][safepoint    ] Application time: 0.0001628 seconds
[2022-06-16T20:13:11.764+0000][6424][safepoint    ] Entering safepoint region: RevokeBias
[2022-06-16T20:13:11.764+0000][6424][safepoint    ] Leaving safepoint region
[2022-06-16T20:13:11.764+0000][6424][safepoint    ] Total time for which application threads were stopped: 0.0002084 seconds, Stopping threads took: 0.0001240 seconds
[2022-06-16T20:13:11.764+0000][6424][safepoint    ] Application time: 0.0016462 seconds
[2022-06-16T20:13:11.764+0000][6424][safepoint    ] Entering safepoint region: RevokeBias
[2022-06-16T20:13:11.764+0000][6424][safepoint    ] Leaving safepoint region
[2022-06-16T20:13:11.764+0000][6424][safepoint    ] Total time for which application threads were stopped: 0.0000925 seconds, Stopping threads took: 0.0000250 seconds
[2022-06-16T20:13:11.764+0000][6424][safepoint    ] Application time: 0.0001124 seconds
[2022-06-16T20:13:11.764+0000][6424][safepoint    ] Entering safepoint region: RevokeBias
[2022-06-16T20:13:11.764+0000][6424][safepoint    ] Leaving safepoint region
[2022-06-16T20:13:11.764+0000][6424][safepoint    ] Total time for which application threads were stopped: 0.0000794 seconds, Stopping threads took: 0.0000216 seconds
[2022-06-16T20:13:12.768+0000][6424][safepoint    ] Application time: 1.0003224 seconds
[2022-06-16T20:13:12.768+0000][6424][safepoint    ] Entering safepoint region: Cleanup
[2022-06-16T20:13:12.768+0000][6424][safepoint    ] Leaving safepoint region
[2022-06-16T20:13:12.768+0000][6424][safepoint    ] Total time for which application threads were stopped: 0.0001290 seconds, Stopping threads took: 0.0000343 seconds
[2022-06-16T20:13:14.795+0000][6424][safepoint    ] Application time: 2.0272122 seconds
[2022-06-16T20:13:14.795+0000][6424][safepoint    ] Entering safepoint region: Cleanup
[2022-06-16T20:13:14.795+0000][6424][safepoint    ] Leaving safepoint region
[2022-06-16T20:13:14.795+0000][6424][safepoint    ] Total time for which application threads were stopped: 0.0001253 seconds, Stopping threads took: 0.0000318 seconds
[2022-06-16T20:13:29.907+0000][6424][safepoint    ] Application time: 15.1113786 seconds
[2022-06-16T20:13:29.907+0000][6424][safepoint    ] Entering safepoint region: Cleanup
[2022-06-16T20:13:29.907+0000][6424][safepoint    ] Leaving safepoint region
[2022-06-16T20:13:29.907+0000][6424][safepoint    ] Total time for which application threads were stopped: 0.0001076 seconds, Stopping threads took: 0.0000259 seconds
[2022-06-16T20:13:32.932+0000][6424][safepoint    ] Application time: 3.0256000 seconds
[2022-06-16T20:13:32.932+0000][6424][safepoint    ] Entering safepoint region: Cleanup
[2022-06-16T20:13:32.932+0000][6424][safepoint    ] Leaving safepoint region
[2022-06-16T20:13:32.932+0000][6424][safepoint    ] Total time for which application threads were stopped: 0.0001469 seconds, Stopping threads took: 0.0000493 seconds
[2022-06-16T20:13:33.933+0000][6424][safepoint    ] Application time: 1.0000703 seconds
[2022-06-16T20:13:33.933+0000][6424][safepoint    ] Entering safepoint region: Cleanup
[2022-06-16T20:13:33.933+0000][6424][safepoint    ] Leaving safepoint region
[2022-06-16T20:13:33.933+0000][6424][safepoint    ] Total time for which application threads were stopped: 0.0001371 seconds, Stopping threads took: 0.0000380 seconds
[2022-06-16T20:13:34.939+0000][6424][safepoint    ] Application time: 1.0057771 seconds
[2022-06-16T20:13:34.939+0000][6424][safepoint    ] Entering safepoint region: Cleanup
[2022-06-16T20:13:34.939+0000][6424][safepoint    ] Leaving safepoint region
[2022-06-16T20:13:34.939+0000][6424][safepoint    ] Total time for which application threads were stopped: 0.0001350 seconds, Stopping threads took: 0.0000321 seconds
[2022-06-16T20:13:35.943+0000][6424][safepoint    ] Application time: 1.0044582 seconds
[2022-06-16T20:13:35.943+0000][6424][safepoint    ] Entering safepoint region: Cleanup
[2022-06-16T20:13:35.943+0000][6424][safepoint    ] Leaving safepoint region
[2022-06-16T20:13:35.943+0000][6424][safepoint    ] Total time for which application threads were stopped: 0.0001093 seconds, Stopping threads took: 0.0000329 seconds
[2022-06-16T20:13:37.975+0000][6424][safepoint    ] Application time: 2.0310379 seconds
[2022-06-16T20:13:37.975+0000][6424][safepoint    ] Entering safepoint region: Cleanup
[2022-06-16T20:13:37.975+0000][6424][safepoint    ] Leaving safepoint region
[2022-06-16T20:13:37.975+0000][6424][safepoint    ] Total time for which application threads were stopped: 0.0001273 seconds, Stopping threads took: 0.0000309 seconds
[2022-06-16T20:13:39.990+0000][6424][safepoint    ] Application time: 2.0154218 seconds
[2022-06-16T20:13:39.990+0000][6424][safepoint    ] Entering safepoint region: Cleanup
[2022-06-16T20:13:39.990+0000][6424][safepoint    ] Leaving safepoint region
[2022-06-16T20:13:39.990+0000][6424][safepoint    ] Total time for which application threads were stopped: 0.0001015 seconds, Stopping threads took: 0.0000236 seconds
[2022-06-16T20:13:41.783+0000][6424][safepoint    ] Application time: 1.7946736 seconds
[2022-06-16T20:13:41.783+0000][6424][safepoint    ] Entering safepoint region: RevokeBias
[2022-06-16T20:13:41.783+0000][6424][safepoint    ] Leaving safepoint region
[2022-06-16T20:13:41.783+0000][6424][safepoint    ] Total time for which application threads were stopped: 0.0001388 seconds, Stopping threads took: 0.0000451 seconds
[2022-06-16T20:13:41.783+0000][6424][safepoint    ] Application time: 0.0019385 seconds
[2022-06-16T20:13:41.783+0000][6424][safepoint    ] Entering safepoint region: RevokeBias
[2022-06-16T20:13:41.783+0000][6424][safepoint    ] Leaving safepoint region
[2022-06-16T20:13:41.783+0000][6424][safepoint    ] Total time for which application threads were stopped: 0.0001364 seconds, Stopping threads took: 0.0000739 seconds
[2022-06-16T20:13:42.792+0000][6424][safepoint    ] Application time: 1.0040542 seconds
[2022-06-16T20:13:42.792+0000][6424][safepoint    ] Entering safepoint region: Cleanup
[2022-06-16T20:13:42.792+0000][6424][safepoint    ] Leaving safepoint region
[2022-06-16T20:13:42.792+0000][6424][safepoint    ] Total time for which application threads were stopped: 0.0001439 seconds, Stopping threads took: 0.0000295 seconds
[2022-06-16T20:13:43.792+0000][6424][safepoint    ] Application time: 1.0001120 seconds
[2022-06-16T20:13:43.792+0000][6424][safepoint    ] Entering safepoint region: Cleanup
[2022-06-16T20:13:43.792+0000][6424][safepoint    ] Leaving safepoint region
[2022-06-16T20:13:43.792+0000][6424][safepoint    ] Total time for which application threads were stopped: 0.0000971 seconds, Stopping threads took: 0.0000246 seconds
[2022-06-16T20:13:49.835+0000][6424][safepoint    ] Application time: 6.0424876 seconds
[2022-06-16T20:13:49.835+0000][6424][safepoint    ] Entering safepoint region: Cleanup
[2022-06-16T20:13:49.835+0000][6424][safepoint    ] Leaving safepoint region
[2022-06-16T20:13:49.835+0000][6424][safepoint    ] Total time for which application threads were stopped: 0.0000931 seconds, Stopping threads took: 0.0000225 seconds
[2022-06-16T20:13:54.878+0000][6424][safepoint    ] Application time: 5.0431459 seconds
[2022-06-16T20:13:54.878+0000][6424][safepoint    ] Entering safepoint region: Cleanup
[2022-06-16T20:13:54.878+0000][6424][safepoint    ] Leaving safepoint region
[2022-06-16T20:13:54.878+0000][6424][safepoint    ] Total time for which application threads were stopped: 0.0001252 seconds, Stopping threads took: 0.0000306 seconds
[2022-06-16T20:14:04.365+0000][6424][safepoint    ] Application time: 9.4870449 seconds
[2022-06-16T20:14:04.365+0000][6424][safepoint    ] Entering safepoint region: RevokeBias
[2022-06-16T20:14:04.365+0000][6424][safepoint    ] Leaving safepoint region
[2022-06-16T20:14:04.365+0000][6424][safepoint    ] Total time for which application threads were stopped: 0.0001296 seconds, Stopping threads took: 0.0000285 seconds
[2022-06-16T20:14:05.380+0000][6424][safepoint    ] Application time: 1.0143548 seconds
[2022-06-16T20:14:05.380+0000][6424][safepoint    ] Entering safepoint region: Cleanup
[2022-06-16T20:14:05.380+0000][6424][safepoint    ] Leaving safepoint region
[2022-06-16T20:14:05.380+0000][6424][safepoint    ] Total time for which application threads were stopped: 0.0000947 seconds, Stopping threads took: 0.0000225 seconds
[2022-06-16T20:14:07.402+0000][6424][safepoint    ] Application time: 2.0223714 seconds
[2022-06-16T20:14:07.402+0000][6424][safepoint    ] Entering safepoint region: Cleanup
[2022-06-16T20:14:07.402+0000][6424][safepoint    ] Leaving safepoint region
[2022-06-16T20:14:07.402+0000][6424][safepoint    ] Total time for which application threads were stopped: 0.0001286 seconds, Stopping threads took: 0.0000324 seconds
[2022-06-16T20:14:11.413+0000][6424][safepoint    ] Application time: 4.0105215 seconds
[2022-06-16T20:14:11.413+0000][6424][safepoint    ] Entering safepoint region: Cleanup
[2022-06-16T20:14:11.413+0000][6424][safepoint    ] Leaving safepoint region
[2022-06-16T20:14:11.413+0000][6424][safepoint    ] Total time for which application threads were stopped: 0.0000957 seconds, Stopping threads took: 0.0000227 seconds
[2022-06-16T20:14:11.788+0000][6424][safepoint    ] Application time: 0.3757030 seconds
[2022-06-16T20:14:11.788+0000][6424][safepoint    ] Entering safepoint region: RevokeBias
[2022-06-16T20:14:11.789+0000][6424][safepoint    ] Leaving safepoint region
[2022-06-16T20:14:11.789+0000][6424][safepoint    ] Total time for which application threads were stopped: 0.0001640 seconds, Stopping threads took: 0.0000596 seconds
[2022-06-16T20:14:11.790+0000][6424][safepoint    ] Application time: 0.0014157 seconds
[2022-06-16T20:14:11.790+0000][6424][safepoint    ] Entering safepoint region: RevokeBias
[2022-06-16T20:14:11.790+0000][6424][safepoint    ] Leaving safepoint region
[2022-06-16T20:14:11.790+0000][6424][safepoint    ] Total time for which application threads were stopped: 0.0000690 seconds, Stopping threads took: 0.0000158 seconds
[2022-06-16T20:14:12.925+0000][6424][safepoint    ] Application time: 1.1354737 seconds
[2022-06-16T20:14:12.925+0000][6424][safepoint    ] Entering safepoint region: RevokeBias
[2022-06-16T20:14:12.926+0000][6424][safepoint    ] Leaving safepoint region
[2022-06-16T20:14:12.926+0000][6424][safepoint    ] Total time for which application threads were stopped: 0.0000918 seconds, Stopping threads took: 0.0000178 seconds
[2022-06-16T20:14:12.926+0000][6424][safepoint    ] Application time: 0.0004830 seconds
[2022-06-16T20:14:12.926+0000][6424][safepoint    ] Entering safepoint region: Deoptimize
[2022-06-16T20:14:12.927+0000][6424][safepoint    ] Leaving safepoint region
[2022-06-16T20:14:12.927+0000][6424][safepoint    ] Total time for which application threads were stopped: 0.0008731 seconds, Stopping threads took: 0.0000148 seconds
[2022-06-16T20:14:12.929+0000][6424][safepoint    ] Application time: 0.0023142 seconds
[2022-06-16T20:14:12.929+0000][6424][safepoint    ] Entering safepoint region: RevokeBias
[2022-06-16T20:14:12.929+0000][6424][safepoint    ] Leaving safepoint region
[2022-06-16T20:14:12.929+0000][6424][safepoint    ] Total time for which application threads were stopped: 0.0000993 seconds, Stopping threads took: 0.0000265 seconds
[2022-06-16T20:14:12.929+0000][6424][safepoint    ] Application time: 0.0000341 seconds
[2022-06-16T20:14:12.929+0000][6424][safepoint    ] Entering safepoint region: RevokeBias
[2022-06-16T20:14:12.930+0000][6424][safepoint    ] Leaving safepoint region
[2022-06-16T20:14:12.930+0000][6424][safepoint    ] Total time for which application threads were stopped: 0.0001156 seconds, Stopping threads took: 0.0000206 seconds
[2022-06-16T20:14:12.930+0000][6424][safepoint    ] Application time: 0.0001798 seconds
[2022-06-16T20:14:12.930+0000][6424][safepoint    ] Entering safepoint region: RevokeBias
[2022-06-16T20:14:12.930+0000][6424][safepoint    ] Leaving safepoint region
[2022-06-16T20:14:12.930+0000][6424][safepoint    ] Total time for which application threads were stopped: 0.0000705 seconds, Stopping threads took: 0.0000211 seconds
[2022-06-16T20:14:12.930+0000][6424][safepoint    ] Application time: 0.0000624 seconds
[2022-06-16T20:14:12.930+0000][6424][safepoint    ] Entering safepoint region: RevokeBias
[2022-06-16T20:14:12.930+0000][6424][safepoint    ] Leaving safepoint region
[2022-06-16T20:14:12.930+0000][6424][safepoint    ] Total time for which application threads were stopped: 0.0000649 seconds, Stopping threads took: 0.0000221 seconds
[2022-06-16T20:14:12.932+0000][6424][safepoint    ] Application time: 0.0016816 seconds
[2022-06-16T20:14:12.932+0000][6424][safepoint    ] Entering safepoint region: RevokeBias
[2022-06-16T20:14:12.932+0000][6424][safepoint    ] Leaving safepoint region
[2022-06-16T20:14:12.932+0000][6424][safepoint    ] Total time for which application threads were stopped: 0.0000827 seconds, Stopping threads took: 0.0000246 seconds
[2022-06-16T20:14:12.933+0000][6424][safepoint    ] Application time: 0.0010332 seconds
[2022-06-16T20:14:12.933+0000][6424][safepoint    ] Entering safepoint region: RevokeBias
[2022-06-16T20:14:12.933+0000][6424][safepoint    ] Leaving safepoint region
[2022-06-16T20:14:12.933+0000][6424][safepoint    ] Total time for which application threads were stopped: 0.0000777 seconds, Stopping threads took: 0.0000249 seconds
[2022-06-16T20:14:12.934+0000][6424][safepoint    ] Application time: 0.0007493 seconds
[2022-06-16T20:14:12.934+0000][6424][safepoint    ] Entering safepoint region: RevokeBias
[2022-06-16T20:14:12.934+0000][6424][safepoint    ] Leaving safepoint region
[2022-06-16T20:14:12.934+0000][6424][safepoint    ] Total time for which application threads were stopped: 0.0000931 seconds, Stopping threads took: 0.0000367 seconds
[2022-06-16T20:14:12.934+0000][6424][safepoint    ] Application time: 0.0003146 seconds
[2022-06-16T20:14:12.934+0000][6424][safepoint    ] Entering safepoint region: RevokeBias
[2022-06-16T20:14:12.934+0000][6424][safepoint    ] Leaving safepoint region
[2022-06-16T20:14:12.934+0000][6424][safepoint    ] Total time for which application threads were stopped: 0.0000491 seconds, Stopping threads took: 0.0000133 seconds
[2022-06-16T20:14:12.934+0000][6424][safepoint    ] Application time: 0.0000366 seconds
[2022-06-16T20:14:12.934+0000][6424][safepoint    ] Entering safepoint region: RevokeBias
[2022-06-16T20:14:12.934+0000][6424][safepoint    ] Leaving safepoint region
[2022-06-16T20:14:12.934+0000][6424][safepoint    ] Total time for which application threads were stopped: 0.0000388 seconds, Stopping threads took: 0.0000124 seconds
[2022-06-16T20:14:12.934+0000][6424][safepoint    ] Application time: 0.0000317 seconds
[2022-06-16T20:14:12.935+0000][6424][safepoint    ] Entering safepoint region: RevokeBias
[2022-06-16T20:14:12.935+0000][6424][safepoint    ] Leaving safepoint region
[2022-06-16T20:14:12.935+0000][6424][safepoint    ] Total time for which application threads were stopped: 0.0000485 seconds, Stopping threads took: 0.0000229 seconds
[2022-06-16T20:14:12.935+0000][6424][safepoint    ] Application time: 0.0000319 seconds
[2022-06-16T20:14:12.935+0000][6424][safepoint    ] Entering safepoint region: RevokeBias
[2022-06-16T20:14:12.935+0000][6424][safepoint    ] Leaving safepoint region
[2022-06-16T20:14:12.935+0000][6424][safepoint    ] Total time for which application threads were stopped: 0.0000373 seconds, Stopping threads took: 0.0000121 seconds
[2022-06-16T20:14:12.935+0000][6424][safepoint    ] Application time: 0.0003378 seconds
[2022-06-16T20:14:12.935+0000][6424][safepoint    ] Entering safepoint region: RevokeBias
[2022-06-16T20:14:12.935+0000][6424][safepoint    ] Leaving safepoint region
[2022-06-16T20:14:12.935+0000][6424][safepoint    ] Total time for which application threads were stopped: 0.0000685 seconds, Stopping threads took: 0.0000239 seconds
[2022-06-16T20:14:12.935+0000][6424][safepoint    ] Application time: 0.0000365 seconds
[2022-06-16T20:14:12.935+0000][6424][safepoint    ] Entering safepoint region: RevokeBias
[2022-06-16T20:14:12.935+0000][6424][safepoint    ] Leaving safepoint region
[2022-06-16T20:14:12.935+0000][6424][safepoint    ] Total time for which application threads were stopped: 0.0000648 seconds, Stopping threads took: 0.0000216 seconds
[2022-06-16T20:14:12.935+0000][6424][safepoint    ] Application time: 0.0000237 seconds
[2022-06-16T20:14:12.935+0000][6424][safepoint    ] Entering safepoint region: RevokeBias
[2022-06-16T20:14:12.935+0000][6424][safepoint    ] Leaving safepoint region
[2022-06-16T20:14:12.935+0000][6424][safepoint    ] Total time for which application threads were stopped: 0.0000611 seconds, Stopping threads took: 0.0000325 seconds
[2022-06-16T20:14:12.936+0000][6424][safepoint    ] Application time: 0.0001564 seconds
[2022-06-16T20:14:12.936+0000][6424][safepoint    ] Entering safepoint region: RevokeBias
[2022-06-16T20:14:12.936+0000][6424][safepoint    ] Leaving safepoint region
[2022-06-16T20:14:12.936+0000][6424][safepoint    ] Total time for which application threads were stopped: 0.0000675 seconds, Stopping threads took: 0.0000224 seconds
[2022-06-16T20:14:12.936+0000][6424][safepoint    ] Application time: 0.0000813 seconds
[2022-06-16T20:14:12.936+0000][6424][safepoint    ] Entering safepoint region: RevokeBias
[2022-06-16T20:14:12.936+0000][6424][safepoint    ] Leaving safepoint region
[2022-06-16T20:14:12.936+0000][6424][safepoint    ] Total time for which application threads were stopped: 0.0000412 seconds, Stopping threads took: 0.0000126 seconds
[2022-06-16T20:14:12.936+0000][6424][safepoint    ] Application time: 0.0000257 seconds
[2022-06-16T20:14:12.936+0000][6424][safepoint    ] Entering safepoint region: RevokeBias
[2022-06-16T20:14:12.936+0000][6424][safepoint    ] Leaving safepoint region
[2022-06-16T20:14:12.936+0000][6424][safepoint    ] Total time for which application threads were stopped: 0.0000383 seconds, Stopping threads took: 0.0000123 seconds
[2022-06-16T20:14:12.936+0000][6424][safepoint    ] Application time: 0.0000129 seconds
[2022-06-16T20:14:12.936+0000][6424][safepoint    ] Entering safepoint region: RevokeBias
[2022-06-16T20:14:12.936+0000][6424][safepoint    ] Leaving safepoint region
[2022-06-16T20:14:12.936+0000][6424][safepoint    ] Total time for which application threads were stopped: 0.0000331 seconds, Stopping threads took: 0.0000109 seconds
[2022-06-16T20:14:12.936+0000][6424][safepoint    ] Application time: 0.0001859 seconds
[2022-06-16T20:14:12.936+0000][6424][safepoint    ] Entering safepoint region: RevokeBias
[2022-06-16T20:14:12.936+0000][6424][safepoint    ] Leaving safepoint region
[2022-06-16T20:14:12.936+0000][6424][safepoint    ] Total time for which application threads were stopped: 0.0000567 seconds, Stopping threads took: 0.0000167 seconds
[2022-06-16T20:14:12.936+0000][6424][safepoint    ] Application time: 0.0000147 seconds
[2022-06-16T20:14:12.936+0000][6424][safepoint    ] Entering safepoint region: RevokeBias
[2022-06-16T20:14:12.936+0000][6424][safepoint    ] Leaving safepoint region
[2022-06-16T20:14:12.936+0000][6424][safepoint    ] Total time for which application threads were stopped: 0.0000534 seconds, Stopping threads took: 0.0000160 seconds
[2022-06-16T20:14:12.937+0000][6424][safepoint    ] Application time: 0.0001362 seconds
[2022-06-16T20:14:12.937+0000][6424][safepoint    ] Entering safepoint region: RevokeBias
[2022-06-16T20:14:12.937+0000][6424][safepoint    ] Leaving safepoint region
[2022-06-16T20:14:12.937+0000][6424][safepoint    ] Total time for which application threads were stopped: 0.0000495 seconds, Stopping threads took: 0.0000217 seconds
[2022-06-16T20:14:12.937+0000][6424][safepoint    ] Application time: 0.0000326 seconds
[2022-06-16T20:14:12.937+0000][6424][safepoint    ] Entering safepoint region: RevokeBias
[2022-06-16T20:14:12.937+0000][6424][safepoint    ] Leaving safepoint region
[2022-06-16T20:14:12.937+0000][6424][safepoint    ] Total time for which application threads were stopped: 0.0000497 seconds, Stopping threads took: 0.0000151 seconds
[2022-06-16T20:14:12.937+0000][6424][safepoint    ] Application time: 0.0000394 seconds
[2022-06-16T20:14:12.937+0000][6424][safepoint    ] Entering safepoint region: RevokeBias
[2022-06-16T20:14:12.937+0000][6424][safepoint    ] Leaving safepoint region
[2022-06-16T20:14:12.937+0000][6424][safepoint    ] Total time for which application threads were stopped: 0.0000386 seconds, Stopping threads took: 0.0000123 seconds
[2022-06-16T20:14:12.937+0000][6424][safepoint    ] Application time: 0.0000211 seconds
[2022-06-16T20:14:12.937+0000][6424][safepoint    ] Entering safepoint region: RevokeBias
[2022-06-16T20:14:12.937+0000][6424][safepoint    ] Leaving safepoint region
[2022-06-16T20:14:12.937+0000][6424][safepoint    ] Total time for which application threads were stopped: 0.0000366 seconds, Stopping threads took: 0.0000118 seconds
[2022-06-16T20:14:12.937+0000][6424][safepoint    ] Application time: 0.0000290 seconds
[2022-06-16T20:14:12.937+0000][6424][safepoint    ] Entering safepoint region: RevokeBias
[2022-06-16T20:14:12.937+0000][6424][safepoint    ] Leaving safepoint region
[2022-06-16T20:14:12.937+0000][6424][safepoint    ] Total time for which application threads were stopped: 0.0000383 seconds, Stopping threads took: 0.0000132 seconds
[2022-06-16T20:14:12.937+0000][6424][safepoint    ] Application time: 0.0000401 seconds
[2022-06-16T20:14:12.937+0000][6424][safepoint    ] Entering safepoint region: RevokeBias
[2022-06-16T20:14:12.937+0000][6424][safepoint    ] Leaving safepoint region
[2022-06-16T20:14:12.937+0000][6424][safepoint    ] Total time for which application threads were stopped: 0.0000412 seconds, Stopping threads took: 0.0000145 seconds
[2022-06-16T20:14:12.937+0000][6424][safepoint    ] Application time: 0.0000436 seconds
[2022-06-16T20:14:12.937+0000][6424][safepoint    ] Entering safepoint region: RevokeBias
[2022-06-16T20:14:12.937+0000][6424][safepoint    ] Leaving safepoint region
[2022-06-16T20:14:12.937+0000][6424][safepoint    ] Total time for which application threads were stopped: 0.0000368 seconds, Stopping threads took: 0.0000119 seconds
[2022-06-16T20:14:12.938+0000][6424][safepoint    ] Application time: 0.0003254 seconds
[2022-06-16T20:14:12.938+0000][6424][safepoint    ] Entering safepoint region: RevokeBias
[2022-06-16T20:14:12.938+0000][6424][safepoint    ] Leaving safepoint region
[2022-06-16T20:14:12.938+0000][6424][safepoint    ] Total time for which application threads were stopped: 0.0000441 seconds, Stopping threads took: 0.0000131 seconds
[2022-06-16T20:14:12.938+0000][6424][safepoint    ] Application time: 0.0000460 seconds
[2022-06-16T20:14:12.938+0000][6424][safepoint    ] Entering safepoint region: BulkRevokeBias
[2022-06-16T20:14:12.938+0000][6424][safepoint    ] Leaving safepoint region
[2022-06-16T20:14:12.938+0000][6424][safepoint    ] Total time for which application threads were stopped: 0.0002544 seconds, Stopping threads took: 0.0000122 seconds
[2022-06-16T20:14:12.939+0000][6424][safepoint    ] Application time: 0.0006853 seconds
[2022-06-16T20:14:12.939+0000][6424][safepoint    ] Entering safepoint region: RevokeBias
[2022-06-16T20:14:12.939+0000][6424][safepoint    ] Leaving safepoint region
[2022-06-16T20:14:12.939+0000][6424][safepoint    ] Total time for which application threads were stopped: 0.0000596 seconds, Stopping threads took: 0.0000249 seconds
[2022-06-16T20:14:12.939+0000][6424][safepoint    ] Application time: 0.0002395 seconds
[2022-06-16T20:14:12.939+0000][6424][safepoint    ] Entering safepoint region: RevokeBias
[2022-06-16T20:14:12.939+0000][6424][safepoint    ] Leaving safepoint region
[2022-06-16T20:14:12.939+0000][6424][safepoint    ] Total time for which application threads were stopped: 0.0000736 seconds, Stopping threads took: 0.0000248 seconds
[2022-06-16T20:14:12.942+0000][6424][safepoint    ] Application time: 0.0025307 seconds
[2022-06-16T20:14:12.942+0000][6424][safepoint    ] Entering safepoint region: RevokeBias
[2022-06-16T20:14:12.942+0000][6424][safepoint    ] Leaving safepoint region
[2022-06-16T20:14:12.942+0000][6424][safepoint    ] Total time for which application threads were stopped: 0.0001453 seconds, Stopping threads took: 0.0001056 seconds
[2022-06-16T20:14:12.943+0000][6424][safepoint    ] Application time: 0.0015285 seconds
[2022-06-16T20:14:12.943+0000][6424][safepoint    ] Entering safepoint region: RevokeBias
[2022-06-16T20:14:12.943+0000][6424][safepoint    ] Leaving safepoint region
[2022-06-16T20:14:12.944+0000][6424][safepoint    ] Total time for which application threads were stopped: 0.0000641 seconds, Stopping threads took: 0.0000136 seconds
[2022-06-16T20:14:12.944+0000][6424][safepoint    ] Application time: 0.0000249 seconds
[2022-06-16T20:14:12.944+0000][6424][safepoint    ] Entering safepoint region: RevokeBias
[2022-06-16T20:14:12.944+0000][6424][safepoint    ] Leaving safepoint region
[2022-06-16T20:14:12.944+0000][6424][safepoint    ] Total time for which application threads were stopped: 0.0000375 seconds, Stopping threads took: 0.0000117 seconds
[2022-06-16T20:14:12.944+0000][6424][safepoint    ] Application time: 0.0003063 seconds
[2022-06-16T20:14:12.944+0000][6424][safepoint    ] Entering safepoint region: RevokeBias
[2022-06-16T20:14:12.944+0000][6424][safepoint    ] Leaving safepoint region
[2022-06-16T20:14:12.944+0000][6424][safepoint    ] Total time for which application threads were stopped: 0.0000437 seconds, Stopping threads took: 0.0000126 seconds
[2022-06-16T20:14:12.944+0000][6424][safepoint    ] Application time: 0.0000387 seconds
[2022-06-16T20:14:12.944+0000][6424][safepoint    ] Entering safepoint region: RevokeBias
[2022-06-16T20:14:12.944+0000][6424][safepoint    ] Leaving safepoint region
[2022-06-16T20:14:12.944+0000][6424][safepoint    ] Total time for which application threads were stopped: 0.0000387 seconds, Stopping threads took: 0.0000118 seconds
[2022-06-16T20:14:12.944+0000][6424][safepoint    ] Application time: 0.0001330 seconds
[2022-06-16T20:14:12.944+0000][6424][safepoint    ] Entering safepoint region: RevokeBias
[2022-06-16T20:14:12.944+0000][6424][safepoint    ] Leaving safepoint region
[2022-06-16T20:14:12.944+0000][6424][safepoint    ] Total time for which application threads were stopped: 0.0000544 seconds, Stopping threads took: 0.0000223 seconds
[2022-06-16T20:14:12.945+0000][6424][safepoint    ] Application time: 0.0003306 seconds
[2022-06-16T20:14:12.945+0000][6424][safepoint    ] Entering safepoint region: RevokeBias
[2022-06-16T20:14:12.945+0000][6424][safepoint    ] Leaving safepoint region
[2022-06-16T20:14:12.945+0000][6424][safepoint    ] Total time for which application threads were stopped: 0.0000675 seconds, Stopping threads took: 0.0000228 seconds
[2022-06-16T20:14:12.945+0000][6424][safepoint    ] Application time: 0.0000296 seconds
[2022-06-16T20:14:12.945+0000][6424][safepoint    ] Entering safepoint region: RevokeBias
[2022-06-16T20:14:12.945+0000][6424][safepoint    ] Leaving safepoint region
[2022-06-16T20:14:12.945+0000][6424][safepoint    ] Total time for which application threads were stopped: 0.0000603 seconds, Stopping threads took: 0.0000197 seconds
[2022-06-16T20:14:12.945+0000][6424][safepoint    ] Application time: 0.0000232 seconds
[2022-06-16T20:14:12.945+0000][6424][safepoint    ] Entering safepoint region: RevokeBias
[2022-06-16T20:14:12.945+0000][6424][safepoint    ] Leaving safepoint region
[2022-06-16T20:14:12.945+0000][6424][safepoint    ] Total time for which application threads were stopped: 0.0000683 seconds, Stopping threads took: 0.0000415 seconds
[2022-06-16T20:14:12.945+0000][6424][safepoint    ] Application time: 0.0000569 seconds
[2022-06-16T20:14:12.945+0000][6424][safepoint    ] Entering safepoint region: RevokeBias
[2022-06-16T20:14:12.945+0000][6424][safepoint    ] Leaving safepoint region
[2022-06-16T20:14:12.945+0000][6424][safepoint    ] Total time for which application threads were stopped: 0.0000717 seconds, Stopping threads took: 0.0000433 seconds
[2022-06-16T20:14:12.945+0000][6424][safepoint    ] Application time: 0.0001004 seconds
[2022-06-16T20:14:12.945+0000][6424][safepoint    ] Entering safepoint region: RevokeBias
[2022-06-16T20:14:12.945+0000][6424][safepoint    ] Leaving safepoint region
[2022-06-16T20:14:12.945+0000][6424][safepoint    ] Total time for which application threads were stopped: 0.0000497 seconds, Stopping threads took: 0.0000213 seconds
[2022-06-16T20:14:12.945+0000][6424][safepoint    ] Application time: 0.0000291 seconds
[2022-06-16T20:14:12.946+0000][6424][safepoint    ] Entering safepoint region: RevokeBias
[2022-06-16T20:14:12.946+0000][6424][safepoint    ] Leaving safepoint region
[2022-06-16T20:14:12.946+0000][6424][safepoint    ] Total time for which application threads were stopped: 0.0000610 seconds, Stopping threads took: 0.0000214 seconds
[2022-06-16T20:14:12.950+0000][6424][safepoint    ] Application time: 0.0043922 seconds
[2022-06-16T20:14:12.950+0000][6424][safepoint    ] Entering safepoint region: RevokeBias
[2022-06-16T20:14:12.950+0000][6424][safepoint    ] Leaving safepoint region
[2022-06-16T20:14:12.950+0000][6424][safepoint    ] Total time for which application threads were stopped: 0.0004521 seconds, Stopping threads took: 0.0004015 seconds
[2022-06-16T20:14:12.951+0000][6424][safepoint    ] Application time: 0.0003962 seconds
[2022-06-16T20:14:12.951+0000][6424][safepoint    ] Entering safepoint region: RevokeBias
[2022-06-16T20:14:12.951+0000][6424][safepoint    ] Leaving safepoint region
[2022-06-16T20:14:12.951+0000][6424][safepoint    ] Total time for which application threads were stopped: 0.0000751 seconds, Stopping threads took: 0.0000232 seconds
[2022-06-16T20:14:12.951+0000][6424][safepoint    ] Application time: 0.0000332 seconds
[2022-06-16T20:14:12.951+0000][6424][safepoint    ] Entering safepoint region: RevokeBias
[2022-06-16T20:14:12.951+0000][6424][safepoint    ] Leaving safepoint region
[2022-06-16T20:14:12.951+0000][6424][safepoint    ] Total time for which application threads were stopped: 0.0000575 seconds, Stopping threads took: 0.0000203 seconds
[2022-06-16T20:14:12.952+0000][6424][safepoint    ] Application time: 0.0007123 seconds
[2022-06-16T20:14:12.952+0000][6424][safepoint    ] Entering safepoint region: RevokeBias
[2022-06-16T20:14:12.952+0000][6424][safepoint    ] Leaving safepoint region
[2022-06-16T20:14:12.952+0000][6424][safepoint    ] Total time for which application threads were stopped: 0.0000742 seconds, Stopping threads took: 0.0000242 seconds
[2022-06-16T20:14:12.952+0000][6424][safepoint    ] Application time: 0.0000402 seconds
[2022-06-16T20:14:12.952+0000][6424][safepoint    ] Entering safepoint region: RevokeBias
[2022-06-16T20:14:12.952+0000][6424][safepoint    ] Leaving safepoint region
[2022-06-16T20:14:12.952+0000][6424][safepoint    ] Total time for which application threads were stopped: 0.0000584 seconds, Stopping threads took: 0.0000200 seconds
[2022-06-16T20:14:12.952+0000][6424][safepoint    ] Application time: 0.0000316 seconds
[2022-06-16T20:14:12.952+0000][6424][safepoint    ] Entering safepoint region: RevokeBias
[2022-06-16T20:14:12.952+0000][6424][safepoint    ] Leaving safepoint region
[2022-06-16T20:14:12.952+0000][6424][safepoint    ] Total time for which application threads were stopped: 0.0000607 seconds, Stopping threads took: 0.0000201 seconds
[2022-06-16T20:14:12.952+0000][6424][safepoint    ] Application time: 0.0000120 seconds
[2022-06-16T20:14:12.952+0000][6424][safepoint    ] Entering safepoint region: RevokeBias
[2022-06-16T20:14:12.952+0000][6424][safepoint    ] Leaving safepoint region
[2022-06-16T20:14:12.952+0000][6424][safepoint    ] Total time for which application threads were stopped: 0.0000580 seconds, Stopping threads took: 0.0000188 seconds
[2022-06-16T20:14:12.953+0000][6424][safepoint    ] Application time: 0.0002451 seconds
[2022-06-16T20:14:12.953+0000][6424][safepoint    ] Entering safepoint region: RevokeBias
[2022-06-16T20:14:12.953+0000][6424][safepoint    ] Leaving safepoint region
[2022-06-16T20:14:12.953+0000][6424][safepoint    ] Total time for which application threads were stopped: 0.0000641 seconds, Stopping threads took: 0.0000210 seconds
[2022-06-16T20:14:12.953+0000][6424][safepoint    ] Application time: 0.0000118 seconds
[2022-06-16T20:14:12.953+0000][6424][safepoint    ] Entering safepoint region: RevokeBias
[2022-06-16T20:14:12.953+0000][6424][safepoint    ] Leaving safepoint region
[2022-06-16T20:14:12.953+0000][6424][safepoint    ] Total time for which application threads were stopped: 0.0000572 seconds, Stopping threads took: 0.0000192 seconds
[2022-06-16T20:14:12.953+0000][6424][safepoint    ] Application time: 0.0002365 seconds
[2022-06-16T20:14:12.953+0000][6424][safepoint    ] Entering safepoint region: RevokeBias
[2022-06-16T20:14:12.953+0000][6424][safepoint    ] Leaving safepoint region
[2022-06-16T20:14:12.953+0000][6424][safepoint    ] Total time for which application threads were stopped: 0.0000647 seconds, Stopping threads took: 0.0000222 seconds
[2022-06-16T20:14:12.953+0000][6424][safepoint    ] Application time: 0.0000344 seconds
[2022-06-16T20:14:12.953+0000][6424][safepoint    ] Entering safepoint region: RevokeBias
[2022-06-16T20:14:12.953+0000][6424][safepoint    ] Leaving safepoint region
[2022-06-16T20:14:12.953+0000][6424][safepoint    ] Total time for which application threads were stopped: 0.0000559 seconds, Stopping threads took: 0.0000193 seconds
[2022-06-16T20:14:12.953+0000][6424][safepoint    ] Application time: 0.0000156 seconds
[2022-06-16T20:14:12.953+0000][6424][safepoint    ] Entering safepoint region: RevokeBias
[2022-06-16T20:14:12.953+0000][6424][safepoint    ] Leaving safepoint region
[2022-06-16T20:14:12.953+0000][6424][safepoint    ] Total time for which application threads were stopped: 0.0000601 seconds, Stopping threads took: 0.0000219 seconds
[2022-06-16T20:14:12.954+0000][6424][safepoint    ] Application time: 0.0007361 seconds
[2022-06-16T20:14:12.954+0000][6424][safepoint    ] Entering safepoint region: RevokeBias
[2022-06-16T20:14:12.954+0000][6424][safepoint    ] Leaving safepoint region
[2022-06-16T20:14:12.954+0000][6424][safepoint    ] Total time for which application threads were stopped: 0.0001551 seconds, Stopping threads took: 0.0000743 seconds
[2022-06-16T20:14:12.954+0000][6424][safepoint    ] Application time: 0.0000931 seconds
[2022-06-16T20:14:12.954+0000][6424][safepoint    ] Entering safepoint region: RevokeBias
[2022-06-16T20:14:12.955+0000][6424][safepoint    ] Leaving safepoint region
[2022-06-16T20:14:12.955+0000][6424][safepoint    ] Total time for which application threads were stopped: 0.0001025 seconds, Stopping threads took: 0.0000199 seconds
[2022-06-16T20:14:12.955+0000][6424][safepoint    ] Application time: 0.0000941 seconds
[2022-06-16T20:14:12.955+0000][6424][safepoint    ] Entering safepoint region: RevokeBias
[2022-06-16T20:14:12.955+0000][6424][safepoint    ] Leaving safepoint region
[2022-06-16T20:14:12.955+0000][6424][safepoint    ] Total time for which application threads were stopped: 0.0000728 seconds, Stopping threads took: 0.0000168 seconds
[2022-06-16T20:14:12.955+0000][6424][safepoint    ] Application time: 0.0000208 seconds
[2022-06-16T20:14:12.955+0000][6424][safepoint    ] Entering safepoint region: RevokeBias
[2022-06-16T20:14:12.955+0000][6424][safepoint    ] Leaving safepoint region
[2022-06-16T20:14:12.955+0000][6424][safepoint    ] Total time for which application threads were stopped: 0.0000976 seconds, Stopping threads took: 0.0000434 seconds
[2022-06-16T20:14:12.955+0000][6424][safepoint    ] Application time: 0.0000322 seconds
[2022-06-16T20:14:12.955+0000][6424][safepoint    ] Entering safepoint region: RevokeBias
[2022-06-16T20:14:12.955+0000][6424][safepoint    ] Leaving safepoint region
[2022-06-16T20:14:12.955+0000][6424][safepoint    ] Total time for which application threads were stopped: 0.0001210 seconds, Stopping threads took: 0.0000291 seconds
[2022-06-16T20:14:12.955+0000][6424][safepoint    ] Application time: 0.0000362 seconds
[2022-06-16T20:14:12.955+0000][6424][safepoint    ] Entering safepoint region: RevokeBias
[2022-06-16T20:14:12.955+0000][6424][safepoint    ] Leaving safepoint region
[2022-06-16T20:14:12.955+0000][6424][safepoint    ] Total time for which application threads were stopped: 0.0000844 seconds, Stopping threads took: 0.0000310 seconds
[2022-06-16T20:14:12.955+0000][6424][safepoint    ] Application time: 0.0001378 seconds
[2022-06-16T20:14:12.956+0000][6424][safepoint    ] Entering safepoint region: RevokeBias
[2022-06-16T20:14:12.956+0000][6424][safepoint    ] Leaving safepoint region
[2022-06-16T20:14:12.956+0000][6424][safepoint    ] Total time for which application threads were stopped: 0.0001798 seconds, Stopping threads took: 0.0001120 seconds
[2022-06-16T20:14:12.956+0000][6424][safepoint    ] Application time: 0.0000288 seconds
[2022-06-16T20:14:12.956+0000][6424][safepoint    ] Entering safepoint region: RevokeBias
[2022-06-16T20:14:12.956+0000][6424][safepoint    ] Leaving safepoint region
[2022-06-16T20:14:12.956+0000][6424][safepoint    ] Total time for which application threads were stopped: 0.0000662 seconds, Stopping threads took: 0.0000204 seconds
[2022-06-16T20:14:12.956+0000][6424][safepoint    ] Application time: 0.0001133 seconds
[2022-06-16T20:14:12.956+0000][6424][safepoint    ] Entering safepoint region: RevokeBias
[2022-06-16T20:14:12.956+0000][6424][safepoint    ] Leaving safepoint region
[2022-06-16T20:14:12.956+0000][6424][safepoint    ] Total time for which application threads were stopped: 0.0000598 seconds, Stopping threads took: 0.0000188 seconds
[2022-06-16T20:14:12.956+0000][6424][safepoint    ] Application time: 0.0002166 seconds
[2022-06-16T20:14:12.956+0000][6424][safepoint    ] Entering safepoint region: RevokeBias
[2022-06-16T20:14:12.956+0000][6424][safepoint    ] Leaving safepoint region
[2022-06-16T20:14:12.956+0000][6424][safepoint    ] Total time for which application threads were stopped: 0.0000788 seconds, Stopping threads took: 0.0000195 seconds
[2022-06-16T20:14:12.956+0000][6424][safepoint    ] Application time: 0.0000282 seconds
[2022-06-16T20:14:12.956+0000][6424][safepoint    ] Entering safepoint region: RevokeBias
[2022-06-16T20:14:12.956+0000][6424][safepoint    ] Leaving safepoint region
[2022-06-16T20:14:12.956+0000][6424][safepoint    ] Total time for which application threads were stopped: 0.0000546 seconds, Stopping threads took: 0.0000156 seconds
[2022-06-16T20:14:12.956+0000][6424][safepoint    ] Application time: 0.0000224 seconds
[2022-06-16T20:14:12.957+0000][6424][safepoint    ] Entering safepoint region: RevokeBias
[2022-06-16T20:14:12.957+0000][6424][safepoint    ] Leaving safepoint region
[2022-06-16T20:14:12.957+0000][6424][safepoint    ] Total time for which application threads were stopped: 0.0000976 seconds, Stopping threads took: 0.0000463 seconds
[2022-06-16T20:14:12.957+0000][6424][safepoint    ] Application time: 0.0000393 seconds
[2022-06-16T20:14:12.957+0000][6424][safepoint    ] Entering safepoint region: RevokeBias
[2022-06-16T20:14:12.957+0000][6424][safepoint    ] Leaving safepoint region
[2022-06-16T20:14:12.957+0000][6424][safepoint    ] Total time for which application threads were stopped: 0.0002181 seconds, Stopping threads took: 0.0001563 seconds
[2022-06-16T20:14:12.957+0000][6424][safepoint    ] Application time: 0.0000620 seconds
[2022-06-16T20:14:12.957+0000][6424][safepoint    ] Entering safepoint region: RevokeBias
[2022-06-16T20:14:12.957+0000][6424][safepoint    ] Leaving safepoint region
[2022-06-16T20:14:12.957+0000][6424][safepoint    ] Total time for which application threads were stopped: 0.0000631 seconds, Stopping threads took: 0.0000173 seconds
[2022-06-16T20:14:12.957+0000][6424][safepoint    ] Application time: 0.0000156 seconds
[2022-06-16T20:14:12.957+0000][6424][safepoint    ] Entering safepoint region: RevokeBias
[2022-06-16T20:14:12.957+0000][6424][safepoint    ] Leaving safepoint region
[2022-06-16T20:14:12.957+0000][6424][safepoint    ] Total time for which application threads were stopped: 0.0000799 seconds, Stopping threads took: 0.0000246 seconds
[2022-06-16T20:14:12.957+0000][6424][safepoint    ] Application time: 0.0000612 seconds
[2022-06-16T20:14:12.957+0000][6424][safepoint    ] Entering safepoint region: RevokeBias
[2022-06-16T20:14:12.957+0000][6424][safepoint    ] Leaving safepoint region
[2022-06-16T20:14:12.957+0000][6424][safepoint    ] Total time for which application threads were stopped: 0.0000577 seconds, Stopping threads took: 0.0000201 seconds
[2022-06-16T20:14:12.957+0000][6424][safepoint    ] Application time: 0.0000158 seconds
[2022-06-16T20:14:12.957+0000][6424][safepoint    ] Entering safepoint region: RevokeBias
[2022-06-16T20:14:12.957+0000][6424][safepoint    ] Leaving safepoint region
[2022-06-16T20:14:12.957+0000][6424][safepoint    ] Total time for which application threads were stopped: 0.0001028 seconds, Stopping threads took: 0.0000461 seconds
[2022-06-16T20:14:12.958+0000][6424][safepoint    ] Application time: 0.0000700 seconds
[2022-06-16T20:14:12.958+0000][6424][safepoint    ] Entering safepoint region: RevokeBias
[2022-06-16T20:14:12.958+0000][6424][safepoint    ] Leaving safepoint region
[2022-06-16T20:14:12.958+0000][6424][safepoint    ] Total time for which application threads were stopped: 0.0000620 seconds, Stopping threads took: 0.0000175 seconds
[2022-06-16T20:14:12.958+0000][6424][safepoint    ] Application time: 0.0000190 seconds
[2022-06-16T20:14:12.958+0000][6424][safepoint    ] Entering safepoint region: RevokeBias
[2022-06-16T20:14:12.958+0000][6424][safepoint    ] Leaving safepoint region
[2022-06-16T20:14:12.958+0000][6424][safepoint    ] Total time for which application threads were stopped: 0.0000687 seconds, Stopping threads took: 0.0000191 seconds
[2022-06-16T20:14:12.958+0000][6424][safepoint    ] Application time: 0.0000560 seconds
[2022-06-16T20:14:12.958+0000][6424][safepoint    ] Entering safepoint region: RevokeBias
[2022-06-16T20:14:12.958+0000][6424][safepoint    ] Leaving safepoint region
[2022-06-16T20:14:12.958+0000][6424][safepoint    ] Total time for which application threads were stopped: 0.0000630 seconds, Stopping threads took: 0.0000201 seconds
[2022-06-16T20:14:12.958+0000][6424][safepoint    ] Application time: 0.0001845 seconds
[2022-06-16T20:14:12.958+0000][6424][safepoint    ] Entering safepoint region: RevokeBias
[2022-06-16T20:14:12.958+0000][6424][safepoint    ] Leaving safepoint region
[2022-06-16T20:14:12.958+0000][6424][safepoint    ] Total time for which application threads were stopped: 0.0000724 seconds, Stopping threads took: 0.0000211 seconds
[2022-06-16T20:14:12.958+0000][6424][safepoint    ] Application time: 0.0000259 seconds
[2022-06-16T20:14:12.958+0000][6424][safepoint    ] Entering safepoint region: RevokeBias
[2022-06-16T20:14:12.958+0000][6424][safepoint    ] Leaving safepoint region
[2022-06-16T20:14:12.958+0000][6424][safepoint    ] Total time for which application threads were stopped: 0.0000839 seconds, Stopping threads took: 0.0000402 seconds
[2022-06-16T20:14:12.958+0000][6424][safepoint    ] Application time: 0.0000430 seconds
[2022-06-16T20:14:12.958+0000][6424][safepoint    ] Entering safepoint region: RevokeBias
[2022-06-16T20:14:12.958+0000][6424][safepoint    ] Leaving safepoint region
[2022-06-16T20:14:12.958+0000][6424][safepoint    ] Total time for which application threads were stopped: 0.0000627 seconds, Stopping threads took: 0.0000163 seconds
[2022-06-16T20:14:12.959+0000][6424][safepoint    ] Application time: 0.0004066 seconds
[2022-06-16T20:14:12.959+0000][6424][safepoint    ] Entering safepoint region: RevokeBias
[2022-06-16T20:14:12.959+0000][6424][safepoint    ] Leaving safepoint region
[2022-06-16T20:14:12.959+0000][6424][safepoint    ] Total time for which application threads were stopped: 0.0000697 seconds, Stopping threads took: 0.0000195 seconds
[2022-06-16T20:14:12.959+0000][6424][safepoint    ] Application time: 0.0000288 seconds
[2022-06-16T20:14:12.959+0000][6424][safepoint    ] Entering safepoint region: RevokeBias
[2022-06-16T20:14:12.959+0000][6424][safepoint    ] Leaving safepoint region
[2022-06-16T20:14:12.959+0000][6424][safepoint    ] Total time for which application threads were stopped: 0.0000666 seconds, Stopping threads took: 0.0000160 seconds
[2022-06-16T20:14:12.959+0000][6424][safepoint    ] Application time: 0.0000305 seconds
[2022-06-16T20:14:12.959+0000][6424][safepoint    ] Entering safepoint region: RevokeBias
[2022-06-16T20:14:12.959+0000][6424][safepoint    ] Leaving safepoint region
[2022-06-16T20:14:12.959+0000][6424][safepoint    ] Total time for which application threads were stopped: 0.0000548 seconds, Stopping threads took: 0.0000160 seconds
[2022-06-16T20:14:12.959+0000][6424][safepoint    ] Application time: 0.0000374 seconds
[2022-06-16T20:14:12.959+0000][6424][safepoint    ] Entering safepoint region: RevokeBias
[2022-06-16T20:14:12.959+0000][6424][safepoint    ] Leaving safepoint region
[2022-06-16T20:14:12.959+0000][6424][safepoint    ] Total time for which application threads were stopped: 0.0000801 seconds, Stopping threads took: 0.0000360 seconds
[2022-06-16T20:14:12.960+0000][6424][safepoint    ] Application time: 0.0001136 seconds
[2022-06-16T20:14:12.960+0000][6424][safepoint    ] Entering safepoint region: RevokeBias
[2022-06-16T20:14:12.960+0000][6424][safepoint    ] Leaving safepoint region
[2022-06-16T20:14:12.960+0000][6424][safepoint    ] Total time for which application threads were stopped: 0.0000629 seconds, Stopping threads took: 0.0000203 seconds
[2022-06-16T20:14:12.960+0000][6424][safepoint    ] Application time: 0.0001425 seconds
[2022-06-16T20:14:12.960+0000][6424][safepoint    ] Entering safepoint region: RevokeBias
[2022-06-16T20:14:12.960+0000][6424][safepoint    ] Leaving safepoint region
[2022-06-16T20:14:12.960+0000][6424][safepoint    ] Total time for which application threads were stopped: 0.0000645 seconds, Stopping threads took: 0.0000216 seconds
[2022-06-16T20:14:12.961+0000][6424][safepoint    ] Application time: 0.0006231 seconds
[2022-06-16T20:14:12.961+0000][6424][safepoint    ] Entering safepoint region: RevokeBias
[2022-06-16T20:14:12.961+0000][6424][safepoint    ] Leaving safepoint region
[2022-06-16T20:14:12.961+0000][6424][safepoint    ] Total time for which application threads were stopped: 0.0001248 seconds, Stopping threads took: 0.0000757 seconds
[2022-06-16T20:14:12.962+0000][6424][safepoint    ] Application time: 0.0017193 seconds
[2022-06-16T20:14:12.962+0000][6424][safepoint    ] Entering safepoint region: RevokeBias
[2022-06-16T20:14:12.963+0000][6424][safepoint    ] Leaving safepoint region
[2022-06-16T20:14:12.963+0000][6424][safepoint    ] Total time for which application threads were stopped: 0.0000771 seconds, Stopping threads took: 0.0000251 seconds
[2022-06-16T20:14:12.963+0000][6424][safepoint    ] Application time: 0.0004863 seconds
[2022-06-16T20:14:12.963+0000][6424][safepoint    ] Entering safepoint region: RevokeBias
[2022-06-16T20:14:12.963+0000][6424][safepoint    ] Leaving safepoint region
[2022-06-16T20:14:12.963+0000][6424][safepoint    ] Total time for which application threads were stopped: 0.0000800 seconds, Stopping threads took: 0.0000214 seconds
[2022-06-16T20:14:12.963+0000][6424][safepoint    ] Application time: 0.0000867 seconds
[2022-06-16T20:14:12.963+0000][6424][safepoint    ] Entering safepoint region: RevokeBias
[2022-06-16T20:14:12.963+0000][6424][safepoint    ] Leaving safepoint region
[2022-06-16T20:14:12.963+0000][6424][safepoint    ] Total time for which application threads were stopped: 0.0000679 seconds, Stopping threads took: 0.0000167 seconds
[2022-06-16T20:14:12.963+0000][6424][safepoint    ] Application time: 0.0000545 seconds
[2022-06-16T20:14:12.963+0000][6424][safepoint    ] Entering safepoint region: RevokeBias
[2022-06-16T20:14:12.963+0000][6424][safepoint    ] Leaving safepoint region
[2022-06-16T20:14:12.964+0000][6424][safepoint    ] Total time for which application threads were stopped: 0.0000808 seconds, Stopping threads took: 0.0000185 seconds
[2022-06-16T20:14:12.964+0000][6424][safepoint    ] Application time: 0.0000618 seconds
[2022-06-16T20:14:12.964+0000][6424][safepoint    ] Entering safepoint region: RevokeBias
[2022-06-16T20:14:12.964+0000][6424][safepoint    ] Leaving safepoint region
[2022-06-16T20:14:12.964+0000][6424][safepoint    ] Total time for which application threads were stopped: 0.0000716 seconds, Stopping threads took: 0.0000189 seconds
[2022-06-16T20:14:12.964+0000][6424][safepoint    ] Application time: 0.0000276 seconds
[2022-06-16T20:14:12.964+0000][6424][safepoint    ] Entering safepoint region: RevokeBias
[2022-06-16T20:14:12.964+0000][6424][safepoint    ] Leaving safepoint region
[2022-06-16T20:14:12.964+0000][6424][safepoint    ] Total time for which application threads were stopped: 0.0000642 seconds, Stopping threads took: 0.0000169 seconds
[2022-06-16T20:14:12.964+0000][6424][safepoint    ] Application time: 0.0000314 seconds
[2022-06-16T20:14:12.964+0000][6424][safepoint    ] Entering safepoint region: RevokeBias
[2022-06-16T20:14:12.964+0000][6424][safepoint    ] Leaving safepoint region
[2022-06-16T20:14:12.964+0000][6424][safepoint    ] Total time for which application threads were stopped: 0.0000656 seconds, Stopping threads took: 0.0000164 seconds
[2022-06-16T20:14:12.964+0000][6424][safepoint    ] Application time: 0.0000291 seconds
[2022-06-16T20:14:12.964+0000][6424][safepoint    ] Entering safepoint region: RevokeBias
[2022-06-16T20:14:12.964+0000][6424][safepoint    ] Leaving safepoint region
[2022-06-16T20:14:12.964+0000][6424][safepoint    ] Total time for which application threads were stopped: 0.0000698 seconds, Stopping threads took: 0.0000186 seconds
[2022-06-16T20:14:12.964+0000][6424][safepoint    ] Application time: 0.0000288 seconds
[2022-06-16T20:14:12.964+0000][6424][safepoint    ] Entering safepoint region: RevokeBias
[2022-06-16T20:14:12.964+0000][6424][safepoint    ] Leaving safepoint region
[2022-06-16T20:14:12.964+0000][6424][safepoint    ] Total time for which application threads were stopped: 0.0000637 seconds, Stopping threads took: 0.0000184 seconds
[2022-06-16T20:14:12.964+0000][6424][safepoint    ] Application time: 0.0000918 seconds
[2022-06-16T20:14:12.964+0000][6424][safepoint    ] Entering safepoint region: RevokeBias
[2022-06-16T20:14:12.964+0000][6424][safepoint    ] Leaving safepoint region
[2022-06-16T20:14:12.964+0000][6424][safepoint    ] Total time for which application threads were stopped: 0.0000791 seconds, Stopping threads took: 0.0000166 seconds
[2022-06-16T20:14:12.965+0000][6424][safepoint    ] Application time: 0.0000698 seconds
[2022-06-16T20:14:12.965+0000][6424][safepoint    ] Entering safepoint region: RevokeBias
[2022-06-16T20:14:12.965+0000][6424][safepoint    ] Leaving safepoint region
[2022-06-16T20:14:12.965+0000][6424][safepoint    ] Total time for which application threads were stopped: 0.0000620 seconds, Stopping threads took: 0.0000210 seconds
[2022-06-16T20:14:12.965+0000][6424][safepoint    ] Application time: 0.0000640 seconds
[2022-06-16T20:14:12.965+0000][6424][safepoint    ] Entering safepoint region: RevokeBias
[2022-06-16T20:14:12.965+0000][6424][safepoint    ] Leaving safepoint region
[2022-06-16T20:14:12.965+0000][6424][safepoint    ] Total time for which application threads were stopped: 0.0000664 seconds, Stopping threads took: 0.0000169 seconds
[2022-06-16T20:14:12.965+0000][6424][safepoint    ] Application time: 0.0001442 seconds
[2022-06-16T20:14:12.965+0000][6424][safepoint    ] Entering safepoint region: RevokeBias
[2022-06-16T20:14:12.965+0000][6424][safepoint    ] Leaving safepoint region
[2022-06-16T20:14:12.965+0000][6424][safepoint    ] Total time for which application threads were stopped: 0.0000658 seconds, Stopping threads took: 0.0000178 seconds
[2022-06-16T20:14:12.965+0000][6424][safepoint    ] Application time: 0.0000265 seconds
[2022-06-16T20:14:12.965+0000][6424][safepoint    ] Entering safepoint region: RevokeBias
[2022-06-16T20:14:12.965+0000][6424][safepoint    ] Leaving safepoint region
[2022-06-16T20:14:12.965+0000][6424][safepoint    ] Total time for which application threads were stopped: 0.0000642 seconds, Stopping threads took: 0.0000172 seconds
[2022-06-16T20:14:12.965+0000][6424][safepoint    ] Application time: 0.0001631 seconds
[2022-06-16T20:14:12.965+0000][6424][safepoint    ] Entering safepoint region: RevokeBias
[2022-06-16T20:14:12.965+0000][6424][safepoint    ] Leaving safepoint region
[2022-06-16T20:14:12.965+0000][6424][safepoint    ] Total time for which application threads were stopped: 0.0000522 seconds, Stopping threads took: 0.0000216 seconds
[2022-06-16T20:14:12.984+0000][6424][safepoint    ] Application time: 0.0182058 seconds
[2022-06-16T20:14:12.984+0000][6424][safepoint    ] Entering safepoint region: RevokeBias
[2022-06-16T20:14:12.984+0000][6424][safepoint    ] Leaving safepoint region
[2022-06-16T20:14:12.984+0000][6424][safepoint    ] Total time for which application threads were stopped: 0.0000902 seconds, Stopping threads took: 0.0000325 seconds
[2022-06-16T20:14:12.984+0000][6424][safepoint    ] Application time: 0.0005180 seconds
[2022-06-16T20:14:12.984+0000][6424][safepoint    ] Entering safepoint region: RevokeBias
[2022-06-16T20:14:12.984+0000][6424][safepoint    ] Leaving safepoint region
[2022-06-16T20:14:12.984+0000][6424][safepoint    ] Total time for which application threads were stopped: 0.0000938 seconds, Stopping threads took: 0.0000300 seconds
[2022-06-16T20:14:12.985+0000][6424][safepoint    ] Application time: 0.0001132 seconds
[2022-06-16T20:14:12.985+0000][6424][safepoint    ] Entering safepoint region: RevokeBias
[2022-06-16T20:14:12.985+0000][6424][safepoint    ] Leaving safepoint region
[2022-06-16T20:14:12.985+0000][6424][safepoint    ] Total time for which application threads were stopped: 0.0000715 seconds, Stopping threads took: 0.0000274 seconds
[2022-06-16T20:14:12.986+0000][6424][safepoint    ] Application time: 0.0017446 seconds
[2022-06-16T20:14:12.986+0000][6424][safepoint    ] Entering safepoint region: RevokeBias
[2022-06-16T20:14:12.987+0000][6424][safepoint    ] Leaving safepoint region
[2022-06-16T20:14:12.987+0000][6424][safepoint    ] Total time for which application threads were stopped: 0.0001009 seconds, Stopping threads took: 0.0000269 seconds
[2022-06-16T20:14:13.044+0000][6424][safepoint    ] Application time: 0.0578604 seconds
[2022-06-16T20:14:13.044+0000][6424][safepoint    ] Entering safepoint region: RevokeBias
[2022-06-16T20:14:13.045+0000][6424][safepoint    ] Leaving safepoint region
[2022-06-16T20:14:13.045+0000][6424][safepoint    ] Total time for which application threads were stopped: 0.0001419 seconds, Stopping threads took: 0.0000225 seconds
[2022-06-16T20:14:13.045+0000][6424][safepoint    ] Application time: 0.0000212 seconds
[2022-06-16T20:14:13.045+0000][6424][safepoint    ] Entering safepoint region: RevokeBias
[2022-06-16T20:14:13.045+0000][6424][safepoint    ] Leaving safepoint region
[2022-06-16T20:14:13.045+0000][6424][safepoint    ] Total time for which application threads were stopped: 0.0000773 seconds, Stopping threads took: 0.0000175 seconds
[2022-06-16T20:14:13.045+0000][6424][safepoint    ] Application time: 0.0000291 seconds
[2022-06-16T20:14:13.045+0000][6424][safepoint    ] Entering safepoint region: RevokeBias
[2022-06-16T20:14:13.045+0000][6424][safepoint    ] Leaving safepoint region
[2022-06-16T20:14:13.045+0000][6424][safepoint    ] Total time for which application threads were stopped: 0.0000674 seconds, Stopping threads took: 0.0000167 seconds
[2022-06-16T20:14:13.048+0000][6424][safepoint    ] Application time: 0.0032847 seconds
[2022-06-16T20:14:13.048+0000][6424][safepoint    ] Entering safepoint region: RevokeBias
[2022-06-16T20:14:13.048+0000][6424][safepoint    ] Leaving safepoint region
[2022-06-16T20:14:13.048+0000][6424][safepoint    ] Total time for which application threads were stopped: 0.0000864 seconds, Stopping threads took: 0.0000160 seconds
[2022-06-16T20:14:13.049+0000][6424][safepoint    ] Application time: 0.0002476 seconds
[2022-06-16T20:14:13.049+0000][6424][safepoint    ] Entering safepoint region: RevokeBias
[2022-06-16T20:14:13.049+0000][6424][safepoint    ] Leaving safepoint region
[2022-06-16T20:14:13.049+0000][6424][safepoint    ] Total time for which application threads were stopped: 0.0000917 seconds, Stopping threads took: 0.0000199 seconds
[2022-06-16T20:14:13.049+0000][6424][safepoint    ] Application time: 0.0007819 seconds
[2022-06-16T20:14:13.049+0000][6424][safepoint    ] Entering safepoint region: RevokeBias
[2022-06-16T20:14:13.050+0000][6424][safepoint    ] Leaving safepoint region
[2022-06-16T20:14:13.050+0000][6424][safepoint    ] Total time for which application threads were stopped: 0.0000842 seconds, Stopping threads took: 0.0000209 seconds
[2022-06-16T20:14:13.058+0000][6424][safepoint    ] Application time: 0.0084912 seconds
[2022-06-16T20:14:13.058+0000][6424][safepoint    ] Entering safepoint region: RevokeBias
[2022-06-16T20:14:13.058+0000][6424][safepoint    ] Leaving safepoint region
[2022-06-16T20:14:13.058+0000][6424][safepoint    ] Total time for which application threads were stopped: 0.0001046 seconds, Stopping threads took: 0.0000246 seconds
[2022-06-16T20:14:13.058+0000][6424][safepoint    ] Application time: 0.0002055 seconds
[2022-06-16T20:14:13.058+0000][6424][safepoint    ] Entering safepoint region: RevokeBias
[2022-06-16T20:14:13.059+0000][6424][safepoint    ] Leaving safepoint region
[2022-06-16T20:14:13.059+0000][6424][safepoint    ] Total time for which application threads were stopped: 0.0000881 seconds, Stopping threads took: 0.0000223 seconds
[2022-06-16T20:14:13.149+0000][6424][safepoint    ] Application time: 0.0905978 seconds
[2022-06-16T20:14:13.149+0000][6424][safepoint    ] Entering safepoint region: RevokeBias
[2022-06-16T20:14:13.149+0000][6424][safepoint    ] Leaving safepoint region
[2022-06-16T20:14:13.149+0000][6424][safepoint    ] Total time for which application threads were stopped: 0.0001388 seconds, Stopping threads took: 0.0000236 seconds
[2022-06-16T20:14:13.157+0000][6424][safepoint    ] Application time: 0.0075302 seconds
[2022-06-16T20:14:13.157+0000][6424][safepoint    ] Entering safepoint region: RevokeBias
[2022-06-16T20:14:13.157+0000][6424][safepoint    ] Leaving safepoint region
[2022-06-16T20:14:13.157+0000][6424][safepoint    ] Total time for which application threads were stopped: 0.0001053 seconds, Stopping threads took: 0.0000222 seconds
[2022-06-16T20:14:13.185+0000][6424][safepoint    ] Application time: 0.0278052 seconds
[2022-06-16T20:14:13.185+0000][6424][safepoint    ] Entering safepoint region: RevokeBias
[2022-06-16T20:14:13.185+0000][6424][safepoint    ] Leaving safepoint region
[2022-06-16T20:14:13.185+0000][6424][safepoint    ] Total time for which application threads were stopped: 0.0001278 seconds, Stopping threads took: 0.0000254 seconds
[2022-06-16T20:14:13.211+0000][6424][safepoint    ] Application time: 0.0260176 seconds
[2022-06-16T20:14:13.211+0000][6424][safepoint    ] Entering safepoint region: RevokeBias
[2022-06-16T20:14:13.211+0000][6424][safepoint    ] Leaving safepoint region
[2022-06-16T20:14:13.211+0000][6424][safepoint    ] Total time for which application threads were stopped: 0.0001273 seconds, Stopping threads took: 0.0000294 seconds
[2022-06-16T20:14:13.211+0000][6424][safepoint    ] Application time: 0.0000210 seconds
[2022-06-16T20:14:13.211+0000][6424][safepoint    ] Entering safepoint region: RevokeBias
[2022-06-16T20:14:13.211+0000][6424][safepoint    ] Leaving safepoint region
[2022-06-16T20:14:13.211+0000][6424][safepoint    ] Total time for which application threads were stopped: 0.0000721 seconds, Stopping threads took: 0.0000219 seconds
[2022-06-16T20:14:13.211+0000][6424][safepoint    ] Application time: 0.0000258 seconds
[2022-06-16T20:14:13.211+0000][6424][safepoint    ] Entering safepoint region: RevokeBias
[2022-06-16T20:14:13.212+0000][6424][safepoint    ] Leaving safepoint region
[2022-06-16T20:14:13.212+0000][6424][safepoint    ] Total time for which application threads were stopped: 0.0000963 seconds, Stopping threads took: 0.0000370 seconds
[2022-06-16T20:14:13.212+0000][6424][safepoint    ] Application time: 0.0000202 seconds
[2022-06-16T20:14:13.212+0000][6424][safepoint    ] Entering safepoint region: RevokeBias
[2022-06-16T20:14:13.212+0000][6424][safepoint    ] Leaving safepoint region
[2022-06-16T20:14:13.212+0000][6424][safepoint    ] Total time for which application threads were stopped: 0.0000681 seconds, Stopping threads took: 0.0000198 seconds
[2022-06-16T20:14:13.212+0000][6424][safepoint    ] Application time: 0.0000222 seconds
[2022-06-16T20:14:13.212+0000][6424][safepoint    ] Entering safepoint region: RevokeBias
[2022-06-16T20:14:13.212+0000][6424][safepoint    ] Leaving safepoint region
[2022-06-16T20:14:13.212+0000][6424][safepoint    ] Total time for which application threads were stopped: 0.0000742 seconds, Stopping threads took: 0.0000209 seconds
[2022-06-16T20:14:13.212+0000][6424][safepoint    ] Application time: 0.0002955 seconds
[2022-06-16T20:14:13.212+0000][6424][safepoint    ] Entering safepoint region: RevokeBias
[2022-06-16T20:14:13.212+0000][6424][safepoint    ] Leaving safepoint region
[2022-06-16T20:14:13.212+0000][6424][safepoint    ] Total time for which application threads were stopped: 0.0000943 seconds, Stopping threads took: 0.0000209 seconds
[2022-06-16T20:14:13.212+0000][6424][safepoint    ] Application time: 0.0001403 seconds
[2022-06-16T20:14:13.212+0000][6424][safepoint    ] Entering safepoint region: RevokeBias
[2022-06-16T20:14:13.213+0000][6424][safepoint    ] Leaving safepoint region
[2022-06-16T20:14:13.213+0000][6424][safepoint    ] Total time for which application threads were stopped: 0.0000879 seconds, Stopping threads took: 0.0000191 seconds
[2022-06-16T20:14:13.224+0000][6424][safepoint    ] Application time: 0.0110899 seconds
[2022-06-16T20:14:13.224+0000][6424][safepoint    ] Entering safepoint region: RevokeBias
[2022-06-16T20:14:13.224+0000][6424][safepoint    ] Leaving safepoint region
[2022-06-16T20:14:13.224+0000][6424][safepoint    ] Total time for which application threads were stopped: 0.0001117 seconds, Stopping threads took: 0.0000268 seconds
[2022-06-16T20:14:13.224+0000][6424][safepoint    ] Application time: 0.0000865 seconds
[2022-06-16T20:14:13.224+0000][6424][safepoint    ] Entering safepoint region: RevokeBias
[2022-06-16T20:14:13.224+0000][6424][safepoint    ] Leaving safepoint region
[2022-06-16T20:14:13.224+0000][6424][safepoint    ] Total time for which application threads were stopped: 0.0000714 seconds, Stopping threads took: 0.0000182 seconds
[2022-06-16T20:14:13.225+0000][6424][safepoint    ] Application time: 0.0005050 seconds
[2022-06-16T20:14:13.225+0000][6424][safepoint    ] Entering safepoint region: RevokeBias
[2022-06-16T20:14:13.225+0000][6424][safepoint    ] Leaving safepoint region
[2022-06-16T20:14:13.225+0000][6424][safepoint    ] Total time for which application threads were stopped: 0.0000959 seconds, Stopping threads took: 0.0000315 seconds
[2022-06-16T20:14:13.225+0000][6424][safepoint    ] Application time: 0.0001241 seconds
[2022-06-16T20:14:13.225+0000][6424][safepoint    ] Entering safepoint region: RevokeBias
[2022-06-16T20:14:13.225+0000][6424][safepoint    ] Leaving safepoint region
[2022-06-16T20:14:13.225+0000][6424][safepoint    ] Total time for which application threads were stopped: 0.0000810 seconds, Stopping threads took: 0.0000213 seconds
[2022-06-16T20:14:13.225+0000][6424][safepoint    ] Application time: 0.0005394 seconds
[2022-06-16T20:14:13.226+0000][6424][safepoint    ] Entering safepoint region: RevokeBias
[2022-06-16T20:14:13.226+0000][6424][safepoint    ] Leaving safepoint region
[2022-06-16T20:14:13.226+0000][6424][safepoint    ] Total time for which application threads were stopped: 0.0000968 seconds, Stopping threads took: 0.0000315 seconds
[2022-06-16T20:14:13.226+0000][6424][safepoint    ] Application time: 0.0000657 seconds
[2022-06-16T20:14:13.226+0000][6424][safepoint    ] Entering safepoint region: BulkRevokeBias
[2022-06-16T20:14:13.226+0000][6424][safepoint    ] Leaving safepoint region
[2022-06-16T20:14:13.226+0000][6424][safepoint    ] Total time for which application threads were stopped: 0.0002421 seconds, Stopping threads took: 0.0000166 seconds
[2022-06-16T20:14:13.226+0000][6424][safepoint    ] Application time: 0.0000825 seconds
[2022-06-16T20:14:13.226+0000][6424][safepoint    ] Entering safepoint region: RevokeBias
[2022-06-16T20:14:13.226+0000][6424][safepoint    ] Leaving safepoint region
[2022-06-16T20:14:13.226+0000][6424][safepoint    ] Total time for which application threads were stopped: 0.0000550 seconds, Stopping threads took: 0.0000123 seconds
[2022-06-16T20:14:13.226+0000][6424][safepoint    ] Application time: 0.0001404 seconds
[2022-06-16T20:14:13.226+0000][6424][safepoint    ] Entering safepoint region: BulkRevokeBias
[2022-06-16T20:14:13.226+0000][6424][safepoint    ] Leaving safepoint region
[2022-06-16T20:14:13.226+0000][6424][safepoint    ] Total time for which application threads were stopped: 0.0002182 seconds, Stopping threads took: 0.0000120 seconds
[2022-06-16T20:14:13.227+0000][6424][safepoint    ] Application time: 0.0000912 seconds
[2022-06-16T20:14:13.227+0000][6424][safepoint    ] Entering safepoint region: RevokeBias
[2022-06-16T20:14:13.227+0000][6424][safepoint    ] Leaving safepoint region
[2022-06-16T20:14:13.227+0000][6424][safepoint    ] Total time for which application threads were stopped: 0.0000521 seconds, Stopping threads took: 0.0000122 seconds
[2022-06-16T20:14:13.227+0000][6424][safepoint    ] Application time: 0.0002102 seconds
[2022-06-16T20:14:13.227+0000][6424][safepoint    ] Entering safepoint region: RevokeBias
[2022-06-16T20:14:13.227+0000][6424][safepoint    ] Leaving safepoint region
[2022-06-16T20:14:13.227+0000][6424][safepoint    ] Total time for which application threads were stopped: 0.0000825 seconds, Stopping threads took: 0.0000375 seconds
[2022-06-16T20:14:13.227+0000][6424][safepoint    ] Application time: 0.0001844 seconds
[2022-06-16T20:14:13.227+0000][6424][safepoint    ] Entering safepoint region: RevokeBias
[2022-06-16T20:14:13.227+0000][6424][safepoint    ] Leaving safepoint region
[2022-06-16T20:14:13.227+0000][6424][safepoint    ] Total time for which application threads were stopped: 0.0000633 seconds, Stopping threads took: 0.0000231 seconds
[2022-06-16T20:14:13.228+0000][6424][safepoint    ] Application time: 0.0002582 seconds
[2022-06-16T20:14:13.228+0000][6424][safepoint    ] Entering safepoint region: RevokeBias
[2022-06-16T20:14:13.228+0000][6424][safepoint    ] Leaving safepoint region
[2022-06-16T20:14:13.228+0000][6424][safepoint    ] Total time for which application threads were stopped: 0.0000780 seconds, Stopping threads took: 0.0000367 seconds
[2022-06-16T20:14:13.228+0000][6424][safepoint    ] Application time: 0.0001517 seconds
[2022-06-16T20:14:13.228+0000][6424][safepoint    ] Entering safepoint region: RevokeBias
[2022-06-16T20:14:13.228+0000][6424][safepoint    ] Leaving safepoint region
[2022-06-16T20:14:13.228+0000][6424][safepoint    ] Total time for which application threads were stopped: 0.0000433 seconds, Stopping threads took: 0.0000129 seconds
[2022-06-16T20:14:13.228+0000][6424][safepoint    ] Application time: 0.0000727 seconds
[2022-06-16T20:14:13.228+0000][6424][safepoint    ] Entering safepoint region: RevokeBias
[2022-06-16T20:14:13.228+0000][6424][safepoint    ] Leaving safepoint region
[2022-06-16T20:14:13.228+0000][6424][safepoint    ] Total time for which application threads were stopped: 0.0000886 seconds, Stopping threads took: 0.0000488 seconds
[2022-06-16T20:14:13.228+0000][6424][safepoint    ] Application time: 0.0003192 seconds
[2022-06-16T20:14:13.228+0000][6424][safepoint    ] Entering safepoint region: RevokeBias
[2022-06-16T20:14:13.229+0000][6424][safepoint    ] Leaving safepoint region
[2022-06-16T20:14:13.229+0000][6424][safepoint    ] Total time for which application threads were stopped: 0.0000776 seconds, Stopping threads took: 0.0000215 seconds
[2022-06-16T20:14:13.229+0000][6424][safepoint    ] Application time: 0.0004096 seconds
[2022-06-16T20:14:13.229+0000][6424][safepoint    ] Entering safepoint region: RevokeBias
[2022-06-16T20:14:13.229+0000][6424][safepoint    ] Leaving safepoint region
[2022-06-16T20:14:13.229+0000][6424][safepoint    ] Total time for which application threads were stopped: 0.0001111 seconds, Stopping threads took: 0.0000327 seconds
[2022-06-16T20:14:13.229+0000][6424][safepoint    ] Application time: 0.0000331 seconds
[2022-06-16T20:14:13.229+0000][6424][safepoint    ] Entering safepoint region: RevokeBias
[2022-06-16T20:14:13.229+0000][6424][safepoint    ] Leaving safepoint region
[2022-06-16T20:14:13.229+0000][6424][safepoint    ] Total time for which application threads were stopped: 0.0000847 seconds, Stopping threads took: 0.0000180 seconds
[2022-06-16T20:14:13.235+0000][6424][safepoint    ] Application time: 0.0056607 seconds
[2022-06-16T20:14:13.235+0000][6424][safepoint    ] Entering safepoint region: RevokeBias
[2022-06-16T20:14:13.235+0000][6424][safepoint    ] Leaving safepoint region
[2022-06-16T20:14:13.235+0000][6424][safepoint    ] Total time for which application threads were stopped: 0.0000870 seconds, Stopping threads took: 0.0000476 seconds
[2022-06-16T20:14:13.235+0000][6424][safepoint    ] Application time: 0.0000464 seconds
[2022-06-16T20:14:13.235+0000][6424][safepoint    ] Entering safepoint region: RevokeBias
[2022-06-16T20:14:13.235+0000][6424][safepoint    ] Leaving safepoint region
[2022-06-16T20:14:13.235+0000][6424][safepoint    ] Total time for which application threads were stopped: 0.0000607 seconds, Stopping threads took: 0.0000295 seconds
[2022-06-16T20:14:13.235+0000][6424][safepoint    ] Application time: 0.0001019 seconds
[2022-06-16T20:14:13.235+0000][6424][safepoint    ] Entering safepoint region: RevokeBias
[2022-06-16T20:14:13.235+0000][6424][safepoint    ] Leaving safepoint region
[2022-06-16T20:14:13.235+0000][6424][safepoint    ] Total time for which application threads were stopped: 0.0000452 seconds, Stopping threads took: 0.0000157 seconds
[2022-06-16T20:14:13.235+0000][6424][safepoint    ] Application time: 0.0000686 seconds
[2022-06-16T20:14:13.235+0000][6424][safepoint    ] Entering safepoint region: RevokeBias
[2022-06-16T20:14:13.236+0000][6424][safepoint    ] Leaving safepoint region
[2022-06-16T20:14:13.236+0000][6424][safepoint    ] Total time for which application threads were stopped: 0.0000526 seconds, Stopping threads took: 0.0000221 seconds
[2022-06-16T20:14:13.236+0000][6424][safepoint    ] Application time: 0.0003801 seconds
[2022-06-16T20:14:13.236+0000][6424][safepoint    ] Entering safepoint region: RevokeBias
[2022-06-16T20:14:13.236+0000][6424][safepoint    ] Leaving safepoint region
[2022-06-16T20:14:13.236+0000][6424][safepoint    ] Total time for which application threads were stopped: 0.0000438 seconds, Stopping threads took: 0.0000121 seconds
[2022-06-16T20:14:13.236+0000][6424][safepoint    ] Application time: 0.0004711 seconds
[2022-06-16T20:14:13.237+0000][6424][safepoint    ] Entering safepoint region: RevokeBias
[2022-06-16T20:14:13.237+0000][6424][safepoint    ] Leaving safepoint region
[2022-06-16T20:14:13.237+0000][6424][safepoint    ] Total time for which application threads were stopped: 0.0000684 seconds, Stopping threads took: 0.0000221 seconds
[2022-06-16T20:14:13.237+0000][6424][safepoint    ] Application time: 0.0002990 seconds
[2022-06-16T20:14:13.237+0000][6424][safepoint    ] Entering safepoint region: RevokeBias
[2022-06-16T20:14:13.237+0000][6424][safepoint    ] Leaving safepoint region
[2022-06-16T20:14:13.237+0000][6424][safepoint    ] Total time for which application threads were stopped: 0.0000478 seconds, Stopping threads took: 0.0000125 seconds
[2022-06-16T20:14:13.240+0000][6424][safepoint    ] Application time: 0.0030568 seconds
[2022-06-16T20:14:13.240+0000][6424][safepoint    ] Entering safepoint region: RevokeBias
[2022-06-16T20:14:13.240+0000][6424][safepoint    ] Leaving safepoint region
[2022-06-16T20:14:13.240+0000][6424][safepoint    ] Total time for which application threads were stopped: 0.0000623 seconds, Stopping threads took: 0.0000246 seconds
[2022-06-16T20:14:13.241+0000][6424][safepoint    ] Application time: 0.0006266 seconds
[2022-06-16T20:14:13.241+0000][6424][safepoint    ] Entering safepoint region: RevokeBias
[2022-06-16T20:14:13.241+0000][6424][safepoint    ] Leaving safepoint region
[2022-06-16T20:14:13.241+0000][6424][safepoint    ] Total time for which application threads were stopped: 0.0000653 seconds, Stopping threads took: 0.0000223 seconds
[2022-06-16T20:14:13.244+0000][6424][safepoint    ] Application time: 0.0029216 seconds
[2022-06-16T20:14:13.244+0000][6424][safepoint    ] Entering safepoint region: RevokeBias
