[2022-06-16T20:14:25.361+0000][7672][gc] Using Concurrent Mark Sweep
[2022-06-16T20:14:25.361+0000][7672][gc,heap,coops] Heap address: 0x00000000c0000000, size: 1024 MB, Compressed Oops mode: 32-bit
[2022-06-16T20:14:25.440+0000][7672][safepoint    ] Entering safepoint region: EnableBiasedLocking
[2022-06-16T20:14:25.440+0000][7672][safepoint    ] Leaving safepoint region
[2022-06-16T20:14:25.440+0000][7672][safepoint    ] Total time for which application threads were stopped: 0.0002055 seconds, Stopping threads took: 0.0001096 seconds
[2022-06-16T20:14:25.581+0000][7672][safepoint    ] Application time: 0.1285858 seconds
[2022-06-16T20:14:25.581+0000][7672][safepoint    ] Entering safepoint region: RevokeBias
[2022-06-16T20:14:25.581+0000][7672][safepoint    ] Leaving safepoint region
[2022-06-16T20:14:25.581+0000][7672][safepoint    ] Total time for which application threads were stopped: 0.0003672 seconds, Stopping threads took: 0.0000593 seconds
[2022-06-16T20:14:25.612+0000][7672][safepoint    ] Application time: 0.0422920 seconds
[2022-06-16T20:14:25.612+0000][7672][safepoint    ] Entering safepoint region: Deoptimize
[2022-06-16T20:14:25.612+0000][7672][safepoint    ] Leaving safepoint region
[2022-06-16T20:14:25.612+0000][7672][safepoint    ] Total time for which application threads were stopped: 0.0001261 seconds, Stopping threads took: 0.0000335 seconds
[2022-06-16T20:14:25.612+0000][7672][safepoint    ] Application time: 0.0003521 seconds
[2022-06-16T20:14:25.612+0000][7672][safepoint    ] Entering safepoint region: Deoptimize
[2022-06-16T20:14:25.612+0000][7672][safepoint    ] Leaving safepoint region
[2022-06-16T20:14:25.612+0000][7672][safepoint    ] Total time for which application threads were stopped: 0.0000794 seconds, Stopping threads took: 0.0000201 seconds
[2022-06-16T20:14:25.628+0000][7672][safepoint    ] Application time: 0.0086158 seconds
[2022-06-16T20:14:25.628+0000][7672][safepoint    ] Entering safepoint region: Deoptimize
[2022-06-16T20:14:25.628+0000][7672][safepoint    ] Leaving safepoint region
[2022-06-16T20:14:25.628+0000][7672][safepoint    ] Total time for which application threads were stopped: 0.0000850 seconds, Stopping threads took: 0.0000235 seconds
[2022-06-16T20:14:26.019+0000][7672][safepoint    ] Application time: 0.3955508 seconds
[2022-06-16T20:14:26.019+0000][7672][safepoint    ] Entering safepoint region: Deoptimize
[2022-06-16T20:14:26.019+0000][7672][safepoint    ] Leaving safepoint region
[2022-06-16T20:14:26.019+0000][7672][safepoint    ] Total time for which application threads were stopped: 0.0001996 seconds, Stopping threads took: 0.0000253 seconds
[2022-06-16T20:14:26.019+0000][7672][safepoint    ] Application time: 0.0007685 seconds
[2022-06-16T20:14:26.019+0000][7672][safepoint    ] Entering safepoint region: Deoptimize
[2022-06-16T20:14:26.019+0000][7672][safepoint    ] Leaving safepoint region
[2022-06-16T20:14:26.019+0000][7672][safepoint    ] Total time for which application threads were stopped: 0.0001184 seconds, Stopping threads took: 0.0000230 seconds
[2022-06-16T20:14:26.050+0000][7672][safepoint    ] Application time: 0.0191502 seconds
[2022-06-16T20:14:26.050+0000][7672][safepoint    ] Entering safepoint region: Deoptimize
[2022-06-16T20:14:26.050+0000][7672][safepoint    ] Leaving safepoint region
[2022-06-16T20:14:26.050+0000][7672][safepoint    ] Total time for which application threads were stopped: 0.0001215 seconds, Stopping threads took: 0.0000202 seconds
[2022-06-16T20:14:26.065+0000][7672][safepoint    ] Application time: 0.0156580 seconds
[2022-06-16T20:14:26.065+0000][7672][safepoint    ] Entering safepoint region: Deoptimize
[2022-06-16T20:14:26.065+0000][7672][safepoint    ] Leaving safepoint region
[2022-06-16T20:14:26.065+0000][7672][safepoint    ] Total time for which application threads were stopped: 0.0001433 seconds, Stopping threads took: 0.0000259 seconds
[2022-06-16T20:14:26.175+0000][7672][safepoint    ] Application time: 0.1114569 seconds
[2022-06-16T20:14:26.175+0000][7672][safepoint    ] Entering safepoint region: Deoptimize
[2022-06-16T20:14:26.175+0000][7672][safepoint    ] Leaving safepoint region
[2022-06-16T20:14:26.175+0000][7672][safepoint    ] Total time for which application threads were stopped: 0.0002604 seconds, Stopping threads took: 0.0001106 seconds
[2022-06-16T20:14:26.222+0000][7672][safepoint    ] Application time: 0.0493379 seconds
[2022-06-16T20:14:26.222+0000][7672][safepoint    ] Entering safepoint region: Deoptimize
[2022-06-16T20:14:26.222+0000][7672][safepoint    ] Leaving safepoint region
[2022-06-16T20:14:26.222+0000][7672][safepoint    ] Total time for which application threads were stopped: 0.0001790 seconds, Stopping threads took: 0.0000254 seconds
[2022-06-16T20:14:26.659+0000][7672][safepoint    ] Application time: 0.4338175 seconds
[2022-06-16T20:14:26.659+0000][7672][safepoint    ] Entering safepoint region: RevokeBias
[2022-06-16T20:14:26.659+0000][7672][safepoint    ] Leaving safepoint region
[2022-06-16T20:14:26.659+0000][7672][safepoint    ] Total time for which application threads were stopped: 0.0001797 seconds, Stopping threads took: 0.0000270 seconds
[2022-06-16T20:14:26.831+0000][7672][safepoint    ] Application time: 0.1817000 seconds
[2022-06-16T20:14:26.831+0000][7672][safepoint    ] Entering safepoint region: Deoptimize
[2022-06-16T20:14:26.831+0000][7672][safepoint    ] Leaving safepoint region
[2022-06-16T20:14:26.831+0000][7672][safepoint    ] Total time for which application threads were stopped: 0.0002694 seconds, Stopping threads took: 0.0000249 seconds
[2022-06-16T20:14:27.144+0000][7672][safepoint    ] Application time: 0.3097352 seconds
[2022-06-16T20:14:27.144+0000][7672][safepoint    ] Entering safepoint region: Deoptimize
[2022-06-16T20:14:27.144+0000][7672][safepoint    ] Leaving safepoint region
[2022-06-16T20:14:27.144+0000][7672][safepoint    ] Total time for which application threads were stopped: 0.0003210 seconds, Stopping threads took: 0.0000185 seconds
[2022-06-16T20:14:27.253+0000][7672][safepoint    ] Application time: 0.0983156 seconds
[2022-06-16T20:14:27.253+0000][7672][safepoint    ] Entering safepoint region: CollectForMetadataAllocation
[2022-06-16T20:14:27.253+0000][7672][safepoint    ] Leaving safepoint region
[2022-06-16T20:14:27.253+0000][7672][safepoint    ] Total time for which application threads were stopped: 0.0002040 seconds, Stopping threads took: 0.0000263 seconds
[2022-06-16T20:14:27.284+0000][7672][safepoint    ] Application time: 0.0333719 seconds
[2022-06-16T20:14:27.284+0000][7672][safepoint    ] Entering safepoint region: CollectForMetadataAllocation
[2022-06-16T20:14:27.284+0000][7672][safepoint    ] Leaving safepoint region
[2022-06-16T20:14:27.284+0000][7672][safepoint    ] Total time for which application threads were stopped: 0.0001629 seconds, Stopping threads took: 0.0000244 seconds
[2022-06-16T20:14:27.300+0000][7672][safepoint    ] Application time: 0.0139668 seconds
[2022-06-16T20:14:27.300+0000][7672][safepoint    ] Entering safepoint region: CollectForMetadataAllocation
[2022-06-16T20:14:27.300+0000][7672][safepoint    ] Leaving safepoint region
[2022-06-16T20:14:27.300+0000][7672][safepoint    ] Total time for which application threads were stopped: 0.0001481 seconds, Stopping threads took: 0.0000206 seconds
[2022-06-16T20:14:27.315+0000][7672][safepoint    ] Application time: 0.0164694 seconds
[2022-06-16T20:14:27.315+0000][7672][safepoint    ] Entering safepoint region: CollectForMetadataAllocation
[2022-06-16T20:14:27.315+0000][7672][safepoint    ] Leaving safepoint region
[2022-06-16T20:14:27.315+0000][7672][safepoint    ] Total time for which application threads were stopped: 0.0001780 seconds, Stopping threads took: 0.0000285 seconds
[2022-06-16T20:14:27.409+0000][7672][safepoint    ] Application time: 0.0906007 seconds
[2022-06-16T20:14:27.409+0000][7672][safepoint    ] Entering safepoint region: CMS_Initial_Mark
[2022-06-16T20:14:27.409+0000][7672][gc,start     ] GC(0) Pause Initial Mark
[2022-06-16T20:14:27.425+0000][7672][gc           ] GC(0) Pause Initial Mark 72M->72M(1007M) 24.595ms
[2022-06-16T20:14:27.425+0000][7672][gc,cpu       ] GC(0) User=0.00s Sys=0.00s Real=0.02s
[2022-06-16T20:14:27.425+0000][7672][safepoint    ] Leaving safepoint region
[2022-06-16T20:14:27.425+0000][7672][safepoint    ] Total time for which application threads were stopped: 0.0248437 seconds, Stopping threads took: 0.0000295 seconds
[2022-06-16T20:14:27.425+0000][7672][gc           ] GC(0) Concurrent Mark
[2022-06-16T20:14:27.425+0000][7672][gc           ] GC(0) Concurrent Mark 3.747ms
[2022-06-16T20:14:27.425+0000][7672][gc,cpu       ] GC(0) User=0.00s Sys=0.00s Real=0.00s
[2022-06-16T20:14:27.425+0000][7672][safepoint    ] Application time: 0.0038504 seconds
[2022-06-16T20:14:27.425+0000][7672][safepoint    ] Entering safepoint region: RevokeBias
[2022-06-16T20:14:27.425+0000][7672][safepoint    ] Leaving safepoint region
[2022-06-16T20:14:27.425+0000][7672][safepoint    ] Total time for which application threads were stopped: 0.0000802 seconds, Stopping threads took: 0.0000202 seconds
[2022-06-16T20:14:27.425+0000][7672][gc           ] GC(0) Concurrent Preclean
[2022-06-16T20:14:27.425+0000][7672][gc           ] GC(0) Concurrent Preclean 1.891ms
[2022-06-16T20:14:27.425+0000][7672][gc,cpu       ] GC(0) User=0.00s Sys=0.00s Real=0.00s
[2022-06-16T20:14:27.425+0000][7672][gc           ] GC(0) Concurrent Abortable Preclean
[2022-06-16T20:14:27.550+0000][7672][safepoint    ] Application time: 0.1163480 seconds
[2022-06-16T20:14:27.550+0000][7672][safepoint    ] Entering safepoint region: CollectForMetadataAllocation
[2022-06-16T20:14:27.550+0000][7672][safepoint    ] Leaving safepoint region
[2022-06-16T20:14:27.550+0000][7672][safepoint    ] Total time for which application threads were stopped: 0.0001435 seconds, Stopping threads took: 0.0000265 seconds
[2022-06-16T20:14:27.722+0000][7672][safepoint    ] Application time: 0.1673885 seconds
[2022-06-16T20:14:27.722+0000][7672][safepoint    ] Entering safepoint region: CollectForMetadataAllocation
[2022-06-16T20:14:27.722+0000][7672][safepoint    ] Leaving safepoint region
[2022-06-16T20:14:27.722+0000][7672][safepoint    ] Total time for which application threads were stopped: 0.0001888 seconds, Stopping threads took: 0.0000278 seconds
[2022-06-16T20:14:28.222+0000][7672][safepoint    ] Application time: 0.5129862 seconds
[2022-06-16T20:14:28.222+0000][7672][safepoint    ] Entering safepoint region: CollectForMetadataAllocation
[2022-06-16T20:14:28.222+0000][7672][safepoint    ] Leaving safepoint region
[2022-06-16T20:14:28.222+0000][7672][safepoint    ] Total time for which application threads were stopped: 0.0002255 seconds, Stopping threads took: 0.0000260 seconds
[2022-06-16T20:14:28.706+0000][7672][safepoint    ] Application time: 0.4765153 seconds
[2022-06-16T20:14:28.706+0000][7672][safepoint    ] Entering safepoint region: CollectForMetadataAllocation
[2022-06-16T20:14:28.706+0000][7672][safepoint    ] Leaving safepoint region
[2022-06-16T20:14:28.706+0000][7672][safepoint    ] Total time for which application threads were stopped: 0.0002393 seconds, Stopping threads took: 0.0000261 seconds
[2022-06-16T20:14:28.956+0000][7672][safepoint    ] Application time: 0.2588963 seconds
[2022-06-16T20:14:28.956+0000][7672][safepoint    ] Entering safepoint region: GenCollectForAllocation
[2022-06-16T20:14:28.956+0000][7672][gc,start     ] GC(1) Pause Young (Allocation Failure)
[2022-06-16T20:14:28.972+0000][7672][gc,task      ] GC(1) Using 2 workers of 2 for evacuation
[2022-06-16T20:14:28.987+0000][7672][gc,age       ] GC(1) Desired survivor size 8716288 bytes, new threshold 6 (max threshold 6)
[2022-06-16T20:14:28.987+0000][7672][gc,age       ] GC(1) Age table with threshold 6 (max threshold 6)
[2022-06-16T20:14:28.987+0000][7672][gc,age       ] GC(1) - age   1:    8484144 bytes,    8484144 total
[2022-06-16T20:14:28.987+0000][7672][gc,heap      ] GC(1) ParNew: 136320K->8344K(153344K)
[2022-06-16T20:14:28.987+0000][7672][gc,heap      ] GC(1) CMS: 0K->0K(878208K)
[2022-06-16T20:14:28.987+0000][7672][gc,metaspace ] GC(1) Metaspace: 23030K->23030K(1071104K)
[2022-06-16T20:14:28.987+0000][7672][gc           ] GC(1) Pause Young (Allocation Failure) 133M->8M(1007M) 23.494ms
[2022-06-16T20:14:28.987+0000][7672][gc,cpu       ] GC(1) User=0.06s Sys=0.00s Real=0.03s
[2022-06-16T20:14:28.987+0000][7672][safepoint    ] Leaving safepoint region
[2022-06-16T20:14:28.987+0000][7672][safepoint    ] Total time for which application threads were stopped: 0.0236988 seconds, Stopping threads took: 0.0000276 seconds
[2022-06-16T20:14:29.003+0000][7672][safepoint    ] Application time: 0.0215039 seconds
[2022-06-16T20:14:29.003+0000][7672][safepoint    ] Entering safepoint region: RevokeBias
[2022-06-16T20:14:29.003+0000][7672][safepoint    ] Leaving safepoint region
[2022-06-16T20:14:29.003+0000][7672][safepoint    ] Total time for which application threads were stopped: 0.0001373 seconds, Stopping threads took: 0.0000595 seconds
[2022-06-16T20:14:29.003+0000][7672][safepoint    ] Application time: 0.0000508 seconds
[2022-06-16T20:14:29.003+0000][7672][safepoint    ] Entering safepoint region: RevokeBias
[2022-06-16T20:14:29.003+0000][7672][safepoint    ] Leaving safepoint region
[2022-06-16T20:14:29.003+0000][7672][safepoint    ] Total time for which application threads were stopped: 0.0000682 seconds, Stopping threads took: 0.0000144 seconds
[2022-06-16T20:14:29.003+0000][7672][safepoint    ] Application time: 0.0000552 seconds
[2022-06-16T20:14:29.003+0000][7672][safepoint    ] Entering safepoint region: RevokeBias
[2022-06-16T20:14:29.003+0000][7672][safepoint    ] Leaving safepoint region
[2022-06-16T20:14:29.003+0000][7672][safepoint    ] Total time for which application threads were stopped: 0.0000632 seconds, Stopping threads took: 0.0000140 seconds
[2022-06-16T20:14:29.003+0000][7672][safepoint    ] Application time: 0.0000491 seconds
[2022-06-16T20:14:29.003+0000][7672][safepoint    ] Entering safepoint region: RevokeBias
[2022-06-16T20:14:29.003+0000][7672][safepoint    ] Leaving safepoint region
[2022-06-16T20:14:29.003+0000][7672][safepoint    ] Total time for which application threads were stopped: 0.0000608 seconds, Stopping threads took: 0.0000138 seconds
[2022-06-16T20:14:29.003+0000][7672][safepoint    ] Application time: 0.0000563 seconds
[2022-06-16T20:14:29.003+0000][7672][safepoint    ] Entering safepoint region: RevokeBias
[2022-06-16T20:14:29.003+0000][7672][safepoint    ] Leaving safepoint region
[2022-06-16T20:14:29.003+0000][7672][safepoint    ] Total time for which application threads were stopped: 0.0000610 seconds, Stopping threads took: 0.0000140 seconds
[2022-06-16T20:14:29.003+0000][7672][safepoint    ] Application time: 0.0000509 seconds
[2022-06-16T20:14:29.003+0000][7672][safepoint    ] Entering safepoint region: RevokeBias
[2022-06-16T20:14:29.003+0000][7672][safepoint    ] Leaving safepoint region
[2022-06-16T20:14:29.003+0000][7672][safepoint    ] Total time for which application threads were stopped: 0.0000598 seconds, Stopping threads took: 0.0000136 seconds
[2022-06-16T20:14:29.003+0000][7672][safepoint    ] Application time: 0.0000747 seconds
[2022-06-16T20:14:29.003+0000][7672][safepoint    ] Entering safepoint region: RevokeBias
[2022-06-16T20:14:29.003+0000][7672][safepoint    ] Leaving safepoint region
[2022-06-16T20:14:29.003+0000][7672][safepoint    ] Total time for which application threads were stopped: 0.0001384 seconds, Stopping threads took: 0.0000337 seconds
[2022-06-16T20:14:29.003+0000][7672][safepoint    ] Application time: 0.0000638 seconds
[2022-06-16T20:14:29.003+0000][7672][safepoint    ] Entering safepoint region: RevokeBias
[2022-06-16T20:14:29.003+0000][7672][safepoint    ] Leaving safepoint region
[2022-06-16T20:14:29.003+0000][7672][safepoint    ] Total time for which application threads were stopped: 0.0000770 seconds, Stopping threads took: 0.0000140 seconds
[2022-06-16T20:14:29.003+0000][7672][safepoint    ] Application time: 0.0000407 seconds
[2022-06-16T20:14:29.003+0000][7672][safepoint    ] Entering safepoint region: RevokeBias
[2022-06-16T20:14:29.003+0000][7672][safepoint    ] Leaving safepoint region
[2022-06-16T20:14:29.003+0000][7672][safepoint    ] Total time for which application threads were stopped: 0.0001683 seconds, Stopping threads took: 0.0000975 seconds
[2022-06-16T20:14:29.003+0000][7672][safepoint    ] Application time: 0.0000283 seconds
[2022-06-16T20:14:29.003+0000][7672][safepoint    ] Entering safepoint region: RevokeBias
[2022-06-16T20:14:29.003+0000][7672][safepoint    ] Leaving safepoint region
[2022-06-16T20:14:29.003+0000][7672][safepoint    ] Total time for which application threads were stopped: 0.0000749 seconds, Stopping threads took: 0.0000135 seconds
[2022-06-16T20:14:29.003+0000][7672][safepoint    ] Application time: 0.0000461 seconds
[2022-06-16T20:14:29.003+0000][7672][safepoint    ] Entering safepoint region: RevokeBias
[2022-06-16T20:14:29.003+0000][7672][safepoint    ] Leaving safepoint region
[2022-06-16T20:14:29.003+0000][7672][safepoint    ] Total time for which application threads were stopped: 0.0000772 seconds, Stopping threads took: 0.0000141 seconds
[2022-06-16T20:14:29.019+0000][7672][safepoint    ] Application time: 0.0001924 seconds
[2022-06-16T20:14:29.019+0000][7672][safepoint    ] Entering safepoint region: RevokeBias
[2022-06-16T20:14:29.019+0000][7672][safepoint    ] Leaving safepoint region
[2022-06-16T20:14:29.019+0000][7672][safepoint    ] Total time for which application threads were stopped: 0.0000802 seconds, Stopping threads took: 0.0000142 seconds
[2022-06-16T20:14:29.019+0000][7672][safepoint    ] Application time: 0.0000435 seconds
[2022-06-16T20:14:29.019+0000][7672][safepoint    ] Entering safepoint region: RevokeBias
[2022-06-16T20:14:29.019+0000][7672][safepoint    ] Leaving safepoint region
[2022-06-16T20:14:29.019+0000][7672][safepoint    ] Total time for which application threads were stopped: 0.0000773 seconds, Stopping threads took: 0.0000140 seconds
[2022-06-16T20:14:29.019+0000][7672][safepoint    ] Application time: 0.0000333 seconds
[2022-06-16T20:14:29.019+0000][7672][safepoint    ] Entering safepoint region: RevokeBias
[2022-06-16T20:14:29.019+0000][7672][safepoint    ] Leaving safepoint region
[2022-06-16T20:14:29.019+0000][7672][safepoint    ] Total time for which application threads were stopped: 0.0000755 seconds, Stopping threads took: 0.0000140 seconds
[2022-06-16T20:14:29.019+0000][7672][safepoint    ] Application time: 0.0000392 seconds
[2022-06-16T20:14:29.019+0000][7672][safepoint    ] Entering safepoint region: RevokeBias
[2022-06-16T20:14:29.019+0000][7672][safepoint    ] Leaving safepoint region
[2022-06-16T20:14:29.019+0000][7672][safepoint    ] Total time for which application threads were stopped: 0.0000750 seconds, Stopping threads took: 0.0000136 seconds
[2022-06-16T20:14:29.019+0000][7672][safepoint    ] Application time: 0.0000371 seconds
[2022-06-16T20:14:29.019+0000][7672][safepoint    ] Entering safepoint region: RevokeBias
[2022-06-16T20:14:29.019+0000][7672][safepoint    ] Leaving safepoint region
[2022-06-16T20:14:29.019+0000][7672][safepoint    ] Total time for which application threads were stopped: 0.0000747 seconds, Stopping threads took: 0.0000135 seconds
[2022-06-16T20:14:29.019+0000][7672][safepoint    ] Application time: 0.0000467 seconds
[2022-06-16T20:14:29.019+0000][7672][safepoint    ] Entering safepoint region: RevokeBias
[2022-06-16T20:14:29.019+0000][7672][safepoint    ] Leaving safepoint region
[2022-06-16T20:14:29.019+0000][7672][safepoint    ] Total time for which application threads were stopped: 0.0000750 seconds, Stopping threads took: 0.0000137 seconds
[2022-06-16T20:14:29.019+0000][7672][safepoint    ] Application time: 0.0000355 seconds
[2022-06-16T20:14:29.019+0000][7672][safepoint    ] Entering safepoint region: RevokeBias
[2022-06-16T20:14:29.019+0000][7672][safepoint    ] Leaving safepoint region
[2022-06-16T20:14:29.019+0000][7672][safepoint    ] Total time for which application threads were stopped: 0.0000750 seconds, Stopping threads took: 0.0000137 seconds
[2022-06-16T20:14:29.019+0000][7672][safepoint    ] Application time: 0.0000489 seconds
[2022-06-16T20:14:29.019+0000][7672][safepoint    ] Entering safepoint region: RevokeBias
[2022-06-16T20:14:29.019+0000][7672][safepoint    ] Leaving safepoint region
[2022-06-16T20:14:29.019+0000][7672][safepoint    ] Total time for which application threads were stopped: 0.0000786 seconds, Stopping threads took: 0.0000161 seconds
[2022-06-16T20:14:29.019+0000][7672][safepoint    ] Application time: 0.0000285 seconds
[2022-06-16T20:14:29.019+0000][7672][safepoint    ] Entering safepoint region: RevokeBias
[2022-06-16T20:14:29.019+0000][7672][safepoint    ] Leaving safepoint region
[2022-06-16T20:14:29.019+0000][7672][safepoint    ] Total time for which application threads were stopped: 0.0000759 seconds, Stopping threads took: 0.0000137 seconds
[2022-06-16T20:14:29.019+0000][7672][safepoint    ] Application time: 0.0000478 seconds
[2022-06-16T20:14:29.019+0000][7672][safepoint    ] Entering safepoint region: RevokeBias
[2022-06-16T20:14:29.019+0000][7672][safepoint    ] Leaving safepoint region
[2022-06-16T20:14:29.019+0000][7672][safepoint    ] Total time for which application threads were stopped: 0.0000752 seconds, Stopping threads took: 0.0000137 seconds
[2022-06-16T20:14:29.019+0000][7672][safepoint    ] Application time: 0.0000338 seconds
[2022-06-16T20:14:29.019+0000][7672][safepoint    ] Entering safepoint region: RevokeBias
[2022-06-16T20:14:29.019+0000][7672][safepoint    ] Leaving safepoint region
[2022-06-16T20:14:29.019+0000][7672][safepoint    ] Total time for which application threads were stopped: 0.0000749 seconds, Stopping threads took: 0.0000136 seconds
[2022-06-16T20:14:29.019+0000][7672][safepoint    ] Application time: 0.0000390 seconds
[2022-06-16T20:14:29.019+0000][7672][safepoint    ] Entering safepoint region: RevokeBias
[2022-06-16T20:14:29.019+0000][7672][safepoint    ] Leaving safepoint region
[2022-06-16T20:14:29.019+0000][7672][safepoint    ] Total time for which application threads were stopped: 0.0000747 seconds, Stopping threads took: 0.0000135 seconds
[2022-06-16T20:14:29.019+0000][7672][safepoint    ] Application time: 0.0000349 seconds
[2022-06-16T20:14:29.019+0000][7672][safepoint    ] Entering safepoint region: RevokeBias
[2022-06-16T20:14:29.019+0000][7672][safepoint    ] Leaving safepoint region
[2022-06-16T20:14:29.019+0000][7672][safepoint    ] Total time for which application threads were stopped: 0.0000748 seconds, Stopping threads took: 0.0000135 seconds
[2022-06-16T20:14:29.019+0000][7672][safepoint    ] Application time: 0.0000589 seconds
[2022-06-16T20:14:29.019+0000][7672][safepoint    ] Entering safepoint region: RevokeBias
[2022-06-16T20:14:29.019+0000][7672][safepoint    ] Leaving safepoint region
[2022-06-16T20:14:29.019+0000][7672][safepoint    ] Total time for which application threads were stopped: 0.0000751 seconds, Stopping threads took: 0.0000137 seconds
[2022-06-16T20:14:29.019+0000][7672][safepoint    ] Application time: 0.0000361 seconds
[2022-06-16T20:14:29.019+0000][7672][safepoint    ] Entering safepoint region: RevokeBias
[2022-06-16T20:14:29.019+0000][7672][safepoint    ] Leaving safepoint region
[2022-06-16T20:14:29.019+0000][7672][safepoint    ] Total time for which application threads were stopped: 0.0000751 seconds, Stopping threads took: 0.0000137 seconds
[2022-06-16T20:14:29.019+0000][7672][safepoint    ] Application time: 0.0014938 seconds
[2022-06-16T20:14:29.019+0000][7672][safepoint    ] Entering safepoint region: RevokeBias
[2022-06-16T20:14:29.019+0000][7672][safepoint    ] Leaving safepoint region
[2022-06-16T20:14:29.019+0000][7672][safepoint    ] Total time for which application threads were stopped: 0.0000691 seconds, Stopping threads took: 0.0000274 seconds
[2022-06-16T20:14:29.019+0000][7672][safepoint    ] Application time: 0.0000483 seconds
[2022-06-16T20:14:29.019+0000][7672][safepoint    ] Entering safepoint region: RevokeBias
[2022-06-16T20:14:29.019+0000][7672][safepoint    ] Leaving safepoint region
[2022-06-16T20:14:29.019+0000][7672][safepoint    ] Total time for which application threads were stopped: 0.0000531 seconds, Stopping threads took: 0.0000162 seconds
[2022-06-16T20:14:29.147+0000][7672][safepoint    ] Application time: 0.1253859 seconds
[2022-06-16T20:14:29.147+0000][7672][safepoint    ] Entering safepoint region: CollectForMetadataAllocation
[2022-06-16T20:14:29.148+0000][7672][safepoint    ] Leaving safepoint region
[2022-06-16T20:14:29.148+0000][7672][safepoint    ] Total time for which application threads were stopped: 0.0002358 seconds, Stopping threads took: 0.0000261 seconds
[2022-06-16T20:14:29.183+0000][7672][safepoint    ] Application time: 0.0354459 seconds
[2022-06-16T20:14:29.183+0000][7672][safepoint    ] Entering safepoint region: RevokeBias
[2022-06-16T20:14:29.183+0000][7672][safepoint    ] Leaving safepoint region
[2022-06-16T20:14:29.183+0000][7672][safepoint    ] Total time for which application threads were stopped: 0.0000854 seconds, Stopping threads took: 0.0000187 seconds
[2022-06-16T20:14:29.221+0000][7672][safepoint    ] Application time: 0.0381276 seconds
[2022-06-16T20:14:29.221+0000][7672][safepoint    ] Entering safepoint region: CollectForMetadataAllocation
[2022-06-16T20:14:29.221+0000][7672][safepoint    ] Leaving safepoint region
[2022-06-16T20:14:29.221+0000][7672][safepoint    ] Total time for which application threads were stopped: 0.0001771 seconds, Stopping threads took: 0.0000207 seconds
[2022-06-16T20:14:29.358+0000][7672][safepoint    ] Application time: 0.1476167 seconds
[2022-06-16T20:14:29.358+0000][7672][safepoint    ] Entering safepoint region: CollectForMetadataAllocation
[2022-06-16T20:14:29.358+0000][7672][safepoint    ] Leaving safepoint region
[2022-06-16T20:14:29.358+0000][7672][safepoint    ] Total time for which application threads were stopped: 0.0002032 seconds, Stopping threads took: 0.0000301 seconds
[2022-06-16T20:14:29.530+0000][7672][gc           ] GC(0) Concurrent Abortable Preclean 2089.658ms
[2022-06-16T20:14:29.530+0000][7672][gc,cpu       ] GC(0) User=3.13s Sys=0.63s Real=2.11s
[2022-06-16T20:14:29.530+0000][7672][safepoint    ] Application time: 0.1595453 seconds
[2022-06-16T20:14:29.530+0000][7672][safepoint    ] Entering safepoint region: CMS_Final_Remark
[2022-06-16T20:14:29.530+0000][7672][gc,start     ] GC(0) Pause Remark
[2022-06-16T20:14:29.577+0000][7672][gc           ] GC(0) Pause Remark 99M->99M(1007M) 60.116ms
[2022-06-16T20:14:29.577+0000][7672][gc,cpu       ] GC(0) User=0.09s Sys=0.00s Real=0.05s
[2022-06-16T20:14:29.577+0000][7672][safepoint    ] Leaving safepoint region
[2022-06-16T20:14:29.577+0000][7672][safepoint    ] Total time for which application threads were stopped: 0.0603008 seconds, Stopping threads took: 0.0000399 seconds
[2022-06-16T20:14:29.577+0000][7672][gc           ] GC(0) Concurrent Sweep
[2022-06-16T20:14:29.577+0000][7672][gc           ] GC(0) Concurrent Sweep 0.042ms
[2022-06-16T20:14:29.577+0000][7672][gc,cpu       ] GC(0) User=0.00s Sys=0.00s Real=0.00s
[2022-06-16T20:14:29.577+0000][7672][gc           ] GC(0) Concurrent Reset
[2022-06-16T20:14:29.577+0000][7672][gc           ] GC(0) Concurrent Reset 1.226ms
[2022-06-16T20:14:29.577+0000][7672][gc,cpu       ] GC(0) User=0.00s Sys=0.00s Real=0.00s
[2022-06-16T20:14:29.577+0000][7672][gc,heap      ] GC(0) Old: 0K->0K(878208K)
[2022-06-16T20:14:29.953+0000][7672][safepoint    ] Application time: 0.3652221 seconds
[2022-06-16T20:14:29.953+0000][7672][safepoint    ] Entering safepoint region: GenCollectForAllocation
[2022-06-16T20:14:29.953+0000][7672][gc,start     ] GC(2) Pause Young (Allocation Failure)
[2022-06-16T20:14:29.953+0000][7672][gc,task      ] GC(2) Using 2 workers of 2 for evacuation
[2022-06-16T20:14:29.968+0000][7672][gc,age       ] GC(2) Desired survivor size 8716288 bytes, new threshold 2 (max threshold 6)
[2022-06-16T20:14:29.968+0000][7672][gc,age       ] GC(2) Age table with threshold 2 (max threshold 6)
[2022-06-16T20:14:29.968+0000][7672][gc,age       ] GC(2) - age   1:    1713160 bytes,    1713160 total
[2022-06-16T20:14:29.968+0000][7672][gc,age       ] GC(2) - age   2:    8234864 bytes,    9948024 total
[2022-06-16T20:14:29.968+0000][7672][gc,heap      ] GC(2) ParNew: 144664K->11963K(153344K)
[2022-06-16T20:14:29.968+0000][7672][gc,heap      ] GC(2) CMS: 0K->0K(878208K)
[2022-06-16T20:14:29.968+0000][7672][gc,metaspace ] GC(2) Metaspace: 24982K->24982K(1073152K)
[2022-06-16T20:14:29.968+0000][7672][gc           ] GC(2) Pause Young (Allocation Failure) 141M->11M(1007M) 14.535ms
[2022-06-16T20:14:29.968+0000][7672][gc,cpu       ] GC(2) User=0.03s Sys=0.00s Real=0.01s
[2022-06-16T20:14:29.968+0000][7672][safepoint    ] Leaving safepoint region
[2022-06-16T20:14:29.968+0000][7672][safepoint    ] Total time for which application threads were stopped: 0.0147561 seconds, Stopping threads took: 0.0000251 seconds
[2022-06-16T20:14:29.968+0000][7672][safepoint    ] Application time: 0.0001338 seconds
[2022-06-16T20:14:29.968+0000][7672][safepoint    ] Entering safepoint region: BulkRevokeBias
[2022-06-16T20:14:29.968+0000][7672][safepoint    ] Leaving safepoint region
[2022-06-16T20:14:29.968+0000][7672][safepoint    ] Total time for which application threads were stopped: 0.0001134 seconds, Stopping threads took: 0.0000275 seconds
[2022-06-16T20:14:29.968+0000][7672][safepoint    ] Application time: 0.0000684 seconds
[2022-06-16T20:14:29.968+0000][7672][safepoint    ] Entering safepoint region: RevokeBias
[2022-06-16T20:14:29.968+0000][7672][safepoint    ] Leaving safepoint region
[2022-06-16T20:14:29.968+0000][7672][safepoint    ] Total time for which application threads were stopped: 0.0000687 seconds, Stopping threads took: 0.0000209 seconds
[2022-06-16T20:14:29.968+0000][7672][safepoint    ] Application time: 0.0000221 seconds
[2022-06-16T20:14:29.968+0000][7672][safepoint    ] Entering safepoint region: RevokeBias
[2022-06-16T20:14:29.968+0000][7672][safepoint    ] Leaving safepoint region
[2022-06-16T20:14:29.968+0000][7672][safepoint    ] Total time for which application threads were stopped: 0.0001624 seconds, Stopping threads took: 0.0001082 seconds
[2022-06-16T20:14:29.968+0000][7672][safepoint    ] Application time: 0.0000547 seconds
[2022-06-16T20:14:29.968+0000][7672][safepoint    ] Entering safepoint region: RevokeBias
[2022-06-16T20:14:29.968+0000][7672][safepoint    ] Leaving safepoint region
[2022-06-16T20:14:29.968+0000][7672][safepoint    ] Total time for which application threads were stopped: 0.0000658 seconds, Stopping threads took: 0.0000192 seconds
[2022-06-16T20:14:29.968+0000][7672][safepoint    ] Application time: 0.0000106 seconds
[2022-06-16T20:14:29.968+0000][7672][safepoint    ] Entering safepoint region: RevokeBias
[2022-06-16T20:14:29.968+0000][7672][safepoint    ] Leaving safepoint region
[2022-06-16T20:14:29.968+0000][7672][safepoint    ] Total time for which application threads were stopped: 0.0000629 seconds, Stopping threads took: 0.0000189 seconds
[2022-06-16T20:14:29.968+0000][7672][safepoint    ] Application time: 0.0000123 seconds
[2022-06-16T20:14:29.968+0000][7672][safepoint    ] Entering safepoint region: RevokeBias
[2022-06-16T20:14:29.968+0000][7672][safepoint    ] Leaving safepoint region
[2022-06-16T20:14:29.968+0000][7672][safepoint    ] Total time for which application threads were stopped: 0.0000567 seconds, Stopping threads took: 0.0000168 seconds
[2022-06-16T20:14:29.968+0000][7672][safepoint    ] Application time: 0.0000396 seconds
[2022-06-16T20:14:29.968+0000][7672][safepoint    ] Entering safepoint region: RevokeBias
[2022-06-16T20:14:29.968+0000][7672][safepoint    ] Leaving safepoint region
[2022-06-16T20:14:29.968+0000][7672][safepoint    ] Total time for which application threads were stopped: 0.0003027 seconds, Stopping threads took: 0.0002210 seconds
[2022-06-16T20:14:29.968+0000][7672][safepoint    ] Application time: 0.0000235 seconds
[2022-06-16T20:14:29.968+0000][7672][safepoint    ] Entering safepoint region: RevokeBias
[2022-06-16T20:14:29.968+0000][7672][safepoint    ] Leaving safepoint region
[2022-06-16T20:14:29.968+0000][7672][safepoint    ] Total time for which application threads were stopped: 0.0001888 seconds, Stopping threads took: 0.0001163 seconds
[2022-06-16T20:14:29.968+0000][7672][safepoint    ] Application time: 0.0000213 seconds
[2022-06-16T20:14:29.968+0000][7672][safepoint    ] Entering safepoint region: RevokeBias
[2022-06-16T20:14:29.968+0000][7672][safepoint    ] Leaving safepoint region
[2022-06-16T20:14:29.968+0000][7672][safepoint    ] Total time for which application threads were stopped: 0.0000940 seconds, Stopping threads took: 0.0000197 seconds
[2022-06-16T20:14:29.968+0000][7672][safepoint    ] Application time: 0.0000106 seconds
[2022-06-16T20:14:29.968+0000][7672][safepoint    ] Entering safepoint region: RevokeBias
[2022-06-16T20:14:29.968+0000][7672][safepoint    ] Leaving safepoint region
[2022-06-16T20:14:29.968+0000][7672][safepoint    ] Total time for which application threads were stopped: 0.0000884 seconds, Stopping threads took: 0.0000186 seconds
[2022-06-16T20:14:29.968+0000][7672][safepoint    ] Application time: 0.0000134 seconds
[2022-06-16T20:14:29.968+0000][7672][safepoint    ] Entering safepoint region: BulkRevokeBias
[2022-06-16T20:14:29.968+0000][7672][safepoint    ] Leaving safepoint region
[2022-06-16T20:14:29.968+0000][7672][safepoint    ] Total time for which application threads were stopped: 0.0001045 seconds, Stopping threads took: 0.0000196 seconds
[2022-06-16T20:14:29.968+0000][7672][safepoint    ] Application time: 0.0000104 seconds
[2022-06-16T20:14:29.968+0000][7672][safepoint    ] Entering safepoint region: BulkRevokeBias
[2022-06-16T20:14:29.968+0000][7672][safepoint    ] Leaving safepoint region
[2022-06-16T20:14:29.968+0000][7672][safepoint    ] Total time for which application threads were stopped: 0.0001013 seconds, Stopping threads took: 0.0000191 seconds
[2022-06-16T20:14:30.484+0000][7672][safepoint    ] Application time: 0.5135926 seconds
[2022-06-16T20:14:30.484+0000][7672][safepoint    ] Entering safepoint region: Deoptimize
[2022-06-16T20:14:30.484+0000][7672][safepoint    ] Leaving safepoint region
[2022-06-16T20:14:30.484+0000][7672][safepoint    ] Total time for which application threads were stopped: 0.0003963 seconds, Stopping threads took: 0.0000258 seconds
[2022-06-16T20:14:30.484+0000][7672][safepoint    ] Application time: 0.0126322 seconds
[2022-06-16T20:14:30.484+0000][7672][safepoint    ] Entering safepoint region: RevokeBias
[2022-06-16T20:14:30.484+0000][7672][safepoint    ] Leaving safepoint region
[2022-06-16T20:14:30.484+0000][7672][safepoint    ] Total time for which application threads were stopped: 0.0000991 seconds, Stopping threads took: 0.0000247 seconds
[2022-06-16T20:14:30.796+0000][7672][safepoint    ] Application time: 0.3040429 seconds
[2022-06-16T20:14:30.796+0000][7672][safepoint    ] Entering safepoint region: GenCollectForAllocation
[2022-06-16T20:14:30.796+0000][7672][gc,start     ] GC(3) Pause Young (Allocation Failure)
[2022-06-16T20:14:30.796+0000][7672][gc,task      ] GC(3) Using 2 workers of 2 for evacuation
[2022-06-16T20:14:30.828+0000][7672][gc,age       ] GC(3) Desired survivor size 8716288 bytes, new threshold 6 (max threshold 6)
[2022-06-16T20:14:30.828+0000][7672][gc,age       ] GC(3) Age table with threshold 6 (max threshold 6)
[2022-06-16T20:14:30.828+0000][7672][gc,age       ] GC(3) - age   1:    1698832 bytes,    1698832 total
[2022-06-16T20:14:30.828+0000][7672][gc,age       ] GC(3) - age   2:    1678304 bytes,    3377136 total
[2022-06-16T20:14:30.828+0000][7672][gc,heap      ] GC(3) ParNew: 148283K->8058K(153344K)
[2022-06-16T20:14:30.828+0000][7672][gc,heap      ] GC(3) CMS: 0K->8874K(878208K)
[2022-06-16T20:14:30.828+0000][7672][gc,metaspace ] GC(3) Metaspace: 25643K->25643K(1073152K)
[2022-06-16T20:14:30.828+0000][7672][gc           ] GC(3) Pause Young (Allocation Failure) 144M->16M(1007M) 39.427ms
[2022-06-16T20:14:30.828+0000][7672][gc,cpu       ] GC(3) User=0.06s Sys=0.00s Real=0.03s
[2022-06-16T20:14:30.828+0000][7672][safepoint    ] Leaving safepoint region
[2022-06-16T20:14:30.828+0000][7672][safepoint    ] Total time for which application threads were stopped: 0.0396295 seconds, Stopping threads took: 0.0000355 seconds
[2022-06-16T20:14:30.843+0000][7672][safepoint    ] Application time: 0.0010909 seconds
[2022-06-16T20:14:30.843+0000][7672][safepoint    ] Entering safepoint region: RevokeBias
[2022-06-16T20:14:30.843+0000][7672][safepoint    ] Leaving safepoint region
[2022-06-16T20:14:30.843+0000][7672][safepoint    ] Total time for which application threads were stopped: 0.0001646 seconds, Stopping threads took: 0.0000431 seconds
[2022-06-16T20:14:30.843+0000][7672][safepoint    ] Application time: 0.0000283 seconds
[2022-06-16T20:14:30.843+0000][7672][safepoint    ] Entering safepoint region: RevokeBias
[2022-06-16T20:14:30.843+0000][7672][safepoint    ] Leaving safepoint region
[2022-06-16T20:14:30.843+0000][7672][safepoint    ] Total time for which application threads were stopped: 0.0001950 seconds, Stopping threads took: 0.0000761 seconds
[2022-06-16T20:14:30.843+0000][7672][safepoint    ] Application time: 0.0000315 seconds
[2022-06-16T20:14:30.843+0000][7672][safepoint    ] Entering safepoint region: RevokeBias
[2022-06-16T20:14:30.843+0000][7672][safepoint    ] Leaving safepoint region
[2022-06-16T20:14:30.843+0000][7672][safepoint    ] Total time for which application threads were stopped: 0.0001223 seconds, Stopping threads took: 0.0000184 seconds
[2022-06-16T20:14:30.843+0000][7672][safepoint    ] Application time: 0.0000208 seconds
[2022-06-16T20:14:30.843+0000][7672][safepoint    ] Entering safepoint region: RevokeBias
[2022-06-16T20:14:30.843+0000][7672][safepoint    ] Leaving safepoint region
[2022-06-16T20:14:30.843+0000][7672][safepoint    ] Total time for which application threads were stopped: 0.0001190 seconds, Stopping threads took: 0.0000406 seconds
[2022-06-16T20:14:30.843+0000][7672][safepoint    ] Application time: 0.0000284 seconds
[2022-06-16T20:14:30.843+0000][7672][safepoint    ] Entering safepoint region: RevokeBias
[2022-06-16T20:14:30.843+0000][7672][safepoint    ] Leaving safepoint region
[2022-06-16T20:14:30.843+0000][7672][safepoint    ] Total time for which application threads were stopped: 0.0001395 seconds, Stopping threads took: 0.0000449 seconds
[2022-06-16T20:14:30.843+0000][7672][safepoint    ] Application time: 0.0000202 seconds
[2022-06-16T20:14:30.843+0000][7672][safepoint    ] Entering safepoint region: RevokeBias
[2022-06-16T20:14:30.843+0000][7672][safepoint    ] Leaving safepoint region
[2022-06-16T20:14:30.843+0000][7672][safepoint    ] Total time for which application threads were stopped: 0.0001122 seconds, Stopping threads took: 0.0000196 seconds
[2022-06-16T20:14:30.843+0000][7672][safepoint    ] Application time: 0.0000466 seconds
[2022-06-16T20:14:30.843+0000][7672][safepoint    ] Entering safepoint region: RevokeBias
[2022-06-16T20:14:30.843+0000][7672][safepoint    ] Leaving safepoint region
[2022-06-16T20:14:30.843+0000][7672][safepoint    ] Total time for which application threads were stopped: 0.0001588 seconds, Stopping threads took: 0.0000542 seconds
[2022-06-16T20:14:30.843+0000][7672][safepoint    ] Application time: 0.0000233 seconds
[2022-06-16T20:14:30.843+0000][7672][safepoint    ] Entering safepoint region: RevokeBias
[2022-06-16T20:14:30.843+0000][7672][safepoint    ] Leaving safepoint region
[2022-06-16T20:14:30.843+0000][7672][safepoint    ] Total time for which application threads were stopped: 0.0001139 seconds, Stopping threads took: 0.0000195 seconds
[2022-06-16T20:14:30.843+0000][7672][safepoint    ] Application time: 0.0000287 seconds
[2022-06-16T20:14:30.843+0000][7672][safepoint    ] Entering safepoint region: RevokeBias
[2022-06-16T20:14:30.843+0000][7672][safepoint    ] Leaving safepoint region
[2022-06-16T20:14:30.843+0000][7672][safepoint    ] Total time for which application threads were stopped: 0.0001457 seconds, Stopping threads took: 0.0000569 seconds
[2022-06-16T20:14:30.843+0000][7672][safepoint    ] Application time: 0.0000280 seconds
[2022-06-16T20:14:30.843+0000][7672][safepoint    ] Entering safepoint region: RevokeBias
[2022-06-16T20:14:30.843+0000][7672][safepoint    ] Leaving safepoint region
[2022-06-16T20:14:30.843+0000][7672][safepoint    ] Total time for which application threads were stopped: 0.0001522 seconds, Stopping threads took: 0.0000530 seconds
[2022-06-16T20:14:30.843+0000][7672][safepoint    ] Application time: 0.0000277 seconds
[2022-06-16T20:14:30.843+0000][7672][safepoint    ] Entering safepoint region: RevokeBias
[2022-06-16T20:14:30.843+0000][7672][safepoint    ] Leaving safepoint region
[2022-06-16T20:14:30.843+0000][7672][safepoint    ] Total time for which application threads were stopped: 0.0001532 seconds, Stopping threads took: 0.0000508 seconds
[2022-06-16T20:14:30.843+0000][7672][safepoint    ] Application time: 0.0000280 seconds
[2022-06-16T20:14:30.843+0000][7672][safepoint    ] Entering safepoint region: RevokeBias
[2022-06-16T20:14:30.843+0000][7672][safepoint    ] Leaving safepoint region
[2022-06-16T20:14:30.843+0000][7672][safepoint    ] Total time for which application threads were stopped: 0.0001411 seconds, Stopping threads took: 0.0000486 seconds
[2022-06-16T20:14:30.843+0000][7672][safepoint    ] Application time: 0.0000254 seconds
[2022-06-16T20:14:30.843+0000][7672][safepoint    ] Entering safepoint region: RevokeBias
[2022-06-16T20:14:30.843+0000][7672][safepoint    ] Leaving safepoint region
[2022-06-16T20:14:30.843+0000][7672][safepoint    ] Total time for which application threads were stopped: 0.0001385 seconds, Stopping threads took: 0.0000468 seconds
[2022-06-16T20:14:30.843+0000][7672][safepoint    ] Application time: 0.0000240 seconds
[2022-06-16T20:14:30.843+0000][7672][safepoint    ] Entering safepoint region: RevokeBias
[2022-06-16T20:14:30.843+0000][7672][safepoint    ] Leaving safepoint region
[2022-06-16T20:14:30.843+0000][7672][safepoint    ] Total time for which application threads were stopped: 0.0001463 seconds, Stopping threads took: 0.0000505 seconds
[2022-06-16T20:14:30.843+0000][7672][safepoint    ] Application time: 0.0000270 seconds
[2022-06-16T20:14:30.843+0000][7672][safepoint    ] Entering safepoint region: RevokeBias
[2022-06-16T20:14:30.843+0000][7672][safepoint    ] Leaving safepoint region
[2022-06-16T20:14:30.843+0000][7672][safepoint    ] Total time for which application threads were stopped: 0.0001484 seconds, Stopping threads took: 0.0000521 seconds
[2022-06-16T20:14:30.843+0000][7672][safepoint    ] Application time: 0.0000274 seconds
[2022-06-16T20:14:30.843+0000][7672][safepoint    ] Entering safepoint region: RevokeBias
[2022-06-16T20:14:30.843+0000][7672][safepoint    ] Leaving safepoint region
[2022-06-16T20:14:30.843+0000][7672][safepoint    ] Total time for which application threads were stopped: 0.0001433 seconds, Stopping threads took: 0.0000451 seconds
[2022-06-16T20:14:30.843+0000][7672][safepoint    ] Application time: 0.0000289 seconds
[2022-06-16T20:14:30.843+0000][7672][safepoint    ] Entering safepoint region: RevokeBias
[2022-06-16T20:14:30.843+0000][7672][safepoint    ] Leaving safepoint region
[2022-06-16T20:14:30.843+0000][7672][safepoint    ] Total time for which application threads were stopped: 0.0001450 seconds, Stopping threads took: 0.0000508 seconds
[2022-06-16T20:14:30.843+0000][7672][safepoint    ] Application time: 0.0031976 seconds
[2022-06-16T20:14:30.843+0000][7672][safepoint    ] Entering safepoint region: RevokeBias
[2022-06-16T20:14:30.843+0000][7672][safepoint    ] Leaving safepoint region
[2022-06-16T20:14:30.843+0000][7672][safepoint    ] Total time for which application threads were stopped: 0.0000940 seconds, Stopping threads took: 0.0000324 seconds
[2022-06-16T20:14:30.843+0000][7672][safepoint    ] Application time: 0.0000397 seconds
[2022-06-16T20:14:30.843+0000][7672][safepoint    ] Entering safepoint region: RevokeBias
[2022-06-16T20:14:30.843+0000][7672][safepoint    ] Leaving safepoint region
[2022-06-16T20:14:30.843+0000][7672][safepoint    ] Total time for which application threads were stopped: 0.0000800 seconds, Stopping threads took: 0.0000329 seconds
[2022-06-16T20:14:30.843+0000][7672][safepoint    ] Application time: 0.0000217 seconds
[2022-06-16T20:14:30.843+0000][7672][safepoint    ] Entering safepoint region: RevokeBias
[2022-06-16T20:14:30.843+0000][7672][safepoint    ] Leaving safepoint region
[2022-06-16T20:14:30.843+0000][7672][safepoint    ] Total time for which application threads were stopped: 0.0001171 seconds, Stopping threads took: 0.0000603 seconds
[2022-06-16T20:14:30.843+0000][7672][safepoint    ] Application time: 0.0000668 seconds
[2022-06-16T20:14:30.843+0000][7672][safepoint    ] Entering safepoint region: RevokeBias
[2022-06-16T20:14:30.843+0000][7672][safepoint    ] Leaving safepoint region
[2022-06-16T20:14:30.843+0000][7672][safepoint    ] Total time for which application threads were stopped: 0.0001064 seconds, Stopping threads took: 0.0000495 seconds
[2022-06-16T20:14:30.843+0000][7672][safepoint    ] Application time: 0.0000230 seconds
[2022-06-16T20:14:30.843+0000][7672][safepoint    ] Entering safepoint region: RevokeBias
[2022-06-16T20:14:30.843+0000][7672][safepoint    ] Leaving safepoint region
[2022-06-16T20:14:30.843+0000][7672][safepoint    ] Total time for which application threads were stopped: 0.0000755 seconds, Stopping threads took: 0.0000318 seconds
[2022-06-16T20:14:30.843+0000][7672][safepoint    ] Application time: 0.0000195 seconds
[2022-06-16T20:14:30.843+0000][7672][safepoint    ] Entering safepoint region: RevokeBias
[2022-06-16T20:14:30.843+0000][7672][safepoint    ] Leaving safepoint region
[2022-06-16T20:14:30.843+0000][7672][safepoint    ] Total time for which application threads were stopped: 0.0001552 seconds, Stopping threads took: 0.0001102 seconds
[2022-06-16T20:14:30.843+0000][7672][safepoint    ] Application time: 0.0000206 seconds
[2022-06-16T20:14:30.843+0000][7672][safepoint    ] Entering safepoint region: BulkRevokeBias
[2022-06-16T20:14:30.843+0000][7672][safepoint    ] Leaving safepoint region
[2022-06-16T20:14:30.843+0000][7672][safepoint    ] Total time for which application threads were stopped: 0.0000772 seconds, Stopping threads took: 0.0000155 seconds
[2022-06-16T20:14:31.781+0000][7672][safepoint    ] Application time: 0.9405062 seconds
[2022-06-16T20:14:31.781+0000][7672][safepoint    ] Entering safepoint region: GenCollectForAllocation
[2022-06-16T20:14:31.781+0000][7672][gc,start     ] GC(4) Pause Young (Allocation Failure)
[2022-06-16T20:14:31.781+0000][7672][gc,task      ] GC(4) Using 2 workers of 2 for evacuation
[2022-06-16T20:14:31.796+0000][7672][gc,age       ] GC(4) Desired survivor size 8716288 bytes, new threshold 6 (max threshold 6)
[2022-06-16T20:14:31.796+0000][7672][gc,age       ] GC(4) Age table with threshold 6 (max threshold 6)
[2022-06-16T20:14:31.796+0000][7672][gc,age       ] GC(4) - age   1:    2660488 bytes,    2660488 total
[2022-06-16T20:14:31.796+0000][7672][gc,age       ] GC(4) - age   2:    1689096 bytes,    4349584 total
[2022-06-16T20:14:31.796+0000][7672][gc,age       ] GC(4) - age   3:    1678304 bytes,    6027888 total
[2022-06-16T20:14:31.796+0000][7672][gc,heap      ] GC(4) ParNew: 144378K->6502K(153344K)
[2022-06-16T20:14:31.796+0000][7672][gc,heap      ] GC(4) CMS: 8874K->8874K(878208K)
[2022-06-16T20:14:31.796+0000][7672][gc,metaspace ] GC(4) Metaspace: 25758K->25758K(1073152K)
[2022-06-16T20:14:31.796+0000][7672][gc           ] GC(4) Pause Young (Allocation Failure) 149M->15M(1007M) 10.655ms
[2022-06-16T20:14:31.796+0000][7672][gc,cpu       ] GC(4) User=0.03s Sys=0.00s Real=0.02s
[2022-06-16T20:14:31.796+0000][7672][safepoint    ] Leaving safepoint region
[2022-06-16T20:14:31.796+0000][7672][safepoint    ] Total time for which application threads were stopped: 0.0108628 seconds, Stopping threads took: 0.0000565 seconds
[2022-06-16T20:14:31.796+0000][7672][safepoint    ] Application time: 0.0001325 seconds
[2022-06-16T20:14:31.796+0000][7672][safepoint    ] Entering safepoint region: RevokeBias
[2022-06-16T20:14:31.796+0000][7672][safepoint    ] Leaving safepoint region
[2022-06-16T20:14:31.796+0000][7672][safepoint    ] Total time for which application threads were stopped: 0.0001269 seconds, Stopping threads took: 0.0000599 seconds
[2022-06-16T20:14:31.796+0000][7672][safepoint    ] Application time: 0.0000235 seconds
[2022-06-16T20:14:31.796+0000][7672][safepoint    ] Entering safepoint region: RevokeBias
[2022-06-16T20:14:31.796+0000][7672][safepoint    ] Leaving safepoint region
[2022-06-16T20:14:31.796+0000][7672][safepoint    ] Total time for which application threads were stopped: 0.0000599 seconds, Stopping threads took: 0.0000158 seconds
[2022-06-16T20:14:31.796+0000][7672][safepoint    ] Application time: 0.0000184 seconds
[2022-06-16T20:14:31.796+0000][7672][safepoint    ] Entering safepoint region: RevokeBias
[2022-06-16T20:14:31.796+0000][7672][safepoint    ] Leaving safepoint region
[2022-06-16T20:14:31.796+0000][7672][safepoint    ] Total time for which application threads were stopped: 0.0000531 seconds, Stopping threads took: 0.0000159 seconds
[2022-06-16T20:14:32.343+0000][7672][safepoint    ] Application time: 0.5514780 seconds
[2022-06-16T20:14:32.343+0000][7672][safepoint    ] Entering safepoint region: GenCollectForAllocation
[2022-06-16T20:14:32.343+0000][7672][gc,start     ] GC(5) Pause Young (Allocation Failure)
[2022-06-16T20:14:32.343+0000][7672][gc,task      ] GC(5) Using 2 workers of 2 for evacuation
[2022-06-16T20:14:32.359+0000][7672][gc,age       ] GC(5) Desired survivor size 8716288 bytes, new threshold 6 (max threshold 6)
[2022-06-16T20:14:32.359+0000][7672][gc,age       ] GC(5) Age table with threshold 6 (max threshold 6)
[2022-06-16T20:14:32.359+0000][7672][gc,age       ] GC(5) - age   1:    1979000 bytes,    1979000 total
[2022-06-16T20:14:32.359+0000][7672][gc,age       ] GC(5) - age   2:     285936 bytes,    2264936 total
[2022-06-16T20:14:32.359+0000][7672][gc,age       ] GC(5) - age   3:    1689048 bytes,    3953984 total
[2022-06-16T20:14:32.359+0000][7672][gc,age       ] GC(5) - age   4:    1675960 bytes,    5629944 total
[2022-06-16T20:14:32.359+0000][7672][gc,heap      ] GC(5) ParNew: 142822K->10455K(153344K)
[2022-06-16T20:14:32.359+0000][7672][gc,heap      ] GC(5) CMS: 8874K->8874K(878208K)
[2022-06-16T20:14:32.359+0000][7672][gc,metaspace ] GC(5) Metaspace: 26400K->26400K(1073152K)
[2022-06-16T20:14:32.359+0000][7672][gc           ] GC(5) Pause Young (Allocation Failure) 148M->18M(1007M) 13.692ms
[2022-06-16T20:14:32.359+0000][7672][gc,cpu       ] GC(5) User=0.03s Sys=0.00s Real=0.02s
[2022-06-16T20:14:32.359+0000][7672][safepoint    ] Leaving safepoint region
[2022-06-16T20:14:32.359+0000][7672][safepoint    ] Total time for which application threads were stopped: 0.0138730 seconds, Stopping threads took: 0.0000258 seconds
[2022-06-16T20:14:32.359+0000][7672][safepoint    ] Application time: 0.0000703 seconds
[2022-06-16T20:14:32.359+0000][7672][safepoint    ] Entering safepoint region: BulkRevokeBias
[2022-06-16T20:14:32.359+0000][7672][safepoint    ] Leaving safepoint region
[2022-06-16T20:14:32.359+0000][7672][safepoint    ] Total time for which application threads were stopped: 0.0001119 seconds, Stopping threads took: 0.0000253 seconds
[2022-06-16T20:14:32.359+0000][7672][safepoint    ] Application time: 0.0000210 seconds
[2022-06-16T20:14:32.359+0000][7672][safepoint    ] Entering safepoint region: RevokeBias
[2022-06-16T20:14:32.359+0000][7672][safepoint    ] Leaving safepoint region
[2022-06-16T20:14:32.359+0000][7672][safepoint    ] Total time for which application threads were stopped: 0.0000756 seconds, Stopping threads took: 0.0000197 seconds
[2022-06-16T20:14:32.359+0000][7672][safepoint    ] Application time: 0.0000192 seconds
[2022-06-16T20:14:32.359+0000][7672][safepoint    ] Entering safepoint region: RevokeBias
[2022-06-16T20:14:32.359+0000][7672][safepoint    ] Leaving safepoint region
[2022-06-16T20:14:32.359+0000][7672][safepoint    ] Total time for which application threads were stopped: 0.0000747 seconds, Stopping threads took: 0.0000187 seconds
[2022-06-16T20:14:32.359+0000][7672][safepoint    ] Application time: 0.0000133 seconds
[2022-06-16T20:14:32.359+0000][7672][safepoint    ] Entering safepoint region: RevokeBias
[2022-06-16T20:14:32.359+0000][7672][safepoint    ] Leaving safepoint region
[2022-06-16T20:14:32.359+0000][7672][safepoint    ] Total time for which application threads were stopped: 0.0000835 seconds, Stopping threads took: 0.0000223 seconds
[2022-06-16T20:14:32.359+0000][7672][safepoint    ] Application time: 0.0000144 seconds
[2022-06-16T20:14:32.359+0000][7672][safepoint    ] Entering safepoint region: RevokeBias
[2022-06-16T20:14:32.359+0000][7672][safepoint    ] Leaving safepoint region
[2022-06-16T20:14:32.359+0000][7672][safepoint    ] Total time for which application threads were stopped: 0.0000732 seconds, Stopping threads took: 0.0000193 seconds
[2022-06-16T20:14:32.359+0000][7672][safepoint    ] Application time: 0.0000123 seconds
[2022-06-16T20:14:32.359+0000][7672][safepoint    ] Entering safepoint region: RevokeBias
[2022-06-16T20:14:32.359+0000][7672][safepoint    ] Leaving safepoint region
[2022-06-16T20:14:32.359+0000][7672][safepoint    ] Total time for which application threads were stopped: 0.0001427 seconds, Stopping threads took: 0.0000828 seconds
[2022-06-16T20:14:32.359+0000][7672][safepoint    ] Application time: 0.0000239 seconds
[2022-06-16T20:14:32.359+0000][7672][safepoint    ] Entering safepoint region: RevokeBias
[2022-06-16T20:14:32.359+0000][7672][safepoint    ] Leaving safepoint region
[2022-06-16T20:14:32.359+0000][7672][safepoint    ] Total time for which application threads were stopped: 0.0001189 seconds, Stopping threads took: 0.0000486 seconds
[2022-06-16T20:14:33.359+0000][7672][safepoint    ] Application time: 0.9882844 seconds
[2022-06-16T20:14:33.359+0000][7672][safepoint    ] Entering safepoint region: Cleanup
[2022-06-16T20:14:33.359+0000][7672][safepoint    ] Leaving safepoint region
[2022-06-16T20:14:33.359+0000][7672][safepoint    ] Total time for which application threads were stopped: 0.0000800 seconds, Stopping threads took: 0.0000236 seconds
[2022-06-16T20:14:33.359+0000][7672][safepoint    ] Application time: 0.0112212 seconds
[2022-06-16T20:14:33.359+0000][7672][safepoint    ] Entering safepoint region: GenCollectForAllocation
[2022-06-16T20:14:33.359+0000][7672][gc,start     ] GC(6) Pause Young (Allocation Failure)
[2022-06-16T20:14:33.359+0000][7672][gc,task      ] GC(6) Using 2 workers of 2 for evacuation
[2022-06-16T20:14:33.390+0000][7672][gc,age       ] GC(6) Desired survivor size 8716288 bytes, new threshold 6 (max threshold 6)
[2022-06-16T20:14:33.390+0000][7672][gc,age       ] GC(6) Age table with threshold 6 (max threshold 6)
[2022-06-16T20:14:33.390+0000][7672][gc,age       ] GC(6) - age   1:    2978552 bytes,    2978552 total
[2022-06-16T20:14:33.390+0000][7672][gc,age       ] GC(6) - age   2:    1759936 bytes,    4738488 total
[2022-06-16T20:14:33.390+0000][7672][gc,age       ] GC(6) - age   3:     285936 bytes,    5024424 total
[2022-06-16T20:14:33.390+0000][7672][gc,age       ] GC(6) - age   4:    1689048 bytes,    6713472 total
[2022-06-16T20:14:33.390+0000][7672][gc,age       ] GC(6) - age   5:    1675168 bytes,    8388640 total
[2022-06-16T20:14:33.390+0000][7672][gc,heap      ] GC(6) ParNew: 146775K->8692K(153344K)
[2022-06-16T20:14:33.390+0000][7672][gc,heap      ] GC(6) CMS: 8874K->8874K(878208K)
[2022-06-16T20:14:33.390+0000][7672][gc,metaspace ] GC(6) Metaspace: 26567K->26567K(1073152K)
[2022-06-16T20:14:33.390+0000][7672][gc           ] GC(6) Pause Young (Allocation Failure) 152M->17M(1007M) 22.631ms
[2022-06-16T20:14:33.390+0000][7672][gc,cpu       ] GC(6) User=0.06s Sys=0.00s Real=0.03s
[2022-06-16T20:14:33.390+0000][7672][safepoint    ] Leaving safepoint region
[2022-06-16T20:14:33.390+0000][7672][safepoint    ] Total time for which application threads were stopped: 0.0227966 seconds, Stopping threads took: 0.0000272 seconds
[2022-06-16T20:14:33.390+0000][7672][safepoint    ] Application time: 0.0000679 seconds
[2022-06-16T20:14:33.390+0000][7672][safepoint    ] Entering safepoint region: RevokeBias
[2022-06-16T20:14:33.390+0000][7672][safepoint    ] Leaving safepoint region
[2022-06-16T20:14:33.390+0000][7672][safepoint    ] Total time for which application threads were stopped: 0.0001223 seconds, Stopping threads took: 0.0000333 seconds
[2022-06-16T20:14:33.390+0000][7672][safepoint    ] Application time: 0.0000180 seconds
[2022-06-16T20:14:33.390+0000][7672][safepoint    ] Entering safepoint region: RevokeBias
[2022-06-16T20:14:33.390+0000][7672][safepoint    ] Leaving safepoint region
[2022-06-16T20:14:33.390+0000][7672][safepoint    ] Total time for which application threads were stopped: 0.0000740 seconds, Stopping threads took: 0.0000192 seconds
[2022-06-16T20:14:33.390+0000][7672][safepoint    ] Application time: 0.0000127 seconds
[2022-06-16T20:14:33.390+0000][7672][safepoint    ] Entering safepoint region: RevokeBias
[2022-06-16T20:14:33.390+0000][7672][safepoint    ] Leaving safepoint region
[2022-06-16T20:14:33.390+0000][7672][safepoint    ] Total time for which application threads were stopped: 0.0000691 seconds, Stopping threads took: 0.0000192 seconds
[2022-06-16T20:14:33.390+0000][7672][safepoint    ] Application time: 0.0000121 seconds
[2022-06-16T20:14:33.390+0000][7672][safepoint    ] Entering safepoint region: RevokeBias
[2022-06-16T20:14:33.390+0000][7672][safepoint    ] Leaving safepoint region
[2022-06-16T20:14:33.390+0000][7672][safepoint    ] Total time for which application threads were stopped: 0.0000682 seconds, Stopping threads took: 0.0000189 seconds
[2022-06-16T20:14:33.390+0000][7672][safepoint    ] Application time: 0.0000114 seconds
[2022-06-16T20:14:33.390+0000][7672][safepoint    ] Entering safepoint region: RevokeBias
[2022-06-16T20:14:33.390+0000][7672][safepoint    ] Leaving safepoint region
[2022-06-16T20:14:33.390+0000][7672][safepoint    ] Total time for which application threads were stopped: 0.0000679 seconds, Stopping threads took: 0.0000191 seconds
[2022-06-16T20:14:33.390+0000][7672][safepoint    ] Application time: 0.0000117 seconds
[2022-06-16T20:14:33.390+0000][7672][safepoint    ] Entering safepoint region: RevokeBias
[2022-06-16T20:14:33.390+0000][7672][safepoint    ] Leaving safepoint region
[2022-06-16T20:14:33.390+0000][7672][safepoint    ] Total time for which application threads were stopped: 0.0000683 seconds, Stopping threads took: 0.0000189 seconds
[2022-06-16T20:14:33.390+0000][7672][safepoint    ] Application time: 0.0000119 seconds
[2022-06-16T20:14:33.390+0000][7672][safepoint    ] Entering safepoint region: BulkRevokeBias
[2022-06-16T20:14:33.390+0000][7672][safepoint    ] Leaving safepoint region
[2022-06-16T20:14:33.390+0000][7672][safepoint    ] Total time for which application threads were stopped: 0.0000818 seconds, Stopping threads took: 0.0000192 seconds
[2022-06-16T20:14:33.906+0000][7672][safepoint    ] Application time: 0.5136805 seconds
[2022-06-16T20:14:33.906+0000][7672][safepoint    ] Entering safepoint region: GenCollectForAllocation
[2022-06-16T20:14:33.906+0000][7672][gc,start     ] GC(7) Pause Young (Allocation Failure)
[2022-06-16T20:14:33.906+0000][7672][gc,task      ] GC(7) Using 2 workers of 2 for evacuation
[2022-06-16T20:14:33.906+0000][7672][gc,age       ] GC(7) Desired survivor size 8716288 bytes, new threshold 6 (max threshold 6)
[2022-06-16T20:14:33.906+0000][7672][gc,age       ] GC(7) Age table with threshold 6 (max threshold 6)
[2022-06-16T20:14:33.906+0000][7672][gc,age       ] GC(7) - age   1:    1682152 bytes,    1682152 total
[2022-06-16T20:14:33.906+0000][7672][gc,age       ] GC(7) - age   2:     545456 bytes,    2227608 total
[2022-06-16T20:14:33.906+0000][7672][gc,age       ] GC(7) - age   3:    1759808 bytes,    3987416 total
[2022-06-16T20:14:33.906+0000][7672][gc,age       ] GC(7) - age   4:     285936 bytes,    4273352 total
[2022-06-16T20:14:33.906+0000][7672][gc,age       ] GC(7) - age   5:    1688904 bytes,    5962256 total
[2022-06-16T20:14:33.906+0000][7672][gc,age       ] GC(7) - age   6:    1675168 bytes,    7637424 total
[2022-06-16T20:14:33.906+0000][7672][gc,heap      ] GC(7) ParNew: 145012K->13566K(153344K)
[2022-06-16T20:14:33.906+0000][7672][gc,heap      ] GC(7) CMS: 8874K->8874K(878208K)
[2022-06-16T20:14:33.906+0000][7672][gc,metaspace ] GC(7) Metaspace: 26652K->26652K(1075200K)
[2022-06-16T20:14:33.906+0000][7672][gc           ] GC(7) Pause Young (Allocation Failure) 150M->21M(1007M) 7.976ms
[2022-06-16T20:14:33.906+0000][7672][gc,cpu       ] GC(7) User=0.00s Sys=0.00s Real=0.00s
[2022-06-16T20:14:33.906+0000][7672][safepoint    ] Leaving safepoint region
[2022-06-16T20:14:33.906+0000][7672][safepoint    ] Total time for which application threads were stopped: 0.0081460 seconds, Stopping threads took: 0.0000342 seconds
[2022-06-16T20:14:34.625+0000][7672][safepoint    ] Application time: 0.7217240 seconds
[2022-06-16T20:14:34.625+0000][7672][safepoint    ] Entering safepoint region: GenCollectForAllocation
[2022-06-16T20:14:34.625+0000][7672][gc,start     ] GC(8) Pause Young (Allocation Failure)
[2022-06-16T20:14:34.625+0000][7672][gc,task      ] GC(8) Using 2 workers of 2 for evacuation
[2022-06-16T20:14:34.640+0000][7672][gc,age       ] GC(8) Desired survivor size 8716288 bytes, new threshold 6 (max threshold 6)
[2022-06-16T20:14:34.640+0000][7672][gc,age       ] GC(8) Age table with threshold 6 (max threshold 6)
[2022-06-16T20:14:34.640+0000][7672][gc,age       ] GC(8) - age   1:     549720 bytes,     549720 total
[2022-06-16T20:14:34.640+0000][7672][gc,age       ] GC(8) - age   2:    1527320 bytes,    2077040 total
[2022-06-16T20:14:34.640+0000][7672][gc,age       ] GC(8) - age   3:     545352 bytes,    2622392 total
[2022-06-16T20:14:34.640+0000][7672][gc,age       ] GC(8) - age   4:    1759520 bytes,    4381912 total
[2022-06-16T20:14:34.640+0000][7672][gc,age       ] GC(8) - age   5:     285936 bytes,    4667848 total
[2022-06-16T20:14:34.640+0000][7672][gc,age       ] GC(8) - age   6:    1688904 bytes,    6356752 total
[2022-06-16T20:14:34.640+0000][7672][gc,heap      ] GC(8) ParNew: 149886K->6739K(153344K)
[2022-06-16T20:14:34.640+0000][7672][gc,heap      ] GC(8) CMS: 8874K->10525K(878208K)
[2022-06-16T20:14:34.640+0000][7672][gc,metaspace ] GC(8) Metaspace: 27148K->27148K(1075200K)
[2022-06-16T20:14:34.640+0000][7672][gc           ] GC(8) Pause Young (Allocation Failure) 155M->16M(1007M) 9.442ms
[2022-06-16T20:14:34.640+0000][7672][gc,cpu       ] GC(8) User=0.03s Sys=0.00s Real=0.02s
[2022-06-16T20:14:34.640+0000][7672][safepoint    ] Leaving safepoint region
[2022-06-16T20:14:34.640+0000][7672][safepoint    ] Total time for which application threads were stopped: 0.0096588 seconds, Stopping threads took: 0.0000409 seconds
[2022-06-16T20:14:35.640+0000][7672][safepoint    ] Application time: 0.9937257 seconds
[2022-06-16T20:14:35.656+0000][7672][safepoint    ] Entering safepoint region: Cleanup
[2022-06-16T20:14:35.656+0000][7672][safepoint    ] Leaving safepoint region
[2022-06-16T20:14:35.656+0000][7672][safepoint    ] Total time for which application threads were stopped: 0.0289508 seconds, Stopping threads took: 0.0289035 seconds
[2022-06-16T20:14:35.750+0000][7672][safepoint    ] Application time: 0.0796579 seconds
[2022-06-16T20:14:35.750+0000][7672][safepoint    ] Entering safepoint region: GenCollectForAllocation
[2022-06-16T20:14:35.750+0000][7672][gc,start     ] GC(9) Pause Young (Allocation Failure)
[2022-06-16T20:14:35.750+0000][7672][gc,task      ] GC(9) Using 2 workers of 2 for evacuation
[2022-06-16T20:14:35.765+0000][7672][gc,age       ] GC(9) Desired survivor size 8716288 bytes, new threshold 6 (max threshold 6)
[2022-06-16T20:14:35.765+0000][7672][gc,age       ] GC(9) Age table with threshold 6 (max threshold 6)
[2022-06-16T20:14:35.765+0000][7672][gc,age       ] GC(9) - age   1:     910712 bytes,     910712 total
[2022-06-16T20:14:35.765+0000][7672][gc,age       ] GC(9) - age   2:     321648 bytes,    1232360 total
[2022-06-16T20:14:35.765+0000][7672][gc,age       ] GC(9) - age   3:    1527200 bytes,    2759560 total
[2022-06-16T20:14:35.765+0000][7672][gc,age       ] GC(9) - age   4:     545352 bytes,    3304912 total
[2022-06-16T20:14:35.765+0000][7672][gc,age       ] GC(9) - age   5:    1759520 bytes,    5064432 total
[2022-06-16T20:14:35.765+0000][7672][gc,age       ] GC(9) - age   6:     285936 bytes,    5350368 total
[2022-06-16T20:14:35.765+0000][7672][gc,heap      ] GC(9) ParNew: 143059K->5779K(153344K)
[2022-06-16T20:14:35.765+0000][7672][gc,heap      ] GC(9) CMS: 10525K->12189K(878208K)
[2022-06-16T20:14:35.765+0000][7672][gc,metaspace ] GC(9) Metaspace: 27396K->27396K(1075200K)
[2022-06-16T20:14:35.765+0000][7672][gc           ] GC(9) Pause Young (Allocation Failure) 149M->17M(1007M) 19.503ms
[2022-06-16T20:14:35.765+0000][7672][gc,cpu       ] GC(9) User=0.02s Sys=0.00s Real=0.02s
[2022-06-16T20:14:35.765+0000][7672][safepoint    ] Leaving safepoint region
[2022-06-16T20:14:35.765+0000][7672][safepoint    ] Total time for which application threads were stopped: 0.0196680 seconds, Stopping threads took: 0.0000259 seconds
[2022-06-16T20:14:36.093+0000][7672][safepoint    ] Application time: 0.3275796 seconds
[2022-06-16T20:14:36.093+0000][7672][safepoint    ] Entering safepoint region: GenCollectForAllocation
[2022-06-16T20:14:36.093+0000][7672][gc,start     ] GC(10) Pause Young (Allocation Failure)
[2022-06-16T20:14:36.093+0000][7672][gc,task      ] GC(10) Using 2 workers of 2 for evacuation
[2022-06-16T20:14:36.093+0000][7672][gc,age       ] GC(10) Desired survivor size 8716288 bytes, new threshold 6 (max threshold 6)
[2022-06-16T20:14:36.093+0000][7672][gc,age       ] GC(10) Age table with threshold 6 (max threshold 6)
[2022-06-16T20:14:36.093+0000][7672][gc,age       ] GC(10) - age   1:    2389696 bytes,    2389696 total
[2022-06-16T20:14:36.093+0000][7672][gc,age       ] GC(10) - age   2:     192312 bytes,    2582008 total
[2022-06-16T20:14:36.093+0000][7672][gc,age       ] GC(10) - age   3:     321648 bytes,    2903656 total
[2022-06-16T20:14:36.093+0000][7672][gc,age       ] GC(10) - age   4:    1527200 bytes,    4430856 total
[2022-06-16T20:14:36.093+0000][7672][gc,age       ] GC(10) - age   5:     545352 bytes,    4976208 total
[2022-06-16T20:14:36.093+0000][7672][gc,age       ] GC(10) - age   6:    1758536 bytes,    6734744 total
[2022-06-16T20:14:36.093+0000][7672][gc,heap      ] GC(10) ParNew: 142099K->8045K(153344K)
[2022-06-16T20:14:36.093+0000][7672][gc,heap      ] GC(10) CMS: 12189K->12470K(878208K)
[2022-06-16T20:14:36.093+0000][7672][gc,metaspace ] GC(10) Metaspace: 27613K->27613K(1075200K)
[2022-06-16T20:14:36.093+0000][7672][gc           ] GC(10) Pause Young (Allocation Failure) 150M->20M(1007M) 7.060ms
[2022-06-16T20:14:36.093+0000][7672][gc,cpu       ] GC(10) User=0.00s Sys=0.00s Real=0.00s
[2022-06-16T20:14:36.093+0000][7672][safepoint    ] Leaving safepoint region
[2022-06-16T20:14:36.093+0000][7672][safepoint    ] Total time for which application threads were stopped: 0.0072396 seconds, Stopping threads took: 0.0000277 seconds
[2022-06-16T20:14:36.437+0000][7672][safepoint    ] Application time: 0.3393755 seconds
[2022-06-16T20:14:36.437+0000][7672][safepoint    ] Entering safepoint region: GenCollectForAllocation
[2022-06-16T20:14:36.437+0000][7672][gc,start     ] GC(11) Pause Young (Allocation Failure)
[2022-06-16T20:14:36.437+0000][7672][gc,task      ] GC(11) Using 2 workers of 2 for evacuation
[2022-06-16T20:14:36.437+0000][7672][gc,age       ] GC(11) Desired survivor size 8716288 bytes, new threshold 6 (max threshold 6)
[2022-06-16T20:14:36.437+0000][7672][gc,age       ] GC(11) Age table with threshold 6 (max threshold 6)
[2022-06-16T20:14:36.437+0000][7672][gc,age       ] GC(11) - age   1:     805360 bytes,     805360 total
[2022-06-16T20:14:36.437+0000][7672][gc,age       ] GC(11) - age   2:     123728 bytes,     929088 total
[2022-06-16T20:14:36.437+0000][7672][gc,age       ] GC(11) - age   3:     192312 bytes,    1121400 total
[2022-06-16T20:14:36.437+0000][7672][gc,age       ] GC(11) - age   4:     321496 bytes,    1442896 total
[2022-06-16T20:14:36.437+0000][7672][gc,age       ] GC(11) - age   5:    1527200 bytes,    2970096 total
[2022-06-16T20:14:36.437+0000][7672][gc,age       ] GC(11) - age   6:     545352 bytes,    3515448 total
[2022-06-16T20:14:36.437+0000][7672][gc,heap      ] GC(11) ParNew: 144365K->6273K(153344K)
[2022-06-16T20:14:36.437+0000][7672][gc,heap      ] GC(11) CMS: 12470K->14195K(878208K)
[2022-06-16T20:14:36.437+0000][7672][gc,metaspace ] GC(11) Metaspace: 27656K->27656K(1075200K)
[2022-06-16T20:14:36.437+0000][7672][gc           ] GC(11) Pause Young (Allocation Failure) 153M->19M(1007M) 6.292ms
[2022-06-16T20:14:36.437+0000][7672][gc,cpu       ] GC(11) User=0.00s Sys=0.00s Real=0.00s
[2022-06-16T20:14:36.437+0000][7672][safepoint    ] Leaving safepoint region
[2022-06-16T20:14:36.437+0000][7672][safepoint    ] Total time for which application threads were stopped: 0.0064585 seconds, Stopping threads took: 0.0000283 seconds
[2022-06-16T20:14:36.953+0000][7672][safepoint    ] Application time: 0.5054084 seconds
[2022-06-16T20:14:36.953+0000][7672][safepoint    ] Entering safepoint region: GenCollectForAllocation
[2022-06-16T20:14:36.953+0000][7672][gc,start     ] GC(12) Pause Young (Allocation Failure)
[2022-06-16T20:14:36.953+0000][7672][gc,task      ] GC(12) Using 2 workers of 2 for evacuation
[2022-06-16T20:14:36.953+0000][7672][gc,age       ] GC(12) Desired survivor size 8716288 bytes, new threshold 6 (max threshold 6)
[2022-06-16T20:14:36.953+0000][7672][gc,age       ] GC(12) Age table with threshold 6 (max threshold 6)
[2022-06-16T20:14:36.953+0000][7672][gc,age       ] GC(12) - age   1:    1854616 bytes,    1854616 total
[2022-06-16T20:14:36.953+0000][7672][gc,age       ] GC(12) - age   2:      81464 bytes,    1936080 total
[2022-06-16T20:14:36.953+0000][7672][gc,age       ] GC(12) - age   3:     123664 bytes,    2059744 total
[2022-06-16T20:14:36.953+0000][7672][gc,age       ] GC(12) - age   4:     192312 bytes,    2252056 total
[2022-06-16T20:14:36.953+0000][7672][gc,age       ] GC(12) - age   5:     321496 bytes,    2573552 total
[2022-06-16T20:14:36.953+0000][7672][gc,age       ] GC(12) - age   6:    1527200 bytes,    4100752 total
[2022-06-16T20:14:36.953+0000][7672][gc,heap      ] GC(12) ParNew: 142593K->5711K(153344K)
[2022-06-16T20:14:36.953+0000][7672][gc,heap      ] GC(12) CMS: 14195K->14730K(878208K)
[2022-06-16T20:14:36.953+0000][7672][gc,metaspace ] GC(12) Metaspace: 27692K->27692K(1075200K)
[2022-06-16T20:14:36.953+0000][7672][gc           ] GC(12) Pause Young (Allocation Failure) 153M->19M(1007M) 7.034ms
[2022-06-16T20:14:36.953+0000][7672][gc,cpu       ] GC(12) User=0.00s Sys=0.00s Real=0.00s
[2022-06-16T20:14:36.953+0000][7672][safepoint    ] Leaving safepoint region
[2022-06-16T20:14:36.953+0000][7672][safepoint    ] Total time for which application threads were stopped: 0.0072052 seconds, Stopping threads took: 0.0000218 seconds
[2022-06-16T20:14:37.218+0000][7672][safepoint    ] Application time: 0.2619111 seconds
[2022-06-16T20:14:37.218+0000][7672][safepoint    ] Entering safepoint region: Deoptimize
[2022-06-16T20:14:37.218+0000][7672][safepoint    ] Leaving safepoint region
[2022-06-16T20:14:37.218+0000][7672][safepoint    ] Total time for which application threads were stopped: 0.0004355 seconds, Stopping threads took: 0.0000249 seconds
[2022-06-16T20:14:37.296+0000][7672][safepoint    ] Application time: 0.0845313 seconds
[2022-06-16T20:14:37.296+0000][7672][safepoint    ] Entering safepoint region: Deoptimize
[2022-06-16T20:14:37.296+0000][7672][safepoint    ] Leaving safepoint region
[2022-06-16T20:14:37.296+0000][7672][safepoint    ] Total time for which application threads were stopped: 0.0005896 seconds, Stopping threads took: 0.0000252 seconds
[2022-06-16T20:14:37.531+0000][7672][safepoint    ] Application time: 0.2233316 seconds
[2022-06-16T20:14:37.531+0000][7672][safepoint    ] Entering safepoint region: GenCollectForAllocation
[2022-06-16T20:14:37.531+0000][7672][gc,start     ] GC(13) Pause Young (Allocation Failure)
[2022-06-16T20:14:37.531+0000][7672][gc,task      ] GC(13) Using 2 workers of 2 for evacuation
[2022-06-16T20:14:37.531+0000][7672][gc,age       ] GC(13) Desired survivor size 8716288 bytes, new threshold 6 (max threshold 6)
[2022-06-16T20:14:37.531+0000][7672][gc,age       ] GC(13) Age table with threshold 6 (max threshold 6)
[2022-06-16T20:14:37.531+0000][7672][gc,age       ] GC(13) - age   1:    3370872 bytes,    3370872 total
[2022-06-16T20:14:37.531+0000][7672][gc,age       ] GC(13) - age   2:     265728 bytes,    3636600 total
[2022-06-16T20:14:37.531+0000][7672][gc,age       ] GC(13) - age   3:      81360 bytes,    3717960 total
[2022-06-16T20:14:37.531+0000][7672][gc,age       ] GC(13) - age   4:     123664 bytes,    3841624 total
[2022-06-16T20:14:37.531+0000][7672][gc,age       ] GC(13) - age   5:     192248 bytes,    4033872 total
[2022-06-16T20:14:37.531+0000][7672][gc,age       ] GC(13) - age   6:     321496 bytes,    4355368 total
[2022-06-16T20:14:37.531+0000][7672][gc,heap      ] GC(13) ParNew: 142031K->5576K(153344K)
[2022-06-16T20:14:37.531+0000][7672][gc,heap      ] GC(13) CMS: 14730K->16224K(878208K)
[2022-06-16T20:14:37.531+0000][7672][gc,metaspace ] GC(13) Metaspace: 29572K->29572K(1077248K)
[2022-06-16T20:14:37.531+0000][7672][gc           ] GC(13) Pause Young (Allocation Failure) 153M->21M(1007M) 8.502ms
[2022-06-16T20:14:37.531+0000][7672][gc,cpu       ] GC(13) User=0.00s Sys=0.00s Real=0.00s
[2022-06-16T20:14:37.531+0000][7672][safepoint    ] Leaving safepoint region
[2022-06-16T20:14:37.531+0000][7672][safepoint    ] Total time for which application threads were stopped: 0.0088069 seconds, Stopping threads took: 0.0000280 seconds
[2022-06-16T20:14:38.000+0000][7672][safepoint    ] Application time: 0.4600104 seconds
[2022-06-16T20:14:38.000+0000][7672][safepoint    ] Entering safepoint region: GenCollectForAllocation
[2022-06-16T20:14:38.000+0000][7672][gc,start     ] GC(14) Pause Young (Allocation Failure)
[2022-06-16T20:14:38.000+0000][7672][gc,task      ] GC(14) Using 2 workers of 2 for evacuation
[2022-06-16T20:14:38.000+0000][7672][gc,age       ] GC(14) Desired survivor size 8716288 bytes, new threshold 6 (max threshold 6)
[2022-06-16T20:14:38.000+0000][7672][gc,age       ] GC(14) Age table with threshold 6 (max threshold 6)
[2022-06-16T20:14:38.000+0000][7672][gc,age       ] GC(14) - age   1:     721344 bytes,     721344 total
[2022-06-16T20:14:38.000+0000][7672][gc,age       ] GC(14) - age   2:    1481160 bytes,    2202504 total
[2022-06-16T20:14:38.000+0000][7672][gc,age       ] GC(14) - age   3:     265728 bytes,    2468232 total
[2022-06-16T20:14:38.000+0000][7672][gc,age       ] GC(14) - age   4:      81360 bytes,    2549592 total
[2022-06-16T20:14:38.000+0000][7672][gc,age       ] GC(14) - age   5:     123664 bytes,    2673256 total
[2022-06-16T20:14:38.000+0000][7672][gc,age       ] GC(14) - age   6:     192248 bytes,    2865504 total
[2022-06-16T20:14:38.000+0000][7672][gc,heap      ] GC(14) ParNew: 141896K->6178K(153344K)
[2022-06-16T20:14:38.000+0000][7672][gc,heap      ] GC(14) CMS: 16224K->16541K(878208K)
[2022-06-16T20:14:38.000+0000][7672][gc,metaspace ] GC(14) Metaspace: 29772K->29772K(1077248K)
[2022-06-16T20:14:38.000+0000][7672][gc           ] GC(14) Pause Young (Allocation Failure) 154M->22M(1007M) 5.812ms
[2022-06-16T20:14:38.000+0000][7672][gc,cpu       ] GC(14) User=0.00s Sys=0.00s Real=0.00s
[2022-06-16T20:14:38.000+0000][7672][safepoint    ] Leaving safepoint region
[2022-06-16T20:14:38.000+0000][7672][safepoint    ] Total time for which application threads were stopped: 0.0059698 seconds, Stopping threads took: 0.0000217 seconds
[2022-06-16T20:14:38.500+0000][7672][safepoint    ] Application time: 0.4987275 seconds
[2022-06-16T20:14:38.500+0000][7672][safepoint    ] Entering safepoint region: GenCollectForAllocation
[2022-06-16T20:14:38.500+0000][7672][gc,start     ] GC(15) Pause Young (Allocation Failure)
[2022-06-16T20:14:38.500+0000][7672][gc,task      ] GC(15) Using 2 workers of 2 for evacuation
[2022-06-16T20:14:38.515+0000][7672][gc,age       ] GC(15) Desired survivor size 8716288 bytes, new threshold 6 (max threshold 6)
[2022-06-16T20:14:38.515+0000][7672][gc,age       ] GC(15) Age table with threshold 6 (max threshold 6)
[2022-06-16T20:14:38.515+0000][7672][gc,age       ] GC(15) - age   1:     929072 bytes,     929072 total
[2022-06-16T20:14:38.515+0000][7672][gc,age       ] GC(15) - age   2:     472480 bytes,    1401552 total
[2022-06-16T20:14:38.515+0000][7672][gc,age       ] GC(15) - age   3:    1481160 bytes,    2882712 total
[2022-06-16T20:14:38.515+0000][7672][gc,age       ] GC(15) - age   4:     265728 bytes,    3148440 total
[2022-06-16T20:14:38.515+0000][7672][gc,age       ] GC(15) - age   5:      81144 bytes,    3229584 total
[2022-06-16T20:14:38.515+0000][7672][gc,age       ] GC(15) - age   6:     123664 bytes,    3353248 total
[2022-06-16T20:14:38.515+0000][7672][gc,heap      ] GC(15) ParNew: 142498K->4274K(153344K)
[2022-06-16T20:14:38.515+0000][7672][gc,heap      ] GC(15) CMS: 16541K->16738K(878208K)
[2022-06-16T20:14:38.515+0000][7672][gc,metaspace ] GC(15) Metaspace: 29847K->29847K(1077248K)
[2022-06-16T20:14:38.515+0000][7672][gc           ] GC(15) Pause Young (Allocation Failure) 155M->20M(1007M) 11.785ms
[2022-06-16T20:14:38.515+0000][7672][gc,cpu       ] GC(15) User=0.02s Sys=0.00s Real=0.02s
[2022-06-16T20:14:38.515+0000][7672][safepoint    ] Leaving safepoint region
[2022-06-16T20:14:38.515+0000][7672][safepoint    ] Total time for which application threads were stopped: 0.0119523 seconds, Stopping threads took: 0.0000276 seconds
[2022-06-16T20:14:38.968+0000][7672][safepoint    ] Application time: 0.4516037 seconds
[2022-06-16T20:14:38.968+0000][7672][safepoint    ] Entering safepoint region: GenCollectForAllocation
[2022-06-16T20:14:38.968+0000][7672][gc,start     ] GC(16) Pause Young (Allocation Failure)
[2022-06-16T20:14:38.968+0000][7672][gc,task      ] GC(16) Using 2 workers of 2 for evacuation
[2022-06-16T20:14:38.968+0000][7672][gc,age       ] GC(16) Desired survivor size 8716288 bytes, new threshold 6 (max threshold 6)
[2022-06-16T20:14:38.968+0000][7672][gc,age       ] GC(16) Age table with threshold 6 (max threshold 6)
[2022-06-16T20:14:38.968+0000][7672][gc,age       ] GC(16) - age   1:     318160 bytes,     318160 total
[2022-06-16T20:14:38.968+0000][7672][gc,age       ] GC(16) - age   2:     230352 bytes,     548512 total
[2022-06-16T20:14:38.968+0000][7672][gc,age       ] GC(16) - age   3:     472480 bytes,    1020992 total
[2022-06-16T20:14:38.968+0000][7672][gc,age       ] GC(16) - age   4:    1481160 bytes,    2502152 total
[2022-06-16T20:14:38.968+0000][7672][gc,age       ] GC(16) - age   5:     265728 bytes,    2767880 total
[2022-06-16T20:14:38.968+0000][7672][gc,age       ] GC(16) - age   6:      81144 bytes,    2849024 total
[2022-06-16T20:14:38.968+0000][7672][gc,heap      ] GC(16) ParNew: 140594K->4506K(153344K)
[2022-06-16T20:14:38.968+0000][7672][gc,heap      ] GC(16) CMS: 16738K->16862K(878208K)
[2022-06-16T20:14:38.968+0000][7672][gc,metaspace ] GC(16) Metaspace: 29861K->29861K(1077248K)
[2022-06-16T20:14:38.968+0000][7672][gc           ] GC(16) Pause Young (Allocation Failure) 153M->20M(1007M) 5.444ms
[2022-06-16T20:14:38.968+0000][7672][gc,cpu       ] GC(16) User=0.00s Sys=0.00s Real=0.00s
[2022-06-16T20:14:38.968+0000][7672][safepoint    ] Leaving safepoint region
[2022-06-16T20:14:38.968+0000][7672][safepoint    ] Total time for which application threads were stopped: 0.0056114 seconds, Stopping threads took: 0.0000273 seconds
[2022-06-16T20:14:39.968+0000][7672][safepoint    ] Application time: 0.9913138 seconds
[2022-06-16T20:14:39.968+0000][7672][safepoint    ] Entering safepoint region: Cleanup
[2022-06-16T20:14:39.968+0000][7672][safepoint    ] Leaving safepoint region
[2022-06-16T20:14:39.968+0000][7672][safepoint    ] Total time for which application threads were stopped: 0.0000706 seconds, Stopping threads took: 0.0000244 seconds
[2022-06-16T20:14:40.109+0000][7672][safepoint    ] Application time: 0.1414841 seconds
[2022-06-16T20:14:40.109+0000][7672][safepoint    ] Entering safepoint region: GenCollectForAllocation
[2022-06-16T20:14:40.109+0000][7672][gc,start     ] GC(17) Pause Young (Allocation Failure)
[2022-06-16T20:14:40.109+0000][7672][gc,task      ] GC(17) Using 2 workers of 2 for evacuation
[2022-06-16T20:14:40.109+0000][7672][gc,age       ] GC(17) Desired survivor size 8716288 bytes, new threshold 6 (max threshold 6)
[2022-06-16T20:14:40.109+0000][7672][gc,age       ] GC(17) Age table with threshold 6 (max threshold 6)
[2022-06-16T20:14:40.109+0000][7672][gc,age       ] GC(17) - age   1:    2150376 bytes,    2150376 total
[2022-06-16T20:14:40.109+0000][7672][gc,age       ] GC(17) - age   2:      44648 bytes,    2195024 total
[2022-06-16T20:14:40.109+0000][7672][gc,age       ] GC(17) - age   3:     230352 bytes,    2425376 total
[2022-06-16T20:14:40.109+0000][7672][gc,age       ] GC(17) - age   4:     472480 bytes,    2897856 total
[2022-06-16T20:14:40.109+0000][7672][gc,age       ] GC(17) - age   5:    1481072 bytes,    4378928 total
[2022-06-16T20:14:40.109+0000][7672][gc,age       ] GC(17) - age   6:     265728 bytes,    4644656 total
[2022-06-16T20:14:40.109+0000][7672][gc,heap      ] GC(17) ParNew: 140826K->5358K(153344K)
[2022-06-16T20:14:40.109+0000][7672][gc,heap      ] GC(17) CMS: 16862K->16943K(878208K)
[2022-06-16T20:14:40.109+0000][7672][gc,metaspace ] GC(17) Metaspace: 29913K->29913K(1077248K)
[2022-06-16T20:14:40.109+0000][7672][gc           ] GC(17) Pause Young (Allocation Failure) 153M->21M(1007M) 7.819ms
[2022-06-16T20:14:40.109+0000][7672][gc,cpu       ] GC(17) User=0.00s Sys=0.00s Real=0.00s
[2022-06-16T20:14:40.109+0000][7672][safepoint    ] Leaving safepoint region
[2022-06-16T20:14:40.109+0000][7672][safepoint    ] Total time for which application threads were stopped: 0.0079854 seconds, Stopping threads took: 0.0000336 seconds
[2022-06-16T20:14:40.343+0000][7672][safepoint    ] Application time: 0.2375487 seconds
[2022-06-16T20:14:40.343+0000][7672][safepoint    ] Entering safepoint region: RevokeBias
[2022-06-16T20:14:40.343+0000][7672][safepoint    ] Leaving safepoint region
[2022-06-16T20:14:40.343+0000][7672][safepoint    ] Total time for which application threads were stopped: 0.0000908 seconds, Stopping threads took: 0.0000261 seconds
[2022-06-16T20:14:40.421+0000][7672][safepoint    ] Application time: 0.0694881 seconds
[2022-06-16T20:14:40.421+0000][7672][safepoint    ] Entering safepoint region: Deoptimize
[2022-06-16T20:14:40.421+0000][7672][safepoint    ] Leaving safepoint region
[2022-06-16T20:14:40.421+0000][7672][safepoint    ] Total time for which application threads were stopped: 0.0004732 seconds, Stopping threads took: 0.0000259 seconds
[2022-06-16T20:14:41.437+0000][7672][safepoint    ] Application time: 1.0113479 seconds
[2022-06-16T20:14:41.437+0000][7672][safepoint    ] Entering safepoint region: Cleanup
[2022-06-16T20:14:41.437+0000][7672][safepoint    ] Leaving safepoint region
[2022-06-16T20:14:41.437+0000][7672][safepoint    ] Total time for which application threads were stopped: 0.0045745 seconds, Stopping threads took: 0.0044485 seconds
[2022-06-16T20:14:41.437+0000][7672][safepoint    ] Application time: 0.0003910 seconds
[2022-06-16T20:14:41.437+0000][7672][safepoint    ] Entering safepoint region: RevokeBias
[2022-06-16T20:14:41.437+0000][7672][safepoint    ] Leaving safepoint region
[2022-06-16T20:14:41.437+0000][7672][safepoint    ] Total time for which application threads were stopped: 0.0001081 seconds, Stopping threads took: 0.0000514 seconds
[2022-06-16T20:14:41.437+0000][7672][safepoint    ] Application time: 0.0000932 seconds
[2022-06-16T20:14:41.437+0000][7672][safepoint    ] Entering safepoint region: RevokeBias
[2022-06-16T20:14:41.437+0000][7672][safepoint    ] Leaving safepoint region
[2022-06-16T20:14:41.437+0000][7672][safepoint    ] Total time for which application threads were stopped: 0.0001007 seconds, Stopping threads took: 0.0000272 seconds
[2022-06-16T20:14:41.812+0000][7672][safepoint    ] Application time: 0.3799268 seconds
[2022-06-16T20:14:41.812+0000][7672][safepoint    ] Entering safepoint region: GenCollectForAllocation
[2022-06-16T20:14:41.812+0000][7672][gc,start     ] GC(18) Pause Young (Allocation Failure)
[2022-06-16T20:14:41.812+0000][7672][gc,task      ] GC(18) Using 2 workers of 2 for evacuation
[2022-06-16T20:14:41.828+0000][7672][gc,age       ] GC(18) Desired survivor size 8716288 bytes, new threshold 6 (max threshold 6)
[2022-06-16T20:14:41.828+0000][7672][gc,age       ] GC(18) Age table with threshold 6 (max threshold 6)
[2022-06-16T20:14:41.828+0000][7672][gc,age       ] GC(18) - age   1:    2118096 bytes,    2118096 total
[2022-06-16T20:14:41.828+0000][7672][gc,age       ] GC(18) - age   2:     286504 bytes,    2404600 total
[2022-06-16T20:14:41.828+0000][7672][gc,age       ] GC(18) - age   3:      44288 bytes,    2448888 total
[2022-06-16T20:14:41.828+0000][7672][gc,age       ] GC(18) - age   4:     230240 bytes,    2679128 total
[2022-06-16T20:14:41.828+0000][7672][gc,age       ] GC(18) - age   5:     471856 bytes,    3150984 total
[2022-06-16T20:14:41.828+0000][7672][gc,age       ] GC(18) - age   6:    1478176 bytes,    4629160 total
[2022-06-16T20:14:41.828+0000][7672][gc,heap      ] GC(18) ParNew: 141678K->6107K(153344K)
[2022-06-16T20:14:41.828+0000][7672][gc,heap      ] GC(18) CMS: 16943K->17203K(878208K)
[2022-06-16T20:14:41.828+0000][7672][gc,metaspace ] GC(18) Metaspace: 35614K->35614K(1083392K)
[2022-06-16T20:14:41.828+0000][7672][gc           ] GC(18) Pause Young (Allocation Failure) 154M->22M(1007M) 19.025ms
[2022-06-16T20:14:41.828+0000][7672][gc,cpu       ] GC(18) User=0.02s Sys=0.00s Real=0.02s
[2022-06-16T20:14:41.828+0000][7672][safepoint    ] Leaving safepoint region
[2022-06-16T20:14:41.828+0000][7672][safepoint    ] Total time for which application threads were stopped: 0.0193433 seconds, Stopping threads took: 0.0000362 seconds
[2022-06-16T20:14:42.078+0000][7672][safepoint    ] Application time: 0.2433091 seconds
[2022-06-16T20:14:42.078+0000][7672][safepoint    ] Entering safepoint region: Deoptimize
[2022-06-16T20:14:42.078+0000][7672][safepoint    ] Leaving safepoint region
[2022-06-16T20:14:42.078+0000][7672][safepoint    ] Total time for which application threads were stopped: 0.0005189 seconds, Stopping threads took: 0.0000275 seconds
[2022-06-16T20:14:42.078+0000][7672][safepoint    ] Application time: 0.0011016 seconds
[2022-06-16T20:14:42.078+0000][7672][safepoint    ] Entering safepoint region: CollectForMetadataAllocation
[2022-06-16T20:14:42.078+0000][7672][safepoint    ] Leaving safepoint region
[2022-06-16T20:14:42.078+0000][7672][safepoint    ] Total time for which application threads were stopped: 0.0001696 seconds, Stopping threads took: 0.0000241 seconds
[2022-06-16T20:14:42.125+0000][7672][safepoint    ] Application time: 0.0507041 seconds
[2022-06-16T20:14:42.125+0000][7672][safepoint    ] Entering safepoint region: Deoptimize
[2022-06-16T20:14:42.125+0000][7672][safepoint    ] Leaving safepoint region
[2022-06-16T20:14:42.125+0000][7672][safepoint    ] Total time for which application threads were stopped: 0.0005056 seconds, Stopping threads took: 0.0000234 seconds
[2022-06-16T20:14:42.125+0000][7672][safepoint    ] Application time: 0.0006907 seconds
[2022-06-16T20:14:42.125+0000][7672][safepoint    ] Entering safepoint region: CollectForMetadataAllocation
[2022-06-16T20:14:42.125+0000][7672][safepoint    ] Leaving safepoint region
[2022-06-16T20:14:42.125+0000][7672][safepoint    ] Total time for which application threads were stopped: 0.0001843 seconds, Stopping threads took: 0.0000256 seconds
[2022-06-16T20:14:42.140+0000][7672][safepoint    ] Application time: 0.0057284 seconds
[2022-06-16T20:14:42.140+0000][7672][safepoint    ] Entering safepoint region: Deoptimize
[2022-06-16T20:14:42.140+0000][7672][safepoint    ] Leaving safepoint region
[2022-06-16T20:14:42.140+0000][7672][safepoint    ] Total time for which application threads were stopped: 0.0004490 seconds, Stopping threads took: 0.0000234 seconds
[2022-06-16T20:14:42.171+0000][7672][safepoint    ] Application time: 0.0345384 seconds
[2022-06-16T20:14:42.171+0000][7672][safepoint    ] Entering safepoint region: CollectForMetadataAllocation
[2022-06-16T20:14:42.171+0000][7672][safepoint    ] Leaving safepoint region
[2022-06-16T20:14:42.171+0000][7672][safepoint    ] Total time for which application threads were stopped: 0.0001881 seconds, Stopping threads took: 0.0000332 seconds
[2022-06-16T20:14:42.250+0000][7672][safepoint    ] Application time: 0.0722096 seconds
[2022-06-16T20:14:42.250+0000][7672][safepoint    ] Entering safepoint region: RevokeBias
[2022-06-16T20:14:42.250+0000][7672][safepoint    ] Leaving safepoint region
[2022-06-16T20:14:42.250+0000][7672][safepoint    ] Total time for which application threads were stopped: 0.0000910 seconds, Stopping threads took: 0.0000259 seconds
[2022-06-16T20:14:42.515+0000][7672][safepoint    ] Application time: 0.2717711 seconds
[2022-06-16T20:14:42.515+0000][7672][safepoint    ] Entering safepoint region: CollectForMetadataAllocation
[2022-06-16T20:14:42.515+0000][7672][safepoint    ] Leaving safepoint region
[2022-06-16T20:14:42.515+0000][7672][safepoint    ] Total time for which application threads were stopped: 0.0007482 seconds, Stopping threads took: 0.0005881 seconds
[2022-06-16T20:14:42.593+0000][7672][safepoint    ] Application time: 0.0762387 seconds
[2022-06-16T20:14:42.593+0000][7672][safepoint    ] Entering safepoint region: CollectForMetadataAllocation
[2022-06-16T20:14:42.593+0000][7672][safepoint    ] Leaving safepoint region
[2022-06-16T20:14:42.593+0000][7672][safepoint    ] Total time for which application threads were stopped: 0.0001860 seconds, Stopping threads took: 0.0000198 seconds
[2022-06-16T20:14:42.609+0000][7672][safepoint    ] Application time: 0.0204085 seconds
[2022-06-16T20:14:42.609+0000][7672][safepoint    ] Entering safepoint region: RevokeBias
[2022-06-16T20:14:42.609+0000][7672][safepoint    ] Leaving safepoint region
[2022-06-16T20:14:42.609+0000][7672][safepoint    ] Total time for which application threads were stopped: 0.0000881 seconds, Stopping threads took: 0.0000231 seconds
[2022-06-16T20:14:42.656+0000][7672][safepoint    ] Application time: 0.0426221 seconds
[2022-06-16T20:14:42.656+0000][7672][safepoint    ] Entering safepoint region: CollectForMetadataAllocation
[2022-06-16T20:14:42.656+0000][7672][safepoint    ] Leaving safepoint region
[2022-06-16T20:14:42.656+0000][7672][safepoint    ] Total time for which application threads were stopped: 0.0002012 seconds, Stopping threads took: 0.0000284 seconds
[2022-06-16T20:14:42.953+0000][7672][safepoint    ] Application time: 0.3028602 seconds
[2022-06-16T20:14:42.953+0000][7672][safepoint    ] Entering safepoint region: CollectForMetadataAllocation
[2022-06-16T20:14:42.968+0000][7672][safepoint    ] Leaving safepoint region
[2022-06-16T20:14:42.968+0000][7672][safepoint    ] Total time for which application threads were stopped: 0.0002596 seconds, Stopping threads took: 0.0000263 seconds
[2022-06-16T20:14:43.843+0000][7672][safepoint    ] Application time: 0.8797097 seconds
[2022-06-16T20:14:43.906+0000][7672][safepoint    ] Entering safepoint region: CMS_Initial_Mark
[2022-06-16T20:14:43.906+0000][7672][gc,start     ] GC(19) Pause Initial Mark
[2022-06-16T20:14:43.953+0000][7672][gc           ] GC(19) Pause Initial Mark 114M->114M(1007M) 45.766ms
[2022-06-16T20:14:43.953+0000][7672][gc,cpu       ] GC(19) User=0.09s Sys=0.00s Real=0.05s
[2022-06-16T20:14:43.953+0000][7672][safepoint    ] Leaving safepoint region
[2022-06-16T20:14:43.953+0000][7672][safepoint    ] Total time for which application threads were stopped: 0.1157937 seconds, Stopping threads took: 0.0698433 seconds
[2022-06-16T20:14:43.953+0000][7672][gc           ] GC(19) Concurrent Mark
[2022-06-16T20:14:43.984+0000][7672][gc           ] GC(19) Concurrent Mark 20.937ms
[2022-06-16T20:14:43.984+0000][7672][gc,cpu       ] GC(19) User=0.03s Sys=0.00s Real=0.03s
[2022-06-16T20:14:43.984+0000][7672][gc           ] GC(19) Concurrent Preclean
[2022-06-16T20:14:43.984+0000][7672][gc           ] GC(19) Concurrent Preclean 3.138ms
[2022-06-16T20:14:43.984+0000][7672][gc,cpu       ] GC(19) User=0.00s Sys=0.00s Real=0.00s
[2022-06-16T20:14:43.984+0000][7672][gc           ] GC(19) Concurrent Abortable Preclean
[2022-06-16T20:14:44.953+0000][7672][safepoint    ] Application time: 0.9928556 seconds
[2022-06-16T20:14:44.984+0000][7672][safepoint    ] Entering safepoint region: Cleanup
[2022-06-16T20:14:44.984+0000][7672][safepoint    ] Leaving safepoint region
[2022-06-16T20:14:44.984+0000][7672][safepoint    ] Total time for which application threads were stopped: 0.0353878 seconds, Stopping threads took: 0.0353111 seconds
[2022-06-16T20:14:45.046+0000][7672][safepoint    ] Application time: 0.0673426 seconds
[2022-06-16T20:14:45.046+0000][7672][safepoint    ] Entering safepoint region: GenCollectForAllocation
[2022-06-16T20:14:45.046+0000][7672][gc,start     ] GC(20) Pause Young (Allocation Failure)
[2022-06-16T20:14:45.046+0000][7672][gc,task      ] GC(20) Using 2 workers of 2 for evacuation
[2022-06-16T20:14:45.093+0000][7672][gc,age       ] GC(20) Desired survivor size 8716288 bytes, new threshold 1 (max threshold 6)
[2022-06-16T20:14:45.093+0000][7672][gc,age       ] GC(20) Age table with threshold 1 (max threshold 6)
[2022-06-16T20:14:45.093+0000][7672][gc,age       ] GC(20) - age   1:   13813376 bytes,   13813376 total
[2022-06-16T20:14:45.093+0000][7672][gc,age       ] GC(20) - age   2:    2066280 bytes,   15879656 total
[2022-06-16T20:14:45.093+0000][7672][gc,age       ] GC(20) - age   3:     286016 bytes,   16165672 total
[2022-06-16T20:14:45.093+0000][7672][gc,age       ] GC(20) - age   4:      44288 bytes,   16209960 total
[2022-06-16T20:14:45.093+0000][7672][gc,age       ] GC(20) - age   5:     228936 bytes,   16438896 total
[2022-06-16T20:14:45.093+0000][7672][gc,age       ] GC(20) - age   6:     470248 bytes,   16909144 total
[2022-06-16T20:14:45.093+0000][7672][gc,heap      ] GC(20) ParNew: 142427K->17024K(153344K)
[2022-06-16T20:14:45.093+0000][7672][gc,heap      ] GC(20) CMS: 17203K->18655K(878208K)
[2022-06-16T20:14:45.093+0000][7672][gc,metaspace ] GC(20) Metaspace: 40070K->40070K(1087488K)
[2022-06-16T20:14:45.093+0000][7672][gc           ] GC(20) Pause Young (Allocation Failure) 155M->34M(1007M) 34.727ms
[2022-06-16T20:14:45.093+0000][7672][gc,cpu       ] GC(20) User=0.09s Sys=0.00s Real=0.05s
[2022-06-16T20:14:45.093+0000][7672][safepoint    ] Leaving safepoint region
[2022-06-16T20:14:45.093+0000][7672][safepoint    ] Total time for which application threads were stopped: 0.0348994 seconds, Stopping threads took: 0.0000266 seconds
[2022-06-16T20:14:46.265+0000][7672][safepoint    ] Application time: 1.1704905 seconds
[2022-06-16T20:14:46.265+0000][7672][safepoint    ] Entering safepoint region: Cleanup
[2022-06-16T20:14:46.265+0000][7672][safepoint    ] Leaving safepoint region
[2022-06-16T20:14:46.265+0000][7672][safepoint    ] Total time for which application threads were stopped: 0.0001009 seconds, Stopping threads took: 0.0000552 seconds
[2022-06-16T20:14:47.171+0000][7672][safepoint    ] Application time: 0.9150057 seconds
[2022-06-16T20:14:47.187+0000][7672][safepoint    ] Entering safepoint region: RevokeBias
[2022-06-16T20:14:47.187+0000][7672][safepoint    ] Leaving safepoint region
[2022-06-16T20:14:47.187+0000][7672][safepoint    ] Total time for which application threads were stopped: 0.0070900 seconds, Stopping threads took: 0.0069546 seconds
[2022-06-16T20:14:47.187+0000][7672][safepoint    ] Application time: 0.0137586 seconds
[2022-06-16T20:14:47.187+0000][7672][safepoint    ] Entering safepoint region: RevokeBias
[2022-06-16T20:14:47.187+0000][7672][safepoint    ] Leaving safepoint region
[2022-06-16T20:14:47.187+0000][7672][safepoint    ] Total time for which application threads were stopped: 0.0001071 seconds, Stopping threads took: 0.0000353 seconds
[2022-06-16T20:14:47.421+0000][7672][safepoint    ] Application time: 0.2224603 seconds
[2022-06-16T20:14:47.421+0000][7672][safepoint    ] Entering safepoint region: RevokeBias
[2022-06-16T20:14:47.421+0000][7672][safepoint    ] Leaving safepoint region
[2022-06-16T20:14:47.421+0000][7672][safepoint    ] Total time for which application threads were stopped: 0.0000946 seconds, Stopping threads took: 0.0000228 seconds
[2022-06-16T20:14:47.421+0000][7672][safepoint    ] Application time: 0.0000773 seconds
[2022-06-16T20:14:47.421+0000][7672][safepoint    ] Entering safepoint region: RevokeBias
[2022-06-16T20:14:47.421+0000][7672][safepoint    ] Leaving safepoint region
[2022-06-16T20:14:47.421+0000][7672][safepoint    ] Total time for which application threads were stopped: 0.0000530 seconds, Stopping threads took: 0.0000140 seconds
[2022-06-16T20:14:47.421+0000][7672][safepoint    ] Application time: 0.0021539 seconds
[2022-06-16T20:14:47.421+0000][7672][safepoint    ] Entering safepoint region: RevokeBias
[2022-06-16T20:14:47.421+0000][7672][safepoint    ] Leaving safepoint region
[2022-06-16T20:14:47.421+0000][7672][safepoint    ] Total time for which application threads were stopped: 0.0001119 seconds, Stopping threads took: 0.0000499 seconds
[2022-06-16T20:14:47.421+0000][7672][gc           ] GC(19) Concurrent Abortable Preclean 3438.320ms
[2022-06-16T20:14:47.421+0000][7672][gc,cpu       ] GC(19) User=4.98s Sys=0.14s Real=3.44s
[2022-06-16T20:14:47.421+0000][7672][safepoint    ] Application time: 0.0000701 seconds
[2022-06-16T20:14:47.421+0000][7672][safepoint    ] Entering safepoint region: CMS_Final_Remark
[2022-06-16T20:14:47.421+0000][7672][gc,start     ] GC(19) Pause Remark
[2022-06-16T20:14:47.484+0000][7672][gc           ] GC(19) Pause Remark 112M->112M(1007M) 65.623ms
[2022-06-16T20:14:47.484+0000][7672][gc,cpu       ] GC(19) User=0.11s Sys=0.00s Real=0.06s
[2022-06-16T20:14:47.484+0000][7672][safepoint    ] Leaving safepoint region
[2022-06-16T20:14:47.484+0000][7672][safepoint    ] Total time for which application threads were stopped: 0.0657934 seconds, Stopping threads took: 0.0000283 seconds
[2022-06-16T20:14:47.484+0000][7672][gc           ] GC(19) Concurrent Sweep
[2022-06-16T20:14:47.484+0000][7672][safepoint    ] Application time: 0.0001973 seconds
[2022-06-16T20:14:47.484+0000][7672][safepoint    ] Entering safepoint region: RevokeBias
[2022-06-16T20:14:47.484+0000][7672][safepoint    ] Leaving safepoint region
[2022-06-16T20:14:47.484+0000][7672][safepoint    ] Total time for which application threads were stopped: 0.0001391 seconds, Stopping threads took: 0.0000472 seconds
[2022-06-16T20:14:47.484+0000][7672][gc           ] GC(19) Concurrent Sweep 5.461ms
[2022-06-16T20:14:47.484+0000][7672][gc,cpu       ] GC(19) User=0.00s Sys=0.00s Real=0.00s
[2022-06-16T20:14:47.484+0000][7672][gc           ] GC(19) Concurrent Reset
[2022-06-16T20:14:47.484+0000][7672][gc           ] GC(19) Concurrent Reset 1.183ms
[2022-06-16T20:14:47.484+0000][7672][gc,cpu       ] GC(19) User=0.00s Sys=0.00s Real=0.00s
[2022-06-16T20:14:47.484+0000][7672][gc,heap      ] GC(19) Old: 17203K->18504K(878208K)
[2022-06-16T20:14:47.484+0000][7672][safepoint    ] Application time: 0.0065885 seconds
[2022-06-16T20:14:47.500+0000][7672][safepoint    ] Entering safepoint region: RevokeBias
[2022-06-16T20:14:47.500+0000][7672][safepoint    ] Leaving safepoint region
[2022-06-16T20:14:47.500+0000][7672][safepoint    ] Total time for which application threads were stopped: 0.0002536 seconds, Stopping threads took: 0.0001528 seconds
[2022-06-16T20:14:47.500+0000][7672][safepoint    ] Application time: 0.0000299 seconds
[2022-06-16T20:14:47.500+0000][7672][safepoint    ] Entering safepoint region: RevokeBias
[2022-06-16T20:14:47.500+0000][7672][safepoint    ] Leaving safepoint region
[2022-06-16T20:14:47.500+0000][7672][safepoint    ] Total time for which application threads were stopped: 0.0000853 seconds, Stopping threads took: 0.0000308 seconds
[2022-06-16T20:14:47.890+0000][7672][safepoint    ] Application time: 0.4012866 seconds
[2022-06-16T20:14:47.890+0000][7672][safepoint    ] Entering safepoint region: RevokeBias
[2022-06-16T20:14:47.890+0000][7672][safepoint    ] Leaving safepoint region
[2022-06-16T20:14:47.890+0000][7672][safepoint    ] Total time for which application threads were stopped: 0.0001558 seconds, Stopping threads took: 0.0000282 seconds
[2022-06-16T20:14:48.859+0000][7672][safepoint    ] Application time: 0.9645899 seconds
[2022-06-16T20:14:48.859+0000][7672][safepoint    ] Entering safepoint region: Deoptimize
[2022-06-16T20:14:48.859+0000][7672][safepoint    ] Leaving safepoint region
[2022-06-16T20:14:48.859+0000][7672][safepoint    ] Total time for which application threads were stopped: 0.0006151 seconds, Stopping threads took: 0.0000280 seconds
[2022-06-16T20:14:48.921+0000][7672][safepoint    ] Application time: 0.0652833 seconds
[2022-06-16T20:14:48.921+0000][7672][safepoint    ] Entering safepoint region: GenCollectForAllocation
[2022-06-16T20:14:48.921+0000][7672][gc,start     ] GC(21) Pause Young (Allocation Failure)
[2022-06-16T20:14:48.921+0000][7672][gc,task      ] GC(21) Using 2 workers of 2 for evacuation
[2022-06-16T20:14:49.000+0000][7672][gc,age       ] GC(21) Desired survivor size 8716288 bytes, new threshold 1 (max threshold 6)
[2022-06-16T20:14:49.000+0000][7672][gc,age       ] GC(21) Age table with threshold 1 (max threshold 6)
[2022-06-16T20:14:49.000+0000][7672][gc,age       ] GC(21) - age   1:   11659904 bytes,   11659904 total
[2022-06-16T20:14:49.000+0000][7672][gc,heap      ] GC(21) ParNew: 153344K->17024K(153344K)
[2022-06-16T20:14:49.000+0000][7672][gc,heap      ] GC(21) CMS: 18504K->36769K(878208K)
[2022-06-16T20:14:49.000+0000][7672][gc,metaspace ] GC(21) Metaspace: 43612K->43612K(1089536K)
[2022-06-16T20:14:49.000+0000][7672][gc           ] GC(21) Pause Young (Allocation Failure) 167M->52M(1007M) 68.957ms
[2022-06-16T20:14:49.000+0000][7672][gc,cpu       ] GC(21) User=0.16s Sys=0.00s Real=0.08s
[2022-06-16T20:14:49.000+0000][7672][safepoint    ] Leaving safepoint region
[2022-06-16T20:14:49.000+0000][7672][safepoint    ] Total time for which application threads were stopped: 0.0691239 seconds, Stopping threads took: 0.0000261 seconds
[2022-06-16T20:14:49.000+0000][7672][safepoint    ] Application time: 0.0017965 seconds
[2022-06-16T20:14:49.000+0000][7672][safepoint    ] Entering safepoint region: RevokeBias
[2022-06-16T20:14:49.000+0000][7672][safepoint    ] Leaving safepoint region
[2022-06-16T20:14:49.000+0000][7672][safepoint    ] Total time for which application threads were stopped: 0.0000780 seconds, Stopping threads took: 0.0000244 seconds
[2022-06-16T20:14:50.062+0000][7672][safepoint    ] Application time: 1.0590237 seconds
[2022-06-16T20:14:50.296+0000][7672][safepoint    ] Entering safepoint region: Cleanup
[2022-06-16T20:14:50.296+0000][7672][safepoint    ] Leaving safepoint region
[2022-06-16T20:14:50.296+0000][7672][safepoint    ] Total time for which application threads were stopped: 0.2474592 seconds, Stopping threads took: 0.2473528 seconds
[2022-06-16T20:14:51.296+0000][7672][safepoint    ] Application time: 0.9866953 seconds
[2022-06-16T20:14:51.406+0000][7672][safepoint    ] Entering safepoint region: Cleanup
[2022-06-16T20:14:51.406+0000][7672][safepoint    ] Leaving safepoint region
[2022-06-16T20:14:51.406+0000][7672][safepoint    ] Total time for which application threads were stopped: 0.1224495 seconds, Stopping threads took: 0.1223296 seconds
[2022-06-16T20:14:52.406+0000][7672][safepoint    ] Application time: 0.9936653 seconds
[2022-06-16T20:14:52.406+0000][7672][safepoint    ] Entering safepoint region: Cleanup
[2022-06-16T20:14:52.406+0000][7672][safepoint    ] Leaving safepoint region
[2022-06-16T20:14:52.406+0000][7672][safepoint    ] Total time for which application threads were stopped: 0.0001243 seconds, Stopping threads took: 0.0000671 seconds
[2022-06-16T20:14:52.640+0000][7672][safepoint    ] Application time: 0.2414498 seconds
[2022-06-16T20:14:52.640+0000][7672][safepoint    ] Entering safepoint region: GenCollectForAllocation
[2022-06-16T20:14:52.640+0000][7672][gc,start     ] GC(22) Pause Young (Allocation Failure)
[2022-06-16T20:14:52.640+0000][7672][gc,task      ] GC(22) Using 2 workers of 2 for evacuation
[2022-06-16T20:14:52.687+0000][7672][gc,age       ] GC(22) Desired survivor size 8716288 bytes, new threshold 6 (max threshold 6)
[2022-06-16T20:14:52.687+0000][7672][gc,age       ] GC(22) Age table with threshold 6 (max threshold 6)
[2022-06-16T20:14:52.687+0000][7672][gc,age       ] GC(22) - age   1:    4612280 bytes,    4612280 total
[2022-06-16T20:14:52.687+0000][7672][gc,heap      ] GC(22) ParNew: 153344K->11911K(153344K)
[2022-06-16T20:14:52.687+0000][7672][gc,heap      ] GC(22) CMS: 36769K->48209K(878208K)
[2022-06-16T20:14:52.687+0000][7672][gc,metaspace ] GC(22) Metaspace: 56070K->56070K(1101824K)
[2022-06-16T20:14:52.687+0000][7672][gc           ] GC(22) Pause Young (Allocation Failure) 185M->58M(1007M) 42.251ms
[2022-06-16T20:14:52.687+0000][7672][gc,cpu       ] GC(22) User=0.09s Sys=0.00s Real=0.05s
[2022-06-16T20:14:52.687+0000][7672][safepoint    ] Leaving safepoint region
[2022-06-16T20:14:52.687+0000][7672][safepoint    ] Total time for which application threads were stopped: 0.0424211 seconds, Stopping threads took: 0.0000260 seconds
[2022-06-16T20:14:53.140+0000][7672][safepoint    ] Application time: 0.4441394 seconds
[2022-06-16T20:14:53.140+0000][7672][safepoint    ] Entering safepoint region: Deoptimize
[2022-06-16T20:14:53.140+0000][7672][safepoint    ] Leaving safepoint region
[2022-06-16T20:14:53.140+0000][7672][safepoint    ] Total time for which application threads were stopped: 0.0006046 seconds, Stopping threads took: 0.0000249 seconds
[2022-06-16T20:14:53.140+0000][7672][safepoint    ] Application time: 0.0084021 seconds
[2022-06-16T20:14:53.140+0000][7672][safepoint    ] Entering safepoint region: Deoptimize
[2022-06-16T20:14:53.140+0000][7672][safepoint    ] Leaving safepoint region
[2022-06-16T20:14:53.140+0000][7672][safepoint    ] Total time for which application threads were stopped: 0.0005355 seconds, Stopping threads took: 0.0000239 seconds
[2022-06-16T20:14:53.203+0000][7672][safepoint    ] Application time: 0.0611865 seconds
[2022-06-16T20:14:53.203+0000][7672][safepoint    ] Entering safepoint region: RevokeBias
[2022-06-16T20:14:53.203+0000][7672][safepoint    ] Leaving safepoint region
[2022-06-16T20:14:53.203+0000][7672][safepoint    ] Total time for which application threads were stopped: 0.0001427 seconds, Stopping threads took: 0.0000261 seconds
[2022-06-16T20:14:53.218+0000][7672][safepoint    ] Application time: 0.0146611 seconds
[2022-06-16T20:14:53.218+0000][7672][safepoint    ] Entering safepoint region: RevokeBias
[2022-06-16T20:14:53.218+0000][7672][safepoint    ] Leaving safepoint region
[2022-06-16T20:14:53.218+0000][7672][safepoint    ] Total time for which application threads were stopped: 0.0001450 seconds, Stopping threads took: 0.0000282 seconds
[2022-06-16T20:14:53.234+0000][7672][safepoint    ] Application time: 0.0135081 seconds
[2022-06-16T20:14:53.234+0000][7672][safepoint    ] Entering safepoint region: RevokeBias
[2022-06-16T20:14:53.234+0000][7672][safepoint    ] Leaving safepoint region
[2022-06-16T20:14:53.234+0000][7672][safepoint    ] Total time for which application threads were stopped: 0.0001166 seconds, Stopping threads took: 0.0000255 seconds
[2022-06-16T20:14:54.312+0000][7672][safepoint    ] Application time: 1.0725342 seconds
[2022-06-16T20:14:54.312+0000][7672][safepoint    ] Entering safepoint region: Cleanup
[2022-06-16T20:14:54.312+0000][7672][safepoint    ] Leaving safepoint region
[2022-06-16T20:14:54.312+0000][7672][safepoint    ] Total time for which application threads were stopped: 0.0013780 seconds, Stopping threads took: 0.0012815 seconds
[2022-06-16T20:14:55.328+0000][7672][safepoint    ] Application time: 1.0131485 seconds
[2022-06-16T20:14:55.328+0000][7672][safepoint    ] Entering safepoint region: Cleanup
[2022-06-16T20:14:55.328+0000][7672][safepoint    ] Leaving safepoint region
[2022-06-16T20:14:55.328+0000][7672][safepoint    ] Total time for which application threads were stopped: 0.0002846 seconds, Stopping threads took: 0.0002020 seconds
[2022-06-16T20:14:55.796+0000][7672][safepoint    ] Application time: 0.4744430 seconds
[2022-06-16T20:14:55.796+0000][7672][safepoint    ] Entering safepoint region: GenCollectForAllocation
[2022-06-16T20:14:55.796+0000][7672][gc,start     ] GC(23) Pause Young (Allocation Failure)
[2022-06-16T20:14:55.796+0000][7672][gc,task      ] GC(23) Using 2 workers of 2 for evacuation
[2022-06-16T20:14:55.812+0000][7672][gc,age       ] GC(23) Desired survivor size 8716288 bytes, new threshold 6 (max threshold 6)
[2022-06-16T20:14:55.812+0000][7672][gc,age       ] GC(23) Age table with threshold 6 (max threshold 6)
[2022-06-16T20:14:55.812+0000][7672][gc,age       ] GC(23) - age   1:    1803904 bytes,    1803904 total
[2022-06-16T20:14:55.812+0000][7672][gc,age       ] GC(23) - age   2:    4506792 bytes,    6310696 total
[2022-06-16T20:14:55.812+0000][7672][gc,heap      ] GC(23) ParNew: 148231K->8207K(153344K)
[2022-06-16T20:14:55.812+0000][7672][gc,heap      ] GC(23) CMS: 48209K->48209K(878208K)
[2022-06-16T20:14:55.812+0000][7672][gc,metaspace ] GC(23) Metaspace: 62157K->62157K(1107968K)
[2022-06-16T20:14:55.812+0000][7672][gc           ] GC(23) Pause Young (Allocation Failure) 191M->55M(1007M) 22.351ms
[2022-06-16T20:14:55.812+0000][7672][gc,cpu       ] GC(23) User=0.03s Sys=0.00s Real=0.02s
[2022-06-16T20:14:55.812+0000][7672][safepoint    ] Leaving safepoint region
[2022-06-16T20:14:55.812+0000][7672][safepoint    ] Total time for which application threads were stopped: 0.0225288 seconds, Stopping threads took: 0.0000327 seconds
[2022-06-16T20:14:56.812+0000][7672][safepoint    ] Application time: 0.9869485 seconds
[2022-06-16T20:14:56.843+0000][7672][safepoint    ] Entering safepoint region: Cleanup
[2022-06-16T20:14:56.843+0000][7672][safepoint    ] Leaving safepoint region
[2022-06-16T20:14:56.843+0000][7672][safepoint    ] Total time for which application threads were stopped: 0.0354857 seconds, Stopping threads took: 0.0354277 seconds
[2022-06-16T20:14:57.343+0000][7672][safepoint    ] Application time: 0.5092777 seconds
[2022-06-16T20:14:57.343+0000][7672][safepoint    ] Entering safepoint region: RevokeBias
[2022-06-16T20:14:57.343+0000][7672][safepoint    ] Leaving safepoint region
[2022-06-16T20:14:57.343+0000][7672][safepoint    ] Total time for which application threads were stopped: 0.0001804 seconds, Stopping threads took: 0.0000241 seconds
[2022-06-16T20:14:57.359+0000][7672][safepoint    ] Application time: 0.0043284 seconds
[2022-06-16T20:14:57.359+0000][7672][safepoint    ] Entering safepoint region: RevokeBias
[2022-06-16T20:14:57.359+0000][7672][safepoint    ] Leaving safepoint region
[2022-06-16T20:14:57.359+0000][7672][safepoint    ] Total time for which application threads were stopped: 0.0000922 seconds, Stopping threads took: 0.0000246 seconds
[2022-06-16T20:14:57.515+0000][7672][safepoint    ] Application time: 0.1637738 seconds
[2022-06-16T20:14:57.515+0000][7672][safepoint    ] Entering safepoint region: RevokeBias
[2022-06-16T20:14:57.515+0000][7672][safepoint    ] Leaving safepoint region
[2022-06-16T20:14:57.515+0000][7672][safepoint    ] Total time for which application threads were stopped: 0.0000894 seconds, Stopping threads took: 0.0000262 seconds
[2022-06-16T20:14:57.515+0000][7672][safepoint    ] Application time: 0.0001122 seconds
[2022-06-16T20:14:57.515+0000][7672][safepoint    ] Entering safepoint region: RevokeBias
[2022-06-16T20:14:57.515+0000][7672][safepoint    ] Leaving safepoint region
[2022-06-16T20:14:57.515+0000][7672][safepoint    ] Total time for which application threads were stopped: 0.0000509 seconds, Stopping threads took: 0.0000191 seconds
[2022-06-16T20:14:57.656+0000][7672][safepoint    ] Application time: 0.1331106 seconds
[2022-06-16T20:14:57.656+0000][7672][safepoint    ] Entering safepoint region: CollectForMetadataAllocation
[2022-06-16T20:14:57.656+0000][7672][safepoint    ] Leaving safepoint region
[2022-06-16T20:14:57.656+0000][7672][safepoint    ] Total time for which application threads were stopped: 0.0002132 seconds, Stopping threads took: 0.0000241 seconds
[2022-06-16T20:14:57.671+0000][7672][safepoint    ] Application time: 0.0198557 seconds
[2022-06-16T20:14:57.671+0000][7672][safepoint    ] Entering safepoint region: Deoptimize
[2022-06-16T20:14:57.671+0000][7672][safepoint    ] Leaving safepoint region
[2022-06-16T20:14:57.671+0000][7672][safepoint    ] Total time for which application threads were stopped: 0.0006597 seconds, Stopping threads took: 0.0000225 seconds
[2022-06-16T20:14:57.859+0000][7672][safepoint    ] Application time: 0.1851705 seconds
[2022-06-16T20:14:58.109+0000][7672][safepoint    ] Entering safepoint region: CMS_Initial_Mark
[2022-06-16T20:14:58.109+0000][7672][gc,start     ] GC(24) Pause Initial Mark
[2022-06-16T20:14:58.171+0000][7672][gc           ] GC(24) Pause Initial Mark 184M->184M(1007M) 55.191ms
[2022-06-16T20:14:58.171+0000][7672][gc,cpu       ] GC(24) User=0.13s Sys=0.00s Real=0.06s
[2022-06-16T20:14:58.171+0000][7672][safepoint    ] Leaving safepoint region
[2022-06-16T20:14:58.171+0000][7672][safepoint    ] Total time for which application threads were stopped: 0.3114845 seconds, Stopping threads took: 0.2559546 seconds
[2022-06-16T20:14:58.171+0000][7672][gc           ] GC(24) Concurrent Mark
[2022-06-16T20:14:58.234+0000][7672][gc           ] GC(24) Concurrent Mark 66.226ms
[2022-06-16T20:14:58.234+0000][7672][gc,cpu       ] GC(24) User=0.06s Sys=0.00s Real=0.06s
[2022-06-16T20:14:58.234+0000][7672][gc           ] GC(24) Concurrent Preclean
[2022-06-16T20:14:58.234+0000][7672][gc           ] GC(24) Concurrent Preclean 3.379ms
[2022-06-16T20:14:58.234+0000][7672][gc,cpu       ] GC(24) User=0.00s Sys=0.00s Real=0.00s
[2022-06-16T20:14:58.234+0000][7672][gc           ] GC(24) Concurrent Abortable Preclean
[2022-06-16T20:14:58.312+0000][7672][safepoint    ] Application time: 0.1468280 seconds
[2022-06-16T20:14:58.312+0000][7672][safepoint    ] Entering safepoint region: CollectForMetadataAllocation
[2022-06-16T20:14:58.312+0000][7672][safepoint    ] Leaving safepoint region
[2022-06-16T20:14:58.312+0000][7672][safepoint    ] Total time for which application threads were stopped: 0.0001963 seconds, Stopping threads took: 0.0000251 seconds
[2022-06-16T20:14:58.578+0000][7672][safepoint    ] Application time: 0.2662827 seconds
[2022-06-16T20:14:58.578+0000][7672][safepoint    ] Entering safepoint region: CollectForMetadataAllocation
[2022-06-16T20:14:58.578+0000][7672][safepoint    ] Leaving safepoint region
[2022-06-16T20:14:58.578+0000][7672][safepoint    ] Total time for which application threads were stopped: 0.0008856 seconds, Stopping threads took: 0.0000263 seconds
[2022-06-16T20:14:58.687+0000][7672][safepoint    ] Application time: 0.1082299 seconds
[2022-06-16T20:14:58.734+0000][7672][safepoint    ] Entering safepoint region: CollectForMetadataAllocation
[2022-06-16T20:14:58.734+0000][7672][safepoint    ] Leaving safepoint region
[2022-06-16T20:14:58.734+0000][7672][safepoint    ] Total time for which application threads were stopped: 0.0467202 seconds, Stopping threads took: 0.0465071 seconds
[2022-06-16T20:14:58.796+0000][7672][safepoint    ] Application time: 0.0587718 seconds
[2022-06-16T20:14:58.796+0000][7672][safepoint    ] Entering safepoint region: GenCollectForAllocation
[2022-06-16T20:14:58.796+0000][7672][gc,start     ] GC(25) Pause Young (Allocation Failure)
[2022-06-16T20:14:58.796+0000][7672][gc,task      ] GC(25) Using 2 workers of 2 for evacuation
[2022-06-16T20:14:58.812+0000][7672][gc,age       ] GC(25) Desired survivor size 8716288 bytes, new threshold 3 (max threshold 6)
[2022-06-16T20:14:58.812+0000][7672][gc,age       ] GC(25) Age table with threshold 3 (max threshold 6)
[2022-06-16T20:14:58.812+0000][7672][gc,age       ] GC(25) - age   1:    3184224 bytes,    3184224 total
[2022-06-16T20:14:58.812+0000][7672][gc,age       ] GC(25) - age   2:    1740384 bytes,    4924608 total
[2022-06-16T20:14:58.812+0000][7672][gc,age       ] GC(25) - age   3:    4506600 bytes,    9431208 total
[2022-06-16T20:14:58.812+0000][7672][gc,heap      ] GC(25) ParNew: 144527K->11302K(153344K)
[2022-06-16T20:14:58.812+0000][7672][gc,heap      ] GC(25) CMS: 48209K->48209K(878208K)
[2022-06-16T20:14:58.812+0000][7672][gc,metaspace ] GC(25) Metaspace: 67336K->67336K(1112064K)
[2022-06-16T20:14:58.812+0000][7672][gc           ] GC(25) Pause Young (Allocation Failure) 188M->58M(1007M) 19.925ms
[2022-06-16T20:14:58.812+0000][7672][gc,cpu       ] GC(25) User=0.03s Sys=0.00s Real=0.02s
[2022-06-16T20:14:58.812+0000][7672][safepoint    ] Leaving safepoint region
[2022-06-16T20:14:58.812+0000][7672][safepoint    ] Total time for which application threads were stopped: 0.0200833 seconds, Stopping threads took: 0.0000211 seconds
[2022-06-16T20:14:59.437+0000][7672][safepoint    ] Application time: 0.6140621 seconds
[2022-06-16T20:14:59.437+0000][7672][safepoint    ] Entering safepoint region: CollectForMetadataAllocation
[2022-06-16T20:14:59.437+0000][7672][safepoint    ] Leaving safepoint region
[2022-06-16T20:14:59.437+0000][7672][safepoint    ] Total time for which application threads were stopped: 0.0001688 seconds, Stopping threads took: 0.0000207 seconds
[2022-06-16T20:14:59.531+0000][7672][safepoint    ] Application time: 0.0925449 seconds
[2022-06-16T20:14:59.531+0000][7672][safepoint    ] Entering safepoint region: CollectForMetadataAllocation
[2022-06-16T20:14:59.531+0000][7672][safepoint    ] Leaving safepoint region
[2022-06-16T20:14:59.531+0000][7672][safepoint    ] Total time for which application threads were stopped: 0.0001790 seconds, Stopping threads took: 0.0000209 seconds
[2022-06-16T20:14:59.578+0000][7672][safepoint    ] Application time: 0.0572508 seconds
[2022-06-16T20:14:59.578+0000][7672][safepoint    ] Entering safepoint region: CollectForMetadataAllocation
[2022-06-16T20:14:59.578+0000][7672][safepoint    ] Leaving safepoint region
[2022-06-16T20:14:59.578+0000][7672][safepoint    ] Total time for which application threads were stopped: 0.0002173 seconds, Stopping threads took: 0.0000208 seconds
[2022-06-16T20:14:59.624+0000][7672][safepoint    ] Application time: 0.0401697 seconds
[2022-06-16T20:14:59.624+0000][7672][safepoint    ] Entering safepoint region: CollectForMetadataAllocation
[2022-06-16T20:14:59.624+0000][7672][safepoint    ] Leaving safepoint region
[2022-06-16T20:14:59.624+0000][7672][safepoint    ] Total time for which application threads were stopped: 0.0002283 seconds, Stopping threads took: 0.0000197 seconds
[2022-06-16T20:14:59.718+0000][7672][safepoint    ] Application time: 0.0890515 seconds
[2022-06-16T20:14:59.718+0000][7672][safepoint    ] Entering safepoint region: CollectForMetadataAllocation
[2022-06-16T20:14:59.718+0000][7672][safepoint    ] Leaving safepoint region
[2022-06-16T20:14:59.718+0000][7672][safepoint    ] Total time for which application threads were stopped: 0.0001456 seconds, Stopping threads took: 0.0000259 seconds
[2022-06-16T20:14:59.734+0000][7672][safepoint    ] Application time: 0.0222807 seconds
[2022-06-16T20:14:59.734+0000][7672][safepoint    ] Entering safepoint region: CollectForMetadataAllocation
[2022-06-16T20:14:59.734+0000][7672][safepoint    ] Leaving safepoint region
[2022-06-16T20:14:59.734+0000][7672][safepoint    ] Total time for which application threads were stopped: 0.0002002 seconds, Stopping threads took: 0.0000217 seconds
[2022-06-16T20:15:00.218+0000][7672][safepoint    ] Application time: 0.4860507 seconds
[2022-06-16T20:15:00.218+0000][7672][safepoint    ] Entering safepoint region: CollectForMetadataAllocation
[2022-06-16T20:15:00.218+0000][7672][safepoint    ] Leaving safepoint region
[2022-06-16T20:15:00.218+0000][7672][safepoint    ] Total time for which application threads were stopped: 0.0002154 seconds, Stopping threads took: 0.0000261 seconds
[2022-06-16T20:15:00.343+0000][7672][safepoint    ] Application time: 0.1221424 seconds
[2022-06-16T20:15:00.343+0000][7672][safepoint    ] Entering safepoint region: CollectForMetadataAllocation
[2022-06-16T20:15:00.343+0000][7672][safepoint    ] Leaving safepoint region
[2022-06-16T20:15:00.343+0000][7672][safepoint    ] Total time for which application threads were stopped: 0.0002261 seconds, Stopping threads took: 0.0000274 seconds
[2022-06-16T20:15:00.749+0000][7672][safepoint    ] Application time: 0.4068007 seconds
[2022-06-16T20:15:00.749+0000][7672][safepoint    ] Entering safepoint region: CollectForMetadataAllocation
[2022-06-16T20:15:00.749+0000][7672][safepoint    ] Leaving safepoint region
[2022-06-16T20:15:00.749+0000][7672][safepoint    ] Total time for which application threads were stopped: 0.0002227 seconds, Stopping threads took: 0.0000281 seconds
[2022-06-16T20:15:00.859+0000][7672][safepoint    ] Application time: 0.1039049 seconds
[2022-06-16T20:15:00.859+0000][7672][safepoint    ] Entering safepoint region: CollectForMetadataAllocation
[2022-06-16T20:15:00.859+0000][7672][safepoint    ] Leaving safepoint region
[2022-06-16T20:15:00.859+0000][7672][safepoint    ] Total time for which application threads were stopped: 0.0002113 seconds, Stopping threads took: 0.0000325 seconds
[2022-06-16T20:15:00.874+0000][7672][safepoint    ] Application time: 0.0274893 seconds
[2022-06-16T20:15:00.874+0000][7672][safepoint    ] Entering safepoint region: CollectForMetadataAllocation
[2022-06-16T20:15:00.874+0000][7672][safepoint    ] Leaving safepoint region
[2022-06-16T20:15:00.874+0000][7672][safepoint    ] Total time for which application threads were stopped: 0.0001934 seconds, Stopping threads took: 0.0000198 seconds
[2022-06-16T20:15:00.906+0000][7672][safepoint    ] Application time: 0.0201074 seconds
[2022-06-16T20:15:00.906+0000][7672][safepoint    ] Entering safepoint region: CollectForMetadataAllocation
[2022-06-16T20:15:00.906+0000][7672][safepoint    ] Leaving safepoint region
[2022-06-16T20:15:00.906+0000][7672][safepoint    ] Total time for which application threads were stopped: 0.0001899 seconds, Stopping threads took: 0.0000194 seconds
[2022-06-16T20:15:00.921+0000][7672][safepoint    ] Application time: 0.0162460 seconds
[2022-06-16T20:15:00.921+0000][7672][safepoint    ] Entering safepoint region: CollectForMetadataAllocation
[2022-06-16T20:15:00.921+0000][7672][safepoint    ] Leaving safepoint region
[2022-06-16T20:15:00.921+0000][7672][safepoint    ] Total time for which application threads were stopped: 0.0001873 seconds, Stopping threads took: 0.0000187 seconds
[2022-06-16T20:15:01.265+0000][7672][safepoint    ] Application time: 0.3543059 seconds
[2022-06-16T20:15:01.265+0000][7672][safepoint    ] Entering safepoint region: CollectForMetadataAllocation
[2022-06-16T20:15:01.281+0000][7672][safepoint    ] Leaving safepoint region
[2022-06-16T20:15:01.281+0000][7672][safepoint    ] Total time for which application threads were stopped: 0.0002372 seconds, Stopping threads took: 0.0000278 seconds
[2022-06-16T20:15:01.359+0000][7672][safepoint    ] Application time: 0.0831218 seconds
[2022-06-16T20:15:01.359+0000][7672][safepoint    ] Entering safepoint region: CollectForMetadataAllocation
[2022-06-16T20:15:01.359+0000][7672][safepoint    ] Leaving safepoint region
[2022-06-16T20:15:01.359+0000][7672][safepoint    ] Total time for which application threads were stopped: 0.0001911 seconds, Stopping threads took: 0.0000202 seconds
[2022-06-16T20:15:01.437+0000][7672][safepoint    ] Application time: 0.0754236 seconds
[2022-06-16T20:15:01.437+0000][7672][safepoint    ] Entering safepoint region: CollectForMetadataAllocation
[2022-06-16T20:15:01.437+0000][7672][safepoint    ] Leaving safepoint region
[2022-06-16T20:15:01.437+0000][7672][safepoint    ] Total time for which application threads were stopped: 0.0002202 seconds, Stopping threads took: 0.0000289 seconds
[2022-06-16T20:15:01.437+0000][7672][gc           ] GC(24) Concurrent Abortable Preclean 3193.786ms
[2022-06-16T20:15:01.437+0000][7672][gc,cpu       ] GC(24) User=3.11s Sys=0.05s Real=3.20s
[2022-06-16T20:15:01.437+0000][7672][safepoint    ] Application time: 0.0000699 seconds
[2022-06-16T20:15:01.437+0000][7672][safepoint    ] Entering safepoint region: CMS_Final_Remark
[2022-06-16T20:15:01.437+0000][7672][gc,start     ] GC(24) Pause Remark
[2022-06-16T20:15:01.484+0000][7672][gc           ] GC(24) Pause Remark 129M->129M(1007M) 48.799ms
[2022-06-16T20:15:01.484+0000][7672][gc,cpu       ] GC(24) User=0.05s Sys=0.00s Real=0.05s
[2022-06-16T20:15:01.484+0000][7672][safepoint    ] Leaving safepoint region
[2022-06-16T20:15:01.484+0000][7672][safepoint    ] Total time for which application threads were stopped: 0.0492298 seconds, Stopping threads took: 0.0002649 seconds
[2022-06-16T20:15:01.484+0000][7672][gc           ] GC(24) Concurrent Sweep
[2022-06-16T20:15:01.499+0000][7672][gc           ] GC(24) Concurrent Sweep 18.447ms
[2022-06-16T20:15:01.499+0000][7672][gc,cpu       ] GC(24) User=0.02s Sys=0.00s Real=0.02s
[2022-06-16T20:15:01.499+0000][7672][gc           ] GC(24) Concurrent Reset
[2022-06-16T20:15:01.499+0000][7672][gc           ] GC(24) Concurrent Reset 1.156ms
[2022-06-16T20:15:01.499+0000][7672][gc,cpu       ] GC(24) User=0.00s Sys=0.00s Real=0.00s
[2022-06-16T20:15:01.499+0000][7672][gc,heap      ] GC(24) Old: 48209K->47895K(878208K)
[2022-06-16T20:15:02.187+0000][7672][safepoint    ] Application time: 0.7077252 seconds
[2022-06-16T20:15:02.187+0000][7672][safepoint    ] Entering safepoint region: Deoptimize
[2022-06-16T20:15:02.187+0000][7672][safepoint    ] Leaving safepoint region
[2022-06-16T20:15:02.187+0000][7672][safepoint    ] Total time for which application threads were stopped: 0.0010163 seconds, Stopping threads took: 0.0000228 seconds
[2022-06-16T20:15:02.249+0000][7672][safepoint    ] Application time: 0.0658488 seconds
[2022-06-16T20:15:02.249+0000][7672][safepoint    ] Entering safepoint region: RevokeBias
[2022-06-16T20:15:02.249+0000][7672][safepoint    ] Leaving safepoint region
[2022-06-16T20:15:02.249+0000][7672][safepoint    ] Total time for which application threads were stopped: 0.0001252 seconds, Stopping threads took: 0.0000291 seconds
[2022-06-16T20:15:02.249+0000][7672][safepoint    ] Application time: 0.0000409 seconds
[2022-06-16T20:15:02.249+0000][7672][safepoint    ] Entering safepoint region: RevokeBias
[2022-06-16T20:15:02.249+0000][7672][safepoint    ] Leaving safepoint region
[2022-06-16T20:15:02.249+0000][7672][safepoint    ] Total time for which application threads were stopped: 0.0000927 seconds, Stopping threads took: 0.0000205 seconds
[2022-06-16T20:15:02.249+0000][7672][safepoint    ] Application time: 0.0000857 seconds
[2022-06-16T20:15:02.249+0000][7672][safepoint    ] Entering safepoint region: RevokeBias
[2022-06-16T20:15:02.249+0000][7672][safepoint    ] Leaving safepoint region
[2022-06-16T20:15:02.249+0000][7672][safepoint    ] Total time for which application threads were stopped: 0.0000857 seconds, Stopping threads took: 0.0000206 seconds
[2022-06-16T20:15:02.249+0000][7672][safepoint    ] Application time: 0.0001083 seconds
[2022-06-16T20:15:02.249+0000][7672][safepoint    ] Entering safepoint region: RevokeBias
[2022-06-16T20:15:02.249+0000][7672][safepoint    ] Leaving safepoint region
[2022-06-16T20:15:02.249+0000][7672][safepoint    ] Total time for which application threads were stopped: 0.0000862 seconds, Stopping threads took: 0.0000204 seconds
[2022-06-16T20:15:02.265+0000][7672][safepoint    ] Application time: 0.0007461 seconds
[2022-06-16T20:15:02.265+0000][7672][safepoint    ] Entering safepoint region: RevokeBias
[2022-06-16T20:15:02.265+0000][7672][safepoint    ] Leaving safepoint region
[2022-06-16T20:15:02.265+0000][7672][safepoint    ] Total time for which application threads were stopped: 0.0000853 seconds, Stopping threads took: 0.0000221 seconds
[2022-06-16T20:15:02.859+0000][7672][safepoint    ] Application time: 0.6050837 seconds
[2022-06-16T20:15:02.859+0000][7672][safepoint    ] Entering safepoint region: RevokeBias
[2022-06-16T20:15:02.859+0000][7672][safepoint    ] Leaving safepoint region
[2022-06-16T20:15:02.859+0000][7672][safepoint    ] Total time for which application threads were stopped: 0.0001762 seconds, Stopping threads took: 0.0000217 seconds
[2022-06-16T20:15:02.859+0000][7672][safepoint    ] Application time: 0.0000678 seconds
[2022-06-16T20:15:02.859+0000][7672][safepoint    ] Entering safepoint region: RevokeBias
[2022-06-16T20:15:02.859+0000][7672][safepoint    ] Leaving safepoint region
[2022-06-16T20:15:02.859+0000][7672][safepoint    ] Total time for which application threads were stopped: 0.0000800 seconds, Stopping threads took: 0.0000263 seconds
[2022-06-16T20:15:02.859+0000][7672][safepoint    ] Application time: 0.0000998 seconds
[2022-06-16T20:15:02.859+0000][7672][safepoint    ] Entering safepoint region: RevokeBias
[2022-06-16T20:15:02.859+0000][7672][safepoint    ] Leaving safepoint region
[2022-06-16T20:15:02.859+0000][7672][safepoint    ] Total time for which application threads were stopped: 0.0000622 seconds, Stopping threads took: 0.0000160 seconds
[2022-06-16T20:15:02.859+0000][7672][safepoint    ] Application time: 0.0028788 seconds
[2022-06-16T20:15:02.859+0000][7672][safepoint    ] Entering safepoint region: RevokeBias
[2022-06-16T20:15:02.874+0000][7672][safepoint    ] Leaving safepoint region
[2022-06-16T20:15:02.874+0000][7672][safepoint    ] Total time for which application threads were stopped: 0.0001112 seconds, Stopping threads took: 0.0000184 seconds
[2022-06-16T20:15:03.453+0000][7672][safepoint    ] Application time: 0.5813260 seconds
[2022-06-16T20:15:03.453+0000][7672][safepoint    ] Entering safepoint region: Deoptimize
[2022-06-16T20:15:03.453+0000][7672][safepoint    ] Leaving safepoint region
[2022-06-16T20:15:03.453+0000][7672][safepoint    ] Total time for which application threads were stopped: 0.0010902 seconds, Stopping threads took: 0.0000273 seconds
[2022-06-16T20:15:03.499+0000][7672][safepoint    ] Application time: 0.0425455 seconds
[2022-06-16T20:15:03.499+0000][7672][safepoint    ] Entering safepoint region: RevokeBias
[2022-06-16T20:15:03.499+0000][7672][safepoint    ] Leaving safepoint region
[2022-06-16T20:15:03.499+0000][7672][safepoint    ] Total time for which application threads were stopped: 0.0001366 seconds, Stopping threads took: 0.0000203 seconds
[2022-06-16T20:15:03.499+0000][7672][safepoint    ] Application time: 0.0000166 seconds
[2022-06-16T20:15:03.499+0000][7672][safepoint    ] Entering safepoint region: RevokeBias
[2022-06-16T20:15:03.499+0000][7672][safepoint    ] Leaving safepoint region
[2022-06-16T20:15:03.499+0000][7672][safepoint    ] Total time for which application threads were stopped: 0.0000789 seconds, Stopping threads took: 0.0000145 seconds
[2022-06-16T20:15:03.499+0000][7672][safepoint    ] Application time: 0.0000360 seconds
[2022-06-16T20:15:03.499+0000][7672][safepoint    ] Entering safepoint region: RevokeBias
[2022-06-16T20:15:03.499+0000][7672][safepoint    ] Leaving safepoint region
[2022-06-16T20:15:03.499+0000][7672][safepoint    ] Total time for which application threads were stopped: 0.0000819 seconds, Stopping threads took: 0.0000165 seconds
[2022-06-16T20:15:03.531+0000][7672][safepoint    ] Application time: 0.0376278 seconds
[2022-06-16T20:15:03.531+0000][7672][safepoint    ] Entering safepoint region: GenCollectForAllocation
[2022-06-16T20:15:03.531+0000][7672][gc,start     ] GC(26) Pause Young (Allocation Failure)
[2022-06-16T20:15:03.531+0000][7672][gc,task      ] GC(26) Using 2 workers of 2 for evacuation
[2022-06-16T20:15:03.578+0000][7672][gc,age       ] GC(26) Desired survivor size 8716288 bytes, new threshold 3 (max threshold 6)
[2022-06-16T20:15:03.578+0000][7672][gc,age       ] GC(26) Age table with threshold 3 (max threshold 6)
[2022-06-16T20:15:03.578+0000][7672][gc,age       ] GC(26) - age   1:    4586448 bytes,    4586448 total
[2022-06-16T20:15:03.578+0000][7672][gc,age       ] GC(26) - age   2:    3119344 bytes,    7705792 total
[2022-06-16T20:15:03.578+0000][7672][gc,age       ] GC(26) - age   3:    1735056 bytes,    9440848 total
[2022-06-16T20:15:03.578+0000][7672][gc,heap      ] GC(26) ParNew: 147622K->12468K(153344K)
[2022-06-16T20:15:03.578+0000][7672][gc,heap      ] GC(26) CMS: 47895K->52415K(878208K)
[2022-06-16T20:15:03.578+0000][7672][gc,metaspace ] GC(26) Metaspace: 80791K->80791K(1124352K)
[2022-06-16T20:15:03.578+0000][7672][gc           ] GC(26) Pause Young (Allocation Failure) 190M->63M(1007M) 52.749ms
[2022-06-16T20:15:03.578+0000][7672][gc,cpu       ] GC(26) User=0.08s Sys=0.02s Real=0.05s
[2022-06-16T20:15:03.578+0000][7672][safepoint    ] Leaving safepoint region
[2022-06-16T20:15:03.578+0000][7672][safepoint    ] Total time for which application threads were stopped: 0.0529372 seconds, Stopping threads took: 0.0000271 seconds
[2022-06-16T20:15:04.593+0000][7672][safepoint    ] Application time: 1.0026626 seconds
[2022-06-16T20:15:04.593+0000][7672][safepoint    ] Entering safepoint region: Cleanup
[2022-06-16T20:15:04.593+0000][7672][safepoint    ] Leaving safepoint region
[2022-06-16T20:15:04.593+0000][7672][safepoint    ] Total time for which application threads were stopped: 0.0001258 seconds, Stopping threads took: 0.0000285 seconds
[2022-06-16T20:15:05.687+0000][7672][safepoint    ] Application time: 1.0954136 seconds
[2022-06-16T20:15:05.687+0000][7672][safepoint    ] Entering safepoint region: Cleanup
[2022-06-16T20:15:05.687+0000][7672][safepoint    ] Leaving safepoint region
[2022-06-16T20:15:05.687+0000][7672][safepoint    ] Total time for which application threads were stopped: 0.0000960 seconds, Stopping threads took: 0.0000251 seconds
[2022-06-16T20:15:06.223+0000][7672][safepoint    ] Application time: 0.5481617 seconds
[2022-06-16T20:15:06.223+0000][7672][safepoint    ] Entering safepoint region: RevokeBias
[2022-06-16T20:15:06.223+0000][7672][safepoint    ] Leaving safepoint region
[2022-06-16T20:15:06.223+0000][7672][safepoint    ] Total time for which application threads were stopped: 0.0000927 seconds, Stopping threads took: 0.0000270 seconds
[2022-06-16T20:15:06.254+0000][7672][safepoint    ] Application time: 0.0310188 seconds
[2022-06-16T20:15:06.254+0000][7672][safepoint    ] Entering safepoint region: Deoptimize
[2022-06-16T20:15:06.254+0000][7672][safepoint    ] Leaving safepoint region
[2022-06-16T20:15:06.254+0000][7672][safepoint    ] Total time for which application threads were stopped: 0.0007152 seconds, Stopping threads took: 0.0000252 seconds
[2022-06-16T20:15:06.504+0000][7672][safepoint    ] Application time: 0.2346988 seconds
[2022-06-16T20:15:06.504+0000][7672][safepoint    ] Entering safepoint region: Deoptimize
[2022-06-16T20:15:06.504+0000][7672][safepoint    ] Leaving safepoint region
[2022-06-16T20:15:06.504+0000][7672][safepoint    ] Total time for which application threads were stopped: 0.0009523 seconds, Stopping threads took: 0.0000228 seconds
[2022-06-16T20:15:06.613+0000][7672][safepoint    ] Application time: 0.1103748 seconds
[2022-06-16T20:15:06.613+0000][7672][safepoint    ] Entering safepoint region: Deoptimize
[2022-06-16T20:15:06.613+0000][7672][safepoint    ] Leaving safepoint region
[2022-06-16T20:15:06.613+0000][7672][safepoint    ] Total time for which application threads were stopped: 0.0007299 seconds, Stopping threads took: 0.0000230 seconds
[2022-06-16T20:15:07.379+0000][7672][safepoint    ] Application time: 0.7765493 seconds
[2022-06-16T20:15:07.441+0000][7672][safepoint    ] Entering safepoint region: RevokeBias
[2022-06-16T20:15:07.441+0000][7672][safepoint    ] Leaving safepoint region
[2022-06-16T20:15:07.441+0000][7672][safepoint    ] Total time for which application threads were stopped: 0.0555891 seconds, Stopping threads took: 0.0550979 seconds
[2022-06-16T20:15:07.441+0000][7672][safepoint    ] Application time: 0.0006944 seconds
[2022-06-16T20:15:07.441+0000][7672][safepoint    ] Entering safepoint region: RevokeBias
[2022-06-16T20:15:07.441+0000][7672][safepoint    ] Leaving safepoint region
[2022-06-16T20:15:07.441+0000][7672][safepoint    ] Total time for which application threads were stopped: 0.0000923 seconds, Stopping threads took: 0.0000235 seconds
[2022-06-16T20:15:07.441+0000][7672][safepoint    ] Application time: 0.0000570 seconds
[2022-06-16T20:15:07.441+0000][7672][safepoint    ] Entering safepoint region: RevokeBias
[2022-06-16T20:15:07.441+0000][7672][safepoint    ] Leaving safepoint region
[2022-06-16T20:15:07.441+0000][7672][safepoint    ] Total time for which application threads were stopped: 0.0000842 seconds, Stopping threads took: 0.0000238 seconds
[2022-06-16T20:15:07.441+0000][7672][safepoint    ] Application time: 0.0001745 seconds
[2022-06-16T20:15:07.441+0000][7672][safepoint    ] Entering safepoint region: RevokeBias
[2022-06-16T20:15:07.441+0000][7672][safepoint    ] Leaving safepoint region
[2022-06-16T20:15:07.441+0000][7672][safepoint    ] Total time for which application threads were stopped: 0.0000679 seconds, Stopping threads took: 0.0000213 seconds
[2022-06-16T20:15:07.441+0000][7672][safepoint    ] Application time: 0.0000415 seconds
[2022-06-16T20:15:07.441+0000][7672][safepoint    ] Entering safepoint region: RevokeBias
[2022-06-16T20:15:07.441+0000][7672][safepoint    ] Leaving safepoint region
[2022-06-16T20:15:07.441+0000][7672][safepoint    ] Total time for which application threads were stopped: 0.0000615 seconds, Stopping threads took: 0.0000165 seconds
[2022-06-16T20:15:07.441+0000][7672][safepoint    ] Application time: 0.0007196 seconds
[2022-06-16T20:15:07.441+0000][7672][safepoint    ] Entering safepoint region: BulkRevokeBias
[2022-06-16T20:15:07.441+0000][7672][safepoint    ] Leaving safepoint region
[2022-06-16T20:15:07.441+0000][7672][safepoint    ] Total time for which application threads were stopped: 0.0001515 seconds, Stopping threads took: 0.0000183 seconds
[2022-06-16T20:15:07.441+0000][7672][safepoint    ] Application time: 0.0000413 seconds
[2022-06-16T20:15:07.441+0000][7672][safepoint    ] Entering safepoint region: RevokeBias
[2022-06-16T20:15:07.441+0000][7672][safepoint    ] Leaving safepoint region
[2022-06-16T20:15:07.441+0000][7672][safepoint    ] Total time for which application threads were stopped: 0.0000710 seconds, Stopping threads took: 0.0000164 seconds
[2022-06-16T20:15:07.441+0000][7672][safepoint    ] Application time: 0.0000964 seconds
[2022-06-16T20:15:07.441+0000][7672][safepoint    ] Entering safepoint region: RevokeBias
[2022-06-16T20:15:07.441+0000][7672][safepoint    ] Leaving safepoint region
[2022-06-16T20:15:07.441+0000][7672][safepoint    ] Total time for which application threads were stopped: 0.0000690 seconds, Stopping threads took: 0.0000210 seconds
[2022-06-16T20:15:07.441+0000][7672][safepoint    ] Application time: 0.0000361 seconds
[2022-06-16T20:15:07.441+0000][7672][safepoint    ] Entering safepoint region: RevokeBias
[2022-06-16T20:15:07.441+0000][7672][safepoint    ] Leaving safepoint region
[2022-06-16T20:15:07.441+0000][7672][safepoint    ] Total time for which application threads were stopped: 0.0000624 seconds, Stopping threads took: 0.0000173 seconds
[2022-06-16T20:15:07.441+0000][7672][safepoint    ] Application time: 0.0004714 seconds
[2022-06-16T20:15:07.441+0000][7672][safepoint    ] Entering safepoint region: RevokeBias
[2022-06-16T20:15:07.441+0000][7672][safepoint    ] Leaving safepoint region
[2022-06-16T20:15:07.441+0000][7672][safepoint    ] Total time for which application threads were stopped: 0.0000857 seconds, Stopping threads took: 0.0000196 seconds
[2022-06-16T20:15:07.441+0000][7672][safepoint    ] Application time: 0.0000385 seconds
[2022-06-16T20:15:07.441+0000][7672][safepoint    ] Entering safepoint region: RevokeBias
[2022-06-16T20:15:07.441+0000][7672][safepoint    ] Leaving safepoint region
[2022-06-16T20:15:07.441+0000][7672][safepoint    ] Total time for which application threads were stopped: 0.0000667 seconds, Stopping threads took: 0.0000175 seconds
[2022-06-16T20:15:07.441+0000][7672][safepoint    ] Application time: 0.0000209 seconds
[2022-06-16T20:15:07.441+0000][7672][safepoint    ] Entering safepoint region: RevokeBias
[2022-06-16T20:15:07.441+0000][7672][safepoint    ] Leaving safepoint region
[2022-06-16T20:15:07.441+0000][7672][safepoint    ] Total time for which application threads were stopped: 0.0000612 seconds, Stopping threads took: 0.0000166 seconds
[2022-06-16T20:15:07.441+0000][7672][safepoint    ] Application time: 0.0000305 seconds
[2022-06-16T20:15:07.441+0000][7672][safepoint    ] Entering safepoint region: RevokeBias
[2022-06-16T20:15:07.441+0000][7672][safepoint    ] Leaving safepoint region
[2022-06-16T20:15:07.441+0000][7672][safepoint    ] Total time for which application threads were stopped: 0.0000654 seconds, Stopping threads took: 0.0000195 seconds
[2022-06-16T20:15:07.441+0000][7672][safepoint    ] Application time: 0.0000228 seconds
[2022-06-16T20:15:07.441+0000][7672][safepoint    ] Entering safepoint region: RevokeBias
[2022-06-16T20:15:07.441+0000][7672][safepoint    ] Leaving safepoint region
[2022-06-16T20:15:07.441+0000][7672][safepoint    ] Total time for which application threads were stopped: 0.0000593 seconds, Stopping threads took: 0.0000161 seconds
[2022-06-16T20:15:07.441+0000][7672][safepoint    ] Application time: 0.0000312 seconds
[2022-06-16T20:15:07.441+0000][7672][safepoint    ] Entering safepoint region: RevokeBias
[2022-06-16T20:15:07.441+0000][7672][safepoint    ] Leaving safepoint region
[2022-06-16T20:15:07.441+0000][7672][safepoint    ] Total time for which application threads were stopped: 0.0000802 seconds, Stopping threads took: 0.0000159 seconds
[2022-06-16T20:15:07.441+0000][7672][safepoint    ] Application time: 0.0005547 seconds
[2022-06-16T20:15:07.441+0000][7672][safepoint    ] Entering safepoint region: RevokeBias
[2022-06-16T20:15:07.441+0000][7672][safepoint    ] Leaving safepoint region
[2022-06-16T20:15:07.441+0000][7672][safepoint    ] Total time for which application threads were stopped: 0.0000753 seconds, Stopping threads took: 0.0000177 seconds
[2022-06-16T20:15:07.441+0000][7672][safepoint    ] Application time: 0.0000263 seconds
[2022-06-16T20:15:07.441+0000][7672][safepoint    ] Entering safepoint region: RevokeBias
[2022-06-16T20:15:07.441+0000][7672][safepoint    ] Leaving safepoint region
[2022-06-16T20:15:07.441+0000][7672][safepoint    ] Total time for which application threads were stopped: 0.0000643 seconds, Stopping threads took: 0.0000166 seconds
[2022-06-16T20:15:07.441+0000][7672][safepoint    ] Application time: 0.0000190 seconds
[2022-06-16T20:15:07.441+0000][7672][safepoint    ] Entering safepoint region: RevokeBias
[2022-06-16T20:15:07.441+0000][7672][safepoint    ] Leaving safepoint region
[2022-06-16T20:15:07.441+0000][7672][safepoint    ] Total time for which application threads were stopped: 0.0000615 seconds, Stopping threads took: 0.0000167 seconds
[2022-06-16T20:15:07.441+0000][7672][safepoint    ] Application time: 0.0000177 seconds
[2022-06-16T20:15:07.441+0000][7672][safepoint    ] Entering safepoint region: RevokeBias
[2022-06-16T20:15:07.441+0000][7672][safepoint    ] Leaving safepoint region
[2022-06-16T20:15:07.441+0000][7672][safepoint    ] Total time for which application threads were stopped: 0.0000610 seconds, Stopping threads took: 0.0000165 seconds
[2022-06-16T20:15:07.441+0000][7672][safepoint    ] Application time: 0.0000194 seconds
[2022-06-16T20:15:07.441+0000][7672][safepoint    ] Entering safepoint region: RevokeBias
[2022-06-16T20:15:07.441+0000][7672][safepoint    ] Leaving safepoint region
[2022-06-16T20:15:07.441+0000][7672][safepoint    ] Total time for which application threads were stopped: 0.0000611 seconds, Stopping threads took: 0.0000167 seconds
[2022-06-16T20:15:07.441+0000][7672][safepoint    ] Application time: 0.0000190 seconds
[2022-06-16T20:15:07.441+0000][7672][safepoint    ] Entering safepoint region: RevokeBias
[2022-06-16T20:15:07.441+0000][7672][safepoint    ] Leaving safepoint region
[2022-06-16T20:15:07.441+0000][7672][safepoint    ] Total time for which application threads were stopped: 0.0000613 seconds, Stopping threads took: 0.0000158 seconds
[2022-06-16T20:15:07.441+0000][7672][safepoint    ] Application time: 0.0000186 seconds
[2022-06-16T20:15:07.441+0000][7672][safepoint    ] Entering safepoint region: RevokeBias
[2022-06-16T20:15:07.441+0000][7672][safepoint    ] Leaving safepoint region
[2022-06-16T20:15:07.441+0000][7672][safepoint    ] Total time for which application threads were stopped: 0.0000585 seconds, Stopping threads took: 0.0000166 seconds
[2022-06-16T20:15:07.441+0000][7672][safepoint    ] Application time: 0.0000193 seconds
[2022-06-16T20:15:07.441+0000][7672][safepoint    ] Entering safepoint region: RevokeBias
[2022-06-16T20:15:07.441+0000][7672][safepoint    ] Leaving safepoint region
[2022-06-16T20:15:07.441+0000][7672][safepoint    ] Total time for which application threads were stopped: 0.0000593 seconds, Stopping threads took: 0.0000162 seconds
[2022-06-16T20:15:07.441+0000][7672][safepoint    ] Application time: 0.0000178 seconds
[2022-06-16T20:15:07.441+0000][7672][safepoint    ] Entering safepoint region: RevokeBias
[2022-06-16T20:15:07.441+0000][7672][safepoint    ] Leaving safepoint region
[2022-06-16T20:15:07.441+0000][7672][safepoint    ] Total time for which application threads were stopped: 0.0000586 seconds, Stopping threads took: 0.0000158 seconds
[2022-06-16T20:15:07.441+0000][7672][safepoint    ] Application time: 0.0000188 seconds
[2022-06-16T20:15:07.441+0000][7672][safepoint    ] Entering safepoint region: RevokeBias
[2022-06-16T20:15:07.441+0000][7672][safepoint    ] Leaving safepoint region
[2022-06-16T20:15:07.441+0000][7672][safepoint    ] Total time for which application threads were stopped: 0.0000600 seconds, Stopping threads took: 0.0000158 seconds
[2022-06-16T20:15:07.441+0000][7672][safepoint    ] Application time: 0.0000177 seconds
[2022-06-16T20:15:07.441+0000][7672][safepoint    ] Entering safepoint region: RevokeBias
[2022-06-16T20:15:07.441+0000][7672][safepoint    ] Leaving safepoint region
[2022-06-16T20:15:07.441+0000][7672][safepoint    ] Total time for which application threads were stopped: 0.0000604 seconds, Stopping threads took: 0.0000167 seconds
[2022-06-16T20:15:07.441+0000][7672][safepoint    ] Application time: 0.0000176 seconds
[2022-06-16T20:15:07.441+0000][7672][safepoint    ] Entering safepoint region: RevokeBias
[2022-06-16T20:15:07.441+0000][7672][safepoint    ] Leaving safepoint region
[2022-06-16T20:15:07.441+0000][7672][safepoint    ] Total time for which application threads were stopped: 0.0000603 seconds, Stopping threads took: 0.0000166 seconds
[2022-06-16T20:15:07.441+0000][7672][safepoint    ] Application time: 0.0000117 seconds
[2022-06-16T20:15:07.441+0000][7672][safepoint    ] Entering safepoint region: RevokeBias
[2022-06-16T20:15:07.441+0000][7672][safepoint    ] Leaving safepoint region
[2022-06-16T20:15:07.441+0000][7672][safepoint    ] Total time for which application threads were stopped: 0.0000611 seconds, Stopping threads took: 0.0000198 seconds
[2022-06-16T20:15:07.441+0000][7672][safepoint    ] Application time: 0.0000304 seconds
[2022-06-16T20:15:07.441+0000][7672][safepoint    ] Entering safepoint region: BulkRevokeBias
[2022-06-16T20:15:07.441+0000][7672][safepoint    ] Leaving safepoint region
[2022-06-16T20:15:07.441+0000][7672][safepoint    ] Total time for which application threads were stopped: 0.0001282 seconds, Stopping threads took: 0.0000144 seconds
[2022-06-16T20:15:07.441+0000][7672][safepoint    ] Application time: 0.0000822 seconds
[2022-06-16T20:15:07.441+0000][7672][safepoint    ] Entering safepoint region: RevokeBias
[2022-06-16T20:15:07.441+0000][7672][safepoint    ] Leaving safepoint region
[2022-06-16T20:15:07.441+0000][7672][safepoint    ] Total time for which application threads were stopped: 0.0000680 seconds, Stopping threads took: 0.0000169 seconds
[2022-06-16T20:15:07.441+0000][7672][safepoint    ] Application time: 0.0000451 seconds
[2022-06-16T20:15:07.441+0000][7672][safepoint    ] Entering safepoint region: RevokeBias
[2022-06-16T20:15:07.441+0000][7672][safepoint    ] Leaving safepoint region
[2022-06-16T20:15:07.441+0000][7672][safepoint    ] Total time for which application threads were stopped: 0.0000656 seconds, Stopping threads took: 0.0000162 seconds
[2022-06-16T20:15:07.441+0000][7672][safepoint    ] Application time: 0.0000272 seconds
[2022-06-16T20:15:07.441+0000][7672][safepoint    ] Entering safepoint region: RevokeBias
[2022-06-16T20:15:07.441+0000][7672][safepoint    ] Leaving safepoint region
[2022-06-16T20:15:07.441+0000][7672][safepoint    ] Total time for which application threads were stopped: 0.0000682 seconds, Stopping threads took: 0.0000190 seconds
[2022-06-16T20:15:07.441+0000][7672][safepoint    ] Application time: 0.0001565 seconds
[2022-06-16T20:15:07.441+0000][7672][safepoint    ] Entering safepoint region: RevokeBias
[2022-06-16T20:15:07.441+0000][7672][safepoint    ] Leaving safepoint region
[2022-06-16T20:15:07.441+0000][7672][safepoint    ] Total time for which application threads were stopped: 0.0000751 seconds, Stopping threads took: 0.0000219 seconds
[2022-06-16T20:15:07.441+0000][7672][safepoint    ] Application time: 0.0002635 seconds
[2022-06-16T20:15:07.441+0000][7672][safepoint    ] Entering safepoint region: RevokeBias
[2022-06-16T20:15:07.441+0000][7672][safepoint    ] Leaving safepoint region
[2022-06-16T20:15:07.441+0000][7672][safepoint    ] Total time for which application threads were stopped: 0.0000749 seconds, Stopping threads took: 0.0000209 seconds
[2022-06-16T20:15:07.441+0000][7672][safepoint    ] Application time: 0.0000536 seconds
[2022-06-16T20:15:07.441+0000][7672][safepoint    ] Entering safepoint region: RevokeBias
[2022-06-16T20:15:07.441+0000][7672][safepoint    ] Leaving safepoint region
[2022-06-16T20:15:07.441+0000][7672][safepoint    ] Total time for which application threads were stopped: 0.0000640 seconds, Stopping threads took: 0.0000163 seconds
[2022-06-16T20:15:07.441+0000][7672][safepoint    ] Application time: 0.0000190 seconds
[2022-06-16T20:15:07.441+0000][7672][safepoint    ] Entering safepoint region: RevokeBias
[2022-06-16T20:15:07.441+0000][7672][safepoint    ] Leaving safepoint region
[2022-06-16T20:15:07.441+0000][7672][safepoint    ] Total time for which application threads were stopped: 0.0000624 seconds, Stopping threads took: 0.0000164 seconds
[2022-06-16T20:15:07.441+0000][7672][safepoint    ] Application time: 0.0000169 seconds
[2022-06-16T20:15:07.441+0000][7672][safepoint    ] Entering safepoint region: RevokeBias
[2022-06-16T20:15:07.441+0000][7672][safepoint    ] Leaving safepoint region
[2022-06-16T20:15:07.441+0000][7672][safepoint    ] Total time for which application threads were stopped: 0.0000603 seconds, Stopping threads took: 0.0000168 seconds
[2022-06-16T20:15:07.441+0000][7672][safepoint    ] Application time: 0.0001972 seconds
[2022-06-16T20:15:07.441+0000][7672][safepoint    ] Entering safepoint region: RevokeBias
[2022-06-16T20:15:07.441+0000][7672][safepoint    ] Leaving safepoint region
[2022-06-16T20:15:07.441+0000][7672][safepoint    ] Total time for which application threads were stopped: 0.0000652 seconds, Stopping threads took: 0.0000171 seconds
[2022-06-16T20:15:07.441+0000][7672][safepoint    ] Application time: 0.0001751 seconds
[2022-06-16T20:15:07.441+0000][7672][safepoint    ] Entering safepoint region: RevokeBias
[2022-06-16T20:15:07.441+0000][7672][safepoint    ] Leaving safepoint region
[2022-06-16T20:15:07.441+0000][7672][safepoint    ] Total time for which application threads were stopped: 0.0000721 seconds, Stopping threads took: 0.0000182 seconds
[2022-06-16T20:15:07.457+0000][7672][safepoint    ] Application time: 0.0002515 seconds
[2022-06-16T20:15:07.457+0000][7672][safepoint    ] Entering safepoint region: RevokeBias
[2022-06-16T20:15:07.457+0000][7672][safepoint    ] Leaving safepoint region
[2022-06-16T20:15:07.457+0000][7672][safepoint    ] Total time for which application threads were stopped: 0.0000752 seconds, Stopping threads took: 0.0000187 seconds
[2022-06-16T20:15:07.457+0000][7672][safepoint    ] Application time: 0.0006642 seconds
[2022-06-16T20:15:07.457+0000][7672][safepoint    ] Entering safepoint region: RevokeBias
[2022-06-16T20:15:07.457+0000][7672][safepoint    ] Leaving safepoint region
[2022-06-16T20:15:07.457+0000][7672][safepoint    ] Total time for which application threads were stopped: 0.0000682 seconds, Stopping threads took: 0.0000183 seconds
[2022-06-16T20:15:07.457+0000][7672][safepoint    ] Application time: 0.0011899 seconds
[2022-06-16T20:15:07.457+0000][7672][safepoint    ] Entering safepoint region: RevokeBias
[2022-06-16T20:15:07.457+0000][7672][safepoint    ] Leaving safepoint region
[2022-06-16T20:15:07.457+0000][7672][safepoint    ] Total time for which application threads were stopped: 0.0000768 seconds, Stopping threads took: 0.0000195 seconds
[2022-06-16T20:15:07.457+0000][7672][safepoint    ] Application time: 0.0015061 seconds
[2022-06-16T20:15:07.457+0000][7672][safepoint    ] Entering safepoint region: RevokeBias
[2022-06-16T20:15:07.457+0000][7672][safepoint    ] Leaving safepoint region
[2022-06-16T20:15:07.457+0000][7672][safepoint    ] Total time for which application threads were stopped: 0.0000660 seconds, Stopping threads took: 0.0000189 seconds
[2022-06-16T20:15:07.457+0000][7672][safepoint    ] Application time: 0.0000227 seconds
[2022-06-16T20:15:07.457+0000][7672][safepoint    ] Entering safepoint region: RevokeBias
[2022-06-16T20:15:07.457+0000][7672][safepoint    ] Leaving safepoint region
[2022-06-16T20:15:07.457+0000][7672][safepoint    ] Total time for which application threads were stopped: 0.0000523 seconds, Stopping threads took: 0.0000171 seconds
[2022-06-16T20:15:07.457+0000][7672][safepoint    ] Application time: 0.0000192 seconds
[2022-06-16T20:15:07.457+0000][7672][safepoint    ] Entering safepoint region: RevokeBias
[2022-06-16T20:15:07.457+0000][7672][safepoint    ] Leaving safepoint region
[2022-06-16T20:15:07.457+0000][7672][safepoint    ] Total time for which application threads were stopped: 0.0000515 seconds, Stopping threads took: 0.0000171 seconds
[2022-06-16T20:15:07.457+0000][7672][safepoint    ] Application time: 0.0000129 seconds
[2022-06-16T20:15:07.457+0000][7672][safepoint    ] Entering safepoint region: RevokeBias
[2022-06-16T20:15:07.457+0000][7672][safepoint    ] Leaving safepoint region
[2022-06-16T20:15:07.457+0000][7672][safepoint    ] Total time for which application threads were stopped: 0.0000520 seconds, Stopping threads took: 0.0000200 seconds
[2022-06-16T20:15:07.457+0000][7672][safepoint    ] Application time: 0.0000289 seconds
[2022-06-16T20:15:07.457+0000][7672][safepoint    ] Entering safepoint region: RevokeBias
[2022-06-16T20:15:07.457+0000][7672][safepoint    ] Leaving safepoint region
[2022-06-16T20:15:07.457+0000][7672][safepoint    ] Total time for which application threads were stopped: 0.0000491 seconds, Stopping threads took: 0.0000159 seconds
[2022-06-16T20:15:07.457+0000][7672][safepoint    ] Application time: 0.0000116 seconds
[2022-06-16T20:15:07.457+0000][7672][safepoint    ] Entering safepoint region: RevokeBias
[2022-06-16T20:15:07.457+0000][7672][safepoint    ] Leaving safepoint region
[2022-06-16T20:15:07.457+0000][7672][safepoint    ] Total time for which application threads were stopped: 0.0000496 seconds, Stopping threads took: 0.0000191 seconds
[2022-06-16T20:15:07.457+0000][7672][safepoint    ] Application time: 0.0000338 seconds
[2022-06-16T20:15:07.457+0000][7672][safepoint    ] Entering safepoint region: RevokeBias
[2022-06-16T20:15:07.457+0000][7672][safepoint    ] Leaving safepoint region
[2022-06-16T20:15:07.457+0000][7672][safepoint    ] Total time for which application threads were stopped: 0.0000457 seconds, Stopping threads took: 0.0000150 seconds
[2022-06-16T20:15:07.457+0000][7672][safepoint    ] Application time: 0.0000159 seconds
[2022-06-16T20:15:07.457+0000][7672][safepoint    ] Entering safepoint region: RevokeBias
[2022-06-16T20:15:07.457+0000][7672][safepoint    ] Leaving safepoint region
[2022-06-16T20:15:07.457+0000][7672][safepoint    ] Total time for which application threads were stopped: 0.0000465 seconds, Stopping threads took: 0.0000164 seconds
[2022-06-16T20:15:07.457+0000][7672][safepoint    ] Application time: 0.0000164 seconds
[2022-06-16T20:15:07.457+0000][7672][safepoint    ] Entering safepoint region: RevokeBias
[2022-06-16T20:15:07.457+0000][7672][safepoint    ] Leaving safepoint region
[2022-06-16T20:15:07.457+0000][7672][safepoint    ] Total time for which application threads were stopped: 0.0000506 seconds, Stopping threads took: 0.0000164 seconds
[2022-06-16T20:15:07.457+0000][7672][safepoint    ] Application time: 0.0000191 seconds
[2022-06-16T20:15:07.457+0000][7672][safepoint    ] Entering safepoint region: RevokeBias
[2022-06-16T20:15:07.457+0000][7672][safepoint    ] Leaving safepoint region
[2022-06-16T20:15:07.457+0000][7672][safepoint    ] Total time for which application threads were stopped: 0.0000486 seconds, Stopping threads took: 0.0000154 seconds
[2022-06-16T20:15:07.457+0000][7672][safepoint    ] Application time: 0.0000180 seconds
[2022-06-16T20:15:07.457+0000][7672][safepoint    ] Entering safepoint region: RevokeBias
[2022-06-16T20:15:07.457+0000][7672][safepoint    ] Leaving safepoint region
[2022-06-16T20:15:07.457+0000][7672][safepoint    ] Total time for which application threads were stopped: 0.0000485 seconds, Stopping threads took: 0.0000162 seconds
[2022-06-16T20:15:07.457+0000][7672][safepoint    ] Application time: 0.0000167 seconds
[2022-06-16T20:15:07.457+0000][7672][safepoint    ] Entering safepoint region: RevokeBias
[2022-06-16T20:15:07.457+0000][7672][safepoint    ] Leaving safepoint region
[2022-06-16T20:15:07.457+0000][7672][safepoint    ] Total time for which application threads were stopped: 0.0000460 seconds, Stopping threads took: 0.0000156 seconds
[2022-06-16T20:15:07.457+0000][7672][safepoint    ] Application time: 0.0000158 seconds
[2022-06-16T20:15:07.457+0000][7672][safepoint    ] Entering safepoint region: RevokeBias
[2022-06-16T20:15:07.457+0000][7672][safepoint    ] Leaving safepoint region
[2022-06-16T20:15:07.457+0000][7672][safepoint    ] Total time for which application threads were stopped: 0.0000467 seconds, Stopping threads took: 0.0000160 seconds
[2022-06-16T20:15:07.457+0000][7672][safepoint    ] Application time: 0.0000155 seconds
[2022-06-16T20:15:07.457+0000][7672][safepoint    ] Entering safepoint region: RevokeBias
[2022-06-16T20:15:07.457+0000][7672][safepoint    ] Leaving safepoint region
[2022-06-16T20:15:07.457+0000][7672][safepoint    ] Total time for which application threads were stopped: 0.0000484 seconds, Stopping threads took: 0.0000161 seconds
[2022-06-16T20:15:07.457+0000][7672][safepoint    ] Application time: 0.0000173 seconds
[2022-06-16T20:15:07.457+0000][7672][safepoint    ] Entering safepoint region: RevokeBias
[2022-06-16T20:15:07.457+0000][7672][safepoint    ] Leaving safepoint region
[2022-06-16T20:15:07.457+0000][7672][safepoint    ] Total time for which application threads were stopped: 0.0000471 seconds, Stopping threads took: 0.0000153 seconds
[2022-06-16T20:15:07.457+0000][7672][safepoint    ] Application time: 0.0000177 seconds
[2022-06-16T20:15:07.457+0000][7672][safepoint    ] Entering safepoint region: RevokeBias
[2022-06-16T20:15:07.457+0000][7672][safepoint    ] Leaving safepoint region
[2022-06-16T20:15:07.457+0000][7672][safepoint    ] Total time for which application threads were stopped: 0.0000497 seconds, Stopping threads took: 0.0000178 seconds
[2022-06-16T20:15:07.457+0000][7672][safepoint    ] Application time: 0.0000174 seconds
[2022-06-16T20:15:07.457+0000][7672][safepoint    ] Entering safepoint region: RevokeBias
[2022-06-16T20:15:07.457+0000][7672][safepoint    ] Leaving safepoint region
[2022-06-16T20:15:07.457+0000][7672][safepoint    ] Total time for which application threads were stopped: 0.0000498 seconds, Stopping threads took: 0.0000163 seconds
[2022-06-16T20:15:07.457+0000][7672][safepoint    ] Application time: 0.0000172 seconds
[2022-06-16T20:15:07.457+0000][7672][safepoint    ] Entering safepoint region: RevokeBias
[2022-06-16T20:15:07.457+0000][7672][safepoint    ] Leaving safepoint region
[2022-06-16T20:15:07.457+0000][7672][safepoint    ] Total time for which application threads were stopped: 0.0000478 seconds, Stopping threads took: 0.0000165 seconds
[2022-06-16T20:15:07.457+0000][7672][safepoint    ] Application time: 0.0000167 seconds
[2022-06-16T20:15:07.457+0000][7672][safepoint    ] Entering safepoint region: RevokeBias
[2022-06-16T20:15:07.457+0000][7672][safepoint    ] Leaving safepoint region
[2022-06-16T20:15:07.457+0000][7672][safepoint    ] Total time for which application threads were stopped: 0.0000480 seconds, Stopping threads took: 0.0000176 seconds
[2022-06-16T20:15:07.457+0000][7672][safepoint    ] Application time: 0.0000445 seconds
[2022-06-16T20:15:07.457+0000][7672][safepoint    ] Entering safepoint region: BulkRevokeBias
[2022-06-16T20:15:07.457+0000][7672][safepoint    ] Leaving safepoint region
[2022-06-16T20:15:07.457+0000][7672][safepoint    ] Total time for which application threads were stopped: 0.0001119 seconds, Stopping threads took: 0.0000157 seconds
[2022-06-16T20:15:07.519+0000][7672][safepoint    ] Application time: 0.0595832 seconds
[2022-06-16T20:15:07.519+0000][7672][safepoint    ] Entering safepoint region: RevokeBias
[2022-06-16T20:15:07.519+0000][7672][safepoint    ] Leaving safepoint region
[2022-06-16T20:15:07.519+0000][7672][safepoint    ] Total time for which application threads were stopped: 0.0001102 seconds, Stopping threads took: 0.0000289 seconds
[2022-06-16T20:15:07.519+0000][7672][safepoint    ] Application time: 0.0000681 seconds
[2022-06-16T20:15:07.519+0000][7672][safepoint    ] Entering safepoint region: RevokeBias
[2022-06-16T20:15:07.519+0000][7672][safepoint    ] Leaving safepoint region
[2022-06-16T20:15:07.519+0000][7672][safepoint    ] Total time for which application threads were stopped: 0.0000709 seconds, Stopping threads took: 0.0000191 seconds
[2022-06-16T20:15:07.519+0000][7672][safepoint    ] Application time: 0.0001931 seconds
[2022-06-16T20:15:07.519+0000][7672][safepoint    ] Entering safepoint region: RevokeBias
[2022-06-16T20:15:07.519+0000][7672][safepoint    ] Leaving safepoint region
[2022-06-16T20:15:07.519+0000][7672][safepoint    ] Total time for which application threads were stopped: 0.0000758 seconds, Stopping threads took: 0.0000176 seconds
[2022-06-16T20:15:07.519+0000][7672][safepoint    ] Application time: 0.0000609 seconds
[2022-06-16T20:15:07.519+0000][7672][safepoint    ] Entering safepoint region: RevokeBias
[2022-06-16T20:15:07.519+0000][7672][safepoint    ] Leaving safepoint region
[2022-06-16T20:15:07.519+0000][7672][safepoint    ] Total time for which application threads were stopped: 0.0000687 seconds, Stopping threads took: 0.0000176 seconds
[2022-06-16T20:15:08.301+0000][7672][safepoint    ] Application time: 0.7827494 seconds
[2022-06-16T20:15:08.301+0000][7672][safepoint    ] Entering safepoint region: Deoptimize
[2022-06-16T20:15:08.301+0000][7672][safepoint    ] Leaving safepoint region
[2022-06-16T20:15:08.301+0000][7672][safepoint    ] Total time for which application threads were stopped: 0.0007843 seconds, Stopping threads took: 0.0000260 seconds
[2022-06-16T20:15:08.822+0000][7672][safepoint    ] Application time: 0.5149423 seconds
[2022-06-16T20:15:08.822+0000][7672][safepoint    ] Entering safepoint region: Deoptimize
[2022-06-16T20:15:08.822+0000][7672][safepoint    ] Leaving safepoint region
[2022-06-16T20:15:08.822+0000][7672][safepoint    ] Total time for which application threads were stopped: 0.0008376 seconds, Stopping threads took: 0.0000273 seconds
[2022-06-16T20:15:09.822+0000][7672][safepoint    ] Application time: 0.9991125 seconds
[2022-06-16T20:15:09.822+0000][7672][safepoint    ] Entering safepoint region: Cleanup
[2022-06-16T20:15:09.822+0000][7672][safepoint    ] Leaving safepoint region
[2022-06-16T20:15:09.822+0000][7672][safepoint    ] Total time for which application threads were stopped: 0.0001062 seconds, Stopping threads took: 0.0000286 seconds
[2022-06-16T20:15:10.822+0000][7672][safepoint    ] Application time: 0.9998172 seconds
[2022-06-16T20:15:10.950+0000][7672][safepoint    ] Entering safepoint region: Cleanup
[2022-06-16T20:15:10.950+0000][7672][safepoint    ] Leaving safepoint region
[2022-06-16T20:15:10.950+0000][7672][safepoint    ] Total time for which application threads were stopped: 0.1281383 seconds, Stopping threads took: 0.1280759 seconds
[2022-06-16T20:15:10.950+0000][7672][safepoint    ] Application time: 0.0002646 seconds
[2022-06-16T20:15:10.950+0000][7672][safepoint    ] Entering safepoint region: RevokeBias
[2022-06-16T20:15:10.950+0000][7672][safepoint    ] Leaving safepoint region
[2022-06-16T20:15:10.950+0000][7672][safepoint    ] Total time for which application threads were stopped: 0.0001204 seconds, Stopping threads took: 0.0000260 seconds
[2022-06-16T20:15:10.953+0000][7672][safepoint    ] Application time: 0.0026968 seconds
[2022-06-16T20:15:10.953+0000][7672][safepoint    ] Entering safepoint region: RevokeBias
[2022-06-16T20:15:10.953+0000][7672][safepoint    ] Leaving safepoint region
[2022-06-16T20:15:10.953+0000][7672][safepoint    ] Total time for which application threads were stopped: 0.0001772 seconds, Stopping threads took: 0.0000992 seconds
[2022-06-16T20:15:10.954+0000][7672][safepoint    ] Application time: 0.0004542 seconds
[2022-06-16T20:15:10.954+0000][7672][safepoint    ] Entering safepoint region: RevokeBias
[2022-06-16T20:15:10.954+0000][7672][safepoint    ] Leaving safepoint region
[2022-06-16T20:15:10.954+0000][7672][safepoint    ] Total time for which application threads were stopped: 0.0001521 seconds, Stopping threads took: 0.0000926 seconds
[2022-06-16T20:15:10.964+0000][7672][safepoint    ] Application time: 0.0100802 seconds
[2022-06-16T20:15:13.023+0000][7672][safepoint    ] Entering safepoint region: RevokeBias
[2022-06-16T20:15:13.023+0000][7672][safepoint    ] Leaving safepoint region
[2022-06-16T20:15:13.023+0000][7672][safepoint    ] Total time for which application threads were stopped: 2.0588159 seconds, Stopping threads took: 2.0586922 seconds
[2022-06-16T20:15:13.024+0000][7672][safepoint    ] Application time: 0.0008763 seconds
[2022-06-16T20:15:13.027+0000][7672][safepoint    ] Entering safepoint region: RevokeBias
[2022-06-16T20:15:13.027+0000][7672][safepoint    ] Leaving safepoint region
[2022-06-16T20:15:13.027+0000][7672][safepoint    ] Total time for which application threads were stopped: 0.0038409 seconds, Stopping threads took: 0.0037399 seconds
[2022-06-16T20:15:13.042+0000][7672][safepoint    ] Application time: 0.0141303 seconds
[2022-06-16T20:15:13.044+0000][7672][safepoint    ] Entering safepoint region: RevokeBias
[2022-06-16T20:15:13.044+0000][7672][safepoint    ] Leaving safepoint region
[2022-06-16T20:15:13.044+0000][7672][safepoint    ] Total time for which application threads were stopped: 0.0020456 seconds, Stopping threads took: 0.0019589 seconds
[2022-06-16T20:15:13.047+0000][7672][safepoint    ] Application time: 0.0034508 seconds
[2022-06-16T20:15:13.053+0000][7672][safepoint    ] Entering safepoint region: RevokeBias
[2022-06-16T20:15:13.053+0000][7672][safepoint    ] Leaving safepoint region
[2022-06-16T20:15:13.053+0000][7672][safepoint    ] Total time for which application threads were stopped: 0.0054393 seconds, Stopping threads took: 0.0053523 seconds
[2022-06-16T20:15:13.060+0000][7672][safepoint    ] Application time: 0.0075101 seconds
[2022-06-16T20:15:13.066+0000][7672][safepoint    ] Entering safepoint region: RevokeBias
[2022-06-16T20:15:13.066+0000][7672][safepoint    ] Leaving safepoint region
[2022-06-16T20:15:13.067+0000][7672][safepoint    ] Total time for which application threads were stopped: 0.0062838 seconds, Stopping threads took: 0.0061857 seconds
[2022-06-16T20:15:13.067+0000][7672][safepoint    ] Application time: 0.0001135 seconds
[2022-06-16T20:15:13.067+0000][7672][safepoint    ] Entering safepoint region: RevokeBias
[2022-06-16T20:15:13.067+0000][7672][safepoint    ] Leaving safepoint region
[2022-06-16T20:15:13.067+0000][7672][safepoint    ] Total time for which application threads were stopped: 0.0006167 seconds, Stopping threads took: 0.0005420 seconds
[2022-06-16T20:15:13.068+0000][7672][safepoint    ] Application time: 0.0002279 seconds
[2022-06-16T20:15:13.068+0000][7672][safepoint    ] Entering safepoint region: RevokeBias
[2022-06-16T20:15:13.068+0000][7672][safepoint    ] Leaving safepoint region
[2022-06-16T20:15:13.068+0000][7672][safepoint    ] Total time for which application threads were stopped: 0.0000918 seconds, Stopping threads took: 0.0000293 seconds
[2022-06-16T20:15:13.068+0000][7672][safepoint    ] Application time: 0.0000658 seconds
[2022-06-16T20:15:13.068+0000][7672][safepoint    ] Entering safepoint region: RevokeBias
[2022-06-16T20:15:13.068+0000][7672][safepoint    ] Leaving safepoint region
[2022-06-16T20:15:13.068+0000][7672][safepoint    ] Total time for which application threads were stopped: 0.0000634 seconds, Stopping threads took: 0.0000172 seconds
[2022-06-16T20:15:13.068+0000][7672][safepoint    ] Application time: 0.0001172 seconds
[2022-06-16T20:15:13.068+0000][7672][safepoint    ] Entering safepoint region: RevokeBias
[2022-06-16T20:15:13.068+0000][7672][safepoint    ] Leaving safepoint region
[2022-06-16T20:15:13.068+0000][7672][safepoint    ] Total time for which application threads were stopped: 0.0005195 seconds, Stopping threads took: 0.0004570 seconds
[2022-06-16T20:15:13.070+0000][7672][safepoint    ] Application time: 0.0017473 seconds
[2022-06-16T20:15:13.070+0000][7672][safepoint    ] Entering safepoint region: RevokeBias
[2022-06-16T20:15:13.072+0000][7672][safepoint    ] Leaving safepoint region
[2022-06-16T20:15:13.072+0000][7672][safepoint    ] Total time for which application threads were stopped: 0.0013435 seconds, Stopping threads took: 0.0000255 seconds
[2022-06-16T20:15:13.072+0000][7672][safepoint    ] Application time: 0.0000662 seconds
[2022-06-16T20:15:13.072+0000][7672][safepoint    ] Entering safepoint region: RevokeBias
[2022-06-16T20:15:13.072+0000][7672][safepoint    ] Leaving safepoint region
[2022-06-16T20:15:13.072+0000][7672][safepoint    ] Total time for which application threads were stopped: 0.0001103 seconds, Stopping threads took: 0.0000183 seconds
[2022-06-16T20:15:13.073+0000][7672][safepoint    ] Application time: 0.0009067 seconds
[2022-06-16T20:15:13.073+0000][7672][safepoint    ] Entering safepoint region: RevokeBias
[2022-06-16T20:15:13.073+0000][7672][safepoint    ] Leaving safepoint region
[2022-06-16T20:15:13.073+0000][7672][safepoint    ] Total time for which application threads were stopped: 0.0001027 seconds, Stopping threads took: 0.0000204 seconds
[2022-06-16T20:15:13.073+0000][7672][safepoint    ] Application time: 0.0000772 seconds
[2022-06-16T20:15:13.073+0000][7672][safepoint    ] Entering safepoint region: RevokeBias
[2022-06-16T20:15:13.073+0000][7672][safepoint    ] Leaving safepoint region
[2022-06-16T20:15:13.073+0000][7672][safepoint    ] Total time for which application threads were stopped: 0.0000884 seconds, Stopping threads took: 0.0000178 seconds
[2022-06-16T20:15:13.073+0000][7672][safepoint    ] Application time: 0.0000814 seconds
[2022-06-16T20:15:13.073+0000][7672][safepoint    ] Entering safepoint region: RevokeBias
[2022-06-16T20:15:13.073+0000][7672][safepoint    ] Leaving safepoint region
[2022-06-16T20:15:13.073+0000][7672][safepoint    ] Total time for which application threads were stopped: 0.0000871 seconds, Stopping threads took: 0.0000181 seconds
[2022-06-16T20:15:13.073+0000][7672][safepoint    ] Application time: 0.0000400 seconds
[2022-06-16T20:15:13.073+0000][7672][safepoint    ] Entering safepoint region: RevokeBias
[2022-06-16T20:15:13.073+0000][7672][safepoint    ] Leaving safepoint region
[2022-06-16T20:15:13.073+0000][7672][safepoint    ] Total time for which application threads were stopped: 0.0000813 seconds, Stopping threads took: 0.0000171 seconds
[2022-06-16T20:15:13.077+0000][7672][safepoint    ] Application time: 0.0036266 seconds
[2022-06-16T20:15:13.077+0000][7672][safepoint    ] Entering safepoint region: RevokeBias
[2022-06-16T20:15:13.077+0000][7672][safepoint    ] Leaving safepoint region
[2022-06-16T20:15:13.077+0000][7672][safepoint    ] Total time for which application threads were stopped: 0.0001384 seconds, Stopping threads took: 0.0000439 seconds
[2022-06-16T20:15:13.080+0000][7672][safepoint    ] Application time: 0.0025759 seconds
[2022-06-16T20:15:13.080+0000][7672][safepoint    ] Entering safepoint region: RevokeBias
[2022-06-16T20:15:13.080+0000][7672][safepoint    ] Leaving safepoint region
[2022-06-16T20:15:13.080+0000][7672][safepoint    ] Total time for which application threads were stopped: 0.0002060 seconds, Stopping threads took: 0.0000665 seconds
[2022-06-16T20:15:13.087+0000][7672][safepoint    ] Application time: 0.0065426 seconds
[2022-06-16T20:15:13.087+0000][7672][safepoint    ] Entering safepoint region: RevokeBias
[2022-06-16T20:15:13.087+0000][7672][safepoint    ] Leaving safepoint region
[2022-06-16T20:15:13.087+0000][7672][safepoint    ] Total time for which application threads were stopped: 0.0001359 seconds, Stopping threads took: 0.0000201 seconds
[2022-06-16T20:15:13.087+0000][7672][safepoint    ] Application time: 0.0003323 seconds
[2022-06-16T20:15:13.087+0000][7672][safepoint    ] Entering safepoint region: RevokeBias
[2022-06-16T20:15:13.087+0000][7672][safepoint    ] Leaving safepoint region
[2022-06-16T20:15:13.087+0000][7672][safepoint    ] Total time for which application threads were stopped: 0.0000838 seconds, Stopping threads took: 0.0000315 seconds
[2022-06-16T20:15:13.088+0000][7672][safepoint    ] Application time: 0.0002968 seconds
[2022-06-16T20:15:13.088+0000][7672][safepoint    ] Entering safepoint region: RevokeBias
[2022-06-16T20:15:13.088+0000][7672][safepoint    ] Leaving safepoint region
[2022-06-16T20:15:13.088+0000][7672][safepoint    ] Total time for which application threads were stopped: 0.0000942 seconds, Stopping threads took: 0.0000383 seconds
[2022-06-16T20:15:13.088+0000][7672][safepoint    ] Application time: 0.0000456 seconds
[2022-06-16T20:15:13.088+0000][7672][safepoint    ] Entering safepoint region: RevokeBias
[2022-06-16T20:15:13.088+0000][7672][safepoint    ] Leaving safepoint region
[2022-06-16T20:15:13.088+0000][7672][safepoint    ] Total time for which application threads were stopped: 0.0001071 seconds, Stopping threads took: 0.0000505 seconds
[2022-06-16T20:15:13.088+0000][7672][safepoint    ] Application time: 0.0003451 seconds
[2022-06-16T20:15:13.088+0000][7672][safepoint    ] Entering safepoint region: RevokeBias
[2022-06-16T20:15:13.088+0000][7672][safepoint    ] Leaving safepoint region
[2022-06-16T20:15:13.088+0000][7672][safepoint    ] Total time for which application threads were stopped: 0.0000861 seconds, Stopping threads took: 0.0000191 seconds
[2022-06-16T20:15:13.089+0000][7672][safepoint    ] Application time: 0.0001242 seconds
[2022-06-16T20:15:13.089+0000][7672][safepoint    ] Entering safepoint region: RevokeBias
[2022-06-16T20:15:13.089+0000][7672][safepoint    ] Leaving safepoint region
[2022-06-16T20:15:13.089+0000][7672][safepoint    ] Total time for which application threads were stopped: 0.0001583 seconds, Stopping threads took: 0.0000641 seconds
[2022-06-16T20:15:13.089+0000][7672][safepoint    ] Application time: 0.0002314 seconds
[2022-06-16T20:15:13.089+0000][7672][safepoint    ] Entering safepoint region: RevokeBias
[2022-06-16T20:15:13.089+0000][7672][safepoint    ] Leaving safepoint region
[2022-06-16T20:15:13.089+0000][7672][safepoint    ] Total time for which application threads were stopped: 0.0000995 seconds, Stopping threads took: 0.0000180 seconds
[2022-06-16T20:15:13.089+0000][7672][safepoint    ] Application time: 0.0000223 seconds
[2022-06-16T20:15:13.089+0000][7672][safepoint    ] Entering safepoint region: RevokeBias
[2022-06-16T20:15:13.090+0000][7672][safepoint    ] Leaving safepoint region
[2022-06-16T20:15:13.090+0000][7672][safepoint    ] Total time for which application threads were stopped: 0.0003736 seconds, Stopping threads took: 0.0003100 seconds
[2022-06-16T20:15:13.090+0000][7672][safepoint    ] Application time: 0.0000225 seconds
[2022-06-16T20:15:13.090+0000][7672][safepoint    ] Entering safepoint region: RevokeBias
[2022-06-16T20:15:13.090+0000][7672][safepoint    ] Leaving safepoint region
[2022-06-16T20:15:13.090+0000][7672][safepoint    ] Total time for which application threads were stopped: 0.0000911 seconds, Stopping threads took: 0.0000344 seconds
[2022-06-16T20:15:13.090+0000][7672][safepoint    ] Application time: 0.0005456 seconds
[2022-06-16T20:15:13.090+0000][7672][safepoint    ] Entering safepoint region: RevokeBias
[2022-06-16T20:15:13.090+0000][7672][safepoint    ] Leaving safepoint region
[2022-06-16T20:15:13.090+0000][7672][safepoint    ] Total time for which application threads were stopped: 0.0000957 seconds, Stopping threads took: 0.0000299 seconds
[2022-06-16T20:15:13.090+0000][7672][safepoint    ] Application time: 0.0000183 seconds
[2022-06-16T20:15:13.090+0000][7672][safepoint    ] Entering safepoint region: RevokeBias
[2022-06-16T20:15:13.091+0000][7672][safepoint    ] Leaving safepoint region
[2022-06-16T20:15:13.091+0000][7672][safepoint    ] Total time for which application threads were stopped: 0.0000802 seconds, Stopping threads took: 0.0000167 seconds
[2022-06-16T20:15:13.091+0000][7672][safepoint    ] Application time: 0.0000262 seconds
[2022-06-16T20:15:13.091+0000][7672][safepoint    ] Entering safepoint region: BulkRevokeBias
[2022-06-16T20:15:13.091+0000][7672][safepoint    ] Leaving safepoint region
[2022-06-16T20:15:13.091+0000][7672][safepoint    ] Total time for which application threads were stopped: 0.0004057 seconds, Stopping threads took: 0.0000260 seconds
[2022-06-16T20:15:13.091+0000][7672][safepoint    ] Application time: 0.0002551 seconds
[2022-06-16T20:15:13.091+0000][7672][safepoint    ] Entering safepoint region: RevokeBias
[2022-06-16T20:15:13.091+0000][7672][safepoint    ] Leaving safepoint region
[2022-06-16T20:15:13.091+0000][7672][safepoint    ] Total time for which application threads were stopped: 0.0001571 seconds, Stopping threads took: 0.0000531 seconds
[2022-06-16T20:15:13.092+0000][7672][safepoint    ] Application time: 0.0004726 seconds
[2022-06-16T20:15:13.092+0000][7672][safepoint    ] Entering safepoint region: RevokeBias
[2022-06-16T20:15:13.092+0000][7672][safepoint    ] Leaving safepoint region
[2022-06-16T20:15:13.092+0000][7672][safepoint    ] Total time for which application threads were stopped: 0.0003377 seconds, Stopping threads took: 0.0002701 seconds
[2022-06-16T20:15:13.093+0000][7672][safepoint    ] Application time: 0.0002562 seconds
[2022-06-16T20:15:13.093+0000][7672][safepoint    ] Entering safepoint region: RevokeBias
[2022-06-16T20:15:13.093+0000][7672][safepoint    ] Leaving safepoint region
[2022-06-16T20:15:13.093+0000][7672][safepoint    ] Total time for which application threads were stopped: 0.0000859 seconds, Stopping threads took: 0.0000179 seconds
[2022-06-16T20:15:13.093+0000][7672][safepoint    ] Application time: 0.0000241 seconds
[2022-06-16T20:15:13.093+0000][7672][safepoint    ] Entering safepoint region: RevokeBias
[2022-06-16T20:15:13.093+0000][7672][safepoint    ] Leaving safepoint region
[2022-06-16T20:15:13.093+0000][7672][safepoint    ] Total time for which application threads were stopped: 0.0000798 seconds, Stopping threads took: 0.0000185 seconds
[2022-06-16T20:15:13.093+0000][7672][safepoint    ] Application time: 0.0003360 seconds
[2022-06-16T20:15:13.093+0000][7672][safepoint    ] Entering safepoint region: RevokeBias
[2022-06-16T20:15:13.093+0000][7672][safepoint    ] Leaving safepoint region
[2022-06-16T20:15:13.093+0000][7672][safepoint    ] Total time for which application threads were stopped: 0.0000833 seconds, Stopping threads took: 0.0000189 seconds
[2022-06-16T20:15:13.096+0000][7672][safepoint    ] Application time: 0.0024486 seconds
[2022-06-16T20:15:13.096+0000][7672][safepoint    ] Entering safepoint region: RevokeBias
[2022-06-16T20:15:13.096+0000][7672][safepoint    ] Leaving safepoint region
[2022-06-16T20:15:13.096+0000][7672][safepoint    ] Total time for which application threads were stopped: 0.0001340 seconds, Stopping threads took: 0.0000425 seconds
[2022-06-16T20:15:13.096+0000][7672][safepoint    ] Application time: 0.0001231 seconds
[2022-06-16T20:15:13.096+0000][7672][safepoint    ] Entering safepoint region: RevokeBias
[2022-06-16T20:15:13.096+0000][7672][safepoint    ] Leaving safepoint region
[2022-06-16T20:15:13.096+0000][7672][safepoint    ] Total time for which application threads were stopped: 0.0001138 seconds, Stopping threads took: 0.0000441 seconds
[2022-06-16T20:15:13.096+0000][7672][safepoint    ] Application time: 0.0000223 seconds
[2022-06-16T20:15:13.096+0000][7672][safepoint    ] Entering safepoint region: RevokeBias
[2022-06-16T20:15:13.096+0000][7672][safepoint    ] Leaving safepoint region
[2022-06-16T20:15:13.096+0000][7672][safepoint    ] Total time for which application threads were stopped: 0.0000737 seconds, Stopping threads took: 0.0000172 seconds
[2022-06-16T20:15:13.100+0000][7672][safepoint    ] Application time: 0.0034393 seconds
[2022-06-16T20:15:13.100+0000][7672][safepoint    ] Entering safepoint region: RevokeBias
[2022-06-16T20:15:13.100+0000][7672][safepoint    ] Leaving safepoint region
[2022-06-16T20:15:13.100+0000][7672][safepoint    ] Total time for which application threads were stopped: 0.0001182 seconds, Stopping threads took: 0.0000353 seconds
[2022-06-16T20:15:13.100+0000][7672][safepoint    ] Application time: 0.0000247 seconds
[2022-06-16T20:15:13.100+0000][7672][safepoint    ] Entering safepoint region: RevokeBias
[2022-06-16T20:15:13.100+0000][7672][safepoint    ] Leaving safepoint region
[2022-06-16T20:15:13.100+0000][7672][safepoint    ] Total time for which application threads were stopped: 0.0000938 seconds, Stopping threads took: 0.0000181 seconds
[2022-06-16T20:15:13.103+0000][7672][safepoint    ] Application time: 0.0031961 seconds
[2022-06-16T20:15:13.103+0000][7672][safepoint    ] Entering safepoint region: RevokeBias
[2022-06-16T20:15:13.103+0000][7672][safepoint    ] Leaving safepoint region
[2022-06-16T20:15:13.104+0000][7672][safepoint    ] Total time for which application threads were stopped: 0.0001008 seconds, Stopping threads took: 0.0000202 seconds
[2022-06-16T20:15:13.106+0000][7672][safepoint    ] Application time: 0.0022659 seconds
[2022-06-16T20:15:13.106+0000][7672][safepoint    ] Entering safepoint region: RevokeBias
[2022-06-16T20:15:13.106+0000][7672][safepoint    ] Leaving safepoint region
[2022-06-16T20:15:13.106+0000][7672][safepoint    ] Total time for which application threads were stopped: 0.0000831 seconds, Stopping threads took: 0.0000211 seconds
[2022-06-16T20:15:13.106+0000][7672][safepoint    ] Application time: 0.0001856 seconds
[2022-06-16T20:15:13.106+0000][7672][safepoint    ] Entering safepoint region: RevokeBias
[2022-06-16T20:15:13.106+0000][7672][safepoint    ] Leaving safepoint region
[2022-06-16T20:15:13.106+0000][7672][safepoint    ] Total time for which application threads were stopped: 0.0000863 seconds, Stopping threads took: 0.0000187 seconds
[2022-06-16T20:15:13.106+0000][7672][safepoint    ] Application time: 0.0000212 seconds
[2022-06-16T20:15:13.106+0000][7672][safepoint    ] Entering safepoint region: RevokeBias
[2022-06-16T20:15:13.106+0000][7672][safepoint    ] Leaving safepoint region
[2022-06-16T20:15:13.106+0000][7672][safepoint    ] Total time for which application threads were stopped: 0.0000900 seconds, Stopping threads took: 0.0000250 seconds
[2022-06-16T20:15:13.108+0000][7672][safepoint    ] Application time: 0.0017075 seconds
[2022-06-16T20:15:13.108+0000][7672][safepoint    ] Entering safepoint region: RevokeBias
[2022-06-16T20:15:13.108+0000][7672][safepoint    ] Leaving safepoint region
[2022-06-16T20:15:13.108+0000][7672][safepoint    ] Total time for which application threads were stopped: 0.0002675 seconds, Stopping threads took: 0.0002012 seconds
[2022-06-16T20:15:13.108+0000][7672][safepoint    ] Application time: 0.0000342 seconds
[2022-06-16T20:15:13.108+0000][7672][safepoint    ] Entering safepoint region: RevokeBias
[2022-06-16T20:15:13.109+0000][7672][safepoint    ] Leaving safepoint region
[2022-06-16T20:15:13.109+0000][7672][safepoint    ] Total time for which application threads were stopped: 0.0001158 seconds, Stopping threads took: 0.0000289 seconds
[2022-06-16T20:15:13.110+0000][7672][safepoint    ] Application time: 0.0009071 seconds
[2022-06-16T20:15:13.110+0000][7672][safepoint    ] Entering safepoint region: RevokeBias
[2022-06-16T20:15:13.110+0000][7672][safepoint    ] Leaving safepoint region
[2022-06-16T20:15:13.110+0000][7672][safepoint    ] Total time for which application threads were stopped: 0.0000798 seconds, Stopping threads took: 0.0000198 seconds
[2022-06-16T20:15:13.110+0000][7672][safepoint    ] Application time: 0.0000434 seconds
[2022-06-16T20:15:13.110+0000][7672][safepoint    ] Entering safepoint region: RevokeBias
[2022-06-16T20:15:13.110+0000][7672][safepoint    ] Leaving safepoint region
[2022-06-16T20:15:13.110+0000][7672][safepoint    ] Total time for which application threads were stopped: 0.0001058 seconds, Stopping threads took: 0.0000469 seconds
[2022-06-16T20:15:13.110+0000][7672][safepoint    ] Application time: 0.0003574 seconds
[2022-06-16T20:15:13.110+0000][7672][safepoint    ] Entering safepoint region: BulkRevokeBias
[2022-06-16T20:15:13.111+0000][7672][safepoint    ] Leaving safepoint region
[2022-06-16T20:15:13.111+0000][7672][safepoint    ] Total time for which application threads were stopped: 0.0004430 seconds, Stopping threads took: 0.0000492 seconds
[2022-06-16T20:15:13.111+0000][7672][safepoint    ] Application time: 0.0003832 seconds
[2022-06-16T20:15:13.111+0000][7672][safepoint    ] Entering safepoint region: RevokeBias
[2022-06-16T20:15:13.111+0000][7672][safepoint    ] Leaving safepoint region
[2022-06-16T20:15:13.111+0000][7672][safepoint    ] Total time for which application threads were stopped: 0.0000847 seconds, Stopping threads took: 0.0000187 seconds
[2022-06-16T20:15:13.111+0000][7672][safepoint    ] Application time: 0.0000315 seconds
[2022-06-16T20:15:13.111+0000][7672][safepoint    ] Entering safepoint region: RevokeBias
[2022-06-16T20:15:13.111+0000][7672][safepoint    ] Leaving safepoint region
[2022-06-16T20:15:13.111+0000][7672][safepoint    ] Total time for which application threads were stopped: 0.0000754 seconds, Stopping threads took: 0.0000178 seconds
[2022-06-16T20:15:13.112+0000][7672][safepoint    ] Application time: 0.0002645 seconds
[2022-06-16T20:15:13.112+0000][7672][safepoint    ] Entering safepoint region: RevokeBias
[2022-06-16T20:15:13.112+0000][7672][safepoint    ] Leaving safepoint region
[2022-06-16T20:15:13.112+0000][7672][safepoint    ] Total time for which application threads were stopped: 0.0001262 seconds, Stopping threads took: 0.0000642 seconds
[2022-06-16T20:15:13.112+0000][7672][safepoint    ] Application time: 0.0000838 seconds
[2022-06-16T20:15:13.112+0000][7672][safepoint    ] Entering safepoint region: RevokeBias
[2022-06-16T20:15:13.112+0000][7672][safepoint    ] Leaving safepoint region
[2022-06-16T20:15:13.112+0000][7672][safepoint    ] Total time for which application threads were stopped: 0.0000730 seconds, Stopping threads took: 0.0000228 seconds
[2022-06-16T20:15:13.112+0000][7672][safepoint    ] Application time: 0.0000885 seconds
[2022-06-16T20:15:13.112+0000][7672][safepoint    ] Entering safepoint region: RevokeBias
[2022-06-16T20:15:13.112+0000][7672][safepoint    ] Leaving safepoint region
[2022-06-16T20:15:13.112+0000][7672][safepoint    ] Total time for which application threads were stopped: 0.0000711 seconds, Stopping threads took: 0.0000222 seconds
[2022-06-16T20:15:13.112+0000][7672][safepoint    ] Application time: 0.0000768 seconds
[2022-06-16T20:15:13.112+0000][7672][safepoint    ] Entering safepoint region: RevokeBias
[2022-06-16T20:15:13.112+0000][7672][safepoint    ] Leaving safepoint region
[2022-06-16T20:15:13.112+0000][7672][safepoint    ] Total time for which application threads were stopped: 0.0001341 seconds, Stopping threads took: 0.0000366 seconds
[2022-06-16T20:15:13.113+0000][7672][safepoint    ] Application time: 0.0001377 seconds
[2022-06-16T20:15:13.113+0000][7672][safepoint    ] Entering safepoint region: RevokeBias
[2022-06-16T20:15:13.113+0000][7672][safepoint    ] Leaving safepoint region
[2022-06-16T20:15:13.113+0000][7672][safepoint    ] Total time for which application threads were stopped: 0.0000776 seconds, Stopping threads took: 0.0000227 seconds
[2022-06-16T20:15:13.113+0000][7672][safepoint    ] Application time: 0.0002173 seconds
[2022-06-16T20:15:13.113+0000][7672][safepoint    ] Entering safepoint region: RevokeBias
[2022-06-16T20:15:13.113+0000][7672][safepoint    ] Leaving safepoint region
[2022-06-16T20:15:13.113+0000][7672][safepoint    ] Total time for which application threads were stopped: 0.0000858 seconds, Stopping threads took: 0.0000267 seconds
[2022-06-16T20:15:13.113+0000][7672][safepoint    ] Application time: 0.0002225 seconds
[2022-06-16T20:15:13.113+0000][7672][safepoint    ] Entering safepoint region: RevokeBias
[2022-06-16T20:15:13.113+0000][7672][safepoint    ] Leaving safepoint region
[2022-06-16T20:15:13.113+0000][7672][safepoint    ] Total time for which application threads were stopped: 0.0000826 seconds, Stopping threads took: 0.0000257 seconds
[2022-06-16T20:15:13.114+0000][7672][safepoint    ] Application time: 0.0002084 seconds
[2022-06-16T20:15:13.114+0000][7672][safepoint    ] Entering safepoint region: RevokeBias
[2022-06-16T20:15:13.114+0000][7672][safepoint    ] Leaving safepoint region
[2022-06-16T20:15:13.114+0000][7672][safepoint    ] Total time for which application threads were stopped: 0.0000954 seconds, Stopping threads took: 0.0000231 seconds
[2022-06-16T20:15:13.114+0000][7672][safepoint    ] Application time: 0.0001159 seconds
[2022-06-16T20:15:13.114+0000][7672][safepoint    ] Entering safepoint region: RevokeBias
[2022-06-16T20:15:13.114+0000][7672][safepoint    ] Leaving safepoint region
[2022-06-16T20:15:13.114+0000][7672][safepoint    ] Total time for which application threads were stopped: 0.0000902 seconds, Stopping threads took: 0.0000324 seconds
[2022-06-16T20:15:13.114+0000][7672][safepoint    ] Application time: 0.0000871 seconds
[2022-06-16T20:15:13.114+0000][7672][safepoint    ] Entering safepoint region: RevokeBias
[2022-06-16T20:15:13.114+0000][7672][safepoint    ] Leaving safepoint region
[2022-06-16T20:15:13.114+0000][7672][safepoint    ] Total time for which application threads were stopped: 0.0000906 seconds, Stopping threads took: 0.0000357 seconds
[2022-06-16T20:15:13.114+0000][7672][safepoint    ] Application time: 0.0001191 seconds
[2022-06-16T20:15:13.114+0000][7672][safepoint    ] Entering safepoint region: RevokeBias
[2022-06-16T20:15:13.114+0000][7672][safepoint    ] Leaving safepoint region
[2022-06-16T20:15:13.114+0000][7672][safepoint    ] Total time for which application threads were stopped: 0.0000858 seconds, Stopping threads took: 0.0000342 seconds
[2022-06-16T20:15:13.115+0000][7672][safepoint    ] Application time: 0.0000450 seconds
[2022-06-16T20:15:13.115+0000][7672][safepoint    ] Entering safepoint region: RevokeBias
[2022-06-16T20:15:13.115+0000][7672][safepoint    ] Leaving safepoint region
[2022-06-16T20:15:13.115+0000][7672][safepoint    ] Total time for which application threads were stopped: 0.0000763 seconds, Stopping threads took: 0.0000293 seconds
[2022-06-16T20:15:13.115+0000][7672][safepoint    ] Application time: 0.0001906 seconds
[2022-06-16T20:15:13.115+0000][7672][safepoint    ] Entering safepoint region: RevokeBias
[2022-06-16T20:15:13.115+0000][7672][safepoint    ] Leaving safepoint region
[2022-06-16T20:15:13.115+0000][7672][safepoint    ] Total time for which application threads were stopped: 0.0000776 seconds, Stopping threads took: 0.0000220 seconds
[2022-06-16T20:15:13.115+0000][7672][safepoint    ] Application time: 0.0001702 seconds
[2022-06-16T20:15:13.115+0000][7672][safepoint    ] Entering safepoint region: RevokeBias
[2022-06-16T20:15:13.115+0000][7672][safepoint    ] Leaving safepoint region
[2022-06-16T20:15:13.115+0000][7672][safepoint    ] Total time for which application threads were stopped: 0.0000759 seconds, Stopping threads took: 0.0000227 seconds
[2022-06-16T20:15:13.115+0000][7672][safepoint    ] Application time: 0.0000901 seconds
[2022-06-16T20:15:13.115+0000][7672][safepoint    ] Entering safepoint region: RevokeBias
[2022-06-16T20:15:13.116+0000][7672][safepoint    ] Leaving safepoint region
[2022-06-16T20:15:13.116+0000][7672][safepoint    ] Total time for which application threads were stopped: 0.0000960 seconds, Stopping threads took: 0.0000272 seconds
[2022-06-16T20:15:13.116+0000][7672][safepoint    ] Application time: 0.0000864 seconds
[2022-06-16T20:15:13.116+0000][7672][safepoint    ] Entering safepoint region: RevokeBias
[2022-06-16T20:15:13.116+0000][7672][safepoint    ] Leaving safepoint region
[2022-06-16T20:15:13.116+0000][7672][safepoint    ] Total time for which application threads were stopped: 0.0000784 seconds, Stopping threads took: 0.0000229 seconds
[2022-06-16T20:15:13.116+0000][7672][safepoint    ] Application time: 0.0000361 seconds
[2022-06-16T20:15:13.116+0000][7672][safepoint    ] Entering safepoint region: RevokeBias
[2022-06-16T20:15:13.116+0000][7672][safepoint    ] Leaving safepoint region
[2022-06-16T20:15:13.116+0000][7672][safepoint    ] Total time for which application threads were stopped: 0.0000719 seconds, Stopping threads took: 0.0000228 seconds
[2022-06-16T20:15:13.116+0000][7672][safepoint    ] Application time: 0.0000262 seconds
[2022-06-16T20:15:13.116+0000][7672][safepoint    ] Entering safepoint region: RevokeBias
[2022-06-16T20:15:13.116+0000][7672][safepoint    ] Leaving safepoint region
[2022-06-16T20:15:13.116+0000][7672][safepoint    ] Total time for which application threads were stopped: 0.0000666 seconds, Stopping threads took: 0.0000171 seconds
[2022-06-16T20:15:13.116+0000][7672][safepoint    ] Application time: 0.0001800 seconds
[2022-06-16T20:15:13.116+0000][7672][safepoint    ] Entering safepoint region: RevokeBias
[2022-06-16T20:15:13.116+0000][7672][safepoint    ] Leaving safepoint region
[2022-06-16T20:15:13.116+0000][7672][safepoint    ] Total time for which application threads were stopped: 0.0000770 seconds, Stopping threads took: 0.0000224 seconds
[2022-06-16T20:15:13.116+0000][7672][safepoint    ] Application time: 0.0001608 seconds
[2022-06-16T20:15:13.117+0000][7672][safepoint    ] Entering safepoint region: RevokeBias
[2022-06-16T20:15:13.117+0000][7672][safepoint    ] Leaving safepoint region
[2022-06-16T20:15:13.117+0000][7672][safepoint    ] Total time for which application threads were stopped: 0.0000770 seconds, Stopping threads took: 0.0000221 seconds
[2022-06-16T20:15:13.119+0000][7672][safepoint    ] Application time: 0.0022457 seconds
[2022-06-16T20:15:13.119+0000][7672][safepoint    ] Entering safepoint region: RevokeBias
[2022-06-16T20:15:13.119+0000][7672][safepoint    ] Leaving safepoint region
[2022-06-16T20:15:13.119+0000][7672][safepoint    ] Total time for which application threads were stopped: 0.0001115 seconds, Stopping threads took: 0.0000487 seconds
[2022-06-16T20:15:13.119+0000][7672][safepoint    ] Application time: 0.0000329 seconds
[2022-06-16T20:15:13.119+0000][7672][safepoint    ] Entering safepoint region: RevokeBias
[2022-06-16T20:15:13.119+0000][7672][safepoint    ] Leaving safepoint region
[2022-06-16T20:15:13.119+0000][7672][safepoint    ] Total time for which application threads were stopped: 0.0000637 seconds, Stopping threads took: 0.0000174 seconds
[2022-06-16T20:15:13.119+0000][7672][safepoint    ] Application time: 0.0003307 seconds
[2022-06-16T20:15:13.120+0000][7672][safepoint    ] Entering safepoint region: RevokeBias
[2022-06-16T20:15:13.120+0000][7672][safepoint    ] Leaving safepoint region
[2022-06-16T20:15:13.120+0000][7672][safepoint    ] Total time for which application threads were stopped: 0.0000811 seconds, Stopping threads took: 0.0000247 seconds
[2022-06-16T20:15:13.120+0000][7672][safepoint    ] Application time: 0.0002554 seconds
[2022-06-16T20:15:13.120+0000][7672][safepoint    ] Entering safepoint region: RevokeBias
[2022-06-16T20:15:13.120+0000][7672][safepoint    ] Leaving safepoint region
[2022-06-16T20:15:13.120+0000][7672][safepoint    ] Total time for which application threads were stopped: 0.0000796 seconds, Stopping threads took: 0.0000247 seconds
[2022-06-16T20:15:13.120+0000][7672][safepoint    ] Application time: 0.0002754 seconds
[2022-06-16T20:15:13.120+0000][7672][safepoint    ] Entering safepoint region: RevokeBias
[2022-06-16T20:15:13.120+0000][7672][safepoint    ] Leaving safepoint region
[2022-06-16T20:15:13.120+0000][7672][safepoint    ] Total time for which application threads were stopped: 0.0000807 seconds, Stopping threads took: 0.0000231 seconds
[2022-06-16T20:15:13.121+0000][7672][safepoint    ] Application time: 0.0002474 seconds
[2022-06-16T20:15:13.121+0000][7672][safepoint    ] Entering safepoint region: RevokeBias
[2022-06-16T20:15:13.121+0000][7672][safepoint    ] Leaving safepoint region
[2022-06-16T20:15:13.121+0000][7672][safepoint    ] Total time for which application threads were stopped: 0.0000804 seconds, Stopping threads took: 0.0000238 seconds
[2022-06-16T20:15:13.121+0000][7672][safepoint    ] Application time: 0.0002627 seconds
[2022-06-16T20:15:13.121+0000][7672][safepoint    ] Entering safepoint region: RevokeBias
[2022-06-16T20:15:13.121+0000][7672][safepoint    ] Leaving safepoint region
[2022-06-16T20:15:13.121+0000][7672][safepoint    ] Total time for which application threads were stopped: 0.0000895 seconds, Stopping threads took: 0.0000349 seconds
[2022-06-16T20:15:13.121+0000][7672][safepoint    ] Application time: 0.0002447 seconds
[2022-06-16T20:15:13.121+0000][7672][safepoint    ] Entering safepoint region: RevokeBias
[2022-06-16T20:15:13.122+0000][7672][safepoint    ] Leaving safepoint region
[2022-06-16T20:15:13.122+0000][7672][safepoint    ] Total time for which application threads were stopped: 0.0000811 seconds, Stopping threads took: 0.0000238 seconds
[2022-06-16T20:15:13.122+0000][7672][safepoint    ] Application time: 0.0002467 seconds
[2022-06-16T20:15:13.122+0000][7672][safepoint    ] Entering safepoint region: RevokeBias
[2022-06-16T20:15:13.122+0000][7672][safepoint    ] Leaving safepoint region
[2022-06-16T20:15:13.122+0000][7672][safepoint    ] Total time for which application threads were stopped: 0.0000796 seconds, Stopping threads took: 0.0000238 seconds
[2022-06-16T20:15:13.122+0000][7672][safepoint    ] Application time: 0.0002340 seconds
[2022-06-16T20:15:13.122+0000][7672][safepoint    ] Entering safepoint region: RevokeBias
[2022-06-16T20:15:13.122+0000][7672][safepoint    ] Leaving safepoint region
[2022-06-16T20:15:13.122+0000][7672][safepoint    ] Total time for which application threads were stopped: 0.0000913 seconds, Stopping threads took: 0.0000365 seconds
[2022-06-16T20:15:13.200+0000][7672][safepoint    ] Application time: 0.0774515 seconds
[2022-06-16T20:15:13.200+0000][7672][safepoint    ] Entering safepoint region: RevokeBias
[2022-06-16T20:15:13.200+0000][7672][safepoint    ] Leaving safepoint region
[2022-06-16T20:15:13.200+0000][7672][safepoint    ] Total time for which application threads were stopped: 0.0001231 seconds, Stopping threads took: 0.0000289 seconds
[2022-06-16T20:15:13.229+0000][7672][safepoint    ] Application time: 0.0286948 seconds
[2022-06-16T20:15:13.229+0000][7672][safepoint    ] Entering safepoint region: RevokeBias
[2022-06-16T20:15:13.229+0000][7672][safepoint    ] Leaving safepoint region
[2022-06-16T20:15:13.229+0000][7672][safepoint    ] Total time for which application threads were stopped: 0.0001182 seconds, Stopping threads took: 0.0000255 seconds
[2022-06-16T20:15:13.235+0000][7672][safepoint    ] Application time: 0.0065418 seconds
[2022-06-16T20:15:13.235+0000][7672][safepoint    ] Entering safepoint region: RevokeBias
[2022-06-16T20:15:13.236+0000][7672][safepoint    ] Leaving safepoint region
[2022-06-16T20:15:13.236+0000][7672][safepoint    ] Total time for which application threads were stopped: 0.0001335 seconds, Stopping threads took: 0.0000295 seconds
[2022-06-16T20:15:13.251+0000][7672][safepoint    ] Application time: 0.0154183 seconds
[2022-06-16T20:15:13.251+0000][7672][safepoint    ] Entering safepoint region: RevokeBias
[2022-06-16T20:15:13.251+0000][7672][safepoint    ] Leaving safepoint region
[2022-06-16T20:15:13.251+0000][7672][safepoint    ] Total time for which application threads were stopped: 0.0001219 seconds, Stopping threads took: 0.0000342 seconds
[2022-06-16T20:15:13.251+0000][7672][safepoint    ] Application time: 0.0000536 seconds
[2022-06-16T20:15:13.251+0000][7672][safepoint    ] Entering safepoint region: RevokeBias
[2022-06-16T20:15:13.251+0000][7672][safepoint    ] Leaving safepoint region
[2022-06-16T20:15:13.251+0000][7672][safepoint    ] Total time for which application threads were stopped: 0.0000737 seconds, Stopping threads took: 0.0000178 seconds
[2022-06-16T20:15:13.251+0000][7672][safepoint    ] Application time: 0.0000232 seconds
[2022-06-16T20:15:13.251+0000][7672][safepoint    ] Entering safepoint region: RevokeBias
[2022-06-16T20:15:13.251+0000][7672][safepoint    ] Leaving safepoint region
[2022-06-16T20:15:13.251+0000][7672][safepoint    ] Total time for which application threads were stopped: 0.0000645 seconds, Stopping threads took: 0.0000162 seconds
[2022-06-16T20:15:13.252+0000][7672][safepoint    ] Application time: 0.0001097 seconds
[2022-06-16T20:15:13.252+0000][7672][safepoint    ] Entering safepoint region: RevokeBias
[2022-06-16T20:15:13.252+0000][7672][safepoint    ] Leaving safepoint region
[2022-06-16T20:15:13.252+0000][7672][safepoint    ] Total time for which application threads were stopped: 0.0000777 seconds, Stopping threads took: 0.0000180 seconds
[2022-06-16T20:15:13.252+0000][7672][safepoint    ] Application time: 0.0007321 seconds
[2022-06-16T20:15:13.252+0000][7672][safepoint    ] Entering safepoint region: RevokeBias
[2022-06-16T20:15:13.253+0000][7672][safepoint    ] Leaving safepoint region
[2022-06-16T20:15:13.253+0000][7672][safepoint    ] Total time for which application threads were stopped: 0.0001069 seconds, Stopping threads took: 0.0000312 seconds
[2022-06-16T20:15:13.253+0000][7672][safepoint    ] Application time: 0.0004206 seconds
[2022-06-16T20:15:13.253+0000][7672][safepoint    ] Entering safepoint region: RevokeBias
[2022-06-16T20:15:13.253+0000][7672][safepoint    ] Leaving safepoint region
[2022-06-16T20:15:13.253+0000][7672][safepoint    ] Total time for which application threads were stopped: 0.0000974 seconds, Stopping threads took: 0.0000276 seconds
[2022-06-16T20:15:13.256+0000][7672][safepoint    ] Application time: 0.0025365 seconds
[2022-06-16T20:15:13.256+0000][7672][safepoint    ] Entering safepoint region: RevokeBias
[2022-06-16T20:15:13.256+0000][7672][safepoint    ] Leaving safepoint region
[2022-06-16T20:15:13.256+0000][7672][safepoint    ] Total time for which application threads were stopped: 0.0000946 seconds, Stopping threads took: 0.0000255 seconds
[2022-06-16T20:15:13.259+0000][7672][safepoint    ] Application time: 0.0026578 seconds
[2022-06-16T20:15:13.259+0000][7672][safepoint    ] Entering safepoint region: RevokeBias
[2022-06-16T20:15:13.259+0000][7672][safepoint    ] Leaving safepoint region
[2022-06-16T20:15:13.259+0000][7672][safepoint    ] Total time for which application threads were stopped: 0.0000863 seconds, Stopping threads took: 0.0000247 seconds
[2022-06-16T20:15:13.259+0000][7672][safepoint    ] Application time: 0.0004400 seconds
[2022-06-16T20:15:13.259+0000][7672][safepoint    ] Entering safepoint region: RevokeBias
[2022-06-16T20:15:13.259+0000][7672][safepoint    ] Leaving safepoint region
[2022-06-16T20:15:13.259+0000][7672][safepoint    ] Total time for which application threads were stopped: 0.0000934 seconds, Stopping threads took: 0.0000300 seconds
[2022-06-16T20:15:13.302+0000][7672][safepoint    ] Application time: 0.0422955 seconds
[2022-06-16T20:15:13.302+0000][7672][safepoint    ] Entering safepoint region: RevokeBias
[2022-06-16T20:15:13.302+0000][7672][safepoint    ] Leaving safepoint region
[2022-06-16T20:15:13.302+0000][7672][safepoint    ] Total time for which application threads were stopped: 0.0001308 seconds, Stopping threads took: 0.0000301 seconds
[2022-06-16T20:15:13.310+0000][7672][safepoint    ] Application time: 0.0085658 seconds
[2022-06-16T20:15:13.310+0000][7672][safepoint    ] Entering safepoint region: RevokeBias
[2022-06-16T20:15:13.310+0000][7672][safepoint    ] Leaving safepoint region
[2022-06-16T20:15:13.310+0000][7672][safepoint    ] Total time for which application threads were stopped: 0.0001305 seconds, Stopping threads took: 0.0000303 seconds
[2022-06-16T20:15:13.377+0000][7672][safepoint    ] Application time: 0.0703705 seconds
[2022-06-16T20:15:13.377+0000][7672][safepoint    ] Entering safepoint region: RevokeBias
[2022-06-16T20:15:13.377+0000][7672][safepoint    ] Leaving safepoint region
[2022-06-16T20:15:13.377+0000][7672][safepoint    ] Total time for which application threads were stopped: 0.0001390 seconds, Stopping threads took: 0.0000259 seconds
[2022-06-16T20:15:13.409+0000][7672][safepoint    ] Application time: 0.0426908 seconds
[2022-06-16T20:15:13.409+0000][7672][safepoint    ] Entering safepoint region: RevokeBias
[2022-06-16T20:15:13.424+0000][7672][safepoint    ] Leaving safepoint region
[2022-06-16T20:15:13.424+0000][7672][safepoint    ] Total time for which application threads were stopped: 0.0001629 seconds, Stopping threads took: 0.0000268 seconds
[2022-06-16T20:15:13.424+0000][7672][safepoint    ] Application time: 0.0000240 seconds
[2022-06-16T20:15:13.424+0000][7672][safepoint    ] Entering safepoint region: RevokeBias
[2022-06-16T20:15:13.424+0000][7672][safepoint    ] Leaving safepoint region
[2022-06-16T20:15:13.424+0000][7672][safepoint    ] Total time for which application threads were stopped: 0.0000844 seconds, Stopping threads took: 0.0000195 seconds
[2022-06-16T20:15:13.424+0000][7672][safepoint    ] Application time: 0.0077228 seconds
[2022-06-16T20:15:13.424+0000][7672][safepoint    ] Entering safepoint region: RevokeBias
[2022-06-16T20:15:13.424+0000][7672][safepoint    ] Leaving safepoint region
[2022-06-16T20:15:13.424+0000][7672][safepoint    ] Total time for which application threads were stopped: 0.0001056 seconds, Stopping threads took: 0.0000245 seconds
[2022-06-16T20:15:13.424+0000][7672][safepoint    ] Application time: 0.0026235 seconds
[2022-06-16T20:15:13.424+0000][7672][safepoint    ] Entering safepoint region: RevokeBias
[2022-06-16T20:15:13.424+0000][7672][safepoint    ] Leaving safepoint region
[2022-06-16T20:15:13.424+0000][7672][safepoint    ] Total time for which application threads were stopped: 0.0003373 seconds, Stopping threads took: 0.0002518 seconds
[2022-06-16T20:15:13.424+0000][7672][safepoint    ] Application time: 0.0022952 seconds
[2022-06-16T20:15:13.424+0000][7672][safepoint    ] Entering safepoint region: RevokeBias
[2022-06-16T20:15:13.424+0000][7672][safepoint    ] Leaving safepoint region
[2022-06-16T20:15:13.424+0000][7672][safepoint    ] Total time for which application threads were stopped: 0.0001378 seconds, Stopping threads took: 0.0000680 seconds
[2022-06-16T20:15:13.424+0000][7672][safepoint    ] Application time: 0.0002202 seconds
[2022-06-16T20:15:13.424+0000][7672][safepoint    ] Entering safepoint region: Deoptimize
[2022-06-16T20:15:13.424+0000][7672][safepoint    ] Leaving safepoint region
[2022-06-16T20:15:13.424+0000][7672][safepoint    ] Total time for which application threads were stopped: 0.0007588 seconds, Stopping threads took: 0.0000195 seconds
[2022-06-16T20:15:13.440+0000][7672][safepoint    ] Application time: 0.0068049 seconds
[2022-06-16T20:15:13.440+0000][7672][safepoint    ] Entering safepoint region: RevokeBias
[2022-06-16T20:15:13.440+0000][7672][safepoint    ] Leaving safepoint region
[2022-06-16T20:15:13.440+0000][7672][safepoint    ] Total time for which application threads were stopped: 0.0001134 seconds, Stopping threads took: 0.0000356 seconds
[2022-06-16T20:15:13.440+0000][7672][safepoint    ] Application time: 0.0063288 seconds
[2022-06-16T20:15:13.440+0000][7672][safepoint    ] Entering safepoint region: RevokeBias
[2022-06-16T20:15:13.440+0000][7672][safepoint    ] Leaving safepoint region
[2022-06-16T20:15:13.440+0000][7672][safepoint    ] Total time for which application threads were stopped: 0.0000961 seconds, Stopping threads took: 0.0000257 seconds
[2022-06-16T20:15:13.456+0000][7672][safepoint    ] Application time: 0.0054818 seconds
[2022-06-16T20:15:13.456+0000][7672][safepoint    ] Entering safepoint region: RevokeBias
[2022-06-16T20:15:13.456+0000][7672][safepoint    ] Leaving safepoint region
[2022-06-16T20:15:13.456+0000][7672][safepoint    ] Total time for which application threads were stopped: 0.0000929 seconds, Stopping threads took: 0.0000242 seconds
[2022-06-16T20:15:13.456+0000][7672][safepoint    ] Application time: 0.0022377 seconds
[2022-06-16T20:15:13.456+0000][7672][safepoint    ] Entering safepoint region: RevokeBias
[2022-06-16T20:15:13.456+0000][7672][safepoint    ] Leaving safepoint region
[2022-06-16T20:15:13.456+0000][7672][safepoint    ] Total time for which application threads were stopped: 0.0001834 seconds, Stopping threads took: 0.0001048 seconds
[2022-06-16T20:15:13.456+0000][7672][safepoint    ] Application time: 0.0000403 seconds
[2022-06-16T20:15:13.456+0000][7672][safepoint    ] Entering safepoint region: RevokeBias
[2022-06-16T20:15:13.456+0000][7672][safepoint    ] Leaving safepoint region
[2022-06-16T20:15:13.456+0000][7672][safepoint    ] Total time for which application threads were stopped: 0.0001022 seconds, Stopping threads took: 0.0000465 seconds
[2022-06-16T20:15:13.456+0000][7672][safepoint    ] Application time: 0.0000237 seconds
[2022-06-16T20:15:13.456+0000][7672][safepoint    ] Entering safepoint region: RevokeBias
[2022-06-16T20:15:13.456+0000][7672][safepoint    ] Leaving safepoint region
[2022-06-16T20:15:13.456+0000][7672][safepoint    ] Total time for which application threads were stopped: 0.0000828 seconds, Stopping threads took: 0.0000273 seconds
[2022-06-16T20:15:13.456+0000][7672][safepoint    ] Application time: 0.0003582 seconds
[2022-06-16T20:15:13.456+0000][7672][safepoint    ] Entering safepoint region: RevokeBias
[2022-06-16T20:15:13.456+0000][7672][safepoint    ] Leaving safepoint region
[2022-06-16T20:15:13.456+0000][7672][safepoint    ] Total time for which application threads were stopped: 0.0001205 seconds, Stopping threads took: 0.0000194 seconds
[2022-06-16T20:15:13.471+0000][7672][safepoint    ] Application time: 0.0151122 seconds
[2022-06-16T20:15:13.471+0000][7672][safepoint    ] Entering safepoint region: RevokeBias
[2022-06-16T20:15:13.471+0000][7672][safepoint    ] Leaving safepoint region
[2022-06-16T20:15:13.471+0000][7672][safepoint    ] Total time for which application threads were stopped: 0.0001238 seconds, Stopping threads took: 0.0000290 seconds
[2022-06-16T20:15:13.471+0000][7672][safepoint    ] Application time: 0.0000329 seconds
[2022-06-16T20:15:13.471+0000][7672][safepoint    ] Entering safepoint region: RevokeBias
[2022-06-16T20:15:13.471+0000][7672][safepoint    ] Leaving safepoint region
[2022-06-16T20:15:13.471+0000][7672][safepoint    ] Total time for which application threads were stopped: 0.0000986 seconds, Stopping threads took: 0.0000236 seconds
[2022-06-16T20:15:13.502+0000][7672][safepoint    ] Application time: 0.0286764 seconds
[2022-06-16T20:15:13.502+0000][7672][safepoint    ] Entering safepoint region: RevokeBias
[2022-06-16T20:15:13.502+0000][7672][safepoint    ] Leaving safepoint region
[2022-06-16T20:15:13.502+0000][7672][safepoint    ] Total time for which application threads were stopped: 0.0070221 seconds, Stopping threads took: 0.0069080 seconds
[2022-06-16T20:15:13.502+0000][7672][safepoint    ] Application time: 0.0002997 seconds
[2022-06-16T20:15:13.502+0000][7672][safepoint    ] Entering safepoint region: RevokeBias
[2022-06-16T20:15:13.502+0000][7672][safepoint    ] Leaving safepoint region
[2022-06-16T20:15:13.502+0000][7672][safepoint    ] Total time for which application threads were stopped: 0.0001361 seconds, Stopping threads took: 0.0000406 seconds
[2022-06-16T20:15:13.518+0000][7672][safepoint    ] Application time: 0.0138163 seconds
[2022-06-16T20:15:13.518+0000][7672][safepoint    ] Entering safepoint region: RevokeBias
[2022-06-16T20:15:13.518+0000][7672][safepoint    ] Leaving safepoint region
[2022-06-16T20:15:13.518+0000][7672][safepoint    ] Total time for which application threads were stopped: 0.0001637 seconds, Stopping threads took: 0.0000541 seconds
[2022-06-16T20:15:13.534+0000][7672][safepoint    ] Application time: 0.0192312 seconds
[2022-06-16T20:15:13.565+0000][7672][safepoint    ] Entering safepoint region: RevokeBias
[2022-06-16T20:15:13.565+0000][7672][safepoint    ] Leaving safepoint region
[2022-06-16T20:15:13.565+0000][7672][safepoint    ] Total time for which application threads were stopped: 0.0211490 seconds, Stopping threads took: 0.0210195 seconds
[2022-06-16T20:15:13.565+0000][7672][safepoint    ] Application time: 0.0072920 seconds
[2022-06-16T20:15:13.565+0000][7672][safepoint    ] Entering safepoint region: RevokeBias
[2022-06-16T20:15:13.565+0000][7672][safepoint    ] Leaving safepoint region
[2022-06-16T20:15:13.565+0000][7672][safepoint    ] Total time for which application threads were stopped: 0.0001526 seconds, Stopping threads took: 0.0000456 seconds
[2022-06-16T20:15:13.565+0000][7672][safepoint    ] Application time: 0.0011899 seconds
[2022-06-16T20:15:13.565+0000][7672][safepoint    ] Entering safepoint region: RevokeBias
[2022-06-16T20:15:13.565+0000][7672][safepoint    ] Leaving safepoint region
[2022-06-16T20:15:13.565+0000][7672][safepoint    ] Total time for which application threads were stopped: 0.0001164 seconds, Stopping threads took: 0.0000295 seconds
[2022-06-16T20:15:13.565+0000][7672][safepoint    ] Application time: 0.0038768 seconds
[2022-06-16T20:15:13.565+0000][7672][safepoint    ] Entering safepoint region: RevokeBias
[2022-06-16T20:15:13.565+0000][7672][safepoint    ] Leaving safepoint region
[2022-06-16T20:15:13.565+0000][7672][safepoint    ] Total time for which application threads were stopped: 0.0001228 seconds, Stopping threads took: 0.0000305 seconds
[2022-06-16T20:15:13.581+0000][7672][safepoint    ] Application time: 0.0029616 seconds
[2022-06-16T20:15:13.581+0000][7672][safepoint    ] Entering safepoint region: RevokeBias
[2022-06-16T20:15:13.581+0000][7672][safepoint    ] Leaving safepoint region
[2022-06-16T20:15:13.581+0000][7672][safepoint    ] Total time for which application threads were stopped: 0.0001221 seconds, Stopping threads took: 0.0000231 seconds
[2022-06-16T20:15:13.581+0000][7672][safepoint    ] Application time: 0.0001415 seconds
[2022-06-16T20:15:13.581+0000][7672][safepoint    ] Entering safepoint region: RevokeBias
[2022-06-16T20:15:13.581+0000][7672][safepoint    ] Leaving safepoint region
[2022-06-16T20:15:13.581+0000][7672][safepoint    ] Total time for which application threads were stopped: 0.0000942 seconds, Stopping threads took: 0.0000237 seconds
[2022-06-16T20:15:13.581+0000][7672][safepoint    ] Application time: 0.0001191 seconds
[2022-06-16T20:15:13.581+0000][7672][safepoint    ] Entering safepoint region: RevokeBias
[2022-06-16T20:15:13.581+0000][7672][safepoint    ] Leaving safepoint region
[2022-06-16T20:15:13.581+0000][7672][safepoint    ] Total time for which application threads were stopped: 0.0000843 seconds, Stopping threads took: 0.0000217 seconds
[2022-06-16T20:15:13.581+0000][7672][safepoint    ] Application time: 0.0006843 seconds
[2022-06-16T20:15:13.581+0000][7672][safepoint    ] Entering safepoint region: RevokeBias
[2022-06-16T20:15:13.581+0000][7672][safepoint    ] Leaving safepoint region
[2022-06-16T20:15:13.581+0000][7672][safepoint    ] Total time for which application threads were stopped: 0.0000878 seconds, Stopping threads took: 0.0000198 seconds
[2022-06-16T20:15:13.612+0000][7672][safepoint    ] Application time: 0.0350826 seconds
[2022-06-16T20:15:13.612+0000][7672][safepoint    ] Entering safepoint region: RevokeBias
[2022-06-16T20:15:13.612+0000][7672][safepoint    ] Leaving safepoint region
[2022-06-16T20:15:13.612+0000][7672][safepoint    ] Total time for which application threads were stopped: 0.0001256 seconds, Stopping threads took: 0.0000263 seconds
[2022-06-16T20:15:13.612+0000][7672][safepoint    ] Application time: 0.0006771 seconds
[2022-06-16T20:15:13.612+0000][7672][safepoint    ] Entering safepoint region: RevokeBias
[2022-06-16T20:15:13.612+0000][7672][safepoint    ] Leaving safepoint region
[2022-06-16T20:15:13.612+0000][7672][safepoint    ] Total time for which application threads were stopped: 0.0000940 seconds, Stopping threads took: 0.0000236 seconds
[2022-06-16T20:15:13.612+0000][7672][safepoint    ] Application time: 0.0002113 seconds
[2022-06-16T20:15:13.612+0000][7672][safepoint    ] Entering safepoint region: RevokeBias
[2022-06-16T20:15:13.612+0000][7672][safepoint    ] Leaving safepoint region
[2022-06-16T20:15:13.612+0000][7672][safepoint    ] Total time for which application threads were stopped: 0.0000846 seconds, Stopping threads took: 0.0000198 seconds
[2022-06-16T20:15:13.612+0000][7672][safepoint    ] Application time: 0.0000307 seconds
[2022-06-16T20:15:13.612+0000][7672][safepoint    ] Entering safepoint region: RevokeBias
[2022-06-16T20:15:13.612+0000][7672][safepoint    ] Leaving safepoint region
[2022-06-16T20:15:13.612+0000][7672][safepoint    ] Total time for which application threads were stopped: 0.0000671 seconds, Stopping threads took: 0.0000185 seconds
[2022-06-16T20:15:13.612+0000][7672][safepoint    ] Application time: 0.0000296 seconds
[2022-06-16T20:15:13.612+0000][7672][safepoint    ] Entering safepoint region: RevokeBias
[2022-06-16T20:15:13.612+0000][7672][safepoint    ] Leaving safepoint region
[2022-06-16T20:15:13.612+0000][7672][safepoint    ] Total time for which application threads were stopped: 0.0000642 seconds, Stopping threads took: 0.0000180 seconds
[2022-06-16T20:15:13.612+0000][7672][safepoint    ] Application time: 0.0000183 seconds
[2022-06-16T20:15:13.612+0000][7672][safepoint    ] Entering safepoint region: RevokeBias
[2022-06-16T20:15:13.612+0000][7672][safepoint    ] Leaving safepoint region
[2022-06-16T20:15:13.612+0000][7672][safepoint    ] Total time for which application threads were stopped: 0.0000649 seconds, Stopping threads took: 0.0000180 seconds
[2022-06-16T20:15:13.612+0000][7672][safepoint    ] Application time: 0.0001740 seconds
[2022-06-16T20:15:13.612+0000][7672][safepoint    ] Entering safepoint region: RevokeBias
[2022-06-16T20:15:13.612+0000][7672][safepoint    ] Leaving safepoint region
[2022-06-16T20:15:13.612+0000][7672][safepoint    ] Total time for which application threads were stopped: 0.0000718 seconds, Stopping threads took: 0.0000199 seconds
[2022-06-16T20:15:13.612+0000][7672][safepoint    ] Application time: 0.0010413 seconds
[2022-06-16T20:15:13.612+0000][7672][safepoint    ] Entering safepoint region: RevokeBias
[2022-06-16T20:15:13.612+0000][7672][safepoint    ] Leaving safepoint region
[2022-06-16T20:15:13.612+0000][7672][safepoint    ] Total time for which application threads were stopped: 0.0000749 seconds, Stopping threads took: 0.0000200 seconds
[2022-06-16T20:15:13.612+0000][7672][safepoint    ] Application time: 0.0007288 seconds
[2022-06-16T20:15:13.612+0000][7672][safepoint    ] Entering safepoint region: RevokeBias
[2022-06-16T20:15:13.612+0000][7672][safepoint    ] Leaving safepoint region
[2022-06-16T20:15:13.612+0000][7672][safepoint    ] Total time for which application threads were stopped: 0.0000824 seconds, Stopping threads took: 0.0000225 seconds
[2022-06-16T20:15:13.627+0000][7672][safepoint    ] Application time: 0.0065714 seconds
[2022-06-16T20:15:13.627+0000][7672][safepoint    ] Entering safepoint region: RevokeBias
[2022-06-16T20:15:13.627+0000][7672][safepoint    ] Leaving safepoint region
[2022-06-16T20:15:13.627+0000][7672][safepoint    ] Total time for which application threads were stopped: 0.0000886 seconds, Stopping threads took: 0.0000225 seconds
[2022-06-16T20:15:13.627+0000][7672][safepoint    ] Application time: 0.0000273 seconds
[2022-06-16T20:15:13.627+0000][7672][safepoint    ] Entering safepoint region: RevokeBias
[2022-06-16T20:15:13.627+0000][7672][safepoint    ] Leaving safepoint region
[2022-06-16T20:15:13.627+0000][7672][safepoint    ] Total time for which application threads were stopped: 0.0000773 seconds, Stopping threads took: 0.0000217 seconds
[2022-06-16T20:15:13.674+0000][7672][safepoint    ] Application time: 0.0564193 seconds
[2022-06-16T20:15:13.674+0000][7672][safepoint    ] Entering safepoint region: Deoptimize
[2022-06-16T20:15:13.674+0000][7672][safepoint    ] Leaving safepoint region
[2022-06-16T20:15:13.674+0000][7672][safepoint    ] Total time for which application threads were stopped: 0.0008513 seconds, Stopping threads took: 0.0000279 seconds
[2022-06-16T20:15:13.815+0000][7672][safepoint    ] Application time: 0.1306242 seconds
[2022-06-16T20:15:13.815+0000][7672][safepoint    ] Entering safepoint region: RevokeBias
[2022-06-16T20:15:13.815+0000][7672][safepoint    ] Leaving safepoint region
[2022-06-16T20:15:13.815+0000][7672][safepoint    ] Total time for which application threads were stopped: 0.0001581 seconds, Stopping threads took: 0.0000256 seconds
[2022-06-16T20:15:13.815+0000][7672][safepoint    ] Application time: 0.0000288 seconds
[2022-06-16T20:15:13.815+0000][7672][safepoint    ] Entering safepoint region: RevokeBias
[2022-06-16T20:15:13.815+0000][7672][safepoint    ] Leaving safepoint region
[2022-06-16T20:15:13.815+0000][7672][safepoint    ] Total time for which application threads were stopped: 0.0000719 seconds, Stopping threads took: 0.0000182 seconds
[2022-06-16T20:15:13.815+0000][7672][safepoint    ] Application time: 0.0013076 seconds
[2022-06-16T20:15:13.815+0000][7672][safepoint    ] Entering safepoint region: GenCollectForAllocation
[2022-06-16T20:15:13.815+0000][7672][gc,start     ] GC(27) Pause Young (Allocation Failure)
[2022-06-16T20:15:13.815+0000][7672][gc,task      ] GC(27) Using 2 workers of 2 for evacuation
[2022-06-16T20:15:13.846+0000][7672][gc,age       ] GC(27) Desired survivor size 8716288 bytes, new threshold 2 (max threshold 6)
[2022-06-16T20:15:13.846+0000][7672][gc,age       ] GC(27) Age table with threshold 2 (max threshold 6)
[2022-06-16T20:15:13.846+0000][7672][gc,age       ] GC(27) - age   1:    4960656 bytes,    4960656 total
[2022-06-16T20:15:13.846+0000][7672][gc,age       ] GC(27) - age   2:    4160824 bytes,    9121480 total
[2022-06-16T20:15:13.846+0000][7672][gc,age       ] GC(27) - age   3:    3108560 bytes,   12230040 total
[2022-06-16T20:15:13.846+0000][7672][gc,heap      ] GC(27) ParNew: 148788K->17024K(153344K)
[2022-06-16T20:15:13.846+0000][7672][gc,heap      ] GC(27) CMS: 52415K->54136K(878208K)
[2022-06-16T20:15:13.846+0000][7672][gc,metaspace ] GC(27) Metaspace: 95640K->95640K(1136640K)
[2022-06-16T20:15:13.846+0000][7672][gc           ] GC(27) Pause Young (Allocation Failure) 196M->69M(1007M) 37.187ms
[2022-06-16T20:15:13.846+0000][7672][gc,cpu       ] GC(27) User=0.06s Sys=0.00s Real=0.03s
[2022-06-16T20:15:13.846+0000][7672][safepoint    ] Leaving safepoint region
[2022-06-16T20:15:13.846+0000][7672][safepoint    ] Total time for which application threads were stopped: 0.0373907 seconds, Stopping threads took: 0.0000236 seconds
[2022-06-16T20:15:13.862+0000][7672][safepoint    ] Application time: 0.0038362 seconds
[2022-06-16T20:15:13.862+0000][7672][safepoint    ] Entering safepoint region: RevokeBias
[2022-06-16T20:15:13.862+0000][7672][safepoint    ] Leaving safepoint region
[2022-06-16T20:15:13.862+0000][7672][safepoint    ] Total time for which application threads were stopped: 0.0001192 seconds, Stopping threads took: 0.0000309 seconds
[2022-06-16T20:15:13.862+0000][7672][safepoint    ] Application time: 0.0000275 seconds
[2022-06-16T20:15:13.862+0000][7672][safepoint    ] Entering safepoint region: RevokeBias
[2022-06-16T20:15:13.862+0000][7672][safepoint    ] Leaving safepoint region
[2022-06-16T20:15:13.862+0000][7672][safepoint    ] Total time for which application threads were stopped: 0.0000724 seconds, Stopping threads took: 0.0000194 seconds
[2022-06-16T20:15:13.862+0000][7672][safepoint    ] Application time: 0.0042648 seconds
[2022-06-16T20:15:13.862+0000][7672][safepoint    ] Entering safepoint region: RevokeBias
[2022-06-16T20:15:13.862+0000][7672][safepoint    ] Leaving safepoint region
[2022-06-16T20:15:13.862+0000][7672][safepoint    ] Total time for which application threads were stopped: 0.0000993 seconds, Stopping threads took: 0.0000253 seconds
[2022-06-16T20:15:13.862+0000][7672][safepoint    ] Application time: 0.0000343 seconds
[2022-06-16T20:15:13.862+0000][7672][safepoint    ] Entering safepoint region: RevokeBias
[2022-06-16T20:15:13.862+0000][7672][safepoint    ] Leaving safepoint region
[2022-06-16T20:15:13.862+0000][7672][safepoint    ] Total time for which application threads were stopped: 0.0000668 seconds, Stopping threads took: 0.0000181 seconds
[2022-06-16T20:15:13.862+0000][7672][safepoint    ] Application time: 0.0000195 seconds
[2022-06-16T20:15:13.862+0000][7672][safepoint    ] Entering safepoint region: RevokeBias
[2022-06-16T20:15:13.862+0000][7672][safepoint    ] Leaving safepoint region
[2022-06-16T20:15:13.862+0000][7672][safepoint    ] Total time for which application threads were stopped: 0.0000563 seconds, Stopping threads took: 0.0000164 seconds
[2022-06-16T20:15:13.862+0000][7672][safepoint    ] Application time: 0.0003323 seconds
[2022-06-16T20:15:13.862+0000][7672][safepoint    ] Entering safepoint region: RevokeBias
[2022-06-16T20:15:13.862+0000][7672][safepoint    ] Leaving safepoint region
[2022-06-16T20:15:13.862+0000][7672][safepoint    ] Total time for which application threads were stopped: 0.0000695 seconds, Stopping threads took: 0.0000185 seconds
[2022-06-16T20:15:13.862+0000][7672][safepoint    ] Application time: 0.0061108 seconds
[2022-06-16T20:15:13.862+0000][7672][safepoint    ] Entering safepoint region: RevokeBias
[2022-06-16T20:15:13.862+0000][7672][safepoint    ] Leaving safepoint region
[2022-06-16T20:15:13.862+0000][7672][safepoint    ] Total time for which application threads were stopped: 0.0001007 seconds, Stopping threads took: 0.0000285 seconds
[2022-06-16T20:15:13.862+0000][7672][safepoint    ] Application time: 0.0000156 seconds
[2022-06-16T20:15:13.862+0000][7672][safepoint    ] Entering safepoint region: RevokeBias
[2022-06-16T20:15:13.862+0000][7672][safepoint    ] Leaving safepoint region
[2022-06-16T20:15:13.862+0000][7672][safepoint    ] Total time for which application threads were stopped: 0.0000653 seconds, Stopping threads took: 0.0000203 seconds
[2022-06-16T20:15:13.862+0000][7672][safepoint    ] Application time: 0.0000123 seconds
[2022-06-16T20:15:13.862+0000][7672][safepoint    ] Entering safepoint region: RevokeBias
[2022-06-16T20:15:13.862+0000][7672][safepoint    ] Leaving safepoint region
[2022-06-16T20:15:13.862+0000][7672][safepoint    ] Total time for which application threads were stopped: 0.0000645 seconds, Stopping threads took: 0.0000193 seconds
[2022-06-16T20:15:13.862+0000][7672][safepoint    ] Application time: 0.0004865 seconds
[2022-06-16T20:15:13.862+0000][7672][safepoint    ] Entering safepoint region: RevokeBias
[2022-06-16T20:15:13.862+0000][7672][safepoint    ] Leaving safepoint region
[2022-06-16T20:15:13.862+0000][7672][safepoint    ] Total time for which application threads were stopped: 0.0000837 seconds, Stopping threads took: 0.0000249 seconds
[2022-06-16T20:15:13.862+0000][7672][safepoint    ] Application time: 0.0000170 seconds
[2022-06-16T20:15:13.862+0000][7672][safepoint    ] Entering safepoint region: RevokeBias
[2022-06-16T20:15:13.862+0000][7672][safepoint    ] Leaving safepoint region
[2022-06-16T20:15:13.862+0000][7672][safepoint    ] Total time for which application threads were stopped: 0.0000631 seconds, Stopping threads took: 0.0000199 seconds
[2022-06-16T20:15:13.909+0000][7672][safepoint    ] Application time: 0.0409583 seconds
[2022-06-16T20:15:13.909+0000][7672][safepoint    ] Entering safepoint region: RevokeBias
[2022-06-16T20:15:13.909+0000][7672][safepoint    ] Leaving safepoint region
[2022-06-16T20:15:13.909+0000][7672][safepoint    ] Total time for which application threads were stopped: 0.0003892 seconds, Stopping threads took: 0.0002906 seconds
[2022-06-16T20:15:13.909+0000][7672][safepoint    ] Application time: 0.0010196 seconds
[2022-06-16T20:15:13.909+0000][7672][safepoint    ] Entering safepoint region: RevokeBias
[2022-06-16T20:15:13.909+0000][7672][safepoint    ] Leaving safepoint region
[2022-06-16T20:15:13.909+0000][7672][safepoint    ] Total time for which application threads were stopped: 0.0001033 seconds, Stopping threads took: 0.0000296 seconds
[2022-06-16T20:15:13.909+0000][7672][safepoint    ] Application time: 0.0000167 seconds
[2022-06-16T20:15:13.909+0000][7672][safepoint    ] Entering safepoint region: RevokeBias
[2022-06-16T20:15:13.909+0000][7672][safepoint    ] Leaving safepoint region
[2022-06-16T20:15:13.909+0000][7672][safepoint    ] Total time for which application threads were stopped: 0.0000645 seconds, Stopping threads took: 0.0000196 seconds
[2022-06-16T20:15:13.909+0000][7672][safepoint    ] Application time: 0.0000129 seconds
[2022-06-16T20:15:13.909+0000][7672][safepoint    ] Entering safepoint region: RevokeBias
[2022-06-16T20:15:13.909+0000][7672][safepoint    ] Leaving safepoint region
[2022-06-16T20:15:13.909+0000][7672][safepoint    ] Total time for which application threads were stopped: 0.0000645 seconds, Stopping threads took: 0.0000200 seconds
[2022-06-16T20:15:13.909+0000][7672][safepoint    ] Application time: 0.0000113 seconds
[2022-06-16T20:15:13.909+0000][7672][safepoint    ] Entering safepoint region: RevokeBias
[2022-06-16T20:15:13.909+0000][7672][safepoint    ] Leaving safepoint region
[2022-06-16T20:15:13.909+0000][7672][safepoint    ] Total time for which application threads were stopped: 0.0000634 seconds, Stopping threads took: 0.0000199 seconds
[2022-06-16T20:15:13.909+0000][7672][safepoint    ] Application time: 0.0000124 seconds
[2022-06-16T20:15:13.909+0000][7672][safepoint    ] Entering safepoint region: RevokeBias
[2022-06-16T20:15:13.909+0000][7672][safepoint    ] Leaving safepoint region
[2022-06-16T20:15:13.909+0000][7672][safepoint    ] Total time for which application threads were stopped: 0.0000634 seconds, Stopping threads took: 0.0000187 seconds
[2022-06-16T20:15:13.909+0000][7672][safepoint    ] Application time: 0.0000102 seconds
[2022-06-16T20:15:13.909+0000][7672][safepoint    ] Entering safepoint region: RevokeBias
[2022-06-16T20:15:13.909+0000][7672][safepoint    ] Leaving safepoint region
[2022-06-16T20:15:13.909+0000][7672][safepoint    ] Total time for which application threads were stopped: 0.0000591 seconds, Stopping threads took: 0.0000188 seconds
[2022-06-16T20:15:13.909+0000][7672][safepoint    ] Application time: 0.0000101 seconds
[2022-06-16T20:15:13.909+0000][7672][safepoint    ] Entering safepoint region: RevokeBias
[2022-06-16T20:15:13.909+0000][7672][safepoint    ] Leaving safepoint region
[2022-06-16T20:15:13.909+0000][7672][safepoint    ] Total time for which application threads were stopped: 0.0000616 seconds, Stopping threads took: 0.0000194 seconds
[2022-06-16T20:15:13.956+0000][7672][safepoint    ] Application time: 0.0411547 seconds
[2022-06-16T20:15:13.956+0000][7672][safepoint    ] Entering safepoint region: RevokeBias
[2022-06-16T20:15:13.956+0000][7672][safepoint    ] Leaving safepoint region
[2022-06-16T20:15:13.956+0000][7672][safepoint    ] Total time for which application threads were stopped: 0.0001253 seconds, Stopping threads took: 0.0000297 seconds
[2022-06-16T20:15:13.956+0000][7672][safepoint    ] Application time: 0.0079301 seconds
[2022-06-16T20:15:13.956+0000][7672][safepoint    ] Entering safepoint region: RevokeBias
[2022-06-16T20:15:13.956+0000][7672][safepoint    ] Leaving safepoint region
[2022-06-16T20:15:13.956+0000][7672][safepoint    ] Total time for which application threads were stopped: 0.0005886 seconds, Stopping threads took: 0.0004899 seconds
[2022-06-16T20:15:13.956+0000][7672][safepoint    ] Application time: 0.0000374 seconds
[2022-06-16T20:15:13.956+0000][7672][safepoint    ] Entering safepoint region: BulkRevokeBias
[2022-06-16T20:15:13.956+0000][7672][safepoint    ] Leaving safepoint region
[2022-06-16T20:15:13.956+0000][7672][safepoint    ] Total time for which application threads were stopped: 0.0006308 seconds, Stopping threads took: 0.0000284 seconds
[2022-06-16T20:15:13.956+0000][7672][safepoint    ] Application time: 0.0000253 seconds
[2022-06-16T20:15:13.956+0000][7672][safepoint    ] Entering safepoint region: RevokeBias
[2022-06-16T20:15:13.956+0000][7672][safepoint    ] Leaving safepoint region
[2022-06-16T20:15:13.956+0000][7672][safepoint    ] Total time for which application threads were stopped: 0.0000869 seconds, Stopping threads took: 0.0000227 seconds
[2022-06-16T20:15:13.956+0000][7672][safepoint    ] Application time: 0.0009390 seconds
[2022-06-16T20:15:13.956+0000][7672][safepoint    ] Entering safepoint region: RevokeBias
[2022-06-16T20:15:13.956+0000][7672][safepoint    ] Leaving safepoint region
[2022-06-16T20:15:13.956+0000][7672][safepoint    ] Total time for which application threads were stopped: 0.0000922 seconds, Stopping threads took: 0.0000255 seconds
[2022-06-16T20:15:14.118+0000][7672][safepoint    ] Application time: 0.1547908 seconds
[2022-06-16T20:15:14.118+0000][7672][safepoint    ] Entering safepoint region: RevokeBias
[2022-06-16T20:15:14.118+0000][7672][safepoint    ] Leaving safepoint region
[2022-06-16T20:15:14.118+0000][7672][safepoint    ] Total time for which application threads were stopped: 0.0001295 seconds, Stopping threads took: 0.0000296 seconds
[2022-06-16T20:15:14.118+0000][7672][safepoint    ] Application time: 0.0000191 seconds
[2022-06-16T20:15:14.118+0000][7672][safepoint    ] Entering safepoint region: RevokeBias
[2022-06-16T20:15:14.118+0000][7672][safepoint    ] Leaving safepoint region
[2022-06-16T20:15:14.118+0000][7672][safepoint    ] Total time for which application threads were stopped: 0.0000667 seconds, Stopping threads took: 0.0000198 seconds
[2022-06-16T20:15:14.150+0000][7672][safepoint    ] Application time: 0.0338752 seconds
[2022-06-16T20:15:14.150+0000][7672][safepoint    ] Entering safepoint region: BulkRevokeBias
[2022-06-16T20:15:14.150+0000][7672][safepoint    ] Leaving safepoint region
[2022-06-16T20:15:14.150+0000][7672][safepoint    ] Total time for which application threads were stopped: 0.0005322 seconds, Stopping threads took: 0.0000383 seconds
[2022-06-16T20:15:14.212+0000][7672][safepoint    ] Application time: 0.0605529 seconds
[2022-06-16T20:15:14.212+0000][7672][safepoint    ] Entering safepoint region: RevokeBias
[2022-06-16T20:15:14.212+0000][7672][safepoint    ] Leaving safepoint region
[2022-06-16T20:15:14.212+0000][7672][safepoint    ] Total time for which application threads were stopped: 0.0001249 seconds, Stopping threads took: 0.0000312 seconds
[2022-06-16T20:15:14.243+0000][7672][safepoint    ] Application time: 0.0319412 seconds
[2022-06-16T20:15:14.243+0000][7672][safepoint    ] Entering safepoint region: RevokeBias
[2022-06-16T20:15:14.243+0000][7672][safepoint    ] Leaving safepoint region
[2022-06-16T20:15:14.243+0000][7672][safepoint    ] Total time for which application threads were stopped: 0.0001262 seconds, Stopping threads took: 0.0000308 seconds
[2022-06-16T20:15:14.243+0000][7672][safepoint    ] Application time: 0.0002486 seconds
[2022-06-16T20:15:14.243+0000][7672][safepoint    ] Entering safepoint region: RevokeBias
[2022-06-16T20:15:14.243+0000][7672][safepoint    ] Leaving safepoint region
[2022-06-16T20:15:14.243+0000][7672][safepoint    ] Total time for which application threads were stopped: 0.0001069 seconds, Stopping threads took: 0.0000241 seconds
[2022-06-16T20:15:14.259+0000][7672][safepoint    ] Application time: 0.0209087 seconds
[2022-06-16T20:15:14.259+0000][7672][safepoint    ] Entering safepoint region: RevokeBias
[2022-06-16T20:15:14.259+0000][7672][safepoint    ] Leaving safepoint region
[2022-06-16T20:15:14.259+0000][7672][safepoint    ] Total time for which application threads were stopped: 0.0001197 seconds, Stopping threads took: 0.0000332 seconds
[2022-06-16T20:15:14.442+0000][7672][safepoint    ] Application time: 0.1692065 seconds
[2022-06-16T20:15:14.442+0000][7672][safepoint    ] Entering safepoint region: RevokeBias
[2022-06-16T20:15:14.442+0000][7672][safepoint    ] Leaving safepoint region
[2022-06-16T20:15:14.443+0000][7672][safepoint    ] Total time for which application threads were stopped: 0.0001903 seconds, Stopping threads took: 0.0000324 seconds
[2022-06-16T20:15:14.483+0000][7672][safepoint    ] Application time: 0.0543018 seconds
[2022-06-16T20:15:14.483+0000][7672][safepoint    ] Entering safepoint region: RevokeBias
[2022-06-16T20:15:14.483+0000][7672][safepoint    ] Leaving safepoint region
[2022-06-16T20:15:14.483+0000][7672][safepoint    ] Total time for which application threads were stopped: 0.0001266 seconds, Stopping threads took: 0.0000303 seconds
[2022-06-16T20:15:14.499+0000][7672][safepoint    ] Application time: 0.0131130 seconds
[2022-06-16T20:15:14.499+0000][7672][safepoint    ] Entering safepoint region: RevokeBias
[2022-06-16T20:15:14.499+0000][7672][safepoint    ] Leaving safepoint region
[2022-06-16T20:15:14.499+0000][7672][safepoint    ] Total time for which application threads were stopped: 0.0001495 seconds, Stopping threads took: 0.0000299 seconds
[2022-06-16T20:15:14.545+0000][7672][safepoint    ] Application time: 0.0482340 seconds
[2022-06-16T20:15:14.545+0000][7672][safepoint    ] Entering safepoint region: RevokeBias
[2022-06-16T20:15:14.545+0000][7672][safepoint    ] Leaving safepoint region
[2022-06-16T20:15:14.545+0000][7672][safepoint    ] Total time for which application threads were stopped: 0.0005105 seconds, Stopping threads took: 0.0004096 seconds
[2022-06-16T20:15:14.561+0000][7672][safepoint    ] Application time: 0.0135844 seconds
[2022-06-16T20:15:14.561+0000][7672][safepoint    ] Entering safepoint region: RevokeBias
[2022-06-16T20:15:14.561+0000][7672][safepoint    ] Leaving safepoint region
[2022-06-16T20:15:14.561+0000][7672][safepoint    ] Total time for which application threads were stopped: 0.0001549 seconds, Stopping threads took: 0.0000311 seconds
[2022-06-16T20:15:14.608+0000][7672][safepoint    ] Application time: 0.0495890 seconds
[2022-06-16T20:15:14.608+0000][7672][safepoint    ] Entering safepoint region: RevokeBias
[2022-06-16T20:15:14.608+0000][7672][safepoint    ] Leaving safepoint region
[2022-06-16T20:15:14.624+0000][7672][safepoint    ] Total time for which application threads were stopped: 0.0001803 seconds, Stopping threads took: 0.0000317 seconds
[2022-06-16T20:15:14.655+0000][7672][safepoint    ] Application time: 0.0450291 seconds
[2022-06-16T20:15:14.655+0000][7672][safepoint    ] Entering safepoint region: RevokeBias
[2022-06-16T20:15:14.655+0000][7672][safepoint    ] Leaving safepoint region
[2022-06-16T20:15:14.655+0000][7672][safepoint    ] Total time for which application threads were stopped: 0.0001366 seconds, Stopping threads took: 0.0000258 seconds
[2022-06-16T20:15:14.670+0000][7672][safepoint    ] Application time: 0.0093022 seconds
[2022-06-16T20:15:14.670+0000][7672][safepoint    ] Entering safepoint region: RevokeBias
[2022-06-16T20:15:14.670+0000][7672][safepoint    ] Leaving safepoint region
[2022-06-16T20:15:14.670+0000][7672][safepoint    ] Total time for which application threads were stopped: 0.0001813 seconds, Stopping threads took: 0.0000549 seconds
[2022-06-16T20:15:14.717+0000][7672][safepoint    ] Application time: 0.0519663 seconds
[2022-06-16T20:15:14.717+0000][7672][safepoint    ] Entering safepoint region: RevokeBias
[2022-06-16T20:15:14.717+0000][7672][safepoint    ] Leaving safepoint region
[2022-06-16T20:15:14.717+0000][7672][safepoint    ] Total time for which application threads were stopped: 0.0002621 seconds, Stopping threads took: 0.0001379 seconds
[2022-06-16T20:15:14.733+0000][7672][safepoint    ] Application time: 0.0132568 seconds
[2022-06-16T20:15:14.733+0000][7672][safepoint    ] Entering safepoint region: RevokeBias
[2022-06-16T20:15:14.733+0000][7672][safepoint    ] Leaving safepoint region
[2022-06-16T20:15:14.733+0000][7672][safepoint    ] Total time for which application threads were stopped: 0.0007942 seconds, Stopping threads took: 0.0006858 seconds
[2022-06-16T20:15:14.764+0000][7672][safepoint    ] Application time: 0.0240648 seconds
[2022-06-16T20:15:14.764+0000][7672][safepoint    ] Entering safepoint region: RevokeBias
[2022-06-16T20:15:14.764+0000][7672][safepoint    ] Leaving safepoint region
[2022-06-16T20:15:14.764+0000][7672][safepoint    ] Total time for which application threads were stopped: 0.0001725 seconds, Stopping threads took: 0.0000671 seconds
[2022-06-16T20:15:14.764+0000][7672][safepoint    ] Application time: 0.0054996 seconds
[2022-06-16T20:15:14.764+0000][7672][safepoint    ] Entering safepoint region: RevokeBias
[2022-06-16T20:15:14.764+0000][7672][safepoint    ] Leaving safepoint region
[2022-06-16T20:15:14.764+0000][7672][safepoint    ] Total time for which application threads were stopped: 0.0001172 seconds, Stopping threads took: 0.0000289 seconds
[2022-06-16T20:15:14.764+0000][7672][safepoint    ] Application time: 0.0008093 seconds
[2022-06-16T20:15:14.764+0000][7672][safepoint    ] Entering safepoint region: RevokeBias
[2022-06-16T20:15:14.764+0000][7672][safepoint    ] Leaving safepoint region
[2022-06-16T20:15:14.764+0000][7672][safepoint    ] Total time for which application threads were stopped: 0.0000994 seconds, Stopping threads took: 0.0000267 seconds
[2022-06-16T20:15:14.780+0000][7672][safepoint    ] Application time: 0.0193733 seconds
[2022-06-16T20:15:14.780+0000][7672][safepoint    ] Entering safepoint region: RevokeBias
[2022-06-16T20:15:14.780+0000][7672][safepoint    ] Leaving safepoint region
[2022-06-16T20:15:14.780+0000][7672][safepoint    ] Total time for which application threads were stopped: 0.0001322 seconds, Stopping threads took: 0.0000328 seconds
[2022-06-16T20:15:14.842+0000][7672][safepoint    ] Application time: 0.0489435 seconds
[2022-06-16T20:15:14.842+0000][7672][safepoint    ] Entering safepoint region: RevokeBias
[2022-06-16T20:15:14.842+0000][7672][safepoint    ] Leaving safepoint region
[2022-06-16T20:15:14.842+0000][7672][safepoint    ] Total time for which application threads were stopped: 0.0001525 seconds, Stopping threads took: 0.0000369 seconds
[2022-06-16T20:15:14.842+0000][7672][safepoint    ] Application time: 0.0115551 seconds
[2022-06-16T20:15:14.842+0000][7672][safepoint    ] Entering safepoint region: RevokeBias
[2022-06-16T20:15:14.842+0000][7672][safepoint    ] Leaving safepoint region
[2022-06-16T20:15:14.842+0000][7672][safepoint    ] Total time for which application threads were stopped: 0.0001283 seconds, Stopping threads took: 0.0000297 seconds
[2022-06-16T20:15:14.889+0000][7672][safepoint    ] Application time: 0.0354563 seconds
[2022-06-16T20:15:14.889+0000][7672][safepoint    ] Entering safepoint region: RevokeBias
[2022-06-16T20:15:14.889+0000][7672][safepoint    ] Leaving safepoint region
[2022-06-16T20:15:14.889+0000][7672][safepoint    ] Total time for which application threads were stopped: 0.0001365 seconds, Stopping threads took: 0.0000310 seconds
[2022-06-16T20:15:14.905+0000][7672][safepoint    ] Application time: 0.0137320 seconds
[2022-06-16T20:15:14.905+0000][7672][safepoint    ] Entering safepoint region: RevokeBias
[2022-06-16T20:15:14.905+0000][7672][safepoint    ] Leaving safepoint region
[2022-06-16T20:15:14.905+0000][7672][safepoint    ] Total time for which application threads were stopped: 0.0001620 seconds, Stopping threads took: 0.0000588 seconds
[2022-06-16T20:15:15.061+0000][7672][safepoint    ] Application time: 0.1555630 seconds
[2022-06-16T20:15:15.061+0000][7672][safepoint    ] Entering safepoint region: RevokeBias
[2022-06-16T20:15:15.061+0000][7672][safepoint    ] Leaving safepoint region
[2022-06-16T20:15:15.061+0000][7672][safepoint    ] Total time for which application threads were stopped: 0.0001635 seconds, Stopping threads took: 0.0000268 seconds
[2022-06-16T20:15:15.061+0000][7672][safepoint    ] Application time: 0.0108262 seconds
[2022-06-16T20:15:15.061+0000][7672][safepoint    ] Entering safepoint region: RevokeBias
[2022-06-16T20:15:15.061+0000][7672][safepoint    ] Leaving safepoint region
[2022-06-16T20:15:15.061+0000][7672][safepoint    ] Total time for which application threads were stopped: 0.0001736 seconds, Stopping threads took: 0.0000473 seconds
[2022-06-16T20:15:15.061+0000][7672][safepoint    ] Application time: 0.0007101 seconds
[2022-06-16T20:15:15.061+0000][7672][safepoint    ] Entering safepoint region: RevokeBias
[2022-06-16T20:15:15.061+0000][7672][safepoint    ] Leaving safepoint region
[2022-06-16T20:15:15.061+0000][7672][safepoint    ] Total time for which application threads were stopped: 0.0001136 seconds, Stopping threads took: 0.0000280 seconds
[2022-06-16T20:15:15.311+0000][7672][safepoint    ] Application time: 0.2381757 seconds
[2022-06-16T20:15:15.311+0000][7672][safepoint    ] Entering safepoint region: RevokeBias
[2022-06-16T20:15:15.311+0000][7672][safepoint    ] Leaving safepoint region
[2022-06-16T20:15:15.311+0000][7672][safepoint    ] Total time for which application threads were stopped: 0.0001185 seconds, Stopping threads took: 0.0000193 seconds
[2022-06-16T20:15:15.311+0000][7672][safepoint    ] Application time: 0.0010328 seconds
[2022-06-16T20:15:15.311+0000][7672][safepoint    ] Entering safepoint region: RevokeBias
[2022-06-16T20:15:15.311+0000][7672][safepoint    ] Leaving safepoint region
[2022-06-16T20:15:15.311+0000][7672][safepoint    ] Total time for which application threads were stopped: 0.0000828 seconds, Stopping threads took: 0.0000170 seconds
[2022-06-16T20:15:15.311+0000][7672][safepoint    ] Application time: 0.0000480 seconds
[2022-06-16T20:15:15.311+0000][7672][safepoint    ] Entering safepoint region: RevokeBias
[2022-06-16T20:15:15.311+0000][7672][safepoint    ] Leaving safepoint region
[2022-06-16T20:15:15.311+0000][7672][safepoint    ] Total time for which application threads were stopped: 0.0000480 seconds, Stopping threads took: 0.0000127 seconds
[2022-06-16T20:15:15.311+0000][7672][safepoint    ] Application time: 0.0000224 seconds
[2022-06-16T20:15:15.311+0000][7672][safepoint    ] Entering safepoint region: RevokeBias
[2022-06-16T20:15:15.311+0000][7672][safepoint    ] Leaving safepoint region
[2022-06-16T20:15:15.311+0000][7672][safepoint    ] Total time for which application threads were stopped: 0.0000447 seconds, Stopping threads took: 0.0000120 seconds
[2022-06-16T20:15:15.311+0000][7672][safepoint    ] Application time: 0.0000128 seconds
[2022-06-16T20:15:15.311+0000][7672][safepoint    ] Entering safepoint region: RevokeBias
[2022-06-16T20:15:15.311+0000][7672][safepoint    ] Leaving safepoint region
[2022-06-16T20:15:15.311+0000][7672][safepoint    ] Total time for which application threads were stopped: 0.0000434 seconds, Stopping threads took: 0.0000118 seconds
[2022-06-16T20:15:15.327+0000][7672][safepoint    ] Application time: 0.0134585 seconds
[2022-06-16T20:15:15.327+0000][7672][safepoint    ] Entering safepoint region: RevokeBias
[2022-06-16T20:15:15.327+0000][7672][safepoint    ] Leaving safepoint region
[2022-06-16T20:15:15.327+0000][7672][safepoint    ] Total time for which application threads were stopped: 0.0000707 seconds, Stopping threads took: 0.0000150 seconds
[2022-06-16T20:15:15.327+0000][7672][safepoint    ] Application time: 0.0000585 seconds
[2022-06-16T20:15:15.327+0000][7672][safepoint    ] Entering safepoint region: RevokeBias
[2022-06-16T20:15:15.327+0000][7672][safepoint    ] Leaving safepoint region
[2022-06-16T20:15:15.327+0000][7672][safepoint    ] Total time for which application threads were stopped: 0.0000496 seconds, Stopping threads took: 0.0000128 seconds
[2022-06-16T20:15:15.327+0000][7672][safepoint    ] Application time: 0.0000341 seconds
[2022-06-16T20:15:15.327+0000][7672][safepoint    ] Entering safepoint region: RevokeBias
[2022-06-16T20:15:15.327+0000][7672][safepoint    ] Leaving safepoint region
[2022-06-16T20:15:15.327+0000][7672][safepoint    ] Total time for which application threads were stopped: 0.0000459 seconds, Stopping threads took: 0.0000124 seconds
[2022-06-16T20:15:15.327+0000][7672][safepoint    ] Application time: 0.0000193 seconds
[2022-06-16T20:15:15.327+0000][7672][safepoint    ] Entering safepoint region: RevokeBias
[2022-06-16T20:15:15.327+0000][7672][safepoint    ] Leaving safepoint region
[2022-06-16T20:15:15.327+0000][7672][safepoint    ] Total time for which application threads were stopped: 0.0000460 seconds, Stopping threads took: 0.0000127 seconds
[2022-06-16T20:15:15.327+0000][7672][safepoint    ] Application time: 0.0000147 seconds
[2022-06-16T20:15:15.327+0000][7672][safepoint    ] Entering safepoint region: RevokeBias
[2022-06-16T20:15:15.327+0000][7672][safepoint    ] Leaving safepoint region
[2022-06-16T20:15:15.327+0000][7672][safepoint    ] Total time for which application threads were stopped: 0.0000411 seconds, Stopping threads took: 0.0000114 seconds
[2022-06-16T20:15:15.327+0000][7672][safepoint    ] Application time: 0.0000098 seconds
[2022-06-16T20:15:15.327+0000][7672][safepoint    ] Entering safepoint region: RevokeBias
[2022-06-16T20:15:15.327+0000][7672][safepoint    ] Leaving safepoint region
[2022-06-16T20:15:15.327+0000][7672][safepoint    ] Total time for which application threads were stopped: 0.0000408 seconds, Stopping threads took: 0.0000111 seconds
[2022-06-16T20:15:15.327+0000][7672][safepoint    ] Application time: 0.0000100 seconds
[2022-06-16T20:15:15.327+0000][7672][safepoint    ] Entering safepoint region: RevokeBias
[2022-06-16T20:15:15.327+0000][7672][safepoint    ] Leaving safepoint region
[2022-06-16T20:15:15.327+0000][7672][safepoint    ] Total time for which application threads were stopped: 0.0000405 seconds, Stopping threads took: 0.0000112 seconds
[2022-06-16T20:15:15.327+0000][7672][safepoint    ] Application time: 0.0000092 seconds
[2022-06-16T20:15:15.327+0000][7672][safepoint    ] Entering safepoint region: RevokeBias
[2022-06-16T20:15:15.327+0000][7672][safepoint    ] Leaving safepoint region
[2022-06-16T20:15:15.327+0000][7672][safepoint    ] Total time for which application threads were stopped: 0.0000408 seconds, Stopping threads took: 0.0000111 seconds
[2022-06-16T20:15:15.327+0000][7672][safepoint    ] Application time: 0.0000093 seconds
[2022-06-16T20:15:15.327+0000][7672][safepoint    ] Entering safepoint region: RevokeBias
[2022-06-16T20:15:15.327+0000][7672][safepoint    ] Leaving safepoint region
[2022-06-16T20:15:15.327+0000][7672][safepoint    ] Total time for which application threads were stopped: 0.0000408 seconds, Stopping threads took: 0.0000111 seconds
[2022-06-16T20:15:15.389+0000][7672][safepoint    ] Application time: 0.0617291 seconds
[2022-06-16T20:15:15.389+0000][7672][safepoint    ] Entering safepoint region: RevokeBias
[2022-06-16T20:15:15.389+0000][7672][safepoint    ] Leaving safepoint region
[2022-06-16T20:15:15.389+0000][7672][safepoint    ] Total time for which application threads were stopped: 0.0001062 seconds, Stopping threads took: 0.0000214 seconds
[2022-06-16T20:15:15.389+0000][7672][safepoint    ] Application time: 0.0000776 seconds
[2022-06-16T20:15:15.389+0000][7672][safepoint    ] Entering safepoint region: RevokeBias
[2022-06-16T20:15:15.389+0000][7672][safepoint    ] Leaving safepoint region
[2022-06-16T20:15:15.389+0000][7672][safepoint    ] Total time for which application threads were stopped: 0.0000586 seconds, Stopping threads took: 0.0000134 seconds
[2022-06-16T20:15:15.389+0000][7672][safepoint    ] Application time: 0.0000393 seconds
[2022-06-16T20:15:15.389+0000][7672][safepoint    ] Entering safepoint region: RevokeBias
[2022-06-16T20:15:15.389+0000][7672][safepoint    ] Leaving safepoint region
[2022-06-16T20:15:15.389+0000][7672][safepoint    ] Total time for which application threads were stopped: 0.0000465 seconds, Stopping threads took: 0.0000125 seconds
[2022-06-16T20:15:15.389+0000][7672][safepoint    ] Application time: 0.0000194 seconds
[2022-06-16T20:15:15.389+0000][7672][safepoint    ] Entering safepoint region: RevokeBias
[2022-06-16T20:15:15.389+0000][7672][safepoint    ] Leaving safepoint region
[2022-06-16T20:15:15.389+0000][7672][safepoint    ] Total time for which application threads were stopped: 0.0000541 seconds, Stopping threads took: 0.0000172 seconds
[2022-06-16T20:15:16.401+0000][7672][safepoint    ] Application time: 1.0111825 seconds
[2022-06-16T20:15:16.401+0000][7672][safepoint    ] Entering safepoint region: Cleanup
[2022-06-16T20:15:16.401+0000][7672][safepoint    ] Leaving safepoint region
[2022-06-16T20:15:16.401+0000][7672][safepoint    ] Total time for which application threads were stopped: 0.0001666 seconds, Stopping threads took: 0.0000703 seconds
[2022-06-16T20:15:17.416+0000][7672][safepoint    ] Application time: 1.0149566 seconds
[2022-06-16T20:15:17.448+0000][7672][safepoint    ] Entering safepoint region: Cleanup
[2022-06-16T20:15:17.448+0000][7672][safepoint    ] Leaving safepoint region
[2022-06-16T20:15:17.448+0000][7672][safepoint    ] Total time for which application threads were stopped: 0.0380711 seconds, Stopping threads took: 0.0379707 seconds
[2022-06-16T20:15:18.166+0000][7672][safepoint    ] Application time: 0.7259223 seconds
[2022-06-16T20:15:18.166+0000][7672][safepoint    ] Entering safepoint region: RevokeBias
[2022-06-16T20:15:18.166+0000][7672][safepoint    ] Leaving safepoint region
[2022-06-16T20:15:18.166+0000][7672][safepoint    ] Total time for which application threads were stopped: 0.0001332 seconds, Stopping threads took: 0.0000311 seconds
[2022-06-16T20:15:18.166+0000][7672][safepoint    ] Application time: 0.0000554 seconds
[2022-06-16T20:15:18.166+0000][7672][safepoint    ] Entering safepoint region: RevokeBias
[2022-06-16T20:15:18.166+0000][7672][safepoint    ] Leaving safepoint region
[2022-06-16T20:15:18.166+0000][7672][safepoint    ] Total time for which application threads were stopped: 0.0001068 seconds, Stopping threads took: 0.0000251 seconds
[2022-06-16T20:15:18.166+0000][7672][safepoint    ] Application time: 0.0000295 seconds
[2022-06-16T20:15:18.166+0000][7672][safepoint    ] Entering safepoint region: RevokeBias
[2022-06-16T20:15:18.166+0000][7672][safepoint    ] Leaving safepoint region
[2022-06-16T20:15:18.166+0000][7672][safepoint    ] Total time for which application threads were stopped: 0.0000804 seconds, Stopping threads took: 0.0000226 seconds
[2022-06-16T20:15:19.176+0000][7672][safepoint    ] Application time: 0.9952983 seconds
[2022-06-16T20:15:19.176+0000][7672][safepoint    ] Entering safepoint region: Cleanup
[2022-06-16T20:15:19.176+0000][7672][safepoint    ] Leaving safepoint region
[2022-06-16T20:15:19.176+0000][7672][safepoint    ] Total time for which application threads were stopped: 0.0001253 seconds, Stopping threads took: 0.0000308 seconds
[2022-06-16T20:15:20.192+0000][7672][safepoint    ] Application time: 1.0152923 seconds
[2022-06-16T20:15:20.192+0000][7672][safepoint    ] Entering safepoint region: Cleanup
[2022-06-16T20:15:20.192+0000][7672][safepoint    ] Leaving safepoint region
[2022-06-16T20:15:20.192+0000][7672][safepoint    ] Total time for which application threads were stopped: 0.0001162 seconds, Stopping threads took: 0.0000301 seconds
[2022-06-16T20:15:21.192+0000][7672][safepoint    ] Application time: 0.9998397 seconds
[2022-06-16T20:15:21.192+0000][7672][safepoint    ] Entering safepoint region: Cleanup
[2022-06-16T20:15:21.192+0000][7672][safepoint    ] Leaving safepoint region
[2022-06-16T20:15:21.192+0000][7672][safepoint    ] Total time for which application threads were stopped: 0.0001233 seconds, Stopping threads took: 0.0000319 seconds
[2022-06-16T20:15:22.207+0000][7672][safepoint    ] Application time: 1.0153809 seconds
[2022-06-16T20:15:22.207+0000][7672][safepoint    ] Entering safepoint region: Cleanup
[2022-06-16T20:15:22.207+0000][7672][safepoint    ] Leaving safepoint region
[2022-06-16T20:15:22.207+0000][7672][safepoint    ] Total time for which application threads were stopped: 0.0001213 seconds, Stopping threads took: 0.0000314 seconds
[2022-06-16T20:15:23.223+0000][7672][safepoint    ] Application time: 1.0154475 seconds
[2022-06-16T20:15:23.379+0000][7672][safepoint    ] Entering safepoint region: Cleanup
[2022-06-16T20:15:23.379+0000][7672][safepoint    ] Leaving safepoint region
[2022-06-16T20:15:23.379+0000][7672][safepoint    ] Total time for which application threads were stopped: 0.1562935 seconds, Stopping threads took: 0.1561935 seconds
[2022-06-16T20:15:24.379+0000][7672][safepoint    ] Application time: 0.9997536 seconds
[2022-06-16T20:15:24.426+0000][7672][safepoint    ] Entering safepoint region: Cleanup
[2022-06-16T20:15:24.426+0000][7672][safepoint    ] Leaving safepoint region
[2022-06-16T20:15:24.426+0000][7672][safepoint    ] Total time for which application threads were stopped: 0.0490928 seconds, Stopping threads took: 0.0489894 seconds
[2022-06-16T20:15:25.442+0000][7672][safepoint    ] Application time: 1.0133099 seconds
[2022-06-16T20:15:25.520+0000][7672][safepoint    ] Entering safepoint region: Cleanup
[2022-06-16T20:15:25.520+0000][7672][safepoint    ] Leaving safepoint region
[2022-06-16T20:15:25.520+0000][7672][safepoint    ] Total time for which application threads were stopped: 0.0785465 seconds, Stopping threads took: 0.0784450 seconds
[2022-06-16T20:15:26.535+0000][7672][safepoint    ] Application time: 1.0151786 seconds
[2022-06-16T20:15:26.676+0000][7672][safepoint    ] Entering safepoint region: Cleanup
[2022-06-16T20:15:26.676+0000][7672][safepoint    ] Leaving safepoint region
[2022-06-16T20:15:26.676+0000][7672][safepoint    ] Total time for which application threads were stopped: 0.1407142 seconds, Stopping threads took: 0.1406080 seconds
[2022-06-16T20:15:27.676+0000][7672][safepoint    ] Application time: 0.9998302 seconds
[2022-06-16T20:15:27.692+0000][7672][safepoint    ] Entering safepoint region: Cleanup
[2022-06-16T20:15:27.692+0000][7672][safepoint    ] Leaving safepoint region
[2022-06-16T20:15:27.692+0000][7672][safepoint    ] Total time for which application threads were stopped: 0.0175578 seconds, Stopping threads took: 0.0174440 seconds
[2022-06-16T20:15:28.699+0000][7672][safepoint    ] Application time: 1.0052357 seconds
[2022-06-16T20:15:28.699+0000][7672][safepoint    ] Entering safepoint region: Cleanup
[2022-06-16T20:15:28.699+0000][7672][safepoint    ] Leaving safepoint region
[2022-06-16T20:15:28.699+0000][7672][safepoint    ] Total time for which application threads were stopped: 0.0001263 seconds, Stopping threads took: 0.0000321 seconds
[2022-06-16T20:15:29.699+0000][7672][safepoint    ] Application time: 0.9997898 seconds
[2022-06-16T20:15:29.777+0000][7672][safepoint    ] Entering safepoint region: Cleanup
[2022-06-16T20:15:29.777+0000][7672][safepoint    ] Leaving safepoint region
[2022-06-16T20:15:29.777+0000][7672][safepoint    ] Total time for which application threads were stopped: 0.0904699 seconds, Stopping threads took: 0.0903592 seconds
[2022-06-16T20:15:30.790+0000][7672][safepoint    ] Application time: 1.0007945 seconds
[2022-06-16T20:15:30.790+0000][7672][safepoint    ] Entering safepoint region: Cleanup
[2022-06-16T20:15:30.790+0000][7672][safepoint    ] Leaving safepoint region
[2022-06-16T20:15:30.790+0000][7672][safepoint    ] Total time for which application threads were stopped: 0.0001285 seconds, Stopping threads took: 0.0000319 seconds
[2022-06-16T20:15:30.822+0000][7672][safepoint    ] Application time: 0.0344137 seconds
[2022-06-16T20:15:30.822+0000][7672][safepoint    ] Entering safepoint region: RevokeBias
[2022-06-16T20:15:30.822+0000][7672][safepoint    ] Leaving safepoint region
[2022-06-16T20:15:30.822+0000][7672][safepoint    ] Total time for which application threads were stopped: 0.0001307 seconds, Stopping threads took: 0.0000299 seconds
[2022-06-16T20:15:30.853+0000][7672][safepoint    ] Application time: 0.0363072 seconds
[2022-06-16T20:15:30.853+0000][7672][safepoint    ] Entering safepoint region: Deoptimize
[2022-06-16T20:15:30.853+0000][7672][safepoint    ] Leaving safepoint region
[2022-06-16T20:15:30.853+0000][7672][safepoint    ] Total time for which application threads were stopped: 0.0009192 seconds, Stopping threads took: 0.0000299 seconds
[2022-06-16T20:15:30.993+0000][7672][safepoint    ] Application time: 0.1452973 seconds
[2022-06-16T20:15:30.993+0000][7672][safepoint    ] Entering safepoint region: RevokeBias
[2022-06-16T20:15:30.993+0000][7672][safepoint    ] Leaving safepoint region
[2022-06-16T20:15:30.993+0000][7672][safepoint    ] Total time for which application threads were stopped: 0.0001324 seconds, Stopping threads took: 0.0000292 seconds
[2022-06-16T20:15:32.009+0000][7672][safepoint    ] Application time: 1.0011320 seconds
[2022-06-16T20:15:32.040+0000][7672][safepoint    ] Entering safepoint region: Cleanup
[2022-06-16T20:15:32.040+0000][7672][safepoint    ] Leaving safepoint region
[2022-06-16T20:15:32.040+0000][7672][safepoint    ] Total time for which application threads were stopped: 0.0374305 seconds, Stopping threads took: 0.0373265 seconds
[2022-06-16T20:15:33.056+0000][7672][safepoint    ] Application time: 1.0093419 seconds
[2022-06-16T20:15:33.056+0000][7672][safepoint    ] Entering safepoint region: Cleanup
[2022-06-16T20:15:33.056+0000][7672][safepoint    ] Leaving safepoint region
[2022-06-16T20:15:33.056+0000][7672][safepoint    ] Total time for which application threads were stopped: 0.0001186 seconds, Stopping threads took: 0.0000287 seconds
[2022-06-16T20:15:34.060+0000][7672][safepoint    ] Application time: 1.0037127 seconds
[2022-06-16T20:15:34.060+0000][7672][safepoint    ] Entering safepoint region: Cleanup
[2022-06-16T20:15:34.060+0000][7672][safepoint    ] Leaving safepoint region
[2022-06-16T20:15:34.060+0000][7672][safepoint    ] Total time for which application threads were stopped: 0.0001425 seconds, Stopping threads took: 0.0000351 seconds
[2022-06-16T20:15:35.072+0000][7672][safepoint    ] Application time: 1.0116262 seconds
[2022-06-16T20:15:35.072+0000][7672][safepoint    ] Entering safepoint region: Cleanup
[2022-06-16T20:15:35.072+0000][7672][safepoint    ] Leaving safepoint region
[2022-06-16T20:15:35.072+0000][7672][safepoint    ] Total time for which application threads were stopped: 0.0001193 seconds, Stopping threads took: 0.0000297 seconds
[2022-06-16T20:15:35.072+0000][7672][safepoint    ] Application time: 0.0059156 seconds
[2022-06-16T20:15:35.072+0000][7672][safepoint    ] Entering safepoint region: RevokeBias
[2022-06-16T20:15:35.072+0000][7672][safepoint    ] Leaving safepoint region
[2022-06-16T20:15:35.072+0000][7672][safepoint    ] Total time for which application threads were stopped: 0.0000879 seconds, Stopping threads took: 0.0000179 seconds
[2022-06-16T20:15:35.072+0000][7672][safepoint    ] Application time: 0.0002142 seconds
[2022-06-16T20:15:35.072+0000][7672][safepoint    ] Entering safepoint region: RevokeBias
[2022-06-16T20:15:35.072+0000][7672][safepoint    ] Leaving safepoint region
[2022-06-16T20:15:35.072+0000][7672][safepoint    ] Total time for which application threads were stopped: 0.0000639 seconds, Stopping threads took: 0.0000137 seconds
[2022-06-16T20:15:35.275+0000][7672][safepoint    ] Application time: 0.2064527 seconds
[2022-06-16T20:15:35.275+0000][7672][safepoint    ] Entering safepoint region: Deoptimize
[2022-06-16T20:15:35.275+0000][7672][safepoint    ] Leaving safepoint region
[2022-06-16T20:15:35.275+0000][7672][safepoint    ] Total time for which application threads were stopped: 0.0008757 seconds, Stopping threads took: 0.0000196 seconds
[2022-06-16T20:15:35.306+0000][7672][safepoint    ] Application time: 0.0233417 seconds
[2022-06-16T20:15:35.306+0000][7672][safepoint    ] Entering safepoint region: RevokeBias
[2022-06-16T20:15:35.306+0000][7672][safepoint    ] Leaving safepoint region
[2022-06-16T20:15:35.306+0000][7672][safepoint    ] Total time for which application threads were stopped: 0.0001216 seconds, Stopping threads took: 0.0000436 seconds
[2022-06-16T20:15:35.306+0000][7672][safepoint    ] Application time: 0.0000295 seconds
[2022-06-16T20:15:35.306+0000][7672][safepoint    ] Entering safepoint region: RevokeBias
[2022-06-16T20:15:35.306+0000][7672][safepoint    ] Leaving safepoint region
[2022-06-16T20:15:35.306+0000][7672][safepoint    ] Total time for which application threads were stopped: 0.0000645 seconds, Stopping threads took: 0.0000269 seconds
[2022-06-16T20:15:35.337+0000][7672][safepoint    ] Application time: 0.0396932 seconds
[2022-06-16T20:15:35.337+0000][7672][safepoint    ] Entering safepoint region: RevokeBias
[2022-06-16T20:15:35.337+0000][7672][safepoint    ] Leaving safepoint region
[2022-06-16T20:15:35.337+0000][7672][safepoint    ] Total time for which application threads were stopped: 0.0001390 seconds, Stopping threads took: 0.0000308 seconds
[2022-06-16T20:15:35.353+0000][7672][safepoint    ] Application time: 0.0048163 seconds
[2022-06-16T20:15:35.353+0000][7672][safepoint    ] Entering safepoint region: RevokeBias
[2022-06-16T20:15:35.353+0000][7672][safepoint    ] Leaving safepoint region
[2022-06-16T20:15:35.353+0000][7672][safepoint    ] Total time for which application threads were stopped: 0.0001205 seconds, Stopping threads took: 0.0000286 seconds
[2022-06-16T20:15:35.353+0000][7672][safepoint    ] Application time: 0.0072850 seconds
[2022-06-16T20:15:35.353+0000][7672][safepoint    ] Entering safepoint region: RevokeBias
[2022-06-16T20:15:35.353+0000][7672][safepoint    ] Leaving safepoint region
[2022-06-16T20:15:35.353+0000][7672][safepoint    ] Total time for which application threads were stopped: 0.0001164 seconds, Stopping threads took: 0.0000279 seconds
[2022-06-16T20:15:35.353+0000][7672][safepoint    ] Application time: 0.0000168 seconds
[2022-06-16T20:15:35.353+0000][7672][safepoint    ] Entering safepoint region: RevokeBias
[2022-06-16T20:15:35.353+0000][7672][safepoint    ] Leaving safepoint region
[2022-06-16T20:15:35.353+0000][7672][safepoint    ] Total time for which application threads were stopped: 0.0000790 seconds, Stopping threads took: 0.0000201 seconds
[2022-06-16T20:15:35.353+0000][7672][safepoint    ] Application time: 0.0017359 seconds
[2022-06-16T20:15:35.353+0000][7672][safepoint    ] Entering safepoint region: RevokeBias
[2022-06-16T20:15:35.353+0000][7672][safepoint    ] Leaving safepoint region
[2022-06-16T20:15:35.353+0000][7672][safepoint    ] Total time for which application threads were stopped: 0.0001010 seconds, Stopping threads took: 0.0000264 seconds
[2022-06-16T20:15:35.353+0000][7672][safepoint    ] Application time: 0.0017045 seconds
[2022-06-16T20:15:35.353+0000][7672][safepoint    ] Entering safepoint region: RevokeBias
[2022-06-16T20:15:35.353+0000][7672][safepoint    ] Leaving safepoint region
[2022-06-16T20:15:35.353+0000][7672][safepoint    ] Total time for which application threads were stopped: 0.0000984 seconds, Stopping threads took: 0.0000263 seconds
[2022-06-16T20:15:35.525+0000][7672][safepoint    ] Application time: 0.1612378 seconds
[2022-06-16T20:15:35.525+0000][7672][safepoint    ] Entering safepoint region: RevokeBias
[2022-06-16T20:15:35.525+0000][7672][safepoint    ] Leaving safepoint region
[2022-06-16T20:15:35.525+0000][7672][safepoint    ] Total time for which application threads were stopped: 0.0001956 seconds, Stopping threads took: 0.0000309 seconds
[2022-06-16T20:15:35.556+0000][7672][safepoint    ] Application time: 0.0327670 seconds
[2022-06-16T20:15:35.556+0000][7672][safepoint    ] Entering safepoint region: RevokeBias
[2022-06-16T20:15:35.556+0000][7672][safepoint    ] Leaving safepoint region
[2022-06-16T20:15:35.556+0000][7672][safepoint    ] Total time for which application threads were stopped: 0.0001432 seconds, Stopping threads took: 0.0000319 seconds
[2022-06-16T20:15:35.556+0000][7672][safepoint    ] Application time: 0.0046550 seconds
[2022-06-16T20:15:35.556+0000][7672][safepoint    ] Entering safepoint region: RevokeBias
[2022-06-16T20:15:35.556+0000][7672][safepoint    ] Leaving safepoint region
[2022-06-16T20:15:35.556+0000][7672][safepoint    ] Total time for which application threads were stopped: 0.0001304 seconds, Stopping threads took: 0.0000307 seconds
[2022-06-16T20:15:35.556+0000][7672][safepoint    ] Application time: 0.0009091 seconds
[2022-06-16T20:15:35.556+0000][7672][safepoint    ] Entering safepoint region: RevokeBias
[2022-06-16T20:15:35.556+0000][7672][safepoint    ] Leaving safepoint region
[2022-06-16T20:15:35.556+0000][7672][safepoint    ] Total time for which application threads were stopped: 0.0001148 seconds, Stopping threads took: 0.0000289 seconds
[2022-06-16T20:15:35.572+0000][7672][safepoint    ] Application time: 0.0118799 seconds
[2022-06-16T20:15:35.572+0000][7672][safepoint    ] Entering safepoint region: RevokeBias
[2022-06-16T20:15:35.572+0000][7672][safepoint    ] Leaving safepoint region
[2022-06-16T20:15:35.572+0000][7672][safepoint    ] Total time for which application threads were stopped: 0.0009195 seconds, Stopping threads took: 0.0007869 seconds
[2022-06-16T20:15:35.572+0000][7672][safepoint    ] Application time: 0.0005108 seconds
[2022-06-16T20:15:35.634+0000][7672][safepoint    ] Entering safepoint region: RevokeBias
[2022-06-16T20:15:35.634+0000][7672][safepoint    ] Leaving safepoint region
[2022-06-16T20:15:35.634+0000][7672][safepoint    ] Total time for which application threads were stopped: 0.0608169 seconds, Stopping threads took: 0.0607061 seconds
[2022-06-16T20:15:36.165+0000][7672][safepoint    ] Application time: 0.5270095 seconds
[2022-06-16T20:15:36.165+0000][7672][safepoint    ] Entering safepoint region: RevokeBias
[2022-06-16T20:15:36.165+0000][7672][safepoint    ] Leaving safepoint region
[2022-06-16T20:15:36.165+0000][7672][safepoint    ] Total time for which application threads were stopped: 0.0001443 seconds, Stopping threads took: 0.0000316 seconds
[2022-06-16T20:15:36.165+0000][7672][safepoint    ] Application time: 0.0000355 seconds
[2022-06-16T20:15:36.165+0000][7672][safepoint    ] Entering safepoint region: RevokeBias
[2022-06-16T20:15:36.165+0000][7672][safepoint    ] Leaving safepoint region
[2022-06-16T20:15:36.165+0000][7672][safepoint    ] Total time for which application threads were stopped: 0.0001067 seconds, Stopping threads took: 0.0000312 seconds
[2022-06-16T20:15:36.165+0000][7672][safepoint    ] Application time: 0.0001248 seconds
[2022-06-16T20:15:36.165+0000][7672][safepoint    ] Entering safepoint region: RevokeBias
[2022-06-16T20:15:36.165+0000][7672][safepoint    ] Leaving safepoint region
[2022-06-16T20:15:36.165+0000][7672][safepoint    ] Total time for which application threads were stopped: 0.0001052 seconds, Stopping threads took: 0.0000204 seconds
[2022-06-16T20:15:36.165+0000][7672][safepoint    ] Application time: 0.0020178 seconds
[2022-06-16T20:15:36.165+0000][7672][safepoint    ] Entering safepoint region: RevokeBias
[2022-06-16T20:15:36.165+0000][7672][safepoint    ] Leaving safepoint region
[2022-06-16T20:15:36.165+0000][7672][safepoint    ] Total time for which application threads were stopped: 0.0001210 seconds, Stopping threads took: 0.0000296 seconds
[2022-06-16T20:15:36.165+0000][7672][safepoint    ] Application time: 0.0000322 seconds
[2022-06-16T20:15:36.165+0000][7672][safepoint    ] Entering safepoint region: RevokeBias
[2022-06-16T20:15:36.165+0000][7672][safepoint    ] Leaving safepoint region
[2022-06-16T20:15:36.165+0000][7672][safepoint    ] Total time for which application threads were stopped: 0.0000771 seconds, Stopping threads took: 0.0000209 seconds
[2022-06-16T20:15:36.212+0000][7672][safepoint    ] Application time: 0.0485405 seconds
[2022-06-16T20:15:36.212+0000][7672][safepoint    ] Entering safepoint region: RevokeBias
[2022-06-16T20:15:36.212+0000][7672][safepoint    ] Leaving safepoint region
[2022-06-16T20:15:36.212+0000][7672][safepoint    ] Total time for which application threads were stopped: 0.0001532 seconds, Stopping threads took: 0.0000303 seconds
[2022-06-16T20:15:36.212+0000][7672][safepoint    ] Application time: 0.0000186 seconds
[2022-06-16T20:15:36.212+0000][7672][safepoint    ] Entering safepoint region: RevokeBias
[2022-06-16T20:15:36.212+0000][7672][safepoint    ] Leaving safepoint region
[2022-06-16T20:15:36.212+0000][7672][safepoint    ] Total time for which application threads were stopped: 0.0000856 seconds, Stopping threads took: 0.0000203 seconds
[2022-06-16T20:15:36.212+0000][7672][safepoint    ] Application time: 0.0000165 seconds
[2022-06-16T20:15:36.212+0000][7672][safepoint    ] Entering safepoint region: RevokeBias
[2022-06-16T20:15:36.212+0000][7672][safepoint    ] Leaving safepoint region
[2022-06-16T20:15:36.212+0000][7672][safepoint    ] Total time for which application threads were stopped: 0.0000733 seconds, Stopping threads took: 0.0000189 seconds
[2022-06-16T20:15:36.212+0000][7672][safepoint    ] Application time: 0.0030615 seconds
[2022-06-16T20:15:36.212+0000][7672][safepoint    ] Entering safepoint region: RevokeBias
[2022-06-16T20:15:36.212+0000][7672][safepoint    ] Leaving safepoint region
[2022-06-16T20:15:36.212+0000][7672][safepoint    ] Total time for which application threads were stopped: 0.0001263 seconds, Stopping threads took: 0.0000288 seconds
[2022-06-16T20:15:36.212+0000][7672][safepoint    ] Application time: 0.0002381 seconds
[2022-06-16T20:15:36.212+0000][7672][safepoint    ] Entering safepoint region: RevokeBias
[2022-06-16T20:15:36.212+0000][7672][safepoint    ] Leaving safepoint region
[2022-06-16T20:15:36.212+0000][7672][safepoint    ] Total time for which application threads were stopped: 0.0001100 seconds, Stopping threads took: 0.0000246 seconds
[2022-06-16T20:15:36.212+0000][7672][safepoint    ] Application time: 0.0008466 seconds
[2022-06-16T20:15:36.212+0000][7672][safepoint    ] Entering safepoint region: RevokeBias
[2022-06-16T20:15:36.212+0000][7672][safepoint    ] Leaving safepoint region
[2022-06-16T20:15:36.212+0000][7672][safepoint    ] Total time for which application threads were stopped: 0.0001010 seconds, Stopping threads took: 0.0000274 seconds
[2022-06-16T20:15:36.228+0000][7672][safepoint    ] Application time: 0.0054118 seconds
[2022-06-16T20:15:36.228+0000][7672][safepoint    ] Entering safepoint region: RevokeBias
[2022-06-16T20:15:36.228+0000][7672][safepoint    ] Leaving safepoint region
[2022-06-16T20:15:36.228+0000][7672][safepoint    ] Total time for which application threads were stopped: 0.0001075 seconds, Stopping threads took: 0.0000265 seconds
[2022-06-16T20:15:36.228+0000][7672][safepoint    ] Application time: 0.0001938 seconds
[2022-06-16T20:15:36.228+0000][7672][safepoint    ] Entering safepoint region: RevokeBias
[2022-06-16T20:15:36.228+0000][7672][safepoint    ] Leaving safepoint region
[2022-06-16T20:15:36.228+0000][7672][safepoint    ] Total time for which application threads were stopped: 0.0000912 seconds, Stopping threads took: 0.0000227 seconds
[2022-06-16T20:15:36.353+0000][7672][safepoint    ] Application time: 0.1324916 seconds
[2022-06-16T20:15:36.353+0000][7672][safepoint    ] Entering safepoint region: RevokeBias
[2022-06-16T20:15:36.353+0000][7672][safepoint    ] Leaving safepoint region
[2022-06-16T20:15:36.353+0000][7672][safepoint    ] Total time for which application threads were stopped: 0.0001518 seconds, Stopping threads took: 0.0000322 seconds
[2022-06-16T20:15:36.369+0000][7672][safepoint    ] Application time: 0.0196050 seconds
[2022-06-16T20:15:36.369+0000][7672][safepoint    ] Entering safepoint region: RevokeBias
[2022-06-16T20:15:36.369+0000][7672][safepoint    ] Leaving safepoint region
[2022-06-16T20:15:36.369+0000][7672][safepoint    ] Total time for which application threads were stopped: 0.0001398 seconds, Stopping threads took: 0.0000311 seconds
[2022-06-16T20:15:36.369+0000][7672][safepoint    ] Application time: 0.0000200 seconds
[2022-06-16T20:15:36.369+0000][7672][safepoint    ] Entering safepoint region: RevokeBias
[2022-06-16T20:15:36.369+0000][7672][safepoint    ] Leaving safepoint region
[2022-06-16T20:15:36.369+0000][7672][safepoint    ] Total time for which application threads were stopped: 0.0000738 seconds, Stopping threads took: 0.0000202 seconds
[2022-06-16T20:15:36.369+0000][7672][safepoint    ] Application time: 0.0000123 seconds
[2022-06-16T20:15:36.369+0000][7672][safepoint    ] Entering safepoint region: RevokeBias
[2022-06-16T20:15:36.369+0000][7672][safepoint    ] Leaving safepoint region
[2022-06-16T20:15:36.369+0000][7672][safepoint    ] Total time for which application threads were stopped: 0.0000555 seconds, Stopping threads took: 0.0000195 seconds
[2022-06-16T20:15:36.369+0000][7672][safepoint    ] Application time: 0.0000284 seconds
[2022-06-16T20:15:36.369+0000][7672][safepoint    ] Entering safepoint region: RevokeBias
[2022-06-16T20:15:36.369+0000][7672][safepoint    ] Leaving safepoint region
[2022-06-16T20:15:36.369+0000][7672][safepoint    ] Total time for which application threads were stopped: 0.0000541 seconds, Stopping threads took: 0.0000155 seconds
[2022-06-16T20:15:36.369+0000][7672][safepoint    ] Application time: 0.0000129 seconds
[2022-06-16T20:15:36.369+0000][7672][safepoint    ] Entering safepoint region: RevokeBias
[2022-06-16T20:15:36.369+0000][7672][safepoint    ] Leaving safepoint region
[2022-06-16T20:15:36.369+0000][7672][safepoint    ] Total time for which application threads were stopped: 0.0000417 seconds, Stopping threads took: 0.0000111 seconds
[2022-06-16T20:15:36.369+0000][7672][safepoint    ] Application time: 0.0000101 seconds
[2022-06-16T20:15:36.369+0000][7672][safepoint    ] Entering safepoint region: RevokeBias
[2022-06-16T20:15:36.369+0000][7672][safepoint    ] Leaving safepoint region
[2022-06-16T20:15:36.369+0000][7672][safepoint    ] Total time for which application threads were stopped: 0.0000412 seconds, Stopping threads took: 0.0000111 seconds
[2022-06-16T20:15:36.384+0000][7672][safepoint    ] Application time: 0.0013698 seconds
[2022-06-16T20:15:36.384+0000][7672][safepoint    ] Entering safepoint region: RevokeBias
[2022-06-16T20:15:36.384+0000][7672][safepoint    ] Leaving safepoint region
[2022-06-16T20:15:36.384+0000][7672][safepoint    ] Total time for which application threads were stopped: 0.0001160 seconds, Stopping threads took: 0.0000273 seconds
[2022-06-16T20:15:36.384+0000][7672][safepoint    ] Application time: 0.0003505 seconds
[2022-06-16T20:15:36.384+0000][7672][safepoint    ] Entering safepoint region: RevokeBias
[2022-06-16T20:15:36.384+0000][7672][safepoint    ] Leaving safepoint region
[2022-06-16T20:15:36.384+0000][7672][safepoint    ] Total time for which application threads were stopped: 0.0000883 seconds, Stopping threads took: 0.0000367 seconds
[2022-06-16T20:15:36.384+0000][7672][safepoint    ] Application time: 0.0005163 seconds
[2022-06-16T20:15:36.384+0000][7672][safepoint    ] Entering safepoint region: RevokeBias
[2022-06-16T20:15:36.384+0000][7672][safepoint    ] Leaving safepoint region
[2022-06-16T20:15:36.384+0000][7672][safepoint    ] Total time for which application threads were stopped: 0.0000815 seconds, Stopping threads took: 0.0000334 seconds
[2022-06-16T20:15:37.396+0000][7672][safepoint    ] Application time: 1.0104173 seconds
[2022-06-16T20:15:37.396+0000][7672][safepoint    ] Entering safepoint region: Cleanup
[2022-06-16T20:15:37.396+0000][7672][safepoint    ] Leaving safepoint region
[2022-06-16T20:15:37.396+0000][7672][safepoint    ] Total time for which application threads were stopped: 0.0001622 seconds, Stopping threads took: 0.0000811 seconds
[2022-06-16T20:15:38.405+0000][7672][safepoint    ] Application time: 1.0092860 seconds
[2022-06-16T20:15:38.405+0000][7672][safepoint    ] Entering safepoint region: Cleanup
[2022-06-16T20:15:38.405+0000][7672][safepoint    ] Leaving safepoint region
[2022-06-16T20:15:38.405+0000][7672][safepoint    ] Total time for which application threads were stopped: 0.0001653 seconds, Stopping threads took: 0.0000728 seconds
[2022-06-16T20:15:39.421+0000][7672][safepoint    ] Application time: 1.0151394 seconds
[2022-06-16T20:15:39.421+0000][7672][safepoint    ] Entering safepoint region: Cleanup
[2022-06-16T20:15:39.421+0000][7672][safepoint    ] Leaving safepoint region
[2022-06-16T20:15:39.421+0000][7672][safepoint    ] Total time for which application threads were stopped: 0.0001138 seconds, Stopping threads took: 0.0000343 seconds
[2022-06-16T20:15:40.429+0000][7672][safepoint    ] Application time: 1.0082068 seconds
[2022-06-16T20:15:40.429+0000][7672][safepoint    ] Entering safepoint region: Cleanup
[2022-06-16T20:15:40.429+0000][7672][safepoint    ] Leaving safepoint region
[2022-06-16T20:15:40.429+0000][7672][safepoint    ] Total time for which application threads were stopped: 0.0001617 seconds, Stopping threads took: 0.0000689 seconds
[2022-06-16T20:15:41.441+0000][7672][safepoint    ] Application time: 1.0112755 seconds
[2022-06-16T20:15:41.441+0000][7672][safepoint    ] Entering safepoint region: Cleanup
[2022-06-16T20:15:41.441+0000][7672][safepoint    ] Leaving safepoint region
[2022-06-16T20:15:41.441+0000][7672][safepoint    ] Total time for which application threads were stopped: 0.0001495 seconds, Stopping threads took: 0.0000726 seconds
[2022-06-16T20:15:42.444+0000][7672][safepoint    ] Application time: 1.0033792 seconds
[2022-06-16T20:15:42.444+0000][7672][safepoint    ] Entering safepoint region: Cleanup
[2022-06-16T20:15:42.444+0000][7672][safepoint    ] Leaving safepoint region
[2022-06-16T20:15:42.444+0000][7672][safepoint    ] Total time for which application threads were stopped: 0.0001317 seconds, Stopping threads took: 0.0000528 seconds
[2022-06-16T20:15:43.453+0000][7672][safepoint    ] Application time: 1.0085873 seconds
[2022-06-16T20:15:43.453+0000][7672][safepoint    ] Entering safepoint region: Cleanup
[2022-06-16T20:15:43.453+0000][7672][safepoint    ] Leaving safepoint region
[2022-06-16T20:15:43.453+0000][7672][safepoint    ] Total time for which application threads were stopped: 0.0001159 seconds, Stopping threads took: 0.0000370 seconds
[2022-06-16T20:15:43.453+0000][7672][safepoint    ] Application time: 0.0012796 seconds
[2022-06-16T20:15:43.453+0000][7672][safepoint    ] Entering safepoint region: RevokeBias
[2022-06-16T20:15:43.453+0000][7672][safepoint    ] Leaving safepoint region
[2022-06-16T20:15:43.453+0000][7672][safepoint    ] Total time for which application threads were stopped: 0.0002449 seconds, Stopping threads took: 0.0001313 seconds
[2022-06-16T20:15:43.453+0000][7672][safepoint    ] Application time: 0.0049627 seconds
[2022-06-16T20:15:43.453+0000][7672][safepoint    ] Entering safepoint region: RevokeBias
[2022-06-16T20:15:43.453+0000][7672][safepoint    ] Leaving safepoint region
[2022-06-16T20:15:43.453+0000][7672][safepoint    ] Total time for which application threads were stopped: 0.0000697 seconds, Stopping threads took: 0.0000158 seconds
[2022-06-16T20:15:43.453+0000][7672][safepoint    ] Application time: 0.0020964 seconds
[2022-06-16T20:15:43.453+0000][7672][safepoint    ] Entering safepoint region: RevokeBias
[2022-06-16T20:15:43.453+0000][7672][safepoint    ] Leaving safepoint region
[2022-06-16T20:15:43.453+0000][7672][safepoint    ] Total time for which application threads were stopped: 0.0000632 seconds, Stopping threads took: 0.0000144 seconds
[2022-06-16T20:15:43.453+0000][7672][safepoint    ] Application time: 0.0010559 seconds
[2022-06-16T20:15:43.453+0000][7672][safepoint    ] Entering safepoint region: RevokeBias
[2022-06-16T20:15:43.453+0000][7672][safepoint    ] Leaving safepoint region
[2022-06-16T20:15:43.453+0000][7672][safepoint    ] Total time for which application threads were stopped: 0.0000621 seconds, Stopping threads took: 0.0000143 seconds
[2022-06-16T20:15:43.453+0000][7672][safepoint    ] Application time: 0.0000822 seconds
[2022-06-16T20:15:43.453+0000][7672][safepoint    ] Entering safepoint region: RevokeBias
[2022-06-16T20:15:43.453+0000][7672][safepoint    ] Leaving safepoint region
[2022-06-16T20:15:43.453+0000][7672][safepoint    ] Total time for which application threads were stopped: 0.0000534 seconds, Stopping threads took: 0.0000128 seconds
[2022-06-16T20:15:43.453+0000][7672][safepoint    ] Application time: 0.0006270 seconds
[2022-06-16T20:15:43.453+0000][7672][safepoint    ] Entering safepoint region: RevokeBias
[2022-06-16T20:15:43.453+0000][7672][safepoint    ] Leaving safepoint region
[2022-06-16T20:15:43.453+0000][7672][safepoint    ] Total time for which application threads were stopped: 0.0000644 seconds, Stopping threads took: 0.0000135 seconds
[2022-06-16T20:15:44.306+0000][7672][safepoint    ] Application time: 0.8417019 seconds
[2022-06-16T20:15:44.306+0000][7672][safepoint    ] Entering safepoint region: RevokeBias
[2022-06-16T20:15:44.306+0000][7672][safepoint    ] Leaving safepoint region
[2022-06-16T20:15:44.306+0000][7672][safepoint    ] Total time for which application threads were stopped: 0.0001190 seconds, Stopping threads took: 0.0000202 seconds
[2022-06-16T20:15:44.306+0000][7672][safepoint    ] Application time: 0.0011010 seconds
[2022-06-16T20:15:44.306+0000][7672][safepoint    ] Entering safepoint region: RevokeBias
[2022-06-16T20:15:44.306+0000][7672][safepoint    ] Leaving safepoint region
[2022-06-16T20:15:44.306+0000][7672][safepoint    ] Total time for which application threads were stopped: 0.0000927 seconds, Stopping threads took: 0.0000171 seconds
[2022-06-16T20:15:44.306+0000][7672][safepoint    ] Application time: 0.0003337 seconds
[2022-06-16T20:15:44.306+0000][7672][safepoint    ] Entering safepoint region: RevokeBias
[2022-06-16T20:15:44.306+0000][7672][safepoint    ] Leaving safepoint region
[2022-06-16T20:15:44.306+0000][7672][safepoint    ] Total time for which application threads were stopped: 0.0000664 seconds, Stopping threads took: 0.0000136 seconds
[2022-06-16T20:15:44.321+0000][7672][safepoint    ] Application time: 0.0136855 seconds
[2022-06-16T20:15:44.321+0000][7672][safepoint    ] Entering safepoint region: RevokeBias
[2022-06-16T20:15:44.321+0000][7672][safepoint    ] Leaving safepoint region
[2022-06-16T20:15:44.321+0000][7672][safepoint    ] Total time for which application threads were stopped: 0.0001027 seconds, Stopping threads took: 0.0000273 seconds
[2022-06-16T20:15:44.321+0000][7672][safepoint    ] Application time: 0.0012176 seconds
[2022-06-16T20:15:44.321+0000][7672][safepoint    ] Entering safepoint region: RevokeBias
[2022-06-16T20:15:44.321+0000][7672][safepoint    ] Leaving safepoint region
[2022-06-16T20:15:44.321+0000][7672][safepoint    ] Total time for which application threads were stopped: 0.0001144 seconds, Stopping threads took: 0.0000543 seconds
[2022-06-16T20:15:44.321+0000][7672][safepoint    ] Application time: 0.0005540 seconds
[2022-06-16T20:15:44.321+0000][7672][safepoint    ] Entering safepoint region: RevokeBias
[2022-06-16T20:15:44.321+0000][7672][safepoint    ] Leaving safepoint region
[2022-06-16T20:15:44.321+0000][7672][safepoint    ] Total time for which application threads were stopped: 0.0000961 seconds, Stopping threads took: 0.0000458 seconds
[2022-06-16T20:15:44.321+0000][7672][safepoint    ] Application time: 0.0007604 seconds
[2022-06-16T20:15:44.321+0000][7672][safepoint    ] Entering safepoint region: RevokeBias
[2022-06-16T20:15:44.321+0000][7672][safepoint    ] Leaving safepoint region
[2022-06-16T20:15:44.321+0000][7672][safepoint    ] Total time for which application threads were stopped: 0.0001305 seconds, Stopping threads took: 0.0000441 seconds
[2022-06-16T20:15:44.321+0000][7672][safepoint    ] Application time: 0.0001711 seconds
[2022-06-16T20:15:44.321+0000][7672][safepoint    ] Entering safepoint region: RevokeBias
[2022-06-16T20:15:44.321+0000][7672][safepoint    ] Leaving safepoint region
[2022-06-16T20:15:44.321+0000][7672][safepoint    ] Total time for which application threads were stopped: 0.0001186 seconds, Stopping threads took: 0.0000386 seconds
[2022-06-16T20:15:44.321+0000][7672][safepoint    ] Application time: 0.0000266 seconds
[2022-06-16T20:15:44.321+0000][7672][safepoint    ] Entering safepoint region: RevokeBias
[2022-06-16T20:15:44.321+0000][7672][safepoint    ] Leaving safepoint region
[2022-06-16T20:15:44.321+0000][7672][safepoint    ] Total time for which application threads were stopped: 0.0000848 seconds, Stopping threads took: 0.0000205 seconds
[2022-06-16T20:15:44.384+0000][7672][safepoint    ] Application time: 0.0589381 seconds
[2022-06-16T20:15:44.384+0000][7672][safepoint    ] Entering safepoint region: RevokeBias
[2022-06-16T20:15:44.384+0000][7672][safepoint    ] Leaving safepoint region
[2022-06-16T20:15:44.384+0000][7672][safepoint    ] Total time for which application threads were stopped: 0.0001357 seconds, Stopping threads took: 0.0000239 seconds
[2022-06-16T20:15:44.384+0000][7672][safepoint    ] Application time: 0.0000584 seconds
[2022-06-16T20:15:44.384+0000][7672][safepoint    ] Entering safepoint region: RevokeBias
[2022-06-16T20:15:44.384+0000][7672][safepoint    ] Leaving safepoint region
[2022-06-16T20:15:44.384+0000][7672][safepoint    ] Total time for which application threads were stopped: 0.0000828 seconds, Stopping threads took: 0.0000162 seconds
[2022-06-16T20:15:45.388+0000][7672][safepoint    ] Application time: 1.0036374 seconds
[2022-06-16T20:15:45.388+0000][7672][safepoint    ] Entering safepoint region: Cleanup
[2022-06-16T20:15:45.388+0000][7672][safepoint    ] Leaving safepoint region
[2022-06-16T20:15:45.388+0000][7672][safepoint    ] Total time for which application threads were stopped: 0.0001031 seconds, Stopping threads took: 0.0000244 seconds
[2022-06-16T20:15:46.398+0000][7672][safepoint    ] Application time: 1.0101125 seconds
[2022-06-16T20:15:46.398+0000][7672][safepoint    ] Entering safepoint region: Cleanup
[2022-06-16T20:15:46.398+0000][7672][safepoint    ] Leaving safepoint region
[2022-06-16T20:15:46.398+0000][7672][safepoint    ] Total time for which application threads were stopped: 0.0001168 seconds, Stopping threads took: 0.0000288 seconds
[2022-06-16T20:15:47.399+0000][7672][safepoint    ] Application time: 1.0008846 seconds
[2022-06-16T20:15:47.399+0000][7672][safepoint    ] Entering safepoint region: Cleanup
[2022-06-16T20:15:47.399+0000][7672][safepoint    ] Leaving safepoint region
[2022-06-16T20:15:47.399+0000][7672][safepoint    ] Total time for which application threads were stopped: 0.0001042 seconds, Stopping threads took: 0.0000237 seconds
[2022-06-16T20:15:48.414+0000][7672][safepoint    ] Application time: 1.0140246 seconds
[2022-06-16T20:15:48.414+0000][7672][safepoint    ] Entering safepoint region: Cleanup
[2022-06-16T20:15:48.414+0000][7672][safepoint    ] Leaving safepoint region
[2022-06-16T20:15:48.414+0000][7672][safepoint    ] Total time for which application threads were stopped: 0.0001123 seconds, Stopping threads took: 0.0000305 seconds
[2022-06-16T20:15:49.414+0000][7672][safepoint    ] Application time: 0.9997821 seconds
[2022-06-16T20:15:49.414+0000][7672][safepoint    ] Entering safepoint region: Cleanup
[2022-06-16T20:15:49.414+0000][7672][safepoint    ] Leaving safepoint region
[2022-06-16T20:15:49.414+0000][7672][safepoint    ] Total time for which application threads were stopped: 0.0001344 seconds, Stopping threads took: 0.0000314 seconds
[2022-06-16T20:15:50.414+0000][7672][safepoint    ] Application time: 1.0001935 seconds
[2022-06-16T20:15:50.414+0000][7672][safepoint    ] Entering safepoint region: Cleanup
[2022-06-16T20:15:50.414+0000][7672][safepoint    ] Leaving safepoint region
[2022-06-16T20:15:50.414+0000][7672][safepoint    ] Total time for which application threads were stopped: 0.0001261 seconds, Stopping threads took: 0.0000307 seconds
[2022-06-16T20:15:51.417+0000][7672][safepoint    ] Application time: 1.0030446 seconds
[2022-06-16T20:15:51.417+0000][7672][safepoint    ] Entering safepoint region: Cleanup
[2022-06-16T20:15:51.417+0000][7672][safepoint    ] Leaving safepoint region
[2022-06-16T20:15:51.417+0000][7672][safepoint    ] Total time for which application threads were stopped: 0.0001102 seconds, Stopping threads took: 0.0000261 seconds
[2022-06-16T20:15:52.424+0000][7672][safepoint    ] Application time: 1.0065033 seconds
[2022-06-16T20:15:52.424+0000][7672][safepoint    ] Entering safepoint region: Cleanup
[2022-06-16T20:15:52.424+0000][7672][safepoint    ] Leaving safepoint region
[2022-06-16T20:15:52.424+0000][7672][safepoint    ] Total time for which application threads were stopped: 0.0001204 seconds, Stopping threads took: 0.0000292 seconds
[2022-06-16T20:15:53.435+0000][7672][safepoint    ] Application time: 1.0105696 seconds
[2022-06-16T20:15:53.435+0000][7672][safepoint    ] Entering safepoint region: Cleanup
[2022-06-16T20:15:53.435+0000][7672][safepoint    ] Leaving safepoint region
[2022-06-16T20:15:53.435+0000][7672][safepoint    ] Total time for which application threads were stopped: 0.0001033 seconds, Stopping threads took: 0.0000241 seconds
[2022-06-16T20:15:54.447+0000][7672][safepoint    ] Application time: 1.0120688 seconds
[2022-06-16T20:15:54.447+0000][7672][safepoint    ] Entering safepoint region: Cleanup
[2022-06-16T20:15:54.447+0000][7672][safepoint    ] Leaving safepoint region
[2022-06-16T20:15:54.447+0000][7672][safepoint    ] Total time for which application threads were stopped: 0.0001060 seconds, Stopping threads took: 0.0000250 seconds
[2022-06-16T20:15:55.459+0000][7672][safepoint    ] Application time: 1.0120797 seconds
[2022-06-16T20:15:55.459+0000][7672][safepoint    ] Entering safepoint region: Cleanup
[2022-06-16T20:15:55.459+0000][7672][safepoint    ] Leaving safepoint region
[2022-06-16T20:15:55.459+0000][7672][safepoint    ] Total time for which application threads were stopped: 0.0001081 seconds, Stopping threads took: 0.0000228 seconds
[2022-06-16T20:15:56.468+0000][7672][safepoint    ] Application time: 1.0089976 seconds
[2022-06-16T20:15:56.468+0000][7672][safepoint    ] Entering safepoint region: Cleanup
[2022-06-16T20:15:56.468+0000][7672][safepoint    ] Leaving safepoint region
[2022-06-16T20:15:56.468+0000][7672][safepoint    ] Total time for which application threads were stopped: 0.0001323 seconds, Stopping threads took: 0.0000316 seconds
[2022-06-16T20:15:57.478+0000][7672][safepoint    ] Application time: 1.0091141 seconds
[2022-06-16T20:15:57.478+0000][7672][safepoint    ] Entering safepoint region: Cleanup
[2022-06-16T20:15:57.478+0000][7672][safepoint    ] Leaving safepoint region
[2022-06-16T20:15:57.478+0000][7672][safepoint    ] Total time for which application threads were stopped: 0.0001392 seconds, Stopping threads took: 0.0000327 seconds
[2022-06-16T20:15:58.483+0000][7672][safepoint    ] Application time: 1.0054971 seconds
[2022-06-16T20:15:58.483+0000][7672][safepoint    ] Entering safepoint region: Cleanup
[2022-06-16T20:15:58.483+0000][7672][safepoint    ] Leaving safepoint region
[2022-06-16T20:15:58.483+0000][7672][safepoint    ] Total time for which application threads were stopped: 0.0001148 seconds, Stopping threads took: 0.0000249 seconds
[2022-06-16T20:15:58.640+0000][7672][safepoint    ] Application time: 0.1561418 seconds
[2022-06-16T20:15:58.640+0000][7672][safepoint    ] Entering safepoint region: RevokeBias
[2022-06-16T20:15:58.640+0000][7672][safepoint    ] Leaving safepoint region
[2022-06-16T20:15:58.640+0000][7672][safepoint    ] Total time for which application threads were stopped: 0.0001310 seconds, Stopping threads took: 0.0000278 seconds
[2022-06-16T20:15:59.644+0000][7672][safepoint    ] Application time: 1.0044256 seconds
[2022-06-16T20:15:59.644+0000][7672][safepoint    ] Entering safepoint region: Cleanup
[2022-06-16T20:15:59.644+0000][7672][safepoint    ] Leaving safepoint region
[2022-06-16T20:15:59.644+0000][7672][safepoint    ] Total time for which application threads were stopped: 0.0001397 seconds, Stopping threads took: 0.0000347 seconds
[2022-06-16T20:16:00.644+0000][7672][safepoint    ] Application time: 0.9997093 seconds
[2022-06-16T20:16:00.644+0000][7672][safepoint    ] Entering safepoint region: Cleanup
[2022-06-16T20:16:00.644+0000][7672][safepoint    ] Leaving safepoint region
[2022-06-16T20:16:00.644+0000][7672][safepoint    ] Total time for which application threads were stopped: 0.0001172 seconds, Stopping threads took: 0.0000247 seconds
[2022-06-16T20:16:01.650+0000][7672][safepoint    ] Application time: 1.0054548 seconds
[2022-06-16T20:16:01.650+0000][7672][safepoint    ] Entering safepoint region: Cleanup
[2022-06-16T20:16:01.650+0000][7672][safepoint    ] Leaving safepoint region
[2022-06-16T20:16:01.650+0000][7672][safepoint    ] Total time for which application threads were stopped: 0.0001159 seconds, Stopping threads took: 0.0000303 seconds
[2022-06-16T20:16:02.659+0000][7672][safepoint    ] Application time: 1.0087508 seconds
[2022-06-16T20:16:02.659+0000][7672][safepoint    ] Entering safepoint region: Cleanup
[2022-06-16T20:16:02.659+0000][7672][safepoint    ] Leaving safepoint region
[2022-06-16T20:16:02.659+0000][7672][safepoint    ] Total time for which application threads were stopped: 0.0001142 seconds, Stopping threads took: 0.0000246 seconds
[2022-06-16T20:16:03.663+0000][7672][safepoint    ] Application time: 1.0036998 seconds
[2022-06-16T20:16:03.663+0000][7672][safepoint    ] Entering safepoint region: Cleanup
[2022-06-16T20:16:03.663+0000][7672][safepoint    ] Leaving safepoint region
[2022-06-16T20:16:03.663+0000][7672][safepoint    ] Total time for which application threads were stopped: 0.0001048 seconds, Stopping threads took: 0.0000252 seconds
[2022-06-16T20:16:04.676+0000][7672][safepoint    ] Application time: 1.0133938 seconds
[2022-06-16T20:16:04.676+0000][7672][safepoint    ] Entering safepoint region: Cleanup
[2022-06-16T20:16:04.676+0000][7672][safepoint    ] Leaving safepoint region
[2022-06-16T20:16:04.676+0000][7672][safepoint    ] Total time for which application threads were stopped: 0.0001064 seconds, Stopping threads took: 0.0000235 seconds
[2022-06-16T20:16:05.678+0000][7672][safepoint    ] Application time: 1.0010210 seconds
[2022-06-16T20:16:05.678+0000][7672][safepoint    ] Entering safepoint region: Cleanup
[2022-06-16T20:16:05.678+0000][7672][safepoint    ] Leaving safepoint region
[2022-06-16T20:16:05.678+0000][7672][safepoint    ] Total time for which application threads were stopped: 0.0001350 seconds, Stopping threads took: 0.0000302 seconds
[2022-06-16T20:16:06.131+0000][7672][safepoint    ] Application time: 0.4530884 seconds
[2022-06-16T20:16:06.131+0000][7672][safepoint    ] Entering safepoint region: RevokeBias
[2022-06-16T20:16:06.131+0000][7672][safepoint    ] Leaving safepoint region
[2022-06-16T20:16:06.131+0000][7672][safepoint    ] Total time for which application threads were stopped: 0.0001393 seconds, Stopping threads took: 0.0000270 seconds
[2022-06-16T20:16:07.144+0000][7672][safepoint    ] Application time: 1.0131723 seconds
[2022-06-16T20:16:07.144+0000][7672][safepoint    ] Entering safepoint region: Cleanup
[2022-06-16T20:16:07.144+0000][7672][safepoint    ] Leaving safepoint region
[2022-06-16T20:16:07.144+0000][7672][safepoint    ] Total time for which application threads were stopped: 0.0001044 seconds, Stopping threads took: 0.0000237 seconds
[2022-06-16T20:16:08.158+0000][7672][safepoint    ] Application time: 1.0132528 seconds
[2022-06-16T20:16:08.158+0000][7672][safepoint    ] Entering safepoint region: Cleanup
[2022-06-16T20:16:08.158+0000][7672][safepoint    ] Leaving safepoint region
[2022-06-16T20:16:08.158+0000][7672][safepoint    ] Total time for which application threads were stopped: 0.0001048 seconds, Stopping threads took: 0.0000241 seconds
[2022-06-16T20:16:09.164+0000][7672][safepoint    ] Application time: 1.0060814 seconds
[2022-06-16T20:16:09.164+0000][7672][safepoint    ] Entering safepoint region: Cleanup
[2022-06-16T20:16:09.164+0000][7672][safepoint    ] Leaving safepoint region
[2022-06-16T20:16:09.164+0000][7672][safepoint    ] Total time for which application threads were stopped: 0.0001107 seconds, Stopping threads took: 0.0000259 seconds
[2022-06-16T20:16:10.174+0000][7672][safepoint    ] Application time: 1.0102383 seconds
[2022-06-16T20:16:10.174+0000][7672][safepoint    ] Entering safepoint region: Cleanup
[2022-06-16T20:16:10.174+0000][7672][safepoint    ] Leaving safepoint region
[2022-06-16T20:16:10.174+0000][7672][safepoint    ] Total time for which application threads were stopped: 0.0001455 seconds, Stopping threads took: 0.0000350 seconds
[2022-06-16T20:16:11.186+0000][7672][safepoint    ] Application time: 1.0109565 seconds
[2022-06-16T20:16:11.186+0000][7672][safepoint    ] Entering safepoint region: Cleanup
[2022-06-16T20:16:11.186+0000][7672][safepoint    ] Leaving safepoint region
[2022-06-16T20:16:11.186+0000][7672][safepoint    ] Total time for which application threads were stopped: 0.0001231 seconds, Stopping threads took: 0.0000399 seconds
[2022-06-16T20:16:12.187+0000][7672][safepoint    ] Application time: 1.0009924 seconds
[2022-06-16T20:16:12.187+0000][7672][safepoint    ] Entering safepoint region: Cleanup
[2022-06-16T20:16:12.187+0000][7672][safepoint    ] Leaving safepoint region
[2022-06-16T20:16:12.187+0000][7672][safepoint    ] Total time for which application threads were stopped: 0.0001530 seconds, Stopping threads took: 0.0000413 seconds
[2022-06-16T20:16:13.039+0000][7672][safepoint    ] Application time: 0.8517881 seconds
[2022-06-16T20:16:13.039+0000][7672][safepoint    ] Entering safepoint region: RevokeBias
[2022-06-16T20:16:13.039+0000][7672][safepoint    ] Leaving safepoint region
[2022-06-16T20:16:13.039+0000][7672][safepoint    ] Total time for which application threads were stopped: 0.0001525 seconds, Stopping threads took: 0.0000415 seconds
[2022-06-16T20:16:13.039+0000][7672][safepoint    ] Application time: 0.0000765 seconds
[2022-06-16T20:16:13.039+0000][7672][safepoint    ] Entering safepoint region: RevokeBias
[2022-06-16T20:16:13.039+0000][7672][safepoint    ] Leaving safepoint region
[2022-06-16T20:16:13.039+0000][7672][safepoint    ] Total time for which application threads were stopped: 0.0000881 seconds, Stopping threads took: 0.0000225 seconds
[2022-06-16T20:16:13.054+0000][7672][safepoint    ] Application time: 0.0151054 seconds
[2022-06-16T20:16:13.054+0000][7672][safepoint    ] Entering safepoint region: RevokeBias
[2022-06-16T20:16:13.054+0000][7672][safepoint    ] Leaving safepoint region
[2022-06-16T20:16:13.054+0000][7672][safepoint    ] Total time for which application threads were stopped: 0.0001186 seconds, Stopping threads took: 0.0000337 seconds
[2022-06-16T20:16:13.101+0000][7672][safepoint    ] Application time: 0.0467254 seconds
[2022-06-16T20:16:13.101+0000][7672][safepoint    ] Entering safepoint region: RevokeBias
[2022-06-16T20:16:13.101+0000][7672][safepoint    ] Leaving safepoint region
[2022-06-16T20:16:13.101+0000][7672][safepoint    ] Total time for which application threads were stopped: 0.0004522 seconds, Stopping threads took: 0.0000277 seconds
[2022-06-16T20:16:13.476+0000][7672][safepoint    ] Application time: 0.3753072 seconds
[2022-06-16T20:16:13.476+0000][7672][safepoint    ] Entering safepoint region: RevokeBias
[2022-06-16T20:16:13.476+0000][7672][safepoint    ] Leaving safepoint region
[2022-06-16T20:16:13.476+0000][7672][safepoint    ] Total time for which application threads were stopped: 0.0001649 seconds, Stopping threads took: 0.0000399 seconds
[2022-06-16T20:16:13.476+0000][7672][safepoint    ] Application time: 0.0010780 seconds
[2022-06-16T20:16:13.476+0000][7672][safepoint    ] Entering safepoint region: RevokeBias
[2022-06-16T20:16:13.476+0000][7672][safepoint    ] Leaving safepoint region
[2022-06-16T20:16:13.476+0000][7672][safepoint    ] Total time for which application threads were stopped: 0.0001067 seconds, Stopping threads took: 0.0000318 seconds
[2022-06-16T20:16:14.492+0000][7672][safepoint    ] Application time: 1.0131580 seconds
[2022-06-16T20:16:14.492+0000][7672][safepoint    ] Entering safepoint region: Cleanup
[2022-06-16T20:16:14.492+0000][7672][safepoint    ] Leaving safepoint region
[2022-06-16T20:16:14.492+0000][7672][safepoint    ] Total time for which application threads were stopped: 0.0001077 seconds, Stopping threads took: 0.0000325 seconds
[2022-06-16T20:16:19.520+0000][7672][safepoint    ] Application time: 5.0276964 seconds
[2022-06-16T20:16:19.520+0000][7672][safepoint    ] Entering safepoint region: Cleanup
[2022-06-16T20:16:19.520+0000][7672][safepoint    ] Leaving safepoint region
[2022-06-16T20:16:19.520+0000][7672][safepoint    ] Total time for which application threads were stopped: 0.0001239 seconds, Stopping threads took: 0.0000307 seconds
[2022-06-16T20:16:24.561+0000][7672][safepoint    ] Application time: 5.0437196 seconds
[2022-06-16T20:16:24.561+0000][7672][safepoint    ] Entering safepoint region: Cleanup
[2022-06-16T20:16:24.561+0000][7672][safepoint    ] Leaving safepoint region
[2022-06-16T20:16:24.561+0000][7672][safepoint    ] Total time for which application threads were stopped: 0.0001722 seconds, Stopping threads took: 0.0000449 seconds
[2022-06-16T20:16:29.584+0000][7672][safepoint    ] Application time: 5.0204987 seconds
[2022-06-16T20:16:29.584+0000][7672][safepoint    ] Entering safepoint region: Cleanup
[2022-06-16T20:16:29.584+0000][7672][safepoint    ] Leaving safepoint region
[2022-06-16T20:16:29.584+0000][7672][safepoint    ] Total time for which application threads were stopped: 0.0001256 seconds, Stopping threads took: 0.0000314 seconds
[2022-06-16T20:16:31.604+0000][7672][safepoint    ] Application time: 2.0193112 seconds
[2022-06-16T20:16:31.604+0000][7672][safepoint    ] Entering safepoint region: Cleanup
[2022-06-16T20:16:31.604+0000][7672][safepoint    ] Leaving safepoint region
[2022-06-16T20:16:31.604+0000][7672][safepoint    ] Total time for which application threads were stopped: 0.0000953 seconds, Stopping threads took: 0.0000229 seconds
[2022-06-16T20:16:33.627+0000][7672][safepoint    ] Application time: 2.0224893 seconds
[2022-06-16T20:16:33.627+0000][7672][safepoint    ] Entering safepoint region: Cleanup
[2022-06-16T20:16:33.627+0000][7672][safepoint    ] Leaving safepoint region
[2022-06-16T20:16:33.627+0000][7672][safepoint    ] Total time for which application threads were stopped: 0.0001224 seconds, Stopping threads took: 0.0000304 seconds
[2022-06-16T20:16:34.627+0000][7672][safepoint    ] Application time: 0.9998584 seconds
[2022-06-16T20:16:34.627+0000][7672][safepoint    ] Entering safepoint region: Cleanup
[2022-06-16T20:16:34.627+0000][7672][safepoint    ] Leaving safepoint region
[2022-06-16T20:16:34.627+0000][7672][safepoint    ] Total time for which application threads were stopped: 0.0001202 seconds, Stopping threads took: 0.0000292 seconds
[2022-06-16T20:16:35.627+0000][7672][safepoint    ] Application time: 0.9997208 seconds
[2022-06-16T20:16:35.627+0000][7672][safepoint    ] Entering safepoint region: Cleanup
[2022-06-16T20:16:35.627+0000][7672][safepoint    ] Leaving safepoint region
[2022-06-16T20:16:35.627+0000][7672][safepoint    ] Total time for which application threads were stopped: 0.0001218 seconds, Stopping threads took: 0.0000324 seconds
[2022-06-16T20:16:36.631+0000][7672][safepoint    ] Application time: 1.0043879 seconds
[2022-06-16T20:16:36.631+0000][7672][safepoint    ] Entering safepoint region: Cleanup
[2022-06-16T20:16:36.631+0000][7672][safepoint    ] Leaving safepoint region
[2022-06-16T20:16:36.631+0000][7672][safepoint    ] Total time for which application threads were stopped: 0.0001228 seconds, Stopping threads took: 0.0000322 seconds
[2022-06-16T20:16:38.638+0000][7672][safepoint    ] Application time: 2.0065973 seconds
[2022-06-16T20:16:38.638+0000][7672][safepoint    ] Entering safepoint region: Cleanup
[2022-06-16T20:16:38.638+0000][7672][safepoint    ] Leaving safepoint region
[2022-06-16T20:16:38.638+0000][7672][safepoint    ] Total time for which application threads were stopped: 0.0001185 seconds, Stopping threads took: 0.0000308 seconds
[2022-06-16T20:16:40.645+0000][7672][safepoint    ] Application time: 2.0068072 seconds
[2022-06-16T20:16:40.645+0000][7672][safepoint    ] Entering safepoint region: Cleanup
[2022-06-16T20:16:40.645+0000][7672][safepoint    ] Leaving safepoint region
[2022-06-16T20:16:40.645+0000][7672][safepoint    ] Total time for which application threads were stopped: 0.0000919 seconds, Stopping threads took: 0.0000221 seconds
[2022-06-16T20:16:43.487+0000][7672][safepoint    ] Application time: 2.8428734 seconds
[2022-06-16T20:16:43.487+0000][7672][safepoint    ] Entering safepoint region: RevokeBias
[2022-06-16T20:16:43.487+0000][7672][safepoint    ] Leaving safepoint region
[2022-06-16T20:16:43.487+0000][7672][safepoint    ] Total time for which application threads were stopped: 0.0001989 seconds, Stopping threads took: 0.0000601 seconds
[2022-06-16T20:16:43.487+0000][7672][safepoint    ] Application time: 0.0003649 seconds
[2022-06-16T20:16:43.487+0000][7672][safepoint    ] Entering safepoint region: RevokeBias
[2022-06-16T20:16:43.487+0000][7672][safepoint    ] Leaving safepoint region
[2022-06-16T20:16:43.487+0000][7672][safepoint    ] Total time for which application threads were stopped: 0.0000761 seconds, Stopping threads took: 0.0000207 seconds
[2022-06-16T20:16:43.487+0000][7672][safepoint    ] Application time: 0.0001807 seconds
[2022-06-16T20:16:43.487+0000][7672][safepoint    ] Entering safepoint region: RevokeBias
[2022-06-16T20:16:43.487+0000][7672][safepoint    ] Leaving safepoint region
[2022-06-16T20:16:43.487+0000][7672][safepoint    ] Total time for which application threads were stopped: 0.0000527 seconds, Stopping threads took: 0.0000132 seconds
[2022-06-16T20:16:43.487+0000][7672][safepoint    ] Application time: 0.0001047 seconds
[2022-06-16T20:16:43.487+0000][7672][safepoint    ] Entering safepoint region: RevokeBias
[2022-06-16T20:16:43.487+0000][7672][safepoint    ] Leaving safepoint region
[2022-06-16T20:16:43.487+0000][7672][safepoint    ] Total time for which application threads were stopped: 0.0000494 seconds, Stopping threads took: 0.0000126 seconds
[2022-06-16T20:16:44.495+0000][7672][safepoint    ] Application time: 1.0055916 seconds
[2022-06-16T20:16:44.495+0000][7672][safepoint    ] Entering safepoint region: Cleanup
[2022-06-16T20:16:44.495+0000][7672][safepoint    ] Leaving safepoint region
[2022-06-16T20:16:44.495+0000][7672][safepoint    ] Total time for which application threads were stopped: 0.0000949 seconds, Stopping threads took: 0.0000221 seconds
[2022-06-16T20:16:45.496+0000][7672][safepoint    ] Application time: 1.0008868 seconds
[2022-06-16T20:16:45.496+0000][7672][safepoint    ] Entering safepoint region: Cleanup
[2022-06-16T20:16:45.496+0000][7672][safepoint    ] Leaving safepoint region
[2022-06-16T20:16:45.496+0000][7672][safepoint    ] Total time for which application threads were stopped: 0.0001207 seconds, Stopping threads took: 0.0000290 seconds
[2022-06-16T20:16:49.501+0000][7672][safepoint    ] Application time: 4.0051923 seconds
[2022-06-16T20:16:49.501+0000][7672][safepoint    ] Entering safepoint region: Cleanup
[2022-06-16T20:16:49.501+0000][7672][safepoint    ] Leaving safepoint region
[2022-06-16T20:16:49.501+0000][7672][safepoint    ] Total time for which application threads were stopped: 0.0001185 seconds, Stopping threads took: 0.0000301 seconds
[2022-06-16T20:16:51.526+0000][7672][safepoint    ] Application time: 2.0249575 seconds
[2022-06-16T20:16:51.526+0000][7672][safepoint    ] Entering safepoint region: Cleanup
[2022-06-16T20:16:51.526+0000][7672][safepoint    ] Leaving safepoint region
[2022-06-16T20:16:51.526+0000][7672][safepoint    ] Total time for which application threads were stopped: 0.0000961 seconds, Stopping threads took: 0.0000228 seconds
[2022-06-16T20:16:58.641+0000][7672][safepoint    ] Application time: 7.1140509 seconds
[2022-06-16T20:16:58.641+0000][7672][safepoint    ] Entering safepoint region: RevokeBias
[2022-06-16T20:16:58.641+0000][7672][safepoint    ] Leaving safepoint region
[2022-06-16T20:16:58.641+0000][7672][safepoint    ] Total time for which application threads were stopped: 0.0000987 seconds, Stopping threads took: 0.0000189 seconds
[2022-06-16T20:16:59.645+0000][7672][safepoint    ] Application time: 1.0038129 seconds
[2022-06-16T20:16:59.645+0000][7672][safepoint    ] Entering safepoint region: Cleanup
[2022-06-16T20:16:59.645+0000][7672][safepoint    ] Leaving safepoint region
[2022-06-16T20:16:59.645+0000][7672][safepoint    ] Total time for which application threads were stopped: 0.0001227 seconds, Stopping threads took: 0.0000302 seconds
[2022-06-16T20:17:02.685+0000][7672][safepoint    ] Application time: 3.0401932 seconds
[2022-06-16T20:17:02.685+0000][7672][safepoint    ] Entering safepoint region: Cleanup
[2022-06-16T20:17:02.685+0000][7672][safepoint    ] Leaving safepoint region
[2022-06-16T20:17:02.685+0000][7672][safepoint    ] Total time for which application threads were stopped: 0.0001217 seconds, Stopping threads took: 0.0000335 seconds
[2022-06-16T20:17:06.735+0000][7672][safepoint    ] Application time: 4.0500132 seconds
[2022-06-16T20:17:06.735+0000][7672][safepoint    ] Entering safepoint region: Cleanup
[2022-06-16T20:17:06.735+0000][7672][safepoint    ] Leaving safepoint region
[2022-06-16T20:17:06.735+0000][7672][safepoint    ] Total time for which application threads were stopped: 0.0001000 seconds, Stopping threads took: 0.0000245 seconds
[2022-06-16T20:17:13.493+0000][7672][safepoint    ] Application time: 6.7590908 seconds
[2022-06-16T20:17:13.493+0000][7672][safepoint    ] Entering safepoint region: RevokeBias
[2022-06-16T20:17:13.493+0000][7672][safepoint    ] Leaving safepoint region
[2022-06-16T20:17:13.493+0000][7672][safepoint    ] Total time for which application threads were stopped: 0.0001589 seconds, Stopping threads took: 0.0000589 seconds
[2022-06-16T20:17:13.493+0000][7672][safepoint    ] Application time: 0.0008657 seconds
[2022-06-16T20:17:13.493+0000][7672][safepoint    ] Entering safepoint region: RevokeBias
[2022-06-16T20:17:13.493+0000][7672][safepoint    ] Leaving safepoint region
[2022-06-16T20:17:13.493+0000][7672][safepoint    ] Total time for which application threads were stopped: 0.0000747 seconds, Stopping threads took: 0.0000144 seconds
[2022-06-16T20:17:17.530+0000][7672][safepoint    ] Application time: 4.0342089 seconds
[2022-06-16T20:17:17.530+0000][7672][safepoint    ] Entering safepoint region: Cleanup
[2022-06-16T20:17:17.530+0000][7672][safepoint    ] Leaving safepoint region
[2022-06-16T20:17:17.530+0000][7672][safepoint    ] Total time for which application threads were stopped: 0.0000978 seconds, Stopping threads took: 0.0000239 seconds
[2022-06-16T20:17:18.545+0000][7672][safepoint    ] Application time: 1.0154985 seconds
[2022-06-16T20:17:18.545+0000][7672][safepoint    ] Entering safepoint region: Cleanup
[2022-06-16T20:17:18.545+0000][7672][safepoint    ] Leaving safepoint region
[2022-06-16T20:17:18.545+0000][7672][safepoint    ] Total time for which application threads were stopped: 0.0001200 seconds, Stopping threads took: 0.0000296 seconds
[2022-06-16T20:17:22.575+0000][7672][safepoint    ] Application time: 4.0288881 seconds
[2022-06-16T20:17:22.575+0000][7672][safepoint    ] Entering safepoint region: Cleanup
[2022-06-16T20:17:22.575+0000][7672][safepoint    ] Leaving safepoint region
[2022-06-16T20:17:22.575+0000][7672][safepoint    ] Total time for which application threads were stopped: 0.0000975 seconds, Stopping threads took: 0.0000231 seconds
[2022-06-16T20:17:26.609+0000][7672][safepoint    ] Application time: 4.0340880 seconds
[2022-06-16T20:17:26.609+0000][7672][safepoint    ] Entering safepoint region: Cleanup
[2022-06-16T20:17:26.609+0000][7672][safepoint    ] Leaving safepoint region
[2022-06-16T20:17:26.609+0000][7672][safepoint    ] Total time for which application threads were stopped: 0.0000971 seconds, Stopping threads took: 0.0000235 seconds
[2022-06-16T20:17:29.625+0000][7672][safepoint    ] Application time: 3.0160246 seconds
[2022-06-16T20:17:29.625+0000][7672][safepoint    ] Entering safepoint region: Cleanup
[2022-06-16T20:17:29.625+0000][7672][safepoint    ] Leaving safepoint region
[2022-06-16T20:17:29.625+0000][7672][safepoint    ] Total time for which application threads were stopped: 0.0001073 seconds, Stopping threads took: 0.0000356 seconds
[2022-06-16T20:17:30.641+0000][7672][safepoint    ] Application time: 1.0185266 seconds
[2022-06-16T20:17:30.641+0000][7672][safepoint    ] Entering safepoint region: Cleanup
[2022-06-16T20:17:30.641+0000][7672][safepoint    ] Leaving safepoint region
[2022-06-16T20:17:30.641+0000][7672][safepoint    ] Total time for which application threads were stopped: 0.0001685 seconds, Stopping threads took: 0.0000481 seconds
[2022-06-16T20:17:39.713+0000][7672][safepoint    ] Application time: 9.0686150 seconds
[2022-06-16T20:17:39.713+0000][7672][safepoint    ] Entering safepoint region: Cleanup
[2022-06-16T20:17:39.713+0000][7672][safepoint    ] Leaving safepoint region
[2022-06-16T20:17:39.713+0000][7672][safepoint    ] Total time for which application threads were stopped: 0.0000979 seconds, Stopping threads took: 0.0000241 seconds
[2022-06-16T20:17:41.733+0000][7672][safepoint    ] Application time: 2.0204109 seconds
[2022-06-16T20:17:41.733+0000][7672][safepoint    ] Entering safepoint region: Cleanup
[2022-06-16T20:17:41.733+0000][7672][safepoint    ] Leaving safepoint region
[2022-06-16T20:17:41.733+0000][7672][safepoint    ] Total time for which application threads were stopped: 0.0000957 seconds, Stopping threads took: 0.0000231 seconds
[2022-06-16T20:17:43.509+0000][7672][safepoint    ] Application time: 1.7762460 seconds
[2022-06-16T20:17:43.509+0000][7672][safepoint    ] Entering safepoint region: RevokeBias
[2022-06-16T20:17:43.509+0000][7672][safepoint    ] Leaving safepoint region
[2022-06-16T20:17:43.509+0000][7672][safepoint    ] Total time for which application threads were stopped: 0.0001428 seconds, Stopping threads took: 0.0000521 seconds
[2022-06-16T20:17:43.509+0000][7672][safepoint    ] Application time: 0.0006315 seconds
[2022-06-16T20:17:43.509+0000][7672][safepoint    ] Entering safepoint region: RevokeBias
[2022-06-16T20:17:43.509+0000][7672][safepoint    ] Leaving safepoint region
[2022-06-16T20:17:43.509+0000][7672][safepoint    ] Total time for which application threads were stopped: 0.0000680 seconds, Stopping threads took: 0.0000162 seconds
[2022-06-16T20:17:44.510+0000][7672][safepoint    ] Application time: 0.9991047 seconds
[2022-06-16T20:17:44.510+0000][7672][safepoint    ] Entering safepoint region: Cleanup
[2022-06-16T20:17:44.510+0000][7672][safepoint    ] Leaving safepoint region
[2022-06-16T20:17:44.510+0000][7672][safepoint    ] Total time for which application threads were stopped: 0.0001042 seconds, Stopping threads took: 0.0000240 seconds
[2022-06-16T20:17:45.510+0000][7672][safepoint    ] Application time: 0.9998505 seconds
[2022-06-16T20:17:45.510+0000][7672][safepoint    ] Entering safepoint region: Cleanup
[2022-06-16T20:17:45.510+0000][7672][safepoint    ] Leaving safepoint region
[2022-06-16T20:17:45.510+0000][7672][safepoint    ] Total time for which application threads were stopped: 0.0000898 seconds, Stopping threads took: 0.0000216 seconds
[2022-06-16T20:17:47.519+0000][7672][safepoint    ] Application time: 2.0095701 seconds
[2022-06-16T20:17:47.519+0000][7672][safepoint    ] Entering safepoint region: Cleanup
[2022-06-16T20:17:47.519+0000][7672][safepoint    ] Leaving safepoint region
[2022-06-16T20:17:47.519+0000][7672][safepoint    ] Total time for which application threads were stopped: 0.0001250 seconds, Stopping threads took: 0.0000315 seconds
[2022-06-16T20:17:59.615+0000][7672][safepoint    ] Application time: 12.0955570 seconds
[2022-06-16T20:17:59.615+0000][7672][safepoint    ] Entering safepoint region: Cleanup
[2022-06-16T20:17:59.615+0000][7672][safepoint    ] Leaving safepoint region
[2022-06-16T20:17:59.615+0000][7672][safepoint    ] Total time for which application threads were stopped: 0.0001000 seconds, Stopping threads took: 0.0000297 seconds
[2022-06-16T20:18:01.627+0000][7672][safepoint    ] Application time: 2.0114013 seconds
[2022-06-16T20:18:01.627+0000][7672][safepoint    ] Entering safepoint region: Cleanup
[2022-06-16T20:18:01.627+0000][7672][safepoint    ] Leaving safepoint region
[2022-06-16T20:18:01.627+0000][7672][safepoint    ] Total time for which application threads were stopped: 0.0001390 seconds, Stopping threads took: 0.0000328 seconds
[2022-06-16T20:18:06.660+0000][7672][safepoint    ] Application time: 5.0333871 seconds
[2022-06-16T20:18:06.660+0000][7672][safepoint    ] Entering safepoint region: Cleanup
[2022-06-16T20:18:06.660+0000][7672][safepoint    ] Leaving safepoint region
[2022-06-16T20:18:06.660+0000][7672][safepoint    ] Total time for which application threads were stopped: 0.0001616 seconds, Stopping threads took: 0.0000855 seconds
[2022-06-16T20:18:09.668+0000][7672][safepoint    ] Application time: 3.0079444 seconds
[2022-06-16T20:18:09.668+0000][7672][safepoint    ] Entering safepoint region: Cleanup
[2022-06-16T20:18:09.668+0000][7672][safepoint    ] Leaving safepoint region
[2022-06-16T20:18:09.668+0000][7672][safepoint    ] Total time for which application threads were stopped: 0.0001053 seconds, Stopping threads took: 0.0000372 seconds
[2022-06-16T20:18:13.519+0000][7672][safepoint    ] Application time: 3.8511639 seconds
[2022-06-16T20:18:13.519+0000][7672][safepoint    ] Entering safepoint region: RevokeBias
[2022-06-16T20:18:13.519+0000][7672][safepoint    ] Leaving safepoint region
[2022-06-16T20:18:13.519+0000][7672][safepoint    ] Total time for which application threads were stopped: 0.0001828 seconds, Stopping threads took: 0.0000750 seconds
[2022-06-16T20:18:13.519+0000][7672][safepoint    ] Application time: 0.0002645 seconds
[2022-06-16T20:18:13.519+0000][7672][safepoint    ] Entering safepoint region: RevokeBias
[2022-06-16T20:18:13.519+0000][7672][safepoint    ] Leaving safepoint region
[2022-06-16T20:18:13.519+0000][7672][safepoint    ] Total time for which application threads were stopped: 0.0000626 seconds, Stopping threads took: 0.0000151 seconds
[2022-06-16T20:18:14.524+0000][7672][safepoint    ] Application time: 1.0035941 seconds
[2022-06-16T20:18:14.524+0000][7672][safepoint    ] Entering safepoint region: Cleanup
[2022-06-16T20:18:14.524+0000][7672][safepoint    ] Leaving safepoint region
[2022-06-16T20:18:14.524+0000][7672][safepoint    ] Total time for which application threads were stopped: 0.0000907 seconds, Stopping threads took: 0.0000212 seconds
[2022-06-16T20:18:16.539+0000][7672][safepoint    ] Application time: 2.0146724 seconds
[2022-06-16T20:18:16.539+0000][7672][safepoint    ] Entering safepoint region: Cleanup
[2022-06-16T20:18:16.539+0000][7672][safepoint    ] Leaving safepoint region
[2022-06-16T20:18:16.539+0000][7672][safepoint    ] Total time for which application threads were stopped: 0.0001450 seconds, Stopping threads took: 0.0000355 seconds
[2022-06-16T20:18:22.581+0000][7672][safepoint    ] Application time: 6.0419317 seconds
[2022-06-16T20:18:22.581+0000][7672][safepoint    ] Entering safepoint region: Cleanup
[2022-06-16T20:18:22.581+0000][7672][safepoint    ] Leaving safepoint region
[2022-06-16T20:18:22.581+0000][7672][safepoint    ] Total time for which application threads were stopped: 0.0000983 seconds, Stopping threads took: 0.0000242 seconds
[2022-06-16T20:18:43.524+0000][7672][safepoint    ] Application time: 20.9437665 seconds
[2022-06-16T20:18:43.524+0000][7672][safepoint    ] Entering safepoint region: RevokeBias
[2022-06-16T20:18:43.524+0000][7672][safepoint    ] Leaving safepoint region
[2022-06-16T20:18:43.524+0000][7672][safepoint    ] Total time for which application threads were stopped: 0.0001013 seconds, Stopping threads took: 0.0000183 seconds
[2022-06-16T20:18:49.579+0000][7672][safepoint    ] Application time: 6.0537344 seconds
[2022-06-16T20:18:49.579+0000][7672][safepoint    ] Entering safepoint region: Cleanup
[2022-06-16T20:18:49.579+0000][7672][safepoint    ] Leaving safepoint region
[2022-06-16T20:18:49.579+0000][7672][safepoint    ] Total time for which application threads were stopped: 0.0001304 seconds, Stopping threads took: 0.0000296 seconds
[2022-06-16T20:18:52.603+0000][7672][safepoint    ] Application time: 3.0234336 seconds
[2022-06-16T20:18:52.603+0000][7672][safepoint    ] Entering safepoint region: Cleanup
[2022-06-16T20:18:52.603+0000][7672][safepoint    ] Leaving safepoint region
[2022-06-16T20:18:52.603+0000][7672][safepoint    ] Total time for which application threads were stopped: 0.0000970 seconds, Stopping threads took: 0.0000248 seconds
[2022-06-16T20:18:58.835+0000][7672][safepoint    ] Application time: 6.2326367 seconds
[2022-06-16T20:18:58.835+0000][7672][safepoint    ] Entering safepoint region: RevokeBias
[2022-06-16T20:18:58.835+0000][7672][safepoint    ] Leaving safepoint region
[2022-06-16T20:18:58.835+0000][7672][safepoint    ] Total time for which application threads were stopped: 0.0000841 seconds, Stopping threads took: 0.0000200 seconds
[2022-06-16T20:18:58.836+0000][7672][safepoint    ] Application time: 0.0005055 seconds
[2022-06-16T20:18:58.836+0000][7672][safepoint    ] Entering safepoint region: Deoptimize
[2022-06-16T20:18:58.836+0000][7672][safepoint    ] Leaving safepoint region
[2022-06-16T20:18:58.836+0000][7672][safepoint    ] Total time for which application threads were stopped: 0.0008689 seconds, Stopping threads took: 0.0000160 seconds
[2022-06-16T20:18:58.838+0000][7672][safepoint    ] Application time: 0.0019755 seconds
[2022-06-16T20:18:58.838+0000][7672][safepoint    ] Entering safepoint region: RevokeBias
[2022-06-16T20:18:58.839+0000][7672][safepoint    ] Leaving safepoint region
[2022-06-16T20:18:58.839+0000][7672][safepoint    ] Total time for which application threads were stopped: 0.0001335 seconds, Stopping threads took: 0.0000632 seconds
[2022-06-16T20:18:58.842+0000][7672][safepoint    ] Application time: 0.0033516 seconds
[2022-06-16T20:18:58.842+0000][7672][safepoint    ] Entering safepoint region: RevokeBias
[2022-06-16T20:18:58.842+0000][7672][safepoint    ] Leaving safepoint region
[2022-06-16T20:18:58.842+0000][7672][safepoint    ] Total time for which application threads were stopped: 0.0000766 seconds, Stopping threads took: 0.0000240 seconds
[2022-06-16T20:18:58.842+0000][7672][safepoint    ] Application time: 0.0001725 seconds
[2022-06-16T20:18:58.842+0000][7672][safepoint    ] Entering safepoint region: RevokeBias
[2022-06-16T20:18:58.842+0000][7672][safepoint    ] Leaving safepoint region
[2022-06-16T20:18:58.842+0000][7672][safepoint    ] Total time for which application threads were stopped: 0.0000669 seconds, Stopping threads took: 0.0000210 seconds
[2022-06-16T20:18:58.842+0000][7672][safepoint    ] Application time: 0.0000785 seconds
[2022-06-16T20:18:58.842+0000][7672][safepoint    ] Entering safepoint region: RevokeBias
[2022-06-16T20:18:58.843+0000][7672][safepoint    ] Leaving safepoint region
[2022-06-16T20:18:58.843+0000][7672][safepoint    ] Total time for which application threads were stopped: 0.0000633 seconds, Stopping threads took: 0.0000219 seconds
[2022-06-16T20:18:58.847+0000][7672][safepoint    ] Application time: 0.0045206 seconds
[2022-06-16T20:18:58.847+0000][7672][safepoint    ] Entering safepoint region: RevokeBias
[2022-06-16T20:18:58.847+0000][7672][safepoint    ] Leaving safepoint region
[2022-06-16T20:18:58.847+0000][7672][safepoint    ] Total time for which application threads were stopped: 0.0000903 seconds, Stopping threads took: 0.0000258 seconds
[2022-06-16T20:18:58.848+0000][7672][safepoint    ] Application time: 0.0008858 seconds
[2022-06-16T20:18:58.848+0000][7672][safepoint    ] Entering safepoint region: RevokeBias
[2022-06-16T20:18:58.848+0000][7672][safepoint    ] Leaving safepoint region
[2022-06-16T20:18:58.848+0000][7672][safepoint    ] Total time for which application threads were stopped: 0.0000725 seconds, Stopping threads took: 0.0000240 seconds
[2022-06-16T20:18:58.849+0000][7672][safepoint    ] Application time: 0.0007173 seconds
[2022-06-16T20:18:58.849+0000][7672][safepoint    ] Entering safepoint region: RevokeBias
[2022-06-16T20:18:58.849+0000][7672][safepoint    ] Leaving safepoint region
[2022-06-16T20:18:58.849+0000][7672][safepoint    ] Total time for which application threads were stopped: 0.0000846 seconds, Stopping threads took: 0.0000270 seconds
[2022-06-16T20:18:58.849+0000][7672][safepoint    ] Application time: 0.0003206 seconds
[2022-06-16T20:18:58.849+0000][7672][safepoint    ] Entering safepoint region: RevokeBias
[2022-06-16T20:18:58.850+0000][7672][safepoint    ] Leaving safepoint region
[2022-06-16T20:18:58.850+0000][7672][safepoint    ] Total time for which application threads were stopped: 0.0000778 seconds, Stopping threads took: 0.0000262 seconds
[2022-06-16T20:18:58.850+0000][7672][safepoint    ] Application time: 0.0003306 seconds
[2022-06-16T20:18:58.850+0000][7672][safepoint    ] Entering safepoint region: RevokeBias
[2022-06-16T20:18:58.850+0000][7672][safepoint    ] Leaving safepoint region
[2022-06-16T20:18:58.850+0000][7672][safepoint    ] Total time for which application threads were stopped: 0.0000716 seconds, Stopping threads took: 0.0000228 seconds
[2022-06-16T20:18:58.850+0000][7672][safepoint    ] Application time: 0.0000246 seconds
[2022-06-16T20:18:58.850+0000][7672][safepoint    ] Entering safepoint region: RevokeBias
[2022-06-16T20:18:58.850+0000][7672][safepoint    ] Leaving safepoint region
[2022-06-16T20:18:58.850+0000][7672][safepoint    ] Total time for which application threads were stopped: 0.0000572 seconds, Stopping threads took: 0.0000192 seconds
[2022-06-16T20:18:58.850+0000][7672][safepoint    ] Application time: 0.0000311 seconds
[2022-06-16T20:18:58.850+0000][7672][safepoint    ] Entering safepoint region: RevokeBias
[2022-06-16T20:18:58.850+0000][7672][safepoint    ] Leaving safepoint region
[2022-06-16T20:18:58.850+0000][7672][safepoint    ] Total time for which application threads were stopped: 0.0002740 seconds, Stopping threads took: 0.0002343 seconds
[2022-06-16T20:18:58.851+0000][7672][safepoint    ] Application time: 0.0000558 seconds
[2022-06-16T20:18:58.851+0000][7672][safepoint    ] Entering safepoint region: RevokeBias
[2022-06-16T20:18:58.851+0000][7672][safepoint    ] Leaving safepoint region
[2022-06-16T20:18:58.851+0000][7672][safepoint    ] Total time for which application threads were stopped: 0.0000511 seconds, Stopping threads took: 0.0000254 seconds
[2022-06-16T20:18:58.851+0000][7672][safepoint    ] Application time: 0.0003811 seconds
[2022-06-16T20:18:58.851+0000][7672][safepoint    ] Entering safepoint region: RevokeBias
[2022-06-16T20:18:58.851+0000][7672][safepoint    ] Leaving safepoint region
[2022-06-16T20:18:58.851+0000][7672][safepoint    ] Total time for which application threads were stopped: 0.0000733 seconds, Stopping threads took: 0.0000374 seconds
[2022-06-16T20:18:58.851+0000][7672][safepoint    ] Application time: 0.0000326 seconds
[2022-06-16T20:18:58.851+0000][7672][safepoint    ] Entering safepoint region: RevokeBias
[2022-06-16T20:18:58.851+0000][7672][safepoint    ] Leaving safepoint region
[2022-06-16T20:18:58.851+0000][7672][safepoint    ] Total time for which application threads were stopped: 0.0000563 seconds, Stopping threads took: 0.0000204 seconds
[2022-06-16T20:18:58.851+0000][7672][safepoint    ] Application time: 0.0000353 seconds
[2022-06-16T20:18:58.851+0000][7672][safepoint    ] Entering safepoint region: RevokeBias
[2022-06-16T20:18:58.851+0000][7672][safepoint    ] Leaving safepoint region
[2022-06-16T20:18:58.851+0000][7672][safepoint    ] Total time for which application threads were stopped: 0.0000722 seconds, Stopping threads took: 0.0000202 seconds
[2022-06-16T20:18:58.852+0000][7672][safepoint    ] Application time: 0.0001465 seconds
[2022-06-16T20:18:58.852+0000][7672][safepoint    ] Entering safepoint region: RevokeBias
[2022-06-16T20:18:58.852+0000][7672][safepoint    ] Leaving safepoint region
[2022-06-16T20:18:58.852+0000][7672][safepoint    ] Total time for which application threads were stopped: 0.0000621 seconds, Stopping threads took: 0.0000206 seconds
[2022-06-16T20:18:58.852+0000][7672][safepoint    ] Application time: 0.0002274 seconds
[2022-06-16T20:18:58.852+0000][7672][safepoint    ] Entering safepoint region: RevokeBias
[2022-06-16T20:18:58.852+0000][7672][safepoint    ] Leaving safepoint region
[2022-06-16T20:18:58.852+0000][7672][safepoint    ] Total time for which application threads were stopped: 0.0000458 seconds, Stopping threads took: 0.0000132 seconds
[2022-06-16T20:18:58.852+0000][7672][safepoint    ] Application time: 0.0000256 seconds
[2022-06-16T20:18:58.852+0000][7672][safepoint    ] Entering safepoint region: RevokeBias
[2022-06-16T20:18:58.852+0000][7672][safepoint    ] Leaving safepoint region
[2022-06-16T20:18:58.852+0000][7672][safepoint    ] Total time for which application threads were stopped: 0.0000432 seconds, Stopping threads took: 0.0000150 seconds
[2022-06-16T20:18:58.852+0000][7672][safepoint    ] Application time: 0.0000221 seconds
[2022-06-16T20:18:58.852+0000][7672][safepoint    ] Entering safepoint region: RevokeBias
[2022-06-16T20:18:58.852+0000][7672][safepoint    ] Leaving safepoint region
[2022-06-16T20:18:58.852+0000][7672][safepoint    ] Total time for which application threads were stopped: 0.0000366 seconds, Stopping threads took: 0.0000117 seconds
[2022-06-16T20:18:58.852+0000][7672][safepoint    ] Application time: 0.0002376 seconds
[2022-06-16T20:18:58.852+0000][7672][safepoint    ] Entering safepoint region: RevokeBias
[2022-06-16T20:18:58.852+0000][7672][safepoint    ] Leaving safepoint region
[2022-06-16T20:18:58.852+0000][7672][safepoint    ] Total time for which application threads were stopped: 0.0000571 seconds, Stopping threads took: 0.0000164 seconds
[2022-06-16T20:18:58.852+0000][7672][safepoint    ] Application time: 0.0000189 seconds
[2022-06-16T20:18:58.852+0000][7672][safepoint    ] Entering safepoint region: RevokeBias
[2022-06-16T20:18:58.853+0000][7672][safepoint    ] Leaving safepoint region
[2022-06-16T20:18:58.853+0000][7672][safepoint    ] Total time for which application threads were stopped: 0.0000564 seconds, Stopping threads took: 0.0000229 seconds
[2022-06-16T20:18:58.853+0000][7672][safepoint    ] Application time: 0.0001598 seconds
[2022-06-16T20:18:58.853+0000][7672][safepoint    ] Entering safepoint region: RevokeBias
[2022-06-16T20:18:58.853+0000][7672][safepoint    ] Leaving safepoint region
[2022-06-16T20:18:58.853+0000][7672][safepoint    ] Total time for which application threads were stopped: 0.0000641 seconds, Stopping threads took: 0.0000332 seconds
[2022-06-16T20:18:58.853+0000][7672][safepoint    ] Application time: 0.0000342 seconds
[2022-06-16T20:18:58.853+0000][7672][safepoint    ] Entering safepoint region: RevokeBias
[2022-06-16T20:18:58.853+0000][7672][safepoint    ] Leaving safepoint region
[2022-06-16T20:18:58.853+0000][7672][safepoint    ] Total time for which application threads were stopped: 0.0000367 seconds, Stopping threads took: 0.0000115 seconds
[2022-06-16T20:18:58.853+0000][7672][safepoint    ] Application time: 0.0000337 seconds
[2022-06-16T20:18:58.853+0000][7672][safepoint    ] Entering safepoint region: RevokeBias
[2022-06-16T20:18:58.853+0000][7672][safepoint    ] Leaving safepoint region
[2022-06-16T20:18:58.853+0000][7672][safepoint    ] Total time for which application threads were stopped: 0.0000523 seconds, Stopping threads took: 0.0000147 seconds
[2022-06-16T20:18:58.853+0000][7672][safepoint    ] Application time: 0.0000461 seconds
[2022-06-16T20:18:58.853+0000][7672][safepoint    ] Entering safepoint region: RevokeBias
[2022-06-16T20:18:58.853+0000][7672][safepoint    ] Leaving safepoint region
[2022-06-16T20:18:58.853+0000][7672][safepoint    ] Total time for which application threads were stopped: 0.0000470 seconds, Stopping threads took: 0.0000169 seconds
[2022-06-16T20:18:58.853+0000][7672][safepoint    ] Application time: 0.0000395 seconds
[2022-06-16T20:18:58.853+0000][7672][safepoint    ] Entering safepoint region: RevokeBias
[2022-06-16T20:18:58.853+0000][7672][safepoint    ] Leaving safepoint region
[2022-06-16T20:18:58.853+0000][7672][safepoint    ] Total time for which application threads were stopped: 0.0000363 seconds, Stopping threads took: 0.0000118 seconds
[2022-06-16T20:18:58.853+0000][7672][safepoint    ] Application time: 0.0000413 seconds
[2022-06-16T20:18:58.853+0000][7672][safepoint    ] Entering safepoint region: RevokeBias
[2022-06-16T20:18:58.853+0000][7672][safepoint    ] Leaving safepoint region
[2022-06-16T20:18:58.853+0000][7672][safepoint    ] Total time for which application threads were stopped: 0.0000357 seconds, Stopping threads took: 0.0000118 seconds
[2022-06-16T20:18:58.853+0000][7672][safepoint    ] Application time: 0.0000347 seconds
[2022-06-16T20:18:58.853+0000][7672][safepoint    ] Entering safepoint region: RevokeBias
[2022-06-16T20:18:58.853+0000][7672][safepoint    ] Leaving safepoint region
[2022-06-16T20:18:58.853+0000][7672][safepoint    ] Total time for which application threads were stopped: 0.0000360 seconds, Stopping threads took: 0.0000119 seconds
[2022-06-16T20:18:58.854+0000][7672][safepoint    ] Application time: 0.0003589 seconds
[2022-06-16T20:18:58.854+0000][7672][safepoint    ] Entering safepoint region: RevokeBias
[2022-06-16T20:18:58.854+0000][7672][safepoint    ] Leaving safepoint region
[2022-06-16T20:18:58.854+0000][7672][safepoint    ] Total time for which application threads were stopped: 0.0000434 seconds, Stopping threads took: 0.0000130 seconds
[2022-06-16T20:18:58.854+0000][7672][safepoint    ] Application time: 0.0000439 seconds
[2022-06-16T20:18:58.854+0000][7672][safepoint    ] Entering safepoint region: BulkRevokeBias
[2022-06-16T20:18:58.854+0000][7672][safepoint    ] Leaving safepoint region
[2022-06-16T20:18:58.854+0000][7672][safepoint    ] Total time for which application threads were stopped: 0.0001648 seconds, Stopping threads took: 0.0000118 seconds
[2022-06-16T20:18:58.855+0000][7672][safepoint    ] Application time: 0.0006686 seconds
[2022-06-16T20:18:58.855+0000][7672][safepoint    ] Entering safepoint region: RevokeBias
[2022-06-16T20:18:58.855+0000][7672][safepoint    ] Leaving safepoint region
[2022-06-16T20:18:58.855+0000][7672][safepoint    ] Total time for which application threads were stopped: 0.0000654 seconds, Stopping threads took: 0.0000317 seconds
[2022-06-16T20:18:58.855+0000][7672][safepoint    ] Application time: 0.0000304 seconds
[2022-06-16T20:18:58.855+0000][7672][safepoint    ] Entering safepoint region: RevokeBias
[2022-06-16T20:18:58.855+0000][7672][safepoint    ] Leaving safepoint region
[2022-06-16T20:18:58.855+0000][7672][safepoint    ] Total time for which application threads were stopped: 0.0000506 seconds, Stopping threads took: 0.0000262 seconds
[2022-06-16T20:18:58.858+0000][7672][safepoint    ] Application time: 0.0034296 seconds
[2022-06-16T20:18:58.859+0000][7672][safepoint    ] Entering safepoint region: RevokeBias
[2022-06-16T20:18:58.859+0000][7672][safepoint    ] Leaving safepoint region
[2022-06-16T20:18:58.859+0000][7672][safepoint    ] Total time for which application threads were stopped: 0.0000904 seconds, Stopping threads took: 0.0000355 seconds
[2022-06-16T20:18:58.860+0000][7672][safepoint    ] Application time: 0.0014466 seconds
[2022-06-16T20:18:58.860+0000][7672][safepoint    ] Entering safepoint region: RevokeBias
[2022-06-16T20:18:58.860+0000][7672][safepoint    ] Leaving safepoint region
[2022-06-16T20:18:58.860+0000][7672][safepoint    ] Total time for which application threads were stopped: 0.0000543 seconds, Stopping threads took: 0.0000134 seconds
[2022-06-16T20:18:58.860+0000][7672][safepoint    ] Application time: 0.0000377 seconds
[2022-06-16T20:18:58.860+0000][7672][safepoint    ] Entering safepoint region: RevokeBias
[2022-06-16T20:18:58.860+0000][7672][safepoint    ] Leaving safepoint region
[2022-06-16T20:18:58.860+0000][7672][safepoint    ] Total time for which application threads were stopped: 0.0000365 seconds, Stopping threads took: 0.0000113 seconds
[2022-06-16T20:18:58.861+0000][7672][safepoint    ] Application time: 0.0002161 seconds
[2022-06-16T20:18:58.861+0000][7672][safepoint    ] Entering safepoint region: RevokeBias
[2022-06-16T20:18:58.861+0000][7672][safepoint    ] Leaving safepoint region
[2022-06-16T20:18:58.861+0000][7672][safepoint    ] Total time for which application threads were stopped: 0.0000420 seconds, Stopping threads took: 0.0000123 seconds
[2022-06-16T20:18:58.861+0000][7672][safepoint    ] Application time: 0.0000411 seconds
[2022-06-16T20:18:58.861+0000][7672][safepoint    ] Entering safepoint region: RevokeBias
[2022-06-16T20:18:58.861+0000][7672][safepoint    ] Leaving safepoint region
[2022-06-16T20:18:58.861+0000][7672][safepoint    ] Total time for which application threads were stopped: 0.0000399 seconds, Stopping threads took: 0.0000113 seconds
[2022-06-16T20:18:58.861+0000][7672][safepoint    ] Application time: 0.0001169 seconds
[2022-06-16T20:18:58.861+0000][7672][safepoint    ] Entering safepoint region: RevokeBias
[2022-06-16T20:18:58.861+0000][7672][safepoint    ] Leaving safepoint region
[2022-06-16T20:18:58.861+0000][7672][safepoint    ] Total time for which application threads were stopped: 0.0000415 seconds, Stopping threads took: 0.0000116 seconds
[2022-06-16T20:18:58.861+0000][7672][safepoint    ] Application time: 0.0002619 seconds
[2022-06-16T20:18:58.861+0000][7672][safepoint    ] Entering safepoint region: RevokeBias
[2022-06-16T20:18:58.861+0000][7672][safepoint    ] Leaving safepoint region
[2022-06-16T20:18:58.861+0000][7672][safepoint    ] Total time for which application threads were stopped: 0.0000422 seconds, Stopping threads took: 0.0000119 seconds
[2022-06-16T20:18:58.861+0000][7672][safepoint    ] Application time: 0.0000479 seconds
[2022-06-16T20:18:58.861+0000][7672][safepoint    ] Entering safepoint region: RevokeBias
[2022-06-16T20:18:58.861+0000][7672][safepoint    ] Leaving safepoint region
[2022-06-16T20:18:58.861+0000][7672][safepoint    ] Total time for which application threads were stopped: 0.0000385 seconds, Stopping threads took: 0.0000113 seconds
[2022-06-16T20:18:58.861+0000][7672][safepoint    ] Application time: 0.0000326 seconds
[2022-06-16T20:18:58.861+0000][7672][safepoint    ] Entering safepoint region: RevokeBias
[2022-06-16T20:18:58.861+0000][7672][safepoint    ] Leaving safepoint region
[2022-06-16T20:18:58.861+0000][7672][safepoint    ] Total time for which application threads were stopped: 0.0000356 seconds, Stopping threads took: 0.0000112 seconds
[2022-06-16T20:18:58.861+0000][7672][safepoint    ] Application time: 0.0000385 seconds
[2022-06-16T20:18:58.861+0000][7672][safepoint    ] Entering safepoint region: RevokeBias
[2022-06-16T20:18:58.862+0000][7672][safepoint    ] Leaving safepoint region
[2022-06-16T20:18:58.862+0000][7672][safepoint    ] Total time for which application threads were stopped: 0.0000635 seconds, Stopping threads took: 0.0000262 seconds
[2022-06-16T20:18:58.862+0000][7672][safepoint    ] Application time: 0.0000774 seconds
[2022-06-16T20:18:58.862+0000][7672][safepoint    ] Entering safepoint region: RevokeBias
[2022-06-16T20:18:58.862+0000][7672][safepoint    ] Leaving safepoint region
[2022-06-16T20:18:58.862+0000][7672][safepoint    ] Total time for which application threads were stopped: 0.0000365 seconds, Stopping threads took: 0.0000113 seconds
[2022-06-16T20:18:58.862+0000][7672][safepoint    ] Application time: 0.0000229 seconds
[2022-06-16T20:18:58.862+0000][7672][safepoint    ] Entering safepoint region: RevokeBias
[2022-06-16T20:18:58.862+0000][7672][safepoint    ] Leaving safepoint region
[2022-06-16T20:18:58.862+0000][7672][safepoint    ] Total time for which application threads were stopped: 0.0000354 seconds, Stopping threads took: 0.0000112 seconds
[2022-06-16T20:18:58.867+0000][7672][safepoint    ] Application time: 0.0052418 seconds
[2022-06-16T20:18:58.867+0000][7672][safepoint    ] Entering safepoint region: RevokeBias
[2022-06-16T20:18:58.867+0000][7672][safepoint    ] Leaving safepoint region
[2022-06-16T20:18:58.867+0000][7672][safepoint    ] Total time for which application threads were stopped: 0.0002918 seconds, Stopping threads took: 0.0002472 seconds
[2022-06-16T20:18:58.868+0000][7672][safepoint    ] Application time: 0.0004339 seconds
[2022-06-16T20:18:58.868+0000][7672][safepoint    ] Entering safepoint region: RevokeBias
[2022-06-16T20:18:58.868+0000][7672][safepoint    ] Leaving safepoint region
[2022-06-16T20:18:58.868+0000][7672][safepoint    ] Total time for which application threads were stopped: 0.0001209 seconds, Stopping threads took: 0.0000826 seconds
[2022-06-16T20:18:58.868+0000][7672][safepoint    ] Application time: 0.0001826 seconds
[2022-06-16T20:18:58.868+0000][7672][safepoint    ] Entering safepoint region: RevokeBias
[2022-06-16T20:18:58.868+0000][7672][safepoint    ] Leaving safepoint region
[2022-06-16T20:18:58.868+0000][7672][safepoint    ] Total time for which application threads were stopped: 0.0000548 seconds, Stopping threads took: 0.0000244 seconds
[2022-06-16T20:18:58.868+0000][7672][safepoint    ] Application time: 0.0000901 seconds
[2022-06-16T20:18:58.868+0000][7672][safepoint    ] Entering safepoint region: RevokeBias
[2022-06-16T20:18:58.868+0000][7672][safepoint    ] Leaving safepoint region
[2022-06-16T20:18:58.868+0000][7672][safepoint    ] Total time for which application threads were stopped: 0.0000574 seconds, Stopping threads took: 0.0000172 seconds
[2022-06-16T20:18:58.869+0000][7672][safepoint    ] Application time: 0.0008326 seconds
[2022-06-16T20:18:58.869+0000][7672][safepoint    ] Entering safepoint region: RevokeBias
[2022-06-16T20:18:58.869+0000][7672][safepoint    ] Leaving safepoint region
[2022-06-16T20:18:58.869+0000][7672][safepoint    ] Total time for which application threads were stopped: 0.0000813 seconds, Stopping threads took: 0.0000278 seconds
[2022-06-16T20:18:58.869+0000][7672][safepoint    ] Application time: 0.0000939 seconds
[2022-06-16T20:18:58.870+0000][7672][safepoint    ] Entering safepoint region: RevokeBias
[2022-06-16T20:18:58.870+0000][7672][safepoint    ] Leaving safepoint region
[2022-06-16T20:18:58.870+0000][7672][safepoint    ] Total time for which application threads were stopped: 0.0001662 seconds, Stopping threads took: 0.0000437 seconds
[2022-06-16T20:18:58.870+0000][7672][safepoint    ] Application time: 0.0002325 seconds
[2022-06-16T20:18:58.870+0000][7672][safepoint    ] Entering safepoint region: RevokeBias
[2022-06-16T20:18:58.870+0000][7672][safepoint    ] Leaving safepoint region
[2022-06-16T20:18:58.870+0000][7672][safepoint    ] Total time for which application threads were stopped: 0.0000701 seconds, Stopping threads took: 0.0000235 seconds
[2022-06-16T20:18:58.870+0000][7672][safepoint    ] Application time: 0.0000321 seconds
[2022-06-16T20:18:58.870+0000][7672][safepoint    ] Entering safepoint region: RevokeBias
[2022-06-16T20:18:58.870+0000][7672][safepoint    ] Leaving safepoint region
[2022-06-16T20:18:58.870+0000][7672][safepoint    ] Total time for which application threads were stopped: 0.0000634 seconds, Stopping threads took: 0.0000245 seconds
[2022-06-16T20:18:58.870+0000][7672][safepoint    ] Application time: 0.0000262 seconds
[2022-06-16T20:18:58.870+0000][7672][safepoint    ] Entering safepoint region: RevokeBias
[2022-06-16T20:18:58.870+0000][7672][safepoint    ] Leaving safepoint region
[2022-06-16T20:18:58.870+0000][7672][safepoint    ] Total time for which application threads were stopped: 0.0000467 seconds, Stopping threads took: 0.0000217 seconds
[2022-06-16T20:18:58.870+0000][7672][safepoint    ] Application time: 0.0000368 seconds
[2022-06-16T20:18:58.870+0000][7672][safepoint    ] Entering safepoint region: RevokeBias
[2022-06-16T20:18:58.870+0000][7672][safepoint    ] Leaving safepoint region
[2022-06-16T20:18:58.870+0000][7672][safepoint    ] Total time for which application threads were stopped: 0.0000826 seconds, Stopping threads took: 0.0000305 seconds
[2022-06-16T20:18:58.872+0000][7672][safepoint    ] Application time: 0.0013648 seconds
[2022-06-16T20:18:58.872+0000][7672][safepoint    ] Entering safepoint region: RevokeBias
[2022-06-16T20:18:58.872+0000][7672][safepoint    ] Leaving safepoint region
[2022-06-16T20:18:58.872+0000][7672][safepoint    ] Total time for which application threads were stopped: 0.0000714 seconds, Stopping threads took: 0.0000196 seconds
[2022-06-16T20:18:58.872+0000][7672][safepoint    ] Application time: 0.0002418 seconds
[2022-06-16T20:18:58.872+0000][7672][safepoint    ] Entering safepoint region: RevokeBias
[2022-06-16T20:18:58.872+0000][7672][safepoint    ] Leaving safepoint region
[2022-06-16T20:18:58.872+0000][7672][safepoint    ] Total time for which application threads were stopped: 0.0000886 seconds, Stopping threads took: 0.0000239 seconds
[2022-06-16T20:18:58.875+0000][7672][safepoint    ] Application time: 0.0029524 seconds
[2022-06-16T20:18:58.875+0000][7672][safepoint    ] Entering safepoint region: RevokeBias
[2022-06-16T20:18:58.875+0000][7672][safepoint    ] Leaving safepoint region
[2022-06-16T20:18:58.875+0000][7672][safepoint    ] Total time for which application threads were stopped: 0.0000913 seconds, Stopping threads took: 0.0000258 seconds
[2022-06-16T20:18:58.876+0000][7672][safepoint    ] Application time: 0.0000809 seconds
[2022-06-16T20:18:58.876+0000][7672][safepoint    ] Entering safepoint region: RevokeBias
[2022-06-16T20:18:58.876+0000][7672][safepoint    ] Leaving safepoint region
[2022-06-16T20:18:58.876+0000][7672][safepoint    ] Total time for which application threads were stopped: 0.0000833 seconds, Stopping threads took: 0.0000224 seconds
[2022-06-16T20:18:58.876+0000][7672][safepoint    ] Application time: 0.0000133 seconds
[2022-06-16T20:18:58.876+0000][7672][safepoint    ] Entering safepoint region: RevokeBias
[2022-06-16T20:18:58.876+0000][7672][safepoint    ] Leaving safepoint region
[2022-06-16T20:18:58.876+0000][7672][safepoint    ] Total time for which application threads were stopped: 0.0000667 seconds, Stopping threads took: 0.0000191 seconds
[2022-06-16T20:18:58.876+0000][7672][safepoint    ] Application time: 0.0002740 seconds
[2022-06-16T20:18:58.876+0000][7672][safepoint    ] Entering safepoint region: RevokeBias
[2022-06-16T20:18:58.876+0000][7672][safepoint    ] Leaving safepoint region
[2022-06-16T20:18:58.876+0000][7672][safepoint    ] Total time for which application threads were stopped: 0.0000722 seconds, Stopping threads took: 0.0000234 seconds
[2022-06-16T20:18:58.876+0000][7672][safepoint    ] Application time: 0.0000399 seconds
[2022-06-16T20:18:58.876+0000][7672][safepoint    ] Entering safepoint region: RevokeBias
[2022-06-16T20:18:58.876+0000][7672][safepoint    ] Leaving safepoint region
[2022-06-16T20:18:58.876+0000][7672][safepoint    ] Total time for which application threads were stopped: 0.0000609 seconds, Stopping threads took: 0.0000199 seconds
[2022-06-16T20:18:58.876+0000][7672][safepoint    ] Application time: 0.0000162 seconds
[2022-06-16T20:18:58.876+0000][7672][safepoint    ] Entering safepoint region: RevokeBias
[2022-06-16T20:18:58.876+0000][7672][safepoint    ] Leaving safepoint region
[2022-06-16T20:18:58.876+0000][7672][safepoint    ] Total time for which application threads were stopped: 0.0000571 seconds, Stopping threads took: 0.0000190 seconds
[2022-06-16T20:18:58.878+0000][7672][safepoint    ] Application time: 0.0015065 seconds
[2022-06-16T20:18:58.880+0000][7672][safepoint    ] Entering safepoint region: RevokeBias
[2022-06-16T20:18:58.880+0000][7672][safepoint    ] Leaving safepoint region
[2022-06-16T20:18:58.880+0000][7672][safepoint    ] Total time for which application threads were stopped: 0.0024409 seconds, Stopping threads took: 0.0023669 seconds
[2022-06-16T20:18:58.881+0000][7672][safepoint    ] Application time: 0.0002732 seconds
[2022-06-16T20:18:58.881+0000][7672][safepoint    ] Entering safepoint region: RevokeBias
[2022-06-16T20:18:58.881+0000][7672][safepoint    ] Leaving safepoint region
[2022-06-16T20:18:58.881+0000][7672][safepoint    ] Total time for which application threads were stopped: 0.0000735 seconds, Stopping threads took: 0.0000190 seconds
[2022-06-16T20:18:58.881+0000][7672][safepoint    ] Application time: 0.0000190 seconds
[2022-06-16T20:18:58.881+0000][7672][safepoint    ] Entering safepoint region: RevokeBias
[2022-06-16T20:18:58.881+0000][7672][safepoint    ] Leaving safepoint region
[2022-06-16T20:18:58.881+0000][7672][safepoint    ] Total time for which application threads were stopped: 0.0000773 seconds, Stopping threads took: 0.0000209 seconds
[2022-06-16T20:18:58.881+0000][7672][safepoint    ] Application time: 0.0000799 seconds
[2022-06-16T20:18:58.881+0000][7672][safepoint    ] Entering safepoint region: RevokeBias
[2022-06-16T20:18:58.881+0000][7672][safepoint    ] Leaving safepoint region
[2022-06-16T20:18:58.881+0000][7672][safepoint    ] Total time for which application threads were stopped: 0.0000680 seconds, Stopping threads took: 0.0000255 seconds
[2022-06-16T20:18:58.881+0000][7672][safepoint    ] Application time: 0.0002381 seconds
[2022-06-16T20:18:58.881+0000][7672][safepoint    ] Entering safepoint region: RevokeBias
[2022-06-16T20:18:58.881+0000][7672][safepoint    ] Leaving safepoint region
[2022-06-16T20:18:58.881+0000][7672][safepoint    ] Total time for which application threads were stopped: 0.0000807 seconds, Stopping threads took: 0.0000226 seconds
[2022-06-16T20:18:58.882+0000][7672][safepoint    ] Application time: 0.0001316 seconds
[2022-06-16T20:18:58.882+0000][7672][safepoint    ] Entering safepoint region: RevokeBias
[2022-06-16T20:18:58.882+0000][7672][safepoint    ] Leaving safepoint region
[2022-06-16T20:18:58.882+0000][7672][safepoint    ] Total time for which application threads were stopped: 0.0000789 seconds, Stopping threads took: 0.0000212 seconds
[2022-06-16T20:18:58.882+0000][7672][safepoint    ] Application time: 0.0000384 seconds
[2022-06-16T20:18:58.882+0000][7672][safepoint    ] Entering safepoint region: RevokeBias
[2022-06-16T20:18:58.882+0000][7672][safepoint    ] Leaving safepoint region
[2022-06-16T20:18:58.882+0000][7672][safepoint    ] Total time for which application threads were stopped: 0.0000690 seconds, Stopping threads took: 0.0000196 seconds
[2022-06-16T20:18:58.882+0000][7672][safepoint    ] Application time: 0.0005028 seconds
[2022-06-16T20:18:58.882+0000][7672][safepoint    ] Entering safepoint region: RevokeBias
[2022-06-16T20:18:58.882+0000][7672][safepoint    ] Leaving safepoint region
[2022-06-16T20:18:58.882+0000][7672][safepoint    ] Total time for which application threads were stopped: 0.0000717 seconds, Stopping threads took: 0.0000233 seconds
[2022-06-16T20:18:58.883+0000][7672][safepoint    ] Application time: 0.0000239 seconds
[2022-06-16T20:18:58.883+0000][7672][safepoint    ] Entering safepoint region: RevokeBias
[2022-06-16T20:18:58.883+0000][7672][safepoint    ] Leaving safepoint region
[2022-06-16T20:18:58.883+0000][7672][safepoint    ] Total time for which application threads were stopped: 0.0000708 seconds, Stopping threads took: 0.0000200 seconds
[2022-06-16T20:18:58.883+0000][7672][safepoint    ] Application time: 0.0000225 seconds
[2022-06-16T20:18:58.883+0000][7672][safepoint    ] Entering safepoint region: RevokeBias
[2022-06-16T20:18:58.883+0000][7672][safepoint    ] Leaving safepoint region
[2022-06-16T20:18:58.883+0000][7672][safepoint    ] Total time for which application threads were stopped: 0.0000576 seconds, Stopping threads took: 0.0000182 seconds
[2022-06-16T20:18:58.888+0000][7672][safepoint    ] Application time: 0.0051072 seconds
[2022-06-16T20:18:58.888+0000][7672][safepoint    ] Entering safepoint region: RevokeBias
[2022-06-16T20:18:58.888+0000][7672][safepoint    ] Leaving safepoint region
[2022-06-16T20:18:58.888+0000][7672][safepoint    ] Total time for which application threads were stopped: 0.0001463 seconds, Stopping threads took: 0.0000641 seconds
[2022-06-16T20:18:58.888+0000][7672][safepoint    ] Application time: 0.0000802 seconds
[2022-06-16T20:18:58.888+0000][7672][safepoint    ] Entering safepoint region: RevokeBias
[2022-06-16T20:18:58.888+0000][7672][safepoint    ] Leaving safepoint region
[2022-06-16T20:18:58.888+0000][7672][safepoint    ] Total time for which application threads were stopped: 0.0000785 seconds, Stopping threads took: 0.0000215 seconds
[2022-06-16T20:18:58.888+0000][7672][safepoint    ] Application time: 0.0000535 seconds
[2022-06-16T20:18:58.888+0000][7672][safepoint    ] Entering safepoint region: RevokeBias
[2022-06-16T20:18:58.888+0000][7672][safepoint    ] Leaving safepoint region
[2022-06-16T20:18:58.888+0000][7672][safepoint    ] Total time for which application threads were stopped: 0.0000702 seconds, Stopping threads took: 0.0000208 seconds
[2022-06-16T20:18:58.888+0000][7672][safepoint    ] Application time: 0.0000485 seconds
[2022-06-16T20:18:58.888+0000][7672][safepoint    ] Entering safepoint region: RevokeBias
[2022-06-16T20:18:58.889+0000][7672][safepoint    ] Leaving safepoint region
[2022-06-16T20:18:58.889+0000][7672][safepoint    ] Total time for which application threads were stopped: 0.0000733 seconds, Stopping threads took: 0.0000200 seconds
[2022-06-16T20:18:58.889+0000][7672][safepoint    ] Application time: 0.0000319 seconds
[2022-06-16T20:18:58.889+0000][7672][safepoint    ] Entering safepoint region: RevokeBias
[2022-06-16T20:18:58.889+0000][7672][safepoint    ] Leaving safepoint region
[2022-06-16T20:18:58.889+0000][7672][safepoint    ] Total time for which application threads were stopped: 0.0000680 seconds, Stopping threads took: 0.0000190 seconds
[2022-06-16T20:18:58.889+0000][7672][safepoint    ] Application time: 0.0000279 seconds
[2022-06-16T20:18:58.889+0000][7672][safepoint    ] Entering safepoint region: RevokeBias
[2022-06-16T20:18:58.889+0000][7672][safepoint    ] Leaving safepoint region
[2022-06-16T20:18:58.889+0000][7672][safepoint    ] Total time for which application threads were stopped: 0.0000672 seconds, Stopping threads took: 0.0000187 seconds
[2022-06-16T20:18:58.889+0000][7672][safepoint    ] Application time: 0.0000231 seconds
[2022-06-16T20:18:58.889+0000][7672][safepoint    ] Entering safepoint region: RevokeBias
[2022-06-16T20:18:58.889+0000][7672][safepoint    ] Leaving safepoint region
[2022-06-16T20:18:58.889+0000][7672][safepoint    ] Total time for which application threads were stopped: 0.0000723 seconds, Stopping threads took: 0.0000193 seconds
[2022-06-16T20:18:58.889+0000][7672][safepoint    ] Application time: 0.0000272 seconds
[2022-06-16T20:18:58.889+0000][7672][safepoint    ] Entering safepoint region: RevokeBias
[2022-06-16T20:18:58.889+0000][7672][safepoint    ] Leaving safepoint region
[2022-06-16T20:18:58.889+0000][7672][safepoint    ] Total time for which application threads were stopped: 0.0000679 seconds, Stopping threads took: 0.0000194 seconds
[2022-06-16T20:18:58.889+0000][7672][safepoint    ] Application time: 0.0001181 seconds
[2022-06-16T20:18:58.889+0000][7672][safepoint    ] Entering safepoint region: RevokeBias
[2022-06-16T20:18:58.889+0000][7672][safepoint    ] Leaving safepoint region
[2022-06-16T20:18:58.889+0000][7672][safepoint    ] Total time for which application threads were stopped: 0.0000706 seconds, Stopping threads took: 0.0000207 seconds
[2022-06-16T20:18:58.889+0000][7672][safepoint    ] Application time: 0.0001443 seconds
[2022-06-16T20:18:58.889+0000][7672][safepoint    ] Entering safepoint region: RevokeBias
[2022-06-16T20:18:58.890+0000][7672][safepoint    ] Leaving safepoint region
[2022-06-16T20:18:58.890+0000][7672][safepoint    ] Total time for which application threads were stopped: 0.0000657 seconds, Stopping threads took: 0.0000208 seconds
[2022-06-16T20:18:58.890+0000][7672][safepoint    ] Application time: 0.0003791 seconds
[2022-06-16T20:18:58.890+0000][7672][safepoint    ] Entering safepoint region: RevokeBias
[2022-06-16T20:18:58.890+0000][7672][safepoint    ] Leaving safepoint region
[2022-06-16T20:18:58.890+0000][7672][safepoint    ] Total time for which application threads were stopped: 0.0000813 seconds, Stopping threads took: 0.0000227 seconds
[2022-06-16T20:18:58.893+0000][7672][safepoint    ] Application time: 0.0032184 seconds
[2022-06-16T20:18:58.893+0000][7672][safepoint    ] Entering safepoint region: RevokeBias
[2022-06-16T20:18:58.893+0000][7672][safepoint    ] Leaving safepoint region
[2022-06-16T20:18:58.893+0000][7672][safepoint    ] Total time for which application threads were stopped: 0.0000750 seconds, Stopping threads took: 0.0000243 seconds
[2022-06-16T20:18:58.894+0000][7672][safepoint    ] Application time: 0.0007282 seconds
[2022-06-16T20:18:58.894+0000][7672][safepoint    ] Entering safepoint region: RevokeBias
[2022-06-16T20:18:58.894+0000][7672][safepoint    ] Leaving safepoint region
[2022-06-16T20:18:58.894+0000][7672][safepoint    ] Total time for which application threads were stopped: 0.0000817 seconds, Stopping threads took: 0.0000236 seconds
[2022-06-16T20:18:58.894+0000][7672][safepoint    ] Application time: 0.0000642 seconds
[2022-06-16T20:18:58.894+0000][7672][safepoint    ] Entering safepoint region: RevokeBias
[2022-06-16T20:18:58.894+0000][7672][safepoint    ] Leaving safepoint region
[2022-06-16T20:18:58.894+0000][7672][safepoint    ] Total time for which application threads were stopped: 0.0000597 seconds, Stopping threads took: 0.0000202 seconds
[2022-06-16T20:18:58.894+0000][7672][safepoint    ] Application time: 0.0000465 seconds
[2022-06-16T20:18:58.895+0000][7672][safepoint    ] Entering safepoint region: RevokeBias
[2022-06-16T20:18:58.895+0000][7672][safepoint    ] Leaving safepoint region
[2022-06-16T20:18:58.895+0000][7672][safepoint    ] Total time for which application threads were stopped: 0.0000602 seconds, Stopping threads took: 0.0000203 seconds
[2022-06-16T20:18:58.895+0000][7672][safepoint    ] Application time: 0.0000466 seconds
[2022-06-16T20:18:58.895+0000][7672][safepoint    ] Entering safepoint region: RevokeBias
[2022-06-16T20:18:58.895+0000][7672][safepoint    ] Leaving safepoint region
[2022-06-16T20:18:58.895+0000][7672][safepoint    ] Total time for which application threads were stopped: 0.0000568 seconds, Stopping threads took: 0.0000193 seconds
[2022-06-16T20:18:58.895+0000][7672][safepoint    ] Application time: 0.0000175 seconds
[2022-06-16T20:18:58.895+0000][7672][safepoint    ] Entering safepoint region: RevokeBias
[2022-06-16T20:18:58.895+0000][7672][safepoint    ] Leaving safepoint region
[2022-06-16T20:18:58.895+0000][7672][safepoint    ] Total time for which application threads were stopped: 0.0000554 seconds, Stopping threads took: 0.0000186 seconds
[2022-06-16T20:18:58.895+0000][7672][safepoint    ] Application time: 0.0000260 seconds
[2022-06-16T20:18:58.895+0000][7672][safepoint    ] Entering safepoint region: RevokeBias
[2022-06-16T20:18:58.895+0000][7672][safepoint    ] Leaving safepoint region
[2022-06-16T20:18:58.895+0000][7672][safepoint    ] Total time for which application threads were stopped: 0.0000576 seconds, Stopping threads took: 0.0000191 seconds
[2022-06-16T20:18:58.895+0000][7672][safepoint    ] Application time: 0.0000212 seconds
[2022-06-16T20:18:58.895+0000][7672][safepoint    ] Entering safepoint region: RevokeBias
[2022-06-16T20:18:58.895+0000][7672][safepoint    ] Leaving safepoint region
[2022-06-16T20:18:58.895+0000][7672][safepoint    ] Total time for which application threads were stopped: 0.0000558 seconds, Stopping threads took: 0.0000195 seconds
[2022-06-16T20:18:58.895+0000][7672][safepoint    ] Application time: 0.0000205 seconds
[2022-06-16T20:18:58.895+0000][7672][safepoint    ] Entering safepoint region: RevokeBias
[2022-06-16T20:18:58.895+0000][7672][safepoint    ] Leaving safepoint region
[2022-06-16T20:18:58.895+0000][7672][safepoint    ] Total time for which application threads were stopped: 0.0000580 seconds, Stopping threads took: 0.0000195 seconds
[2022-06-16T20:18:58.895+0000][7672][safepoint    ] Application time: 0.0000759 seconds
[2022-06-16T20:18:58.895+0000][7672][safepoint    ] Entering safepoint region: RevokeBias
[2022-06-16T20:18:58.895+0000][7672][safepoint    ] Leaving safepoint region
[2022-06-16T20:18:58.895+0000][7672][safepoint    ] Total time for which application threads were stopped: 0.0000565 seconds, Stopping threads took: 0.0000192 seconds
[2022-06-16T20:18:58.895+0000][7672][safepoint    ] Application time: 0.0000422 seconds
[2022-06-16T20:18:58.895+0000][7672][safepoint    ] Entering safepoint region: RevokeBias
[2022-06-16T20:18:58.895+0000][7672][safepoint    ] Leaving safepoint region
[2022-06-16T20:18:58.895+0000][7672][safepoint    ] Total time for which application threads were stopped: 0.0000561 seconds, Stopping threads took: 0.0000191 seconds
[2022-06-16T20:18:58.896+0000][7672][safepoint    ] Application time: 0.0000858 seconds
[2022-06-16T20:18:58.896+0000][7672][safepoint    ] Entering safepoint region: RevokeBias
[2022-06-16T20:18:58.896+0000][7672][safepoint    ] Leaving safepoint region
[2022-06-16T20:18:58.896+0000][7672][safepoint    ] Total time for which application threads were stopped: 0.0000652 seconds, Stopping threads took: 0.0000235 seconds
[2022-06-16T20:18:58.896+0000][7672][safepoint    ] Application time: 0.0001258 seconds
[2022-06-16T20:18:58.896+0000][7672][safepoint    ] Entering safepoint region: RevokeBias
[2022-06-16T20:18:58.896+0000][7672][safepoint    ] Leaving safepoint region
[2022-06-16T20:18:58.896+0000][7672][safepoint    ] Total time for which application threads were stopped: 0.0000857 seconds, Stopping threads took: 0.0000185 seconds
[2022-06-16T20:18:58.896+0000][7672][safepoint    ] Application time: 0.0000239 seconds
[2022-06-16T20:18:58.896+0000][7672][safepoint    ] Entering safepoint region: RevokeBias
[2022-06-16T20:18:58.896+0000][7672][safepoint    ] Leaving safepoint region
[2022-06-16T20:18:58.896+0000][7672][safepoint    ] Total time for which application threads were stopped: 0.0000668 seconds, Stopping threads took: 0.0000191 seconds
[2022-06-16T20:18:58.896+0000][7672][safepoint    ] Application time: 0.0001609 seconds
[2022-06-16T20:18:58.896+0000][7672][safepoint    ] Entering safepoint region: RevokeBias
[2022-06-16T20:18:58.896+0000][7672][safepoint    ] Leaving safepoint region
[2022-06-16T20:18:58.896+0000][7672][safepoint    ] Total time for which application threads were stopped: 0.0000596 seconds, Stopping threads took: 0.0000202 seconds
[2022-06-16T20:18:58.921+0000][7672][safepoint    ] Application time: 0.0243309 seconds
[2022-06-16T20:18:58.921+0000][7672][safepoint    ] Entering safepoint region: RevokeBias
[2022-06-16T20:18:58.921+0000][7672][safepoint    ] Leaving safepoint region
[2022-06-16T20:18:58.921+0000][7672][safepoint    ] Total time for which application threads were stopped: 0.0001098 seconds, Stopping threads took: 0.0000279 seconds
[2022-06-16T20:18:58.921+0000][7672][safepoint    ] Application time: 0.0005894 seconds
[2022-06-16T20:18:58.921+0000][7672][safepoint    ] Entering safepoint region: RevokeBias
[2022-06-16T20:18:58.922+0000][7672][safepoint    ] Leaving safepoint region
[2022-06-16T20:18:58.922+0000][7672][safepoint    ] Total time for which application threads were stopped: 0.0001182 seconds, Stopping threads took: 0.0000259 seconds
[2022-06-16T20:18:58.922+0000][7672][safepoint    ] Application time: 0.0000320 seconds
[2022-06-16T20:18:58.922+0000][7672][safepoint    ] Entering safepoint region: RevokeBias
[2022-06-16T20:18:58.922+0000][7672][safepoint    ] Leaving safepoint region
[2022-06-16T20:18:58.922+0000][7672][safepoint    ] Total time for which application threads were stopped: 0.0001039 seconds, Stopping threads took: 0.0000197 seconds
[2022-06-16T20:18:58.922+0000][7672][safepoint    ] Application time: 0.0000660 seconds
[2022-06-16T20:18:58.922+0000][7672][safepoint    ] Entering safepoint region: RevokeBias
[2022-06-16T20:18:58.922+0000][7672][safepoint    ] Leaving safepoint region
[2022-06-16T20:18:58.922+0000][7672][safepoint    ] Total time for which application threads were stopped: 0.0000596 seconds, Stopping threads took: 0.0000192 seconds
[2022-06-16T20:18:58.935+0000][7672][safepoint    ] Application time: 0.0133851 seconds
[2022-06-16T20:18:58.935+0000][7672][safepoint    ] Entering safepoint region: RevokeBias
[2022-06-16T20:18:58.935+0000][7672][safepoint    ] Leaving safepoint region
[2022-06-16T20:18:58.935+0000][7672][safepoint    ] Total time for which application threads were stopped: 0.0000643 seconds, Stopping threads took: 0.0000148 seconds
[2022-06-16T20:18:58.947+0000][7672][safepoint    ] Application time: 0.0117976 seconds
[2022-06-16T20:18:58.947+0000][7672][safepoint    ] Entering safepoint region: RevokeBias
[2022-06-16T20:18:58.947+0000][7672][safepoint    ] Leaving safepoint region
[2022-06-16T20:18:58.947+0000][7672][safepoint    ] Total time for which application threads were stopped: 0.0001036 seconds, Stopping threads took: 0.0000217 seconds
[2022-06-16T20:18:58.948+0000][7672][safepoint    ] Application time: 0.0001610 seconds
[2022-06-16T20:18:58.948+0000][7672][safepoint    ] Entering safepoint region: RevokeBias
[2022-06-16T20:18:58.948+0000][7672][safepoint    ] Leaving safepoint region
[2022-06-16T20:18:58.948+0000][7672][safepoint    ] Total time for which application threads were stopped: 0.0000761 seconds, Stopping threads took: 0.0000182 seconds
[2022-06-16T20:18:58.948+0000][7672][safepoint    ] Application time: 0.0003625 seconds
[2022-06-16T20:18:58.948+0000][7672][safepoint    ] Entering safepoint region: RevokeBias
[2022-06-16T20:18:58.948+0000][7672][safepoint    ] Leaving safepoint region
[2022-06-16T20:18:58.948+0000][7672][safepoint    ] Total time for which application threads were stopped: 0.0000729 seconds, Stopping threads took: 0.0000190 seconds
[2022-06-16T20:18:58.957+0000][7672][safepoint    ] Application time: 0.0088608 seconds
[2022-06-16T20:18:58.957+0000][7672][safepoint    ] Entering safepoint region: RevokeBias
[2022-06-16T20:18:58.957+0000][7672][safepoint    ] Leaving safepoint region
[2022-06-16T20:18:58.957+0000][7672][safepoint    ] Total time for which application threads were stopped: 0.0000600 seconds, Stopping threads took: 0.0000137 seconds
[2022-06-16T20:18:58.960+0000][7672][safepoint    ] Application time: 0.0026243 seconds
[2022-06-16T20:18:58.960+0000][7672][safepoint    ] Entering safepoint region: RevokeBias
[2022-06-16T20:18:58.960+0000][7672][safepoint    ] Leaving safepoint region
[2022-06-16T20:18:58.960+0000][7672][safepoint    ] Total time for which application threads were stopped: 0.0000747 seconds, Stopping threads took: 0.0000200 seconds
[2022-06-16T20:18:58.960+0000][7672][safepoint    ] Application time: 0.0000662 seconds
[2022-06-16T20:18:58.960+0000][7672][safepoint    ] Entering safepoint region: BulkRevokeBias
[2022-06-16T20:18:58.960+0000][7672][safepoint    ] Leaving safepoint region
[2022-06-16T20:18:58.960+0000][7672][safepoint    ] Total time for which application threads were stopped: 0.0002411 seconds, Stopping threads took: 0.0000192 seconds
[2022-06-16T20:18:58.960+0000][7672][safepoint    ] Application time: 0.0000857 seconds
[2022-06-16T20:18:58.960+0000][7672][safepoint    ] Entering safepoint region: RevokeBias
[2022-06-16T20:18:58.960+0000][7672][safepoint    ] Leaving safepoint region
[2022-06-16T20:18:58.960+0000][7672][safepoint    ] Total time for which application threads were stopped: 0.0000653 seconds, Stopping threads took: 0.0000170 seconds
[2022-06-16T20:18:58.961+0000][7672][safepoint    ] Application time: 0.0001614 seconds
[2022-06-16T20:18:58.961+0000][7672][safepoint    ] Entering safepoint region: RevokeBias
[2022-06-16T20:18:58.961+0000][7672][safepoint    ] Leaving safepoint region
[2022-06-16T20:18:58.961+0000][7672][safepoint    ] Total time for which application threads were stopped: 0.0000722 seconds, Stopping threads took: 0.0000224 seconds
[2022-06-16T20:18:58.961+0000][7672][safepoint    ] Application time: 0.0000933 seconds
[2022-06-16T20:18:58.961+0000][7672][safepoint    ] Entering safepoint region: RevokeBias
[2022-06-16T20:18:58.961+0000][7672][safepoint    ] Leaving safepoint region
[2022-06-16T20:18:58.961+0000][7672][safepoint    ] Total time for which application threads were stopped: 0.0000646 seconds, Stopping threads took: 0.0000216 seconds
[2022-06-16T20:18:58.961+0000][7672][safepoint    ] Application time: 0.0001150 seconds
[2022-06-16T20:18:58.961+0000][7672][safepoint    ] Entering safepoint region: BulkRevokeBias
[2022-06-16T20:18:58.961+0000][7672][safepoint    ] Leaving safepoint region
[2022-06-16T20:18:58.961+0000][7672][safepoint    ] Total time for which application threads were stopped: 0.0002705 seconds, Stopping threads took: 0.0000215 seconds
[2022-06-16T20:18:58.961+0000][7672][safepoint    ] Application time: 0.0000941 seconds
[2022-06-16T20:18:58.961+0000][7672][safepoint    ] Entering safepoint region: RevokeBias
[2022-06-16T20:18:58.961+0000][7672][safepoint    ] Leaving safepoint region
[2022-06-16T20:18:58.961+0000][7672][safepoint    ] Total time for which application threads were stopped: 0.0000803 seconds, Stopping threads took: 0.0000252 seconds
[2022-06-16T20:18:58.962+0000][7672][safepoint    ] Application time: 0.0002574 seconds
[2022-06-16T20:18:58.962+0000][7672][safepoint    ] Entering safepoint region: RevokeBias
[2022-06-16T20:18:58.962+0000][7672][safepoint    ] Leaving safepoint region
[2022-06-16T20:18:58.962+0000][7672][safepoint    ] Total time for which application threads were stopped: 0.0000564 seconds, Stopping threads took: 0.0000248 seconds
[2022-06-16T20:18:58.962+0000][7672][safepoint    ] Application time: 0.0002160 seconds
[2022-06-16T20:18:58.962+0000][7672][safepoint    ] Entering safepoint region: RevokeBias
[2022-06-16T20:18:58.962+0000][7672][safepoint    ] Leaving safepoint region
[2022-06-16T20:18:58.962+0000][7672][safepoint    ] Total time for which application threads were stopped: 0.0000442 seconds, Stopping threads took: 0.0000122 seconds
[2022-06-16T20:18:58.962+0000][7672][safepoint    ] Application time: 0.0001482 seconds
[2022-06-16T20:18:58.962+0000][7672][safepoint    ] Entering safepoint region: RevokeBias
[2022-06-16T20:18:58.962+0000][7672][safepoint    ] Leaving safepoint region
[2022-06-16T20:18:58.962+0000][7672][safepoint    ] Total time for which application threads were stopped: 0.0000417 seconds, Stopping threads took: 0.0000118 seconds
[2022-06-16T20:18:58.963+0000][7672][safepoint    ] Application time: 0.0001880 seconds
[2022-06-16T20:18:58.963+0000][7672][safepoint    ] Entering safepoint region: RevokeBias
[2022-06-16T20:18:58.963+0000][7672][safepoint    ] Leaving safepoint region
[2022-06-16T20:18:58.963+0000][7672][safepoint    ] Total time for which application threads were stopped: 0.0000629 seconds, Stopping threads took: 0.0000313 seconds
[2022-06-16T20:18:58.963+0000][7672][safepoint    ] Application time: 0.0000932 seconds
[2022-06-16T20:18:58.963+0000][7672][safepoint    ] Entering safepoint region: RevokeBias
[2022-06-16T20:18:58.963+0000][7672][safepoint    ] Leaving safepoint region
[2022-06-16T20:18:58.963+0000][7672][safepoint    ] Total time for which application threads were stopped: 0.0000629 seconds, Stopping threads took: 0.0000319 seconds
[2022-06-16T20:18:58.963+0000][7672][safepoint    ] Application time: 0.0001352 seconds
[2022-06-16T20:18:58.963+0000][7672][safepoint    ] Entering safepoint region: RevokeBias
[2022-06-16T20:18:58.963+0000][7672][safepoint    ] Leaving safepoint region
[2022-06-16T20:18:58.963+0000][7672][safepoint    ] Total time for which application threads were stopped: 0.0000648 seconds, Stopping threads took: 0.0000215 seconds
[2022-06-16T20:18:58.963+0000][7672][safepoint    ] Application time: 0.0000658 seconds
[2022-06-16T20:18:58.963+0000][7672][safepoint    ] Entering safepoint region: RevokeBias
[2022-06-16T20:18:58.963+0000][7672][safepoint    ] Leaving safepoint region
[2022-06-16T20:18:58.963+0000][7672][safepoint    ] Total time for which application threads were stopped: 0.0000740 seconds, Stopping threads took: 0.0000421 seconds
[2022-06-16T20:18:58.964+0000][7672][safepoint    ] Application time: 0.0003160 seconds
[2022-06-16T20:18:58.964+0000][7672][safepoint    ] Entering safepoint region: RevokeBias
[2022-06-16T20:18:58.964+0000][7672][safepoint    ] Leaving safepoint region
[2022-06-16T20:18:58.964+0000][7672][safepoint    ] Total time for which application threads were stopped: 0.0000664 seconds, Stopping threads took: 0.0000221 seconds
[2022-06-16T20:18:58.964+0000][7672][safepoint    ] Application time: 0.0002249 seconds
[2022-06-16T20:18:58.964+0000][7672][safepoint    ] Entering safepoint region: RevokeBias
[2022-06-16T20:18:58.964+0000][7672][safepoint    ] Leaving safepoint region
[2022-06-16T20:18:58.964+0000][7672][safepoint    ] Total time for which application threads were stopped: 0.0001089 seconds, Stopping threads took: 0.0000387 seconds
[2022-06-16T20:18:58.964+0000][7672][safepoint    ] Application time: 0.0000617 seconds
[2022-06-16T20:18:58.964+0000][7672][safepoint    ] Entering safepoint region: RevokeBias
[2022-06-16T20:18:58.964+0000][7672][safepoint    ] Leaving safepoint region
[2022-06-16T20:18:58.964+0000][7672][safepoint    ] Total time for which application threads were stopped: 0.0001111 seconds, Stopping threads took: 0.0000189 seconds
[2022-06-16T20:18:58.964+0000][7672][safepoint    ] Application time: 0.0000532 seconds
[2022-06-16T20:18:58.964+0000][7672][safepoint    ] Entering safepoint region: RevokeBias
[2022-06-16T20:18:58.964+0000][7672][safepoint    ] Leaving safepoint region
[2022-06-16T20:18:58.964+0000][7672][safepoint    ] Total time for which application threads were stopped: 0.0000804 seconds, Stopping threads took: 0.0000152 seconds
[2022-06-16T20:18:58.970+0000][7672][safepoint    ] Application time: 0.0059142 seconds
[2022-06-16T20:18:58.970+0000][7672][safepoint    ] Entering safepoint region: RevokeBias
[2022-06-16T20:18:58.970+0000][7672][safepoint    ] Leaving safepoint region
[2022-06-16T20:18:58.970+0000][7672][safepoint    ] Total time for which application threads were stopped: 0.0000614 seconds, Stopping threads took: 0.0000140 seconds
[2022-06-16T20:18:58.971+0000][7672][safepoint    ] Application time: 0.0000388 seconds
[2022-06-16T20:18:58.971+0000][7672][safepoint    ] Entering safepoint region: RevokeBias
[2022-06-16T20:18:58.971+0000][7672][safepoint    ] Leaving safepoint region
[2022-06-16T20:18:58.971+0000][7672][safepoint    ] Total time for which application threads were stopped: 0.0000481 seconds, Stopping threads took: 0.0000117 seconds
[2022-06-16T20:18:58.971+0000][7672][safepoint    ] Application time: 0.0000843 seconds
[2022-06-16T20:18:58.971+0000][7672][safepoint    ] Entering safepoint region: RevokeBias
[2022-06-16T20:18:58.971+0000][7672][safepoint    ] Leaving safepoint region
[2022-06-16T20:18:58.971+0000][7672][safepoint    ] Total time for which application threads were stopped: 0.0000372 seconds, Stopping threads took: 0.0000111 seconds
[2022-06-16T20:18:58.971+0000][7672][safepoint    ] Application time: 0.0000656 seconds
[2022-06-16T20:18:58.971+0000][7672][safepoint    ] Entering safepoint region: RevokeBias
[2022-06-16T20:18:58.971+0000][7672][safepoint    ] Leaving safepoint region
[2022-06-16T20:18:58.971+0000][7672][safepoint    ] Total time for which application threads were stopped: 0.0000362 seconds, Stopping threads took: 0.0000111 seconds
[2022-06-16T20:18:58.971+0000][7672][safepoint    ] Application time: 0.0003650 seconds
[2022-06-16T20:18:58.971+0000][7672][safepoint    ] Entering safepoint region: RevokeBias
[2022-06-16T20:18:58.971+0000][7672][safepoint    ] Leaving safepoint region
[2022-06-16T20:18:58.971+0000][7672][safepoint    ] Total time for which application threads were stopped: 0.0000441 seconds, Stopping threads took: 0.0000121 seconds
[2022-06-16T20:18:58.972+0000][7672][safepoint    ] Application time: 0.0005003 seconds
[2022-06-16T20:18:58.972+0000][7672][safepoint    ] Entering safepoint region: RevokeBias
[2022-06-16T20:18:58.972+0000][7672][safepoint    ] Leaving safepoint region
[2022-06-16T20:18:58.972+0000][7672][safepoint    ] Total time for which application threads were stopped: 0.0000478 seconds, Stopping threads took: 0.0000124 seconds
[2022-06-16T20:18:58.972+0000][7672][safepoint    ] Application time: 0.0002826 seconds
[2022-06-16T20:18:58.972+0000][7672][safepoint    ] Entering safepoint region: RevokeBias
[2022-06-16T20:18:58.972+0000][7672][safepoint    ] Leaving safepoint region
[2022-06-16T20:18:58.972+0000][7672][safepoint    ] Total time for which application threads were stopped: 0.0000464 seconds, Stopping threads took: 0.0000121 seconds
[2022-06-16T20:18:58.975+0000][7672][safepoint    ] Application time: 0.0026521 seconds
[2022-06-16T20:18:58.975+0000][7672][safepoint    ] Entering safepoint region: RevokeBias
[2022-06-16T20:18:58.975+0000][7672][safepoint    ] Leaving safepoint region
[2022-06-16T20:18:58.975+0000][7672][safepoint    ] Total time for which application threads were stopped: 0.0000666 seconds, Stopping threads took: 0.0000248 seconds
[2022-06-16T20:18:58.976+0000][7672][safepoint    ] Application time: 0.0005612 seconds
[2022-06-16T20:18:58.976+0000][7672][safepoint    ] Entering safepoint region: RevokeBias
[2022-06-16T20:18:58.976+0000][7672][safepoint    ] Leaving safepoint region
[2022-06-16T20:18:58.976+0000][7672][safepoint    ] Total time for which application threads were stopped: 0.0000749 seconds, Stopping threads took: 0.0000383 seconds
[2022-06-16T20:18:58.978+0000][7672][safepoint    ] Application time: 0.0023856 seconds
[2022-06-16T20:18:58.978+0000][7672][safepoint    ] Entering safepoint region: RevokeBias
