[2022-06-16T20:26:51.247+0000][7344][gc] Using Concurrent Mark Sweep
[2022-06-16T20:26:51.247+0000][7344][gc,heap,coops] Heap address: 0x00000000c0000000, size: 1024 MB, Compressed Oops mode: 32-bit
[2022-06-16T20:26:51.378+0000][7344][safepoint    ] Entering safepoint region: EnableBiasedLocking
[2022-06-16T20:26:51.378+0000][7344][safepoint    ] Leaving safepoint region
[2022-06-16T20:26:51.378+0000][7344][safepoint    ] Total time for which application threads were stopped: 0.0008330 seconds, Stopping threads took: 0.0007383 seconds
[2022-06-16T20:26:51.534+0000][7344][safepoint    ] Application time: 0.1472988 seconds
[2022-06-16T20:26:51.534+0000][7344][safepoint    ] Entering safepoint region: RevokeBias
[2022-06-16T20:26:51.534+0000][7344][safepoint    ] Leaving safepoint region
[2022-06-16T20:26:51.534+0000][7344][safepoint    ] Total time for which application threads were stopped: 0.0004366 seconds, Stopping threads took: 0.0000466 seconds
[2022-06-16T20:26:51.581+0000][7344][safepoint    ] Application time: 0.0567427 seconds
[2022-06-16T20:26:51.581+0000][7344][safepoint    ] Entering safepoint region: Deoptimize
[2022-06-16T20:26:51.581+0000][7344][safepoint    ] Leaving safepoint region
[2022-06-16T20:26:51.581+0000][7344][safepoint    ] Total time for which application threads were stopped: 0.0001139 seconds, Stopping threads took: 0.0000200 seconds
[2022-06-16T20:26:51.581+0000][7344][safepoint    ] Application time: 0.0002917 seconds
[2022-06-16T20:26:51.581+0000][7344][safepoint    ] Entering safepoint region: Deoptimize
[2022-06-16T20:26:51.581+0000][7344][safepoint    ] Leaving safepoint region
[2022-06-16T20:26:51.581+0000][7344][safepoint    ] Total time for which application threads were stopped: 0.0000642 seconds, Stopping threads took: 0.0000167 seconds
[2022-06-16T20:26:51.596+0000][7344][safepoint    ] Application time: 0.0048293 seconds
[2022-06-16T20:26:51.596+0000][7344][safepoint    ] Entering safepoint region: Deoptimize
[2022-06-16T20:26:51.596+0000][7344][safepoint    ] Leaving safepoint region
[2022-06-16T20:26:51.596+0000][7344][safepoint    ] Total time for which application threads were stopped: 0.0000786 seconds, Stopping threads took: 0.0000187 seconds
[2022-06-16T20:26:52.065+0000][7344][safepoint    ] Application time: 0.4779558 seconds
[2022-06-16T20:26:52.065+0000][7344][safepoint    ] Entering safepoint region: Deoptimize
[2022-06-16T20:26:52.065+0000][7344][safepoint    ] Leaving safepoint region
[2022-06-16T20:26:52.065+0000][7344][safepoint    ] Total time for which application threads were stopped: 0.0002135 seconds, Stopping threads took: 0.0000242 seconds
[2022-06-16T20:26:52.065+0000][7344][safepoint    ] Application time: 0.0007726 seconds
[2022-06-16T20:26:52.065+0000][7344][safepoint    ] Entering safepoint region: Deoptimize
[2022-06-16T20:26:52.065+0000][7344][safepoint    ] Leaving safepoint region
[2022-06-16T20:26:52.065+0000][7344][safepoint    ] Total time for which application threads were stopped: 0.0001676 seconds, Stopping threads took: 0.0000221 seconds
[2022-06-16T20:26:52.096+0000][7344][safepoint    ] Application time: 0.0283394 seconds
[2022-06-16T20:26:52.096+0000][7344][safepoint    ] Entering safepoint region: Deoptimize
[2022-06-16T20:26:52.096+0000][7344][safepoint    ] Leaving safepoint region
[2022-06-16T20:26:52.096+0000][7344][safepoint    ] Total time for which application threads were stopped: 0.0001596 seconds, Stopping threads took: 0.0000256 seconds
[2022-06-16T20:26:52.112+0000][7344][safepoint    ] Application time: 0.0160511 seconds
[2022-06-16T20:26:52.112+0000][7344][safepoint    ] Entering safepoint region: Deoptimize
[2022-06-16T20:26:52.112+0000][7344][safepoint    ] Leaving safepoint region
[2022-06-16T20:26:52.112+0000][7344][safepoint    ] Total time for which application threads were stopped: 0.0001459 seconds, Stopping threads took: 0.0000247 seconds
[2022-06-16T20:26:52.237+0000][7344][safepoint    ] Application time: 0.1266581 seconds
[2022-06-16T20:26:52.237+0000][7344][safepoint    ] Entering safepoint region: Deoptimize
[2022-06-16T20:26:52.237+0000][7344][safepoint    ] Leaving safepoint region
[2022-06-16T20:26:52.237+0000][7344][safepoint    ] Total time for which application threads were stopped: 0.0002648 seconds, Stopping threads took: 0.0001041 seconds
[2022-06-16T20:26:52.299+0000][7344][safepoint    ] Application time: 0.0500496 seconds
[2022-06-16T20:26:52.299+0000][7344][safepoint    ] Entering safepoint region: Deoptimize
[2022-06-16T20:26:52.299+0000][7344][safepoint    ] Leaving safepoint region
[2022-06-16T20:26:52.299+0000][7344][safepoint    ] Total time for which application threads were stopped: 0.0001837 seconds, Stopping threads took: 0.0000248 seconds
[2022-06-16T20:26:52.961+0000][7344][safepoint    ] Application time: 0.6600382 seconds
[2022-06-16T20:26:52.961+0000][7344][safepoint    ] Entering safepoint region: RevokeBias
[2022-06-16T20:26:52.962+0000][7344][safepoint    ] Leaving safepoint region
[2022-06-16T20:26:52.962+0000][7344][safepoint    ] Total time for which application threads were stopped: 0.0002169 seconds, Stopping threads took: 0.0000273 seconds
[2022-06-16T20:26:52.976+0000][7344][safepoint    ] Application time: 0.0139513 seconds
[2022-06-16T20:26:52.976+0000][7344][safepoint    ] Entering safepoint region: Deoptimize
[2022-06-16T20:26:52.976+0000][7344][safepoint    ] Leaving safepoint region
[2022-06-16T20:26:52.976+0000][7344][safepoint    ] Total time for which application threads were stopped: 0.0002376 seconds, Stopping threads took: 0.0000254 seconds
[2022-06-16T20:26:53.571+0000][7344][safepoint    ] Application time: 0.6072762 seconds
[2022-06-16T20:26:53.571+0000][7344][safepoint    ] Entering safepoint region: Deoptimize
[2022-06-16T20:26:53.571+0000][7344][safepoint    ] Leaving safepoint region
[2022-06-16T20:26:53.571+0000][7344][safepoint    ] Total time for which application threads were stopped: 0.0005313 seconds, Stopping threads took: 0.0001895 seconds
[2022-06-16T20:26:53.712+0000][7344][safepoint    ] Application time: 0.1395548 seconds
[2022-06-16T20:26:53.712+0000][7344][safepoint    ] Entering safepoint region: CollectForMetadataAllocation
[2022-06-16T20:26:53.712+0000][7344][safepoint    ] Leaving safepoint region
[2022-06-16T20:26:53.712+0000][7344][safepoint    ] Total time for which application threads were stopped: 0.0001712 seconds, Stopping threads took: 0.0000210 seconds
[2022-06-16T20:26:53.727+0000][7344][safepoint    ] Application time: 0.0146084 seconds
[2022-06-16T20:26:53.727+0000][7344][safepoint    ] Entering safepoint region: CollectForMetadataAllocation
[2022-06-16T20:26:53.727+0000][7344][safepoint    ] Leaving safepoint region
[2022-06-16T20:26:53.727+0000][7344][safepoint    ] Total time for which application threads were stopped: 0.0002007 seconds, Stopping threads took: 0.0000395 seconds
[2022-06-16T20:26:53.759+0000][7344][safepoint    ] Application time: 0.0210988 seconds
[2022-06-16T20:26:53.759+0000][7344][safepoint    ] Entering safepoint region: CollectForMetadataAllocation
[2022-06-16T20:26:53.759+0000][7344][safepoint    ] Leaving safepoint region
[2022-06-16T20:26:53.759+0000][7344][safepoint    ] Total time for which application threads were stopped: 0.0001773 seconds, Stopping threads took: 0.0000257 seconds
[2022-06-16T20:26:53.774+0000][7344][safepoint    ] Application time: 0.0199040 seconds
[2022-06-16T20:26:53.774+0000][7344][safepoint    ] Entering safepoint region: CollectForMetadataAllocation
[2022-06-16T20:26:53.774+0000][7344][safepoint    ] Leaving safepoint region
[2022-06-16T20:26:53.774+0000][7344][safepoint    ] Total time for which application threads were stopped: 0.0001592 seconds, Stopping threads took: 0.0000205 seconds
[2022-06-16T20:26:53.868+0000][7344][safepoint    ] Application time: 0.1006164 seconds
[2022-06-16T20:26:53.868+0000][7344][safepoint    ] Entering safepoint region: CollectForMetadataAllocation
[2022-06-16T20:26:53.868+0000][7344][safepoint    ] Leaving safepoint region
[2022-06-16T20:26:53.868+0000][7344][safepoint    ] Total time for which application threads were stopped: 0.0002792 seconds, Stopping threads took: 0.0001095 seconds
[2022-06-16T20:26:53.946+0000][7344][safepoint    ] Application time: 0.0751276 seconds
[2022-06-16T20:26:53.946+0000][7344][safepoint    ] Entering safepoint region: RevokeBias
[2022-06-16T20:26:53.946+0000][7344][safepoint    ] Leaving safepoint region
[2022-06-16T20:26:53.946+0000][7344][safepoint    ] Total time for which application threads were stopped: 0.0000898 seconds, Stopping threads took: 0.0000201 seconds
[2022-06-16T20:26:54.087+0000][7344][safepoint    ] Application time: 0.1337329 seconds
[2022-06-16T20:26:54.087+0000][7344][safepoint    ] Entering safepoint region: CollectForMetadataAllocation
[2022-06-16T20:26:54.087+0000][7344][safepoint    ] Leaving safepoint region
[2022-06-16T20:26:54.087+0000][7344][safepoint    ] Total time for which application threads were stopped: 0.0002080 seconds, Stopping threads took: 0.0000428 seconds
[2022-06-16T20:26:54.884+0000][7344][safepoint    ] Application time: 0.8015551 seconds
[2022-06-16T20:26:54.884+0000][7344][safepoint    ] Entering safepoint region: CollectForMetadataAllocation
[2022-06-16T20:26:54.884+0000][7344][safepoint    ] Leaving safepoint region
[2022-06-16T20:26:54.884+0000][7344][safepoint    ] Total time for which application threads were stopped: 0.0002403 seconds, Stopping threads took: 0.0000270 seconds
[2022-06-16T20:26:55.321+0000][7344][safepoint    ] Application time: 0.4286978 seconds
[2022-06-16T20:26:55.321+0000][7344][safepoint    ] Entering safepoint region: CMS_Initial_Mark
[2022-06-16T20:26:55.321+0000][7344][gc,start     ] GC(0) Pause Initial Mark
[2022-06-16T20:26:55.352+0000][7344][gc           ] GC(0) Pause Initial Mark 101M->101M(1007M) 36.379ms
[2022-06-16T20:26:55.352+0000][7344][gc,cpu       ] GC(0) User=0.03s Sys=0.00s Real=0.03s
[2022-06-16T20:26:55.352+0000][7344][safepoint    ] Leaving safepoint region
[2022-06-16T20:26:55.352+0000][7344][safepoint    ] Total time for which application threads were stopped: 0.0366788 seconds, Stopping threads took: 0.0001368 seconds
[2022-06-16T20:26:55.352+0000][7344][gc           ] GC(0) Concurrent Mark
[2022-06-16T20:26:55.352+0000][7344][gc           ] GC(0) Concurrent Mark 4.166ms
[2022-06-16T20:26:55.352+0000][7344][gc,cpu       ] GC(0) User=0.00s Sys=0.00s Real=0.00s
[2022-06-16T20:26:55.352+0000][7344][gc           ] GC(0) Concurrent Preclean
[2022-06-16T20:26:55.352+0000][7344][gc           ] GC(0) Concurrent Preclean 2.075ms
[2022-06-16T20:26:55.352+0000][7344][gc,cpu       ] GC(0) User=0.00s Sys=0.00s Real=0.00s
[2022-06-16T20:26:55.352+0000][7344][gc           ] GC(0) Concurrent Abortable Preclean
[2022-06-16T20:26:56.118+0000][7344][safepoint    ] Application time: 0.7676289 seconds
[2022-06-16T20:26:56.118+0000][7344][safepoint    ] Entering safepoint region: CollectForMetadataAllocation
[2022-06-16T20:26:56.118+0000][7344][safepoint    ] Leaving safepoint region
[2022-06-16T20:26:56.118+0000][7344][safepoint    ] Total time for which application threads were stopped: 0.0002342 seconds, Stopping threads took: 0.0000249 seconds
[2022-06-16T20:26:56.305+0000][7344][safepoint    ] Application time: 0.1880782 seconds
[2022-06-16T20:26:56.305+0000][7344][safepoint    ] Entering safepoint region: GenCollectForAllocation
[2022-06-16T20:26:56.305+0000][7344][gc,start     ] GC(1) Pause Young (Allocation Failure)
[2022-06-16T20:26:56.305+0000][7344][gc,task      ] GC(1) Using 2 workers of 2 for evacuation
[2022-06-16T20:26:56.337+0000][7344][gc           ] GC(0) Concurrent Abortable Preclean 972.473ms
[2022-06-16T20:26:56.337+0000][7344][gc,cpu       ] GC(0) User=0.77s Sys=0.23s Real=0.98s
[2022-06-16T20:26:56.352+0000][7344][gc,age       ] GC(1) Desired survivor size 8716288 bytes, new threshold 6 (max threshold 6)
[2022-06-16T20:26:56.352+0000][7344][gc,age       ] GC(1) Age table with threshold 6 (max threshold 6)
[2022-06-16T20:26:56.352+0000][7344][gc,age       ] GC(1) - age   1:    8520192 bytes,    8520192 total
[2022-06-16T20:26:56.352+0000][7344][gc,heap      ] GC(1) ParNew: 136320K->8378K(153344K)
[2022-06-16T20:26:56.352+0000][7344][gc,heap      ] GC(1) CMS: 0K->0K(878208K)
[2022-06-16T20:26:56.352+0000][7344][gc,metaspace ] GC(1) Metaspace: 23046K->23046K(1071104K)
[2022-06-16T20:26:56.352+0000][7344][gc           ] GC(1) Pause Young (Allocation Failure) 133M->8M(1007M) 42.536ms
[2022-06-16T20:26:56.352+0000][7344][gc,cpu       ] GC(1) User=0.05s Sys=0.00s Real=0.05s
[2022-06-16T20:26:56.352+0000][7344][safepoint    ] Leaving safepoint region
[2022-06-16T20:26:56.352+0000][7344][safepoint    ] Total time for which application threads were stopped: 0.0427293 seconds, Stopping threads took: 0.0000277 seconds
[2022-06-16T20:26:56.352+0000][7344][safepoint    ] Application time: 0.0004389 seconds
[2022-06-16T20:26:56.352+0000][7344][safepoint    ] Entering safepoint region: CMS_Final_Remark
[2022-06-16T20:26:56.352+0000][7344][gc,start     ] GC(0) Pause Remark
[2022-06-16T20:26:56.352+0000][7344][gc           ] GC(0) Pause Remark 8M->8M(1007M) 9.557ms
[2022-06-16T20:26:56.352+0000][7344][gc,cpu       ] GC(0) User=0.00s Sys=0.00s Real=0.00s
[2022-06-16T20:26:56.352+0000][7344][safepoint    ] Leaving safepoint region
[2022-06-16T20:26:56.352+0000][7344][safepoint    ] Total time for which application threads were stopped: 0.0097413 seconds, Stopping threads took: 0.0000637 seconds
[2022-06-16T20:26:56.352+0000][7344][gc           ] GC(0) Concurrent Sweep
[2022-06-16T20:26:56.352+0000][7344][gc           ] GC(0) Concurrent Sweep 0.036ms
[2022-06-16T20:26:56.352+0000][7344][gc,cpu       ] GC(0) User=0.00s Sys=0.00s Real=0.00s
[2022-06-16T20:26:56.352+0000][7344][gc           ] GC(0) Concurrent Reset
[2022-06-16T20:26:56.368+0000][7344][gc           ] GC(0) Concurrent Reset 1.243ms
[2022-06-16T20:26:56.368+0000][7344][gc,cpu       ] GC(0) User=0.02s Sys=0.00s Real=0.02s
[2022-06-16T20:26:56.368+0000][7344][gc,heap      ] GC(0) Old: 0K->0K(878208K)
[2022-06-16T20:26:56.368+0000][7344][safepoint    ] Application time: 0.0015680 seconds
[2022-06-16T20:26:56.368+0000][7344][safepoint    ] Entering safepoint region: RevokeBias
[2022-06-16T20:26:56.368+0000][7344][safepoint    ] Leaving safepoint region
[2022-06-16T20:26:56.368+0000][7344][safepoint    ] Total time for which application threads were stopped: 0.0002253 seconds, Stopping threads took: 0.0001368 seconds
[2022-06-16T20:26:56.368+0000][7344][safepoint    ] Application time: 0.0001920 seconds
[2022-06-16T20:26:56.368+0000][7344][safepoint    ] Entering safepoint region: RevokeBias
[2022-06-16T20:26:56.368+0000][7344][safepoint    ] Leaving safepoint region
[2022-06-16T20:26:56.368+0000][7344][safepoint    ] Total time for which application threads were stopped: 0.0001018 seconds, Stopping threads took: 0.0000205 seconds
[2022-06-16T20:26:56.368+0000][7344][safepoint    ] Application time: 0.0002320 seconds
[2022-06-16T20:26:56.368+0000][7344][safepoint    ] Entering safepoint region: RevokeBias
[2022-06-16T20:26:56.368+0000][7344][safepoint    ] Leaving safepoint region
[2022-06-16T20:26:56.368+0000][7344][safepoint    ] Total time for which application threads were stopped: 0.0001125 seconds, Stopping threads took: 0.0000294 seconds
[2022-06-16T20:26:56.368+0000][7344][safepoint    ] Application time: 0.0000380 seconds
[2022-06-16T20:26:56.368+0000][7344][safepoint    ] Entering safepoint region: RevokeBias
[2022-06-16T20:26:56.368+0000][7344][safepoint    ] Leaving safepoint region
[2022-06-16T20:26:56.368+0000][7344][safepoint    ] Total time for which application threads were stopped: 0.0001435 seconds, Stopping threads took: 0.0000670 seconds
[2022-06-16T20:26:56.368+0000][7344][safepoint    ] Application time: 0.0000208 seconds
[2022-06-16T20:26:56.368+0000][7344][safepoint    ] Entering safepoint region: RevokeBias
[2022-06-16T20:26:56.368+0000][7344][safepoint    ] Leaving safepoint region
[2022-06-16T20:26:56.368+0000][7344][safepoint    ] Total time for which application threads were stopped: 0.0000923 seconds, Stopping threads took: 0.0000185 seconds
[2022-06-16T20:26:56.368+0000][7344][safepoint    ] Application time: 0.0000353 seconds
[2022-06-16T20:26:56.368+0000][7344][safepoint    ] Entering safepoint region: RevokeBias
[2022-06-16T20:26:56.368+0000][7344][safepoint    ] Leaving safepoint region
[2022-06-16T20:26:56.368+0000][7344][safepoint    ] Total time for which application threads were stopped: 0.0000948 seconds, Stopping threads took: 0.0000201 seconds
[2022-06-16T20:26:56.368+0000][7344][safepoint    ] Application time: 0.0000218 seconds
[2022-06-16T20:26:56.368+0000][7344][safepoint    ] Entering safepoint region: RevokeBias
[2022-06-16T20:26:56.368+0000][7344][safepoint    ] Leaving safepoint region
[2022-06-16T20:26:56.368+0000][7344][safepoint    ] Total time for which application threads were stopped: 0.0000920 seconds, Stopping threads took: 0.0000192 seconds
[2022-06-16T20:26:56.368+0000][7344][safepoint    ] Application time: 0.0000296 seconds
[2022-06-16T20:26:56.368+0000][7344][safepoint    ] Entering safepoint region: RevokeBias
[2022-06-16T20:26:56.368+0000][7344][safepoint    ] Leaving safepoint region
[2022-06-16T20:26:56.368+0000][7344][safepoint    ] Total time for which application threads were stopped: 0.0000978 seconds, Stopping threads took: 0.0000271 seconds
[2022-06-16T20:26:56.368+0000][7344][safepoint    ] Application time: 0.0000188 seconds
[2022-06-16T20:26:56.368+0000][7344][safepoint    ] Entering safepoint region: RevokeBias
[2022-06-16T20:26:56.368+0000][7344][safepoint    ] Leaving safepoint region
[2022-06-16T20:26:56.368+0000][7344][safepoint    ] Total time for which application threads were stopped: 0.0000985 seconds, Stopping threads took: 0.0000263 seconds
[2022-06-16T20:26:56.368+0000][7344][safepoint    ] Application time: 0.0000338 seconds
[2022-06-16T20:26:56.368+0000][7344][safepoint    ] Entering safepoint region: RevokeBias
[2022-06-16T20:26:56.368+0000][7344][safepoint    ] Leaving safepoint region
[2022-06-16T20:26:56.368+0000][7344][safepoint    ] Total time for which application threads were stopped: 0.0001427 seconds, Stopping threads took: 0.0000694 seconds
[2022-06-16T20:26:56.368+0000][7344][safepoint    ] Application time: 0.0000223 seconds
[2022-06-16T20:26:56.368+0000][7344][safepoint    ] Entering safepoint region: RevokeBias
[2022-06-16T20:26:56.368+0000][7344][safepoint    ] Leaving safepoint region
[2022-06-16T20:26:56.368+0000][7344][safepoint    ] Total time for which application threads were stopped: 0.0002005 seconds, Stopping threads took: 0.0001244 seconds
[2022-06-16T20:26:56.399+0000][7344][safepoint    ] Application time: 0.0407984 seconds
[2022-06-16T20:26:56.399+0000][7344][safepoint    ] Entering safepoint region: RevokeBias
[2022-06-16T20:26:56.399+0000][7344][safepoint    ] Leaving safepoint region
[2022-06-16T20:26:56.399+0000][7344][safepoint    ] Total time for which application threads were stopped: 0.0002372 seconds, Stopping threads took: 0.0001422 seconds
[2022-06-16T20:26:56.399+0000][7344][safepoint    ] Application time: 0.0000166 seconds
[2022-06-16T20:26:56.399+0000][7344][safepoint    ] Entering safepoint region: RevokeBias
[2022-06-16T20:26:56.399+0000][7344][safepoint    ] Leaving safepoint region
[2022-06-16T20:26:56.399+0000][7344][safepoint    ] Total time for which application threads were stopped: 0.0000847 seconds, Stopping threads took: 0.0000183 seconds
[2022-06-16T20:26:56.399+0000][7344][safepoint    ] Application time: 0.0000187 seconds
[2022-06-16T20:26:56.399+0000][7344][safepoint    ] Entering safepoint region: RevokeBias
[2022-06-16T20:26:56.399+0000][7344][safepoint    ] Leaving safepoint region
[2022-06-16T20:26:56.399+0000][7344][safepoint    ] Total time for which application threads were stopped: 0.0000812 seconds, Stopping threads took: 0.0000179 seconds
[2022-06-16T20:26:56.399+0000][7344][safepoint    ] Application time: 0.0000107 seconds
[2022-06-16T20:26:56.399+0000][7344][safepoint    ] Entering safepoint region: RevokeBias
[2022-06-16T20:26:56.399+0000][7344][safepoint    ] Leaving safepoint region
[2022-06-16T20:26:56.399+0000][7344][safepoint    ] Total time for which application threads were stopped: 0.0000888 seconds, Stopping threads took: 0.0000182 seconds
[2022-06-16T20:26:56.399+0000][7344][safepoint    ] Application time: 0.0000160 seconds
[2022-06-16T20:26:56.399+0000][7344][safepoint    ] Entering safepoint region: RevokeBias
[2022-06-16T20:26:56.399+0000][7344][safepoint    ] Leaving safepoint region
[2022-06-16T20:26:56.399+0000][7344][safepoint    ] Total time for which application threads were stopped: 0.0000822 seconds, Stopping threads took: 0.0000182 seconds
[2022-06-16T20:26:56.399+0000][7344][safepoint    ] Application time: 0.0000102 seconds
[2022-06-16T20:26:56.399+0000][7344][safepoint    ] Entering safepoint region: RevokeBias
[2022-06-16T20:26:56.399+0000][7344][safepoint    ] Leaving safepoint region
[2022-06-16T20:26:56.399+0000][7344][safepoint    ] Total time for which application threads were stopped: 0.0000828 seconds, Stopping threads took: 0.0000189 seconds
[2022-06-16T20:26:56.399+0000][7344][safepoint    ] Application time: 0.0000236 seconds
[2022-06-16T20:26:56.399+0000][7344][safepoint    ] Entering safepoint region: RevokeBias
[2022-06-16T20:26:56.399+0000][7344][safepoint    ] Leaving safepoint region
[2022-06-16T20:26:56.399+0000][7344][safepoint    ] Total time for which application threads were stopped: 0.0000830 seconds, Stopping threads took: 0.0000182 seconds
[2022-06-16T20:26:56.399+0000][7344][safepoint    ] Application time: 0.0000100 seconds
[2022-06-16T20:26:56.399+0000][7344][safepoint    ] Entering safepoint region: RevokeBias
[2022-06-16T20:26:56.399+0000][7344][safepoint    ] Leaving safepoint region
[2022-06-16T20:26:56.399+0000][7344][safepoint    ] Total time for which application threads were stopped: 0.0000807 seconds, Stopping threads took: 0.0000180 seconds
[2022-06-16T20:26:56.399+0000][7344][safepoint    ] Application time: 0.0000255 seconds
[2022-06-16T20:26:56.399+0000][7344][safepoint    ] Entering safepoint region: RevokeBias
[2022-06-16T20:26:56.399+0000][7344][safepoint    ] Leaving safepoint region
[2022-06-16T20:26:56.399+0000][7344][safepoint    ] Total time for which application threads were stopped: 0.0000814 seconds, Stopping threads took: 0.0000181 seconds
[2022-06-16T20:26:56.399+0000][7344][safepoint    ] Application time: 0.0000101 seconds
[2022-06-16T20:26:56.399+0000][7344][safepoint    ] Entering safepoint region: RevokeBias
[2022-06-16T20:26:56.399+0000][7344][safepoint    ] Leaving safepoint region
[2022-06-16T20:26:56.399+0000][7344][safepoint    ] Total time for which application threads were stopped: 0.0000816 seconds, Stopping threads took: 0.0000183 seconds
[2022-06-16T20:26:56.399+0000][7344][safepoint    ] Application time: 0.0000253 seconds
[2022-06-16T20:26:56.399+0000][7344][safepoint    ] Entering safepoint region: RevokeBias
[2022-06-16T20:26:56.399+0000][7344][safepoint    ] Leaving safepoint region
[2022-06-16T20:26:56.399+0000][7344][safepoint    ] Total time for which application threads were stopped: 0.0000808 seconds, Stopping threads took: 0.0000179 seconds
[2022-06-16T20:26:56.399+0000][7344][safepoint    ] Application time: 0.0000100 seconds
[2022-06-16T20:26:56.399+0000][7344][safepoint    ] Entering safepoint region: RevokeBias
[2022-06-16T20:26:56.399+0000][7344][safepoint    ] Leaving safepoint region
[2022-06-16T20:26:56.399+0000][7344][safepoint    ] Total time for which application threads were stopped: 0.0000812 seconds, Stopping threads took: 0.0000181 seconds
[2022-06-16T20:26:56.399+0000][7344][safepoint    ] Application time: 0.0000148 seconds
[2022-06-16T20:26:56.399+0000][7344][safepoint    ] Entering safepoint region: RevokeBias
[2022-06-16T20:26:56.399+0000][7344][safepoint    ] Leaving safepoint region
[2022-06-16T20:26:56.399+0000][7344][safepoint    ] Total time for which application threads were stopped: 0.0000808 seconds, Stopping threads took: 0.0000182 seconds
[2022-06-16T20:26:56.399+0000][7344][safepoint    ] Application time: 0.0000101 seconds
[2022-06-16T20:26:56.399+0000][7344][safepoint    ] Entering safepoint region: RevokeBias
[2022-06-16T20:26:56.399+0000][7344][safepoint    ] Leaving safepoint region
[2022-06-16T20:26:56.399+0000][7344][safepoint    ] Total time for which application threads were stopped: 0.0000836 seconds, Stopping threads took: 0.0000206 seconds
[2022-06-16T20:26:56.399+0000][7344][safepoint    ] Application time: 0.0000269 seconds
[2022-06-16T20:26:56.399+0000][7344][safepoint    ] Entering safepoint region: RevokeBias
[2022-06-16T20:26:56.399+0000][7344][safepoint    ] Leaving safepoint region
[2022-06-16T20:26:56.399+0000][7344][safepoint    ] Total time for which application threads were stopped: 0.0000814 seconds, Stopping threads took: 0.0000179 seconds
[2022-06-16T20:26:56.399+0000][7344][safepoint    ] Application time: 0.0000098 seconds
[2022-06-16T20:26:56.399+0000][7344][safepoint    ] Entering safepoint region: RevokeBias
[2022-06-16T20:26:56.399+0000][7344][safepoint    ] Leaving safepoint region
[2022-06-16T20:26:56.399+0000][7344][safepoint    ] Total time for which application threads were stopped: 0.0000819 seconds, Stopping threads took: 0.0000183 seconds
[2022-06-16T20:26:56.415+0000][7344][safepoint    ] Application time: 0.0016740 seconds
[2022-06-16T20:26:56.415+0000][7344][safepoint    ] Entering safepoint region: RevokeBias
[2022-06-16T20:26:56.415+0000][7344][safepoint    ] Leaving safepoint region
[2022-06-16T20:26:56.415+0000][7344][safepoint    ] Total time for which application threads were stopped: 0.0001062 seconds, Stopping threads took: 0.0000222 seconds
[2022-06-16T20:26:56.415+0000][7344][safepoint    ] Application time: 0.0000156 seconds
[2022-06-16T20:26:56.415+0000][7344][safepoint    ] Entering safepoint region: RevokeBias
[2022-06-16T20:26:56.415+0000][7344][safepoint    ] Leaving safepoint region
[2022-06-16T20:26:56.415+0000][7344][safepoint    ] Total time for which application threads were stopped: 0.0000870 seconds, Stopping threads took: 0.0000190 seconds
[2022-06-16T20:26:57.399+0000][7344][safepoint    ] Application time: 0.9859632 seconds
[2022-06-16T20:26:57.399+0000][7344][safepoint    ] Entering safepoint region: RevokeBias
[2022-06-16T20:26:57.399+0000][7344][safepoint    ] Leaving safepoint region
[2022-06-16T20:26:57.399+0000][7344][safepoint    ] Total time for which application threads were stopped: 0.0000964 seconds, Stopping threads took: 0.0000257 seconds
[2022-06-16T20:26:58.399+0000][7344][safepoint    ] Application time: 0.9974268 seconds
[2022-06-16T20:26:58.399+0000][7344][safepoint    ] Entering safepoint region: Cleanup
[2022-06-16T20:26:58.399+0000][7344][safepoint    ] Leaving safepoint region
[2022-06-16T20:26:58.399+0000][7344][safepoint    ] Total time for which application threads were stopped: 0.0000927 seconds, Stopping threads took: 0.0000237 seconds
[2022-06-16T20:26:59.009+0000][7344][safepoint    ] Application time: 0.6203591 seconds
[2022-06-16T20:26:59.009+0000][7344][safepoint    ] Entering safepoint region: GenCollectForAllocation
[2022-06-16T20:26:59.009+0000][7344][gc,start     ] GC(2) Pause Young (Allocation Failure)
[2022-06-16T20:26:59.009+0000][7344][gc,task      ] GC(2) Using 2 workers of 2 for evacuation
[2022-06-16T20:26:59.024+0000][7344][gc,age       ] GC(2) Desired survivor size 8716288 bytes, new threshold 2 (max threshold 6)
[2022-06-16T20:26:59.024+0000][7344][gc,age       ] GC(2) Age table with threshold 2 (max threshold 6)
[2022-06-16T20:26:59.024+0000][7344][gc,age       ] GC(2) - age   1:    1711224 bytes,    1711224 total
[2022-06-16T20:26:59.024+0000][7344][gc,age       ] GC(2) - age   2:    8248888 bytes,    9960112 total
[2022-06-16T20:26:59.024+0000][7344][gc,heap      ] GC(2) ParNew: 144698K->11966K(153344K)
[2022-06-16T20:26:59.024+0000][7344][gc,heap      ] GC(2) CMS: 0K->0K(878208K)
[2022-06-16T20:26:59.024+0000][7344][gc,metaspace ] GC(2) Metaspace: 25011K->25011K(1073152K)
[2022-06-16T20:26:59.024+0000][7344][gc           ] GC(2) Pause Young (Allocation Failure) 141M->11M(1007M) 14.932ms
[2022-06-16T20:26:59.024+0000][7344][gc,cpu       ] GC(2) User=0.03s Sys=0.00s Real=0.01s
[2022-06-16T20:26:59.024+0000][7344][safepoint    ] Leaving safepoint region
[2022-06-16T20:26:59.024+0000][7344][safepoint    ] Total time for which application threads were stopped: 0.0151567 seconds, Stopping threads took: 0.0000266 seconds
[2022-06-16T20:26:59.024+0000][7344][safepoint    ] Application time: 0.0006469 seconds
[2022-06-16T20:26:59.024+0000][7344][safepoint    ] Entering safepoint region: BulkRevokeBias
[2022-06-16T20:26:59.024+0000][7344][safepoint    ] Leaving safepoint region
[2022-06-16T20:26:59.024+0000][7344][safepoint    ] Total time for which application threads were stopped: 0.0001098 seconds, Stopping threads took: 0.0000277 seconds
[2022-06-16T20:26:59.024+0000][7344][safepoint    ] Application time: 0.0000743 seconds
[2022-06-16T20:26:59.024+0000][7344][safepoint    ] Entering safepoint region: RevokeBias
[2022-06-16T20:26:59.024+0000][7344][safepoint    ] Leaving safepoint region
[2022-06-16T20:26:59.024+0000][7344][safepoint    ] Total time for which application threads were stopped: 0.0000705 seconds, Stopping threads took: 0.0000181 seconds
[2022-06-16T20:26:59.024+0000][7344][safepoint    ] Application time: 0.0000212 seconds
[2022-06-16T20:26:59.024+0000][7344][safepoint    ] Entering safepoint region: RevokeBias
[2022-06-16T20:26:59.024+0000][7344][safepoint    ] Leaving safepoint region
[2022-06-16T20:26:59.024+0000][7344][safepoint    ] Total time for which application threads were stopped: 0.0001579 seconds, Stopping threads took: 0.0001043 seconds
[2022-06-16T20:26:59.024+0000][7344][safepoint    ] Application time: 0.0000537 seconds
[2022-06-16T20:26:59.024+0000][7344][safepoint    ] Entering safepoint region: RevokeBias
[2022-06-16T20:26:59.024+0000][7344][safepoint    ] Leaving safepoint region
[2022-06-16T20:26:59.024+0000][7344][safepoint    ] Total time for which application threads were stopped: 0.0000679 seconds, Stopping threads took: 0.0000199 seconds
[2022-06-16T20:26:59.024+0000][7344][safepoint    ] Application time: 0.0000111 seconds
[2022-06-16T20:26:59.024+0000][7344][safepoint    ] Entering safepoint region: RevokeBias
[2022-06-16T20:26:59.024+0000][7344][safepoint    ] Leaving safepoint region
[2022-06-16T20:26:59.024+0000][7344][safepoint    ] Total time for which application threads were stopped: 0.0000588 seconds, Stopping threads took: 0.0000172 seconds
[2022-06-16T20:26:59.024+0000][7344][safepoint    ] Application time: 0.0000144 seconds
[2022-06-16T20:26:59.024+0000][7344][safepoint    ] Entering safepoint region: RevokeBias
[2022-06-16T20:26:59.024+0000][7344][safepoint    ] Leaving safepoint region
[2022-06-16T20:26:59.024+0000][7344][safepoint    ] Total time for which application threads were stopped: 0.0000616 seconds, Stopping threads took: 0.0000177 seconds
[2022-06-16T20:26:59.024+0000][7344][safepoint    ] Application time: 0.0000125 seconds
[2022-06-16T20:26:59.024+0000][7344][safepoint    ] Entering safepoint region: RevokeBias
[2022-06-16T20:26:59.024+0000][7344][safepoint    ] Leaving safepoint region
[2022-06-16T20:26:59.024+0000][7344][safepoint    ] Total time for which application threads were stopped: 0.0000606 seconds, Stopping threads took: 0.0000186 seconds
[2022-06-16T20:26:59.024+0000][7344][safepoint    ] Application time: 0.0000104 seconds
[2022-06-16T20:26:59.024+0000][7344][safepoint    ] Entering safepoint region: RevokeBias
[2022-06-16T20:26:59.024+0000][7344][safepoint    ] Leaving safepoint region
[2022-06-16T20:26:59.024+0000][7344][safepoint    ] Total time for which application threads were stopped: 0.0000621 seconds, Stopping threads took: 0.0000187 seconds
[2022-06-16T20:26:59.024+0000][7344][safepoint    ] Application time: 0.0000154 seconds
[2022-06-16T20:26:59.024+0000][7344][safepoint    ] Entering safepoint region: RevokeBias
[2022-06-16T20:26:59.024+0000][7344][safepoint    ] Leaving safepoint region
[2022-06-16T20:26:59.024+0000][7344][safepoint    ] Total time for which application threads were stopped: 0.0000628 seconds, Stopping threads took: 0.0000192 seconds
[2022-06-16T20:26:59.024+0000][7344][safepoint    ] Application time: 0.0000146 seconds
[2022-06-16T20:26:59.024+0000][7344][safepoint    ] Entering safepoint region: RevokeBias
[2022-06-16T20:26:59.024+0000][7344][safepoint    ] Leaving safepoint region
[2022-06-16T20:26:59.024+0000][7344][safepoint    ] Total time for which application threads were stopped: 0.0000717 seconds, Stopping threads took: 0.0000198 seconds
[2022-06-16T20:26:59.024+0000][7344][safepoint    ] Application time: 0.0000149 seconds
[2022-06-16T20:26:59.024+0000][7344][safepoint    ] Entering safepoint region: BulkRevokeBias
[2022-06-16T20:26:59.024+0000][7344][safepoint    ] Leaving safepoint region
[2022-06-16T20:26:59.024+0000][7344][safepoint    ] Total time for which application threads were stopped: 0.0000774 seconds, Stopping threads took: 0.0000190 seconds
[2022-06-16T20:26:59.024+0000][7344][safepoint    ] Application time: 0.0000107 seconds
[2022-06-16T20:26:59.024+0000][7344][safepoint    ] Entering safepoint region: BulkRevokeBias
[2022-06-16T20:26:59.024+0000][7344][safepoint    ] Leaving safepoint region
[2022-06-16T20:26:59.024+0000][7344][safepoint    ] Total time for which application threads were stopped: 0.0000740 seconds, Stopping threads took: 0.0000179 seconds
[2022-06-16T20:26:59.665+0000][7344][safepoint    ] Application time: 0.6419414 seconds
[2022-06-16T20:26:59.665+0000][7344][safepoint    ] Entering safepoint region: Deoptimize
[2022-06-16T20:26:59.665+0000][7344][safepoint    ] Leaving safepoint region
[2022-06-16T20:26:59.665+0000][7344][safepoint    ] Total time for which application threads were stopped: 0.0004058 seconds, Stopping threads took: 0.0000261 seconds
[2022-06-16T20:26:59.680+0000][7344][safepoint    ] Application time: 0.0153714 seconds
[2022-06-16T20:26:59.680+0000][7344][safepoint    ] Entering safepoint region: RevokeBias
[2022-06-16T20:26:59.680+0000][7344][safepoint    ] Leaving safepoint region
[2022-06-16T20:26:59.680+0000][7344][safepoint    ] Total time for which application threads were stopped: 0.0000991 seconds, Stopping threads took: 0.0000259 seconds
[2022-06-16T20:27:00.165+0000][7344][safepoint    ] Application time: 0.4754791 seconds
[2022-06-16T20:27:00.165+0000][7344][safepoint    ] Entering safepoint region: GenCollectForAllocation
[2022-06-16T20:27:00.165+0000][7344][gc,start     ] GC(3) Pause Young (Allocation Failure)
[2022-06-16T20:27:00.165+0000][7344][gc,task      ] GC(3) Using 2 workers of 2 for evacuation
[2022-06-16T20:27:00.212+0000][7344][gc,age       ] GC(3) Desired survivor size 8716288 bytes, new threshold 6 (max threshold 6)
[2022-06-16T20:27:00.212+0000][7344][gc,age       ] GC(3) Age table with threshold 6 (max threshold 6)
[2022-06-16T20:27:00.212+0000][7344][gc,age       ] GC(3) - age   1:    1706872 bytes,    1706872 total
[2022-06-16T20:27:00.212+0000][7344][gc,age       ] GC(3) - age   2:    1675728 bytes,    3382600 total
[2022-06-16T20:27:00.212+0000][7344][gc,heap      ] GC(3) ParNew: 148286K->8067K(153344K)
[2022-06-16T20:27:00.212+0000][7344][gc,heap      ] GC(3) CMS: 0K->8888K(878208K)
[2022-06-16T20:27:00.212+0000][7344][gc,metaspace ] GC(3) Metaspace: 25676K->25676K(1073152K)
[2022-06-16T20:27:00.212+0000][7344][gc           ] GC(3) Pause Young (Allocation Failure) 144M->16M(1007M) 43.798ms
[2022-06-16T20:27:00.212+0000][7344][gc,cpu       ] GC(3) User=0.09s Sys=0.00s Real=0.05s
[2022-06-16T20:27:00.212+0000][7344][safepoint    ] Leaving safepoint region
[2022-06-16T20:27:00.212+0000][7344][safepoint    ] Total time for which application threads were stopped: 0.0440037 seconds, Stopping threads took: 0.0000248 seconds
[2022-06-16T20:27:00.212+0000][7344][safepoint    ] Application time: 0.0001342 seconds
[2022-06-16T20:27:00.212+0000][7344][safepoint    ] Entering safepoint region: RevokeBias
[2022-06-16T20:27:00.212+0000][7344][safepoint    ] Leaving safepoint region
[2022-06-16T20:27:00.212+0000][7344][safepoint    ] Total time for which application threads were stopped: 0.0001174 seconds, Stopping threads took: 0.0000259 seconds
[2022-06-16T20:27:00.212+0000][7344][safepoint    ] Application time: 0.0000298 seconds
[2022-06-16T20:27:00.212+0000][7344][safepoint    ] Entering safepoint region: RevokeBias
[2022-06-16T20:27:00.212+0000][7344][safepoint    ] Leaving safepoint region
[2022-06-16T20:27:00.212+0000][7344][safepoint    ] Total time for which application threads were stopped: 0.0001075 seconds, Stopping threads took: 0.0000189 seconds
[2022-06-16T20:27:00.212+0000][7344][safepoint    ] Application time: 0.0000352 seconds
[2022-06-16T20:27:00.212+0000][7344][safepoint    ] Entering safepoint region: RevokeBias
[2022-06-16T20:27:00.212+0000][7344][safepoint    ] Leaving safepoint region
[2022-06-16T20:27:00.212+0000][7344][safepoint    ] Total time for which application threads were stopped: 0.0001529 seconds, Stopping threads took: 0.0000531 seconds
[2022-06-16T20:27:00.212+0000][7344][safepoint    ] Application time: 0.0000126 seconds
[2022-06-16T20:27:00.212+0000][7344][safepoint    ] Entering safepoint region: RevokeBias
[2022-06-16T20:27:00.212+0000][7344][safepoint    ] Leaving safepoint region
[2022-06-16T20:27:00.212+0000][7344][safepoint    ] Total time for which application threads were stopped: 0.0001048 seconds, Stopping threads took: 0.0000192 seconds
[2022-06-16T20:27:00.212+0000][7344][safepoint    ] Application time: 0.0000280 seconds
[2022-06-16T20:27:00.212+0000][7344][safepoint    ] Entering safepoint region: RevokeBias
[2022-06-16T20:27:00.212+0000][7344][safepoint    ] Leaving safepoint region
[2022-06-16T20:27:00.212+0000][7344][safepoint    ] Total time for which application threads were stopped: 0.0001191 seconds, Stopping threads took: 0.0000335 seconds
[2022-06-16T20:27:00.212+0000][7344][safepoint    ] Application time: 0.0000132 seconds
[2022-06-16T20:27:00.212+0000][7344][safepoint    ] Entering safepoint region: RevokeBias
[2022-06-16T20:27:00.212+0000][7344][safepoint    ] Leaving safepoint region
[2022-06-16T20:27:00.212+0000][7344][safepoint    ] Total time for which application threads were stopped: 0.0000958 seconds, Stopping threads took: 0.0000292 seconds
[2022-06-16T20:27:00.212+0000][7344][safepoint    ] Application time: 0.0000369 seconds
[2022-06-16T20:27:00.212+0000][7344][safepoint    ] Entering safepoint region: RevokeBias
[2022-06-16T20:27:00.212+0000][7344][safepoint    ] Leaving safepoint region
[2022-06-16T20:27:00.212+0000][7344][safepoint    ] Total time for which application threads were stopped: 0.0000795 seconds, Stopping threads took: 0.0000156 seconds
[2022-06-16T20:27:00.212+0000][7344][safepoint    ] Application time: 0.0000142 seconds
[2022-06-16T20:27:00.212+0000][7344][safepoint    ] Entering safepoint region: RevokeBias
[2022-06-16T20:27:00.212+0000][7344][safepoint    ] Leaving safepoint region
[2022-06-16T20:27:00.212+0000][7344][safepoint    ] Total time for which application threads were stopped: 0.0001163 seconds, Stopping threads took: 0.0000325 seconds
[2022-06-16T20:27:00.212+0000][7344][safepoint    ] Application time: 0.0000148 seconds
[2022-06-16T20:27:00.212+0000][7344][safepoint    ] Entering safepoint region: RevokeBias
[2022-06-16T20:27:00.212+0000][7344][safepoint    ] Leaving safepoint region
[2022-06-16T20:27:00.212+0000][7344][safepoint    ] Total time for which application threads were stopped: 0.0000968 seconds, Stopping threads took: 0.0000188 seconds
[2022-06-16T20:27:00.212+0000][7344][safepoint    ] Application time: 0.0000252 seconds
[2022-06-16T20:27:00.212+0000][7344][safepoint    ] Entering safepoint region: RevokeBias
[2022-06-16T20:27:00.212+0000][7344][safepoint    ] Leaving safepoint region
[2022-06-16T20:27:00.212+0000][7344][safepoint    ] Total time for which application threads were stopped: 0.0000936 seconds, Stopping threads took: 0.0000322 seconds
[2022-06-16T20:27:00.212+0000][7344][safepoint    ] Application time: 0.0000122 seconds
[2022-06-16T20:27:00.212+0000][7344][safepoint    ] Entering safepoint region: RevokeBias
[2022-06-16T20:27:00.212+0000][7344][safepoint    ] Leaving safepoint region
[2022-06-16T20:27:00.212+0000][7344][safepoint    ] Total time for which application threads were stopped: 0.0001359 seconds, Stopping threads took: 0.0000707 seconds
[2022-06-16T20:27:00.212+0000][7344][safepoint    ] Application time: 0.0000255 seconds
[2022-06-16T20:27:00.212+0000][7344][safepoint    ] Entering safepoint region: RevokeBias
[2022-06-16T20:27:00.212+0000][7344][safepoint    ] Leaving safepoint region
[2022-06-16T20:27:00.212+0000][7344][safepoint    ] Total time for which application threads were stopped: 0.0001067 seconds, Stopping threads took: 0.0000357 seconds
[2022-06-16T20:27:00.212+0000][7344][safepoint    ] Application time: 0.0000141 seconds
[2022-06-16T20:27:00.212+0000][7344][safepoint    ] Entering safepoint region: RevokeBias
[2022-06-16T20:27:00.212+0000][7344][safepoint    ] Leaving safepoint region
[2022-06-16T20:27:00.212+0000][7344][safepoint    ] Total time for which application threads were stopped: 0.0000854 seconds, Stopping threads took: 0.0000193 seconds
[2022-06-16T20:27:00.212+0000][7344][safepoint    ] Application time: 0.0000246 seconds
[2022-06-16T20:27:00.212+0000][7344][safepoint    ] Entering safepoint region: RevokeBias
[2022-06-16T20:27:00.212+0000][7344][safepoint    ] Leaving safepoint region
[2022-06-16T20:27:00.212+0000][7344][safepoint    ] Total time for which application threads were stopped: 0.0000975 seconds, Stopping threads took: 0.0000316 seconds
[2022-06-16T20:27:00.212+0000][7344][safepoint    ] Application time: 0.0000126 seconds
[2022-06-16T20:27:00.212+0000][7344][safepoint    ] Entering safepoint region: RevokeBias
[2022-06-16T20:27:00.212+0000][7344][safepoint    ] Leaving safepoint region
[2022-06-16T20:27:00.212+0000][7344][safepoint    ] Total time for which application threads were stopped: 0.0000828 seconds, Stopping threads took: 0.0000189 seconds
[2022-06-16T20:27:00.212+0000][7344][safepoint    ] Application time: 0.0000235 seconds
[2022-06-16T20:27:00.212+0000][7344][safepoint    ] Entering safepoint region: RevokeBias
[2022-06-16T20:27:00.212+0000][7344][safepoint    ] Leaving safepoint region
[2022-06-16T20:27:00.212+0000][7344][safepoint    ] Total time for which application threads were stopped: 0.0000729 seconds, Stopping threads took: 0.0000330 seconds
[2022-06-16T20:27:00.212+0000][7344][safepoint    ] Application time: 0.0000124 seconds
[2022-06-16T20:27:00.212+0000][7344][safepoint    ] Entering safepoint region: RevokeBias
[2022-06-16T20:27:00.212+0000][7344][safepoint    ] Leaving safepoint region
[2022-06-16T20:27:00.212+0000][7344][safepoint    ] Total time for which application threads were stopped: 0.0000569 seconds, Stopping threads took: 0.0000185 seconds
[2022-06-16T20:27:00.212+0000][7344][safepoint    ] Application time: 0.0000226 seconds
[2022-06-16T20:27:00.212+0000][7344][safepoint    ] Entering safepoint region: RevokeBias
[2022-06-16T20:27:00.212+0000][7344][safepoint    ] Leaving safepoint region
[2022-06-16T20:27:00.212+0000][7344][safepoint    ] Total time for which application threads were stopped: 0.0001119 seconds, Stopping threads took: 0.0000325 seconds
[2022-06-16T20:27:00.212+0000][7344][safepoint    ] Application time: 0.0000124 seconds
[2022-06-16T20:27:00.212+0000][7344][safepoint    ] Entering safepoint region: RevokeBias
[2022-06-16T20:27:00.212+0000][7344][safepoint    ] Leaving safepoint region
[2022-06-16T20:27:00.212+0000][7344][safepoint    ] Total time for which application threads were stopped: 0.0000947 seconds, Stopping threads took: 0.0000185 seconds
[2022-06-16T20:27:00.212+0000][7344][safepoint    ] Application time: 0.0000238 seconds
[2022-06-16T20:27:00.212+0000][7344][safepoint    ] Entering safepoint region: RevokeBias
[2022-06-16T20:27:00.212+0000][7344][safepoint    ] Leaving safepoint region
[2022-06-16T20:27:00.212+0000][7344][safepoint    ] Total time for which application threads were stopped: 0.0001056 seconds, Stopping threads took: 0.0000315 seconds
[2022-06-16T20:27:00.212+0000][7344][safepoint    ] Application time: 0.0000684 seconds
[2022-06-16T20:27:00.212+0000][7344][safepoint    ] Entering safepoint region: RevokeBias
[2022-06-16T20:27:00.212+0000][7344][safepoint    ] Leaving safepoint region
[2022-06-16T20:27:00.212+0000][7344][safepoint    ] Total time for which application threads were stopped: 0.0000982 seconds, Stopping threads took: 0.0000167 seconds
[2022-06-16T20:27:00.212+0000][7344][safepoint    ] Application time: 0.0000160 seconds
[2022-06-16T20:27:00.212+0000][7344][safepoint    ] Entering safepoint region: RevokeBias
[2022-06-16T20:27:00.212+0000][7344][safepoint    ] Leaving safepoint region
[2022-06-16T20:27:00.212+0000][7344][safepoint    ] Total time for which application threads were stopped: 0.0000874 seconds, Stopping threads took: 0.0000155 seconds
[2022-06-16T20:27:00.212+0000][7344][safepoint    ] Application time: 0.0000165 seconds
[2022-06-16T20:27:00.212+0000][7344][safepoint    ] Entering safepoint region: RevokeBias
[2022-06-16T20:27:00.212+0000][7344][safepoint    ] Leaving safepoint region
[2022-06-16T20:27:00.212+0000][7344][safepoint    ] Total time for which application threads were stopped: 0.0001051 seconds, Stopping threads took: 0.0000364 seconds
[2022-06-16T20:27:00.212+0000][7344][safepoint    ] Application time: 0.0000110 seconds
[2022-06-16T20:27:00.212+0000][7344][safepoint    ] Entering safepoint region: BulkRevokeBias
[2022-06-16T20:27:00.212+0000][7344][safepoint    ] Leaving safepoint region
[2022-06-16T20:27:00.212+0000][7344][safepoint    ] Total time for which application threads were stopped: 0.0000990 seconds, Stopping threads took: 0.0000185 seconds
[2022-06-16T20:27:00.571+0000][7344][safepoint    ] Application time: 0.3623796 seconds
[2022-06-16T20:27:00.571+0000][7344][safepoint    ] Entering safepoint region: GenCollectForAllocation
[2022-06-16T20:27:00.571+0000][7344][gc,start     ] GC(4) Pause Young (Allocation Failure)
[2022-06-16T20:27:00.571+0000][7344][gc,task      ] GC(4) Using 2 workers of 2 for evacuation
[2022-06-16T20:27:00.587+0000][7344][gc,age       ] GC(4) Desired survivor size 8716288 bytes, new threshold 6 (max threshold 6)
[2022-06-16T20:27:00.587+0000][7344][gc,age       ] GC(4) Age table with threshold 6 (max threshold 6)
[2022-06-16T20:27:00.587+0000][7344][gc,age       ] GC(4) - age   1:    2681952 bytes,    2681952 total
[2022-06-16T20:27:00.587+0000][7344][gc,age       ] GC(4) - age   2:    1696312 bytes,    4378264 total
[2022-06-16T20:27:00.587+0000][7344][gc,age       ] GC(4) - age   3:    1675728 bytes,    6053992 total
[2022-06-16T20:27:00.587+0000][7344][gc,heap      ] GC(4) ParNew: 144387K->8139K(153344K)
[2022-06-16T20:27:00.587+0000][7344][gc,heap      ] GC(4) CMS: 8888K->8888K(878208K)
[2022-06-16T20:27:00.587+0000][7344][gc,metaspace ] GC(4) Metaspace: 25791K->25791K(1073152K)
[2022-06-16T20:27:00.587+0000][7344][gc           ] GC(4) Pause Young (Allocation Failure) 149M->16M(1007M) 10.638ms
[2022-06-16T20:27:00.587+0000][7344][gc,cpu       ] GC(4) User=0.03s Sys=0.00s Real=0.02s
[2022-06-16T20:27:00.587+0000][7344][safepoint    ] Leaving safepoint region
[2022-06-16T20:27:00.587+0000][7344][safepoint    ] Total time for which application threads were stopped: 0.0108128 seconds, Stopping threads took: 0.0000270 seconds
[2022-06-16T20:27:00.587+0000][7344][safepoint    ] Application time: 0.0000882 seconds
[2022-06-16T20:27:00.587+0000][7344][safepoint    ] Entering safepoint region: RevokeBias
[2022-06-16T20:27:00.587+0000][7344][safepoint    ] Leaving safepoint region
[2022-06-16T20:27:00.587+0000][7344][safepoint    ] Total time for which application threads were stopped: 0.0000947 seconds, Stopping threads took: 0.0000219 seconds
[2022-06-16T20:27:00.587+0000][7344][safepoint    ] Application time: 0.0000169 seconds
[2022-06-16T20:27:00.587+0000][7344][safepoint    ] Entering safepoint region: RevokeBias
[2022-06-16T20:27:00.587+0000][7344][safepoint    ] Leaving safepoint region
[2022-06-16T20:27:00.587+0000][7344][safepoint    ] Total time for which application threads were stopped: 0.0000641 seconds, Stopping threads took: 0.0000179 seconds
[2022-06-16T20:27:00.587+0000][7344][safepoint    ] Application time: 0.0000266 seconds
[2022-06-16T20:27:00.587+0000][7344][safepoint    ] Entering safepoint region: RevokeBias
[2022-06-16T20:27:00.587+0000][7344][safepoint    ] Leaving safepoint region
[2022-06-16T20:27:00.587+0000][7344][safepoint    ] Total time for which application threads were stopped: 0.0000701 seconds, Stopping threads took: 0.0000205 seconds
[2022-06-16T20:27:01.243+0000][7344][safepoint    ] Application time: 0.6642400 seconds
[2022-06-16T20:27:01.243+0000][7344][safepoint    ] Entering safepoint region: GenCollectForAllocation
[2022-06-16T20:27:01.243+0000][7344][gc,start     ] GC(5) Pause Young (Allocation Failure)
[2022-06-16T20:27:01.243+0000][7344][gc,task      ] GC(5) Using 2 workers of 2 for evacuation
[2022-06-16T20:27:01.259+0000][7344][gc,age       ] GC(5) Desired survivor size 8716288 bytes, new threshold 6 (max threshold 6)
[2022-06-16T20:27:01.259+0000][7344][gc,age       ] GC(5) Age table with threshold 6 (max threshold 6)
[2022-06-16T20:27:01.259+0000][7344][gc,age       ] GC(5) - age   1:    2051168 bytes,    2051168 total
[2022-06-16T20:27:01.259+0000][7344][gc,age       ] GC(5) - age   2:     279232 bytes,    2330400 total
[2022-06-16T20:27:01.259+0000][7344][gc,age       ] GC(5) - age   3:    1696264 bytes,    4026664 total
[2022-06-16T20:27:01.259+0000][7344][gc,age       ] GC(5) - age   4:    1673384 bytes,    5700048 total
[2022-06-16T20:27:01.259+0000][7344][gc,heap      ] GC(5) ParNew: 144459K->7871K(153344K)
[2022-06-16T20:27:01.259+0000][7344][gc,heap      ] GC(5) CMS: 8888K->8888K(878208K)
[2022-06-16T20:27:01.259+0000][7344][gc,metaspace ] GC(5) Metaspace: 26440K->26440K(1073152K)
[2022-06-16T20:27:01.259+0000][7344][gc           ] GC(5) Pause Young (Allocation Failure) 149M->16M(1007M) 8.576ms
[2022-06-16T20:27:01.259+0000][7344][gc,cpu       ] GC(5) User=0.02s Sys=0.00s Real=0.02s
[2022-06-16T20:27:01.259+0000][7344][safepoint    ] Leaving safepoint region
[2022-06-16T20:27:01.259+0000][7344][safepoint    ] Total time for which application threads were stopped: 0.0087305 seconds, Stopping threads took: 0.0000237 seconds
[2022-06-16T20:27:01.259+0000][7344][safepoint    ] Application time: 0.0001659 seconds
[2022-06-16T20:27:01.259+0000][7344][safepoint    ] Entering safepoint region: RevokeBias
[2022-06-16T20:27:01.259+0000][7344][safepoint    ] Leaving safepoint region
[2022-06-16T20:27:01.259+0000][7344][safepoint    ] Total time for which application threads were stopped: 0.0001152 seconds, Stopping threads took: 0.0000231 seconds
[2022-06-16T20:27:01.259+0000][7344][safepoint    ] Application time: 0.0000301 seconds
[2022-06-16T20:27:01.259+0000][7344][safepoint    ] Entering safepoint region: RevokeBias
[2022-06-16T20:27:01.259+0000][7344][safepoint    ] Leaving safepoint region
[2022-06-16T20:27:01.259+0000][7344][safepoint    ] Total time for which application threads were stopped: 0.0000592 seconds, Stopping threads took: 0.0000163 seconds
[2022-06-16T20:27:01.259+0000][7344][safepoint    ] Application time: 0.0000194 seconds
[2022-06-16T20:27:01.259+0000][7344][safepoint    ] Entering safepoint region: RevokeBias
[2022-06-16T20:27:01.259+0000][7344][safepoint    ] Leaving safepoint region
[2022-06-16T20:27:01.259+0000][7344][safepoint    ] Total time for which application threads were stopped: 0.0000577 seconds, Stopping threads took: 0.0000153 seconds
[2022-06-16T20:27:01.259+0000][7344][safepoint    ] Application time: 0.0000200 seconds
[2022-06-16T20:27:01.259+0000][7344][safepoint    ] Entering safepoint region: RevokeBias
[2022-06-16T20:27:01.259+0000][7344][safepoint    ] Leaving safepoint region
[2022-06-16T20:27:01.259+0000][7344][safepoint    ] Total time for which application threads were stopped: 0.0000978 seconds, Stopping threads took: 0.0000412 seconds
[2022-06-16T20:27:01.259+0000][7344][safepoint    ] Application time: 0.0000160 seconds
[2022-06-16T20:27:01.259+0000][7344][safepoint    ] Entering safepoint region: RevokeBias
[2022-06-16T20:27:01.259+0000][7344][safepoint    ] Leaving safepoint region
[2022-06-16T20:27:01.259+0000][7344][safepoint    ] Total time for which application threads were stopped: 0.0000875 seconds, Stopping threads took: 0.0000382 seconds
[2022-06-16T20:27:01.259+0000][7344][safepoint    ] Application time: 0.0000173 seconds
[2022-06-16T20:27:01.259+0000][7344][safepoint    ] Entering safepoint region: RevokeBias
[2022-06-16T20:27:01.259+0000][7344][safepoint    ] Leaving safepoint region
[2022-06-16T20:27:01.259+0000][7344][safepoint    ] Total time for which application threads were stopped: 0.0000697 seconds, Stopping threads took: 0.0000273 seconds
[2022-06-16T20:27:02.262+0000][7344][safepoint    ] Application time: 0.9953091 seconds
[2022-06-16T20:27:02.262+0000][7344][safepoint    ] Entering safepoint region: Cleanup
[2022-06-16T20:27:02.262+0000][7344][safepoint    ] Leaving safepoint region
[2022-06-16T20:27:02.262+0000][7344][safepoint    ] Total time for which application threads were stopped: 0.0000879 seconds, Stopping threads took: 0.0000253 seconds
[2022-06-16T20:27:03.169+0000][7344][safepoint    ] Application time: 0.9147591 seconds
[2022-06-16T20:27:03.169+0000][7344][safepoint    ] Entering safepoint region: GenCollectForAllocation
[2022-06-16T20:27:03.169+0000][7344][gc,start     ] GC(6) Pause Young (Allocation Failure)
[2022-06-16T20:27:03.169+0000][7344][gc,task      ] GC(6) Using 2 workers of 2 for evacuation
[2022-06-16T20:27:03.184+0000][7344][gc,age       ] GC(6) Desired survivor size 8716288 bytes, new threshold 6 (max threshold 6)
[2022-06-16T20:27:03.184+0000][7344][gc,age       ] GC(6) Age table with threshold 6 (max threshold 6)
[2022-06-16T20:27:03.184+0000][7344][gc,age       ] GC(6) - age   1:    2996352 bytes,    2996352 total
[2022-06-16T20:27:03.184+0000][7344][gc,age       ] GC(6) - age   2:    1760232 bytes,    4756584 total
[2022-06-16T20:27:03.184+0000][7344][gc,age       ] GC(6) - age   3:     279232 bytes,    5035816 total
[2022-06-16T20:27:03.184+0000][7344][gc,age       ] GC(6) - age   4:    1696264 bytes,    6732080 total
[2022-06-16T20:27:03.184+0000][7344][gc,age       ] GC(6) - age   5:    1672592 bytes,    8404672 total
[2022-06-16T20:27:03.184+0000][7344][gc,heap      ] GC(6) ParNew: 144191K->10973K(153344K)
[2022-06-16T20:27:03.184+0000][7344][gc,heap      ] GC(6) CMS: 8888K->8888K(878208K)
[2022-06-16T20:27:03.184+0000][7344][gc,metaspace ] GC(6) Metaspace: 26612K->26612K(1073152K)
[2022-06-16T20:27:03.184+0000][7344][gc           ] GC(6) Pause Young (Allocation Failure) 149M->19M(1007M) 11.677ms
[2022-06-16T20:27:03.184+0000][7344][gc,cpu       ] GC(6) User=0.03s Sys=0.00s Real=0.02s
[2022-06-16T20:27:03.184+0000][7344][safepoint    ] Leaving safepoint region
[2022-06-16T20:27:03.184+0000][7344][safepoint    ] Total time for which application threads were stopped: 0.0118370 seconds, Stopping threads took: 0.0000211 seconds
[2022-06-16T20:27:03.184+0000][7344][safepoint    ] Application time: 0.0000637 seconds
[2022-06-16T20:27:03.184+0000][7344][safepoint    ] Entering safepoint region: RevokeBias
[2022-06-16T20:27:03.184+0000][7344][safepoint    ] Leaving safepoint region
[2022-06-16T20:27:03.184+0000][7344][safepoint    ] Total time for which application threads were stopped: 0.0001525 seconds, Stopping threads took: 0.0000571 seconds
[2022-06-16T20:27:03.184+0000][7344][safepoint    ] Application time: 0.0000265 seconds
[2022-06-16T20:27:03.184+0000][7344][safepoint    ] Entering safepoint region: RevokeBias
[2022-06-16T20:27:03.184+0000][7344][safepoint    ] Leaving safepoint region
[2022-06-16T20:27:03.184+0000][7344][safepoint    ] Total time for which application threads were stopped: 0.0001177 seconds, Stopping threads took: 0.0000398 seconds
[2022-06-16T20:27:03.184+0000][7344][safepoint    ] Application time: 0.0000225 seconds
[2022-06-16T20:27:03.184+0000][7344][safepoint    ] Entering safepoint region: RevokeBias
[2022-06-16T20:27:03.184+0000][7344][safepoint    ] Leaving safepoint region
[2022-06-16T20:27:03.184+0000][7344][safepoint    ] Total time for which application threads were stopped: 0.0001345 seconds, Stopping threads took: 0.0000385 seconds
[2022-06-16T20:27:03.184+0000][7344][safepoint    ] Application time: 0.0000252 seconds
[2022-06-16T20:27:03.184+0000][7344][safepoint    ] Entering safepoint region: RevokeBias
[2022-06-16T20:27:03.184+0000][7344][safepoint    ] Leaving safepoint region
[2022-06-16T20:27:03.184+0000][7344][safepoint    ] Total time for which application threads were stopped: 0.0001356 seconds, Stopping threads took: 0.0000416 seconds
[2022-06-16T20:27:03.184+0000][7344][safepoint    ] Application time: 0.0000236 seconds
[2022-06-16T20:27:03.184+0000][7344][safepoint    ] Entering safepoint region: RevokeBias
[2022-06-16T20:27:03.184+0000][7344][safepoint    ] Leaving safepoint region
[2022-06-16T20:27:03.184+0000][7344][safepoint    ] Total time for which application threads were stopped: 0.0002178 seconds, Stopping threads took: 0.0001238 seconds
[2022-06-16T20:27:03.184+0000][7344][safepoint    ] Application time: 0.0000235 seconds
[2022-06-16T20:27:03.184+0000][7344][safepoint    ] Entering safepoint region: RevokeBias
[2022-06-16T20:27:03.184+0000][7344][safepoint    ] Leaving safepoint region
[2022-06-16T20:27:03.184+0000][7344][safepoint    ] Total time for which application threads were stopped: 0.0002030 seconds, Stopping threads took: 0.0001184 seconds
[2022-06-16T20:27:03.184+0000][7344][safepoint    ] Application time: 0.0000219 seconds
[2022-06-16T20:27:03.184+0000][7344][safepoint    ] Entering safepoint region: BulkRevokeBias
[2022-06-16T20:27:03.184+0000][7344][safepoint    ] Leaving safepoint region
[2022-06-16T20:27:03.184+0000][7344][safepoint    ] Total time for which application threads were stopped: 0.0002194 seconds, Stopping threads took: 0.0001169 seconds
[2022-06-16T20:27:03.747+0000][7344][safepoint    ] Application time: 0.5714199 seconds
[2022-06-16T20:27:03.762+0000][7344][safepoint    ] Entering safepoint region: GenCollectForAllocation
[2022-06-16T20:27:03.762+0000][7344][gc,start     ] GC(7) Pause Young (Allocation Failure)
[2022-06-16T20:27:03.762+0000][7344][gc,task      ] GC(7) Using 2 workers of 2 for evacuation
[2022-06-16T20:27:03.762+0000][7344][gc,age       ] GC(7) Desired survivor size 8716288 bytes, new threshold 6 (max threshold 6)
[2022-06-16T20:27:03.762+0000][7344][gc,age       ] GC(7) Age table with threshold 6 (max threshold 6)
[2022-06-16T20:27:03.762+0000][7344][gc,age       ] GC(7) - age   1:    1682216 bytes,    1682216 total
[2022-06-16T20:27:03.762+0000][7344][gc,age       ] GC(7) - age   2:     545584 bytes,    2227800 total
[2022-06-16T20:27:03.762+0000][7344][gc,age       ] GC(7) - age   3:    1760104 bytes,    3987904 total
[2022-06-16T20:27:03.762+0000][7344][gc,age       ] GC(7) - age   4:     279232 bytes,    4267136 total
[2022-06-16T20:27:03.762+0000][7344][gc,age       ] GC(7) - age   5:    1696120 bytes,    5963256 total
[2022-06-16T20:27:03.762+0000][7344][gc,age       ] GC(7) - age   6:    1672592 bytes,    7635848 total
[2022-06-16T20:27:03.762+0000][7344][gc,heap      ] GC(7) ParNew: 147293K->11291K(153344K)
[2022-06-16T20:27:03.762+0000][7344][gc,heap      ] GC(7) CMS: 8888K->8888K(878208K)
[2022-06-16T20:27:03.762+0000][7344][gc,metaspace ] GC(7) Metaspace: 26697K->26697K(1073152K)
[2022-06-16T20:27:03.762+0000][7344][gc           ] GC(7) Pause Young (Allocation Failure) 152M->19M(1007M) 7.963ms
[2022-06-16T20:27:03.762+0000][7344][gc,cpu       ] GC(7) User=0.00s Sys=0.00s Real=0.00s
[2022-06-16T20:27:03.762+0000][7344][safepoint    ] Leaving safepoint region
[2022-06-16T20:27:03.762+0000][7344][safepoint    ] Total time for which application threads were stopped: 0.0081825 seconds, Stopping threads took: 0.0000736 seconds
[2022-06-16T20:27:04.772+0000][7344][safepoint    ] Application time: 1.0063274 seconds
[2022-06-16T20:27:04.772+0000][7344][safepoint    ] Entering safepoint region: Cleanup
[2022-06-16T20:27:04.772+0000][7344][safepoint    ] Leaving safepoint region
[2022-06-16T20:27:04.772+0000][7344][safepoint    ] Total time for which application threads were stopped: 0.0000991 seconds, Stopping threads took: 0.0000242 seconds
[2022-06-16T20:27:05.303+0000][7344][safepoint    ] Application time: 0.5273198 seconds
[2022-06-16T20:27:05.303+0000][7344][safepoint    ] Entering safepoint region: GenCollectForAllocation
[2022-06-16T20:27:05.303+0000][7344][gc,start     ] GC(8) Pause Young (Allocation Failure)
[2022-06-16T20:27:05.303+0000][7344][gc,task      ] GC(8) Using 2 workers of 2 for evacuation
[2022-06-16T20:27:05.303+0000][7344][gc,age       ] GC(8) Desired survivor size 8716288 bytes, new threshold 6 (max threshold 6)
[2022-06-16T20:27:05.303+0000][7344][gc,age       ] GC(8) Age table with threshold 6 (max threshold 6)
[2022-06-16T20:27:05.303+0000][7344][gc,age       ] GC(8) - age   1:     551704 bytes,     551704 total
[2022-06-16T20:27:05.303+0000][7344][gc,age       ] GC(8) - age   2:    1527320 bytes,    2079024 total
[2022-06-16T20:27:05.303+0000][7344][gc,age       ] GC(8) - age   3:     545480 bytes,    2624504 total
[2022-06-16T20:27:05.303+0000][7344][gc,age       ] GC(8) - age   4:    1759816 bytes,    4384320 total
[2022-06-16T20:27:05.303+0000][7344][gc,age       ] GC(8) - age   5:     279232 bytes,    4663552 total
[2022-06-16T20:27:05.303+0000][7344][gc,age       ] GC(8) - age   6:    1696120 bytes,    6359672 total
[2022-06-16T20:27:05.303+0000][7344][gc,heap      ] GC(8) ParNew: 147611K->11211K(153344K)
[2022-06-16T20:27:05.303+0000][7344][gc,heap      ] GC(8) CMS: 8888K->10536K(878208K)
[2022-06-16T20:27:05.303+0000][7344][gc,metaspace ] GC(8) Metaspace: 27136K->27136K(1075200K)
[2022-06-16T20:27:05.303+0000][7344][gc           ] GC(8) Pause Young (Allocation Failure) 152M->21M(1007M) 9.016ms
[2022-06-16T20:27:05.303+0000][7344][gc,cpu       ] GC(8) User=0.00s Sys=0.00s Real=0.00s
[2022-06-16T20:27:05.303+0000][7344][safepoint    ] Leaving safepoint region
[2022-06-16T20:27:05.303+0000][7344][safepoint    ] Total time for which application threads were stopped: 0.0091807 seconds, Stopping threads took: 0.0000269 seconds
[2022-06-16T20:27:05.975+0000][7344][safepoint    ] Application time: 0.6706766 seconds
[2022-06-16T20:27:05.975+0000][7344][safepoint    ] Entering safepoint region: GenCollectForAllocation
[2022-06-16T20:27:05.975+0000][7344][gc,start     ] GC(9) Pause Young (Allocation Failure)
[2022-06-16T20:27:05.975+0000][7344][gc,task      ] GC(9) Using 2 workers of 2 for evacuation
[2022-06-16T20:27:05.990+0000][7344][gc,age       ] GC(9) Desired survivor size 8716288 bytes, new threshold 6 (max threshold 6)
[2022-06-16T20:27:05.990+0000][7344][gc,age       ] GC(9) Age table with threshold 6 (max threshold 6)
[2022-06-16T20:27:05.990+0000][7344][gc,age       ] GC(9) - age   1:     933440 bytes,     933440 total
[2022-06-16T20:27:05.990+0000][7344][gc,age       ] GC(9) - age   2:     312176 bytes,    1245616 total
[2022-06-16T20:27:05.990+0000][7344][gc,age       ] GC(9) - age   3:    1527200 bytes,    2772816 total
[2022-06-16T20:27:05.990+0000][7344][gc,age       ] GC(9) - age   4:     545480 bytes,    3318296 total
[2022-06-16T20:27:05.990+0000][7344][gc,age       ] GC(9) - age   5:    1759816 bytes,    5078112 total
[2022-06-16T20:27:05.990+0000][7344][gc,age       ] GC(9) - age   6:     279232 bytes,    5357344 total
[2022-06-16T20:27:05.990+0000][7344][gc,heap      ] GC(9) ParNew: 147531K->6296K(153344K)
[2022-06-16T20:27:05.990+0000][7344][gc,heap      ] GC(9) CMS: 10536K->12207K(878208K)
[2022-06-16T20:27:05.990+0000][7344][gc,metaspace ] GC(9) Metaspace: 27383K->27383K(1075200K)
[2022-06-16T20:27:05.990+0000][7344][gc           ] GC(9) Pause Young (Allocation Failure) 154M->18M(1007M) 19.468ms
[2022-06-16T20:27:05.990+0000][7344][gc,cpu       ] GC(9) User=0.02s Sys=0.00s Real=0.02s
[2022-06-16T20:27:05.990+0000][7344][safepoint    ] Leaving safepoint region
[2022-06-16T20:27:05.990+0000][7344][safepoint    ] Total time for which application threads were stopped: 0.0196388 seconds, Stopping threads took: 0.0000251 seconds
[2022-06-16T20:27:06.693+0000][7344][safepoint    ] Application time: 0.6977865 seconds
[2022-06-16T20:27:06.693+0000][7344][safepoint    ] Entering safepoint region: GenCollectForAllocation
[2022-06-16T20:27:06.693+0000][7344][gc,start     ] GC(10) Pause Young (Allocation Failure)
[2022-06-16T20:27:06.693+0000][7344][gc,task      ] GC(10) Using 2 workers of 2 for evacuation
[2022-06-16T20:27:06.709+0000][7344][gc,age       ] GC(10) Desired survivor size 8716288 bytes, new threshold 6 (max threshold 6)
[2022-06-16T20:27:06.709+0000][7344][gc,age       ] GC(10) Age table with threshold 6 (max threshold 6)
[2022-06-16T20:27:06.709+0000][7344][gc,age       ] GC(10) - age   1:    2479320 bytes,    2479320 total
[2022-06-16T20:27:06.709+0000][7344][gc,age       ] GC(10) - age   2:     192264 bytes,    2671584 total
[2022-06-16T20:27:06.709+0000][7344][gc,age       ] GC(10) - age   3:     312176 bytes,    2983760 total
[2022-06-16T20:27:06.709+0000][7344][gc,age       ] GC(10) - age   4:    1527200 bytes,    4510960 total
[2022-06-16T20:27:06.709+0000][7344][gc,age       ] GC(10) - age   5:     545480 bytes,    5056440 total
[2022-06-16T20:27:06.709+0000][7344][gc,age       ] GC(10) - age   6:    1758832 bytes,    6815272 total
[2022-06-16T20:27:06.709+0000][7344][gc,heap      ] GC(10) ParNew: 142616K->7459K(153344K)
[2022-06-16T20:27:06.709+0000][7344][gc,heap      ] GC(10) CMS: 12207K->12481K(878208K)
[2022-06-16T20:27:06.709+0000][7344][gc,metaspace ] GC(10) Metaspace: 27604K->27604K(1075200K)
[2022-06-16T20:27:06.709+0000][7344][gc           ] GC(10) Pause Young (Allocation Failure) 151M->19M(1007M) 14.231ms
[2022-06-16T20:27:06.709+0000][7344][gc,cpu       ] GC(10) User=0.02s Sys=0.00s Real=0.02s
[2022-06-16T20:27:06.709+0000][7344][safepoint    ] Leaving safepoint region
[2022-06-16T20:27:06.709+0000][7344][safepoint    ] Total time for which application threads were stopped: 0.0144226 seconds, Stopping threads took: 0.0000273 seconds
[2022-06-16T20:27:07.287+0000][7344][safepoint    ] Application time: 0.5862743 seconds
[2022-06-16T20:27:07.287+0000][7344][safepoint    ] Entering safepoint region: GenCollectForAllocation
[2022-06-16T20:27:07.303+0000][7344][gc,start     ] GC(11) Pause Young (Allocation Failure)
[2022-06-16T20:27:07.303+0000][7344][gc,task      ] GC(11) Using 2 workers of 2 for evacuation
[2022-06-16T20:27:07.303+0000][7344][gc,age       ] GC(11) Desired survivor size 8716288 bytes, new threshold 6 (max threshold 6)
[2022-06-16T20:27:07.303+0000][7344][gc,age       ] GC(11) Age table with threshold 6 (max threshold 6)
[2022-06-16T20:27:07.303+0000][7344][gc,age       ] GC(11) - age   1:     847768 bytes,     847768 total
[2022-06-16T20:27:07.303+0000][7344][gc,age       ] GC(11) - age   2:     123728 bytes,     971496 total
[2022-06-16T20:27:07.303+0000][7344][gc,age       ] GC(11) - age   3:     192264 bytes,    1163760 total
[2022-06-16T20:27:07.303+0000][7344][gc,age       ] GC(11) - age   4:     312024 bytes,    1475784 total
[2022-06-16T20:27:07.303+0000][7344][gc,age       ] GC(11) - age   5:    1527200 bytes,    3002984 total
[2022-06-16T20:27:07.303+0000][7344][gc,age       ] GC(11) - age   6:     545480 bytes,    3548464 total
[2022-06-16T20:27:07.303+0000][7344][gc,heap      ] GC(11) ParNew: 143779K->6234K(153344K)
[2022-06-16T20:27:07.303+0000][7344][gc,heap      ] GC(11) CMS: 12481K->14208K(878208K)
[2022-06-16T20:27:07.303+0000][7344][gc,metaspace ] GC(11) Metaspace: 27647K->27647K(1075200K)
[2022-06-16T20:27:07.303+0000][7344][gc           ] GC(11) Pause Young (Allocation Failure) 152M->19M(1007M) 6.317ms
[2022-06-16T20:27:07.303+0000][7344][gc,cpu       ] GC(11) User=0.00s Sys=0.00s Real=0.00s
[2022-06-16T20:27:07.303+0000][7344][safepoint    ] Leaving safepoint region
[2022-06-16T20:27:07.303+0000][7344][safepoint    ] Total time for which application threads were stopped: 0.0065033 seconds, Stopping threads took: 0.0000222 seconds
[2022-06-16T20:27:08.318+0000][7344][safepoint    ] Application time: 1.0091721 seconds
[2022-06-16T20:27:08.318+0000][7344][safepoint    ] Entering safepoint region: Cleanup
[2022-06-16T20:27:08.318+0000][7344][safepoint    ] Leaving safepoint region
[2022-06-16T20:27:08.318+0000][7344][safepoint    ] Total time for which application threads were stopped: 0.0000790 seconds, Stopping threads took: 0.0000268 seconds
[2022-06-16T20:27:08.521+0000][7344][safepoint    ] Application time: 0.2139292 seconds
[2022-06-16T20:27:08.521+0000][7344][safepoint    ] Entering safepoint region: GenCollectForAllocation
[2022-06-16T20:27:08.521+0000][7344][gc,start     ] GC(12) Pause Young (Allocation Failure)
[2022-06-16T20:27:08.521+0000][7344][gc,task      ] GC(12) Using 2 workers of 2 for evacuation
[2022-06-16T20:27:08.537+0000][7344][gc,age       ] GC(12) Desired survivor size 8716288 bytes, new threshold 6 (max threshold 6)
[2022-06-16T20:27:08.537+0000][7344][gc,age       ] GC(12) Age table with threshold 6 (max threshold 6)
[2022-06-16T20:27:08.537+0000][7344][gc,age       ] GC(12) - age   1:    1854408 bytes,    1854408 total
[2022-06-16T20:27:08.537+0000][7344][gc,age       ] GC(12) - age   2:      81464 bytes,    1935872 total
[2022-06-16T20:27:08.537+0000][7344][gc,age       ] GC(12) - age   3:     123664 bytes,    2059536 total
[2022-06-16T20:27:08.537+0000][7344][gc,age       ] GC(12) - age   4:     192264 bytes,    2251800 total
[2022-06-16T20:27:08.537+0000][7344][gc,age       ] GC(12) - age   5:     312024 bytes,    2563824 total
[2022-06-16T20:27:08.537+0000][7344][gc,age       ] GC(12) - age   6:    1527200 bytes,    4091024 total
[2022-06-16T20:27:08.537+0000][7344][gc,heap      ] GC(12) ParNew: 142450K->4287K(153344K)
[2022-06-16T20:27:08.537+0000][7344][gc,heap      ] GC(12) CMS: 14208K->14742K(878208K)
[2022-06-16T20:27:08.537+0000][7344][gc,metaspace ] GC(12) Metaspace: 27682K->27682K(1075200K)
[2022-06-16T20:27:08.537+0000][7344][gc           ] GC(12) Pause Young (Allocation Failure) 152M->18M(1007M) 7.321ms
[2022-06-16T20:27:08.537+0000][7344][gc,cpu       ] GC(12) User=0.03s Sys=0.00s Real=0.02s
[2022-06-16T20:27:08.537+0000][7344][safepoint    ] Leaving safepoint region
[2022-06-16T20:27:08.537+0000][7344][safepoint    ] Total time for which application threads were stopped: 0.0074893 seconds, Stopping threads took: 0.0000272 seconds
[2022-06-16T20:27:09.225+0000][7344][safepoint    ] Application time: 0.6916980 seconds
[2022-06-16T20:27:09.225+0000][7344][safepoint    ] Entering safepoint region: Deoptimize
[2022-06-16T20:27:09.225+0000][7344][safepoint    ] Leaving safepoint region
[2022-06-16T20:27:09.225+0000][7344][safepoint    ] Total time for which application threads were stopped: 0.0004487 seconds, Stopping threads took: 0.0000261 seconds
[2022-06-16T20:27:09.396+0000][7344][safepoint    ] Application time: 0.1706186 seconds
[2022-06-16T20:27:09.396+0000][7344][safepoint    ] Entering safepoint region: Deoptimize
[2022-06-16T20:27:09.396+0000][7344][safepoint    ] Leaving safepoint region
[2022-06-16T20:27:09.396+0000][7344][safepoint    ] Total time for which application threads were stopped: 0.0005290 seconds, Stopping threads took: 0.0000425 seconds
[2022-06-16T20:27:09.787+0000][7344][safepoint    ] Application time: 0.3958388 seconds
[2022-06-16T20:27:09.787+0000][7344][safepoint    ] Entering safepoint region: GenCollectForAllocation
[2022-06-16T20:27:09.787+0000][7344][gc,start     ] GC(13) Pause Young (Allocation Failure)
[2022-06-16T20:27:09.787+0000][7344][gc,task      ] GC(13) Using 2 workers of 2 for evacuation
[2022-06-16T20:27:09.803+0000][7344][gc,age       ] GC(13) Desired survivor size 8716288 bytes, new threshold 6 (max threshold 6)
[2022-06-16T20:27:09.803+0000][7344][gc,age       ] GC(13) Age table with threshold 6 (max threshold 6)
[2022-06-16T20:27:09.803+0000][7344][gc,age       ] GC(13) - age   1:    3357808 bytes,    3357808 total
[2022-06-16T20:27:09.803+0000][7344][gc,age       ] GC(13) - age   2:     265728 bytes,    3623536 total
[2022-06-16T20:27:09.803+0000][7344][gc,age       ] GC(13) - age   3:      81360 bytes,    3704896 total
[2022-06-16T20:27:09.803+0000][7344][gc,age       ] GC(13) - age   4:     123664 bytes,    3828560 total
[2022-06-16T20:27:09.803+0000][7344][gc,age       ] GC(13) - age   5:     192200 bytes,    4020760 total
[2022-06-16T20:27:09.803+0000][7344][gc,age       ] GC(13) - age   6:     312024 bytes,    4332784 total
[2022-06-16T20:27:09.803+0000][7344][gc,heap      ] GC(13) ParNew: 140607K->5566K(153344K)
[2022-06-16T20:27:09.803+0000][7344][gc,heap      ] GC(13) CMS: 14742K->16236K(878208K)
[2022-06-16T20:27:09.803+0000][7344][gc,metaspace ] GC(13) Metaspace: 29550K->29550K(1077248K)
[2022-06-16T20:27:09.803+0000][7344][gc           ] GC(13) Pause Young (Allocation Failure) 151M->21M(1007M) 8.988ms
[2022-06-16T20:27:09.803+0000][7344][gc,cpu       ] GC(13) User=0.03s Sys=0.00s Real=0.02s
[2022-06-16T20:27:09.803+0000][7344][safepoint    ] Leaving safepoint region
[2022-06-16T20:27:09.803+0000][7344][safepoint    ] Total time for which application threads were stopped: 0.0091785 seconds, Stopping threads took: 0.0000268 seconds
[2022-06-16T20:27:10.287+0000][7344][safepoint    ] Application time: 0.4926297 seconds
[2022-06-16T20:27:10.287+0000][7344][safepoint    ] Entering safepoint region: GenCollectForAllocation
[2022-06-16T20:27:10.287+0000][7344][gc,start     ] GC(14) Pause Young (Allocation Failure)
[2022-06-16T20:27:10.287+0000][7344][gc,task      ] GC(14) Using 2 workers of 2 for evacuation
[2022-06-16T20:27:10.303+0000][7344][gc,age       ] GC(14) Desired survivor size 8716288 bytes, new threshold 6 (max threshold 6)
[2022-06-16T20:27:10.303+0000][7344][gc,age       ] GC(14) Age table with threshold 6 (max threshold 6)
[2022-06-16T20:27:10.303+0000][7344][gc,age       ] GC(14) - age   1:     723088 bytes,     723088 total
[2022-06-16T20:27:10.303+0000][7344][gc,age       ] GC(14) - age   2:    1481064 bytes,    2204152 total
[2022-06-16T20:27:10.303+0000][7344][gc,age       ] GC(14) - age   3:     265728 bytes,    2469880 total
[2022-06-16T20:27:10.303+0000][7344][gc,age       ] GC(14) - age   4:      81360 bytes,    2551240 total
[2022-06-16T20:27:10.303+0000][7344][gc,age       ] GC(14) - age   5:     124016 bytes,    2675256 total
[2022-06-16T20:27:10.303+0000][7344][gc,age       ] GC(14) - age   6:     192808 bytes,    2868064 total
[2022-06-16T20:27:10.303+0000][7344][gc,heap      ] GC(14) ParNew: 141886K->6151K(153344K)
[2022-06-16T20:27:10.303+0000][7344][gc,heap      ] GC(14) CMS: 16236K->16543K(878208K)
[2022-06-16T20:27:10.303+0000][7344][gc,metaspace ] GC(14) Metaspace: 29750K->29750K(1077248K)
[2022-06-16T20:27:10.303+0000][7344][gc           ] GC(14) Pause Young (Allocation Failure) 154M->22M(1007M) 5.819ms
[2022-06-16T20:27:10.303+0000][7344][gc,cpu       ] GC(14) User=0.03s Sys=0.00s Real=0.02s
[2022-06-16T20:27:10.303+0000][7344][safepoint    ] Leaving safepoint region
[2022-06-16T20:27:10.303+0000][7344][safepoint    ] Total time for which application threads were stopped: 0.0059919 seconds, Stopping threads took: 0.0000271 seconds
[2022-06-16T20:27:11.193+0000][7344][safepoint    ] Application time: 0.8882488 seconds
[2022-06-16T20:27:11.193+0000][7344][safepoint    ] Entering safepoint region: GenCollectForAllocation
[2022-06-16T20:27:11.193+0000][7344][gc,start     ] GC(15) Pause Young (Allocation Failure)
[2022-06-16T20:27:11.193+0000][7344][gc,task      ] GC(15) Using 2 workers of 2 for evacuation
[2022-06-16T20:27:11.193+0000][7344][gc,age       ] GC(15) Desired survivor size 8716288 bytes, new threshold 6 (max threshold 6)
[2022-06-16T20:27:11.193+0000][7344][gc,age       ] GC(15) Age table with threshold 6 (max threshold 6)
[2022-06-16T20:27:11.193+0000][7344][gc,age       ] GC(15) - age   1:     947864 bytes,     947864 total
[2022-06-16T20:27:11.193+0000][7344][gc,age       ] GC(15) - age   2:     472480 bytes,    1420344 total
[2022-06-16T20:27:11.193+0000][7344][gc,age       ] GC(15) - age   3:    1481064 bytes,    2901408 total
[2022-06-16T20:27:11.193+0000][7344][gc,age       ] GC(15) - age   4:     265728 bytes,    3167136 total
[2022-06-16T20:27:11.193+0000][7344][gc,age       ] GC(15) - age   5:      81144 bytes,    3248280 total
[2022-06-16T20:27:11.193+0000][7344][gc,age       ] GC(15) - age   6:     123664 bytes,    3371944 total
[2022-06-16T20:27:11.193+0000][7344][gc,heap      ] GC(15) ParNew: 142471K->4266K(153344K)
[2022-06-16T20:27:11.193+0000][7344][gc,heap      ] GC(15) CMS: 16543K->16740K(878208K)
[2022-06-16T20:27:11.193+0000][7344][gc,metaspace ] GC(15) Metaspace: 29825K->29825K(1077248K)
[2022-06-16T20:27:11.193+0000][7344][gc           ] GC(15) Pause Young (Allocation Failure) 155M->20M(1007M) 6.282ms
[2022-06-16T20:27:11.193+0000][7344][gc,cpu       ] GC(15) User=0.00s Sys=0.00s Real=0.00s
[2022-06-16T20:27:11.193+0000][7344][safepoint    ] Leaving safepoint region
[2022-06-16T20:27:11.193+0000][7344][safepoint    ] Total time for which application threads were stopped: 0.0064462 seconds, Stopping threads took: 0.0000223 seconds
[2022-06-16T20:27:11.975+0000][7344][safepoint    ] Application time: 0.7773684 seconds
[2022-06-16T20:27:11.975+0000][7344][safepoint    ] Entering safepoint region: GenCollectForAllocation
[2022-06-16T20:27:11.975+0000][7344][gc,start     ] GC(16) Pause Young (Allocation Failure)
[2022-06-16T20:27:11.975+0000][7344][gc,task      ] GC(16) Using 2 workers of 2 for evacuation
[2022-06-16T20:27:11.975+0000][7344][gc,age       ] GC(16) Desired survivor size 8716288 bytes, new threshold 6 (max threshold 6)
[2022-06-16T20:27:11.975+0000][7344][gc,age       ] GC(16) Age table with threshold 6 (max threshold 6)
[2022-06-16T20:27:11.975+0000][7344][gc,age       ] GC(16) - age   1:     283208 bytes,     283208 total
[2022-06-16T20:27:11.975+0000][7344][gc,age       ] GC(16) - age   2:     230352 bytes,     513560 total
[2022-06-16T20:27:11.975+0000][7344][gc,age       ] GC(16) - age   3:     472480 bytes,     986040 total
[2022-06-16T20:27:11.975+0000][7344][gc,age       ] GC(16) - age   4:    1481064 bytes,    2467104 total
[2022-06-16T20:27:11.975+0000][7344][gc,age       ] GC(16) - age   5:     265728 bytes,    2732832 total
[2022-06-16T20:27:11.975+0000][7344][gc,age       ] GC(16) - age   6:      81144 bytes,    2813976 total
[2022-06-16T20:27:11.975+0000][7344][gc,heap      ] GC(16) ParNew: 140586K->4525K(153344K)
[2022-06-16T20:27:11.975+0000][7344][gc,heap      ] GC(16) CMS: 16740K->16864K(878208K)
[2022-06-16T20:27:11.975+0000][7344][gc,metaspace ] GC(16) Metaspace: 29835K->29835K(1077248K)
[2022-06-16T20:27:11.975+0000][7344][gc           ] GC(16) Pause Young (Allocation Failure) 153M->20M(1007M) 5.424ms
[2022-06-16T20:27:11.975+0000][7344][gc,cpu       ] GC(16) User=0.00s Sys=0.00s Real=0.00s
[2022-06-16T20:27:11.975+0000][7344][safepoint    ] Leaving safepoint region
[2022-06-16T20:27:11.975+0000][7344][safepoint    ] Total time for which application threads were stopped: 0.0055971 seconds, Stopping threads took: 0.0000285 seconds
[2022-06-16T20:27:12.975+0000][7344][safepoint    ] Application time: 0.9896000 seconds
[2022-06-16T20:27:12.975+0000][7344][safepoint    ] Entering safepoint region: Cleanup
[2022-06-16T20:27:12.975+0000][7344][safepoint    ] Leaving safepoint region
[2022-06-16T20:27:12.975+0000][7344][safepoint    ] Total time for which application threads were stopped: 0.0000823 seconds, Stopping threads took: 0.0000279 seconds
[2022-06-16T20:27:13.646+0000][7344][safepoint    ] Application time: 0.6848166 seconds
[2022-06-16T20:27:13.646+0000][7344][safepoint    ] Entering safepoint region: GenCollectForAllocation
[2022-06-16T20:27:13.646+0000][7344][gc,start     ] GC(17) Pause Young (Allocation Failure)
[2022-06-16T20:27:13.646+0000][7344][gc,task      ] GC(17) Using 2 workers of 2 for evacuation
[2022-06-16T20:27:13.662+0000][7344][gc,age       ] GC(17) Desired survivor size 8716288 bytes, new threshold 6 (max threshold 6)
[2022-06-16T20:27:13.662+0000][7344][gc,age       ] GC(17) Age table with threshold 6 (max threshold 6)
[2022-06-16T20:27:13.662+0000][7344][gc,age       ] GC(17) - age   1:    2151360 bytes,    2151360 total
[2022-06-16T20:27:13.662+0000][7344][gc,age       ] GC(17) - age   2:      44648 bytes,    2196008 total
[2022-06-16T20:27:13.662+0000][7344][gc,age       ] GC(17) - age   3:     230352 bytes,    2426360 total
[2022-06-16T20:27:13.662+0000][7344][gc,age       ] GC(17) - age   4:     472480 bytes,    2898840 total
[2022-06-16T20:27:13.662+0000][7344][gc,age       ] GC(17) - age   5:    1480976 bytes,    4379816 total
[2022-06-16T20:27:13.662+0000][7344][gc,age       ] GC(17) - age   6:     265728 bytes,    4645544 total
[2022-06-16T20:27:13.662+0000][7344][gc,heap      ] GC(17) ParNew: 140845K->5246K(153344K)
[2022-06-16T20:27:13.662+0000][7344][gc,heap      ] GC(17) CMS: 16864K->16945K(878208K)
[2022-06-16T20:27:13.662+0000][7344][gc,metaspace ] GC(17) Metaspace: 29888K->29888K(1077248K)
[2022-06-16T20:27:13.662+0000][7344][gc           ] GC(17) Pause Young (Allocation Failure) 154M->21M(1007M) 7.819ms
[2022-06-16T20:27:13.662+0000][7344][gc,cpu       ] GC(17) User=0.03s Sys=0.00s Real=0.02s
[2022-06-16T20:27:13.662+0000][7344][safepoint    ] Leaving safepoint region
[2022-06-16T20:27:13.662+0000][7344][safepoint    ] Total time for which application threads were stopped: 0.0079821 seconds, Stopping threads took: 0.0000268 seconds
[2022-06-16T20:27:14.334+0000][7344][safepoint    ] Application time: 0.6817297 seconds
[2022-06-16T20:27:14.334+0000][7344][safepoint    ] Entering safepoint region: RevokeBias
[2022-06-16T20:27:14.334+0000][7344][safepoint    ] Leaving safepoint region
[2022-06-16T20:27:14.334+0000][7344][safepoint    ] Total time for which application threads were stopped: 0.0000962 seconds, Stopping threads took: 0.0000259 seconds
[2022-06-16T20:27:14.350+0000][7344][safepoint    ] Application time: 0.0075188 seconds
[2022-06-16T20:27:14.350+0000][7344][safepoint    ] Entering safepoint region: RevokeBias
[2022-06-16T20:27:14.350+0000][7344][safepoint    ] Leaving safepoint region
[2022-06-16T20:27:14.350+0000][7344][safepoint    ] Total time for which application threads were stopped: 0.0000884 seconds, Stopping threads took: 0.0000240 seconds
[2022-06-16T20:27:14.412+0000][7344][safepoint    ] Application time: 0.0596735 seconds
[2022-06-16T20:27:14.412+0000][7344][safepoint    ] Entering safepoint region: Deoptimize
[2022-06-16T20:27:14.412+0000][7344][safepoint    ] Leaving safepoint region
[2022-06-16T20:27:14.412+0000][7344][safepoint    ] Total time for which application threads were stopped: 0.0005468 seconds, Stopping threads took: 0.0000239 seconds
[2022-06-16T20:27:15.209+0000][7344][safepoint    ] Application time: 0.7989046 seconds
[2022-06-16T20:27:15.225+0000][7344][safepoint    ] Entering safepoint region: GenCollectForAllocation
[2022-06-16T20:27:15.225+0000][7344][gc,start     ] GC(18) Pause Young (Allocation Failure)
[2022-06-16T20:27:15.225+0000][7344][gc,task      ] GC(18) Using 2 workers of 2 for evacuation
[2022-06-16T20:27:15.225+0000][7344][gc,age       ] GC(18) Desired survivor size 8716288 bytes, new threshold 6 (max threshold 6)
[2022-06-16T20:27:15.225+0000][7344][gc,age       ] GC(18) Age table with threshold 6 (max threshold 6)
[2022-06-16T20:27:15.225+0000][7344][gc,age       ] GC(18) - age   1:    2193480 bytes,    2193480 total
[2022-06-16T20:27:15.225+0000][7344][gc,age       ] GC(18) - age   2:     286440 bytes,    2479920 total
[2022-06-16T20:27:15.225+0000][7344][gc,age       ] GC(18) - age   3:      44288 bytes,    2524208 total
[2022-06-16T20:27:15.225+0000][7344][gc,age       ] GC(18) - age   4:     230208 bytes,    2754416 total
[2022-06-16T20:27:15.225+0000][7344][gc,age       ] GC(18) - age   5:     470928 bytes,    3225344 total
[2022-06-16T20:27:15.225+0000][7344][gc,age       ] GC(18) - age   6:    1476400 bytes,    4701744 total
[2022-06-16T20:27:15.225+0000][7344][gc,heap      ] GC(18) ParNew: 141566K->5543K(153344K)
[2022-06-16T20:27:15.225+0000][7344][gc,heap      ] GC(18) CMS: 16945K->17206K(878208K)
[2022-06-16T20:27:15.225+0000][7344][gc,metaspace ] GC(18) Metaspace: 35889K->35889K(1083392K)
[2022-06-16T20:27:15.225+0000][7344][gc           ] GC(18) Pause Young (Allocation Failure) 154M->22M(1007M) 9.770ms
[2022-06-16T20:27:15.225+0000][7344][gc,cpu       ] GC(18) User=0.00s Sys=0.00s Real=0.00s
[2022-06-16T20:27:15.225+0000][7344][safepoint    ] Leaving safepoint region
[2022-06-16T20:27:15.225+0000][7344][safepoint    ] Total time for which application threads were stopped: 0.0192794 seconds, Stopping threads took: 0.0091616 seconds
[2022-06-16T20:27:15.240+0000][7344][safepoint    ] Application time: 0.0049775 seconds
[2022-06-16T20:27:15.256+0000][7344][safepoint    ] Entering safepoint region: RevokeBias
[2022-06-16T20:27:15.256+0000][7344][safepoint    ] Leaving safepoint region
[2022-06-16T20:27:15.256+0000][7344][safepoint    ] Total time for which application threads were stopped: 0.0298216 seconds, Stopping threads took: 0.0297343 seconds
[2022-06-16T20:27:15.412+0000][7344][safepoint    ] Application time: 0.1568679 seconds
[2022-06-16T20:27:15.428+0000][7344][safepoint    ] Entering safepoint region: RevokeBias
[2022-06-16T20:27:15.428+0000][7344][safepoint    ] Leaving safepoint region
[2022-06-16T20:27:15.428+0000][7344][safepoint    ] Total time for which application threads were stopped: 0.0119796 seconds, Stopping threads took: 0.0118444 seconds
[2022-06-16T20:27:15.428+0000][7344][safepoint    ] Application time: 0.0000514 seconds
[2022-06-16T20:27:15.428+0000][7344][safepoint    ] Entering safepoint region: RevokeBias
[2022-06-16T20:27:15.428+0000][7344][safepoint    ] Leaving safepoint region
[2022-06-16T20:27:15.428+0000][7344][safepoint    ] Total time for which application threads were stopped: 0.0000973 seconds, Stopping threads took: 0.0000197 seconds
[2022-06-16T20:27:15.521+0000][7344][safepoint    ] Application time: 0.0961490 seconds
[2022-06-16T20:27:15.521+0000][7344][safepoint    ] Entering safepoint region: CollectForMetadataAllocation
[2022-06-16T20:27:15.521+0000][7344][safepoint    ] Leaving safepoint region
[2022-06-16T20:27:15.521+0000][7344][safepoint    ] Total time for which application threads were stopped: 0.0001503 seconds, Stopping threads took: 0.0000252 seconds
[2022-06-16T20:27:15.553+0000][7344][safepoint    ] Application time: 0.0275877 seconds
[2022-06-16T20:27:15.553+0000][7344][safepoint    ] Entering safepoint region: CollectForMetadataAllocation
[2022-06-16T20:27:15.553+0000][7344][safepoint    ] Leaving safepoint region
[2022-06-16T20:27:15.553+0000][7344][safepoint    ] Total time for which application threads were stopped: 0.0002109 seconds, Stopping threads took: 0.0000273 seconds
[2022-06-16T20:27:15.725+0000][7344][safepoint    ] Application time: 0.1742208 seconds
[2022-06-16T20:27:15.725+0000][7344][safepoint    ] Entering safepoint region: CollectForMetadataAllocation
[2022-06-16T20:27:15.725+0000][7344][safepoint    ] Leaving safepoint region
[2022-06-16T20:27:15.725+0000][7344][safepoint    ] Total time for which application threads were stopped: 0.0002137 seconds, Stopping threads took: 0.0000262 seconds
[2022-06-16T20:27:15.771+0000][7344][safepoint    ] Application time: 0.0456401 seconds
[2022-06-16T20:27:15.771+0000][7344][safepoint    ] Entering safepoint region: CollectForMetadataAllocation
[2022-06-16T20:27:15.771+0000][7344][safepoint    ] Leaving safepoint region
[2022-06-16T20:27:15.771+0000][7344][safepoint    ] Total time for which application threads were stopped: 0.0002181 seconds, Stopping threads took: 0.0000212 seconds
[2022-06-16T20:27:15.787+0000][7344][safepoint    ] Application time: 0.0163646 seconds
[2022-06-16T20:27:15.787+0000][7344][safepoint    ] Entering safepoint region: CollectForMetadataAllocation
[2022-06-16T20:27:15.787+0000][7344][safepoint    ] Leaving safepoint region
[2022-06-16T20:27:15.787+0000][7344][safepoint    ] Total time for which application threads were stopped: 0.0002053 seconds, Stopping threads took: 0.0000258 seconds
[2022-06-16T20:27:15.803+0000][7344][safepoint    ] Application time: 0.0075882 seconds
[2022-06-16T20:27:15.803+0000][7344][safepoint    ] Entering safepoint region: Deoptimize
[2022-06-16T20:27:15.803+0000][7344][safepoint    ] Leaving safepoint region
[2022-06-16T20:27:15.803+0000][7344][safepoint    ] Total time for which application threads were stopped: 0.0004757 seconds, Stopping threads took: 0.0000260 seconds
[2022-06-16T20:27:15.803+0000][7344][safepoint    ] Application time: 0.0053704 seconds
[2022-06-16T20:27:15.803+0000][7344][safepoint    ] Entering safepoint region: CollectForMetadataAllocation
[2022-06-16T20:27:15.803+0000][7344][safepoint    ] Leaving safepoint region
[2022-06-16T20:27:15.803+0000][7344][safepoint    ] Total time for which application threads were stopped: 0.0002060 seconds, Stopping threads took: 0.0000257 seconds
[2022-06-16T20:27:15.818+0000][7344][safepoint    ] Application time: 0.0120447 seconds
[2022-06-16T20:27:15.818+0000][7344][safepoint    ] Entering safepoint region: Deoptimize
[2022-06-16T20:27:15.818+0000][7344][safepoint    ] Leaving safepoint region
[2022-06-16T20:27:15.818+0000][7344][safepoint    ] Total time for which application threads were stopped: 0.0004857 seconds, Stopping threads took: 0.0000247 seconds
[2022-06-16T20:27:15.818+0000][7344][safepoint    ] Application time: 0.0059035 seconds
[2022-06-16T20:27:15.818+0000][7344][safepoint    ] Entering safepoint region: Deoptimize
[2022-06-16T20:27:15.818+0000][7344][safepoint    ] Leaving safepoint region
[2022-06-16T20:27:15.818+0000][7344][safepoint    ] Total time for which application threads were stopped: 0.0004356 seconds, Stopping threads took: 0.0000226 seconds
[2022-06-16T20:27:15.834+0000][7344][safepoint    ] Application time: 0.0051897 seconds
[2022-06-16T20:27:15.834+0000][7344][safepoint    ] Entering safepoint region: CollectForMetadataAllocation
[2022-06-16T20:27:15.834+0000][7344][safepoint    ] Leaving safepoint region
[2022-06-16T20:27:15.834+0000][7344][safepoint    ] Total time for which application threads were stopped: 0.0001848 seconds, Stopping threads took: 0.0000244 seconds
[2022-06-16T20:27:16.021+0000][7344][safepoint    ] Application time: 0.1893133 seconds
[2022-06-16T20:27:16.021+0000][7344][safepoint    ] Entering safepoint region: CollectForMetadataAllocation
[2022-06-16T20:27:16.021+0000][7344][safepoint    ] Leaving safepoint region
[2022-06-16T20:27:16.021+0000][7344][safepoint    ] Total time for which application threads were stopped: 0.0001878 seconds, Stopping threads took: 0.0000320 seconds
[2022-06-16T20:27:16.084+0000][7344][safepoint    ] Application time: 0.0605628 seconds
[2022-06-16T20:27:16.084+0000][7344][safepoint    ] Entering safepoint region: CollectForMetadataAllocation
[2022-06-16T20:27:16.084+0000][7344][safepoint    ] Leaving safepoint region
[2022-06-16T20:27:16.084+0000][7344][safepoint    ] Total time for which application threads were stopped: 0.0002356 seconds, Stopping threads took: 0.0000315 seconds
[2022-06-16T20:27:16.146+0000][7344][safepoint    ] Application time: 0.0713630 seconds
[2022-06-16T20:27:16.146+0000][7344][safepoint    ] Entering safepoint region: CollectForMetadataAllocation
[2022-06-16T20:27:16.146+0000][7344][safepoint    ] Leaving safepoint region
[2022-06-16T20:27:16.146+0000][7344][safepoint    ] Total time for which application threads were stopped: 0.0002320 seconds, Stopping threads took: 0.0000303 seconds
[2022-06-16T20:27:17.146+0000][7344][safepoint    ] Application time: 0.9968983 seconds
[2022-06-16T20:27:17.146+0000][7344][safepoint    ] Entering safepoint region: Cleanup
[2022-06-16T20:27:17.146+0000][7344][safepoint    ] Leaving safepoint region
[2022-06-16T20:27:17.146+0000][7344][safepoint    ] Total time for which application threads were stopped: 0.0022267 seconds, Stopping threads took: 0.0021380 seconds
[2022-06-16T20:27:17.240+0000][7344][safepoint    ] Application time: 0.0797097 seconds
[2022-06-16T20:27:17.240+0000][7344][safepoint    ] Entering safepoint region: CMS_Initial_Mark
[2022-06-16T20:27:17.240+0000][7344][gc,start     ] GC(19) Pause Initial Mark
[2022-06-16T20:27:17.256+0000][7344][gc           ] GC(19) Pause Initial Mark 81M->81M(1007M) 27.137ms
[2022-06-16T20:27:17.256+0000][7344][gc,cpu       ] GC(19) User=0.03s Sys=0.00s Real=0.02s
[2022-06-16T20:27:17.256+0000][7344][safepoint    ] Leaving safepoint region
[2022-06-16T20:27:17.256+0000][7344][safepoint    ] Total time for which application threads were stopped: 0.0276268 seconds, Stopping threads took: 0.0003471 seconds
[2022-06-16T20:27:17.256+0000][7344][gc           ] GC(19) Concurrent Mark
[2022-06-16T20:27:17.287+0000][7344][gc           ] GC(19) Concurrent Mark 21.012ms
[2022-06-16T20:27:17.287+0000][7344][gc,cpu       ] GC(19) User=0.05s Sys=0.00s Real=0.03s
[2022-06-16T20:27:17.287+0000][7344][gc           ] GC(19) Concurrent Preclean
[2022-06-16T20:27:17.287+0000][7344][gc           ] GC(19) Concurrent Preclean 3.118ms
[2022-06-16T20:27:17.287+0000][7344][gc,cpu       ] GC(19) User=0.00s Sys=0.00s Real=0.00s
[2022-06-16T20:27:17.287+0000][7344][gc           ] GC(19) Concurrent Abortable Preclean
[2022-06-16T20:27:17.506+0000][7344][safepoint    ] Application time: 0.2403824 seconds
[2022-06-16T20:27:17.506+0000][7344][safepoint    ] Entering safepoint region: CollectForMetadataAllocation
[2022-06-16T20:27:17.506+0000][7344][safepoint    ] Leaving safepoint region
[2022-06-16T20:27:17.506+0000][7344][safepoint    ] Total time for which application threads were stopped: 0.0001578 seconds, Stopping threads took: 0.0000267 seconds
[2022-06-16T20:27:18.412+0000][7344][safepoint    ] Application time: 0.9182618 seconds
[2022-06-16T20:27:18.412+0000][7344][safepoint    ] Entering safepoint region: GenCollectForAllocation
[2022-06-16T20:27:18.412+0000][7344][gc,start     ] GC(20) Pause Young (Allocation Failure)
[2022-06-16T20:27:18.412+0000][7344][gc,task      ] GC(20) Using 2 workers of 2 for evacuation
[2022-06-16T20:27:18.459+0000][7344][gc           ] GC(19) Concurrent Abortable Preclean 1168.148ms
[2022-06-16T20:27:18.459+0000][7344][gc,cpu       ] GC(19) User=1.81s Sys=0.02s Real=1.17s
[2022-06-16T20:27:18.459+0000][7344][gc,age       ] GC(20) Desired survivor size 8716288 bytes, new threshold 1 (max threshold 6)
[2022-06-16T20:27:18.459+0000][7344][gc,age       ] GC(20) Age table with threshold 1 (max threshold 6)
[2022-06-16T20:27:18.459+0000][7344][gc,age       ] GC(20) - age   1:   13723176 bytes,   13723176 total
[2022-06-16T20:27:18.459+0000][7344][gc,age       ] GC(20) - age   2:    2142944 bytes,   15866120 total
[2022-06-16T20:27:18.459+0000][7344][gc,age       ] GC(20) - age   3:     285984 bytes,   16152104 total
[2022-06-16T20:27:18.459+0000][7344][gc,age       ] GC(20) - age   4:      44288 bytes,   16196392 total
[2022-06-16T20:27:18.459+0000][7344][gc,age       ] GC(20) - age   5:     228936 bytes,   16425328 total
[2022-06-16T20:27:18.459+0000][7344][gc,age       ] GC(20) - age   6:     470216 bytes,   16895544 total
[2022-06-16T20:27:18.459+0000][7344][gc,heap      ] GC(20) ParNew: 141863K->17024K(153344K)
[2022-06-16T20:27:18.459+0000][7344][gc,heap      ] GC(20) CMS: 17206K->18673K(878208K)
[2022-06-16T20:27:18.459+0000][7344][gc,metaspace ] GC(20) Metaspace: 40086K->40086K(1087488K)
[2022-06-16T20:27:18.459+0000][7344][gc           ] GC(20) Pause Young (Allocation Failure) 155M->34M(1007M) 34.100ms
[2022-06-16T20:27:18.459+0000][7344][gc,cpu       ] GC(20) User=0.09s Sys=0.00s Real=0.05s
[2022-06-16T20:27:18.459+0000][7344][safepoint    ] Leaving safepoint region
[2022-06-16T20:27:18.459+0000][7344][safepoint    ] Total time for which application threads were stopped: 0.0342774 seconds, Stopping threads took: 0.0000275 seconds
[2022-06-16T20:27:18.459+0000][7344][safepoint    ] Application time: 0.0126124 seconds
[2022-06-16T20:27:18.459+0000][7344][safepoint    ] Entering safepoint region: CMS_Final_Remark
[2022-06-16T20:27:18.459+0000][7344][gc,start     ] GC(19) Pause Remark
[2022-06-16T20:27:18.490+0000][7344][gc           ] GC(19) Pause Remark 34M->34M(1007M) 29.952ms
[2022-06-16T20:27:18.490+0000][7344][gc,cpu       ] GC(19) User=0.06s Sys=0.00s Real=0.03s
[2022-06-16T20:27:18.490+0000][7344][safepoint    ] Leaving safepoint region
[2022-06-16T20:27:18.490+0000][7344][safepoint    ] Total time for which application threads were stopped: 0.0301119 seconds, Stopping threads took: 0.0000316 seconds
[2022-06-16T20:27:18.490+0000][7344][gc           ] GC(19) Concurrent Sweep
[2022-06-16T20:27:18.506+0000][7344][gc           ] GC(19) Concurrent Sweep 5.335ms
[2022-06-16T20:27:18.506+0000][7344][gc,cpu       ] GC(19) User=0.03s Sys=0.00s Real=0.02s
[2022-06-16T20:27:18.506+0000][7344][gc           ] GC(19) Concurrent Reset
[2022-06-16T20:27:18.506+0000][7344][gc           ] GC(19) Concurrent Reset 1.165ms
[2022-06-16T20:27:18.506+0000][7344][gc,cpu       ] GC(19) User=0.00s Sys=0.00s Real=0.00s
[2022-06-16T20:27:18.506+0000][7344][gc,heap      ] GC(19) Old: 17206K->18522K(878208K)
[2022-06-16T20:27:19.506+0000][7344][safepoint    ] Application time: 1.0018768 seconds
[2022-06-16T20:27:19.553+0000][7344][safepoint    ] Entering safepoint region: Cleanup
[2022-06-16T20:27:19.553+0000][7344][safepoint    ] Leaving safepoint region
[2022-06-16T20:27:19.553+0000][7344][safepoint    ] Total time for which application threads were stopped: 0.0602439 seconds, Stopping threads took: 0.0601499 seconds
[2022-06-16T20:27:20.256+0000][7344][safepoint    ] Application time: 0.6964991 seconds
[2022-06-16T20:27:20.256+0000][7344][safepoint    ] Entering safepoint region: RevokeBias
[2022-06-16T20:27:20.256+0000][7344][safepoint    ] Leaving safepoint region
[2022-06-16T20:27:20.256+0000][7344][safepoint    ] Total time for which application threads were stopped: 0.0035978 seconds, Stopping threads took: 0.0035126 seconds
[2022-06-16T20:27:20.256+0000][7344][safepoint    ] Application time: 0.0002641 seconds
[2022-06-16T20:27:20.256+0000][7344][safepoint    ] Entering safepoint region: RevokeBias
[2022-06-16T20:27:20.256+0000][7344][safepoint    ] Leaving safepoint region
[2022-06-16T20:27:20.256+0000][7344][safepoint    ] Total time for which application threads were stopped: 0.0001110 seconds, Stopping threads took: 0.0000679 seconds
[2022-06-16T20:27:20.256+0000][7344][safepoint    ] Application time: 0.0025347 seconds
[2022-06-16T20:27:20.256+0000][7344][safepoint    ] Entering safepoint region: RevokeBias
[2022-06-16T20:27:20.256+0000][7344][safepoint    ] Leaving safepoint region
[2022-06-16T20:27:20.256+0000][7344][safepoint    ] Total time for which application threads were stopped: 0.0002524 seconds, Stopping threads took: 0.0002010 seconds
[2022-06-16T20:27:20.271+0000][7344][safepoint    ] Application time: 0.0042847 seconds
[2022-06-16T20:27:20.271+0000][7344][safepoint    ] Entering safepoint region: RevokeBias
[2022-06-16T20:27:20.271+0000][7344][safepoint    ] Leaving safepoint region
[2022-06-16T20:27:20.271+0000][7344][safepoint    ] Total time for which application threads were stopped: 0.0001603 seconds, Stopping threads took: 0.0000701 seconds
[2022-06-16T20:27:20.271+0000][7344][safepoint    ] Application time: 0.0006033 seconds
[2022-06-16T20:27:20.271+0000][7344][safepoint    ] Entering safepoint region: RevokeBias
[2022-06-16T20:27:20.271+0000][7344][safepoint    ] Leaving safepoint region
[2022-06-16T20:27:20.271+0000][7344][safepoint    ] Total time for which application threads were stopped: 0.0001143 seconds, Stopping threads took: 0.0000243 seconds
[2022-06-16T20:27:20.271+0000][7344][safepoint    ] Application time: 0.0010793 seconds
[2022-06-16T20:27:20.271+0000][7344][safepoint    ] Entering safepoint region: RevokeBias
[2022-06-16T20:27:20.271+0000][7344][safepoint    ] Leaving safepoint region
[2022-06-16T20:27:20.271+0000][7344][safepoint    ] Total time for which application threads were stopped: 0.0000764 seconds, Stopping threads took: 0.0000244 seconds
[2022-06-16T20:27:20.271+0000][7344][safepoint    ] Application time: 0.0003511 seconds
[2022-06-16T20:27:20.271+0000][7344][safepoint    ] Entering safepoint region: RevokeBias
[2022-06-16T20:27:20.271+0000][7344][safepoint    ] Leaving safepoint region
[2022-06-16T20:27:20.271+0000][7344][safepoint    ] Total time for which application threads were stopped: 0.0000711 seconds, Stopping threads took: 0.0000226 seconds
[2022-06-16T20:27:20.271+0000][7344][safepoint    ] Application time: 0.0001047 seconds
[2022-06-16T20:27:20.271+0000][7344][safepoint    ] Entering safepoint region: RevokeBias
[2022-06-16T20:27:20.271+0000][7344][safepoint    ] Leaving safepoint region
[2022-06-16T20:27:20.271+0000][7344][safepoint    ] Total time for which application threads were stopped: 0.0000637 seconds, Stopping threads took: 0.0000204 seconds
[2022-06-16T20:27:20.271+0000][7344][safepoint    ] Application time: 0.0000903 seconds
[2022-06-16T20:27:20.271+0000][7344][safepoint    ] Entering safepoint region: RevokeBias
[2022-06-16T20:27:20.271+0000][7344][safepoint    ] Leaving safepoint region
[2022-06-16T20:27:20.271+0000][7344][safepoint    ] Total time for which application threads were stopped: 0.0001253 seconds, Stopping threads took: 0.0000204 seconds
[2022-06-16T20:27:20.271+0000][7344][safepoint    ] Application time: 0.0001776 seconds
[2022-06-16T20:27:20.271+0000][7344][safepoint    ] Entering safepoint region: RevokeBias
[2022-06-16T20:27:20.271+0000][7344][safepoint    ] Leaving safepoint region
[2022-06-16T20:27:20.271+0000][7344][safepoint    ] Total time for which application threads were stopped: 0.0000704 seconds, Stopping threads took: 0.0000210 seconds
[2022-06-16T20:27:20.271+0000][7344][safepoint    ] Application time: 0.0000159 seconds
[2022-06-16T20:27:20.271+0000][7344][safepoint    ] Entering safepoint region: RevokeBias
[2022-06-16T20:27:20.271+0000][7344][safepoint    ] Leaving safepoint region
[2022-06-16T20:27:20.271+0000][7344][safepoint    ] Total time for which application threads were stopped: 0.0000589 seconds, Stopping threads took: 0.0000186 seconds
[2022-06-16T20:27:20.350+0000][7344][safepoint    ] Application time: 0.0744874 seconds
[2022-06-16T20:27:20.350+0000][7344][safepoint    ] Entering safepoint region: RevokeBias
[2022-06-16T20:27:20.350+0000][7344][safepoint    ] Leaving safepoint region
[2022-06-16T20:27:20.350+0000][7344][safepoint    ] Total time for which application threads were stopped: 0.0001068 seconds, Stopping threads took: 0.0000250 seconds
[2022-06-16T20:27:20.568+0000][7344][safepoint    ] Application time: 0.2199666 seconds
[2022-06-16T20:27:20.568+0000][7344][safepoint    ] Entering safepoint region: RevokeBias
[2022-06-16T20:27:20.568+0000][7344][safepoint    ] Leaving safepoint region
[2022-06-16T20:27:20.568+0000][7344][safepoint    ] Total time for which application threads were stopped: 0.0001053 seconds, Stopping threads took: 0.0000256 seconds
[2022-06-16T20:27:20.834+0000][7344][safepoint    ] Application time: 0.2721966 seconds
[2022-06-16T20:27:20.834+0000][7344][safepoint    ] Entering safepoint region: RevokeBias
[2022-06-16T20:27:20.834+0000][7344][safepoint    ] Leaving safepoint region
[2022-06-16T20:27:20.834+0000][7344][safepoint    ] Total time for which application threads were stopped: 0.0001396 seconds, Stopping threads took: 0.0000401 seconds
[2022-06-16T20:27:21.037+0000][7344][safepoint    ] Application time: 0.2071500 seconds
[2022-06-16T20:27:21.037+0000][7344][safepoint    ] Entering safepoint region: Deoptimize
[2022-06-16T20:27:21.037+0000][7344][safepoint    ] Leaving safepoint region
[2022-06-16T20:27:21.037+0000][7344][safepoint    ] Total time for which application threads were stopped: 0.0005865 seconds, Stopping threads took: 0.0000284 seconds
[2022-06-16T20:27:21.084+0000][7344][safepoint    ] Application time: 0.0392567 seconds
[2022-06-16T20:27:21.084+0000][7344][safepoint    ] Entering safepoint region: GenCollectForAllocation
[2022-06-16T20:27:21.084+0000][7344][gc,start     ] GC(21) Pause Young (Allocation Failure)
[2022-06-16T20:27:21.084+0000][7344][gc,task      ] GC(21) Using 2 workers of 2 for evacuation
[2022-06-16T20:27:21.162+0000][7344][gc,age       ] GC(21) Desired survivor size 8716288 bytes, new threshold 1 (max threshold 6)
[2022-06-16T20:27:21.162+0000][7344][gc,age       ] GC(21) Age table with threshold 1 (max threshold 6)
[2022-06-16T20:27:21.162+0000][7344][gc,age       ] GC(21) - age   1:   11628136 bytes,   11628136 total
[2022-06-16T20:27:21.162+0000][7344][gc,heap      ] GC(21) ParNew: 153344K->17024K(153344K)
[2022-06-16T20:27:21.162+0000][7344][gc,heap      ] GC(21) CMS: 18522K->36762K(878208K)
[2022-06-16T20:27:21.162+0000][7344][gc,metaspace ] GC(21) Metaspace: 43586K->43586K(1089536K)
[2022-06-16T20:27:21.162+0000][7344][gc           ] GC(21) Pause Young (Allocation Failure) 167M->52M(1007M) 78.708ms
[2022-06-16T20:27:21.162+0000][7344][gc,cpu       ] GC(21) User=0.16s Sys=0.00s Real=0.08s
[2022-06-16T20:27:21.162+0000][7344][safepoint    ] Leaving safepoint region
[2022-06-16T20:27:21.162+0000][7344][safepoint    ] Total time for which application threads were stopped: 0.0788719 seconds, Stopping threads took: 0.0000270 seconds
[2022-06-16T20:27:21.162+0000][7344][safepoint    ] Application time: 0.0018206 seconds
[2022-06-16T20:27:21.162+0000][7344][safepoint    ] Entering safepoint region: RevokeBias
[2022-06-16T20:27:21.162+0000][7344][safepoint    ] Leaving safepoint region
[2022-06-16T20:27:21.162+0000][7344][safepoint    ] Total time for which application threads were stopped: 0.0000921 seconds, Stopping threads took: 0.0000406 seconds
[2022-06-16T20:27:22.162+0000][7344][safepoint    ] Application time: 0.9941598 seconds
[2022-06-16T20:27:22.162+0000][7344][safepoint    ] Entering safepoint region: Cleanup
[2022-06-16T20:27:22.162+0000][7344][safepoint    ] Leaving safepoint region
[2022-06-16T20:27:22.162+0000][7344][safepoint    ] Total time for which application threads were stopped: 0.0043784 seconds, Stopping threads took: 0.0042752 seconds
[2022-06-16T20:27:23.178+0000][7344][safepoint    ] Application time: 1.0064779 seconds
[2022-06-16T20:27:23.178+0000][7344][safepoint    ] Entering safepoint region: Cleanup
[2022-06-16T20:27:23.178+0000][7344][safepoint    ] Leaving safepoint region
[2022-06-16T20:27:23.178+0000][7344][safepoint    ] Total time for which application threads were stopped: 0.0001750 seconds, Stopping threads took: 0.0000756 seconds
[2022-06-16T20:27:23.521+0000][7344][safepoint    ] Application time: 0.3492533 seconds
[2022-06-16T20:27:23.521+0000][7344][safepoint    ] Entering safepoint region: RevokeBias
[2022-06-16T20:27:23.521+0000][7344][safepoint    ] Leaving safepoint region
[2022-06-16T20:27:23.521+0000][7344][safepoint    ] Total time for which application threads were stopped: 0.0000915 seconds, Stopping threads took: 0.0000259 seconds
[2022-06-16T20:27:24.162+0000][7344][safepoint    ] Application time: 0.6481074 seconds
[2022-06-16T20:27:24.162+0000][7344][safepoint    ] Entering safepoint region: GenCollectForAllocation
[2022-06-16T20:27:24.162+0000][7344][gc,start     ] GC(22) Pause Young (Allocation Failure)
[2022-06-16T20:27:24.162+0000][7344][gc,task      ] GC(22) Using 2 workers of 2 for evacuation
[2022-06-16T20:27:24.240+0000][7344][gc,age       ] GC(22) Desired survivor size 8716288 bytes, new threshold 6 (max threshold 6)
[2022-06-16T20:27:24.240+0000][7344][gc,age       ] GC(22) Age table with threshold 6 (max threshold 6)
[2022-06-16T20:27:24.240+0000][7344][gc,age       ] GC(22) - age   1:    4614464 bytes,    4614464 total
[2022-06-16T20:27:24.240+0000][7344][gc,heap      ] GC(22) ParNew: 153344K->11883K(153344K)
[2022-06-16T20:27:24.240+0000][7344][gc,heap      ] GC(22) CMS: 36762K->48585K(878208K)
[2022-06-16T20:27:24.240+0000][7344][gc,metaspace ] GC(22) Metaspace: 55866K->55866K(1101824K)
[2022-06-16T20:27:24.240+0000][7344][gc           ] GC(22) Pause Young (Allocation Failure) 185M->59M(1007M) 75.915ms
[2022-06-16T20:27:24.240+0000][7344][gc,cpu       ] GC(22) User=0.13s Sys=0.03s Real=0.08s
[2022-06-16T20:27:24.240+0000][7344][safepoint    ] Leaving safepoint region
[2022-06-16T20:27:24.240+0000][7344][safepoint    ] Total time for which application threads were stopped: 0.0760913 seconds, Stopping threads took: 0.0000260 seconds
[2022-06-16T20:27:25.006+0000][7344][safepoint    ] Application time: 0.7665185 seconds
[2022-06-16T20:27:25.006+0000][7344][safepoint    ] Entering safepoint region: Deoptimize
[2022-06-16T20:27:25.006+0000][7344][safepoint    ] Leaving safepoint region
[2022-06-16T20:27:25.006+0000][7344][safepoint    ] Total time for which application threads were stopped: 0.0006074 seconds, Stopping threads took: 0.0000267 seconds
[2022-06-16T20:27:25.021+0000][7344][safepoint    ] Application time: 0.0035968 seconds
[2022-06-16T20:27:25.021+0000][7344][safepoint    ] Entering safepoint region: Deoptimize
[2022-06-16T20:27:25.021+0000][7344][safepoint    ] Leaving safepoint region
[2022-06-16T20:27:25.021+0000][7344][safepoint    ] Total time for which application threads were stopped: 0.0004969 seconds, Stopping threads took: 0.0000204 seconds
[2022-06-16T20:27:25.084+0000][7344][safepoint    ] Application time: 0.0654407 seconds
[2022-06-16T20:27:25.084+0000][7344][safepoint    ] Entering safepoint region: RevokeBias
[2022-06-16T20:27:25.084+0000][7344][safepoint    ] Leaving safepoint region
[2022-06-16T20:27:25.084+0000][7344][safepoint    ] Total time for which application threads were stopped: 0.0001383 seconds, Stopping threads took: 0.0000256 seconds
[2022-06-16T20:27:26.084+0000][7344][safepoint    ] Application time: 0.9953728 seconds
[2022-06-16T20:27:26.084+0000][7344][safepoint    ] Entering safepoint region: Cleanup
[2022-06-16T20:27:26.084+0000][7344][safepoint    ] Leaving safepoint region
[2022-06-16T20:27:26.084+0000][7344][safepoint    ] Total time for which application threads were stopped: 0.0001442 seconds, Stopping threads took: 0.0000253 seconds
[2022-06-16T20:27:27.100+0000][7344][safepoint    ] Application time: 1.0153322 seconds
[2022-06-16T20:27:27.365+0000][7344][safepoint    ] Entering safepoint region: Cleanup
[2022-06-16T20:27:27.365+0000][7344][safepoint    ] Leaving safepoint region
[2022-06-16T20:27:27.365+0000][7344][safepoint    ] Total time for which application threads were stopped: 0.2711629 seconds, Stopping threads took: 0.2711025 seconds
[2022-06-16T20:27:28.381+0000][7344][safepoint    ] Application time: 1.0100440 seconds
[2022-06-16T20:27:28.631+0000][7344][safepoint    ] Entering safepoint region: Cleanup
[2022-06-16T20:27:28.631+0000][7344][safepoint    ] Leaving safepoint region
[2022-06-16T20:27:28.631+0000][7344][safepoint    ] Total time for which application threads were stopped: 0.2645495 seconds, Stopping threads took: 0.2644922 seconds
[2022-06-16T20:27:28.865+0000][7344][safepoint    ] Application time: 0.2337777 seconds
[2022-06-16T20:27:28.865+0000][7344][safepoint    ] Entering safepoint region: GenCollectForAllocation
[2022-06-16T20:27:28.865+0000][7344][gc,start     ] GC(23) Pause Young (Allocation Failure)
[2022-06-16T20:27:28.865+0000][7344][gc,task      ] GC(23) Using 2 workers of 2 for evacuation
[2022-06-16T20:27:28.896+0000][7344][gc,age       ] GC(23) Desired survivor size 8716288 bytes, new threshold 6 (max threshold 6)
[2022-06-16T20:27:28.896+0000][7344][gc,age       ] GC(23) Age table with threshold 6 (max threshold 6)
[2022-06-16T20:27:28.896+0000][7344][gc,age       ] GC(23) - age   1:    1847784 bytes,    1847784 total
[2022-06-16T20:27:28.896+0000][7344][gc,age       ] GC(23) - age   2:    4517056 bytes,    6364840 total
[2022-06-16T20:27:28.896+0000][7344][gc,heap      ] GC(23) ParNew: 148203K->8194K(153344K)
[2022-06-16T20:27:28.896+0000][7344][gc,heap      ] GC(23) CMS: 48585K->48585K(878208K)
[2022-06-16T20:27:28.896+0000][7344][gc,metaspace ] GC(23) Metaspace: 62144K->62144K(1107968K)
[2022-06-16T20:27:28.896+0000][7344][gc           ] GC(23) Pause Young (Allocation Failure) 192M->55M(1007M) 27.162ms
[2022-06-16T20:27:28.896+0000][7344][gc,cpu       ] GC(23) User=0.06s Sys=0.00s Real=0.03s
[2022-06-16T20:27:28.896+0000][7344][safepoint    ] Leaving safepoint region
[2022-06-16T20:27:28.896+0000][7344][safepoint    ] Total time for which application threads were stopped: 0.0273649 seconds, Stopping threads took: 0.0000258 seconds
[2022-06-16T20:27:29.896+0000][7344][safepoint    ] Application time: 0.9897420 seconds
[2022-06-16T20:27:29.896+0000][7344][safepoint    ] Entering safepoint region: Cleanup
[2022-06-16T20:27:29.896+0000][7344][safepoint    ] Leaving safepoint region
[2022-06-16T20:27:29.896+0000][7344][safepoint    ] Total time for which application threads were stopped: 0.0002955 seconds, Stopping threads took: 0.0000297 seconds
[2022-06-16T20:27:30.896+0000][7344][safepoint    ] Application time: 0.9996191 seconds
[2022-06-16T20:27:30.975+0000][7344][safepoint    ] Entering safepoint region: Cleanup
[2022-06-16T20:27:30.975+0000][7344][safepoint    ] Leaving safepoint region
[2022-06-16T20:27:30.975+0000][7344][safepoint    ] Total time for which application threads were stopped: 0.0886565 seconds, Stopping threads took: 0.0885655 seconds
[2022-06-16T20:27:31.271+0000][7344][safepoint    ] Application time: 0.2950303 seconds
[2022-06-16T20:27:31.271+0000][7344][safepoint    ] Entering safepoint region: RevokeBias
[2022-06-16T20:27:31.271+0000][7344][safepoint    ] Leaving safepoint region
[2022-06-16T20:27:31.271+0000][7344][safepoint    ] Total time for which application threads were stopped: 0.0001418 seconds, Stopping threads took: 0.0000252 seconds
[2022-06-16T20:27:31.271+0000][7344][safepoint    ] Application time: 0.0047257 seconds
[2022-06-16T20:27:31.271+0000][7344][safepoint    ] Entering safepoint region: RevokeBias
[2022-06-16T20:27:31.271+0000][7344][safepoint    ] Leaving safepoint region
[2022-06-16T20:27:31.271+0000][7344][safepoint    ] Total time for which application threads were stopped: 0.0000885 seconds, Stopping threads took: 0.0000241 seconds
[2022-06-16T20:27:31.287+0000][7344][safepoint    ] Application time: 0.0074927 seconds
[2022-06-16T20:27:31.287+0000][7344][safepoint    ] Entering safepoint region: RevokeBias
[2022-06-16T20:27:31.287+0000][7344][safepoint    ] Leaving safepoint region
[2022-06-16T20:27:31.287+0000][7344][safepoint    ] Total time for which application threads were stopped: 0.0000854 seconds, Stopping threads took: 0.0000231 seconds
[2022-06-16T20:27:31.428+0000][7344][safepoint    ] Application time: 0.1410152 seconds
[2022-06-16T20:27:31.428+0000][7344][safepoint    ] Entering safepoint region: RevokeBias
[2022-06-16T20:27:31.428+0000][7344][safepoint    ] Leaving safepoint region
[2022-06-16T20:27:31.428+0000][7344][safepoint    ] Total time for which application threads were stopped: 0.0001047 seconds, Stopping threads took: 0.0000258 seconds
[2022-06-16T20:27:31.428+0000][7344][safepoint    ] Application time: 0.0001496 seconds
[2022-06-16T20:27:31.428+0000][7344][safepoint    ] Entering safepoint region: RevokeBias
[2022-06-16T20:27:31.428+0000][7344][safepoint    ] Leaving safepoint region
[2022-06-16T20:27:31.428+0000][7344][safepoint    ] Total time for which application threads were stopped: 0.0000549 seconds, Stopping threads took: 0.0000188 seconds
[2022-06-16T20:27:31.428+0000][7344][safepoint    ] Application time: 0.0002526 seconds
[2022-06-16T20:27:31.428+0000][7344][safepoint    ] Entering safepoint region: RevokeBias
[2022-06-16T20:27:31.428+0000][7344][safepoint    ] Leaving safepoint region
[2022-06-16T20:27:31.428+0000][7344][safepoint    ] Total time for which application threads were stopped: 0.0000594 seconds, Stopping threads took: 0.0000203 seconds
[2022-06-16T20:27:31.428+0000][7344][safepoint    ] Application time: 0.0000435 seconds
[2022-06-16T20:27:31.428+0000][7344][safepoint    ] Entering safepoint region: RevokeBias
[2022-06-16T20:27:31.428+0000][7344][safepoint    ] Leaving safepoint region
[2022-06-16T20:27:31.428+0000][7344][safepoint    ] Total time for which application threads were stopped: 0.0000533 seconds, Stopping threads took: 0.0000191 seconds
[2022-06-16T20:27:31.725+0000][7344][safepoint    ] Application time: 0.2979692 seconds
[2022-06-16T20:27:31.725+0000][7344][safepoint    ] Entering safepoint region: CollectForMetadataAllocation
[2022-06-16T20:27:31.725+0000][7344][safepoint    ] Leaving safepoint region
[2022-06-16T20:27:31.725+0000][7344][safepoint    ] Total time for which application threads were stopped: 0.0001665 seconds, Stopping threads took: 0.0000275 seconds
[2022-06-16T20:27:31.834+0000][7344][safepoint    ] Application time: 0.1099959 seconds
[2022-06-16T20:27:31.834+0000][7344][safepoint    ] Entering safepoint region: Deoptimize
[2022-06-16T20:27:31.834+0000][7344][safepoint    ] Leaving safepoint region
[2022-06-16T20:27:31.834+0000][7344][safepoint    ] Total time for which application threads were stopped: 0.0006750 seconds, Stopping threads took: 0.0000259 seconds
[2022-06-16T20:27:32.084+0000][7344][safepoint    ] Application time: 0.2535827 seconds
[2022-06-16T20:27:32.084+0000][7344][safepoint    ] Entering safepoint region: CollectForMetadataAllocation
[2022-06-16T20:27:32.084+0000][7344][safepoint    ] Leaving safepoint region
[2022-06-16T20:27:32.084+0000][7344][safepoint    ] Total time for which application threads were stopped: 0.0008441 seconds, Stopping threads took: 0.0000256 seconds
[2022-06-16T20:27:32.412+0000][7344][safepoint    ] Application time: 0.3277244 seconds
[2022-06-16T20:27:32.412+0000][7344][safepoint    ] Entering safepoint region: CollectForMetadataAllocation
[2022-06-16T20:27:32.412+0000][7344][safepoint    ] Leaving safepoint region
[2022-06-16T20:27:32.412+0000][7344][safepoint    ] Total time for which application threads were stopped: 0.0002127 seconds, Stopping threads took: 0.0000265 seconds
[2022-06-16T20:27:32.506+0000][7344][safepoint    ] Application time: 0.0905394 seconds
[2022-06-16T20:27:32.506+0000][7344][safepoint    ] Entering safepoint region: GenCollectForAllocation
[2022-06-16T20:27:32.506+0000][7344][gc,start     ] GC(24) Pause Young (Allocation Failure)
[2022-06-16T20:27:32.506+0000][7344][gc,task      ] GC(24) Using 2 workers of 2 for evacuation
[2022-06-16T20:27:32.521+0000][7344][gc,age       ] GC(24) Desired survivor size 8716288 bytes, new threshold 3 (max threshold 6)
[2022-06-16T20:27:32.521+0000][7344][gc,age       ] GC(24) Age table with threshold 3 (max threshold 6)
[2022-06-16T20:27:32.521+0000][7344][gc,age       ] GC(24) - age   1:    3006368 bytes,    3006368 total
[2022-06-16T20:27:32.521+0000][7344][gc,age       ] GC(24) - age   2:    1768992 bytes,    4775360 total
[2022-06-16T20:27:32.537+0000][7344][gc,age       ] GC(24) - age   3:    4513928 bytes,    9289288 total
[2022-06-16T20:27:32.537+0000][7344][gc,heap      ] GC(24) ParNew: 144514K->11378K(153344K)
[2022-06-16T20:27:32.537+0000][7344][gc,heap      ] GC(24) CMS: 48585K->48585K(878208K)
[2022-06-16T20:27:32.537+0000][7344][gc,metaspace ] GC(24) Metaspace: 66945K->66945K(1112064K)
[2022-06-16T20:27:32.537+0000][7344][gc           ] GC(24) Pause Young (Allocation Failure) 188M->58M(1007M) 20.137ms
[2022-06-16T20:27:32.537+0000][7344][gc,cpu       ] GC(24) User=0.03s Sys=0.02s Real=0.03s
[2022-06-16T20:27:32.537+0000][7344][safepoint    ] Leaving safepoint region
[2022-06-16T20:27:32.537+0000][7344][safepoint    ] Total time for which application threads were stopped: 0.0203111 seconds, Stopping threads took: 0.0000241 seconds
[2022-06-16T20:27:32.537+0000][7344][safepoint    ] Application time: 0.0000736 seconds
[2022-06-16T20:27:32.537+0000][7344][safepoint    ] Entering safepoint region: CMS_Initial_Mark
[2022-06-16T20:27:32.537+0000][7344][gc,start     ] GC(25) Pause Initial Mark
[2022-06-16T20:27:32.537+0000][7344][gc           ] GC(25) Pause Initial Mark 58M->58M(1007M) 5.763ms
[2022-06-16T20:27:32.537+0000][7344][gc,cpu       ] GC(25) User=0.00s Sys=0.00s Real=0.00s
[2022-06-16T20:27:32.537+0000][7344][safepoint    ] Leaving safepoint region
[2022-06-16T20:27:32.537+0000][7344][safepoint    ] Total time for which application threads were stopped: 0.0059115 seconds, Stopping threads took: 0.0000363 seconds
[2022-06-16T20:27:32.537+0000][7344][gc           ] GC(25) Concurrent Mark
[2022-06-16T20:27:32.600+0000][7344][gc           ] GC(25) Concurrent Mark 60.752ms
[2022-06-16T20:27:32.600+0000][7344][gc,cpu       ] GC(25) User=0.06s Sys=0.00s Real=0.06s
[2022-06-16T20:27:32.600+0000][7344][gc           ] GC(25) Concurrent Preclean
[2022-06-16T20:27:32.600+0000][7344][gc           ] GC(25) Concurrent Preclean 2.136ms
[2022-06-16T20:27:32.600+0000][7344][gc,cpu       ] GC(25) User=0.00s Sys=0.00s Real=0.00s
[2022-06-16T20:27:32.600+0000][7344][safepoint    ] Application time: 0.0631007 seconds
[2022-06-16T20:27:32.600+0000][7344][safepoint    ] Entering safepoint region: CMS_Final_Remark
[2022-06-16T20:27:32.600+0000][7344][gc,start     ] GC(25) Pause Remark
[2022-06-16T20:27:32.615+0000][7344][gc           ] GC(25) Pause Remark 58M->58M(1007M) 21.404ms
[2022-06-16T20:27:32.615+0000][7344][gc,cpu       ] GC(25) User=0.02s Sys=0.00s Real=0.02s
[2022-06-16T20:27:32.615+0000][7344][safepoint    ] Leaving safepoint region
[2022-06-16T20:27:32.615+0000][7344][safepoint    ] Total time for which application threads were stopped: 0.0215731 seconds, Stopping threads took: 0.0000206 seconds
[2022-06-16T20:27:32.615+0000][7344][gc           ] GC(25) Concurrent Sweep
[2022-06-16T20:27:32.631+0000][7344][gc           ] GC(25) Concurrent Sweep 17.305ms
[2022-06-16T20:27:32.631+0000][7344][gc,cpu       ] GC(25) User=0.02s Sys=0.00s Real=0.02s
[2022-06-16T20:27:32.631+0000][7344][gc           ] GC(25) Concurrent Reset
[2022-06-16T20:27:32.646+0000][7344][gc           ] GC(25) Concurrent Reset 1.186ms
[2022-06-16T20:27:32.646+0000][7344][gc,cpu       ] GC(25) User=0.02s Sys=0.00s Real=0.01s
[2022-06-16T20:27:32.646+0000][7344][gc,heap      ] GC(25) Old: 48585K->48266K(878208K)
[2022-06-16T20:27:33.646+0000][7344][safepoint    ] Application time: 1.0196301 seconds
[2022-06-16T20:27:33.678+0000][7344][safepoint    ] Entering safepoint region: Cleanup
[2022-06-16T20:27:33.678+0000][7344][safepoint    ] Leaving safepoint region
[2022-06-16T20:27:33.678+0000][7344][safepoint    ] Total time for which application threads were stopped: 0.0361133 seconds, Stopping threads took: 0.0360182 seconds
[2022-06-16T20:27:34.662+0000][7344][safepoint    ] Application time: 0.9875561 seconds
[2022-06-16T20:27:34.662+0000][7344][safepoint    ] Entering safepoint region: Deoptimize
[2022-06-16T20:27:34.662+0000][7344][safepoint    ] Leaving safepoint region
[2022-06-16T20:27:34.662+0000][7344][safepoint    ] Total time for which application threads were stopped: 0.0010005 seconds, Stopping threads took: 0.0000261 seconds
[2022-06-16T20:27:35.521+0000][7344][safepoint    ] Application time: 0.8518387 seconds
[2022-06-16T20:27:35.521+0000][7344][safepoint    ] Entering safepoint region: RevokeBias
[2022-06-16T20:27:35.521+0000][7344][safepoint    ] Leaving safepoint region
[2022-06-16T20:27:35.521+0000][7344][safepoint    ] Total time for which application threads were stopped: 0.0001477 seconds, Stopping threads took: 0.0000291 seconds
[2022-06-16T20:27:35.521+0000][7344][safepoint    ] Application time: 0.0000426 seconds
[2022-06-16T20:27:35.521+0000][7344][safepoint    ] Entering safepoint region: BulkRevokeBias
[2022-06-16T20:27:35.521+0000][7344][safepoint    ] Leaving safepoint region
[2022-06-16T20:27:35.521+0000][7344][safepoint    ] Total time for which application threads were stopped: 0.0001797 seconds, Stopping threads took: 0.0000451 seconds
[2022-06-16T20:27:35.740+0000][7344][safepoint    ] Application time: 0.2180800 seconds
[2022-06-16T20:27:35.740+0000][7344][safepoint    ] Entering safepoint region: RevokeBias
[2022-06-16T20:27:35.740+0000][7344][safepoint    ] Leaving safepoint region
[2022-06-16T20:27:35.740+0000][7344][safepoint    ] Total time for which application threads were stopped: 0.0001574 seconds, Stopping threads took: 0.0000267 seconds
[2022-06-16T20:27:35.740+0000][7344][safepoint    ] Application time: 0.0000613 seconds
[2022-06-16T20:27:35.740+0000][7344][safepoint    ] Entering safepoint region: RevokeBias
[2022-06-16T20:27:35.740+0000][7344][safepoint    ] Leaving safepoint region
[2022-06-16T20:27:35.740+0000][7344][safepoint    ] Total time for which application threads were stopped: 0.0000696 seconds, Stopping threads took: 0.0000192 seconds
[2022-06-16T20:27:35.740+0000][7344][safepoint    ] Application time: 0.0000829 seconds
[2022-06-16T20:27:35.740+0000][7344][safepoint    ] Entering safepoint region: RevokeBias
[2022-06-16T20:27:35.740+0000][7344][safepoint    ] Leaving safepoint region
[2022-06-16T20:27:35.740+0000][7344][safepoint    ] Total time for which application threads were stopped: 0.0000670 seconds, Stopping threads took: 0.0000196 seconds
[2022-06-16T20:27:35.740+0000][7344][safepoint    ] Application time: 0.0029112 seconds
[2022-06-16T20:27:35.740+0000][7344][safepoint    ] Entering safepoint region: RevokeBias
[2022-06-16T20:27:35.740+0000][7344][safepoint    ] Leaving safepoint region
[2022-06-16T20:27:35.740+0000][7344][safepoint    ] Total time for which application threads were stopped: 0.0000923 seconds, Stopping threads took: 0.0000246 seconds
[2022-06-16T20:27:36.037+0000][7344][safepoint    ] Application time: 0.2925533 seconds
[2022-06-16T20:27:36.037+0000][7344][safepoint    ] Entering safepoint region: Deoptimize
[2022-06-16T20:27:36.037+0000][7344][safepoint    ] Leaving safepoint region
[2022-06-16T20:27:36.037+0000][7344][safepoint    ] Total time for which application threads were stopped: 0.0010727 seconds, Stopping threads took: 0.0000266 seconds
[2022-06-16T20:27:36.037+0000][7344][safepoint    ] Application time: 0.0079086 seconds
[2022-06-16T20:27:36.037+0000][7344][safepoint    ] Entering safepoint region: GenCollectForAllocation
[2022-06-16T20:27:36.037+0000][7344][gc,start     ] GC(26) Pause Young (Allocation Failure)
[2022-06-16T20:27:36.037+0000][7344][gc,task      ] GC(26) Using 2 workers of 2 for evacuation
[2022-06-16T20:27:36.084+0000][7344][gc,age       ] GC(26) Desired survivor size 8716288 bytes, new threshold 3 (max threshold 6)
[2022-06-16T20:27:36.084+0000][7344][gc,age       ] GC(26) Age table with threshold 3 (max threshold 6)
[2022-06-16T20:27:36.084+0000][7344][gc,age       ] GC(26) - age   1:    4605464 bytes,    4605464 total
[2022-06-16T20:27:36.084+0000][7344][gc,age       ] GC(26) - age   2:    2946056 bytes,    7551520 total
[2022-06-16T20:27:36.084+0000][7344][gc,age       ] GC(26) - age   3:    1759328 bytes,    9310848 total
[2022-06-16T20:27:36.084+0000][7344][gc,heap      ] GC(26) ParNew: 147698K->12330K(153344K)
[2022-06-16T20:27:36.084+0000][7344][gc,heap      ] GC(26) CMS: 48266K->52790K(878208K)
[2022-06-16T20:27:36.084+0000][7344][gc,metaspace ] GC(26) Metaspace: 80330K->80330K(1124352K)
[2022-06-16T20:27:36.084+0000][7344][gc           ] GC(26) Pause Young (Allocation Failure) 191M->63M(1007M) 44.313ms
[2022-06-16T20:27:36.084+0000][7344][gc,cpu       ] GC(26) User=0.09s Sys=0.00s Real=0.05s
[2022-06-16T20:27:36.084+0000][7344][safepoint    ] Leaving safepoint region
[2022-06-16T20:27:36.084+0000][7344][safepoint    ] Total time for which application threads were stopped: 0.0444733 seconds, Stopping threads took: 0.0000242 seconds
[2022-06-16T20:27:36.318+0000][7344][safepoint    ] Application time: 0.2272531 seconds
[2022-06-16T20:27:36.318+0000][7344][safepoint    ] Entering safepoint region: RevokeBias
[2022-06-16T20:27:36.318+0000][7344][safepoint    ] Leaving safepoint region
[2022-06-16T20:27:36.318+0000][7344][safepoint    ] Total time for which application threads were stopped: 0.0001110 seconds, Stopping threads took: 0.0000217 seconds
[2022-06-16T20:27:36.318+0000][7344][safepoint    ] Application time: 0.0000703 seconds
[2022-06-16T20:27:36.318+0000][7344][safepoint    ] Entering safepoint region: RevokeBias
[2022-06-16T20:27:36.318+0000][7344][safepoint    ] Leaving safepoint region
[2022-06-16T20:27:36.318+0000][7344][safepoint    ] Total time for which application threads were stopped: 0.0000582 seconds, Stopping threads took: 0.0000160 seconds
[2022-06-16T20:27:37.334+0000][7344][safepoint    ] Application time: 1.0137524 seconds
[2022-06-16T20:27:37.334+0000][7344][safepoint    ] Entering safepoint region: Cleanup
[2022-06-16T20:27:37.334+0000][7344][safepoint    ] Leaving safepoint region
[2022-06-16T20:27:37.334+0000][7344][safepoint    ] Total time for which application threads were stopped: 0.0001460 seconds, Stopping threads took: 0.0000267 seconds
[2022-06-16T20:27:37.437+0000][7344][safepoint    ] Application time: 0.1025759 seconds
[2022-06-16T20:27:37.437+0000][7344][safepoint    ] Entering safepoint region: RevokeBias
[2022-06-16T20:27:37.437+0000][7344][safepoint    ] Leaving safepoint region
[2022-06-16T20:27:37.437+0000][7344][safepoint    ] Total time for which application threads were stopped: 0.0000865 seconds, Stopping threads took: 0.0000260 seconds
[2022-06-16T20:27:37.525+0000][7344][safepoint    ] Application time: 0.0886243 seconds
[2022-06-16T20:27:37.525+0000][7344][safepoint    ] Entering safepoint region: Deoptimize
[2022-06-16T20:27:37.526+0000][7344][safepoint    ] Leaving safepoint region
[2022-06-16T20:27:37.526+0000][7344][safepoint    ] Total time for which application threads were stopped: 0.0007645 seconds, Stopping threads took: 0.0000245 seconds
[2022-06-16T20:27:37.732+0000][7344][safepoint    ] Application time: 0.2054980 seconds
[2022-06-16T20:27:37.732+0000][7344][safepoint    ] Entering safepoint region: Deoptimize
[2022-06-16T20:27:37.732+0000][7344][safepoint    ] Leaving safepoint region
[2022-06-16T20:27:37.733+0000][7344][safepoint    ] Total time for which application threads were stopped: 0.0007832 seconds, Stopping threads took: 0.0000249 seconds
[2022-06-16T20:27:38.107+0000][7344][safepoint    ] Application time: 0.3741315 seconds
[2022-06-16T20:27:38.107+0000][7344][safepoint    ] Entering safepoint region: Deoptimize
[2022-06-16T20:27:38.107+0000][7344][safepoint    ] Leaving safepoint region
[2022-06-16T20:27:38.107+0000][7344][safepoint    ] Total time for which application threads were stopped: 0.0007394 seconds, Stopping threads took: 0.0000260 seconds
[2022-06-16T20:27:38.488+0000][7344][safepoint    ] Application time: 0.3909451 seconds
[2022-06-16T20:27:38.503+0000][7344][safepoint    ] Entering safepoint region: RevokeBias
[2022-06-16T20:27:38.503+0000][7344][safepoint    ] Leaving safepoint region
[2022-06-16T20:27:38.503+0000][7344][safepoint    ] Total time for which application threads were stopped: 0.0054410 seconds, Stopping threads took: 0.0049789 seconds
[2022-06-16T20:27:38.503+0000][7344][safepoint    ] Application time: 0.0000530 seconds
[2022-06-16T20:27:38.503+0000][7344][safepoint    ] Entering safepoint region: RevokeBias
[2022-06-16T20:27:38.503+0000][7344][safepoint    ] Leaving safepoint region
[2022-06-16T20:27:38.503+0000][7344][safepoint    ] Total time for which application threads were stopped: 0.0000928 seconds, Stopping threads took: 0.0000451 seconds
[2022-06-16T20:27:38.503+0000][7344][safepoint    ] Application time: 0.0004479 seconds
[2022-06-16T20:27:38.503+0000][7344][safepoint    ] Entering safepoint region: RevokeBias
[2022-06-16T20:27:38.503+0000][7344][safepoint    ] Leaving safepoint region
[2022-06-16T20:27:38.503+0000][7344][safepoint    ] Total time for which application threads were stopped: 0.0000709 seconds, Stopping threads took: 0.0000186 seconds
[2022-06-16T20:27:38.503+0000][7344][safepoint    ] Application time: 0.0000286 seconds
[2022-06-16T20:27:38.503+0000][7344][safepoint    ] Entering safepoint region: RevokeBias
[2022-06-16T20:27:38.503+0000][7344][safepoint    ] Leaving safepoint region
[2022-06-16T20:27:38.503+0000][7344][safepoint    ] Total time for which application threads were stopped: 0.0000751 seconds, Stopping threads took: 0.0000318 seconds
[2022-06-16T20:27:38.503+0000][7344][safepoint    ] Application time: 0.0000335 seconds
[2022-06-16T20:27:38.503+0000][7344][safepoint    ] Entering safepoint region: RevokeBias
[2022-06-16T20:27:38.503+0000][7344][safepoint    ] Leaving safepoint region
[2022-06-16T20:27:38.503+0000][7344][safepoint    ] Total time for which application threads were stopped: 0.0000719 seconds, Stopping threads took: 0.0000287 seconds
[2022-06-16T20:27:38.503+0000][7344][safepoint    ] Application time: 0.0000272 seconds
[2022-06-16T20:27:38.503+0000][7344][safepoint    ] Entering safepoint region: RevokeBias
[2022-06-16T20:27:38.503+0000][7344][safepoint    ] Leaving safepoint region
[2022-06-16T20:27:38.503+0000][7344][safepoint    ] Total time for which application threads were stopped: 0.0001022 seconds, Stopping threads took: 0.0000520 seconds
[2022-06-16T20:27:38.503+0000][7344][safepoint    ] Application time: 0.0000350 seconds
[2022-06-16T20:27:38.503+0000][7344][safepoint    ] Entering safepoint region: RevokeBias
[2022-06-16T20:27:38.503+0000][7344][safepoint    ] Leaving safepoint region
[2022-06-16T20:27:38.503+0000][7344][safepoint    ] Total time for which application threads were stopped: 0.0001990 seconds, Stopping threads took: 0.0001523 seconds
[2022-06-16T20:27:38.503+0000][7344][safepoint    ] Application time: 0.0000229 seconds
[2022-06-16T20:27:38.503+0000][7344][safepoint    ] Entering safepoint region: RevokeBias
[2022-06-16T20:27:38.503+0000][7344][safepoint    ] Leaving safepoint region
[2022-06-16T20:27:38.503+0000][7344][safepoint    ] Total time for which application threads were stopped: 0.0001933 seconds, Stopping threads took: 0.0001489 seconds
[2022-06-16T20:27:38.503+0000][7344][safepoint    ] Application time: 0.0001542 seconds
[2022-06-16T20:27:38.503+0000][7344][safepoint    ] Entering safepoint region: RevokeBias
[2022-06-16T20:27:38.503+0000][7344][safepoint    ] Leaving safepoint region
[2022-06-16T20:27:38.503+0000][7344][safepoint    ] Total time for which application threads were stopped: 0.0000838 seconds, Stopping threads took: 0.0000320 seconds
[2022-06-16T20:27:38.503+0000][7344][safepoint    ] Application time: 0.0006919 seconds
[2022-06-16T20:27:38.503+0000][7344][safepoint    ] Entering safepoint region: RevokeBias
[2022-06-16T20:27:38.503+0000][7344][safepoint    ] Leaving safepoint region
[2022-06-16T20:27:38.503+0000][7344][safepoint    ] Total time for which application threads were stopped: 0.0000673 seconds, Stopping threads took: 0.0000176 seconds
[2022-06-16T20:27:38.503+0000][7344][safepoint    ] Application time: 0.0003574 seconds
[2022-06-16T20:27:38.503+0000][7344][safepoint    ] Entering safepoint region: RevokeBias
[2022-06-16T20:27:38.503+0000][7344][safepoint    ] Leaving safepoint region
[2022-06-16T20:27:38.503+0000][7344][safepoint    ] Total time for which application threads were stopped: 0.0000750 seconds, Stopping threads took: 0.0000171 seconds
[2022-06-16T20:27:38.503+0000][7344][safepoint    ] Application time: 0.0000195 seconds
[2022-06-16T20:27:38.503+0000][7344][safepoint    ] Entering safepoint region: RevokeBias
[2022-06-16T20:27:38.503+0000][7344][safepoint    ] Leaving safepoint region
[2022-06-16T20:27:38.503+0000][7344][safepoint    ] Total time for which application threads were stopped: 0.0000613 seconds, Stopping threads took: 0.0000155 seconds
[2022-06-16T20:27:38.503+0000][7344][safepoint    ] Application time: 0.0000160 seconds
[2022-06-16T20:27:38.503+0000][7344][safepoint    ] Entering safepoint region: RevokeBias
[2022-06-16T20:27:38.503+0000][7344][safepoint    ] Leaving safepoint region
[2022-06-16T20:27:38.503+0000][7344][safepoint    ] Total time for which application threads were stopped: 0.0000549 seconds, Stopping threads took: 0.0000144 seconds
[2022-06-16T20:27:38.503+0000][7344][safepoint    ] Application time: 0.0000097 seconds
[2022-06-16T20:27:38.503+0000][7344][safepoint    ] Entering safepoint region: RevokeBias
[2022-06-16T20:27:38.503+0000][7344][safepoint    ] Leaving safepoint region
[2022-06-16T20:27:38.503+0000][7344][safepoint    ] Total time for which application threads were stopped: 0.0000554 seconds, Stopping threads took: 0.0000157 seconds
[2022-06-16T20:27:38.503+0000][7344][safepoint    ] Application time: 0.0000170 seconds
[2022-06-16T20:27:38.503+0000][7344][safepoint    ] Entering safepoint region: RevokeBias
[2022-06-16T20:27:38.503+0000][7344][safepoint    ] Leaving safepoint region
[2022-06-16T20:27:38.503+0000][7344][safepoint    ] Total time for which application threads were stopped: 0.0000597 seconds, Stopping threads took: 0.0000161 seconds
[2022-06-16T20:27:38.503+0000][7344][safepoint    ] Application time: 0.0000178 seconds
[2022-06-16T20:27:38.503+0000][7344][safepoint    ] Entering safepoint region: RevokeBias
[2022-06-16T20:27:38.503+0000][7344][safepoint    ] Leaving safepoint region
[2022-06-16T20:27:38.503+0000][7344][safepoint    ] Total time for which application threads were stopped: 0.0000545 seconds, Stopping threads took: 0.0000152 seconds
[2022-06-16T20:27:38.503+0000][7344][safepoint    ] Application time: 0.0000165 seconds
[2022-06-16T20:27:38.503+0000][7344][safepoint    ] Entering safepoint region: RevokeBias
[2022-06-16T20:27:38.503+0000][7344][safepoint    ] Leaving safepoint region
[2022-06-16T20:27:38.503+0000][7344][safepoint    ] Total time for which application threads were stopped: 0.0000505 seconds, Stopping threads took: 0.0000140 seconds
[2022-06-16T20:27:38.503+0000][7344][safepoint    ] Application time: 0.0000148 seconds
[2022-06-16T20:27:38.503+0000][7344][safepoint    ] Entering safepoint region: RevokeBias
[2022-06-16T20:27:38.503+0000][7344][safepoint    ] Leaving safepoint region
[2022-06-16T20:27:38.503+0000][7344][safepoint    ] Total time for which application threads were stopped: 0.0000570 seconds, Stopping threads took: 0.0000156 seconds
[2022-06-16T20:27:38.503+0000][7344][safepoint    ] Application time: 0.0000144 seconds
[2022-06-16T20:27:38.503+0000][7344][safepoint    ] Entering safepoint region: RevokeBias
[2022-06-16T20:27:38.503+0000][7344][safepoint    ] Leaving safepoint region
[2022-06-16T20:27:38.503+0000][7344][safepoint    ] Total time for which application threads were stopped: 0.0000554 seconds, Stopping threads took: 0.0000155 seconds
[2022-06-16T20:27:38.503+0000][7344][safepoint    ] Application time: 0.0000148 seconds
[2022-06-16T20:27:38.503+0000][7344][safepoint    ] Entering safepoint region: RevokeBias
[2022-06-16T20:27:38.503+0000][7344][safepoint    ] Leaving safepoint region
[2022-06-16T20:27:38.503+0000][7344][safepoint    ] Total time for which application threads were stopped: 0.0000713 seconds, Stopping threads took: 0.0000208 seconds
[2022-06-16T20:27:38.503+0000][7344][safepoint    ] Application time: 0.0000148 seconds
[2022-06-16T20:27:38.503+0000][7344][safepoint    ] Entering safepoint region: RevokeBias
[2022-06-16T20:27:38.503+0000][7344][safepoint    ] Leaving safepoint region
[2022-06-16T20:27:38.503+0000][7344][safepoint    ] Total time for which application threads were stopped: 0.0000593 seconds, Stopping threads took: 0.0000160 seconds
[2022-06-16T20:27:38.503+0000][7344][safepoint    ] Application time: 0.0000148 seconds
[2022-06-16T20:27:38.503+0000][7344][safepoint    ] Entering safepoint region: RevokeBias
[2022-06-16T20:27:38.503+0000][7344][safepoint    ] Leaving safepoint region
[2022-06-16T20:27:38.503+0000][7344][safepoint    ] Total time for which application threads were stopped: 0.0000589 seconds, Stopping threads took: 0.0000163 seconds
[2022-06-16T20:27:38.503+0000][7344][safepoint    ] Application time: 0.0000143 seconds
[2022-06-16T20:27:38.503+0000][7344][safepoint    ] Entering safepoint region: RevokeBias
[2022-06-16T20:27:38.503+0000][7344][safepoint    ] Leaving safepoint region
[2022-06-16T20:27:38.503+0000][7344][safepoint    ] Total time for which application threads were stopped: 0.0000571 seconds, Stopping threads took: 0.0000162 seconds
[2022-06-16T20:27:38.503+0000][7344][safepoint    ] Application time: 0.0000144 seconds
[2022-06-16T20:27:38.503+0000][7344][safepoint    ] Entering safepoint region: RevokeBias
[2022-06-16T20:27:38.503+0000][7344][safepoint    ] Leaving safepoint region
[2022-06-16T20:27:38.503+0000][7344][safepoint    ] Total time for which application threads were stopped: 0.0000590 seconds, Stopping threads took: 0.0000160 seconds
[2022-06-16T20:27:38.503+0000][7344][safepoint    ] Application time: 0.0000156 seconds
[2022-06-16T20:27:38.503+0000][7344][safepoint    ] Entering safepoint region: RevokeBias
[2022-06-16T20:27:38.503+0000][7344][safepoint    ] Leaving safepoint region
[2022-06-16T20:27:38.503+0000][7344][safepoint    ] Total time for which application threads were stopped: 0.0000619 seconds, Stopping threads took: 0.0000160 seconds
[2022-06-16T20:27:38.503+0000][7344][safepoint    ] Application time: 0.0000154 seconds
[2022-06-16T20:27:38.503+0000][7344][safepoint    ] Entering safepoint region: RevokeBias
[2022-06-16T20:27:38.503+0000][7344][safepoint    ] Leaving safepoint region
[2022-06-16T20:27:38.503+0000][7344][safepoint    ] Total time for which application threads were stopped: 0.0000577 seconds, Stopping threads took: 0.0000162 seconds
[2022-06-16T20:27:38.503+0000][7344][safepoint    ] Application time: 0.0000143 seconds
[2022-06-16T20:27:38.503+0000][7344][safepoint    ] Entering safepoint region: RevokeBias
[2022-06-16T20:27:38.503+0000][7344][safepoint    ] Leaving safepoint region
[2022-06-16T20:27:38.503+0000][7344][safepoint    ] Total time for which application threads were stopped: 0.0000596 seconds, Stopping threads took: 0.0000163 seconds
[2022-06-16T20:27:38.503+0000][7344][safepoint    ] Application time: 0.0000146 seconds
[2022-06-16T20:27:38.503+0000][7344][safepoint    ] Entering safepoint region: BulkRevokeBias
[2022-06-16T20:27:38.503+0000][7344][safepoint    ] Leaving safepoint region
[2022-06-16T20:27:38.503+0000][7344][safepoint    ] Total time for which application threads were stopped: 0.0001337 seconds, Stopping threads took: 0.0000167 seconds
[2022-06-16T20:27:38.503+0000][7344][safepoint    ] Application time: 0.0000664 seconds
[2022-06-16T20:27:38.503+0000][7344][safepoint    ] Entering safepoint region: RevokeBias
[2022-06-16T20:27:38.503+0000][7344][safepoint    ] Leaving safepoint region
[2022-06-16T20:27:38.503+0000][7344][safepoint    ] Total time for which application threads were stopped: 0.0000629 seconds, Stopping threads took: 0.0000166 seconds
[2022-06-16T20:27:38.503+0000][7344][safepoint    ] Application time: 0.0000355 seconds
[2022-06-16T20:27:38.503+0000][7344][safepoint    ] Entering safepoint region: RevokeBias
[2022-06-16T20:27:38.503+0000][7344][safepoint    ] Leaving safepoint region
[2022-06-16T20:27:38.503+0000][7344][safepoint    ] Total time for which application threads were stopped: 0.0000606 seconds, Stopping threads took: 0.0000148 seconds
[2022-06-16T20:27:38.503+0000][7344][safepoint    ] Application time: 0.0000191 seconds
[2022-06-16T20:27:38.503+0000][7344][safepoint    ] Entering safepoint region: RevokeBias
[2022-06-16T20:27:38.503+0000][7344][safepoint    ] Leaving safepoint region
[2022-06-16T20:27:38.503+0000][7344][safepoint    ] Total time for which application threads were stopped: 0.0000611 seconds, Stopping threads took: 0.0000165 seconds
[2022-06-16T20:27:38.503+0000][7344][safepoint    ] Application time: 0.0000603 seconds
[2022-06-16T20:27:38.503+0000][7344][safepoint    ] Entering safepoint region: RevokeBias
[2022-06-16T20:27:38.503+0000][7344][safepoint    ] Leaving safepoint region
[2022-06-16T20:27:38.503+0000][7344][safepoint    ] Total time for which application threads were stopped: 0.0000609 seconds, Stopping threads took: 0.0000165 seconds
[2022-06-16T20:27:38.503+0000][7344][safepoint    ] Application time: 0.0000182 seconds
[2022-06-16T20:27:38.503+0000][7344][safepoint    ] Entering safepoint region: RevokeBias
[2022-06-16T20:27:38.503+0000][7344][safepoint    ] Leaving safepoint region
[2022-06-16T20:27:38.503+0000][7344][safepoint    ] Total time for which application threads were stopped: 0.0000622 seconds, Stopping threads took: 0.0000159 seconds
[2022-06-16T20:27:38.503+0000][7344][safepoint    ] Application time: 0.0001213 seconds
[2022-06-16T20:27:38.503+0000][7344][safepoint    ] Entering safepoint region: RevokeBias
[2022-06-16T20:27:38.503+0000][7344][safepoint    ] Leaving safepoint region
[2022-06-16T20:27:38.503+0000][7344][safepoint    ] Total time for which application threads were stopped: 0.0000637 seconds, Stopping threads took: 0.0000174 seconds
[2022-06-16T20:27:38.503+0000][7344][safepoint    ] Application time: 0.0000288 seconds
[2022-06-16T20:27:38.503+0000][7344][safepoint    ] Entering safepoint region: RevokeBias
[2022-06-16T20:27:38.503+0000][7344][safepoint    ] Leaving safepoint region
[2022-06-16T20:27:38.503+0000][7344][safepoint    ] Total time for which application threads were stopped: 0.0000585 seconds, Stopping threads took: 0.0000175 seconds
[2022-06-16T20:27:38.503+0000][7344][safepoint    ] Application time: 0.0000145 seconds
[2022-06-16T20:27:38.503+0000][7344][safepoint    ] Entering safepoint region: RevokeBias
[2022-06-16T20:27:38.503+0000][7344][safepoint    ] Leaving safepoint region
[2022-06-16T20:27:38.503+0000][7344][safepoint    ] Total time for which application threads were stopped: 0.0000586 seconds, Stopping threads took: 0.0000149 seconds
[2022-06-16T20:27:38.503+0000][7344][safepoint    ] Application time: 0.0000139 seconds
[2022-06-16T20:27:38.503+0000][7344][safepoint    ] Entering safepoint region: RevokeBias
[2022-06-16T20:27:38.503+0000][7344][safepoint    ] Leaving safepoint region
[2022-06-16T20:27:38.503+0000][7344][safepoint    ] Total time for which application threads were stopped: 0.0000584 seconds, Stopping threads took: 0.0000160 seconds
[2022-06-16T20:27:38.503+0000][7344][safepoint    ] Application time: 0.0001778 seconds
[2022-06-16T20:27:38.503+0000][7344][safepoint    ] Entering safepoint region: RevokeBias
[2022-06-16T20:27:38.503+0000][7344][safepoint    ] Leaving safepoint region
[2022-06-16T20:27:38.503+0000][7344][safepoint    ] Total time for which application threads were stopped: 0.0000636 seconds, Stopping threads took: 0.0000173 seconds
[2022-06-16T20:27:38.503+0000][7344][safepoint    ] Application time: 0.0001488 seconds
[2022-06-16T20:27:38.503+0000][7344][safepoint    ] Entering safepoint region: RevokeBias
[2022-06-16T20:27:38.503+0000][7344][safepoint    ] Leaving safepoint region
[2022-06-16T20:27:38.503+0000][7344][safepoint    ] Total time for which application threads were stopped: 0.0000665 seconds, Stopping threads took: 0.0000171 seconds
[2022-06-16T20:27:38.503+0000][7344][safepoint    ] Application time: 0.0000218 seconds
[2022-06-16T20:27:38.503+0000][7344][safepoint    ] Entering safepoint region: RevokeBias
[2022-06-16T20:27:38.503+0000][7344][safepoint    ] Leaving safepoint region
[2022-06-16T20:27:38.503+0000][7344][safepoint    ] Total time for which application threads were stopped: 0.0000628 seconds, Stopping threads took: 0.0000167 seconds
[2022-06-16T20:27:38.503+0000][7344][safepoint    ] Application time: 0.0002517 seconds
[2022-06-16T20:27:38.503+0000][7344][safepoint    ] Entering safepoint region: RevokeBias
[2022-06-16T20:27:38.503+0000][7344][safepoint    ] Leaving safepoint region
[2022-06-16T20:27:38.503+0000][7344][safepoint    ] Total time for which application threads were stopped: 0.0000694 seconds, Stopping threads took: 0.0000186 seconds
[2022-06-16T20:27:38.503+0000][7344][safepoint    ] Application time: 0.0003920 seconds
[2022-06-16T20:27:38.503+0000][7344][safepoint    ] Entering safepoint region: RevokeBias
[2022-06-16T20:27:38.503+0000][7344][safepoint    ] Leaving safepoint region
[2022-06-16T20:27:38.503+0000][7344][safepoint    ] Total time for which application threads were stopped: 0.0000668 seconds, Stopping threads took: 0.0000177 seconds
[2022-06-16T20:27:38.503+0000][7344][safepoint    ] Application time: 0.0010970 seconds
[2022-06-16T20:27:38.503+0000][7344][safepoint    ] Entering safepoint region: RevokeBias
[2022-06-16T20:27:38.503+0000][7344][safepoint    ] Leaving safepoint region
[2022-06-16T20:27:38.503+0000][7344][safepoint    ] Total time for which application threads were stopped: 0.0000803 seconds, Stopping threads took: 0.0000191 seconds
[2022-06-16T20:27:38.503+0000][7344][safepoint    ] Application time: 0.0005469 seconds
[2022-06-16T20:27:38.503+0000][7344][safepoint    ] Entering safepoint region: RevokeBias
[2022-06-16T20:27:38.503+0000][7344][safepoint    ] Leaving safepoint region
[2022-06-16T20:27:38.503+0000][7344][safepoint    ] Total time for which application threads were stopped: 0.0001234 seconds, Stopping threads took: 0.0000670 seconds
[2022-06-16T20:27:38.503+0000][7344][safepoint    ] Application time: 0.0000204 seconds
[2022-06-16T20:27:38.503+0000][7344][safepoint    ] Entering safepoint region: RevokeBias
[2022-06-16T20:27:38.503+0000][7344][safepoint    ] Leaving safepoint region
[2022-06-16T20:27:38.503+0000][7344][safepoint    ] Total time for which application threads were stopped: 0.0000710 seconds, Stopping threads took: 0.0000354 seconds
[2022-06-16T20:27:38.503+0000][7344][safepoint    ] Application time: 0.0000179 seconds
[2022-06-16T20:27:38.503+0000][7344][safepoint    ] Entering safepoint region: RevokeBias
[2022-06-16T20:27:38.503+0000][7344][safepoint    ] Leaving safepoint region
[2022-06-16T20:27:38.503+0000][7344][safepoint    ] Total time for which application threads were stopped: 0.0000628 seconds, Stopping threads took: 0.0000228 seconds
[2022-06-16T20:27:38.503+0000][7344][safepoint    ] Application time: 0.0000209 seconds
[2022-06-16T20:27:38.503+0000][7344][safepoint    ] Entering safepoint region: RevokeBias
[2022-06-16T20:27:38.503+0000][7344][safepoint    ] Leaving safepoint region
[2022-06-16T20:27:38.503+0000][7344][safepoint    ] Total time for which application threads were stopped: 0.0000528 seconds, Stopping threads took: 0.0000159 seconds
[2022-06-16T20:27:38.503+0000][7344][safepoint    ] Application time: 0.0000161 seconds
[2022-06-16T20:27:38.503+0000][7344][safepoint    ] Entering safepoint region: RevokeBias
[2022-06-16T20:27:38.503+0000][7344][safepoint    ] Leaving safepoint region
[2022-06-16T20:27:38.503+0000][7344][safepoint    ] Total time for which application threads were stopped: 0.0000550 seconds, Stopping threads took: 0.0000164 seconds
[2022-06-16T20:27:38.503+0000][7344][safepoint    ] Application time: 0.0000154 seconds
[2022-06-16T20:27:38.503+0000][7344][safepoint    ] Entering safepoint region: RevokeBias
[2022-06-16T20:27:38.503+0000][7344][safepoint    ] Leaving safepoint region
[2022-06-16T20:27:38.503+0000][7344][safepoint    ] Total time for which application threads were stopped: 0.0000546 seconds, Stopping threads took: 0.0000165 seconds
[2022-06-16T20:27:38.503+0000][7344][safepoint    ] Application time: 0.0000182 seconds
[2022-06-16T20:27:38.503+0000][7344][safepoint    ] Entering safepoint region: RevokeBias
[2022-06-16T20:27:38.503+0000][7344][safepoint    ] Leaving safepoint region
[2022-06-16T20:27:38.503+0000][7344][safepoint    ] Total time for which application threads were stopped: 0.0000504 seconds, Stopping threads took: 0.0000153 seconds
[2022-06-16T20:27:38.503+0000][7344][safepoint    ] Application time: 0.0000158 seconds
[2022-06-16T20:27:38.503+0000][7344][safepoint    ] Entering safepoint region: RevokeBias
[2022-06-16T20:27:38.503+0000][7344][safepoint    ] Leaving safepoint region
[2022-06-16T20:27:38.503+0000][7344][safepoint    ] Total time for which application threads were stopped: 0.0000498 seconds, Stopping threads took: 0.0000156 seconds
[2022-06-16T20:27:38.503+0000][7344][safepoint    ] Application time: 0.0000163 seconds
[2022-06-16T20:27:38.503+0000][7344][safepoint    ] Entering safepoint region: RevokeBias
[2022-06-16T20:27:38.503+0000][7344][safepoint    ] Leaving safepoint region
[2022-06-16T20:27:38.503+0000][7344][safepoint    ] Total time for which application threads were stopped: 0.0000499 seconds, Stopping threads took: 0.0000151 seconds
[2022-06-16T20:27:38.503+0000][7344][safepoint    ] Application time: 0.0000160 seconds
[2022-06-16T20:27:38.503+0000][7344][safepoint    ] Entering safepoint region: RevokeBias
[2022-06-16T20:27:38.503+0000][7344][safepoint    ] Leaving safepoint region
[2022-06-16T20:27:38.503+0000][7344][safepoint    ] Total time for which application threads were stopped: 0.0000538 seconds, Stopping threads took: 0.0000158 seconds
[2022-06-16T20:27:38.503+0000][7344][safepoint    ] Application time: 0.0000168 seconds
[2022-06-16T20:27:38.503+0000][7344][safepoint    ] Entering safepoint region: RevokeBias
[2022-06-16T20:27:38.503+0000][7344][safepoint    ] Leaving safepoint region
[2022-06-16T20:27:38.503+0000][7344][safepoint    ] Total time for which application threads were stopped: 0.0000574 seconds, Stopping threads took: 0.0000188 seconds
[2022-06-16T20:27:38.503+0000][7344][safepoint    ] Application time: 0.0000174 seconds
[2022-06-16T20:27:38.503+0000][7344][safepoint    ] Entering safepoint region: RevokeBias
[2022-06-16T20:27:38.503+0000][7344][safepoint    ] Leaving safepoint region
[2022-06-16T20:27:38.503+0000][7344][safepoint    ] Total time for which application threads were stopped: 0.0000497 seconds, Stopping threads took: 0.0000147 seconds
[2022-06-16T20:27:38.503+0000][7344][safepoint    ] Application time: 0.0000177 seconds
[2022-06-16T20:27:38.503+0000][7344][safepoint    ] Entering safepoint region: RevokeBias
[2022-06-16T20:27:38.503+0000][7344][safepoint    ] Leaving safepoint region
[2022-06-16T20:27:38.503+0000][7344][safepoint    ] Total time for which application threads were stopped: 0.0000504 seconds, Stopping threads took: 0.0000161 seconds
[2022-06-16T20:27:38.503+0000][7344][safepoint    ] Application time: 0.0000151 seconds
[2022-06-16T20:27:38.503+0000][7344][safepoint    ] Entering safepoint region: RevokeBias
[2022-06-16T20:27:38.503+0000][7344][safepoint    ] Leaving safepoint region
[2022-06-16T20:27:38.503+0000][7344][safepoint    ] Total time for which application threads were stopped: 0.0000527 seconds, Stopping threads took: 0.0000147 seconds
[2022-06-16T20:27:38.503+0000][7344][safepoint    ] Application time: 0.0000169 seconds
[2022-06-16T20:27:38.503+0000][7344][safepoint    ] Entering safepoint region: RevokeBias
[2022-06-16T20:27:38.503+0000][7344][safepoint    ] Leaving safepoint region
[2022-06-16T20:27:38.503+0000][7344][safepoint    ] Total time for which application threads were stopped: 0.0000510 seconds, Stopping threads took: 0.0000155 seconds
[2022-06-16T20:27:38.503+0000][7344][safepoint    ] Application time: 0.0000095 seconds
[2022-06-16T20:27:38.503+0000][7344][safepoint    ] Entering safepoint region: RevokeBias
[2022-06-16T20:27:38.503+0000][7344][safepoint    ] Leaving safepoint region
[2022-06-16T20:27:38.503+0000][7344][safepoint    ] Total time for which application threads were stopped: 0.0000598 seconds, Stopping threads took: 0.0000235 seconds
[2022-06-16T20:27:38.503+0000][7344][safepoint    ] Application time: 0.0000194 seconds
[2022-06-16T20:27:38.503+0000][7344][safepoint    ] Entering safepoint region: RevokeBias
[2022-06-16T20:27:38.503+0000][7344][safepoint    ] Leaving safepoint region
[2022-06-16T20:27:38.503+0000][7344][safepoint    ] Total time for which application threads were stopped: 0.0000569 seconds, Stopping threads took: 0.0000177 seconds
[2022-06-16T20:27:38.503+0000][7344][safepoint    ] Application time: 0.0000167 seconds
[2022-06-16T20:27:38.503+0000][7344][safepoint    ] Entering safepoint region: RevokeBias
[2022-06-16T20:27:38.503+0000][7344][safepoint    ] Leaving safepoint region
[2022-06-16T20:27:38.503+0000][7344][safepoint    ] Total time for which application threads were stopped: 0.0000521 seconds, Stopping threads took: 0.0000156 seconds
[2022-06-16T20:27:38.503+0000][7344][safepoint    ] Application time: 0.0000144 seconds
[2022-06-16T20:27:38.503+0000][7344][safepoint    ] Entering safepoint region: RevokeBias
[2022-06-16T20:27:38.503+0000][7344][safepoint    ] Leaving safepoint region
[2022-06-16T20:27:38.503+0000][7344][safepoint    ] Total time for which application threads were stopped: 0.0000507 seconds, Stopping threads took: 0.0000159 seconds
[2022-06-16T20:27:38.503+0000][7344][safepoint    ] Application time: 0.0000435 seconds
[2022-06-16T20:27:38.503+0000][7344][safepoint    ] Entering safepoint region: BulkRevokeBias
[2022-06-16T20:27:38.503+0000][7344][safepoint    ] Leaving safepoint region
[2022-06-16T20:27:38.503+0000][7344][safepoint    ] Total time for which application threads were stopped: 0.0002655 seconds, Stopping threads took: 0.0001480 seconds
[2022-06-16T20:27:38.519+0000][7344][safepoint    ] Application time: 0.0034948 seconds
[2022-06-16T20:27:38.519+0000][7344][safepoint    ] Entering safepoint region: RevokeBias
[2022-06-16T20:27:38.519+0000][7344][safepoint    ] Leaving safepoint region
[2022-06-16T20:27:38.519+0000][7344][safepoint    ] Total time for which application threads were stopped: 0.0000771 seconds, Stopping threads took: 0.0000207 seconds
[2022-06-16T20:27:38.519+0000][7344][safepoint    ] Application time: 0.0000411 seconds
[2022-06-16T20:27:38.519+0000][7344][safepoint    ] Entering safepoint region: RevokeBias
[2022-06-16T20:27:38.519+0000][7344][safepoint    ] Leaving safepoint region
[2022-06-16T20:27:38.519+0000][7344][safepoint    ] Total time for which application threads were stopped: 0.0000659 seconds, Stopping threads took: 0.0000203 seconds
[2022-06-16T20:27:38.519+0000][7344][safepoint    ] Application time: 0.0001238 seconds
[2022-06-16T20:27:38.519+0000][7344][safepoint    ] Entering safepoint region: RevokeBias
[2022-06-16T20:27:38.519+0000][7344][safepoint    ] Leaving safepoint region
[2022-06-16T20:27:38.519+0000][7344][safepoint    ] Total time for which application threads were stopped: 0.0000605 seconds, Stopping threads took: 0.0000169 seconds
[2022-06-16T20:27:38.519+0000][7344][safepoint    ] Application time: 0.0000400 seconds
[2022-06-16T20:27:38.519+0000][7344][safepoint    ] Entering safepoint region: RevokeBias
[2022-06-16T20:27:38.519+0000][7344][safepoint    ] Leaving safepoint region
[2022-06-16T20:27:38.519+0000][7344][safepoint    ] Total time for which application threads were stopped: 0.0000598 seconds, Stopping threads took: 0.0000169 seconds
[2022-06-16T20:27:38.644+0000][7344][safepoint    ] Application time: 0.1253803 seconds
[2022-06-16T20:27:38.644+0000][7344][safepoint    ] Entering safepoint region: Deoptimize
[2022-06-16T20:27:38.644+0000][7344][safepoint    ] Leaving safepoint region
[2022-06-16T20:27:38.644+0000][7344][safepoint    ] Total time for which application threads were stopped: 0.0007597 seconds, Stopping threads took: 0.0000230 seconds
[2022-06-16T20:27:38.894+0000][7344][safepoint    ] Application time: 0.2532253 seconds
[2022-06-16T20:27:38.894+0000][7344][safepoint    ] Entering safepoint region: Deoptimize
[2022-06-16T20:27:38.894+0000][7344][safepoint    ] Leaving safepoint region
[2022-06-16T20:27:38.894+0000][7344][safepoint    ] Total time for which application threads were stopped: 0.0008348 seconds, Stopping threads took: 0.0000281 seconds
[2022-06-16T20:27:38.925+0000][7344][safepoint    ] Application time: 0.0292545 seconds
[2022-06-16T20:27:38.925+0000][7344][safepoint    ] Entering safepoint region: RevokeBias
[2022-06-16T20:27:38.925+0000][7344][safepoint    ] Leaving safepoint region
[2022-06-16T20:27:38.925+0000][7344][safepoint    ] Total time for which application threads were stopped: 0.0000922 seconds, Stopping threads took: 0.0000262 seconds
[2022-06-16T20:27:39.394+0000][7344][safepoint    ] Application time: 0.4759334 seconds
[2022-06-16T20:27:39.394+0000][7344][safepoint    ] Entering safepoint region: RevokeBias
[2022-06-16T20:27:39.394+0000][7344][safepoint    ] Leaving safepoint region
[2022-06-16T20:27:39.394+0000][7344][safepoint    ] Total time for which application threads were stopped: 0.0004505 seconds, Stopping threads took: 0.0003588 seconds
[2022-06-16T20:27:39.394+0000][7344][safepoint    ] Application time: 0.0002243 seconds
[2022-06-16T20:27:39.394+0000][7344][safepoint    ] Entering safepoint region: RevokeBias
[2022-06-16T20:27:39.394+0000][7344][safepoint    ] Leaving safepoint region
[2022-06-16T20:27:39.394+0000][7344][safepoint    ] Total time for which application threads were stopped: 0.0001165 seconds, Stopping threads took: 0.0000563 seconds
[2022-06-16T20:27:39.394+0000][7344][safepoint    ] Application time: 0.0000742 seconds
[2022-06-16T20:27:39.394+0000][7344][safepoint    ] Entering safepoint region: RevokeBias
[2022-06-16T20:27:39.394+0000][7344][safepoint    ] Leaving safepoint region
[2022-06-16T20:27:39.394+0000][7344][safepoint    ] Total time for which application threads were stopped: 0.0001736 seconds, Stopping threads took: 0.0001212 seconds
[2022-06-16T20:27:39.410+0000][7344][safepoint    ] Application time: 0.0147516 seconds
[2022-06-16T20:27:39.410+0000][7344][safepoint    ] Entering safepoint region: RevokeBias
[2022-06-16T20:27:39.410+0000][7344][safepoint    ] Leaving safepoint region
[2022-06-16T20:27:39.410+0000][7344][safepoint    ] Total time for which application threads were stopped: 0.0000917 seconds, Stopping threads took: 0.0000336 seconds
[2022-06-16T20:27:39.410+0000][7344][safepoint    ] Application time: 0.0005390 seconds
[2022-06-16T20:27:39.425+0000][7344][safepoint    ] Entering safepoint region: RevokeBias
[2022-06-16T20:27:39.425+0000][7344][safepoint    ] Leaving safepoint region
[2022-06-16T20:27:39.425+0000][7344][safepoint    ] Total time for which application threads were stopped: 0.0103873 seconds, Stopping threads took: 0.0103186 seconds
[2022-06-16T20:27:39.425+0000][7344][safepoint    ] Application time: 0.0055255 seconds
[2022-06-16T20:27:39.425+0000][7344][safepoint    ] Entering safepoint region: RevokeBias
[2022-06-16T20:27:39.425+0000][7344][safepoint    ] Leaving safepoint region
[2022-06-16T20:27:39.425+0000][7344][safepoint    ] Total time for which application threads were stopped: 0.0006752 seconds, Stopping threads took: 0.0005906 seconds
[2022-06-16T20:27:39.425+0000][7344][safepoint    ] Application time: 0.0001839 seconds
[2022-06-16T20:27:39.425+0000][7344][safepoint    ] Entering safepoint region: RevokeBias
[2022-06-16T20:27:39.425+0000][7344][safepoint    ] Leaving safepoint region
[2022-06-16T20:27:39.425+0000][7344][safepoint    ] Total time for which application threads were stopped: 0.0000777 seconds, Stopping threads took: 0.0000189 seconds
[2022-06-16T20:27:39.441+0000][7344][safepoint    ] Application time: 0.0014768 seconds
[2022-06-16T20:27:39.441+0000][7344][safepoint    ] Entering safepoint region: RevokeBias
[2022-06-16T20:27:39.441+0000][7344][safepoint    ] Leaving safepoint region
[2022-06-16T20:27:39.441+0000][7344][safepoint    ] Total time for which application threads were stopped: 0.0001671 seconds, Stopping threads took: 0.0000694 seconds
[2022-06-16T20:27:39.441+0000][7344][safepoint    ] Application time: 0.0000243 seconds
[2022-06-16T20:27:39.441+0000][7344][safepoint    ] Entering safepoint region: RevokeBias
[2022-06-16T20:27:39.441+0000][7344][safepoint    ] Leaving safepoint region
[2022-06-16T20:27:39.441+0000][7344][safepoint    ] Total time for which application threads were stopped: 0.0000927 seconds, Stopping threads took: 0.0000179 seconds
[2022-06-16T20:27:39.441+0000][7344][safepoint    ] Application time: 0.0003032 seconds
[2022-06-16T20:27:39.441+0000][7344][safepoint    ] Entering safepoint region: RevokeBias
[2022-06-16T20:27:39.441+0000][7344][safepoint    ] Leaving safepoint region
[2022-06-16T20:27:39.441+0000][7344][safepoint    ] Total time for which application threads were stopped: 0.0000935 seconds, Stopping threads took: 0.0000227 seconds
[2022-06-16T20:27:39.441+0000][7344][safepoint    ] Application time: 0.0001862 seconds
[2022-06-16T20:27:39.441+0000][7344][safepoint    ] Entering safepoint region: RevokeBias
[2022-06-16T20:27:39.441+0000][7344][safepoint    ] Leaving safepoint region
[2022-06-16T20:27:39.441+0000][7344][safepoint    ] Total time for which application threads were stopped: 0.0001122 seconds, Stopping threads took: 0.0000342 seconds
[2022-06-16T20:27:39.441+0000][7344][safepoint    ] Application time: 0.0001382 seconds
[2022-06-16T20:27:39.441+0000][7344][safepoint    ] Entering safepoint region: RevokeBias
[2022-06-16T20:27:39.441+0000][7344][safepoint    ] Leaving safepoint region
[2022-06-16T20:27:39.441+0000][7344][safepoint    ] Total time for which application threads were stopped: 0.0001348 seconds, Stopping threads took: 0.0000241 seconds
[2022-06-16T20:27:39.441+0000][7344][safepoint    ] Application time: 0.0001418 seconds
[2022-06-16T20:27:39.441+0000][7344][safepoint    ] Entering safepoint region: RevokeBias
[2022-06-16T20:27:39.441+0000][7344][safepoint    ] Leaving safepoint region
[2022-06-16T20:27:39.441+0000][7344][safepoint    ] Total time for which application threads were stopped: 0.0000964 seconds, Stopping threads took: 0.0000229 seconds
[2022-06-16T20:27:39.441+0000][7344][safepoint    ] Application time: 0.0001885 seconds
[2022-06-16T20:27:39.441+0000][7344][safepoint    ] Entering safepoint region: RevokeBias
[2022-06-16T20:27:39.441+0000][7344][safepoint    ] Leaving safepoint region
[2022-06-16T20:27:39.441+0000][7344][safepoint    ] Total time for which application threads were stopped: 0.0004553 seconds, Stopping threads took: 0.0000178 seconds
[2022-06-16T20:27:39.441+0000][7344][safepoint    ] Application time: 0.0000615 seconds
[2022-06-16T20:27:39.441+0000][7344][safepoint    ] Entering safepoint region: RevokeBias
[2022-06-16T20:27:39.441+0000][7344][safepoint    ] Leaving safepoint region
[2022-06-16T20:27:39.441+0000][7344][safepoint    ] Total time for which application threads were stopped: 0.0004075 seconds, Stopping threads took: 0.0003401 seconds
[2022-06-16T20:27:39.441+0000][7344][safepoint    ] Application time: 0.0008860 seconds
[2022-06-16T20:27:39.441+0000][7344][safepoint    ] Entering safepoint region: RevokeBias
[2022-06-16T20:27:39.441+0000][7344][safepoint    ] Leaving safepoint region
[2022-06-16T20:27:39.441+0000][7344][safepoint    ] Total time for which application threads were stopped: 0.0001101 seconds, Stopping threads took: 0.0000357 seconds
[2022-06-16T20:27:39.441+0000][7344][safepoint    ] Application time: 0.0000473 seconds
[2022-06-16T20:27:39.441+0000][7344][safepoint    ] Entering safepoint region: RevokeBias
[2022-06-16T20:27:39.441+0000][7344][safepoint    ] Leaving safepoint region
[2022-06-16T20:27:39.441+0000][7344][safepoint    ] Total time for which application threads were stopped: 0.0001195 seconds, Stopping threads took: 0.0000484 seconds
[2022-06-16T20:27:39.441+0000][7344][safepoint    ] Application time: 0.0001105 seconds
[2022-06-16T20:27:39.441+0000][7344][safepoint    ] Entering safepoint region: RevokeBias
[2022-06-16T20:27:39.441+0000][7344][safepoint    ] Leaving safepoint region
[2022-06-16T20:27:39.441+0000][7344][safepoint    ] Total time for which application threads were stopped: 0.0002403 seconds, Stopping threads took: 0.0001712 seconds
[2022-06-16T20:27:39.441+0000][7344][safepoint    ] Application time: 0.0010463 seconds
[2022-06-16T20:27:39.441+0000][7344][safepoint    ] Entering safepoint region: RevokeBias
[2022-06-16T20:27:39.441+0000][7344][safepoint    ] Leaving safepoint region
[2022-06-16T20:27:39.441+0000][7344][safepoint    ] Total time for which application threads were stopped: 0.0002330 seconds, Stopping threads took: 0.0001018 seconds
[2022-06-16T20:27:39.441+0000][7344][safepoint    ] Application time: 0.0001113 seconds
[2022-06-16T20:27:39.441+0000][7344][safepoint    ] Entering safepoint region: RevokeBias
[2022-06-16T20:27:39.441+0000][7344][safepoint    ] Leaving safepoint region
[2022-06-16T20:27:39.441+0000][7344][safepoint    ] Total time for which application threads were stopped: 0.0000992 seconds, Stopping threads took: 0.0000254 seconds
[2022-06-16T20:27:39.441+0000][7344][safepoint    ] Application time: 0.0004488 seconds
[2022-06-16T20:27:39.441+0000][7344][safepoint    ] Entering safepoint region: RevokeBias
[2022-06-16T20:27:39.441+0000][7344][safepoint    ] Leaving safepoint region
[2022-06-16T20:27:39.441+0000][7344][safepoint    ] Total time for which application threads were stopped: 0.0002465 seconds, Stopping threads took: 0.0001359 seconds
[2022-06-16T20:27:39.441+0000][7344][safepoint    ] Application time: 0.0009448 seconds
[2022-06-16T20:27:39.441+0000][7344][safepoint    ] Entering safepoint region: RevokeBias
[2022-06-16T20:27:39.441+0000][7344][safepoint    ] Leaving safepoint region
[2022-06-16T20:27:39.441+0000][7344][safepoint    ] Total time for which application threads were stopped: 0.0065941 seconds, Stopping threads took: 0.0060101 seconds
[2022-06-16T20:27:39.457+0000][7344][safepoint    ] Application time: 0.0020969 seconds
[2022-06-16T20:27:39.503+0000][7344][safepoint    ] Entering safepoint region: BulkRevokeBias
[2022-06-16T20:27:39.503+0000][7344][safepoint    ] Leaving safepoint region
[2022-06-16T20:27:39.503+0000][7344][safepoint    ] Total time for which application threads were stopped: 0.0464998 seconds, Stopping threads took: 0.0458644 seconds
[2022-06-16T20:27:39.503+0000][7344][safepoint    ] Application time: 0.0014870 seconds
[2022-06-16T20:27:39.503+0000][7344][safepoint    ] Entering safepoint region: RevokeBias
[2022-06-16T20:27:39.503+0000][7344][safepoint    ] Leaving safepoint region
[2022-06-16T20:27:39.503+0000][7344][safepoint    ] Total time for which application threads were stopped: 0.0002624 seconds, Stopping threads took: 0.0001520 seconds
[2022-06-16T20:27:39.503+0000][7344][safepoint    ] Application time: 0.0001615 seconds
[2022-06-16T20:27:39.503+0000][7344][safepoint    ] Entering safepoint region: RevokeBias
[2022-06-16T20:27:39.503+0000][7344][safepoint    ] Leaving safepoint region
[2022-06-16T20:27:39.503+0000][7344][safepoint    ] Total time for which application threads were stopped: 0.0001407 seconds, Stopping threads took: 0.0000443 seconds
[2022-06-16T20:27:39.503+0000][7344][safepoint    ] Application time: 0.0003679 seconds
[2022-06-16T20:27:39.503+0000][7344][safepoint    ] Entering safepoint region: RevokeBias
[2022-06-16T20:27:39.503+0000][7344][safepoint    ] Leaving safepoint region
[2022-06-16T20:27:39.503+0000][7344][safepoint    ] Total time for which application threads were stopped: 0.0001019 seconds, Stopping threads took: 0.0000265 seconds
[2022-06-16T20:27:39.503+0000][7344][safepoint    ] Application time: 0.0000244 seconds
[2022-06-16T20:27:39.503+0000][7344][safepoint    ] Entering safepoint region: RevokeBias
[2022-06-16T20:27:39.503+0000][7344][safepoint    ] Leaving safepoint region
[2022-06-16T20:27:39.503+0000][7344][safepoint    ] Total time for which application threads were stopped: 0.0000922 seconds, Stopping threads took: 0.0000254 seconds
[2022-06-16T20:27:39.503+0000][7344][safepoint    ] Application time: 0.0012292 seconds
[2022-06-16T20:27:39.503+0000][7344][safepoint    ] Entering safepoint region: RevokeBias
[2022-06-16T20:27:39.503+0000][7344][safepoint    ] Leaving safepoint region
[2022-06-16T20:27:39.503+0000][7344][safepoint    ] Total time for which application threads were stopped: 0.0001212 seconds, Stopping threads took: 0.0000377 seconds
[2022-06-16T20:27:39.503+0000][7344][safepoint    ] Application time: 0.0000527 seconds
[2022-06-16T20:27:39.503+0000][7344][safepoint    ] Entering safepoint region: RevokeBias
[2022-06-16T20:27:39.503+0000][7344][safepoint    ] Leaving safepoint region
[2022-06-16T20:27:39.503+0000][7344][safepoint    ] Total time for which application threads were stopped: 0.0001140 seconds, Stopping threads took: 0.0000379 seconds
[2022-06-16T20:27:39.503+0000][7344][safepoint    ] Application time: 0.0028097 seconds
[2022-06-16T20:27:39.503+0000][7344][safepoint    ] Entering safepoint region: RevokeBias
[2022-06-16T20:27:39.503+0000][7344][safepoint    ] Leaving safepoint region
[2022-06-16T20:27:39.503+0000][7344][safepoint    ] Total time for which application threads were stopped: 0.0001156 seconds, Stopping threads took: 0.0000336 seconds
[2022-06-16T20:27:39.503+0000][7344][safepoint    ] Application time: 0.0000282 seconds
[2022-06-16T20:27:39.503+0000][7344][safepoint    ] Entering safepoint region: RevokeBias
[2022-06-16T20:27:39.503+0000][7344][safepoint    ] Leaving safepoint region
[2022-06-16T20:27:39.503+0000][7344][safepoint    ] Total time for which application threads were stopped: 0.0000987 seconds, Stopping threads took: 0.0000303 seconds
[2022-06-16T20:27:39.503+0000][7344][safepoint    ] Application time: 0.0008141 seconds
[2022-06-16T20:27:39.503+0000][7344][safepoint    ] Entering safepoint region: RevokeBias
[2022-06-16T20:27:39.503+0000][7344][safepoint    ] Leaving safepoint region
[2022-06-16T20:27:39.503+0000][7344][safepoint    ] Total time for which application threads were stopped: 0.0001043 seconds, Stopping threads took: 0.0000294 seconds
[2022-06-16T20:27:39.503+0000][7344][safepoint    ] Application time: 0.0002245 seconds
[2022-06-16T20:27:39.503+0000][7344][safepoint    ] Entering safepoint region: RevokeBias
[2022-06-16T20:27:39.503+0000][7344][safepoint    ] Leaving safepoint region
[2022-06-16T20:27:39.503+0000][7344][safepoint    ] Total time for which application threads were stopped: 0.0001296 seconds, Stopping threads took: 0.0000578 seconds
[2022-06-16T20:27:39.503+0000][7344][safepoint    ] Application time: 0.0008818 seconds
[2022-06-16T20:27:39.503+0000][7344][safepoint    ] Entering safepoint region: RevokeBias
[2022-06-16T20:27:39.503+0000][7344][safepoint    ] Leaving safepoint region
[2022-06-16T20:27:39.503+0000][7344][safepoint    ] Total time for which application threads were stopped: 0.0001265 seconds, Stopping threads took: 0.0000587 seconds
[2022-06-16T20:27:39.503+0000][7344][safepoint    ] Application time: 0.0026152 seconds
[2022-06-16T20:27:39.503+0000][7344][safepoint    ] Entering safepoint region: RevokeBias
[2022-06-16T20:27:39.503+0000][7344][safepoint    ] Leaving safepoint region
[2022-06-16T20:27:39.503+0000][7344][safepoint    ] Total time for which application threads were stopped: 0.0001437 seconds, Stopping threads took: 0.0000449 seconds
[2022-06-16T20:27:39.503+0000][7344][safepoint    ] Application time: 0.0000922 seconds
[2022-06-16T20:27:39.503+0000][7344][safepoint    ] Entering safepoint region: RevokeBias
[2022-06-16T20:27:39.503+0000][7344][safepoint    ] Leaving safepoint region
[2022-06-16T20:27:39.503+0000][7344][safepoint    ] Total time for which application threads were stopped: 0.0003345 seconds, Stopping threads took: 0.0002465 seconds
[2022-06-16T20:27:39.519+0000][7344][safepoint    ] Application time: 0.0043421 seconds
[2022-06-16T20:27:39.519+0000][7344][safepoint    ] Entering safepoint region: RevokeBias
[2022-06-16T20:27:39.519+0000][7344][safepoint    ] Leaving safepoint region
[2022-06-16T20:27:39.519+0000][7344][safepoint    ] Total time for which application threads were stopped: 0.0001970 seconds, Stopping threads took: 0.0001021 seconds
[2022-06-16T20:27:39.519+0000][7344][safepoint    ] Application time: 0.0012369 seconds
[2022-06-16T20:27:39.519+0000][7344][safepoint    ] Entering safepoint region: RevokeBias
[2022-06-16T20:27:39.519+0000][7344][safepoint    ] Leaving safepoint region
[2022-06-16T20:27:39.519+0000][7344][safepoint    ] Total time for which application threads were stopped: 0.0000951 seconds, Stopping threads took: 0.0000191 seconds
[2022-06-16T20:27:39.519+0000][7344][safepoint    ] Application time: 0.0050451 seconds
[2022-06-16T20:27:39.519+0000][7344][safepoint    ] Entering safepoint region: RevokeBias
[2022-06-16T20:27:39.519+0000][7344][safepoint    ] Leaving safepoint region
[2022-06-16T20:27:39.519+0000][7344][safepoint    ] Total time for which application threads were stopped: 0.0001134 seconds, Stopping threads took: 0.0000256 seconds
[2022-06-16T20:27:39.519+0000][7344][safepoint    ] Application time: 0.0008444 seconds
[2022-06-16T20:27:39.519+0000][7344][safepoint    ] Entering safepoint region: RevokeBias
[2022-06-16T20:27:39.519+0000][7344][safepoint    ] Leaving safepoint region
[2022-06-16T20:27:39.519+0000][7344][safepoint    ] Total time for which application threads were stopped: 0.0001169 seconds, Stopping threads took: 0.0000255 seconds
[2022-06-16T20:27:39.519+0000][7344][safepoint    ] Application time: 0.0006855 seconds
[2022-06-16T20:27:39.519+0000][7344][safepoint    ] Entering safepoint region: RevokeBias
[2022-06-16T20:27:39.519+0000][7344][safepoint    ] Leaving safepoint region
[2022-06-16T20:27:39.519+0000][7344][safepoint    ] Total time for which application threads were stopped: 0.0001805 seconds, Stopping threads took: 0.0000258 seconds
[2022-06-16T20:27:39.519+0000][7344][safepoint    ] Application time: 0.0010561 seconds
[2022-06-16T20:27:39.519+0000][7344][safepoint    ] Entering safepoint region: RevokeBias
[2022-06-16T20:27:39.519+0000][7344][safepoint    ] Leaving safepoint region
[2022-06-16T20:27:39.519+0000][7344][safepoint    ] Total time for which application threads were stopped: 0.0001993 seconds, Stopping threads took: 0.0000269 seconds
[2022-06-16T20:27:39.535+0000][7344][safepoint    ] Application time: 0.0027637 seconds
[2022-06-16T20:27:39.535+0000][7344][safepoint    ] Entering safepoint region: RevokeBias
[2022-06-16T20:27:39.535+0000][7344][safepoint    ] Leaving safepoint region
[2022-06-16T20:27:39.535+0000][7344][safepoint    ] Total time for which application threads were stopped: 0.0001163 seconds, Stopping threads took: 0.0000271 seconds
[2022-06-16T20:27:39.535+0000][7344][safepoint    ] Application time: 0.0032007 seconds
[2022-06-16T20:27:39.535+0000][7344][safepoint    ] Entering safepoint region: RevokeBias
[2022-06-16T20:27:39.535+0000][7344][safepoint    ] Leaving safepoint region
[2022-06-16T20:27:39.535+0000][7344][safepoint    ] Total time for which application threads were stopped: 0.0001211 seconds, Stopping threads took: 0.0000282 seconds
[2022-06-16T20:27:39.535+0000][7344][safepoint    ] Application time: 0.0000348 seconds
[2022-06-16T20:27:39.535+0000][7344][safepoint    ] Entering safepoint region: RevokeBias
[2022-06-16T20:27:39.535+0000][7344][safepoint    ] Leaving safepoint region
[2022-06-16T20:27:39.535+0000][7344][safepoint    ] Total time for which application threads were stopped: 0.0003483 seconds, Stopping threads took: 0.0002928 seconds
[2022-06-16T20:27:39.535+0000][7344][safepoint    ] Application time: 0.0002872 seconds
[2022-06-16T20:27:39.535+0000][7344][safepoint    ] Entering safepoint region: RevokeBias
[2022-06-16T20:27:39.535+0000][7344][safepoint    ] Leaving safepoint region
[2022-06-16T20:27:39.535+0000][7344][safepoint    ] Total time for which application threads were stopped: 0.0000830 seconds, Stopping threads took: 0.0000192 seconds
[2022-06-16T20:27:39.535+0000][7344][safepoint    ] Application time: 0.0000762 seconds
[2022-06-16T20:27:39.535+0000][7344][safepoint    ] Entering safepoint region: RevokeBias
[2022-06-16T20:27:39.535+0000][7344][safepoint    ] Leaving safepoint region
[2022-06-16T20:27:39.535+0000][7344][safepoint    ] Total time for which application threads were stopped: 0.0000708 seconds, Stopping threads took: 0.0000209 seconds
[2022-06-16T20:27:39.535+0000][7344][safepoint    ] Application time: 0.0000233 seconds
[2022-06-16T20:27:39.535+0000][7344][safepoint    ] Entering safepoint region: RevokeBias
[2022-06-16T20:27:39.535+0000][7344][safepoint    ] Leaving safepoint region
[2022-06-16T20:27:39.535+0000][7344][safepoint    ] Total time for which application threads were stopped: 0.0000657 seconds, Stopping threads took: 0.0000193 seconds
[2022-06-16T20:27:39.535+0000][7344][safepoint    ] Application time: 0.0000187 seconds
[2022-06-16T20:27:39.535+0000][7344][safepoint    ] Entering safepoint region: RevokeBias
[2022-06-16T20:27:39.535+0000][7344][safepoint    ] Leaving safepoint region
[2022-06-16T20:27:39.535+0000][7344][safepoint    ] Total time for which application threads were stopped: 0.0000596 seconds, Stopping threads took: 0.0000195 seconds
[2022-06-16T20:27:39.535+0000][7344][safepoint    ] Application time: 0.0002448 seconds
[2022-06-16T20:27:39.535+0000][7344][safepoint    ] Entering safepoint region: RevokeBias
[2022-06-16T20:27:39.535+0000][7344][safepoint    ] Leaving safepoint region
[2022-06-16T20:27:39.535+0000][7344][safepoint    ] Total time for which application threads were stopped: 0.0003418 seconds, Stopping threads took: 0.0002831 seconds
[2022-06-16T20:27:39.535+0000][7344][safepoint    ] Application time: 0.0009623 seconds
[2022-06-16T20:27:39.535+0000][7344][safepoint    ] Entering safepoint region: RevokeBias
[2022-06-16T20:27:39.535+0000][7344][safepoint    ] Leaving safepoint region
[2022-06-16T20:27:39.535+0000][7344][safepoint    ] Total time for which application threads were stopped: 0.0000830 seconds, Stopping threads took: 0.0000240 seconds
[2022-06-16T20:27:39.535+0000][7344][safepoint    ] Application time: 0.0004839 seconds
[2022-06-16T20:27:39.535+0000][7344][safepoint    ] Entering safepoint region: RevokeBias
[2022-06-16T20:27:39.535+0000][7344][safepoint    ] Leaving safepoint region
[2022-06-16T20:27:39.535+0000][7344][safepoint    ] Total time for which application threads were stopped: 0.0001070 seconds, Stopping threads took: 0.0000457 seconds
[2022-06-16T20:27:39.535+0000][7344][safepoint    ] Application time: 0.0009532 seconds
[2022-06-16T20:27:39.535+0000][7344][safepoint    ] Entering safepoint region: RevokeBias
[2022-06-16T20:27:39.535+0000][7344][safepoint    ] Leaving safepoint region
[2022-06-16T20:27:39.535+0000][7344][safepoint    ] Total time for which application threads were stopped: 0.0001027 seconds, Stopping threads took: 0.0000437 seconds
[2022-06-16T20:27:39.535+0000][7344][safepoint    ] Application time: 0.0007570 seconds
[2022-06-16T20:27:39.535+0000][7344][safepoint    ] Entering safepoint region: RevokeBias
[2022-06-16T20:27:39.535+0000][7344][safepoint    ] Leaving safepoint region
[2022-06-16T20:27:39.535+0000][7344][safepoint    ] Total time for which application threads were stopped: 0.0001157 seconds, Stopping threads took: 0.0000568 seconds
[2022-06-16T20:27:39.535+0000][7344][safepoint    ] Application time: 0.0000862 seconds
[2022-06-16T20:27:39.535+0000][7344][safepoint    ] Entering safepoint region: RevokeBias
[2022-06-16T20:27:39.535+0000][7344][safepoint    ] Leaving safepoint region
[2022-06-16T20:27:39.535+0000][7344][safepoint    ] Total time for which application threads were stopped: 0.0000680 seconds, Stopping threads took: 0.0000177 seconds
[2022-06-16T20:27:39.535+0000][7344][safepoint    ] Application time: 0.0003441 seconds
[2022-06-16T20:27:39.535+0000][7344][safepoint    ] Entering safepoint region: RevokeBias
[2022-06-16T20:27:39.535+0000][7344][safepoint    ] Leaving safepoint region
[2022-06-16T20:27:39.535+0000][7344][safepoint    ] Total time for which application threads were stopped: 0.0000830 seconds, Stopping threads took: 0.0000238 seconds
[2022-06-16T20:27:39.535+0000][7344][safepoint    ] Application time: 0.0003122 seconds
[2022-06-16T20:27:39.535+0000][7344][safepoint    ] Entering safepoint region: RevokeBias
[2022-06-16T20:27:39.535+0000][7344][safepoint    ] Leaving safepoint region
[2022-06-16T20:27:39.535+0000][7344][safepoint    ] Total time for which application threads were stopped: 0.0000792 seconds, Stopping threads took: 0.0000230 seconds
[2022-06-16T20:27:39.535+0000][7344][safepoint    ] Application time: 0.0002634 seconds
[2022-06-16T20:27:39.535+0000][7344][safepoint    ] Entering safepoint region: RevokeBias
[2022-06-16T20:27:39.535+0000][7344][safepoint    ] Leaving safepoint region
[2022-06-16T20:27:39.535+0000][7344][safepoint    ] Total time for which application threads were stopped: 0.0000793 seconds, Stopping threads took: 0.0000229 seconds
[2022-06-16T20:27:39.535+0000][7344][safepoint    ] Application time: 0.0006060 seconds
[2022-06-16T20:27:39.535+0000][7344][safepoint    ] Entering safepoint region: RevokeBias
[2022-06-16T20:27:39.535+0000][7344][safepoint    ] Leaving safepoint region
[2022-06-16T20:27:39.535+0000][7344][safepoint    ] Total time for which application threads were stopped: 0.0000756 seconds, Stopping threads took: 0.0000226 seconds
[2022-06-16T20:27:39.535+0000][7344][safepoint    ] Application time: 0.0004171 seconds
[2022-06-16T20:27:39.535+0000][7344][safepoint    ] Entering safepoint region: RevokeBias
[2022-06-16T20:27:39.535+0000][7344][safepoint    ] Leaving safepoint region
[2022-06-16T20:27:39.535+0000][7344][safepoint    ] Total time for which application threads were stopped: 0.0000819 seconds, Stopping threads took: 0.0000238 seconds
[2022-06-16T20:27:39.550+0000][7344][safepoint    ] Application time: 0.0072287 seconds
[2022-06-16T20:27:39.550+0000][7344][safepoint    ] Entering safepoint region: RevokeBias
[2022-06-16T20:27:39.550+0000][7344][safepoint    ] Leaving safepoint region
[2022-06-16T20:27:39.550+0000][7344][safepoint    ] Total time for which application threads were stopped: 0.0004464 seconds, Stopping threads took: 0.0003794 seconds
[2022-06-16T20:27:39.550+0000][7344][safepoint    ] Application time: 0.0002815 seconds
[2022-06-16T20:27:39.550+0000][7344][safepoint    ] Entering safepoint region: RevokeBias
[2022-06-16T20:27:39.550+0000][7344][safepoint    ] Leaving safepoint region
[2022-06-16T20:27:39.550+0000][7344][safepoint    ] Total time for which application threads were stopped: 0.0000840 seconds, Stopping threads took: 0.0000233 seconds
[2022-06-16T20:27:39.550+0000][7344][safepoint    ] Application time: 0.0082265 seconds
[2022-06-16T20:27:39.550+0000][7344][safepoint    ] Entering safepoint region: RevokeBias
[2022-06-16T20:27:39.550+0000][7344][safepoint    ] Leaving safepoint region
[2022-06-16T20:27:39.550+0000][7344][safepoint    ] Total time for which application threads were stopped: 0.0001092 seconds, Stopping threads took: 0.0000406 seconds
[2022-06-16T20:27:39.566+0000][7344][safepoint    ] Application time: 0.0116687 seconds
[2022-06-16T20:27:39.566+0000][7344][safepoint    ] Entering safepoint region: RevokeBias
[2022-06-16T20:27:39.566+0000][7344][safepoint    ] Leaving safepoint region
[2022-06-16T20:27:39.566+0000][7344][safepoint    ] Total time for which application threads were stopped: 0.0002202 seconds, Stopping threads took: 0.0001489 seconds
[2022-06-16T20:27:39.597+0000][7344][safepoint    ] Application time: 0.0291063 seconds
[2022-06-16T20:27:39.597+0000][7344][safepoint    ] Entering safepoint region: RevokeBias
[2022-06-16T20:27:39.597+0000][7344][safepoint    ] Leaving safepoint region
[2022-06-16T20:27:39.597+0000][7344][safepoint    ] Total time for which application threads were stopped: 0.0001058 seconds, Stopping threads took: 0.0000281 seconds
[2022-06-16T20:27:39.597+0000][7344][safepoint    ] Application time: 0.0072935 seconds
[2022-06-16T20:27:39.597+0000][7344][safepoint    ] Entering safepoint region: RevokeBias
[2022-06-16T20:27:39.597+0000][7344][safepoint    ] Leaving safepoint region
[2022-06-16T20:27:39.597+0000][7344][safepoint    ] Total time for which application threads were stopped: 0.0001074 seconds, Stopping threads took: 0.0000248 seconds
[2022-06-16T20:27:39.613+0000][7344][safepoint    ] Application time: 0.0061648 seconds
[2022-06-16T20:27:39.613+0000][7344][safepoint    ] Entering safepoint region: RevokeBias
[2022-06-16T20:27:39.613+0000][7344][safepoint    ] Leaving safepoint region
[2022-06-16T20:27:39.613+0000][7344][safepoint    ] Total time for which application threads were stopped: 0.0001031 seconds, Stopping threads took: 0.0000247 seconds
[2022-06-16T20:27:39.628+0000][7344][safepoint    ] Application time: 0.0134859 seconds
[2022-06-16T20:27:39.628+0000][7344][safepoint    ] Entering safepoint region: RevokeBias
[2022-06-16T20:27:39.628+0000][7344][safepoint    ] Leaving safepoint region
[2022-06-16T20:27:39.628+0000][7344][safepoint    ] Total time for which application threads were stopped: 0.0001100 seconds, Stopping threads took: 0.0000283 seconds
[2022-06-16T20:27:39.628+0000][7344][safepoint    ] Application time: 0.0014152 seconds
[2022-06-16T20:27:39.628+0000][7344][safepoint    ] Entering safepoint region: RevokeBias
[2022-06-16T20:27:39.628+0000][7344][safepoint    ] Leaving safepoint region
[2022-06-16T20:27:39.628+0000][7344][safepoint    ] Total time for which application threads were stopped: 0.0000986 seconds, Stopping threads took: 0.0000258 seconds
[2022-06-16T20:27:39.628+0000][7344][safepoint    ] Application time: 0.0000529 seconds
[2022-06-16T20:27:39.628+0000][7344][safepoint    ] Entering safepoint region: RevokeBias
[2022-06-16T20:27:39.628+0000][7344][safepoint    ] Leaving safepoint region
[2022-06-16T20:27:39.628+0000][7344][safepoint    ] Total time for which application threads were stopped: 0.0000708 seconds, Stopping threads took: 0.0000195 seconds
[2022-06-16T20:27:39.628+0000][7344][safepoint    ] Application time: 0.0000152 seconds
[2022-06-16T20:27:39.628+0000][7344][safepoint    ] Entering safepoint region: RevokeBias
[2022-06-16T20:27:39.628+0000][7344][safepoint    ] Leaving safepoint region
[2022-06-16T20:27:39.628+0000][7344][safepoint    ] Total time for which application threads were stopped: 0.0000724 seconds, Stopping threads took: 0.0000198 seconds
[2022-06-16T20:27:39.628+0000][7344][safepoint    ] Application time: 0.0001075 seconds
[2022-06-16T20:27:39.628+0000][7344][safepoint    ] Entering safepoint region: RevokeBias
[2022-06-16T20:27:39.628+0000][7344][safepoint    ] Leaving safepoint region
[2022-06-16T20:27:39.628+0000][7344][safepoint    ] Total time for which application threads were stopped: 0.0000908 seconds, Stopping threads took: 0.0000221 seconds
[2022-06-16T20:27:39.628+0000][7344][safepoint    ] Application time: 0.0010378 seconds
[2022-06-16T20:27:39.628+0000][7344][safepoint    ] Entering safepoint region: RevokeBias
[2022-06-16T20:27:39.628+0000][7344][safepoint    ] Leaving safepoint region
[2022-06-16T20:27:39.628+0000][7344][safepoint    ] Total time for which application threads were stopped: 0.0000989 seconds, Stopping threads took: 0.0000256 seconds
[2022-06-16T20:27:39.628+0000][7344][safepoint    ] Application time: 0.0024608 seconds
[2022-06-16T20:27:39.628+0000][7344][safepoint    ] Entering safepoint region: RevokeBias
[2022-06-16T20:27:39.628+0000][7344][safepoint    ] Leaving safepoint region
[2022-06-16T20:27:39.628+0000][7344][safepoint    ] Total time for which application threads were stopped: 0.0000975 seconds, Stopping threads took: 0.0000267 seconds
[2022-06-16T20:27:39.691+0000][7344][safepoint    ] Application time: 0.0677527 seconds
[2022-06-16T20:27:39.691+0000][7344][safepoint    ] Entering safepoint region: RevokeBias
[2022-06-16T20:27:39.691+0000][7344][safepoint    ] Leaving safepoint region
[2022-06-16T20:27:39.691+0000][7344][safepoint    ] Total time for which application threads were stopped: 0.0001341 seconds, Stopping threads took: 0.0000331 seconds
[2022-06-16T20:27:39.707+0000][7344][safepoint    ] Application time: 0.0004396 seconds
[2022-06-16T20:27:39.707+0000][7344][safepoint    ] Entering safepoint region: RevokeBias
[2022-06-16T20:27:39.707+0000][7344][safepoint    ] Leaving safepoint region
[2022-06-16T20:27:39.707+0000][7344][safepoint    ] Total time for which application threads were stopped: 0.0000999 seconds, Stopping threads took: 0.0000228 seconds
[2022-06-16T20:27:39.738+0000][7344][safepoint    ] Application time: 0.0347550 seconds
[2022-06-16T20:27:39.738+0000][7344][safepoint    ] Entering safepoint region: RevokeBias
[2022-06-16T20:27:39.738+0000][7344][safepoint    ] Leaving safepoint region
[2022-06-16T20:27:39.738+0000][7344][safepoint    ] Total time for which application threads were stopped: 0.0001303 seconds, Stopping threads took: 0.0000243 seconds
[2022-06-16T20:27:39.738+0000][7344][safepoint    ] Application time: 0.0106036 seconds
[2022-06-16T20:27:39.738+0000][7344][safepoint    ] Entering safepoint region: RevokeBias
[2022-06-16T20:27:39.738+0000][7344][safepoint    ] Leaving safepoint region
[2022-06-16T20:27:39.738+0000][7344][safepoint    ] Total time for which application threads were stopped: 0.0001378 seconds, Stopping threads took: 0.0000300 seconds
[2022-06-16T20:27:39.816+0000][7344][safepoint    ] Application time: 0.0654850 seconds
[2022-06-16T20:27:39.816+0000][7344][safepoint    ] Entering safepoint region: RevokeBias
[2022-06-16T20:27:39.816+0000][7344][safepoint    ] Leaving safepoint region
[2022-06-16T20:27:39.816+0000][7344][safepoint    ] Total time for which application threads were stopped: 0.0001305 seconds, Stopping threads took: 0.0000295 seconds
[2022-06-16T20:27:39.863+0000][7344][safepoint    ] Application time: 0.0519531 seconds
[2022-06-16T20:27:39.863+0000][7344][safepoint    ] Entering safepoint region: RevokeBias
[2022-06-16T20:27:39.863+0000][7344][safepoint    ] Leaving safepoint region
[2022-06-16T20:27:39.863+0000][7344][safepoint    ] Total time for which application threads were stopped: 0.0002377 seconds, Stopping threads took: 0.0000452 seconds
[2022-06-16T20:27:39.863+0000][7344][safepoint    ] Application time: 0.0000303 seconds
[2022-06-16T20:27:39.863+0000][7344][safepoint    ] Entering safepoint region: RevokeBias
[2022-06-16T20:27:39.863+0000][7344][safepoint    ] Leaving safepoint region
[2022-06-16T20:27:39.863+0000][7344][safepoint    ] Total time for which application threads were stopped: 0.0000993 seconds, Stopping threads took: 0.0000223 seconds
[2022-06-16T20:27:39.878+0000][7344][safepoint    ] Application time: 0.0081351 seconds
[2022-06-16T20:27:39.878+0000][7344][safepoint    ] Entering safepoint region: RevokeBias
[2022-06-16T20:27:39.878+0000][7344][safepoint    ] Leaving safepoint region
[2022-06-16T20:27:39.878+0000][7344][safepoint    ] Total time for which application threads were stopped: 0.0001079 seconds, Stopping threads took: 0.0000281 seconds
[2022-06-16T20:27:39.878+0000][7344][safepoint    ] Application time: 0.0047302 seconds
[2022-06-16T20:27:39.925+0000][7344][safepoint    ] Entering safepoint region: Deoptimize
[2022-06-16T20:27:39.925+0000][7344][safepoint    ] Leaving safepoint region
[2022-06-16T20:27:39.925+0000][7344][safepoint    ] Total time for which application threads were stopped: 0.0476439 seconds, Stopping threads took: 0.0468118 seconds
[2022-06-16T20:27:39.925+0000][7344][safepoint    ] Application time: 0.0023058 seconds
[2022-06-16T20:27:39.925+0000][7344][safepoint    ] Entering safepoint region: RevokeBias
[2022-06-16T20:27:39.925+0000][7344][safepoint    ] Leaving safepoint region
[2022-06-16T20:27:39.925+0000][7344][safepoint    ] Total time for which application threads were stopped: 0.0001908 seconds, Stopping threads took: 0.0000960 seconds
[2022-06-16T20:27:39.925+0000][7344][safepoint    ] Application time: 0.0019068 seconds
[2022-06-16T20:27:39.925+0000][7344][safepoint    ] Entering safepoint region: RevokeBias
[2022-06-16T20:27:39.925+0000][7344][safepoint    ] Leaving safepoint region
[2022-06-16T20:27:39.925+0000][7344][safepoint    ] Total time for which application threads were stopped: 0.0001136 seconds, Stopping threads took: 0.0000213 seconds
[2022-06-16T20:27:39.925+0000][7344][safepoint    ] Application time: 0.0043118 seconds
[2022-06-16T20:27:39.941+0000][7344][safepoint    ] Entering safepoint region: RevokeBias
[2022-06-16T20:27:39.941+0000][7344][safepoint    ] Leaving safepoint region
[2022-06-16T20:27:39.941+0000][7344][safepoint    ] Total time for which application threads were stopped: 0.0013042 seconds, Stopping threads took: 0.0012080 seconds
[2022-06-16T20:27:39.941+0000][7344][safepoint    ] Application time: 0.0064082 seconds
[2022-06-16T20:27:39.941+0000][7344][safepoint    ] Entering safepoint region: RevokeBias
[2022-06-16T20:27:39.941+0000][7344][safepoint    ] Leaving safepoint region
[2022-06-16T20:27:39.941+0000][7344][safepoint    ] Total time for which application threads were stopped: 0.0007683 seconds, Stopping threads took: 0.0006870 seconds
[2022-06-16T20:27:39.941+0000][7344][safepoint    ] Application time: 0.0054795 seconds
[2022-06-16T20:27:39.941+0000][7344][safepoint    ] Entering safepoint region: RevokeBias
[2022-06-16T20:27:39.941+0000][7344][safepoint    ] Leaving safepoint region
[2022-06-16T20:27:39.941+0000][7344][safepoint    ] Total time for which application threads were stopped: 0.0001471 seconds, Stopping threads took: 0.0000610 seconds
[2022-06-16T20:27:39.957+0000][7344][safepoint    ] Application time: 0.0022288 seconds
[2022-06-16T20:27:39.957+0000][7344][safepoint    ] Entering safepoint region: RevokeBias
[2022-06-16T20:27:39.957+0000][7344][safepoint    ] Leaving safepoint region
[2022-06-16T20:27:39.957+0000][7344][safepoint    ] Total time for which application threads were stopped: 0.0000975 seconds, Stopping threads took: 0.0000249 seconds
[2022-06-16T20:27:39.957+0000][7344][safepoint    ] Application time: 0.0000360 seconds
[2022-06-16T20:27:39.957+0000][7344][safepoint    ] Entering safepoint region: RevokeBias
[2022-06-16T20:27:39.957+0000][7344][safepoint    ] Leaving safepoint region
[2022-06-16T20:27:39.957+0000][7344][safepoint    ] Total time for which application threads were stopped: 0.0000804 seconds, Stopping threads took: 0.0000235 seconds
[2022-06-16T20:27:39.957+0000][7344][safepoint    ] Application time: 0.0000298 seconds
[2022-06-16T20:27:39.957+0000][7344][safepoint    ] Entering safepoint region: RevokeBias
[2022-06-16T20:27:39.957+0000][7344][safepoint    ] Leaving safepoint region
[2022-06-16T20:27:39.957+0000][7344][safepoint    ] Total time for which application threads were stopped: 0.0000650 seconds, Stopping threads took: 0.0000144 seconds
[2022-06-16T20:27:39.957+0000][7344][safepoint    ] Application time: 0.0003837 seconds
[2022-06-16T20:27:39.957+0000][7344][safepoint    ] Entering safepoint region: RevokeBias
[2022-06-16T20:27:39.957+0000][7344][safepoint    ] Leaving safepoint region
[2022-06-16T20:27:39.957+0000][7344][safepoint    ] Total time for which application threads were stopped: 0.0000870 seconds, Stopping threads took: 0.0000190 seconds
[2022-06-16T20:27:39.957+0000][7344][safepoint    ] Application time: 0.0140027 seconds
[2022-06-16T20:27:39.957+0000][7344][safepoint    ] Entering safepoint region: RevokeBias
[2022-06-16T20:27:39.957+0000][7344][safepoint    ] Leaving safepoint region
[2022-06-16T20:27:39.957+0000][7344][safepoint    ] Total time for which application threads were stopped: 0.0001120 seconds, Stopping threads took: 0.0000274 seconds
[2022-06-16T20:27:39.957+0000][7344][safepoint    ] Application time: 0.0000187 seconds
[2022-06-16T20:27:39.957+0000][7344][safepoint    ] Entering safepoint region: RevokeBias
[2022-06-16T20:27:39.957+0000][7344][safepoint    ] Leaving safepoint region
[2022-06-16T20:27:39.957+0000][7344][safepoint    ] Total time for which application threads were stopped: 0.0001072 seconds, Stopping threads took: 0.0000406 seconds
[2022-06-16T20:27:40.003+0000][7344][safepoint    ] Application time: 0.0439834 seconds
[2022-06-16T20:27:40.050+0000][7344][safepoint    ] Entering safepoint region: RevokeBias
[2022-06-16T20:27:40.050+0000][7344][safepoint    ] Leaving safepoint region
[2022-06-16T20:27:40.050+0000][7344][safepoint    ] Total time for which application threads were stopped: 0.0390517 seconds, Stopping threads took: 0.0389115 seconds
[2022-06-16T20:27:40.050+0000][7344][safepoint    ] Application time: 0.0039204 seconds
[2022-06-16T20:27:40.050+0000][7344][safepoint    ] Entering safepoint region: RevokeBias
[2022-06-16T20:27:40.050+0000][7344][safepoint    ] Leaving safepoint region
[2022-06-16T20:27:40.050+0000][7344][safepoint    ] Total time for which application threads were stopped: 0.0001710 seconds, Stopping threads took: 0.0000531 seconds
[2022-06-16T20:27:40.050+0000][7344][safepoint    ] Application time: 0.0055282 seconds
[2022-06-16T20:27:40.050+0000][7344][safepoint    ] Entering safepoint region: RevokeBias
[2022-06-16T20:27:40.050+0000][7344][safepoint    ] Leaving safepoint region
[2022-06-16T20:27:40.050+0000][7344][safepoint    ] Total time for which application threads were stopped: 0.0001315 seconds, Stopping threads took: 0.0000243 seconds
[2022-06-16T20:27:40.066+0000][7344][safepoint    ] Application time: 0.0054954 seconds
[2022-06-16T20:27:40.066+0000][7344][safepoint    ] Entering safepoint region: RevokeBias
[2022-06-16T20:27:40.066+0000][7344][safepoint    ] Leaving safepoint region
[2022-06-16T20:27:40.066+0000][7344][safepoint    ] Total time for which application threads were stopped: 0.0001404 seconds, Stopping threads took: 0.0000297 seconds
[2022-06-16T20:27:40.066+0000][7344][safepoint    ] Application time: 0.0035712 seconds
[2022-06-16T20:27:40.066+0000][7344][safepoint    ] Entering safepoint region: RevokeBias
[2022-06-16T20:27:40.066+0000][7344][safepoint    ] Leaving safepoint region
[2022-06-16T20:27:40.066+0000][7344][safepoint    ] Total time for which application threads were stopped: 0.0001194 seconds, Stopping threads took: 0.0000233 seconds
[2022-06-16T20:27:40.066+0000][7344][safepoint    ] Application time: 0.0002566 seconds
[2022-06-16T20:27:40.066+0000][7344][safepoint    ] Entering safepoint region: RevokeBias
[2022-06-16T20:27:40.066+0000][7344][safepoint    ] Leaving safepoint region
[2022-06-16T20:27:40.066+0000][7344][safepoint    ] Total time for which application threads were stopped: 0.0000981 seconds, Stopping threads took: 0.0000199 seconds
[2022-06-16T20:27:40.097+0000][7344][safepoint    ] Application time: 0.0377366 seconds
[2022-06-16T20:27:40.113+0000][7344][safepoint    ] Entering safepoint region: RevokeBias
[2022-06-16T20:27:40.113+0000][7344][safepoint    ] Leaving safepoint region
[2022-06-16T20:27:40.113+0000][7344][safepoint    ] Total time for which application threads were stopped: 0.0071149 seconds, Stopping threads took: 0.0069924 seconds
[2022-06-16T20:27:40.128+0000][7344][safepoint    ] Application time: 0.0127273 seconds
[2022-06-16T20:27:40.128+0000][7344][safepoint    ] Entering safepoint region: RevokeBias
[2022-06-16T20:27:40.128+0000][7344][safepoint    ] Leaving safepoint region
[2022-06-16T20:27:40.128+0000][7344][safepoint    ] Total time for which application threads were stopped: 0.0009246 seconds, Stopping threads took: 0.0008143 seconds
[2022-06-16T20:27:40.128+0000][7344][safepoint    ] Application time: 0.0074776 seconds
[2022-06-16T20:27:40.144+0000][7344][safepoint    ] Entering safepoint region: RevokeBias
[2022-06-16T20:27:40.144+0000][7344][safepoint    ] Leaving safepoint region
[2022-06-16T20:27:40.144+0000][7344][safepoint    ] Total time for which application threads were stopped: 0.0059807 seconds, Stopping threads took: 0.0058526 seconds
[2022-06-16T20:27:40.144+0000][7344][safepoint    ] Application time: 0.0008070 seconds
[2022-06-16T20:27:40.144+0000][7344][safepoint    ] Entering safepoint region: RevokeBias
[2022-06-16T20:27:40.144+0000][7344][safepoint    ] Leaving safepoint region
[2022-06-16T20:27:40.144+0000][7344][safepoint    ] Total time for which application threads were stopped: 0.0001523 seconds, Stopping threads took: 0.0000435 seconds
[2022-06-16T20:27:40.144+0000][7344][safepoint    ] Application time: 0.0012292 seconds
[2022-06-16T20:27:40.144+0000][7344][safepoint    ] Entering safepoint region: RevokeBias
[2022-06-16T20:27:40.144+0000][7344][safepoint    ] Leaving safepoint region
[2022-06-16T20:27:40.144+0000][7344][safepoint    ] Total time for which application threads were stopped: 0.0001327 seconds, Stopping threads took: 0.0000256 seconds
[2022-06-16T20:27:40.144+0000][7344][safepoint    ] Application time: 0.0007705 seconds
[2022-06-16T20:27:40.144+0000][7344][safepoint    ] Entering safepoint region: RevokeBias
[2022-06-16T20:27:40.144+0000][7344][safepoint    ] Leaving safepoint region
[2022-06-16T20:27:40.144+0000][7344][safepoint    ] Total time for which application threads were stopped: 0.0001271 seconds, Stopping threads took: 0.0000398 seconds
[2022-06-16T20:27:40.144+0000][7344][safepoint    ] Application time: 0.0000461 seconds
[2022-06-16T20:27:40.144+0000][7344][safepoint    ] Entering safepoint region: RevokeBias
[2022-06-16T20:27:40.144+0000][7344][safepoint    ] Leaving safepoint region
[2022-06-16T20:27:40.144+0000][7344][safepoint    ] Total time for which application threads were stopped: 0.0000992 seconds, Stopping threads took: 0.0000227 seconds
[2022-06-16T20:27:40.144+0000][7344][safepoint    ] Application time: 0.0017461 seconds
[2022-06-16T20:27:40.144+0000][7344][safepoint    ] Entering safepoint region: RevokeBias
[2022-06-16T20:27:40.144+0000][7344][safepoint    ] Leaving safepoint region
[2022-06-16T20:27:40.144+0000][7344][safepoint    ] Total time for which application threads were stopped: 0.0000972 seconds, Stopping threads took: 0.0000218 seconds
[2022-06-16T20:27:40.144+0000][7344][safepoint    ] Application time: 0.0001442 seconds
[2022-06-16T20:27:40.144+0000][7344][safepoint    ] Entering safepoint region: RevokeBias
[2022-06-16T20:27:40.144+0000][7344][safepoint    ] Leaving safepoint region
[2022-06-16T20:27:40.144+0000][7344][safepoint    ] Total time for which application threads were stopped: 0.0001258 seconds, Stopping threads took: 0.0000439 seconds
[2022-06-16T20:27:40.144+0000][7344][safepoint    ] Application time: 0.0003541 seconds
[2022-06-16T20:27:40.144+0000][7344][safepoint    ] Entering safepoint region: RevokeBias
[2022-06-16T20:27:40.144+0000][7344][safepoint    ] Leaving safepoint region
[2022-06-16T20:27:40.144+0000][7344][safepoint    ] Total time for which application threads were stopped: 0.0001081 seconds, Stopping threads took: 0.0000234 seconds
[2022-06-16T20:27:40.144+0000][7344][safepoint    ] Application time: 0.0003406 seconds
[2022-06-16T20:27:40.144+0000][7344][safepoint    ] Entering safepoint region: RevokeBias
[2022-06-16T20:27:40.144+0000][7344][safepoint    ] Leaving safepoint region
[2022-06-16T20:27:40.144+0000][7344][safepoint    ] Total time for which application threads were stopped: 0.0001217 seconds, Stopping threads took: 0.0000241 seconds
[2022-06-16T20:27:40.144+0000][7344][safepoint    ] Application time: 0.0002610 seconds
[2022-06-16T20:27:40.144+0000][7344][safepoint    ] Entering safepoint region: RevokeBias
[2022-06-16T20:27:40.144+0000][7344][safepoint    ] Leaving safepoint region
[2022-06-16T20:27:40.144+0000][7344][safepoint    ] Total time for which application threads were stopped: 0.0000929 seconds, Stopping threads took: 0.0000272 seconds
[2022-06-16T20:27:40.144+0000][7344][safepoint    ] Application time: 0.0004763 seconds
[2022-06-16T20:27:40.144+0000][7344][safepoint    ] Entering safepoint region: RevokeBias
[2022-06-16T20:27:40.144+0000][7344][safepoint    ] Leaving safepoint region
[2022-06-16T20:27:40.144+0000][7344][safepoint    ] Total time for which application threads were stopped: 0.0001271 seconds, Stopping threads took: 0.0000601 seconds
[2022-06-16T20:27:40.144+0000][7344][safepoint    ] Application time: 0.0007519 seconds
[2022-06-16T20:27:40.144+0000][7344][safepoint    ] Entering safepoint region: RevokeBias
[2022-06-16T20:27:40.144+0000][7344][safepoint    ] Leaving safepoint region
[2022-06-16T20:27:40.144+0000][7344][safepoint    ] Total time for which application threads were stopped: 0.0000925 seconds, Stopping threads took: 0.0000209 seconds
[2022-06-16T20:27:40.144+0000][7344][safepoint    ] Application time: 0.0006500 seconds
[2022-06-16T20:27:40.144+0000][7344][safepoint    ] Entering safepoint region: RevokeBias
[2022-06-16T20:27:40.144+0000][7344][safepoint    ] Leaving safepoint region
[2022-06-16T20:27:40.144+0000][7344][safepoint    ] Total time for which application threads were stopped: 0.0000897 seconds, Stopping threads took: 0.0000241 seconds
[2022-06-16T20:27:40.160+0000][7344][safepoint    ] Application time: 0.0068132 seconds
[2022-06-16T20:27:40.160+0000][7344][safepoint    ] Entering safepoint region: RevokeBias
[2022-06-16T20:27:40.160+0000][7344][safepoint    ] Leaving safepoint region
[2022-06-16T20:27:40.160+0000][7344][safepoint    ] Total time for which application threads were stopped: 0.0000954 seconds, Stopping threads took: 0.0000210 seconds
[2022-06-16T20:27:40.160+0000][7344][safepoint    ] Application time: 0.0000368 seconds
[2022-06-16T20:27:40.160+0000][7344][safepoint    ] Entering safepoint region: RevokeBias
[2022-06-16T20:27:40.160+0000][7344][safepoint    ] Leaving safepoint region
[2022-06-16T20:27:40.160+0000][7344][safepoint    ] Total time for which application threads were stopped: 0.0000895 seconds, Stopping threads took: 0.0000186 seconds
[2022-06-16T20:27:40.207+0000][7344][safepoint    ] Application time: 0.0554958 seconds
[2022-06-16T20:27:40.207+0000][7344][safepoint    ] Entering safepoint region: Deoptimize
[2022-06-16T20:27:40.207+0000][7344][safepoint    ] Leaving safepoint region
[2022-06-16T20:27:40.207+0000][7344][safepoint    ] Total time for which application threads were stopped: 0.0008935 seconds, Stopping threads took: 0.0000479 seconds
[2022-06-16T20:27:40.347+0000][7344][safepoint    ] Application time: 0.1415241 seconds
[2022-06-16T20:27:40.363+0000][7344][safepoint    ] Entering safepoint region: GenCollectForAllocation
[2022-06-16T20:27:40.363+0000][7344][gc,start     ] GC(27) Pause Young (Allocation Failure)
[2022-06-16T20:27:40.363+0000][7344][gc,task      ] GC(27) Using 2 workers of 2 for evacuation
[2022-06-16T20:27:40.394+0000][7344][gc,age       ] GC(27) Desired survivor size 8716288 bytes, new threshold 2 (max threshold 6)
[2022-06-16T20:27:40.394+0000][7344][gc,age       ] GC(27) Age table with threshold 2 (max threshold 6)
[2022-06-16T20:27:40.394+0000][7344][gc,age       ] GC(27) - age   1:    5100808 bytes,    5100808 total
[2022-06-16T20:27:40.394+0000][7344][gc,age       ] GC(27) - age   2:    4176752 bytes,    9277560 total
[2022-06-16T20:27:40.394+0000][7344][gc,age       ] GC(27) - age   3:    2929720 bytes,   12207280 total
[2022-06-16T20:27:40.394+0000][7344][gc,heap      ] GC(27) ParNew: 148650K->17024K(153344K)
[2022-06-16T20:27:40.394+0000][7344][gc,heap      ] GC(27) CMS: 52790K->54532K(878208K)
[2022-06-16T20:27:40.394+0000][7344][gc,metaspace ] GC(27) Metaspace: 95427K->95427K(1136640K)
[2022-06-16T20:27:40.394+0000][7344][gc           ] GC(27) Pause Young (Allocation Failure) 196M->69M(1007M) 32.425ms
[2022-06-16T20:27:40.394+0000][7344][gc,cpu       ] GC(27) User=0.05s Sys=0.00s Real=0.03s
[2022-06-16T20:27:40.394+0000][7344][safepoint    ] Leaving safepoint region
[2022-06-16T20:27:40.394+0000][7344][safepoint    ] Total time for which application threads were stopped: 0.0338906 seconds, Stopping threads took: 0.0012153 seconds
[2022-06-16T20:27:40.410+0000][7344][safepoint    ] Application time: 0.0206338 seconds
[2022-06-16T20:27:40.410+0000][7344][safepoint    ] Entering safepoint region: RevokeBias
[2022-06-16T20:27:40.410+0000][7344][safepoint    ] Leaving safepoint region
[2022-06-16T20:27:40.410+0000][7344][safepoint    ] Total time for which application threads were stopped: 0.0001516 seconds, Stopping threads took: 0.0000274 seconds
[2022-06-16T20:27:40.410+0000][7344][safepoint    ] Application time: 0.0000298 seconds
[2022-06-16T20:27:40.410+0000][7344][safepoint    ] Entering safepoint region: RevokeBias
[2022-06-16T20:27:40.410+0000][7344][safepoint    ] Leaving safepoint region
[2022-06-16T20:27:40.410+0000][7344][safepoint    ] Total time for which application threads were stopped: 0.0001115 seconds, Stopping threads took: 0.0000194 seconds
[2022-06-16T20:27:40.410+0000][7344][safepoint    ] Application time: 0.0034021 seconds
[2022-06-16T20:27:40.410+0000][7344][safepoint    ] Entering safepoint region: RevokeBias
[2022-06-16T20:27:40.410+0000][7344][safepoint    ] Leaving safepoint region
[2022-06-16T20:27:40.410+0000][7344][safepoint    ] Total time for which application threads were stopped: 0.0001332 seconds, Stopping threads took: 0.0000243 seconds
[2022-06-16T20:27:40.410+0000][7344][safepoint    ] Application time: 0.0000281 seconds
[2022-06-16T20:27:40.410+0000][7344][safepoint    ] Entering safepoint region: RevokeBias
[2022-06-16T20:27:40.410+0000][7344][safepoint    ] Leaving safepoint region
[2022-06-16T20:27:40.410+0000][7344][safepoint    ] Total time for which application threads were stopped: 0.0001085 seconds, Stopping threads took: 0.0000205 seconds
[2022-06-16T20:27:40.410+0000][7344][safepoint    ] Application time: 0.0047124 seconds
[2022-06-16T20:27:40.410+0000][7344][safepoint    ] Entering safepoint region: RevokeBias
[2022-06-16T20:27:40.425+0000][7344][safepoint    ] Leaving safepoint region
[2022-06-16T20:27:40.425+0000][7344][safepoint    ] Total time for which application threads were stopped: 0.0001471 seconds, Stopping threads took: 0.0000242 seconds
[2022-06-16T20:27:40.425+0000][7344][safepoint    ] Application time: 0.0000343 seconds
[2022-06-16T20:27:40.425+0000][7344][safepoint    ] Entering safepoint region: RevokeBias
[2022-06-16T20:27:40.425+0000][7344][safepoint    ] Leaving safepoint region
[2022-06-16T20:27:40.425+0000][7344][safepoint    ] Total time for which application threads were stopped: 0.0001099 seconds, Stopping threads took: 0.0000197 seconds
[2022-06-16T20:27:40.425+0000][7344][safepoint    ] Application time: 0.0000227 seconds
[2022-06-16T20:27:40.425+0000][7344][safepoint    ] Entering safepoint region: RevokeBias
[2022-06-16T20:27:40.425+0000][7344][safepoint    ] Leaving safepoint region
[2022-06-16T20:27:40.425+0000][7344][safepoint    ] Total time for which application threads were stopped: 0.0001018 seconds, Stopping threads took: 0.0000193 seconds
[2022-06-16T20:27:40.425+0000][7344][safepoint    ] Application time: 0.0003440 seconds
[2022-06-16T20:27:40.425+0000][7344][safepoint    ] Entering safepoint region: RevokeBias
[2022-06-16T20:27:40.425+0000][7344][safepoint    ] Leaving safepoint region
[2022-06-16T20:27:40.425+0000][7344][safepoint    ] Total time for which application threads were stopped: 0.0001064 seconds, Stopping threads took: 0.0000221 seconds
[2022-06-16T20:27:40.425+0000][7344][safepoint    ] Application time: 0.0057749 seconds
[2022-06-16T20:27:40.425+0000][7344][safepoint    ] Entering safepoint region: RevokeBias
[2022-06-16T20:27:40.425+0000][7344][safepoint    ] Leaving safepoint region
[2022-06-16T20:27:40.425+0000][7344][safepoint    ] Total time for which application threads were stopped: 0.0001225 seconds, Stopping threads took: 0.0000237 seconds
[2022-06-16T20:27:40.425+0000][7344][safepoint    ] Application time: 0.0000241 seconds
[2022-06-16T20:27:40.425+0000][7344][safepoint    ] Entering safepoint region: RevokeBias
[2022-06-16T20:27:40.425+0000][7344][safepoint    ] Leaving safepoint region
[2022-06-16T20:27:40.425+0000][7344][safepoint    ] Total time for which application threads were stopped: 0.0001011 seconds, Stopping threads took: 0.0000197 seconds
[2022-06-16T20:27:40.425+0000][7344][safepoint    ] Application time: 0.0004655 seconds
[2022-06-16T20:27:40.425+0000][7344][safepoint    ] Entering safepoint region: RevokeBias
[2022-06-16T20:27:40.425+0000][7344][safepoint    ] Leaving safepoint region
[2022-06-16T20:27:40.425+0000][7344][safepoint    ] Total time for which application threads were stopped: 0.0001106 seconds, Stopping threads took: 0.0000222 seconds
[2022-06-16T20:27:40.425+0000][7344][safepoint    ] Application time: 0.0000273 seconds
[2022-06-16T20:27:40.425+0000][7344][safepoint    ] Entering safepoint region: RevokeBias
[2022-06-16T20:27:40.425+0000][7344][safepoint    ] Leaving safepoint region
[2022-06-16T20:27:40.425+0000][7344][safepoint    ] Total time for which application threads were stopped: 0.0001016 seconds, Stopping threads took: 0.0000202 seconds
[2022-06-16T20:27:40.472+0000][7344][safepoint    ] Application time: 0.0396817 seconds
[2022-06-16T20:27:40.503+0000][7344][safepoint    ] Entering safepoint region: RevokeBias
[2022-06-16T20:27:40.503+0000][7344][safepoint    ] Leaving safepoint region
[2022-06-16T20:27:40.503+0000][7344][safepoint    ] Total time for which application threads were stopped: 0.0345278 seconds, Stopping threads took: 0.0343645 seconds
[2022-06-16T20:27:40.503+0000][7344][safepoint    ] Application time: 0.0002638 seconds
[2022-06-16T20:27:40.503+0000][7344][safepoint    ] Entering safepoint region: RevokeBias
[2022-06-16T20:27:40.503+0000][7344][safepoint    ] Leaving safepoint region
[2022-06-16T20:27:40.503+0000][7344][safepoint    ] Total time for which application threads were stopped: 0.0001392 seconds, Stopping threads took: 0.0000247 seconds
[2022-06-16T20:27:40.503+0000][7344][safepoint    ] Application time: 0.0000174 seconds
[2022-06-16T20:27:40.503+0000][7344][safepoint    ] Entering safepoint region: RevokeBias
[2022-06-16T20:27:40.503+0000][7344][safepoint    ] Leaving safepoint region
[2022-06-16T20:27:40.503+0000][7344][safepoint    ] Total time for which application threads were stopped: 0.0000967 seconds, Stopping threads took: 0.0000200 seconds
[2022-06-16T20:27:40.503+0000][7344][safepoint    ] Application time: 0.0000133 seconds
[2022-06-16T20:27:40.503+0000][7344][safepoint    ] Entering safepoint region: RevokeBias
[2022-06-16T20:27:40.503+0000][7344][safepoint    ] Leaving safepoint region
[2022-06-16T20:27:40.503+0000][7344][safepoint    ] Total time for which application threads were stopped: 0.0001030 seconds, Stopping threads took: 0.0000242 seconds
[2022-06-16T20:27:40.503+0000][7344][safepoint    ] Application time: 0.0000119 seconds
[2022-06-16T20:27:40.503+0000][7344][safepoint    ] Entering safepoint region: RevokeBias
[2022-06-16T20:27:40.503+0000][7344][safepoint    ] Leaving safepoint region
[2022-06-16T20:27:40.503+0000][7344][safepoint    ] Total time for which application threads were stopped: 0.0000995 seconds, Stopping threads took: 0.0000192 seconds
[2022-06-16T20:27:40.503+0000][7344][safepoint    ] Application time: 0.0008856 seconds
[2022-06-16T20:27:40.582+0000][7344][safepoint    ] Entering safepoint region: RevokeBias
[2022-06-16T20:27:40.582+0000][7344][safepoint    ] Leaving safepoint region
[2022-06-16T20:27:40.582+0000][7344][safepoint    ] Total time for which application threads were stopped: 0.0738412 seconds, Stopping threads took: 0.0736972 seconds
[2022-06-16T20:27:40.582+0000][7344][safepoint    ] Application time: 0.0017567 seconds
[2022-06-16T20:27:40.582+0000][7344][safepoint    ] Entering safepoint region: RevokeBias
[2022-06-16T20:27:40.582+0000][7344][safepoint    ] Leaving safepoint region
[2022-06-16T20:27:40.582+0000][7344][safepoint    ] Total time for which application threads were stopped: 0.0001523 seconds, Stopping threads took: 0.0000293 seconds
[2022-06-16T20:27:40.582+0000][7344][safepoint    ] Application time: 0.0000189 seconds
[2022-06-16T20:27:40.582+0000][7344][safepoint    ] Entering safepoint region: RevokeBias
[2022-06-16T20:27:40.582+0000][7344][safepoint    ] Leaving safepoint region
[2022-06-16T20:27:40.582+0000][7344][safepoint    ] Total time for which application threads were stopped: 0.0001118 seconds, Stopping threads took: 0.0000215 seconds
[2022-06-16T20:27:40.613+0000][7344][safepoint    ] Application time: 0.0391406 seconds
[2022-06-16T20:27:40.613+0000][7344][safepoint    ] Entering safepoint region: RevokeBias
[2022-06-16T20:27:40.613+0000][7344][safepoint    ] Leaving safepoint region
[2022-06-16T20:27:40.613+0000][7344][safepoint    ] Total time for which application threads were stopped: 0.0001641 seconds, Stopping threads took: 0.0000303 seconds
[2022-06-16T20:27:41.097+0000][7344][safepoint    ] Application time: 0.4785197 seconds
[2022-06-16T20:27:41.097+0000][7344][safepoint    ] Entering safepoint region: RevokeBias
[2022-06-16T20:27:41.097+0000][7344][safepoint    ] Leaving safepoint region
[2022-06-16T20:27:41.097+0000][7344][safepoint    ] Total time for which application threads were stopped: 0.0033297 seconds, Stopping threads took: 0.0032256 seconds
[2022-06-16T20:27:41.097+0000][7344][safepoint    ] Application time: 0.0001346 seconds
[2022-06-16T20:27:41.097+0000][7344][safepoint    ] Entering safepoint region: BulkRevokeBias
[2022-06-16T20:27:41.097+0000][7344][safepoint    ] Leaving safepoint region
[2022-06-16T20:27:41.097+0000][7344][safepoint    ] Total time for which application threads were stopped: 0.0004592 seconds, Stopping threads took: 0.0000559 seconds
[2022-06-16T20:27:41.097+0000][7344][safepoint    ] Application time: 0.0000278 seconds
[2022-06-16T20:27:41.097+0000][7344][safepoint    ] Entering safepoint region: RevokeBias
[2022-06-16T20:27:41.097+0000][7344][safepoint    ] Leaving safepoint region
[2022-06-16T20:27:41.097+0000][7344][safepoint    ] Total time for which application threads were stopped: 0.0001066 seconds, Stopping threads took: 0.0000445 seconds
[2022-06-16T20:27:41.097+0000][7344][safepoint    ] Application time: 0.0008998 seconds
[2022-06-16T20:27:41.097+0000][7344][safepoint    ] Entering safepoint region: RevokeBias
[2022-06-16T20:27:41.097+0000][7344][safepoint    ] Leaving safepoint region
[2022-06-16T20:27:41.097+0000][7344][safepoint    ] Total time for which application threads were stopped: 0.0000822 seconds, Stopping threads took: 0.0000216 seconds
[2022-06-16T20:27:41.253+0000][7344][safepoint    ] Application time: 0.1480568 seconds
[2022-06-16T20:27:41.253+0000][7344][safepoint    ] Entering safepoint region: RevokeBias
[2022-06-16T20:27:41.253+0000][7344][safepoint    ] Leaving safepoint region
[2022-06-16T20:27:41.253+0000][7344][safepoint    ] Total time for which application threads were stopped: 0.0001363 seconds, Stopping threads took: 0.0000315 seconds
[2022-06-16T20:27:41.253+0000][7344][safepoint    ] Application time: 0.0000281 seconds
[2022-06-16T20:27:41.253+0000][7344][safepoint    ] Entering safepoint region: RevokeBias
[2022-06-16T20:27:41.253+0000][7344][safepoint    ] Leaving safepoint region
[2022-06-16T20:27:41.253+0000][7344][safepoint    ] Total time for which application threads were stopped: 0.0000753 seconds, Stopping threads took: 0.0000226 seconds
[2022-06-16T20:27:41.300+0000][7344][safepoint    ] Application time: 0.0501768 seconds
[2022-06-16T20:27:41.300+0000][7344][safepoint    ] Entering safepoint region: BulkRevokeBias
[2022-06-16T20:27:41.300+0000][7344][safepoint    ] Leaving safepoint region
[2022-06-16T20:27:41.300+0000][7344][safepoint    ] Total time for which application threads were stopped: 0.0004569 seconds, Stopping threads took: 0.0000306 seconds
[2022-06-16T20:27:41.363+0000][7344][safepoint    ] Application time: 0.0575974 seconds
[2022-06-16T20:27:41.363+0000][7344][safepoint    ] Entering safepoint region: RevokeBias
[2022-06-16T20:27:41.363+0000][7344][safepoint    ] Leaving safepoint region
[2022-06-16T20:27:41.363+0000][7344][safepoint    ] Total time for which application threads were stopped: 0.0001199 seconds, Stopping threads took: 0.0000300 seconds
[2022-06-16T20:27:41.394+0000][7344][safepoint    ] Application time: 0.0320540 seconds
[2022-06-16T20:27:41.394+0000][7344][safepoint    ] Entering safepoint region: RevokeBias
[2022-06-16T20:27:41.394+0000][7344][safepoint    ] Leaving safepoint region
[2022-06-16T20:27:41.394+0000][7344][safepoint    ] Total time for which application threads were stopped: 0.0001255 seconds, Stopping threads took: 0.0000302 seconds
[2022-06-16T20:27:41.394+0000][7344][safepoint    ] Application time: 0.0002493 seconds
[2022-06-16T20:27:41.394+0000][7344][safepoint    ] Entering safepoint region: RevokeBias
[2022-06-16T20:27:41.394+0000][7344][safepoint    ] Leaving safepoint region
[2022-06-16T20:27:41.394+0000][7344][safepoint    ] Total time for which application threads were stopped: 0.0001005 seconds, Stopping threads took: 0.0000238 seconds
[2022-06-16T20:27:41.410+0000][7344][safepoint    ] Application time: 0.0229564 seconds
[2022-06-16T20:27:41.410+0000][7344][safepoint    ] Entering safepoint region: RevokeBias
[2022-06-16T20:27:41.410+0000][7344][safepoint    ] Leaving safepoint region
[2022-06-16T20:27:41.410+0000][7344][safepoint    ] Total time for which application threads were stopped: 0.0001320 seconds, Stopping threads took: 0.0000317 seconds
[2022-06-16T20:27:41.597+0000][7344][safepoint    ] Application time: 0.1770702 seconds
[2022-06-16T20:27:41.597+0000][7344][safepoint    ] Entering safepoint region: RevokeBias
[2022-06-16T20:27:41.597+0000][7344][safepoint    ] Leaving safepoint region
[2022-06-16T20:27:41.597+0000][7344][safepoint    ] Total time for which application threads were stopped: 0.0005593 seconds, Stopping threads took: 0.0003986 seconds
[2022-06-16T20:27:41.597+0000][7344][safepoint    ] Application time: 0.0006486 seconds
[2022-06-16T20:27:41.597+0000][7344][safepoint    ] Entering safepoint region: RevokeBias
[2022-06-16T20:27:41.597+0000][7344][safepoint    ] Leaving safepoint region
[2022-06-16T20:27:41.597+0000][7344][safepoint    ] Total time for which application threads were stopped: 0.0001578 seconds, Stopping threads took: 0.0000751 seconds
[2022-06-16T20:27:41.597+0000][7344][safepoint    ] Application time: 0.0108626 seconds
[2022-06-16T20:27:41.597+0000][7344][safepoint    ] Entering safepoint region: RevokeBias
[2022-06-16T20:27:41.597+0000][7344][safepoint    ] Leaving safepoint region
[2022-06-16T20:27:41.597+0000][7344][safepoint    ] Total time for which application threads were stopped: 0.0001293 seconds, Stopping threads took: 0.0000285 seconds
[2022-06-16T20:27:41.613+0000][7344][safepoint    ] Application time: 0.0047107 seconds
[2022-06-16T20:27:41.613+0000][7344][safepoint    ] Entering safepoint region: RevokeBias
[2022-06-16T20:27:41.613+0000][7344][safepoint    ] Leaving safepoint region
[2022-06-16T20:27:41.613+0000][7344][safepoint    ] Total time for which application threads were stopped: 0.0001095 seconds, Stopping threads took: 0.0000239 seconds
[2022-06-16T20:27:41.613+0000][7344][safepoint    ] Application time: 0.0003993 seconds
[2022-06-16T20:27:41.613+0000][7344][safepoint    ] Entering safepoint region: RevokeBias
[2022-06-16T20:27:41.613+0000][7344][safepoint    ] Leaving safepoint region
[2022-06-16T20:27:41.613+0000][7344][safepoint    ] Total time for which application threads were stopped: 0.0000996 seconds, Stopping threads took: 0.0000242 seconds
[2022-06-16T20:27:41.647+0000][7344][safepoint    ] Application time: 0.0311394 seconds
[2022-06-16T20:27:41.647+0000][7344][safepoint    ] Entering safepoint region: RevokeBias
[2022-06-16T20:27:41.647+0000][7344][safepoint    ] Leaving safepoint region
[2022-06-16T20:27:41.647+0000][7344][safepoint    ] Total time for which application threads were stopped: 0.0003574 seconds, Stopping threads took: 0.0002158 seconds
[2022-06-16T20:27:41.672+0000][7344][safepoint    ] Application time: 0.0245284 seconds
[2022-06-16T20:27:41.672+0000][7344][safepoint    ] Entering safepoint region: RevokeBias
[2022-06-16T20:27:41.672+0000][7344][safepoint    ] Leaving safepoint region
[2022-06-16T20:27:41.672+0000][7344][safepoint    ] Total time for which application threads were stopped: 0.0001417 seconds, Stopping threads took: 0.0000260 seconds
[2022-06-16T20:27:41.678+0000][7344][safepoint    ] Application time: 0.0186699 seconds
[2022-06-16T20:27:41.694+0000][7344][safepoint    ] Entering safepoint region: RevokeBias
[2022-06-16T20:27:41.694+0000][7344][safepoint    ] Leaving safepoint region
[2022-06-16T20:27:41.694+0000][7344][safepoint    ] Total time for which application threads were stopped: 0.0176747 seconds, Stopping threads took: 0.0175644 seconds
[2022-06-16T20:27:41.850+0000][7344][safepoint    ] Application time: 0.1480132 seconds
[2022-06-16T20:27:41.850+0000][7344][safepoint    ] Entering safepoint region: RevokeBias
[2022-06-16T20:27:41.850+0000][7344][safepoint    ] Leaving safepoint region
[2022-06-16T20:27:41.850+0000][7344][safepoint    ] Total time for which application threads were stopped: 0.0001654 seconds, Stopping threads took: 0.0000276 seconds
[2022-06-16T20:27:41.865+0000][7344][safepoint    ] Application time: 0.0135517 seconds
[2022-06-16T20:27:41.865+0000][7344][safepoint    ] Entering safepoint region: RevokeBias
[2022-06-16T20:27:41.865+0000][7344][safepoint    ] Leaving safepoint region
[2022-06-16T20:27:41.865+0000][7344][safepoint    ] Total time for which application threads were stopped: 0.0001303 seconds, Stopping threads took: 0.0000264 seconds
[2022-06-16T20:27:41.865+0000][7344][safepoint    ] Application time: 0.0008238 seconds
[2022-06-16T20:27:41.865+0000][7344][safepoint    ] Entering safepoint region: RevokeBias
[2022-06-16T20:27:41.865+0000][7344][safepoint    ] Leaving safepoint region
[2022-06-16T20:27:41.865+0000][7344][safepoint    ] Total time for which application threads were stopped: 0.0001031 seconds, Stopping threads took: 0.0000262 seconds
[2022-06-16T20:27:41.928+0000][7344][safepoint    ] Application time: 0.0649802 seconds
[2022-06-16T20:27:41.928+0000][7344][safepoint    ] Entering safepoint region: RevokeBias
[2022-06-16T20:27:41.928+0000][7344][safepoint    ] Leaving safepoint region
[2022-06-16T20:27:41.928+0000][7344][safepoint    ] Total time for which application threads were stopped: 0.0001539 seconds, Stopping threads took: 0.0000325 seconds
[2022-06-16T20:27:41.944+0000][7344][safepoint    ] Application time: 0.0103489 seconds
[2022-06-16T20:27:41.944+0000][7344][safepoint    ] Entering safepoint region: RevokeBias
[2022-06-16T20:27:41.944+0000][7344][safepoint    ] Leaving safepoint region
[2022-06-16T20:27:41.944+0000][7344][safepoint    ] Total time for which application threads were stopped: 0.0012361 seconds, Stopping threads took: 0.0000353 seconds
[2022-06-16T20:27:42.100+0000][7344][safepoint    ] Application time: 0.1582806 seconds
[2022-06-16T20:27:42.162+0000][7344][safepoint    ] Entering safepoint region: RevokeBias
[2022-06-16T20:27:42.162+0000][7344][safepoint    ] Leaving safepoint region
[2022-06-16T20:27:42.162+0000][7344][safepoint    ] Total time for which application threads were stopped: 0.0656362 seconds, Stopping threads took: 0.0655022 seconds
[2022-06-16T20:27:42.178+0000][7344][safepoint    ] Application time: 0.0159773 seconds
[2022-06-16T20:27:42.178+0000][7344][safepoint    ] Entering safepoint region: RevokeBias
[2022-06-16T20:27:42.178+0000][7344][safepoint    ] Leaving safepoint region
[2022-06-16T20:27:42.178+0000][7344][safepoint    ] Total time for which application threads were stopped: 0.0001391 seconds, Stopping threads took: 0.0000410 seconds
[2022-06-16T20:27:42.240+0000][7344][safepoint    ] Application time: 0.0565563 seconds
[2022-06-16T20:27:42.240+0000][7344][safepoint    ] Entering safepoint region: RevokeBias
[2022-06-16T20:27:42.240+0000][7344][safepoint    ] Leaving safepoint region
[2022-06-16T20:27:42.240+0000][7344][safepoint    ] Total time for which application threads were stopped: 0.0001510 seconds, Stopping threads took: 0.0000274 seconds
[2022-06-16T20:27:42.240+0000][7344][safepoint    ] Application time: 0.0097868 seconds
[2022-06-16T20:27:42.240+0000][7344][safepoint    ] Entering safepoint region: RevokeBias
[2022-06-16T20:27:42.240+0000][7344][safepoint    ] Leaving safepoint region
[2022-06-16T20:27:42.240+0000][7344][safepoint    ] Total time for which application threads were stopped: 0.0001353 seconds, Stopping threads took: 0.0000283 seconds
[2022-06-16T20:27:42.272+0000][7344][safepoint    ] Application time: 0.0174759 seconds
[2022-06-16T20:27:42.272+0000][7344][safepoint    ] Entering safepoint region: RevokeBias
[2022-06-16T20:27:42.272+0000][7344][safepoint    ] Leaving safepoint region
[2022-06-16T20:27:42.272+0000][7344][safepoint    ] Total time for which application threads were stopped: 0.0001180 seconds, Stopping threads took: 0.0000251 seconds
[2022-06-16T20:27:42.350+0000][7344][safepoint    ] Application time: 0.0847849 seconds
[2022-06-16T20:27:42.350+0000][7344][safepoint    ] Entering safepoint region: RevokeBias
[2022-06-16T20:27:42.350+0000][7344][safepoint    ] Leaving safepoint region
[2022-06-16T20:27:42.350+0000][7344][safepoint    ] Total time for which application threads were stopped: 0.0001400 seconds, Stopping threads took: 0.0000276 seconds
[2022-06-16T20:27:42.350+0000][7344][safepoint    ] Application time: 0.0005271 seconds
[2022-06-16T20:27:42.350+0000][7344][safepoint    ] Entering safepoint region: RevokeBias
[2022-06-16T20:27:42.350+0000][7344][safepoint    ] Leaving safepoint region
[2022-06-16T20:27:42.350+0000][7344][safepoint    ] Total time for which application threads were stopped: 0.0001432 seconds, Stopping threads took: 0.0000377 seconds
[2022-06-16T20:27:42.350+0000][7344][safepoint    ] Application time: 0.0005686 seconds
[2022-06-16T20:27:42.350+0000][7344][safepoint    ] Entering safepoint region: RevokeBias
[2022-06-16T20:27:42.350+0000][7344][safepoint    ] Leaving safepoint region
[2022-06-16T20:27:42.350+0000][7344][safepoint    ] Total time for which application threads were stopped: 0.0001208 seconds, Stopping threads took: 0.0000246 seconds
[2022-06-16T20:27:42.647+0000][7344][safepoint    ] Application time: 0.2988535 seconds
[2022-06-16T20:27:42.647+0000][7344][safepoint    ] Entering safepoint region: RevokeBias
[2022-06-16T20:27:42.647+0000][7344][safepoint    ] Leaving safepoint region
[2022-06-16T20:27:42.647+0000][7344][safepoint    ] Total time for which application threads were stopped: 0.0005980 seconds, Stopping threads took: 0.0004646 seconds
[2022-06-16T20:27:42.647+0000][7344][safepoint    ] Application time: 0.0012492 seconds
[2022-06-16T20:27:42.647+0000][7344][safepoint    ] Entering safepoint region: RevokeBias
[2022-06-16T20:27:42.647+0000][7344][safepoint    ] Leaving safepoint region
[2022-06-16T20:27:42.647+0000][7344][safepoint    ] Total time for which application threads were stopped: 0.0001058 seconds, Stopping threads took: 0.0000242 seconds
[2022-06-16T20:27:42.647+0000][7344][safepoint    ] Application time: 0.0000731 seconds
[2022-06-16T20:27:42.647+0000][7344][safepoint    ] Entering safepoint region: RevokeBias
[2022-06-16T20:27:42.647+0000][7344][safepoint    ] Leaving safepoint region
[2022-06-16T20:27:42.647+0000][7344][safepoint    ] Total time for which application threads were stopped: 0.0000858 seconds, Stopping threads took: 0.0000197 seconds
[2022-06-16T20:27:42.647+0000][7344][safepoint    ] Application time: 0.0000240 seconds
[2022-06-16T20:27:42.647+0000][7344][safepoint    ] Entering safepoint region: RevokeBias
[2022-06-16T20:27:42.647+0000][7344][safepoint    ] Leaving safepoint region
[2022-06-16T20:27:42.647+0000][7344][safepoint    ] Total time for which application threads were stopped: 0.0000768 seconds, Stopping threads took: 0.0000186 seconds
[2022-06-16T20:27:42.647+0000][7344][safepoint    ] Application time: 0.0000197 seconds
[2022-06-16T20:27:42.647+0000][7344][safepoint    ] Entering safepoint region: RevokeBias
[2022-06-16T20:27:42.647+0000][7344][safepoint    ] Leaving safepoint region
[2022-06-16T20:27:42.647+0000][7344][safepoint    ] Total time for which application threads were stopped: 0.0000697 seconds, Stopping threads took: 0.0000175 seconds
[2022-06-16T20:27:42.647+0000][7344][safepoint    ] Application time: 0.0001950 seconds
[2022-06-16T20:27:42.647+0000][7344][safepoint    ] Entering safepoint region: RevokeBias
[2022-06-16T20:27:42.647+0000][7344][safepoint    ] Leaving safepoint region
[2022-06-16T20:27:42.647+0000][7344][safepoint    ] Total time for which application threads were stopped: 0.0000871 seconds, Stopping threads took: 0.0000211 seconds
[2022-06-16T20:27:42.647+0000][7344][safepoint    ] Application time: 0.0001462 seconds
[2022-06-16T20:27:42.647+0000][7344][safepoint    ] Entering safepoint region: RevokeBias
[2022-06-16T20:27:42.647+0000][7344][safepoint    ] Leaving safepoint region
[2022-06-16T20:27:42.647+0000][7344][safepoint    ] Total time for which application threads were stopped: 0.0000823 seconds, Stopping threads took: 0.0000193 seconds
[2022-06-16T20:27:42.647+0000][7344][safepoint    ] Application time: 0.0000531 seconds
[2022-06-16T20:27:42.647+0000][7344][safepoint    ] Entering safepoint region: RevokeBias
[2022-06-16T20:27:42.647+0000][7344][safepoint    ] Leaving safepoint region
[2022-06-16T20:27:42.647+0000][7344][safepoint    ] Total time for which application threads were stopped: 0.0000783 seconds, Stopping threads took: 0.0000192 seconds
[2022-06-16T20:27:42.647+0000][7344][safepoint    ] Application time: 0.0000317 seconds
[2022-06-16T20:27:42.647+0000][7344][safepoint    ] Entering safepoint region: RevokeBias
[2022-06-16T20:27:42.647+0000][7344][safepoint    ] Leaving safepoint region
[2022-06-16T20:27:42.647+0000][7344][safepoint    ] Total time for which application threads were stopped: 0.0000715 seconds, Stopping threads took: 0.0000175 seconds
[2022-06-16T20:27:42.647+0000][7344][safepoint    ] Application time: 0.0000193 seconds
[2022-06-16T20:27:42.647+0000][7344][safepoint    ] Entering safepoint region: RevokeBias
[2022-06-16T20:27:42.647+0000][7344][safepoint    ] Leaving safepoint region
[2022-06-16T20:27:42.647+0000][7344][safepoint    ] Total time for which application threads were stopped: 0.0000709 seconds, Stopping threads took: 0.0000183 seconds
[2022-06-16T20:27:42.678+0000][7344][safepoint    ] Application time: 0.0299210 seconds
[2022-06-16T20:27:42.678+0000][7344][safepoint    ] Entering safepoint region: RevokeBias
[2022-06-16T20:27:42.678+0000][7344][safepoint    ] Leaving safepoint region
[2022-06-16T20:27:42.678+0000][7344][safepoint    ] Total time for which application threads were stopped: 0.0004206 seconds, Stopping threads took: 0.0003004 seconds
[2022-06-16T20:27:42.694+0000][7344][safepoint    ] Application time: 0.0153445 seconds
[2022-06-16T20:27:42.694+0000][7344][safepoint    ] Entering safepoint region: RevokeBias
[2022-06-16T20:27:42.694+0000][7344][safepoint    ] Leaving safepoint region
[2022-06-16T20:27:42.694+0000][7344][safepoint    ] Total time for which application threads were stopped: 0.0001221 seconds, Stopping threads took: 0.0000314 seconds
[2022-06-16T20:27:42.756+0000][7344][safepoint    ] Application time: 0.0589926 seconds
[2022-06-16T20:27:42.756+0000][7344][safepoint    ] Entering safepoint region: RevokeBias
[2022-06-16T20:27:42.756+0000][7344][safepoint    ] Leaving safepoint region
[2022-06-16T20:27:42.756+0000][7344][safepoint    ] Total time for which application threads were stopped: 0.0001664 seconds, Stopping threads took: 0.0000321 seconds
[2022-06-16T20:27:43.662+0000][7344][safepoint    ] Application time: 0.8951569 seconds
[2022-06-16T20:27:43.662+0000][7344][safepoint    ] Entering safepoint region: RevokeBias
[2022-06-16T20:27:43.662+0000][7344][safepoint    ] Leaving safepoint region
[2022-06-16T20:27:43.662+0000][7344][safepoint    ] Total time for which application threads were stopped: 0.0001561 seconds, Stopping threads took: 0.0000376 seconds
[2022-06-16T20:27:43.662+0000][7344][safepoint    ] Application time: 0.0000459 seconds
[2022-06-16T20:27:43.662+0000][7344][safepoint    ] Entering safepoint region: RevokeBias
[2022-06-16T20:27:43.662+0000][7344][safepoint    ] Leaving safepoint region
[2022-06-16T20:27:43.662+0000][7344][safepoint    ] Total time for which application threads were stopped: 0.0000870 seconds, Stopping threads took: 0.0000213 seconds
[2022-06-16T20:27:43.662+0000][7344][safepoint    ] Application time: 0.0000191 seconds
[2022-06-16T20:27:43.662+0000][7344][safepoint    ] Entering safepoint region: RevokeBias
[2022-06-16T20:27:43.662+0000][7344][safepoint    ] Leaving safepoint region
[2022-06-16T20:27:43.662+0000][7344][safepoint    ] Total time for which application threads were stopped: 0.0000715 seconds, Stopping threads took: 0.0000182 seconds
[2022-06-16T20:27:43.662+0000][7344][safepoint    ] Application time: 0.0000184 seconds
[2022-06-16T20:27:43.662+0000][7344][safepoint    ] Entering safepoint region: RevokeBias
[2022-06-16T20:27:43.662+0000][7344][safepoint    ] Leaving safepoint region
[2022-06-16T20:27:43.662+0000][7344][safepoint    ] Total time for which application threads were stopped: 0.0000968 seconds, Stopping threads took: 0.0000429 seconds
[2022-06-16T20:27:43.662+0000][7344][safepoint    ] Application time: 0.0000151 seconds
[2022-06-16T20:27:43.662+0000][7344][safepoint    ] Entering safepoint region: RevokeBias
[2022-06-16T20:27:43.662+0000][7344][safepoint    ] Leaving safepoint region
[2022-06-16T20:27:43.662+0000][7344][safepoint    ] Total time for which application threads were stopped: 0.0000862 seconds, Stopping threads took: 0.0000325 seconds
[2022-06-16T20:27:43.662+0000][7344][safepoint    ] Application time: 0.0000160 seconds
[2022-06-16T20:27:43.662+0000][7344][safepoint    ] Entering safepoint region: RevokeBias
[2022-06-16T20:27:43.662+0000][7344][safepoint    ] Leaving safepoint region
[2022-06-16T20:27:43.662+0000][7344][safepoint    ] Total time for which application threads were stopped: 0.0000870 seconds, Stopping threads took: 0.0000324 seconds
[2022-06-16T20:27:43.662+0000][7344][safepoint    ] Application time: 0.0000188 seconds
[2022-06-16T20:27:43.662+0000][7344][safepoint    ] Entering safepoint region: RevokeBias
[2022-06-16T20:27:43.662+0000][7344][safepoint    ] Leaving safepoint region
[2022-06-16T20:27:43.662+0000][7344][safepoint    ] Total time for which application threads were stopped: 0.0000671 seconds, Stopping threads took: 0.0000170 seconds
[2022-06-16T20:27:43.662+0000][7344][safepoint    ] Application time: 0.0000155 seconds
[2022-06-16T20:27:43.662+0000][7344][safepoint    ] Entering safepoint region: RevokeBias
[2022-06-16T20:27:43.662+0000][7344][safepoint    ] Leaving safepoint region
[2022-06-16T20:27:43.662+0000][7344][safepoint    ] Total time for which application threads were stopped: 0.0000693 seconds, Stopping threads took: 0.0000187 seconds
[2022-06-16T20:27:43.662+0000][7344][safepoint    ] Application time: 0.0000171 seconds
[2022-06-16T20:27:43.662+0000][7344][safepoint    ] Entering safepoint region: RevokeBias
[2022-06-16T20:27:43.662+0000][7344][safepoint    ] Leaving safepoint region
[2022-06-16T20:27:43.662+0000][7344][safepoint    ] Total time for which application threads were stopped: 0.0001216 seconds, Stopping threads took: 0.0000414 seconds
[2022-06-16T20:27:43.662+0000][7344][safepoint    ] Application time: 0.0000269 seconds
[2022-06-16T20:27:43.662+0000][7344][safepoint    ] Entering safepoint region: RevokeBias
[2022-06-16T20:27:43.662+0000][7344][safepoint    ] Leaving safepoint region
[2022-06-16T20:27:43.662+0000][7344][safepoint    ] Total time for which application threads were stopped: 0.0000751 seconds, Stopping threads took: 0.0000199 seconds
[2022-06-16T20:27:44.662+0000][7344][safepoint    ] Application time: 0.9969816 seconds
[2022-06-16T20:27:44.662+0000][7344][safepoint    ] Entering safepoint region: Cleanup
[2022-06-16T20:27:44.662+0000][7344][safepoint    ] Leaving safepoint region
[2022-06-16T20:27:44.662+0000][7344][safepoint    ] Total time for which application threads were stopped: 0.0001216 seconds, Stopping threads took: 0.0000301 seconds
[2022-06-16T20:27:45.673+0000][7344][safepoint    ] Application time: 1.0106162 seconds
[2022-06-16T20:27:45.673+0000][7344][safepoint    ] Entering safepoint region: Cleanup
[2022-06-16T20:27:45.673+0000][7344][safepoint    ] Leaving safepoint region
[2022-06-16T20:27:45.673+0000][7344][safepoint    ] Total time for which application threads were stopped: 0.0001309 seconds, Stopping threads took: 0.0000316 seconds
[2022-06-16T20:27:46.110+0000][7344][safepoint    ] Application time: 0.4381104 seconds
[2022-06-16T20:27:46.110+0000][7344][safepoint    ] Entering safepoint region: RevokeBias
[2022-06-16T20:27:46.110+0000][7344][safepoint    ] Leaving safepoint region
[2022-06-16T20:27:46.110+0000][7344][safepoint    ] Total time for which application threads were stopped: 0.0001314 seconds, Stopping threads took: 0.0000258 seconds
[2022-06-16T20:27:46.110+0000][7344][safepoint    ] Application time: 0.0000565 seconds
[2022-06-16T20:27:46.110+0000][7344][safepoint    ] Entering safepoint region: RevokeBias
[2022-06-16T20:27:46.110+0000][7344][safepoint    ] Leaving safepoint region
[2022-06-16T20:27:46.110+0000][7344][safepoint    ] Total time for which application threads were stopped: 0.0000965 seconds, Stopping threads took: 0.0000218 seconds
[2022-06-16T20:27:46.110+0000][7344][safepoint    ] Application time: 0.0000327 seconds
[2022-06-16T20:27:46.110+0000][7344][safepoint    ] Entering safepoint region: RevokeBias
[2022-06-16T20:27:46.110+0000][7344][safepoint    ] Leaving safepoint region
[2022-06-16T20:27:46.110+0000][7344][safepoint    ] Total time for which application threads were stopped: 0.0000777 seconds, Stopping threads took: 0.0000202 seconds
[2022-06-16T20:27:47.126+0000][7344][safepoint    ] Application time: 1.0142763 seconds
[2022-06-16T20:27:47.126+0000][7344][safepoint    ] Entering safepoint region: Cleanup
[2022-06-16T20:27:47.126+0000][7344][safepoint    ] Leaving safepoint region
[2022-06-16T20:27:47.126+0000][7344][safepoint    ] Total time for which application threads were stopped: 0.0006428 seconds, Stopping threads took: 0.0000312 seconds
[2022-06-16T20:27:48.126+0000][7344][safepoint    ] Application time: 1.0004879 seconds
[2022-06-16T20:27:48.189+0000][7344][safepoint    ] Entering safepoint region: Cleanup
[2022-06-16T20:27:48.189+0000][7344][safepoint    ] Leaving safepoint region
[2022-06-16T20:27:48.189+0000][7344][safepoint    ] Total time for which application threads were stopped: 0.0750039 seconds, Stopping threads took: 0.0748993 seconds
[2022-06-16T20:27:49.204+0000][7344][safepoint    ] Application time: 1.0018794 seconds
[2022-06-16T20:27:49.204+0000][7344][safepoint    ] Entering safepoint region: Cleanup
[2022-06-16T20:27:49.204+0000][7344][safepoint    ] Leaving safepoint region
[2022-06-16T20:27:49.204+0000][7344][safepoint    ] Total time for which application threads were stopped: 0.0001228 seconds, Stopping threads took: 0.0000311 seconds
[2022-06-16T20:27:50.220+0000][7344][safepoint    ] Application time: 1.0153273 seconds
[2022-06-16T20:27:50.220+0000][7344][safepoint    ] Entering safepoint region: Cleanup
[2022-06-16T20:27:50.220+0000][7344][safepoint    ] Leaving safepoint region
[2022-06-16T20:27:50.220+0000][7344][safepoint    ] Total time for which application threads were stopped: 0.0001214 seconds, Stopping threads took: 0.0000285 seconds
[2022-06-16T20:27:51.235+0000][7344][safepoint    ] Application time: 1.0154630 seconds
[2022-06-16T20:27:51.235+0000][7344][safepoint    ] Entering safepoint region: Cleanup
[2022-06-16T20:27:51.235+0000][7344][safepoint    ] Leaving safepoint region
[2022-06-16T20:27:51.235+0000][7344][safepoint    ] Total time for which application threads were stopped: 0.0001160 seconds, Stopping threads took: 0.0000293 seconds
[2022-06-16T20:27:52.251+0000][7344][safepoint    ] Application time: 1.0153895 seconds
[2022-06-16T20:27:52.251+0000][7344][safepoint    ] Entering safepoint region: Cleanup
[2022-06-16T20:27:52.251+0000][7344][safepoint    ] Leaving safepoint region
[2022-06-16T20:27:52.251+0000][7344][safepoint    ] Total time for which application threads were stopped: 0.0001184 seconds, Stopping threads took: 0.0000312 seconds
[2022-06-16T20:27:53.258+0000][7344][safepoint    ] Application time: 1.0065086 seconds
[2022-06-16T20:27:53.258+0000][7344][safepoint    ] Entering safepoint region: Cleanup
[2022-06-16T20:27:53.258+0000][7344][safepoint    ] Leaving safepoint region
[2022-06-16T20:27:53.258+0000][7344][safepoint    ] Total time for which application threads were stopped: 0.0001239 seconds, Stopping threads took: 0.0000314 seconds
[2022-06-16T20:27:54.258+0000][7344][safepoint    ] Application time: 0.9997961 seconds
[2022-06-16T20:27:54.258+0000][7344][safepoint    ] Entering safepoint region: Cleanup
[2022-06-16T20:27:54.258+0000][7344][safepoint    ] Leaving safepoint region
[2022-06-16T20:27:54.258+0000][7344][safepoint    ] Total time for which application threads were stopped: 0.0001148 seconds, Stopping threads took: 0.0000301 seconds
[2022-06-16T20:27:55.258+0000][7344][safepoint    ] Application time: 1.0010405 seconds
[2022-06-16T20:27:55.258+0000][7344][safepoint    ] Entering safepoint region: Cleanup
[2022-06-16T20:27:55.258+0000][7344][safepoint    ] Leaving safepoint region
[2022-06-16T20:27:55.258+0000][7344][safepoint    ] Total time for which application threads were stopped: 0.0001222 seconds, Stopping threads took: 0.0000328 seconds
[2022-06-16T20:27:56.273+0000][7344][safepoint    ] Application time: 1.0142071 seconds
[2022-06-16T20:27:56.305+0000][7344][safepoint    ] Entering safepoint region: Cleanup
[2022-06-16T20:27:56.305+0000][7344][safepoint    ] Leaving safepoint region
[2022-06-16T20:27:56.305+0000][7344][safepoint    ] Total time for which application threads were stopped: 0.0375855 seconds, Stopping threads took: 0.0374863 seconds
[2022-06-16T20:27:57.305+0000][7344][safepoint    ] Application time: 0.9935723 seconds
[2022-06-16T20:27:57.305+0000][7344][safepoint    ] Entering safepoint region: Cleanup
[2022-06-16T20:27:57.305+0000][7344][safepoint    ] Leaving safepoint region
[2022-06-16T20:27:57.305+0000][7344][safepoint    ] Total time for which application threads were stopped: 0.0035923 seconds, Stopping threads took: 0.0034943 seconds
[2022-06-16T20:27:58.305+0000][7344][safepoint    ] Application time: 0.9963366 seconds
[2022-06-16T20:27:58.305+0000][7344][safepoint    ] Entering safepoint region: Cleanup
[2022-06-16T20:27:58.305+0000][7344][safepoint    ] Leaving safepoint region
[2022-06-16T20:27:58.305+0000][7344][safepoint    ] Total time for which application threads were stopped: 0.0001423 seconds, Stopping threads took: 0.0000359 seconds
[2022-06-16T20:27:59.320+0000][7344][safepoint    ] Application time: 1.0155219 seconds
[2022-06-16T20:27:59.320+0000][7344][safepoint    ] Entering safepoint region: Cleanup
[2022-06-16T20:27:59.320+0000][7344][safepoint    ] Leaving safepoint region
[2022-06-16T20:27:59.320+0000][7344][safepoint    ] Total time for which application threads were stopped: 0.0001254 seconds, Stopping threads took: 0.0000308 seconds
[2022-06-16T20:28:00.336+0000][7344][safepoint    ] Application time: 1.0152950 seconds
[2022-06-16T20:28:00.336+0000][7344][safepoint    ] Entering safepoint region: Cleanup
[2022-06-16T20:28:00.336+0000][7344][safepoint    ] Leaving safepoint region
[2022-06-16T20:28:00.336+0000][7344][safepoint    ] Total time for which application threads were stopped: 0.0001315 seconds, Stopping threads took: 0.0000316 seconds
[2022-06-16T20:28:01.351+0000][7344][safepoint    ] Application time: 1.0153933 seconds
[2022-06-16T20:28:01.351+0000][7344][safepoint    ] Entering safepoint region: Cleanup
[2022-06-16T20:28:01.351+0000][7344][safepoint    ] Leaving safepoint region
[2022-06-16T20:28:01.351+0000][7344][safepoint    ] Total time for which application threads were stopped: 0.0001212 seconds, Stopping threads took: 0.0000294 seconds
[2022-06-16T20:28:02.351+0000][7344][safepoint    ] Application time: 0.9997938 seconds
[2022-06-16T20:28:02.351+0000][7344][safepoint    ] Entering safepoint region: Cleanup
[2022-06-16T20:28:02.351+0000][7344][safepoint    ] Leaving safepoint region
[2022-06-16T20:28:02.351+0000][7344][safepoint    ] Total time for which application threads were stopped: 0.0001219 seconds, Stopping threads took: 0.0000304 seconds
[2022-06-16T20:28:03.367+0000][7344][safepoint    ] Application time: 1.0154057 seconds
[2022-06-16T20:28:03.367+0000][7344][safepoint    ] Entering safepoint region: Cleanup
[2022-06-16T20:28:03.367+0000][7344][safepoint    ] Leaving safepoint region
[2022-06-16T20:28:03.367+0000][7344][safepoint    ] Total time for which application threads were stopped: 0.0001266 seconds, Stopping threads took: 0.0000290 seconds
[2022-06-16T20:28:04.383+0000][7344][safepoint    ] Application time: 1.0154181 seconds
[2022-06-16T20:28:04.383+0000][7344][safepoint    ] Entering safepoint region: Cleanup
[2022-06-16T20:28:04.383+0000][7344][safepoint    ] Leaving safepoint region
[2022-06-16T20:28:04.383+0000][7344][safepoint    ] Total time for which application threads were stopped: 0.0001288 seconds, Stopping threads took: 0.0000295 seconds
[2022-06-16T20:28:05.383+0000][7344][safepoint    ] Application time: 0.9997737 seconds
[2022-06-16T20:28:05.383+0000][7344][safepoint    ] Entering safepoint region: Cleanup
[2022-06-16T20:28:05.383+0000][7344][safepoint    ] Leaving safepoint region
[2022-06-16T20:28:05.383+0000][7344][safepoint    ] Total time for which application threads were stopped: 0.0001227 seconds, Stopping threads took: 0.0000311 seconds
[2022-06-16T20:28:06.398+0000][7344][safepoint    ] Application time: 1.0154242 seconds
[2022-06-16T20:28:06.398+0000][7344][safepoint    ] Entering safepoint region: Cleanup
[2022-06-16T20:28:06.398+0000][7344][safepoint    ] Leaving safepoint region
[2022-06-16T20:28:06.398+0000][7344][safepoint    ] Total time for which application threads were stopped: 0.0001287 seconds, Stopping threads took: 0.0000286 seconds
[2022-06-16T20:28:07.414+0000][7344][safepoint    ] Application time: 1.0154326 seconds
[2022-06-16T20:28:07.414+0000][7344][safepoint    ] Entering safepoint region: Cleanup
[2022-06-16T20:28:07.414+0000][7344][safepoint    ] Leaving safepoint region
[2022-06-16T20:28:07.414+0000][7344][safepoint    ] Total time for which application threads were stopped: 0.0002443 seconds, Stopping threads took: 0.0001570 seconds
[2022-06-16T20:28:08.419+0000][7344][safepoint    ] Application time: 1.0043329 seconds
[2022-06-16T20:28:08.419+0000][7344][safepoint    ] Entering safepoint region: Cleanup
[2022-06-16T20:28:08.419+0000][7344][safepoint    ] Leaving safepoint region
[2022-06-16T20:28:08.419+0000][7344][safepoint    ] Total time for which application threads were stopped: 0.0001184 seconds, Stopping threads took: 0.0000287 seconds
[2022-06-16T20:28:09.420+0000][7344][safepoint    ] Application time: 1.0012458 seconds
[2022-06-16T20:28:09.420+0000][7344][safepoint    ] Entering safepoint region: Cleanup
[2022-06-16T20:28:09.420+0000][7344][safepoint    ] Leaving safepoint region
[2022-06-16T20:28:09.420+0000][7344][safepoint    ] Total time for which application threads were stopped: 0.0001010 seconds, Stopping threads took: 0.0000233 seconds
[2022-06-16T20:28:09.959+0000][7344][safepoint    ] Application time: 0.5401905 seconds
[2022-06-16T20:28:09.959+0000][7344][safepoint    ] Entering safepoint region: RevokeBias
[2022-06-16T20:28:09.959+0000][7344][safepoint    ] Leaving safepoint region
[2022-06-16T20:28:09.959+0000][7344][safepoint    ] Total time for which application threads were stopped: 0.0001807 seconds, Stopping threads took: 0.0000783 seconds
[2022-06-16T20:28:09.959+0000][7344][safepoint    ] Application time: 0.0085088 seconds
[2022-06-16T20:28:09.959+0000][7344][safepoint    ] Entering safepoint region: RevokeBias
[2022-06-16T20:28:09.959+0000][7344][safepoint    ] Leaving safepoint region
[2022-06-16T20:28:09.959+0000][7344][safepoint    ] Total time for which application threads were stopped: 0.0001349 seconds, Stopping threads took: 0.0000553 seconds
[2022-06-16T20:28:09.959+0000][7344][safepoint    ] Application time: 0.0044674 seconds
[2022-06-16T20:28:09.959+0000][7344][safepoint    ] Entering safepoint region: RevokeBias
[2022-06-16T20:28:09.959+0000][7344][safepoint    ] Leaving safepoint region
[2022-06-16T20:28:09.959+0000][7344][safepoint    ] Total time for which application threads were stopped: 0.0001131 seconds, Stopping threads took: 0.0000374 seconds
[2022-06-16T20:28:09.959+0000][7344][safepoint    ] Application time: 0.0006714 seconds
[2022-06-16T20:28:09.959+0000][7344][safepoint    ] Entering safepoint region: RevokeBias
[2022-06-16T20:28:09.959+0000][7344][safepoint    ] Leaving safepoint region
[2022-06-16T20:28:09.959+0000][7344][safepoint    ] Total time for which application threads were stopped: 0.0001104 seconds, Stopping threads took: 0.0000421 seconds
[2022-06-16T20:28:09.975+0000][7344][safepoint    ] Application time: 0.0009467 seconds
[2022-06-16T20:28:09.975+0000][7344][safepoint    ] Entering safepoint region: RevokeBias
[2022-06-16T20:28:09.975+0000][7344][safepoint    ] Leaving safepoint region
[2022-06-16T20:28:09.975+0000][7344][safepoint    ] Total time for which application threads were stopped: 0.0000991 seconds, Stopping threads took: 0.0000255 seconds
[2022-06-16T20:28:10.975+0000][7344][safepoint    ] Application time: 0.9994859 seconds
[2022-06-16T20:28:10.975+0000][7344][safepoint    ] Entering safepoint region: Cleanup
[2022-06-16T20:28:10.975+0000][7344][safepoint    ] Leaving safepoint region
[2022-06-16T20:28:10.975+0000][7344][safepoint    ] Total time for which application threads were stopped: 0.0001502 seconds, Stopping threads took: 0.0000338 seconds
[2022-06-16T20:28:11.461+0000][7344][safepoint    ] Application time: 0.4857087 seconds
[2022-06-16T20:28:11.461+0000][7344][safepoint    ] Entering safepoint region: RevokeBias
[2022-06-16T20:28:11.461+0000][7344][safepoint    ] Leaving safepoint region
[2022-06-16T20:28:11.461+0000][7344][safepoint    ] Total time for which application threads were stopped: 0.0001181 seconds, Stopping threads took: 0.0000227 seconds
[2022-06-16T20:28:11.461+0000][7344][safepoint    ] Application time: 0.0018912 seconds
[2022-06-16T20:28:11.461+0000][7344][safepoint    ] Entering safepoint region: RevokeBias
[2022-06-16T20:28:11.461+0000][7344][safepoint    ] Leaving safepoint region
[2022-06-16T20:28:11.461+0000][7344][safepoint    ] Total time for which application threads were stopped: 0.0002166 seconds, Stopping threads took: 0.0000486 seconds
[2022-06-16T20:28:11.461+0000][7344][safepoint    ] Application time: 0.0002775 seconds
[2022-06-16T20:28:11.461+0000][7344][safepoint    ] Entering safepoint region: RevokeBias
[2022-06-16T20:28:11.461+0000][7344][safepoint    ] Leaving safepoint region
[2022-06-16T20:28:11.461+0000][7344][safepoint    ] Total time for which application threads were stopped: 0.0001072 seconds, Stopping threads took: 0.0000403 seconds
[2022-06-16T20:28:11.477+0000][7344][safepoint    ] Application time: 0.0127774 seconds
[2022-06-16T20:28:11.477+0000][7344][safepoint    ] Entering safepoint region: RevokeBias
[2022-06-16T20:28:11.477+0000][7344][safepoint    ] Leaving safepoint region
[2022-06-16T20:28:11.477+0000][7344][safepoint    ] Total time for which application threads were stopped: 0.0001085 seconds, Stopping threads took: 0.0000213 seconds
[2022-06-16T20:28:11.477+0000][7344][safepoint    ] Application time: 0.0000369 seconds
[2022-06-16T20:28:11.477+0000][7344][safepoint    ] Entering safepoint region: RevokeBias
[2022-06-16T20:28:11.477+0000][7344][safepoint    ] Leaving safepoint region
[2022-06-16T20:28:11.477+0000][7344][safepoint    ] Total time for which application threads were stopped: 0.0000721 seconds, Stopping threads took: 0.0000133 seconds
[2022-06-16T20:28:11.492+0000][7344][safepoint    ] Application time: 0.0152951 seconds
[2022-06-16T20:28:11.492+0000][7344][safepoint    ] Entering safepoint region: RevokeBias
[2022-06-16T20:28:11.492+0000][7344][safepoint    ] Leaving safepoint region
[2022-06-16T20:28:11.492+0000][7344][safepoint    ] Total time for which application threads were stopped: 0.0001018 seconds, Stopping threads took: 0.0000278 seconds
[2022-06-16T20:28:11.492+0000][7344][safepoint    ] Application time: 0.0001160 seconds
[2022-06-16T20:28:11.492+0000][7344][safepoint    ] Entering safepoint region: RevokeBias
[2022-06-16T20:28:11.492+0000][7344][safepoint    ] Leaving safepoint region
[2022-06-16T20:28:11.492+0000][7344][safepoint    ] Total time for which application threads were stopped: 0.0000957 seconds, Stopping threads took: 0.0000259 seconds
[2022-06-16T20:28:11.492+0000][7344][safepoint    ] Application time: 0.0000510 seconds
[2022-06-16T20:28:11.492+0000][7344][safepoint    ] Entering safepoint region: RevokeBias
[2022-06-16T20:28:11.492+0000][7344][safepoint    ] Leaving safepoint region
[2022-06-16T20:28:11.492+0000][7344][safepoint    ] Total time for which application threads were stopped: 0.0000692 seconds, Stopping threads took: 0.0000283 seconds
[2022-06-16T20:28:11.492+0000][7344][safepoint    ] Application time: 0.0002363 seconds
[2022-06-16T20:28:11.492+0000][7344][safepoint    ] Entering safepoint region: RevokeBias
[2022-06-16T20:28:11.492+0000][7344][safepoint    ] Leaving safepoint region
[2022-06-16T20:28:11.492+0000][7344][safepoint    ] Total time for which application threads were stopped: 0.0001089 seconds, Stopping threads took: 0.0000571 seconds
[2022-06-16T20:28:19.559+0000][7344][safepoint    ] Application time: 8.0655053 seconds
[2022-06-16T20:28:19.559+0000][7344][safepoint    ] Entering safepoint region: Cleanup
[2022-06-16T20:28:19.559+0000][7344][safepoint    ] Leaving safepoint region
[2022-06-16T20:28:19.559+0000][7344][safepoint    ] Total time for which application threads were stopped: 0.0001143 seconds, Stopping threads took: 0.0000257 seconds
[2022-06-16T20:28:23.593+0000][7344][safepoint    ] Application time: 4.0342524 seconds
[2022-06-16T20:28:23.593+0000][7344][safepoint    ] Entering safepoint region: Cleanup
[2022-06-16T20:28:23.593+0000][7344][safepoint    ] Leaving safepoint region
[2022-06-16T20:28:23.593+0000][7344][safepoint    ] Total time for which application threads were stopped: 0.0001476 seconds, Stopping threads took: 0.0000332 seconds
[2022-06-16T20:28:26.624+0000][7344][safepoint    ] Application time: 3.0300603 seconds
[2022-06-16T20:28:26.624+0000][7344][safepoint    ] Entering safepoint region: Cleanup
[2022-06-16T20:28:26.624+0000][7344][safepoint    ] Leaving safepoint region
[2022-06-16T20:28:26.624+0000][7344][safepoint    ] Total time for which application threads were stopped: 0.0001140 seconds, Stopping threads took: 0.0000250 seconds
[2022-06-16T20:28:28.624+0000][7344][safepoint    ] Application time: 2.0006122 seconds
[2022-06-16T20:28:28.624+0000][7344][safepoint    ] Entering safepoint region: Cleanup
[2022-06-16T20:28:28.624+0000][7344][safepoint    ] Leaving safepoint region
[2022-06-16T20:28:28.624+0000][7344][safepoint    ] Total time for which application threads were stopped: 0.0001584 seconds, Stopping threads took: 0.0000330 seconds
[2022-06-16T20:28:32.679+0000][7344][safepoint    ] Application time: 4.0545906 seconds
[2022-06-16T20:28:32.679+0000][7344][safepoint    ] Entering safepoint region: RevokeBias
[2022-06-16T20:28:32.679+0000][7344][safepoint    ] Leaving safepoint region
[2022-06-16T20:28:32.679+0000][7344][safepoint    ] Total time for which application threads were stopped: 0.0001281 seconds, Stopping threads took: 0.0000482 seconds
[2022-06-16T20:28:36.701+0000][7344][safepoint    ] Application time: 4.0210226 seconds
[2022-06-16T20:28:36.701+0000][7344][safepoint    ] Entering safepoint region: Cleanup
[2022-06-16T20:28:36.701+0000][7344][safepoint    ] Leaving safepoint region
[2022-06-16T20:28:36.701+0000][7344][safepoint    ] Total time for which application threads were stopped: 0.0001150 seconds, Stopping threads took: 0.0000253 seconds
[2022-06-16T20:28:37.345+0000][7344][safepoint    ] Application time: 0.6447367 seconds
[2022-06-16T20:28:37.345+0000][7344][safepoint    ] Entering safepoint region: RevokeBias
[2022-06-16T20:28:37.345+0000][7344][safepoint    ] Leaving safepoint region
[2022-06-16T20:28:37.345+0000][7344][safepoint    ] Total time for which application threads were stopped: 0.0001368 seconds, Stopping threads took: 0.0000294 seconds
[2022-06-16T20:28:39.426+0000][7344][safepoint    ] Application time: 2.0809242 seconds
[2022-06-16T20:28:39.426+0000][7344][safepoint    ] Entering safepoint region: RevokeBias
[2022-06-16T20:28:39.426+0000][7344][safepoint    ] Leaving safepoint region
[2022-06-16T20:28:39.426+0000][7344][safepoint    ] Total time for which application threads were stopped: 0.0001537 seconds, Stopping threads took: 0.0000427 seconds
[2022-06-16T20:28:39.426+0000][7344][safepoint    ] Application time: 0.0005907 seconds
[2022-06-16T20:28:39.426+0000][7344][safepoint    ] Entering safepoint region: RevokeBias
[2022-06-16T20:28:39.426+0000][7344][safepoint    ] Leaving safepoint region
[2022-06-16T20:28:39.426+0000][7344][safepoint    ] Total time for which application threads were stopped: 0.0001562 seconds, Stopping threads took: 0.0000233 seconds
[2022-06-16T20:28:39.552+0000][7344][safepoint    ] Application time: 0.1248753 seconds
[2022-06-16T20:28:39.552+0000][7344][safepoint    ] Entering safepoint region: RevokeBias
[2022-06-16T20:28:39.552+0000][7344][safepoint    ] Leaving safepoint region
[2022-06-16T20:28:39.552+0000][7344][safepoint    ] Total time for which application threads were stopped: 0.0001328 seconds, Stopping threads took: 0.0000230 seconds
[2022-06-16T20:28:39.599+0000][7344][safepoint    ] Application time: 0.0466426 seconds
[2022-06-16T20:28:39.599+0000][7344][safepoint    ] Entering safepoint region: RevokeBias
[2022-06-16T20:28:39.599+0000][7344][safepoint    ] Leaving safepoint region
[2022-06-16T20:28:39.599+0000][7344][safepoint    ] Total time for which application threads were stopped: 0.0001019 seconds, Stopping threads took: 0.0000208 seconds
[2022-06-16T20:28:39.967+0000][7344][safepoint    ] Application time: 0.3673019 seconds
[2022-06-16T20:28:39.967+0000][7344][safepoint    ] Entering safepoint region: BulkRevokeBias
[2022-06-16T20:28:39.967+0000][7344][safepoint    ] Leaving safepoint region
[2022-06-16T20:28:39.967+0000][7344][safepoint    ] Total time for which application threads were stopped: 0.0003884 seconds, Stopping threads took: 0.0000217 seconds
[2022-06-16T20:28:39.982+0000][7344][safepoint    ] Application time: 0.0159300 seconds
[2022-06-16T20:28:39.982+0000][7344][safepoint    ] Entering safepoint region: RevokeBias
[2022-06-16T20:28:39.982+0000][7344][safepoint    ] Leaving safepoint region
[2022-06-16T20:28:39.982+0000][7344][safepoint    ] Total time for which application threads were stopped: 0.0001446 seconds, Stopping threads took: 0.0000460 seconds
[2022-06-16T20:28:39.982+0000][7344][safepoint    ] Application time: 0.0002159 seconds
[2022-06-16T20:28:39.982+0000][7344][safepoint    ] Entering safepoint region: RevokeBias
[2022-06-16T20:28:39.982+0000][7344][safepoint    ] Leaving safepoint region
[2022-06-16T20:28:39.982+0000][7344][safepoint    ] Total time for which application threads were stopped: 0.0000698 seconds, Stopping threads took: 0.0000230 seconds
[2022-06-16T20:28:39.982+0000][7344][safepoint    ] Application time: 0.0001627 seconds
[2022-06-16T20:28:39.982+0000][7344][safepoint    ] Entering safepoint region: RevokeBias
[2022-06-16T20:28:39.982+0000][7344][safepoint    ] Leaving safepoint region
[2022-06-16T20:28:39.982+0000][7344][safepoint    ] Total time for which application threads were stopped: 0.0000733 seconds, Stopping threads took: 0.0000216 seconds
[2022-06-16T20:28:39.982+0000][7344][safepoint    ] Application time: 0.0001297 seconds
[2022-06-16T20:28:39.982+0000][7344][safepoint    ] Entering safepoint region: RevokeBias
[2022-06-16T20:28:39.982+0000][7344][safepoint    ] Leaving safepoint region
[2022-06-16T20:28:39.982+0000][7344][safepoint    ] Total time for which application threads were stopped: 0.0000685 seconds, Stopping threads took: 0.0000311 seconds
[2022-06-16T20:28:39.982+0000][7344][safepoint    ] Application time: 0.0001443 seconds
[2022-06-16T20:28:39.982+0000][7344][safepoint    ] Entering safepoint region: RevokeBias
[2022-06-16T20:28:39.982+0000][7344][safepoint    ] Leaving safepoint region
[2022-06-16T20:28:39.982+0000][7344][safepoint    ] Total time for which application threads were stopped: 0.0000691 seconds, Stopping threads took: 0.0000302 seconds
[2022-06-16T20:28:41.999+0000][7344][safepoint    ] Application time: 2.0147883 seconds
[2022-06-16T20:28:41.999+0000][7344][safepoint    ] Entering safepoint region: Cleanup
[2022-06-16T20:28:41.999+0000][7344][safepoint    ] Leaving safepoint region
[2022-06-16T20:28:41.999+0000][7344][safepoint    ] Total time for which application threads were stopped: 0.0001168 seconds, Stopping threads took: 0.0000279 seconds
[2022-06-16T20:28:47.028+0000][7344][safepoint    ] Application time: 5.0289759 seconds
[2022-06-16T20:28:47.028+0000][7344][safepoint    ] Entering safepoint region: Cleanup
[2022-06-16T20:28:47.028+0000][7344][safepoint    ] Leaving safepoint region
[2022-06-16T20:28:47.028+0000][7344][safepoint    ] Total time for which application threads were stopped: 0.0000978 seconds, Stopping threads took: 0.0000227 seconds
[2022-06-16T20:28:55.101+0000][7344][safepoint    ] Application time: 8.0728729 seconds
[2022-06-16T20:28:55.101+0000][7344][safepoint    ] Entering safepoint region: Cleanup
[2022-06-16T20:28:55.101+0000][7344][safepoint    ] Leaving safepoint region
[2022-06-16T20:28:55.101+0000][7344][safepoint    ] Total time for which application threads were stopped: 0.0002058 seconds, Stopping threads took: 0.0000351 seconds
[2022-06-16T20:28:56.115+0000][7344][safepoint    ] Application time: 1.0129777 seconds
[2022-06-16T20:28:56.115+0000][7344][safepoint    ] Entering safepoint region: Cleanup
[2022-06-16T20:28:56.115+0000][7344][safepoint    ] Leaving safepoint region
[2022-06-16T20:28:56.115+0000][7344][safepoint    ] Total time for which application threads were stopped: 0.0000969 seconds, Stopping threads took: 0.0000248 seconds
[2022-06-16T20:28:58.133+0000][7344][safepoint    ] Application time: 2.0183630 seconds
[2022-06-16T20:28:58.133+0000][7344][safepoint    ] Entering safepoint region: Cleanup
[2022-06-16T20:28:58.133+0000][7344][safepoint    ] Leaving safepoint region
[2022-06-16T20:28:58.133+0000][7344][safepoint    ] Total time for which application threads were stopped: 0.0001284 seconds, Stopping threads took: 0.0000328 seconds
[2022-06-16T20:29:00.152+0000][7344][safepoint    ] Application time: 2.0182831 seconds
[2022-06-16T20:29:00.152+0000][7344][safepoint    ] Entering safepoint region: Cleanup
[2022-06-16T20:29:00.152+0000][7344][safepoint    ] Leaving safepoint region
[2022-06-16T20:29:00.152+0000][7344][safepoint    ] Total time for which application threads were stopped: 0.0001048 seconds, Stopping threads took: 0.0000292 seconds
[2022-06-16T20:29:02.170+0000][7344][safepoint    ] Application time: 2.0183930 seconds
[2022-06-16T20:29:02.170+0000][7344][safepoint    ] Entering safepoint region: Cleanup
[2022-06-16T20:29:02.170+0000][7344][safepoint    ] Leaving safepoint region
[2022-06-16T20:29:02.170+0000][7344][safepoint    ] Total time for which application threads were stopped: 0.0000996 seconds, Stopping threads took: 0.0000244 seconds
[2022-06-16T20:29:03.181+0000][7344][safepoint    ] Application time: 1.0105187 seconds
[2022-06-16T20:29:03.181+0000][7344][safepoint    ] Entering safepoint region: Cleanup
[2022-06-16T20:29:03.181+0000][7344][safepoint    ] Leaving safepoint region
[2022-06-16T20:29:03.181+0000][7344][safepoint    ] Total time for which application threads were stopped: 0.0000977 seconds, Stopping threads took: 0.0000255 seconds
[2022-06-16T20:29:04.195+0000][7344][safepoint    ] Application time: 1.0140500 seconds
[2022-06-16T20:29:04.195+0000][7344][safepoint    ] Entering safepoint region: Cleanup
[2022-06-16T20:29:04.195+0000][7344][safepoint    ] Leaving safepoint region
[2022-06-16T20:29:04.195+0000][7344][safepoint    ] Total time for which application threads were stopped: 0.0000989 seconds, Stopping threads took: 0.0000231 seconds
[2022-06-16T20:29:07.212+0000][7344][safepoint    ] Application time: 3.0165158 seconds
[2022-06-16T20:29:07.212+0000][7344][safepoint    ] Entering safepoint region: Cleanup
[2022-06-16T20:29:07.212+0000][7344][safepoint    ] Leaving safepoint region
[2022-06-16T20:29:07.212+0000][7344][safepoint    ] Total time for which application threads were stopped: 0.0001006 seconds, Stopping threads took: 0.0000236 seconds
[2022-06-16T20:29:09.216+0000][7344][safepoint    ] Application time: 2.0041873 seconds
[2022-06-16T20:29:09.216+0000][7344][safepoint    ] Entering safepoint region: Cleanup
[2022-06-16T20:29:09.216+0000][7344][safepoint    ] Leaving safepoint region
[2022-06-16T20:29:09.216+0000][7344][safepoint    ] Total time for which application threads were stopped: 0.0001001 seconds, Stopping threads took: 0.0000239 seconds
[2022-06-16T20:29:09.997+0000][7344][safepoint    ] Application time: 0.7816205 seconds
[2022-06-16T20:29:09.997+0000][7344][safepoint    ] Entering safepoint region: RevokeBias
[2022-06-16T20:29:09.997+0000][7344][safepoint    ] Leaving safepoint region
[2022-06-16T20:29:09.997+0000][7344][safepoint    ] Total time for which application threads were stopped: 0.0001397 seconds, Stopping threads took: 0.0000337 seconds
[2022-06-16T20:29:09.997+0000][7344][safepoint    ] Application time: 0.0007037 seconds
[2022-06-16T20:29:09.997+0000][7344][safepoint    ] Entering safepoint region: RevokeBias
[2022-06-16T20:29:09.997+0000][7344][safepoint    ] Leaving safepoint region
[2022-06-16T20:29:09.997+0000][7344][safepoint    ] Total time for which application threads were stopped: 0.0000685 seconds, Stopping threads took: 0.0000153 seconds
[2022-06-16T20:29:10.998+0000][7344][safepoint    ] Application time: 0.9992464 seconds
[2022-06-16T20:29:10.998+0000][7344][safepoint    ] Entering safepoint region: Cleanup
[2022-06-16T20:29:10.998+0000][7344][safepoint    ] Leaving safepoint region
[2022-06-16T20:29:10.998+0000][7344][safepoint    ] Total time for which application threads were stopped: 0.0000951 seconds, Stopping threads took: 0.0000241 seconds
[2022-06-16T20:29:12.000+0000][7344][safepoint    ] Application time: 1.0015628 seconds
[2022-06-16T20:29:12.000+0000][7344][safepoint    ] Entering safepoint region: Cleanup
[2022-06-16T20:29:12.000+0000][7344][safepoint    ] Leaving safepoint region
[2022-06-16T20:29:12.000+0000][7344][safepoint    ] Total time for which application threads were stopped: 0.0001011 seconds, Stopping threads took: 0.0000235 seconds
[2022-06-16T20:29:16.038+0000][7344][safepoint    ] Application time: 4.0373205 seconds
[2022-06-16T20:29:16.038+0000][7344][safepoint    ] Entering safepoint region: Cleanup
[2022-06-16T20:29:16.038+0000][7344][safepoint    ] Leaving safepoint region
[2022-06-16T20:29:16.038+0000][7344][safepoint    ] Total time for which application threads were stopped: 0.0000921 seconds, Stopping threads took: 0.0000230 seconds
[2022-06-16T20:29:17.049+0000][7344][safepoint    ] Application time: 1.0115830 seconds
[2022-06-16T20:29:17.049+0000][7344][safepoint    ] Entering safepoint region: Cleanup
[2022-06-16T20:29:17.049+0000][7344][safepoint    ] Leaving safepoint region
[2022-06-16T20:29:17.049+0000][7344][safepoint    ] Total time for which application threads were stopped: 0.0000943 seconds, Stopping threads took: 0.0000242 seconds
[2022-06-16T20:29:31.157+0000][7344][safepoint    ] Application time: 14.1072237 seconds
[2022-06-16T20:29:31.157+0000][7344][safepoint    ] Entering safepoint region: Cleanup
[2022-06-16T20:29:31.157+0000][7344][safepoint    ] Leaving safepoint region
[2022-06-16T20:29:31.157+0000][7344][safepoint    ] Total time for which application threads were stopped: 0.0000913 seconds, Stopping threads took: 0.0000231 seconds
[2022-06-16T20:29:32.694+0000][7344][safepoint    ] Application time: 1.5374769 seconds
[2022-06-16T20:29:32.694+0000][7344][safepoint    ] Entering safepoint region: RevokeBias
[2022-06-16T20:29:32.694+0000][7344][safepoint    ] Leaving safepoint region
[2022-06-16T20:29:32.694+0000][7344][safepoint    ] Total time for which application threads were stopped: 0.0001107 seconds, Stopping threads took: 0.0000205 seconds
[2022-06-16T20:29:33.709+0000][7344][safepoint    ] Application time: 1.0144850 seconds
[2022-06-16T20:29:33.709+0000][7344][safepoint    ] Entering safepoint region: Cleanup
[2022-06-16T20:29:33.709+0000][7344][safepoint    ] Leaving safepoint region
[2022-06-16T20:29:33.709+0000][7344][safepoint    ] Total time for which application threads were stopped: 0.0000953 seconds, Stopping threads took: 0.0000238 seconds
[2022-06-16T20:29:35.735+0000][7344][safepoint    ] Application time: 2.0260644 seconds
[2022-06-16T20:29:35.735+0000][7344][safepoint    ] Entering safepoint region: Cleanup
[2022-06-16T20:29:35.735+0000][7344][safepoint    ] Leaving safepoint region
[2022-06-16T20:29:35.735+0000][7344][safepoint    ] Total time for which application threads were stopped: 0.0000934 seconds, Stopping threads took: 0.0000233 seconds
[2022-06-16T20:29:37.742+0000][7344][safepoint    ] Application time: 2.0071295 seconds
[2022-06-16T20:29:37.742+0000][7344][safepoint    ] Entering safepoint region: Cleanup
[2022-06-16T20:29:37.742+0000][7344][safepoint    ] Leaving safepoint region
[2022-06-16T20:29:37.742+0000][7344][safepoint    ] Total time for which application threads were stopped: 0.0000998 seconds, Stopping threads took: 0.0000254 seconds
[2022-06-16T20:29:40.002+0000][7344][safepoint    ] Application time: 2.2606901 seconds
[2022-06-16T20:29:40.002+0000][7344][safepoint    ] Entering safepoint region: RevokeBias
[2022-06-16T20:29:40.002+0000][7344][safepoint    ] Leaving safepoint region
[2022-06-16T20:29:40.002+0000][7344][safepoint    ] Total time for which application threads were stopped: 0.0001714 seconds, Stopping threads took: 0.0000665 seconds
[2022-06-16T20:29:40.002+0000][7344][safepoint    ] Application time: 0.0003022 seconds
[2022-06-16T20:29:40.002+0000][7344][safepoint    ] Entering safepoint region: RevokeBias
[2022-06-16T20:29:40.002+0000][7344][safepoint    ] Leaving safepoint region
[2022-06-16T20:29:40.002+0000][7344][safepoint    ] Total time for which application threads were stopped: 0.0001266 seconds, Stopping threads took: 0.0000383 seconds
[2022-06-16T20:29:41.014+0000][7344][safepoint    ] Application time: 1.0103242 seconds
[2022-06-16T20:29:41.014+0000][7344][safepoint    ] Entering safepoint region: Cleanup
[2022-06-16T20:29:41.014+0000][7344][safepoint    ] Leaving safepoint region
[2022-06-16T20:29:41.014+0000][7344][safepoint    ] Total time for which application threads were stopped: 0.0000973 seconds, Stopping threads took: 0.0000234 seconds
[2022-06-16T20:29:46.052+0000][7344][safepoint    ] Application time: 5.0378255 seconds
[2022-06-16T20:29:46.052+0000][7344][safepoint    ] Entering safepoint region: Cleanup
[2022-06-16T20:29:46.052+0000][7344][safepoint    ] Leaving safepoint region
[2022-06-16T20:29:46.052+0000][7344][safepoint    ] Total time for which application threads were stopped: 0.0000952 seconds, Stopping threads took: 0.0000232 seconds
[2022-06-16T20:29:47.054+0000][7344][safepoint    ] Application time: 1.0015691 seconds
[2022-06-16T20:29:47.054+0000][7344][safepoint    ] Entering safepoint region: Cleanup
[2022-06-16T20:29:47.054+0000][7344][safepoint    ] Leaving safepoint region
[2022-06-16T20:29:47.054+0000][7344][safepoint    ] Total time for which application threads were stopped: 0.0001025 seconds, Stopping threads took: 0.0000242 seconds
[2022-06-16T20:29:51.091+0000][7344][safepoint    ] Application time: 4.0367965 seconds
[2022-06-16T20:29:51.091+0000][7344][safepoint    ] Entering safepoint region: Cleanup
[2022-06-16T20:29:51.091+0000][7344][safepoint    ] Leaving safepoint region
[2022-06-16T20:29:51.091+0000][7344][safepoint    ] Total time for which application threads were stopped: 0.0000979 seconds, Stopping threads took: 0.0000254 seconds
[2022-06-16T20:29:53.104+0000][7344][safepoint    ] Application time: 2.0132730 seconds
[2022-06-16T20:29:53.104+0000][7344][safepoint    ] Entering safepoint region: Cleanup
[2022-06-16T20:29:53.104+0000][7344][safepoint    ] Leaving safepoint region
[2022-06-16T20:29:53.104+0000][7344][safepoint    ] Total time for which application threads were stopped: 0.0000930 seconds, Stopping threads took: 0.0000226 seconds
[2022-06-16T20:29:58.153+0000][7344][safepoint    ] Application time: 5.0482188 seconds
[2022-06-16T20:29:58.153+0000][7344][safepoint    ] Entering safepoint region: Cleanup
[2022-06-16T20:29:58.153+0000][7344][safepoint    ] Leaving safepoint region
[2022-06-16T20:29:58.153+0000][7344][safepoint    ] Total time for which application threads were stopped: 0.0000984 seconds, Stopping threads took: 0.0000253 seconds
[2022-06-16T20:29:59.166+0000][7344][safepoint    ] Application time: 1.0133818 seconds
[2022-06-16T20:29:59.166+0000][7344][safepoint    ] Entering safepoint region: Cleanup
[2022-06-16T20:29:59.166+0000][7344][safepoint    ] Leaving safepoint region
[2022-06-16T20:29:59.166+0000][7344][safepoint    ] Total time for which application threads were stopped: 0.0000907 seconds, Stopping threads took: 0.0000219 seconds
[2022-06-16T20:30:00.170+0000][7344][safepoint    ] Application time: 1.0031436 seconds
[2022-06-16T20:30:00.170+0000][7344][safepoint    ] Entering safepoint region: Cleanup
[2022-06-16T20:30:00.170+0000][7344][safepoint    ] Leaving safepoint region
[2022-06-16T20:30:00.170+0000][7344][safepoint    ] Total time for which application threads were stopped: 0.0000965 seconds, Stopping threads took: 0.0000238 seconds
[2022-06-16T20:30:02.180+0000][7344][safepoint    ] Application time: 2.0097781 seconds
[2022-06-16T20:30:02.180+0000][7344][safepoint    ] Entering safepoint region: Cleanup
[2022-06-16T20:30:02.180+0000][7344][safepoint    ] Leaving safepoint region
[2022-06-16T20:30:02.180+0000][7344][safepoint    ] Total time for which application threads were stopped: 0.0001100 seconds, Stopping threads took: 0.0000317 seconds
[2022-06-16T20:30:06.212+0000][7344][safepoint    ] Application time: 4.0317907 seconds
[2022-06-16T20:30:06.212+0000][7344][safepoint    ] Entering safepoint region: Cleanup
[2022-06-16T20:30:06.212+0000][7344][safepoint    ] Leaving safepoint region
[2022-06-16T20:30:06.212+0000][7344][safepoint    ] Total time for which application threads were stopped: 0.0001042 seconds, Stopping threads took: 0.0000230 seconds
[2022-06-16T20:30:07.223+0000][7344][safepoint    ] Application time: 1.0115752 seconds
[2022-06-16T20:30:07.223+0000][7344][safepoint    ] Entering safepoint region: Cleanup
[2022-06-16T20:30:07.223+0000][7344][safepoint    ] Leaving safepoint region
[2022-06-16T20:30:07.223+0000][7344][safepoint    ] Total time for which application threads were stopped: 0.0000990 seconds, Stopping threads took: 0.0000234 seconds
[2022-06-16T20:30:10.007+0000][7344][safepoint    ] Application time: 2.7846568 seconds
[2022-06-16T20:30:10.007+0000][7344][safepoint    ] Entering safepoint region: RevokeBias
[2022-06-16T20:30:10.007+0000][7344][safepoint    ] Leaving safepoint region
[2022-06-16T20:30:10.007+0000][7344][safepoint    ] Total time for which application threads were stopped: 0.0001460 seconds, Stopping threads took: 0.0000503 seconds
[2022-06-16T20:30:10.007+0000][7344][safepoint    ] Application time: 0.0007267 seconds
[2022-06-16T20:30:10.007+0000][7344][safepoint    ] Entering safepoint region: RevokeBias
[2022-06-16T20:30:10.007+0000][7344][safepoint    ] Leaving safepoint region
[2022-06-16T20:30:10.007+0000][7344][safepoint    ] Total time for which application threads were stopped: 0.0000663 seconds, Stopping threads took: 0.0000143 seconds
[2022-06-16T20:30:14.039+0000][7344][safepoint    ] Application time: 4.0298561 seconds
[2022-06-16T20:30:14.039+0000][7344][safepoint    ] Entering safepoint region: Cleanup
[2022-06-16T20:30:14.039+0000][7344][safepoint    ] Leaving safepoint region
[2022-06-16T20:30:14.039+0000][7344][safepoint    ] Total time for which application threads were stopped: 0.0000959 seconds, Stopping threads took: 0.0000235 seconds
[2022-06-16T20:30:22.108+0000][7344][safepoint    ] Application time: 8.0683365 seconds
[2022-06-16T20:30:22.108+0000][7344][safepoint    ] Entering safepoint region: Cleanup
[2022-06-16T20:30:22.108+0000][7344][safepoint    ] Leaving safepoint region
[2022-06-16T20:30:22.108+0000][7344][safepoint    ] Total time for which application threads were stopped: 0.0001280 seconds, Stopping threads took: 0.0000327 seconds
[2022-06-16T20:30:31.178+0000][7344][safepoint    ] Application time: 9.0699605 seconds
[2022-06-16T20:30:31.178+0000][7344][safepoint    ] Entering safepoint region: Cleanup
[2022-06-16T20:30:31.178+0000][7344][safepoint    ] Leaving safepoint region
[2022-06-16T20:30:31.178+0000][7344][safepoint    ] Total time for which application threads were stopped: 0.0001336 seconds, Stopping threads took: 0.0000315 seconds
[2022-06-16T20:30:36.221+0000][7344][safepoint    ] Application time: 5.0435176 seconds
[2022-06-16T20:30:36.221+0000][7344][safepoint    ] Entering safepoint region: Cleanup
[2022-06-16T20:30:36.221+0000][7344][safepoint    ] Leaving safepoint region
[2022-06-16T20:30:36.221+0000][7344][safepoint    ] Total time for which application threads were stopped: 0.0001249 seconds, Stopping threads took: 0.0000320 seconds
[2022-06-16T20:30:38.234+0000][7344][safepoint    ] Application time: 2.0127182 seconds
[2022-06-16T20:30:38.234+0000][7344][safepoint    ] Entering safepoint region: Cleanup
[2022-06-16T20:30:38.234+0000][7344][safepoint    ] Leaving safepoint region
[2022-06-16T20:30:38.234+0000][7344][safepoint    ] Total time for which application threads were stopped: 0.0001260 seconds, Stopping threads took: 0.0000336 seconds
[2022-06-16T20:30:40.018+0000][7344][safepoint    ] Application time: 1.7839782 seconds
[2022-06-16T20:30:40.018+0000][7344][safepoint    ] Entering safepoint region: RevokeBias
[2022-06-16T20:30:40.018+0000][7344][safepoint    ] Leaving safepoint region
[2022-06-16T20:30:40.018+0000][7344][safepoint    ] Total time for which application threads were stopped: 0.0001696 seconds, Stopping threads took: 0.0000550 seconds
[2022-06-16T20:30:40.018+0000][7344][safepoint    ] Application time: 0.0005797 seconds
[2022-06-16T20:30:40.018+0000][7344][safepoint    ] Entering safepoint region: RevokeBias
[2022-06-16T20:30:40.018+0000][7344][safepoint    ] Leaving safepoint region
[2022-06-16T20:30:40.018+0000][7344][safepoint    ] Total time for which application threads were stopped: 0.0000944 seconds, Stopping threads took: 0.0000269 seconds
[2022-06-16T20:30:42.030+0000][7344][safepoint    ] Application time: 2.0103665 seconds
[2022-06-16T20:30:42.030+0000][7344][safepoint    ] Entering safepoint region: Cleanup
[2022-06-16T20:30:42.030+0000][7344][safepoint    ] Leaving safepoint region
[2022-06-16T20:30:42.030+0000][7344][safepoint    ] Total time for which application threads were stopped: 0.0001040 seconds, Stopping threads took: 0.0000282 seconds
[2022-06-16T20:30:56.139+0000][7344][safepoint    ] Application time: 14.1092204 seconds
[2022-06-16T20:30:56.139+0000][7344][safepoint    ] Entering safepoint region: Cleanup
[2022-06-16T20:30:56.139+0000][7344][safepoint    ] Leaving safepoint region
[2022-06-16T20:30:56.139+0000][7344][safepoint    ] Total time for which application threads were stopped: 0.0000984 seconds, Stopping threads took: 0.0000225 seconds
[2022-06-16T20:31:10.032+0000][7344][safepoint    ] Application time: 13.8934012 seconds
[2022-06-16T20:31:10.032+0000][7344][safepoint    ] Entering safepoint region: RevokeBias
[2022-06-16T20:31:10.032+0000][7344][safepoint    ] Leaving safepoint region
[2022-06-16T20:31:10.032+0000][7344][safepoint    ] Total time for which application threads were stopped: 0.0001458 seconds, Stopping threads took: 0.0000495 seconds
[2022-06-16T20:31:10.032+0000][7344][safepoint    ] Application time: 0.0003861 seconds
[2022-06-16T20:31:10.032+0000][7344][safepoint    ] Entering safepoint region: RevokeBias
[2022-06-16T20:31:10.032+0000][7344][safepoint    ] Leaving safepoint region
[2022-06-16T20:31:10.032+0000][7344][safepoint    ] Total time for which application threads were stopped: 0.0000612 seconds, Stopping threads took: 0.0000141 seconds
[2022-06-16T20:31:12.041+0000][7344][safepoint    ] Application time: 2.0073081 seconds
[2022-06-16T20:31:12.041+0000][7344][safepoint    ] Entering safepoint region: Cleanup
[2022-06-16T20:31:12.041+0000][7344][safepoint    ] Leaving safepoint region
[2022-06-16T20:31:12.041+0000][7344][safepoint    ] Total time for which application threads were stopped: 0.0000932 seconds, Stopping threads took: 0.0000231 seconds
[2022-06-16T20:31:17.079+0000][7344][safepoint    ] Application time: 5.0379851 seconds
[2022-06-16T20:31:17.079+0000][7344][safepoint    ] Entering safepoint region: Cleanup
[2022-06-16T20:31:17.079+0000][7344][safepoint    ] Leaving safepoint region
[2022-06-16T20:31:17.079+0000][7344][safepoint    ] Total time for which application threads were stopped: 0.0000971 seconds, Stopping threads took: 0.0000234 seconds
[2022-06-16T20:31:37.238+0000][7344][safepoint    ] Application time: 20.1592084 seconds
[2022-06-16T20:31:37.238+0000][7344][safepoint    ] Entering safepoint region: Cleanup
[2022-06-16T20:31:37.238+0000][7344][safepoint    ] Leaving safepoint region
[2022-06-16T20:31:37.238+0000][7344][safepoint    ] Total time for which application threads were stopped: 0.0000911 seconds, Stopping threads took: 0.0000223 seconds
[2022-06-16T20:31:40.040+0000][7344][safepoint    ] Application time: 2.8025270 seconds
[2022-06-16T20:31:40.040+0000][7344][safepoint    ] Entering safepoint region: RevokeBias
[2022-06-16T20:31:40.040+0000][7344][safepoint    ] Leaving safepoint region
[2022-06-16T20:31:40.040+0000][7344][safepoint    ] Total time for which application threads were stopped: 0.0001602 seconds, Stopping threads took: 0.0000597 seconds
[2022-06-16T20:31:40.042+0000][7344][safepoint    ] Application time: 0.0004046 seconds
[2022-06-16T20:31:40.042+0000][7344][safepoint    ] Entering safepoint region: RevokeBias
[2022-06-16T20:31:40.042+0000][7344][safepoint    ] Leaving safepoint region
[2022-06-16T20:31:40.042+0000][7344][safepoint    ] Total time for which application threads were stopped: 0.0000668 seconds, Stopping threads took: 0.0000143 seconds
[2022-06-16T20:31:42.051+0000][7344][safepoint    ] Application time: 2.0089217 seconds
[2022-06-16T20:31:42.051+0000][7344][safepoint    ] Entering safepoint region: Cleanup
[2022-06-16T20:31:42.051+0000][7344][safepoint    ] Leaving safepoint region
[2022-06-16T20:31:42.051+0000][7344][safepoint    ] Total time for which application threads were stopped: 0.0001023 seconds, Stopping threads took: 0.0000234 seconds
[2022-06-16T20:31:50.120+0000][7344][safepoint    ] Application time: 8.0687995 seconds
[2022-06-16T20:31:50.120+0000][7344][safepoint    ] Entering safepoint region: Cleanup
[2022-06-16T20:31:50.120+0000][7344][safepoint    ] Leaving safepoint region
[2022-06-16T20:31:50.120+0000][7344][safepoint    ] Total time for which application threads were stopped: 0.0000986 seconds, Stopping threads took: 0.0000244 seconds
[2022-06-16T20:31:52.127+0000][7344][safepoint    ] Application time: 2.0077359 seconds
[2022-06-16T20:31:52.127+0000][7344][safepoint    ] Entering safepoint region: Cleanup
[2022-06-16T20:31:52.127+0000][7344][safepoint    ] Leaving safepoint region
[2022-06-16T20:31:52.127+0000][7344][safepoint    ] Total time for which application threads were stopped: 0.0000898 seconds, Stopping threads took: 0.0000221 seconds
[2022-06-16T20:31:55.157+0000][7344][safepoint    ] Application time: 3.0295840 seconds
[2022-06-16T20:31:55.157+0000][7344][safepoint    ] Entering safepoint region: Cleanup
[2022-06-16T20:31:55.157+0000][7344][safepoint    ] Leaving safepoint region
[2022-06-16T20:31:55.157+0000][7344][safepoint    ] Total time for which application threads were stopped: 0.0000939 seconds, Stopping threads took: 0.0000229 seconds
[2022-06-16T20:31:59.188+0000][7344][safepoint    ] Application time: 4.0306108 seconds
[2022-06-16T20:31:59.188+0000][7344][safepoint    ] Entering safepoint region: Cleanup
[2022-06-16T20:31:59.188+0000][7344][safepoint    ] Leaving safepoint region
[2022-06-16T20:31:59.188+0000][7344][safepoint    ] Total time for which application threads were stopped: 0.0001010 seconds, Stopping threads took: 0.0000236 seconds
[2022-06-16T20:32:10.053+0000][7344][safepoint    ] Application time: 10.8657727 seconds
[2022-06-16T20:32:10.053+0000][7344][safepoint    ] Entering safepoint region: RevokeBias
[2022-06-16T20:32:10.053+0000][7344][safepoint    ] Leaving safepoint region
[2022-06-16T20:32:10.053+0000][7344][safepoint    ] Total time for which application threads were stopped: 0.0001940 seconds, Stopping threads took: 0.0000719 seconds
[2022-06-16T20:32:10.053+0000][7344][safepoint    ] Application time: 0.0004309 seconds
[2022-06-16T20:32:10.053+0000][7344][safepoint    ] Entering safepoint region: RevokeBias
[2022-06-16T20:32:10.053+0000][7344][safepoint    ] Leaving safepoint region
[2022-06-16T20:32:10.053+0000][7344][safepoint    ] Total time for which application threads were stopped: 0.0000996 seconds, Stopping threads took: 0.0000287 seconds
[2022-06-16T20:32:40.057+0000][7344][safepoint    ] Application time: 30.0030806 seconds
[2022-06-16T20:32:40.057+0000][7344][safepoint    ] Entering safepoint region: BulkRevokeBias
[2022-06-16T20:32:40.057+0000][7344][safepoint    ] Leaving safepoint region
[2022-06-16T20:32:40.057+0000][7344][safepoint    ] Total time for which application threads were stopped: 0.0003408 seconds, Stopping threads took: 0.0000344 seconds
[2022-06-16T20:32:40.057+0000][7344][safepoint    ] Application time: 0.0008722 seconds
[2022-06-16T20:32:40.057+0000][7344][safepoint    ] Entering safepoint region: RevokeBias
[2022-06-16T20:32:40.057+0000][7344][safepoint    ] Leaving safepoint region
[2022-06-16T20:32:40.057+0000][7344][safepoint    ] Total time for which application threads were stopped: 0.0001006 seconds, Stopping threads took: 0.0000328 seconds
[2022-06-16T20:32:40.057+0000][7344][safepoint    ] Application time: 0.0000530 seconds
[2022-06-16T20:32:40.057+0000][7344][safepoint    ] Entering safepoint region: RevokeBias
[2022-06-16T20:32:40.057+0000][7344][safepoint    ] Leaving safepoint region
[2022-06-16T20:32:40.057+0000][7344][safepoint    ] Total time for which application threads were stopped: 0.0000778 seconds, Stopping threads took: 0.0000236 seconds
[2022-06-16T20:32:42.061+0000][7344][safepoint    ] Application time: 2.0013580 seconds
[2022-06-16T20:32:42.061+0000][7344][safepoint    ] Entering safepoint region: Cleanup
[2022-06-16T20:32:42.061+0000][7344][safepoint    ] Leaving safepoint region
[2022-06-16T20:32:42.061+0000][7344][safepoint    ] Total time for which application threads were stopped: 0.0001280 seconds, Stopping threads took: 0.0000320 seconds
[2022-06-16T20:32:55.173+0000][7344][safepoint    ] Application time: 13.1119979 seconds
[2022-06-16T20:32:55.173+0000][7344][safepoint    ] Entering safepoint region: Cleanup
[2022-06-16T20:32:55.173+0000][7344][safepoint    ] Leaving safepoint region
[2022-06-16T20:32:55.173+0000][7344][safepoint    ] Total time for which application threads were stopped: 0.0000954 seconds, Stopping threads took: 0.0000240 seconds
[2022-06-16T20:32:57.180+0000][7344][safepoint    ] Application time: 2.0074813 seconds
[2022-06-16T20:32:57.180+0000][7344][safepoint    ] Entering safepoint region: Cleanup
[2022-06-16T20:32:57.180+0000][7344][safepoint    ] Leaving safepoint region
[2022-06-16T20:32:57.180+0000][7344][safepoint    ] Total time for which application threads were stopped: 0.0000983 seconds, Stopping threads took: 0.0000248 seconds
[2022-06-16T20:33:10.073+0000][7344][safepoint    ] Application time: 12.8934346 seconds
[2022-06-16T20:33:10.073+0000][7344][safepoint    ] Entering safepoint region: RevokeBias
[2022-06-16T20:33:10.073+0000][7344][safepoint    ] Leaving safepoint region
[2022-06-16T20:33:10.073+0000][7344][safepoint    ] Total time for which application threads were stopped: 0.0001745 seconds, Stopping threads took: 0.0000359 seconds
[2022-06-16T20:33:10.073+0000][7344][safepoint    ] Application time: 0.0006598 seconds
[2022-06-16T20:33:10.073+0000][7344][safepoint    ] Entering safepoint region: RevokeBias
[2022-06-16T20:33:10.073+0000][7344][safepoint    ] Leaving safepoint region
[2022-06-16T20:33:10.073+0000][7344][safepoint    ] Total time for which application threads were stopped: 0.0000936 seconds, Stopping threads took: 0.0000438 seconds
[2022-06-16T20:33:40.081+0000][7344][safepoint    ] Application time: 30.0072374 seconds
[2022-06-16T20:33:40.081+0000][7344][safepoint    ] Entering safepoint region: RevokeBias
[2022-06-16T20:33:40.081+0000][7344][safepoint    ] Leaving safepoint region
[2022-06-16T20:33:40.081+0000][7344][safepoint    ] Total time for which application threads were stopped: 0.0001771 seconds, Stopping threads took: 0.0000341 seconds
[2022-06-16T20:33:40.083+0000][7344][safepoint    ] Application time: 0.0018229 seconds
[2022-06-16T20:33:40.083+0000][7344][safepoint    ] Entering safepoint region: RevokeBias
[2022-06-16T20:33:40.083+0000][7344][safepoint    ] Leaving safepoint region
[2022-06-16T20:33:40.083+0000][7344][safepoint    ] Total time for which application threads were stopped: 0.0001258 seconds, Stopping threads took: 0.0000292 seconds
[2022-06-16T20:33:42.112+0000][7344][safepoint    ] Application time: 2.0281335 seconds
[2022-06-16T20:33:42.112+0000][7344][safepoint    ] Entering safepoint region: Cleanup
[2022-06-16T20:33:42.112+0000][7344][safepoint    ] Leaving safepoint region
[2022-06-16T20:33:42.112+0000][7344][safepoint    ] Total time for which application threads were stopped: 0.0000945 seconds, Stopping threads took: 0.0000243 seconds
[2022-06-16T20:33:50.197+0000][7344][safepoint    ] Application time: 8.0857186 seconds
[2022-06-16T20:33:50.198+0000][7344][safepoint    ] Entering safepoint region: RevokeBias
[2022-06-16T20:33:50.198+0000][7344][safepoint    ] Leaving safepoint region
[2022-06-16T20:33:50.198+0000][7344][safepoint    ] Total time for which application threads were stopped: 0.0001198 seconds, Stopping threads took: 0.0000359 seconds
[2022-06-16T20:33:50.198+0000][7344][safepoint    ] Application time: 0.0005249 seconds
[2022-06-16T20:33:50.198+0000][7344][safepoint    ] Entering safepoint region: RevokeBias
[2022-06-16T20:33:50.198+0000][7344][safepoint    ] Leaving safepoint region
[2022-06-16T20:33:50.198+0000][7344][safepoint    ] Total time for which application threads were stopped: 0.0000830 seconds, Stopping threads took: 0.0000239 seconds
[2022-06-16T20:33:50.199+0000][7344][safepoint    ] Application time: 0.0007908 seconds
[2022-06-16T20:33:50.199+0000][7344][safepoint    ] Entering safepoint region: RevokeBias
[2022-06-16T20:33:50.199+0000][7344][safepoint    ] Leaving safepoint region
[2022-06-16T20:33:50.199+0000][7344][safepoint    ] Total time for which application threads were stopped: 0.0000937 seconds, Stopping threads took: 0.0000350 seconds
[2022-06-16T20:33:50.199+0000][7344][safepoint    ] Application time: 0.0000722 seconds
[2022-06-16T20:33:50.199+0000][7344][safepoint    ] Entering safepoint region: RevokeBias
[2022-06-16T20:33:50.199+0000][7344][safepoint    ] Leaving safepoint region
[2022-06-16T20:33:50.199+0000][7344][safepoint    ] Total time for which application threads were stopped: 0.0000883 seconds, Stopping threads took: 0.0000416 seconds
[2022-06-16T20:33:50.200+0000][7344][safepoint    ] Application time: 0.0004541 seconds
[2022-06-16T20:33:50.200+0000][7344][safepoint    ] Entering safepoint region: RevokeBias
[2022-06-16T20:33:50.200+0000][7344][safepoint    ] Leaving safepoint region
[2022-06-16T20:33:50.200+0000][7344][safepoint    ] Total time for which application threads were stopped: 0.0000743 seconds, Stopping threads took: 0.0000240 seconds
[2022-06-16T20:33:50.200+0000][7344][safepoint    ] Application time: 0.0000440 seconds
[2022-06-16T20:33:50.200+0000][7344][safepoint    ] Entering safepoint region: RevokeBias
[2022-06-16T20:33:50.200+0000][7344][safepoint    ] Leaving safepoint region
[2022-06-16T20:33:50.200+0000][7344][safepoint    ] Total time for which application threads were stopped: 0.0000595 seconds, Stopping threads took: 0.0000177 seconds
[2022-06-16T20:33:50.200+0000][7344][safepoint    ] Application time: 0.0000320 seconds
[2022-06-16T20:33:50.200+0000][7344][safepoint    ] Entering safepoint region: RevokeBias
[2022-06-16T20:33:50.200+0000][7344][safepoint    ] Leaving safepoint region
[2022-06-16T20:33:50.200+0000][7344][safepoint    ] Total time for which application threads were stopped: 0.0000580 seconds, Stopping threads took: 0.0000172 seconds
[2022-06-16T20:33:50.200+0000][7344][safepoint    ] Application time: 0.0000366 seconds
[2022-06-16T20:33:50.200+0000][7344][safepoint    ] Entering safepoint region: RevokeBias
[2022-06-16T20:33:50.200+0000][7344][safepoint    ] Leaving safepoint region
[2022-06-16T20:33:50.200+0000][7344][safepoint    ] Total time for which application threads were stopped: 0.0000558 seconds, Stopping threads took: 0.0000164 seconds
[2022-06-16T20:33:50.202+0000][7344][safepoint    ] Application time: 0.0015288 seconds
[2022-06-16T20:33:50.202+0000][7344][safepoint    ] Entering safepoint region: RevokeBias
[2022-06-16T20:33:50.202+0000][7344][safepoint    ] Leaving safepoint region
[2022-06-16T20:33:50.202+0000][7344][safepoint    ] Total time for which application threads were stopped: 0.0000730 seconds, Stopping threads took: 0.0000237 seconds
[2022-06-16T20:33:50.202+0000][7344][safepoint    ] Application time: 0.0000216 seconds
[2022-06-16T20:33:50.202+0000][7344][safepoint    ] Entering safepoint region: RevokeBias
[2022-06-16T20:33:50.202+0000][7344][safepoint    ] Leaving safepoint region
[2022-06-16T20:33:50.202+0000][7344][safepoint    ] Total time for which application threads were stopped: 0.0000575 seconds, Stopping threads took: 0.0000196 seconds
[2022-06-16T20:33:50.202+0000][7344][safepoint    ] Application time: 0.0000221 seconds
[2022-06-16T20:33:50.202+0000][7344][safepoint    ] Entering safepoint region: RevokeBias
[2022-06-16T20:33:50.202+0000][7344][safepoint    ] Leaving safepoint region
[2022-06-16T20:33:50.202+0000][7344][safepoint    ] Total time for which application threads were stopped: 0.0000666 seconds, Stopping threads took: 0.0000181 seconds
[2022-06-16T20:33:50.202+0000][7344][safepoint    ] Application time: 0.0001314 seconds
[2022-06-16T20:33:50.202+0000][7344][safepoint    ] Entering safepoint region: RevokeBias
[2022-06-16T20:33:50.203+0000][7344][safepoint    ] Leaving safepoint region
[2022-06-16T20:33:50.203+0000][7344][safepoint    ] Total time for which application threads were stopped: 0.0000769 seconds, Stopping threads took: 0.0000346 seconds
[2022-06-16T20:33:50.203+0000][7344][safepoint    ] Application time: 0.0000715 seconds
[2022-06-16T20:33:50.203+0000][7344][safepoint    ] Entering safepoint region: RevokeBias
[2022-06-16T20:33:50.203+0000][7344][safepoint    ] Leaving safepoint region
[2022-06-16T20:33:50.203+0000][7344][safepoint    ] Total time for which application threads were stopped: 0.0000566 seconds, Stopping threads took: 0.0000176 seconds
[2022-06-16T20:33:50.203+0000][7344][safepoint    ] Application time: 0.0000213 seconds
[2022-06-16T20:33:50.203+0000][7344][safepoint    ] Entering safepoint region: RevokeBias
[2022-06-16T20:33:50.203+0000][7344][safepoint    ] Leaving safepoint region
[2022-06-16T20:33:50.203+0000][7344][safepoint    ] Total time for which application threads were stopped: 0.0000538 seconds, Stopping threads took: 0.0000164 seconds
[2022-06-16T20:33:50.203+0000][7344][safepoint    ] Application time: 0.0000202 seconds
[2022-06-16T20:33:50.203+0000][7344][safepoint    ] Entering safepoint region: RevokeBias
[2022-06-16T20:33:50.203+0000][7344][safepoint    ] Leaving safepoint region
[2022-06-16T20:33:50.203+0000][7344][safepoint    ] Total time for which application threads were stopped: 0.0000531 seconds, Stopping threads took: 0.0000160 seconds
[2022-06-16T20:33:50.203+0000][7344][safepoint    ] Application time: 0.0003648 seconds
[2022-06-16T20:33:50.203+0000][7344][safepoint    ] Entering safepoint region: RevokeBias
[2022-06-16T20:33:50.203+0000][7344][safepoint    ] Leaving safepoint region
[2022-06-16T20:33:50.203+0000][7344][safepoint    ] Total time for which application threads were stopped: 0.0000603 seconds, Stopping threads took: 0.0000176 seconds
[2022-06-16T20:33:50.203+0000][7344][safepoint    ] Application time: 0.0000186 seconds
[2022-06-16T20:33:50.203+0000][7344][safepoint    ] Entering safepoint region: RevokeBias
[2022-06-16T20:33:50.203+0000][7344][safepoint    ] Leaving safepoint region
[2022-06-16T20:33:50.203+0000][7344][safepoint    ] Total time for which application threads were stopped: 0.0000374 seconds, Stopping threads took: 0.0000119 seconds
[2022-06-16T20:33:50.204+0000][7344][safepoint    ] Application time: 0.0001525 seconds
[2022-06-16T20:33:50.204+0000][7344][safepoint    ] Entering safepoint region: RevokeBias
[2022-06-16T20:33:50.204+0000][7344][safepoint    ] Leaving safepoint region
[2022-06-16T20:33:50.204+0000][7344][safepoint    ] Total time for which application threads were stopped: 0.0000667 seconds, Stopping threads took: 0.0000281 seconds
[2022-06-16T20:33:50.204+0000][7344][safepoint    ] Application time: 0.0000253 seconds
[2022-06-16T20:33:50.204+0000][7344][safepoint    ] Entering safepoint region: RevokeBias
[2022-06-16T20:33:50.204+0000][7344][safepoint    ] Leaving safepoint region
[2022-06-16T20:33:50.204+0000][7344][safepoint    ] Total time for which application threads were stopped: 0.0000514 seconds, Stopping threads took: 0.0000175 seconds
[2022-06-16T20:33:50.204+0000][7344][safepoint    ] Application time: 0.0000476 seconds
[2022-06-16T20:33:50.204+0000][7344][safepoint    ] Entering safepoint region: RevokeBias
[2022-06-16T20:33:50.204+0000][7344][safepoint    ] Leaving safepoint region
[2022-06-16T20:33:50.204+0000][7344][safepoint    ] Total time for which application threads were stopped: 0.0000359 seconds, Stopping threads took: 0.0000118 seconds
[2022-06-16T20:33:50.204+0000][7344][safepoint    ] Application time: 0.0000212 seconds
[2022-06-16T20:33:50.204+0000][7344][safepoint    ] Entering safepoint region: RevokeBias
[2022-06-16T20:33:50.204+0000][7344][safepoint    ] Leaving safepoint region
[2022-06-16T20:33:50.204+0000][7344][safepoint    ] Total time for which application threads were stopped: 0.0000406 seconds, Stopping threads took: 0.0000144 seconds
[2022-06-16T20:33:50.204+0000][7344][safepoint    ] Application time: 0.0000341 seconds
[2022-06-16T20:33:50.204+0000][7344][safepoint    ] Entering safepoint region: RevokeBias
[2022-06-16T20:33:50.204+0000][7344][safepoint    ] Leaving safepoint region
[2022-06-16T20:33:50.204+0000][7344][safepoint    ] Total time for which application threads were stopped: 0.0000378 seconds, Stopping threads took: 0.0000117 seconds
[2022-06-16T20:33:50.204+0000][7344][safepoint    ] Application time: 0.0000398 seconds
[2022-06-16T20:33:50.204+0000][7344][safepoint    ] Entering safepoint region: RevokeBias
[2022-06-16T20:33:50.204+0000][7344][safepoint    ] Leaving safepoint region
[2022-06-16T20:33:50.204+0000][7344][safepoint    ] Total time for which application threads were stopped: 0.0000357 seconds, Stopping threads took: 0.0000119 seconds
[2022-06-16T20:33:50.204+0000][7344][safepoint    ] Application time: 0.0000298 seconds
[2022-06-16T20:33:50.204+0000][7344][safepoint    ] Entering safepoint region: RevokeBias
[2022-06-16T20:33:50.204+0000][7344][safepoint    ] Leaving safepoint region
[2022-06-16T20:33:50.204+0000][7344][safepoint    ] Total time for which application threads were stopped: 0.0000354 seconds, Stopping threads took: 0.0000120 seconds
[2022-06-16T20:33:50.205+0000][7344][safepoint    ] Application time: 0.0003688 seconds
[2022-06-16T20:33:50.205+0000][7344][safepoint    ] Entering safepoint region: RevokeBias
[2022-06-16T20:33:50.205+0000][7344][safepoint    ] Leaving safepoint region
[2022-06-16T20:33:50.205+0000][7344][safepoint    ] Total time for which application threads were stopped: 0.0000443 seconds, Stopping threads took: 0.0000135 seconds
[2022-06-16T20:33:50.205+0000][7344][safepoint    ] Application time: 0.0000418 seconds
[2022-06-16T20:33:50.205+0000][7344][safepoint    ] Entering safepoint region: BulkRevokeBias
[2022-06-16T20:33:50.205+0000][7344][safepoint    ] Leaving safepoint region
[2022-06-16T20:33:50.205+0000][7344][safepoint    ] Total time for which application threads were stopped: 0.0002166 seconds, Stopping threads took: 0.0000116 seconds
[2022-06-16T20:33:50.206+0000][7344][safepoint    ] Application time: 0.0006879 seconds
[2022-06-16T20:33:50.206+0000][7344][safepoint    ] Entering safepoint region: RevokeBias
[2022-06-16T20:33:50.206+0000][7344][safepoint    ] Leaving safepoint region
[2022-06-16T20:33:50.206+0000][7344][safepoint    ] Total time for which application threads were stopped: 0.0000576 seconds, Stopping threads took: 0.0000246 seconds
[2022-06-16T20:33:50.209+0000][7344][safepoint    ] Application time: 0.0026012 seconds
[2022-06-16T20:33:50.209+0000][7344][safepoint    ] Entering safepoint region: RevokeBias
[2022-06-16T20:33:50.209+0000][7344][safepoint    ] Leaving safepoint region
[2022-06-16T20:33:50.209+0000][7344][safepoint    ] Total time for which application threads were stopped: 0.0001422 seconds, Stopping threads took: 0.0000980 seconds
[2022-06-16T20:33:50.210+0000][7344][safepoint    ] Application time: 0.0013954 seconds
[2022-06-16T20:33:50.210+0000][7344][safepoint    ] Entering safepoint region: RevokeBias
[2022-06-16T20:33:50.210+0000][7344][safepoint    ] Leaving safepoint region
[2022-06-16T20:33:50.210+0000][7344][safepoint    ] Total time for which application threads were stopped: 0.0000517 seconds, Stopping threads took: 0.0000127 seconds
[2022-06-16T20:33:50.210+0000][7344][safepoint    ] Application time: 0.0000275 seconds
[2022-06-16T20:33:50.210+0000][7344][safepoint    ] Entering safepoint region: RevokeBias
[2022-06-16T20:33:50.210+0000][7344][safepoint    ] Leaving safepoint region
[2022-06-16T20:33:50.210+0000][7344][safepoint    ] Total time for which application threads were stopped: 0.0000360 seconds, Stopping threads took: 0.0000115 seconds
[2022-06-16T20:33:50.211+0000][7344][safepoint    ] Application time: 0.0002083 seconds
[2022-06-16T20:33:50.211+0000][7344][safepoint    ] Entering safepoint region: RevokeBias
[2022-06-16T20:33:50.211+0000][7344][safepoint    ] Leaving safepoint region
[2022-06-16T20:33:50.211+0000][7344][safepoint    ] Total time for which application threads were stopped: 0.0000406 seconds, Stopping threads took: 0.0000122 seconds
[2022-06-16T20:33:50.211+0000][7344][safepoint    ] Application time: 0.0000412 seconds
[2022-06-16T20:33:50.211+0000][7344][safepoint    ] Entering safepoint region: RevokeBias
[2022-06-16T20:33:50.211+0000][7344][safepoint    ] Leaving safepoint region
[2022-06-16T20:33:50.211+0000][7344][safepoint    ] Total time for which application threads were stopped: 0.0000352 seconds, Stopping threads took: 0.0000110 seconds
[2022-06-16T20:33:50.211+0000][7344][safepoint    ] Application time: 0.0001125 seconds
[2022-06-16T20:33:50.211+0000][7344][safepoint    ] Entering safepoint region: RevokeBias
[2022-06-16T20:33:50.211+0000][7344][safepoint    ] Leaving safepoint region
[2022-06-16T20:33:50.211+0000][7344][safepoint    ] Total time for which application threads were stopped: 0.0000391 seconds, Stopping threads took: 0.0000116 seconds
[2022-06-16T20:33:50.211+0000][7344][safepoint    ] Application time: 0.0003382 seconds
[2022-06-16T20:33:50.211+0000][7344][safepoint    ] Entering safepoint region: RevokeBias
[2022-06-16T20:33:50.211+0000][7344][safepoint    ] Leaving safepoint region
[2022-06-16T20:33:50.211+0000][7344][safepoint    ] Total time for which application threads were stopped: 0.0000427 seconds, Stopping threads took: 0.0000129 seconds
[2022-06-16T20:33:50.211+0000][7344][safepoint    ] Application time: 0.0000491 seconds
[2022-06-16T20:33:50.211+0000][7344][safepoint    ] Entering safepoint region: RevokeBias
[2022-06-16T20:33:50.211+0000][7344][safepoint    ] Leaving safepoint region
[2022-06-16T20:33:50.211+0000][7344][safepoint    ] Total time for which application threads were stopped: 0.0000372 seconds, Stopping threads took: 0.0000113 seconds
[2022-06-16T20:33:50.211+0000][7344][safepoint    ] Application time: 0.0000377 seconds
[2022-06-16T20:33:50.211+0000][7344][safepoint    ] Entering safepoint region: RevokeBias
[2022-06-16T20:33:50.212+0000][7344][safepoint    ] Leaving safepoint region
[2022-06-16T20:33:50.212+0000][7344][safepoint    ] Total time for which application threads were stopped: 0.0000470 seconds, Stopping threads took: 0.0000126 seconds
[2022-06-16T20:33:50.212+0000][7344][safepoint    ] Application time: 0.0000226 seconds
[2022-06-16T20:33:50.212+0000][7344][safepoint    ] Entering safepoint region: RevokeBias
[2022-06-16T20:33:50.212+0000][7344][safepoint    ] Leaving safepoint region
[2022-06-16T20:33:50.212+0000][7344][safepoint    ] Total time for which application threads were stopped: 0.0000552 seconds, Stopping threads took: 0.0000140 seconds
[2022-06-16T20:33:50.212+0000][7344][safepoint    ] Application time: 0.0000696 seconds
[2022-06-16T20:33:50.212+0000][7344][safepoint    ] Entering safepoint region: RevokeBias
[2022-06-16T20:33:50.212+0000][7344][safepoint    ] Leaving safepoint region
[2022-06-16T20:33:50.212+0000][7344][safepoint    ] Total time for which application threads were stopped: 0.0000357 seconds, Stopping threads took: 0.0000112 seconds
[2022-06-16T20:33:50.212+0000][7344][safepoint    ] Application time: 0.0000219 seconds
[2022-06-16T20:33:50.212+0000][7344][safepoint    ] Entering safepoint region: RevokeBias
[2022-06-16T20:33:50.212+0000][7344][safepoint    ] Leaving safepoint region
[2022-06-16T20:33:50.212+0000][7344][safepoint    ] Total time for which application threads were stopped: 0.0000341 seconds, Stopping threads took: 0.0000111 seconds
[2022-06-16T20:33:50.216+0000][7344][safepoint    ] Application time: 0.0044441 seconds
[2022-06-16T20:33:50.217+0000][7344][safepoint    ] Entering safepoint region: RevokeBias
[2022-06-16T20:33:50.217+0000][7344][safepoint    ] Leaving safepoint region
[2022-06-16T20:33:50.217+0000][7344][safepoint    ] Total time for which application threads were stopped: 0.0004364 seconds, Stopping threads took: 0.0003845 seconds
[2022-06-16T20:33:50.217+0000][7344][safepoint    ] Application time: 0.0003813 seconds
[2022-06-16T20:33:50.217+0000][7344][safepoint    ] Entering safepoint region: RevokeBias
[2022-06-16T20:33:50.217+0000][7344][safepoint    ] Leaving safepoint region
[2022-06-16T20:33:50.217+0000][7344][safepoint    ] Total time for which application threads were stopped: 0.0000701 seconds, Stopping threads took: 0.0000232 seconds
[2022-06-16T20:33:50.217+0000][7344][safepoint    ] Application time: 0.0000314 seconds
[2022-06-16T20:33:50.217+0000][7344][safepoint    ] Entering safepoint region: RevokeBias
[2022-06-16T20:33:50.217+0000][7344][safepoint    ] Leaving safepoint region
[2022-06-16T20:33:50.217+0000][7344][safepoint    ] Total time for which application threads were stopped: 0.0000543 seconds, Stopping threads took: 0.0000194 seconds
[2022-06-16T20:33:50.219+0000][7344][safepoint    ] Application time: 0.0019939 seconds
[2022-06-16T20:33:50.219+0000][7344][safepoint    ] Entering safepoint region: RevokeBias
[2022-06-16T20:33:50.220+0000][7344][safepoint    ] Leaving safepoint region
[2022-06-16T20:33:50.220+0000][7344][safepoint    ] Total time for which application threads were stopped: 0.0001126 seconds, Stopping threads took: 0.0000612 seconds
[2022-06-16T20:33:50.220+0000][7344][safepoint    ] Application time: 0.0002483 seconds
[2022-06-16T20:33:50.220+0000][7344][safepoint    ] Entering safepoint region: RevokeBias
[2022-06-16T20:33:50.220+0000][7344][safepoint    ] Leaving safepoint region
[2022-06-16T20:33:50.220+0000][7344][safepoint    ] Total time for which application threads were stopped: 0.0000821 seconds, Stopping threads took: 0.0000186 seconds
[2022-06-16T20:33:50.220+0000][7344][safepoint    ] Application time: 0.0000413 seconds
[2022-06-16T20:33:50.220+0000][7344][safepoint    ] Entering safepoint region: RevokeBias
[2022-06-16T20:33:50.220+0000][7344][safepoint    ] Leaving safepoint region
[2022-06-16T20:33:50.220+0000][7344][safepoint    ] Total time for which application threads were stopped: 0.0000574 seconds, Stopping threads took: 0.0000194 seconds
[2022-06-16T20:33:50.220+0000][7344][safepoint    ] Application time: 0.0000143 seconds
[2022-06-16T20:33:50.220+0000][7344][safepoint    ] Entering safepoint region: RevokeBias
[2022-06-16T20:33:50.220+0000][7344][safepoint    ] Leaving safepoint region
[2022-06-16T20:33:50.220+0000][7344][safepoint    ] Total time for which application threads were stopped: 0.0001083 seconds, Stopping threads took: 0.0000189 seconds
[2022-06-16T20:33:50.220+0000][7344][safepoint    ] Application time: 0.0000763 seconds
[2022-06-16T20:33:50.220+0000][7344][safepoint    ] Entering safepoint region: RevokeBias
[2022-06-16T20:33:50.220+0000][7344][safepoint    ] Leaving safepoint region
[2022-06-16T20:33:50.220+0000][7344][safepoint    ] Total time for which application threads were stopped: 0.0000788 seconds, Stopping threads took: 0.0000202 seconds
[2022-06-16T20:33:50.220+0000][7344][safepoint    ] Application time: 0.0000171 seconds
[2022-06-16T20:33:50.220+0000][7344][safepoint    ] Entering safepoint region: RevokeBias
[2022-06-16T20:33:50.221+0000][7344][safepoint    ] Leaving safepoint region
[2022-06-16T20:33:50.221+0000][7344][safepoint    ] Total time for which application threads were stopped: 0.0000554 seconds, Stopping threads took: 0.0000185 seconds
[2022-06-16T20:33:50.221+0000][7344][safepoint    ] Application time: 0.0000272 seconds
[2022-06-16T20:33:50.221+0000][7344][safepoint    ] Entering safepoint region: RevokeBias
[2022-06-16T20:33:50.221+0000][7344][safepoint    ] Leaving safepoint region
[2022-06-16T20:33:50.221+0000][7344][safepoint    ] Total time for which application threads were stopped: 0.0000716 seconds, Stopping threads took: 0.0000192 seconds
[2022-06-16T20:33:50.221+0000][7344][safepoint    ] Application time: 0.0002409 seconds
[2022-06-16T20:33:50.221+0000][7344][safepoint    ] Entering safepoint region: RevokeBias
[2022-06-16T20:33:50.221+0000][7344][safepoint    ] Leaving safepoint region
[2022-06-16T20:33:50.221+0000][7344][safepoint    ] Total time for which application threads were stopped: 0.0000758 seconds, Stopping threads took: 0.0000254 seconds
[2022-06-16T20:33:50.221+0000][7344][safepoint    ] Application time: 0.0000340 seconds
[2022-06-16T20:33:50.221+0000][7344][safepoint    ] Entering safepoint region: RevokeBias
[2022-06-16T20:33:50.221+0000][7344][safepoint    ] Leaving safepoint region
[2022-06-16T20:33:50.221+0000][7344][safepoint    ] Total time for which application threads were stopped: 0.0001180 seconds, Stopping threads took: 0.0000455 seconds
[2022-06-16T20:33:50.221+0000][7344][safepoint    ] Application time: 0.0000382 seconds
[2022-06-16T20:33:50.221+0000][7344][safepoint    ] Entering safepoint region: RevokeBias
[2022-06-16T20:33:50.221+0000][7344][safepoint    ] Leaving safepoint region
[2022-06-16T20:33:50.221+0000][7344][safepoint    ] Total time for which application threads were stopped: 0.0000683 seconds, Stopping threads took: 0.0000192 seconds
[2022-06-16T20:33:50.222+0000][7344][safepoint    ] Application time: 0.0002138 seconds
[2022-06-16T20:33:50.222+0000][7344][safepoint    ] Entering safepoint region: RevokeBias
[2022-06-16T20:33:50.222+0000][7344][safepoint    ] Leaving safepoint region
[2022-06-16T20:33:50.222+0000][7344][safepoint    ] Total time for which application threads were stopped: 0.0000726 seconds, Stopping threads took: 0.0000179 seconds
[2022-06-16T20:33:50.222+0000][7344][safepoint    ] Application time: 0.0000351 seconds
[2022-06-16T20:33:50.222+0000][7344][safepoint    ] Entering safepoint region: RevokeBias
[2022-06-16T20:33:50.222+0000][7344][safepoint    ] Leaving safepoint region
[2022-06-16T20:33:50.222+0000][7344][safepoint    ] Total time for which application threads were stopped: 0.0000628 seconds, Stopping threads took: 0.0000192 seconds
[2022-06-16T20:33:50.222+0000][7344][safepoint    ] Application time: 0.0001207 seconds
[2022-06-16T20:33:50.222+0000][7344][safepoint    ] Entering safepoint region: RevokeBias
[2022-06-16T20:33:50.222+0000][7344][safepoint    ] Leaving safepoint region
[2022-06-16T20:33:50.222+0000][7344][safepoint    ] Total time for which application threads were stopped: 0.0000673 seconds, Stopping threads took: 0.0000165 seconds
[2022-06-16T20:33:50.222+0000][7344][safepoint    ] Application time: 0.0002342 seconds
[2022-06-16T20:33:50.222+0000][7344][safepoint    ] Entering safepoint region: RevokeBias
[2022-06-16T20:33:50.222+0000][7344][safepoint    ] Leaving safepoint region
[2022-06-16T20:33:50.222+0000][7344][safepoint    ] Total time for which application threads were stopped: 0.0000790 seconds, Stopping threads took: 0.0000227 seconds
[2022-06-16T20:33:50.223+0000][7344][safepoint    ] Application time: 0.0009934 seconds
[2022-06-16T20:33:50.223+0000][7344][safepoint    ] Entering safepoint region: RevokeBias
[2022-06-16T20:33:50.224+0000][7344][safepoint    ] Leaving safepoint region
[2022-06-16T20:33:50.224+0000][7344][safepoint    ] Total time for which application threads were stopped: 0.0000786 seconds, Stopping threads took: 0.0000208 seconds
[2022-06-16T20:33:50.224+0000][7344][safepoint    ] Application time: 0.0000250 seconds
[2022-06-16T20:33:50.224+0000][7344][safepoint    ] Entering safepoint region: RevokeBias
[2022-06-16T20:33:50.224+0000][7344][safepoint    ] Leaving safepoint region
[2022-06-16T20:33:50.224+0000][7344][safepoint    ] Total time for which application threads were stopped: 0.0000558 seconds, Stopping threads took: 0.0000137 seconds
[2022-06-16T20:33:50.224+0000][7344][safepoint    ] Application time: 0.0000114 seconds
[2022-06-16T20:33:50.224+0000][7344][safepoint    ] Entering safepoint region: RevokeBias
[2022-06-16T20:33:50.224+0000][7344][safepoint    ] Leaving safepoint region
[2022-06-16T20:33:50.224+0000][7344][safepoint    ] Total time for which application threads were stopped: 0.0000689 seconds, Stopping threads took: 0.0000304 seconds
[2022-06-16T20:33:50.224+0000][7344][safepoint    ] Application time: 0.0002007 seconds
[2022-06-16T20:33:50.224+0000][7344][safepoint    ] Entering safepoint region: RevokeBias
[2022-06-16T20:33:50.224+0000][7344][safepoint    ] Leaving safepoint region
[2022-06-16T20:33:50.224+0000][7344][safepoint    ] Total time for which application threads were stopped: 0.0000782 seconds, Stopping threads took: 0.0000194 seconds
[2022-06-16T20:33:50.224+0000][7344][safepoint    ] Application time: 0.0000201 seconds
[2022-06-16T20:33:50.224+0000][7344][safepoint    ] Entering safepoint region: RevokeBias
[2022-06-16T20:33:50.224+0000][7344][safepoint    ] Leaving safepoint region
[2022-06-16T20:33:50.224+0000][7344][safepoint    ] Total time for which application threads were stopped: 0.0000661 seconds, Stopping threads took: 0.0000186 seconds
[2022-06-16T20:33:50.224+0000][7344][safepoint    ] Application time: 0.0001313 seconds
[2022-06-16T20:33:50.224+0000][7344][safepoint    ] Entering safepoint region: RevokeBias
[2022-06-16T20:33:50.224+0000][7344][safepoint    ] Leaving safepoint region
[2022-06-16T20:33:50.225+0000][7344][safepoint    ] Total time for which application threads were stopped: 0.0001180 seconds, Stopping threads took: 0.0000553 seconds
[2022-06-16T20:33:50.225+0000][7344][safepoint    ] Application time: 0.0003981 seconds
[2022-06-16T20:33:50.225+0000][7344][safepoint    ] Entering safepoint region: RevokeBias
[2022-06-16T20:33:50.225+0000][7344][safepoint    ] Leaving safepoint region
[2022-06-16T20:33:50.225+0000][7344][safepoint    ] Total time for which application threads were stopped: 0.0001153 seconds, Stopping threads took: 0.0000259 seconds
[2022-06-16T20:33:50.225+0000][7344][safepoint    ] Application time: 0.0002282 seconds
[2022-06-16T20:33:50.225+0000][7344][safepoint    ] Entering safepoint region: RevokeBias
[2022-06-16T20:33:50.225+0000][7344][safepoint    ] Leaving safepoint region
[2022-06-16T20:33:50.225+0000][7344][safepoint    ] Total time for which application threads were stopped: 0.0000815 seconds, Stopping threads took: 0.0000227 seconds
[2022-06-16T20:33:50.226+0000][7344][safepoint    ] Application time: 0.0002227 seconds
[2022-06-16T20:33:50.226+0000][7344][safepoint    ] Entering safepoint region: RevokeBias
[2022-06-16T20:33:50.226+0000][7344][safepoint    ] Leaving safepoint region
[2022-06-16T20:33:50.226+0000][7344][safepoint    ] Total time for which application threads were stopped: 0.0000802 seconds, Stopping threads took: 0.0000216 seconds
[2022-06-16T20:33:50.226+0000][7344][safepoint    ] Application time: 0.0001908 seconds
[2022-06-16T20:33:50.226+0000][7344][safepoint    ] Entering safepoint region: RevokeBias
[2022-06-16T20:33:50.226+0000][7344][safepoint    ] Leaving safepoint region
[2022-06-16T20:33:50.226+0000][7344][safepoint    ] Total time for which application threads were stopped: 0.0000727 seconds, Stopping threads took: 0.0000207 seconds
[2022-06-16T20:33:50.226+0000][7344][safepoint    ] Application time: 0.0000172 seconds
[2022-06-16T20:33:50.226+0000][7344][safepoint    ] Entering safepoint region: RevokeBias
[2022-06-16T20:33:50.226+0000][7344][safepoint    ] Leaving safepoint region
[2022-06-16T20:33:50.226+0000][7344][safepoint    ] Total time for which application threads were stopped: 0.0000569 seconds, Stopping threads took: 0.0000168 seconds
[2022-06-16T20:33:50.227+0000][7344][safepoint    ] Application time: 0.0004559 seconds
[2022-06-16T20:33:50.227+0000][7344][safepoint    ] Entering safepoint region: RevokeBias
[2022-06-16T20:33:50.227+0000][7344][safepoint    ] Leaving safepoint region
[2022-06-16T20:33:50.227+0000][7344][safepoint    ] Total time for which application threads were stopped: 0.0001148 seconds, Stopping threads took: 0.0000594 seconds
[2022-06-16T20:33:50.227+0000][7344][safepoint    ] Application time: 0.0000430 seconds
[2022-06-16T20:33:50.227+0000][7344][safepoint    ] Entering safepoint region: RevokeBias
[2022-06-16T20:33:50.227+0000][7344][safepoint    ] Leaving safepoint region
[2022-06-16T20:33:50.227+0000][7344][safepoint    ] Total time for which application threads were stopped: 0.0000995 seconds, Stopping threads took: 0.0000282 seconds
[2022-06-16T20:33:50.227+0000][7344][safepoint    ] Application time: 0.0000922 seconds
[2022-06-16T20:33:50.227+0000][7344][safepoint    ] Entering safepoint region: RevokeBias
[2022-06-16T20:33:50.227+0000][7344][safepoint    ] Leaving safepoint region
[2022-06-16T20:33:50.227+0000][7344][safepoint    ] Total time for which application threads were stopped: 0.0000597 seconds, Stopping threads took: 0.0000169 seconds
[2022-06-16T20:33:50.227+0000][7344][safepoint    ] Application time: 0.0000369 seconds
[2022-06-16T20:33:50.227+0000][7344][safepoint    ] Entering safepoint region: RevokeBias
[2022-06-16T20:33:50.227+0000][7344][safepoint    ] Leaving safepoint region
[2022-06-16T20:33:50.227+0000][7344][safepoint    ] Total time for which application threads were stopped: 0.0000535 seconds, Stopping threads took: 0.0000217 seconds
[2022-06-16T20:33:50.227+0000][7344][safepoint    ] Application time: 0.0000246 seconds
[2022-06-16T20:33:50.227+0000][7344][safepoint    ] Entering safepoint region: RevokeBias
[2022-06-16T20:33:50.227+0000][7344][safepoint    ] Leaving safepoint region
[2022-06-16T20:33:50.227+0000][7344][safepoint    ] Total time for which application threads were stopped: 0.0000671 seconds, Stopping threads took: 0.0000340 seconds
[2022-06-16T20:33:50.227+0000][7344][safepoint    ] Application time: 0.0000320 seconds
[2022-06-16T20:33:50.228+0000][7344][safepoint    ] Entering safepoint region: RevokeBias
[2022-06-16T20:33:50.228+0000][7344][safepoint    ] Leaving safepoint region
[2022-06-16T20:33:50.228+0000][7344][safepoint    ] Total time for which application threads were stopped: 0.0000707 seconds, Stopping threads took: 0.0000351 seconds
[2022-06-16T20:33:50.228+0000][7344][safepoint    ] Application time: 0.0000508 seconds
[2022-06-16T20:33:50.228+0000][7344][safepoint    ] Entering safepoint region: RevokeBias
[2022-06-16T20:33:50.228+0000][7344][safepoint    ] Leaving safepoint region
[2022-06-16T20:33:50.228+0000][7344][safepoint    ] Total time for which application threads were stopped: 0.0000643 seconds, Stopping threads took: 0.0000298 seconds
[2022-06-16T20:33:50.228+0000][7344][safepoint    ] Application time: 0.0005098 seconds
[2022-06-16T20:33:50.228+0000][7344][safepoint    ] Entering safepoint region: RevokeBias
[2022-06-16T20:33:50.228+0000][7344][safepoint    ] Leaving safepoint region
[2022-06-16T20:33:50.228+0000][7344][safepoint    ] Total time for which application threads were stopped: 0.0000850 seconds, Stopping threads took: 0.0000428 seconds
[2022-06-16T20:33:50.228+0000][7344][safepoint    ] Application time: 0.0000373 seconds
[2022-06-16T20:33:50.228+0000][7344][safepoint    ] Entering safepoint region: RevokeBias
[2022-06-16T20:33:50.228+0000][7344][safepoint    ] Leaving safepoint region
[2022-06-16T20:33:50.228+0000][7344][safepoint    ] Total time for which application threads were stopped: 0.0000471 seconds, Stopping threads took: 0.0000107 seconds
[2022-06-16T20:33:50.229+0000][7344][safepoint    ] Application time: 0.0000731 seconds
[2022-06-16T20:33:50.229+0000][7344][safepoint    ] Entering safepoint region: RevokeBias
[2022-06-16T20:33:50.229+0000][7344][safepoint    ] Leaving safepoint region
[2022-06-16T20:33:50.229+0000][7344][safepoint    ] Total time for which application threads were stopped: 0.0000674 seconds, Stopping threads took: 0.0000305 seconds
[2022-06-16T20:33:50.229+0000][7344][safepoint    ] Application time: 0.0000734 seconds
[2022-06-16T20:33:50.229+0000][7344][safepoint    ] Entering safepoint region: RevokeBias
[2022-06-16T20:33:50.229+0000][7344][safepoint    ] Leaving safepoint region
[2022-06-16T20:33:50.229+0000][7344][safepoint    ] Total time for which application threads were stopped: 0.0000642 seconds, Stopping threads took: 0.0000168 seconds
[2022-06-16T20:33:50.229+0000][7344][safepoint    ] Application time: 0.0000596 seconds
[2022-06-16T20:33:50.229+0000][7344][safepoint    ] Entering safepoint region: RevokeBias
[2022-06-16T20:33:50.229+0000][7344][safepoint    ] Leaving safepoint region
[2022-06-16T20:33:50.229+0000][7344][safepoint    ] Total time for which application threads were stopped: 0.0000617 seconds, Stopping threads took: 0.0000164 seconds
[2022-06-16T20:33:50.229+0000][7344][safepoint    ] Application time: 0.0000332 seconds
[2022-06-16T20:33:50.229+0000][7344][safepoint    ] Entering safepoint region: RevokeBias
[2022-06-16T20:33:50.229+0000][7344][safepoint    ] Leaving safepoint region
[2022-06-16T20:33:50.229+0000][7344][safepoint    ] Total time for which application threads were stopped: 0.0002304 seconds, Stopping threads took: 0.0000396 seconds
[2022-06-16T20:33:50.229+0000][7344][safepoint    ] Application time: 0.0000367 seconds
[2022-06-16T20:33:50.229+0000][7344][safepoint    ] Entering safepoint region: RevokeBias
[2022-06-16T20:33:50.229+0000][7344][safepoint    ] Leaving safepoint region
[2022-06-16T20:33:50.229+0000][7344][safepoint    ] Total time for which application threads were stopped: 0.0001375 seconds, Stopping threads took: 0.0000664 seconds
[2022-06-16T20:33:50.230+0000][7344][safepoint    ] Application time: 0.0000468 seconds
[2022-06-16T20:33:50.230+0000][7344][safepoint    ] Entering safepoint region: RevokeBias
[2022-06-16T20:33:50.230+0000][7344][safepoint    ] Leaving safepoint region
[2022-06-16T20:33:50.230+0000][7344][safepoint    ] Total time for which application threads were stopped: 0.0000767 seconds, Stopping threads took: 0.0000336 seconds
[2022-06-16T20:33:50.230+0000][7344][safepoint    ] Application time: 0.0000216 seconds
[2022-06-16T20:33:50.230+0000][7344][safepoint    ] Entering safepoint region: RevokeBias
[2022-06-16T20:33:50.230+0000][7344][safepoint    ] Leaving safepoint region
[2022-06-16T20:33:50.230+0000][7344][safepoint    ] Total time for which application threads were stopped: 0.0000914 seconds, Stopping threads took: 0.0000411 seconds
[2022-06-16T20:33:50.230+0000][7344][safepoint    ] Application time: 0.0000259 seconds
[2022-06-16T20:33:50.230+0000][7344][safepoint    ] Entering safepoint region: RevokeBias
[2022-06-16T20:33:50.230+0000][7344][safepoint    ] Leaving safepoint region
[2022-06-16T20:33:50.230+0000][7344][safepoint    ] Total time for which application threads were stopped: 0.0000800 seconds, Stopping threads took: 0.0000425 seconds
[2022-06-16T20:33:50.230+0000][7344][safepoint    ] Application time: 0.0000342 seconds
[2022-06-16T20:33:50.230+0000][7344][safepoint    ] Entering safepoint region: RevokeBias
[2022-06-16T20:33:50.230+0000][7344][safepoint    ] Leaving safepoint region
[2022-06-16T20:33:50.230+0000][7344][safepoint    ] Total time for which application threads were stopped: 0.0000550 seconds, Stopping threads took: 0.0000193 seconds
[2022-06-16T20:33:50.230+0000][7344][safepoint    ] Application time: 0.0000113 seconds
[2022-06-16T20:33:50.230+0000][7344][safepoint    ] Entering safepoint region: RevokeBias
[2022-06-16T20:33:50.230+0000][7344][safepoint    ] Leaving safepoint region
[2022-06-16T20:33:50.230+0000][7344][safepoint    ] Total time for which application threads were stopped: 0.0000517 seconds, Stopping threads took: 0.0000216 seconds
[2022-06-16T20:33:50.230+0000][7344][safepoint    ] Application time: 0.0000182 seconds
[2022-06-16T20:33:50.230+0000][7344][safepoint    ] Entering safepoint region: RevokeBias
[2022-06-16T20:33:50.230+0000][7344][safepoint    ] Leaving safepoint region
[2022-06-16T20:33:50.230+0000][7344][safepoint    ] Total time for which application threads were stopped: 0.0000536 seconds, Stopping threads took: 0.0000190 seconds
[2022-06-16T20:33:50.230+0000][7344][safepoint    ] Application time: 0.0000228 seconds
[2022-06-16T20:33:50.230+0000][7344][safepoint    ] Entering safepoint region: RevokeBias
[2022-06-16T20:33:50.230+0000][7344][safepoint    ] Leaving safepoint region
[2022-06-16T20:33:50.230+0000][7344][safepoint    ] Total time for which application threads were stopped: 0.0000587 seconds, Stopping threads took: 0.0000156 seconds
[2022-06-16T20:33:50.230+0000][7344][safepoint    ] Application time: 0.0000791 seconds
[2022-06-16T20:33:50.230+0000][7344][safepoint    ] Entering safepoint region: RevokeBias
[2022-06-16T20:33:50.230+0000][7344][safepoint    ] Leaving safepoint region
[2022-06-16T20:33:50.230+0000][7344][safepoint    ] Total time for which application threads were stopped: 0.0000517 seconds, Stopping threads took: 0.0000127 seconds
[2022-06-16T20:33:50.231+0000][7344][safepoint    ] Application time: 0.0000547 seconds
[2022-06-16T20:33:50.231+0000][7344][safepoint    ] Entering safepoint region: RevokeBias
[2022-06-16T20:33:50.231+0000][7344][safepoint    ] Leaving safepoint region
[2022-06-16T20:33:50.231+0000][7344][safepoint    ] Total time for which application threads were stopped: 0.0000590 seconds, Stopping threads took: 0.0000295 seconds
[2022-06-16T20:33:50.231+0000][7344][safepoint    ] Application time: 0.0000570 seconds
[2022-06-16T20:33:50.231+0000][7344][safepoint    ] Entering safepoint region: RevokeBias
[2022-06-16T20:33:50.231+0000][7344][safepoint    ] Leaving safepoint region
[2022-06-16T20:33:50.231+0000][7344][safepoint    ] Total time for which application threads were stopped: 0.0001669 seconds, Stopping threads took: 0.0000123 seconds
[2022-06-16T20:33:50.231+0000][7344][safepoint    ] Application time: 0.0003560 seconds
[2022-06-16T20:33:50.231+0000][7344][safepoint    ] Entering safepoint region: RevokeBias
[2022-06-16T20:33:50.231+0000][7344][safepoint    ] Leaving safepoint region
[2022-06-16T20:33:50.231+0000][7344][safepoint    ] Total time for which application threads were stopped: 0.0001556 seconds, Stopping threads took: 0.0001038 seconds
[2022-06-16T20:33:50.231+0000][7344][safepoint    ] Application time: 0.0000621 seconds
[2022-06-16T20:33:50.232+0000][7344][safepoint    ] Entering safepoint region: RevokeBias
[2022-06-16T20:33:50.232+0000][7344][safepoint    ] Leaving safepoint region
[2022-06-16T20:33:50.232+0000][7344][safepoint    ] Total time for which application threads were stopped: 0.0001216 seconds, Stopping threads took: 0.0000731 seconds
[2022-06-16T20:33:50.232+0000][7344][safepoint    ] Application time: 0.0000237 seconds
[2022-06-16T20:33:50.232+0000][7344][safepoint    ] Entering safepoint region: RevokeBias
[2022-06-16T20:33:50.232+0000][7344][safepoint    ] Leaving safepoint region
[2022-06-16T20:33:50.232+0000][7344][safepoint    ] Total time for which application threads were stopped: 0.0000567 seconds, Stopping threads took: 0.0000181 seconds
[2022-06-16T20:33:50.232+0000][7344][safepoint    ] Application time: 0.0001154 seconds
[2022-06-16T20:33:50.232+0000][7344][safepoint    ] Entering safepoint region: RevokeBias
[2022-06-16T20:33:50.232+0000][7344][safepoint    ] Leaving safepoint region
[2022-06-16T20:33:50.232+0000][7344][safepoint    ] Total time for which application threads were stopped: 0.0000594 seconds, Stopping threads took: 0.0000253 seconds
[2022-06-16T20:33:50.234+0000][7344][safepoint    ] Application time: 0.0023144 seconds
[2022-06-16T20:33:50.234+0000][7344][safepoint    ] Entering safepoint region: RevokeBias
[2022-06-16T20:33:50.234+0000][7344][safepoint    ] Leaving safepoint region
[2022-06-16T20:33:50.234+0000][7344][safepoint    ] Total time for which application threads were stopped: 0.0000751 seconds, Stopping threads took: 0.0000408 seconds
[2022-06-16T20:33:50.235+0000][7344][safepoint    ] Application time: 0.0001145 seconds
[2022-06-16T20:33:50.235+0000][7344][safepoint    ] Entering safepoint region: RevokeBias
[2022-06-16T20:33:50.235+0000][7344][safepoint    ] Leaving safepoint region
[2022-06-16T20:33:50.235+0000][7344][safepoint    ] Total time for which application threads were stopped: 0.0000607 seconds, Stopping threads took: 0.0000204 seconds
[2022-06-16T20:33:50.235+0000][7344][safepoint    ] Application time: 0.0000132 seconds
[2022-06-16T20:33:50.235+0000][7344][safepoint    ] Entering safepoint region: RevokeBias
[2022-06-16T20:33:50.235+0000][7344][safepoint    ] Leaving safepoint region
[2022-06-16T20:33:50.235+0000][7344][safepoint    ] Total time for which application threads were stopped: 0.0000552 seconds, Stopping threads took: 0.0000197 seconds
[2022-06-16T20:33:50.235+0000][7344][safepoint    ] Application time: 0.0000812 seconds
[2022-06-16T20:33:50.235+0000][7344][safepoint    ] Entering safepoint region: RevokeBias
[2022-06-16T20:33:50.235+0000][7344][safepoint    ] Leaving safepoint region
[2022-06-16T20:33:50.235+0000][7344][safepoint    ] Total time for which application threads were stopped: 0.0000866 seconds, Stopping threads took: 0.0000489 seconds
[2022-06-16T20:33:50.235+0000][7344][safepoint    ] Application time: 0.0000712 seconds
[2022-06-16T20:33:50.235+0000][7344][safepoint    ] Entering safepoint region: RevokeBias
[2022-06-16T20:33:50.235+0000][7344][safepoint    ] Leaving safepoint region
[2022-06-16T20:33:50.235+0000][7344][safepoint    ] Total time for which application threads were stopped: 0.0000517 seconds, Stopping threads took: 0.0000233 seconds
[2022-06-16T20:33:50.235+0000][7344][safepoint    ] Application time: 0.0000133 seconds
[2022-06-16T20:33:50.235+0000][7344][safepoint    ] Entering safepoint region: BulkRevokeBias
[2022-06-16T20:33:50.235+0000][7344][safepoint    ] Leaving safepoint region
[2022-06-16T20:33:50.235+0000][7344][safepoint    ] Total time for which application threads were stopped: 0.0001805 seconds, Stopping threads took: 0.0000264 seconds
[2022-06-16T20:33:50.235+0000][7344][safepoint    ] Application time: 0.0001042 seconds
[2022-06-16T20:33:50.235+0000][7344][safepoint    ] Entering safepoint region: RevokeBias
[2022-06-16T20:33:50.235+0000][7344][safepoint    ] Leaving safepoint region
[2022-06-16T20:33:50.235+0000][7344][safepoint    ] Total time for which application threads were stopped: 0.0000490 seconds, Stopping threads took: 0.0000117 seconds
[2022-06-16T20:33:50.236+0000][7344][safepoint    ] Application time: 0.0001452 seconds
[2022-06-16T20:33:50.236+0000][7344][safepoint    ] Entering safepoint region: RevokeBias
[2022-06-16T20:33:50.236+0000][7344][safepoint    ] Leaving safepoint region
[2022-06-16T20:33:50.236+0000][7344][safepoint    ] Total time for which application threads were stopped: 0.0000469 seconds, Stopping threads took: 0.0000116 seconds
[2022-06-16T20:33:50.236+0000][7344][safepoint    ] Application time: 0.0001332 seconds
[2022-06-16T20:33:50.236+0000][7344][safepoint    ] Entering safepoint region: RevokeBias
[2022-06-16T20:33:50.236+0000][7344][safepoint    ] Leaving safepoint region
[2022-06-16T20:33:50.236+0000][7344][safepoint    ] Total time for which application threads were stopped: 0.0000459 seconds, Stopping threads took: 0.0000116 seconds
[2022-06-16T20:33:50.236+0000][7344][safepoint    ] Application time: 0.0000575 seconds
[2022-06-16T20:33:50.236+0000][7344][safepoint    ] Entering safepoint region: RevokeBias
[2022-06-16T20:33:50.236+0000][7344][safepoint    ] Leaving safepoint region
[2022-06-16T20:33:50.236+0000][7344][safepoint    ] Total time for which application threads were stopped: 0.0000447 seconds, Stopping threads took: 0.0000117 seconds
[2022-06-16T20:33:50.236+0000][7344][safepoint    ] Application time: 0.0000371 seconds
[2022-06-16T20:33:50.236+0000][7344][safepoint    ] Entering safepoint region: RevokeBias
[2022-06-16T20:33:50.236+0000][7344][safepoint    ] Leaving safepoint region
[2022-06-16T20:33:50.236+0000][7344][safepoint    ] Total time for which application threads were stopped: 0.0000409 seconds, Stopping threads took: 0.0000110 seconds
[2022-06-16T20:33:50.236+0000][7344][safepoint    ] Application time: 0.0000780 seconds
[2022-06-16T20:33:50.236+0000][7344][safepoint    ] Entering safepoint region: RevokeBias
[2022-06-16T20:33:50.236+0000][7344][safepoint    ] Leaving safepoint region
[2022-06-16T20:33:50.236+0000][7344][safepoint    ] Total time for which application threads were stopped: 0.0000421 seconds, Stopping threads took: 0.0000114 seconds
[2022-06-16T20:33:50.236+0000][7344][safepoint    ] Application time: 0.0000484 seconds
[2022-06-16T20:33:50.236+0000][7344][safepoint    ] Entering safepoint region: RevokeBias
[2022-06-16T20:33:50.236+0000][7344][safepoint    ] Leaving safepoint region
[2022-06-16T20:33:50.236+0000][7344][safepoint    ] Total time for which application threads were stopped: 0.0000356 seconds, Stopping threads took: 0.0000113 seconds
[2022-06-16T20:33:50.236+0000][7344][safepoint    ] Application time: 0.0000559 seconds
[2022-06-16T20:33:50.236+0000][7344][safepoint    ] Entering safepoint region: RevokeBias
[2022-06-16T20:33:50.237+0000][7344][safepoint    ] Leaving safepoint region
[2022-06-16T20:33:50.237+0000][7344][safepoint    ] Total time for which application threads were stopped: 0.0000841 seconds, Stopping threads took: 0.0000351 seconds
[2022-06-16T20:33:50.237+0000][7344][safepoint    ] Application time: 0.0003053 seconds
[2022-06-16T20:33:50.237+0000][7344][safepoint    ] Entering safepoint region: RevokeBias
[2022-06-16T20:33:50.237+0000][7344][safepoint    ] Leaving safepoint region
[2022-06-16T20:33:50.237+0000][7344][safepoint    ] Total time for which application threads were stopped: 0.0000645 seconds, Stopping threads took: 0.0000221 seconds
[2022-06-16T20:33:50.237+0000][7344][safepoint    ] Application time: 0.0001739 seconds
[2022-06-16T20:33:50.237+0000][7344][safepoint    ] Entering safepoint region: RevokeBias
[2022-06-16T20:33:50.237+0000][7344][safepoint    ] Leaving safepoint region
[2022-06-16T20:33:50.237+0000][7344][safepoint    ] Total time for which application threads were stopped: 0.0001040 seconds, Stopping threads took: 0.0000347 seconds
[2022-06-16T20:33:50.237+0000][7344][safepoint    ] Application time: 0.0000660 seconds
[2022-06-16T20:33:50.237+0000][7344][safepoint    ] Entering safepoint region: RevokeBias
[2022-06-16T20:33:50.238+0000][7344][safepoint    ] Leaving safepoint region
[2022-06-16T20:33:50.238+0000][7344][safepoint    ] Total time for which application threads were stopped: 0.0001399 seconds, Stopping threads took: 0.0000338 seconds
[2022-06-16T20:33:50.243+0000][7344][safepoint    ] Application time: 0.0053050 seconds
[2022-06-16T20:33:50.243+0000][7344][safepoint    ] Entering safepoint region: RevokeBias
[2022-06-16T20:33:50.243+0000][7344][safepoint    ] Leaving safepoint region
[2022-06-16T20:33:50.243+0000][7344][safepoint    ] Total time for which application threads were stopped: 0.0000800 seconds, Stopping threads took: 0.0000244 seconds
[2022-06-16T20:33:50.243+0000][7344][safepoint    ] Application time: 0.0001184 seconds
[2022-06-16T20:33:50.243+0000][7344][safepoint    ] Entering safepoint region: RevokeBias
[2022-06-16T20:33:50.243+0000][7344][safepoint    ] Leaving safepoint region
[2022-06-16T20:33:50.243+0000][7344][safepoint    ] Total time for which application threads were stopped: 0.0000447 seconds, Stopping threads took: 0.0000155 seconds
[2022-06-16T20:33:50.243+0000][7344][safepoint    ] Application time: 0.0000781 seconds
[2022-06-16T20:33:50.243+0000][7344][safepoint    ] Entering safepoint region: RevokeBias
[2022-06-16T20:33:50.243+0000][7344][safepoint    ] Leaving safepoint region
[2022-06-16T20:33:50.243+0000][7344][safepoint    ] Total time for which application threads were stopped: 0.0000378 seconds, Stopping threads took: 0.0000118 seconds
[2022-06-16T20:33:50.244+0000][7344][safepoint    ] Application time: 0.0003730 seconds
[2022-06-16T20:33:50.244+0000][7344][safepoint    ] Entering safepoint region: RevokeBias
[2022-06-16T20:33:50.244+0000][7344][safepoint    ] Leaving safepoint region
[2022-06-16T20:33:50.244+0000][7344][safepoint    ] Total time for which application threads were stopped: 0.0000434 seconds, Stopping threads took: 0.0000121 seconds
[2022-06-16T20:33:50.244+0000][7344][safepoint    ] Application time: 0.0004753 seconds
[2022-06-16T20:33:50.244+0000][7344][safepoint    ] Entering safepoint region: RevokeBias
[2022-06-16T20:33:50.244+0000][7344][safepoint    ] Leaving safepoint region
[2022-06-16T20:33:50.244+0000][7344][safepoint    ] Total time for which application threads were stopped: 0.0000494 seconds, Stopping threads took: 0.0000151 seconds
[2022-06-16T20:33:50.245+0000][7344][safepoint    ] Application time: 0.0002710 seconds
[2022-06-16T20:33:50.245+0000][7344][safepoint    ] Entering safepoint region: RevokeBias
[2022-06-16T20:33:50.245+0000][7344][safepoint    ] Leaving safepoint region
[2022-06-16T20:33:50.245+0000][7344][safepoint    ] Total time for which application threads were stopped: 0.0000444 seconds, Stopping threads took: 0.0000122 seconds
[2022-06-16T20:33:50.248+0000][7344][safepoint    ] Application time: 0.0030944 seconds
[2022-06-16T20:33:50.248+0000][7344][safepoint    ] Entering safepoint region: RevokeBias
[2022-06-16T20:33:50.248+0000][7344][safepoint    ] Leaving safepoint region
[2022-06-16T20:33:50.248+0000][7344][safepoint    ] Total time for which application threads were stopped: 0.0000683 seconds, Stopping threads took: 0.0000237 seconds
[2022-06-16T20:33:50.248+0000][7344][safepoint    ] Application time: 0.0003175 seconds
[2022-06-16T20:33:50.248+0000][7344][safepoint    ] Entering safepoint region: RevokeBias
[2022-06-16T20:33:50.248+0000][7344][safepoint    ] Leaving safepoint region
[2022-06-16T20:33:50.248+0000][7344][safepoint    ] Total time for which application threads were stopped: 0.0000630 seconds, Stopping threads took: 0.0000225 seconds
[2022-06-16T20:33:50.249+0000][7344][safepoint    ] Application time: 0.0005633 seconds
[2022-06-16T20:33:50.249+0000][7344][safepoint    ] Entering safepoint region: RevokeBias
[2022-06-16T20:33:50.249+0000][7344][safepoint    ] Leaving safepoint region
[2022-06-16T20:33:50.249+0000][7344][safepoint    ] Total time for which application threads were stopped: 0.0000575 seconds, Stopping threads took: 0.0000219 seconds
